Gurobi Optimizer version 12.0.3 build v12.0.3rc0 (linux64 - "Oracle Linux Server 9.4")

CPU model: Intel(R) Xeon(R) CPU E5-2660 v4 @ 2.00GHz, instruction set [SSE2|AVX|AVX2]
Thread count: 28 physical cores, 28 logical processors, using up to 1 threads

Non-default parameters:
TimeLimit  3592.491671027
SoftMemLimit  16
NumericFocus  1
Threads  1

Academic license 2690100 - for non-commercial use only - registered to ju___@uclm.es
Optimize a model with 120078 rows, 27820 columns and 535210 nonzeros
Model fingerprint: 0x2b013c67
Variable types: 180 continuous, 27640 integer (27640 binary)
Coefficient statistics:
  Matrix range     [1e+00, 8e+12]
  Objective range  [3e+08, 2e+09]
  Bounds range     [2e+03, 1e+04]
  RHS range        [1e+00, 2e+14]
Warning: Model contains large matrix coefficient range
Warning: Model contains large objective coefficients
Warning: Model contains large rhs
Found heuristic solution: objective -0.0000000
Presolve removed 19274 rows and 0 columns
Presolve time: 2.51s
Presolved: 100804 rows, 27820 columns, 365286 nonzeros
Variable types: 180 continuous, 27640 integer (27640 binary)

Use crossover to convert LP symmetric solution to basic solution...

Root relaxation: objective 9.968760e+10, 3623 iterations, 1.02 seconds (0.59 work units)
Total elapsed time = 11.15s (DegenMoves)

    Nodes    |    Current Node    |     Objective Bounds      |     Work
 Expl Unexpl |  Obj  Depth IntInf | Incumbent    BestBd   Gap | It/Node Time

     0     0 9.9688e+10    0  151   -0.00000 9.9688e+10      -     -   21s
H    0     0                    9.075600e+09 9.9688e+10   998%     -   22s
H    0     0                    1.476360e+10 9.9688e+10   575%     -   22s
H    0     0                    2.295480e+10 9.9688e+10   334%     -   22s
H    0     0                    2.599800e+10 9.9688e+10   283%     -   22s
H    0     0                    3.861840e+10 9.9688e+10   158%     -   23s
H    0     0                    3.873840e+10 9.9688e+10   157%     -   23s
H    0     0                    3.890520e+10 9.9688e+10   156%     -   23s
H    0     0                    3.907200e+10 9.9688e+10   155%     -   24s
H    0     0                    4.258200e+10 9.9688e+10   134%     -   24s
H    0     0                    4.492200e+10 9.9688e+10   122%     -   25s
H    0     0                    4.609200e+10 9.9688e+10   116%     -   25s
H    0     0                    5.170800e+10 9.9688e+10  92.8%     -   27s
H    0     0                    5.872800e+10 9.9688e+10  69.7%     -   27s
H    0     0                    6.574800e+10 9.9688e+10  51.6%     -   27s
H    0     0                    6.921960e+10 9.9688e+10  44.0%     -   29s
     0     0 9.9688e+10    0 1060 6.9220e+10 9.9688e+10  44.0%     -   43s
     0     0 9.9688e+10    0 1006 6.9220e+10 9.9688e+10  44.0%     -   48s
     0     0 9.9688e+10    0  609 6.9220e+10 9.9688e+10  44.0%     -   72s
     0     0 9.9688e+10    0  467 6.9220e+10 9.9688e+10  44.0%     -   74s
     0     0 9.9688e+10    0  533 6.9220e+10 9.9688e+10  44.0%     -   93s
     0     0 9.9688e+10    0  481 6.9220e+10 9.9688e+10  44.0%     -   95s
     0     0 9.9688e+10    0  571 6.9220e+10 9.9688e+10  44.0%     -  116s
     0     0 9.9688e+10    0  538 6.9220e+10 9.9688e+10  44.0%     -  130s
     0     0 9.9688e+10    0  769 6.9220e+10 9.9688e+10  44.0%     -  155s
     0     0 9.9688e+10    0  689 6.9220e+10 9.9688e+10  44.0%     -  159s
     0     0 9.9688e+10    0  749 6.9220e+10 9.9688e+10  44.0%     -  183s
     0     0 9.9688e+10    0  733 6.9220e+10 9.9688e+10  44.0%     -  201s
     0     2 9.9688e+10    0  733 6.9220e+10 9.9688e+10  44.0%     -  266s
     1     3 9.9688e+10    1  726 6.9220e+10 9.9688e+10  44.0% 25919  270s
     3     5 9.9688e+10    2  635 6.9220e+10 9.9688e+10  44.0% 11846  276s
     5     7 9.9688e+10    3  718 6.9220e+10 9.9688e+10  44.0%  8541  280s
     9    11 9.9688e+10    5 1209 6.9220e+10 9.9688e+10  44.0%  5782  286s
    14    16 9.9688e+10    7 1435 6.9220e+10 9.9688e+10  44.0%  3971  290s
    18    20 9.9688e+10    9 1255 6.9220e+10 9.9688e+10  44.0%  3316  295s
    24    26 9.9688e+10   12 1294 6.9220e+10 9.9688e+10  44.0%  2531  300s
    27    29 9.9688e+10   14 1388 6.9220e+10 9.9688e+10  44.0%  2434  306s
    30    32 9.9688e+10   15 1283 6.9220e+10 9.9688e+10  44.0%  2214  310s
    34    36 9.9688e+10   18  489 6.9220e+10 9.9688e+10  44.0%  2031  315s
    37    39 9.9688e+10   20  685 6.9220e+10 9.9688e+10  44.0%  1953  320s
    42    44 9.9688e+10   22  611 6.9220e+10 9.9688e+10  44.0%  1739  325s
    46    48 9.9688e+10   24  535 6.9220e+10 9.9688e+10  44.0%  1652  330s
    50    52 9.9688e+10   26  703 6.9220e+10 9.9688e+10  44.0%  1590  335s
    52    54 9.9688e+10   27  824 6.9220e+10 9.9688e+10  44.0%  1537  415s
    56    58 9.9688e+10   29  947 6.9220e+10 9.9688e+10  44.0%  1453  420s
    60    62 9.9688e+10   31  871 6.9220e+10 9.9688e+10  44.0%  1375  425s
    64    66 9.9688e+10   33  941 6.9220e+10 9.9688e+10  44.0%  1350  431s
    68    70 9.9688e+10   35  930 6.9220e+10 9.9688e+10  44.0%  1284  435s
    72    74 9.9688e+10   37  770 6.9220e+10 9.9688e+10  44.0%  1233  440s
    76    78 9.9688e+10   39  964 6.9220e+10 9.9688e+10  44.0%  1179  445s
    81    83 9.9688e+10   42 1058 6.9220e+10 9.9688e+10  44.0%  1118  451s
    84    86 9.9688e+10   43 1051 6.9220e+10 9.9688e+10  44.0%  1139  455s
    88    90 9.9688e+10   45 1042 6.9220e+10 9.9688e+10  44.0%  1097  460s
    94    96 9.9688e+10   48 1114 6.9220e+10 9.9688e+10  44.0%  1046  465s
   100   102 9.9688e+10   51  824 6.9220e+10 9.9688e+10  44.0%   997  470s
   105   107 9.9688e+10   54  933 6.9220e+10 9.9688e+10  44.0%   966  475s
   109   111 9.9688e+10   56 1150 6.9220e+10 9.9688e+10  44.0%   970  480s
   115   117 9.9688e+10   59 1078 6.9220e+10 9.9688e+10  44.0%   935  486s
   120   122 9.9688e+10   61 1141 6.9220e+10 9.9688e+10  44.0%   910  490s
   135   137 9.9688e+10   69  939 6.9220e+10 9.9688e+10  44.0%   874  495s
   156   158 9.9688e+10   79 1216 6.9220e+10 9.9688e+10  44.0%   803  500s
   182   184 9.9688e+10   92 1073 6.9220e+10 9.9688e+10  44.0%   712  505s
   196   198 9.9688e+10  100 1024 6.9220e+10 9.9688e+10  44.0%   679  510s
   216   218 9.9688e+10  110 1147 6.9220e+10 9.9688e+10  44.0%   637  516s
   239   241 9.9688e+10  121 1167 6.9220e+10 9.9688e+10  44.0%   588  520s
   243   245 9.9688e+10  123 1191 6.9220e+10 9.9688e+10  44.0%   582  791s
   262   264 9.9688e+10  133 1138 6.9220e+10 9.9688e+10  44.0%   554  795s
   290   292 9.9688e+10  147 1190 6.9220e+10 9.9688e+10  44.0%   509  800s
   325   327 9.9688e+10  164 1066 6.9220e+10 9.9688e+10  44.0%   465  805s
   360   361 9.9688e+10  185 1162 6.9220e+10 9.9688e+10  44.0%   432  810s
   388   389 9.9688e+10  200 1094 6.9220e+10 9.9688e+10  44.0%   410  815s
   425   424 9.9688e+10  221  923 6.9220e+10 9.9688e+10  44.0%   382  820s
   467   460 9.9688e+10  244  638 6.9220e+10 9.9688e+10  44.0%   351  825s
   515   490 9.9688e+10  268  571 6.9220e+10 9.9688e+10  44.0%   320  830s
   528   491 9.9688e+10   24  789 6.9220e+10 9.9688e+10  44.0%   317  835s
   533   496 9.9688e+10   26  885 6.9220e+10 9.9688e+10  44.0%   318  840s
   535   497 9.9688e+10   24  733 6.9220e+10 9.9688e+10  44.0%   317  876s
   537   498 9.9688e+10  134  183 6.9220e+10 9.9688e+10  44.0%   315  992s
   538   499 9.9688e+10  204  138 6.9220e+10 9.9688e+10  44.0%   315 1134s
   539   500 9.9688e+10  183  272 6.9220e+10 9.9688e+10  44.0%   314 1136s
   540   500 9.9688e+10  127  111 6.9220e+10 9.9688e+10  44.0%   314 1256s
   541   501 9.9688e+10  159 1115 6.9220e+10 9.9688e+10  44.0%   313 1264s
   542   502 9.9688e+10    8  789 6.9220e+10 9.9688e+10  44.0%   312 1365s
   543   502 9.9688e+10  153  850 6.9220e+10 9.9688e+10  44.0%   312 1376s
   544   503 9.9688e+10   62  198 6.9220e+10 9.9688e+10  44.0%   311 1452s
   546   504 9.9688e+10   71  211 6.9220e+10 9.9688e+10  44.0%   310 1498s
   547   505 9.9688e+10   28  421 6.9220e+10 9.9688e+10  44.0%   310 1502s
   548   506 9.9688e+10  210  207 6.9220e+10 9.9688e+10  44.0%   309 1820s
   549   506 9.9688e+10  251 1021 6.9220e+10 9.9688e+10  44.0%   308 1830s
   550   507 9.9688e+10  258  620 6.9220e+10 9.9688e+10  44.0%   308 1899s
   551   508 9.9688e+10  133  842 6.9220e+10 9.9688e+10  44.0%   307 1913s
   552   508 9.9688e+10  199  158 6.9220e+10 9.9688e+10  44.0%   307 2001s
   554   510 9.9688e+10    9   67 6.9220e+10 9.9688e+10  44.0%   306 2134s
   555   510 9.9688e+10   14   90 6.9220e+10 9.9688e+10  44.0%   305 2135s
   556   511 9.9688e+10  230  168 6.9220e+10 9.9688e+10  44.0%   305 2149s
   557   512 9.9688e+10  201   94 6.9220e+10 9.9688e+10  44.0%   304 2156s
   558   512 9.9688e+10   52   94 6.9220e+10 9.9688e+10  44.0%   304 2164s
   559   515 9.9688e+10   12  144 6.9220e+10 9.9688e+10  44.0%  2475 2202s
   561   516 9.9688e+10   13  650 6.9220e+10 9.9688e+10  44.0%  2469 2205s
   565   519 9.9688e+10   15  254 6.9220e+10 9.9688e+10  44.0%  2454 2210s
   568   521 9.9688e+10   16  215 6.9220e+10 9.9688e+10  44.0%  2445 2216s
   570   522 9.9688e+10   17  204 6.9220e+10 9.9688e+10  44.0%  2437 2222s
   572   524 9.9688e+10   18  215 6.9220e+10 9.9688e+10  44.0%  2430 2227s
   574   525 9.9688e+10   19  215 6.9220e+10 9.9688e+10  44.0%  2421 2231s
   575   526 9.9688e+10   20  215 6.9220e+10 9.9688e+10  44.0%  2417 2235s
   578   528 9.9688e+10   21  212 6.9220e+10 9.9688e+10  44.0%  2405 2241s
   580   529 9.9688e+10   22  211 6.9220e+10 9.9688e+10  44.0%  2399 2246s
   582   530 9.9688e+10   23  412 6.9220e+10 9.9688e+10  44.0%  2392 2252s
   583   531 9.9688e+10   24  368 6.9220e+10 9.9688e+10  44.0%  2388 2256s
   585   532 9.9688e+10   25  218 6.9220e+10 9.9688e+10  44.0%  2380 2278s
   586   533 9.9688e+10   25  872 6.9220e+10 9.9688e+10  44.0%  2379 2282s
   588   534 9.9688e+10   26  217 6.9220e+10 9.9688e+10  44.0%  2371 2287s
   589   535 9.9688e+10   27  833 6.9220e+10 9.9688e+10  44.0%  2371 2291s
   591   536 9.9688e+10   28  197 6.9220e+10 9.9688e+10  44.0%  2363 2299s
   592   537 9.9688e+10   28  251 6.9220e+10 9.9688e+10  44.0%  2359 2302s
   594   538 9.9688e+10   29  205 6.9220e+10 9.9688e+10  44.0%  2352 2306s
   596   540 9.9688e+10   30  627 6.9220e+10 9.9688e+10  44.0%  2346 2311s
   598   541 9.9688e+10   31  201 6.9220e+10 9.9688e+10  44.0%  2339 2316s
   599   542 9.9688e+10   32  236 6.9220e+10 9.9688e+10  44.0%  2335 2321s
   601   543 9.9688e+10   33  613 6.9220e+10 9.9688e+10  44.0%  2328 2327s
   603   543 9.9688e+10   34  231 6.9220e+10 9.9688e+10  44.0%  2320 2332s
   604   544 9.9688e+10   35  231 6.9220e+10 9.9688e+10  44.0%  2317 2335s
   606   545 9.9688e+10   36  470 6.9220e+10 9.9688e+10  44.0%  2311 2341s
   608   547 9.9688e+10   37  227 6.9220e+10 9.9688e+10  44.0%  2303 2346s
   610   548 9.9688e+10   38  350 6.9220e+10 9.9688e+10  44.0%  2296 2351s
   612   549 9.9688e+10   39  224 6.9220e+10 9.9688e+10  44.0%  2289 2357s
   613   550 9.9688e+10   39  394 6.9220e+10 9.9688e+10  44.0%  2287 2362s
   615   551 9.9688e+10   40  226 6.9220e+10 9.9688e+10  44.0%  2281 2367s
   616   552 9.9688e+10   41  226 6.9220e+10 9.9688e+10  44.0%  2277 2370s
   618   553 9.9688e+10   42  244 6.9220e+10 9.9688e+10  44.0%  2271 2377s
   620   555 9.9688e+10   43  249 6.9220e+10 9.9688e+10  44.0%  2264 2382s
   621   555 9.9688e+10   43  321 6.9220e+10 9.9688e+10  44.0%  2261 2385s
   623   557 9.9688e+10   44  248 6.9220e+10 9.9688e+10  44.0%  2254 2391s
   625   558 9.9688e+10   45  250 6.9220e+10 9.9688e+10  44.0%  2247 2397s
   627   559 9.9688e+10   46  243 6.9220e+10 9.9688e+10  44.0%  2240 2402s
   629   561 9.9688e+10   47  611 6.9220e+10 9.9688e+10  44.0%  2234 2406s
   631   562 9.9688e+10   48  240 6.9220e+10 9.9688e+10  44.0%  2228 2410s
   634   564 9.9688e+10   50  244 6.9220e+10 9.9688e+10  44.0%  2217 2417s
   636   565 9.9688e+10   51  244 6.9220e+10 9.9688e+10  44.0%  2210 2421s
   638   567 9.9688e+10   52  236 6.9220e+10 9.9688e+10  44.0%  2204 2426s
   639   567 9.9688e+10   52  278 6.9220e+10 9.9688e+10  44.0%  2200 2458s
   640   568 9.9688e+10   53  233 6.9220e+10 9.9688e+10  44.0%  2197 2461s
   642   569 9.9688e+10   54  234 6.9220e+10 9.9688e+10  44.0%  2191 2466s
   643   570 9.9688e+10   54  811 6.9220e+10 9.9688e+10  44.0%  2190 2470s
   645   571 9.9688e+10   55  290 6.9220e+10 9.9688e+10  44.0%  2183 2475s
   647   573 9.9688e+10   56  236 6.9220e+10 9.9688e+10  44.0%  2180 2480s
   650   575 9.9688e+10   58  629 6.9220e+10 9.9688e+10  44.0%  2171 2486s
   652   576 9.9688e+10   59  231 6.9220e+10 9.9688e+10  44.0%  2165 2491s
   654   577 9.9688e+10   60  229 6.9220e+10 9.9688e+10  44.0%  2158 2496s
   656   579 9.9688e+10   61  243 6.9220e+10 9.9688e+10  44.0%  2152 2501s
   658   580 9.9688e+10   62  315 6.9220e+10 9.9688e+10  44.0%  2146 2507s
   660   581 9.9688e+10   63  223 6.9220e+10 9.9688e+10  44.0%  2140 2510s
   662   582 9.9688e+10   64  746 6.9220e+10 9.9688e+10  44.0%  2135 2516s
   664   583 9.9688e+10   65  363 6.9220e+10 9.9688e+10  44.0%  2129 2520s
   666   584 9.9688e+10   66  389 6.9220e+10 9.9688e+10  44.0%  2125 2541s
   669   586 9.9688e+10   67  384 6.9220e+10 9.9688e+10  44.0%  2115 2546s
   671   588 9.9688e+10   68  369 6.9220e+10 9.9688e+10  44.0%  2109 2550s
   674   590 9.9688e+10   70  364 6.9220e+10 9.9688e+10  44.0%  2100 2556s
   675   589 9.9688e+10   70  367 6.9220e+10 9.9688e+10  44.0%  2097 2561s
   678   591 9.9688e+10   72  402 6.9220e+10 9.9688e+10  44.0%  2088 2566s
   680   593 9.9688e+10   74  388 6.9220e+10 9.9688e+10  44.0%  2082 2570s
   682   592 9.9688e+10   75  727 6.9220e+10 9.9688e+10  44.0%  2078 2575s
   685   594 9.9688e+10   76  931 6.9220e+10 9.9688e+10  44.0%  2072 2583s
   687   593 9.9688e+10   77  381 6.9220e+10 9.9688e+10  44.0%  2066 2586s
   688   594 9.9688e+10   78  424 6.9220e+10 9.9688e+10  44.0%  2063 2695s
   690   595 9.9688e+10   79  375 6.9220e+10 9.9688e+10  44.0%  2057 2700s
   694   594 9.9688e+10   81  373 6.9220e+10 9.9688e+10  44.0%  2045 2706s
   696   594 9.9688e+10   82  323 6.9220e+10 9.9688e+10  44.0%  2040 2710s
   699   594 9.9688e+10   83  413 6.9220e+10 9.9688e+10  44.0%  2031 2717s
   701   596 9.9688e+10   84  369 6.9220e+10 9.9688e+10  44.0%  2026 2721s
   704   595 9.9688e+10   85  367 6.9220e+10 9.9688e+10  44.0%  2017 2726s
   706   594 infeasible   86      6.9220e+10 9.9688e+10  44.0%  2012 2730s
   708   595 9.9688e+10   87  677 6.9220e+10 9.9688e+10  44.0%  2008 2735s
   710   597 9.9688e+10   88  577 6.9220e+10 9.9688e+10  44.0%  2003 2740s
   713   599 9.9688e+10   90  665 6.9220e+10 9.9688e+10  44.0%  1996 2746s
   715   600 9.9688e+10   91  575 6.9220e+10 9.9688e+10  44.0%  1990 2751s
   717   601 9.9688e+10   92 1452 6.9220e+10 9.9688e+10  44.0%  1988 2756s
   719   603 9.9688e+10   93  575 6.9220e+10 9.9688e+10  44.0%  1983 2761s
   721   604 9.9688e+10   94  596 6.9220e+10 9.9688e+10  44.0%  1982 2766s
   723   605 9.9688e+10   95  637 6.9220e+10 9.9688e+10  44.0%  1977 2770s
   726   606 9.9688e+10   97  591 6.9220e+10 9.9688e+10  44.0%  1969 2775s
   728   608 9.9688e+10   98 1231 6.9220e+10 9.9688e+10  44.0%  1967 2780s
   731   610 9.9688e+10   99  655 6.9220e+10 9.9688e+10  44.0%  1959 2786s
   733   611 9.9688e+10  100  588 6.9220e+10 9.9688e+10  44.0%  1956 2791s
   735   612 9.9688e+10  101 1454 6.9220e+10 9.9688e+10  44.0%  1954 2796s
   737   613 9.9688e+10  102  585 6.9220e+10 9.9688e+10  44.0%  1949 2800s
   740   615 9.9688e+10  104  602 6.9220e+10 9.9688e+10  44.0%  1942 2807s
   742   616 9.9688e+10  105 1458 6.9220e+10 9.9688e+10  44.0%  1939 2812s
   744   615 9.9688e+10  106  597 6.9220e+10 9.9688e+10  44.0%  1934 2815s
   748   614 9.9688e+10  108  595 6.9220e+10 9.9688e+10  44.0%  1927 2822s
   750   615 9.9688e+10  109 1116 6.9220e+10 9.9688e+10  44.0%  1926 2827s
   752   617 9.9688e+10  110  654 6.9220e+10 9.9688e+10  44.0%  1924 2831s
   754   618 9.9688e+10  111  781 6.9220e+10 9.9688e+10  44.0%  1919 2835s
   757   620 9.9688e+10  113  651 6.9220e+10 9.9688e+10  44.0%  1912 2841s
   758   621 9.9688e+10  113 1473 6.9220e+10 9.9688e+10  44.0%  1914 2845s
   760   622 9.9688e+10  114 1480 6.9220e+10 9.9688e+10  44.0%  1913 2851s
   762   623 9.9688e+10  116  655 6.9220e+10 9.9688e+10  44.0%  1908 2857s
   763   622 infeasible  116      6.9220e+10 9.9688e+10  44.0%  1906 2860s
   764   623 9.9688e+10  117  872 6.9220e+10 9.9688e+10  44.0%  1904 2865s
   767   625 9.9688e+10  118 1284 6.9220e+10 9.9688e+10  44.0%  1899 2872s
   769   626 9.9688e+10  119  720 6.9220e+10 9.9688e+10  44.0%  1894 2876s
   771   627 9.9688e+10  120 1290 6.9220e+10 9.9688e+10  44.0%  1892 2882s
   773   629 9.9688e+10  121  729 6.9220e+10 9.9688e+10  44.0%  1887 2887s
   775   630 9.9688e+10  122  746 6.9220e+10 9.9688e+10  44.0%  1882 2891s
   777   631 9.9688e+10  123  715 6.9220e+10 9.9688e+10  44.0%  1879 2895s
   780   633 9.9688e+10  125  862 6.9220e+10 9.9688e+10  44.0%  1872 2901s
   784   634 9.9688e+10  127 1465 6.9220e+10 9.9688e+10  44.0%  1866 2908s
   786   635 9.9688e+10  128  696 6.9220e+10 9.9688e+10  44.0%  1861 2911s
   788   637 9.9688e+10  129  693 6.9220e+10 9.9688e+10  44.0%  1857 2915s
   791   639 9.9688e+10  130 1208 6.9220e+10 9.9688e+10  44.0%  1854 2921s
   794   641 9.9688e+10  132 1239 6.9220e+10 9.9688e+10  44.0%  1848 2926s
   796   642 9.9688e+10  133 1142 6.9220e+10 9.9688e+10  44.0%  1846 2930s
   799   644 9.9688e+10  134  943 6.9220e+10 9.9688e+10  44.0%  1840 2936s
   802   646 9.9688e+10  136 1126 6.9220e+10 9.9688e+10  44.0%  1835 2942s
   804   647 9.9688e+10  137  955 6.9220e+10 9.9688e+10  44.0%  1831 2945s
   807   649 9.9688e+10  138  954 6.9220e+10 9.9688e+10  44.0%  1826 2951s
   809   651 9.9688e+10  139 1144 6.9220e+10 9.9688e+10  44.0%  1823 2955s
   812   653 9.9688e+10  141  954 6.9220e+10 9.9688e+10  44.0%  1818 2960s
   814   654 9.9688e+10  142 1184 6.9220e+10 9.9688e+10  44.0%  1816 2965s
   817   656 9.9688e+10  143 1180 6.9220e+10 9.9688e+10  44.0%  1813 2971s
   818   657 9.9688e+10  144 1519 6.9220e+10 9.9688e+10  44.0%  1813 2975s
   822   659 9.9688e+10  146  946 6.9220e+10 9.9688e+10  44.0%  1805 2980s
   824   661 9.9688e+10  147 1063 6.9220e+10 9.9688e+10  44.0%  1802 2985s
   827   663 9.9688e+10  148 1398 6.9220e+10 9.9688e+10  44.0%  1797 2990s
   829   664 9.9688e+10  149 1011 6.9220e+10 9.9688e+10  44.0%  1793 2995s
   832   666 9.9688e+10  151 1074 6.9220e+10 9.9688e+10  44.0%  1787 3002s
   834   667 9.9688e+10  152 1072 6.9220e+10 9.9688e+10  44.0%  1784 3006s
   836   669 9.9688e+10  153 1099 6.9220e+10 9.9688e+10  44.0%  1780 3010s
   837   669 9.9688e+10  154 1401 6.9220e+10 9.9688e+10  44.0%  1782 3015s
   840   671 9.9688e+10  155 1182 6.9220e+10 9.9688e+10  44.0%  1776 3021s
   842   673 9.9688e+10  156 1100 6.9220e+10 9.9688e+10  44.0%  1772 3025s
   845   675 9.9688e+10  158 1097 6.9220e+10 9.9688e+10  44.0%  1766 3030s
   848   677 9.9688e+10  159 1096 6.9220e+10 9.9688e+10  44.0%  1761 3036s
   851   679 9.9688e+10  161 1091 6.9220e+10 9.9688e+10  44.0%  1755 3040s
   854   681 9.9688e+10  162 1093 6.9220e+10 9.9688e+10  44.0%  1749 3045s
   857   683 9.9688e+10  164 1088 6.9220e+10 9.9688e+10  44.0%  1744 3051s
   860   685 9.9688e+10  165  989 6.9220e+10 9.9688e+10  44.0%  1739 3055s
   863   687 9.9688e+10  167 1007 6.9220e+10 9.9688e+10  44.0%  1734 3062s
   865   686 9.9688e+10  168 1025 6.9220e+10 9.9688e+10  44.0%  1731 3065s
   869   689 9.9688e+10  170  992 6.9220e+10 9.9688e+10  44.0%  1725 3071s
   872   691 9.9688e+10  171 1039 6.9220e+10 9.9688e+10  44.0%  1719 3075s
   876   691 9.9688e+10  173 1000 6.9220e+10 9.9688e+10  44.0%  1711 3080s
   879   691 9.9688e+10  175 1036 6.9220e+10 9.9688e+10  44.0%  1706 3085s
   883   694 9.9688e+10  177 1034 6.9220e+10 9.9688e+10  44.0%  1699 3091s
   885   695 9.9688e+10  178 1164 6.9220e+10 9.9688e+10  44.0%  1696 3096s
   890   695 9.9688e+10  180 1036 6.9220e+10 9.9688e+10  44.0%  1686 3100s
   893   697 9.9688e+10  182 1491 6.9220e+10 9.9688e+10  44.0%  1683 3106s
   896   699 9.9688e+10  183 1024 6.9220e+10 9.9688e+10  44.0%  1677 3110s
   899   699 9.9688e+10  185 1132 6.9220e+10 9.9688e+10  44.0%  1672 3116s
   903   695 infeasible  186      6.9220e+10 9.9688e+10  44.0%  1666 3120s
   907   690 infeasible  183      6.9220e+10 9.9688e+10  44.0%  1661 3125s
   910   690 9.9688e+10   14  768 6.9220e+10 9.9688e+10  44.0%  1659 3214s
   911   691 9.9688e+10   15  908 6.9220e+10 9.9688e+10  44.0%  1658 3216s
   913   692 9.9688e+10   17  894 6.9220e+10 9.9688e+10  44.0%  1654 3220s
   915   693 9.9688e+10   19  989 6.9220e+10 9.9688e+10  44.0%  1651 3225s
   918   695 9.9688e+10   22  867 6.9220e+10 9.9688e+10  44.0%  1646 3231s
   920   697 9.9688e+10   24  895 6.9220e+10 9.9688e+10  44.0%  1643 3236s
   921   697 9.9688e+10   24  977 6.9220e+10 9.9688e+10  44.0%  1642 3240s
   923   699 9.9688e+10   25  894 6.9220e+10 9.9688e+10  44.0%  1639 3245s
   926   701 9.9688e+10   27 1333 6.9220e+10 9.9688e+10  44.0%  1636 3252s
   928   702 9.9688e+10   28  962 6.9220e+10 9.9688e+10  44.0%  1632 3256s
   930   703 9.9688e+10   29 1003 6.9220e+10 9.9688e+10  44.0%  1631 3261s
   932   705 9.9688e+10   31 1170 6.9220e+10 9.9688e+10  44.0%  1627 3265s
   934   706 9.9688e+10   33 1213 6.9220e+10 9.9688e+10  44.0%  1624 3270s
   937   708 9.9688e+10   35 1115 6.9220e+10 9.9688e+10  44.0%  1619 3279s
   938   709 9.9688e+10   36 1167 6.9220e+10 9.9688e+10  44.0%  1618 3282s
   940   710 9.9688e+10   37 1115 6.9220e+10 9.9688e+10  44.0%  1615 3287s
   942   711 9.9688e+10   38 1053 6.9220e+10 9.9688e+10  44.0%  1612 3291s
   944   713 9.9688e+10   39 1130 6.9220e+10 9.9688e+10  44.0%  1609 3296s
   946   714 9.9688e+10   40 1126 6.9220e+10 9.9688e+10  44.0%  1606 3301s
   948   715 9.9688e+10   41 1133 6.9220e+10 9.9688e+10  44.0%  1604 3306s
   950   717 9.9688e+10   42 1125 6.9220e+10 9.9688e+10  44.0%  1600 3311s
   952   718 9.9688e+10   43 1135 6.9220e+10 9.9688e+10  44.0%  1597 3316s
   954   719 9.9688e+10   44 1248 6.9220e+10 9.9688e+10  44.0%  1595 3322s
   956   721 9.9688e+10   45 1167 6.9220e+10 9.9688e+10  44.0%  1592 3327s
   957   721 9.9688e+10   45 1197 6.9220e+10 9.9688e+10  44.0%  1590 3330s
   959   723 9.9688e+10   46 1165 6.9220e+10 9.9688e+10  44.0%  1587 3336s
   961   724 9.9688e+10   47 1294 6.9220e+10 9.9688e+10  44.0%  1585 3341s
   962   725 9.9688e+10   48 1126 6.9220e+10 9.9688e+10  44.0%  1583 3345s
   964   726 9.9688e+10   49 1130 6.9220e+10 9.9688e+10  44.0%  1580 3352s
   965   727 9.9688e+10   49 1123 6.9220e+10 9.9688e+10  44.0%  1579 3355s
   968   729 9.9688e+10   51 1130 6.9220e+10 9.9688e+10  44.0%  1574 3362s
   970   730 9.9688e+10   52 1128 6.9220e+10 9.9688e+10  44.0%  1571 3366s
   972   731 9.9688e+10   53 1088 6.9220e+10 9.9688e+10  44.0%  1569 3371s
   974   733 9.9688e+10   54 1061 6.9220e+10 9.9688e+10  44.0%  1566 3376s
   976   734 9.9688e+10   56 1051 6.9220e+10 9.9688e+10  44.0%  1562 3380s
   978   735 9.9688e+10   57 1181 6.9220e+10 9.9688e+10  44.0%  1560 3385s
   981   737 9.9688e+10   58 1036 6.9220e+10 9.9688e+10  44.0%  1556 3392s
   983   739 9.9688e+10   59 1043 6.9220e+10 9.9688e+10  44.0%  1554 3396s
   985   740 9.9688e+10   60 1111 6.9220e+10 9.9688e+10  44.0%  1551 3401s
   987   741 9.9688e+10   61 1003 6.9220e+10 9.9688e+10  44.0%  1548 3405s
   989   743 9.9688e+10   62 1148 6.9220e+10 9.9688e+10  44.0%  1546 3410s
   991   744 9.9688e+10   63 1006 6.9220e+10 9.9688e+10  44.0%  1543 3451s
   993   745 9.9688e+10   64  887 6.9220e+10 9.9688e+10  44.0%  1540 3455s
   996   747 9.9688e+10   66 1101 6.9220e+10 9.9688e+10  44.0%  1536 3460s
   998   749 9.9688e+10   67 1101 6.9220e+10 9.9688e+10  44.0%  1533 3465s
  1001   749 9.9688e+10   69 1149 6.9220e+10 9.9688e+10  44.0%  1529 3470s
  1004   751 9.9688e+10   70 1065 6.9220e+10 9.9688e+10  44.0%  1525 3476s
  1007   753 9.9688e+10   72 1069 6.9220e+10 9.9688e+10  44.0%  1520 3481s
  1009   754 9.9688e+10   73 1185 6.9220e+10 9.9688e+10  44.0%  1518 3485s
  1012   756 9.9688e+10   74 1215 6.9220e+10 9.9688e+10  44.0%  1514 3491s
  1015   758 9.9688e+10   76 1072 6.9220e+10 9.9688e+10  44.0%  1510 3496s
  1017   759 9.9688e+10   77 1104 6.9220e+10 9.9688e+10  44.0%  1507 3500s
  1018   760 9.9688e+10   77 1071 6.9220e+10 9.9688e+10  44.0%  1506 3592s

Cutting planes:
  Gomory: 22
  Cover: 406
  Implied bound: 220
  Clique: 14
  MIR: 24
  StrongCG: 2
  Flow cover: 247
  GUB cover: 7
  Zero half: 377
  RLT: 165
  Relax-and-lift: 43
  BQP: 1

Explored 1019 nodes (1873416 simplex iterations) in 3592.57 seconds (2459.86 work units)
Thread count was 1 (of 28 available processors)

Solution count 10: 6.92196e+10 6.5748e+10 5.8728e+10 ... 3.87384e+10

Time limit reached
Best objective 6.921960000000e+10, best bound 9.968760000000e+10, gap 44.0164%

User-callback calls 288991, time in user-callback 0.48 sec