Gurobi Optimizer version 12.0.3 build v12.0.3rc0 (linux64 - "Oracle Linux Server 9.4")

CPU model: Intel(R) Xeon(R) CPU E5-2660 v4 @ 2.00GHz, instruction set [SSE2|AVX|AVX2]
Thread count: 28 physical cores, 28 logical processors, using up to 1 threads

Non-default parameters:
TimeLimit  3592.72494204
SoftMemLimit  16
NumericFocus  1
Threads  1

Academic license 2690100 - for non-commercial use only - registered to ju___@uclm.es
Optimize a model with 110829 rows, 25779 columns and 471690 nonzeros
Model fingerprint: 0xd3527d15
Variable types: 174 continuous, 25605 integer (25605 binary)
Coefficient statistics:
  Matrix range     [1e+00, 8e+12]
  Objective range  [4e+08, 2e+09]
  Bounds range     [2e+03, 1e+04]
  RHS range        [1e+00, 2e+14]
Warning: Model contains large matrix coefficient range
Warning: Model contains large objective coefficients
Warning: Model contains large rhs
Found heuristic solution: objective -0.0000000
Presolve removed 17780 rows and 0 columns
Presolve time: 2.24s
Presolved: 93049 rows, 25779 columns, 337635 nonzeros
Variable types: 174 continuous, 25605 integer (25605 binary)

Use crossover to convert LP symmetric solution to basic solution...

Root relaxation: objective 9.973440e+10, 3451 iterations, 0.90 seconds (0.50 work units)
Total elapsed time = 10.78s (DegenMoves)

    Nodes    |    Current Node    |     Objective Bounds      |     Work
 Expl Unexpl |  Obj  Depth IntInf | Incumbent    BestBd   Gap | It/Node Time

     0     0 9.9734e+10    0  245   -0.00000 9.9734e+10      -     -   21s
H    0     0                    3.510000e+09 9.9734e+10  2741%     -   21s
H    0     0                    7.114800e+09 9.9734e+10  1302%     -   21s
H    0     0                    1.716120e+10 9.9734e+10   481%     -   21s
H    0     0                    1.719120e+10 9.9734e+10   480%     -   21s
H    0     0                    2.412840e+10 9.9734e+10   313%     -   22s
     0     0 9.9734e+10    0  921 2.4128e+10 9.9734e+10   313%     -   40s
H    0     0                    3.527040e+10 9.9734e+10   183%     -   42s
     0     0 9.9734e+10    0  843 3.5270e+10 9.9734e+10   183%     -   45s
     0     0 9.9734e+10    0  470 3.5270e+10 9.9734e+10   183%     -   61s
     0     0 9.9734e+10    0  450 3.5270e+10 9.9734e+10   183%     -   62s
     0     0 9.9734e+10    0  536 3.5270e+10 9.9734e+10   183%     -   82s
     0     0 9.9734e+10    0  526 3.5270e+10 9.9734e+10   183%     -   84s
     0     0 9.9734e+10    0  620 3.5270e+10 9.9734e+10   183%     -  104s
H    0     0                    6.706440e+10 9.9734e+10  48.7%     -  109s
     0     0 9.9734e+10    0  712 6.7064e+10 9.9734e+10  48.7%     -  112s
     0     0 9.9734e+10    0  703 6.7064e+10 9.9734e+10  48.7%     -  134s
     0     0 9.9734e+10    0  685 6.7064e+10 9.9734e+10  48.7%     -  152s
H    0     0                    7.130640e+10 9.9734e+10  39.9%     -  170s
H    0     0                    7.173720e+10 9.9734e+10  39.0%     -  215s
     0     2 9.9734e+10    0  685 7.1737e+10 9.9734e+10  39.0%     -  215s
     3     5 9.9734e+10    2  747 7.1737e+10 9.9734e+10  39.0% 20802  222s
     4     6 9.9734e+10    2 1139 7.1737e+10 9.9734e+10  39.0% 16648  225s
     8    10 9.9734e+10    4  824 7.1737e+10 9.9734e+10  39.0%  9673  230s
    13    15 9.9734e+10    7  904 7.1737e+10 9.9734e+10  39.0%  6434  235s
    20    22 9.9734e+10   10  778 7.1737e+10 9.9734e+10  39.0%  4398  240s
    26    28 9.9734e+10   13  816 7.1737e+10 9.9734e+10  39.0%  3496  251s
    31    33 9.9734e+10   16  807 7.1737e+10 9.9734e+10  39.0%  2958  255s
    37    39 9.9734e+10   19  887 7.1737e+10 9.9734e+10  39.0%  2585  261s
    42    44 9.9734e+10   21  753 7.1737e+10 9.9734e+10  39.0%  2295  265s
    48    50 9.9734e+10   24  795 7.1737e+10 9.9734e+10  39.0%  2040  270s
    52    54 9.9734e+10   26  866 7.1737e+10 9.9734e+10  39.0%  1906  280s
    57    59 9.9734e+10   29  751 7.1737e+10 9.9734e+10  39.0%  1773  285s
    62    64 9.9734e+10   31  795 7.1737e+10 9.9734e+10  39.0%  1729  290s
    68    70 9.9734e+10   34 1096 7.1737e+10 9.9734e+10  39.0%  1609  295s
    74    76 9.9734e+10   37 1006 7.1737e+10 9.9734e+10  39.0%  1504  300s
    78    80 9.9734e+10   39  949 7.1737e+10 9.9734e+10  39.0%  1434  314s
    79    81 9.9734e+10   40  990 7.1737e+10 9.9734e+10  39.0%  1418  315s
H   81    81                    7.360920e+10 9.9734e+10  35.5%  1383  317s
    84    86 9.9734e+10   42  900 7.3609e+10 9.9734e+10  35.5%  1352  320s
    89    91 9.9734e+10   45  821 7.3609e+10 9.9734e+10  35.5%  1329  325s
    95    97 9.9734e+10   48  836 7.3609e+10 9.9734e+10  35.5%  1251  330s
   101   103 9.9734e+10   51  965 7.3609e+10 9.9734e+10  35.5%  1191  335s
   107   109 9.9734e+10   54 1085 7.3609e+10 9.9734e+10  35.5%  1133  340s
   112   114 9.9734e+10   57  985 7.3609e+10 9.9734e+10  35.5%  1099  345s
   119   121 9.9734e+10   60 1051 7.3609e+10 9.9734e+10  35.5%  1043  350s
   127   129 9.9734e+10   64 1163 7.3609e+10 9.9734e+10  35.5%   989  355s
   134   136 9.9734e+10   68 1107 7.3609e+10 9.9734e+10  35.5%   951  360s
H  135   135                    7.548120e+10 9.9734e+10  32.1%   944  361s
   153   155 9.9734e+10   78  965 7.5481e+10 9.9734e+10  32.1%   874  365s
   177   179 9.9734e+10   92  995 7.5481e+10 9.9734e+10  32.1%   789  370s
   203   205 9.9734e+10  105  969 7.5481e+10 9.9734e+10  32.1%   709  375s
   226   228 9.9734e+10  117 1163 7.5481e+10 9.9734e+10  32.1%   666  380s
   243   245 9.9734e+10  126 1103 7.5481e+10 9.9734e+10  32.1%   646  397s
   263   265 9.9734e+10  137  924 7.5481e+10 9.9734e+10  32.1%   604  400s
   270   272 9.9734e+10  140 1051 7.5481e+10 9.9734e+10  32.1%   592  405s
   297   297 9.9734e+10  155 1008 7.5481e+10 9.9734e+10  32.1%   551  483s
   298   298 9.9734e+10  155 1004 7.5481e+10 9.9734e+10  32.1%   549  552s
   318   318 9.9734e+10  166  875 7.5481e+10 9.9734e+10  32.1%   520  555s
   359   353 9.9734e+10  188  485 7.5481e+10 9.9734e+10  32.1%   467  560s
   424   410 9.9734e+10  218  512 7.5481e+10 9.9734e+10  32.1%   402  565s
   506   461 9.9734e+10  259  400 7.5481e+10 9.9734e+10  32.1%   340  570s
   586   462 9.9734e+10  265  336 7.5481e+10 9.9734e+10  32.1%   296  575s
   637   457 9.9734e+10  238  685 7.5481e+10 9.9734e+10  32.1%   273  602s
   639   458 9.9734e+10  167  812 7.5481e+10 9.9734e+10  32.1%   273  754s
   640   459 9.9734e+10  225  104 7.5481e+10 9.9734e+10  32.1%   272  793s
   642   460 9.9734e+10   50   67 7.5481e+10 9.9734e+10  32.1%   271  821s
   644   462 9.9734e+10   46  141 7.5481e+10 9.9734e+10  32.1%   271  889s
   645   462 9.9734e+10   47  172 7.5481e+10 9.9734e+10  32.1%   270  890s
   646   463 9.9734e+10  138  144 7.5481e+10 9.9734e+10  32.1%   270 1012s
   648   464 9.9734e+10  218  109 7.5481e+10 9.9734e+10  32.1%   269 1090s
   649   465 9.9734e+10   65 1037 7.5481e+10 9.9734e+10  32.1%   268 1096s
   650   466 9.9734e+10   30  158 7.5481e+10 9.9734e+10  32.1%   268 1270s
   652   467 9.9734e+10  187  202 7.5481e+10 9.9734e+10  32.1%   267 1347s
   653   468 9.9734e+10  220 1410 7.5481e+10 9.9734e+10  32.1%   267 1365s
   654   468 9.9734e+10   24  229 7.5481e+10 9.9734e+10  32.1%   266 1399s
   655   469 9.9734e+10   86  686 7.5481e+10 9.9734e+10  32.1%   266 1402s
   656   470 9.9734e+10   39  930 7.5481e+10 9.9734e+10  32.1%   266 1491s
   657   470 9.9734e+10  205 1168 7.5481e+10 9.9734e+10  32.1%   265 1509s
   658   471 9.9734e+10   80  591 7.5481e+10 9.9734e+10  32.1%   265 1595s
   659   472 9.9734e+10  141   83 7.5481e+10 9.9734e+10  32.1%   264 1604s
   660   472 9.9734e+10   38   83 7.5481e+10 9.9734e+10  32.1%   264 1614s
   661   475 9.9734e+10   15  277 7.5481e+10 9.9734e+10  32.1%  1781 1660s
   664   477 9.9734e+10   16  307 7.5481e+10 9.9734e+10  32.1%  1774 1665s
   668   480 9.9734e+10   18  402 7.5481e+10 9.9734e+10  32.1%  1764 1671s
   671   482 9.9734e+10   20  307 7.5481e+10 9.9734e+10  32.1%  1756 1677s
   674   482 9.9734e+10   21  342 7.5481e+10 9.9734e+10  32.1%  1749 1681s
   676   483 9.9734e+10   22  753 7.5481e+10 9.9734e+10  32.1%  1747 1686s
   679   483 9.9734e+10   24  385 7.5481e+10 9.9734e+10  32.1%  1739 1690s
   682   485 9.9734e+10   25  382 7.5481e+10 9.9734e+10  32.1%  1732 1696s
   684   486 9.9734e+10   26  345 7.5481e+10 9.9734e+10  32.1%  1727 1700s
   687   486 9.9734e+10   28 1104 7.5481e+10 9.9734e+10  32.1%  1722 1705s
   690   488 9.9734e+10   29  460 7.5481e+10 9.9734e+10  32.1%  1716 1711s
   693   490 9.9734e+10   31  371 7.5481e+10 9.9734e+10  32.1%  1708 1715s
   696   492 9.9734e+10   32  369 7.5481e+10 9.9734e+10  32.1%  1701 1720s
   699   494 9.9734e+10   34  411 7.5481e+10 9.9734e+10  32.1%  1695 1725s
   702   496 9.9734e+10   35  368 7.5481e+10 9.9734e+10  32.1%  1687 1730s
   705   498 9.9734e+10   37  407 7.5481e+10 9.9734e+10  32.1%  1681 1735s
   708   500 9.9734e+10   38  406 7.5481e+10 9.9734e+10  32.1%  1674 1741s
   711   502 9.9734e+10   40  619 7.5481e+10 9.9734e+10  32.1%  1668 1745s
   714   504 9.9734e+10   42  517 7.5481e+10 9.9734e+10  32.1%  1661 1750s
   718   507 9.9734e+10   44  463 7.5481e+10 9.9734e+10  32.1%  1653 1756s
   721   509 9.9734e+10   45  747 7.5481e+10 9.9734e+10  32.1%  1647 1761s
   725   510 9.9734e+10   47  488 7.5481e+10 9.9734e+10  32.1%  1639 1766s
   727   511 9.9734e+10   48  734 7.5481e+10 9.9734e+10  32.1%  1636 1772s
   729   512 9.9734e+10   49  690 7.5481e+10 9.9734e+10  32.1%  1632 1775s
   733   515 9.9734e+10   51  695 7.5481e+10 9.9734e+10  32.1%  1624 1780s
   737   518 9.9734e+10   53  938 7.5481e+10 9.9734e+10  32.1%  1617 1785s
   741   519 9.9734e+10   55  719 7.5481e+10 9.9734e+10  32.1%  1608 1790s
   746   522 9.9734e+10   59  723 7.5481e+10 9.9734e+10  32.1%  1598 1795s
   750   524 9.9734e+10   61  767 7.5481e+10 9.9734e+10  32.1%  1591 1800s
   753   526 9.9734e+10   62  627 7.5481e+10 9.9734e+10  32.1%  1586 1805s
   756   528 9.9734e+10   64  884 7.5481e+10 9.9734e+10  32.1%  1581 1810s
   760   531 9.9734e+10   66  882 7.5481e+10 9.9734e+10  32.1%  1573 1815s
   763   533 9.9734e+10   67  881 7.5481e+10 9.9734e+10  32.1%  1568 1820s
   767   536 9.9734e+10   69  839 7.5481e+10 9.9734e+10  32.1%  1562 1826s
   770   538 9.9734e+10   71  670 7.5481e+10 9.9734e+10  32.1%  1557 1830s
   774   538 9.9734e+10   72  713 7.5481e+10 9.9734e+10  32.1%  1551 1835s
   778   541 9.9734e+10   75  950 7.5481e+10 9.9734e+10  32.1%  1545 1841s
   781   543 9.9734e+10   76  949 7.5481e+10 9.9734e+10  32.1%  1541 1845s
   785   546 9.9734e+10   79  914 7.5481e+10 9.9734e+10  32.1%  1533 1851s
   788   548 9.9734e+10   81  960 7.5481e+10 9.9734e+10  32.1%  1528 1855s
   793   551 9.9734e+10   83  886 7.5481e+10 9.9734e+10  32.1%  1520 1861s
   797   554 9.9734e+10   85  912 7.5481e+10 9.9734e+10  32.1%  1512 1865s
   803   556 9.9734e+10   88  862 7.5481e+10 9.9734e+10  32.1%  1502 1870s
   808   559 9.9734e+10   91  819 7.5481e+10 9.9734e+10  32.1%  1494 1876s
   812   561 9.9734e+10   93  817 7.5481e+10 9.9734e+10  32.1%  1487 1880s
   817   564 9.9734e+10   96  816 7.5481e+10 9.9734e+10  32.1%  1479 1885s
   822   565 9.9734e+10   98  823 7.5481e+10 9.9734e+10  32.1%  1471 1890s
   827   567 9.9734e+10  100  779 7.5481e+10 9.9734e+10  32.1%  1462 1895s
   834   567 9.9734e+10  104  816 7.5481e+10 9.9734e+10  32.1%  1451 1900s
   839   571 9.9734e+10  107  859 7.5481e+10 9.9734e+10  32.1%  1443 1906s
   843   573 9.9734e+10  109  806 7.5481e+10 9.9734e+10  32.1%  1436 1910s
   848   577 9.9734e+10  111  817 7.5481e+10 9.9734e+10  32.1%  1429 1915s
   849   577 9.9734e+10  112  815 7.5481e+10 9.9734e+10  32.1%  1427 1933s
   850   578 9.9734e+10  112  907 7.5481e+10 9.9734e+10  32.1%  1426 1935s
   855   581 9.9734e+10  115  861 7.5481e+10 9.9734e+10  32.1%  1418 1940s
   860   585 9.9734e+10  118  890 7.5481e+10 9.9734e+10  32.1%  1412 1945s
   865   588 9.9734e+10  120  907 7.5481e+10 9.9734e+10  32.1%  1405 1950s
   870   591 9.9734e+10  123  886 7.5481e+10 9.9734e+10  32.1%  1398 1955s
   876   591 9.9734e+10  125  884 7.5481e+10 9.9734e+10  32.1%  1389 1961s
   881   593 9.9734e+10  128  886 7.5481e+10 9.9734e+10  32.1%  1381 1965s
   884   595 9.9734e+10  129  881 7.5481e+10 9.9734e+10  32.1%  1378 1970s
   890   599 9.9734e+10  132  897 7.5481e+10 9.9734e+10  32.1%  1369 1975s
   894   601 9.9734e+10  134  929 7.5481e+10 9.9734e+10  32.1%  1364 1980s
   900   605 9.9734e+10  137  913 7.5481e+10 9.9734e+10  32.1%  1356 1985s
   903   603 9.9734e+10  138  962 7.5481e+10 9.9734e+10  32.1%  1352 2010s
   909   605 9.9734e+10  142  946 7.5481e+10 9.9734e+10  32.1%  1344 2015s
   914   609 9.9734e+10  144 1035 7.5481e+10 9.9734e+10  32.1%  1339 2020s
   920   613 9.9734e+10  147  989 7.5481e+10 9.9734e+10  32.1%  1331 2025s
   926   616 9.9734e+10  151 1001 7.5481e+10 9.9734e+10  32.1%  1323 2030s
   931   617 9.9734e+10  153 1002 7.5481e+10 9.9734e+10  32.1%  1318 2035s
   937   621 9.9734e+10  156 1116 7.5481e+10 9.9734e+10  32.1%  1312 2040s
   943   623 9.9734e+10  159  998 7.5481e+10 9.9734e+10  32.1%  1305 2045s
   950   626 9.9734e+10  162 1044 7.5481e+10 9.9734e+10  32.1%  1298 2050s
   956   630 9.9734e+10  165 1011 7.5481e+10 9.9734e+10  32.1%  1292 2055s
   958   630 9.9734e+10  166  952 7.5481e+10 9.9734e+10  32.1%  1289 2060s
   966   631 9.9734e+10  170  949 7.5481e+10 9.9734e+10  32.1%  1280 2065s
   973   634 9.9734e+10  173  949 7.5481e+10 9.9734e+10  32.1%  1272 2070s
   979   638 9.9734e+10  176 1001 7.5481e+10 9.9734e+10  32.1%  1265 2077s
   982   640 9.9734e+10  178  927 7.5481e+10 9.9734e+10  32.1%  1262 2080s
   988   644 9.9734e+10  181  960 7.5481e+10 9.9734e+10  32.1%  1254 2085s
   996   647 9.9734e+10  185  963 7.5481e+10 9.9734e+10  32.1%  1245 2090s
  1002   651 9.9734e+10  188 1106 7.5481e+10 9.9734e+10  32.1%  1239 2095s
  1008   655 9.9734e+10  191  966 7.5481e+10 9.9734e+10  32.1%  1232 2100s
  1012   658 9.9734e+10  194 1035 7.5481e+10 9.9734e+10  32.1%  1228 2122s
  1021   661 9.9734e+10  198  918 7.5481e+10 9.9734e+10  32.1%  1218 2125s
  1039   666 9.9734e+10  207  907 7.5481e+10 9.9734e+10  32.1%  1197 2130s
  1052   659 9.9734e+10   18 1020 7.5481e+10 9.9734e+10  32.1%  1185 2135s
  1057   662 9.9734e+10   23 1021 7.5481e+10 9.9734e+10  32.1%  1179 2140s
  1063   666 9.9734e+10   29  997 7.5481e+10 9.9734e+10  32.1%  1173 2145s
  1066   668 9.9734e+10   30  936 7.5481e+10 9.9734e+10  32.1%  1171 2195s
  1069   670 9.9734e+10   32 1025 7.5481e+10 9.9734e+10  32.1%  1169 2200s
  1073   673 9.9734e+10   34 1023 7.5481e+10 9.9734e+10  32.1%  1165 2205s
  1077   675 9.9734e+10   36  911 7.5481e+10 9.9734e+10  32.1%  1161 2210s
  1081   678 9.9734e+10   38  929 7.5481e+10 9.9734e+10  32.1%  1158 2216s
  1083   679 9.9734e+10   39  928 7.5481e+10 9.9734e+10  32.1%  1156 2220s
  1087   682 9.9734e+10   41  865 7.5481e+10 9.9734e+10  32.1%  1152 2226s
  1090   684 9.9734e+10   43  891 7.5481e+10 9.9734e+10  32.1%  1149 2230s
  1093   686 9.9734e+10   44  887 7.5481e+10 9.9734e+10  32.1%  1146 2273s
  1095   687 9.9734e+10   45  877 7.5481e+10 9.9734e+10  32.1%  1144 2276s
  1098   689 9.9734e+10   47  971 7.5481e+10 9.9734e+10  32.1%  1141 2281s
  1101   691 9.9734e+10   48  890 7.5481e+10 9.9734e+10  32.1%  1138 2285s
  1104   693 9.9734e+10   50  848 7.5481e+10 9.9734e+10  32.1%  1135 2290s
  1108   696 9.9734e+10   52  847 7.5481e+10 9.9734e+10  32.1%  1132 2296s
  1111   698 9.9734e+10   53  846 7.5481e+10 9.9734e+10  32.1%  1129 2300s
  1114   700 9.9734e+10   55  945 7.5481e+10 9.9734e+10  32.1%  1127 2306s
  1117   702 9.9734e+10   56  837 7.5481e+10 9.9734e+10  32.1%  1124 2310s
  1120   704 9.9734e+10   58  898 7.5481e+10 9.9734e+10  32.1%  1121 2317s
  1123   706 9.9734e+10   59  815 7.5481e+10 9.9734e+10  32.1%  1118 2320s
  1127   709 9.9734e+10   61  779 7.5481e+10 9.9734e+10  32.1%  1115 2326s
  1130   711 9.9734e+10   63  818 7.5481e+10 9.9734e+10  32.1%  1112 2330s
  1133   713 9.9734e+10   64  815 7.5481e+10 9.9734e+10  32.1%  1110 2335s
  1136   715 9.9734e+10   66  854 7.5481e+10 9.9734e+10  32.1%  1107 2340s
  1139   717 9.9734e+10   67  843 7.5481e+10 9.9734e+10  32.1%  1105 2345s
  1142   719 9.9734e+10   69  854 7.5481e+10 9.9734e+10  32.1%  1102 2350s
  1146   721 9.9734e+10   71  932 7.5481e+10 9.9734e+10  32.1%  1098 2355s
  1147   722 9.9734e+10   72  932 7.5481e+10 9.9734e+10  32.1%  1098 2377s
  1149   723 9.9734e+10   73  850 7.5481e+10 9.9734e+10  32.1%  1096 2381s
  1152   725 9.9734e+10   74  851 7.5481e+10 9.9734e+10  32.1%  1093 2385s
  1156   728 9.9734e+10   76  831 7.5481e+10 9.9734e+10  32.1%  1089 2390s
  1160   731 9.9734e+10   78 1032 7.5481e+10 9.9734e+10  32.1%  1086 2395s
  1163   733 9.9734e+10   80 1038 7.5481e+10 9.9734e+10  32.1%  1084 2400s
  1167   735 9.9734e+10   82 1099 7.5481e+10 9.9734e+10  32.1%  1081 2406s
  1170   737 9.9734e+10   83 1089 7.5481e+10 9.9734e+10  32.1%  1078 2410s
  1174   740 9.9734e+10   85 1125 7.5481e+10 9.9734e+10  32.1%  1075 2415s
  1178   743 9.9734e+10   87 1136 7.5481e+10 9.9734e+10  32.1%  1072 2421s
  1181   745 9.9734e+10   89 1038 7.5481e+10 9.9734e+10  32.1%  1069 2425s
  1186   746 9.9734e+10   91 1023 7.5481e+10 9.9734e+10  32.1%  1065 2430s
  1189   748 9.9734e+10   93  980 7.5481e+10 9.9734e+10  32.1%  1063 2435s
  1193   751 9.9734e+10   95  903 7.5481e+10 9.9734e+10  32.1%  1059 2440s
  1195   752 9.9734e+10   96 1057 7.5481e+10 9.9734e+10  32.1%  1058 2445s
  1199   755 9.9734e+10   98 1044 7.5481e+10 9.9734e+10  32.1%  1055 2451s
  1202   757 9.9734e+10   99  945 7.5481e+10 9.9734e+10  32.1%  1052 2457s
  1204   758 9.9734e+10  100 1007 7.5481e+10 9.9734e+10  32.1%  1051 2460s
  1207   760 9.9734e+10  102 1056 7.5481e+10 9.9734e+10  32.1%  1049 2466s
  1209   761 9.9734e+10  103 1153 7.5481e+10 9.9734e+10  32.1%  1049 2472s
  1211   763 9.9734e+10  105 1130 7.5481e+10 9.9734e+10  32.1%  1048 2475s
  1214   765 9.9734e+10  107 1340 7.5481e+10 9.9734e+10  32.1%  1046 2480s
  1217   767 9.9734e+10  108 1202 7.5481e+10 9.9734e+10  32.1%  1044 2485s
  1221   769 9.9734e+10  110 1179 7.5481e+10 9.9734e+10  32.1%  1041 2490s
  1224   771 9.9734e+10  112  917 7.5481e+10 9.9734e+10  32.1%  1039 2495s
  1228   774 9.9734e+10  114  877 7.5481e+10 9.9734e+10  32.1%  1036 2500s
  1234   778 9.9734e+10  117  738 7.5481e+10 9.9734e+10  32.1%  1031 2505s
  1240   782 9.9734e+10  120  754 7.5481e+10 9.9734e+10  32.1%  1027 2510s
  1246   785 9.9734e+10  123  729 7.5481e+10 9.9734e+10  32.1%  1022 2515s
  1252   788 9.9734e+10  127  718 7.5481e+10 9.9734e+10  32.1%  1018 2520s
  1258   788 9.9734e+10  130  744 7.5481e+10 9.9734e+10  32.1%  1013 2525s
  1266   791 9.9734e+10  133  710 7.5481e+10 9.9734e+10  32.1%  1007 2530s
  1273   794 9.9734e+10  137  703 7.5481e+10 9.9734e+10  32.1%  1002 2535s
  1280   799 9.9734e+10  141  626 7.5481e+10 9.9734e+10  32.1%   997 2540s
  1282   800 9.9734e+10  142  655 7.5481e+10 9.9734e+10  32.1%   996 2601s
  1289   803 9.9734e+10  145  648 7.5481e+10 9.9734e+10  32.1%   991 2605s
  1298   806 9.9734e+10  150  691 7.5481e+10 9.9734e+10  32.1%   984 2610s
  1306   809 9.9734e+10  154  689 7.5481e+10 9.9734e+10  32.1%   979 2615s
  1309   811 9.9734e+10  156  685 7.5481e+10 9.9734e+10  32.1%   976 2675s
  1317   816 9.9734e+10  160  748 7.5481e+10 9.9734e+10  32.1%   972 2680s
  1324   821 9.9734e+10  163  682 7.5481e+10 9.9734e+10  32.1%   968 2685s
  1332   825 9.9734e+10  168  733 7.5481e+10 9.9734e+10  32.1%   963 2690s
  1337   827 9.9734e+10  170  686 7.5481e+10 9.9734e+10  32.1%   960 2695s
  1347   829 9.9734e+10  175  625 7.5481e+10 9.9734e+10  32.1%   954 2700s
  1357   830 9.9734e+10  179  615 7.5481e+10 9.9734e+10  32.1%   947 2705s
  1364   831 9.9734e+10  183  605 7.5481e+10 9.9734e+10  32.1%   942 2734s
  1365   831 9.9734e+10  183  653 7.5481e+10 9.9734e+10  32.1%   942 2735s
  1374   837 9.9734e+10  188  588 7.5481e+10 9.9734e+10  32.1%   936 2740s
  1394   841 9.9734e+10  197  622 7.5481e+10 9.9734e+10  32.1%   923 2745s
  1427   844 9.9734e+10  215  571 7.5481e+10 9.9734e+10  32.1%   903 2750s
  1464   839 infeasible  235      7.5481e+10 9.9734e+10  32.1%   881 2755s
  1504   833 infeasible  256      7.5481e+10 9.9734e+10  32.1%   858 2760s
  1542   831 9.9734e+10  276  527 7.5481e+10 9.9734e+10  32.1%   837 2765s
  1577   826 9.9734e+10  295  562 7.5481e+10 9.9734e+10  32.1%   820 2770s
  1616   821 9.9734e+10  316  531 7.5481e+10 9.9734e+10  32.1%   800 2775s
  1638   819 9.9734e+10  327  546 7.5481e+10 9.9734e+10  32.1%   790 2784s
  1643   821 infeasible  330      7.5481e+10 9.9734e+10  32.1%   788 2785s
  1683   818 9.9734e+10  349  491 7.5481e+10 9.9734e+10  32.1%   770 2790s
  1715   817 9.9734e+10  368  544 7.5481e+10 9.9734e+10  32.1%   756 2795s
  1752   821 9.9734e+10  390  477 7.5481e+10 9.9734e+10  32.1%   740 2800s
  1783   832 9.9734e+10  406  478 7.5481e+10 9.9734e+10  32.1%   729 2805s
  1791   833 9.9734e+10  411  477 7.5481e+10 9.9734e+10  32.1%   726 2825s
  1819   837 9.9734e+10  222  791 7.5481e+10 9.9734e+10  32.1%   716 2830s
  1854   843 9.9734e+10  241  775 7.5481e+10 9.9734e+10  32.1%   704 2835s
  1891   851 9.9734e+10  262  801 7.5481e+10 9.9734e+10  32.1%   691 2840s
  1927   861 9.9734e+10  282  692 7.5481e+10 9.9734e+10  32.1%   679 2845s
  1967   862 9.9734e+10  305  679 7.5481e+10 9.9734e+10  32.1%   666 2850s
  1975   864 9.9734e+10  311  678 7.5481e+10 9.9734e+10  32.1%   663 2972s
  1976   865 9.9734e+10  311  680 7.5481e+10 9.9734e+10  32.1%   663 3001s
  2010   867 9.9734e+10  330  627 7.5481e+10 9.9734e+10  32.1%   652 3005s
  2049   876 9.9734e+10  350  629 7.5481e+10 9.9734e+10  32.1%   641 3010s
  2083   888 infeasible  371      7.5481e+10 9.9734e+10  32.1%   631 3015s
  2121   900 9.9734e+10  393  735 7.5481e+10 9.9734e+10  32.1%   621 3020s
  2157   908 9.9734e+10  414  734 7.5481e+10 9.9734e+10  32.1%   612 3025s
  2204   914 9.9734e+10  436  689 7.5481e+10 9.9734e+10  32.1%   600 3030s
  2236   933 9.9734e+10  457  599 7.5481e+10 9.9734e+10  32.1%   592 3035s
  2277   948 9.9734e+10  479  629 7.5481e+10 9.9734e+10  32.1%   582 3040s
  2322   962 9.9734e+10  503  658 7.5481e+10 9.9734e+10  32.1%   571 3045s
  2361   976 9.9734e+10  525  665 7.5481e+10 9.9734e+10  32.1%   562 3050s
  2408   984 9.9734e+10  549  660 7.5481e+10 9.9734e+10  32.1%   552 3086s
  2445   995 9.9734e+10  568  570 7.5481e+10 9.9734e+10  32.1%   544 3090s
  2490   997 9.9734e+10  580  599 7.5481e+10 9.9734e+10  32.1%   536 3095s
  2532  1018 9.9734e+10  604  638 7.5481e+10 9.9734e+10  32.1%   528 3100s
  2559  1030 9.9734e+10  571  591 7.5481e+10 9.9734e+10  32.1%   524 3105s
  2636   982 9.9734e+10  533 1081 7.5481e+10 9.9734e+10  32.1%   512 3110s
  2655   989 9.9734e+10  543  750 7.5481e+10 9.9734e+10  32.1%   511 3115s
  2689  1010 9.9734e+10  569  628 7.5481e+10 9.9734e+10  32.1%   505 3120s
  2738  1021 9.9734e+10  593  640 7.5481e+10 9.9734e+10  32.1%   496 3125s
  2781  1040 9.9734e+10  612  671 7.5481e+10 9.9734e+10  32.1%   490 3130s
  2901   947 infeasible  490      7.5481e+10 9.9734e+10  32.1%   470 3135s
  2948   912 infeasible  438      7.5481e+10 9.9734e+10  32.1%   465 3140s
  2968   898 9.9734e+10  387  510 7.5481e+10 9.9734e+10  32.1%   465 3145s
  2976   903 9.9734e+10  394  395 7.5481e+10 9.9734e+10  32.1%   464 3150s
  2991   912 9.9734e+10  405  400 7.5481e+10 9.9734e+10  32.1%   461 3155s
  3001   910 9.9734e+10  383  693 7.5481e+10 9.9734e+10  32.1%   462 3160s
  3013   922 9.9734e+10  395  607 7.5481e+10 9.9734e+10  32.1%   460 3165s
  3023   928 9.9734e+10  402  603 7.5481e+10 9.9734e+10  32.1%   459 3170s
  3033   938 9.9734e+10  412  589 7.5481e+10 9.9734e+10  32.1%   457 3175s
  3045   948 9.9734e+10  422  578 7.5481e+10 9.9734e+10  32.1%   456 3180s
  3055   958 9.9734e+10  432  637 7.5481e+10 9.9734e+10  32.1%   454 3185s
  3067   968 9.9734e+10  440  629 7.5481e+10 9.9734e+10  32.1%   453 3190s
  3077   978 9.9734e+10  451  626 7.5481e+10 9.9734e+10  32.1%   452 3195s
  3091   990 9.9734e+10  464  610 7.5481e+10 9.9734e+10  32.1%   450 3200s
  3104  1001 9.9734e+10  475  610 7.5481e+10 9.9734e+10  32.1%   448 3205s
  3122  1008 9.9734e+10  487  650 7.5481e+10 9.9734e+10  32.1%   446 3210s
  3134  1018 9.9734e+10  497  547 7.5481e+10 9.9734e+10  32.1%   444 3215s
  3145  1021 infeasible  499      7.5481e+10 9.9734e+10  32.1%   444 3220s
  3158  1008 infeasible  492      7.5481e+10 9.9734e+10  32.1%   445 3225s
  3255   911 infeasible  388      7.5481e+10 9.9734e+10  32.1%   434 3230s
  3272   894 infeasible  387      7.5481e+10 9.9734e+10  32.1%   435 3235s
  3280   886 infeasible  373      7.5481e+10 9.9734e+10  32.1%   439 3240s
  3291   875 infeasible  363      7.5481e+10 9.9734e+10  32.1%   441 3245s
  3301   865 infeasible  354      7.5481e+10 9.9734e+10  32.1%   445 3250s
  3312   854 infeasible  342      7.5481e+10 9.9734e+10  32.1%   448 3255s
  3321   845 infeasible  335      7.5481e+10 9.9734e+10  32.1%   451 3260s
  3332   834 infeasible  319      7.5481e+10 9.9734e+10  32.1%   455 3265s
  3341   825 infeasible  310      7.5481e+10 9.9734e+10  32.1%   458 3270s
  3353   813 infeasible  296      7.5481e+10 9.9734e+10  32.1%   463 3275s
  3354   814 9.9734e+10  293  713 7.5481e+10 9.9734e+10  32.1%   463 3291s
  3362   822 9.9734e+10  301  691 7.5481e+10 9.9734e+10  32.1%   463 3295s
  3378   838 9.9734e+10  317  788 7.5481e+10 9.9734e+10  32.1%   461 3300s
  3394   853 9.9734e+10  333  859 7.5481e+10 9.9734e+10  32.1%   459 3305s
  3407   866 9.9734e+10  346  881 7.5481e+10 9.9734e+10  32.1%   457 3310s
  3420   879 9.9734e+10  359  843 7.5481e+10 9.9734e+10  32.1%   456 3315s
  3433   892 9.9734e+10  372  853 7.5481e+10 9.9734e+10  32.1%   454 3320s
  3446   904 9.9734e+10  385  810 7.5481e+10 9.9734e+10  32.1%   453 3325s
  3456   913 9.9734e+10  395  751 7.5481e+10 9.9734e+10  32.1%   452 3331s
  3465   922 9.9734e+10  404  788 7.5481e+10 9.9734e+10  32.1%   450 3335s
  3476   933 9.9734e+10  415  773 7.5481e+10 9.9734e+10  32.1%   449 3340s
  3483   940 9.9734e+10  422  821 7.5481e+10 9.9734e+10  32.1%   448 3423s
  3487   944 9.9734e+10  426  821 7.5481e+10 9.9734e+10  32.1%   448 3425s
  3498   955 9.9734e+10  437  696 7.5481e+10 9.9734e+10  32.1%   447 3430s
  3509   966 9.9734e+10  448  765 7.5481e+10 9.9734e+10  32.1%   445 3435s
  3519   976 9.9734e+10  458  744 7.5481e+10 9.9734e+10  32.1%   444 3441s
  3528   984 9.9734e+10  467  686 7.5481e+10 9.9734e+10  32.1%   443 3445s
  3544   988 9.9734e+10  472  737 7.5481e+10 9.9734e+10  32.1%   442 3450s
  3552   986 9.9734e+10  294  778 7.5481e+10 9.9734e+10  32.1%   443 3455s
  3562   996 9.9734e+10  303  730 7.5481e+10 9.9734e+10  32.1%   442 3460s
  3578  1006 9.9734e+10  317  789 7.5481e+10 9.9734e+10  32.1%   440 3465s
  3594  1022 9.9734e+10  332  749 7.5481e+10 9.9734e+10  32.1%   438 3470s
  3605  1032 9.9734e+10  340  777 7.5481e+10 9.9734e+10  32.1%   437 3476s
  3614  1041 9.9734e+10  349  745 7.5481e+10 9.9734e+10  32.1%   436 3480s
  3624  1049 9.9734e+10  357  749 7.5481e+10 9.9734e+10  32.1%   435 3485s
  3637  1051 9.9734e+10  359  738 7.5481e+10 9.9734e+10  32.1%   434 3490s
  3651  1041 9.9734e+10  352  768 7.5481e+10 9.9734e+10  32.1%   435 3496s
  3659  1035 infeasible  347      7.5481e+10 9.9734e+10  32.1%   436 3500s
  3672  1026 infeasible  338      7.5481e+10 9.9734e+10  32.1%   438 3505s
  3688  1020 9.9734e+10  335  471 7.5481e+10 9.9734e+10  32.1%   439 3511s
  3695  1016 9.9734e+10  329  447 7.5481e+10 9.9734e+10  32.1%   440 3515s
  3703  1012 9.9734e+10  326  532 7.5481e+10 9.9734e+10  32.1%   442 3521s
  3714  1019 9.9734e+10  333  354 7.5481e+10 9.9734e+10  32.1%   442 3525s
  3735  1040 9.9734e+10  352  358 7.5481e+10 9.9734e+10  32.1%   439 3530s
  3759  1048 9.9734e+10  360  347 7.5481e+10 9.9734e+10  32.1%   437 3535s
  3776  1045 9.9734e+10  359  435 7.5481e+10 9.9734e+10  32.1%   436 3540s
  3795  1036 9.9734e+10  349  395 7.5481e+10 9.9734e+10  32.1%   436 3545s
  3811  1030 9.9734e+10  344  380 7.5481e+10 9.9734e+10  32.1%   435 3550s
  3827  1024 9.9734e+10  339  361 7.5481e+10 9.9734e+10  32.1%   434 3555s
  3841  1010 infeasible  328      7.5481e+10 9.9734e+10  32.1%   433 3560s
  3849  1013 9.9734e+10  327  598 7.5481e+10 9.9734e+10  32.1%   433 3565s
  3861  1024 9.9734e+10  339  575 7.5481e+10 9.9734e+10  32.1%   432 3570s
  3874  1035 9.9734e+10  351  630 7.5481e+10 9.9734e+10  32.1%   431 3575s
  3877  1038 9.9734e+10  354  588 7.5481e+10 9.9734e+10  32.1%   430 3592s

Cutting planes:
  Learned: 19
  Gomory: 55
  Lift-and-project: 5
  Cover: 4775
  Implied bound: 759
  Clique: 21
  MIR: 46
  StrongCG: 2
  Flow cover: 789
  GUB cover: 2
  Inf proof: 13
  Zero half: 141
  RLT: 272
  Relax-and-lift: 327

Explored 3878 nodes (1932687 simplex iterations) in 3592.77 seconds (2367.11 work units)
Thread count was 1 (of 28 available processors)

Solution count 10: 7.54812e+10 7.36092e+10 7.17372e+10 ... 7.1148e+09

Time limit reached
Best objective 7.548120000000e+10, best bound 9.973440000000e+10, gap 32.1314%

User-callback calls 438254, time in user-callback 0.47 sec