Gurobi Optimizer version 12.0.3 build v12.0.3rc0 (linux64 - "Oracle Linux Server 9.4")

CPU model: Intel(R) Xeon(R) CPU E5-2660 v4 @ 2.00GHz, instruction set [SSE2|AVX|AVX2]
Thread count: 28 physical cores, 28 logical processors, using up to 1 threads

Non-default parameters:
TimeLimit  3594.970405256
SoftMemLimit  16
NumericFocus  1
Threads  1

Academic license 2690100 - for non-commercial use only - registered to ju___@uclm.es
Optimize a model with 67727 rows, 15687 columns and 289858 nonzeros
Model fingerprint: 0xe4a0bdd7
Variable types: 134 continuous, 15553 integer (15553 binary)
Coefficient statistics:
  Matrix range     [1e+00, 6e+12]
  Objective range  [6e+08, 2e+09]
  Bounds range     [2e+03, 1e+04]
  RHS range        [1e+00, 2e+14]
Warning: Model contains large matrix coefficient range
Warning: Model contains large objective coefficients
Warning: Model contains large rhs
Found heuristic solution: objective -0.0000000
Presolve removed 10865 rows and 0 columns
Presolve time: 1.24s
Presolved: 56862 rows, 15687 columns, 205432 nonzeros
Variable types: 134 continuous, 15553 integer (15553 binary)

Use crossover to convert LP symmetric solution to basic solution...

Root relaxation: objective 9.986520e+10, 3657 iterations, 0.23 seconds (0.11 work units)

    Nodes    |    Current Node    |     Objective Bounds      |     Work
 Expl Unexpl |  Obj  Depth IntInf | Incumbent    BestBd   Gap | It/Node Time

     0     0 9.9865e+10    0 2655   -0.00000 9.9865e+10      -     -   14s
     0     0 9.9865e+10    0 2935   -0.00000 9.9865e+10      -     -   21s
H    0     0                    1.013520e+10 9.9865e+10   885%     -   22s
H    0     0                    1.247520e+10 9.9865e+10   701%     -   22s
     0     0 9.9865e+10    0 2572 1.2475e+10 9.9865e+10   701%     -   22s
     0     0 9.9865e+10    0  220 1.2475e+10 9.9865e+10   701%     -   41s
H    0     0                    1.834920e+10 9.9865e+10   444%     -   42s
H    0     0                    1.951920e+10 9.9865e+10   412%     -   42s
H    0     0                    2.309040e+10 9.9865e+10   332%     -   42s
H    0     0                    3.423360e+10 9.9865e+10   192%     -   42s
H    0     0                    3.540360e+10 9.9865e+10   182%     -   42s
H    0     0                    3.546720e+10 9.9865e+10   182%     -   42s
     0     0 9.9865e+10    0  245 3.5467e+10 9.9865e+10   182%     -   49s
     0     0 9.9865e+10    0  361 3.5467e+10 9.9865e+10   182%     -   63s
     0     0 9.9865e+10    0  361 3.5467e+10 9.9865e+10   182%     -   74s
     0     0 9.9865e+10    0  147 3.5467e+10 9.9865e+10   182%     -   91s
     0     0 9.9865e+10    0  841 3.5467e+10 9.9865e+10   182%     -  107s
     0     0 9.9865e+10    0  396 3.5467e+10 9.9865e+10   182%     -  121s
     0     0 9.9865e+10    0  369 3.5467e+10 9.9865e+10   182%     -  122s
     0     0 9.9865e+10    0  368 3.5467e+10 9.9865e+10   182%     -  141s
     0     0 9.9865e+10    0  266 3.5467e+10 9.9865e+10   182%     -  141s
     0     0 9.9865e+10    0  494 3.5467e+10 9.9865e+10   182%     -  154s
     0     0 9.9865e+10    0  498 3.5467e+10 9.9865e+10   182%     -  156s
     0     0 9.9865e+10    0  557 3.5467e+10 9.9865e+10   182%     -  174s
     0     0 9.9865e+10    0  542 3.5467e+10 9.9865e+10   182%     -  189s
H    0     0                    4.248480e+10 9.9865e+10   135%     -  198s
H    0     0                    5.590200e+10 9.9865e+10  78.6%     -  203s
     0     2 9.9865e+10    0  520 5.5902e+10 9.9865e+10  78.6%     -  229s
     1     3 9.9865e+10    1  905 5.5902e+10 9.9865e+10  78.6% 26272  231s
     3     5 9.9865e+10    2 1299 5.5902e+10 9.9865e+10  78.6% 11081  235s
     8    10 9.9865e+10    5 1176 5.5902e+10 9.9865e+10  78.6%  5240  240s
    15    17 9.9865e+10    8 1089 5.5902e+10 9.9865e+10  78.6%  3283  245s
    20    22 9.9865e+10   11 1293 5.5902e+10 9.9865e+10  78.6%  2811  250s
    23    25 9.9865e+10   13 1350 5.5902e+10 9.9865e+10  78.6%  2627  255s
    26    28 9.9865e+10   14 1177 5.5902e+10 9.9865e+10  78.6%  2464  266s
    30    32 9.9865e+10   16 1125 5.5902e+10 9.9865e+10  78.6%  2187  270s
    35    37 9.9865e+10   19  993 5.5902e+10 9.9865e+10  78.6%  1952  276s
    39    41 9.9865e+10   21 1155 5.5902e+10 9.9865e+10  78.6%  1778  280s
    44    46 9.9865e+10   24  966 5.5902e+10 9.9865e+10  78.6%  1612  285s
    49    51 9.9865e+10   27  958 5.5902e+10 9.9865e+10  78.6%  1495  290s
    52    54 9.9865e+10   28  957 5.5902e+10 9.9865e+10  78.6%  1458  302s
    55    57 9.9865e+10   30 1265 5.5902e+10 9.9865e+10  78.6%  1417  305s
    61    63 9.9865e+10   33 1130 5.5902e+10 9.9865e+10  78.6%  1330  310s
    66    68 9.9865e+10   36 1142 5.5902e+10 9.9865e+10  78.6%  1275  315s
    71    73 9.9865e+10   38  949 5.5902e+10 9.9865e+10  78.6%  1198  320s
   115   113 9.9865e+10   61  912 5.5902e+10 9.9865e+10  78.6%   869  325s
   170   142 9.9865e+10   91  943 5.5902e+10 9.9865e+10  78.6%   643  330s
   240   165 9.9865e+10    2  418 5.5902e+10 9.9865e+10  78.6%   511  336s
   241   166 9.9865e+10    3  812 5.5902e+10 9.9865e+10  78.6%   548  340s
   242   167 9.9865e+10    3  834 5.5902e+10 9.9865e+10  78.6%   585  345s
   244   169 9.9865e+10    4  981 5.5902e+10 9.9865e+10  78.6%   620  351s
   246   171 9.9865e+10    6 1126 5.5902e+10 9.9865e+10  78.6%   644  355s
   248   173 9.9865e+10    7  861 5.5902e+10 9.9865e+10  78.6%   693  361s
   250   175 9.9865e+10    8 1210 5.5902e+10 9.9865e+10  78.6%   723  366s
   253   178 9.9865e+10    9  952 5.5902e+10 9.9865e+10  78.6%   767  371s
   271   196 9.9865e+10   18  950 5.5902e+10 9.9865e+10  78.6%   748  375s
   282   207 9.9865e+10   25  784 5.5902e+10 9.9865e+10  78.6%   744  386s
   283   208 9.9865e+10   25  918 5.5902e+10 9.9865e+10  78.6%   753  404s
   286   211 9.9865e+10   27  752 5.5902e+10 9.9865e+10  78.6%   749  405s
   307   232 9.9865e+10   40  801 5.5902e+10 9.9865e+10  78.6%   729  410s
   325   250 9.9865e+10   50  644 5.5902e+10 9.9865e+10  78.6%   703  416s
   351   276 9.9865e+10   65  538 5.5902e+10 9.9865e+10  78.6%   669  420s
   352   277 9.9865e+10   66  525 5.5902e+10 9.9865e+10  78.6%   667  425s
   379   304 9.9865e+10   80  568 5.5902e+10 9.9865e+10  78.6%   633  476s
   406   331 9.9865e+10   93  619 5.5902e+10 9.9865e+10  78.6%   600  522s
   439   362 9.9865e+10  110  479 5.5902e+10 9.9865e+10  78.6%   561  525s
   543   417 9.9865e+10  145  236 5.5902e+10 9.9865e+10  78.6%   459  530s
   620   453 9.9865e+10  114  542 5.5902e+10 9.9865e+10  78.6%   406  554s
   622   454 9.9865e+10   54  403 5.5902e+10 9.9865e+10  78.6%   405  561s
   623   455 9.9865e+10   39  285 5.5902e+10 9.9865e+10  78.6%   404  573s
   624   456 9.9865e+10   22  391 5.5902e+10 9.9865e+10  78.6%   404  578s
H  624   433                    7.012560e+10 9.9865e+10  42.4%   404  608s
H  624   411                    7.191120e+10 9.9865e+10  38.9%   404  610s
   626   412 9.9865e+10   13  575 7.1911e+10 9.9865e+10  38.9%   402  619s
H  626   391                    7.548240e+10 9.9865e+10  32.3%   402  641s
   628   392 9.9865e+10    9  646 7.5482e+10 9.9865e+10  32.3%   401  651s
   629   393 9.9865e+10  122  696 7.5482e+10 9.9865e+10  32.3%   401  688s
   630   394 9.9865e+10   55  727 7.5482e+10 9.9865e+10  32.3%   400  700s
   631   394 9.9865e+10   69  742 7.5482e+10 9.9865e+10  32.3%   399  733s
   632   395 9.9865e+10  142  770 7.5482e+10 9.9865e+10  32.3%   399  747s
   633   396 9.9865e+10   21  804 7.5482e+10 9.9865e+10  32.3%   398  780s
   634   396 9.9865e+10   86  781 7.5482e+10 9.9865e+10  32.3%   397  796s
   635   397 9.9865e+10  135  810 7.5482e+10 9.9865e+10  32.3%   397  820s
   636   398 9.9865e+10  141  769 7.5482e+10 9.9865e+10  32.3%   396  834s
   637   398 9.9865e+10   94  779 7.5482e+10 9.9865e+10  32.3%   395  867s
   638   399 9.9865e+10   62  746 7.5482e+10 9.9865e+10  32.3%   395  881s
   639   400 9.9865e+10   92  784 7.5482e+10 9.9865e+10  32.3%   394  910s
   640   400 9.9865e+10   61  787 7.5482e+10 9.9865e+10  32.3%   394  923s
   641   401 9.9865e+10   62  815 7.5482e+10 9.9865e+10  32.3%   393  951s
   642   402 9.9865e+10   36  736 7.5482e+10 9.9865e+10  32.3%   392  962s
   643   402 9.9865e+10  159  736 7.5482e+10 9.9865e+10  32.3%   392  984s
   644   405 9.9865e+10   10  214 7.5482e+10 9.9865e+10  32.3%  1344 1005s
   649   408 9.9865e+10   14  908 7.5482e+10 9.9865e+10  32.3%  1339 1010s
   652   410 9.9865e+10   15  820 7.5482e+10 9.9865e+10  32.3%  1336 1016s
   655   412 9.9865e+10   17  549 7.5482e+10 9.9865e+10  32.3%  1331 1020s
   658   414 9.9865e+10   18  817 7.5482e+10 9.9865e+10  32.3%  1330 1025s
   660   416 9.9865e+10   20  545 7.5482e+10 9.9865e+10  32.3%  1326 1031s
   662   417 9.9865e+10   21  939 7.5482e+10 9.9865e+10  32.3%  1323 1035s
   664   418 9.9865e+10   22  647 7.5482e+10 9.9865e+10  32.3%  1321 1040s
   666   420 9.9865e+10   23  993 7.5482e+10 9.9865e+10  32.3%  1323 1046s
   669   422 9.9865e+10   25  989 7.5482e+10 9.9865e+10  32.3%  1320 1060s
   671   423 9.9865e+10   26  867 7.5482e+10 9.9865e+10  32.3%  1320 1066s
   674   425 9.9865e+10   28 1007 7.5482e+10 9.9865e+10  32.3%  1319 1071s
   676   426 9.9865e+10   29  755 7.5482e+10 9.9865e+10  32.3%  1320 1076s
   678   428 9.9865e+10   30  674 7.5482e+10 9.9865e+10  32.3%  1317 1080s
   680   429 9.9865e+10   31  931 7.5482e+10 9.9865e+10  32.3%  1325 1087s
   681   430 9.9865e+10   31  656 7.5482e+10 9.9865e+10  32.3%  1326 1090s
   685   430 9.9865e+10   33  673 7.5482e+10 9.9865e+10  32.3%  1323 1096s
   688   432 9.9865e+10   35  661 7.5482e+10 9.9865e+10  32.3%  1319 1100s
   693   436 9.9865e+10   37  551 7.5482e+10 9.9865e+10  32.3%  1313 1105s
   695   435 9.9865e+10   38  588 7.5482e+10 9.9865e+10  32.3%  1310 1155s
   697   436 9.9865e+10   39  552 7.5482e+10 9.9865e+10  32.3%  1307 1160s
   701   439 9.9865e+10   41  551 7.5482e+10 9.9865e+10  32.3%  1300 1165s
   706   442 9.9865e+10   44  641 7.5482e+10 9.9865e+10  32.3%  1293 1170s
   710   445 9.9865e+10   46  600 7.5482e+10 9.9865e+10  32.3%  1286 1175s
   716   449 9.9865e+10   49  580 7.5482e+10 9.9865e+10  32.3%  1276 1180s
   721   452 9.9865e+10   52  516 7.5482e+10 9.9865e+10  32.3%  1268 1186s
   724   454 9.9865e+10   54  510 7.5482e+10 9.9865e+10  32.3%  1263 1191s
   727   456 9.9865e+10   55  510 7.5482e+10 9.9865e+10  32.3%  1258 1195s
   732   460 9.9865e+10   58  554 7.5482e+10 9.9865e+10  32.3%  1250 1200s
   736   462 9.9865e+10   60  504 7.5482e+10 9.9865e+10  32.3%  1244 1205s
   740   465 9.9865e+10   62  500 7.5482e+10 9.9865e+10  32.3%  1238 1211s
   744   468 9.9865e+10   64  527 7.5482e+10 9.9865e+10  32.3%  1232 1215s
   748   468 9.9865e+10   66  530 7.5482e+10 9.9865e+10  32.3%  1227 1220s
   751   468 9.9865e+10   67  542 7.5482e+10 9.9865e+10  32.3%  1223 1225s
   754   470 9.9865e+10   69  590 7.5482e+10 9.9865e+10  32.3%  1219 1230s
   758   473 9.9865e+10   71  464 7.5482e+10 9.9865e+10  32.3%  1214 1235s
   763   475 9.9865e+10   73  434 7.5482e+10 9.9865e+10  32.3%  1206 1240s
   767   478 9.9865e+10   75  421 7.5482e+10 9.9865e+10  32.3%  1200 1245s
   772   481 9.9865e+10   78  452 7.5482e+10 9.9865e+10  32.3%  1193 1251s
   776   482 9.9865e+10   80  428 7.5482e+10 9.9865e+10  32.3%  1187 1255s
   780   483 infeasible   82      7.5482e+10 9.9865e+10  32.3%  1181 1260s
   784   485 9.9865e+10   84  470 7.5482e+10 9.9865e+10  32.3%  1176 1265s
   788   488 9.9865e+10   86  436 7.5482e+10 9.9865e+10  32.3%  1171 1270s
   792   491 9.9865e+10   88  434 7.5482e+10 9.9865e+10  32.3%  1166 1275s
   796   493 9.9865e+10   90  449 7.5482e+10 9.9865e+10  32.3%  1163 1281s
   799   495 9.9865e+10   91  446 7.5482e+10 9.9865e+10  32.3%  1158 1285s
   804   499 9.9865e+10   94  377 7.5482e+10 9.9865e+10  32.3%  1151 1290s
   808   501 9.9865e+10   96  373 7.5482e+10 9.9865e+10  32.3%  1146 1296s
   811   503 9.9865e+10   97  367 7.5482e+10 9.9865e+10  32.3%  1142 1300s
   816   506 9.9865e+10  100  374 7.5482e+10 9.9865e+10  32.3%  1135 1305s
   821   508 9.9865e+10  103  340 7.5482e+10 9.9865e+10  32.3%  1128 1310s
   826   511 9.9865e+10  106  334 7.5482e+10 9.9865e+10  32.3%  1122 1315s
   832   511 9.9865e+10  109  337 7.5482e+10 9.9865e+10  32.3%  1114 1323s
   834   513 9.9865e+10  110  375 7.5482e+10 9.9865e+10  32.3%  1112 1326s
   838   515 9.9865e+10  112  331 7.5482e+10 9.9865e+10  32.3%  1106 1330s
   843   519 9.9865e+10  114  327 7.5482e+10 9.9865e+10  32.3%  1100 1335s
   850   515 infeasible  118      7.5482e+10 9.9865e+10  32.3%  1091 1340s
   858   517 9.9865e+10   15  649 7.5482e+10 9.9865e+10  32.3%  1084 1345s
   862   519 9.9865e+10   19 1070 7.5482e+10 9.9865e+10  32.3%  1085 1351s
   866   522 9.9865e+10   23 1400 7.5482e+10 9.9865e+10  32.3%  1087 1356s
   869   524 9.9865e+10   25 1182 7.5482e+10 9.9865e+10  32.3%  1091 1362s
   871   525 9.9865e+10   26 1171 7.5482e+10 9.9865e+10  32.3%  1092 1366s
   873   527 9.9865e+10   27 1207 7.5482e+10 9.9865e+10  32.3%  1091 1370s
   875   528 9.9865e+10   28  957 7.5482e+10 9.9865e+10  32.3%  1098 1377s
   877   529 9.9865e+10   30  740 7.5482e+10 9.9865e+10  32.3%  1105 1381s
   878   530 9.9865e+10   30  983 7.5482e+10 9.9865e+10  32.3%  1107 1385s
   881   532 9.9865e+10   32  745 7.5482e+10 9.9865e+10  32.3%  1104 1390s
   885   535 9.9865e+10   34  735 7.5482e+10 9.9865e+10  32.3%  1099 1395s
   888   537 9.9865e+10   36  716 7.5482e+10 9.9865e+10  32.3%  1104 1401s
   889   537 9.9865e+10   36  857 7.5482e+10 9.9865e+10  32.3%  1109 1407s
   891   539 9.9865e+10   38  836 7.5482e+10 9.9865e+10  32.3%  1107 1410s
   893   538 9.9865e+10   39  823 7.5482e+10 9.9865e+10  32.3%  1111 1418s
   894   539 9.9865e+10   39  851 7.5482e+10 9.9865e+10  32.3%  1115 1422s
   896   538     cutoff   41      7.5482e+10 9.9865e+10  32.3%  1117 1426s
   898   539 9.9865e+10   42  752 7.5482e+10 9.9865e+10  32.3%  1119 1433s
   899   540 9.3430e+10   43  671 7.5482e+10 9.9865e+10  32.3%  1121 1436s
   902   542 9.3430e+10   45  689 7.5482e+10 9.9865e+10  32.3%  1120 1441s
   904   543 9.3430e+10   47  642 7.5482e+10 9.9865e+10  32.3%  1118 1445s
   907   545 9.3430e+10   50  627 7.5482e+10 9.9865e+10  32.3%  1115 1450s
   910   547 9.2845e+10   53  677 7.5482e+10 9.9865e+10  32.3%  1113 1455s
   914   544 8.4655e+10   52  374 7.5482e+10 9.9865e+10  32.3%  1112 1499s
   915   545 8.4655e+10   53  358 7.5482e+10 9.9865e+10  32.3%  1111 1500s
   919   547 8.4655e+10   55  324 7.5482e+10 9.9865e+10  32.3%  1108 1505s
   922   549 8.4655e+10   56  316 7.5482e+10 9.9865e+10  32.3%  1105 1510s
   926   550 8.4655e+10   58  281 7.5482e+10 9.9865e+10  32.3%  1103 1516s
   929   552 8.4655e+10   60  280 7.5482e+10 9.9865e+10  32.3%  1099 1520s
   932   554 8.4655e+10   61  307 7.5482e+10 9.9865e+10  32.3%  1096 1525s
   936   557 8.4655e+10   63  251 7.5482e+10 9.9865e+10  32.3%  1091 1530s
   939   559 8.4655e+10   65  249 7.5482e+10 9.9865e+10  32.3%  1088 1535s
   941   560 8.4655e+10   66  221 7.5482e+10 9.9865e+10  32.3%  1086 1564s
   942   561 8.4655e+10   66  248 7.5482e+10 9.9865e+10  32.3%  1085 1565s
   945   563 8.4655e+10   68  204 7.5482e+10 9.9865e+10  32.3%  1082 1570s
   948   565 8.4655e+10   69  192 7.5482e+10 9.9865e+10  32.3%  1078 1576s
   952   567 8.4655e+10   71  159 7.5482e+10 9.9865e+10  32.3%  1074 1580s
   956   570 8.4655e+10   73  157 7.5482e+10 9.9865e+10  32.3%  1070 1587s
   958   571 8.4655e+10   74  164 7.5482e+10 9.9865e+10  32.3%  1067 1590s
   963   575 8.4655e+10   77  113 7.5482e+10 9.9865e+10  32.3%  1062 1595s
   967   575 8.4655e+10   78  158 7.5482e+10 9.9865e+10  32.3%  1058 1600s
   968   576 8.4655e+10   79  131 7.5482e+10 9.9865e+10  32.3%  1057 1615s
   971   574 infeasible   80      7.5482e+10 9.9865e+10  32.3%  1054 1620s
   974   574 infeasible   81      7.5482e+10 9.9865e+10  32.3%  1051 1625s
   979   571 infeasible   84      7.5482e+10 9.9865e+10  32.3%  1046 1631s
   982   571 9.9865e+10   12 1178 7.5482e+10 9.9865e+10  32.3%  1048 1635s
   985   573 9.9865e+10   14 1162 7.5482e+10 9.9865e+10  32.3%  1049 1641s
   987   575 9.9865e+10   16 1241 7.5482e+10 9.9865e+10  32.3%  1049 1645s
   989   576 9.9865e+10   18 1051 7.5482e+10 9.9865e+10  32.3%  1051 1651s
   991   577 9.9865e+10   20 1146 7.5482e+10 9.9865e+10  32.3%  1052 1655s
   994   579 9.9865e+10   23 1090 7.5482e+10 9.9865e+10  32.3%  1054 1661s
   996   581 9.9865e+10   25 1115 7.5482e+10 9.9865e+10  32.3%  1053 1665s
   997   581 9.9865e+10   25 1083 7.5482e+10 9.9865e+10  32.3%  1056 1670s
   999   583 9.9865e+10   26 1153 7.5482e+10 9.9865e+10  32.3%  1058 1675s
  1000   583 9.9865e+10   27 1495 7.5482e+10 9.9865e+10  32.3%  1059 1680s
  1002   585 9.9865e+10   28 1172 7.5482e+10 9.9865e+10  32.3%  1060 1685s
  1004   586 9.9865e+10   30 1110 7.5482e+10 9.9865e+10  32.3%  1058 1690s
  1005   587 9.9865e+10   30 1005 7.5482e+10 9.9865e+10  32.3%  1063 1695s
  1007   588 9.9865e+10   31 1148 7.5482e+10 9.9865e+10  32.3%  1068 1700s
  1010   590 9.9865e+10   33  863 7.5482e+10 9.9865e+10  32.3%  1071 1706s
  1013   592 9.9865e+10   35  962 7.5482e+10 9.9865e+10  32.3%  1071 1710s
  1016   594 9.9865e+10   37 1123 7.5482e+10 9.9865e+10  32.3%  1070 1715s
  1020   597 9.9865e+10   39 1086 7.5482e+10 9.9865e+10  32.3%  1067 1721s
  1022   598 9.9865e+10   40 1084 7.5482e+10 9.9865e+10  32.3%  1065 1726s
  1024   599 9.9865e+10   41 1080 7.5482e+10 9.9865e+10  32.3%  1063 1730s
  1026   601 9.9865e+10   42  910 7.5482e+10 9.9865e+10  32.3%  1071 1737s
  1028   602 9.9865e+10   43  890 7.5482e+10 9.9865e+10  32.3%  1071 1741s
  1030   603 9.9865e+10   44  996 7.5482e+10 9.9865e+10  32.3%  1069 1745s
  1033   605 9.9865e+10   46 1042 7.5482e+10 9.9865e+10  32.3%  1069 1750s
  1036   607 9.9865e+10   47  985 7.5482e+10 9.9865e+10  32.3%  1071 1755s
  1040   610 9.9865e+10   49 1002 7.5482e+10 9.9865e+10  32.3%  1068 1761s
  1043   612 9.9865e+10   51  822 7.5482e+10 9.9865e+10  32.3%  1067 1765s
  1047   615 9.9865e+10   53  878 7.5482e+10 9.9865e+10  32.3%  1065 1772s
  1049   616 9.9865e+10   54  856 7.5482e+10 9.9865e+10  32.3%  1064 1783s
  1050   617 9.9865e+10   54  881 7.5482e+10 9.9865e+10  32.3%  1063 1785s
  1052   618 9.9865e+10   55  864 7.5482e+10 9.9865e+10  32.3%  1061 1790s
  1054   619 9.9865e+10   56  831 7.5482e+10 9.9865e+10  32.3%  1060 1800s
  1058   622 9.9865e+10   58  828 7.5482e+10 9.9865e+10  32.3%  1056 1805s
  1063   625 9.9865e+10   61  750 7.5482e+10 9.9865e+10  32.3%  1052 1810s
  1066   627 9.9865e+10   62  770 7.5482e+10 9.9865e+10  32.3%  1050 1815s
  1069   629 9.9865e+10   64  804 7.5482e+10 9.9865e+10  32.3%  1047 1820s
  1073   632 9.9865e+10   66  751 7.5482e+10 9.9865e+10  32.3%  1043 1825s
  1076   634 9.9865e+10   67  750 7.5482e+10 9.9865e+10  32.3%  1040 1833s
  1078   635 9.9865e+10   68  672 7.5482e+10 9.9865e+10  32.3%  1039 1835s
  1081   637 9.9865e+10   70  688 7.5482e+10 9.9865e+10  32.3%  1036 1840s
  1083   639 9.9865e+10   71  684 7.5482e+10 9.9865e+10  32.3%  1035 1845s
  1087   639 9.9865e+10   73  753 7.5482e+10 9.9865e+10  32.3%  1032 1851s
  1091   642 9.9865e+10   75  606 7.5482e+10 9.9865e+10  32.3%  1029 1856s
  1095   645 9.9865e+10   77  603 7.5482e+10 9.9865e+10  32.3%  1025 1860s
  1098   647 9.9865e+10   78  640 7.5482e+10 9.9865e+10  32.3%  1023 1865s
  1103   650 9.9865e+10   81  788 7.5482e+10 9.9865e+10  32.3%  1019 1871s
  1107   653 9.9865e+10   83  634 7.5482e+10 9.9865e+10  32.3%  1015 1876s
  1111   655 9.9865e+10   85  676 7.5482e+10 9.9865e+10  32.3%  1012 1880s
  1116   659 9.9865e+10   87  672 7.5482e+10 9.9865e+10  32.3%  1008 1885s
  1121   658 9.9865e+10   90  667 7.5482e+10 9.9865e+10  32.3%  1004 1890s
  1127   658 9.9865e+10   93  714 7.5482e+10 9.9865e+10  32.3%   999 1895s
  1132   661 9.9865e+10   96  685 7.5482e+10 9.9865e+10  32.3%   995 1900s
  1138   660 9.9865e+10   98  729 7.5482e+10 9.9865e+10  32.3%   990 1905s
  1142   659 infeasible  100      7.5482e+10 9.9865e+10  32.3%   988 1910s
  1146   660 infeasible  102      7.5482e+10 9.9865e+10  32.3%   985 1916s
  1149   662 9.9865e+10  104  677 7.5482e+10 9.9865e+10  32.3%   983 1921s
  1154   661 9.9865e+10  106  682 7.5482e+10 9.9865e+10  32.3%   979 1925s
  1159   660 9.9865e+10  109  682 7.5482e+10 9.9865e+10  32.3%   976 1930s
  1163   661 9.9865e+10  111  676 7.5482e+10 9.9865e+10  32.3%   973 1935s
  1169   661 9.9865e+10  114  740 7.5482e+10 9.9865e+10  32.3%   968 1941s
  1173   662 9.9865e+10  116  662 7.5482e+10 9.9865e+10  32.3%   965 1945s
  1176   662 9.9865e+10  117  663 7.5482e+10 9.9865e+10  32.3%   963 1959s
  1177   662 9.9865e+10  117  668 7.5482e+10 9.9865e+10  32.3%   962 1960s
  1183   662 9.9865e+10  121  659 7.5482e+10 9.9865e+10  32.3%   957 1965s
  1187   661 9.9865e+10  123  658 7.5482e+10 9.9865e+10  32.3%   954 1970s
  1192   660 9.9865e+10  125  650 7.5482e+10 9.9865e+10  32.3%   951 1975s
  1197   662 infeasible  128      7.5482e+10 9.9865e+10  32.3%   947 1980s
  1201   662 9.9865e+10  129  696 7.5482e+10 9.9865e+10  32.3%   945 1985s
  1207   662 9.9865e+10  132  749 7.5482e+10 9.9865e+10  32.3%   941 1992s
  1210   662 infeasible  134      7.5482e+10 9.9865e+10  32.3%   939 1995s
  1213   664 9.9865e+10  135  745 7.5482e+10 9.9865e+10  32.3%   937 2005s
  1218   666 9.8695e+10  138  162 7.5482e+10 9.9865e+10  32.3%   933 2010s
  1224   666 9.8695e+10  140  324 7.5482e+10 9.9865e+10  32.3%   930 2016s
  1231   666 9.8695e+10  144  219 7.5482e+10 9.9865e+10  32.3%   924 2020s
  1238   669 9.8695e+10  147  206 7.5482e+10 9.9865e+10  32.3%   920 2025s
  1244   663 infeasible  147      7.5482e+10 9.9865e+10  32.3%   915 2030s
  1245   664 9.8695e+10  146  277 7.5482e+10 9.9865e+10  32.3%   915 2039s
  1246   664 9.8695e+10  146  273 7.5482e+10 9.9865e+10  32.3%   914 2040s
  1253   661 9.9865e+10   13  688 7.5482e+10 9.9865e+10  32.3%   911 2045s
  1256   663 9.9865e+10   15  688 7.5482e+10 9.9865e+10  32.3%   912 2050s
  1259   665 9.9865e+10   17 1148 7.5482e+10 9.9865e+10  32.3%   914 2055s
  1262   667 9.9865e+10   20 1090 7.5482e+10 9.9865e+10  32.3%   916 2062s
  1263   668 9.9865e+10   21 1095 7.5482e+10 9.9865e+10  32.3%   917 2066s
  1265   669 9.9865e+10   23  951 7.5482e+10 9.9865e+10  32.3%   917 2070s
  1268   671 9.9865e+10   26 1141 7.5482e+10 9.9865e+10  32.3%   919 2078s
  1269   672 9.9865e+10   26  789 7.5482e+10 9.9865e+10  32.3%   920 2080s
  1272   674 9.9865e+10   28  750 7.5482e+10 9.9865e+10  32.3%   920 2122s
  1274   675 9.9419e+10   29  692 7.5482e+10 9.9865e+10  32.3%   923 2128s
  1275   676 9.9419e+10   30  708 7.5482e+10 9.9865e+10  32.3%   923 2130s
  1278   678 9.9419e+10   33  926 7.5482e+10 9.9865e+10  32.3%   927 2139s
  1279   678 9.9419e+10   34  808 7.5482e+10 9.9865e+10  32.3%   926 2141s
  1281   680 9.9419e+10   36  733 7.5482e+10 9.9865e+10  32.3%   925 2145s
  1282   680 9.9419e+10   37  728 7.5482e+10 9.9865e+10  32.3%   924 2351s
  1284   682 9.9419e+10   39  724 7.5482e+10 9.9865e+10  32.3%   923 2355s
  1287   684 9.9419e+10   42  708 7.5482e+10 9.9865e+10  32.3%   921 2361s
  1289   684 9.9419e+10   43  737 7.5482e+10 9.9865e+10  32.3%   923 2373s
  1290   685 9.9419e+10   44  688 7.5482e+10 9.9865e+10  32.3%   924 2376s
  1293   687 8.4209e+10   46  407 7.5482e+10 9.9865e+10  32.3%   924 2381s
  1295   688 8.4209e+10   48  403 7.5482e+10 9.9865e+10  32.3%   922 2385s
  1300   685 infeasible   51      7.5482e+10 9.9865e+10  32.3%   920 2390s
  1302   685 9.9865e+10  102  319 7.5482e+10 9.9865e+10  32.3%   919 2412s
  1304   686 9.9865e+10  104  402 7.5482e+10 9.9865e+10  32.3%   918 2415s
  1309   688 9.9865e+10  108  374 7.5482e+10 9.9865e+10  32.3%   915 2420s
  1315   688 9.9865e+10  111  351 7.5482e+10 9.9865e+10  32.3%   911 2425s
  1319   691 9.9865e+10  113  344 7.5482e+10 9.9865e+10  32.3%   908 2430s
  1325   691 9.9865e+10  115  320 7.5482e+10 9.9865e+10  32.3%   904 2435s
  1329   690 infeasible  117      7.5482e+10 9.9865e+10  32.3%   902 2440s
  1330   690 9.9865e+10  117  338 7.5482e+10 9.9865e+10  32.3%   901 2454s
  1331   689 infeasible  118      7.5482e+10 9.9865e+10  32.3%   900 2456s
  1338   684 9.9865e+10  104  380 7.5482e+10 9.9865e+10  32.3%   897 2460s
  1342   686 9.9865e+10  108  416 7.5482e+10 9.9865e+10  32.3%   894 2465s
  1348   688 9.9865e+10  111  362 7.5482e+10 9.9865e+10  32.3%   890 2470s
  1351   690 9.9865e+10  113  374 7.5482e+10 9.9865e+10  32.3%   889 2475s
  1356   690 infeasible  115      7.5482e+10 9.9865e+10  32.3%   886 2481s
  1357   690 9.9865e+10  115  370 7.5482e+10 9.9865e+10  32.3%   885 2532s
  1360   690 9.9865e+10  117  327 7.5482e+10 9.9865e+10  32.3%   883 2535s
  1364   693 9.8080e+10  119  367 7.5482e+10 9.9865e+10  32.3%   881 2541s
  1368   694 9.0937e+10  121  221 7.5482e+10 9.9865e+10  32.3%   879 2545s
  1374   698 9.0937e+10  124  216 7.5482e+10 9.9865e+10  32.3%   875 2550s
  1380   702 9.0937e+10  127  210 7.5482e+10 9.9865e+10  32.3%   871 2555s
  1384   704 9.0937e+10  129  266 7.5482e+10 9.9865e+10  32.3%   869 2563s
  1387   702 infeasible  131      7.5482e+10 9.9865e+10  32.3%   867 2565s
  1394   697 infeasible  131      7.5482e+10 9.9865e+10  32.3%   863 2571s
  1398   697 8.9152e+10  130  301 7.5482e+10 9.9865e+10  32.3%   861 2575s
  1405   691 infeasible  129      7.5482e+10 9.9865e+10  32.3%   857 2580s
  1411   691 8.3795e+10  129  205 7.5482e+10 9.9865e+10  32.3%   853 2593s
  1414   691 8.3795e+10  130  204 7.5482e+10 9.9865e+10  32.3%   851 2595s
  1422   685 infeasible  131      7.5482e+10 9.9865e+10  32.3%   847 2600s
  1428   681 9.9865e+10  102  368 7.5482e+10 9.9865e+10  32.3%   844 2606s
  1432   683 9.9865e+10  106  392 7.5482e+10 9.9865e+10  32.3%   842 2611s
  1436   686 9.9865e+10  110  340 7.5482e+10 9.9865e+10  32.3%   840 2615s
  1440   689 9.9865e+10  114  345 7.5482e+10 9.9865e+10  32.3%   838 2620s
  1445   692 9.4508e+10  118  222 7.5482e+10 9.9865e+10  32.3%   835 2625s
  1451   696 9.2723e+10  122  218 7.5482e+10 9.9865e+10  32.3%   832 2630s
  1458   701 9.4508e+10  126  211 7.5482e+10 9.9865e+10  32.3%   828 2635s
  1465   705 9.4508e+10  129  201 7.5482e+10 9.9865e+10  32.3%   824 2648s
  1468   705 infeasible  131      7.5482e+10 9.9865e+10  32.3%   823 2651s
  1473   708 9.4508e+10  134  176 7.5482e+10 9.9865e+10  32.3%   820 2655s
  1478   710 9.4508e+10  137  172 7.5482e+10 9.9865e+10  32.3%   817 2660s
  1485   711 9.4508e+10  140  178 7.5482e+10 9.9865e+10  32.3%   814 2665s
  1492   711 infeasible  144      7.5482e+10 9.9865e+10  32.3%   810 2670s
  1496   708 infeasible  144      7.5482e+10 9.9865e+10  32.3%   808 2675s
  1505   706 9.4508e+10  145  176 7.5482e+10 9.9865e+10  32.3%   803 2680s
  1512   701 infeasible  146      7.5482e+10 9.9865e+10  32.3%   799 2685s
  1516   699 9.9865e+10  101  335 7.5482e+10 9.9865e+10  32.3%   799 2690s
  1520   698 infeasible  103      7.5482e+10 9.9865e+10  32.3%   797 2695s
  1521   699 9.9865e+10  104  468 7.5482e+10 9.9865e+10  32.3%   798 2714s
  1522   697 infeasible  105      7.5482e+10 9.9865e+10  32.3%   797 2715s
  1527   699 9.9865e+10  108  453 7.5482e+10 9.9865e+10  32.3%   795 2720s
  1534   699 8.5580e+10  110  281 7.5482e+10 9.9865e+10  32.3%   792 2725s
  1538   700 8.5580e+10  113  276 7.5482e+10 9.9865e+10  32.3%   790 2730s
  1544   704 8.5580e+10  117  277 7.5482e+10 9.9865e+10  32.3%   787 2735s
  1548   707 8.5580e+10  120  264 7.5482e+10 9.9865e+10  32.3%   785 2740s
  1555   711 8.5580e+10  124  244 7.5482e+10 9.9865e+10  32.3%   782 2746s
  1559   714 8.5580e+10  126  256 7.5482e+10 9.9865e+10  32.3%   780 2750s
  1564   717 8.5580e+10  128  187 7.5482e+10 9.9865e+10  32.3%   777 2755s
  1569   719 8.5580e+10  127  240 7.5482e+10 9.9865e+10  32.3%   775 2761s
  1572   721 8.5580e+10  128  192 7.5482e+10 9.9865e+10  32.3%   774 2765s
  1576   721 8.5580e+10  130  186 7.5482e+10 9.9865e+10  32.3%   772 2770s
  1585   720 8.5580e+10  134  181 7.5482e+10 9.9865e+10  32.3%   768 2775s
  1594   714 9.9865e+10  101  361 7.5482e+10 9.9865e+10  32.3%   764 2781s
  1599   716 9.9865e+10  105  354 7.5482e+10 9.9865e+10  32.3%   762 2786s
  1603   718 9.9865e+10  108  225 7.5482e+10 9.9865e+10  32.3%   760 2790s
  1609   722 9.9865e+10  114  218 7.5482e+10 9.9865e+10  32.3%   758 2795s
  1616   727 9.9865e+10  117  193 7.5482e+10 9.9865e+10  32.3%   755 2801s
  1624   724 9.9865e+10  116  184 7.5482e+10 9.9865e+10  32.3%   751 2805s
H 1626   696                    8.083920e+10 9.9865e+10  23.5%   750 2806s
  1629   700 9.9865e+10  119  250 8.0839e+10 9.9865e+10  23.5%   749 2818s
  1632   700 infeasible  119      8.0839e+10 9.9865e+10  23.5%   748 2820s
  1638   702 9.9865e+10  120  191 8.0839e+10 9.9865e+10  23.5%   745 2825s
  1644   706 9.9865e+10  124  263 8.0839e+10 9.9865e+10  23.5%   743 2830s
  1652   711 9.9865e+10  128  256 8.0839e+10 9.9865e+10  23.5%   739 2835s
  1656   714 9.9865e+10  130  264 8.0839e+10 9.9865e+10  23.5%   738 2842s
  1660   716 9.9865e+10  131  212 8.0839e+10 9.9865e+10  23.5%   736 2845s
  1667   721 9.9865e+10  135  204 8.0839e+10 9.9865e+10  23.5%   733 2850s
  1673   725 9.6294e+10  135  203 8.0839e+10 9.9865e+10  23.5%   731 2855s
  1679   729 9.9865e+10  140  203 8.0839e+10 9.9865e+10  23.5%   728 2860s
  1684   732 9.9865e+10  143  201 8.0839e+10 9.9865e+10  23.5%   726 2865s
  1690   734 9.9865e+10  144  207 8.0839e+10 9.9865e+10  23.5%   724 2870s
  1696   732 9.9865e+10  146  206 8.0839e+10 9.9865e+10  23.5%   721 2875s
  1701   730 9.9865e+10  118  205 8.0839e+10 9.9865e+10  23.5%   720 2881s
  1707   734 9.9865e+10  123  180 8.0839e+10 9.9865e+10  23.5%   717 2885s
  1710   736 9.9865e+10  126  174 8.0839e+10 9.9865e+10  23.5%   716 2899s
  1711   736 9.9865e+10  127  175 8.0839e+10 9.9865e+10  23.5%   716 2900s
  1720   738 9.9865e+10  131  166 8.0839e+10 9.9865e+10  23.5%   712 2905s
  1727   743 9.9865e+10  134  156 8.0839e+10 9.9865e+10  23.5%   709 2910s
  1735   748 9.8080e+10  138  147 8.0839e+10 9.9865e+10  23.5%   706 2915s
  1738   750 9.9865e+10  139  144 8.0839e+10 9.9865e+10  23.5%   705 2920s
  1746   754 9.9865e+10  143  134 8.0839e+10 9.9865e+10  23.5%   702 2925s
  1755   750 infeasible  144      8.0839e+10 9.9865e+10  23.5%   698 2930s
  1764   746 9.9865e+10  126  175 8.0839e+10 9.9865e+10  23.5%   694 2949s
  1765   746 9.9865e+10  127  207 8.0839e+10 9.9865e+10  23.5%   694 2950s
  1775   753 9.9865e+10  135  161 8.0839e+10 9.9865e+10  23.5%   690 2955s
  1783   754 9.9865e+10  138  153 8.0839e+10 9.9865e+10  23.5%   687 2960s
  1789   758 9.9865e+10  141  135 8.0839e+10 9.9865e+10  23.5%   685 2965s
  1797   766 9.9865e+10  142  132 8.0839e+10 9.9865e+10  23.5%   682 2970s
  1806   768 9.9865e+10  148  129 8.0839e+10 9.9865e+10  23.5%   679 2975s
  1813   769 9.9865e+10  152  137 8.0839e+10 9.9865e+10  23.5%   677 2980s
  1824   764 9.9865e+10  141  297 8.0839e+10 9.9865e+10  23.5%   673 2985s
  1834   764 9.9865e+10  146  121 8.0839e+10 9.9865e+10  23.5%   670 2990s
  1840   765 9.9865e+10  149  126 8.0839e+10 9.9865e+10  23.5%   667 2995s
  1847   766 9.9865e+10  152  118 8.0839e+10 9.9865e+10  23.5%   665 3000s
  1856   765 9.9865e+10  152  120 8.0839e+10 9.9865e+10  23.5%   662 3005s
  1867   760 infeasible  145      8.0839e+10 9.9865e+10  23.5%   659 3010s
  1879   756 9.9865e+10  129  170 8.0839e+10 9.9865e+10  23.5%   655 3015s
  1889   752 infeasible  129      8.0839e+10 9.9865e+10  23.5%   652 3020s
  1897   750 9.9865e+10  141  150 8.0839e+10 9.9865e+10  23.5%   650 3025s
  1908   745 infeasible  137      8.0839e+10 9.9865e+10  23.5%   647 3030s
  1920   741 9.9865e+10  131  172 8.0839e+10 9.9865e+10  23.5%   643 3035s
  1931   736 9.8080e+10  142  257 8.0839e+10 9.9865e+10  23.5%   640 3040s
  1943   730 infeasible  137      8.0839e+10 9.9865e+10  23.5%   636 3045s
  1954   727 9.6294e+10  132  239 8.0839e+10 9.9865e+10  23.5%   634 3050s
  1966   721 9.9865e+10  137  196 8.0839e+10 9.9865e+10  23.5%   630 3055s
  1975   718 9.9865e+10  117  292 8.0839e+10 9.9865e+10  23.5%   628 3092s
  1978   717 9.9865e+10  118  239 8.0839e+10 9.9865e+10  23.5%   627 3095s
  1988   711 infeasible  137      8.0839e+10 9.9865e+10  23.5%   624 3100s
  1997   708 infeasible  121      8.0839e+10 9.9865e+10  23.5%   622 3105s
  2005   706 9.9865e+10  120  220 8.0839e+10 9.9865e+10  23.5%   619 3135s
  2012   703 9.9865e+10  136  204 8.0839e+10 9.9865e+10  23.5%   618 3140s
  2021   698 9.9865e+10  121  200 8.0839e+10 9.9865e+10  23.5%   616 3146s
  2029   694 infeasible  131      8.0839e+10 9.9865e+10  23.5%   614 3150s
  2037   690 infeasible  144      8.0839e+10 9.9865e+10  23.5%   612 3155s
  2044   687 9.9865e+10  133  217 8.0839e+10 9.9865e+10  23.5%   611 3161s
  2050   685 9.9865e+10  135  227 8.0839e+10 9.9865e+10  23.5%   609 3166s
  2055   682 infeasible  132      8.0839e+10 9.9865e+10  23.5%   608 3170s
  2062   679 infeasible  126      8.0839e+10 9.9865e+10  23.5%   606 3175s
  2067   678 9.9865e+10  124  266 8.0839e+10 9.9865e+10  23.5%   606 3180s
  2072   676 9.9865e+10  122  239 8.0839e+10 9.9865e+10  23.5%   604 3186s
  2078   672 infeasible  111      8.0839e+10 9.9865e+10  23.5%   603 3190s
  2083   670 9.9865e+10  118  223 8.0839e+10 9.9865e+10  23.5%   602 3196s
  2089   666 infeasible  130      8.0839e+10 9.9865e+10  23.5%   601 3200s
  2094   663 infeasible  126      8.0839e+10 9.9865e+10  23.5%   600 3205s
  2097   662 9.9865e+10  116  220 8.0839e+10 9.9865e+10  23.5%   600 3210s
  2104   658 infeasible  123      8.0839e+10 9.9865e+10  23.5%   598 3215s
  2109   659 9.9865e+10  117  244 8.0839e+10 9.9865e+10  23.5%   597 3220s
  2117   655 9.9865e+10  132  212 8.0839e+10 9.9865e+10  23.5%   596 3226s
  2123   653 9.9865e+10  126  205 8.0839e+10 9.9865e+10  23.5%   595 3231s
  2130   650 9.0937e+10  108  213 8.0839e+10 9.9865e+10  23.5%   593 3237s
  2134   648 infeasible  109      8.0839e+10 9.9865e+10  23.5%   593 3240s
  2144   640 9.9865e+10  103  463 8.0839e+10 9.9865e+10  23.5%   591 3246s
  2150   634 infeasible  114      8.0839e+10 9.9865e+10  23.5%   591 3250s
  2154   634 9.9865e+10  102  360 8.0839e+10 9.9865e+10  23.5%   591 3256s
  2160   628 infeasible  103      8.0839e+10 9.9865e+10  23.5%   590 3260s
  2165   627 infeasible  111      8.0839e+10 9.9865e+10  23.5%   590 3265s
  2172   623 infeasible  112      8.0839e+10 9.9865e+10  23.5%   589 3270s
  2176   623 9.9865e+10  114  405 8.0839e+10 9.9865e+10  23.5%   589 3275s
  2183   620 9.9865e+10  112  259 8.0839e+10 9.9865e+10  23.5%   588 3280s
  2190   613 infeasible  112      8.0839e+10 9.9865e+10  23.5%   587 3285s
  2194   611 9.9865e+10   13 1062 8.0839e+10 9.9865e+10  23.5%   589 3290s
  2196   611     cutoff   14      8.0839e+10 9.9865e+10  23.5%   592 3295s
  2197   612 9.9865e+10   15 1019 8.0839e+10 9.9865e+10  23.5%   595 3300s
  2198   613 9.9865e+10   16 1105 8.0839e+10 9.9865e+10  23.5%   598 3307s
  2200   615 9.9865e+10   18  909 8.0839e+10 9.9865e+10  23.5%   599 3312s
  2201   616 9.9865e+10   19  891 8.0839e+10 9.9865e+10  23.5%   598 3315s
  2203   618 9.9865e+10   21 1036 8.0839e+10 9.9865e+10  23.5%   599 3321s
  2205   620 9.9865e+10   20  868 8.0839e+10 9.9865e+10  23.5%   600 3327s
  2206   619 infeasible   23      8.0839e+10 9.9865e+10  23.5%   602 3331s
  2210   617 9.9865e+10   12 1145 8.0839e+10 9.9865e+10  23.5%   605 3339s
  2211   618 9.9865e+10   13 1138 8.0839e+10 9.9865e+10  23.5%   612 3350s
  2213   620 8.8165e+10   14  690 8.0839e+10 9.9865e+10  23.5%   616 3356s
  2215   622 8.8165e+10   15  816 8.0839e+10 9.9865e+10  23.5%   618 3360s
  2218   625 8.8165e+10   18  467 8.0839e+10 9.9865e+10  23.5%   618 3366s
  2221   626 8.8165e+10   19  568 8.0839e+10 9.9865e+10  23.5%   618 3371s
  2224   629 8.8165e+10   22  562 8.0839e+10 9.9865e+10  23.5%   618 3375s
  2227   632 8.8165e+10   25  534 8.0839e+10 9.9865e+10  23.5%   618 3382s
  2229   634 8.8165e+10   27  580 8.0839e+10 9.9865e+10  23.5%   617 3385s
  2232   637 8.8165e+10   30  574 8.0839e+10 9.9865e+10  23.5%   617 3391s
  2235   636 8.8165e+10   29  338 8.0839e+10 9.9865e+10  23.5%   618 3397s
  2237   638 8.8165e+10   31  330 8.0839e+10 9.9865e+10  23.5%   618 3400s
  2241   642 8.8165e+10   34  399 8.0839e+10 9.9865e+10  23.5%   618 3405s
  2244   645 8.8165e+10   36  445 8.0839e+10 9.9865e+10  23.5%   617 3410s
  2247   648 8.8165e+10   39  499 8.0839e+10 9.9865e+10  23.5%   617 3416s
  2249   650 8.8165e+10   41  384 8.0839e+10 9.9865e+10  23.5%   617 3420s
  2252   653 8.6380e+10   44  343 8.0839e+10 9.9865e+10  23.5%   616 3426s
  2254   655 8.8165e+10   45  353 8.0839e+10 9.9865e+10  23.5%   616 3431s
  2256   657 8.6380e+10   47  328 8.0839e+10 9.9865e+10  23.5%   616 3435s
  2260   657 8.8165e+10   46  350 8.0839e+10 9.9865e+10  23.5%   615 3441s
  2263   658 8.6380e+10   48  317 8.0839e+10 9.9865e+10  23.5%   615 3445s
  2270   651 infeasible  112      8.0839e+10 9.9865e+10  23.5%   614 3450s
  2274   655 9.9865e+10   97  533 8.0839e+10 9.9865e+10  23.5%   614 3457s
  2278   657 9.9865e+10  100  453 8.0839e+10 9.9865e+10  23.5%   613 3460s
  2281   660 9.0937e+10  103  368 8.0839e+10 9.9865e+10  23.5%   613 3476s
  2285   664 9.9865e+10  106  432 8.0839e+10 9.9865e+10  23.5%   612 3481s
  2290   669 9.9865e+10  111  427 8.0839e+10 9.9865e+10  23.5%   611 3485s
  2296   675 9.9865e+10  117  342 8.0839e+10 9.9865e+10  23.5%   609 3490s
  2301   680 9.9865e+10  122  335 8.0839e+10 9.9865e+10  23.5%   608 3495s
  2308   685 infeasible  128      8.0839e+10 9.9865e+10  23.5%   606 3500s
  2312   687 9.9865e+10  127  382 8.0839e+10 9.9865e+10  23.5%   605 3505s
  2318   691 9.9865e+10  132  369 8.0839e+10 9.9865e+10  23.5%   604 3510s
  2324   697 9.9865e+10  137  390 8.0839e+10 9.9865e+10  23.5%   602 3516s
  2329   702 9.9865e+10  141  385 8.0839e+10 9.9865e+10  23.5%   601 3520s
  2336   703 9.6294e+10  144  349 8.0839e+10 9.9865e+10  23.5%   599 3530s
  2343   708 infeasible  149      8.0839e+10 9.9865e+10  23.5%   597 3535s
  2349   707 9.8080e+10  148  344 8.0839e+10 9.9865e+10  23.5%   596 3540s
  2354   710 9.8080e+10  152  342 8.0839e+10 9.9865e+10  23.5%   595 3545s
  2361   705 infeasible  130      8.0839e+10 9.9865e+10  23.5%   594 3551s
  2363   705 9.9865e+10  113  368 8.0839e+10 9.9865e+10  23.5%   593 3570s
  2367   707 9.9865e+10  116  324 8.0839e+10 9.9865e+10  23.5%   593 3575s
  2373   709 infeasible  121      8.0839e+10 9.9865e+10  23.5%   591 3580s
  2378   712 9.9865e+10  121  280 8.0839e+10 9.9865e+10  23.5%   590 3585s
  2386   720 9.9865e+10  129  290 8.0839e+10 9.9865e+10  23.5%   588 3590s

Cutting planes:
  Gomory: 1
  Cover: 2222
  Implied bound: 462
  MIR: 20
  Flow cover: 554
  Inf proof: 34
  Zero half: 2641
  Mod-K: 1
  RLT: 81
  Relax-and-lift: 185

Explored 2393 nodes (1767205 simplex iterations) in 3594.98 seconds (2033.53 work units)
Thread count was 1 (of 28 available processors)

Solution count 10: 8.08392e+10 7.54824e+10 7.19112e+10 ... 2.30904e+10

Time limit reached
Best objective 8.083920000000e+10, best bound 9.986520000000e+10, gap 23.5356%

User-callback calls 449801, time in user-callback 0.72 sec