Gurobi Optimizer version 12.0.3 build v12.0.3rc0 (linux64 - "Oracle Linux Server 9.4")

CPU model: Intel(R) Xeon(R) CPU E5-2660 v4 @ 2.00GHz, instruction set [SSE2|AVX|AVX2]
Thread count: 28 physical cores, 28 logical processors, using up to 1 threads

Non-default parameters:
TimeLimit  3592.503074522
SoftMemLimit  16
NumericFocus  1
Threads  1

Academic license 2690100 - for non-commercial use only - registered to ju___@uclm.es
Optimize a model with 119262 rows, 27684 columns and 520386 nonzeros
Model fingerprint: 0x4406d836
Variable types: 180 continuous, 27504 integer (27504 binary)
Coefficient statistics:
  Matrix range     [1e+00, 8e+12]
  Objective range  [3e+08, 2e+09]
  Bounds range     [2e+03, 1e+04]
  RHS range        [1e+00, 2e+14]
Warning: Model contains large matrix coefficient range
Warning: Model contains large objective coefficients
Warning: Model contains large rhs
Found heuristic solution: objective -0.0000000
Presolve removed 19138 rows and 0 columns
Presolve time: 2.43s
Presolved: 100124 rows, 27684 columns, 363110 nonzeros
Variable types: 180 continuous, 27504 integer (27504 binary)

Use crossover to convert LP symmetric solution to basic solution...

Root relaxation: objective 1.033572e+11, 6273 iterations, 1.61 seconds (1.12 work units)

    Nodes    |    Current Node    |     Objective Bounds      |     Work
 Expl Unexpl |  Obj  Depth IntInf | Incumbent    BestBd   Gap | It/Node Time

     0     0 1.0336e+11    0 1647   -0.00000 1.0336e+11      -     -   18s
H    0     0                    7.352400e+09 1.0336e+11  1306%     -   22s
H    0     0                    8.522400e+09 1.0336e+11  1113%     -   22s
H    0     0                    1.039440e+10 1.0336e+11   894%     -   22s
H    0     0                    1.624440e+10 1.0336e+11   536%     -   24s
H    0     0                    1.741440e+10 1.0336e+11   494%     -   25s
H    0     0                    2.092440e+10 1.0336e+11   394%     -   26s
     0     0 1.0336e+11    0  517 2.0924e+10 1.0336e+11   394%     -   37s
H    0     0                    2.312760e+10 1.0336e+11   347%     -   39s
     0     0 1.0336e+11    0  652 2.3128e+10 1.0336e+11   347%     -   42s
     0     0 1.0336e+11    0  577 2.3128e+10 1.0336e+11   347%     -   66s
     0     0 1.0336e+11    0  570 2.3128e+10 1.0336e+11   347%     -   69s
     0     0 1.0336e+11    0  664 2.3128e+10 1.0336e+11   347%     -   91s
     0     0 1.0336e+11    0  666 2.3128e+10 1.0336e+11   347%     -   95s
     0     0 1.0336e+11    0  814 2.3128e+10 1.0336e+11   347%     -  123s
H    0     0                    5.623560e+10 1.0336e+11  83.8%     -  126s
     0     0 1.0336e+11    0  818 5.6236e+10 1.0336e+11  83.8%     -  129s
     0     0 1.0336e+11    0  884 5.6236e+10 1.0336e+11  83.8%     -  156s
     0     0 1.0336e+11    0  807 5.6236e+10 1.0336e+11  83.8%     -  179s
H    0     0                    6.298560e+10 1.0336e+11  64.1%     -  208s
H    0     0                    6.341640e+10 1.0336e+11  63.0%     -  248s
     0     2 1.0336e+11    0  807 6.3416e+10 1.0336e+11  63.0%     -  248s
     1     3 1.0336e+11    1  954 6.3416e+10 1.0336e+11  63.0% 25587  255s
     2     4 1.0336e+11    1  972 6.3416e+10 1.0336e+11  63.0% 16628  261s
     4     6 1.0336e+11    2 1079 6.3416e+10 1.0336e+11  63.0% 11248  266s
     6     8 1.0336e+11    3 1197 6.3416e+10 1.0336e+11  63.0%  9048  271s
     9    11 1.0336e+11    5 1518 6.3416e+10 1.0336e+11  63.0%  6839  275s
    13    15 1.0336e+11    7 1463 6.3416e+10 1.0336e+11  63.0%  5146  280s
    18    20 1.0336e+11   10 1726 6.3416e+10 1.0336e+11  63.0%  3883  286s
    22    24 1.0336e+11   12 1562 6.3416e+10 1.0336e+11  63.0%  3229  290s
    26    28 1.0336e+11   14 1539 6.3416e+10 1.0336e+11  63.0%  2764  303s
H   27    27                    6.396720e+10 1.0336e+11  61.6%  2662  305s
H   27    27                    6.439800e+10 1.0336e+11  60.5%  2662  305s
    32    34 1.0336e+11   17 1601 6.4398e+10 1.0336e+11  60.5%  2384  311s
    36    38 1.0336e+11   19 1753 6.4398e+10 1.0336e+11  60.5%  2181  315s
    40    42 1.0336e+11   21 1715 6.4398e+10 1.0336e+11  60.5%  2022  320s
    46    48 1.0336e+11   24 1699 6.4398e+10 1.0336e+11  60.5%  1767  325s
    51    53 1.0336e+11   27 1810 6.4398e+10 1.0336e+11  60.5%  1648  330s
    55    57 1.0336e+11   29 1812 6.4398e+10 1.0336e+11  60.5%  1560  335s
    60    62 1.0336e+11   32 1899 6.4398e+10 1.0336e+11  60.5%  1503  340s
    66    68 1.0336e+11   35 1757 6.4398e+10 1.0336e+11  60.5%  1429  345s
    71    73 1.0336e+11   37 1814 6.4398e+10 1.0336e+11  60.5%  1390  350s
    77    79 1.0336e+11   40 1838 6.4398e+10 1.0336e+11  60.5%  1318  355s
    78    80 1.0336e+11   41 1843 6.4398e+10 1.0336e+11  60.5%  1301  379s
    79    81 1.0336e+11   41 1860 6.4398e+10 1.0336e+11  60.5%  1303  380s
    84    86 1.0336e+11   44 1965 6.4398e+10 1.0336e+11  60.5%  1295  385s
    91    93 1.0336e+11   48 1749 6.4398e+10 1.0336e+11  60.5%  1223  390s
    97    99 1.0336e+11   51 1711 6.4398e+10 1.0336e+11  60.5%  1172  395s
   105   107 1.0336e+11   55 1619 6.4398e+10 1.0336e+11  60.5%  1105  400s
   114   116 1.0336e+11   60 1562 6.4398e+10 1.0336e+11  60.5%  1027  405s
   123   125 1.0336e+11   65 1316 6.4398e+10 1.0336e+11  60.5%   970  410s
   132   134 1.0336e+11   70 1285 6.4398e+10 1.0336e+11  60.5%   927  415s
   139   141 1.0336e+11   74 1252 6.4398e+10 1.0336e+11  60.5%   886  420s
   148   150 1.0336e+11   79 1242 6.4398e+10 1.0336e+11  60.5%   855  425s
   161   163 1.0336e+11   86 1112 6.4398e+10 1.0336e+11  60.5%   801  430s
   174   176 1.0336e+11   92 1172 6.4398e+10 1.0336e+11  60.5%   751  435s
   201   199 1.0336e+11  107 1260 6.4398e+10 1.0336e+11  60.5%   664  440s
   232   223 1.0336e+11  121 1327 6.4398e+10 1.0336e+11  60.5%   590  445s
   269   252 1.0336e+11  139 1294 6.4398e+10 1.0336e+11  60.5%   515  450s
   270   253 1.0336e+11  140 1292 6.4398e+10 1.0336e+11  60.5%   513  475s
   297   268 1.0336e+11  156 1200 6.4398e+10 1.0336e+11  60.5%   470  635s
   298   269 1.0336e+11  156 1193 6.4398e+10 1.0336e+11  60.5%   468  649s
   305   275 1.0336e+11  160 1184 6.4398e+10 1.0336e+11  60.5%   461  650s
   357   312 1.0336e+11  187 1142 6.4398e+10 1.0336e+11  60.5%   402  655s
   399   329 1.0336e+11    2  998 6.4398e+10 1.0336e+11  60.5%   381  661s
   400   330 1.0336e+11    3 1106 6.4398e+10 1.0336e+11  60.5%   405  666s
   405   335 1.0336e+11    8 1296 6.4398e+10 1.0336e+11  60.5%   407  901s
   409   339 1.0336e+11   12 1235 6.4398e+10 1.0336e+11  60.5%   420  905s
   415   345 1.0336e+11   17 1233 6.4398e+10 1.0336e+11  60.5%   419  910s
   419   349 1.0336e+11   19 1199 6.4398e+10 1.0336e+11  60.5%   439  915s
   421   351 1.0336e+11   20 1228 6.4398e+10 1.0336e+11  60.5%   463  920s
   426   356 1.0336e+11   23 1277 6.4398e+10 1.0336e+11  60.5%   477  926s
   429   359 1.0336e+11   25 1387 6.4398e+10 1.0336e+11  60.5%   493  930s
   434   364 1.0336e+11   28 1386 6.4398e+10 1.0336e+11  60.5%   491  935s
   437   367 1.0336e+11   29 1579 6.4398e+10 1.0336e+11  60.5%   509  941s
   440   370 1.0336e+11   31 1755 6.4398e+10 1.0336e+11  60.5%   519  947s
   441   371 1.0336e+11   32 1683 6.4398e+10 1.0336e+11  60.5%   531  950s
   444   374 1.0336e+11   33 1472 6.4398e+10 1.0336e+11  60.5%   536  955s
   449   379 1.0336e+11   36 1559 6.4398e+10 1.0336e+11  60.5%   538  961s
   452   382 1.0336e+11   38 1499 6.4398e+10 1.0336e+11  60.5%   548  966s
   456   386 1.0336e+11   40 1561 6.4398e+10 1.0336e+11  60.5%   545  970s
   460   390 1.0336e+11   42 1450 6.4398e+10 1.0336e+11  60.5%   549  975s
   464   394 1.0336e+11   44 1446 6.4398e+10 1.0336e+11  60.5%   545  980s
   468   398 1.0336e+11   47 1501 6.4398e+10 1.0336e+11  60.5%   548  986s
   470   400 1.0336e+11   48 1472 6.4398e+10 1.0336e+11  60.5%   555  991s
   474   404 1.0336e+11   50 1484 6.4398e+10 1.0336e+11  60.5%   550  995s
   477   407 1.0336e+11   51 1470 6.4398e+10 1.0336e+11  60.5%   554 1000s
   480   410 1.0336e+11   53 1536 6.4398e+10 1.0336e+11  60.5%   560 1005s
   484   414 1.0336e+11   55 1546 6.4398e+10 1.0336e+11  60.5%   563 1010s
   488   418 1.0336e+11   57 1649 6.4398e+10 1.0336e+11  60.5%   561 1015s
   494   424 1.0336e+11   60 1371 6.4398e+10 1.0336e+11  60.5%   557 1020s
   499   429 1.0336e+11   62 1361 6.4398e+10 1.0336e+11  60.5%   553 1026s
   504   434 1.0336e+11   65 1310 6.4398e+10 1.0336e+11  60.5%   549 1030s
   509   439 1.0336e+11   68 1327 6.4398e+10 1.0336e+11  60.5%   545 1035s
   514   444 1.0336e+11   71 1472 6.4398e+10 1.0336e+11  60.5%   548 1041s
   518   448 1.0336e+11   74 1489 6.4398e+10 1.0336e+11  60.5%   546 1045s
   523   453 1.0336e+11   76 1502 6.4398e+10 1.0336e+11  60.5%   543 1050s
   528   458 1.0336e+11   79 1510 6.4398e+10 1.0336e+11  60.5%   550 1055s
   532   462 1.0336e+11   81 1516 6.4398e+10 1.0336e+11  60.5%   550 1060s
   537   467 1.0336e+11   84 1489 6.4398e+10 1.0336e+11  60.5%   555 1065s
   543   473 1.0336e+11   87 1409 6.4398e+10 1.0336e+11  60.5%   557 1070s
   550   480 1.0336e+11   91 1377 6.4398e+10 1.0336e+11  60.5%   555 1075s
   555   484 1.0336e+11   85  807 6.4398e+10 1.0336e+11  60.5%   550 1117s
H  556   460                    6.466800e+10 1.0336e+11  59.8%   549 1241s
   557   460 1.0336e+11   24  432 6.4668e+10 1.0336e+11  59.8%   548 1246s
   558   461 1.0336e+11   90   93 6.4668e+10 1.0336e+11  59.8%   547 1369s
   559   462 1.0336e+11   98   90 6.4668e+10 1.0336e+11  59.8%   546 1370s
   560   462 1.0336e+11   71  450 6.4668e+10 1.0336e+11  59.8%   545 1435s
   561   463 1.0336e+11   50 1163 6.4668e+10 1.0336e+11  59.8%   544 1443s
   562   464 1.0336e+11  201  383 6.4668e+10 1.0336e+11  59.8%   543 1506s
   563   464 1.0336e+11  184  662 6.4668e+10 1.0336e+11  59.8%   542 1511s
H  563   441                    6.489000e+10 1.0336e+11  59.3%   542 1635s
H  563   419                    6.536880e+10 1.0336e+11  58.1%   542 1636s
H  563   398                    7.098480e+10 1.0336e+11  45.6%   542 1637s
H  563   377                    7.492560e+10 1.0336e+11  37.9%   542 1637s
H  563   358                    7.679760e+10 1.0336e+11  34.6%   542 1640s
H  563   340                    7.866960e+10 1.0336e+11  31.4%   542 1641s
H  563   323                    7.960560e+10 1.0336e+11  29.8%   542 1641s
H  563   307                    8.050560e+10 1.0336e+11  28.4%   542 1641s
H  563   291                    8.100960e+10 1.0336e+11  27.6%   542 1644s
   564   292 9.9937e+10   19  105 8.1010e+10 1.0336e+11  27.6%   542 1647s
   565   293 1.0336e+11    9 1079 8.1010e+10 1.0336e+11  27.6%   541 1657s
H  565   278                    8.378160e+10 1.0336e+11  23.4%   541 1715s
H  565   264                    8.405160e+10 1.0336e+11  23.0%   541 1715s
   567   265 1.0336e+11   92  909 8.4052e+10 1.0336e+11  23.0%   539 1733s
   568   266 1.0336e+11  177  138 8.4052e+10 1.0336e+11  23.0%   538 1863s
   569   266 1.0336e+11  106 1527 8.4052e+10 1.0336e+11  23.0%   537 1879s
   570   267 1.0336e+11  176  573 8.4052e+10 1.0336e+11  23.0%   536 1964s
   571   268 1.0336e+11  151  830 8.4052e+10 1.0336e+11  23.0%   535 1978s
   572   268 1.0336e+11   21 1045 8.4052e+10 1.0336e+11  23.0%   534 2060s
   573   269 1.0336e+11  188  941 8.4052e+10 1.0336e+11  23.0%   533 2080s
H  573   256                    8.496120e+10 1.0336e+11  21.7%   533 2170s
   575   257 1.0336e+11   78  794 8.4961e+10 1.0336e+11  21.7%   531 2185s
   576   258 1.0336e+11   87  893 8.4961e+10 1.0336e+11  21.7%   530 2275s
   577   259 1.0336e+11   82  830 8.4961e+10 1.0336e+11  21.7%   529 2347s
   578   259 1.0336e+11   33  830 8.4961e+10 1.0336e+11  21.7%   528 2395s
   579   262 1.0336e+11   13   89 8.4961e+10 1.0336e+11  21.7%  2984 2423s
   580   263 1.0336e+11   13  764 8.4961e+10 1.0336e+11  21.7%  2981 2425s
   584   265 1.0336e+11   15  925 8.4961e+10 1.0336e+11  21.7%  2966 2430s
   590   269 1.0336e+11   18  803 8.4961e+10 1.0336e+11  21.7%  2938 2436s
   593   271 1.0336e+11   20  815 8.4961e+10 1.0336e+11  21.7%  2924 2441s
   595   273 1.0336e+11   21  736 8.4961e+10 1.0336e+11  21.7%  2914 2445s
   597   274 1.0336e+11   22  979 8.4961e+10 1.0336e+11  21.7%  2905 2450s
   600   276 1.0336e+11   23 1098 8.4961e+10 1.0336e+11  21.7%  2892 2455s
   603   278 1.0336e+11   25 1306 8.4961e+10 1.0336e+11  21.7%  2881 2461s
   604   279 1.0336e+11   25  718 8.4961e+10 1.0336e+11  21.7%  2876 2471s
   607   281 1.0336e+11   27  732 8.4961e+10 1.0336e+11  21.7%  2863 2475s
   610   283 1.0336e+11   28  739 8.4961e+10 1.0336e+11  21.7%  2851 2480s
   614   285 1.0336e+11   30  973 8.4961e+10 1.0336e+11  21.7%  2834 2487s
   616   287 1.0336e+11   31  694 8.4961e+10 1.0336e+11  21.7%  2825 2490s
   619   289 1.0336e+11   33 1125 8.4961e+10 1.0336e+11  21.7%  2815 2495s
   623   291 1.0336e+11   35  707 8.4961e+10 1.0336e+11  21.7%  2797 2501s
   626   293 1.0336e+11   36  706 8.4961e+10 1.0336e+11  21.7%  2785 2506s
   629   295 1.0336e+11   38  857 8.4961e+10 1.0336e+11  21.7%  2774 2511s
   632   297 1.0336e+11   40  851 8.4961e+10 1.0336e+11  21.7%  2761 2516s
   635   299 1.0336e+11   41  850 8.4961e+10 1.0336e+11  21.7%  2749 2521s
   638   301 1.0336e+11   43 1092 8.4961e+10 1.0336e+11  21.7%  2738 2527s
   640   303 1.0336e+11   44  850 8.4961e+10 1.0336e+11  21.7%  2730 2530s
   642   304 1.0336e+11   45 1117 8.4961e+10 1.0336e+11  21.7%  2723 2535s
   645   306 1.0336e+11   47 1371 8.4961e+10 1.0336e+11  21.7%  2714 2541s
   647   307 1.0336e+11   48 1312 8.4961e+10 1.0336e+11  21.7%  2706 2545s
   649   309 1.0336e+11   49 1692 8.4961e+10 1.0336e+11  21.7%  2700 2557s
   651   310 1.0336e+11   50 1236 8.4961e+10 1.0336e+11  21.7%  2692 2561s
   654   312 1.0336e+11   51 1289 8.4961e+10 1.0336e+11  21.7%  2681 2566s
   656   313 1.0336e+11   52 1181 8.4961e+10 1.0336e+11  21.7%  2674 2570s
   659   315 1.0336e+11   54 1136 8.4961e+10 1.0336e+11  21.7%  2663 2576s
   662   317 1.0336e+11   55 1137 8.4961e+10 1.0336e+11  21.7%  2652 2580s
   666   320 1.0336e+11   57  917 8.4961e+10 1.0336e+11  21.7%  2637 2586s
   670   323 1.0336e+11   59  917 8.4961e+10 1.0336e+11  21.7%  2622 2590s
   674   325 1.0336e+11   61  951 8.4961e+10 1.0336e+11  21.7%  2607 2595s
   678   328 1.0336e+11   63  997 8.4961e+10 1.0336e+11  21.7%  2592 2600s
   683   330 1.0336e+11   66  953 8.4961e+10 1.0336e+11  21.7%  2575 2605s
   687   333 1.0336e+11   68 1333 8.4961e+10 1.0336e+11  21.7%  2562 2611s
   689   334 1.0336e+11   69  928 8.4961e+10 1.0336e+11  21.7%  2557 2615s
   693   337 1.0336e+11   71  926 8.4961e+10 1.0336e+11  21.7%  2545 2621s
   696   338 1.0336e+11   73 1113 8.4961e+10 1.0336e+11  21.7%  2536 2625s
   700   341 1.0336e+11   75 1134 8.4961e+10 1.0336e+11  21.7%  2522 2630s
   704   343 1.0336e+11   77 1299 8.4961e+10 1.0336e+11  21.7%  2510 2636s
   707   345 1.0336e+11   78 1063 8.4961e+10 1.0336e+11  21.7%  2500 2640s
   710   347 1.0336e+11   80  974 8.4961e+10 1.0336e+11  21.7%  2492 2645s
   713   349 1.0336e+11   81 1207 8.4961e+10 1.0336e+11  21.7%  2485 2650s
   717   352 1.0336e+11   83 1070 8.4961e+10 1.0336e+11  21.7%  2474 2655s
   722   353 1.0336e+11   86 1010 8.4961e+10 1.0336e+11  21.7%  2458 2660s
   726   356 1.0336e+11   88  976 8.4961e+10 1.0336e+11  21.7%  2447 2665s
   730   359 1.0336e+11   90 1012 8.4961e+10 1.0336e+11  21.7%  2434 2670s
   734   361 1.0336e+11   93  877 8.4961e+10 1.0336e+11  21.7%  2422 2675s
   739   365 1.0336e+11   96  910 8.4961e+10 1.0336e+11  21.7%  2406 2680s
   743   367 1.0336e+11   98 1153 8.4961e+10 1.0336e+11  21.7%  2395 2686s
   746   369 1.0336e+11   99 1192 8.4961e+10 1.0336e+11  21.7%  2388 2690s
   750   372 1.0336e+11  101  838 8.4961e+10 1.0336e+11  21.7%  2376 2695s
   752   373 1.0336e+11  102  910 8.4961e+10 1.0336e+11  21.7%  2370 3071s
   755   375 1.0336e+11  104  881 8.4961e+10 1.0336e+11  21.7%  2361 3075s
   760   376 1.0336e+11  106  879 8.4961e+10 1.0336e+11  21.7%  2345 3080s
   764   378 1.0336e+11  109  896 8.4961e+10 1.0336e+11  21.7%  2333 3085s
   767   380 1.0336e+11  110 1009 8.4961e+10 1.0336e+11  21.7%  2327 3091s
   770   382 1.0336e+11  112 1072 8.4961e+10 1.0336e+11  21.7%  2320 3095s
   776   382 1.0336e+11  115 1004 8.4961e+10 1.0336e+11  21.7%  2302 3100s
   780   385 1.0336e+11  117 1004 8.4961e+10 1.0336e+11  21.7%  2292 3105s
   784   388 1.0336e+11  119 1093 8.4961e+10 1.0336e+11  21.7%  2282 3111s
   788   390 1.0336e+11  121 1041 8.4961e+10 1.0336e+11  21.7%  2271 3115s
   793   394 1.0336e+11  123 1088 8.4961e+10 1.0336e+11  21.7%  2258 3120s
   795   395 1.0336e+11  124  983 8.4961e+10 1.0336e+11  21.7%  2254 3125s
   799   398 1.0336e+11  126  850 8.4961e+10 1.0336e+11  21.7%  2245 3130s
   802   400 1.0336e+11  128  919 8.4961e+10 1.0336e+11  21.7%  2238 3135s
   807   403 1.0336e+11  130  873 8.4961e+10 1.0336e+11  21.7%  2225 3141s
   810   405 1.0336e+11  132  978 8.4961e+10 1.0336e+11  21.7%  2219 3145s
   814   408 1.0336e+11  134  945 8.4961e+10 1.0336e+11  21.7%  2209 3150s
   819   411 1.0336e+11  136  843 8.4961e+10 1.0336e+11  21.7%  2195 3155s
   821   412 1.0336e+11  137  837 8.4961e+10 1.0336e+11  21.7%  2190 3189s
   822   413 1.0336e+11  138  829 8.4961e+10 1.0336e+11  21.7%  2187 3190s
   826   416 1.0336e+11  140 1006 8.4961e+10 1.0336e+11  21.7%  2178 3195s
   831   415 1.0336e+11  142  899 8.4961e+10 1.0336e+11  21.7%  2166 3200s
   837   417 1.0336e+11  145  825 8.4961e+10 1.0336e+11  21.7%  2151 3205s
   845   418 1.0336e+11  149  821 8.4961e+10 1.0336e+11  21.7%  2133 3210s
   849   419 1.0336e+11  151  818 8.4961e+10 1.0336e+11  21.7%  2124 3225s
   854   420 1.0336e+11  154  878 8.4961e+10 1.0336e+11  21.7%  2113 3230s
   860   424 1.0336e+11  157  882 8.4961e+10 1.0336e+11  21.7%  2099 3235s
   866   427 1.0336e+11  160  801 8.4961e+10 1.0336e+11  21.7%  2085 3240s
   873   430 1.0336e+11  164  789 8.4961e+10 1.0336e+11  21.7%  2069 3245s
   878   433 1.0336e+11  166  817 8.4961e+10 1.0336e+11  21.7%  2058 3250s
   885   436 1.0336e+11  170  784 8.4961e+10 1.0336e+11  21.7%  2043 3255s
   893   439 1.0336e+11  174  849 8.4961e+10 1.0336e+11  21.7%  2026 3260s
   899   443 1.0336e+11  177  843 8.4961e+10 1.0336e+11  21.7%  2013 3265s
   903   446 1.0336e+11  179  762 8.4961e+10 1.0336e+11  21.7%  2004 3334s
   905   445 infeasible  180      8.4961e+10 1.0336e+11  21.7%  2000 3335s
   913   448 1.0336e+11  184  713 8.4961e+10 1.0336e+11  21.7%  1983 3340s
   925   450 1.0336e+11  190  650 8.4961e+10 1.0336e+11  21.7%  1959 3345s
   937   452 1.0336e+11  196  699 8.4961e+10 1.0336e+11  21.7%  1934 3350s
   958   449 1.0336e+11  207  662 8.4961e+10 1.0336e+11  21.7%  1892 3356s
   970   452 1.0336e+11  215  690 8.4961e+10 1.0336e+11  21.7%  1870 3360s
   986   452 1.0336e+11  222  729 8.4961e+10 1.0336e+11  21.7%  1840 3371s
  1000   453 1.0336e+11  230  704 8.4961e+10 1.0336e+11  21.7%  1814 3375s
  1013   455 1.0336e+11  237  618 8.4961e+10 1.0336e+11  21.7%  1791 3387s
  1025   454 1.0336e+11  242  618 8.4961e+10 1.0336e+11  21.7%  1771 3390s
  1041   460 1.0336e+11  250  613 8.4961e+10 1.0336e+11  21.7%  1744 3396s
  1051   463 1.0336e+11  255  607 8.4961e+10 1.0336e+11  21.7%  1728 3400s
  1068   470 1.0336e+11  264  576 8.4961e+10 1.0336e+11  21.7%  1701 3421s
  1084   454 infeasible  260      8.4961e+10 1.0336e+11  21.7%  1679 3425s
  1114   414 infeasible  191      8.4961e+10 1.0336e+11  21.7%  1646 3430s
  1136   388 1.0336e+11   33  974 8.4961e+10 1.0336e+11  21.7%  1616 3436s
  1139   390 1.0336e+11   36 1011 8.4961e+10 1.0336e+11  21.7%  1612 3441s
  1141   392 1.0336e+11   38 1025 8.4961e+10 1.0336e+11  21.7%  1610 3445s
  1144   394 1.0336e+11   41 1102 8.4961e+10 1.0336e+11  21.7%  1606 3450s
  1147   396 1.0336e+11   44 1090 8.4961e+10 1.0336e+11  21.7%  1602 3455s
  1150   398 1.0336e+11   47 1161 8.4961e+10 1.0336e+11  21.7%  1598 3460s
  1153   400 1.0336e+11   50 1091 8.4961e+10 1.0336e+11  21.7%  1595 3466s
  1155   401 1.0336e+11   52 1061 8.4961e+10 1.0336e+11  21.7%  1593 3470s
  1158   403 1.0336e+11   55 1306 8.4961e+10 1.0336e+11  21.7%  1590 3475s
  1161   405 1.0336e+11   56 1033 8.4961e+10 1.0336e+11  21.7%  1586 3481s
  1162   406 1.0336e+11   57 1037 8.4961e+10 1.0336e+11  21.7%  1585 3491s
  1165   408 1.0336e+11   58 1057 8.4961e+10 1.0336e+11  21.7%  1582 3495s
  1168   410 1.0336e+11   60  968 8.4961e+10 1.0336e+11  21.7%  1580 3501s
  1171   412 1.0336e+11   62  868 8.4961e+10 1.0336e+11  21.7%  1576 3506s
  1174   414 1.0336e+11   63  881 8.4961e+10 1.0336e+11  21.7%  1574 3510s
  1178   416 1.0336e+11   66  829 8.4961e+10 1.0336e+11  21.7%  1568 3516s
  1180   418 1.0336e+11   67 1196 8.4961e+10 1.0336e+11  21.7%  1567 3520s
  1183   420 1.0336e+11   67  915 8.4961e+10 1.0336e+11  21.7%  1564 3525s
  1186   422 1.0336e+11   68  827 8.4961e+10 1.0336e+11  21.7%  1562 3530s
  1189   424 1.0336e+11   70 1142 8.4961e+10 1.0336e+11  21.7%  1559 3538s
  1190   424 1.0336e+11   69 1308 8.4961e+10 1.0336e+11  21.7%  1559 3541s
  1193   426 1.0336e+11   70 1159 8.4961e+10 1.0336e+11  21.7%  1556 3546s
  1196   428 1.0336e+11   71 1047 8.4961e+10 1.0336e+11  21.7%  1554 3551s
  1198   430 1.0336e+11   72 1157 8.4961e+10 1.0336e+11  21.7%  1552 3555s
  1202   432 1.0336e+11   74 1157 8.4961e+10 1.0336e+11  21.7%  1548 3561s
  1205   434 1.0336e+11   75 1006 8.4961e+10 1.0336e+11  21.7%  1545 3566s
  1207   436 1.0336e+11   76 1343 8.4961e+10 1.0336e+11  21.7%  1544 3571s
  1209   437 1.0336e+11   77 1003 8.4961e+10 1.0336e+11  21.7%  1541 3575s
  1212   439 1.0336e+11   78  997 8.4961e+10 1.0336e+11  21.7%  1538 3580s
  1215   441 1.0336e+11   80 1160 8.4961e+10 1.0336e+11  21.7%  1535 3585s
  1216   442 1.0336e+11   80  996 8.4961e+10 1.0336e+11  21.7%  1534 3592s

Cutting planes:
  Learned: 17
  Gomory: 4
  Cover: 470
  Implied bound: 199
  Projected implied bound: 4
  Clique: 46
  MIR: 41
  StrongCG: 4
  Flow cover: 281
  GUB cover: 4
  Inf proof: 7
  Zero half: 157
  RLT: 81
  Relax-and-lift: 117

Explored 1217 nodes (2149719 simplex iterations) in 3592.56 seconds (2626.89 work units)
Thread count was 1 (of 28 available processors)

Solution count 10: 8.49612e+10 8.40516e+10 8.37816e+10 ... 7.09848e+10

Time limit reached
Best objective 8.496120000000e+10, best bound 1.033572000000e+11, gap 21.6522%

User-callback calls 317301, time in user-callback 0.47 sec