Gurobi Optimizer version 12.0.3 build v12.0.3rc0 (linux64 - "Oracle Linux Server 9.4")

CPU model: Intel(R) Xeon(R) CPU E5-2660 v4 @ 2.00GHz, instruction set [SSE2|AVX|AVX2]
Thread count: 28 physical cores, 28 logical processors, using up to 1 threads

Non-default parameters:
TimeLimit  3597.152885413
SoftMemLimit  16
NumericFocus  1
Threads  1

Academic license 2690100 - for non-commercial use only - registered to ju___@uclm.es
Optimize a model with 21983 rows, 5300 columns and 77700 nonzeros
Model fingerprint: 0x489df634
Variable types: 80 continuous, 5220 integer (5220 binary)
Coefficient statistics:
  Matrix range     [1e+00, 2e+13]
  Objective range  [2e+08, 6e+09]
  Bounds range     [2e+03, 1e+04]
  RHS range        [1e+00, 2e+14]
Warning: Model contains large matrix coefficient range
Warning: Model contains large objective coefficients
Warning: Model contains large rhs
Found heuristic solution: objective -0.0000000
Presolve removed 3887 rows and 40 columns
Presolve time: 0.56s
Presolved: 18096 rows, 5260 columns, 62679 nonzeros
Variable types: 80 continuous, 5180 integer (5180 binary)

Root relaxation: objective 9.427596e+10, 1297 iterations, 0.12 seconds (0.09 work units)

    Nodes    |    Current Node    |     Objective Bounds      |     Work
 Expl Unexpl |  Obj  Depth IntInf | Incumbent    BestBd   Gap | It/Node Time

     0     0 9.4276e+10    0  103   -0.00000 9.4276e+10      -     -    3s
H    0     0                    3.571200e+09 9.4276e+10  2540%     -    3s
H    0     0                    1.683840e+10 9.4276e+10   460%     -    3s
H    0     0                    2.219520e+10 9.4276e+10   325%     -    4s
H    0     0                    2.283276e+10 9.4276e+10   313%     -    4s
H    0     0                    2.673516e+10 9.4276e+10   253%     -    4s
H    0     0                    3.070956e+10 9.4276e+10   207%     -    4s
H    0     0                    4.407276e+10 9.4276e+10   114%     -    4s
H    0     0                    4.920636e+10 9.4276e+10  91.6%     -    4s
H    0     0                    5.264796e+10 9.4276e+10  79.1%     -    4s
H    0     0                    5.621916e+10 9.4276e+10  67.7%     -    5s
     0     0 9.4276e+10    0  416 5.6219e+10 9.4276e+10  67.7%     -    6s
     0     0 9.4276e+10    0  359 5.6219e+10 9.4276e+10  67.7%     -    6s
     0     0 9.4276e+10    0   28 5.6219e+10 9.4276e+10  67.7%     -    8s
     0     0 9.4276e+10    0   35 5.6219e+10 9.4276e+10  67.7%     -    8s
     0     0 9.4276e+10    0   74 5.6219e+10 9.4276e+10  67.7%     -   10s
     0     0 9.4276e+10    0  117 5.6219e+10 9.4276e+10  67.7%     -   10s
     0     0 9.4276e+10    0   50 5.6219e+10 9.4276e+10  67.7%     -   14s
     0     0 9.4276e+10    0  364 5.6219e+10 9.4276e+10  67.7%     -   15s
     0     0 9.4276e+10    0   19 5.6219e+10 9.4276e+10  67.7%     -   16s
H    0     0                    6.578076e+10 9.4276e+10  43.3%     -   17s
H    0     0                    6.770076e+10 9.4276e+10  39.3%     -   17s
H    0     0                    7.127196e+10 9.4276e+10  32.3%     -   17s
     0     0 9.4276e+10    0   19 7.1272e+10 9.4276e+10  32.3%     -   17s
     0     0 9.4276e+10    0   28 7.1272e+10 9.4276e+10  32.3%     -   18s
     0     0 9.4276e+10    0   31 7.1272e+10 9.4276e+10  32.3%     -   18s
     0     0 9.4276e+10    0   43 7.1272e+10 9.4276e+10  32.3%     -   20s
     0     0 9.4276e+10    0   47 7.1272e+10 9.4276e+10  32.3%     -   20s
     0     0 9.4276e+10    0   25 7.1272e+10 9.4276e+10  32.3%     -   24s
     0     0 9.4276e+10    0   17 7.1272e+10 9.4276e+10  32.3%     -   24s
H    0     0                    7.770636e+10 9.4276e+10  21.3%     -   24s
     0     2 9.4276e+10    0   16 7.7706e+10 9.4276e+10  21.3%     -   25s
H   27    25                    8.328636e+10 9.4276e+10  13.2%  64.0   27s
H   27    25                    8.440236e+10 9.4276e+10  11.7%  64.0   27s
    75    71 9.4276e+10   42   91 8.4402e+10 9.4276e+10  11.7%  58.9   30s
   189   122 9.4276e+10   12  165 8.4402e+10 9.4276e+10  11.7%  38.9   35s
   230   163 9.4276e+10   36  242 8.4402e+10 9.4276e+10  11.7%  38.2   40s
   281   210 9.4276e+10   64  218 8.4402e+10 9.4276e+10  11.7%  40.3   45s
   432   279 9.4276e+10  119  129 8.4402e+10 9.4276e+10  11.7%  37.4   52s
   488   262 9.4276e+10   98  208 8.4402e+10 9.4276e+10  11.7%  40.9   56s
   572   323 9.4276e+10   68  361 8.4402e+10 9.4276e+10  11.7%  50.1   60s
   666   416 9.3024e+10   29   17 8.4402e+10 9.4276e+10  11.7%  51.3   67s
   669   418 9.4276e+10   71   29 8.4402e+10 9.4276e+10  11.7%  51.1   75s
   675   422 9.4276e+10    4   36 8.4402e+10 9.4276e+10  11.7%  50.6   80s
   679   425 9.4276e+10   55   25 8.4402e+10 9.4276e+10  11.7%  50.3   85s
   683   427 9.4276e+10   37   29 8.4402e+10 9.4276e+10  11.7%  50.0   91s
   685   429 9.4276e+10    8   77 8.4402e+10 9.4276e+10  11.7%  49.9   95s
   689   431 9.4276e+10   32   20 8.4402e+10 9.4276e+10  11.7%  49.6  104s
   697   439 9.4276e+10   16   95 8.4402e+10 9.4276e+10  11.7%   247  105s
   715   451 9.4276e+10   25   84 8.4402e+10 9.4276e+10  11.7%   242  110s
   741   464 9.4276e+10   39   67 8.4402e+10 9.4276e+10  11.7%   236  116s
   767   481 9.4276e+10   52  116 8.4402e+10 9.4276e+10  11.7%   231  120s
   834   500 9.4276e+10   22  238 8.4402e+10 9.4276e+10  11.7%   218  125s
   876   528 9.4276e+10   45  242 8.4402e+10 9.4276e+10  11.7%   210  130s
   913   543 9.4276e+10   64  173 8.4402e+10 9.4276e+10  11.7%   205  135s
   960   550 9.4276e+10   87  159 8.4402e+10 9.4276e+10  11.7%   198  140s
   988   531 infeasible   77      8.4402e+10 9.4276e+10  11.7%   209  145s
  1002   536 9.4276e+10   84  235 8.4402e+10 9.4276e+10  11.7%   216  150s
  1069   555 9.4276e+10  111  150 8.4402e+10 9.4276e+10  11.7%   205  159s
  1072   553 9.4276e+10  112  144 8.4402e+10 9.4276e+10  11.7%   205  165s
  1126   523 8.6634e+10  112  103 8.4402e+10 9.4276e+10  11.7%   202  182s
  1157   517 9.4276e+10   17  520 8.4402e+10 9.4276e+10  11.7%   203  185s
  1179   532 9.4276e+10   39  390 8.4402e+10 9.4276e+10  11.7%   203  190s
  1203   548 9.4276e+10   63  456 8.4402e+10 9.4276e+10  11.7%   202  195s
  1230   566 9.4276e+10   90  397 8.4402e+10 9.4276e+10  11.7%   201  200s
  1266   590 9.4276e+10  126  354 8.4402e+10 9.4276e+10  11.7%   197  205s
  1303   613 8.4978e+10  162  326 8.4402e+10 9.4276e+10  11.7%   194  210s
  1336   633 8.4978e+10  194  170 8.4402e+10 9.4276e+10  11.7%   191  215s
  1381   658 8.4978e+10  237  108 8.4402e+10 9.4276e+10  11.7%   187  220s
  1416   665 9.4276e+10   31  352 8.4402e+10 9.4276e+10  11.7%   188  225s
  1449   687 9.4276e+10   63  314 8.4402e+10 9.4276e+10  11.7%   187  230s
  1478   706 9.4276e+10   91  324 8.4402e+10 9.4276e+10  11.7%   186  235s
  1504   724 9.4276e+10  117  367 8.4402e+10 9.4276e+10  11.7%   184  240s
  1522   734 9.4276e+10  133  286 8.4402e+10 9.4276e+10  11.7%   183  268s
  1533   741 9.4276e+10  144  248 8.4402e+10 9.4276e+10  11.7%   182  270s
  1560   759 9.4276e+10  171  275 8.4402e+10 9.4276e+10  11.7%   180  288s
  1570   766 9.4276e+10  178  191 8.4402e+10 9.4276e+10  11.7%   180  290s
  1608   773 9.4276e+10   32  290 8.4402e+10 9.4276e+10  11.7%   182  295s
  1640   794 9.4276e+10   63  278 8.4402e+10 9.4276e+10  11.7%   180  300s
  1679   820 9.4276e+10   99  304 8.4402e+10 9.4276e+10  11.7%   177  305s
  1722   849 9.4276e+10  142  317 8.4402e+10 9.4276e+10  11.7%   173  310s
  1767   879 9.4276e+10  186  352 8.4402e+10 9.4276e+10  11.7%   170  315s
  1798   900 9.4276e+10  212  310 8.4402e+10 9.4276e+10  11.7%   168  320s
  1817   906 9.4276e+10  219  186 8.4402e+10 9.4276e+10  11.7%   170  325s
  1848   927 9.4276e+10  244  127 8.4402e+10 9.4276e+10  11.7%   169  330s
  1870   939 9.4276e+10  255  169 8.4402e+10 9.4276e+10  11.7%   171  335s
  1901   959 9.4276e+10  278  281 8.4402e+10 9.4276e+10  11.7%   170  340s
  1919   970 9.4276e+10  291  177 8.4402e+10 9.4276e+10  11.7%   171  345s
  2030  1019 9.4276e+10   31  367 8.4402e+10 9.4276e+10  11.7%   166  350s
  2077  1066 9.4276e+10   73  285 8.4402e+10 9.4276e+10  11.7%   164  355s
  2158  1130 9.4276e+10   63  297 8.4402e+10 9.4276e+10  11.7%   160  360s
  2281  1252 9.4276e+10  178  223 8.4402e+10 9.4276e+10  11.7%   153  365s
  2524  1441 9.4276e+10  276  226 8.4402e+10 9.4276e+10  11.7%   142  370s
  2603  1502 9.4276e+10   49  347 8.4402e+10 9.4276e+10  11.7%   141  375s
  2780  1671 9.4276e+10  219  294 8.4402e+10 9.4276e+10  11.7%   134  393s
  2814  1685 9.4276e+10   29  434 8.4402e+10 9.4276e+10  11.7%   134  395s
  2855  1726 9.4276e+10   61  280 8.4402e+10 9.4276e+10  11.7%   134  400s
  2957  1794 8.9627e+10   34  345 8.4402e+10 9.4276e+10  11.7%   132  405s
  2980  1817 9.4276e+10   44  322 8.4402e+10 9.4276e+10  11.7%   134  410s
  3013  1850 8.9627e+10   60  210 8.4402e+10 9.4276e+10  11.7%   133  415s
  3049  1880 8.9627e+10   77   74 8.4402e+10 9.4276e+10  11.7%   133  420s
  3133  1911 9.4276e+10   35  345 8.4402e+10 9.4276e+10  11.7%   132  425s
  3172  1950 9.4276e+10   72  422 8.4402e+10 9.4276e+10  11.7%   132  430s
  3219  1997 9.4276e+10  112  361 8.4402e+10 9.4276e+10  11.7%   132  435s
  3389  2054 9.4276e+10  168  322 8.4402e+10 9.4276e+10  11.7%   130  440s
  3507  2077 9.4276e+10  190  386 8.4402e+10 9.4276e+10  11.7%   132  445s
  3598  2047 9.4276e+10   67  378 8.4402e+10 9.4276e+10  11.7%   135  450s
  3620  2069 9.4276e+10   82  280 8.4402e+10 9.4276e+10  11.7%   136  455s
  3663  2112 9.4276e+10  101  191 8.4402e+10 9.4276e+10  11.7%   137  460s
  3701  2148 8.4978e+10  105  264 8.4402e+10 9.4276e+10  11.7%   137  465s
  3734  2161 9.4276e+10   75  315 8.4402e+10 9.4276e+10  11.7%   138  470s
  3784  2211 9.4276e+10  122  340 8.4402e+10 9.4276e+10  11.7%   136  475s
  3823  2249 9.4276e+10  159  234 8.4402e+10 9.4276e+10  11.7%   136  480s
  3841  2261 8.6753e+10  167  132 8.4402e+10 9.4276e+10  11.7%   137  485s
  3913  2309 9.4276e+10   55  299 8.4402e+10 9.4276e+10  11.7%   137  490s
  4042  2423 9.4276e+10   41  248 8.4402e+10 9.4276e+10  11.7%   134  495s
  4225  2591 9.4276e+10  197  119 8.4402e+10 9.4276e+10  11.7%   129  500s
  4362  2576 9.4276e+10  193  234 8.4402e+10 9.4276e+10  11.7%   128  532s
  4388  2550 infeasible  167      8.4402e+10 9.4276e+10  11.7%   131  535s
  4442  2582 9.4276e+10   78  211 8.4402e+10 9.4276e+10  11.7%   132  540s
  4516  2628 infeasible  155      8.4402e+10 9.4276e+10  11.7%   132  545s
  4527  2617 infeasible  115      8.4402e+10 9.4276e+10  11.7%   136  550s
  4562  2630 9.4276e+10  128  254 8.4402e+10 9.4276e+10  11.7%   139  555s
  4601  2651 9.4276e+10   46  251 8.4402e+10 9.4276e+10  11.7%   140  560s
  4657  2705 9.4276e+10   80  243 8.4402e+10 9.4276e+10  11.7%   140  565s
  4694  2734 infeasible   98      8.4402e+10 9.4276e+10  11.7%   140  570s
  4733  2759 infeasible  114      8.4402e+10 9.4276e+10  11.7%   139  575s
  4771  2777 9.4276e+10  128  169 8.4402e+10 9.4276e+10  11.7%   139  580s
  4804  2758 infeasible  153      8.4402e+10 9.4276e+10  11.7%   141  585s
  4823  2759 9.4276e+10   74  360 8.4402e+10 9.4276e+10  11.7%   144  590s
  4857  2791 9.4276e+10  103  235 8.4402e+10 9.4276e+10  11.7%   145  595s
  4897  2815 infeasible  131      8.4402e+10 9.4276e+10  11.7%   145  600s
  4913  2809 infeasible  125      8.4402e+10 9.4276e+10  11.7%   147  605s
  4923  2801 infeasible  117      8.4402e+10 9.4276e+10  11.7%   151  610s
  4930  2794 infeasible  110      8.4402e+10 9.4276e+10  11.7%   154  615s
  4952  2808 infeasible  121      8.4402e+10 9.4276e+10  11.7%   156  620s
  5013  2839 infeasible  136      8.4402e+10 9.4276e+10  11.7%   156  625s
  5066  2872 9.4276e+10   93  294 8.4402e+10 9.4276e+10  11.7%   155  630s
  5101  2907 9.4276e+10  126  253 8.4402e+10 9.4276e+10  11.7%   155  635s
  5122  2926 9.4276e+10  137  215 8.4402e+10 9.4276e+10  11.7%   155  640s
  5164  2966 9.4276e+10  174  239 8.4402e+10 9.4276e+10  11.7%   154  645s
  5202  2988 9.4276e+10  195  223 8.4402e+10 9.4276e+10  11.7%   155  650s
  5230  3014 9.4276e+10  220  262 8.4402e+10 9.4276e+10  11.7%   155  655s
  5267  3007 9.0514e+10  216  180 8.4402e+10 9.4276e+10  11.7%   158  660s
  5287  3011 9.4276e+10  221  178 8.4402e+10 9.4276e+10  11.7%   159  665s
  5321  3009 infeasible  221      8.4402e+10 9.4276e+10  11.7%   160  670s
  5352  3014 infeasible  233      8.4402e+10 9.4276e+10  11.7%   161  675s
  5399  3011 9.4276e+10   64  464 8.4402e+10 9.4276e+10  11.7%   162  680s
  5412  3024 9.4276e+10   73  395 8.4402e+10 9.4276e+10  11.7%   162  687s
  5432  3044 9.4276e+10   91  370 8.4402e+10 9.4276e+10  11.7%   162  690s
  5509  3117 9.4276e+10  154  265 8.4402e+10 9.4276e+10  11.7%   161  695s
  5546  3128 9.4276e+10   65  557 8.4402e+10 9.4276e+10  11.7%   161  700s
  5575  3157 9.4276e+10   94  362 8.4402e+10 9.4276e+10  11.7%   161  705s
  5616  3198 9.4276e+10  116  365 8.4402e+10 9.4276e+10  11.7%   161  710s
  5671  3253 9.4276e+10  166  298 8.4402e+10 9.4276e+10  11.7%   160  715s
  5720  3282 9.4276e+10  197  219 8.4402e+10 9.4276e+10  11.7%   159  720s
  5780  3336 9.4276e+10   89  274 8.4402e+10 9.4276e+10  11.7%   159  725s
  5850  3382 infeasible  152      8.4402e+10 9.4276e+10  11.7%   158  730s
  5873  3379 infeasible  136      8.4402e+10 9.4276e+10  11.7%   160  735s
  5896  3378 9.4276e+10  133  360 8.4402e+10 9.4276e+10  11.7%   162  740s
  5917  3371 infeasible  126      8.4402e+10 9.4276e+10  11.7%   164  745s
  5945  3399 9.4276e+10   59  318 8.4402e+10 9.4276e+10  11.7%   164  750s
  5985  3439 9.4276e+10   99  379 8.4402e+10 9.4276e+10  11.7%   163  756s
  5986  3440 9.4276e+10  100  377 8.4402e+10 9.4276e+10  11.7%   163  765s
  5997  3447     cutoff  110      8.4402e+10 9.4276e+10  11.7%   164  770s
  6014  3460 9.4276e+10  123  279 8.4402e+10 9.4276e+10  11.7%   164  796s
  6034  3464 9.4276e+10  129  266 8.4402e+10 9.4276e+10  11.7%   164  800s
  6068  3474 infeasible  143      8.4402e+10 9.4276e+10  11.7%   165  805s
  6079  3463 infeasible  132      8.4402e+10 9.4276e+10  11.7%   168  810s
  6088  3456 9.4276e+10   30  398 8.4402e+10 9.4276e+10  11.7%   170  815s
  6128  3494 9.4276e+10   68  316 8.4402e+10 9.4276e+10  11.7%   169  820s
  6183  3549 9.4276e+10  116  238 8.4402e+10 9.4276e+10  11.7%   168  825s
  6239  3599 9.4276e+10  166  145 8.4402e+10 9.4276e+10  11.7%   168  830s
  6273  3611 9.4276e+10   42  317 8.4402e+10 9.4276e+10  11.7%   168  835s
  6309  3645 8.6634e+10   77  148 8.4402e+10 9.4276e+10  11.7%   168  840s
  6369  3705 8.5518e+10  137   83 8.4402e+10 9.4276e+10  11.7%   167  845s
  6394  3710 9.4276e+10   40  240 8.4402e+10 9.4276e+10  11.7%   168  850s
  6444  3760 9.4276e+10   79  212 8.4402e+10 9.4276e+10  11.7%   168  855s
  6521  3835 9.4276e+10  148  221 8.4402e+10 9.4276e+10  11.7%   166  860s
  6558  3850 9.4276e+10   30  528 8.4402e+10 9.4276e+10  11.7%   167  865s
  6572  3864 9.4276e+10   43  438 8.4402e+10 9.4276e+10  11.7%   167  870s
  6609  3901 9.4276e+10   75  318 8.4402e+10 9.4276e+10  11.7%   167  875s
  6648  3940 9.4276e+10   95  304 8.4402e+10 9.4276e+10  11.7%   166  880s
  6689  3979 9.4276e+10  106  289 8.4402e+10 9.4276e+10  11.7%   166  885s
  6768  4038 9.4276e+10  139  132 8.4402e+10 9.4276e+10  11.7%   164  890s
  6783  4045 9.4276e+10   71  481 8.4402e+10 9.4276e+10  11.7%   165  895s
  6789  4051 9.4276e+10   77  394 8.4402e+10 9.4276e+10  11.7%   165  927s
  6801  4063 9.4276e+10   86  261 8.4402e+10 9.4276e+10  11.7%   165  930s
  6836  4098 9.4276e+10  119  174 8.4402e+10 9.4276e+10  11.7%   165  935s
  6870  4128 9.4276e+10  144   52 8.4402e+10 9.4276e+10  11.7%   165  954s
  6875  4129 infeasible  147      8.4402e+10 9.4276e+10  11.7%   165  955s
  6909  4155 9.4276e+10   41  249 8.4402e+10 9.4276e+10  11.7%   165  960s
  6945  4173 9.4276e+10   55  365 8.4402e+10 9.4276e+10  11.7%   166  965s
  6981  4173 9.4276e+10   53  271 8.4402e+10 9.4276e+10  11.7%   166  970s
  7010  4176 infeasible   59      8.4402e+10 9.4276e+10  11.7%   166  975s
  7043  4179 infeasible   67      8.4402e+10 9.4276e+10  11.7%   167  980s
  7118  4222 9.4276e+10   68  239 8.4402e+10 9.4276e+10  11.7%   166  985s
  7147  4215 infeasible   65      8.4402e+10 9.4276e+10  11.7%   167  990s
  7183  4227 9.4276e+10   73  142 8.4402e+10 9.4276e+10  11.7%   167  995s
  7220  4214 infeasible   64      8.4402e+10 9.4276e+10  11.7%   168 1000s
  7253  4209 infeasible   56      8.4402e+10 9.4276e+10  11.7%   169 1005s
  7293  4225 infeasible   80      8.4402e+10 9.4276e+10  11.7%   169 1010s
  7314  4212 infeasible   66      8.4402e+10 9.4276e+10  11.7%   171 1015s
  7337  4191 infeasible   82      8.4402e+10 9.4276e+10  11.7%   173 1020s
  7373  4177 9.4276e+10   63  271 8.4402e+10 9.4276e+10  11.7%   174 1025s
  7447  4221 infeasible  110      8.4402e+10 9.4276e+10  11.7%   173 1030s
  7481  4187 infeasible   77      8.4402e+10 9.4276e+10  11.7%   174 1035s
  7504  4168 9.4276e+10   51  300 8.4402e+10 9.4276e+10  11.7%   176 1040s
  7530  4166 infeasible   55      8.4402e+10 9.4276e+10  11.7%   176 1045s
  7558  4166 9.4276e+10   50  406 8.4402e+10 9.4276e+10  11.7%   177 1050s
  7579  4165 9.4276e+10   54  306 8.4402e+10 9.4276e+10  11.7%   178 1055s
  7619  4187 9.4276e+10   53  270 8.4402e+10 9.4276e+10  11.7%   178 1060s
  7625  4185 9.4276e+10   54  270 8.4402e+10 9.4276e+10  11.7%   178 1077s
  7639  4195 9.4276e+10   60  279 8.4402e+10 9.4276e+10  11.7%   178 1080s
  7686  4216 9.4276e+10   75  179 8.4402e+10 9.4276e+10  11.7%   177 1085s
  7743  4235 infeasible   89      8.4402e+10 9.4276e+10  11.7%   177 1090s
  7758  4220 infeasible   81      8.4402e+10 9.4276e+10  11.7%   179 1095s
  7771  4207 infeasible   72      8.4402e+10 9.4276e+10  11.7%   181 1100s
  7785  4197 infeasible   65      8.4402e+10 9.4276e+10  11.7%   183 1105s
  7796  4186 infeasible   61      8.4402e+10 9.4276e+10  11.7%   185 1110s
  7820  4182 9.4276e+10   52  202 8.4402e+10 9.4276e+10  11.7%   185 1115s
  7840  4172 infeasible   66      8.4402e+10 9.4276e+10  11.7%   186 1120s
  7856  4168 9.4276e+10   60  191 8.4402e+10 9.4276e+10  11.7%   188 1125s
  7875  4169 9.4276e+10   60  216 8.4402e+10 9.4276e+10  11.7%   189 1130s
  7904  4160 infeasible   55      8.4402e+10 9.4276e+10  11.7%   189 1135s
  7934  4168 9.4276e+10   45  244 8.4402e+10 9.4276e+10  11.7%   189 1140s
  7966  4178 infeasible   60      8.4402e+10 9.4276e+10  11.7%   189 1145s
  7990  4176 infeasible   59      8.4402e+10 9.4276e+10  11.7%   190 1150s
  8013  4177 9.4276e+10   59  226 8.4402e+10 9.4276e+10  11.7%   190 1155s
  8064  4192 infeasible   81      8.4402e+10 9.4276e+10  11.7%   190 1160s
  8091  4171 infeasible   59      8.4402e+10 9.4276e+10  11.7%   191 1165s
  8115  4167 infeasible   51      8.4402e+10 9.4276e+10  11.7%   192 1170s
  8130  4162 9.4276e+10   49  288 8.4402e+10 9.4276e+10  11.7%   193 1175s
  8163  4171 infeasible   63      8.4402e+10 9.4276e+10  11.7%   193 1180s
  8198  4176 infeasible   58      8.4402e+10 9.4276e+10  11.7%   193 1185s
  8248  4182 9.4276e+10   77  223 8.4402e+10 9.4276e+10  11.7%   193 1190s
  8283  4165 infeasible   57      8.4402e+10 9.4276e+10  11.7%   193 1195s
  8297  4159 infeasible   47      8.4402e+10 9.4276e+10  11.7%   194 1200s
  8303  4159 9.4276e+10   44  169 8.4402e+10 9.4276e+10  11.7%   195 1220s
  8326  4170 9.4276e+10   50  329 8.4402e+10 9.4276e+10  11.7%   195 1225s
  8371  4207 9.4276e+10   84  233 8.4402e+10 9.4276e+10  11.7%   194 1230s
  8431  4245 9.4276e+10  121  130 8.4402e+10 9.4276e+10  11.7%   193 1235s
  8459  4235 9.4276e+10  114  217 8.4402e+10 9.4276e+10  11.7%   194 1240s
  8481  4217 9.4276e+10   95  285 8.4402e+10 9.4276e+10  11.7%   196 1245s
  8497  4207 infeasible   87      8.4402e+10 9.4276e+10  11.7%   197 1250s
  8512  4200 infeasible   82      8.4402e+10 9.4276e+10  11.7%   198 1255s
  8576  4212 infeasible   99      8.4402e+10 9.4276e+10  11.7%   198 1260s
  8614  4228 9.4276e+10  118  235 8.4402e+10 9.4276e+10  11.7%   199 1265s
  8652  4238 9.4276e+10  132  224 8.4402e+10 9.4276e+10  11.7%   199 1270s
  8674  4224 9.4276e+10  112  261 8.4402e+10 9.4276e+10  11.7%   200 1275s
  8721  4231 9.4276e+10  124  149 8.4402e+10 9.4276e+10  11.7%   199 1280s
  8754  4218 infeasible  111      8.4402e+10 9.4276e+10  11.7%   200 1285s
  8780  4210 infeasible  100      8.4402e+10 9.4276e+10  11.7%   201 1290s
  8804  4200 infeasible   85      8.4402e+10 9.4276e+10  11.7%   202 1295s
  8826  4192 infeasible   77      8.4402e+10 9.4276e+10  11.7%   203 1300s
  8840  4192 9.4276e+10   75  351 8.4402e+10 9.4276e+10  11.7%   204 1305s
  8864  4192 infeasible   78      8.4402e+10 9.4276e+10  11.7%   204 1310s
  8874  4194 9.4276e+10   78  249 8.4402e+10 9.4276e+10  11.7%   205 1315s
  8897  4195 9.4276e+10   82  239 8.4402e+10 9.4276e+10  11.7%   205 1320s
  8939  4231 9.4276e+10  121  234 8.4402e+10 9.4276e+10  11.7%   205 1325s
  8953  4227 9.4276e+10  117  245 8.4402e+10 9.4276e+10  11.7%   206 1330s
  8985  4223 9.4276e+10  113  214 8.4402e+10 9.4276e+10  11.7%   206 1335s
  9010  4226 infeasible  122      8.4402e+10 9.4276e+10  11.7%   206 1340s
  9025  4219 9.4276e+10  108  220 8.4402e+10 9.4276e+10  11.7%   206 1345s
  9038  4212 9.4276e+10  101  195 8.4402e+10 9.4276e+10  11.7%   207 1350s
  9047  4207 infeasible   98      8.4402e+10 9.4276e+10  11.7%   208 1355s
  9052  4210 9.4276e+10   99  247 8.4402e+10 9.4276e+10  11.7%   208 1372s
  9076  4228 infeasible  117      8.4402e+10 9.4276e+10  11.7%   208 1375s
  9111  4245 9.4276e+10  109  219 8.4402e+10 9.4276e+10  11.7%   208 1380s
  9148  4242 infeasible  110      8.4402e+10 9.4276e+10  11.7%   208 1385s
  9191  4267 infeasible  138      8.4402e+10 9.4276e+10  11.7%   208 1390s
  9226  4270 9.4276e+10  112  209 8.4402e+10 9.4276e+10  11.7%   208 1395s
  9270  4284 9.4276e+10   92  255 8.4402e+10 9.4276e+10  11.7%   208 1400s
  9316  4330 9.4276e+10  123  159 8.4402e+10 9.4276e+10  11.7%   207 1405s
  9375  4359 9.4276e+10  123  212 8.4402e+10 9.4276e+10  11.7%   206 1410s
  9426  4344 infeasible  137      8.4402e+10 9.4276e+10  11.7%   206 1415s
  9480  4350 9.4276e+10  138  100 8.4402e+10 9.4276e+10  11.7%   206 1420s
  9533  4359 9.4276e+10  151  102 8.4402e+10 9.4276e+10  11.7%   205 1425s
  9595  4353 infeasible  145      8.4402e+10 9.4276e+10  11.7%   205 1430s
  9639  4349 9.4276e+10  141  120 8.4402e+10 9.4276e+10  11.7%   204 1435s
  9693  4353 9.4276e+10  148  115 8.4402e+10 9.4276e+10  11.7%   204 1440s
  9731  4341 9.4276e+10  133  169 8.4402e+10 9.4276e+10  11.7%   204 1445s
  9785  4363 9.4276e+10  129  211 8.4402e+10 9.4276e+10  11.7%   204 1450s
  9811  4349 infeasible  144      8.4402e+10 9.4276e+10  11.7%   204 1455s
  9846  4340 9.4276e+10  134  134 8.4402e+10 9.4276e+10  11.7%   204 1460s
  9904  4362 infeasible  145      8.4402e+10 9.4276e+10  11.7%   204 1465s
  9945  4355 infeasible  143      8.4402e+10 9.4276e+10  11.7%   204 1470s
  9970  4340 9.4276e+10  139  119 8.4402e+10 9.4276e+10  11.7%   204 1486s
 10020  4354 9.4276e+10  154   68 8.4402e+10 9.4276e+10  11.7%   204 1490s
 10074  4344 9.4276e+10  144  124 8.4402e+10 9.4276e+10  11.7%   203 1495s
 10122  4356 9.4276e+10  145  134 8.4402e+10 9.4276e+10  11.7%   203 1500s
 10167  4369 infeasible  149      8.4402e+10 9.4276e+10  11.7%   203 1505s
 10200  4364 9.4276e+10  143  155 8.4402e+10 9.4276e+10  11.7%   203 1510s
 10202  4362 infeasible  144      8.4402e+10 9.4276e+10  11.7%   203 1672s
 10213  4360 infeasible  140      8.4402e+10 9.4276e+10  11.7%   203 1675s
 10234  4353 9.4276e+10  131  219 8.4402e+10 9.4276e+10  11.7%   204 1680s
 10282  4361 9.4276e+10  106  304 8.4402e+10 9.4276e+10  11.7%   204 1685s
 10343  4403 9.4276e+10  113  201 8.4402e+10 9.4276e+10  11.7%   203 1691s
 10383  4411 9.4276e+10  123  156 8.4402e+10 9.4276e+10  11.7%   203 1695s
 10428  4418 infeasible  133      8.4402e+10 9.4276e+10  11.7%   203 1700s
 10463  4427 9.4276e+10  118  186 8.4402e+10 9.4276e+10  11.7%   203 1705s
 10506  4454 9.4276e+10  139   94 8.4402e+10 9.4276e+10  11.7%   202 1710s
 10562  4486 infeasible  121      8.4402e+10 9.4276e+10  11.7%   202 1715s
 10565  4485 9.4276e+10  114  255 8.4402e+10 9.4276e+10  11.7%   202 1721s
 10599  4511 infeasible  144      8.4402e+10 9.4276e+10  11.7%   202 1725s
 10647  4535 9.4276e+10  109  140 8.4402e+10 9.4276e+10  11.7%   201 1730s
 10650  4538 9.4276e+10  111  118 8.4402e+10 9.4276e+10  11.7%   201 1735s
 10719  4583 9.4276e+10  111  155 8.4402e+10 9.4276e+10  11.7%   201 1740s
 10776  4608 8.6753e+10  121  110 8.4402e+10 9.4276e+10  11.7%   201 1745s
 10833  4625 8.6634e+10  143   95 8.4402e+10 9.4276e+10  11.7%   200 1750s
 10837  4629 8.6634e+10  147   96 8.4402e+10 9.4276e+10  11.7%   200 1763s
 10854  4628 9.4276e+10  113  130 8.4402e+10 9.4276e+10  11.7%   200 1765s
 10881  4641 8.6753e+10  108  161 8.4402e+10 9.4276e+10  11.7%   201 1770s
 10930  4678 8.9627e+10  128  166 8.4402e+10 9.4276e+10  11.7%   200 1775s
 10990  4713 9.4276e+10   94  205 8.4402e+10 9.4276e+10  11.7%   200 1780s
 11039  4756 8.8554e+10  131  116 8.4402e+10 9.4276e+10  11.7%   199 1785s
 11105  4784 9.4276e+10   98  301 8.4402e+10 9.4276e+10  11.7%   199 1790s
 11108  4787 9.4276e+10  103  279 8.4402e+10 9.4276e+10  11.7%   199 1801s
 11155  4834 9.4276e+10  134  189 8.4402e+10 9.4276e+10  11.7%   198 1805s
 11193  4858 8.6753e+10  114  179 8.4402e+10 9.4276e+10  11.7%   198 1810s
 11243  4898 9.4276e+10  141  124 8.4402e+10 9.4276e+10  11.7%   198 1815s
 11295  4906 9.4276e+10  153  152 8.4402e+10 9.4276e+10  11.7%   198 1820s
 11318  4899 9.4276e+10  105  247 8.4402e+10 9.4276e+10  11.7%   198 1825s
 11347  4926 9.4276e+10  124  181 8.4402e+10 9.4276e+10  11.7%   198 1830s
 11375  4938 9.4276e+10  110  189 8.4402e+10 9.4276e+10  11.7%   198 1835s
 11441  4994 8.6634e+10  160  102 8.4402e+10 9.4276e+10  11.7%   197 1840s
 11489  5012 9.4276e+10  115  261 8.4402e+10 9.4276e+10  11.7%   197 1845s
 11554  5073 8.6634e+10  156   75 8.4402e+10 9.4276e+10  11.7%   196 1850s
 11570  5075 8.6634e+10  161   74 8.4402e+10 9.4276e+10  11.7%   196 1859s
 11573  5074 9.4276e+10   98  270 8.4402e+10 9.4276e+10  11.7%   196 1860s
 11615  5102 9.4276e+10  112  168 8.4402e+10 9.4276e+10  11.7%   196 1865s
 11668  5127 9.4276e+10  108  246 8.4402e+10 9.4276e+10  11.7%   196 1870s
 11713  5158 9.4276e+10  100  266 8.4402e+10 9.4276e+10  11.7%   195 1875s
 11744  5189 9.4276e+10  122  124 8.4402e+10 9.4276e+10  11.7%   195 1880s
 11815  5232 9.4276e+10   96  228 8.4402e+10 9.4276e+10  11.7%   195 1885s
 11853  5246 9.4276e+10   93  248 8.4402e+10 9.4276e+10  11.7%   195 1890s
 11886  5279 9.4276e+10  123  196 8.4402e+10 9.4276e+10  11.7%   194 1895s
 11941  5330 9.4276e+10  166   87 8.4402e+10 9.4276e+10  11.7%   194 1900s
 11977  5336 9.4276e+10  105  184 8.4402e+10 9.4276e+10  11.7%   193 1905s
 12007  5366 8.6634e+10  129  156 8.4402e+10 9.4276e+10  11.7%   193 1910s
 12055  5402 9.4276e+10  116  220 8.4402e+10 9.4276e+10  11.7%   193 1915s
 12086  5427 8.6634e+10  142   72 8.4402e+10 9.4276e+10  11.7%   193 1929s
 12100  5423 infeasible  142      8.4402e+10 9.4276e+10  11.7%   193 1930s
 12128  5445 9.4276e+10  110  122 8.4402e+10 9.4276e+10  11.7%   193 1935s
 12169  5476 8.6634e+10  133   55 8.4402e+10 9.4276e+10  11.7%   192 1940s
 12217  5506 9.4276e+10  105  163 8.4402e+10 9.4276e+10  11.7%   192 1945s
 12258  5547 9.4276e+10  133  187 8.4402e+10 9.4276e+10  11.7%   192 1950s
 12308  5579 9.4276e+10   62  529 8.4402e+10 9.4276e+10  11.7%   191 1955s
 12325  5596 9.4276e+10   77  250 8.4402e+10 9.4276e+10  11.7%   192 1960s
 12375  5646 9.4276e+10  121  200 8.4402e+10 9.4276e+10  11.7%   191 1965s
 12387  5658 9.4276e+10  131  201 8.4402e+10 9.4276e+10  11.7%   191 1972s
 12388  5659 9.4276e+10  131  260 8.4402e+10 9.4276e+10  11.7%   191 1996s
 12389  5660 9.4276e+10  132  238 8.4402e+10 9.4276e+10  11.7%   191 2021s
 12418  5687 9.4276e+10  149  187 8.4402e+10 9.4276e+10  11.7%   191 2025s
 12443  5706 9.4276e+10  167  163 8.4402e+10 9.4276e+10  11.7%   190 2046s
 12481  5718 infeasible  184      8.4402e+10 9.4276e+10  11.7%   190 2050s
 12489  5710 infeasible  141      8.4402e+10 9.4276e+10  11.7%   191 2055s
 12517  5716 9.4276e+10  180  193 8.4402e+10 9.4276e+10  11.7%   192 2060s
 12560  5737 9.2356e+10  182  171 8.4402e+10 9.4276e+10  11.7%   192 2065s
 12606  5759 9.4276e+10   90  303 8.4402e+10 9.4276e+10  11.7%   192 2070s
 12668  5821 9.4276e+10  147  167 8.4402e+10 9.4276e+10  11.7%   191 2075s
 12744  5893 9.4276e+10  205   97 8.4402e+10 9.4276e+10  11.7%   190 2080s
 12794  5915 9.4276e+10   92  229 8.4402e+10 9.4276e+10  11.7%   190 2085s
 12828  5945 9.4276e+10  119  160 8.4402e+10 9.4276e+10  11.7%   189 2090s
 12876  5981 9.4276e+10  151  105 8.4402e+10 9.4276e+10  11.7%   189 2095s
 12916  5995 9.4276e+10   96  195 8.4402e+10 9.4276e+10  11.7%   189 2100s
 12964  6039 9.4276e+10  134  130 8.4402e+10 9.4276e+10  11.7%   188 2105s
 13019  6076 8.9627e+10  158   76 8.4402e+10 9.4276e+10  11.7%   188 2110s
 13060  6101 9.4276e+10  119  241 8.4402e+10 9.4276e+10  11.7%   188 2115s
 13096  6125 9.4276e+10   91  229 8.4402e+10 9.4276e+10  11.7%   188 2120s
 13140  6167 9.4276e+10  119  120 8.4402e+10 9.4276e+10  11.7%   187 2125s
 13184  6205 infeasible  137      8.4402e+10 9.4276e+10  11.7%   187 2130s
 13247  6246 8.9627e+10  172   64 8.4402e+10 9.4276e+10  11.7%   187 2135s
 13314  6281 9.4276e+10  172   76 8.4402e+10 9.4276e+10  11.7%   186 2140s
 13364  6307 9.4276e+10   94  232 8.4402e+10 9.4276e+10  11.7%   186 2145s
 13398  6335 infeasible  114      8.4402e+10 9.4276e+10  11.7%   186 2150s
 13444  6357 9.4276e+10   88  271 8.4402e+10 9.4276e+10  11.7%   186 2155s
 13478  6383 9.4276e+10  108  142 8.4402e+10 9.4276e+10  11.7%   185 2160s
 13483  6386 9.4276e+10  112  135 8.4402e+10 9.4276e+10  11.7%   185 2168s
 13496  6391 infeasible  118      8.4402e+10 9.4276e+10  11.7%   185 2170s
 13530  6405 9.4276e+10  101  201 8.4402e+10 9.4276e+10  11.7%   185 2175s
 13571  6418 infeasible  111      8.4402e+10 9.4276e+10  11.7%   185 2180s
 13597  6412 8.9627e+10   78  320 8.4402e+10 9.4276e+10  11.7%   185 2185s
 13638  6453 8.9627e+10  119  215 8.4402e+10 9.4276e+10  11.7%   185 2190s
 13688  6503 8.9627e+10  169  223 8.4402e+10 9.4276e+10  11.7%   185 2195s
 13728  6521 8.7707e+10  192   95 8.4402e+10 9.4276e+10  11.7%   184 2200s
 13767  6544 9.4276e+10   98  174 8.4402e+10 9.4276e+10  11.7%   184 2205s
 13817  6578 9.4276e+10   93  233 8.4402e+10 9.4276e+10  11.7%   184 2210s
 13847  6601 9.4276e+10  113  245 8.4402e+10 9.4276e+10  11.7%   184 2215s
 13869  6615 8.6790e+10  121  111 8.4402e+10 9.4276e+10  11.7%   184 2220s
 13907  6651 8.6634e+10  153   59 8.4402e+10 9.4276e+10  11.7%   184 2238s
 13926  6648 infeasible  116      8.4402e+10 9.4276e+10  11.7%   184 2240s
 13959  6681 9.4276e+10  109  175 8.4402e+10 9.4276e+10  11.7%   183 2245s
 13988  6710 9.4276e+10  132  217 8.4402e+10 9.4276e+10  11.7%   183 2250s
 14031  6751 9.4276e+10  162  129 8.4402e+10 9.4276e+10  11.7%   183 2255s
 14088  6788 9.4276e+10  185  113 8.4402e+10 9.4276e+10  11.7%   182 2260s
 14124  6768 infeasible  182      8.4402e+10 9.4276e+10  11.7%   182 2265s
 14144  6748 infeasible  163      8.4402e+10 9.4276e+10  11.7%   183 2270s
 14156  6736 infeasible  152      8.4402e+10 9.4276e+10  11.7%   184 2275s
 14178  6756 8.9627e+10   98  254 8.4402e+10 9.4276e+10  11.7%   184 2280s
 14233  6811 8.9627e+10  153  221 8.4402e+10 9.4276e+10  11.7%   183 2285s
 14283  6861 8.7707e+10  203  211 8.4402e+10 9.4276e+10  11.7%   183 2290s
 14321  6873 8.9627e+10   80  207 8.4402e+10 9.4276e+10  11.7%   183 2295s
 14377  6929 8.9627e+10  126  166 8.4402e+10 9.4276e+10  11.7%   182 2300s
 14436  6987 8.9627e+10  180  126 8.4402e+10 9.4276e+10  11.7%   181 2305s
 14486  7031 8.9627e+10  212   92 8.4402e+10 9.4276e+10  11.7%   181 2310s
 14528  7053 8.9627e+10  232   59 8.4402e+10 9.4276e+10  11.7%   181 2315s
 14560  7063 9.4276e+10   80  277 8.4402e+10 9.4276e+10  11.7%   182 2320s
 14619  7122 9.4276e+10  126  151 8.4402e+10 9.4276e+10  11.7%   181 2325s
 14641  7132 9.4276e+10  133  181 8.4402e+10 9.4276e+10  11.7%   182 2330s
 14667  7158 9.4276e+10  147  190 8.4402e+10 9.4276e+10  11.7%   182 2335s
 14710  7187 8.6634e+10  170  105 8.4402e+10 9.4276e+10  11.7%   182 2340s
 14748  7205 9.4276e+10   84  287 8.4402e+10 9.4276e+10  11.7%   182 2345s
 14778  7231 9.4276e+10   95  217 8.4402e+10 9.4276e+10  11.7%   182 2350s
 14802  7249 8.6753e+10   99  115 8.4402e+10 9.4276e+10  11.7%   182 2355s
 14844  7277 9.4276e+10   67  254 8.4402e+10 9.4276e+10  11.7%   182 2360s
 14852  7283 9.4276e+10   73  319 8.4402e+10 9.4276e+10  11.7%   182 2372s
 14869  7300 9.4276e+10   87  214 8.4402e+10 9.4276e+10  11.7%   182 2375s
 14907  7338 9.4276e+10  109  173 8.4402e+10 9.4276e+10  11.7%   182 2380s
 14934  7365 9.4276e+10  128  187 8.4402e+10 9.4276e+10  11.7%   182 2408s
 14943  7372 9.4276e+10  130  148 8.4402e+10 9.4276e+10  11.7%   182 2410s
 14965  7376 infeasible  134      8.4402e+10 9.4276e+10  11.7%   182 2415s
 14996  7393 9.4276e+10   62  321 8.4402e+10 9.4276e+10  11.7%   182 2420s
 15057  7454 9.4276e+10  115  216 8.4402e+10 9.4276e+10  11.7%   181 2425s
 15114  7497 infeasible  151      8.4402e+10 9.4276e+10  11.7%   181 2430s
 15162  7519 9.4276e+10  173  155 8.4402e+10 9.4276e+10  11.7%   181 2435s
 15215  7544 infeasible  200      8.4402e+10 9.4276e+10  11.7%   180 2440s
 15241  7538 9.4276e+10   77  303 8.4402e+10 9.4276e+10  11.7%   181 2445s
 15296  7591 9.4276e+10  117  220 8.4402e+10 9.4276e+10  11.7%   180 2450s
 15345  7628 infeasible  148      8.4402e+10 9.4276e+10  11.7%   180 2455s
 15377  7624 9.4276e+10  148  266 8.4402e+10 9.4276e+10  11.7%   180 2460s
 15418  7631 infeasible  161      8.4402e+10 9.4276e+10  11.7%   180 2465s
 15433  7646 9.4276e+10   86  318 8.4402e+10 9.4276e+10  11.7%   181 2470s
 15490  7703 9.4276e+10  134  198 8.4402e+10 9.4276e+10  11.7%   180 2475s
 15573  7770 infeasible  194      8.4402e+10 9.4276e+10  11.7%   179 2480s
 15608  7763 9.4276e+10  188  116 8.4402e+10 9.4276e+10  11.7%   180 2485s
 15640  7757 infeasible  184      8.4402e+10 9.4276e+10  11.7%   180 2490s
 15657  7748 infeasible  175      8.4402e+10 9.4276e+10  11.7%   181 2495s
 15674  7741 9.4276e+10  166  179 8.4402e+10 9.4276e+10  11.7%   181 2500s
 15696  7733 9.4276e+10  161  131 8.4402e+10 9.4276e+10  11.7%   182 2505s
 15731  7728 infeasible  156      8.4402e+10 9.4276e+10  11.7%   182 2510s
 15755  7720 infeasible  153      8.4402e+10 9.4276e+10  11.7%   183 2515s
 15773  7722 9.4276e+10  153  148 8.4402e+10 9.4276e+10  11.7%   183 2531s
 15788  7715 9.4276e+10  146  257 8.4402e+10 9.4276e+10  11.7%   183 2535s
 15805  7708 9.4276e+10  142  241 8.4402e+10 9.4276e+10  11.7%   184 2540s
 15831  7712 9.4276e+10  151  221 8.4402e+10 9.4276e+10  11.7%   184 2545s
 15876  7719 9.4276e+10  148  182 8.4402e+10 9.4276e+10  11.7%   184 2550s
 15896  7713 9.4276e+10  141  214 8.4402e+10 9.4276e+10  11.7%   184 2555s
 15922  7707 infeasible  148      8.4402e+10 9.4276e+10  11.7%   185 2560s
 15976  7735 infeasible  140      8.4402e+10 9.4276e+10  11.7%   184 2565s
 16004  7723 9.4276e+10  159  253 8.4402e+10 9.4276e+10  11.7%   185 2570s
 16041  7732 infeasible  153      8.4402e+10 9.4276e+10  11.7%   185 2575s
 16063  7726 infeasible  160      8.4402e+10 9.4276e+10  11.7%   185 2580s
 16096  7719 9.4276e+10  152  220 8.4402e+10 9.4276e+10  11.7%   185 2585s
 16157  7734 9.4276e+10  161  170 8.4402e+10 9.4276e+10  11.7%   185 2590s
 16213  7732 9.4276e+10  163  198 8.4402e+10 9.4276e+10  11.7%   185 2595s
 16260  7725 9.4276e+10  155  202 8.4402e+10 9.4276e+10  11.7%   185 2600s
 16300  7717 9.4276e+10  153  145 8.4402e+10 9.4276e+10  11.7%   185 2605s
 16362  7723 9.4276e+10  162  145 8.4402e+10 9.4276e+10  11.7%   184 2610s
 16406  7725 9.4276e+10  166  185 8.4402e+10 9.4276e+10  11.7%   184 2637s
 16429  7716 infeasible  160      8.4402e+10 9.4276e+10  11.7%   184 2640s
 16463  7712 infeasible  150      8.4402e+10 9.4276e+10  11.7%   184 2645s
 16507  7716 9.4276e+10  151  152 8.4402e+10 9.4276e+10  11.7%   184 2650s
 16548  7715 9.4276e+10  157  192 8.4402e+10 9.4276e+10  11.7%   185 2655s
 16594  7713 infeasible  149      8.4402e+10 9.4276e+10  11.7%   184 2660s
 16658  7739 9.4276e+10  178  195 8.4402e+10 9.4276e+10  11.7%   184 2665s
 16687  7720 infeasible  159      8.4402e+10 9.4276e+10  11.7%   184 2670s
 16736  7733 infeasible  172      8.4402e+10 9.4276e+10  11.7%   184 2675s
 16783  7742 9.4276e+10  164  165 8.4402e+10 9.4276e+10  11.7%   184 2680s
 16838  7757 9.4276e+10  165  193 8.4402e+10 9.4276e+10  11.7%   184 2685s
 16898  7757 infeasible  164      8.4402e+10 9.4276e+10  11.7%   184 2690s
 16946  7759 infeasible  173      8.4402e+10 9.4276e+10  11.7%   184 2695s
 16980  7745 9.4276e+10  158  183 8.4402e+10 9.4276e+10  11.7%   184 2700s
 17016  7735 9.4276e+10  159  172 8.4402e+10 9.4276e+10  11.7%   184 2705s
 17059  7720 infeasible  160      8.4402e+10 9.4276e+10  11.7%   184 2710s
 17110  7723 9.4276e+10  148  212 8.4402e+10 9.4276e+10  11.7%   184 2715s
 17145  7710 9.4276e+10  149  188 8.4402e+10 9.4276e+10  11.7%   184 2720s
 17168  7707 9.4276e+10  150  220 8.4402e+10 9.4276e+10  11.7%   184 2755s
 17218  7729 9.4276e+10  175  172 8.4402e+10 9.4276e+10  11.7%   183 2760s
 17276  7759 9.4276e+10  148  146 8.4402e+10 9.4276e+10  11.7%   183 2765s
 17324  7757 infeasible  153      8.4402e+10 9.4276e+10  11.7%   183 2770s
 17368  7735 infeasible  183      8.4402e+10 9.4276e+10  11.7%   183 2775s
 17410  7723 infeasible  175      8.4402e+10 9.4276e+10  11.7%   183 2780s
 17457  7714 9.4276e+10  161  203 8.4402e+10 9.4276e+10  11.7%   183 2785s
 17503  7704 9.4276e+10  137  272 8.4402e+10 9.4276e+10  11.7%   183 2790s
 17534  7707 infeasible  144      8.4402e+10 9.4276e+10  11.7%   183 2795s
 17576  7717 9.4276e+10  146  222 8.4402e+10 9.4276e+10  11.7%   183 2800s
 17651  7756 9.4276e+10  188  111 8.4402e+10 9.4276e+10  11.7%   183 2805s
 17701  7752 9.4276e+10  150  230 8.4402e+10 9.4276e+10  11.7%   183 2810s
 17727  7734 infeasible  168      8.4402e+10 9.4276e+10  11.7%   183 2815s
 17732  7731 9.4276e+10  163  243 8.4402e+10 9.4276e+10  11.7%   183 2831s
 17745  7726 9.4276e+10  157  239 8.4402e+10 9.4276e+10  11.7%   184 2835s
 17771  7714 infeasible  147      8.4402e+10 9.4276e+10  11.7%   184 2840s
 17812  7713 infeasible  149      8.4402e+10 9.4276e+10  11.7%   184 2845s
 17838  7711 infeasible  145      8.4402e+10 9.4276e+10  11.7%   184 2850s
 17873  7714 9.4276e+10  146  176 8.4402e+10 9.4276e+10  11.7%   185 2855s
 17903  7708 9.4276e+10  140  257 8.4402e+10 9.4276e+10  11.7%   185 2860s
 17949  7716 9.4276e+10  149  206 8.4402e+10 9.4276e+10  11.7%   185 2865s
 17997  7712 infeasible  153      8.4402e+10 9.4276e+10  11.7%   185 2870s
 18028  7705 infeasible  144      8.4402e+10 9.4276e+10  11.7%   185 2875s
 18037  7702 9.4276e+10  135  268 8.4402e+10 9.4276e+10  11.7%   186 2880s
 18080  7705 infeasible  138      8.4402e+10 9.4276e+10  11.7%   186 2885s
 18104  7701 9.4276e+10  132  273 8.4402e+10 9.4276e+10  11.7%   186 2890s
 18160  7709 9.4276e+10  141  174 8.4402e+10 9.4276e+10  11.7%   186 2895s
 18197  7708 infeasible  145      8.4402e+10 9.4276e+10  11.7%   186 2900s
 18218  7697 infeasible  135      8.4402e+10 9.4276e+10  11.7%   187 2905s
 18252  7701 infeasible  140      8.4402e+10 9.4276e+10  11.7%   187 2910s
 18297  7701 9.4276e+10  134  270 8.4402e+10 9.4276e+10  11.7%   187 2915s
 18346  7704 9.4276e+10  139  194 8.4402e+10 9.4276e+10  11.7%   187 2920s
 18382  7706 infeasible  147      8.4402e+10 9.4276e+10  11.7%   187 2925s
 18408  7694 9.4276e+10  129  247 8.4402e+10 9.4276e+10  11.7%   188 2930s
 18435  7707 9.4276e+10  129  240 8.4402e+10 9.4276e+10  11.7%   188 2948s
 18448  7712 infeasible  139      8.4402e+10 9.4276e+10  11.7%   188 2950s
 18487  7717 infeasible  146      8.4402e+10 9.4276e+10  11.7%   188 2955s
 18510  7712 infeasible  138      8.4402e+10 9.4276e+10  11.7%   188 2960s
 18548  7708 infeasible  136      8.4402e+10 9.4276e+10  11.7%   188 2965s
 18617  7731 infeasible  165      8.4402e+10 9.4276e+10  11.7%   188 2970s
 18687  7739 9.4276e+10  174  149 8.4402e+10 9.4276e+10  11.7%   187 2975s
 18734  7720 infeasible  151      8.4402e+10 9.4276e+10  11.7%   187 2980s
 18765  7703 9.4276e+10  142  217 8.4402e+10 9.4276e+10  11.7%   187 2985s
 18792  7696 9.4276e+10  133  280 8.4402e+10 9.4276e+10  11.7%   188 2990s
 18818  7694 9.4276e+10  131  223 8.4402e+10 9.4276e+10  11.7%   188 2995s
 18865  7715 9.4276e+10  147  146 8.4402e+10 9.4276e+10  11.7%   188 3000s
 18901  7711 infeasible  147      8.4402e+10 9.4276e+10  11.7%   188 3005s
 18926  7700 infeasible  138      8.4402e+10 9.4276e+10  11.7%   188 3010s
 18972  7712 infeasible  145      8.4402e+10 9.4276e+10  11.7%   188 3015s
 19012  7704 infeasible  144      8.4402e+10 9.4276e+10  11.7%   188 3020s
 19045  7703 9.4276e+10  142  156 8.4402e+10 9.4276e+10  11.7%   189 3025s
 19078  7700 9.4276e+10  130  247 8.4402e+10 9.4276e+10  11.7%   189 3030s
 19114  7698 9.4276e+10  135  177 8.4402e+10 9.4276e+10  11.7%   189 3035s
 19143  7697 9.4276e+10  136  205 8.4402e+10 9.4276e+10  11.7%   189 3040s
 19179  7695 9.4276e+10  136  191 8.4402e+10 9.4276e+10  11.7%   189 3045s
 19211  7697 9.4276e+10  134  197 8.4402e+10 9.4276e+10  11.7%   189 3066s
 19241  7701 infeasible  142      8.4402e+10 9.4276e+10  11.7%   189 3070s
 19270  7698 9.4276e+10  134  236 8.4402e+10 9.4276e+10  11.7%   189 3075s
 19314  7716 9.4276e+10  151  139 8.4402e+10 9.4276e+10  11.7%   189 3080s
 19353  7709 infeasible  150      8.4402e+10 9.4276e+10  11.7%   190 3085s
 19369  7693 infeasible  134      8.4402e+10 9.4276e+10  11.7%   190 3090s
 19388  7698 9.4276e+10  135  191 8.4402e+10 9.4276e+10  11.7%   190 3095s
 19423  7715 9.4276e+10  127  195 8.4402e+10 9.4276e+10  11.7%   190 3100s
 19465  7747 9.4276e+10  159  162 8.4402e+10 9.4276e+10  11.7%   190 3105s
 19489  7731 infeasible  145      8.4402e+10 9.4276e+10  11.7%   190 3110s
 19506  7726 9.4276e+10  141  214 8.4402e+10 9.4276e+10  11.7%   191 3115s
 19557  7747 9.4276e+10  137  221 8.4402e+10 9.4276e+10  11.7%   190 3120s
 19573  7741 9.4276e+10  158  134 8.4402e+10 9.4276e+10  11.7%   191 3125s
 19602  7734 9.4276e+10  151  175 8.4402e+10 9.4276e+10  11.7%   191 3130s
 19621  7725 infeasible  144      8.4402e+10 9.4276e+10  11.7%   191 3135s
 19642  7720 9.4276e+10  134  263 8.4402e+10 9.4276e+10  11.7%   191 3140s
 19670  7724 infeasible  141      8.4402e+10 9.4276e+10  11.7%   191 3145s
 19696  7720 infeasible  135      8.4402e+10 9.4276e+10  11.7%   191 3150s
 19732  7726 infeasible  144      8.4402e+10 9.4276e+10  11.7%   191 3155s
 19756  7718 infeasible  138      8.4402e+10 9.4276e+10  11.7%   191 3160s
 19771  7715 9.4276e+10  131  192 8.4402e+10 9.4276e+10  11.7%   192 3165s
 19795  7713 9.4276e+10  149  169 8.4402e+10 9.4276e+10  11.7%   192 3170s
 19863  7761 9.4276e+10  191  140 8.4402e+10 9.4276e+10  11.7%   191 3175s
 19904  7758 infeasible  194      8.4402e+10 9.4276e+10  11.7%   191 3180s
 19932  7760 9.4276e+10  192  144 8.4402e+10 9.4276e+10  11.7%   191 3194s
 19936  7756 infeasible  199      8.4402e+10 9.4276e+10  11.7%   191 3195s
 19968  7744 9.4276e+10  182  191 8.4402e+10 9.4276e+10  11.7%   192 3200s
 20005  7757 infeasible  189      8.4402e+10 9.4276e+10  11.7%   192 3205s
 20044  7746 infeasible  186      8.4402e+10 9.4276e+10  11.7%   192 3210s
 20082  7748 9.4276e+10  188  158 8.4402e+10 9.4276e+10  11.7%   192 3215s
 20151  7769 infeasible  184      8.4402e+10 9.4276e+10  11.7%   191 3220s
 20168  7782 9.4276e+10   80  331 8.4402e+10 9.4276e+10  11.7%   191 3225s
 20198  7812 9.4276e+10  107  261 8.4402e+10 9.4276e+10  11.7%   191 3230s
 20228  7836 9.4276e+10  121  248 8.4402e+10 9.4276e+10  11.7%   191 3235s
 20261  7865 9.4276e+10  147  266 8.4402e+10 9.4276e+10  11.7%   191 3240s
 20286  7872 infeasible  159      8.4402e+10 9.4276e+10  11.7%   191 3245s
 20304  7888 9.4276e+10   87  234 8.4402e+10 9.4276e+10  11.7%   191 3250s
 20367  7945 infeasible  135      8.4402e+10 9.4276e+10  11.7%   191 3255s
 20404  7968 9.4276e+10  176  141 8.4402e+10 9.4276e+10  11.7%   191 3261s
 20435  7967 infeasible  180      8.4402e+10 9.4276e+10  11.7%   191 3265s
 20452  7952 8.9627e+10   72  280 8.4402e+10 9.4276e+10  11.7%   191 3270s
 20479  7979 8.9627e+10   96  109 8.4402e+10 9.4276e+10  11.7%   191 3281s
 20518  8018 8.9627e+10  123  104 8.4402e+10 9.4276e+10  11.7%   191 3285s
 20568  8060 infeasible  149      8.4402e+10 9.4276e+10  11.7%   191 3290s
 20607  8077 infeasible  172      8.4402e+10 9.4276e+10  11.7%   191 3295s
 20625  8081 9.4276e+10   79  235 8.4402e+10 9.4276e+10  11.7%   191 3300s
 20664  8120 9.4276e+10  108  144 8.4402e+10 9.4276e+10  11.7%   191 3305s
 20738  8194 9.4276e+10  171  116 8.4402e+10 9.4276e+10  11.7%   190 3310s
 20765  8195 9.4276e+10   69  456 8.4402e+10 9.4276e+10  11.7%   190 3315s
 20790  8220 9.4276e+10   91  170 8.4402e+10 9.4276e+10  11.7%   190 3320s
 20822  8252 9.4276e+10  115  138 8.4402e+10 9.4276e+10  11.7%   190 3344s
 20823  8253 9.4276e+10  116  138 8.4402e+10 9.4276e+10  11.7%   190 3345s
 20869  8297 9.4276e+10  153  113 8.4402e+10 9.4276e+10  11.7%   189 3350s
 20909  8309 9.4276e+10  167   98 8.4402e+10 9.4276e+10  11.7%   189 3355s
 20930  8294 infeasible  156      8.4402e+10 9.4276e+10  11.7%   190 3360s
 20942  8290 9.4276e+10  149  205 8.4402e+10 9.4276e+10  11.7%   190 3365s
 20979  8295 infeasible  161      8.4402e+10 9.4276e+10  11.7%   190 3370s
 20998  8286 9.4276e+10  146  260 8.4402e+10 9.4276e+10  11.7%   190 3375s
 21027  8289 9.4276e+10  151  136 8.4402e+10 9.4276e+10  11.7%   190 3380s
 21077  8317 infeasible  182      8.4402e+10 9.4276e+10  11.7%   190 3385s
 21098  8296 infeasible  163      8.4402e+10 9.4276e+10  11.7%   190 3390s
 21116  8286 9.4276e+10  146  211 8.4402e+10 9.4276e+10  11.7%   190 3395s
 21131  8281 9.4276e+10  141  170 8.4402e+10 9.4276e+10  11.7%   191 3405s
 21156  8296 9.4276e+10  149  161 8.4402e+10 9.4276e+10  11.7%   191 3410s
 21193  8319 infeasible  162      8.4402e+10 9.4276e+10  11.7%   190 3415s
 21223  8327 infeasible  170      8.4402e+10 9.4276e+10  11.7%   190 3420s
 21250  8324 infeasible  171      8.4402e+10 9.4276e+10  11.7%   190 3425s
 21275  8321 infeasible  172      8.4402e+10 9.4276e+10  11.7%   191 3430s
 21294  8314 infeasible  165      8.4402e+10 9.4276e+10  11.7%   191 3435s
 21313  8309 infeasible  160      8.4402e+10 9.4276e+10  11.7%   191 3440s
 21330  8306 9.4276e+10  158  213 8.4402e+10 9.4276e+10  11.7%   191 3445s
 21350  8302 infeasible  158      8.4402e+10 9.4276e+10  11.7%   191 3450s
 21383  8313 infeasible  172      8.4402e+10 9.4276e+10  11.7%   191 3455s
 21404  8302 infeasible  164      8.4402e+10 9.4276e+10  11.7%   192 3460s
 21421  8293 infeasible  152      8.4402e+10 9.4276e+10  11.7%   192 3465s
 21443  8289 9.4276e+10  149  224 8.4402e+10 9.4276e+10  11.7%   192 3470s
 21466  8284 9.4276e+10  148  181 8.4402e+10 9.4276e+10  11.7%   192 3475s
 21488  8286 9.4276e+10  148  105 8.4402e+10 9.4276e+10  11.7%   192 3480s
 21546  8318 9.4276e+10  140  185 8.4402e+10 9.4276e+10  11.7%   192 3485s
 21574  8328 infeasible  151      8.4402e+10 9.4276e+10  11.7%   192 3490s
 21587  8325 9.4276e+10  149  148 8.4402e+10 9.4276e+10  11.7%   192 3504s
 21589  8323 infeasible  150      8.4402e+10 9.4276e+10  11.7%   192 3505s
 21591  8323 9.4276e+10  149  179 8.4402e+10 9.4276e+10  11.7%   192 3511s
 21608  8326 9.4276e+10  149  201 8.4402e+10 9.4276e+10  11.7%   192 3515s
 21639  8329 9.4276e+10  148  188 8.4402e+10 9.4276e+10  11.7%   192 3520s
 21664  8328 9.4276e+10  149  159 8.4402e+10 9.4276e+10  11.7%   192 3525s
 21713  8343 infeasible  148      8.4402e+10 9.4276e+10  11.7%   192 3530s
 21749  8349 infeasible  161      8.4402e+10 9.4276e+10  11.7%   192 3535s
 21764  8338 infeasible  160      8.4402e+10 9.4276e+10  11.7%   192 3540s
 21784  8324 9.4276e+10  145  234 8.4402e+10 9.4276e+10  11.7%   192 3557s
 21799  8327 9.4276e+10  144  199 8.4402e+10 9.4276e+10  11.7%   192 3560s
 21820  8328 9.4276e+10  152  145 8.4402e+10 9.4276e+10  11.7%   192 3565s
 21847  8327 9.4276e+10  150  128 8.4402e+10 9.4276e+10  11.7%   192 3570s
 21881  8335 9.4276e+10  161  210 8.4402e+10 9.4276e+10  11.7%   192 3575s
 21912  8336 9.4276e+10  151  130 8.4402e+10 9.4276e+10  11.7%   192 3580s
 21939  8345 infeasible  161      8.4402e+10 9.4276e+10  11.7%   192 3585s
 21977  8337 infeasible  159      8.4402e+10 9.4276e+10  11.7%   193 3590s
 21998  8328 9.4276e+10  157  199 8.4402e+10 9.4276e+10  11.7%   193 3595s

Cutting planes:
  Learned: 805
  Gomory: 83
  Lift-and-project: 2
  Cover: 15026
  Implied bound: 12456
  Projected implied bound: 3
  Clique: 154
  MIR: 256
  StrongCG: 1
  Flow cover: 1045
  Inf proof: 448
  Zero half: 244
  RLT: 447
  Relax-and-lift: 599
  BQP: 4
  PSD: 1

Explored 22004 nodes (4367463 simplex iterations) in 3597.17 seconds (2034.17 work units)
Thread count was 1 (of 28 available processors)

Solution count 10: 8.44024e+10 8.32864e+10 7.77064e+10 ... 4.40728e+10

Time limit reached
Best objective 8.440235640000e+10, best bound 9.427595640000e+10, gap 11.6983%

User-callback calls 898225, time in user-callback 0.73 sec