Gurobi Optimizer version 12.0.3 build v12.0.3rc0 (linux64 - "Oracle Linux Server 9.4")

CPU model: Intel(R) Xeon(R) CPU E5-2660 v4 @ 2.00GHz, instruction set [SSE2|AVX|AVX2]
Thread count: 28 physical cores, 28 logical processors, using up to 1 threads

Non-default parameters:
TimeLimit  3599.242252655
SoftMemLimit  16
NumericFocus  1
Threads  1

Academic license 2690100 - for non-commercial use only - registered to ju___@uclm.es
Optimize a model with 2793 rows, 735 columns and 9510 nonzeros
Model fingerprint: 0xcc21b96a
Variable types: 30 continuous, 705 integer (705 binary)
Coefficient statistics:
  Matrix range     [1e+00, 2e+13]
  Objective range  [3e+09, 7e+09]
  Bounds range     [2e+03, 1e+04]
  RHS range        [1e+00, 2e+14]
Warning: Model contains large matrix coefficient range
Warning: Model contains large objective coefficients
Warning: Model contains large rhs
Found heuristic solution: objective -0.0000000
Presolve removed 499 rows and 17 columns
Presolve time: 0.05s
Presolved: 2294 rows, 718 columns, 8411 nonzeros
Variable types: 30 continuous, 688 integer (688 binary)

Root relaxation: objective 7.763040e+10, 348 iterations, 0.01 seconds (0.00 work units)

    Nodes    |    Current Node    |     Objective Bounds      |     Work
 Expl Unexpl |  Obj  Depth IntInf | Incumbent    BestBd   Gap | It/Node Time

     0     0 7.7630e+10    0   12   -0.00000 7.7630e+10      -     -    0s
H    0     0                    1.761120e+10 7.7630e+10   341%     -    0s
     0     0 7.7630e+10    0  116 1.7611e+10 7.7630e+10   341%     -    0s
     0     0 7.7630e+10    0   98 1.7611e+10 7.7630e+10   341%     -    0s
     0     0 7.7630e+10    0   14 1.7611e+10 7.7630e+10   341%     -    0s
H    0     0                    2.813760e+10 7.7630e+10   176%     -    0s
     0     0 7.7630e+10    0    6 2.8138e+10 7.7630e+10   176%     -    0s
     0     0 7.7630e+10    0   14 2.8138e+10 7.7630e+10   176%     -    0s
H    0     0                    3.824640e+10 7.7630e+10   103%     -    0s
     0     0 7.7630e+10    0   10 3.8246e+10 7.7630e+10   103%     -    0s
     0     0 7.7630e+10    0    8 3.8246e+10 7.7630e+10   103%     -    0s
     0     0 7.7630e+10    0    8 3.8246e+10 7.7630e+10   103%     -    0s
     0     0 7.7630e+10    0    8 3.8246e+10 7.7630e+10   103%     -    0s
     0     2 7.7630e+10    0    8 3.8246e+10 7.7630e+10   103%     -    0s
H   26    21                    4.330080e+10 7.7630e+10  79.3%  30.5    0s
H   27    22                    4.835520e+10 7.7630e+10  60.5%  30.1    0s
H   52    35                    5.382720e+10 7.7630e+10  44.2%  23.3    0s
H   78    46                    5.888160e+10 7.7630e+10  31.8%  18.7    0s
*  504   212              79    6.668640e+10 7.7630e+10  16.4%  18.2    2s
H  867   344                    6.710400e+10 7.7630e+10  15.7%  16.5    4s
   904   369 7.7630e+10   38   20 6.7104e+10 7.7630e+10  15.7%  16.3    5s
H  965   369                    6.940800e+10 7.7630e+10  11.8%  23.8    6s
  1230   391 7.4462e+10   72   18 6.9408e+10 7.7630e+10  11.8%  31.6   10s
  1779   464 7.2576e+10   68   50 6.9408e+10 7.7630e+10  11.8%  28.4   15s
  2111   537 7.7630e+10   14   21 6.9408e+10 7.7630e+10  11.8%  30.3   20s
  2523   783     cutoff   66      6.9408e+10 7.7630e+10  11.8%  30.5   25s
  3037   956 infeasible   60      6.9408e+10 7.7630e+10  11.8%  33.1   30s
  3537  1219 7.2576e+10   60   32 6.9408e+10 7.7630e+10  11.8%  34.3   35s
  3968  1393 7.2576e+10   69   27 6.9408e+10 7.7630e+10  11.8%  34.8   40s
  4494  1549 7.7630e+10   51   34 6.9408e+10 7.7630e+10  11.8%  35.3   45s
  5030  1707 7.7630e+10   40   54 6.9408e+10 7.7630e+10  11.8%  36.1   50s
  5434  1857 7.7630e+10   47   72 6.9408e+10 7.7630e+10  11.8%  36.9   55s
  5872  2008 7.7630e+10   46   64 6.9408e+10 7.7630e+10  11.8%  37.6   60s
  6341  2039 7.7630e+10   59   36 6.9408e+10 7.7630e+10  11.8%  38.4   65s
  6649  2033 7.7630e+10   59   32 6.9408e+10 7.7630e+10  11.8%  39.4   70s
  7024  2023 infeasible   66      6.9408e+10 7.7630e+10  11.8%  40.4   75s
  7398  2027 7.7630e+10   58   60 6.9408e+10 7.7630e+10  11.8%  42.0   80s
  7696  2021 7.7630e+10   63   30 6.9408e+10 7.7630e+10  11.8%  42.8   85s
  8056  1999 infeasible   65      6.9408e+10 7.7630e+10  11.8%  44.0   90s
  8366  2037 7.7630e+10   59   49 6.9408e+10 7.7630e+10  11.8%  44.9   95s
  8759  2054 infeasible   65      6.9408e+10 7.7630e+10  11.8%  45.9  100s
  9025  2046 7.2158e+10   57    8 6.9408e+10 7.7630e+10  11.8%  46.6  105s
  9382  2069 infeasible   61      6.9408e+10 7.7630e+10  11.8%  47.1  110s
  9736  2117 7.7630e+10   48   27 6.9408e+10 7.7630e+10  11.8%  48.1  115s
 10068  2110 infeasible   56      6.9408e+10 7.7630e+10  11.8%  48.6  120s
 10202  2124 7.2158e+10   71   14 6.9408e+10 7.7630e+10  11.8%  48.8  130s
 10501  2188 infeasible   53      6.9408e+10 7.7630e+10  11.8%  49.1  135s
 10856  2203 7.7630e+10   55   17 6.9408e+10 7.7630e+10  11.8%  49.2  140s
 11289  2210 7.2158e+10   55    8 6.9408e+10 7.7630e+10  11.8%  49.2  145s
 11672  2196 7.7630e+10   56   30 6.9408e+10 7.7630e+10  11.8%  49.3  150s
 12018  2200 7.7630e+10   62   22 6.9408e+10 7.7630e+10  11.8%  49.6  155s
 12497  2192 7.7630e+10   58   32 6.9408e+10 7.7630e+10  11.8%  49.3  160s
 12841  2205 7.2158e+10   62   17 6.9408e+10 7.7630e+10  11.8%  49.7  165s
 13238  2270 7.7630e+10   55   54 6.9408e+10 7.7630e+10  11.8%  50.0  170s
 13351  2266 7.7630e+10   50   74 6.9408e+10 7.7630e+10  11.8%  50.1  175s
 13711  2290 infeasible   58      6.9408e+10 7.7630e+10  11.8%  50.5  180s
 14065  2361 7.7630e+10   60   49 6.9408e+10 7.7630e+10  11.8%  50.7  185s
 14462  2395 7.7630e+10   55   33 6.9408e+10 7.7630e+10  11.8%  50.8  190s
 14835  2398 7.7630e+10   55   62 6.9408e+10 7.7630e+10  11.8%  51.0  195s
 15159  2398 infeasible   64      6.9408e+10 7.7630e+10  11.8%  51.4  200s
 15421  2406 7.7630e+10   51   36 6.9408e+10 7.7630e+10  11.8%  51.7  205s
 15827  2430 7.2158e+10   53   35 6.9408e+10 7.7630e+10  11.8%  51.9  210s
 16206  2423 7.7630e+10   54   16 6.9408e+10 7.7630e+10  11.8%  52.2  215s
 16520  2415 7.7630e+10   57   41 6.9408e+10 7.7630e+10  11.8%  52.4  220s
 16806  2427 7.7630e+10   48   51 6.9408e+10 7.7630e+10  11.8%  52.5  225s
 17199  2420 infeasible   58      6.9408e+10 7.7630e+10  11.8%  52.6  230s
 17537  2414 7.2576e+10   57   40 6.9408e+10 7.7630e+10  11.8%  52.8  235s
 17833  2419 infeasible   58      6.9408e+10 7.7630e+10  11.8%  52.9  240s
 18238  2414 7.7630e+10   42   64 6.9408e+10 7.7630e+10  11.8%  53.1  245s
 18677  2432 infeasible   50      6.9408e+10 7.7630e+10  11.8%  53.0  250s
 18973  2430 7.7630e+10   53   57 6.9408e+10 7.7630e+10  11.8%  53.1  255s
 19252  2424 infeasible   62      6.9408e+10 7.7630e+10  11.8%  53.0  260s
 19602  2431 infeasible   54      6.9408e+10 7.7630e+10  11.8%  53.2  265s
 19961  2484 7.7630e+10   54   39 6.9408e+10 7.7630e+10  11.8%  53.5  270s
 20242  2488 7.7630e+10   59   40 6.9408e+10 7.7630e+10  11.8%  53.6  275s
 20605  2502 7.7630e+10   56   38 6.9408e+10 7.7630e+10  11.8%  53.7  280s
 20886  2499 7.7630e+10   51   62 6.9408e+10 7.7630e+10  11.8%  53.9  285s
 21184  2509 7.7630e+10   53   65 6.9408e+10 7.7630e+10  11.8%  54.1  290s
 21512  2501 7.7630e+10   49   55 6.9408e+10 7.7630e+10  11.8%  54.3  295s
 21868  2488 7.7630e+10   49   29 6.9408e+10 7.7630e+10  11.8%  54.4  300s
 22149  2488 infeasible   49      6.9408e+10 7.7630e+10  11.8%  54.5  305s
 22466  2484 7.7630e+10   57   26 6.9408e+10 7.7630e+10  11.8%  54.5  310s
 22789  2481 infeasible   55      6.9408e+10 7.7630e+10  11.8%  54.5  315s
 23189  2483 7.7630e+10   56   76 6.9408e+10 7.7630e+10  11.8%  54.6  321s
 23418  2478 infeasible   57      6.9408e+10 7.7630e+10  11.8%  54.6  325s
 23766  2517 7.7630e+10   60   46 6.9408e+10 7.7630e+10  11.8%  54.6  330s
 24020  2505 infeasible   72      6.9408e+10 7.7630e+10  11.8%  54.8  335s
 24356  2510 infeasible   59      6.9408e+10 7.7630e+10  11.8%  55.1  340s
 24683  2499 7.2576e+10   62   28 6.9408e+10 7.7630e+10  11.8%  55.2  345s
 24997  2489 7.7630e+10   62   37 6.9408e+10 7.7630e+10  11.8%  55.4  350s
 25368  2474 infeasible   44      6.9408e+10 7.7630e+10  11.8%  55.5  355s
 25611  2496 7.7630e+10   43   39 6.9408e+10 7.7630e+10  11.8%  55.6  360s
 25930  2499 7.7630e+10   44   47 6.9408e+10 7.7630e+10  11.8%  55.8  365s
 26151  2496 infeasible   70      6.9408e+10 7.7630e+10  11.8%  56.0  370s
 26526  2510 7.7630e+10   53   69 6.9408e+10 7.7630e+10  11.8%  56.1  375s
 26879  2533 7.7630e+10   48   42 6.9408e+10 7.7630e+10  11.8%  56.1  380s
 27189  2551 7.7630e+10   58   59 6.9408e+10 7.7630e+10  11.8%  56.1  385s
 27570  2574 7.7630e+10   50   59 6.9408e+10 7.7630e+10  11.8%  56.1  390s
 27816  2580 7.7630e+10   53   44 6.9408e+10 7.7630e+10  11.8%  56.2  395s
 28132  2564 7.7630e+10   46   28 6.9408e+10 7.7630e+10  11.8%  56.3  400s
 28567  2568 7.7630e+10   54   58 6.9408e+10 7.7630e+10  11.8%  56.3  405s
 28849  2558 infeasible   54      6.9408e+10 7.7630e+10  11.8%  56.3  410s
 29202  2587 infeasible   52      6.9408e+10 7.7630e+10  11.8%  56.3  415s
 29526  2597 infeasible   58      6.9408e+10 7.7630e+10  11.8%  56.4  420s
 29882  2668 infeasible   51      6.9408e+10 7.7630e+10  11.8%  56.3  425s
 30197  2757 7.7630e+10   64   36 6.9408e+10 7.7630e+10  11.8%  56.4  430s
 30471  2831 infeasible   57      6.9408e+10 7.7630e+10  11.8%  56.5  435s
 30765  2899 infeasible   54      6.9408e+10 7.7630e+10  11.8%  56.6  440s
 31011  3008 7.7630e+10   52   22 6.9408e+10 7.7630e+10  11.8%  56.6  445s
 31346  3077 7.7630e+10   59   71 6.9408e+10 7.7630e+10  11.8%  56.6  450s
 31696  3103 infeasible   55      6.9408e+10 7.7630e+10  11.8%  56.7  455s
 31968  3182 7.2158e+10   50   24 6.9408e+10 7.7630e+10  11.8%  56.6  460s
 32294  3223 7.2158e+10   54   67 6.9408e+10 7.7630e+10  11.8%  56.8  465s
 32578  3228 7.7630e+10   58   44 6.9408e+10 7.7630e+10  11.8%  56.8  470s
 32856  3288 7.7630e+10   69   61 6.9408e+10 7.7630e+10  11.8%  56.8  475s
 33219  3331 7.7630e+10   56   40 6.9408e+10 7.7630e+10  11.8%  56.9  480s
 33541  3359 7.7630e+10   50   56 6.9408e+10 7.7630e+10  11.8%  56.9  485s
 33746  3362 7.2158e+10   50   17 6.9408e+10 7.7630e+10  11.8%  56.8  490s
 34159  3373 7.7630e+10   48   58 6.9408e+10 7.7630e+10  11.8%  56.8  495s
 34439  3369 7.7630e+10   49   39 6.9408e+10 7.7630e+10  11.8%  56.9  500s
 34776  3374 7.7630e+10   49   24 6.9408e+10 7.7630e+10  11.8%  56.9  505s
 35139  3456 7.7630e+10   52   27 6.9408e+10 7.7630e+10  11.8%  56.6  510s
 35533  3446 infeasible   63      6.9408e+10 7.7630e+10  11.8%  56.4  515s
 35914  3419 infeasible   51      6.9408e+10 7.7630e+10  11.8%  56.3  520s
 36349  3422 7.7630e+10   55   46 6.9408e+10 7.7630e+10  11.8%  56.1  525s
 36680  3421 7.7630e+10   61   37 6.9408e+10 7.7630e+10  11.8%  55.9  530s
 37176  3421 infeasible   54      6.9408e+10 7.7630e+10  11.8%  55.6  535s
 37581  3411 infeasible   55      6.9408e+10 7.7630e+10  11.8%  55.3  540s
 37869  3411 7.7630e+10   55   52 6.9408e+10 7.7630e+10  11.8%  55.2  545s
 38320  3414 7.7630e+10   63   29 6.9408e+10 7.7630e+10  11.8%  55.0  550s
 38753  3440 7.7630e+10   55   46 6.9408e+10 7.7630e+10  11.8%  54.8  555s
 39110  3433 7.7630e+10   62   53 6.9408e+10 7.7630e+10  11.8%  54.8  560s
 39412  3429 7.7630e+10   54   24 6.9408e+10 7.7630e+10  11.8%  54.7  565s
 39866  3432 7.7630e+10   60   25 6.9408e+10 7.7630e+10  11.8%  54.6  570s
 40197  3440 7.7630e+10   63   41 6.9408e+10 7.7630e+10  11.8%  54.5  575s
 40579  3415 7.7630e+10   56   59 6.9408e+10 7.7630e+10  11.8%  54.4  580s
 40948  3408 7.7630e+10   52   43 6.9408e+10 7.7630e+10  11.8%  54.3  585s
 41302  3402 infeasible   66      6.9408e+10 7.7630e+10  11.8%  54.2  590s
 41680  3406 infeasible   59      6.9408e+10 7.7630e+10  11.8%  54.2  595s
 42107  3395 infeasible   60      6.9408e+10 7.7630e+10  11.8%  54.1  600s
 42413  3382 7.7630e+10   57   58 6.9408e+10 7.7630e+10  11.8%  54.1  605s
 42725  3374 7.7630e+10   50   24 6.9408e+10 7.7630e+10  11.8%  54.0  610s
 43140  3421 infeasible   61      6.9408e+10 7.7630e+10  11.8%  53.8  615s
 43601  3386 7.7630e+10   53   39 6.9408e+10 7.7630e+10  11.8%  53.7  620s
 43894  3377 7.7630e+10   51   28 6.9408e+10 7.7630e+10  11.8%  53.6  625s
 44328  3382 7.7630e+10   56   28 6.9408e+10 7.7630e+10  11.8%  53.5  630s
 44655  3383 7.7630e+10   52   25 6.9408e+10 7.7630e+10  11.8%  53.4  635s
 45018  3391 infeasible   57      6.9408e+10 7.7630e+10  11.8%  53.4  640s
 45365  3380 infeasible   56      6.9408e+10 7.7630e+10  11.8%  53.4  645s
 45708  3373 7.7630e+10   62   33 6.9408e+10 7.7630e+10  11.8%  53.3  650s
 46117  3382 7.7630e+10   63   31 6.9408e+10 7.7630e+10  11.8%  53.2  655s
 46415  3368 infeasible   53      6.9408e+10 7.7630e+10  11.8%  53.2  660s
 46716  3391 infeasible   49      6.9408e+10 7.7630e+10  11.8%  53.2  665s
 47008  3371 7.7630e+10   49   34 6.9408e+10 7.7630e+10  11.8%  53.3  670s
 47302  3373 7.7630e+10   57   50 6.9408e+10 7.7630e+10  11.8%  53.4  675s
 47581  3377 7.7630e+10   51   45 6.9408e+10 7.7630e+10  11.8%  53.5  680s
 47870  3390 7.7630e+10   51   31 6.9408e+10 7.7630e+10  11.8%  53.5  685s
 48143  3390 7.7630e+10   59   60 6.9408e+10 7.7630e+10  11.8%  53.6  690s
 48450  3381 infeasible   60      6.9408e+10 7.7630e+10  11.8%  53.6  695s
 48806  3403 7.7630e+10   62   17 6.9408e+10 7.7630e+10  11.8%  53.5  700s
 49114  3401 infeasible   61      6.9408e+10 7.7630e+10  11.8%  53.6  705s
 49394  3372 7.7630e+10   49   64 6.9408e+10 7.7630e+10  11.8%  53.6  710s
 49734  3374 7.7630e+10   57   29 6.9408e+10 7.7630e+10  11.8%  53.6  715s
 50009  3375 infeasible   61      6.9408e+10 7.7630e+10  11.8%  53.6  720s
 50378  3372 infeasible   58      6.9408e+10 7.7630e+10  11.8%  53.5  725s
 50618  3372 infeasible   55      6.9408e+10 7.7630e+10  11.8%  53.6  730s
 50858  3370 7.7630e+10   60   58 6.9408e+10 7.7630e+10  11.8%  53.7  735s
 51193  3388 infeasible   53      6.9408e+10 7.7630e+10  11.8%  53.7  740s
 51481  3372 7.7630e+10   55   32 6.9408e+10 7.7630e+10  11.8%  53.8  745s
 51725  3386 infeasible   55      6.9408e+10 7.7630e+10  11.8%  53.8  750s
 51985  3392 7.7630e+10   60   56 6.9408e+10 7.7630e+10  11.8%  53.8  755s
 52429  3412 7.7630e+10   56   28 6.9408e+10 7.7630e+10  11.8%  53.8  760s
 52678  3395 infeasible   56      6.9408e+10 7.7630e+10  11.8%  53.8  765s
 53053  3388 7.7630e+10   50   41 6.9408e+10 7.7630e+10  11.8%  53.8  770s
 53310  3407 infeasible   58      6.9408e+10 7.7630e+10  11.8%  53.8  775s
 53596  3393 infeasible   59      6.9408e+10 7.7630e+10  11.8%  53.9  780s
 53957  3404 7.7630e+10   56   55 6.9408e+10 7.7630e+10  11.8%  53.9  785s
 54286  3400 7.7630e+10   52   36 6.9408e+10 7.7630e+10  11.8%  53.9  790s
 54488  3399 7.7630e+10   59   64 6.9408e+10 7.7630e+10  11.8%  54.0  795s
 54886  3407 infeasible   59      6.9408e+10 7.7630e+10  11.8%  54.0  800s
 55202  3399 infeasible   63      6.9408e+10 7.7630e+10  11.8%  54.0  805s
 55465  3389 7.7630e+10   59   15 6.9408e+10 7.7630e+10  11.8%  54.0  810s
 55722  3393 7.7630e+10   63   65 6.9408e+10 7.7630e+10  11.8%  54.0  815s
 56073  3382 infeasible   62      6.9408e+10 7.7630e+10  11.8%  54.1  820s
 56360  3398 7.7630e+10   50   46 6.9408e+10 7.7630e+10  11.8%  54.0  825s
 56665  3405 7.7630e+10   61   16 6.9408e+10 7.7630e+10  11.8%  54.0  830s
 57010  3362 7.7630e+10   49   60 6.9408e+10 7.7630e+10  11.8%  54.0  835s
 57199  3364 7.7630e+10   52   28 6.9408e+10 7.7630e+10  11.8%  54.1  840s
 57557  3374 7.7630e+10   55   33 6.9408e+10 7.7630e+10  11.8%  54.1  845s
 57915  3360 infeasible   57      6.9408e+10 7.7630e+10  11.8%  54.1  850s
 58198  3395 7.7630e+10   53   62 6.9408e+10 7.7630e+10  11.8%  54.1  855s
 58446  3396 infeasible   49      6.9408e+10 7.7630e+10  11.8%  54.1  860s
 58696  3394 7.7630e+10   55   24 6.9408e+10 7.7630e+10  11.8%  54.2  865s
 59005  3394 7.7630e+10   54   57 6.9408e+10 7.7630e+10  11.8%  54.3  870s
 59332  3395 7.7630e+10   57   45 6.9408e+10 7.7630e+10  11.8%  54.3  875s
 59588  3402 infeasible   66      6.9408e+10 7.7630e+10  11.8%  54.3  880s
 59915  3403 infeasible   62      6.9408e+10 7.7630e+10  11.8%  54.3  885s
 60133  3393 7.7630e+10   64   29 6.9408e+10 7.7630e+10  11.8%  54.3  890s
 60433  3380 7.7630e+10   59   17 6.9408e+10 7.7630e+10  11.8%  54.4  895s
 60724  3367 infeasible   47      6.9408e+10 7.7630e+10  11.8%  54.4  900s
 61023  3370 7.7630e+10   63   36 6.9408e+10 7.7630e+10  11.8%  54.5  905s
 61225  3364 7.7630e+10   60   46 6.9408e+10 7.7630e+10  11.8%  54.5  910s
 61497  3348 7.7630e+10   54   56 6.9408e+10 7.7630e+10  11.8%  54.5  915s
 61859  3355 infeasible   58      6.9408e+10 7.7630e+10  11.8%  54.5  920s
 62112  3359 infeasible   59      6.9408e+10 7.7630e+10  11.8%  54.5  925s
 62412  3369 7.7630e+10   66   17 6.9408e+10 7.7630e+10  11.8%  54.5  930s
 62736  3349 7.7630e+10   55   48 6.9408e+10 7.7630e+10  11.8%  54.5  935s
 63090  3402 infeasible   62      6.9408e+10 7.7630e+10  11.8%  54.4  940s
 63328  3453 infeasible   53      6.9408e+10 7.7630e+10  11.8%  54.4  945s
 63608  3477 7.2576e+10   62   19 6.9408e+10 7.7630e+10  11.8%  54.5  950s
 63808  3473 7.2576e+10   53   22 6.9408e+10 7.7630e+10  11.8%  54.5  955s
 64047  3460 infeasible   59      6.9408e+10 7.7630e+10  11.8%  54.6  960s
 64311  3474 infeasible   59      6.9408e+10 7.7630e+10  11.8%  54.7  965s
 64562  3470 7.7630e+10   53   58 6.9408e+10 7.7630e+10  11.8%  54.8  970s
 64760  3459 7.7630e+10   47   44 6.9408e+10 7.7630e+10  11.8%  54.8  975s
 65057  3459 7.7630e+10   55   22 6.9408e+10 7.7630e+10  11.8%  54.8  980s
 65282  3465 7.7630e+10   49   35 6.9408e+10 7.7630e+10  11.8%  54.9  985s
 65571  3512 infeasible   58      6.9408e+10 7.7630e+10  11.8%  54.9  990s
 65814  3511 7.7630e+10   61   75 6.9408e+10 7.7630e+10  11.8%  54.9  995s
 66097  3500 infeasible   59      6.9408e+10 7.7630e+10  11.8%  54.9 1000s
 66311  3494 7.7630e+10   61   42 6.9408e+10 7.7630e+10  11.8%  55.0 1005s
 66561  3515 infeasible   59      6.9408e+10 7.7630e+10  11.8%  55.0 1010s
 66834  3491 infeasible   62      6.9408e+10 7.7630e+10  11.8%  55.1 1015s
 67080  3503 infeasible   65      6.9408e+10 7.7630e+10  11.8%  55.1 1020s
 67326  3495 infeasible   66      6.9408e+10 7.7630e+10  11.8%  55.2 1025s
 67599  3478 infeasible   46      6.9408e+10 7.7630e+10  11.8%  55.2 1030s
 67758  3521 7.7630e+10   58   65 6.9408e+10 7.7630e+10  11.8%  55.3 1035s
 68047  3523 infeasible   58      6.9408e+10 7.7630e+10  11.8%  55.4 1040s
 68238  3508 infeasible   58      6.9408e+10 7.7630e+10  11.8%  55.4 1045s
 68453  3502 7.7630e+10   71   76 6.9408e+10 7.7630e+10  11.8%  55.5 1050s
 68715  3514 7.7630e+10   57   38 6.9408e+10 7.7630e+10  11.8%  55.5 1055s
 68915  3516 7.2576e+10   63   28 6.9408e+10 7.7630e+10  11.8%  55.6 1060s
 69209  3536 infeasible   64      6.9408e+10 7.7630e+10  11.8%  55.6 1065s
 69411  3537 7.7630e+10   59   40 6.9408e+10 7.7630e+10  11.8%  55.7 1070s
 69682  3544 7.7630e+10   52   44 6.9408e+10 7.7630e+10  11.8%  55.7 1075s
 69975  3545 7.7630e+10   53   99 6.9408e+10 7.7630e+10  11.8%  55.7 1080s
 70119  3563 7.7630e+10   60   27 6.9408e+10 7.7630e+10  11.8%  55.8 1085s
 70430  3556 7.7630e+10   59   32 6.9408e+10 7.7630e+10  11.8%  55.8 1090s
 70702  3546 7.7630e+10   59   61 6.9408e+10 7.7630e+10  11.8%  55.9 1095s
 70932  3557 infeasible   62      6.9408e+10 7.7630e+10  11.8%  55.9 1100s
 71088  3551 7.7630e+10   48   32 6.9408e+10 7.7630e+10  11.8%  56.0 1105s
 71406  3561 infeasible   53      6.9408e+10 7.7630e+10  11.8%  56.0 1110s
 71685  3554 7.7630e+10   56   47 6.9408e+10 7.7630e+10  11.8%  56.0 1115s
 71898  3547 7.7630e+10   51   40 6.9408e+10 7.7630e+10  11.8%  56.0 1120s
 72205  3571 7.7630e+10   53   18 6.9408e+10 7.7630e+10  11.8%  56.1 1125s
 72435  3566 7.7630e+10   58   58 6.9408e+10 7.7630e+10  11.8%  56.1 1130s
 72566  3553 infeasible   59      6.9408e+10 7.7630e+10  11.8%  56.2 1135s
 72834  3556 infeasible   58      6.9408e+10 7.7630e+10  11.8%  56.2 1140s
 73068  3552 infeasible   60      6.9408e+10 7.7630e+10  11.8%  56.3 1145s
 73235  3550 7.7630e+10   52   43 6.9408e+10 7.7630e+10  11.8%  56.3 1150s
 73522  3540 7.7630e+10   50   52 6.9408e+10 7.7630e+10  11.8%  56.4 1155s
 73754  3540 7.7630e+10   49   47 6.9408e+10 7.7630e+10  11.8%  56.4 1160s
 74001  3562 7.7630e+10   56   33 6.9408e+10 7.7630e+10  11.8%  56.4 1165s
 74277  3553 7.2576e+10   55   25 6.9408e+10 7.7630e+10  11.8%  56.4 1170s
 74541  3537 infeasible   46      6.9408e+10 7.7630e+10  11.8%  56.4 1175s
 74842  3536 infeasible   54      6.9408e+10 7.7630e+10  11.8%  56.5 1180s
 75042  3569 7.7630e+10   56   24 6.9408e+10 7.7630e+10  11.8%  56.5 1185s
 75297  3538 infeasible   58      6.9408e+10 7.7630e+10  11.8%  56.6 1190s
 75460  3561 infeasible   62      6.9408e+10 7.7630e+10  11.8%  56.7 1195s
 75693  3558 7.7630e+10   58   42 6.9408e+10 7.7630e+10  11.8%  56.7 1200s
 75963  3573 7.7630e+10   51   71 6.9408e+10 7.7630e+10  11.8%  56.8 1205s
 76233  3558 7.7630e+10   52   81 6.9408e+10 7.7630e+10  11.8%  56.9 1211s
 76454  3572 7.7630e+10   64   24 6.9408e+10 7.7630e+10  11.8%  56.9 1215s
 76784  3583 7.2158e+10   66   63 6.9408e+10 7.7630e+10  11.8%  56.9 1220s
 77046  3595 7.7630e+10   57   31 6.9408e+10 7.7630e+10  11.8%  56.9 1225s
 77217  3594 infeasible   60      6.9408e+10 7.7630e+10  11.8%  57.0 1230s
 77484  3582 infeasible   60      6.9408e+10 7.7630e+10  11.8%  57.0 1235s
 77772  3631 7.7630e+10   63   69 6.9408e+10 7.7630e+10  11.8%  57.0 1240s
 78065  3634 7.7630e+10   56   33 6.9408e+10 7.7630e+10  11.8%  57.0 1245s
 78316  3624 7.2576e+10   66   14 6.9408e+10 7.7630e+10  11.8%  57.0 1251s
 78545  3645 7.3840e+10   54   99 6.9408e+10 7.7630e+10  11.8%  57.0 1255s
 78849  3638 7.2576e+10   53   76 6.9408e+10 7.7630e+10  11.8%  57.0 1260s
 79159  3638 infeasible   60      6.9408e+10 7.7630e+10  11.8%  57.0 1265s
 79316  3641 7.7630e+10   64   16 6.9408e+10 7.7630e+10  11.8%  57.0 1270s
 79690  3639 infeasible   65      6.9408e+10 7.7630e+10  11.8%  57.0 1275s
 79972  3620 7.7630e+10   50   74 6.9408e+10 7.7630e+10  11.8%  57.0 1280s
 80200  3724 infeasible   63      6.9408e+10 7.7630e+10  11.8%  57.0 1285s
 80443  3747 infeasible   63      6.9408e+10 7.7630e+10  11.8%  57.0 1290s
 80773  3744 7.7630e+10   65   24 6.9408e+10 7.7630e+10  11.8%  57.0 1295s
 80990  3743 infeasible   54      6.9408e+10 7.7630e+10  11.8%  57.0 1300s
 81281  3779 7.7630e+10   58   54 6.9408e+10 7.7630e+10  11.8%  57.0 1305s
 81543  3754 7.7630e+10   60   60 6.9408e+10 7.7630e+10  11.8%  57.1 1311s
 81815  3797 7.7630e+10   75   20 6.9408e+10 7.7630e+10  11.8%  57.1 1315s
 81958  3780 7.7630e+10   59   80 6.9408e+10 7.7630e+10  11.8%  57.1 1320s
 82293  3776 infeasible   62      6.9408e+10 7.7630e+10  11.8%  57.2 1325s
 82463  3765 7.7630e+10   57   63 6.9408e+10 7.7630e+10  11.8%  57.2 1330s
 82756  3761 7.7630e+10   52   73 6.9408e+10 7.7630e+10  11.8%  57.2 1335s
 82987  3746 infeasible   55      6.9408e+10 7.7630e+10  11.8%  57.3 1340s
 83202  3737 7.7630e+10   58   22 6.9408e+10 7.7630e+10  11.8%  57.3 1345s
 83449  3730 7.7630e+10   60   73 6.9408e+10 7.7630e+10  11.8%  57.4 1350s
 83754  3806 7.7630e+10   65   70 6.9408e+10 7.7630e+10  11.8%  57.4 1355s
 83974  3806 7.5103e+10   70   50 6.9408e+10 7.7630e+10  11.8%  57.4 1360s
 84222  3791 infeasible   68      6.9408e+10 7.7630e+10  11.8%  57.4 1365s
 84467  3787 infeasible   71      6.9408e+10 7.7630e+10  11.8%  57.5 1370s
 84717  3776 7.7630e+10   64   75 6.9408e+10 7.7630e+10  11.8%  57.5 1375s
 84921  3794 7.2158e+10   68   12 6.9408e+10 7.7630e+10  11.8%  57.6 1380s
 85228  3809 7.7630e+10   63   52 6.9408e+10 7.7630e+10  11.8%  57.6 1385s
 85445  3804 7.7630e+10   58   69 6.9408e+10 7.7630e+10  11.8%  57.6 1390s
 85639  3789 7.2576e+10   67   16 6.9408e+10 7.7630e+10  11.8%  57.7 1395s
 85886  3800 7.2576e+10   66   37 6.9408e+10 7.7630e+10  11.8%  57.7 1400s
 86146  3811 7.7630e+10   67   27 6.9408e+10 7.7630e+10  11.8%  57.7 1405s
 86493  3813 7.7630e+10   59   73 6.9408e+10 7.7630e+10  11.8%  57.8 1410s
 86784  3857 7.7630e+10   68   77 6.9408e+10 7.7630e+10  11.8%  57.7 1415s
 87011  3854 7.7630e+10   71   26 6.9408e+10 7.7630e+10  11.8%  57.7 1420s
 87266  3848 7.7630e+10   73   18 6.9408e+10 7.7630e+10  11.8%  57.7 1425s
 87578  3867 7.7630e+10   71   28 6.9408e+10 7.7630e+10  11.8%  57.7 1430s
 87833  3873 7.7630e+10   57   28 6.9408e+10 7.7630e+10  11.8%  57.7 1435s
 88023  3861 infeasible   65      6.9408e+10 7.7630e+10  11.8%  57.8 1440s
 88297  3879     cutoff   71      6.9408e+10 7.7630e+10  11.8%  57.8 1445s
 88620  3889 7.7630e+10   59   49 6.9408e+10 7.7630e+10  11.8%  57.8 1450s
 88751  3885 7.7630e+10   56   61 6.9408e+10 7.7630e+10  11.8%  57.8 1455s
 89055  3881 7.7630e+10   61   33 6.9408e+10 7.7630e+10  11.8%  57.8 1460s
 89258  3873 7.7630e+10   56   68 6.9408e+10 7.7630e+10  11.8%  57.9 1465s
 89470  3889 7.7630e+10   68   60 6.9408e+10 7.7630e+10  11.8%  58.0 1470s
 89671  3884 7.7630e+10   65   24 6.9408e+10 7.7630e+10  11.8%  58.0 1475s
 89883  3889 7.2158e+10   58   56 6.9408e+10 7.7630e+10  11.8%  58.1 1480s
 90135  3872 infeasible   57      6.9408e+10 7.7630e+10  11.8%  58.1 1485s
 90386  3903 7.7630e+10   60   60 6.9408e+10 7.7630e+10  11.8%  58.1 1490s
 90651  3903 7.7630e+10   54   36 6.9408e+10 7.7630e+10  11.8%  58.1 1495s
 90879  3889 7.7630e+10   60   41 6.9408e+10 7.7630e+10  11.8%  58.2 1500s
 91128  3888 7.7630e+10   63   39 6.9408e+10 7.7630e+10  11.8%  58.2 1505s
 91369  3904 7.7630e+10   57   62 6.9408e+10 7.7630e+10  11.8%  58.2 1510s
 91575  3898 7.7630e+10   56   35 6.9408e+10 7.7630e+10  11.8%  58.2 1515s
 91844  3896 infeasible   66      6.9408e+10 7.7630e+10  11.8%  58.3 1520s
 92033  3900 infeasible   56      6.9408e+10 7.7630e+10  11.8%  58.3 1525s
 92322  3883 infeasible   53      6.9408e+10 7.7630e+10  11.8%  58.4 1530s
 92574  3895 infeasible   63      6.9408e+10 7.7630e+10  11.8%  58.4 1535s
 92834  3906 7.7630e+10   59   53 6.9408e+10 7.7630e+10  11.8%  58.4 1540s
 93084  3898 infeasible   58      6.9408e+10 7.7630e+10  11.8%  58.4 1545s
 93315  3892 infeasible   57      6.9408e+10 7.7630e+10  11.8%  58.4 1550s
H93616  3917                    6.940800e+10 7.7630e+10  11.8%  58.5 1554s
 93628  3915 infeasible   55      6.9408e+10 7.7630e+10  11.8%  58.5 1555s
 93847  3899 infeasible   63      6.9408e+10 7.7630e+10  11.8%  58.5 1560s
 94011  3890 7.2576e+10   62   21 6.9408e+10 7.7630e+10  11.8%  58.5 1565s
 94308  3883 infeasible   56      6.9408e+10 7.7630e+10  11.8%  58.5 1570s
 94611  3924 7.7630e+10   64   32 6.9408e+10 7.7630e+10  11.8%  58.6 1575s
 94757  3921 infeasible   60      6.9408e+10 7.7630e+10  11.8%  58.7 1580s
 95044  3903 7.7630e+10   65   39 6.9408e+10 7.7630e+10  11.8%  58.7 1585s
 95260  3909 7.7630e+10   58   43 6.9408e+10 7.7630e+10  11.8%  58.8 1590s
 95473  3896 7.7630e+10   59   83 6.9408e+10 7.7630e+10  11.8%  58.8 1595s
 95727  3906 7.7630e+10   60   91 6.9408e+10 7.7630e+10  11.8%  58.8 1600s
 95959  3900 infeasible   67      6.9408e+10 7.7630e+10  11.8%  58.9 1605s
 96197  3913 7.7630e+10   61   84 6.9408e+10 7.7630e+10  11.8%  58.9 1610s
 96393  3891 7.7630e+10   56   59 6.9408e+10 7.7630e+10  11.8%  58.9 1615s
 96644  3903 7.2158e+10   58   39 6.9408e+10 7.7630e+10  11.8%  59.0 1620s
 96856  3935 7.7630e+10   55   40 6.9408e+10 7.7630e+10  11.8%  59.0 1625s
 97113  3943 7.7630e+10   66   23 6.9408e+10 7.7630e+10  11.8%  59.0 1630s
 97309  3935 7.7630e+10   59   31 6.9408e+10 7.7630e+10  11.8%  59.1 1635s
 97566  3955 7.7630e+10   57   83 6.9408e+10 7.7630e+10  11.8%  59.1 1640s
 97723  3944 7.7630e+10   75   26 6.9408e+10 7.7630e+10  11.8%  59.2 1645s
 97928  3937 7.7630e+10   66   39 6.9408e+10 7.7630e+10  11.8%  59.3 1650s
 98237  3963 7.7630e+10   60   69 6.9408e+10 7.7630e+10  11.8%  59.3 1655s
 98453  3987 infeasible   65      6.9408e+10 7.7630e+10  11.8%  59.3 1660s
 98734  3980 7.2158e+10   62   69 6.9408e+10 7.7630e+10  11.8%  59.3 1665s
 98903  3997 7.7630e+10   61   48 6.9408e+10 7.7630e+10  11.8%  59.3 1670s
 99199  4030 7.7630e+10   75   28 6.9408e+10 7.7630e+10  11.8%  59.4 1675s
 99411  4037 7.2158e+10   65   64 6.9408e+10 7.7630e+10  11.8%  59.4 1680s
 99643  4053 infeasible   68      6.9408e+10 7.7630e+10  11.8%  59.4 1685s
 99863  4041 7.2576e+10   70   22 6.9408e+10 7.7630e+10  11.8%  59.4 1690s
 100115  4021 7.7630e+10   56   68 6.9408e+10 7.7630e+10  11.8%  59.5 1695s
 100258  4034 infeasible   68      6.9408e+10 7.7630e+10  11.8%  59.5 1700s
 100542  4020 infeasible   71      6.9408e+10 7.7630e+10  11.8%  59.5 1705s
 100752  4027 7.7630e+10   61   40 6.9408e+10 7.7630e+10  11.8%  59.6 1710s
 100996  4061 infeasible   64      6.9408e+10 7.7630e+10  11.8%  59.6 1715s
 101257  4049 7.7630e+10   63   39 6.9408e+10 7.7630e+10  11.8%  59.6 1720s
 101439  4047 7.7630e+10   61   33 6.9408e+10 7.7630e+10  11.8%  59.7 1725s
 101616  4038     cutoff   67      6.9408e+10 7.7630e+10  11.8%  59.7 1730s
 101892  4044 7.7630e+10   67   33 6.9408e+10 7.7630e+10  11.8%  59.8 1735s
 102146  4035 infeasible   67      6.9408e+10 7.7630e+10  11.8%  59.8 1740s
 102354  4049 infeasible   68      6.9408e+10 7.7630e+10  11.8%  59.8 1745s
 102748  4086 7.7630e+10   56   49 6.9408e+10 7.7630e+10  11.8%  59.7 1750s
 102945  4116 7.7630e+10   69   58 6.9408e+10 7.7630e+10  11.8%  59.7 1755s
 103249  4120 7.7630e+10   69   62 6.9408e+10 7.7630e+10  11.8%  59.7 1760s
 103510  4099 infeasible   62      6.9408e+10 7.7630e+10  11.8%  59.7 1765s
 103691  4127 7.7630e+10   60   47 6.9408e+10 7.7630e+10  11.8%  59.7 1770s
 104039  4119 7.2576e+10   61   34 6.9408e+10 7.7630e+10  11.8%  59.7 1775s
 104275  4108 7.2576e+10   71   24 6.9408e+10 7.7630e+10  11.8%  59.7 1780s
 104481  4100 7.7630e+10   61   74 6.9408e+10 7.7630e+10  11.8%  59.8 1786s
 104727  4117 infeasible   61      6.9408e+10 7.7630e+10  11.8%  59.8 1790s
 105015  4132 infeasible   60      6.9408e+10 7.7630e+10  11.8%  59.8 1795s
 105200  4140 infeasible   59      6.9408e+10 7.7630e+10  11.8%  59.8 1800s
 105479  4186 7.7630e+10   59   60 6.9408e+10 7.7630e+10  11.8%  59.8 1805s
 105690  4186 infeasible   58      6.9408e+10 7.7630e+10  11.8%  59.8 1810s
 105957  4213 infeasible   54      6.9408e+10 7.7630e+10  11.8%  59.8 1815s
 106192  4217 infeasible   54      6.9408e+10 7.7630e+10  11.8%  59.8 1820s
 106374  4235 7.7630e+10   63   27 6.9408e+10 7.7630e+10  11.8%  59.8 1825s
 106497  4263 7.7630e+10   64   28 6.9408e+10 7.7630e+10  11.8%  59.9 1830s
 106773  4284 infeasible   63      6.9408e+10 7.7630e+10  11.8%  59.9 1835s
 106987  4308 7.7630e+10   51   76 6.9408e+10 7.7630e+10  11.8%  59.9 1840s
 107221  4336 7.7630e+10   48   32 6.9408e+10 7.7630e+10  11.8%  59.9 1845s
 107479  4389 infeasible   53      6.9408e+10 7.7630e+10  11.8%  60.0 1850s
 107727  4418 7.7630e+10   60   67 6.9408e+10 7.7630e+10  11.8%  60.0 1855s
 107911  4419 7.7630e+10   52   35 6.9408e+10 7.7630e+10  11.8%  60.1 1860s
 108148  4433 infeasible   50      6.9408e+10 7.7630e+10  11.8%  60.1 1865s
 108388  4430 7.7630e+10   53   42 6.9408e+10 7.7630e+10  11.8%  60.1 1870s
 108513  4424 7.7630e+10   58   36 6.9408e+10 7.7630e+10  11.8%  60.1 1875s
 108722  4418 7.7630e+10   54   25 6.9408e+10 7.7630e+10  11.8%  60.2 1880s
 108946  4415 infeasible   59      6.9408e+10 7.7630e+10  11.8%  60.3 1885s
 109092  4411 infeasible   64      6.9408e+10 7.7630e+10  11.8%  60.4 1890s
 109323  4424 infeasible   80      6.9408e+10 7.7630e+10  11.8%  60.4 1895s
 109572  4405 infeasible   62      6.9408e+10 7.7630e+10  11.8%  60.4 1900s
 109772  4420 7.7630e+10   55   27 6.9408e+10 7.7630e+10  11.8%  60.4 1905s
 110008  4420 infeasible   57      6.9408e+10 7.7630e+10  11.8%  60.4 1910s
 110206  4421 7.7630e+10   61   20 6.9408e+10 7.7630e+10  11.8%  60.4 1915s
 110404  4409 7.5103e+10   60   34 6.9408e+10 7.7630e+10  11.8%  60.5 1920s
 110633  4416 7.7630e+10   70   40 6.9408e+10 7.7630e+10  11.8%  60.5 1925s
 110912  4449 7.2576e+10   41   55 6.9408e+10 7.7630e+10  11.8%  60.5 1930s
 111127  4490 infeasible   50      6.9408e+10 7.7630e+10  11.8%  60.5 1935s
 111365  4530 infeasible   52      6.9408e+10 7.7630e+10  11.8%  60.5 1940s
 111645  4568 7.2576e+10   71    9 6.9408e+10 7.7630e+10  11.8%  60.6 1945s
 111898  4637 7.7630e+10   69   44 6.9408e+10 7.7630e+10  11.8%  60.6 1950s
 112057  4673 7.2576e+10   70   44 6.9408e+10 7.7630e+10  11.8%  60.6 1955s
 112355  4674 7.7630e+10   63   40 6.9408e+10 7.7630e+10  11.8%  60.6 1960s
 112553  4669 7.2576e+10   60   66 6.9408e+10 7.7630e+10  11.8%  60.7 1965s
 112767  4670 7.7630e+10   60   54 6.9408e+10 7.7630e+10  11.8%  60.7 1970s
 113095  4684 7.7630e+10   62   27 6.9408e+10 7.7630e+10  11.8%  60.7 1975s
 113326  4691 7.7630e+10   50   57 6.9408e+10 7.7630e+10  11.8%  60.7 1980s
 113566  4709 7.5647e+10   61   83 6.9408e+10 7.7630e+10  11.8%  60.7 1985s
 113867  4767 7.7630e+10   44   35 6.9408e+10 7.7630e+10  11.8%  60.7 1990s
 114069  4809 7.7630e+10   47   48 6.9408e+10 7.7630e+10  11.8%  60.7 1995s
 114397  4866 infeasible   50      6.9408e+10 7.7630e+10  11.8%  60.7 2000s
 114692  4910 7.7630e+10   55   72 6.9408e+10 7.7630e+10  11.8%  60.7 2005s
 114941  4943 infeasible   52      6.9408e+10 7.7630e+10  11.8%  60.7 2010s
 115210  4945 infeasible   50      6.9408e+10 7.7630e+10  11.8%  60.7 2015s
 115495  4996 7.2576e+10   45   52 6.9408e+10 7.7630e+10  11.8%  60.7 2020s
 115690  5008 7.3914e+10   46   58 6.9408e+10 7.7630e+10  11.8%  60.7 2025s
 115866  5035 infeasible   56      6.9408e+10 7.7630e+10  11.8%  60.8 2030s
 116214  5050 7.7630e+10   37   49 6.9408e+10 7.7630e+10  11.8%  60.8 2035s
 116473  5094 7.7630e+10   55   86 6.9408e+10 7.7630e+10  11.8%  60.7 2040s
 116689  5140 infeasible   53      6.9408e+10 7.7630e+10  11.8%  60.8 2045s
 116916  5159 7.7630e+10   43   52 6.9408e+10 7.7630e+10  11.8%  60.8 2050s
 117199  5184 7.7630e+10   57   41 6.9408e+10 7.7630e+10  11.8%  60.8 2055s
 117433  5191 7.7630e+10   62   37 6.9408e+10 7.7630e+10  11.8%  60.8 2060s
 117652  5247 7.7630e+10   53   41 6.9408e+10 7.7630e+10  11.8%  60.8 2065s
 117898  5273 7.7630e+10   50   75 6.9408e+10 7.7630e+10  11.8%  60.8 2070s
 118087  5300 infeasible   52      6.9408e+10 7.7630e+10  11.8%  60.8 2075s
 118349  5366 infeasible   54      6.9408e+10 7.7630e+10  11.8%  60.8 2080s
 118630  5395 7.7630e+10   43   23 6.9408e+10 7.7630e+10  11.8%  60.8 2085s
 118827  5431 7.7630e+10   50   66 6.9408e+10 7.7630e+10  11.8%  60.9 2090s
 119061  5433 7.7630e+10   59   40 6.9408e+10 7.7630e+10  11.8%  60.9 2095s
 119262  5420 infeasible   61      6.9408e+10 7.7630e+10  11.8%  60.9 2100s
 119509  5420 7.7630e+10   54   39 6.9408e+10 7.7630e+10  11.8%  61.0 2105s
 119682  5421 infeasible   56      6.9408e+10 7.7630e+10  11.8%  61.0 2110s
 119835  5427 infeasible   61      6.9408e+10 7.7630e+10  11.8%  61.0 2115s
 120099  5474 7.7630e+10   60   51 6.9408e+10 7.7630e+10  11.8%  61.0 2120s
 120337  5474 7.7630e+10   56   81 6.9408e+10 7.7630e+10  11.8%  61.1 2125s
 120563  5516 7.7630e+10   57   30 6.9408e+10 7.7630e+10  11.8%  61.1 2130s
 120804  5547 infeasible   60      6.9408e+10 7.7630e+10  11.8%  61.1 2135s
 121036  5541 7.7630e+10   63   34 6.9408e+10 7.7630e+10  11.8%  61.1 2140s
 121283  5583 7.7630e+10   51   55 6.9408e+10 7.7630e+10  11.8%  61.1 2145s
 121509  5599 infeasible   56      6.9408e+10 7.7630e+10  11.8%  61.1 2150s
 121671  5607 infeasible   63      6.9408e+10 7.7630e+10  11.8%  61.2 2155s
 121847  5637 7.7630e+10   59   18 6.9408e+10 7.7630e+10  11.8%  61.2 2160s
 122142  5720 7.7630e+10   42   44 6.9408e+10 7.7630e+10  11.8%  61.2 2165s
 122386  5765 infeasible   48      6.9408e+10 7.7630e+10  11.8%  61.2 2170s
 122609  5794 7.7630e+10   51   55 6.9408e+10 7.7630e+10  11.8%  61.2 2175s
 122871  5812 7.7630e+10   47   42 6.9408e+10 7.7630e+10  11.8%  61.3 2180s
 123024  5814 7.7630e+10   54   22 6.9408e+10 7.7630e+10  11.8%  61.3 2185s
 123298  5832 infeasible   53      6.9408e+10 7.7630e+10  11.8%  61.3 2190s
 123604  5838 infeasible   61      6.9408e+10 7.7630e+10  11.8%  61.2 2195s
 123812  5882 7.2158e+10   58   10 6.9408e+10 7.7630e+10  11.8%  61.2 2200s
 124035  5885 7.7630e+10   49   34 6.9408e+10 7.7630e+10  11.8%  61.3 2205s
 124275  5912 7.2158e+10   53   27 6.9408e+10 7.7630e+10  11.8%  61.3 2211s
 124433  5934 infeasible   77      6.9408e+10 7.7630e+10  11.8%  61.3 2215s
 124732  5944 7.7630e+10   49   35 6.9408e+10 7.7630e+10  11.8%  61.3 2220s
 124903  5935 7.7630e+10   78   51 6.9408e+10 7.7630e+10  11.8%  61.3 2225s
 125138  5936 infeasible   80      6.9408e+10 7.7630e+10  11.8%  61.4 2230s
 125393  5945 7.7630e+10   52   82 6.9408e+10 7.7630e+10  11.8%  61.4 2236s
 125625  5963 infeasible   61      6.9408e+10 7.7630e+10  11.8%  61.4 2240s
 125827  5968 7.7630e+10   53   48 6.9408e+10 7.7630e+10  11.8%  61.4 2245s
 126096  5970 7.7630e+10   55   54 6.9408e+10 7.7630e+10  11.8%  61.4 2250s
 126336  5976 7.7630e+10   54   33 6.9408e+10 7.7630e+10  11.8%  61.4 2255s
 126527  5974 infeasible   57      6.9408e+10 7.7630e+10  11.8%  61.4 2260s
 126816  5988 7.7276e+10   53   47 6.9408e+10 7.7630e+10  11.8%  61.4 2266s
 127080  5991 7.7630e+10   54   34 6.9408e+10 7.7630e+10  11.8%  61.4 2270s
 127341  5985 7.7630e+10   51   76 6.9408e+10 7.7630e+10  11.8%  61.4 2275s
 127628  6041 infeasible   74      6.9408e+10 7.7630e+10  11.8%  61.4 2280s
 127879  6054 7.7630e+10   44   53 6.9408e+10 7.7630e+10  11.8%  61.4 2285s
 128055  6086 7.0546e+10   56   39 6.9408e+10 7.7630e+10  11.8%  61.4 2290s
 128416  6122 7.7630e+10   46   43 6.9408e+10 7.7630e+10  11.8%  61.3 2295s
 128694  6129 infeasible   87      6.9408e+10 7.7630e+10  11.8%  61.3 2300s
 128878  6120 7.7630e+10   51   41 6.9408e+10 7.7630e+10  11.8%  61.3 2305s
 129247  6133 7.7630e+10   56   24 6.9408e+10 7.7630e+10  11.8%  61.3 2310s
 129555  6180     cutoff   60      6.9408e+10 7.7630e+10  11.8%  61.3 2315s
 129714  6179 7.7630e+10   56   17 6.9408e+10 7.7630e+10  11.8%  61.3 2320s
 130038  6178 infeasible   61      6.9408e+10 7.7630e+10  11.8%  61.2 2325s
 130328  6165 7.7630e+10   46   64 6.9408e+10 7.7630e+10  11.8%  61.2 2330s
 130401  6177 infeasible   55      6.9408e+10 7.7630e+10  11.8%  61.2 2335s
 130723  6171 infeasible   51      6.9408e+10 7.7630e+10  11.8%  61.3 2340s
 131039  6188 7.7630e+10   54   37 6.9408e+10 7.7630e+10  11.8%  61.2 2345s
 131345  6188 7.7630e+10   59   42 6.9408e+10 7.7630e+10  11.8%  61.2 2350s
 131567  6194 infeasible   55      6.9408e+10 7.7630e+10  11.8%  61.2 2355s
 131827  6193 7.7630e+10   55   29 6.9408e+10 7.7630e+10  11.8%  61.1 2360s
 132119  6188 7.7630e+10   53   26 6.9408e+10 7.7630e+10  11.8%  61.1 2365s
 132384  6181 7.7630e+10   56   34 6.9408e+10 7.7630e+10  11.8%  61.1 2370s
 132631  6175 7.7630e+10   51   21 6.9408e+10 7.7630e+10  11.8%  61.1 2375s
 132879  6176 7.7630e+10   51   28 6.9408e+10 7.7630e+10  11.8%  61.1 2380s
 133169  6206 7.7630e+10   53   41 6.9408e+10 7.7630e+10  11.8%  61.1 2385s
 133392  6195 7.7630e+10   49   38 6.9408e+10 7.7630e+10  11.8%  61.1 2390s
 133659  6200 infeasible   59      6.9408e+10 7.7630e+10  11.8%  61.1 2395s
 133856  6186 infeasible   62      6.9408e+10 7.7630e+10  11.8%  61.1 2400s
 134161  6236 infeasible   61      6.9408e+10 7.7630e+10  11.8%  61.1 2405s
 134370  6231 7.2158e+10   58   40 6.9408e+10 7.7630e+10  11.8%  61.1 2410s
 134624  6222 7.7630e+10   50   43 6.9408e+10 7.7630e+10  11.8%  61.1 2415s
 134857  6255 7.7630e+10   60   31 6.9408e+10 7.7630e+10  11.8%  61.0 2420s
 135151  6247 7.7630e+10   61   56 6.9408e+10 7.7630e+10  11.8%  61.0 2425s
 135428  6255 7.7630e+10   60   69 6.9408e+10 7.7630e+10  11.8%  61.0 2430s
 135665  6238     cutoff   59      6.9408e+10 7.7630e+10  11.8%  61.0 2435s
 135937  6237 infeasible   64      6.9408e+10 7.7630e+10  11.8%  61.0 2440s
 136141  6250 7.7630e+10   60   76 6.9408e+10 7.7630e+10  11.8%  61.0 2445s
 136391  6279 7.2158e+10   60   19 6.9408e+10 7.7630e+10  11.8%  61.0 2450s
 136587  6283 infeasible   50      6.9408e+10 7.7630e+10  11.8%  61.0 2455s
 136842  6279 infeasible   57      6.9408e+10 7.7630e+10  11.8%  61.0 2460s
 137142  6265 7.7630e+10   55   75 6.9408e+10 7.7630e+10  11.8%  61.0 2466s
 137379  6289 7.7630e+10   51   50 6.9408e+10 7.7630e+10  11.8%  61.0 2470s
 137681  6276 infeasible   60      6.9408e+10 7.7630e+10  11.8%  61.0 2475s
 137917  6290     cutoff   59      6.9408e+10 7.7630e+10  11.8%  61.0 2480s
 138195  6271 infeasible   58      6.9408e+10 7.7630e+10  11.8%  61.0 2485s
 138431  6278 7.7630e+10   50   34 6.9408e+10 7.7630e+10  11.8%  61.0 2490s
 138613  6309 7.7630e+10   53   45 6.9408e+10 7.7630e+10  11.8%  61.0 2495s
 138823  6281 infeasible   50      6.9408e+10 7.7630e+10  11.8%  61.0 2500s
 139116  6275 infeasible   57      6.9408e+10 7.7630e+10  11.8%  61.0 2505s
 139400  6286     cutoff   58      6.9408e+10 7.7630e+10  11.8%  61.0 2510s
 139593  6284 7.2158e+10   57   14 6.9408e+10 7.7630e+10  11.8%  60.9 2515s
 139946  6297 7.7630e+10   59   22 6.9408e+10 7.7630e+10  11.8%  60.9 2520s
 140192  6313 infeasible   60      6.9408e+10 7.7630e+10  11.8%  60.9 2525s
 140495  6340 infeasible   57      6.9408e+10 7.7630e+10  11.8%  60.9 2530s
 140675  6349 7.7630e+10   65   27 6.9408e+10 7.7630e+10  11.8%  60.9 2535s
 140881  6362 infeasible   58      6.9408e+10 7.7630e+10  11.8%  60.9 2540s
 141182  6381 7.2576e+10   59   34 6.9408e+10 7.7630e+10  11.8%  60.9 2545s
 141354  6383 7.7630e+10   69   39 6.9408e+10 7.7630e+10  11.8%  60.9 2550s
 141592  6383 7.7630e+10   63   33 6.9408e+10 7.7630e+10  11.8%  60.9 2556s
 141805  6389 infeasible   68      6.9408e+10 7.7630e+10  11.8%  61.0 2560s
 141948  6377 7.7630e+10   52   63 6.9408e+10 7.7630e+10  11.8%  61.0 2565s
 142219  6386 7.6262e+10   53   39 6.9408e+10 7.7630e+10  11.8%  61.0 2570s
 142525  6446 infeasible   69      6.9408e+10 7.7630e+10  11.8%  61.0 2575s
 142732  6464 7.7630e+10   60   24 6.9408e+10 7.7630e+10  11.8%  61.0 2580s
 142918  6448 7.7630e+10   52   31 6.9408e+10 7.7630e+10  11.8%  61.0 2585s
 143154  6456 7.7630e+10   53   31 6.9408e+10 7.7630e+10  11.8%  61.0 2590s
 143365  6456 7.7630e+10   55   40 6.9408e+10 7.7630e+10  11.8%  61.0 2595s
 143663  6452 7.2158e+10   54   29 6.9408e+10 7.7630e+10  11.8%  60.9 2600s
 143844  6456 7.7630e+10   56   30 6.9408e+10 7.7630e+10  11.8%  61.0 2605s
 144096  6447 infeasible   54      6.9408e+10 7.7630e+10  11.8%  61.0 2610s
 144407  6449 7.7630e+10   52   35 6.9408e+10 7.7630e+10  11.8%  60.9 2615s
 144616  6452 infeasible   56      6.9408e+10 7.7630e+10  11.8%  60.9 2620s
 144907  6503 infeasible   66      6.9408e+10 7.7630e+10  11.8%  60.9 2625s
 145103  6482 7.7630e+10   53   71 6.9408e+10 7.7630e+10  11.8%  60.9 2630s
 145354  6490 infeasible   59      6.9408e+10 7.7630e+10  11.8%  60.9 2635s
 145652  6481 7.7630e+10   59   39 6.9408e+10 7.7630e+10  11.8%  60.9 2640s
 145918  6483 7.7630e+10   59   68 6.9408e+10 7.7630e+10  11.8%  60.9 2645s
 146118  6489 7.7630e+10   59   58 6.9408e+10 7.7630e+10  11.8%  60.9 2650s
 146303  6472 7.7630e+10   54   38 6.9408e+10 7.7630e+10  11.8%  60.9 2655s
 146563  6468 7.7630e+10   56   22 6.9408e+10 7.7630e+10  11.8%  60.9 2660s
 146780  6469 7.7630e+10   58   49 6.9408e+10 7.7630e+10  11.8%  60.9 2665s
 146984  6461 7.7630e+10   58   37 6.9408e+10 7.7630e+10  11.8%  60.9 2670s
 147266  6482 7.7630e+10   55   23 6.9408e+10 7.7630e+10  11.8%  60.9 2675s
 147493  6458 7.7630e+10   52   25 6.9408e+10 7.7630e+10  11.8%  60.9 2680s
 147736  6463 7.7630e+10   52   43 6.9408e+10 7.7630e+10  11.8%  60.9 2685s
 147928  6462     cutoff   58      6.9408e+10 7.7630e+10  11.8%  60.9 2690s
 148192  6472 infeasible   68      6.9408e+10 7.7630e+10  11.8%  60.9 2695s
 148434  6472 infeasible   61      6.9408e+10 7.7630e+10  11.8%  61.0 2700s
 148600  6470 7.7630e+10   51   44 6.9408e+10 7.7630e+10  11.8%  61.0 2705s
 148812  6462 7.7630e+10   53   88 6.9408e+10 7.7630e+10  11.8%  61.0 2710s
 149040  6478 7.2576e+10   64   66 6.9408e+10 7.7630e+10  11.8%  61.0 2715s
 149166  6480 7.2576e+10   58   56 6.9408e+10 7.7630e+10  11.8%  61.0 2720s
 149456  6503 7.7630e+10   57   32 6.9408e+10 7.7630e+10  11.8%  61.0 2725s
 149709  6504 7.2576e+10   57   47 6.9408e+10 7.7630e+10  11.8%  61.0 2730s
 149880  6499 infeasible   56      6.9408e+10 7.7630e+10  11.8%  61.1 2735s
 150191  6523 7.7630e+10   47   73 6.9408e+10 7.7630e+10  11.8%  61.1 2740s
 150378  6572 7.2576e+10   59   35 6.9408e+10 7.7630e+10  11.8%  61.0 2745s
 150600  6579 7.7630e+10   58   48 6.9408e+10 7.7630e+10  11.8%  61.0 2750s
 150928  6565 infeasible   63      6.9408e+10 7.7630e+10  11.8%  61.0 2755s
 151142  6569 7.7630e+10   52   18 6.9408e+10 7.7630e+10  11.8%  61.0 2760s
 151324  6557 infeasible   59      6.9408e+10 7.7630e+10  11.8%  61.0 2765s
 151533  6553 7.7630e+10   59   65 6.9408e+10 7.7630e+10  11.8%  61.1 2770s
 151775  6583 7.7630e+10   55   65 6.9408e+10 7.7630e+10  11.8%  61.1 2775s
 151971  6577 infeasible   61      6.9408e+10 7.7630e+10  11.8%  61.1 2780s
 152280  6584 7.2576e+10   63   18 6.9408e+10 7.7630e+10  11.8%  61.1 2785s
 152475  6569 infeasible   62      6.9408e+10 7.7630e+10  11.8%  61.1 2790s
 152706  6575 infeasible   65      6.9408e+10 7.7630e+10  11.8%  61.1 2795s
 152905  6569 infeasible   49      6.9408e+10 7.7630e+10  11.8%  61.1 2800s
 153026  6578 7.7630e+10   60   18 6.9408e+10 7.7630e+10  11.8%  61.1 2805s
 153356  6595 7.7630e+10   55   32 6.9408e+10 7.7630e+10  11.8%  61.1 2810s
 153556  6569 7.7630e+10   55   53 6.9408e+10 7.7630e+10  11.8%  61.2 2815s
 153787  6580 7.7630e+10   63   24 6.9408e+10 7.7630e+10  11.8%  61.2 2820s
 154052  6624 infeasible   54      6.9408e+10 7.7630e+10  11.8%  61.1 2825s
 154321  6690 infeasible   59      6.9408e+10 7.7630e+10  11.8%  61.1 2830s
 154572  6690 7.2158e+10   60   24 6.9408e+10 7.7630e+10  11.8%  61.1 2835s
 154762  6680 7.2158e+10   61   24 6.9408e+10 7.7630e+10  11.8%  61.1 2840s
 154959  6674 infeasible   58      6.9408e+10 7.7630e+10  11.8%  61.1 2845s
 155217  6682 infeasible   63      6.9408e+10 7.7630e+10  11.8%  61.1 2850s
 155463  6674 7.7630e+10   60   37 6.9408e+10 7.7630e+10  11.8%  61.1 2855s
 155659  6674 7.7630e+10   58   51 6.9408e+10 7.7630e+10  11.8%  61.1 2860s
 155895  6689 infeasible   59      6.9408e+10 7.7630e+10  11.8%  61.1 2865s
 156126  6693 7.7630e+10   60   51 6.9408e+10 7.7630e+10  11.8%  61.1 2870s
 156390  6686 7.7630e+10   64   23 6.9408e+10 7.7630e+10  11.8%  61.1 2875s
 156607  6673 7.7630e+10   64   95 6.9408e+10 7.7630e+10  11.8%  61.1 2880s
 156769  6689 7.7630e+10   61   35 6.9408e+10 7.7630e+10  11.8%  61.1 2885s
 157046  6687 7.2576e+10   66   12 6.9408e+10 7.7630e+10  11.8%  61.1 2890s
 157277  6683 infeasible   63      6.9408e+10 7.7630e+10  11.8%  61.1 2895s
 157555  6709 7.7630e+10   63   15 6.9408e+10 7.7630e+10  11.8%  61.1 2900s
 157737  6728 7.7630e+10   56   42 6.9408e+10 7.7630e+10  11.8%  61.1 2905s
 158041  6704 7.7630e+10   56   26 6.9408e+10 7.7630e+10  11.8%  61.1 2910s
 158269  6724 7.7382e+10   59   55 6.9408e+10 7.7630e+10  11.8%  61.1 2915s
 158512  6746 7.7630e+10   59   33 6.9408e+10 7.7630e+10  11.8%  61.1 2920s
 158761  6730 7.7630e+10   56   32 6.9408e+10 7.7630e+10  11.8%  61.1 2925s
 159060  6731 infeasible   57      6.9408e+10 7.7630e+10  11.8%  61.1 2930s
 159214  6729 7.2158e+10   56   22 6.9408e+10 7.7630e+10  11.8%  61.1 2935s
 159510  6722 infeasible   61      6.9408e+10 7.7630e+10  11.8%  61.1 2940s
 159757  6749 7.7630e+10   54   50 6.9408e+10 7.7630e+10  11.8%  61.1 2945s
 159863  6747 7.7630e+10   54   65 6.9408e+10 7.7630e+10  11.8%  61.1 2950s
 160094  6734 infeasible   52      6.9408e+10 7.7630e+10  11.8%  61.1 2955s
 160194  6727 7.7630e+10   49   65 6.9408e+10 7.7630e+10  11.8%  61.1 2960s
 160439  6706 infeasible   49      6.9408e+10 7.7630e+10  11.8%  61.2 2965s
 160635  6703 infeasible   51      6.9408e+10 7.7630e+10  11.8%  61.2 2970s
 160871  6744 7.7630e+10   55   23 6.9408e+10 7.7630e+10  11.8%  61.2 2975s
 161121  6725 7.7630e+10   51   50 6.9408e+10 7.7630e+10  11.8%  61.2 2980s
 161320  6722 7.7630e+10   59   35 6.9408e+10 7.7630e+10  11.8%  61.2 2985s
 161520  6728 7.7630e+10   56   30 6.9408e+10 7.7630e+10  11.8%  61.2 2990s
 161815  6716 infeasible   58      6.9408e+10 7.7630e+10  11.8%  61.2 2995s
 162045  6717 7.7630e+10   64   37 6.9408e+10 7.7630e+10  11.8%  61.2 3000s
 162334  6736 infeasible   49      6.9408e+10 7.7630e+10  11.8%  61.2 3005s
 162534  6735 7.7630e+10   57   34 6.9408e+10 7.7630e+10  11.8%  61.1 3010s
 162897  6716 7.7630e+10   60   22 6.9408e+10 7.7630e+10  11.8%  61.1 3015s
 163144  6732 7.7630e+10   51   45 6.9408e+10 7.7630e+10  11.8%  61.1 3020s
 163340  6766 infeasible   61      6.9408e+10 7.7630e+10  11.8%  61.1 3025s
 163605  6768 7.7630e+10   66   77 6.9408e+10 7.7630e+10  11.8%  61.1 3030s
 163781  6755 7.7630e+10   57   25 6.9408e+10 7.7630e+10  11.8%  61.1 3035s
 163926  6750 infeasible   58      6.9408e+10 7.7630e+10  11.8%  61.1 3040s
 164187  6764 7.7630e+10   52   68 6.9408e+10 7.7630e+10  11.8%  61.2 3045s
 164398  6779 7.7630e+10   55   26 6.9408e+10 7.7630e+10  11.8%  61.2 3050s
 164612  6757 infeasible   54      6.9408e+10 7.7630e+10  11.8%  61.2 3055s
 164791  6733 infeasible   51      6.9408e+10 7.7630e+10  11.8%  61.2 3060s
 165039  6773 7.2576e+10   54   66 6.9408e+10 7.7630e+10  11.8%  61.2 3065s
 165307  6810 7.5186e+10   66  110 6.9408e+10 7.7630e+10  11.8%  61.2 3071s
 165462  6799 7.7630e+10   52   73 6.9408e+10 7.7630e+10  11.8%  61.2 3075s
 165718  6814 infeasible   66      6.9408e+10 7.7630e+10  11.8%  61.3 3080s
 165922  6791 7.7630e+10   46   72 6.9408e+10 7.7630e+10  11.8%  61.3 3085s
 166173  6786 7.7630e+10   48   38 6.9408e+10 7.7630e+10  11.8%  61.3 3090s
 166380  6798 7.7630e+10   56   36 6.9408e+10 7.7630e+10  11.8%  61.3 3095s
 166597  6804 7.7630e+10   57   47 6.9408e+10 7.7630e+10  11.8%  61.3 3100s
 166843  6796 infeasible   64      6.9408e+10 7.7630e+10  11.8%  61.3 3105s
 167067  6789 infeasible   50      6.9408e+10 7.7630e+10  11.8%  61.3 3110s
 167255  6797 7.7630e+10   52   41 6.9408e+10 7.7630e+10  11.8%  61.3 3115s
 167486  6804 7.7630e+10   64   53 6.9408e+10 7.7630e+10  11.8%  61.3 3120s
 167751  6793 7.7630e+10   62   48 6.9408e+10 7.7630e+10  11.8%  61.3 3125s
 167928  6776 infeasible   61      6.9408e+10 7.7630e+10  11.8%  61.3 3130s
 168148  6778 infeasible   61      6.9408e+10 7.7630e+10  11.8%  61.3 3135s
 168362  6789 infeasible   54      6.9408e+10 7.7630e+10  11.8%  61.3 3140s
 168561  6794 7.7630e+10   49   34 6.9408e+10 7.7630e+10  11.8%  61.3 3145s
 168770  6776 infeasible   56      6.9408e+10 7.7630e+10  11.8%  61.3 3150s
 169038  6808 7.7630e+10   44   68 6.9408e+10 7.7630e+10  11.8%  61.3 3155s
 169223  6798 7.7630e+10   45   80 6.9408e+10 7.7630e+10  11.8%  61.4 3160s
 169355  6806 7.7630e+10   73   36 6.9408e+10 7.7630e+10  11.8%  61.4 3165s
 169610  6853 7.7630e+10   87   30 6.9408e+10 7.7630e+10  11.8%  61.4 3170s
 169866  6840 infeasible   78      6.9408e+10 7.7630e+10  11.8%  61.5 3175s
 170040  6844 7.2576e+10   73   53 6.9408e+10 7.7630e+10  11.8%  61.5 3180s
 170218  6888     cutoff   79      6.9408e+10 7.7630e+10  11.8%  61.5 3185s
 170466  6898 infeasible   78      6.9408e+10 7.7630e+10  11.8%  61.5 3190s
 170712  6906 infeasible   78      6.9408e+10 7.7630e+10  11.8%  61.6 3195s
 170866  6899 infeasible   84      6.9408e+10 7.7630e+10  11.8%  61.6 3200s
 171084  6934 7.7630e+10   44   39 6.9408e+10 7.7630e+10  11.8%  61.6 3205s
 171359  6979 infeasible   49      6.9408e+10 7.7630e+10  11.8%  61.6 3210s
 171508  6971 7.7630e+10   51   35 6.9408e+10 7.7630e+10  11.8%  61.6 3215s
 171767  6984 infeasible   57      6.9408e+10 7.7630e+10  11.8%  61.6 3220s
 171973  6990 7.7630e+10   51   63 6.9408e+10 7.7630e+10  11.8%  61.6 3225s
 172126  6986 infeasible   55      6.9408e+10 7.7630e+10  11.8%  61.6 3230s
 172339  6973 infeasible   63      6.9408e+10 7.7630e+10  11.8%  61.6 3235s
 172602  6972 7.7630e+10   50   67 6.9408e+10 7.7630e+10  11.8%  61.6 3241s
 172799  6979 7.7630e+10   55   74 6.9408e+10 7.7630e+10  11.8%  61.6 3245s
 172991  6959 7.7630e+10   51   47 6.9408e+10 7.7630e+10  11.8%  61.6 3250s
 173175  6961 7.7630e+10   58   30 6.9408e+10 7.7630e+10  11.8%  61.6 3255s
 173420  6958 7.7630e+10   51   43 6.9408e+10 7.7630e+10  11.8%  61.6 3260s
 173579  6963 infeasible   52      6.9408e+10 7.7630e+10  11.8%  61.7 3265s
 173839  6968 infeasible   52      6.9408e+10 7.7630e+10  11.8%  61.6 3270s
 174052  6953 infeasible   61      6.9408e+10 7.7630e+10  11.8%  61.7 3275s
 174235  6956 7.7630e+10   56   27 6.9408e+10 7.7630e+10  11.8%  61.7 3280s
 174460  6941 7.7630e+10   50   41 6.9408e+10 7.7630e+10  11.8%  61.7 3285s
 174665  6956 infeasible   53      6.9408e+10 7.7630e+10  11.8%  61.7 3290s
 174854  6933 infeasible   58      6.9408e+10 7.7630e+10  11.8%  61.7 3295s
 175073  6940 infeasible   51      6.9408e+10 7.7630e+10  11.8%  61.7 3300s
 175271  6964 infeasible   59      6.9408e+10 7.7630e+10  11.8%  61.7 3305s
 175484  6947 7.7630e+10   54   25 6.9408e+10 7.7630e+10  11.8%  61.8 3310s
 175618  6945 7.7630e+10   48   86 6.9408e+10 7.7630e+10  11.8%  61.8 3315s
 175899  6942 7.7630e+10   50   31 6.9408e+10 7.7630e+10  11.8%  61.8 3320s
 176120  6945 7.7630e+10   51   47 6.9408e+10 7.7630e+10  11.8%  61.8 3326s
 176278  6933 infeasible   47      6.9408e+10 7.7630e+10  11.8%  61.8 3330s
 176567  6959 infeasible   55      6.9408e+10 7.7630e+10  11.8%  61.8 3335s
 176709  6961 7.7630e+10   51   42 6.9408e+10 7.7630e+10  11.8%  61.8 3340s
 176991  6950 7.7630e+10   47   40 6.9408e+10 7.7630e+10  11.8%  61.8 3345s
 177194  6937 7.7630e+10   47   63 6.9408e+10 7.7630e+10  11.8%  61.8 3350s
 177441  7008 7.2576e+10   54   34 6.9408e+10 7.7630e+10  11.8%  61.8 3355s
 177591  6987 7.7630e+10   50   34 6.9408e+10 7.7630e+10  11.8%  61.8 3360s
 177898  7021 7.7630e+10   65   38 6.9408e+10 7.7630e+10  11.8%  61.8 3365s
 178134  7015 7.7630e+10   61   57 6.9408e+10 7.7630e+10  11.8%  61.8 3370s
 178332  7016 7.7630e+10   55   42 6.9408e+10 7.7630e+10  11.8%  61.8 3375s
 178524  7046 infeasible   59      6.9408e+10 7.7630e+10  11.8%  61.8 3380s
 178784  7010 infeasible   59      6.9408e+10 7.7630e+10  11.8%  61.9 3385s
 178993  7012 7.2158e+10   62   54 6.9408e+10 7.7630e+10  11.8%  61.9 3390s
 179233  7015 infeasible   60      6.9408e+10 7.7630e+10  11.8%  61.9 3395s
 179481  7022 7.2576e+10   61   18 6.9408e+10 7.7630e+10  11.8%  61.8 3400s
 179729  7034 7.7630e+10   58   72 6.9408e+10 7.7630e+10  11.8%  61.8 3405s
 179858  7047 7.7630e+10   55   92 6.9408e+10 7.7630e+10  11.8%  61.8 3410s
 180147  7045 infeasible   61      6.9408e+10 7.7630e+10  11.8%  61.8 3415s
 180391  7042 infeasible   56      6.9408e+10 7.7630e+10  11.8%  61.8 3420s
 180669  7077 7.7630e+10   67   26 6.9408e+10 7.7630e+10  11.8%  61.8 3425s
 180930  7073 7.7630e+10   67   27 6.9408e+10 7.7630e+10  11.8%  61.8 3430s
 181174  7054 7.7630e+10   62   56 6.9408e+10 7.7630e+10  11.8%  61.8 3435s
 181380  7054 7.7630e+10   67   22 6.9408e+10 7.7630e+10  11.8%  61.8 3440s
 181635  7079 infeasible   66      6.9408e+10 7.7630e+10  11.8%  61.8 3445s
 181840  7068 7.3503e+10   63   75 6.9408e+10 7.7630e+10  11.8%  61.8 3450s
 182108  7088 infeasible   64      6.9408e+10 7.7630e+10  11.8%  61.8 3455s
 182277  7084 7.7630e+10   59   45 6.9408e+10 7.7630e+10  11.8%  61.8 3460s
 182534  7070 infeasible   65      6.9408e+10 7.7630e+10  11.8%  61.8 3465s
 182823  7112 7.7630e+10   55   60 6.9408e+10 7.7630e+10  11.8%  61.8 3470s
 182972  7102 7.7630e+10   55   56 6.9408e+10 7.7630e+10  11.8%  61.8 3475s
 183202  7112 7.2576e+10   56   51 6.9408e+10 7.7630e+10  11.8%  61.8 3480s
 183455  7119 7.7630e+10   61   76 6.9408e+10 7.7630e+10  11.8%  61.8 3485s
 183638  7110 7.7630e+10   63   34 6.9408e+10 7.7630e+10  11.8%  61.8 3490s
 183819  7108 7.7630e+10   59   51 6.9408e+10 7.7630e+10  11.8%  61.8 3495s
 184072  7104 7.7630e+10   51   43 6.9408e+10 7.7630e+10  11.8%  61.8 3501s
 184213  7103 infeasible   58      6.9408e+10 7.7630e+10  11.8%  61.8 3505s
 184496  7122 7.7630e+10   70   11 6.9408e+10 7.7630e+10  11.8%  61.8 3510s
 184686  7131 7.7630e+10   63   39 6.9408e+10 7.7630e+10  11.8%  61.8 3515s
 184913  7134 7.7630e+10   60   61 6.9408e+10 7.7630e+10  11.8%  61.8 3520s
 185178  7112 7.7630e+10   59   49 6.9408e+10 7.7630e+10  11.8%  61.8 3525s
 185411  7123 7.7630e+10   58   49 6.9408e+10 7.7630e+10  11.8%  61.8 3530s
 185610  7149 7.7630e+10   57   28 6.9408e+10 7.7630e+10  11.8%  61.8 3535s
 185860  7139 7.7630e+10   63   26 6.9408e+10 7.7630e+10  11.8%  61.8 3540s
 186105  7134 infeasible   59      6.9408e+10 7.7630e+10  11.8%  61.8 3545s
 186272  7133 7.7630e+10   63   21 6.9408e+10 7.7630e+10  11.8%  61.8 3550s
 186540  7127 infeasible   64      6.9408e+10 7.7630e+10  11.8%  61.8 3555s
 186831  7110 7.7630e+10   63   30 6.9408e+10 7.7630e+10  11.8%  61.8 3560s
 187028  7140 7.7630e+10   58   31 6.9408e+10 7.7630e+10  11.8%  61.8 3565s
 187324  7155 7.7630e+10   59   31 6.9408e+10 7.7630e+10  11.8%  61.8 3570s
 187567  7155 7.7630e+10   63   32 6.9408e+10 7.7630e+10  11.8%  61.7 3575s
 187722  7140 7.7630e+10   67   63 6.9408e+10 7.7630e+10  11.8%  61.7 3580s
 187969  7132 7.7630e+10   61   40 6.9408e+10 7.7630e+10  11.8%  61.7 3585s
 188273  7172 7.7630e+10   73   35 6.9408e+10 7.7630e+10  11.8%  61.7 3590s
 188499  7165 7.7630e+10   60   60 6.9408e+10 7.7630e+10  11.8%  61.7 3595s

Cutting planes:
  Learned: 224
  Gomory: 108
  Lift-and-project: 44
  Cover: 4741
  Implied bound: 575
  Projected implied bound: 4
  Clique: 20
  MIR: 70
  Mixing: 3
  StrongCG: 12
  Flow cover: 473
  GUB cover: 38
  Inf proof: 1307
  Zero half: 1
  Network: 1
  RLT: 69
  Relax-and-lift: 116

Explored 188723 nodes (11642729 simplex iterations) in 3599.25 seconds (1880.22 work units)
Thread count was 1 (of 28 available processors)

Solution count 10: 6.9408e+10 6.9408e+10 6.7104e+10 ... 2.81376e+10

Time limit reached
Best objective 6.940800026361e+10, best bound 7.763040000000e+10, gap 11.8465%

User-callback calls 1741876, time in user-callback 1.42 sec