Gurobi Optimizer version 12.0.3 build v12.0.3rc0 (linux64 - "Oracle Linux Server 9.4")

CPU model: Intel(R) Xeon(R) CPU E5-2660 v4 @ 2.00GHz, instruction set [SSE2|AVX|AVX2]
Thread count: 28 physical cores, 28 logical processors, using up to 1 threads

Non-default parameters:
TimeLimit  3599.169957828
SoftMemLimit  16
NumericFocus  1
Threads  1

Academic license 2690100 - for non-commercial use only - registered to ju___@uclm.es
Optimize a model with 3179 rows, 832 columns and 10832 nonzeros
Model fingerprint: 0x837d9a6d
Variable types: 32 continuous, 800 integer (800 binary)
Coefficient statistics:
  Matrix range     [1e+00, 2e+13]
  Objective range  [3e+09, 7e+09]
  Bounds range     [2e+03, 1e+04]
  RHS range        [1e+00, 2e+14]
Warning: Model contains large matrix coefficient range
Warning: Model contains large objective coefficients
Warning: Model contains large rhs
Found heuristic solution: objective -0.0000000
Presolve removed 568 rows and 22 columns
Presolve time: 0.06s
Presolved: 2611 rows, 810 columns, 9428 nonzeros
Variable types: 32 continuous, 778 integer (778 binary)

Root relaxation: objective 7.724160e+10, 322 iterations, 0.01 seconds (0.01 work units)

    Nodes    |    Current Node    |     Objective Bounds      |     Work
 Expl Unexpl |  Obj  Depth IntInf | Incumbent    BestBd   Gap | It/Node Time

     0     0 7.7242e+10    0    9   -0.00000 7.7242e+10      -     -    0s
H    0     0                    1.516320e+10 7.7242e+10   409%     -    0s
     0     0 7.7242e+10    0   23 1.5163e+10 7.7242e+10   409%     -    0s
H    0     0                    5.196960e+10 7.7242e+10  48.6%     -    0s
H    0     0                    5.702400e+10 7.7242e+10  35.5%     -    0s
H    0     0                    6.207840e+10 7.7242e+10  24.4%     -    0s
     0     0 7.7242e+10    0   24 6.2078e+10 7.7242e+10  24.4%     -    0s
     0     0 7.7242e+10    0    8 6.2078e+10 7.7242e+10  24.4%     -    0s
     0     0 7.7242e+10    0    8 6.2078e+10 7.7242e+10  24.4%     -    0s
     0     0 7.7242e+10    0   12 6.2078e+10 7.7242e+10  24.4%     -    0s
     0     0 7.7242e+10    0   12 6.2078e+10 7.7242e+10  24.4%     -    0s
     0     0 7.7242e+10    0    6 6.2078e+10 7.7242e+10  24.4%     -    0s
     0     0 7.7242e+10    0   12 6.2078e+10 7.7242e+10  24.4%     -    0s
     0     0 7.7242e+10    0   20 6.2078e+10 7.7242e+10  24.4%     -    0s
     0     0 7.7242e+10    0   12 6.2078e+10 7.7242e+10  24.4%     -    0s
     0     0 7.7242e+10    0    9 6.2078e+10 7.7242e+10  24.4%     -    0s
     0     0 7.7242e+10    0   15 6.2078e+10 7.7242e+10  24.4%     -    0s
     0     0 7.7242e+10    0    8 6.2078e+10 7.7242e+10  24.4%     -    0s
     0     0 7.7242e+10    0    8 6.2078e+10 7.7242e+10  24.4%     -    0s
     0     2 7.7242e+10    0    8 6.2078e+10 7.7242e+10  24.4%     -    0s
H   26    24                    6.713280e+10 7.7242e+10  15.1%  35.8    0s
   738   396 7.7242e+10   47    5 6.7133e+10 7.7242e+10  15.1%  20.0    5s
  1178   412 7.7242e+10   76   77 6.7133e+10 7.7242e+10  15.1%  26.3   10s
* 1450   435              96    6.901920e+10 7.7242e+10  11.9%  29.2   13s
  1537   465 7.2187e+10   82   31 6.9019e+10 7.7242e+10  11.9%  29.3   15s
* 1547   416              88    7.218720e+10 7.7242e+10  7.00%  29.3   15s
  1881   338 infeasible   65      7.2187e+10 7.7242e+10  7.00%  34.7   20s
  2276   335 7.7242e+10   65   58 7.2187e+10 7.7242e+10  7.00%  37.2   25s
  2729   350 infeasible   80      7.2187e+10 7.7242e+10  7.00%  37.9   30s
  3202   373 infeasible   76      7.2187e+10 7.7242e+10  7.00%  38.2   35s
  3561   367 7.7242e+10   61   33 7.2187e+10 7.7242e+10  7.00%  39.5   40s
  3925   362 infeasible   66      7.2187e+10 7.7242e+10  7.00%  41.6   45s
  4224   356 7.7242e+10   63   57 7.2187e+10 7.7242e+10  7.00%  44.2   50s
  4497   364 7.7242e+10   67   63 7.2187e+10 7.7242e+10  7.00%  45.6   55s
  4771   360 7.7242e+10   64   31 7.2187e+10 7.7242e+10  7.00%  46.8   60s
  5154   386 7.7242e+10   69   20 7.2187e+10 7.7242e+10  7.00%  47.6   65s
  5523   459 7.7242e+10   50   55 7.2187e+10 7.7242e+10  7.00%  45.7   70s
  5964   333 7.7242e+10   59   39 7.2187e+10 7.7242e+10  7.00%  44.7   75s
  6391   228 7.7242e+10   63   20 7.2187e+10 7.7242e+10  7.00%  44.4   80s
  6760   205 infeasible   66      7.2187e+10 7.7242e+10  7.00%  44.6   85s
  7289   214 7.7242e+10   63   34 7.2187e+10 7.7242e+10  7.00%  44.5   90s
  7666   217 7.7242e+10   66   35 7.2187e+10 7.7242e+10  7.00%  44.5   95s
  8114   217 7.7242e+10   72   45 7.2187e+10 7.7242e+10  7.00%  44.9  100s
  8510   209 7.7242e+10   64   11 7.2187e+10 7.7242e+10  7.00%  45.1  105s
  9072   207 infeasible   69      7.2187e+10 7.7242e+10  7.00%  45.2  110s
  9569   212 7.7242e+10   72   29 7.2187e+10 7.7242e+10  7.00%  45.3  115s
  9925   224 infeasible   76      7.2187e+10 7.7242e+10  7.00%  45.3  120s
 10406   207 7.7242e+10   65   51 7.2187e+10 7.7242e+10  7.00%  45.4  125s
 10800   221 7.7242e+10   59   40 7.2187e+10 7.7242e+10  7.00%  45.7  130s
 11124   307 infeasible   79      7.2187e+10 7.7242e+10  7.00%  45.7  135s
 11440   303 7.7242e+10   78   35 7.2187e+10 7.7242e+10  7.00%  46.3  140s
 11782   296 7.7242e+10   74   36 7.2187e+10 7.7242e+10  7.00%  46.6  145s
 12160   312 7.7242e+10   82   54 7.2187e+10 7.7242e+10  7.00%  46.6  150s
 12523   293 7.7242e+10   71   36 7.2187e+10 7.7242e+10  7.00%  47.1  155s
 12798   296 7.7242e+10   78   41 7.2187e+10 7.7242e+10  7.00%  47.4  160s
 13193   289 7.7242e+10   64   66 7.2187e+10 7.7242e+10  7.00%  47.9  165s
 13508   297 7.7242e+10   77   56 7.2187e+10 7.7242e+10  7.00%  48.4  170s
 13771   302 7.7242e+10   77   65 7.2187e+10 7.7242e+10  7.00%  48.9  175s
 14002   301 infeasible   74      7.2187e+10 7.7242e+10  7.00%  49.2  180s
 14362   293 7.7242e+10   76   40 7.2187e+10 7.7242e+10  7.00%  49.4  185s
 14629   288 7.7242e+10   76   36 7.2187e+10 7.7242e+10  7.00%  49.5  190s
 15032   291 infeasible   79      7.2187e+10 7.7242e+10  7.00%  49.6  195s
 15335   300 7.7242e+10   72   49 7.2187e+10 7.7242e+10  7.00%  49.9  200s
 15630   299 7.7242e+10   74   54 7.2187e+10 7.7242e+10  7.00%  50.1  205s
 15855   308 7.7242e+10   78   63 7.2187e+10 7.7242e+10  7.00%  50.3  215s
 15996   315 7.7242e+10   83   40 7.2187e+10 7.7242e+10  7.00%  50.4  220s
 16359   318 infeasible   85      7.2187e+10 7.7242e+10  7.00%  50.5  225s
 16765   298 infeasible   76      7.2187e+10 7.7242e+10  7.00%  50.8  230s
 16995   286 infeasible   75      7.2187e+10 7.7242e+10  7.00%  51.0  235s
 17273   284 7.7242e+10   75   58 7.2187e+10 7.7242e+10  7.00%  51.4  240s
 17543   308 7.7242e+10   80   28 7.2187e+10 7.7242e+10  7.00%  51.7  245s
 17812   305 7.7242e+10   80   38 7.2187e+10 7.7242e+10  7.00%  52.0  250s
 18060   301 7.7242e+10   74   47 7.2187e+10 7.7242e+10  7.00%  52.3  255s
 18337   302 7.7242e+10   74   22 7.2187e+10 7.7242e+10  7.00%  52.7  260s
 18573   306 7.7242e+10   73   55 7.2187e+10 7.7242e+10  7.00%  52.9  265s
 18896   299 7.7242e+10   67   64 7.2187e+10 7.7242e+10  7.00%  53.3  270s
 19094   305 7.7242e+10   69   68 7.2187e+10 7.7242e+10  7.00%  53.6  275s
 19355   305 infeasible   75      7.2187e+10 7.7242e+10  7.00%  53.8  280s
 19677   301 infeasible   68      7.2187e+10 7.7242e+10  7.00%  54.2  285s
 19938   298 infeasible   74      7.2187e+10 7.7242e+10  7.00%  54.5  290s
 20266   302 7.7242e+10   74   34 7.2187e+10 7.7242e+10  7.00%  54.6  295s
 20520   292 infeasible   76      7.2187e+10 7.7242e+10  7.00%  54.8  300s
 20833   303 7.7242e+10   78   35 7.2187e+10 7.7242e+10  7.00%  55.0  305s
 21122   304 infeasible   79      7.2187e+10 7.7242e+10  7.00%  55.2  310s
 21414   296 infeasible   73      7.2187e+10 7.7242e+10  7.00%  55.4  315s
 21702   302 7.7242e+10   73   27 7.2187e+10 7.7242e+10  7.00%  55.5  320s
 22002   300 7.7242e+10   73   54 7.2187e+10 7.7242e+10  7.00%  55.6  325s
 22268   312 infeasible   75      7.2187e+10 7.7242e+10  7.00%  56.0  330s
 22506   310 infeasible   80      7.2187e+10 7.7242e+10  7.00%  56.2  335s
 22796   300 7.7242e+10   72   68 7.2187e+10 7.7242e+10  7.00%  56.4  340s
 23042   302 7.7242e+10   74   19 7.2187e+10 7.7242e+10  7.00%  56.6  345s
 23352   288 infeasible   74      7.2187e+10 7.7242e+10  7.00%  56.7  350s
 23664   310 7.7242e+10   81   29 7.2187e+10 7.7242e+10  7.00%  56.8  355s
 23896   304 infeasible   76      7.2187e+10 7.7242e+10  7.00%  57.0  360s
 24079   305 7.7242e+10   73   50 7.2187e+10 7.7242e+10  7.00%  57.2  365s
 24407   298 infeasible   73      7.2187e+10 7.7242e+10  7.00%  57.5  370s
 24688   307 infeasible   80      7.2187e+10 7.7242e+10  7.00%  57.6  375s
 24927   302 7.7242e+10   71   20 7.2187e+10 7.7242e+10  7.00%  57.7  380s
 25182   301 infeasible   72      7.2187e+10 7.7242e+10  7.00%  57.9  385s
 25438   299 7.7242e+10   71   60 7.2187e+10 7.7242e+10  7.00%  58.0  390s
 25695   300 7.7242e+10   73   42 7.2187e+10 7.7242e+10  7.00%  58.2  395s
 25959   298 7.7242e+10   76   53 7.2187e+10 7.7242e+10  7.00%  58.4  400s
 26235   302 7.7242e+10   78   25 7.2187e+10 7.7242e+10  7.00%  58.5  405s
 26557   296 infeasible   75      7.2187e+10 7.7242e+10  7.00%  58.6  410s
 26839   296 7.7242e+10   72   45 7.2187e+10 7.7242e+10  7.00%  58.7  415s
 27118   285 7.7242e+10   70   79 7.2187e+10 7.7242e+10  7.00%  58.9  421s
 27357   298 7.7242e+10   63   59 7.2187e+10 7.7242e+10  7.00%  59.0  425s
 27531   320 7.7242e+10   79   48 7.2187e+10 7.7242e+10  7.00%  59.2  430s
 27844   311 7.7242e+10   80   39 7.2187e+10 7.7242e+10  7.00%  59.4  435s
 28158   307 infeasible   78      7.2187e+10 7.7242e+10  7.00%  59.5  440s
 28328   311 7.7242e+10   78   42 7.2187e+10 7.7242e+10  7.00%  59.5  445s
 28668   323 7.7242e+10   82   63 7.2187e+10 7.7242e+10  7.00%  59.8  450s
 28929   308 7.7242e+10   78   46 7.2187e+10 7.7242e+10  7.00%  59.9  455s
 29168   309 7.7242e+10   77   60 7.2187e+10 7.7242e+10  7.00%  60.0  460s
 29512   307 infeasible   76      7.2187e+10 7.7242e+10  7.00%  60.0  465s
 29794   311 infeasible   77      7.2187e+10 7.7242e+10  7.00%  60.0  470s
 30073   310 7.7242e+10   74   36 7.2187e+10 7.7242e+10  7.00%  60.1  475s
 30337   308 7.7242e+10   73   69 7.2187e+10 7.7242e+10  7.00%  60.2  480s
 30607   314 7.7242e+10   74   51 7.2187e+10 7.7242e+10  7.00%  60.4  485s
 30858   309 7.7242e+10   76   73 7.2187e+10 7.7242e+10  7.00%  60.5  490s
 31144   315 infeasible   74      7.2187e+10 7.7242e+10  7.00%  60.5  495s
 31462   309 infeasible   76      7.2187e+10 7.7242e+10  7.00%  60.4  500s
 31690   311 7.7242e+10   72   39 7.2187e+10 7.7242e+10  7.00%  60.5  505s
 32018   301 infeasible   74      7.2187e+10 7.7242e+10  7.00%  60.6  510s
 32335   306 infeasible   75      7.2187e+10 7.7242e+10  7.00%  60.7  515s
 32576   317 infeasible   79      7.2187e+10 7.7242e+10  7.00%  60.6  520s
 32875   308 7.7242e+10   75   40 7.2187e+10 7.7242e+10  7.00%  60.6  525s
 33218   305 7.7242e+10   68   57 7.2187e+10 7.7242e+10  7.00%  60.6  530s
 33449   306 infeasible   72      7.2187e+10 7.7242e+10  7.00%  60.5  535s
 33715   314 7.7242e+10   71   78 7.2187e+10 7.7242e+10  7.00%  60.6  540s
 34031   314 infeasible   75      7.2187e+10 7.7242e+10  7.00%  60.7  545s
 34215   306 infeasible   71      7.2187e+10 7.7242e+10  7.00%  60.7  550s
 34569   314 infeasible   76      7.2187e+10 7.7242e+10  7.00%  60.8  555s
 34792   313 7.7242e+10   69   64 7.2187e+10 7.7242e+10  7.00%  60.8  560s
 35141   314 infeasible   72      7.2187e+10 7.7242e+10  7.00%  60.8  565s
 35305   312 7.7242e+10   72   57 7.2187e+10 7.7242e+10  7.00%  60.9  570s
 35691   314 infeasible   78      7.2187e+10 7.7242e+10  7.00%  60.8  575s
 35892   317 7.7242e+10   78   28 7.2187e+10 7.7242e+10  7.00%  60.8  580s
 36191   314 7.7242e+10   78   25 7.2187e+10 7.7242e+10  7.00%  60.7  585s
 36484   307 7.7242e+10   79   26 7.2187e+10 7.7242e+10  7.00%  60.7  590s
 36793   306 7.7242e+10   75   48 7.2187e+10 7.7242e+10  7.00%  60.7  595s
 37051   302 infeasible   68      7.2187e+10 7.7242e+10  7.00%  60.7  600s
 37338   317 7.7242e+10   83   27 7.2187e+10 7.7242e+10  7.00%  60.7  605s
 37626   298 7.7242e+10   70   73 7.2187e+10 7.7242e+10  7.00%  60.7  610s
 37917   301 infeasible   73      7.2187e+10 7.7242e+10  7.00%  60.7  615s
 38157   307 7.7242e+10   80   35 7.2187e+10 7.7242e+10  7.00%  60.7  620s
 38352   294 infeasible   74      7.2187e+10 7.7242e+10  7.00%  60.8  625s
 38632   294 7.7242e+10   71   53 7.2187e+10 7.7242e+10  7.00%  60.9  630s
 38935   291 7.7242e+10   73   75 7.2187e+10 7.7242e+10  7.00%  61.0  635s
 39114   288 7.7242e+10   71   63 7.2187e+10 7.7242e+10  7.00%  61.0  640s
 39337   289 7.7242e+10   73   50 7.2187e+10 7.7242e+10  7.00%  61.2  645s
 39632   304 7.7242e+10   75   61 7.2187e+10 7.7242e+10  7.00%  61.3  650s
 39793   291 7.7242e+10   69   58 7.2187e+10 7.7242e+10  7.00%  61.4  655s
 40102   288 infeasible   75      7.2187e+10 7.7242e+10  7.00%  61.6  660s
 40354   290 7.7242e+10   78   57 7.2187e+10 7.7242e+10  7.00%  61.8  665s
 40544   286 infeasible   75      7.2187e+10 7.7242e+10  7.00%  61.8  670s
 40859   301 infeasible   73      7.2187e+10 7.7242e+10  7.00%  61.9  675s
 41146   304 7.7242e+10   75   36 7.2187e+10 7.7242e+10  7.00%  61.9  680s
 41365   301 infeasible   71      7.2187e+10 7.7242e+10  7.00%  62.0  685s
 41657   305 infeasible   70      7.2187e+10 7.7242e+10  7.00%  62.1  690s
 41889   307 7.7242e+10   73   40 7.2187e+10 7.7242e+10  7.00%  62.2  695s
 42074   292 7.7242e+10   66  103 7.2187e+10 7.7242e+10  7.00%  62.3  700s
 42346   284 7.7242e+10   71   65 7.2187e+10 7.7242e+10  7.00%  62.3  705s
 42670   288 7.7242e+10   66   72 7.2187e+10 7.7242e+10  7.00%  62.3  710s
 42884   304 infeasible   79      7.2187e+10 7.7242e+10  7.00%  62.3  715s
 43275   315 infeasible   74      7.2187e+10 7.7242e+10  7.00%  62.3  720s
 43460   302 7.7242e+10   70   73 7.2187e+10 7.7242e+10  7.00%  62.4  725s
 43746   314 7.7242e+10   72   58 7.2187e+10 7.7242e+10  7.00%  62.6  730s
 43914   312 7.7242e+10   76   37 7.2187e+10 7.7242e+10  7.00%  62.7  735s
 44222   314 7.7242e+10   73   48 7.2187e+10 7.7242e+10  7.00%  62.8  740s
 44494   318 7.7242e+10   75   41 7.2187e+10 7.7242e+10  7.00%  62.7  745s
 44723   313 infeasible   74      7.2187e+10 7.7242e+10  7.00%  62.8  750s
 45035   319 infeasible   76      7.2187e+10 7.7242e+10  7.00%  62.9  755s
 45211   331 infeasible   74      7.2187e+10 7.7242e+10  7.00%  62.9  760s
 45545   319 7.7242e+10   83   36 7.2187e+10 7.7242e+10  7.00%  63.1  765s
 45821   315 infeasible   77      7.2187e+10 7.7242e+10  7.00%  63.1  770s
 46033   331 7.7242e+10   74   35 7.2187e+10 7.7242e+10  7.00%  63.1  775s
 46288   334 7.7242e+10   80   28 7.2187e+10 7.7242e+10  7.00%  63.1  780s
 46606   327 7.7242e+10   69   61 7.2187e+10 7.7242e+10  7.00%  63.1  785s
 46830   323 7.7242e+10   78   60 7.2187e+10 7.7242e+10  7.00%  63.2  790s
 47091   330 7.7242e+10   76   35 7.2187e+10 7.7242e+10  7.00%  63.2  795s
 47417   336 7.7242e+10   78   49 7.2187e+10 7.7242e+10  7.00%  63.3  800s
 47656   359 7.7242e+10   72   25 7.2187e+10 7.7242e+10  7.00%  63.2  805s
 48007   364 7.7242e+10   69   21 7.2187e+10 7.7242e+10  7.00%  63.0  810s
 48369   358 infeasible   67      7.2187e+10 7.7242e+10  7.00%  62.8  815s
 48722   361 infeasible   73      7.2187e+10 7.7242e+10  7.00%  62.7  820s
 49067   356 infeasible   64      7.2187e+10 7.7242e+10  7.00%  62.6  825s
 49401   364 7.7242e+10   64   56 7.2187e+10 7.7242e+10  7.00%  62.5  830s
 49765   388 infeasible   82      7.2187e+10 7.7242e+10  7.00%  62.3  835s
 50019   382 7.7242e+10   76   34 7.2187e+10 7.7242e+10  7.00%  62.2  840s
 50339   376 7.7242e+10   64   54 7.2187e+10 7.7242e+10  7.00%  62.1  845s
 50659   370 7.7242e+10   64   51 7.2187e+10 7.7242e+10  7.00%  62.0  850s
 51021   366 7.7242e+10   62   45 7.2187e+10 7.7242e+10  7.00%  61.9  855s
 51295   352 7.7242e+10   67   31 7.2187e+10 7.7242e+10  7.00%  61.8  860s
 51666   365 7.7242e+10   66   35 7.2187e+10 7.7242e+10  7.00%  61.7  865s
 52033   364 7.7242e+10   64   35 7.2187e+10 7.7242e+10  7.00%  61.6  870s
 52298   367 7.7242e+10   68   19 7.2187e+10 7.7242e+10  7.00%  61.5  875s
 52616   355 7.7242e+10   67   43 7.2187e+10 7.7242e+10  7.00%  61.4  880s
 52945   350 infeasible   66      7.2187e+10 7.7242e+10  7.00%  61.3  885s
 53243   350 7.7242e+10   58   60 7.2187e+10 7.7242e+10  7.00%  61.3  890s
 53631   366 infeasible   72      7.2187e+10 7.7242e+10  7.00%  61.2  895s
 53928   381 7.7242e+10   75   25 7.2187e+10 7.7242e+10  7.00%  61.1  900s
 54250   369 infeasible   71      7.2187e+10 7.7242e+10  7.00%  61.1  905s
 54601   380 7.7242e+10   72   22 7.2187e+10 7.7242e+10  7.00%  61.1  910s
 54888   373 7.7242e+10   70   57 7.2187e+10 7.7242e+10  7.00%  61.0  915s
 55170   379 7.7242e+10   69   17 7.2187e+10 7.7242e+10  7.00%  61.0  920s
 55484   377 7.7242e+10   75   38 7.2187e+10 7.7242e+10  7.00%  60.9  925s
H55554   366                    7.407360e+10 7.7242e+10  4.28%  60.9  925s
 55768   368 7.7242e+10   71   23 7.4074e+10 7.7242e+10  4.28%  60.8  930s
 56014   367 7.7242e+10   67   50 7.4074e+10 7.7242e+10  4.28%  60.8  935s
 56224   373 7.7242e+10   59   36 7.4074e+10 7.7242e+10  4.28%  60.8  940s
 56472   399 7.7242e+10   82   22 7.4074e+10 7.7242e+10  4.28%  60.8  945s
 56740   397 infeasible   69      7.4074e+10 7.7242e+10  4.28%  60.7  950s
 57103   526 7.7242e+10   85   25 7.4074e+10 7.7242e+10  4.28%  60.6  955s
 57577   610 7.7242e+10   62   33 7.4074e+10 7.7242e+10  4.28%  60.3  960s
 57910   644 7.7242e+10   78   44 7.4074e+10 7.7242e+10  4.28%  60.2  965s
 58280   712 infeasible   86      7.4074e+10 7.7242e+10  4.28%  60.0  970s
 58695   875 7.7242e+10   91   57 7.4074e+10 7.7242e+10  4.28%  59.9  975s
 59177   927 7.7242e+10   88   28 7.4074e+10 7.7242e+10  4.28%  59.7  980s
 59696   964 7.7242e+10   93   16 7.4074e+10 7.7242e+10  4.28%  59.4  985s
 60254   986 7.7242e+10   99   18 7.4074e+10 7.7242e+10  4.28%  59.2  990s
 60718   966 7.7242e+10   91   17 7.4074e+10 7.7242e+10  4.28%  59.1  995s
 61292  1002 7.7242e+10   96   17 7.4074e+10 7.7242e+10  4.28%  58.9 1000s
 61819  1005 infeasible   94      7.4074e+10 7.7242e+10  4.28%  58.7 1005s
 62281  1105 infeasible   92      7.4074e+10 7.7242e+10  4.28%  58.5 1010s
 62655  1119 infeasible   92      7.4074e+10 7.7242e+10  4.28%  58.4 1015s
 63112  1188 7.7242e+10   81   40 7.4074e+10 7.7242e+10  4.28%  58.3 1020s
 63464  1249 7.7242e+10   81    9 7.4074e+10 7.7242e+10  4.28%  58.2 1025s
 63948  1301 infeasible   88      7.4074e+10 7.7242e+10  4.28%  58.0 1030s
 64487  1376 infeasible   86      7.4074e+10 7.7242e+10  4.28%  57.9 1035s
 64853  1368 infeasible   96      7.4074e+10 7.7242e+10  4.28%  57.7 1040s
 65351  1406 7.7242e+10   91   27 7.4074e+10 7.7242e+10  4.28%  57.6 1045s
 65825  1514 infeasible   84      7.4074e+10 7.7242e+10  4.28%  57.4 1050s
 66224  1571 7.7242e+10   84   32 7.4074e+10 7.7242e+10  4.28%  57.3 1055s
 66596  1617 7.7242e+10   81   31 7.4074e+10 7.7242e+10  4.28%  57.2 1060s
 67150  1855 infeasible   93      7.4074e+10 7.7242e+10  4.28%  57.1 1065s
 67576  1939 7.7242e+10   92   37 7.4074e+10 7.7242e+10  4.28%  57.0 1070s
 67918  1959 infeasible   93      7.4074e+10 7.7242e+10  4.28%  57.0 1075s
 68287  1964 7.7242e+10   81   38 7.4074e+10 7.7242e+10  4.28%  56.9 1080s
 68731  2056 infeasible   95      7.4074e+10 7.7242e+10  4.28%  56.8 1085s
 69132  2121 7.7242e+10   91   14 7.4074e+10 7.7242e+10  4.28%  56.7 1090s
 69489  2144 infeasible   87      7.4074e+10 7.7242e+10  4.28%  56.7 1095s
 69964  2165 infeasible   99      7.4074e+10 7.7242e+10  4.28%  56.6 1100s
 70416  2211 7.7242e+10   83   45 7.4074e+10 7.7242e+10  4.28%  56.5 1105s
 70785  2228 infeasible   96      7.4074e+10 7.7242e+10  4.28%  56.4 1110s
 71215  2248 infeasible   93      7.4074e+10 7.7242e+10  4.28%  56.4 1115s
 71639  2268 infeasible   95      7.4074e+10 7.7242e+10  4.28%  56.3 1120s
 71937  2280 7.7242e+10   83   23 7.4074e+10 7.7242e+10  4.28%  56.3 1125s
 72352  2379 7.7242e+10   84   34 7.4074e+10 7.7242e+10  4.28%  56.2 1130s
 72844  2561 7.7242e+10   86   31 7.4074e+10 7.7242e+10  4.28%  56.1 1135s
 73160  2599 7.7242e+10   85   31 7.4074e+10 7.7242e+10  4.28%  56.1 1140s
 73693  2666 7.7242e+10   87   13 7.4074e+10 7.7242e+10  4.28%  56.1 1145s
 73986  2748 7.7242e+10  104   42 7.4074e+10 7.7242e+10  4.28%  56.1 1150s
 74329  2835 7.7242e+10   86   31 7.4074e+10 7.7242e+10  4.28%  56.0 1155s
 74826  2937 infeasible   95      7.4074e+10 7.7242e+10  4.28%  56.0 1160s
 75092  2975 infeasible   85      7.4074e+10 7.7242e+10  4.28%  56.0 1165s
 75516  3021 7.7242e+10   86   36 7.4074e+10 7.7242e+10  4.28%  55.9 1170s
 75910  3055 infeasible   86      7.4074e+10 7.7242e+10  4.28%  55.9 1175s
 76262  3113 infeasible   91      7.4074e+10 7.7242e+10  4.28%  55.9 1180s
 76597  3172 infeasible   87      7.4074e+10 7.7242e+10  4.28%  55.9 1185s
 76904  3203 7.7242e+10   90   27 7.4074e+10 7.7242e+10  4.28%  55.9 1190s
 77244  3255 7.7242e+10   89   45 7.4074e+10 7.7242e+10  4.28%  55.9 1195s
 77583  3284 infeasible   88      7.4074e+10 7.7242e+10  4.28%  55.9 1200s
 77999  3320 7.7242e+10   83   18 7.4074e+10 7.7242e+10  4.28%  55.9 1205s
 78353  3360 7.7242e+10   91   34 7.4074e+10 7.7242e+10  4.28%  55.8 1210s
 78688  3403 7.7242e+10   88   26 7.4074e+10 7.7242e+10  4.28%  55.9 1215s
 78998  3417 7.7242e+10   97   21 7.4074e+10 7.7242e+10  4.28%  55.9 1220s
 79377  3434 7.7242e+10   81   29 7.4074e+10 7.7242e+10  4.28%  55.9 1225s
 79765  3484 7.7242e+10   83   29 7.4074e+10 7.7242e+10  4.28%  55.9 1230s
 80173  3538 7.7242e+10   87   21 7.4074e+10 7.7242e+10  4.28%  55.8 1235s
 80506  3593 7.7242e+10   92   30 7.4074e+10 7.7242e+10  4.28%  55.8 1240s
 80890  3607 infeasible   84      7.4074e+10 7.7242e+10  4.28%  55.8 1245s
 81211  3656 7.7242e+10   85   33 7.4074e+10 7.7242e+10  4.28%  55.8 1250s
 81632  3733 infeasible   91      7.4074e+10 7.7242e+10  4.28%  55.8 1255s
 81930  3745 7.7242e+10   95   18 7.4074e+10 7.7242e+10  4.28%  55.8 1260s
 82331  3748 7.7242e+10   86   19 7.4074e+10 7.7242e+10  4.28%  55.9 1265s
 82650  3787 7.7242e+10   98   27 7.4074e+10 7.7242e+10  4.28%  55.8 1270s
 83040  3757 infeasible   92      7.4074e+10 7.7242e+10  4.28%  55.8 1275s
 83267  3744 7.7242e+10   93   24 7.4074e+10 7.7242e+10  4.28%  55.9 1280s
 83694  3767 infeasible   91      7.4074e+10 7.7242e+10  4.28%  55.9 1285s
 83998  3771 infeasible   96      7.4074e+10 7.7242e+10  4.28%  55.9 1290s
 84333  3782 7.7242e+10   85   20 7.4074e+10 7.7242e+10  4.28%  55.9 1295s
 84732  3823 7.7242e+10  101   22 7.4074e+10 7.7242e+10  4.28%  55.9 1300s
 85097  3846 7.7242e+10   94   43 7.4074e+10 7.7242e+10  4.28%  55.9 1305s
 85370  3873 infeasible   90      7.4074e+10 7.7242e+10  4.28%  55.8 1310s
 85806  3903 infeasible   88      7.4074e+10 7.7242e+10  4.28%  55.8 1315s
 86103  3956 infeasible   92      7.4074e+10 7.7242e+10  4.28%  55.9 1320s
 86389  3980 7.7242e+10   76   21 7.4074e+10 7.7242e+10  4.28%  55.9 1325s
 86736  4051 infeasible   97      7.4074e+10 7.7242e+10  4.28%  55.8 1330s
 87167  4080 infeasible   89      7.4074e+10 7.7242e+10  4.28%  55.8 1335s
 87552  4141 infeasible   82      7.4074e+10 7.7242e+10  4.28%  55.8 1340s
 87897  4170 7.7242e+10   88   32 7.4074e+10 7.7242e+10  4.28%  55.8 1345s
 88204  4217 7.7242e+10   91   18 7.4074e+10 7.7242e+10  4.28%  55.7 1350s
 88638  4229 7.7242e+10   90   27 7.4074e+10 7.7242e+10  4.28%  55.7 1355s
 88952  4283 infeasible   83      7.4074e+10 7.7242e+10  4.28%  55.6 1360s
 89404  4361 7.7242e+10   89   31 7.4074e+10 7.7242e+10  4.28%  55.6 1365s
 89763  4388 7.7242e+10   82   37 7.4074e+10 7.7242e+10  4.28%  55.5 1370s
 90123  4422 infeasible   86      7.4074e+10 7.7242e+10  4.28%  55.5 1375s
 90461  4452 infeasible   96      7.4074e+10 7.7242e+10  4.28%  55.6 1380s
 90821  4454 7.7242e+10   93    6 7.4074e+10 7.7242e+10  4.28%  55.5 1385s
 91263  4496 infeasible   95      7.4074e+10 7.7242e+10  4.28%  55.5 1390s
 91696  4519 infeasible  101      7.4074e+10 7.7242e+10  4.28%  55.4 1395s
 91977  4520 infeasible   99      7.4074e+10 7.7242e+10  4.28%  55.3 1400s
 92484  4545 infeasible   90      7.4074e+10 7.7242e+10  4.28%  55.3 1405s
 92844  4567 infeasible   89      7.4074e+10 7.7242e+10  4.28%  55.3 1410s
 93091  4584 infeasible   98      7.4074e+10 7.7242e+10  4.28%  55.3 1415s
 93460  4583 7.7242e+10   88   33 7.4074e+10 7.7242e+10  4.28%  55.3 1420s
 93829  4654 7.7242e+10  100   58 7.4074e+10 7.7242e+10  4.28%  55.3 1426s
 94166  4675 infeasible   85      7.4074e+10 7.7242e+10  4.28%  55.3 1430s
 94494  4681 7.7242e+10   99   35 7.4074e+10 7.7242e+10  4.28%  55.2 1435s
 94946  4727 7.7242e+10   84   67 7.4074e+10 7.7242e+10  4.28%  55.2 1440s
 95298  4775 infeasible   90      7.4074e+10 7.7242e+10  4.28%  55.2 1445s
 95623  4790 7.7242e+10   88   28 7.4074e+10 7.7242e+10  4.28%  55.2 1450s
 96021  4856 7.7242e+10  100   24 7.4074e+10 7.7242e+10  4.28%  55.2 1455s
 96303  4902 infeasible   94      7.4074e+10 7.7242e+10  4.28%  55.2 1460s
 96650  4915 infeasible   88      7.4074e+10 7.7242e+10  4.28%  55.2 1465s
 96945  4966 7.7242e+10   92   26 7.4074e+10 7.7242e+10  4.28%  55.2 1470s
 97309  4978 7.7242e+10  102   20 7.4074e+10 7.7242e+10  4.28%  55.2 1475s
 97675  4992 7.7242e+10   98   27 7.4074e+10 7.7242e+10  4.28%  55.2 1480s
 97877  5024 7.7242e+10  101   25 7.4074e+10 7.7242e+10  4.28%  55.2 1485s
 98253  5062 infeasible   99      7.4074e+10 7.7242e+10  4.28%  55.3 1490s
 98589  5116 infeasible   91      7.4074e+10 7.7242e+10  4.28%  55.2 1495s
 98939  5168 7.7242e+10   88   19 7.4074e+10 7.7242e+10  4.28%  55.2 1500s
 99340  5219 infeasible   89      7.4074e+10 7.7242e+10  4.28%  55.2 1505s
 99637  5234 7.7242e+10   75   39 7.4074e+10 7.7242e+10  4.28%  55.1 1510s
 100030  5267 7.7242e+10   99   26 7.4074e+10 7.7242e+10  4.28%  55.1 1515s
 100374  5269 7.7242e+10   92   27 7.4074e+10 7.7242e+10  4.28%  55.1 1520s
 100679  5322 7.7242e+10   86   22 7.4074e+10 7.7242e+10  4.28%  55.1 1525s
 101068  5349 7.7242e+10   90   39 7.4074e+10 7.7242e+10  4.28%  55.1 1530s
 101363  5356 7.7242e+10   82   38 7.4074e+10 7.7242e+10  4.28%  55.1 1535s
 101702  5343 infeasible   77      7.4074e+10 7.7242e+10  4.28%  55.1 1540s
 102055  5376 7.7242e+10  107   18 7.4074e+10 7.7242e+10  4.28%  55.1 1545s
 102432  5399 7.7242e+10  104   38 7.4074e+10 7.7242e+10  4.28%  55.1 1550s
 102785  5406 infeasible   91      7.4074e+10 7.7242e+10  4.28%  55.1 1555s
 103089  5434 infeasible   95      7.4074e+10 7.7242e+10  4.28%  55.1 1560s
 103491  5476 7.7242e+10   93   22 7.4074e+10 7.7242e+10  4.28%  55.0 1565s
 103891  5550 7.7242e+10   89   25 7.4074e+10 7.7242e+10  4.28%  55.0 1571s
 104188  5577 7.7242e+10   90   20 7.4074e+10 7.7242e+10  4.28%  55.0 1575s
 104584  5591 7.7242e+10   90   24 7.4074e+10 7.7242e+10  4.28%  54.9 1580s
 104929  5626 infeasible  100      7.4074e+10 7.7242e+10  4.28%  54.9 1585s
 105273  5636 7.7242e+10   87   36 7.4074e+10 7.7242e+10  4.28%  54.9 1590s
 105598  5655 7.7242e+10   92   15 7.4074e+10 7.7242e+10  4.28%  54.9 1595s
 105914  5659 7.7242e+10   89   20 7.4074e+10 7.7242e+10  4.28%  54.9 1600s
 106264  5679 infeasible   91      7.4074e+10 7.7242e+10  4.28%  54.9 1605s
 106594  5683 infeasible   99      7.4074e+10 7.7242e+10  4.28%  54.9 1610s
 106881  5696 7.7242e+10   87   22 7.4074e+10 7.7242e+10  4.28%  54.9 1615s
 107289  5740 7.7242e+10   81   23 7.4074e+10 7.7242e+10  4.28%  54.9 1620s
 107582  5785 infeasible   94      7.4074e+10 7.7242e+10  4.28%  54.9 1625s
 107905  5804 7.7242e+10   95   26 7.4074e+10 7.7242e+10  4.28%  54.9 1630s
 108237  5866 infeasible   91      7.4074e+10 7.7242e+10  4.28%  54.9 1635s
 108660  6021 infeasible   77      7.4074e+10 7.7242e+10  4.28%  54.8 1640s
 108966  6155 7.7242e+10   78   26 7.4074e+10 7.7242e+10  4.28%  54.8 1645s
 109298  6247 7.7242e+10   81   33 7.4074e+10 7.7242e+10  4.28%  54.8 1650s
 109572  6339 7.7242e+10   89   36 7.4074e+10 7.7242e+10  4.28%  54.8 1655s
 109934  6425 7.7242e+10   82   18 7.4074e+10 7.7242e+10  4.28%  54.8 1660s
 110294  6547 infeasible   82      7.4074e+10 7.7242e+10  4.28%  54.7 1665s
 110713  6646 infeasible   83      7.4074e+10 7.7242e+10  4.28%  54.7 1670s
 110969  6690 infeasible   85      7.4074e+10 7.7242e+10  4.28%  54.7 1675s
 111292  6753 infeasible   79      7.4074e+10 7.7242e+10  4.28%  54.7 1680s
 111653  6860 infeasible   89      7.4074e+10 7.7242e+10  4.28%  54.7 1685s
 112032  6955 infeasible  102      7.4074e+10 7.7242e+10  4.28%  54.7 1690s
 112313  7020 infeasible   92      7.4074e+10 7.7242e+10  4.28%  54.7 1695s
 112671  7132 infeasible   83      7.4074e+10 7.7242e+10  4.28%  54.7 1700s
 112965  7208 7.7242e+10   86   28 7.4074e+10 7.7242e+10  4.28%  54.7 1705s
 113287  7270 7.7242e+10   74   36 7.4074e+10 7.7242e+10  4.28%  54.7 1710s
 113524  7337 infeasible   93      7.4074e+10 7.7242e+10  4.28%  54.7 1715s
 113972  7473 7.7242e+10   84   51 7.4074e+10 7.7242e+10  4.28%  54.6 1720s
 114297  7556 infeasible   79      7.4074e+10 7.7242e+10  4.28%  54.6 1725s
 114713  7656 7.7242e+10   82   33 7.4074e+10 7.7242e+10  4.28%  54.6 1730s
 115017  7760 7.7242e+10   94   32 7.4074e+10 7.7242e+10  4.28%  54.6 1735s
 115404  7905 7.7242e+10   94   28 7.4074e+10 7.7242e+10  4.28%  54.5 1740s
 115760  8001 7.7242e+10   96   29 7.4074e+10 7.7242e+10  4.28%  54.5 1745s
 116047  8024 infeasible   83      7.4074e+10 7.7242e+10  4.28%  54.5 1750s
 116323  8100 7.7242e+10   88   31 7.4074e+10 7.7242e+10  4.28%  54.5 1755s
 116702  8147 infeasible   96      7.4074e+10 7.7242e+10  4.28%  54.5 1760s
 116937  8192 7.7242e+10   94   34 7.4074e+10 7.7242e+10  4.28%  54.5 1765s
 117249  8230 infeasible   90      7.4074e+10 7.7242e+10  4.28%  54.5 1770s
 117526  8339 infeasible   85      7.4074e+10 7.7242e+10  4.28%  54.5 1775s
 117879  8442 7.7242e+10   85   21 7.4074e+10 7.7242e+10  4.28%  54.5 1780s
 118266  8519 7.7242e+10   72   25 7.4074e+10 7.7242e+10  4.28%  54.5 1785s
 118606  8585 7.7242e+10   82   35 7.4074e+10 7.7242e+10  4.28%  54.5 1790s
 118843  8624 infeasible   93      7.4074e+10 7.7242e+10  4.28%  54.5 1795s
 119238  8673 7.7242e+10   82   23 7.4074e+10 7.7242e+10  4.28%  54.5 1800s
 119480  8715 7.7242e+10   81   25 7.4074e+10 7.7242e+10  4.28%  54.5 1805s
 119848  8811 7.7242e+10   83   15 7.4074e+10 7.7242e+10  4.28%  54.5 1810s
 120189  8834 infeasible   81      7.4074e+10 7.7242e+10  4.28%  54.5 1815s
 120380  8885 7.7242e+10   89   31 7.4074e+10 7.7242e+10  4.28%  54.6 1820s
 120787  8940 7.7242e+10   87   20 7.4074e+10 7.7242e+10  4.28%  54.6 1825s
 121095  9004 7.7242e+10   84   25 7.4074e+10 7.7242e+10  4.28%  54.5 1830s
 121467  9080 7.7242e+10   85   24 7.4074e+10 7.7242e+10  4.28%  54.5 1835s
 121721  9104 infeasible   92      7.4074e+10 7.7242e+10  4.28%  54.5 1840s
 121958  9141 7.7242e+10   82   26 7.4074e+10 7.7242e+10  4.28%  54.5 1845s
 122390  9279 infeasible   95      7.4074e+10 7.7242e+10  4.28%  54.5 1850s
 122701  9328 7.7242e+10   91   42 7.4074e+10 7.7242e+10  4.28%  54.5 1855s
 122928  9363 infeasible   95      7.4074e+10 7.7242e+10  4.28%  54.5 1860s
 123351  9432 infeasible   92      7.4074e+10 7.7242e+10  4.28%  54.5 1865s
 123673  9536 infeasible   81      7.4074e+10 7.7242e+10  4.28%  54.5 1870s
 124023  9612 7.7242e+10   81   41 7.4074e+10 7.7242e+10  4.28%  54.5 1875s
 124308  9649 7.7242e+10   87   25 7.4074e+10 7.7242e+10  4.28%  54.5 1880s
 124646  9673 7.7242e+10   98   35 7.4074e+10 7.7242e+10  4.28%  54.5 1885s
 124934  9689 7.7242e+10   89   32 7.4074e+10 7.7242e+10  4.28%  54.5 1890s
 125246  9737 infeasible   87      7.4074e+10 7.7242e+10  4.28%  54.5 1895s
 125504  9829 7.7242e+10   88   22 7.4074e+10 7.7242e+10  4.28%  54.5 1900s
 125716  9863 infeasible   98      7.4074e+10 7.7242e+10  4.28%  54.5 1905s
 126125  9932 7.7242e+10   84   25 7.4074e+10 7.7242e+10  4.28%  54.5 1910s
 126325  9954 infeasible   85      7.4074e+10 7.7242e+10  4.28%  54.5 1915s
 126698  9991 infeasible   89      7.4074e+10 7.7242e+10  4.28%  54.5 1920s
 126997 10056 7.7242e+10   91   48 7.4074e+10 7.7242e+10  4.28%  54.5 1925s
 127273 10078 infeasible   92      7.4074e+10 7.7242e+10  4.28%  54.5 1930s
 127655 10176 7.7242e+10   79   19 7.4074e+10 7.7242e+10  4.28%  54.5 1935s
 127924 10239 7.7242e+10   74   29 7.4074e+10 7.7242e+10  4.28%  54.5 1940s
 128281 10318 infeasible   93      7.4074e+10 7.7242e+10  4.28%  54.5 1945s
 128582 10372 7.7242e+10   93   31 7.4074e+10 7.7242e+10  4.28%  54.5 1950s
 128835 10451 infeasible   84      7.4074e+10 7.7242e+10  4.28%  54.5 1955s
 129191 10597 infeasible   84      7.4074e+10 7.7242e+10  4.28%  54.5 1960s
 129478 10648 7.7242e+10   82   22 7.4074e+10 7.7242e+10  4.28%  54.5 1965s
 129883 10733 infeasible   89      7.4074e+10 7.7242e+10  4.28%  54.5 1970s
 130204 10800 7.7242e+10   94   12 7.4074e+10 7.7242e+10  4.28%  54.4 1975s
 130553 10881 7.7242e+10   88   21 7.4074e+10 7.7242e+10  4.28%  54.4 1980s
 130906 10936 7.7242e+10   94   39 7.4074e+10 7.7242e+10  4.28%  54.4 1985s
 131261 10999 7.7242e+10   88   35 7.4074e+10 7.7242e+10  4.28%  54.4 1990s
 131594 11048 infeasible   90      7.4074e+10 7.7242e+10  4.28%  54.3 1995s
 131863 11107 7.7242e+10   97   22 7.4074e+10 7.7242e+10  4.28%  54.3 2000s
 132225 11153 7.7242e+10   89   12 7.4074e+10 7.7242e+10  4.28%  54.3 2005s
 132601 11219 7.7242e+10  102   21 7.4074e+10 7.7242e+10  4.28%  54.3 2010s
 132859 11209 infeasible  105      7.4074e+10 7.7242e+10  4.28%  54.3 2015s
 133267 11269 infeasible   91      7.4074e+10 7.7242e+10  4.28%  54.3 2020s
 133555 11311 infeasible  101      7.4074e+10 7.7242e+10  4.28%  54.2 2025s
 133959 11339 infeasible   96      7.4074e+10 7.7242e+10  4.28%  54.2 2030s
 134271 11365 infeasible   97      7.4074e+10 7.7242e+10  4.28%  54.2 2035s
 134572 11382 infeasible   95      7.4074e+10 7.7242e+10  4.28%  54.2 2040s
 134971 11415 infeasible   88      7.4074e+10 7.7242e+10  4.28%  54.2 2045s
 135237 11437 7.7242e+10   97   22 7.4074e+10 7.7242e+10  4.28%  54.1 2050s
 135624 11476 7.7242e+10   92   21 7.4074e+10 7.7242e+10  4.28%  54.1 2055s
 135942 11552 7.7242e+10   95   10 7.4074e+10 7.7242e+10  4.28%  54.1 2060s
 136319 11629 7.7242e+10   93   28 7.4074e+10 7.7242e+10  4.28%  54.1 2065s
 136687 11713 infeasible   97      7.4074e+10 7.7242e+10  4.28%  54.0 2070s
 136959 11729 infeasible   89      7.4074e+10 7.7242e+10  4.28%  54.1 2075s
 137256 11772 7.7242e+10   73   44 7.4074e+10 7.7242e+10  4.28%  54.0 2080s
 137646 11854 7.7242e+10   91   21 7.4074e+10 7.7242e+10  4.28%  54.0 2085s
 137860 11870 7.7242e+10   97   21 7.4074e+10 7.7242e+10  4.28%  54.0 2090s
 138204 11898 7.7242e+10   89   27 7.4074e+10 7.7242e+10  4.28%  54.0 2095s
 138490 11908 infeasible  101      7.4074e+10 7.7242e+10  4.28%  54.0 2100s
 138788 11918 infeasible   90      7.4074e+10 7.7242e+10  4.28%  54.0 2105s
 139113 11941 7.7242e+10   95   21 7.4074e+10 7.7242e+10  4.28%  54.0 2110s
 139462 11986 7.7242e+10   90   22 7.4074e+10 7.7242e+10  4.28%  54.0 2115s
 139732 12020 7.7242e+10   95   14 7.4074e+10 7.7242e+10  4.28%  54.0 2121s
 140033 12059 7.7242e+10   97   22 7.4074e+10 7.7242e+10  4.28%  54.0 2125s
 140427 12095 7.7242e+10   86   23 7.4074e+10 7.7242e+10  4.28%  54.0 2130s
 140690 12132 7.7242e+10   80   27 7.4074e+10 7.7242e+10  4.28%  54.0 2135s
 140975 12211 7.7242e+10   77   32 7.4074e+10 7.7242e+10  4.28%  53.9 2140s
 141370 12312 7.7242e+10   91   62 7.4074e+10 7.7242e+10  4.28%  53.9 2145s
 141646 12346 7.7242e+10   89   39 7.4074e+10 7.7242e+10  4.28%  53.9 2150s
 141949 12405 7.7242e+10   80   38 7.4074e+10 7.7242e+10  4.28%  53.9 2155s
 142294 12534 7.7242e+10   85   34 7.4074e+10 7.7242e+10  4.28%  53.9 2160s
 142521 12559 7.7242e+10   92   26 7.4074e+10 7.7242e+10  4.28%  53.9 2165s
 142920 12644 infeasible   80      7.4074e+10 7.7242e+10  4.28%  53.9 2170s
 143136 12662 7.7242e+10   93   31 7.4074e+10 7.7242e+10  4.28%  53.9 2175s
 143473 12717 infeasible   97      7.4074e+10 7.7242e+10  4.28%  53.9 2180s
 143735 12735 7.7242e+10   77   32 7.4074e+10 7.7242e+10  4.28%  53.9 2185s
 144175 12851 7.7242e+10   88   34 7.4074e+10 7.7242e+10  4.28%  53.9 2190s
 144517 12881 infeasible   82      7.4074e+10 7.7242e+10  4.28%  53.9 2195s
 144714 12877 infeasible   86      7.4074e+10 7.7242e+10  4.28%  53.9 2200s
 145072 12927 7.7242e+10   87   33 7.4074e+10 7.7242e+10  4.28%  53.9 2205s
 145314 12933 7.7242e+10   98   24 7.4074e+10 7.7242e+10  4.28%  54.0 2210s
 145568 12965 7.7242e+10   85   32 7.4074e+10 7.7242e+10  4.28%  54.0 2215s
 145920 13003 7.7242e+10   90   23 7.4074e+10 7.7242e+10  4.28%  54.0 2220s
 146192 13041 infeasible   83      7.4074e+10 7.7242e+10  4.28%  54.0 2225s
 146500 13109 7.7242e+10   87   30 7.4074e+10 7.7242e+10  4.28%  54.0 2230s
 146792 13169 7.7242e+10   80   10 7.4074e+10 7.7242e+10  4.28%  54.0 2235s
 147029 13230 7.7242e+10   84   23 7.4074e+10 7.7242e+10  4.28%  54.0 2240s
 147368 13271 infeasible   99      7.4074e+10 7.7242e+10  4.28%  54.0 2245s
 147596 13295 7.7242e+10   86   33 7.4074e+10 7.7242e+10  4.28%  54.0 2250s
 147849 13318 7.7242e+10   87   31 7.4074e+10 7.7242e+10  4.28%  54.1 2256s
 148138 13341 infeasible   97      7.4074e+10 7.7242e+10  4.28%  54.1 2260s
 148478 13403 7.7242e+10   92   43 7.4074e+10 7.7242e+10  4.28%  54.1 2265s
 148739 13440 infeasible   93      7.4074e+10 7.7242e+10  4.28%  54.1 2270s
 149054 13503 infeasible   98      7.4074e+10 7.7242e+10  4.28%  54.0 2275s
 149365 13534 7.7242e+10   86   26 7.4074e+10 7.7242e+10  4.28%  54.0 2280s
 149685 13612 7.7242e+10   88   22 7.4074e+10 7.7242e+10  4.28%  54.0 2285s
 150036 13653 7.7242e+10   95   37 7.4074e+10 7.7242e+10  4.28%  54.0 2290s
 150229 13664 infeasible  102      7.4074e+10 7.7242e+10  4.28%  54.0 2295s
 150600 13691 infeasible   96      7.4074e+10 7.7242e+10  4.28%  54.0 2300s
 150948 13739 infeasible   84      7.4074e+10 7.7242e+10  4.28%  54.0 2305s
 151116 13747 infeasible   79      7.4074e+10 7.7242e+10  4.28%  54.1 2310s
 151532 13896 7.7242e+10   83   37 7.4074e+10 7.7242e+10  4.28%  54.0 2315s
 151744 13980 infeasible   98      7.4074e+10 7.7242e+10  4.28%  54.0 2320s
 152125 14073 7.7242e+10   82   71 7.4074e+10 7.7242e+10  4.28%  54.0 2325s
 152323 14117 infeasible   86      7.4074e+10 7.7242e+10  4.28%  54.0 2330s
 152704 14212 infeasible   87      7.4074e+10 7.7242e+10  4.28%  54.1 2335s
 152956 14296 infeasible   96      7.4074e+10 7.7242e+10  4.28%  54.1 2340s
 153252 14332 7.7242e+10   77   31 7.4074e+10 7.7242e+10  4.28%  54.1 2345s
 153576 14402 7.7242e+10   81   27 7.4074e+10 7.7242e+10  4.28%  54.1 2350s
 153897 14469 infeasible   89      7.4074e+10 7.7242e+10  4.28%  54.1 2355s
 154143 14529 7.7242e+10   86   36 7.4074e+10 7.7242e+10  4.28%  54.1 2360s
 154435 14599 7.7242e+10   80   33 7.4074e+10 7.7242e+10  4.28%  54.1 2365s
 154698 14686 7.7242e+10   81   28 7.4074e+10 7.7242e+10  4.28%  54.1 2370s
 155017 14755 7.7242e+10   96   27 7.4074e+10 7.7242e+10  4.28%  54.1 2375s
 155333 14823 infeasible   85      7.4074e+10 7.7242e+10  4.28%  54.1 2380s
 155535 14829 7.7242e+10   84   35 7.4074e+10 7.7242e+10  4.28%  54.1 2385s
 155886 14878 infeasible   84      7.4074e+10 7.7242e+10  4.28%  54.1 2390s
 156267 14931 7.7242e+10   93   28 7.4074e+10 7.7242e+10  4.28%  54.1 2395s
 156522 14960 7.7242e+10   89   37 7.4074e+10 7.7242e+10  4.28%  54.1 2400s
 156830 15028 infeasible   95      7.4074e+10 7.7242e+10  4.28%  54.1 2405s
 157201 15049 7.7242e+10   90   40 7.4074e+10 7.7242e+10  4.28%  54.1 2410s
 157432 15080 infeasible   82      7.4074e+10 7.7242e+10  4.28%  54.1 2415s
 157849 15211 7.7242e+10   77   23 7.4074e+10 7.7242e+10  4.28%  54.1 2421s
 158052 15274 7.7242e+10   81   24 7.4074e+10 7.7242e+10  4.28%  54.1 2425s
 158465 15393 7.7242e+10   81   20 7.4074e+10 7.7242e+10  4.28%  54.1 2430s
 158664 15430 7.7242e+10   82   33 7.4074e+10 7.7242e+10  4.28%  54.1 2435s
 159074 15480 infeasible   96      7.4074e+10 7.7242e+10  4.28%  54.1 2440s
 159404 15530 7.7242e+10   71   24 7.4074e+10 7.7242e+10  4.28%  54.1 2445s
 159658 15592 infeasible   89      7.4074e+10 7.7242e+10  4.28%  54.1 2450s
 159982 15638 7.7242e+10   77   40 7.4074e+10 7.7242e+10  4.28%  54.1 2455s
 160226 15660 7.7242e+10   88   28 7.4074e+10 7.7242e+10  4.28%  54.1 2460s
 160449 15663 infeasible   83      7.4074e+10 7.7242e+10  4.28%  54.1 2465s
 160759 15729 7.7242e+10   86   11 7.4074e+10 7.7242e+10  4.28%  54.2 2470s
 161089 15783 7.7242e+10   79   27 7.4074e+10 7.7242e+10  4.28%  54.2 2475s
 161323 15767 7.7242e+10   85   16 7.4074e+10 7.7242e+10  4.28%  54.2 2480s
 161605 15815 infeasible   92      7.4074e+10 7.7242e+10  4.28%  54.2 2485s
 161973 15885 7.7242e+10   81   43 7.4074e+10 7.7242e+10  4.28%  54.2 2491s
 162155 15899 infeasible   91      7.4074e+10 7.7242e+10  4.28%  54.2 2495s
 162509 15953 7.7242e+10   86   30 7.4074e+10 7.7242e+10  4.28%  54.3 2500s
 162838 15976 infeasible   79      7.4074e+10 7.7242e+10  4.28%  54.3 2505s
 163037 16013 7.7242e+10   88   29 7.4074e+10 7.7242e+10  4.28%  54.3 2510s
 163399 16039 7.7242e+10   90   54 7.4074e+10 7.7242e+10  4.28%  54.3 2515s
 163621 16067 7.7242e+10   91   30 7.4074e+10 7.7242e+10  4.28%  54.3 2520s
 163880 16106 7.7242e+10   90   30 7.4074e+10 7.7242e+10  4.28%  54.3 2525s
 164291 16189 infeasible   86      7.4074e+10 7.7242e+10  4.28%  54.3 2530s
 164516 16236 7.7242e+10   92   21 7.4074e+10 7.7242e+10  4.28%  54.3 2535s
 164887 16285 7.7242e+10   90   32 7.4074e+10 7.7242e+10  4.28%  54.3 2540s
 165242 16366 7.7242e+10   83   18 7.4074e+10 7.7242e+10  4.28%  54.3 2545s
 165529 16403 7.7242e+10   94   26 7.4074e+10 7.7242e+10  4.28%  54.3 2550s
 165807 16437 7.7242e+10   98   24 7.4074e+10 7.7242e+10  4.28%  54.3 2555s
 166137 16441 infeasible   79      7.4074e+10 7.7242e+10  4.28%  54.3 2560s
 166421 16415 infeasible   96      7.4074e+10 7.7242e+10  4.28%  54.3 2565s
 166721 16445 7.7242e+10   84   29 7.4074e+10 7.7242e+10  4.28%  54.3 2570s
 166936 16500 7.7242e+10   94   29 7.4074e+10 7.7242e+10  4.28%  54.3 2575s
 167313 16521 7.7242e+10   88   27 7.4074e+10 7.7242e+10  4.28%  54.3 2580s
 167545 16525 7.7242e+10   83   19 7.4074e+10 7.7242e+10  4.28%  54.3 2585s
 167855 16621 7.7242e+10   86   56 7.4074e+10 7.7242e+10  4.28%  54.3 2590s
 168125 16639 infeasible   82      7.4074e+10 7.7242e+10  4.28%  54.3 2595s
 168430 16716 7.7242e+10   91   32 7.4074e+10 7.7242e+10  4.28%  54.3 2600s
 168692 16762 7.7242e+10   74   41 7.4074e+10 7.7242e+10  4.28%  54.3 2605s
 169106 16878 7.7242e+10   87   35 7.4074e+10 7.7242e+10  4.28%  54.3 2610s
 169370 16940 infeasible   91      7.4074e+10 7.7242e+10  4.28%  54.3 2615s
 169629 16957 7.7242e+10   92   21 7.4074e+10 7.7242e+10  4.28%  54.3 2620s
 169925 16977 7.7242e+10   78   20 7.4074e+10 7.7242e+10  4.28%  54.3 2625s
 170215 16993 7.7242e+10   88   40 7.4074e+10 7.7242e+10  4.28%  54.3 2630s
 170543 16995 7.7242e+10   85   25 7.4074e+10 7.7242e+10  4.28%  54.3 2635s
 170880 17034 infeasible   88      7.4074e+10 7.7242e+10  4.28%  54.3 2640s
 171093 17061 7.7242e+10   83   33 7.4074e+10 7.7242e+10  4.28%  54.3 2645s
 171448 17124 7.7242e+10   91   23 7.4074e+10 7.7242e+10  4.28%  54.4 2650s
 171708 17132 infeasible   86      7.4074e+10 7.7242e+10  4.28%  54.4 2655s
 171974 17182 7.7242e+10   86   26 7.4074e+10 7.7242e+10  4.28%  54.4 2660s
 172283 17271 7.7242e+10   91   30 7.4074e+10 7.7242e+10  4.28%  54.4 2665s
 172662 17350 7.7242e+10   97   31 7.4074e+10 7.7242e+10  4.28%  54.4 2670s
 172842 17352 7.7242e+10   83   22 7.4074e+10 7.7242e+10  4.28%  54.4 2675s
 173249 17413 infeasible   94      7.4074e+10 7.7242e+10  4.28%  54.4 2680s
 173583 17483 infeasible   99      7.4074e+10 7.7242e+10  4.28%  54.4 2685s
 173812 17508 7.7242e+10   88   34 7.4074e+10 7.7242e+10  4.28%  54.4 2690s
 174160 17584 7.7242e+10   85   23 7.4074e+10 7.7242e+10  4.28%  54.4 2695s
 174453 17613 7.7242e+10   90   38 7.4074e+10 7.7242e+10  4.28%  54.4 2700s
 174658 17610 infeasible   92      7.4074e+10 7.7242e+10  4.28%  54.4 2705s
 174997 17657 7.7242e+10   88   32 7.4074e+10 7.7242e+10  4.28%  54.4 2710s
 175246 17674 7.7242e+10   95   31 7.4074e+10 7.7242e+10  4.28%  54.4 2715s
 175540 17708 7.7242e+10   87   34 7.4074e+10 7.7242e+10  4.28%  54.4 2720s
 175836 17736 7.7242e+10   90   50 7.4074e+10 7.7242e+10  4.28%  54.4 2725s
 176176 17770 7.7242e+10   84   16 7.4074e+10 7.7242e+10  4.28%  54.4 2730s
 176502 17810 infeasible  100      7.4074e+10 7.7242e+10  4.28%  54.4 2735s
 176751 17841 7.7242e+10  106   37 7.4074e+10 7.7242e+10  4.28%  54.4 2740s
 177084 17910 infeasible   93      7.4074e+10 7.7242e+10  4.28%  54.4 2745s
 177361 17985 infeasible   89      7.4074e+10 7.7242e+10  4.28%  54.4 2750s
 177666 18038 7.7242e+10   86   27 7.4074e+10 7.7242e+10  4.28%  54.4 2755s
 177946 18096 7.7242e+10   91   20 7.4074e+10 7.7242e+10  4.28%  54.4 2760s
 178246 18158 7.7242e+10   80   59 7.4074e+10 7.7242e+10  4.28%  54.4 2765s
 178495 18213 7.7242e+10   86   30 7.4074e+10 7.7242e+10  4.28%  54.4 2770s
 178863 18301 infeasible   86      7.4074e+10 7.7242e+10  4.28%  54.4 2775s
 179148 18342 7.7242e+10   95   34 7.4074e+10 7.7242e+10  4.28%  54.4 2780s
 179338 18380 7.7242e+10  101   10 7.4074e+10 7.7242e+10  4.28%  54.4 2785s
 179669 18463 7.7242e+10   85   24 7.4074e+10 7.7242e+10  4.28%  54.4 2790s
 179908 18510 7.7242e+10   80   35 7.4074e+10 7.7242e+10  4.28%  54.4 2796s
 180157 18537 7.7242e+10   90   32 7.4074e+10 7.7242e+10  4.28%  54.4 2800s
 180470 18558 7.7242e+10  100   33 7.4074e+10 7.7242e+10  4.28%  54.4 2805s
 180824 18604 7.7242e+10   76   46 7.4074e+10 7.7242e+10  4.28%  54.4 2810s
 181076 18658 infeasible   90      7.4074e+10 7.7242e+10  4.28%  54.4 2815s
 181378 18684 7.7242e+10   94   18 7.4074e+10 7.7242e+10  4.28%  54.4 2821s
 181589 18692 infeasible   84      7.4074e+10 7.7242e+10  4.28%  54.4 2825s
 181892 18703 7.7242e+10   79   42 7.4074e+10 7.7242e+10  4.28%  54.4 2830s
 182280 18749 7.7242e+10   90   17 7.4074e+10 7.7242e+10  4.28%  54.4 2835s
 182500 18753 infeasible   90      7.4074e+10 7.7242e+10  4.28%  54.4 2840s
 182859 18820 7.7242e+10   89   31 7.4074e+10 7.7242e+10  4.28%  54.4 2846s
 183158 18837 7.7242e+10   91   25 7.4074e+10 7.7242e+10  4.28%  54.4 2850s
 183483 18874 infeasible   98      7.4074e+10 7.7242e+10  4.28%  54.4 2855s
 183839 18892 infeasible   94      7.4074e+10 7.7242e+10  4.28%  54.3 2860s
 184062 18877 7.7242e+10  104   26 7.4074e+10 7.7242e+10  4.28%  54.3 2865s
 184356 18891 7.7242e+10   77   35 7.4074e+10 7.7242e+10  4.28%  54.4 2870s
 184712 19021 infeasible  100      7.4074e+10 7.7242e+10  4.28%  54.4 2875s
 184939 19066 7.7242e+10   86   28 7.4074e+10 7.7242e+10  4.28%  54.3 2880s
 185328 19091 7.7242e+10   82   37 7.4074e+10 7.7242e+10  4.28%  54.3 2885s
 185554 19151 7.7242e+10   86   53 7.4074e+10 7.7242e+10  4.28%  54.3 2890s
 185859 19210 7.7242e+10   85   45 7.4074e+10 7.7242e+10  4.28%  54.4 2895s
 186171 19250 infeasible   99      7.4074e+10 7.7242e+10  4.28%  54.4 2900s
 186393 19248 7.7242e+10   86   28 7.4074e+10 7.7242e+10  4.28%  54.4 2905s
 186775 19302 infeasible   96      7.4074e+10 7.7242e+10  4.28%  54.3 2910s
 187057 19300 7.7242e+10   81   29 7.4074e+10 7.7242e+10  4.28%  54.4 2915s
 187290 19327 7.7242e+10  106   17 7.4074e+10 7.7242e+10  4.28%  54.4 2920s
 187598 19339 7.7242e+10   86   23 7.4074e+10 7.7242e+10  4.28%  54.4 2925s
 187876 19351 7.7242e+10   99   29 7.4074e+10 7.7242e+10  4.28%  54.4 2930s
 188157 19438 infeasible   87      7.4074e+10 7.7242e+10  4.28%  54.4 2935s
 188439 19508 7.7242e+10   86   30 7.4074e+10 7.7242e+10  4.28%  54.4 2940s
 188746 19529 7.7242e+10   92   25 7.4074e+10 7.7242e+10  4.28%  54.4 2945s
 189015 19582 infeasible   91      7.4074e+10 7.7242e+10  4.28%  54.4 2950s
 189359 19720 7.7242e+10   80   39 7.4074e+10 7.7242e+10  4.28%  54.4 2956s
 189641 19794 7.7242e+10   90   23 7.4074e+10 7.7242e+10  4.28%  54.4 2960s
 189942 19869 infeasible   95      7.4074e+10 7.7242e+10  4.28%  54.4 2965s
 190291 19962 7.7242e+10   87   36 7.4074e+10 7.7242e+10  4.28%  54.4 2970s
 190500 20013 7.7242e+10   91   46 7.4074e+10 7.7242e+10  4.28%  54.3 2975s
 190846 20065 7.7242e+10   81   64 7.4074e+10 7.7242e+10  4.28%  54.3 2981s
 191007 20096 7.7242e+10   89   25 7.4074e+10 7.7242e+10  4.28%  54.3 2985s
 191393 20166 7.7242e+10   94   30 7.4074e+10 7.7242e+10  4.28%  54.3 2990s
 191708 20205 7.7242e+10   90   34 7.4074e+10 7.7242e+10  4.28%  54.3 2995s
 191984 20253 7.7242e+10   97   29 7.4074e+10 7.7242e+10  4.28%  54.3 3000s
 192318 20345 7.7242e+10   91   24 7.4074e+10 7.7242e+10  4.28%  54.3 3005s
 192505 20362 7.7242e+10   91   44 7.4074e+10 7.7242e+10  4.28%  54.3 3010s
 192869 20430 7.7242e+10   92   15 7.4074e+10 7.7242e+10  4.28%  54.3 3015s
 193208 20495 7.7242e+10   94   36 7.4074e+10 7.7242e+10  4.28%  54.3 3020s
 193382 20525 infeasible   93      7.4074e+10 7.7242e+10  4.28%  54.3 3025s
 193717 20547 7.7242e+10   80   23 7.4074e+10 7.7242e+10  4.28%  54.3 3030s
 193994 20560 7.7242e+10   83   23 7.4074e+10 7.7242e+10  4.28%  54.3 3036s
 194177 20573 7.7242e+10   90   33 7.4074e+10 7.7242e+10  4.28%  54.3 3040s
 194412 20608 7.7242e+10   96   34 7.4074e+10 7.7242e+10  4.28%  54.3 3045s
 194648 20620 infeasible   91      7.4074e+10 7.7242e+10  4.28%  54.3 3050s
 194922 20660 7.7242e+10   98   58 7.4074e+10 7.7242e+10  4.28%  54.3 3055s
 195184 20746 infeasible   90      7.4074e+10 7.7242e+10  4.28%  54.3 3060s
 195582 20852 7.7242e+10   95   26 7.4074e+10 7.7242e+10  4.28%  54.3 3065s
 195813 20887 7.7242e+10   89   31 7.4074e+10 7.7242e+10  4.28%  54.3 3070s
 196117 20889 infeasible   89      7.4074e+10 7.7242e+10  4.28%  54.4 3075s
 196399 20905 infeasible   88      7.4074e+10 7.7242e+10  4.28%  54.4 3080s
 196690 20946 infeasible   85      7.4074e+10 7.7242e+10  4.28%  54.4 3085s
 197001 21016 infeasible   97      7.4074e+10 7.7242e+10  4.28%  54.4 3090s
 197392 21075 7.7242e+10   83   21 7.4074e+10 7.7242e+10  4.28%  54.4 3095s
 197736 21161 7.7242e+10   84   34 7.4074e+10 7.7242e+10  4.28%  54.4 3100s
 198056 21251 7.7242e+10   86   36 7.4074e+10 7.7242e+10  4.28%  54.4 3106s
 198379 21332 7.7242e+10   90   17 7.4074e+10 7.7242e+10  4.28%  54.4 3110s
 198761 21418 infeasible   94      7.4074e+10 7.7242e+10  4.28%  54.4 3115s
 199009 21454 7.7242e+10   83   21 7.4074e+10 7.7242e+10  4.28%  54.3 3120s
 199417 21510 7.7242e+10   87   32 7.4074e+10 7.7242e+10  4.28%  54.3 3125s
 199735 21552 7.7242e+10   90   25 7.4074e+10 7.7242e+10  4.28%  54.3 3131s
 200029 21582 7.7242e+10   99   28 7.4074e+10 7.7242e+10  4.28%  54.3 3135s
 200377 21584 7.7242e+10   81   30 7.4074e+10 7.7242e+10  4.28%  54.3 3141s
 200598 21618 7.7242e+10   82   28 7.4074e+10 7.7242e+10  4.28%  54.3 3145s
 200981 21641 infeasible   89      7.4074e+10 7.7242e+10  4.28%  54.3 3150s
 201205 21659 7.7242e+10   89   19 7.4074e+10 7.7242e+10  4.28%  54.3 3155s
 201572 21730 infeasible   97      7.4074e+10 7.7242e+10  4.28%  54.3 3160s
 201836 21784 7.7242e+10  101   45 7.4074e+10 7.7242e+10  4.28%  54.3 3165s
 202195 21835 7.7242e+10   83   27 7.4074e+10 7.7242e+10  4.28%  54.3 3170s
 202429 21855 7.7242e+10   96   42 7.4074e+10 7.7242e+10  4.28%  54.3 3175s
 202683 21869 infeasible   93      7.4074e+10 7.7242e+10  4.28%  54.3 3180s
 203025 21913 7.7242e+10   93   69 7.4074e+10 7.7242e+10  4.28%  54.3 3185s
 203361 21935 infeasible   89      7.4074e+10 7.7242e+10  4.28%  54.3 3190s
 203651 21991 7.7242e+10   84   15 7.4074e+10 7.7242e+10  4.28%  54.3 3195s
 203854 22060 infeasible   91      7.4074e+10 7.7242e+10  4.28%  54.3 3200s
 204239 22103 infeasible   87      7.4074e+10 7.7242e+10  4.28%  54.4 3205s
 204556 22116 infeasible   90      7.4074e+10 7.7242e+10  4.28%  54.4 3210s
 204832 22152 7.7242e+10   88   35 7.4074e+10 7.7242e+10  4.28%  54.4 3215s
 205139 22179 infeasible  106      7.4074e+10 7.7242e+10  4.28%  54.4 3220s
 205475 22199 infeasible   98      7.4074e+10 7.7242e+10  4.28%  54.4 3225s
 205742 22200 7.7242e+10   95   35 7.4074e+10 7.7242e+10  4.28%  54.4 3230s
 206027 22197 7.7242e+10   79   49 7.4074e+10 7.7242e+10  4.28%  54.4 3235s
 206370 22196 7.7242e+10   82   34 7.4074e+10 7.7242e+10  4.28%  54.4 3240s
 206553 22209 infeasible   87      7.4074e+10 7.7242e+10  4.28%  54.4 3245s
 206916 22264 7.7242e+10   87   24 7.4074e+10 7.7242e+10  4.28%  54.4 3250s
 207227 22309 7.7242e+10   93   33 7.4074e+10 7.7242e+10  4.28%  54.4 3255s
 207437 22325 infeasible   92      7.4074e+10 7.7242e+10  4.28%  54.4 3260s
 207721 22369 infeasible   87      7.4074e+10 7.7242e+10  4.28%  54.4 3265s
 207996 22410 7.7242e+10   76   31 7.4074e+10 7.7242e+10  4.28%  54.5 3270s
 208320 22484 7.7242e+10   90   18 7.4074e+10 7.7242e+10  4.28%  54.5 3275s
 208613 22543 infeasible   96      7.4074e+10 7.7242e+10  4.28%  54.5 3280s
 208899 22595 7.7242e+10   89   15 7.4074e+10 7.7242e+10  4.28%  54.5 3285s
 209173 22621 infeasible   89      7.4074e+10 7.7242e+10  4.28%  54.5 3290s
 209365 22647 7.7242e+10   92   21 7.4074e+10 7.7242e+10  4.28%  54.5 3295s
 209721 22673 7.7242e+10   95   21 7.4074e+10 7.7242e+10  4.28%  54.5 3300s
 209916 22688 7.7242e+10  101   33 7.4074e+10 7.7242e+10  4.28%  54.5 3305s
 210230 22696 infeasible  100      7.4074e+10 7.7242e+10  4.28%  54.5 3310s
 210604 22760 7.7242e+10   95   40 7.4074e+10 7.7242e+10  4.28%  54.5 3315s
 210791 22783 7.7242e+10   82   28 7.4074e+10 7.7242e+10  4.28%  54.5 3320s
 211033 22841 7.7242e+10   95   19 7.4074e+10 7.7242e+10  4.28%  54.6 3325s
 211383 22827 7.7242e+10   90   23 7.4074e+10 7.7242e+10  4.28%  54.6 3330s
 211674 22844 infeasible  101      7.4074e+10 7.7242e+10  4.28%  54.5 3335s
 212073 22911 infeasible   95      7.4074e+10 7.7242e+10  4.28%  54.6 3340s
 212393 22945 7.7242e+10   87   36 7.4074e+10 7.7242e+10  4.28%  54.6 3345s
 212565 22969 7.7242e+10   82   25 7.4074e+10 7.7242e+10  4.28%  54.6 3350s
 212985 23013 7.7242e+10   89   12 7.4074e+10 7.7242e+10  4.28%  54.6 3355s
 213318 23050 infeasible   91      7.4074e+10 7.7242e+10  4.28%  54.5 3360s
 213583 23065 7.7242e+10   89   34 7.4074e+10 7.7242e+10  4.28%  54.5 3365s
 213970 23158 7.7242e+10   87   18 7.4074e+10 7.7242e+10  4.28%  54.5 3370s
 214195 23209 7.7242e+10   89   28 7.4074e+10 7.7242e+10  4.28%  54.6 3375s
 214566 23284 7.7242e+10   89   18 7.4074e+10 7.7242e+10  4.28%  54.5 3380s
 214843 23347 7.7242e+10   87   19 7.4074e+10 7.7242e+10  4.28%  54.5 3385s
 215156 23368 7.7242e+10   90   24 7.4074e+10 7.7242e+10  4.28%  54.5 3390s
 215368 23372 infeasible   83      7.4074e+10 7.7242e+10  4.28%  54.6 3395s
 215731 23385 infeasible   92      7.4074e+10 7.7242e+10  4.28%  54.6 3400s
 216100 23442 infeasible   86      7.4074e+10 7.7242e+10  4.28%  54.5 3405s
 216301 23459 infeasible   87      7.4074e+10 7.7242e+10  4.28%  54.6 3410s
 216603 23513 7.7242e+10   92   32 7.4074e+10 7.7242e+10  4.28%  54.6 3416s
 216861 23531 infeasible   99      7.4074e+10 7.7242e+10  4.28%  54.6 3420s
 217196 23542 infeasible   97      7.4074e+10 7.7242e+10  4.28%  54.6 3425s
 217438 23558 7.7242e+10   84   36 7.4074e+10 7.7242e+10  4.28%  54.6 3430s
 217675 23595 infeasible   88      7.4074e+10 7.7242e+10  4.28%  54.6 3435s
 218013 23603 infeasible   82      7.4074e+10 7.7242e+10  4.28%  54.6 3440s
 218189 23613 7.7242e+10   83   52 7.4074e+10 7.7242e+10  4.28%  54.6 3445s
 218563 23645 infeasible   92      7.4074e+10 7.7242e+10  4.28%  54.6 3450s
 218835 23729 7.7242e+10   96   34 7.4074e+10 7.7242e+10  4.28%  54.6 3455s
 219209 23835 7.7242e+10   92   32 7.4074e+10 7.7242e+10  4.28%  54.6 3460s
 219458 23912 7.7242e+10   97   30 7.4074e+10 7.7242e+10  4.28%  54.6 3465s
 219737 23993 infeasible  101      7.4074e+10 7.7242e+10  4.28%  54.6 3470s
 220130 24070 7.7242e+10   92   39 7.4074e+10 7.7242e+10  4.28%  54.6 3475s
 220346 24110 7.7242e+10   87   46 7.4074e+10 7.7242e+10  4.28%  54.6 3480s
 220676 24236 7.7242e+10   89   45 7.4074e+10 7.7242e+10  4.28%  54.6 3485s
 220999 24283 7.7242e+10  100   49 7.4074e+10 7.7242e+10  4.28%  54.6 3490s
 221310 24334 infeasible   90      7.4074e+10 7.7242e+10  4.28%  54.6 3495s
 221592 24410 infeasible   96      7.4074e+10 7.7242e+10  4.28%  54.6 3500s
 221854 24446 7.7242e+10   95   37 7.4074e+10 7.7242e+10  4.28%  54.6 3505s
 222224 24528 infeasible   97      7.4074e+10 7.7242e+10  4.28%  54.6 3510s
 222517 24605 7.7242e+10   90   32 7.4074e+10 7.7242e+10  4.28%  54.6 3515s
 222691 24625 7.7242e+10   88   51 7.4074e+10 7.7242e+10  4.28%  54.6 3520s
 223104 24700 7.7242e+10   94   27 7.4074e+10 7.7242e+10  4.28%  54.6 3525s
 223391 24729 7.7242e+10   95   27 7.4074e+10 7.7242e+10  4.28%  54.6 3530s
 223646 24762 7.7242e+10   88   36 7.4074e+10 7.7242e+10  4.28%  54.5 3535s
 224020 24849 7.7242e+10   93   42 7.4074e+10 7.7242e+10  4.28%  54.5 3540s
 224208 24861 7.7242e+10   88   37 7.4074e+10 7.7242e+10  4.28%  54.5 3545s
 224587 24902 7.7242e+10   91   11 7.4074e+10 7.7242e+10  4.28%  54.5 3550s
 224927 24934 7.7242e+10   83   28 7.4074e+10 7.7242e+10  4.28%  54.5 3555s
 225100 24971 7.7242e+10   92   29 7.4074e+10 7.7242e+10  4.28%  54.5 3560s
 225456 24988 infeasible   96      7.4074e+10 7.7242e+10  4.28%  54.5 3565s
 225754 25028 7.7242e+10   90   31 7.4074e+10 7.7242e+10  4.28%  54.5 3570s
 225957 25033 infeasible  102      7.4074e+10 7.7242e+10  4.28%  54.5 3575s
 226246 25070 7.7242e+10  111   30 7.4074e+10 7.7242e+10  4.28%  54.5 3580s
 226547 25101 7.7242e+10   98   25 7.4074e+10 7.7242e+10  4.28%  54.5 3585s
 226911 25189 7.7242e+10   92   37 7.4074e+10 7.7242e+10  4.28%  54.5 3590s
 227132 25222 infeasible   98      7.4074e+10 7.7242e+10  4.28%  54.5 3595s

Cutting planes:
  Learned: 328
  Gomory: 63
  Lift-and-project: 34
  Cover: 1966
  Implied bound: 808
  Clique: 29
  MIR: 80
  StrongCG: 4
  Flow cover: 494
  GUB cover: 8
  Inf proof: 2083
  Zero half: 1
  RLT: 80
  Relax-and-lift: 124
  PSD: 6

Explored 227374 nodes (12412260 simplex iterations) in 3599.17 seconds (1742.52 work units)
Thread count was 1 (of 28 available processors)

Solution count 9: 7.40736e+10 7.21872e+10 6.90192e+10 ... -0

Time limit reached
Best objective 7.407360000000e+10, best bound 7.724160000000e+10, gap 4.2768%

User-callback calls 1951593, time in user-callback 1.66 sec