Gurobi Optimizer version 12.0.3 build v12.0.3rc0 (linux64 - "Oracle Linux Server 9.4")

CPU model: Intel(R) Xeon(R) CPU E5-2660 v4 @ 2.00GHz, instruction set [SSE2|AVX|AVX2]
Thread count: 28 physical cores, 28 logical processors, using up to 1 threads

Non-default parameters:
TimeLimit  3596.057256337
SoftMemLimit  16
NumericFocus  1
Threads  1

Academic license 2690100 - for non-commercial use only - registered to ju___@uclm.es
Optimize a model with 23990 rows, 5713 columns and 88916 nonzeros
Model fingerprint: 0x16b91b04
Variable types: 82 continuous, 5631 integer (5631 binary)
Coefficient statistics:
  Matrix range     [1e+00, 2e+13]
  Objective range  [9e+08, 8e+09]
  Bounds range     [2e+03, 1e+04]
  RHS range        [1e+00, 2e+14]
Warning: Model contains large matrix coefficient range
Warning: Model contains large objective coefficients
Warning: Model contains large rhs
Found heuristic solution: objective -0.0000000
Presolve removed 3871 rows and 0 columns
Presolve time: 0.40s
Presolved: 20119 rows, 5713 columns, 73038 nonzeros
Variable types: 82 continuous, 5631 integer (5631 binary)

Root relaxation: objective 9.540888e+10, 882 iterations, 0.06 seconds (0.04 work units)

    Nodes    |    Current Node    |     Objective Bounds      |     Work
 Expl Unexpl |  Obj  Depth IntInf | Incumbent    BestBd   Gap | It/Node Time

     0     0 9.5409e+10    0  222   -0.00000 9.5409e+10      -     -    1s
H    0     0                    2.548539e+10 9.5409e+10   274%     -    1s
H    0     0                    2.875159e+10 9.5409e+10   232%     -    1s
H    0     0                    3.914119e+10 9.5409e+10   144%     -    1s
     0     0 9.5409e+10    0  305 3.9141e+10 9.5409e+10   144%     -    2s
H    0     0                    4.202119e+10 9.5409e+10   127%     -    2s
     0     0 9.5409e+10    0  258 4.2021e+10 9.5409e+10   127%     -    2s
     0     0 9.5409e+10    0  302 4.2021e+10 9.5409e+10   127%     -    5s
H    0     0                    5.855698e+10 9.5409e+10  62.9%     -    5s
H    0     0                    5.947008e+10 9.5409e+10  60.4%     -    5s
     0     0 9.5409e+10    0  316 5.9470e+10 9.5409e+10  60.4%     -    5s
     0     0 9.5409e+10    0   53 5.9470e+10 9.5409e+10  60.4%     -    9s
     0     0 9.5409e+10    0   99 5.9470e+10 9.5409e+10  60.4%     -    9s
     0     0 9.5409e+10    0   37 5.9470e+10 9.5409e+10  60.4%     -   10s
H    0     0                    6.298008e+10 9.5409e+10  51.5%     -   11s
     0     0 9.5409e+10    0   36 6.2980e+10 9.5409e+10  51.5%     -   11s
     0     0 9.5409e+10    0   47 6.2980e+10 9.5409e+10  51.5%     -   13s
H    0     0                    6.442008e+10 9.5409e+10  48.1%     -   13s
     0     0 9.5409e+10    0  127 6.4420e+10 9.5409e+10  48.1%     -   13s
     0     0 9.5409e+10    0   48 6.4420e+10 9.5409e+10  48.1%     -   17s
H    0     0                    6.820008e+10 9.5409e+10  39.9%     -   19s
H    0     0                    8.321928e+10 9.5409e+10  14.6%     -   19s
     0     0 9.5409e+10    0  235 8.3219e+10 9.5409e+10  14.6%     -   20s
     0     0 9.5409e+10    0   47 8.3219e+10 9.5409e+10  14.6%     -   21s
     0     0 9.5409e+10    0   34 8.3219e+10 9.5409e+10  14.6%     -   21s
     0     2 9.5409e+10    0   29 8.3219e+10 9.5409e+10  14.6%     -   22s
    16    18 9.5409e+10    8  166 8.3219e+10 9.5409e+10  14.6%   160   25s
    48    50 9.5409e+10   26  371 8.3219e+10 9.5409e+10  14.6%   200   30s
   179   113 9.5409e+10   94  341 8.3219e+10 9.5409e+10  14.6%  98.9   35s
   293   163 9.5409e+10   29  364 8.3219e+10 9.5409e+10  14.6%  90.2   40s
   350   213 9.5409e+10   62  182 8.3219e+10 9.5409e+10  14.6%  95.2   45s
   356   219 9.5409e+10   65  197 8.3219e+10 9.5409e+10  14.6%  94.2   54s
   390   251 9.5409e+10   82  113 8.3219e+10 9.5409e+10  14.6%  89.7   55s
   591   280 9.5409e+10  110  134 8.3219e+10 9.5409e+10  14.6%  66.5   61s
   616   278 9.5409e+10    9  439 8.3219e+10 9.5409e+10  14.6%  70.1   65s
   654   316 9.5409e+10   47  520 8.3219e+10 9.5409e+10  14.6%  77.8   70s
   756   386 9.5409e+10   70   34 8.3219e+10 9.5409e+10  14.6%  85.6   76s
   760   389 9.5409e+10   41  251 8.3219e+10 9.5409e+10  14.6%  85.1   80s
   762   390 9.5409e+10   16  309 8.3219e+10 9.5409e+10  14.6%  84.9   86s
   765   392 9.5409e+10  101   53 8.3219e+10 9.5409e+10  14.6%  84.6   90s
   770   395 9.5409e+10   30   37 8.3219e+10 9.5409e+10  14.6%  84.0   95s
   774   398 9.5409e+10   25   19 8.3219e+10 9.5409e+10  14.6%  83.6  102s
   778   401 9.5409e+10   92   16 8.3219e+10 9.5409e+10  14.6%  83.2  105s
   799   415 9.5409e+10   33  334 8.3219e+10 9.5409e+10  14.6%   192  110s
H  804   395                    8.348928e+10 9.5409e+10  14.3%   192  112s
   814   404 9.5409e+10   43  366 8.3489e+10 9.5409e+10  14.3%   193  115s
   831   415 9.5409e+10   53  331 8.3489e+10 9.5409e+10  14.3%   192  120s
   850   424 9.5409e+10   62  286 8.3489e+10 9.5409e+10  14.3%   190  125s
   862   422 9.5409e+10   68  286 8.3489e+10 9.5409e+10  14.3%   187  130s
   882   426 9.5409e+10   78  305 8.3489e+10 9.5409e+10  14.3%   184  135s
   884   427 9.5409e+10   80  291 8.3489e+10 9.5409e+10  14.3%   184  145s
   910   431 9.5409e+10   91  242 8.3489e+10 9.5409e+10  14.3%   179  150s
   940   435 8.7899e+10  108  158 8.3489e+10 9.5409e+10  14.3%   175  155s
   965   434 8.3579e+10  119  108 8.3489e+10 9.5409e+10  14.3%   171  160s
   979   438 9.5409e+10   26  308 8.3489e+10 9.5409e+10  14.3%   179  171s
   992   446 9.5409e+10   38  310 8.3489e+10 9.5409e+10  14.3%   177  175s
  1010   457 8.7899e+10   50  346 8.3489e+10 9.5409e+10  14.3%   177  180s
  1029   467 8.7899e+10   63  320 8.3489e+10 9.5409e+10  14.3%   176  185s
  1050   478 8.7899e+10   75  264 8.3489e+10 9.5409e+10  14.3%   175  190s
  1071   489 8.7707e+10   88  276 8.3489e+10 9.5409e+10  14.3%   173  195s
  1090   500 8.7899e+10   98  188 8.3489e+10 9.5409e+10  14.3%   170  200s
  1104   505 8.7899e+10  105  184 8.3489e+10 9.5409e+10  14.3%   168  205s
  1141   507 8.7899e+10  126  161 8.3489e+10 9.5409e+10  14.3%   163  210s
  1164   508 9.5409e+10   28  357 8.3489e+10 9.5409e+10  14.3%   169  215s
  1182   518 9.5409e+10   43  302 8.3489e+10 9.5409e+10  14.3%   170  220s
  1195   526 9.5409e+10   50  238 8.3489e+10 9.5409e+10  14.3%   169  225s
  1211   536 8.7899e+10   60  202 8.3489e+10 9.5409e+10  14.3%   168  230s
  1212   537 9.5409e+10   60  202 8.3489e+10 9.5409e+10  14.3%   168  241s
  1224   545 9.5409e+10   68  289 8.3489e+10 9.5409e+10  14.3%   168  245s
  1249   562 9.5409e+10   83  112 8.3489e+10 9.5409e+10  14.3%   166  250s
  1292   586 9.5409e+10  108  137 8.3489e+10 9.5409e+10  14.3%   162  255s
  1325   588 9.4336e+10   37  384 8.3489e+10 9.5409e+10  14.3%   164  260s
  1327   590 8.9649e+10   39  204 8.3489e+10 9.5409e+10  14.3%   164  267s
  1336   595 8.9649e+10   48  163 8.3489e+10 9.5409e+10  14.3%   164  270s
  1355   605 8.9649e+10   59  130 8.3489e+10 9.5409e+10  14.3%   163  275s
  1372   617 8.9649e+10   69  125 8.3489e+10 9.5409e+10  14.3%   161  280s
  1401   632 8.9649e+10   87   72 8.3489e+10 9.5409e+10  14.3%   158  285s
  1427   624 9.5409e+10   31  282 8.3489e+10 9.5409e+10  14.3%   157  293s
  1433   628 9.5409e+10   36  250 8.3489e+10 9.5409e+10  14.3%   157  295s
  1457   644 9.5409e+10   55  164 8.3489e+10 9.5409e+10  14.3%   156  300s
  1486   662 9.5409e+10   71   87 8.3489e+10 9.5409e+10  14.3%   154  305s
  1515   666 9.5409e+10   43  407 8.3489e+10 9.5409e+10  14.3%   154  310s
  1534   679 9.5409e+10   62  276 8.3489e+10 9.5409e+10  14.3%   155  315s
  1553   690 9.5409e+10   78  201 8.3489e+10 9.5409e+10  14.3%   155  323s
  1561   696 9.5409e+10   83  205 8.3489e+10 9.5409e+10  14.3%   155  325s
  1591   716 9.5409e+10  101  219 8.3489e+10 9.5409e+10  14.3%   153  330s
  1630   727 9.5409e+10  123  157 8.3489e+10 9.5409e+10  14.3%   150  335s
  1672   730 9.5409e+10  147  125 8.3489e+10 9.5409e+10  14.3%   147  340s
  1704   731 8.7899e+10   76  241 8.3489e+10 9.5409e+10  14.3%   146  345s
  1729   747 8.7899e+10   87  188 8.3489e+10 9.5409e+10  14.3%   145  350s
  1755   758 8.7899e+10   94  190 8.3489e+10 9.5409e+10  14.3%   143  355s
  1788   760 9.5409e+10   33  304 8.3489e+10 9.5409e+10  14.3%   142  360s
H 1804   738                    8.582928e+10 9.5409e+10  11.2%   142  363s
  1811   743 9.5409e+10   55  233 8.5829e+10 9.5409e+10  11.2%   142  365s
H 1819   727                    8.672928e+10 9.5409e+10  10.0%   142  370s
  1843   753 9.5409e+10   72  202 8.6729e+10 9.5409e+10  10.0%   141  375s
  1878   786 9.5409e+10   83  160 8.6729e+10 9.5409e+10  10.0%   141  380s
  1931   830 9.5409e+10  100   97 8.6729e+10 9.5409e+10  10.0%   138  385s
  1975   860 9.5409e+10  117   68 8.6729e+10 9.5409e+10  10.0%   136  402s
  2013   879 9.5409e+10  138   77 8.6729e+10 9.5409e+10  10.0%   133  409s
  2024   878 9.5409e+10   29  361 8.6729e+10 9.5409e+10  10.0%   133  410s
  2044   898 9.5409e+10   45  228 8.6729e+10 9.5409e+10  10.0%   134  415s
  2067   920 8.7899e+10   63  288 8.6729e+10 9.5409e+10  10.0%   135  420s
  2097   949 8.7899e+10   90  233 8.6729e+10 9.5409e+10  10.0%   134  425s
  2123   974 8.7899e+10   96  232 8.6729e+10 9.5409e+10  10.0%   134  430s
  2149   998 8.7899e+10  103  224 8.6729e+10 9.5409e+10  10.0%   134  438s
  2167  1005 8.7899e+10  112  172 8.6729e+10 9.5409e+10  10.0%   133  440s
  2208  1022 9.5409e+10   32  304 8.6729e+10 9.5409e+10  10.0%   133  445s
  2236  1050 9.5409e+10   55   93 8.6729e+10 9.5409e+10  10.0%   133  450s
  2257  1070 9.5409e+10   63  126 8.6729e+10 9.5409e+10  10.0%   132  455s
  2272  1083 9.5409e+10   77  135 8.6729e+10 9.5409e+10  10.0%   132  465s
  2273  1084 9.5409e+10   77  114 8.6729e+10 9.5409e+10  10.0%   132  483s
  2281  1091 9.5409e+10   80  106 8.6729e+10 9.5409e+10  10.0%   132  485s
  2307  1109 9.5409e+10   91   76 8.6729e+10 9.5409e+10  10.0%   130  490s
  2334  1116 9.5409e+10  107   48 8.6729e+10 9.5409e+10  10.0%   129  495s
  2364  1120 9.5409e+10   28  360 8.6729e+10 9.5409e+10  10.0%   128  500s
  2390  1146 8.7899e+10   48  242 8.6729e+10 9.5409e+10  10.0%   129  505s
  2417  1166 8.7899e+10   59  205 8.6729e+10 9.5409e+10  10.0%   128  515s
  2448  1186 8.7899e+10   71  134 8.6729e+10 9.5409e+10  10.0%   127  520s
  2484  1220 8.7899e+10   82  126 8.6729e+10 9.5409e+10  10.0%   125  525s
  2528  1250 8.7899e+10   99  104 8.6729e+10 9.5409e+10  10.0%   124  530s
  2595  1313 8.7899e+10  114   86 8.6729e+10 9.5409e+10  10.0%   121  535s
  2671  1360 8.7899e+10  140  115 8.6729e+10 9.5409e+10  10.0%   119  540s
  2708  1381 9.5409e+10   89  158 8.6729e+10 9.5409e+10  10.0%   117  545s
  2769  1441 9.5409e+10  137  107 8.6729e+10 9.5409e+10  10.0%   116  550s
  2819  1468 9.5409e+10   87  106 8.6729e+10 9.5409e+10  10.0%   114  555s
  2851  1495 9.5409e+10  112   82 8.6729e+10 9.5409e+10  10.0%   113  560s
  2891  1500 9.5409e+10   84  155 8.6729e+10 9.5409e+10  10.0%   112  565s
  2960  1535 infeasible  129      8.6729e+10 9.5409e+10  10.0%   110  570s
  2997  1545 9.5409e+10   80   96 8.6729e+10 9.5409e+10  10.0%   109  578s
  3013  1545 9.5409e+10   77  180 8.6729e+10 9.5409e+10  10.0%   109  580s
  3061  1549 9.5409e+10   33  220 8.6729e+10 9.5409e+10  10.0%   108  585s
  3085  1573 9.5409e+10   56  182 8.6729e+10 9.5409e+10  10.0%   108  590s
  3114  1602 9.5409e+10   84  143 8.6729e+10 9.5409e+10  10.0%   107  595s
  3146  1634 9.5409e+10  115  176 8.6729e+10 9.5409e+10  10.0%   107  600s
  3176  1658 9.5409e+10  134  157 8.6729e+10 9.5409e+10  10.0%   106  605s
  3209  1675 8.9649e+10   51  132 8.6729e+10 9.5409e+10  10.0%   106  610s
  3256  1706 8.9649e+10   81   73 8.6729e+10 9.5409e+10  10.0%   105  615s
  3276  1714 8.9649e+10   94   42 8.6729e+10 9.5409e+10  10.0%   104  621s
  3311  1715 9.5409e+10   79  154 8.6729e+10 9.5409e+10  10.0%   104  625s
  3337  1728 8.7899e+10   43   91 8.6729e+10 9.5409e+10  10.0%   104  630s
  3371  1760 8.7899e+10   53  103 8.6729e+10 9.5409e+10  10.0%   103  635s
  3429  1800 8.7899e+10   73   45 8.6729e+10 9.5409e+10  10.0%   102  640s
  3441  1806 9.3907e+10   28  357 8.6729e+10 9.5409e+10  10.0%   105  645s
  3466  1823 9.5409e+10   47  172 8.6729e+10 9.5409e+10  10.0%   107  650s
  3494  1849 9.3969e+10   70  107 8.6729e+10 9.5409e+10  10.0%   107  655s
  3534  1875 9.5409e+10   27  326 8.6729e+10 9.5409e+10  10.0%   107  660s
  3556  1895 8.7899e+10   48  204 8.6729e+10 9.5409e+10  10.0%   108  665s
  3576  1914 8.7899e+10   66  158 8.6729e+10 9.5409e+10  10.0%   107  670s
  3594  1932 8.7899e+10   83  135 8.6729e+10 9.5409e+10  10.0%   107  676s
  3626  1964 8.7899e+10  109  132 8.6729e+10 9.5409e+10  10.0%   106  680s
  3667  1995 8.7899e+10  146  284 8.6729e+10 9.5409e+10  10.0%   105  685s
  3699  2007 8.7899e+10   38  257 8.6729e+10 9.5409e+10  10.0%   106  690s
  3723  2027 8.7899e+10   60  159 8.6729e+10 9.5409e+10  10.0%   107  695s
  3730  2033 8.7899e+10   67  156 8.6729e+10 9.5409e+10  10.0%   106  701s
  3748  2049 8.7899e+10   84  128 8.6729e+10 9.5409e+10  10.0%   106  705s
  3776  2076 8.7899e+10  112  118 8.6729e+10 9.5409e+10  10.0%   106  710s
  3805  2088 9.5409e+10   67  142 8.6729e+10 9.5409e+10  10.0%   105  715s
  3843  2122 9.5409e+10   92   89 8.6729e+10 9.5409e+10  10.0%   105  720s
  3890  2139 9.5409e+10  110  107 8.6729e+10 9.5409e+10  10.0%   104  725s
  3942  2157 8.7899e+10   72  210 8.6729e+10 9.5409e+10  10.0%   104  730s
  3981  2180 9.5409e+10   30  275 8.6729e+10 9.5409e+10  10.0%   104  735s
  4000  2199 9.5409e+10   47  276 8.6729e+10 9.5409e+10  10.0%   105  740s
  4030  2229 9.5409e+10   73  196 8.6729e+10 9.5409e+10  10.0%   104  745s
  4066  2261 9.5409e+10  106  247 8.6729e+10 9.5409e+10  10.0%   104  750s
  4107  2301 9.5409e+10  147  213 8.6729e+10 9.5409e+10  10.0%   103  755s
  4138  2326 9.5409e+10  174  246 8.6729e+10 9.5409e+10  10.0%   103  760s
  4169  2337 9.5409e+10   26  254 8.6729e+10 9.5409e+10  10.0%   104  765s
  4189  2356 9.5409e+10   46  197 8.6729e+10 9.5409e+10  10.0%   104  778s
  4197  2364 9.5409e+10   54  188 8.6729e+10 9.5409e+10  10.0%   104  780s
  4228  2394 9.5409e+10   82  138 8.6729e+10 9.5409e+10  10.0%   103  785s
  4261  2425 9.5409e+10  114  169 8.6729e+10 9.5409e+10  10.0%   102  790s
  4297  2459 9.5409e+10  143  100 8.6729e+10 9.5409e+10  10.0%   102  795s
  4323  2480 8.6769e+10  155   76 8.6729e+10 9.5409e+10  10.0%   102  800s
  4373  2515 9.5409e+10   89   84 8.6729e+10 9.5409e+10  10.0%   101  805s
  4416  2551 9.4509e+10  116   80 8.6729e+10 9.5409e+10  10.0%   100  810s
  4464  2586 8.7899e+10   28  282 8.6729e+10 9.5409e+10  10.0%   101  815s
  4479  2599 8.7899e+10   35  240 8.6729e+10 9.5409e+10  10.0%   102  820s
  4502  2616 8.7899e+10   46  134 8.6729e+10 9.5409e+10  10.0%   102  825s
  4531  2633 8.7899e+10   53  111 8.6729e+10 9.5409e+10  10.0%   101  835s
  4563  2659 8.7899e+10   67  118 8.6729e+10 9.5409e+10  10.0%   101  840s
  4601  2682 8.7899e+10   82  137 8.6729e+10 9.5409e+10  10.0%   100  845s
  4638  2700 9.5409e+10   91   91 8.6729e+10 9.5409e+10  10.0%   100  850s
  4697  2741 9.5409e+10  116   38 8.6729e+10 9.5409e+10  10.0%  98.9  876s
  4735  2761 9.5409e+10   84   97 8.6729e+10 9.5409e+10  10.0%  98.4  880s
  4786  2788 9.5409e+10   22  372 8.6729e+10 9.5409e+10  10.0%  98.2  885s
  4809  2809 9.5409e+10   44  268 8.6729e+10 9.5409e+10  10.0%  99.3  890s
  4830  2825 9.5409e+10   62  192 8.6729e+10 9.5409e+10  10.0%   100  895s
  4865  2848 9.5409e+10   87   96 8.6729e+10 9.5409e+10  10.0%   100  900s
  4910  2891 9.5409e+10  117   83 8.6729e+10 9.5409e+10  10.0%  99.4  905s
  4969  2915 9.5409e+10   41  196 8.6729e+10 9.5409e+10  10.0%  98.9  910s
  5006  2938 9.5409e+10   55  177 8.6729e+10 9.5409e+10  10.0%  99.1  915s
  5040  2962 9.5409e+10   73  202 8.6729e+10 9.5409e+10  10.0%  99.3  920s
  5063  2977 9.5409e+10   45  171 8.6729e+10 9.5409e+10  10.0%   100  925s
  5074  2988 9.5409e+10   55  189 8.6729e+10 9.5409e+10  10.0%   100  935s
  5101  3008 9.5409e+10   76  227 8.6729e+10 9.5409e+10  10.0%  99.4  942s
  5116  3023 9.5409e+10   90  206 8.6729e+10 9.5409e+10  10.0%  99.2  945s
  5143  3048 9.5409e+10  110  160 8.6729e+10 9.5409e+10  10.0%  99.0  950s
  5186  3053 9.5409e+10   83   92 8.6729e+10 9.5409e+10  10.0%  98.5  955s
  5223  3090 9.5409e+10  104   82 8.6729e+10 9.5409e+10  10.0%  98.0  960s
  5269  3113 9.5409e+10  132   94 8.6729e+10 9.5409e+10  10.0%  97.4  965s
  5306  3125 9.5409e+10   28  265 8.6729e+10 9.5409e+10  10.0%  98.0  970s
  5331  3150 9.5409e+10   52  142 8.6729e+10 9.5409e+10  10.0%  97.9  975s
  5367  3185 9.5409e+10   87   67 8.6729e+10 9.5409e+10  10.0%  97.4  980s
  5403  3221 9.5409e+10  123  121 8.6729e+10 9.5409e+10  10.0%  96.9  985s
  5443  3258 9.5409e+10  162  104 8.6729e+10 9.5409e+10  10.0%  96.3  990s
  5487  3279 9.5409e+10   82  122 8.6729e+10 9.5409e+10  10.0%  95.8  995s
  5524  3298 9.5409e+10   72  114 8.6729e+10 9.5409e+10  10.0%  95.3 1000s
  5553  3317 9.5409e+10   93  151 8.6729e+10 9.5409e+10  10.0%  95.6 1005s
  5578  3328 9.5409e+10   51  253 8.6729e+10 9.5409e+10  10.0%  96.1 1010s
  5609  3358 9.5409e+10   81  180 8.6729e+10 9.5409e+10  10.0%  95.8 1015s
  5643  3388 9.5409e+10  107  166 8.6729e+10 9.5409e+10  10.0%  95.5 1020s
  5672  3400 9.2593e+10   67  299 8.6729e+10 9.5409e+10  10.0%  95.7 1025s
  5703  3415 8.7899e+10   27  301 8.6729e+10 9.5409e+10  10.0%  95.7 1030s
  5725  3437 8.7899e+10   47  240 8.6729e+10 9.5409e+10  10.0%  96.2 1035s
  5750  3461 8.7899e+10   72  255 8.6729e+10 9.5409e+10  10.0%  96.1 1040s
  5771  3482 8.7899e+10   91  148 8.6729e+10 9.5409e+10  10.0%  95.9 1045s
  5795  3496 9.5409e+10   21  346 8.6729e+10 9.5409e+10  10.0%  96.7 1050s
  5819  3520 9.5409e+10   39  139 8.6729e+10 9.5409e+10  10.0%  97.5 1055s
  5854  3552 9.5409e+10   67  165 8.6729e+10 9.5409e+10  10.0%  97.1 1060s
  5893  3587 9.5409e+10  102  172 8.6729e+10 9.5409e+10  10.0%  96.7 1065s
  5935  3619 9.5409e+10  132  144 8.6729e+10 9.5409e+10  10.0%  96.4 1070s
  5993  3655 9.5409e+10   64   82 8.6729e+10 9.5409e+10  10.0%  95.8 1075s
  6019  3680 9.5409e+10   75  108 8.6729e+10 9.5409e+10  10.0%  95.5 1102s
  6020  3681 9.5409e+10   76   98 8.6729e+10 9.5409e+10  10.0%  95.5 1110s
  6052  3703 infeasible   89      8.6729e+10 9.5409e+10  10.0%  95.1 1115s
  6094  3713 9.5409e+10   28  243 8.6729e+10 9.5409e+10  10.0%  94.9 1120s
  6120  3738 9.5409e+10   49  210 8.6729e+10 9.5409e+10  10.0%  95.0 1125s
  6150  3768 9.5409e+10   71  176 8.6729e+10 9.5409e+10  10.0%  95.1 1130s
  6202  3813 9.5409e+10  112  150 8.6729e+10 9.5409e+10  10.0%  94.6 1135s
  6233  3840 9.5409e+10  142  114 8.6729e+10 9.5409e+10  10.0%  94.2 1141s
  6281  3863 9.5409e+10   57  213 8.6729e+10 9.5409e+10  10.0%  93.8 1145s
  6306  3885 9.5409e+10   70  101 8.6729e+10 9.5409e+10  10.0%  93.7 1150s
  6340  3895 9.5409e+10   69  157 8.6729e+10 9.5409e+10  10.0%  93.5 1155s
  6380  3911 9.5409e+10   79  126 8.6729e+10 9.5409e+10  10.0%  93.2 1160s
  6415  3924 9.5409e+10   55  162 8.6729e+10 9.5409e+10  10.0%  93.0 1165s
  6423  3932 9.5409e+10   63  172 8.6729e+10 9.5409e+10  10.0%  92.9 1177s
  6438  3942 8.7899e+10   72  259 8.6729e+10 9.5409e+10  10.0%  93.0 1180s
  6472  3976 8.7899e+10   99  116 8.6729e+10 9.5409e+10  10.0%  92.8 1185s
  6522  4004 9.5409e+10   65  130 8.6729e+10 9.5409e+10  10.0%  92.4 1190s
  6556  4031 9.3969e+10   96   91 8.6729e+10 9.5409e+10  10.0%  92.1 1195s
  6603  4051 9.5409e+10   60  291 8.6729e+10 9.5409e+10  10.0%  91.9 1200s
  6626  4064 9.5409e+10   72  186 8.6729e+10 9.5409e+10  10.0%  92.0 1205s
  6659  4075 9.5409e+10   71  123 8.6729e+10 9.5409e+10  10.0%  92.0 1210s
  6696  4088 9.5409e+10   74  106 8.6729e+10 9.5409e+10  10.0%  92.0 1215s
  6734  4100 9.5409e+10   65  183 8.6729e+10 9.5409e+10  10.0%  91.9 1220s
  6776  4103 9.5409e+10   75   78 8.6729e+10 9.5409e+10  10.0%  91.5 1225s
  6824  4101 9.5409e+10   80   68 8.6729e+10 9.5409e+10  10.0%  91.1 1230s
  6865  4120 9.5409e+10   75  186 8.6729e+10 9.5409e+10  10.0%  90.9 1235s
  6903  4120 9.5409e+10   71  118 8.6729e+10 9.5409e+10  10.0%  90.9 1240s
  6941  4133 9.5409e+10   83  107 8.6729e+10 9.5409e+10  10.0%  90.6 1245s
  6979  4138 infeasible   90      8.6729e+10 9.5409e+10  10.0%  90.5 1250s
  7019  4134 9.5409e+10   85  120 8.6729e+10 9.5409e+10  10.0%  90.4 1255s
  7059  4128 9.5409e+10   82  120 8.6729e+10 9.5409e+10  10.0%  90.4 1260s
  7097  4121 9.5409e+10   82  146 8.6729e+10 9.5409e+10  10.0%  90.4 1265s
  7131  4134 9.5409e+10   87   70 8.6729e+10 9.5409e+10  10.0%  90.4 1270s
  7173  4118 infeasible   78      8.6729e+10 9.5409e+10  10.0%  90.4 1275s
  7197  4120 9.5409e+10   72  162 8.6729e+10 9.5409e+10  10.0%  90.4 1280s
  7236  4122 infeasible   86      8.6729e+10 9.5409e+10  10.0%  90.1 1285s
  7254  4124 9.5409e+10   75  136 8.6729e+10 9.5409e+10  10.0%  90.0 1290s
  7287  4118 infeasible   89      8.6729e+10 9.5409e+10  10.0%  90.0 1295s
  7334  4119 infeasible   88      8.6729e+10 9.5409e+10  10.0%  89.9 1300s
  7373  4118 9.5409e+10   83  118 8.6729e+10 9.5409e+10  10.0%  89.8 1305s
  7412  4125 9.5409e+10   73  126 8.6729e+10 9.5409e+10  10.0%  89.8 1310s
  7447  4147 9.5409e+10   97   69 8.6729e+10 9.5409e+10  10.0%  89.5 1319s
  7449  4149 9.5409e+10   99   63 8.6729e+10 9.5409e+10  10.0%  89.5 1320s
  7526  4169 9.5409e+10   71  100 8.6729e+10 9.5409e+10  10.0%  88.7 1325s
  7567  4178 9.5409e+10   77  120 8.6729e+10 9.5409e+10  10.0%  88.8 1330s
  7610  4179 9.5409e+10   80  125 8.6729e+10 9.5409e+10  10.0%  88.6 1335s
  7661  4163 9.5409e+10   78   75 8.6729e+10 9.5409e+10  10.0%  88.3 1340s
  7702  4159 infeasible   79      8.6729e+10 9.5409e+10  10.0%  88.1 1345s
  7748  4159 9.5409e+10   78  106 8.6729e+10 9.5409e+10  10.0%  87.9 1350s
  7789  4160 9.5409e+10   78   81 8.6729e+10 9.5409e+10  10.0%  87.8 1355s
  7826  4153 infeasible   75      8.6729e+10 9.5409e+10  10.0%  88.0 1360s
  7864  4151 9.5409e+10   74  184 8.6729e+10 9.5409e+10  10.0%  88.1 1367s
  7888  4151 infeasible   80      8.6729e+10 9.5409e+10  10.0%  87.9 1370s
  7930  4142 9.5409e+10   76  117 8.6729e+10 9.5409e+10  10.0%  87.8 1375s
  7965  4136 9.5409e+10   73  201 8.6729e+10 9.5409e+10  10.0%  88.0 1380s
  7999  4137 9.5409e+10   82   89 8.6729e+10 9.5409e+10  10.0%  88.0 1385s
  8022  4136 9.5409e+10   83  109 8.6729e+10 9.5409e+10  10.0%  88.0 1393s
  8039  4133 9.5409e+10   82   84 8.6729e+10 9.5409e+10  10.0%  87.9 1395s
  8076  4130 9.5409e+10   79  133 8.6729e+10 9.5409e+10  10.0%  87.7 1400s
  8119  4124 9.5409e+10   74  140 8.6729e+10 9.5409e+10  10.0%  87.5 1405s
  8156  4121 infeasible   76      8.6729e+10 9.5409e+10  10.0%  87.7 1410s
  8200  4111 9.5409e+10   70  174 8.6729e+10 9.5409e+10  10.0%  87.6 1415s
  8237  4116 9.5409e+10   72   94 8.6729e+10 9.5409e+10  10.0%  87.4 1420s
  8275  4116 9.5409e+10   78  189 8.6729e+10 9.5409e+10  10.0%  87.4 1425s
  8310  4127 9.5409e+10   94  131 8.6729e+10 9.5409e+10  10.0%  87.3 1430s
  8335  4114 9.5409e+10   80  153 8.6729e+10 9.5409e+10  10.0%  87.2 1439s
  8343  4111 9.5409e+10   76  123 8.6729e+10 9.5409e+10  10.0%  87.2 1440s
  8377  4111 9.5409e+10   73  175 8.6729e+10 9.5409e+10  10.0%  87.2 1445s
  8415  4107 infeasible   82      8.6729e+10 9.5409e+10  10.0%  87.1 1450s
  8452  4102 9.5409e+10   69  142 8.6729e+10 9.5409e+10  10.0%  87.0 1455s
  8491  4115 9.5409e+10   87  129 8.6729e+10 9.5409e+10  10.0%  86.7 1460s
  8530  4120 infeasible   93      8.6729e+10 9.5409e+10  10.0%  86.6 1465s
  8574  4106 9.5409e+10   86  144 8.6729e+10 9.5409e+10  10.0%  86.4 1470s
  8609  4096 infeasible   88      8.6729e+10 9.5409e+10  10.0%  86.4 1475s
  8643  4119 9.5409e+10   97   88 8.6729e+10 9.5409e+10  10.0%  86.2 1480s
  8678  4148 9.5409e+10  117   71 8.6729e+10 9.5409e+10  10.0%  86.1 1485s
  8730  4172 9.2529e+10   83  110 8.6729e+10 9.5409e+10  10.0%  85.8 1490s
  8773  4215 9.2529e+10  122  118 8.6729e+10 9.5409e+10  10.0%  85.4 1495s
  8825  4239 9.2529e+10   74  109 8.6729e+10 9.5409e+10  10.0%  85.3 1500s
  8852  4264 8.9649e+10  100   92 8.6729e+10 9.5409e+10  10.0%  85.1 1506s
  8886  4296 infeasible  134      8.6729e+10 9.5409e+10  10.0%  84.8 1510s
  8931  4298 infeasible   71      8.6729e+10 9.5409e+10  10.0%  84.9 1515s
  8967  4313 9.2529e+10   85   88 8.6729e+10 9.5409e+10  10.0%  84.8 1520s
  9000  4344 9.2529e+10  116   75 8.6729e+10 9.5409e+10  10.0%  84.5 1525s
  9037  4351 9.2529e+10   68  161 8.6729e+10 9.5409e+10  10.0%  84.4 1530s
  9050  4348 8.7899e+10   66  198 8.6729e+10 9.5409e+10  10.0%  84.3 1535s
  9079  4359 9.2529e+10   70  152 8.6729e+10 9.5409e+10  10.0%  84.4 1540s
  9115  4394 9.2529e+10  103   94 8.6729e+10 9.5409e+10  10.0%  84.2 1545s
  9152  4418 9.5409e+10   70  113 8.6729e+10 9.5409e+10  10.0%  84.0 1550s
  9184  4422 9.5409e+10   68  141 8.6729e+10 9.5409e+10  10.0%  84.0 1555s
  9223  4424 infeasible   77      8.6729e+10 9.5409e+10  10.0%  84.0 1560s
  9245  4435 9.5409e+10   77  167 8.6729e+10 9.5409e+10  10.0%  83.9 1565s
  9283  4435 9.5409e+10   83  134 8.6729e+10 9.5409e+10  10.0%  83.8 1570s
  9320  4466 9.5409e+10  106  109 8.6729e+10 9.5409e+10  10.0%  83.6 1575s
  9344  4488 9.5409e+10  126   93 8.6729e+10 9.5409e+10  10.0%  83.5 1580s
  9407  4492 infeasible   75      8.6729e+10 9.5409e+10  10.0%  83.2 1585s
  9448  4490 9.5409e+10   73  134 8.6729e+10 9.5409e+10  10.0%  83.1 1590s
  9494  4479 9.3969e+10  121   96 8.6729e+10 9.5409e+10  10.0%  83.1 1595s
  9544  4447 9.5409e+10   90  143 8.6729e+10 9.5409e+10  10.0%  83.1 1606s
  9580  4445 9.5409e+10   91  120 8.6729e+10 9.5409e+10  10.0%  83.0 1610s
  9622  4477 9.5409e+10  117   37 8.6729e+10 9.5409e+10  10.0%  82.8 1615s
  9678  4490 9.5409e+10   73  119 8.6729e+10 9.5409e+10  10.0%  82.6 1620s
  9709  4509 8.7899e+10   89  108 8.6729e+10 9.5409e+10  10.0%  82.5 1625s
  9741  4513 8.7899e+10   72  148 8.6729e+10 9.5409e+10  10.0%  82.4 1630s
  9779  4542 8.7899e+10   97   59 8.6729e+10 9.5409e+10  10.0%  82.2 1635s
  9824  4555 8.7899e+10   81   76 8.6729e+10 9.5409e+10  10.0%  82.0 1640s
  9848  4574 8.7899e+10  101   61 8.6729e+10 9.5409e+10  10.0%  81.9 1647s
  9873  4585 9.5409e+10   67  179 8.6729e+10 9.5409e+10  10.0%  81.8 1650s
  9904  4601 8.7899e+10   83  107 8.6729e+10 9.5409e+10  10.0%  81.7 1655s
  9925  4622 8.7899e+10  100   90 8.6729e+10 9.5409e+10  10.0%  81.6 1665s
  9964  4638 infeasible   63      8.6729e+10 9.5409e+10  10.0%  81.3 1670s
  9988  4654 8.7899e+10   80  155 8.6729e+10 9.5409e+10  10.0%  81.5 1675s
 10028  4678 infeasible  108      8.6729e+10 9.5409e+10  10.0%  81.3 1680s
 10067  4694 8.7899e+10   76  179 8.6729e+10 9.5409e+10  10.0%  81.4 1685s
 10097  4713 9.5159e+10   70  182 8.6729e+10 9.5409e+10  10.0%  81.5 1690s
 10135  4742 8.7899e+10   97   70 8.6729e+10 9.5409e+10  10.0%  81.4 1695s
 10194  4796 infeasible  120      8.6729e+10 9.5409e+10  10.0%  81.1 1700s
 10202  4796 infeasible  123      8.6729e+10 9.5409e+10  10.0%  81.1 1822s
 10214  4804 9.5409e+10   68  118 8.6729e+10 9.5409e+10  10.0%  81.0 1825s
 10253  4830 8.7899e+10   96   93 8.6729e+10 9.5409e+10  10.0%  81.0 1830s
 10290  4843 9.5409e+10   77  161 8.6729e+10 9.5409e+10  10.0%  81.0 1835s
 10319  4858 9.5409e+10   70  105 8.6729e+10 9.5409e+10  10.0%  81.1 1840s
 10358  4860 9.5409e+10   76  123 8.6729e+10 9.5409e+10  10.0%  81.0 1845s
 10388  4868 8.7899e+10   83  123 8.6729e+10 9.5409e+10  10.0%  81.0 1850s
 10400  4880 8.7899e+10   91   79 8.6729e+10 9.5409e+10  10.0%  80.9 1856s
 10431  4905 8.7899e+10  117   57 8.6729e+10 9.5409e+10  10.0%  80.8 1860s
 10470  4935 8.7899e+10  130   44 8.6729e+10 9.5409e+10  10.0%  80.5 1871s
 10508  4926 9.5409e+10   84  176 8.6729e+10 9.5409e+10  10.0%  80.5 1875s
 10540  4928 9.5409e+10   32  337 8.6729e+10 9.5409e+10  10.0%  80.8 1880s
 10563  4951 9.5409e+10   48  276 8.6729e+10 9.5409e+10  10.0%  80.9 1885s
 10597  4982 9.5409e+10   79  235 8.6729e+10 9.5409e+10  10.0%  80.8 1890s
 10636  5021 9.5409e+10  111  186 8.6729e+10 9.5409e+10  10.0%  80.7 1895s
 10698  5052 9.5409e+10   57  212 8.6729e+10 9.5409e+10  10.0%  80.4 1900s
 10730  5070 9.5409e+10   70  131 8.6729e+10 9.5409e+10  10.0%  80.4 1905s
 10760  5089 8.7899e+10   88   67 8.6729e+10 9.5409e+10  10.0%  80.3 1910s
 10806  5107 9.5409e+10   69  134 8.6729e+10 9.5409e+10  10.0%  80.1 1915s
 10844  5117 9.5409e+10   71   89 8.6729e+10 9.5409e+10  10.0%  80.1 1920s
 10881  5142 9.5409e+10   94   94 8.6729e+10 9.5409e+10  10.0%  80.0 1925s
 10923  5162 9.5409e+10   80  101 8.6729e+10 9.5409e+10  10.0%  79.9 1930s
 10949  5173 8.7899e+10   75   88 8.6729e+10 9.5409e+10  10.0%  79.9 1955s
 10950  5174 8.7899e+10   76   86 8.6729e+10 9.5409e+10  10.0%  79.9 1960s
 10978  5196 8.7899e+10  101   57 8.6729e+10 9.5409e+10  10.0%  79.8 1965s
 11026  5196 9.5409e+10   71  149 8.6729e+10 9.5409e+10  10.0%  79.6 1970s
 11047  5201 9.5409e+10   53   96 8.6729e+10 9.5409e+10  10.0%  79.7 1976s
 11063  5216 9.5409e+10   59  141 8.6729e+10 9.5409e+10  10.0%  79.8 1980s
 11094  5232 8.7899e+10   74   68 8.6729e+10 9.5409e+10  10.0%  79.8 1985s
 11129  5247 9.5409e+10   77   90 8.6729e+10 9.5409e+10  10.0%  79.7 1990s
 11162  5242 9.5409e+10   71  153 8.6729e+10 9.5409e+10  10.0%  79.8 1995s
 11197  5248 9.5409e+10   62  103 8.6729e+10 9.5409e+10  10.0%  79.9 2000s
 11231  5275 8.7899e+10   88   86 8.6729e+10 9.5409e+10  10.0%  79.8 2005s
 11264  5282 9.5409e+10   69  108 8.6729e+10 9.5409e+10  10.0%  79.7 2013s
 11276  5282 9.5409e+10   65   91 8.6729e+10 9.5409e+10  10.0%  79.8 2015s
 11307  5309 8.7899e+10   81  163 8.6729e+10 9.5409e+10  10.0%  79.7 2020s
 11331  5333 8.7899e+10   96  121 8.6729e+10 9.5409e+10  10.0%  79.8 2025s
 11376  5376 8.7899e+10  137   71 8.6729e+10 9.5409e+10  10.0%  79.6 2030s
 11420  5407 9.5409e+10   30  253 8.6729e+10 9.5409e+10  10.0%  79.8 2035s
 11436  5423 9.5409e+10   42  253 8.6729e+10 9.5409e+10  10.0%  80.1 2040s
 11458  5445 9.5409e+10   64  204 8.6729e+10 9.5409e+10  10.0%  80.0 2045s
 11484  5466 9.5409e+10   87  205 8.6729e+10 9.5409e+10  10.0%  80.0 2050s
 11497  5470 9.5409e+10   55  170 8.6729e+10 9.5409e+10  10.0%  80.1 2056s
 11517  5489 9.5409e+10   67  111 8.6729e+10 9.5409e+10  10.0%  80.2 2060s
 11546  5498 8.7899e+10   77  204 8.6729e+10 9.5409e+10  10.0%  80.3 2065s
 11575  5511 9.5409e+10   69  195 8.6729e+10 9.5409e+10  10.0%  80.4 2070s
 11607  5524 9.5409e+10   69  160 8.6729e+10 9.5409e+10  10.0%  80.4 2075s
 11637  5540 8.7899e+10   86   89 8.6729e+10 9.5409e+10  10.0%  80.3 2080s
 11678  5575 8.7899e+10  113   52 8.6729e+10 9.5409e+10  10.0%  80.2 2085s
H11679  3763                    8.789928e+10 9.5409e+10  8.54%  80.2 2086s
 11709  3773 9.5409e+10   66  108 8.7899e+10 9.5409e+10  8.54%  80.1 2090s
 11733  3782 9.5409e+10   63  142 8.7899e+10 9.5409e+10  8.54%  80.2 2095s
 11758  3791 8.9649e+10   42  161 8.7899e+10 9.5409e+10  8.54%  80.6 2100s
 11782  3813 8.9649e+10   63  123 8.7899e+10 9.5409e+10  8.54%  80.5 2105s
 11816  3837 8.9649e+10   90  117 8.7899e+10 9.5409e+10  8.54%  80.4 2110s
 11857  3876 8.9649e+10  127   84 8.7899e+10 9.5409e+10  8.54%  80.2 2115s
 11901  3897 9.5409e+10   57  318 8.7899e+10 9.5409e+10  8.54%  80.0 2120s
 11927  3922 9.5409e+10   83   93 8.7899e+10 9.5409e+10  8.54%  80.2 2125s
 11943  3938 9.5409e+10   96  102 8.7899e+10 9.5409e+10  8.54%  80.1 2130s
 11992  3949 infeasible   92      8.7899e+10 9.5409e+10  8.54%  80.0 2135s
 12029  3943 9.5409e+10   44  244 8.7899e+10 9.5409e+10  8.54%  80.1 2140s
 12050  3964 9.5409e+10   63  208 8.7899e+10 9.5409e+10  8.54%  80.1 2145s
 12083  3995 9.5409e+10   89  181 8.7899e+10 9.5409e+10  8.54%  80.0 2150s
 12116  4018 9.5409e+10  114  239 8.7899e+10 9.5409e+10  8.54%  80.1 2155s
 12140  4037 9.5409e+10  133  173 8.7899e+10 9.5409e+10  8.54%  80.1 2160s
 12181  4057 9.5409e+10  116  109 8.7899e+10 9.5409e+10  8.54%  79.9 2165s
 12211  4068 9.5409e+10  133   93 8.7899e+10 9.5409e+10  8.54%  79.9 2170s
 12264  4090 9.5409e+10   90   99 8.7899e+10 9.5409e+10  8.54%  79.7 2175s
 12295  4104 9.5409e+10   75  206 8.7899e+10 9.5409e+10  8.54%  79.9 2180s
 12311  4109 9.5409e+10   46  200 8.7899e+10 9.5409e+10  8.54%  79.9 2185s
 12332  4130 9.5409e+10   65  178 8.7899e+10 9.5409e+10  8.54%  80.1 2190s
 12355  4153 9.5409e+10   81  231 8.7899e+10 9.5409e+10  8.54%  80.3 2195s
 12391  4185 9.5409e+10  110  101 8.7899e+10 9.5409e+10  8.54%  80.2 2200s
 12463  4208 9.5409e+10  143   41 8.7899e+10 9.5409e+10  8.54%  79.9 2205s
 12487  4214 9.5409e+10   72  144 8.7899e+10 9.5409e+10  8.54%  79.9 2210s
 12518  4236 9.5409e+10   53  143 8.7899e+10 9.5409e+10  8.54%  80.1 2215s
 12550  4268 9.5409e+10   82  116 8.7899e+10 9.5409e+10  8.54%  80.0 2220s
 12569  4287 9.5409e+10   99  134 8.7899e+10 9.5409e+10  8.54%  79.9 2225s
 12608  4305 infeasible  117      8.7899e+10 9.5409e+10  8.54%  79.8 2230s
 12639  4328 9.3969e+10  135   73 8.7899e+10 9.5409e+10  8.54%  79.8 2235s
 12697  4341 infeasible   90      8.7899e+10 9.5409e+10  8.54%  79.6 2240s
 12751  4357 9.5409e+10  130  132 8.7899e+10 9.5409e+10  8.54%  79.5 2245s
 12790  4360 infeasible   69      8.7899e+10 9.5409e+10  8.54%  79.5 2250s
 12807  4357 9.5409e+10   66  147 8.7899e+10 9.5409e+10  8.54%  79.5 2255s
 12841  4358 9.5409e+10   67  123 8.7899e+10 9.5409e+10  8.54%  79.5 2260s
 12878  4360 infeasible   71      8.7899e+10 9.5409e+10  8.54%  79.6 2265s
 12911  4362 9.5409e+10   72  117 8.7899e+10 9.5409e+10  8.54%  79.6 2270s
 12950  4351 infeasible   65      8.7899e+10 9.5409e+10  8.54%  79.6 2275s
 12985  4353 9.5409e+10   64  135 8.7899e+10 9.5409e+10  8.54%  79.7 2280s
 12990  4354 infeasible   67      8.7899e+10 9.5409e+10  8.54%  79.7 2285s
 13035  4342 9.5409e+10  129  138 8.7899e+10 9.5409e+10  8.54%  79.6 2290s
 13091  4378 9.5409e+10  144   94 8.7899e+10 9.5409e+10  8.54%  79.5 2295s
 13155  4420 9.4239e+10  192   50 8.7899e+10 9.5409e+10  8.54%  79.3 2300s
 13210  4440 9.5409e+10   65  261 8.7899e+10 9.5409e+10  8.54%  79.2 2305s
 13240  4464 9.5409e+10   83  230 8.7899e+10 9.5409e+10  8.54%  79.4 2310s
 13280  4491 9.5409e+10  105  188 8.7899e+10 9.5409e+10  8.54%  79.3 2316s
 13341  4535 infeasible  155      8.7899e+10 9.5409e+10  8.54%  79.0 2320s
 13394  4542 infeasible   74      8.7899e+10 9.5409e+10  8.54%  79.0 2325s
 13444  4528 infeasible  145      8.7899e+10 9.5409e+10  8.54%  79.0 2330s
 13503  4509 9.5409e+10  125  161 8.7899e+10 9.5409e+10  8.54%  79.2 2335s
 13537  4495 9.5409e+10  111  118 8.7899e+10 9.5409e+10  8.54%  79.4 2341s
 13578  4477 9.5409e+10   92  159 8.7899e+10 9.5409e+10  8.54%  79.5 2345s
 13628  4457 infeasible   79      8.7899e+10 9.5409e+10  8.54%  79.7 2350s
 13676  4492 9.3969e+10  108  172 8.7899e+10 9.5409e+10  8.54%  79.6 2355s
 13721  4518 9.5409e+10   86  216 8.7899e+10 9.5409e+10  8.54%  79.5 2360s
 13770  4537 9.5409e+10  104  143 8.7899e+10 9.5409e+10  8.54%  79.5 2365s
 13816  4559 9.5409e+10  107  150 8.7899e+10 9.5409e+10  8.54%  79.3 2370s
 13841  4582 9.5409e+10  131  136 8.7899e+10 9.5409e+10  8.54%  79.2 2375s
 13892  4599 9.5409e+10   66  199 8.7899e+10 9.5409e+10  8.54%  79.1 2380s
 13927  4605 9.5409e+10   72  213 8.7899e+10 9.5409e+10  8.54%  79.2 2385s
 13976  4624 infeasible   90      8.7899e+10 9.5409e+10  8.54%  79.1 2390s
 14014  4604 9.5409e+10   73  258 8.7899e+10 9.5409e+10  8.54%  79.3 2399s
 14022  4602 9.5409e+10   67  227 8.7899e+10 9.5409e+10  8.54%  79.3 2400s
 14055  4604 9.5409e+10   77  178 8.7899e+10 9.5409e+10  8.54%  79.4 2405s
 14098  4643 9.3969e+10  108   73 8.7899e+10 9.5409e+10  8.54%  79.3 2410s
 14156  4661 infeasible   75      8.7899e+10 9.5409e+10  8.54%  79.1 2415s
 14197  4702 9.1089e+10  115  111 8.7899e+10 9.5409e+10  8.54%  79.0 2420s
 14237  4725 9.5409e+10   72  206 8.7899e+10 9.5409e+10  8.54%  78.9 2425s
 14253  4737 9.5409e+10   82  143 8.7899e+10 9.5409e+10  8.54%  78.9 2430s
 14296  4780 9.5409e+10  119   88 8.7899e+10 9.5409e+10  8.54%  78.7 2435s
 14336  4801 9.5409e+10  138  101 8.7899e+10 9.5409e+10  8.54%  78.7 2440s
 14388  4812 9.5409e+10   63  231 8.7899e+10 9.5409e+10  8.54%  78.6 2445s
 14427  4845 9.5409e+10   86  123 8.7899e+10 9.5409e+10  8.54%  78.5 2450s
 14460  4854 9.5409e+10   97   92 8.7899e+10 9.5409e+10  8.54%  78.4 2455s
 14517  4869 9.5409e+10  118   92 8.7899e+10 9.5409e+10  8.54%  78.2 2460s
 14581  4880 infeasible  122      8.7899e+10 9.5409e+10  8.54%  78.0 2465s
 14607  4891 8.9649e+10   76  161 8.7899e+10 9.5409e+10  8.54%  78.1 2472s
 14623  4897 9.5409e+10   59  197 8.7899e+10 9.5409e+10  8.54%  78.2 2475s
 14643  4903 9.5409e+10   34  180 8.7899e+10 9.5409e+10  8.54%  78.6 2480s
 14670  4920 9.3969e+10   51  128 8.7899e+10 9.5409e+10  8.54%  78.6 2490s
 14704  4953 9.3969e+10   82   58 8.7899e+10 9.5409e+10  8.54%  78.5 2495s
 14734  4982 9.3969e+10   99   68 8.7899e+10 9.5409e+10  8.54%  78.4 2500s
 14778  5003 9.5409e+10   62  246 8.7899e+10 9.5409e+10  8.54%  78.3 2505s
 14806  5021 9.5409e+10   71  226 8.7899e+10 9.5409e+10  8.54%  78.6 2510s
 14827  5042 9.5409e+10   91  108 8.7899e+10 9.5409e+10  8.54%  78.6 2516s
 14862  5068 9.5409e+10  113   85 8.7899e+10 9.5409e+10  8.54%  78.5 2520s
 14917  5105 9.5409e+10   49  246 8.7899e+10 9.5409e+10  8.54%  78.5 2525s
 14939  5126 9.3969e+10   66  125 8.7899e+10 9.5409e+10  8.54%  78.5 2530s
 14970  5142 9.3969e+10   82   67 8.7899e+10 9.5409e+10  8.54%  78.4 2535s
 14993  5154 9.5409e+10   51  277 8.7899e+10 9.5409e+10  8.54%  78.6 2540s
 15023  5176 9.5409e+10   75  126 8.7899e+10 9.5409e+10  8.54%  78.7 2545s
 15064  5205 9.3969e+10  110   78 8.7899e+10 9.5409e+10  8.54%  78.5 2551s
 15108  5215 8.9649e+10   84  103 8.7899e+10 9.5409e+10  8.54%  78.4 2555s
 15141  5232 9.5409e+10   74  180 8.7899e+10 9.5409e+10  8.54%  78.5 2560s
 15189  5277 9.5409e+10  115   97 8.7899e+10 9.5409e+10  8.54%  78.4 2567s
 15224  5283 9.5409e+10  125   64 8.7899e+10 9.5409e+10  8.54%  78.3 2570s
 15299  5281 9.5409e+10  128   77 8.7899e+10 9.5409e+10  8.54%  78.0 2582s
 15302  5280 9.5409e+10  124   94 8.7899e+10 9.5409e+10  8.54%  78.0 2586s
 15304  5281 9.5409e+10   51   34 8.7899e+10 9.5409e+10  8.54%  78.0 2596s
 15307  5283 9.5409e+10   70  403 8.7899e+10 9.5409e+10  8.54%  78.0 2603s
 15309  5284 9.5409e+10   49  324 8.7899e+10 9.5409e+10  8.54%  78.0 2610s
 15311  5286 9.5409e+10   56   45 8.7899e+10 9.5409e+10  8.54%  78.0 2618s
 15313  5287 9.5409e+10  109   28 8.7899e+10 9.5409e+10  8.54%  78.0 2620s
 15318  5290 9.5409e+10  126   19 8.7899e+10 9.5409e+10  8.54%  77.9 2625s
 15320  5292 9.5409e+10  112  347 8.7899e+10 9.5409e+10  8.54%  77.9 2634s
 15321  5292 9.2529e+10  142  473 8.7899e+10 9.5409e+10  8.54%  77.9 2637s
 15322  5293 9.5409e+10   94   40 8.7899e+10 9.5409e+10  8.54%  77.9 2645s
 15324  5294 9.5409e+10   36   34 8.7899e+10 9.5409e+10  8.54%  77.9 2650s
 15334  5303 9.5409e+10   33  318 8.7899e+10 9.5409e+10  8.54%  84.4 2655s
 15351  5314 9.5409e+10   42  129 8.7899e+10 9.5409e+10  8.54%  84.6 2660s
 15362  5322 9.5409e+10   47  129 8.7899e+10 9.5409e+10  8.54%  84.6 2665s
 15380  5333 9.5409e+10   57   72 8.7899e+10 9.5409e+10  8.54%  84.6 2670s
 15404  5339 9.5409e+10   69   70 8.7899e+10 9.5409e+10  8.54%  84.5 2678s
 15416  5337 9.5409e+10   31   40 8.7899e+10 9.5409e+10  8.54%  84.5 2680s
 15429  5345 9.5409e+10   40  298 8.7899e+10 9.5409e+10  8.54%  84.8 2685s
 15456  5325 infeasible   36      8.7899e+10 9.5409e+10  8.54%  84.9 2690s
 15473  5333 9.5409e+10   40  176 8.7899e+10 9.5409e+10  8.54%  85.1 2695s
 15493  5342 9.5409e+10   47   93 8.7899e+10 9.5409e+10  8.54%  85.1 2700s
 15508  5350 9.5409e+10   51   60 8.7899e+10 9.5409e+10  8.54%  85.2 2705s
 15513  5351 9.5409e+10   53   66 8.7899e+10 9.5409e+10  8.54%  85.2 2710s
 15531  5355 infeasible   60      8.7899e+10 9.5409e+10  8.54%  85.2 2715s
 15550  5358 infeasible   66      8.7899e+10 9.5409e+10  8.54%  85.1 2720s
 15589  5371 9.5409e+10   80   58 8.7899e+10 9.5409e+10  8.54%  85.0 2725s
 15609  5375 9.5409e+10   43  306 8.7899e+10 9.5409e+10  8.54%  85.1 2730s
 15625  5386 9.5409e+10   49  364 8.7899e+10 9.5409e+10  8.54%  85.6 2735s
 15649  5400 9.5409e+10   60  196 8.7899e+10 9.5409e+10  8.54%  85.7 2740s
 15665  5411 9.5409e+10   66  135 8.7899e+10 9.5409e+10  8.54%  85.7 2745s
 15682  5422 9.5409e+10   70  107 8.7899e+10 9.5409e+10  8.54%  85.7 2750s
 15715  5426 infeasible   86      8.7899e+10 9.5409e+10  8.54%  85.6 2755s
 15759  5405 infeasible   81      8.7899e+10 9.5409e+10  8.54%  85.5 2760s
 15798  5380 9.5409e+10   72  146 8.7899e+10 9.5409e+10  8.54%  85.6 2765s
 15809  5388 9.5409e+10   76  131 8.7899e+10 9.5409e+10  8.54%  85.5 2770s
 15857  5400 9.5409e+10   71   92 8.7899e+10 9.5409e+10  8.54%  85.4 2779s
 15859  5398 infeasible   73      8.7899e+10 9.5409e+10  8.54%  85.4 2780s
 15884  5407 9.5409e+10   81   61 8.7899e+10 9.5409e+10  8.54%  85.3 2797s
 15903  5413 9.5409e+10   88   48 8.7899e+10 9.5409e+10  8.54%  85.3 2800s
 15923  5407 infeasible   96      8.7899e+10 9.5409e+10  8.54%  85.2 2805s
 15954  5390 9.5409e+10   35  291 8.7899e+10 9.5409e+10  8.54%  85.3 2810s
 15965  5398 9.5409e+10   46  322 8.7899e+10 9.5409e+10  8.54%  85.5 2815s
 15979  5405 9.5409e+10   56  286 8.7899e+10 9.5409e+10  8.54%  85.8 2820s
 15992  5414 9.5409e+10   59  314 8.7899e+10 9.5409e+10  8.54%  86.0 2825s
 16009  5425 9.5409e+10   67  239 8.7899e+10 9.5409e+10  8.54%  86.1 2830s
 16028  5436 9.5409e+10   72  225 8.7899e+10 9.5409e+10  8.54%  86.2 2835s
 16065  5444 infeasible   89      8.7899e+10 9.5409e+10  8.54%  86.1 2840s
 16080  5438 infeasible   37      8.7899e+10 9.5409e+10  8.54%  86.4 2845s
 16090  5445 9.5409e+10   44  421 8.7899e+10 9.5409e+10  8.54%  87.0 2850s
 16102  5451 9.5409e+10   53  295 8.7899e+10 9.5409e+10  8.54%  87.2 2855s
 16121  5464 9.5409e+10   65  254 8.7899e+10 9.5409e+10  8.54%  87.2 2860s
 16142  5478 9.5409e+10   72  206 8.7899e+10 9.5409e+10  8.54%  87.2 2865s
 16175  5500 9.5409e+10   87  127 8.7899e+10 9.5409e+10  8.54%  87.1 2870s
 16219  5485 infeasible   89      8.7899e+10 9.5409e+10  8.54%  87.1 2875s
 16251  5470 9.5409e+10   93   64 8.7899e+10 9.5409e+10  8.54%  87.3 2880s
 16294  5463 infeasible  102      8.7899e+10 9.5409e+10  8.54%  87.2 2885s
 16302  5454 9.5409e+10   38  349 8.7899e+10 9.5409e+10  8.54%  87.4 2894s
 16303  5455 9.5409e+10   39  324 8.7899e+10 9.5409e+10  8.54%  87.4 2895s
 16322  5468 9.5409e+10   49  220 8.7899e+10 9.5409e+10  8.54%  87.6 2900s
 16343  5482 9.5409e+10   64  124 8.7899e+10 9.5409e+10  8.54%  87.6 2905s
 16375  5500 9.5409e+10   75   71 8.7899e+10 9.5409e+10  8.54%  87.5 2910s
 16410  5508 9.5409e+10   88  117 8.7899e+10 9.5409e+10  8.54%  87.4 2915s
 16441  5512 9.5409e+10   55  119 8.7899e+10 9.5409e+10  8.54%  87.4 2920s
 16469  5529 9.5409e+10   67  120 8.7899e+10 9.5409e+10  8.54%  87.5 2925s
 16512  5540 infeasible   86      8.7899e+10 9.5409e+10  8.54%  87.6 2930s
 16563  5514 9.5409e+10   82   54 8.7899e+10 9.5409e+10  8.54%  87.9 2935s
 16608  5510 infeasible   71      8.7899e+10 9.5409e+10  8.54%  87.9 2940s
 16635  5502 9.5409e+10   75   61 8.7899e+10 9.5409e+10  8.54%  88.0 2945s
 16651  5511 9.5409e+10   83   89 8.7899e+10 9.5409e+10  8.54%  87.9 2952s
 16652  5512 9.5409e+10   84   79 8.7899e+10 9.5409e+10  8.54%  87.9 2959s
 16654  5513 9.5409e+10   85   94 8.7899e+10 9.5409e+10  8.54%  87.9 2960s
 16689  5514 9.5409e+10   81   46 8.7899e+10 9.5409e+10  8.54%  87.8 2965s
 16725  5482 infeasible   84      8.7899e+10 9.5409e+10  8.54%  87.8 2970s
 16758  5446 9.5409e+10   79  106 8.7899e+10 9.5409e+10  8.54%  88.0 2975s
 16800  5420 9.5409e+10   74  118 8.7899e+10 9.5409e+10  8.54%  88.5 2980s
 16830  5400 infeasible   69      8.7899e+10 9.5409e+10  8.54%  89.2 2985s
 16853  5386 9.5409e+10   66  131 8.7899e+10 9.5409e+10  8.54%  89.9 2990s
 16871  5370 infeasible   59      8.7899e+10 9.5409e+10  8.54%  90.6 2995s
 16873  5369 9.5409e+10   59  108 8.7899e+10 9.5409e+10  8.54%  90.7 3001s
 16889  5364 9.5409e+10   57  151 8.7899e+10 9.5409e+10  8.54%  91.0 3005s
 16913  5357 infeasible   62      8.7899e+10 9.5409e+10  8.54%  91.3 3010s
 16935  5350 9.5409e+10   60  121 8.7899e+10 9.5409e+10  8.54%  91.6 3015s
 16972  5334 9.5409e+10   60   85 8.7899e+10 9.5409e+10  8.54%  91.8 3020s
 16998  5325 infeasible   58      8.7899e+10 9.5409e+10  8.54%  92.0 3025s
 17023  5318 infeasible   55      8.7899e+10 9.5409e+10  8.54%  92.4 3030s
 17052  5307 infeasible   60      8.7899e+10 9.5409e+10  8.54%  92.8 3035s
 17075  5295 9.5409e+10   53  246 8.7899e+10 9.5409e+10  8.54%  93.2 3040s
 17079  5293 9.5409e+10   54  200 8.7899e+10 9.5409e+10  8.54%  93.4 3047s
 17091  5291 infeasible   55      8.7899e+10 9.5409e+10  8.54%  93.5 3050s
 17112  5283 9.5409e+10   54  192 8.7899e+10 9.5409e+10  8.54%  93.8 3055s
 17130  5277 9.5409e+10   53  166 8.7899e+10 9.5409e+10  8.54%  94.3 3060s
 17154  5267 infeasible   54      8.7899e+10 9.5409e+10  8.54%  94.5 3065s
 17170  5270 9.5409e+10   58  227 8.7899e+10 9.5409e+10  8.54%  94.8 3070s
 17174  5273 9.5409e+10   61  217 8.7899e+10 9.5409e+10  8.54%  94.8 3082s
 17186  5273 infeasible   66      8.7899e+10 9.5409e+10  8.54%  94.8 3085s
 17207  5259 9.5409e+10   60  192 8.7899e+10 9.5409e+10  8.54%  95.1 3093s
 17214  5259 infeasible   63      8.7899e+10 9.5409e+10  8.54%  95.1 3095s
 17234  5245 infeasible   60      8.7899e+10 9.5409e+10  8.54%  95.6 3100s
 17250  5237 9.5409e+10   53  334 8.7899e+10 9.5409e+10  8.54%  96.1 3105s
 17266  5232 9.5409e+10   54  363 8.7899e+10 9.5409e+10  8.54%  96.5 3110s
 17284  5224 9.5409e+10   51  273 8.7899e+10 9.5409e+10  8.54%  96.9 3115s
 17285  5225 9.5409e+10   52  220 8.7899e+10 9.5409e+10  8.54%  96.9 3121s
 17297  5219 9.5409e+10   53  277 8.7899e+10 9.5409e+10  8.54%  97.3 3125s
 17315  5213 infeasible   53      8.7899e+10 9.5409e+10  8.54%  97.7 3130s
 17325  5213 infeasible   54      8.7899e+10 9.5409e+10  8.54%  98.0 3135s
 17345  5201 infeasible   53      8.7899e+10 9.5409e+10  8.54%  98.5 3140s
 17375  5184 9.5409e+10   88  107 8.7899e+10 9.5409e+10  8.54%  98.7 3145s
 17416  5159 9.5409e+10   79   87 8.7899e+10 9.5409e+10  8.54%  98.6 3150s
 17459  5140 9.5409e+10   80  112 8.7899e+10 9.5409e+10  8.54%  98.5 3155s
 17490  5157 9.5409e+10   95  102 8.7899e+10 9.5409e+10  8.54%  98.5 3160s
 17527  5168 9.5409e+10   89   64 8.7899e+10 9.5409e+10  8.54%  98.4 3165s
 17579  5177 9.5409e+10  109   60 8.7899e+10 9.5409e+10  8.54%  98.2 3172s
 17620  5149 9.5409e+10  102  121 8.7899e+10 9.5409e+10  8.54%  98.1 3175s
 17673  5119 9.5409e+10   94  125 8.7899e+10 9.5409e+10  8.54%  98.2 3180s
 17703  5122 9.5409e+10  104   74 8.7899e+10 9.5409e+10  8.54%  98.1 3231s
 17739  5121 9.5409e+10   88   98 8.7899e+10 9.5409e+10  8.54%  98.0 3236s
 17749  5122 9.5409e+10   92   97 8.7899e+10 9.5409e+10  8.54%  98.0 3245s
 17783  5130 infeasible  113      8.7899e+10 9.5409e+10  8.54%  97.8 3250s
 17827  5107 infeasible  110      8.7899e+10 9.5409e+10  8.54%  97.7 3255s
 17898  5049 infeasible  104      8.7899e+10 9.5409e+10  8.54%  97.5 3260s
 17933  5027 9.5409e+10   87  128 8.7899e+10 9.5409e+10  8.54%  97.5 3265s
 17964  5015 9.5409e+10   87   76 8.7899e+10 9.5409e+10  8.54%  97.4 3273s
 17979  5008 infeasible   90      8.7899e+10 9.5409e+10  8.54%  97.4 3275s
 18009  4994 9.5409e+10   87   78 8.7899e+10 9.5409e+10  8.54%  97.4 3282s
 18029  4988 9.5409e+10   85   99 8.7899e+10 9.5409e+10  8.54%  97.4 3285s
 18059  5002 9.5409e+10   99   90 8.7899e+10 9.5409e+10  8.54%  97.4 3290s
 18100  5023 9.5409e+10  110   74 8.7899e+10 9.5409e+10  8.54%  97.2 3295s
 18143  5014 9.5409e+10   91   96 8.7899e+10 9.5409e+10  8.54%  97.1 3300s
 18196  4995 infeasible   96      8.7899e+10 9.5409e+10  8.54%  97.0 3305s
 18232  4992 9.5409e+10   92  144 8.7899e+10 9.5409e+10  8.54%  97.1 3310s
 18272  4979 9.5409e+10   93  142 8.7899e+10 9.5409e+10  8.54%  97.1 3315s
 18294  4969 9.5409e+10   95  176 8.7899e+10 9.5409e+10  8.54%  97.0 3323s
 18312  4951 9.5409e+10   88  130 8.7899e+10 9.5409e+10  8.54%  97.0 3325s
 18363  4933 9.5409e+10  114   90 8.7899e+10 9.5409e+10  8.54%  97.0 3330s
 18425  4910 infeasible  119      8.7899e+10 9.5409e+10  8.54%  96.8 3335s
 18492  4894 9.5409e+10  121   58 8.7899e+10 9.5409e+10  8.54%  96.6 3340s
 18552  4872 9.5409e+10  129   51 8.7899e+10 9.5409e+10  8.54%  96.4 3345s
 18613  4847 infeasible  114      8.7899e+10 9.5409e+10  8.54%  96.3 3350s
 18673  4814 9.5409e+10  107  125 8.7899e+10 9.5409e+10  8.54%  96.1 3355s
 18736  4830 infeasible  132      8.7899e+10 9.5409e+10  8.54%  95.9 3360s
 18791  4822 infeasible  116      8.7899e+10 9.5409e+10  8.54%  95.7 3365s
 18819  4807 9.5409e+10  114   59 8.7899e+10 9.5409e+10  8.54%  95.6 3388s
 18837  4803 9.5409e+10  111  101 8.7899e+10 9.5409e+10  8.54%  95.6 3390s
 18898  4758 infeasible  124      8.7899e+10 9.5409e+10  8.54%  95.5 3395s
 18909  4753 9.5409e+10  120   58 8.7899e+10 9.5409e+10  8.54%  95.4 3401s
 18956  4729 infeasible  116      8.7899e+10 9.5409e+10  8.54%  95.3 3405s
 19007  4724 9.5409e+10  120  100 8.7899e+10 9.5409e+10  8.54%  95.2 3410s
 19053  4698 9.5409e+10  117   76 8.7899e+10 9.5409e+10  8.54%  95.0 3417s
 19083  4674 9.5409e+10  105  127 8.7899e+10 9.5409e+10  8.54%  95.0 3420s
 19133  4654 9.5409e+10  105  126 8.7899e+10 9.5409e+10  8.54%  94.9 3425s
 19183  4642 9.5409e+10  111  141 8.7899e+10 9.5409e+10  8.54%  94.8 3430s
 19233  4619 infeasible  109      8.7899e+10 9.5409e+10  8.54%  94.8 3435s
 19287  4598 9.5409e+10  106   87 8.7899e+10 9.5409e+10  8.54%  94.6 3440s
 19336  4584 9.5409e+10  108  112 8.7899e+10 9.5409e+10  8.54%  94.5 3445s
 19386  4573 9.5409e+10  107  128 8.7899e+10 9.5409e+10  8.54%  94.4 3450s
 19414  4558 9.5409e+10  110   78 8.7899e+10 9.5409e+10  8.54%  94.4 3455s
 19460  4542 infeasible  105      8.7899e+10 9.5409e+10  8.54%  94.3 3460s
 19516  4521 9.5409e+10  102   81 8.7899e+10 9.5409e+10  8.54%  94.2 3465s
 19570  4494 9.5409e+10  101  121 8.7899e+10 9.5409e+10  8.54%  94.1 3470s
 19607  4485 9.5409e+10  104  100 8.7899e+10 9.5409e+10  8.54%  94.0 3476s
 19646  4469 9.5409e+10  103  106 8.7899e+10 9.5409e+10  8.54%  93.9 3480s
 19695  4446 9.5409e+10   96  113 8.7899e+10 9.5409e+10  8.54%  93.9 3485s
 19732  4443 infeasible  100      8.7899e+10 9.5409e+10  8.54%  93.8 3490s
 19771  4426 9.5409e+10  101  118 8.7899e+10 9.5409e+10  8.54%  93.8 3495s
 19797  4410 9.5409e+10   96  137 8.7899e+10 9.5409e+10  8.54%  93.9 3504s
 19806  4406 9.5409e+10   95  114 8.7899e+10 9.5409e+10  8.54%  93.8 3505s
 19841  4405 9.5409e+10   95  136 8.7899e+10 9.5409e+10  8.54%  93.8 3510s
 19882  4410 9.5409e+10  108   79 8.7899e+10 9.5409e+10  8.54%  93.8 3515s
 19934  4381 infeasible  106      8.7899e+10 9.5409e+10  8.54%  93.8 3520s
 19978  4365 infeasible  103      8.7899e+10 9.5409e+10  8.54%  93.7 3525s
 20028  4343 9.5409e+10  102  100 8.7899e+10 9.5409e+10  8.54%  93.7 3530s
 20072  4328 9.5409e+10   98  104 8.7899e+10 9.5409e+10  8.54%  93.7 3535s
 20128  4305 9.5409e+10   98  144 8.7899e+10 9.5409e+10  8.54%  93.6 3540s
 20168  4294 9.5409e+10  102  137 8.7899e+10 9.5409e+10  8.54%  93.6 3545s
 20190  4278 9.5409e+10   96  155 8.7899e+10 9.5409e+10  8.54%  93.7 3553s
 20201  4274 infeasible   98      8.7899e+10 9.5409e+10  8.54%  93.7 3555s
 20245  4259 9.5409e+10  103  139 8.7899e+10 9.5409e+10  8.54%  93.7 3560s
 20287  4245 9.5409e+10   91  163 8.7899e+10 9.5409e+10  8.54%  93.8 3565s
 20331  4230 infeasible   96      8.7899e+10 9.5409e+10  8.54%  93.7 3570s
 20371  4215 9.5409e+10   92  114 8.7899e+10 9.5409e+10  8.54%  93.7 3575s
 20410  4202 9.5409e+10   92  103 8.7899e+10 9.5409e+10  8.54%  93.7 3580s
 20443  4189 9.5409e+10   92  119 8.7899e+10 9.5409e+10  8.54%  93.7 3585s
 20488  4168 infeasible   96      8.7899e+10 9.5409e+10  8.54%  93.6 3590s
 20522  4158 9.5409e+10   90  243 8.7899e+10 9.5409e+10  8.54%  93.8 3595s

Cutting planes:
  Learned: 22
  Gomory: 38
  Lift-and-project: 2
  Cover: 2191
  Implied bound: 1760
  Projected implied bound: 13
  Clique: 28
  MIR: 22
  StrongCG: 2
  Flow cover: 375
  Inf proof: 151
  Zero half: 869
  RLT: 243
  Relax-and-lift: 201
  BQP: 22
  PSD: 4

Explored 20530 nodes (2083556 simplex iterations) in 3596.07 seconds (1744.04 work units)
Thread count was 1 (of 28 available processors)

Solution count 10: 8.78993e+10 8.67293e+10 8.58293e+10 ... 5.8557e+10

Time limit reached
Best objective 8.789928075000e+10, best bound 9.540888075000e+10, gap 8.5434%

User-callback calls 729054, time in user-callback 0.62 sec