Gurobi Optimizer version 12.0.3 build v12.0.3rc0 (linux64 - "Oracle Linux Server 9.4")

CPU model: Intel(R) Xeon(R) CPU E5-2660 v4 @ 2.00GHz, instruction set [SSE2|AVX|AVX2]
Thread count: 28 physical cores, 28 logical processors, using up to 1 threads

Non-default parameters:
TimeLimit  3593.195999722
SoftMemLimit  16
NumericFocus  1
Threads  1

Academic license 2690100 - for non-commercial use only - registered to ju___@uclm.es
Optimize a model with 110599 rows, 25371 columns and 449148 nonzeros
Model fingerprint: 0xc2ad0b5c
Variable types: 174 continuous, 25197 integer (25197 binary)
Coefficient statistics:
  Matrix range     [1e+00, 8e+12]
  Objective range  [3e+08, 1e+09]
  Bounds range     [2e+03, 1e+04]
  RHS range        [1e+00, 2e+14]
Warning: Model contains large matrix coefficient range
Warning: Model contains large objective coefficients
Warning: Model contains large rhs
Found heuristic solution: objective -0.0000000
Presolve removed 32903 rows and 4430 columns
Presolve time: 2.31s
Presolved: 77696 rows, 20941 columns, 275730 nonzeros
Variable types: 174 continuous, 20767 integer (20767 binary)

Use crossover to convert LP symmetric solution to basic solution...

Root relaxation: objective 9.255813e+10, 1696 iterations, 0.50 seconds (0.28 work units)
Total elapsed time = 12.68s (DegenMoves)

    Nodes    |    Current Node    |     Objective Bounds      |     Work
 Expl Unexpl |  Obj  Depth IntInf | Incumbent    BestBd   Gap | It/Node Time

     0     0 9.2558e+10    0  368   -0.00000 9.2558e+10      -     -   21s
H    0     0                    3.319214e+09 9.2558e+10  2689%     -   22s
H    0     0                    1.410211e+10 9.2558e+10   556%     -   22s
H    0     0                    2.205929e+10 9.2558e+10   320%     -   22s
H    0     0                    2.644497e+10 9.2558e+10   250%     -   23s
H    0     0                    2.860497e+10 9.2558e+10   224%     -   24s
H    0     0                    3.009110e+10 9.2558e+10   208%     -   24s
     0     0 9.2558e+10    0  907 3.0091e+10 9.2558e+10   208%     -   36s
H    0     0                    3.356038e+10 9.2558e+10   176%     -   38s
     0     0 9.2558e+10    0  497 3.3560e+10 9.2558e+10   176%     -   39s
     0     0 9.2558e+10    0  277 3.3560e+10 9.2558e+10   176%     -   47s
     0     0 9.2558e+10    0  277 3.3560e+10 9.2558e+10   176%     -   48s
     0     0 9.2558e+10    0  135 3.3560e+10 9.2558e+10   176%     -   59s
H    0     0                    3.786271e+10 9.2558e+10   144%     -   60s
H    0     0                    3.930124e+10 9.2558e+10   136%     -   60s
     0     0 9.2558e+10    0  324 3.9301e+10 9.2558e+10   136%     -   64s
     0     0 9.2558e+10    0  467 3.9301e+10 9.2558e+10   136%     -   74s
H    0     0                    6.218436e+10 9.2558e+10  48.8%     -   77s
H    0     0                    6.253150e+10 9.2558e+10  48.0%     -   77s
     0     0 9.2558e+10    0  548 6.2532e+10 9.2558e+10  48.0%     -   77s
     0     0 9.2558e+10    0  834 6.2532e+10 9.2558e+10  48.0%     -   91s
H    0     0                    7.375979e+10 9.2558e+10  25.5%     -   92s
H    0     0                    7.422875e+10 9.2558e+10  24.7%     -   92s
     0     0 9.2558e+10    0 1168 7.4229e+10 9.2558e+10  24.7%     -   95s
     0     0 9.2558e+10    0  954 7.4229e+10 9.2558e+10  24.7%     -  109s
     0     0 9.2558e+10    0  870 7.4229e+10 9.2558e+10  24.7%     -  113s
     0     0 9.2558e+10    0  212 7.4229e+10 9.2558e+10  24.7%     -  126s
     0     0 9.2558e+10    0  124 7.4229e+10 9.2558e+10  24.7%     -  130s
H    0     0                    7.457589e+10 9.2558e+10  24.1%     -  133s
H    0     0                    7.516665e+10 9.2558e+10  23.1%     -  135s
     0     2 9.2558e+10    0   69 7.5167e+10 9.2558e+10  23.1%     -  140s
     6     7 9.2558e+10    3   68 7.5167e+10 9.2558e+10  23.1%   341  145s
    10    11 9.2558e+10    6  447 7.5167e+10 9.2558e+10  23.1%   312  151s
    14    13 9.2558e+10    8  270 7.5167e+10 9.2558e+10  23.1%   274  156s
    17    16 9.2558e+10    9  272 7.5167e+10 9.2558e+10  23.1%   256  160s
    22    21 9.2558e+10   12  127 7.5167e+10 9.2558e+10  23.1%   226  165s
    26    25 9.2558e+10   14  130 7.5167e+10 9.2558e+10  23.1%   195  193s
    27    26 9.2558e+10   14  136 7.5167e+10 9.2558e+10  23.1%   190  196s
    30    29 9.2558e+10   16  163 7.5167e+10 9.2558e+10  23.1%   178  200s
    33    32 9.2558e+10   17  789 7.5167e+10 9.2558e+10  23.1%   250  206s
    36    35 9.2558e+10   19  438 7.5167e+10 9.2558e+10  23.1%   244  210s
    41    40 9.2558e+10   21  369 7.5167e+10 9.2558e+10  23.1%   234  215s
    46    39 infeasible   23      7.5167e+10 9.2558e+10  23.1%   216  220s
    51    42 9.2558e+10   25  391 7.5167e+10 9.2558e+10  23.1%   201  226s
    71    58 9.2558e+10   37  449 7.5167e+10 9.2558e+10  23.1%   192  230s
   102    83 9.2558e+10   52  525 7.5167e+10 9.2558e+10  23.1%   179  235s
   124   100 9.2558e+10   64  333 7.5167e+10 9.2558e+10  23.1%   174  240s
   159   128 9.2558e+10   83  261 7.5167e+10 9.2558e+10  23.1%   150  245s
   162   130 9.2558e+10   84  259 7.5167e+10 9.2558e+10  23.1%   148  256s
   173   133 9.2558e+10    6  412 7.5167e+10 9.2558e+10  23.1%   146  260s
   189   149 9.2558e+10   16  469 7.5167e+10 9.2558e+10  23.1%   143  274s
   191   149 infeasible   17      7.5167e+10 9.2558e+10  23.1%   142  275s
   227   176 9.2558e+10   36  552 7.5167e+10 9.2558e+10  23.1%   132  280s
   263   203 9.2558e+10   54  632 7.5167e+10 9.2558e+10  23.1%   123  285s
   270   207 9.2558e+10   59  628 7.5167e+10 9.2558e+10  23.1%   121  299s
   277   214 9.2558e+10   63  632 7.5167e+10 9.2558e+10  23.1%   119  300s
   300   227 infeasible   76      7.5167e+10 9.2558e+10  23.1%   115  305s
   334   247 9.2558e+10   93  574 7.5167e+10 9.2558e+10  23.1%   115  310s
   352   258 9.2558e+10  101  597 7.5167e+10 9.2558e+10  23.1%   118  328s
   364   266 9.2558e+10  108  705 7.5167e+10 9.2558e+10  23.1%   119  330s
   399   281 9.2558e+10    4  532 7.5167e+10 9.2558e+10  23.1%   117  335s
   403   285 9.2558e+10    8 1155 7.5167e+10 9.2558e+10  23.1%   121  340s
   407   289 9.2558e+10   12 1370 7.5167e+10 9.2558e+10  23.1%   124  345s
   422   304 9.2558e+10   26 1395 7.5167e+10 9.2558e+10  23.1%   128  350s
   454   336 9.2558e+10   47 1142 7.5167e+10 9.2558e+10  23.1%   132  356s
   473   355 9.2558e+10   59 1046 7.5167e+10 9.2558e+10  23.1%   141  360s
   498   379 9.2558e+10   73 1604 7.5167e+10 9.2558e+10  23.1%   151  365s
   526   407 9.2558e+10   90 1086 7.5167e+10 9.2558e+10  23.1%   163  370s
   535   412 9.2558e+10   94  978 7.5167e+10 9.2558e+10  23.1%   164  443s
   543   420 9.2558e+10   98 1010 7.5167e+10 9.2558e+10  23.1%   166  445s
   564   439 9.2558e+10  109 1038 7.5167e+10 9.2558e+10  23.1%   170  450s
   583   458 9.2558e+10  121 1119 7.5167e+10 9.2558e+10  23.1%   173  455s
   592   462 9.2558e+10   52  124 7.5167e+10 9.2558e+10  23.1%   172  476s
   594   463 9.2558e+10   60  465 7.5167e+10 9.2558e+10  23.1%   171  500s
   595   464 9.2558e+10   59  645 7.5167e+10 9.2558e+10  23.1%   171  519s
   596   465 9.2558e+10   99  681 7.5167e+10 9.2558e+10  23.1%   171  526s
   597   465 9.2558e+10  115  166 7.5167e+10 9.2558e+10  23.1%   171  546s
   599   467 9.2558e+10    2   62 7.5167e+10 9.2558e+10  23.1%   170  559s
   600   467 9.2558e+10   29  110 7.5167e+10 9.2558e+10  23.1%   170  560s
H  600   443                    7.575741e+10 9.2558e+10  22.2%   170  569s
   602   445 9.2558e+10  112  111 7.5757e+10 9.2558e+10  22.2%   169  570s
   603   445 9.2558e+10   33  146 7.5757e+10 9.2558e+10  22.2%   169  593s
   605   447 9.2558e+10  116   90 7.5757e+10 9.2558e+10  22.2%   168  625s
H  606   424                    8.438351e+10 9.2558e+10  9.69%   168  643s
H  606   403                    8.450044e+10 9.2558e+10  9.54%   168  645s
   609   405 9.2558e+10   13  130 8.4500e+10 9.2558e+10  9.54%   167  674s
   610   406 9.2558e+10   34  163 8.4500e+10 9.2558e+10  9.54%   167  675s
   611   407 9.2558e+10   43  167 8.4500e+10 9.2558e+10  9.54%   167  692s
   613   408 9.2558e+10   67   91 8.4500e+10 9.2558e+10  9.54%   166  721s
   614   409 9.2558e+10    2   76 8.4500e+10 9.2558e+10  9.54%   166  726s
   615   409 9.2558e+10  125   76 8.4500e+10 9.2558e+10  9.54%   166  731s
   616   412 9.2558e+10   14  463 8.4500e+10 9.2558e+10  9.54%   702  742s
   619   414 9.2558e+10   16  579 8.4500e+10 9.2558e+10  9.54%   700  746s
   621   415 9.2558e+10   17  742 8.4500e+10 9.2558e+10  9.54%   702  751s
   626   419 9.2558e+10   21  755 8.4500e+10 9.2558e+10  9.54%   698  756s
   629   421 9.2558e+10   23  755 8.4500e+10 9.2558e+10  9.54%   697  760s
   632   423 9.2558e+10   25  951 8.4500e+10 9.2558e+10  9.54%   696  766s
   633   423 9.2558e+10   25  793 8.4500e+10 9.2558e+10  9.54%   696  771s
   635   425 9.2558e+10   26  936 8.4500e+10 9.2558e+10  9.54%   695  776s
   637   426 9.2558e+10   27  829 8.4500e+10 9.2558e+10  9.54%   694  781s
   639   427 9.2558e+10   28  978 8.4500e+10 9.2558e+10  9.54%   694  786s
   641   429 9.2558e+10   29  972 8.4500e+10 9.2558e+10  9.54%   693  866s
   643   430 9.2558e+10   30  528 8.4500e+10 9.2558e+10  9.54%   692  871s
   646   428 infeasible   32      8.4500e+10 9.2558e+10  9.54%   691  875s
   648   429 9.2558e+10   33  562 8.4500e+10 9.2558e+10  9.54%   689  880s
   650   429 9.2558e+10   34  871 8.4500e+10 9.2558e+10  9.54%   689  885s
   653   431 9.2558e+10   35 1089 8.4500e+10 9.2558e+10  9.54%   689  893s
   654   431 9.2558e+10   36  803 8.4500e+10 9.2558e+10  9.54%   688  896s
   656   432 9.2558e+10   37  807 8.4500e+10 9.2558e+10  9.54%   688  901s
   658   433 9.2558e+10   38 1089 8.4500e+10 9.2558e+10  9.54%   688  908s
   659   434 9.2558e+10   39 1088 8.4500e+10 9.2558e+10  9.54%   687  910s
   661   435 9.2558e+10   41  980 8.4500e+10 9.2558e+10  9.54%   685  916s
   662   436 9.2558e+10   41  818 8.4500e+10 9.2558e+10  9.54%   686  921s
   663   436 9.2558e+10   42 1016 8.4500e+10 9.2558e+10  9.54%   686  926s
   664   437 9.2558e+10   42 1071 8.4500e+10 9.2558e+10  9.54%   687  930s
   666   438 9.2558e+10   43 1358 8.4500e+10 9.2558e+10  9.54%   688  937s
   667   439 9.2558e+10   44  982 8.4500e+10 9.2558e+10  9.54%   687  940s
   668   440 9.2558e+10   44 1002 8.4500e+10 9.2558e+10  9.54%   688  945s
   670   441 9.2558e+10   45  775 8.4500e+10 9.2558e+10  9.54%   687  954s
   671   442 9.2558e+10   46  775 8.4500e+10 9.2558e+10  9.54%   686  956s
   673   443 9.2558e+10   47 1027 8.4500e+10 9.2558e+10  9.54%   687  964s
   674   444 9.2558e+10   47  742 8.4500e+10 9.2558e+10  9.54%   686  966s
   676   445 9.2558e+10   48  745 8.4500e+10 9.2558e+10  9.54%   684  971s
   678   446 9.2558e+10   49  745 8.4500e+10 9.2558e+10  9.54%   682  975s
   681   448 9.2558e+10   51  726 8.4500e+10 9.2558e+10  9.54%   680  982s
   683   450 9.2558e+10   52  724 8.4500e+10 9.2558e+10  9.54%   680  994s
   684   450 9.2558e+10   52  724 8.4500e+10 9.2558e+10  9.54%   679  996s
   686   452 9.2558e+10   53  709 8.4500e+10 9.2558e+10  9.54%   677 1000s
   688   453 9.2558e+10   54  710 8.4500e+10 9.2558e+10  9.54%   675 1005s
   690   454 9.2558e+10   55  711 8.4500e+10 9.2558e+10  9.54%   673 1016s
   692   454 9.2558e+10   56  685 8.4500e+10 9.2558e+10  9.54%   672 1020s
   695   456 9.2558e+10   57  669 8.4500e+10 9.2558e+10  9.54%   669 1028s
   696   456 9.2558e+10   58  685 8.4500e+10 9.2558e+10  9.54%   668 1032s
   698   456 9.2558e+10   59  655 8.4500e+10 9.2558e+10  9.54%   666 1035s
   699   456 9.2558e+10   59  678 8.4500e+10 9.2558e+10  9.54%   665 1040s
   702   456 9.2558e+10   60  676 8.4500e+10 9.2558e+10  9.54%   662 1046s
   704   457 9.2558e+10   62  678 8.4500e+10 9.2558e+10  9.54%   661 1050s
   706   458 9.2558e+10   63  680 8.4500e+10 9.2558e+10  9.54%   659 1056s
   708   458 9.2558e+10   64  828 8.4500e+10 9.2558e+10  9.54%   657 1063s
   709   459 9.2558e+10   65  683 8.4500e+10 9.2558e+10  9.54%   656 1065s
   710   460 9.2558e+10   66  721 8.4500e+10 9.2558e+10  9.54%   656 1070s
   712   460 9.2558e+10   67  718 8.4500e+10 9.2558e+10  9.54%   654 1075s
   715   462 9.2558e+10   69  754 8.4500e+10 9.2558e+10  9.54%   653 1084s
   716   463 9.2558e+10   69  709 8.4500e+10 9.2558e+10  9.54%   652 1086s
   718   464 9.2558e+10   70  697 8.4500e+10 9.2558e+10  9.54%   651 1093s
   719   464 9.2558e+10   71  704 8.4500e+10 9.2558e+10  9.54%   651 1095s
   721   465 9.2558e+10   72  705 8.4500e+10 9.2558e+10  9.54%   649 1101s
   723   465 9.2558e+10   73  658 8.4500e+10 9.2558e+10  9.54%   647 1109s
   724   466 9.2558e+10   74  697 8.4500e+10 9.2558e+10  9.54%   646 1111s
   726   467 9.2558e+10   75  716 8.4500e+10 9.2558e+10  9.54%   645 1116s
   729   469 9.2558e+10   76  680 8.4500e+10 9.2558e+10  9.54%   644 1122s
   731   469 9.2558e+10   77  672 8.4500e+10 9.2558e+10  9.54%   643 1126s
   734   471 9.2558e+10   79  672 8.4500e+10 9.2558e+10  9.54%   640 1131s
   737   470 9.2558e+10   81  670 8.4500e+10 9.2558e+10  9.54%   637 1135s
   741   468 infeasible   83      8.4500e+10 9.2558e+10  9.54%   634 1140s
   743   470 9.2558e+10   84  670 8.4500e+10 9.2558e+10  9.54%   633 1145s
   745   471 9.2558e+10   85  744 8.4500e+10 9.2558e+10  9.54%   631 1150s
   749   470 9.2558e+10   87  746 8.4500e+10 9.2558e+10  9.54%   628 1157s
   750   470 9.2558e+10   88  744 8.4500e+10 9.2558e+10  9.54%   627 1160s
   754   468 9.2558e+10   90  738 8.4500e+10 9.2558e+10  9.54%   624 1166s
   756   469 9.2558e+10   91  737 8.4500e+10 9.2558e+10  9.54%   623 1170s
   758   469 9.2558e+10   92  621 8.4500e+10 9.2558e+10  9.54%   622 1183s
   759   469 9.2558e+10   92  737 8.4500e+10 9.2558e+10  9.54%   621 1186s
   761   470 9.2558e+10   94  621 8.4500e+10 9.2558e+10  9.54%   620 1190s
   764   472 9.2558e+10   96  608 8.4500e+10 9.2558e+10  9.54%   617 1196s
   768   470 9.2558e+10   98  602 8.4500e+10 9.2558e+10  9.54%   614 1201s
   770   472 9.2558e+10   99  644 8.4500e+10 9.2558e+10  9.54%   613 1206s
   773   472 9.2558e+10  101  598 8.4500e+10 9.2558e+10  9.54%   610 1211s
   775   473 9.2558e+10  102  585 8.4500e+10 9.2558e+10  9.54%   609 1216s
   777   473 9.2558e+10  103  573 8.4500e+10 9.2558e+10  9.54%   608 1224s
   778   474 9.2558e+10  103  585 8.4500e+10 9.2558e+10  9.54%   607 1225s
   780   475 9.2558e+10  105  626 8.4500e+10 9.2558e+10  9.54%   606 1231s
   782   477 9.2558e+10  106  521 8.4500e+10 9.2558e+10  9.54%   604 1238s
   783   477 9.2558e+10  106  547 8.4500e+10 9.2558e+10  9.54%   604 1240s
   784   478 9.2558e+10  107  528 8.4500e+10 9.2558e+10  9.54%   603 1251s
   785   479 9.2558e+10  107  566 8.4500e+10 9.2558e+10  9.54%   603 1256s
   788   481 9.2558e+10  109  524 8.4500e+10 9.2558e+10  9.54%   601 1260s
   791   483 9.2558e+10  110  562 8.4500e+10 9.2558e+10  9.54%   599 1265s
   796   486 9.2558e+10  113  440 8.4500e+10 9.2558e+10  9.54%   595 1270s
   800   489 9.2558e+10  115  518 8.4500e+10 9.2558e+10  9.54%   592 1276s
   804   491 9.2558e+10  117  438 8.4500e+10 9.2558e+10  9.54%   589 1294s
   805   492 9.2558e+10  117  472 8.4500e+10 9.2558e+10  9.54%   588 1295s
   810   495 9.2558e+10  120  436 8.4500e+10 9.2558e+10  9.54%   585 1300s
   816   498 9.2558e+10  123  434 8.4500e+10 9.2558e+10  9.54%   581 1305s
   822   502 9.2558e+10  126  512 8.4500e+10 9.2558e+10  9.54%   577 1310s
   831   504 9.2558e+10  131  557 8.4500e+10 9.2558e+10  9.54%   571 1316s
   838   507 9.2558e+10  134  514 8.4500e+10 9.2558e+10  9.54%   566 1320s
   848   507 9.2558e+10  139  489 8.4500e+10 9.2558e+10  9.54%   560 1325s
   854   507 9.2558e+10  143  502 8.4500e+10 9.2558e+10  9.54%   556 1330s
   859   505 9.2558e+10  145  500 8.4500e+10 9.2558e+10  9.54%   554 1343s
   861   506 9.2558e+10  147  564 8.4500e+10 9.2558e+10  9.54%   552 1345s
   865   508 9.2558e+10  149  506 8.4500e+10 9.2558e+10  9.54%   551 1350s
   867   508 9.2558e+10  150  502 8.4500e+10 9.2558e+10  9.54%   550 1356s
   869   510 9.2558e+10  152  509 8.4500e+10 9.2558e+10  9.54%   549 1360s
   874   509 9.2558e+10  155  544 8.4500e+10 9.2558e+10  9.54%   546 1367s
   879   509 9.2558e+10  159  533 8.4500e+10 9.2558e+10  9.54%   543 1370s
   882   511 9.2558e+10  161  525 8.4500e+10 9.2558e+10  9.54%   542 1376s
   885   512 9.2558e+10  163  514 8.4500e+10 9.2558e+10  9.54%   540 1382s
   886   513 9.2558e+10  163  561 8.4500e+10 9.2558e+10  9.54%   540 1393s
   888   514 9.2558e+10  164  510 8.4500e+10 9.2558e+10  9.54%   539 1395s
   896   515 9.2558e+10  168  508 8.4500e+10 9.2558e+10  9.54%   534 1400s
   901   515 9.2558e+10  171  506 8.4500e+10 9.2558e+10  9.54%   532 1405s
   912   512 infeasible  177      8.4500e+10 9.2558e+10  9.54%   526 1410s
   914   512 9.2558e+10   14   51 8.4500e+10 9.2558e+10  9.54%   525 1442s
   916   513 9.2558e+10   16  277 8.4500e+10 9.2558e+10  9.54%   524 1446s
   918   514 9.2558e+10   18  276 8.4500e+10 9.2558e+10  9.54%   523 1450s
   921   516 9.2558e+10   21  389 8.4500e+10 9.2558e+10  9.54%   522 1455s
   923   518 9.2558e+10   22  233 8.4500e+10 9.2558e+10  9.54%   522 1460s
   926   520 9.2558e+10   24  492 8.4500e+10 9.2558e+10  9.54%   521 1467s
   928   521 9.2558e+10   25  474 8.4500e+10 9.2558e+10  9.54%   522 1472s
   929   522 9.2558e+10   26  386 8.4500e+10 9.2558e+10  9.54%   522 1475s
   931   523 9.2558e+10   28  348 8.4500e+10 9.2558e+10  9.54%   521 1482s
   932   524 9.2558e+10   29  350 8.4500e+10 9.2558e+10  9.54%   520 1486s
   934   525 9.2558e+10   30  483 8.4500e+10 9.2558e+10  9.54%   519 1491s
   936   526 9.2558e+10   31  337 8.4500e+10 9.2558e+10  9.54%   518 1497s
   937   527 9.2558e+10   31 1126 8.4500e+10 9.2558e+10  9.54%   520 1500s
   939   528 9.2558e+10   32  340 8.4500e+10 9.2558e+10  9.54%   519 1507s
   940   529 9.2558e+10   33 1169 8.4500e+10 9.2558e+10  9.54%   521 1510s
   941   530 9.2558e+10   33 1203 8.4500e+10 9.2558e+10  9.54%   525 1517s
   942   530 9.2558e+10   34 1145 8.4500e+10 9.2558e+10  9.54%   524 1520s
   944   532 9.2558e+10   36 1128 8.4500e+10 9.2558e+10  9.54%   523 1525s
   946   533 9.2558e+10   38 1098 8.4500e+10 9.2558e+10  9.54%   522 1530s
   948   534 9.2558e+10   40 1065 8.4500e+10 9.2558e+10  9.54%   521 1535s
   950   536 9.2558e+10   42 1051 8.4500e+10 9.2558e+10  9.54%   520 1540s
   952   537 9.2558e+10   43 1043 8.4500e+10 9.2558e+10  9.54%   521 1547s
   954   538 9.2558e+10   44 1169 8.4500e+10 9.2558e+10  9.54%   522 1554s
   955   539 9.2558e+10   45  909 8.4500e+10 9.2558e+10  9.54%   522 1557s
   956   540 9.2558e+10   45 1181 8.4500e+10 9.2558e+10  9.54%   523 1563s
   957   540 9.2558e+10   46  877 8.4500e+10 9.2558e+10  9.54%   523 1565s
   959   542 9.2558e+10   47  913 8.4500e+10 9.2558e+10  9.54%   523 1570s
   961   543 9.2558e+10   48  801 8.4500e+10 9.2558e+10  9.54%   523 1575s
   963   544 9.2558e+10   49 1027 8.4500e+10 9.2558e+10  9.54%   523 1582s
   964   545 9.2558e+10   50 1116 8.4500e+10 9.2558e+10  9.54%   524 1585s
   967   547 9.2558e+10   52  792 8.4500e+10 9.2558e+10  9.54%   523 1591s
   968   548 9.2558e+10   52  773 8.4500e+10 9.2558e+10  9.54%   522 1596s
   970   549 9.2558e+10   53 1101 8.4500e+10 9.2558e+10  9.54%   522 1600s
   972   550 9.2558e+10   54  805 8.4500e+10 9.2558e+10  9.54%   521 1605s
   975   552 9.2558e+10   56  759 8.4500e+10 9.2558e+10  9.54%   520 1611s
   977   554 9.2558e+10   57  816 8.4500e+10 9.2558e+10  9.54%   521 1615s
   979   555 9.2558e+10   58  642 8.4500e+10 9.2558e+10  9.54%   520 1634s
   980   556 9.2558e+10   58  690 8.4500e+10 9.2558e+10  9.54%   519 1637s
   983   556 9.2558e+10   60  671 8.4500e+10 9.2558e+10  9.54%   518 1641s
   985   557 9.2558e+10   61  637 8.4500e+10 9.2558e+10  9.54%   518 1645s
   987   558 9.2558e+10   62 1078 8.4500e+10 9.2558e+10  9.54%   518 1650s
   990   558 9.2558e+10   64  708 8.4500e+10 9.2558e+10  9.54%   517 1655s
   994   557 9.2558e+10   66  742 8.4500e+10 9.2558e+10  9.54%   515 1660s
   996   558 9.2558e+10   68  776 8.4500e+10 9.2558e+10  9.54%   514 1665s
  1000   557 9.2558e+10   70  844 8.4500e+10 9.2558e+10  9.54%   512 1671s
  1003   555 9.2558e+10   71  810 8.4500e+10 9.2558e+10  9.54%   511 1675s
  1007   554 9.2558e+10   73  810 8.4500e+10 9.2558e+10  9.54%   510 1680s
  1010   556 9.2558e+10   76  897 8.4500e+10 9.2558e+10  9.54%   509 1686s
  1012   557 9.2558e+10   77 1073 8.4500e+10 9.2558e+10  9.54%   508 1690s
  1015   557 9.2558e+10   79  904 8.4500e+10 9.2558e+10  9.54%   507 1695s
  1017   558 9.2558e+10   80  903 8.4500e+10 9.2558e+10  9.54%   506 1700s
  1021   559 9.2558e+10   82  903 8.4500e+10 9.2558e+10  9.54%   505 1706s
  1023   560 9.2558e+10   83 1175 8.4500e+10 9.2558e+10  9.54%   505 1711s
  1025   562 9.2558e+10   84  901 8.4500e+10 9.2558e+10  9.54%   504 1716s
  1028   560 9.2558e+10   85  908 8.4500e+10 9.2558e+10  9.54%   503 1720s
  1030   561 9.2558e+10   86  921 8.4500e+10 9.2558e+10  9.54%   502 1725s
  1033   563 9.2558e+10   88  973 8.4500e+10 9.2558e+10  9.54%   501 1730s
  1036   563 9.2558e+10   90  917 8.4500e+10 9.2558e+10  9.54%   500 1735s
  1039   565 9.2558e+10   91  745 8.4500e+10 9.2558e+10  9.54%   500 1741s
  1041   566 9.2558e+10   92  997 8.4500e+10 9.2558e+10  9.54%   500 1748s
  1042   567 9.2558e+10   93  781 8.4500e+10 9.2558e+10  9.54%   499 1750s
  1043   568 9.2558e+10   93 1060 8.4500e+10 9.2558e+10  9.54%   500 1755s
  1046   570 9.2558e+10   95  749 8.4500e+10 9.2558e+10  9.54%   499 1760s
  1048   570 9.2558e+10   96  892 8.4500e+10 9.2558e+10  9.54%   500 1765s
  1049   571 9.2558e+10   96  749 8.4500e+10 9.2558e+10  9.54%   499 1770s
  1052   573 9.2558e+10   98 1074 8.4500e+10 9.2558e+10  9.54%   499 1776s
  1054   574 9.2558e+10   99  790 8.4500e+10 9.2558e+10  9.54%   498 1780s
  1057   576 9.2558e+10  100  834 8.4500e+10 9.2558e+10  9.54%   498 1786s
  1059   577 9.2558e+10  101  690 8.4500e+10 9.2558e+10  9.54%   497 1790s
  1062   579 9.2558e+10  103  839 8.4500e+10 9.2558e+10  9.54%   496 1796s
  1064   581 9.2558e+10  104  940 8.4500e+10 9.2558e+10  9.54%   496 1800s
  1067   583 9.2558e+10  105  872 8.4500e+10 9.2558e+10  9.54%   495 1806s
  1069   584 9.2558e+10  106  840 8.4500e+10 9.2558e+10  9.54%   495 1810s
  1071   585 9.2558e+10  107  813 8.4500e+10 9.2558e+10  9.54%   494 1816s
  1073   587 9.2558e+10  108  698 8.4500e+10 9.2558e+10  9.54%   494 1820s
  1076   589 9.2558e+10  110  887 8.4500e+10 9.2558e+10  9.54%   493 1827s
  1078   590 9.2558e+10  111  700 8.4500e+10 9.2558e+10  9.54%   492 1831s
  1080   591 9.2558e+10  112  921 8.4500e+10 9.2558e+10  9.54%   492 1835s
  1083   593 9.2558e+10  113  873 8.4500e+10 9.2558e+10  9.54%   492 1842s
  1085   595 9.2558e+10  114  695 8.4500e+10 9.2558e+10  9.54%   491 1846s
  1087   596 9.2558e+10  115 1119 8.4500e+10 9.2558e+10  9.54%   491 1850s
  1088   597 9.2024e+10  116  930 8.4500e+10 9.2558e+10  9.54%   499 1867s
  1090   598 9.2558e+10  117  727 8.4500e+10 9.2558e+10  9.54%   498 1871s
  1093   598 9.2558e+10  118  727 8.4500e+10 9.2558e+10  9.54%   497 1876s
  1095   599 9.2558e+10  119  966 8.4500e+10 9.2558e+10  9.54%   497 1880s
  1097   601 9.2558e+10  120  976 8.4500e+10 9.2558e+10  9.54%   497 1886s
  1099   602 9.2558e+10  122  922 8.4500e+10 9.2558e+10  9.54%   496 1890s
  1102   604 9.2558e+10  124  891 8.4500e+10 9.2558e+10  9.54%   495 1895s
  1103   605 9.2558e+10  125  995 8.4500e+10 9.2558e+10  9.54%   495 1900s
  1106   607 9.2558e+10  126  958 8.4500e+10 9.2558e+10  9.54%   494 1907s
  1108   608 9.2558e+10  127 1411 8.4500e+10 9.2558e+10  9.54%   493 1913s
  1109   609 9.2558e+10  128  972 8.4500e+10 9.2558e+10  9.54%   493 1916s
  1110   609 9.2558e+10  128  954 8.4500e+10 9.2558e+10  9.54%   493 1920s
  1112   611 9.2558e+10  129 1304 8.4500e+10 9.2558e+10  9.54%   492 1925s
  1114   612 9.2558e+10  130  953 8.4500e+10 9.2558e+10  9.54%   493 1931s
  1116   613 9.2558e+10  131  846 8.4500e+10 9.2558e+10  9.54%   493 1938s
  1117   614 9.2558e+10  132  884 8.4500e+10 9.2558e+10  9.54%   494 1942s
  1119   615 9.2558e+10  133  884 8.4500e+10 9.2558e+10  9.54%   493 1947s
  1121   617 9.2558e+10  135  808 8.4500e+10 9.2558e+10  9.54%   492 1951s
  1123   618 9.2558e+10  137  805 8.4500e+10 9.2558e+10  9.54%   491 1955s
  1125   619 9.2558e+10  138 1011 8.4500e+10 9.2558e+10  9.54%   492 1961s
  1127   621 9.2558e+10  139  802 8.4500e+10 9.2558e+10  9.54%   491 1965s
  1129   622 9.2558e+10  140 1164 8.4500e+10 9.2558e+10  9.54%   491 1972s
  1130   623 9.2558e+10  140  801 8.4500e+10 9.2558e+10  9.54%   490 1982s
  1132   624 9.2558e+10  141 1167 8.4500e+10 9.2558e+10  9.54%   490 1987s
  1134   625 9.2558e+10  142  835 8.4500e+10 9.2558e+10  9.54%   489 1991s
  1137   627 9.2558e+10  144  814 8.4500e+10 9.2558e+10  9.54%   488 2003s
  1139   627 9.2558e+10  145  834 8.4500e+10 9.2558e+10  9.54%   487 2007s
  1141   628 9.2558e+10  146  817 8.4500e+10 9.2558e+10  9.54%   486 2011s
  1142   629 9.2558e+10  146  737 8.4500e+10 9.2558e+10  9.54%   486 2015s
  1146   627 9.2558e+10  148  763 8.4500e+10 9.2558e+10  9.54%   485 2029s
  1147   628 9.2558e+10  149  736 8.4500e+10 9.2558e+10  9.54%   485 2033s
  1148   629 9.2558e+10  149  746 8.4500e+10 9.2558e+10  9.54%   485 2035s
  1150   630 9.2558e+10  150  740 8.4500e+10 9.2558e+10  9.54%   484 2040s
  1153   632 9.2558e+10  152  768 8.4500e+10 9.2558e+10  9.54%   483 2047s
  1155   633 9.2558e+10  153  764 8.4500e+10 9.2558e+10  9.54%   482 2050s
  1158   632 9.2558e+10  155  747 8.4500e+10 9.2558e+10  9.54%   481 2067s
  1160   633 9.2558e+10  156  790 8.4500e+10 9.2558e+10  9.54%   481 2071s
  1162   634 9.2558e+10  157  799 8.4500e+10 9.2558e+10  9.54%   480 2076s
  1164   635 9.2558e+10  158  783 8.4500e+10 9.2558e+10  9.54%   479 2080s
  1166   637 9.2558e+10  159  776 8.4500e+10 9.2558e+10  9.54%   479 2085s
  1169   639 9.2558e+10  161  890 8.4500e+10 9.2558e+10  9.54%   479 2090s
  1172   641 9.2558e+10  163  892 8.4500e+10 9.2558e+10  9.54%   478 2096s
  1174   642 9.2558e+10  164 1041 8.4500e+10 9.2558e+10  9.54%   478 2102s
  1175   643 9.2558e+10  164  864 8.4500e+10 9.2558e+10  9.54%   479 2105s
  1178   645 9.2558e+10  166  861 8.4500e+10 9.2558e+10  9.54%   477 2110s
  1180   646 9.2558e+10  167  994 8.4500e+10 9.2558e+10  9.54%   477 2115s
  1183   648 9.2558e+10  168 1106 8.4500e+10 9.2558e+10  9.54%   477 2121s
  1185   649 9.2558e+10  169  858 8.4500e+10 9.2558e+10  9.54%   477 2133s
  1186   650 9.2558e+10  170  857 8.4500e+10 9.2558e+10  9.54%   476 2135s
  1189   650 9.2558e+10  171  854 8.4500e+10 9.2558e+10  9.54%   476 2140s
  1191   651 9.2558e+10  172 1055 8.4500e+10 9.2558e+10  9.54%   475 2145s
  1194   653 9.2558e+10  174  887 8.4500e+10 9.2558e+10  9.54%   475 2150s
  1197   653 9.2558e+10  175  885 8.4500e+10 9.2558e+10  9.54%   474 2155s
  1200   655 9.2558e+10  177  851 8.4500e+10 9.2558e+10  9.54%   473 2161s
  1203   657 9.2558e+10  178  845 8.4500e+10 9.2558e+10  9.54%   471 2166s
  1207   656 9.2558e+10  180 1029 8.4500e+10 9.2558e+10  9.54%   471 2173s
  1208   657 9.2558e+10  180  976 8.4500e+10 9.2558e+10  9.54%   471 2176s
  1210   658 9.2558e+10  181  840 8.4500e+10 9.2558e+10  9.54%   471 2181s
  1212   659 9.2558e+10  183  835 8.4500e+10 9.2558e+10  9.54%   470 2190s
  1214   661 9.2558e+10  184  805 8.4500e+10 9.2558e+10  9.54%   470 2195s
  1217   663 9.2558e+10  186  835 8.4500e+10 9.2558e+10  9.54%   470 2203s
  1218   663 9.2558e+10  186  827 8.4500e+10 9.2558e+10  9.54%   470 2206s
  1221   663 9.2558e+10  188  785 8.4500e+10 9.2558e+10  9.54%   469 2213s
  1222   664 9.2558e+10  188  814 8.4500e+10 9.2558e+10  9.54%   468 2217s
  1224   665 9.2558e+10  189  782 8.4500e+10 9.2558e+10  9.54%   468 2221s
  1226   667 9.2558e+10  191  710 8.4500e+10 9.2558e+10  9.54%   468 2226s
  1230   665 9.2558e+10  193  710 8.4500e+10 9.2558e+10  9.54%   466 2232s
  1233   663 9.2558e+10  194  708 8.4500e+10 9.2558e+10  9.54%   465 2236s
  1235   665 9.2558e+10  195  719 8.4500e+10 9.2558e+10  9.54%   465 2240s
  1237   666 9.2558e+10  196  663 8.4500e+10 9.2558e+10  9.54%   464 2246s
  1240   664 infeasible  198      8.4500e+10 9.2558e+10  9.54%   463 2250s
  1241   665 9.2558e+10  198  692 8.4500e+10 9.2558e+10  9.54%   463 2255s
  1243   666 9.2558e+10  199  763 8.4500e+10 9.2558e+10  9.54%   462 2262s
  1244   667 9.2558e+10  200  764 8.4500e+10 9.2558e+10  9.54%   462 2267s
  1246   668 9.2558e+10  201  762 8.4500e+10 9.2558e+10  9.54%   462 2273s
  1247   669 9.2558e+10  201  653 8.4500e+10 9.2558e+10  9.54%   461 2275s
  1251   667 9.2558e+10  203  689 8.4500e+10 9.2558e+10  9.54%   460 2280s
  1255   668 9.2558e+10  205  729 8.4500e+10 9.2558e+10  9.54%   459 2286s
  1257   669 9.2558e+10  206  683 8.4500e+10 9.2558e+10  9.54%   458 2291s
  1260   668 9.2558e+10  207  681 8.4500e+10 9.2558e+10  9.54%   457 2295s
  1263   670 9.2558e+10  209  730 8.4500e+10 9.2558e+10  9.54%   457 2321s
  1266   670 9.2558e+10  211  682 8.4500e+10 9.2558e+10  9.54%   455 2325s
  1268   672 9.2558e+10  212  665 8.4500e+10 9.2558e+10  9.54%   455 2339s
  1269   672 9.2558e+10  212  688 8.4500e+10 9.2558e+10  9.54%   455 2344s
  1270   673 9.2558e+10  213  749 8.4500e+10 9.2558e+10  9.54%   455 2355s
  1272   672 9.2558e+10  214  703 8.4500e+10 9.2558e+10  9.54%   455 2362s
  1274   674 9.2558e+10  215  663 8.4500e+10 9.2558e+10  9.54%   455 2366s
  1276   675 9.2558e+10  216  654 8.4500e+10 9.2558e+10  9.54%   454 2371s
  1278   676 9.2558e+10  217  603 8.4500e+10 9.2558e+10  9.54%   454 2375s
  1280   676 9.2558e+10  218  653 8.4500e+10 9.2558e+10  9.54%   454 2380s
  1285   669 infeasible  217      8.4500e+10 9.2558e+10  9.54%   452 2385s
  1288   667 9.2558e+10   15  219 8.4500e+10 9.2558e+10  9.54%   452 2390s
  1290   668 9.2558e+10   17  415 8.4500e+10 9.2558e+10  9.54%   452 2397s
  1292   670 9.2558e+10   19  416 8.4500e+10 9.2558e+10  9.54%   451 2401s
  1294   671 9.2558e+10   21  410 8.4500e+10 9.2558e+10  9.54%   450 2405s
  1295   672 9.2558e+10   22  410 8.4500e+10 9.2558e+10  9.54%   450 2460s
  1298   674 9.2558e+10   25  434 8.4500e+10 9.2558e+10  9.54%   449 2466s
  1300   675 9.2558e+10   26  881 8.4500e+10 9.2558e+10  9.54%   450 2470s
  1303   677 9.2558e+10   27  468 8.4500e+10 9.2558e+10  9.54%   449 2477s
  1305   678 9.2558e+10   28  366 8.4500e+10 9.2558e+10  9.54%   449 2481s
  1307   680 9.2558e+10   29  464 8.4500e+10 9.2558e+10  9.54%   448 2485s
  1309   681 9.2558e+10   31  519 8.4500e+10 9.2558e+10  9.54%   448 2490s
  1311   682 9.2558e+10   32  405 8.4500e+10 9.2558e+10  9.54%   447 2496s
  1313   684 9.2558e+10   33  395 8.4500e+10 9.2558e+10  9.54%   447 2501s
  1315   685 9.2558e+10   34  381 8.4500e+10 9.2558e+10  9.54%   446 2507s
  1317   686 9.2558e+10   35  515 8.4500e+10 9.2558e+10  9.54%   446 2511s
  1319   688 9.2558e+10   36  513 8.4500e+10 9.2558e+10  9.54%   445 2515s
  1321   689 9.2558e+10   37  459 8.4500e+10 9.2558e+10  9.54%   445 2520s
  1322   690 9.2558e+10   38  552 8.4500e+10 9.2558e+10  9.54%   444 2531s
  1324   691 9.2558e+10   40  448 8.4500e+10 9.2558e+10  9.54%   444 2536s
  1326   692 9.2558e+10   41  443 8.4500e+10 9.2558e+10  9.54%   444 2540s
  1328   694 9.2558e+10   42  382 8.4500e+10 9.2558e+10  9.54%   443 2545s
  1331   696 9.2558e+10   45  497 8.4500e+10 9.2558e+10  9.54%   444 2552s
  1333   697 9.2558e+10   47  411 8.4500e+10 9.2558e+10  9.54%   443 2556s
  1335   698 9.2558e+10   48  407 8.4500e+10 9.2558e+10  9.54%   443 2560s
  1337   700 9.2558e+10   49  369 8.4500e+10 9.2558e+10  9.54%   442 2565s
  1339   701 9.2558e+10   50  329 8.4500e+10 9.2558e+10  9.54%   442 2571s
  1341   702 9.2558e+10   51  381 8.4500e+10 9.2558e+10  9.54%   442 2575s
  1344   704 9.2558e+10   53  332 8.4500e+10 9.2558e+10  9.54%   441 2581s
  1347   704 9.2558e+10   54  294 8.4500e+10 9.2558e+10  9.54%   440 2586s
  1349   706 9.2558e+10   56  350 8.4500e+10 9.2558e+10  9.54%   440 2600s
  1352   708 9.2558e+10   57  349 8.4500e+10 9.2558e+10  9.54%   440 2606s
  1354   709 9.2558e+10   58  269 8.4500e+10 9.2558e+10  9.54%   439 2610s
  1357   711 9.2558e+10   60  264 8.4500e+10 9.2558e+10  9.54%   439 2615s
  1360   713 9.2558e+10   61  265 8.4500e+10 9.2558e+10  9.54%   438 2621s
  1362   714 9.2558e+10   63  270 8.4500e+10 9.2558e+10  9.54%   437 2625s
  1365   716 9.2558e+10   64  270 8.4500e+10 9.2558e+10  9.54%   437 2631s
  1367   718 9.2558e+10   65  288 8.4500e+10 9.2558e+10  9.54%   436 2635s
  1369   719 9.2558e+10   66  300 8.4500e+10 9.2558e+10  9.54%   436 2640s
  1374   718 9.2558e+10   68  343 8.4500e+10 9.2558e+10  9.54%   435 2647s
  1376   720 9.2558e+10   69  505 8.4500e+10 9.2558e+10  9.54%   435 2660s
  1377   720 9.2558e+10   70  823 8.4500e+10 9.2558e+10  9.54%   436 2691s
  1380   722 9.2558e+10   71  412 8.4500e+10 9.2558e+10  9.54%   435 2696s
  1383   724 9.2558e+10   73  343 8.4500e+10 9.2558e+10  9.54%   434 2701s
  1386   726 9.2558e+10   75  342 8.4500e+10 9.2558e+10  9.54%   434 2705s
  1388   728 9.2558e+10   76  559 8.4500e+10 9.2558e+10  9.54%   435 2710s
  1391   730 9.2558e+10   77  327 8.4500e+10 9.2558e+10  9.54%   435 2715s
  1394   732 9.2558e+10   79  565 8.4500e+10 9.2558e+10  9.54%   434 2720s
  1397   734 9.2558e+10   80  532 8.4500e+10 9.2558e+10  9.54%   435 2725s
  1400   736 9.2558e+10   82  714 8.4500e+10 9.2558e+10  9.54%   435 2731s
  1403   738 9.2558e+10   84  430 8.4500e+10 9.2558e+10  9.54%   434 2737s
  1404   738 9.2558e+10   84  621 8.4500e+10 9.2558e+10  9.54%   435 2740s
  1408   739 9.2558e+10   86  405 8.4500e+10 9.2558e+10  9.54%   434 2745s
  1411   741 9.2558e+10   88  814 8.4500e+10 9.2558e+10  9.54%   435 2750s
  1414   743 9.2558e+10   89  474 8.4500e+10 9.2558e+10  9.54%   434 2755s
  1417   745 9.2558e+10   91  383 8.4500e+10 9.2558e+10  9.54%   434 2760s
  1420   743 9.2558e+10   92  382 8.4500e+10 9.2558e+10  9.54%   435 2765s
  1423   745 9.2558e+10   94  328 8.4500e+10 9.2558e+10  9.54%   434 2771s
  1426   744 9.2558e+10   95  361 8.4500e+10 9.2558e+10  9.54%   434 2775s
  1430   747 9.2558e+10   97  367 8.4500e+10 9.2558e+10  9.54%   433 2788s
  1431   747 9.2558e+10   98  406 8.4500e+10 9.2558e+10  9.54%   433 2790s
  1435   750 9.2558e+10  100  394 8.4500e+10 9.2558e+10  9.54%   432 2795s
  1439   753 9.2558e+10  102  364 8.4500e+10 9.2558e+10  9.54%   431 2801s
  1442   754 9.2558e+10  103  331 8.4500e+10 9.2558e+10  9.54%   431 2805s
  1446   756 9.2558e+10  106  362 8.4500e+10 9.2558e+10  9.54%   430 2810s
  1452   756 9.2558e+10  109  357 8.4500e+10 9.2558e+10  9.54%   428 2816s
  1456   757 9.2558e+10  111  352 8.4500e+10 9.2558e+10  9.54%   427 2820s
  1459   755 9.2558e+10  112  350 8.4500e+10 9.2558e+10  9.54%   426 2825s
  1464   755 9.2558e+10  115  360 8.4500e+10 9.2558e+10  9.54%   425 2831s
  1467   755 9.2558e+10  116  387 8.4500e+10 9.2558e+10  9.54%   426 2836s
  1470   757 9.2558e+10  117  349 8.4500e+10 9.2558e+10  9.54%   425 2840s
  1475   757 infeasible  120      8.4500e+10 9.2558e+10  9.54%   424 2845s
  1478   759 9.2558e+10  121  346 8.4500e+10 9.2558e+10  9.54%   423 2850s
  1482   758 infeasible  123      8.4500e+10 9.2558e+10  9.54%   422 2856s
  1485   754 infeasible  123      8.4500e+10 9.2558e+10  9.54%   421 2860s
  1489   751 9.2558e+10  119  502 8.4500e+10 9.2558e+10  9.54%   421 2865s
  1493   748 infeasible  120      8.4500e+10 9.2558e+10  9.54%   421 2870s
  1496   744 infeasible  118      8.4500e+10 9.2558e+10  9.54%   421 2875s
  1504   739 infeasible  117      8.4500e+10 9.2558e+10  9.54%   420 2880s
  1508   734 infeasible  110      8.4500e+10 9.2558e+10  9.54%   421 2885s
  1514   728 9.2558e+10  104  371 8.4500e+10 9.2558e+10  9.54%   422 2891s
  1519   721 infeasible  102      8.4500e+10 9.2558e+10  9.54%   424 2895s
  1525   713 infeasible   99      8.4500e+10 9.2558e+10  9.54%   427 2900s
  1531   705 infeasible   96      8.4500e+10 9.2558e+10  9.54%   429 2905s
  1535   700 infeasible   91      8.4500e+10 9.2558e+10  9.54%   430 2910s
  1538   696 infeasible   89      8.4500e+10 9.2558e+10  9.54%   431 2915s
  1541   692 infeasible   88      8.4500e+10 9.2558e+10  9.54%   432 2920s
  1544   688 infeasible   85      8.4500e+10 9.2558e+10  9.54%   433 2926s
  1546   685 infeasible   84      8.4500e+10 9.2558e+10  9.54%   433 2930s
  1550   680 infeasible   81      8.4500e+10 9.2558e+10  9.54%   434 2935s
  1557   670 infeasible   78      8.4500e+10 9.2558e+10  9.54%   433 2940s
  1563   662 infeasible   74      8.4500e+10 9.2558e+10  9.54%   433 2945s
  1569   654 infeasible   72      8.4500e+10 9.2558e+10  9.54%   434 2950s
  1574   650 9.2558e+10   68  711 8.4500e+10 9.2558e+10  9.54%   434 2963s
  1575   650 9.2558e+10   69  686 8.4500e+10 9.2558e+10  9.54%   435 2966s
  1577   650 infeasible   70      8.4500e+10 9.2558e+10  9.54%   435 2971s
  1579   651 9.2558e+10   70  689 8.4500e+10 9.2558e+10  9.54%   436 2975s
  1580   652 9.2558e+10   71  823 8.4500e+10 9.2558e+10  9.54%   436 2981s
  1582   651 infeasible   71      8.4500e+10 9.2558e+10  9.54%   436 2985s
  1585   653 9.2558e+10   71  911 8.4500e+10 9.2558e+10  9.54%   436 2992s
  1587   654 9.2558e+10   73  713 8.4500e+10 9.2558e+10  9.54%   435 2996s
  1589   656 9.2558e+10   73  667 8.4500e+10 9.2558e+10  9.54%   435 3001s
  1592   658 9.2558e+10   76  793 8.4500e+10 9.2558e+10  9.54%   435 3006s
  1594   659 9.2558e+10   77  841 8.4500e+10 9.2558e+10  9.54%   435 3010s
  1597   661 9.2558e+10   76  719 8.4500e+10 9.2558e+10  9.54%   435 3015s
  1601   662 9.2558e+10   77  709 8.4500e+10 9.2558e+10  9.54%   434 3021s
  1603   663 9.2558e+10   77  724 8.4500e+10 9.2558e+10  9.54%   433 3026s
  1605   664 9.2558e+10   78  862 8.4500e+10 9.2558e+10  9.54%   433 3030s
  1608   664 9.2558e+10   78  715 8.4500e+10 9.2558e+10  9.54%   432 3037s
  1611   662 infeasible   78      8.4500e+10 9.2558e+10  9.54%   431 3040s
  1616   662 9.2558e+10   81  811 8.4500e+10 9.2558e+10  9.54%   430 3046s
  1618   663 9.2558e+10   83  931 8.4500e+10 9.2558e+10  9.54%   430 3050s
  1621   663 9.2558e+10   85  817 8.4500e+10 9.2558e+10  9.54%   430 3056s
  1624   665 9.2558e+10   87  803 8.4500e+10 9.2558e+10  9.54%   430 3062s
  1626   666 9.2558e+10   88  813 8.4500e+10 9.2558e+10  9.54%   429 3070s
  1629   668 9.2558e+10   86  815 8.4500e+10 9.2558e+10  9.54%   429 3075s
  1631   670 9.2558e+10   90  763 8.4500e+10 9.2558e+10  9.54%   428 3080s
  1635   672 9.2558e+10   92  677 8.4500e+10 9.2558e+10  9.54%   427 3085s
  1639   673 infeasible   91      8.4500e+10 9.2558e+10  9.54%   426 3090s
  1642   675 9.2558e+10   94  549 8.4500e+10 9.2558e+10  9.54%   426 3095s
  1646   678 9.2558e+10   96  552 8.4500e+10 9.2558e+10  9.54%   425 3100s
  1651   681 9.2558e+10   97  543 8.4500e+10 9.2558e+10  9.54%   424 3105s
  1655   684 9.2558e+10   98  541 8.4500e+10 9.2558e+10  9.54%   423 3111s
  1659   686 9.2558e+10   99  533 8.4500e+10 9.2558e+10  9.54%   422 3115s
  1665   688 9.2558e+10   99  547 8.4500e+10 9.2558e+10  9.54%   420 3120s
  1669   689 9.2558e+10  102  657 8.4500e+10 9.2558e+10  9.54%   420 3129s
  1670   688 infeasible  101      8.4500e+10 9.2558e+10  9.54%   419 3130s
  1673   690 9.2558e+10  102  424 8.4500e+10 9.2558e+10  9.54%   419 3135s
  1680   682 9.2558e+10   67  719 8.4500e+10 9.2558e+10  9.54%   418 3140s
  1684   677 infeasible  101      8.4500e+10 9.2558e+10  9.54%   419 3145s
  1693   665 infeasible   98      8.4500e+10 9.2558e+10  9.54%   417 3150s
  1702   653 infeasible   95      8.4500e+10 9.2558e+10  9.54%   416 3155s
  1708   645 infeasible   95      8.4500e+10 9.2558e+10  9.54%   416 3160s
  1715   636 infeasible   91      8.4500e+10 9.2558e+10  9.54%   416 3165s
  1721   628 infeasible   87      8.4500e+10 9.2558e+10  9.54%   416 3170s
  1722   628 9.2558e+10   85  781 8.4500e+10 9.2558e+10  9.54%   416 3177s
  1725   624 infeasible   84      8.4500e+10 9.2558e+10  9.54%   417 3180s
  1731   616 infeasible   78      8.4500e+10 9.2558e+10  9.54%   418 3185s
  1738   607 infeasible   78      8.4500e+10 9.2558e+10  9.54%   418 3190s
  1745   598 infeasible   74      8.4500e+10 9.2558e+10  9.54%   416 3195s
  1751   590 infeasible   72      8.4500e+10 9.2558e+10  9.54%   415 3200s
  1755   586 9.2558e+10   66  561 8.4500e+10 9.2558e+10  9.54%   416 3210s
  1758   588 9.2558e+10   69  553 8.4500e+10 9.2558e+10  9.54%   416 3215s
  1761   590 9.2558e+10   71  676 8.4500e+10 9.2558e+10  9.54%   416 3220s
  1763   592 9.2558e+10   73  542 8.4500e+10 9.2558e+10  9.54%   416 3226s
  1766   594 9.2558e+10   76  543 8.4500e+10 9.2558e+10  9.54%   415 3231s
  1769   596 9.2558e+10   79  511 8.4500e+10 9.2558e+10  9.54%   415 3235s
  1772   598 9.2558e+10   82  530 8.4500e+10 9.2558e+10  9.54%   414 3240s
  1775   600 9.2558e+10   85  527 8.4500e+10 9.2558e+10  9.54%   413 3245s
  1779   602 9.2558e+10   88  518 8.4500e+10 9.2558e+10  9.54%   412 3250s
  1782   604 9.2558e+10   91  524 8.4500e+10 9.2558e+10  9.54%   412 3287s
  1783   605 9.2558e+10   92  524 8.4500e+10 9.2558e+10  9.54%   411 3374s
  1784   606 9.2558e+10   92  437 8.4500e+10 9.2558e+10  9.54%   412 3376s
  1787   608 9.2558e+10   95  417 8.4500e+10 9.2558e+10  9.54%   411 3381s
  1790   610 9.2558e+10   98  412 8.4500e+10 9.2558e+10  9.54%   410 3385s
  1793   612 9.2558e+10  101  356 8.4500e+10 9.2558e+10  9.54%   410 3390s
  1797   614 9.2558e+10  105  381 8.4500e+10 9.2558e+10  9.54%   409 3395s
  1800   616 9.2558e+10  108  377 8.4500e+10 9.2558e+10  9.54%   408 3400s
  1804   619 9.2558e+10  112  388 8.4500e+10 9.2558e+10  9.54%   407 3406s
  1807   621 9.2558e+10  115  436 8.4500e+10 9.2558e+10  9.54%   407 3411s
  1809   622 9.2558e+10  116  433 8.4500e+10 9.2558e+10  9.54%   406 3421s
  1811   624 9.2558e+10  118  373 8.4500e+10 9.2558e+10  9.54%   406 3425s
  1815   626 9.2558e+10  122  410 8.4500e+10 9.2558e+10  9.54%   405 3431s
  1818   628 9.2558e+10  125  445 8.4500e+10 9.2558e+10  9.54%   405 3435s
  1821   630 9.2558e+10  128  439 8.4500e+10 9.2558e+10  9.54%   404 3440s
  1824   632 9.2558e+10  131  407 8.4500e+10 9.2558e+10  9.54%   404 3445s
  1827   634 9.2558e+10  134  410 8.4500e+10 9.2558e+10  9.54%   403 3450s
  1830   636 9.2558e+10  136  424 8.4500e+10 9.2558e+10  9.54%   403 3459s
  1831   637 9.2558e+10  137  451 8.4500e+10 9.2558e+10  9.54%   403 3460s
  1834   639 9.2558e+10  140  517 8.4500e+10 9.2558e+10  9.54%   402 3466s
  1836   640 9.2558e+10  142  556 8.4500e+10 9.2558e+10  9.54%   403 3474s
  1837   641 9.2558e+10  143  552 8.4500e+10 9.2558e+10  9.54%   403 3476s
  1840   643 9.2558e+10  146  553 8.4500e+10 9.2558e+10  9.54%   402 3481s
  1843   645 9.2558e+10  149  586 8.4500e+10 9.2558e+10  9.54%   402 3485s
  1846   648 9.2558e+10  152  642 8.4500e+10 9.2558e+10  9.54%   401 3495s
  1848   650 9.2558e+10  151  554 8.4500e+10 9.2558e+10  9.54%   401 3500s
  1851   653 9.2558e+10  154  572 8.4500e+10 9.2558e+10  9.54%   401 3505s
  1854   656 9.2558e+10  157  588 8.4500e+10 9.2558e+10  9.54%   400 3510s
  1857   659 9.2558e+10  160  572 8.4500e+10 9.2558e+10  9.54%   400 3515s
  1861   663 9.2558e+10  164  513 8.4500e+10 9.2558e+10  9.54%   399 3521s
  1863   665 9.2558e+10  166  513 8.4500e+10 9.2558e+10  9.54%   399 3533s
  1865   667 9.2558e+10  168  511 8.4500e+10 9.2558e+10  9.54%   398 3536s
  1867   669 9.2558e+10  170  510 8.4500e+10 9.2558e+10  9.54%   398 3542s
  1868   670 9.2558e+10  171  509 8.4500e+10 9.2558e+10  9.54%   398 3548s
  1870   672 9.2558e+10  173  565 8.4500e+10 9.2558e+10  9.54%   397 3552s
  1872   674 9.2558e+10  175  531 8.4500e+10 9.2558e+10  9.54%   398 3556s
  1874   676 9.2558e+10  176  536 8.4500e+10 9.2558e+10  9.54%   398 3566s
  1877   679 9.2558e+10  175  683 8.4500e+10 9.2558e+10  9.54%   397 3570s
  1880   682 9.2558e+10  178  665 8.4500e+10 9.2558e+10  9.54%   397 3575s
  1883   685 9.2558e+10  181  656 8.4500e+10 9.2558e+10  9.54%   396 3580s
  1886   688 9.2558e+10  184  650 8.4500e+10 9.2558e+10  9.54%   395 3585s
  1890   692 9.2558e+10  188  593 8.4500e+10 9.2558e+10  9.54%   395 3593s

Cutting planes:
  Learned: 5
  Gomory: 50
  Lift-and-project: 8
  Cover: 459
  Implied bound: 63
  Clique: 6
  MIR: 39
  StrongCG: 6
  Flow cover: 328
  GUB cover: 5
  Inf proof: 11
  Zero half: 73
  RLT: 37
  Relax-and-lift: 42

Explored 1891 nodes (929130 simplex iterations) in 3593.24 seconds (1752.01 work units)
Thread count was 1 (of 28 available processors)

Solution count 10: 8.45004e+10 8.43835e+10 7.57574e+10 ... 3.93012e+10

Time limit reached
Best objective 8.450044140000e+10, best bound 9.255813168000e+10, gap 9.5357%

User-callback calls 415033, time in user-callback 0.50 sec