Gurobi Optimizer version 12.0.3 build v12.0.3rc0 (linux64 - "Oracle Linux Server 9.4")

CPU model: Intel(R) Xeon(R) CPU E5-2660 v4 @ 2.00GHz, instruction set [SSE2|AVX|AVX2]
Thread count: 28 physical cores, 28 logical processors, using up to 1 threads

Non-default parameters:
TimeLimit  3599.27230133
SoftMemLimit  16
NumericFocus  1
Threads  1

Academic license 2690100 - for non-commercial use only - registered to ju___@uclm.es
Optimize a model with 2432 rows, 644 columns and 8274 nonzeros
Model fingerprint: 0x6ecbc752
Variable types: 28 continuous, 616 integer (616 binary)
Coefficient statistics:
  Matrix range     [1e+00, 2e+13]
  Objective range  [5e+09, 7e+09]
  Bounds range     [2e+03, 1e+04]
  RHS range        [1e+00, 2e+14]
Warning: Model contains large matrix coefficient range
Warning: Model contains large objective coefficients
Warning: Model contains large rhs
Found heuristic solution: objective -0.0000000
Presolve removed 436 rows and 14 columns
Presolve time: 0.03s
Presolved: 1996 rows, 630 columns, 7378 nonzeros
Variable types: 28 continuous, 602 integer (602 binary)

Root relaxation: objective 7.649280e+10, 227 iterations, 0.01 seconds (0.00 work units)

    Nodes    |    Current Node    |     Objective Bounds      |     Work
 Expl Unexpl |  Obj  Depth IntInf | Incumbent    BestBd   Gap | It/Node Time

     0     0 7.6493e+10    0    7   -0.00000 7.6493e+10      -     -    0s
H    0     0                    1.761120e+10 7.6493e+10   334%     -    0s
     0     0 7.6493e+10    0   17 1.7611e+10 7.6493e+10   334%     -    0s
H    0     0                    2.469600e+10 7.6493e+10   210%     -    0s
     0     0 7.6493e+10    0   10 2.4696e+10 7.6493e+10   210%     -    0s
H    0     0                    3.016800e+10 7.6493e+10   154%     -    0s
     0     0 7.6493e+10    0   10 3.0168e+10 7.6493e+10   154%     -    0s
     0     0 7.6493e+10    0   16 3.0168e+10 7.6493e+10   154%     -    0s
H    0     0                    6.638400e+10 7.6493e+10  15.2%     -    0s
     0     0 7.6493e+10    0   16 6.6384e+10 7.6493e+10  15.2%     -    0s
     0     0 7.6493e+10    0    8 6.6384e+10 7.6493e+10  15.2%     -    0s
     0     0 7.6493e+10    0   13 6.6384e+10 7.6493e+10  15.2%     -    0s
     0     0 7.6493e+10    0   11 6.6384e+10 7.6493e+10  15.2%     -    0s
     0     0 7.6493e+10    0    6 6.6384e+10 7.6493e+10  15.2%     -    0s
     0     0 7.6493e+10    0    9 6.6384e+10 7.6493e+10  15.2%     -    0s
     0     0 7.6493e+10    0    7 6.6384e+10 7.6493e+10  15.2%     -    0s
     0     0 7.6493e+10    0    7 6.6384e+10 7.6493e+10  15.2%     -    0s
     0     2 7.6493e+10    0    7 6.6384e+10 7.6493e+10  15.2%     -    0s
   836   402 7.6493e+10   23   48 6.6384e+10 7.6493e+10  15.2%  26.1    5s
  1504   544 7.6493e+10   55   31 6.6384e+10 7.6493e+10  15.2%  22.9   10s
  2164   533 infeasible   63      6.6384e+10 7.6493e+10  15.2%  26.4   15s
  2764   555 7.6493e+10   47   38 6.6384e+10 7.6493e+10  15.2%  30.9   20s
  3380   618 7.6493e+10   50   45 6.6384e+10 7.6493e+10  15.2%  32.8   25s
  3876   727 7.6493e+10   70   12 6.6384e+10 7.6493e+10  15.2%  33.7   30s
  4612   899 7.6493e+10   50   56 6.6384e+10 7.6493e+10  15.2%  34.2   35s
  5264   989 infeasible   59      6.6384e+10 7.6493e+10  15.2%  34.2   40s
  5854   979 7.6493e+10   61   32 6.6384e+10 7.6493e+10  15.2%  34.6   45s
  6352   978 7.6493e+10   57   27 6.6384e+10 7.6493e+10  15.2%  34.8   50s
  6961   976 7.6493e+10   63   25 6.6384e+10 7.6493e+10  15.2%  35.2   55s
  7466   979 7.6493e+10   60   26 6.6384e+10 7.6493e+10  15.2%  35.5   60s
  8042   960 infeasible   51      6.6384e+10 7.6493e+10  15.2%  36.2   65s
  8486   957 infeasible   60      6.6384e+10 7.6493e+10  15.2%  36.8   70s
  8970   959 7.6493e+10   59   15 6.6384e+10 7.6493e+10  15.2%  37.2   75s
  9447   956 infeasible   57      6.6384e+10 7.6493e+10  15.2%  38.0   80s
  9938   948 7.6493e+10   51   55 6.6384e+10 7.6493e+10  15.2%  38.6   85s
 10276   957 7.6493e+10   49   30 6.6384e+10 7.6493e+10  15.2%  38.5   96s
 10641   986 7.6493e+10   59   18 6.6384e+10 7.6493e+10  15.2%  38.7  100s
 11057   973 infeasible   50      6.6384e+10 7.6493e+10  15.2%  39.0  105s
 11508   958 7.6493e+10   56   57 6.6384e+10 7.6493e+10  15.2%  39.3  110s
 12008   984 infeasible   52      6.6384e+10 7.6493e+10  15.2%  39.6  115s
 12428   959 infeasible   59      6.6384e+10 7.6493e+10  15.2%  39.6  120s
 12954   956 7.6493e+10   51   52 6.6384e+10 7.6493e+10  15.2%  39.6  125s
 13391   959 7.6493e+10   63   42 6.6384e+10 7.6493e+10  15.2%  39.7  130s
 13883   970 7.6493e+10   63   25 6.6384e+10 7.6493e+10  15.2%  40.0  135s
 14305   959 7.6493e+10   46   44 6.6384e+10 7.6493e+10  15.2%  40.1  140s
 14881   968 infeasible   46      6.6384e+10 7.6493e+10  15.2%  40.1  145s
 15264   977 infeasible   54      6.6384e+10 7.6493e+10  15.2%  40.1  150s
 15760   963 infeasible   51      6.6384e+10 7.6493e+10  15.2%  40.4  155s
 16277   957 7.6493e+10   46   35 6.6384e+10 7.6493e+10  15.2%  40.5  160s
 16698   985 infeasible   58      6.6384e+10 7.6493e+10  15.2%  40.5  165s
 17231   953 infeasible   54      6.6384e+10 7.6493e+10  15.2%  40.6  170s
 17651   959 infeasible   62      6.6384e+10 7.6493e+10  15.2%  40.7  175s
 18066   960 7.6493e+10   60   28 6.6384e+10 7.6493e+10  15.2%  41.1  180s
 18526   971 7.6493e+10   64   46 6.6384e+10 7.6493e+10  15.2%  41.4  185s
 18881   949 7.6493e+10   52   69 6.6384e+10 7.6493e+10  15.2%  41.6  190s
 19383   946 7.6493e+10   50   30 6.6384e+10 7.6493e+10  15.2%  41.8  195s
 19908   960 7.6493e+10   43   48 6.6384e+10 7.6493e+10  15.2%  41.7  200s
 20317   970 infeasible   52      6.6384e+10 7.6493e+10  15.2%  41.8  205s
*20405   848              50    7.102080e+10 7.6493e+10  7.70%  41.8  205s
 20741   906 infeasible   71      7.1021e+10 7.6493e+10  7.70%  41.9  210s
 21273   892 infeasible   63      7.1021e+10 7.6493e+10  7.70%  41.9  215s
 21580   941 infeasible   63      7.1021e+10 7.6493e+10  7.70%  41.9  220s
 21943   849 7.6493e+10   55   35 7.1021e+10 7.6493e+10  7.70%  42.0  225s
 22296   878 7.6493e+10   54   46 7.1021e+10 7.6493e+10  7.70%  42.0  230s
 22806   985 7.6493e+10   58   71 7.1021e+10 7.6493e+10  7.70%  42.0  235s
 23221   955 7.6493e+10   33   56 7.1021e+10 7.6493e+10  7.70%  42.1  240s
 23744  1169 7.6493e+10   59   37 7.1021e+10 7.6493e+10  7.70%  42.1  245s
 24150  1222 7.6493e+10   74   15 7.1021e+10 7.6493e+10  7.70%  42.2  250s
 24665  1316 7.1438e+10   49   23 7.1021e+10 7.6493e+10  7.70%  42.2  255s
 25054  1473 7.6493e+10   42   49 7.1021e+10 7.6493e+10  7.70%  42.2  260s
 25673  1641 infeasible   88      7.1021e+10 7.6493e+10  7.70%  42.1  265s
 26055  1627 7.6493e+10   74   21 7.1021e+10 7.6493e+10  7.70%  42.1  270s
 26433  1780 7.6493e+10   55   24 7.1021e+10 7.6493e+10  7.70%  42.1  275s
 27034  1996 7.6493e+10   46   82 7.1021e+10 7.6493e+10  7.70%  42.0  280s
 27391  2066 infeasible   77      7.1021e+10 7.6493e+10  7.70%  42.1  285s
 27794  2063 7.6493e+10   74   81 7.1021e+10 7.6493e+10  7.70%  42.5  290s
 28008  2063 7.6493e+10   76   62 7.1021e+10 7.6493e+10  7.70%  42.9  295s
 28371  2066 infeasible   75      7.1021e+10 7.6493e+10  7.70%  43.4  300s
 28604  2063 7.6493e+10   76   26 7.1021e+10 7.6493e+10  7.70%  43.7  305s
 29053  2082 infeasible   62      7.1021e+10 7.6493e+10  7.70%  44.1  310s
 29266  2071 7.6493e+10   60   25 7.1021e+10 7.6493e+10  7.70%  44.4  315s
 29720  2078 infeasible   61      7.1021e+10 7.6493e+10  7.70%  44.6  320s
 30002  2173 7.6493e+10   78   35 7.1021e+10 7.6493e+10  7.70%  44.8  325s
 30433  2282 7.6493e+10   56   25 7.1021e+10 7.6493e+10  7.70%  45.0  330s
 30737  2402 7.6493e+10   67   53 7.1021e+10 7.6493e+10  7.70%  45.1  335s
 31134  2521 7.6493e+10   59   32 7.1021e+10 7.6493e+10  7.70%  45.3  340s
 31406  2565 7.6493e+10   55   53 7.1021e+10 7.6493e+10  7.70%  45.4  345s
 31727  2568 7.6493e+10   54   41 7.1021e+10 7.6493e+10  7.70%  45.5  350s
 32088  2580 infeasible   59      7.1021e+10 7.6493e+10  7.70%  45.6  355s
 32336  2656 7.6493e+10   60   71 7.1021e+10 7.6493e+10  7.70%  45.7  360s
 32680  2676 7.6493e+10   59   61 7.1021e+10 7.6493e+10  7.70%  45.9  365s
 32888  2664 7.6493e+10   60   46 7.1021e+10 7.6493e+10  7.70%  45.9  370s
 33236  2652 7.6493e+10   63   47 7.1021e+10 7.6493e+10  7.70%  46.2  375s
 33607  2651 7.6493e+10   55   73 7.1021e+10 7.6493e+10  7.70%  46.3  380s
 33869  2661 infeasible   73      7.1021e+10 7.6493e+10  7.70%  46.6  385s
 34119  2659 infeasible   63      7.1021e+10 7.6493e+10  7.70%  46.9  390s
 34467  2661 7.6493e+10   62   31 7.1021e+10 7.6493e+10  7.70%  47.0  395s
 34864  2660 infeasible   65      7.1021e+10 7.6493e+10  7.70%  47.2  400s
 35140  2668 7.6493e+10   63   28 7.1021e+10 7.6493e+10  7.70%  47.3  405s
 35433  2675 infeasible   65      7.1021e+10 7.6493e+10  7.70%  47.5  410s
 35799  2677 7.6493e+10   61   54 7.1021e+10 7.6493e+10  7.70%  47.6  415s
 36151  2668 7.6493e+10   62   33 7.1021e+10 7.6493e+10  7.70%  47.6  420s
 36530  2677 7.6493e+10   66   49 7.1021e+10 7.6493e+10  7.70%  47.7  425s
 36881  2671 7.6493e+10   65   26 7.1021e+10 7.6493e+10  7.70%  47.8  430s
 37218  2673 7.6493e+10   65   48 7.1021e+10 7.6493e+10  7.70%  47.9  435s
 37468  2691 7.6493e+10   66   50 7.1021e+10 7.6493e+10  7.70%  48.0  440s
 37799  2686 infeasible   72      7.1021e+10 7.6493e+10  7.70%  48.2  445s
 38140  2673 7.6493e+10   64   36 7.1021e+10 7.6493e+10  7.70%  48.3  450s
 38440  2668 7.6493e+10   67   47 7.1021e+10 7.6493e+10  7.70%  48.4  455s
 38865  2691 7.6493e+10   75   17 7.1021e+10 7.6493e+10  7.70%  48.3  460s
 39247  2705 7.6493e+10   63   51 7.1021e+10 7.6493e+10  7.70%  48.2  465s
 39735  2705 7.6493e+10   73   47 7.1021e+10 7.6493e+10  7.70%  48.2  470s
 40109  2735 7.1438e+10   76   14 7.1021e+10 7.6493e+10  7.70%  48.1  475s
 40459  2863 7.6493e+10   53   67 7.1021e+10 7.6493e+10  7.70%  48.3  480s
 40794  2955 7.6493e+10   62   35 7.1021e+10 7.6493e+10  7.70%  48.4  485s
 41086  2963 7.6493e+10   74   70 7.1021e+10 7.6493e+10  7.70%  48.6  490s
 41430  2964 7.6493e+10   67   44 7.1021e+10 7.6493e+10  7.70%  48.8  495s
 41730  2959 infeasible   75      7.1021e+10 7.6493e+10  7.70%  49.0  500s
 42029  2954 7.6493e+10   71   39 7.1021e+10 7.6493e+10  7.70%  49.1  505s
 42393  2967 7.6493e+10   77   37 7.1021e+10 7.6493e+10  7.70%  49.2  510s
 42777  2954 infeasible   69      7.1021e+10 7.6493e+10  7.70%  49.2  515s
 42983  2960 infeasible   76      7.1021e+10 7.6493e+10  7.70%  49.3  520s
 43410  2958 7.6493e+10   70   54 7.1021e+10 7.6493e+10  7.70%  49.5  525s
 43683  2955 infeasible   71      7.1021e+10 7.6493e+10  7.70%  49.6  530s
 43992  2957 7.6493e+10   75   34 7.1021e+10 7.6493e+10  7.70%  49.8  535s
 44269  2950 7.6493e+10   69   29 7.1021e+10 7.6493e+10  7.70%  49.9  540s
 44550  2943 7.6493e+10   61   29 7.1021e+10 7.6493e+10  7.70%  50.1  545s
 44877  2994 7.6493e+10   58   30 7.1021e+10 7.6493e+10  7.70%  50.2  550s
 45121  2994 7.6493e+10   65   77 7.1021e+10 7.6493e+10  7.70%  50.4  555s
 45505  3002 7.6493e+10   69   28 7.1021e+10 7.6493e+10  7.70%  50.4  560s
 45908  3008 7.6493e+10   65   25 7.1021e+10 7.6493e+10  7.70%  50.3  565s
 46356  3017 7.6493e+10   55   50 7.1021e+10 7.6493e+10  7.70%  50.2  570s
 46725  3040 7.6493e+10   72   25 7.1021e+10 7.6493e+10  7.70%  50.2  575s
 47008  3035 7.6493e+10   72   41 7.1021e+10 7.6493e+10  7.70%  50.3  580s
 47260  3035 infeasible   75      7.1021e+10 7.6493e+10  7.70%  50.3  585s
 47528  3029 7.6493e+10   66   38 7.1021e+10 7.6493e+10  7.70%  50.5  590s
 47876  3027 infeasible   70      7.1021e+10 7.6493e+10  7.70%  50.5  595s
 48116  3047 infeasible   73      7.1021e+10 7.6493e+10  7.70%  50.6  600s
 48434  3025 infeasible   71      7.1021e+10 7.6493e+10  7.70%  50.7  605s
 48783  3054 infeasible   49      7.1021e+10 7.6493e+10  7.70%  50.7  610s
 49166  3123 7.6493e+10   67   45 7.1021e+10 7.6493e+10  7.70%  50.7  615s
 49375  3190 infeasible   64      7.1021e+10 7.6493e+10  7.70%  50.8  620s
 49713  3295 7.6493e+10   60  136 7.1021e+10 7.6493e+10  7.70%  50.9  625s
 50123  3396 7.6493e+10   55   26 7.1021e+10 7.6493e+10  7.70%  50.8  630s
 50346  3395 infeasible   61      7.1021e+10 7.6493e+10  7.70%  51.0  635s
 50657  3397 infeasible   63      7.1021e+10 7.6493e+10  7.70%  51.1  640s
 50933  3401 infeasible   53      7.1021e+10 7.6493e+10  7.70%  51.2  645s
 51161  3387 7.6493e+10   52   32 7.1021e+10 7.6493e+10  7.70%  51.3  650s
 51466  3395 7.6493e+10   38   30 7.1021e+10 7.6493e+10  7.70%  51.5  655s
 51785  3533 infeasible   57      7.1021e+10 7.6493e+10  7.70%  51.4  660s
 52236  3538 7.6493e+10   38  129 7.1021e+10 7.6493e+10  7.70%  51.3  665s
 52558  3612 7.6493e+10   61   16 7.1021e+10 7.6493e+10  7.70%  51.3  670s
 52917  3643 7.6493e+10   65   18 7.1021e+10 7.6493e+10  7.70%  51.3  675s
 53232  3634 infeasible   64      7.1021e+10 7.6493e+10  7.70%  51.2  680s
 53588  3638 7.6493e+10   76   50 7.1021e+10 7.6493e+10  7.70%  51.2  685s
 53945  3635 7.6493e+10   69   28 7.1021e+10 7.6493e+10  7.70%  51.2  690s
 54248  3648 7.6493e+10   57   13 7.1021e+10 7.6493e+10  7.70%  51.2  695s
 54704  3797 7.6493e+10   42   26 7.1021e+10 7.6493e+10  7.70%  51.1  700s
 55002  3922 7.6493e+10   63   29 7.1021e+10 7.6493e+10  7.70%  51.1  705s
 55337  4005 7.6493e+10   58   18 7.1021e+10 7.6493e+10  7.70%  51.0  710s
 55786  4013 7.1438e+10   59   26 7.1021e+10 7.6493e+10  7.70%  51.0  715s
 56139  4017 infeasible   69      7.1021e+10 7.6493e+10  7.70%  50.9  720s
 56482  4012 7.6493e+10   62   20 7.1021e+10 7.6493e+10  7.70%  50.8  725s
 56846  4007 infeasible   61      7.1021e+10 7.6493e+10  7.70%  50.8  730s
 57175  3989 7.6493e+10   62   26 7.1021e+10 7.6493e+10  7.70%  50.7  735s
 57583  4050 7.6493e+10   55   45 7.1021e+10 7.6493e+10  7.70%  50.7  740s
 57914  4053 7.6493e+10   62   25 7.1021e+10 7.6493e+10  7.70%  50.7  745s
 58166  4075 7.6493e+10   66   23 7.1021e+10 7.6493e+10  7.70%  50.7  750s
 58520  4071 7.6493e+10   54   57 7.1021e+10 7.6493e+10  7.70%  50.7  755s
 58862  4074 infeasible   58      7.1021e+10 7.6493e+10  7.70%  50.7  760s
 59218  4078 7.1438e+10   58    4 7.1021e+10 7.6493e+10  7.70%  50.6  765s
 59592  4076 7.6132e+10   60   56 7.1021e+10 7.6493e+10  7.70%  50.6  770s
 59859  4096 infeasible   61      7.1021e+10 7.6493e+10  7.70%  50.6  775s
 60340  4147 7.6493e+10   65   25 7.1021e+10 7.6493e+10  7.70%  50.5  781s
 60615  4146 7.6493e+10   59   31 7.1021e+10 7.6493e+10  7.70%  50.5  785s
 60969  4246 7.6493e+10   49   23 7.1021e+10 7.6493e+10  7.70%  50.5  790s
 61289  4285 7.6493e+10   63   38 7.1021e+10 7.6493e+10  7.70%  50.4  795s
 61646  4370 7.6493e+10   56   31 7.1021e+10 7.6493e+10  7.70%  50.4  800s
 62091  4412 7.6493e+10   61   41 7.1021e+10 7.6493e+10  7.70%  50.4  805s
 62455  4517 infeasible   59      7.1021e+10 7.6493e+10  7.70%  50.3  810s
 62707  4550 infeasible   68      7.1021e+10 7.6493e+10  7.70%  50.3  815s
 63126  4547 7.6493e+10   59   59 7.1021e+10 7.6493e+10  7.70%  50.2  820s
 63441  4558 7.6493e+10   86   27 7.1021e+10 7.6493e+10  7.70%  50.2  825s
 63944  4553 7.6493e+10   63   48 7.1021e+10 7.6493e+10  7.70%  50.1  830s
 64276  4585 infeasible   61      7.1021e+10 7.6493e+10  7.70%  50.1  835s
 64718  4608 7.6493e+10   64   44 7.1021e+10 7.6493e+10  7.70%  50.1  840s
 65031  4613 infeasible   67      7.1021e+10 7.6493e+10  7.70%  50.0  845s
 65490  4621 7.6493e+10   50   49 7.1021e+10 7.6493e+10  7.70%  50.0  850s
 65882  4644 7.6493e+10   66   36 7.1021e+10 7.6493e+10  7.70%  49.9  855s
 66169  4655 infeasible   62      7.1021e+10 7.6493e+10  7.70%  49.9  860s
 66535  4664 7.6493e+10   64   44 7.1021e+10 7.6493e+10  7.70%  50.0  865s
 66896  4652 infeasible   70      7.1021e+10 7.6493e+10  7.70%  49.9  870s
 67097  4651 infeasible   66      7.1021e+10 7.6493e+10  7.70%  50.0  875s
 67477  4664 infeasible   65      7.1021e+10 7.6493e+10  7.70%  50.0  880s
 67792  4660 7.6493e+10   62   40 7.1021e+10 7.6493e+10  7.70%  50.0  886s
 68125  4680 7.6493e+10   60   30 7.1021e+10 7.6493e+10  7.70%  50.1  890s
 68481  4705 infeasible   68      7.1021e+10 7.6493e+10  7.70%  50.1  895s
 68809  4701 7.6493e+10   67   35 7.1021e+10 7.6493e+10  7.70%  50.1  900s
 69184  4693 7.6493e+10   67   54 7.1021e+10 7.6493e+10  7.70%  50.1  905s
 69473  4694 7.6493e+10   64   44 7.1021e+10 7.6493e+10  7.70%  50.1  910s
 69728  4692 7.6493e+10   70   23 7.1021e+10 7.6493e+10  7.70%  50.1  915s
 70045  4704 7.6493e+10   60   50 7.1021e+10 7.6493e+10  7.70%  50.1  920s
 70383  4711 infeasible   66      7.1021e+10 7.6493e+10  7.70%  50.1  925s
 70722  4703 7.6493e+10   68   14 7.1021e+10 7.6493e+10  7.70%  50.2  930s
 70988  4708 7.6493e+10   74   59 7.1021e+10 7.6493e+10  7.70%  50.2  935s
 71386  4697 infeasible   67      7.1021e+10 7.6493e+10  7.70%  50.2  940s
 71730  4711 infeasible   70      7.1021e+10 7.6493e+10  7.70%  50.1  945s
 71939  4705 7.6493e+10   65   27 7.1021e+10 7.6493e+10  7.70%  50.2  950s
 72271  4721 infeasible   75      7.1021e+10 7.6493e+10  7.70%  50.2  955s
 72586  4721 7.6493e+10   77   59 7.1021e+10 7.6493e+10  7.70%  50.2  960s
 72829  4705 infeasible   70      7.1021e+10 7.6493e+10  7.70%  50.3  965s
 73165  4723 infeasible   76      7.1021e+10 7.6493e+10  7.70%  50.3  970s
 73567  4706 7.6493e+10   66   25 7.1021e+10 7.6493e+10  7.70%  50.2  975s
 73881  4691 infeasible   59      7.1021e+10 7.6493e+10  7.70%  50.2  980s
 74116  4696 7.6493e+10   61   55 7.1021e+10 7.6493e+10  7.70%  50.3  985s
 74382  4704 infeasible   71      7.1021e+10 7.6493e+10  7.70%  50.3  990s
 74764  4705 7.6493e+10   69   36 7.1021e+10 7.6493e+10  7.70%  50.4  995s
 74991  4696 infeasible   68      7.1021e+10 7.6493e+10  7.70%  50.4 1000s
 75205  4700 infeasible   67      7.1021e+10 7.6493e+10  7.70%  50.4 1005s
 75594  4701 7.6493e+10   65   46 7.1021e+10 7.6493e+10  7.70%  50.4 1010s
 75887  4707 7.6493e+10   72   46 7.1021e+10 7.6493e+10  7.70%  50.4 1015s
 76277  4704 infeasible   73      7.1021e+10 7.6493e+10  7.70%  50.4 1020s
 76627  4709 infeasible   73      7.1021e+10 7.6493e+10  7.70%  50.4 1025s
 76933  4709 7.6493e+10   71   26 7.1021e+10 7.6493e+10  7.70%  50.4 1030s
 77209  4693 7.6493e+10   63   47 7.1021e+10 7.6493e+10  7.70%  50.4 1035s
 77586  4701 7.6493e+10   61   45 7.1021e+10 7.6493e+10  7.70%  50.5 1040s
 77898  4706 7.6493e+10   69   38 7.1021e+10 7.6493e+10  7.70%  50.4 1045s
 78270  4705 infeasible   70      7.1021e+10 7.6493e+10  7.70%  50.4 1050s
 78589  4709 infeasible   78      7.1021e+10 7.6493e+10  7.70%  50.5 1055s
 78877  4703 infeasible   67      7.1021e+10 7.6493e+10  7.70%  50.5 1060s
 79145  4694 infeasible   68      7.1021e+10 7.6493e+10  7.70%  50.5 1065s
 79524  4698 7.6493e+10   62   46 7.1021e+10 7.6493e+10  7.70%  50.5 1070s
 79905  4706 7.6493e+10   62   47 7.1021e+10 7.6493e+10  7.70%  50.5 1075s
 80091  4690 7.6493e+10   68   35 7.1021e+10 7.6493e+10  7.70%  50.5 1080s
 80393  4694 7.6493e+10   68   36 7.1021e+10 7.6493e+10  7.70%  50.5 1085s
 80679  4688 infeasible   68      7.1021e+10 7.6493e+10  7.70%  50.5 1090s
 81134  4699 7.6493e+10   72   32 7.1021e+10 7.6493e+10  7.70%  50.5 1095s
 81447  4755 infeasible   62      7.1021e+10 7.6493e+10  7.70%  50.5 1100s
 81790  4825 7.6493e+10   68   37 7.1021e+10 7.6493e+10  7.70%  50.5 1105s
 82092  4815 7.6493e+10   68   55 7.1021e+10 7.6493e+10  7.70%  50.5 1110s
 82399  4806 7.6493e+10   56   47 7.1021e+10 7.6493e+10  7.70%  50.5 1115s
 82664  4815 infeasible   70      7.1021e+10 7.6493e+10  7.70%  50.5 1120s
 82939  4822 infeasible   70      7.1021e+10 7.6493e+10  7.70%  50.6 1125s
 83234  4819 7.6493e+10   77   46 7.1021e+10 7.6493e+10  7.70%  50.6 1130s
 83561  4810 7.6493e+10   70   21 7.1021e+10 7.6493e+10  7.70%  50.6 1135s
 83866  4807 infeasible   71      7.1021e+10 7.6493e+10  7.70%  50.6 1140s
 84163  4819 7.6493e+10   73   30 7.1021e+10 7.6493e+10  7.70%  50.6 1145s
 84494  4808 infeasible   63      7.1021e+10 7.6493e+10  7.70%  50.6 1150s
 84754  4837 infeasible   62      7.1021e+10 7.6493e+10  7.70%  50.6 1155s
 85099  4822 infeasible   65      7.1021e+10 7.6493e+10  7.70%  50.6 1160s
 85360  4821 7.6493e+10   58   34 7.1021e+10 7.6493e+10  7.70%  50.7 1165s
 85653  4826 7.6493e+10   65   55 7.1021e+10 7.6493e+10  7.70%  50.7 1170s
 85863  4818 7.6493e+10   67   61 7.1021e+10 7.6493e+10  7.70%  50.7 1175s
 86213  4823 infeasible   80      7.1021e+10 7.6493e+10  7.70%  50.7 1180s
 86593  4815 infeasible   72      7.1021e+10 7.6493e+10  7.70%  50.7 1185s
 86869  4809 7.6493e+10   72   32 7.1021e+10 7.6493e+10  7.70%  50.7 1190s
 87262  4823 7.6493e+10   65   57 7.1021e+10 7.6493e+10  7.70%  50.7 1195s
 87543  4838 7.6493e+10   68   49 7.1021e+10 7.6493e+10  7.70%  50.7 1200s
 87908  4827 7.6493e+10   71   55 7.1021e+10 7.6493e+10  7.70%  50.7 1206s
 88213  4822 7.6493e+10   65   48 7.1021e+10 7.6493e+10  7.70%  50.7 1210s
 88544  4825 infeasible   68      7.1021e+10 7.6493e+10  7.70%  50.6 1215s
 88862  4819 7.6493e+10   74   30 7.1021e+10 7.6493e+10  7.70%  50.6 1220s
 89162  4814 infeasible   62      7.1021e+10 7.6493e+10  7.70%  50.6 1225s
 89430  4806 7.6493e+10   67   35 7.1021e+10 7.6493e+10  7.70%  50.7 1230s
 89716  4835 7.6493e+10   62   42 7.1021e+10 7.6493e+10  7.70%  50.7 1235s
 90038  4817 7.6493e+10   73   39 7.1021e+10 7.6493e+10  7.70%  50.7 1240s
 90268  4819 infeasible   63      7.1021e+10 7.6493e+10  7.70%  50.7 1245s
 90566  4823 7.6493e+10   67   63 7.1021e+10 7.6493e+10  7.70%  50.8 1250s
 90828  4833 infeasible   60      7.1021e+10 7.6493e+10  7.70%  50.8 1255s
 91233  4828 7.6493e+10   62   53 7.1021e+10 7.6493e+10  7.70%  50.8 1260s
 91442  4846 7.6493e+10   60   38 7.1021e+10 7.6493e+10  7.70%  50.8 1265s
 91765  4862 infeasible   58      7.1021e+10 7.6493e+10  7.70%  50.8 1270s
 92151  4913 7.6493e+10   51   33 7.1021e+10 7.6493e+10  7.70%  50.8 1276s
 92443  4934 infeasible   74      7.1021e+10 7.6493e+10  7.70%  50.8 1280s
 92620  4936 7.6493e+10   64   55 7.1021e+10 7.6493e+10  7.70%  50.8 1285s
 92965  4950 7.6493e+10   73   46 7.1021e+10 7.6493e+10  7.70%  50.8 1290s
 93240  4949 7.6493e+10   55   40 7.1021e+10 7.6493e+10  7.70%  50.7 1295s
 93588  4946 infeasible   66      7.1021e+10 7.6493e+10  7.70%  50.8 1300s
 93874  4956 infeasible   69      7.1021e+10 7.6493e+10  7.70%  50.8 1305s
 94188  4958 7.6493e+10   66   14 7.1021e+10 7.6493e+10  7.70%  50.8 1310s
 94495  4963 7.6493e+10   73   24 7.1021e+10 7.6493e+10  7.70%  50.9 1315s
 94831  4974 7.6493e+10   41   54 7.1021e+10 7.6493e+10  7.70%  50.9 1320s
 95067  5071 infeasible   70      7.1021e+10 7.6493e+10  7.70%  50.9 1325s
 95430  5175 7.6493e+10   79   29 7.1021e+10 7.6493e+10  7.70%  50.9 1330s
 95749  5249 7.6493e+10   42   44 7.1021e+10 7.6493e+10  7.70%  50.8 1335s
 96053  5315 7.6493e+10   55   44 7.1021e+10 7.6493e+10  7.70%  50.8 1340s
 96458  5351 infeasible   87      7.1021e+10 7.6493e+10  7.70%  50.8 1345s
 96744  5350 7.6493e+10   80   51 7.1021e+10 7.6493e+10  7.70%  50.7 1350s
 97100  5344 infeasible   76      7.1021e+10 7.6493e+10  7.70%  50.7 1355s
 97492  5350 7.6493e+10   76   42 7.1021e+10 7.6493e+10  7.70%  50.7 1361s
 97764  5336 7.6493e+10   70   41 7.1021e+10 7.6493e+10  7.70%  50.6 1365s
 98170  5339 7.6493e+10   84   27 7.1021e+10 7.6493e+10  7.70%  50.6 1370s
 98510  5393 infeasible   53      7.1021e+10 7.6493e+10  7.70%  50.5 1375s
 98902  5564 7.6493e+10   33   48 7.1021e+10 7.6493e+10  7.70%  50.5 1380s
 99218  5602 7.6493e+10   59   35 7.1021e+10 7.6493e+10  7.70%  50.5 1385s
 99476  5614 infeasible   70      7.1021e+10 7.6493e+10  7.70%  50.4 1390s
 99792  5618 infeasible   74      7.1021e+10 7.6493e+10  7.70%  50.4 1395s
 100112  5609 7.6493e+10   60   50 7.1021e+10 7.6493e+10  7.70%  50.4 1400s
 100438  5615 7.6493e+10   65   20 7.1021e+10 7.6493e+10  7.70%  50.4 1405s
 100668  5599 infeasible   62      7.1021e+10 7.6493e+10  7.70%  50.4 1410s
 100976  5613 7.6493e+10   66   46 7.1021e+10 7.6493e+10  7.70%  50.4 1415s
 101383  5644 7.6493e+10   74   22 7.1021e+10 7.6493e+10  7.70%  50.3 1420s
 101667  5642 7.6493e+10   77   32 7.1021e+10 7.6493e+10  7.70%  50.3 1425s
 102084  5635 7.6493e+10   75   43 7.1021e+10 7.6493e+10  7.70%  50.3 1430s
 102303  5638 7.6493e+10   78   35 7.1021e+10 7.6493e+10  7.70%  50.2 1435s
 102665  5626 7.6493e+10   70   23 7.1021e+10 7.6493e+10  7.70%  50.2 1440s
 103010  5647 7.6493e+10   76   16 7.1021e+10 7.6493e+10  7.70%  50.2 1445s
 103268  5643 7.6493e+10   75   18 7.1021e+10 7.6493e+10  7.70%  50.2 1450s
 103664  5625 7.6493e+10   66   44 7.1021e+10 7.6493e+10  7.70%  50.2 1455s
 103853  5644 infeasible   78      7.1021e+10 7.6493e+10  7.70%  50.2 1460s
 104197  5624 infeasible   74      7.1021e+10 7.6493e+10  7.70%  50.2 1465s
 104526  5645 7.6493e+10   69   38 7.1021e+10 7.6493e+10  7.70%  50.1 1470s
 104951  5646 7.6493e+10   77   14 7.1021e+10 7.6493e+10  7.70%  50.1 1475s
 105264  5639 7.6493e+10   80   29 7.1021e+10 7.6493e+10  7.70%  50.0 1480s
 105508  5631 infeasible   70      7.1021e+10 7.6493e+10  7.70%  50.0 1485s
 105935  5624 7.6493e+10   73   60 7.1021e+10 7.6493e+10  7.70%  50.0 1490s
 106103  5624 7.6493e+10   71   44 7.1021e+10 7.6493e+10  7.70%  50.0 1495s
 106498  5617 7.6493e+10   70   37 7.1021e+10 7.6493e+10  7.70%  50.0 1500s
 106876  5621 infeasible   68      7.1021e+10 7.6493e+10  7.70%  49.9 1505s
 107071  5620 7.6493e+10   68   39 7.1021e+10 7.6493e+10  7.70%  50.0 1510s
 107362  5611 infeasible   67      7.1021e+10 7.6493e+10  7.70%  49.9 1515s
 107600  5617 7.6493e+10   73   44 7.1021e+10 7.6493e+10  7.70%  49.9 1520s
 107965  5638 7.6493e+10   70   18 7.1021e+10 7.6493e+10  7.70%  49.9 1525s
 108272  5637 infeasible   75      7.1021e+10 7.6493e+10  7.70%  49.9 1530s
 108585  5624 infeasible   70      7.1021e+10 7.6493e+10  7.70%  49.9 1535s
 108851  5623 infeasible   73      7.1021e+10 7.6493e+10  7.70%  49.9 1540s
 109218  5628 7.6493e+10   67   36 7.1021e+10 7.6493e+10  7.70%  49.9 1545s
 109437  5619 infeasible   71      7.1021e+10 7.6493e+10  7.70%  49.9 1550s
 109841  5619 7.6493e+10   66   43 7.1021e+10 7.6493e+10  7.70%  49.9 1556s
 110086  5624 7.6493e+10   70   32 7.1021e+10 7.6493e+10  7.70%  49.9 1560s
 110521  5615 7.6493e+10   66   25 7.1021e+10 7.6493e+10  7.70%  49.8 1566s
 110854  5627 7.6493e+10   70   45 7.1021e+10 7.6493e+10  7.70%  49.8 1570s
 111144  5632 7.6493e+10   72   34 7.1021e+10 7.6493e+10  7.70%  49.8 1575s
 111458  5623 7.6493e+10   72   63 7.1021e+10 7.6493e+10  7.70%  49.8 1580s
 111774  5633 infeasible   73      7.1021e+10 7.6493e+10  7.70%  49.8 1585s
 112029  5632 infeasible   77      7.1021e+10 7.6493e+10  7.70%  49.8 1590s
 112450  5644 infeasible   81      7.1021e+10 7.6493e+10  7.70%  49.7 1595s
 112667  5635 7.6493e+10   72   33 7.1021e+10 7.6493e+10  7.70%  49.7 1600s
 113091  5624 7.6493e+10   69   47 7.1021e+10 7.6493e+10  7.70%  49.7 1606s
 113384  5627 infeasible   68      7.1021e+10 7.6493e+10  7.70%  49.7 1610s
 113752  5628 7.6493e+10   69   26 7.1021e+10 7.6493e+10  7.70%  49.7 1615s
 114039  5635 7.6493e+10   72   20 7.1021e+10 7.6493e+10  7.70%  49.7 1620s
 114384  5640 7.6493e+10   70   22 7.1021e+10 7.6493e+10  7.70%  49.7 1625s
 114632  5633 infeasible   73      7.1021e+10 7.6493e+10  7.70%  49.7 1630s
 114928  5641 7.6493e+10   77   22 7.1021e+10 7.6493e+10  7.70%  49.6 1635s
 115310  5628 infeasible   74      7.1021e+10 7.6493e+10  7.70%  49.6 1640s
 115694  5723 infeasible   59      7.1021e+10 7.6493e+10  7.70%  49.6 1645s
 115988  5719 7.6493e+10   60   39 7.1021e+10 7.6493e+10  7.70%  49.6 1650s
 116339  5788 7.6493e+10   74   22 7.1021e+10 7.6493e+10  7.70%  49.5 1655s
 116595  5798 7.6493e+10   54   19 7.1021e+10 7.6493e+10  7.70%  49.6 1660s
 116906  5822 infeasible   57      7.1021e+10 7.6493e+10  7.70%  49.5 1665s
 117131  5827 7.1438e+10   52   14 7.1021e+10 7.6493e+10  7.70%  49.5 1670s
 117503  5896 7.6493e+10   61   42 7.1021e+10 7.6493e+10  7.70%  49.5 1675s
 117658  5886 7.6493e+10   62   26 7.1021e+10 7.6493e+10  7.70%  49.5 1680s
 117970  5910 7.6493e+10   61   24 7.1021e+10 7.6493e+10  7.70%  49.6 1685s
 118254  5960 7.6493e+10   62   25 7.1021e+10 7.6493e+10  7.70%  49.6 1690s
 118488  6019 infeasible   60      7.1021e+10 7.6493e+10  7.70%  49.6 1695s
 118841  6139 7.6493e+10   56   28 7.1021e+10 7.6493e+10  7.70%  49.6 1700s
 119126  6184 7.6493e+10   62   35 7.1021e+10 7.6493e+10  7.70%  49.6 1705s
 119402  6279 7.6493e+10   59   39 7.1021e+10 7.6493e+10  7.70%  49.6 1710s
 119608  6281 7.6493e+10   48   46 7.1021e+10 7.6493e+10  7.70%  49.6 1715s
 119984  6362 infeasible   65      7.1021e+10 7.6493e+10  7.70%  49.6 1720s
 120204  6358 7.6493e+10   63   25 7.1021e+10 7.6493e+10  7.70%  49.6 1725s
 120515  6361 7.6493e+10   56   58 7.1021e+10 7.6493e+10  7.70%  49.6 1730s
 120761  6394 7.6493e+10   53   20 7.1021e+10 7.6493e+10  7.70%  49.6 1735s
 121065  6523 7.6493e+10   44   72 7.1021e+10 7.6493e+10  7.70%  49.6 1740s
 121335  6576 7.6493e+10   54   33 7.1021e+10 7.6493e+10  7.70%  49.6 1745s
 121585  6626 7.1438e+10   59   19 7.1021e+10 7.6493e+10  7.70%  49.7 1750s
 121876  6662 7.6493e+10   57   26 7.1021e+10 7.6493e+10  7.70%  49.7 1755s
 122079  6713 7.6493e+10   61   50 7.1021e+10 7.6493e+10  7.70%  49.7 1760s
 122303  6750 7.6493e+10   56   64 7.1021e+10 7.6493e+10  7.70%  49.7 1765s
 122478  6747 7.6493e+10   57   33 7.1021e+10 7.6493e+10  7.70%  49.8 1770s
 122759  6850 7.6493e+10   54   28 7.1021e+10 7.6493e+10  7.70%  49.8 1775s
 122977  6848 infeasible   65      7.1021e+10 7.6493e+10  7.70%  49.8 1780s
 123246  6869 7.6493e+10   63   30 7.1021e+10 7.6493e+10  7.70%  49.8 1785s
 123509  6925 7.6493e+10   59   25 7.1021e+10 7.6493e+10  7.70%  49.9 1790s
 123802  6983 7.6493e+10   61   55 7.1021e+10 7.6493e+10  7.70%  49.9 1795s
 124064  7038 7.6493e+10   64   39 7.1021e+10 7.6493e+10  7.70%  49.9 1800s
 124283  7029 infeasible   64      7.1021e+10 7.6493e+10  7.70%  50.0 1805s
 124471  7031 infeasible   60      7.1021e+10 7.6493e+10  7.70%  50.0 1810s
 124758  7026 7.6493e+10   56   46 7.1021e+10 7.6493e+10  7.70%  50.0 1815s
 124910  7024 7.6493e+10   62   42 7.1021e+10 7.6493e+10  7.70%  50.1 1820s
 125184  7023 infeasible   61      7.1021e+10 7.6493e+10  7.70%  50.1 1825s
 125428  7033 7.6493e+10   65   23 7.1021e+10 7.6493e+10  7.70%  50.1 1830s
 125616  7020 7.6493e+10   61   60 7.1021e+10 7.6493e+10  7.70%  50.2 1835s
 125928  7041 7.6493e+10   53   14 7.1021e+10 7.6493e+10  7.70%  50.2 1840s
 126137  7046 7.1438e+10   55   22 7.1021e+10 7.6493e+10  7.70%  50.2 1845s
 126434  7066 7.1438e+10   53   11 7.1021e+10 7.6493e+10  7.70%  50.2 1850s
 126736  7077 7.5892e+10   75   56 7.1021e+10 7.6493e+10  7.70%  50.2 1855s
 127045  7116 infeasible   57      7.1021e+10 7.6493e+10  7.70%  50.2 1860s
 127312  7121 7.6493e+10   39   40 7.1021e+10 7.6493e+10  7.70%  50.2 1865s
 127620  7184 7.6493e+10   46   29 7.1021e+10 7.6493e+10  7.70%  50.1 1870s
 127921  7187 7.6493e+10   48   32 7.1021e+10 7.6493e+10  7.70%  50.2 1875s
 128047  7229 infeasible   56      7.1021e+10 7.6493e+10  7.70%  50.2 1880s
 128354  7231 infeasible   62      7.1021e+10 7.6493e+10  7.70%  50.1 1885s
 128770  7234 7.6493e+10   56   48 7.1021e+10 7.6493e+10  7.70%  50.1 1890s
 128981  7226 7.6493e+10   58   39 7.1021e+10 7.6493e+10  7.70%  50.1 1895s
 129292  7259 infeasible   58      7.1021e+10 7.6493e+10  7.70%  50.1 1900s
 129640  7313 7.6493e+10   62   43 7.1021e+10 7.6493e+10  7.70%  50.1 1906s
 129875  7342 7.6493e+10   39   79 7.1021e+10 7.6493e+10  7.70%  50.1 1910s
 130305  7418 infeasible   69      7.1021e+10 7.6493e+10  7.70%  50.0 1915s
 130616  7403 7.6493e+10   53   28 7.1021e+10 7.6493e+10  7.70%  50.0 1920s
 131006  7446 7.6493e+10   40   82 7.1021e+10 7.6493e+10  7.70%  50.0 1926s
 131211  7514 7.6493e+10   69   27 7.1021e+10 7.6493e+10  7.70%  50.0 1930s
 131610  7605 7.6493e+10   66   50 7.1021e+10 7.6493e+10  7.70%  50.0 1935s
 131807  7626 infeasible   62      7.1021e+10 7.6493e+10  7.70%  50.0 1940s
 132202  7620 7.6493e+10   58   33 7.1021e+10 7.6493e+10  7.70%  50.0 1945s
 132504  7638 7.6493e+10   59   17 7.1021e+10 7.6493e+10  7.70%  49.9 1950s
 132709  7647 infeasible   70      7.1021e+10 7.6493e+10  7.70%  50.0 1955s
 132991  7641 infeasible   66      7.1021e+10 7.6493e+10  7.70%  50.0 1960s
 133263  7633 7.6493e+10   61   14 7.1021e+10 7.6493e+10  7.70%  50.0 1965s
 133501  7621 7.6493e+10   60   20 7.1021e+10 7.6493e+10  7.70%  50.0 1970s
 133822  7626 infeasible   58      7.1021e+10 7.6493e+10  7.70%  50.0 1975s
 134128  7622 7.6493e+10   63   25 7.1021e+10 7.6493e+10  7.70%  50.0 1980s
 134389  7661 7.6493e+10   64   33 7.1021e+10 7.6493e+10  7.70%  49.9 1985s
 134674  7658 7.6493e+10   55   24 7.1021e+10 7.6493e+10  7.70%  49.9 1990s
 134942  7700 7.6493e+10   64   20 7.1021e+10 7.6493e+10  7.70%  49.9 1995s
 135318  7697 7.6493e+10   72   24 7.1021e+10 7.6493e+10  7.70%  49.9 2000s
 135563  7684 7.6493e+10   65   28 7.1021e+10 7.6493e+10  7.70%  49.9 2005s
 135864  7697 infeasible   69      7.1021e+10 7.6493e+10  7.70%  49.9 2010s
 136083  7690 infeasible   70      7.1021e+10 7.6493e+10  7.70%  49.9 2015s
 136389  7684 7.6493e+10   58   36 7.1021e+10 7.6493e+10  7.70%  49.9 2020s
 136642  7697 7.6493e+10   63   30 7.1021e+10 7.6493e+10  7.70%  49.9 2025s
 136984  7699 infeasible   66      7.1021e+10 7.6493e+10  7.70%  49.9 2030s
 137241  7706 7.1438e+10   65   17 7.1021e+10 7.6493e+10  7.70%  50.0 2035s
 137472  7707 infeasible   65      7.1021e+10 7.6493e+10  7.70%  50.0 2040s
 137697  7698 7.6493e+10   65   30 7.1021e+10 7.6493e+10  7.70%  50.0 2045s
 137960  7691 infeasible   74      7.1021e+10 7.6493e+10  7.70%  49.9 2050s
 138206  7711 infeasible   60      7.1021e+10 7.6493e+10  7.70%  50.0 2055s
 138452  7707 7.1438e+10   71   15 7.1021e+10 7.6493e+10  7.70%  50.0 2060s
 138719  7704 7.6493e+10   65   46 7.1021e+10 7.6493e+10  7.70%  50.0 2065s
 138973  7697 infeasible   67      7.1021e+10 7.6493e+10  7.70%  50.0 2070s
 139251  7749 infeasible   66      7.1021e+10 7.6493e+10  7.70%  50.0 2075s
 139487  7735 7.6493e+10   66   25 7.1021e+10 7.6493e+10  7.70%  50.0 2080s
 139865  7743 7.6493e+10   70   13 7.1021e+10 7.6493e+10  7.70%  50.0 2085s
 140113  7748 7.6493e+10   58   18 7.1021e+10 7.6493e+10  7.70%  49.9 2090s
 140401  7748 infeasible   62      7.1021e+10 7.6493e+10  7.70%  49.9 2095s
 140738  7745 7.6493e+10   60   43 7.1021e+10 7.6493e+10  7.70%  49.9 2100s
 140958  7741 infeasible   62      7.1021e+10 7.6493e+10  7.70%  49.9 2105s
 141111  7748 7.6493e+10   61   27 7.1021e+10 7.6493e+10  7.70%  50.0 2110s
 141417  7746 infeasible   65      7.1021e+10 7.6493e+10  7.70%  50.0 2115s
 141613  7739 7.6493e+10   55   33 7.1021e+10 7.6493e+10  7.70%  50.0 2120s
 141884  7742 7.6493e+10   63   27 7.1021e+10 7.6493e+10  7.70%  50.0 2125s
 142209  7747 infeasible   62      7.1021e+10 7.6493e+10  7.70%  50.0 2130s
 142464  7756 infeasible   64      7.1021e+10 7.6493e+10  7.70%  50.0 2135s
 142715  7749 7.6493e+10   60   23 7.1021e+10 7.6493e+10  7.70%  50.0 2141s
 142899  7779 7.1438e+10   62   21 7.1021e+10 7.6493e+10  7.70%  50.0 2145s
 143273  7763 7.6493e+10   63   31 7.1021e+10 7.6493e+10  7.70%  50.0 2150s
 143502  7782 7.6493e+10   67   36 7.1021e+10 7.6493e+10  7.70%  50.0 2155s
 143822  7776 infeasible   63      7.1021e+10 7.6493e+10  7.70%  50.0 2160s
 144076  7768 7.6493e+10   61   36 7.1021e+10 7.6493e+10  7.70%  50.0 2165s
 144432  7800 infeasible   65      7.1021e+10 7.6493e+10  7.70%  50.0 2170s
 144716  7810 7.6493e+10   62   42 7.1021e+10 7.6493e+10  7.70%  49.9 2175s
 144950  7802 7.6493e+10   60   47 7.1021e+10 7.6493e+10  7.70%  49.9 2180s
 145124  7790 infeasible   63      7.1021e+10 7.6493e+10  7.70%  49.9 2185s
 145345  7790 infeasible   64      7.1021e+10 7.6493e+10  7.70%  49.9 2190s
 145598  7781 7.6493e+10   58   39 7.1021e+10 7.6493e+10  7.70%  50.0 2195s
 145887  7796 7.1438e+10   59   16 7.1021e+10 7.6493e+10  7.70%  50.0 2200s
 146113  7778 infeasible   60      7.1021e+10 7.6493e+10  7.70%  50.0 2205s
 146412  7769 infeasible   49      7.1021e+10 7.6493e+10  7.70%  50.0 2210s
 146609  7830 7.6493e+10   60   36 7.1021e+10 7.6493e+10  7.70%  50.0 2215s
 146878  7839 7.6493e+10   62   42 7.1021e+10 7.6493e+10  7.70%  50.0 2220s
 147045  7826 7.6493e+10   59   14 7.1021e+10 7.6493e+10  7.70%  50.0 2225s
 147319  7848 infeasible   64      7.1021e+10 7.6493e+10  7.70%  50.0 2230s
 147609  7838 infeasible   67      7.1021e+10 7.6493e+10  7.70%  50.1 2235s
 147863  7834 7.6493e+10   53   26 7.1021e+10 7.6493e+10  7.70%  50.1 2240s
 148123  7844 7.6493e+10   65   27 7.1021e+10 7.6493e+10  7.70%  50.1 2245s
 148380  7849 infeasible   71      7.1021e+10 7.6493e+10  7.70%  50.1 2250s
 148614  7845 7.6493e+10   64   67 7.1021e+10 7.6493e+10  7.70%  50.1 2256s
 148831  7838 7.6493e+10   65   42 7.1021e+10 7.6493e+10  7.70%  50.1 2260s
 149120  7833 7.1438e+10   66   25 7.1021e+10 7.6493e+10  7.70%  50.1 2265s
 149400  7859 7.1438e+10   73   19 7.1021e+10 7.6493e+10  7.70%  50.1 2270s
 149632  7853 7.6493e+10   65   37 7.1021e+10 7.6493e+10  7.70%  50.1 2275s
 149985  7832 7.6493e+10   69   15 7.1021e+10 7.6493e+10  7.70%  50.1 2280s
 150160  7843 7.6493e+10   63   34 7.1021e+10 7.6493e+10  7.70%  50.2 2285s
 150408  7823 7.6493e+10   53   43 7.1021e+10 7.6493e+10  7.70%  50.2 2290s
 150668  7841 7.6493e+10   65   25 7.1021e+10 7.6493e+10  7.70%  50.2 2295s
 150965  7830 7.6493e+10   61   42 7.1021e+10 7.6493e+10  7.70%  50.2 2300s
 151170  7839 7.6493e+10   65   34 7.1021e+10 7.6493e+10  7.70%  50.2 2305s
 151530  7833 7.6493e+10   65   21 7.1021e+10 7.6493e+10  7.70%  50.2 2310s
 151741  7828 7.6493e+10   63   41 7.1021e+10 7.6493e+10  7.70%  50.2 2315s
 152021  7820 infeasible   65      7.1021e+10 7.6493e+10  7.70%  50.2 2320s
 152251  7818 7.6493e+10   55   48 7.1021e+10 7.6493e+10  7.70%  50.2 2325s
 152515  7840 7.6493e+10   53   37 7.1021e+10 7.6493e+10  7.70%  50.2 2330s
 152694  7826 7.6493e+10   54   41 7.1021e+10 7.6493e+10  7.70%  50.3 2335s
 152955  7859 infeasible   65      7.1021e+10 7.6493e+10  7.70%  50.3 2340s
 153164  7836 infeasible   60      7.1021e+10 7.6493e+10  7.70%  50.3 2345s
 153453  7823 7.6493e+10   63   35 7.1021e+10 7.6493e+10  7.70%  50.3 2350s
 153708  7820 7.6493e+10   60   37 7.1021e+10 7.6493e+10  7.70%  50.3 2355s
 154003  7825 7.6493e+10   57   33 7.1021e+10 7.6493e+10  7.70%  50.4 2360s
 154193  7843 7.6493e+10   56   42 7.1021e+10 7.6493e+10  7.70%  50.4 2366s
 154466  7818 7.6493e+10   60   25 7.1021e+10 7.6493e+10  7.70%  50.4 2370s
 154781  7871 7.6493e+10   52   27 7.1021e+10 7.6493e+10  7.70%  50.4 2375s
 155006  7906 7.6493e+10   61   50 7.1021e+10 7.6493e+10  7.70%  50.3 2380s
 155281  7881 7.6493e+10   71   29 7.1021e+10 7.6493e+10  7.70%  50.3 2385s
 155591  7863 7.6493e+10   59   34 7.1021e+10 7.6493e+10  7.70%  50.4 2390s
 155849  7861 infeasible   65      7.1021e+10 7.6493e+10  7.70%  50.3 2395s
 156134  7882 7.6493e+10   61   38 7.1021e+10 7.6493e+10  7.70%  50.4 2400s
 156336  7870 7.6493e+10   68   32 7.1021e+10 7.6493e+10  7.70%  50.4 2405s
 156496  7868 7.6493e+10   62   25 7.1021e+10 7.6493e+10  7.70%  50.4 2410s
 156795  7863 7.6493e+10   62   38 7.1021e+10 7.6493e+10  7.70%  50.4 2415s
 157062  7852 infeasible   70      7.1021e+10 7.6493e+10  7.70%  50.4 2420s
 157356  7852 infeasible   65      7.1021e+10 7.6493e+10  7.70%  50.4 2425s
 157614  7830 7.6493e+10   55   29 7.1021e+10 7.6493e+10  7.70%  50.4 2430s
 157871  7841 7.6493e+10   57   19 7.1021e+10 7.6493e+10  7.70%  50.4 2435s
 158118  7826 infeasible   57      7.1021e+10 7.6493e+10  7.70%  50.4 2440s
 158400  7858 infeasible   61      7.1021e+10 7.6493e+10  7.70%  50.4 2445s
 158633  7857 7.6493e+10   64   30 7.1021e+10 7.6493e+10  7.70%  50.5 2451s
 158825  7893 7.6493e+10   60   34 7.1021e+10 7.6493e+10  7.70%  50.5 2455s
 159141  7868 infeasible   60      7.1021e+10 7.6493e+10  7.70%  50.5 2460s
 159453  7869 infeasible   69      7.1021e+10 7.6493e+10  7.70%  50.5 2465s
 159687  7877 7.1438e+10   70   26 7.1021e+10 7.6493e+10  7.70%  50.5 2470s
 159929  7883 7.6493e+10   61   15 7.1021e+10 7.6493e+10  7.70%  50.5 2475s
 160215  7887 infeasible   60      7.1021e+10 7.6493e+10  7.70%  50.5 2480s
 160483  7875 7.6493e+10   59   61 7.1021e+10 7.6493e+10  7.70%  50.5 2485s
 160805  7947 7.6493e+10   56   37 7.1021e+10 7.6493e+10  7.70%  50.5 2490s
 160967  7945 7.6493e+10   59   27 7.1021e+10 7.6493e+10  7.70%  50.5 2495s
 161264  7931 infeasible   57      7.1021e+10 7.6493e+10  7.70%  50.5 2500s
 161392  7939 7.6493e+10   63   20 7.1021e+10 7.6493e+10  7.70%  50.6 2505s
 161652  7935 infeasible   60      7.1021e+10 7.6493e+10  7.70%  50.6 2510s
 161882  7957 7.6493e+10   58   53 7.1021e+10 7.6493e+10  7.70%  50.6 2515s
 162085  7942 7.6493e+10   63   16 7.1021e+10 7.6493e+10  7.70%  50.7 2520s
 162373  7934 infeasible   62      7.1021e+10 7.6493e+10  7.70%  50.7 2525s
 162533  7926 infeasible   59      7.1021e+10 7.6493e+10  7.70%  50.7 2530s
 162817  7938 7.6493e+10   66   29 7.1021e+10 7.6493e+10  7.70%  50.7 2535s
 163021  7912 infeasible   63      7.1021e+10 7.6493e+10  7.70%  50.7 2540s
 163270  7921 7.6493e+10   67   24 7.1021e+10 7.6493e+10  7.70%  50.7 2545s
 163437  7904 infeasible   66      7.1021e+10 7.6493e+10  7.70%  50.7 2550s
 163740  7908 infeasible   67      7.1021e+10 7.6493e+10  7.70%  50.7 2555s
 163987  7959 7.6493e+10   61   20 7.1021e+10 7.6493e+10  7.70%  50.7 2560s
 164278  7956 infeasible   58      7.1021e+10 7.6493e+10  7.70%  50.7 2565s
 164499  7943 infeasible   64      7.1021e+10 7.6493e+10  7.70%  50.8 2570s
 164799  7935 7.6493e+10   63   18 7.1021e+10 7.6493e+10  7.70%  50.8 2575s
 165073  7957 infeasible   67      7.1021e+10 7.6493e+10  7.70%  50.8 2580s
 165319  7971 7.6493e+10   59   33 7.1021e+10 7.6493e+10  7.70%  50.8 2585s
 165638  7974 7.6493e+10   63   26 7.1021e+10 7.6493e+10  7.70%  50.8 2590s
 165852  7980 7.6493e+10   61   32 7.1021e+10 7.6493e+10  7.70%  50.8 2595s
 166110  7980 infeasible   66      7.1021e+10 7.6493e+10  7.70%  50.8 2600s
 166335  7975 infeasible   63      7.1021e+10 7.6493e+10  7.70%  50.8 2605s
 166602  8008 7.6493e+10   67   18 7.1021e+10 7.6493e+10  7.70%  50.8 2610s
 166827  8001 infeasible   65      7.1021e+10 7.6493e+10  7.70%  50.8 2615s
 167135  8009 7.6493e+10   66   32 7.1021e+10 7.6493e+10  7.70%  50.9 2620s
 167284  7990 7.6493e+10   68   23 7.1021e+10 7.6493e+10  7.70%  50.9 2625s
 167551  7974 infeasible   68      7.1021e+10 7.6493e+10  7.70%  50.9 2630s
 167729  7994 7.6493e+10   61   25 7.1021e+10 7.6493e+10  7.70%  50.9 2635s
 167885  7984 7.6493e+10   62   36 7.1021e+10 7.6493e+10  7.70%  51.0 2640s
 168099  7968 infeasible   65      7.1021e+10 7.6493e+10  7.70%  51.0 2645s
 168415  7999 7.1438e+10   63   18 7.1021e+10 7.6493e+10  7.70%  51.0 2650s
 168620  8028 infeasible   65      7.1021e+10 7.6493e+10  7.70%  51.0 2655s
 168900  8038 7.1438e+10   55   29 7.1021e+10 7.6493e+10  7.70%  51.0 2660s
 169129  8095 7.6493e+10   54   29 7.1021e+10 7.6493e+10  7.70%  51.0 2665s
 169406  8116 7.6493e+10   63   50 7.1021e+10 7.6493e+10  7.70%  51.0 2670s
 169589  8121 7.6493e+10   51   30 7.1021e+10 7.6493e+10  7.70%  51.1 2675s
 169865  8143 7.1438e+10   56   36 7.1021e+10 7.6493e+10  7.70%  51.1 2680s
 170062  8208 7.6493e+10   52   32 7.1021e+10 7.6493e+10  7.70%  51.1 2685s
 170308  8238 infeasible   56      7.1021e+10 7.6493e+10  7.70%  51.1 2690s
 170523  8262 infeasible   61      7.1021e+10 7.6493e+10  7.70%  51.1 2695s
 170809  8286 7.6493e+10   55   38 7.1021e+10 7.6493e+10  7.70%  51.1 2700s
 171041  8294 infeasible   63      7.1021e+10 7.6493e+10  7.70%  51.1 2705s
 171316  8369 7.6493e+10   60   24 7.1021e+10 7.6493e+10  7.70%  51.1 2710s
 171516  8365 infeasible   55      7.1021e+10 7.6493e+10  7.70%  51.1 2715s
 171794  8365 7.6493e+10   62   33 7.1021e+10 7.6493e+10  7.70%  51.1 2720s
 171998  8359 7.6493e+10   66   27 7.1021e+10 7.6493e+10  7.70%  51.1 2725s
 172242  8352 infeasible   58      7.1021e+10 7.6493e+10  7.70%  51.2 2730s
 172475  8359 7.6493e+10   60   16 7.1021e+10 7.6493e+10  7.70%  51.2 2735s
 172751  8359 7.6493e+10   52   16 7.1021e+10 7.6493e+10  7.70%  51.2 2740s
 173045  8361 7.6493e+10   61   32 7.1021e+10 7.6493e+10  7.70%  51.2 2745s
 173185  8361 7.6493e+10   56   22 7.1021e+10 7.6493e+10  7.70%  51.2 2750s
 173554  8354 infeasible   56      7.1021e+10 7.6493e+10  7.70%  51.2 2755s
 173875  8383 7.6493e+10   59   27 7.1021e+10 7.6493e+10  7.70%  51.1 2760s
 174069  8399 7.1438e+10   65   19 7.1021e+10 7.6493e+10  7.70%  51.1 2765s
 174362  8383 infeasible   60      7.1021e+10 7.6493e+10  7.70%  51.2 2770s
 174552  8372 infeasible   59      7.1021e+10 7.6493e+10  7.70%  51.2 2775s
 174809  8385 infeasible   68      7.1021e+10 7.6493e+10  7.70%  51.2 2780s
 175083  8377 7.6493e+10   51   50 7.1021e+10 7.6493e+10  7.70%  51.2 2785s
 175359  8397 7.6493e+10   65   30 7.1021e+10 7.6493e+10  7.70%  51.2 2790s
 175606  8388 7.6493e+10   60   58 7.1021e+10 7.6493e+10  7.70%  51.2 2795s
 175851  8403 7.6493e+10   65   35 7.1021e+10 7.6493e+10  7.70%  51.2 2801s
 176104  8390 7.6493e+10   61   53 7.1021e+10 7.6493e+10  7.70%  51.2 2805s
 176434  8397 infeasible   71      7.1021e+10 7.6493e+10  7.70%  51.2 2810s
 176674  8393 infeasible   65      7.1021e+10 7.6493e+10  7.70%  51.2 2815s
 177057  8392 7.6493e+10   67   25 7.1021e+10 7.6493e+10  7.70%  51.1 2820s
 177202  8381 7.6493e+10   58   40 7.1021e+10 7.6493e+10  7.70%  51.1 2826s
 177522  8377 7.6493e+10   53   56 7.1021e+10 7.6493e+10  7.70%  51.1 2830s
 177787  8373 7.6493e+10   55   23 7.1021e+10 7.6493e+10  7.70%  51.1 2835s
 178005  8374 7.6493e+10   53   29 7.1021e+10 7.6493e+10  7.70%  51.1 2840s
 178286  8377 infeasible   62      7.1021e+10 7.6493e+10  7.70%  51.1 2845s
 178545  8372 infeasible   61      7.1021e+10 7.6493e+10  7.70%  51.1 2850s
 178801  8368 7.6493e+10   58   36 7.1021e+10 7.6493e+10  7.70%  51.1 2855s
 179072  8389 infeasible   63      7.1021e+10 7.6493e+10  7.70%  51.1 2860s
 179223  8384 infeasible   65      7.1021e+10 7.6493e+10  7.70%  51.1 2865s
 179497  8398 7.6493e+10   70   27 7.1021e+10 7.6493e+10  7.70%  51.1 2870s
 179777  8396 7.6493e+10   72   26 7.1021e+10 7.6493e+10  7.70%  51.1 2875s
 179969  8393 7.6493e+10   65   23 7.1021e+10 7.6493e+10  7.70%  51.2 2880s
 180248  8396 infeasible   67      7.1021e+10 7.6493e+10  7.70%  51.2 2885s
 180457  8399 7.6493e+10   67   31 7.1021e+10 7.6493e+10  7.70%  51.2 2890s
 180682  8386 infeasible   66      7.1021e+10 7.6493e+10  7.70%  51.2 2895s
 180919  8401 infeasible   64      7.1021e+10 7.6493e+10  7.70%  51.2 2900s
 181179  8395 7.6493e+10   62   31 7.1021e+10 7.6493e+10  7.70%  51.2 2905s
 181343  8411 7.6493e+10   66   47 7.1021e+10 7.6493e+10  7.70%  51.2 2910s
 181644  8416 infeasible   74      7.1021e+10 7.6493e+10  7.70%  51.3 2915s
 181829  8393 infeasible   72      7.1021e+10 7.6493e+10  7.70%  51.3 2920s
 182072  8401 infeasible   71      7.1021e+10 7.6493e+10  7.70%  51.3 2925s
 182283  8388 7.6493e+10   62   15 7.1021e+10 7.6493e+10  7.70%  51.3 2930s
 182511  8390 7.6493e+10   62   54 7.1021e+10 7.6493e+10  7.70%  51.3 2935s
 182736  8391 infeasible   73      7.1021e+10 7.6493e+10  7.70%  51.3 2940s
 182942  8393 7.6493e+10   66   44 7.1021e+10 7.6493e+10  7.70%  51.4 2946s
 183185  8388 7.6493e+10   59   40 7.1021e+10 7.6493e+10  7.70%  51.4 2950s
 183433  8384 7.6493e+10   60   26 7.1021e+10 7.6493e+10  7.70%  51.4 2955s
 183709  8385 7.6493e+10   58   37 7.1021e+10 7.6493e+10  7.70%  51.4 2960s
 183917  8383 infeasible   63      7.1021e+10 7.6493e+10  7.70%  51.4 2965s
 184134  8384 7.6493e+10   63   19 7.1021e+10 7.6493e+10  7.70%  51.4 2970s
 184396  8382 7.6493e+10   60   47 7.1021e+10 7.6493e+10  7.70%  51.4 2975s
 184692  8390 infeasible   71      7.1021e+10 7.6493e+10  7.70%  51.4 2980s
 184858  8382 7.6493e+10   56   41 7.1021e+10 7.6493e+10  7.70%  51.4 2985s
 185133  8409 7.6493e+10   65   27 7.1021e+10 7.6493e+10  7.70%  51.4 2991s
 185349  8398 7.6493e+10   67   36 7.1021e+10 7.6493e+10  7.70%  51.4 2995s
 185601  8390 infeasible   65      7.1021e+10 7.6493e+10  7.70%  51.5 3000s
 185860  8423 7.6493e+10   64   21 7.1021e+10 7.6493e+10  7.70%  51.5 3005s
 186108  8413 7.6493e+10   66   24 7.1021e+10 7.6493e+10  7.70%  51.5 3010s
 186285  8410 7.6493e+10   53   27 7.1021e+10 7.6493e+10  7.70%  51.5 3015s
 186521  8402 7.6493e+10   69   29 7.1021e+10 7.6493e+10  7.70%  51.5 3020s
 186635  8392 infeasible   64      7.1021e+10 7.6493e+10  7.70%  51.5 3025s
 186930  8397 7.6493e+10   73   22 7.1021e+10 7.6493e+10  7.70%  51.5 3030s
 187232  8383 7.6493e+10   59   34 7.1021e+10 7.6493e+10  7.70%  51.5 3035s
 187464  8407 7.6493e+10   67   26 7.1021e+10 7.6493e+10  7.70%  51.6 3040s
 187670  8399 7.6493e+10   66   45 7.1021e+10 7.6493e+10  7.70%  51.6 3045s
 187971  8384 infeasible   69      7.1021e+10 7.6493e+10  7.70%  51.6 3050s
 188188  8391 infeasible   73      7.1021e+10 7.6493e+10  7.70%  51.6 3055s
 188437  8376 7.6493e+10   55   82 7.1021e+10 7.6493e+10  7.70%  51.6 3060s
 188650  8399 7.6493e+10   64   39 7.1021e+10 7.6493e+10  7.70%  51.6 3065s
 188881  8376 infeasible   64      7.1021e+10 7.6493e+10  7.70%  51.7 3070s
 189092  8389 7.6493e+10   67   38 7.1021e+10 7.6493e+10  7.70%  51.7 3075s
 189348  8379 7.6493e+10   59   28 7.1021e+10 7.6493e+10  7.70%  51.7 3080s
 189534  8383 7.6493e+10   65   21 7.1021e+10 7.6493e+10  7.70%  51.7 3085s
 189758  8397 7.6493e+10   65   17 7.1021e+10 7.6493e+10  7.70%  51.7 3090s
 190064  8395 7.6493e+10   70   35 7.1021e+10 7.6493e+10  7.70%  51.7 3095s
 190428  8394 7.6493e+10   45   33 7.1021e+10 7.6493e+10  7.70%  51.7 3101s
 190648  8409 7.6493e+10   65   18 7.1021e+10 7.6493e+10  7.70%  51.7 3105s
 190848  8416 7.6493e+10   64   24 7.1021e+10 7.6493e+10  7.70%  51.7 3110s
 191051  8429 infeasible   53      7.1021e+10 7.6493e+10  7.70%  51.7 3115s
 191306  8481 7.6493e+10   58   41 7.1021e+10 7.6493e+10  7.70%  51.7 3120s
 191496  8573 7.1438e+10   52   12 7.1021e+10 7.6493e+10  7.70%  51.7 3125s
 191852  8599 7.6493e+10   38   25 7.1021e+10 7.6493e+10  7.70%  51.7 3130s
 192044  8658 infeasible   59      7.1021e+10 7.6493e+10  7.70%  51.8 3135s
 192257  8693 infeasible   67      7.1021e+10 7.6493e+10  7.70%  51.8 3140s
 192500  8693 infeasible   56      7.1021e+10 7.6493e+10  7.70%  51.8 3145s
 192845  8710 infeasible   62      7.1021e+10 7.6493e+10  7.70%  51.7 3150s
 193007  8712 7.6493e+10   66   36 7.1021e+10 7.6493e+10  7.70%  51.7 3155s
 193359  8756 infeasible   76      7.1021e+10 7.6493e+10  7.70%  51.7 3160s
 193635  8755 7.6493e+10   55   35 7.1021e+10 7.6493e+10  7.70%  51.7 3165s
 193911  8763 7.6493e+10   74   41 7.1021e+10 7.6493e+10  7.70%  51.7 3170s
 194206  8746 infeasible   70      7.1021e+10 7.6493e+10  7.70%  51.7 3175s
 194471  8742 7.6493e+10   65   28 7.1021e+10 7.6493e+10  7.70%  51.7 3180s
 194692  8744 7.6493e+10   66   40 7.1021e+10 7.6493e+10  7.70%  51.8 3185s
 195049  8762 infeasible   69      7.1021e+10 7.6493e+10  7.70%  51.7 3190s
 195245  8752 7.6493e+10   64   31 7.1021e+10 7.6493e+10  7.70%  51.7 3195s
 195542  8741 7.6493e+10   63   49 7.1021e+10 7.6493e+10  7.70%  51.7 3200s
 195782  8748 7.6493e+10   65   31 7.1021e+10 7.6493e+10  7.70%  51.7 3205s
 196087  8753 7.6493e+10   68   22 7.1021e+10 7.6493e+10  7.70%  51.7 3210s
 196378  8754 infeasible   68      7.1021e+10 7.6493e+10  7.70%  51.7 3215s
 196710  8778 infeasible   78      7.1021e+10 7.6493e+10  7.70%  51.7 3220s
 196914  8772 7.6493e+10   55   56 7.1021e+10 7.6493e+10  7.70%  51.7 3225s
 197244  8771 7.6493e+10   74   18 7.1021e+10 7.6493e+10  7.70%  51.7 3231s
 197428  8763 infeasible   70      7.1021e+10 7.6493e+10  7.70%  51.7 3235s
 197671  8753 infeasible   71      7.1021e+10 7.6493e+10  7.70%  51.7 3240s
 197898  8760 7.6493e+10   68   22 7.1021e+10 7.6493e+10  7.70%  51.7 3245s
 198126  8752 7.6493e+10   66   18 7.1021e+10 7.6493e+10  7.70%  51.7 3250s
 198409  8750 7.6493e+10   67   19 7.1021e+10 7.6493e+10  7.70%  51.7 3255s
 198695  8735 infeasible   71      7.1021e+10 7.6493e+10  7.70%  51.7 3260s
 198924  8742 7.6493e+10   66   33 7.1021e+10 7.6493e+10  7.70%  51.7 3265s
 199249  8735 infeasible   66      7.1021e+10 7.6493e+10  7.70%  51.7 3270s
 199483  8734 7.6493e+10   67   44 7.1021e+10 7.6493e+10  7.70%  51.7 3275s
 199735  8747 7.6493e+10   56   95 7.1021e+10 7.6493e+10  7.70%  51.7 3280s
 200023  8757 7.6493e+10   52   52 7.1021e+10 7.6493e+10  7.70%  51.7 3285s
 200275  8765 7.6493e+10   62   27 7.1021e+10 7.6493e+10  7.70%  51.7 3290s
 200509  8765 infeasible   67      7.1021e+10 7.6493e+10  7.70%  51.7 3295s
 200729  8769 7.6493e+10   65   48 7.1021e+10 7.6493e+10  7.70%  51.8 3300s
 200966  8761 infeasible   61      7.1021e+10 7.6493e+10  7.70%  51.8 3305s
 201265  8755 7.6493e+10   59   45 7.1021e+10 7.6493e+10  7.70%  51.8 3311s
 201443  8751 infeasible   57      7.1021e+10 7.6493e+10  7.70%  51.8 3315s
 201702  8762 infeasible   54      7.1021e+10 7.6493e+10  7.70%  51.8 3320s
 201960  8760 infeasible   55      7.1021e+10 7.6493e+10  7.70%  51.8 3325s
 202214  8766 7.1438e+10   52    6 7.1021e+10 7.6493e+10  7.70%  51.8 3330s
 202468  8771 infeasible   61      7.1021e+10 7.6493e+10  7.70%  51.8 3335s
 202660  8764 7.6493e+10   61   49 7.1021e+10 7.6493e+10  7.70%  51.8 3340s
 202964  8782 7.6493e+10   50   50 7.1021e+10 7.6493e+10  7.70%  51.8 3345s
 203201  8799 7.6493e+10   63   28 7.1021e+10 7.6493e+10  7.70%  51.8 3350s
 203472  8804 7.6493e+10   45   17 7.1021e+10 7.6493e+10  7.70%  51.8 3355s
 203696  8845 7.6493e+10   49   22 7.1021e+10 7.6493e+10  7.70%  51.8 3360s
 204077  8897 infeasible   63      7.1021e+10 7.6493e+10  7.70%  51.8 3365s
 204238  8907 7.6493e+10   57   70 7.1021e+10 7.6493e+10  7.70%  51.8 3370s
 204549  9016 infeasible   56      7.1021e+10 7.6493e+10  7.70%  51.8 3375s
 204832  9030 infeasible   61      7.1021e+10 7.6493e+10  7.70%  51.8 3380s
 204983  9027 infeasible   63      7.1021e+10 7.6493e+10  7.70%  51.8 3385s
 205224  9038 infeasible   54      7.1021e+10 7.6493e+10  7.70%  51.8 3390s
 205456  9106 7.6493e+10   54   38 7.1021e+10 7.6493e+10  7.70%  51.8 3395s
 205770  9147 7.1438e+10   59   17 7.1021e+10 7.6493e+10  7.70%  51.9 3400s
 205941  9156 7.6493e+10   67   34 7.1021e+10 7.6493e+10  7.70%  51.9 3405s
 206262  9297 infeasible   53      7.1021e+10 7.6493e+10  7.70%  51.8 3410s
 206424  9328 7.6493e+10   58   34 7.1021e+10 7.6493e+10  7.70%  51.9 3415s
 206782  9334 7.1438e+10   73   10 7.1021e+10 7.6493e+10  7.70%  51.8 3420s
 207047  9329 infeasible   64      7.1021e+10 7.6493e+10  7.70%  51.8 3425s
 207266  9326 infeasible   66      7.1021e+10 7.6493e+10  7.70%  51.9 3430s
 207462  9338 7.6230e+10   60   67 7.1021e+10 7.6493e+10  7.70%  51.9 3435s
 207711  9377 7.6493e+10   63   47 7.1021e+10 7.6493e+10  7.70%  51.9 3440s
 207994  9366 infeasible   67      7.1021e+10 7.6493e+10  7.70%  51.9 3445s
 208153  9379 7.6493e+10   60   40 7.1021e+10 7.6493e+10  7.70%  51.9 3451s
 208367  9398 infeasible   81      7.1021e+10 7.6493e+10  7.70%  51.9 3455s
 208659  9390 7.6493e+10   71   27 7.1021e+10 7.6493e+10  7.70%  51.9 3460s
 208936  9379 7.6493e+10   67   32 7.1021e+10 7.6493e+10  7.70%  51.8 3465s
 209237  9398 7.6493e+10   81   24 7.1021e+10 7.6493e+10  7.70%  51.8 3470s
 209497  9386 7.6493e+10   65   49 7.1021e+10 7.6493e+10  7.70%  51.9 3475s
 209686  9389 7.6493e+10   76   32 7.1021e+10 7.6493e+10  7.70%  51.9 3480s
 209984  9399 7.6493e+10   72   21 7.1021e+10 7.6493e+10  7.70%  51.9 3485s
 210252  9389 7.6493e+10   75   31 7.1021e+10 7.6493e+10  7.70%  51.9 3490s
 210487  9387 infeasible   78      7.1021e+10 7.6493e+10  7.70%  51.9 3495s
 210797  9389 infeasible   77      7.1021e+10 7.6493e+10  7.70%  51.9 3500s
 210970  9374 infeasible   63      7.1021e+10 7.6493e+10  7.70%  51.9 3505s
 211307  9379 infeasible   69      7.1021e+10 7.6493e+10  7.70%  51.9 3510s
 211491  9385 7.6493e+10   70   25 7.1021e+10 7.6493e+10  7.70%  51.9 3516s
 211715  9369 infeasible   61      7.1021e+10 7.6493e+10  7.70%  51.9 3520s
 212099  9375 7.6493e+10   61   33 7.1021e+10 7.6493e+10  7.70%  51.9 3525s
 212339  9373 infeasible   54      7.1021e+10 7.6493e+10  7.70%  51.9 3530s
 212549  9387 7.6493e+10   72   30 7.1021e+10 7.6493e+10  7.70%  51.9 3535s
 212796  9394 infeasible   67      7.1021e+10 7.6493e+10  7.70%  51.9 3540s
 213147  9399 7.6493e+10   71   40 7.1021e+10 7.6493e+10  7.70%  51.9 3545s
 213344  9413 infeasible   64      7.1021e+10 7.6493e+10  7.70%  51.8 3550s
 213593  9407 7.6493e+10   64   41 7.1021e+10 7.6493e+10  7.70%  51.9 3555s
 213780  9404 infeasible   57      7.1021e+10 7.6493e+10  7.70%  51.9 3560s
 214079  9455 7.1438e+10   71   14 7.1021e+10 7.6493e+10  7.70%  51.9 3565s
 214358  9550 7.6493e+10   50   43 7.1021e+10 7.6493e+10  7.70%  51.9 3570s
 214591  9584 7.6493e+10   52   30 7.1021e+10 7.6493e+10  7.70%  51.9 3575s
 214881  9653 7.6493e+10   62   39 7.1021e+10 7.6493e+10  7.70%  51.9 3580s
 215081  9715 infeasible   55      7.1021e+10 7.6493e+10  7.70%  51.9 3585s
 215395  9740 7.6493e+10   62   64 7.1021e+10 7.6493e+10  7.70%  51.9 3590s
 215576  9743 infeasible   62      7.1021e+10 7.6493e+10  7.70%  51.9 3595s

Cutting planes:
  Learned: 291
  Gomory: 116
  Lift-and-project: 24
  Cover: 4934
  Implied bound: 463
  Clique: 18
  MIR: 54
  Mixing: 1
  StrongCG: 2
  Flow cover: 409
  GUB cover: 53
  Inf proof: 2286
  Zero half: 1
  RLT: 58
  Relax-and-lift: 92

Explored 215843 nodes (11203281 simplex iterations) in 3599.27 seconds (1879.84 work units)
Thread count was 1 (of 28 available processors)

Solution count 6: 7.10208e+10 6.6384e+10 3.0168e+10 ... -0

Time limit reached
Best objective 7.102080000000e+10, best bound 7.649280000000e+10, gap 7.7048%

User-callback calls 1773187, time in user-callback 1.48 sec