Gurobi Optimizer version 12.0.3 build v12.0.3rc0 (linux64 - "Oracle Linux Server 9.4")

CPU model: Intel(R) Xeon(R) CPU E5-2660 v4 @ 2.00GHz, instruction set [SSE2|AVX|AVX2]
Thread count: 28 physical cores, 28 logical processors, using up to 1 threads

Non-default parameters:
TimeLimit  3599.391179874
SoftMemLimit  16
NumericFocus  1
Threads  1

Academic license 2690100 - for non-commercial use only - registered to ju___@uclm.es
Optimize a model with 1785 rows, 480 columns and 6060 nonzeros
Model fingerprint: 0xd2e1c535
Variable types: 24 continuous, 456 integer (456 binary)
Coefficient statistics:
  Matrix range     [1e+00, 2e+13]
  Objective range  [5e+09, 7e+09]
  Bounds range     [2e+03, 1e+04]
  RHS range        [1e+00, 2e+14]
Warning: Model contains large matrix coefficient range
Warning: Model contains large objective coefficients
Warning: Model contains large rhs
Found heuristic solution: objective -0.0000000
Presolve removed 338 rows and 12 columns
Presolve time: 0.04s
Presolved: 1447 rows, 468 columns, 6036 nonzeros
Variable types: 24 continuous, 444 integer (444 binary)

Root relaxation: objective 7.630560e+10, 166 iterations, 0.00 seconds (0.00 work units)

    Nodes    |    Current Node    |     Objective Bounds      |     Work
 Expl Unexpl |  Obj  Depth IntInf | Incumbent    BestBd   Gap | It/Node Time

     0     0 7.6306e+10    0   10   -0.00000 7.6306e+10      -     -    0s
H    0     0                    1.416960e+10 7.6306e+10   439%     -    0s
     0     0 7.6306e+10    0   18 1.4170e+10 7.6306e+10   439%     -    0s
H    0     0                    5.747040e+10 7.6306e+10  32.8%     -    0s
H    0     0                    6.455520e+10 7.6306e+10  18.2%     -    0s
     0     0 7.6306e+10    0   14 6.4555e+10 7.6306e+10  18.2%     -    0s
     0     0 7.6306e+10    0    6 6.4555e+10 7.6306e+10  18.2%     -    0s
     0     0 7.6306e+10    0    6 6.4555e+10 7.6306e+10  18.2%     -    0s
     0     0 7.6306e+10    0    6 6.4555e+10 7.6306e+10  18.2%     -    0s
     0     0 7.6306e+10    0    6 6.4555e+10 7.6306e+10  18.2%     -    0s
H    0     0                    6.922080e+10 7.6306e+10  10.2%     -    0s
     0     2 7.6306e+10    0    6 6.9221e+10 7.6306e+10  10.2%     -    0s
H  480    98                    7.054560e+10 7.6306e+10  8.16%   9.5    1s
  3057   101 infeasible   38      7.0546e+10 7.6306e+10  8.16%   7.4    5s
* 4927   143              67    7.083360e+10 7.6306e+10  7.73%   1.0    8s
H 4995   139                    7.164000e+10 7.6306e+10  6.51%   1.2    8s
  5344    98 7.6306e+10   51   23 7.1640e+10 7.6306e+10  6.51%   2.7   10s
  6124    88 7.6306e+10   44   28 7.1640e+10 7.6306e+10  6.51%   6.3   15s
  7152    95 7.6306e+10   50   22 7.1640e+10 7.6306e+10  6.51%  10.2   20s
  7923    87 7.6306e+10   43   23 7.1640e+10 7.6306e+10  6.51%  12.8   25s
  8966   337 7.6306e+10   51   20 7.1640e+10 7.6306e+10  6.51%  14.6   30s
  9903   654 7.6306e+10   51   12 7.1640e+10 7.6306e+10  6.51%  15.6   35s
 11028   887 infeasible   53      7.1640e+10 7.6306e+10  6.51%  16.9   40s
 12086  1075 infeasible   60      7.1640e+10 7.6306e+10  6.51%  18.0   45s
 13048  1255 7.6306e+10   64   14 7.1640e+10 7.6306e+10  6.51%  18.9   50s
 13923  1348 7.6306e+10   69   10 7.1640e+10 7.6306e+10  6.51%  19.8   55s
 14884  1483 7.6306e+10   51    8 7.1640e+10 7.6306e+10  6.51%  20.6   60s
 15781  1570 7.6306e+10   57   19 7.1640e+10 7.6306e+10  6.51%  21.2   65s
 16605  1648 7.6306e+10   61   23 7.1640e+10 7.6306e+10  6.51%  21.8   70s
 17413  1732 7.6306e+10   59   11 7.1640e+10 7.6306e+10  6.51%  22.3   75s
 18319  1844 infeasible   68      7.1640e+10 7.6306e+10  6.51%  22.9   80s
 18680  1915 infeasible   58      7.1640e+10 7.6306e+10  6.51%  23.1   85s
 19427  2004 7.6306e+10   66   18 7.1640e+10 7.6306e+10  6.51%  23.6   90s
 20179  2086 7.6306e+10   60   13 7.1640e+10 7.6306e+10  6.51%  24.0   95s
 21050  2187 7.6306e+10   61    9 7.1640e+10 7.6306e+10  6.51%  24.3  100s
 21802  2239 7.6306e+10   59    8 7.1640e+10 7.6306e+10  6.51%  24.7  105s
 22682  2398 7.6306e+10   62   19 7.1640e+10 7.6306e+10  6.51%  24.9  110s
 23531  2455 7.6306e+10   60   15 7.1640e+10 7.6306e+10  6.51%  25.3  115s
 24407  2525 7.6306e+10   64   12 7.1640e+10 7.6306e+10  6.51%  25.6  120s
 25073  2611 7.6306e+10   62   15 7.1640e+10 7.6306e+10  6.51%  25.9  125s
 25852  2648 7.6306e+10   57   10 7.1640e+10 7.6306e+10  6.51%  26.4  130s
 26646  2726 infeasible   69      7.1640e+10 7.6306e+10  6.51%  26.6  135s
 27395  2841 infeasible   70      7.1640e+10 7.6306e+10  6.51%  26.9  140s
 28223  2923 7.6306e+10   70    9 7.1640e+10 7.6306e+10  6.51%  27.1  145s
 28991  2969 infeasible   61      7.1640e+10 7.6306e+10  6.51%  27.4  150s
 29656  3058 7.6306e+10   66   22 7.1640e+10 7.6306e+10  6.51%  27.6  155s
 30492  3123 7.6306e+10   47   14 7.1640e+10 7.6306e+10  6.51%  27.8  160s
 31288  3237 7.6306e+10   58   18 7.1640e+10 7.6306e+10  6.51%  28.0  165s
 32094  3331 7.6306e+10   70   19 7.1640e+10 7.6306e+10  6.51%  28.1  170s
 32749  3422 7.6306e+10   57   18 7.1640e+10 7.6306e+10  6.51%  28.3  175s
 33508  3493 7.6306e+10   60   16 7.1640e+10 7.6306e+10  6.51%  28.6  180s
 34198  3555 infeasible   60      7.1640e+10 7.6306e+10  6.51%  28.7  185s
 34988  3637 7.6306e+10   51   18 7.1640e+10 7.6306e+10  6.51%  28.8  190s
 35884  3824 7.6306e+10   60   16 7.1640e+10 7.6306e+10  6.51%  28.9  195s
 36547  3893 7.6306e+10   66   15 7.1640e+10 7.6306e+10  6.51%  29.0  200s
 37282  4040 7.6306e+10   77   16 7.1640e+10 7.6306e+10  6.51%  29.1  205s
 38008  4178 infeasible   61      7.1640e+10 7.6306e+10  6.51%  29.2  210s
 38809  4268 7.6306e+10   56   14 7.1640e+10 7.6306e+10  6.51%  29.3  215s
 39469  4338 7.6306e+10   66    9 7.1640e+10 7.6306e+10  6.51%  29.5  220s
 40108  4369 7.6306e+10   57   16 7.1640e+10 7.6306e+10  6.51%  29.6  225s
 40854  4447 7.6306e+10   66    9 7.1640e+10 7.6306e+10  6.51%  29.8  230s
 41605  4522 7.6306e+10   69   15 7.1640e+10 7.6306e+10  6.51%  29.9  235s
 42299  4626 7.6306e+10   58   16 7.1640e+10 7.6306e+10  6.51%  30.0  240s
 42980  4747 7.6306e+10   50   13 7.1640e+10 7.6306e+10  6.51%  30.2  245s
 43618  4857 7.6306e+10   71   15 7.1640e+10 7.6306e+10  6.51%  30.3  250s
 44393  4966 7.6306e+10   60   17 7.1640e+10 7.6306e+10  6.51%  30.4  255s
 45069  5106 7.6306e+10   54   27 7.1640e+10 7.6306e+10  6.51%  30.5  260s
 45678  5239 infeasible   58      7.1640e+10 7.6306e+10  6.51%  30.6  265s
 46363  5330 infeasible   56      7.1640e+10 7.6306e+10  6.51%  30.8  270s
 46982  5405 infeasible   53      7.1640e+10 7.6306e+10  6.51%  30.9  275s
 47696  5499 7.6306e+10   64   22 7.1640e+10 7.6306e+10  6.51%  30.9  280s
 48393  5560 7.6306e+10   58   15 7.1640e+10 7.6306e+10  6.51%  31.0  285s
 49048  5643 infeasible   62      7.1640e+10 7.6306e+10  6.51%  31.1  290s
 49679  5696 infeasible   62      7.1640e+10 7.6306e+10  6.51%  31.2  295s
 50373  5798 7.6306e+10   62   27 7.1640e+10 7.6306e+10  6.51%  31.3  300s
 50981  5884 7.6306e+10   61   25 7.1640e+10 7.6306e+10  6.51%  31.4  305s
 51697  6034 7.6306e+10   54   27 7.1640e+10 7.6306e+10  6.51%  31.5  310s
 52311  6055 7.6306e+10   64   10 7.1640e+10 7.6306e+10  6.51%  31.6  315s
 52992  6190 infeasible   79      7.1640e+10 7.6306e+10  6.51%  31.7  320s
 53712  6322 7.6306e+10   55   13 7.1640e+10 7.6306e+10  6.51%  31.8  325s
 54324  6426 7.6306e+10   66   18 7.1640e+10 7.6306e+10  6.51%  31.8  330s
 54940  6538 7.6306e+10   61   11 7.1640e+10 7.6306e+10  6.51%  31.9  335s
 55541  6655 7.6306e+10   76   19 7.1640e+10 7.6306e+10  6.51%  32.0  340s
 56121  6707 7.6306e+10   70   11 7.1640e+10 7.6306e+10  6.51%  32.2  345s
 56698  6754 7.6306e+10   63   20 7.1640e+10 7.6306e+10  6.51%  32.3  350s
 57420  6888 7.6306e+10   58   40 7.1640e+10 7.6306e+10  6.51%  32.4  355s
 57996  6946 7.6306e+10   54   20 7.1640e+10 7.6306e+10  6.51%  32.5  360s
 58675  7079 7.6306e+10   67   19 7.1640e+10 7.6306e+10  6.51%  32.5  365s
 59299  7157 7.6306e+10   69   16 7.1640e+10 7.6306e+10  6.51%  32.6  370s
 59992  7198 7.6306e+10   59   39 7.1640e+10 7.6306e+10  6.51%  32.6  375s
 60607  7267 7.6306e+10   71   11 7.1640e+10 7.6306e+10  6.51%  32.7  380s
 61389  7341 infeasible   72      7.1640e+10 7.6306e+10  6.51%  32.8  385s
 62012  7400 7.6306e+10   67   15 7.1640e+10 7.6306e+10  6.51%  32.8  390s
 62714  7450 7.6306e+10   72   22 7.1640e+10 7.6306e+10  6.51%  32.9  395s
 63400  7506 7.6306e+10   64    7 7.1640e+10 7.6306e+10  6.51%  33.0  400s
 63952  7584 7.6306e+10   67   45 7.1640e+10 7.6306e+10  6.51%  33.0  405s
 64627  7683 7.6306e+10   69   17 7.1640e+10 7.6306e+10  6.51%  33.0  410s
 65430  7792 infeasible   59      7.1640e+10 7.6306e+10  6.51%  33.1  415s
 66090  7894 infeasible   68      7.1640e+10 7.6306e+10  6.51%  33.1  420s
 66721  7933 infeasible   65      7.1640e+10 7.6306e+10  6.51%  33.2  425s
 67326  7942 7.6306e+10   66   35 7.1640e+10 7.6306e+10  6.51%  33.3  430s
 67864  8001 infeasible   64      7.1640e+10 7.6306e+10  6.51%  33.3  435s
 68487  8074 7.6306e+10   66   21 7.1640e+10 7.6306e+10  6.51%  33.4  440s
 69127  8174 7.6306e+10   63   25 7.1640e+10 7.6306e+10  6.51%  33.4  445s
 69738  8211 infeasible   64      7.1640e+10 7.6306e+10  6.51%  33.5  450s
 70449  8260 infeasible   56      7.1640e+10 7.6306e+10  6.51%  33.5  455s
 71114  8285 7.6306e+10   58   26 7.1640e+10 7.6306e+10  6.51%  33.6  460s
 71742  8351 infeasible   62      7.1640e+10 7.6306e+10  6.51%  33.6  465s
 72255  8438 7.6306e+10   64   22 7.1640e+10 7.6306e+10  6.51%  33.7  470s
 72962  8555 7.6306e+10   64   20 7.1640e+10 7.6306e+10  6.51%  33.7  475s
 73580  8609 7.6306e+10   55   19 7.1640e+10 7.6306e+10  6.51%  33.8  480s
 74286  8733 infeasible   67      7.1640e+10 7.6306e+10  6.51%  33.8  485s
 74910  8817 infeasible   70      7.1640e+10 7.6306e+10  6.51%  33.8  490s
 75515  8842 7.6306e+10   56   16 7.1640e+10 7.6306e+10  6.51%  33.9  495s
 76203  8956 infeasible   67      7.1640e+10 7.6306e+10  6.51%  33.9  500s
 76828  8999 infeasible   69      7.1640e+10 7.6306e+10  6.51%  34.0  505s
 77483  9106 7.6306e+10   66    8 7.1640e+10 7.6306e+10  6.51%  34.0  510s
 78071  9158 infeasible   63      7.1640e+10 7.6306e+10  6.51%  34.1  515s
 78633  9240 7.6306e+10   66   34 7.1640e+10 7.6306e+10  6.51%  34.1  520s
 79282  9329 infeasible   63      7.1640e+10 7.6306e+10  6.51%  34.2  525s
 79935  9374 7.6306e+10   59   10 7.1640e+10 7.6306e+10  6.51%  34.3  530s
 80518  9457 infeasible   61      7.1640e+10 7.6306e+10  6.51%  34.3  535s
 81090  9481 7.6306e+10   63    4 7.1640e+10 7.6306e+10  6.51%  34.4  540s
 81706  9527 infeasible   63      7.1640e+10 7.6306e+10  6.51%  34.4  545s
 82345  9612 7.6306e+10   57   29 7.1640e+10 7.6306e+10  6.51%  34.5  550s
 82907  9642 7.6306e+10   56   30 7.1640e+10 7.6306e+10  6.51%  34.5  555s
 83561  9666 infeasible   56      7.1640e+10 7.6306e+10  6.51%  34.5  560s
 84085  9690 7.6306e+10   68   18 7.1640e+10 7.6306e+10  6.51%  34.6  565s
 84647  9794 7.6306e+10   67   16 7.1640e+10 7.6306e+10  6.51%  34.6  570s
 85325  9898 infeasible   73      7.1640e+10 7.6306e+10  6.51%  34.6  575s
 85928  9943 infeasible   64      7.1640e+10 7.6306e+10  6.51%  34.6  580s
 86650 10071 infeasible   69      7.1640e+10 7.6306e+10  6.51%  34.6  585s
 87285 10146 infeasible   61      7.1640e+10 7.6306e+10  6.51%  34.7  590s
 87980 10253 infeasible   64      7.1640e+10 7.6306e+10  6.51%  34.7  595s
 88663 10310 7.6306e+10   70   12 7.1640e+10 7.6306e+10  6.51%  34.7  600s
 89196 10383 7.6306e+10   58    6 7.1640e+10 7.6306e+10  6.51%  34.7  605s
 89855 10492 7.6306e+10   57   24 7.1640e+10 7.6306e+10  6.51%  34.7  610s
 90372 10531 infeasible   69      7.1640e+10 7.6306e+10  6.51%  34.8  615s
 91011 10608 7.6306e+10   62   16 7.1640e+10 7.6306e+10  6.51%  34.8  620s
 91640 10633 infeasible   76      7.1640e+10 7.6306e+10  6.51%  34.8  625s
 92215 10633 7.6306e+10   48   31 7.1640e+10 7.6306e+10  6.51%  34.9  630s
 92820 10704 infeasible   75      7.1640e+10 7.6306e+10  6.51%  34.9  635s
 93447 10717 infeasible   60      7.1640e+10 7.6306e+10  6.51%  35.0  640s
 94048 10818 7.6306e+10   72    9 7.1640e+10 7.6306e+10  6.51%  35.0  645s
 94633 10913 7.6306e+10   75   26 7.1640e+10 7.6306e+10  6.51%  35.0  650s
 95155 10983 7.6306e+10   60   22 7.1640e+10 7.6306e+10  6.51%  35.0  655s
 95726 11062 7.6306e+10   71   15 7.1640e+10 7.6306e+10  6.51%  35.1  660s
 96362 11089 7.6306e+10   68   12 7.1640e+10 7.6306e+10  6.51%  35.1  665s
 96872 11103 infeasible   60      7.1640e+10 7.6306e+10  6.51%  35.1  670s
 97609 11136 7.6306e+10   55    8 7.1640e+10 7.6306e+10  6.51%  35.1  675s
 98225 11218 7.6306e+10   70   16 7.1640e+10 7.6306e+10  6.51%  35.1  680s
 98822 11280 7.6306e+10   75   20 7.1640e+10 7.6306e+10  6.51%  35.1  685s
 99394 11384 7.6306e+10   68   26 7.1640e+10 7.6306e+10  6.51%  35.1  690s
 100044 11498 7.6306e+10   63    6 7.1640e+10 7.6306e+10  6.51%  35.2  695s
 100731 11551 infeasible   63      7.1640e+10 7.6306e+10  6.51%  35.2  700s
 101330 11628 infeasible   79      7.1640e+10 7.6306e+10  6.51%  35.2  705s
 101993 11733 infeasible   62      7.1640e+10 7.6306e+10  6.51%  35.2  710s
 102591 11817 7.6306e+10   67   11 7.1640e+10 7.6306e+10  6.51%  35.2  715s
 103225 11844 7.6306e+10   61   26 7.1640e+10 7.6306e+10  6.51%  35.2  720s
 103864 11968 infeasible   71      7.1640e+10 7.6306e+10  6.51%  35.3  725s
 104422 11970 infeasible   66      7.1640e+10 7.6306e+10  6.51%  35.3  730s
 105074 12068 7.6306e+10   63   21 7.1640e+10 7.6306e+10  6.51%  35.3  735s
 105627 12081 7.6306e+10   65   28 7.1640e+10 7.6306e+10  6.51%  35.3  740s
 106179 12105 7.6306e+10   71   31 7.1640e+10 7.6306e+10  6.51%  35.4  745s
 106765 12151 infeasible   73      7.1640e+10 7.6306e+10  6.51%  35.4  750s
 107338 12214 infeasible   69      7.1640e+10 7.6306e+10  6.51%  35.4  755s
 108038 12232 7.6306e+10   46   20 7.1640e+10 7.6306e+10  6.51%  35.4  760s
 108681 12287 7.6306e+10   69   14 7.1640e+10 7.6306e+10  6.51%  35.4  765s
 109384 12316 7.6306e+10   73   47 7.1640e+10 7.6306e+10  6.51%  35.4  770s
 109984 12362 infeasible   66      7.1640e+10 7.6306e+10  6.51%  35.4  775s
 110541 12413 infeasible   59      7.1640e+10 7.6306e+10  6.51%  35.4  780s
 111088 12494 7.6306e+10   64   34 7.1640e+10 7.6306e+10  6.51%  35.5  785s
 111699 12577 7.6306e+10   75   13 7.1640e+10 7.6306e+10  6.51%  35.5  790s
 112249 12610 7.6306e+10   55   12 7.1640e+10 7.6306e+10  6.51%  35.6  795s
 112791 12640 7.6306e+10   65   22 7.1640e+10 7.6306e+10  6.51%  35.5  800s
 113368 12735 7.6306e+10   50   22 7.1640e+10 7.6306e+10  6.51%  35.6  805s
 113943 12774 7.6306e+10   59   31 7.1640e+10 7.6306e+10  6.51%  35.6  810s
 114499 12844 7.6306e+10   67   22 7.1640e+10 7.6306e+10  6.51%  35.6  815s
 114984 12883 infeasible   64      7.1640e+10 7.6306e+10  6.51%  35.6  820s
 115656 12973 infeasible   65      7.1640e+10 7.6306e+10  6.51%  35.7  825s
 116231 13016 7.6306e+10   61   18 7.1640e+10 7.6306e+10  6.51%  35.7  830s
 116883 13044 infeasible   72      7.1640e+10 7.6306e+10  6.51%  35.7  835s
 117355 13068 7.6306e+10   71   30 7.1640e+10 7.6306e+10  6.51%  35.7  840s
 118069 13106 7.6306e+10   53   17 7.1640e+10 7.6306e+10  6.51%  35.7  845s
 118742 13181 7.6306e+10   49   17 7.1640e+10 7.6306e+10  6.51%  35.7  850s
 119310 13259 infeasible   75      7.1640e+10 7.6306e+10  6.51%  35.7  855s
 119820 13343 7.6306e+10   57   26 7.1640e+10 7.6306e+10  6.51%  35.7  860s
 120486 13411 infeasible   63      7.1640e+10 7.6306e+10  6.51%  35.8  865s
 121013 13468 7.6306e+10   65   11 7.1640e+10 7.6306e+10  6.51%  35.8  870s
 121615 13492 infeasible   72      7.1640e+10 7.6306e+10  6.51%  35.8  875s
 122077 13527 infeasible   66      7.1640e+10 7.6306e+10  6.51%  35.8  880s
 122791 13565 7.6306e+10   62   13 7.1640e+10 7.6306e+10  6.51%  35.9  885s
 123243 13579 7.6306e+10   73   11 7.1640e+10 7.6306e+10  6.51%  35.9  890s
 123771 13631 7.6306e+10   61   23 7.1640e+10 7.6306e+10  6.51%  35.9  895s
 124429 13681 7.6306e+10   62   34 7.1640e+10 7.6306e+10  6.51%  36.0  900s
 124975 13693 7.6306e+10   69    9 7.1640e+10 7.6306e+10  6.51%  36.0  905s
 125502 13750 infeasible   69      7.1640e+10 7.6306e+10  6.51%  36.0  910s
 125972 13782 7.6306e+10   68   15 7.1640e+10 7.6306e+10  6.51%  36.0  915s
 126638 13902 7.6306e+10   65   10 7.1640e+10 7.6306e+10  6.51%  36.0  920s
 127288 13990 7.6306e+10   63   22 7.1640e+10 7.6306e+10  6.51%  36.0  925s
 127876 13992 infeasible   67      7.1640e+10 7.6306e+10  6.51%  36.1  930s
 128413 14019 7.6306e+10   64   12 7.1640e+10 7.6306e+10  6.51%  36.1  935s
 128983 14057 7.6306e+10   64   22 7.1640e+10 7.6306e+10  6.51%  36.1  940s
 129539 14146 infeasible   55      7.1640e+10 7.6306e+10  6.51%  36.1  945s
 130089 14228 infeasible   57      7.1640e+10 7.6306e+10  6.51%  36.1  950s
 130674 14255 infeasible   70      7.1640e+10 7.6306e+10  6.51%  36.2  955s
 131308 14281 7.6306e+10   67    8 7.1640e+10 7.6306e+10  6.51%  36.2  960s
 131914 14297 7.6306e+10   62   19 7.1640e+10 7.6306e+10  6.51%  36.2  965s
 132533 14308 7.6306e+10   64   23 7.1640e+10 7.6306e+10  6.51%  36.2  970s
 133091 14340 7.6306e+10   54   12 7.1640e+10 7.6306e+10  6.51%  36.2  975s
 133722 14433 infeasible   67      7.1640e+10 7.6306e+10  6.51%  36.2  980s
 134284 14487 7.6306e+10   67   24 7.1640e+10 7.6306e+10  6.51%  36.2  985s
 134891 14528 infeasible   58      7.1640e+10 7.6306e+10  6.51%  36.2  990s
 135382 14537 7.6306e+10   58   24 7.1640e+10 7.6306e+10  6.51%  36.3  995s
 136039 14568 7.6306e+10   61   21 7.1640e+10 7.6306e+10  6.51%  36.3 1000s
 136602 14585 7.6306e+10   63   15 7.1640e+10 7.6306e+10  6.51%  36.3 1005s
 137085 14644 infeasible   65      7.1640e+10 7.6306e+10  6.51%  36.3 1010s
 137541 14690 infeasible   74      7.1640e+10 7.6306e+10  6.51%  36.4 1015s
 138160 14709 infeasible   75      7.1640e+10 7.6306e+10  6.51%  36.4 1020s
 138683 14736 infeasible   67      7.1640e+10 7.6306e+10  6.51%  36.4 1025s
 139158 14761 7.6306e+10   59   20 7.1640e+10 7.6306e+10  6.51%  36.4 1030s
 139869 14850 7.6306e+10   67   26 7.1640e+10 7.6306e+10  6.51%  36.4 1035s
 140361 14916 infeasible   73      7.1640e+10 7.6306e+10  6.51%  36.5 1040s
 140991 14932 7.6306e+10   63   12 7.1640e+10 7.6306e+10  6.51%  36.5 1045s
 141506 14953 7.6306e+10   69   16 7.1640e+10 7.6306e+10  6.51%  36.5 1050s
 142077 15012 infeasible   65      7.1640e+10 7.6306e+10  6.51%  36.5 1055s
 142699 15060 infeasible   71      7.1640e+10 7.6306e+10  6.51%  36.5 1060s
 143270 15065 7.6306e+10   74   25 7.1640e+10 7.6306e+10  6.51%  36.5 1065s
 143851 15118 7.6306e+10   68   29 7.1640e+10 7.6306e+10  6.51%  36.5 1070s
 144416 15113 7.6306e+10   62   14 7.1640e+10 7.6306e+10  6.51%  36.5 1075s
 145005 15098 7.6306e+10   54   19 7.1640e+10 7.6306e+10  6.51%  36.6 1080s
 145615 15158 7.6306e+10   76   16 7.1640e+10 7.6306e+10  6.51%  36.5 1085s
 146182 15163 infeasible   61      7.1640e+10 7.6306e+10  6.51%  36.6 1090s
 146700 15221 7.6306e+10   66   19 7.1640e+10 7.6306e+10  6.51%  36.6 1095s
 147321 15204 7.6306e+10   66   19 7.1640e+10 7.6306e+10  6.51%  36.6 1100s
 147847 15264 7.6306e+10   68   10 7.1640e+10 7.6306e+10  6.51%  36.6 1105s
 148551 15332 infeasible   74      7.1640e+10 7.6306e+10  6.51%  36.6 1110s
 149022 15391 7.6306e+10   68   13 7.1640e+10 7.6306e+10  6.51%  36.6 1115s
 149557 15410 7.6306e+10   69   20 7.1640e+10 7.6306e+10  6.51%  36.7 1120s
 150185 15426 7.6306e+10   77   11 7.1640e+10 7.6306e+10  6.51%  36.7 1125s
 150672 15427 7.6306e+10   64   20 7.1640e+10 7.6306e+10  6.51%  36.7 1130s
 151245 15468 7.6306e+10   54   30 7.1640e+10 7.6306e+10  6.51%  36.7 1135s
 151816 15511 infeasible   65      7.1640e+10 7.6306e+10  6.51%  36.7 1140s
 152319 15532 7.6306e+10   60   16 7.1640e+10 7.6306e+10  6.51%  36.7 1145s
 152988 15585 7.6306e+10   65    9 7.1640e+10 7.6306e+10  6.51%  36.7 1150s
 153525 15722 infeasible   60      7.1640e+10 7.6306e+10  6.51%  36.7 1155s
 154288 15839 infeasible   57      7.1640e+10 7.6306e+10  6.51%  36.7 1160s
 154790 15951 7.6306e+10   65    7 7.1640e+10 7.6306e+10  6.51%  36.7 1165s
 155184 16031 7.6306e+10   58   16 7.1640e+10 7.6306e+10  6.51%  36.7 1170s
 155739 16090 7.6306e+10   50   18 7.1640e+10 7.6306e+10  6.51%  36.7 1175s
 156303 16160 infeasible   62      7.1640e+10 7.6306e+10  6.51%  36.7 1180s
 156854 16241 7.6306e+10   67   22 7.1640e+10 7.6306e+10  6.51%  36.7 1185s
 157516 16299 7.6306e+10   59   13 7.1640e+10 7.6306e+10  6.51%  36.7 1190s
 158026 16375 7.6306e+10   60   16 7.1640e+10 7.6306e+10  6.51%  36.7 1195s
 158574 16389 7.6306e+10   60   17 7.1640e+10 7.6306e+10  6.51%  36.7 1200s
 159228 16447 7.6306e+10   58   22 7.1640e+10 7.6306e+10  6.51%  36.7 1205s
 159752 16534 7.6306e+10   58   21 7.1640e+10 7.6306e+10  6.51%  36.7 1210s
 160507 16625 infeasible   69      7.1640e+10 7.6306e+10  6.51%  36.7 1215s
 161118 16676 7.6306e+10   59   16 7.1640e+10 7.6306e+10  6.51%  36.7 1220s
 161690 16710 infeasible   61      7.1640e+10 7.6306e+10  6.51%  36.7 1225s
 162250 16732 infeasible   60      7.1640e+10 7.6306e+10  6.51%  36.7 1230s
 162881 16803 infeasible   64      7.1640e+10 7.6306e+10  6.51%  36.7 1235s
 163458 16912 7.6306e+10   66   12 7.1640e+10 7.6306e+10  6.51%  36.7 1240s
 163863 16937 infeasible   61      7.1640e+10 7.6306e+10  6.51%  36.7 1245s
 164523 16991 infeasible   71      7.1640e+10 7.6306e+10  6.51%  36.8 1250s
 165174 17070 7.6306e+10   72   11 7.1640e+10 7.6306e+10  6.51%  36.8 1255s
 165809 17117 7.6306e+10   63   31 7.1640e+10 7.6306e+10  6.51%  36.8 1260s
 166451 17195 7.6306e+10   65   13 7.1640e+10 7.6306e+10  6.51%  36.7 1265s
 166960 17258 infeasible   66      7.1640e+10 7.6306e+10  6.51%  36.7 1270s
 167603 17303 7.6306e+10   69   21 7.1640e+10 7.6306e+10  6.51%  36.7 1275s
 168256 17408 7.6306e+10   58   36 7.1640e+10 7.6306e+10  6.51%  36.7 1280s
 168812 17602 infeasible   67      7.1640e+10 7.6306e+10  6.51%  36.7 1285s
 169398 17706 7.6306e+10   65   22 7.1640e+10 7.6306e+10  6.51%  36.8 1290s
 169849 17767 infeasible   62      7.1640e+10 7.6306e+10  6.51%  36.8 1295s
 170429 17941 7.6306e+10   76   26 7.1640e+10 7.6306e+10  6.51%  36.8 1300s
 171094 18046 7.6306e+10   57   15 7.1640e+10 7.6306e+10  6.51%  36.8 1305s
 171611 18107 infeasible   58      7.1640e+10 7.6306e+10  6.51%  36.8 1310s
 172128 18184 infeasible   65      7.1640e+10 7.6306e+10  6.51%  36.8 1315s
 172693 18299 7.6306e+10   64   18 7.1640e+10 7.6306e+10  6.51%  36.8 1320s
 173233 18349 7.6306e+10   66   12 7.1640e+10 7.6306e+10  6.51%  36.9 1325s
 173746 18429 7.6306e+10   67   11 7.1640e+10 7.6306e+10  6.51%  36.9 1330s
 174280 18505 7.6306e+10   55   20 7.1640e+10 7.6306e+10  6.51%  36.9 1335s
 174800 18575 infeasible   70      7.1640e+10 7.6306e+10  6.51%  36.9 1340s
 175345 18660 7.6306e+10   59   12 7.1640e+10 7.6306e+10  6.51%  37.0 1345s
 175829 18671 7.6306e+10   57    8 7.1640e+10 7.6306e+10  6.51%  37.0 1350s
 176469 18697 infeasible   69      7.1640e+10 7.6306e+10  6.51%  37.0 1355s
 177035 18743 infeasible   71      7.1640e+10 7.6306e+10  6.51%  37.0 1360s
 177596 18730 7.6306e+10   65    8 7.1640e+10 7.6306e+10  6.51%  37.0 1365s
 178065 18739 7.6306e+10   66   17 7.1640e+10 7.6306e+10  6.51%  37.0 1370s
 178629 18753 7.6306e+10   58   17 7.1640e+10 7.6306e+10  6.51%  37.0 1375s
 179117 18809 7.6306e+10   68   25 7.1640e+10 7.6306e+10  6.51%  37.1 1380s
 179676 18865 infeasible   66      7.1640e+10 7.6306e+10  6.51%  37.1 1385s
 180137 18914 7.6306e+10   76   17 7.1640e+10 7.6306e+10  6.51%  37.1 1390s
 180646 19003 infeasible   61      7.1640e+10 7.6306e+10  6.51%  37.1 1395s
 181225 19066 7.6306e+10   75   32 7.1640e+10 7.6306e+10  6.51%  37.1 1400s
 181646 19081 7.6306e+10   55   21 7.1640e+10 7.6306e+10  6.51%  37.1 1405s
 182154 19133 infeasible   58      7.1640e+10 7.6306e+10  6.51%  37.1 1410s
 182798 19215 7.6306e+10   57   21 7.1640e+10 7.6306e+10  6.51%  37.2 1415s
 183361 19234 7.6306e+10   57   45 7.1640e+10 7.6306e+10  6.51%  37.2 1420s
 183898 19259 7.6306e+10   69   17 7.1640e+10 7.6306e+10  6.51%  37.2 1425s
 184504 19307 infeasible   62      7.1640e+10 7.6306e+10  6.51%  37.2 1430s
 185053 19388 infeasible   52      7.1640e+10 7.6306e+10  6.51%  37.2 1435s
 185708 19431 7.6306e+10   60   10 7.1640e+10 7.6306e+10  6.51%  37.1 1440s
 186321 19546 infeasible   65      7.1640e+10 7.6306e+10  6.51%  37.1 1445s
 186983 19586 infeasible   61      7.1640e+10 7.6306e+10  6.51%  37.1 1450s
 187561 19590 infeasible   60      7.1640e+10 7.6306e+10  6.51%  37.1 1455s
 188130 19605 7.6306e+10   64   16 7.1640e+10 7.6306e+10  6.51%  37.1 1460s
 188698 19631 7.6306e+10   50   35 7.1640e+10 7.6306e+10  6.51%  37.1 1465s
 189256 19647 7.6306e+10   56   30 7.1640e+10 7.6306e+10  6.51%  37.1 1470s
 189813 19730 7.6306e+10   65   13 7.1640e+10 7.6306e+10  6.51%  37.1 1475s
 190363 19788 7.6306e+10   55   11 7.1640e+10 7.6306e+10  6.51%  37.1 1481s
 190834 19835 7.6306e+10   57   32 7.1640e+10 7.6306e+10  6.51%  37.2 1485s
 191346 19892 infeasible   59      7.1640e+10 7.6306e+10  6.51%  37.2 1490s
 191886 19976 7.6306e+10   82   25 7.1640e+10 7.6306e+10  6.51%  37.2 1495s
 192374 19992 7.6306e+10   66   25 7.1640e+10 7.6306e+10  6.51%  37.2 1500s
 193020 20024 infeasible   69      7.1640e+10 7.6306e+10  6.51%  37.2 1505s
 193548 20042 7.6306e+10   62   20 7.1640e+10 7.6306e+10  6.51%  37.2 1510s
 194110 20062 7.6306e+10   62   27 7.1640e+10 7.6306e+10  6.51%  37.2 1515s
 194630 20076 7.6306e+10   49   28 7.1640e+10 7.6306e+10  6.51%  37.3 1520s
 195231 20135 7.6306e+10   61   16 7.1640e+10 7.6306e+10  6.51%  37.3 1525s
 195725 20181 7.6306e+10   66   24 7.1640e+10 7.6306e+10  6.51%  37.3 1530s
 196291 20203 7.6306e+10   57   28 7.1640e+10 7.6306e+10  6.51%  37.3 1535s
 196753 20284 7.6306e+10   78    4 7.1640e+10 7.6306e+10  6.51%  37.3 1540s
 197436 20295 7.6306e+10   60    8 7.1640e+10 7.6306e+10  6.51%  37.3 1545s
 197935 20327 7.6306e+10   65   21 7.1640e+10 7.6306e+10  6.51%  37.3 1550s
 198452 20352 7.6306e+10   56   20 7.1640e+10 7.6306e+10  6.51%  37.3 1555s
 199107 20403 7.6306e+10   67    6 7.1640e+10 7.6306e+10  6.51%  37.3 1560s
 199582 20434 infeasible   70      7.1640e+10 7.6306e+10  6.51%  37.3 1565s
 200207 20479 7.6306e+10   62    7 7.1640e+10 7.6306e+10  6.51%  37.3 1570s
 200705 20539 7.6306e+10   62   64 7.1640e+10 7.6306e+10  6.51%  37.3 1575s
 201219 20567 7.6306e+10   52   22 7.1640e+10 7.6306e+10  6.51%  37.3 1580s
 201670 20632 7.6306e+10   62   21 7.1640e+10 7.6306e+10  6.51%  37.3 1585s
 202343 20707 infeasible   67      7.1640e+10 7.6306e+10  6.51%  37.3 1590s
 202952 20764 7.6306e+10   61   21 7.1640e+10 7.6306e+10  6.51%  37.3 1595s
 203498 20780 7.6306e+10   63   16 7.1640e+10 7.6306e+10  6.51%  37.3 1600s
 204011 20795 7.6306e+10   60   21 7.1640e+10 7.6306e+10  6.51%  37.3 1605s
 204523 20799 7.6306e+10   60   10 7.1640e+10 7.6306e+10  6.51%  37.4 1610s
 205003 20822 7.6306e+10   62   24 7.1640e+10 7.6306e+10  6.51%  37.4 1615s
 205606 20883 7.6306e+10   65   18 7.1640e+10 7.6306e+10  6.51%  37.4 1620s
 206099 20898 infeasible   61      7.1640e+10 7.6306e+10  6.51%  37.4 1625s
 206648 20937 infeasible   67      7.1640e+10 7.6306e+10  6.51%  37.4 1630s
 207192 20971 7.6306e+10   64    9 7.1640e+10 7.6306e+10  6.51%  37.4 1635s
 207703 20988 7.6306e+10   57   34 7.1640e+10 7.6306e+10  6.51%  37.4 1640s
 208190 21060 infeasible   76      7.1640e+10 7.6306e+10  6.51%  37.4 1645s
 208846 21120 infeasible   67      7.1640e+10 7.6306e+10  6.51%  37.4 1650s
 209320 21158 7.6306e+10   65   14 7.1640e+10 7.6306e+10  6.51%  37.5 1655s
 209938 21192 7.6306e+10   70   24 7.1640e+10 7.6306e+10  6.51%  37.5 1660s
 210440 21242 7.6306e+10   62   21 7.1640e+10 7.6306e+10  6.51%  37.5 1665s
 210998 21278 7.6306e+10   58   14 7.1640e+10 7.6306e+10  6.51%  37.5 1670s
 211488 21310 7.6306e+10   59   21 7.1640e+10 7.6306e+10  6.51%  37.5 1675s
 212028 21347 infeasible   60      7.1640e+10 7.6306e+10  6.51%  37.5 1680s
 212440 21353 7.6306e+10   62   20 7.1640e+10 7.6306e+10  6.51%  37.5 1685s
 212934 21409 7.6306e+10   74   12 7.1640e+10 7.6306e+10  6.51%  37.5 1690s
 213416 21467 7.6306e+10   73   20 7.1640e+10 7.6306e+10  6.51%  37.5 1695s
 214039 21560 7.6306e+10   73   17 7.1640e+10 7.6306e+10  6.51%  37.6 1700s
 214468 21593 7.6306e+10   69   23 7.1640e+10 7.6306e+10  6.51%  37.6 1705s
 215066 21659 7.6306e+10   74   37 7.1640e+10 7.6306e+10  6.51%  37.6 1710s
 215570 21775 7.6306e+10   69   16 7.1640e+10 7.6306e+10  6.51%  37.6 1715s
 216113 21834 infeasible   70      7.1640e+10 7.6306e+10  6.51%  37.6 1720s
 216559 21888 7.6306e+10   66   13 7.1640e+10 7.6306e+10  6.51%  37.6 1725s
 217153 21950 infeasible   73      7.1640e+10 7.6306e+10  6.51%  37.6 1730s
 217622 21965 7.6306e+10   59   18 7.1640e+10 7.6306e+10  6.51%  37.6 1735s
 218246 22047 infeasible   67      7.1640e+10 7.6306e+10  6.51%  37.6 1740s
 218713 22088 7.6306e+10   67   12 7.1640e+10 7.6306e+10  6.51%  37.6 1745s
 219366 22133 7.6306e+10   53   16 7.1640e+10 7.6306e+10  6.51%  37.6 1750s
 219873 22197 infeasible   64      7.1640e+10 7.6306e+10  6.51%  37.6 1755s
 220417 22239 7.6306e+10   70   30 7.1640e+10 7.6306e+10  6.51%  37.6 1760s
 220948 22264 infeasible   68      7.1640e+10 7.6306e+10  6.51%  37.6 1765s
 221449 22281 7.6306e+10   65   25 7.1640e+10 7.6306e+10  6.51%  37.6 1770s
 222023 22321 7.6306e+10   65   23 7.1640e+10 7.6306e+10  6.51%  37.6 1775s
 222646 22354 7.6306e+10   66   18 7.1640e+10 7.6306e+10  6.51%  37.7 1780s
 223102 22370 infeasible   67      7.1640e+10 7.6306e+10  6.51%  37.7 1785s
 223627 22385 7.6306e+10   57   33 7.1640e+10 7.6306e+10  6.51%  37.7 1790s
 224170 22402 7.6306e+10   59    6 7.1640e+10 7.6306e+10  6.51%  37.6 1795s
 224752 22488 7.6306e+10   65   29 7.1640e+10 7.6306e+10  6.51%  37.7 1800s
 225145 22507 7.6306e+10   61   21 7.1640e+10 7.6306e+10  6.51%  37.7 1805s
 225724 22556 7.6306e+10   70   22 7.1640e+10 7.6306e+10  6.51%  37.7 1810s
 226246 22634 7.6306e+10   65   11 7.1640e+10 7.6306e+10  6.51%  37.7 1815s
 226827 22801 7.6306e+10   66   21 7.1640e+10 7.6306e+10  6.51%  37.7 1821s
 227308 22858 infeasible   67      7.1640e+10 7.6306e+10  6.51%  37.7 1825s
 227853 22952 7.6306e+10   63    6 7.1640e+10 7.6306e+10  6.51%  37.7 1830s
 228469 23012 7.6306e+10   62    8 7.1640e+10 7.6306e+10  6.51%  37.7 1835s
 228913 23052 infeasible   67      7.1640e+10 7.6306e+10  6.51%  37.7 1840s
 229572 23117 infeasible   67      7.1640e+10 7.6306e+10  6.51%  37.7 1845s
 230114 23181 7.6306e+10   67   28 7.1640e+10 7.6306e+10  6.51%  37.7 1850s
 230615 23228 infeasible   68      7.1640e+10 7.6306e+10  6.51%  37.7 1855s
 231140 23229 7.6306e+10   69   32 7.1640e+10 7.6306e+10  6.51%  37.7 1860s
 231565 23236 7.6306e+10   71   21 7.1640e+10 7.6306e+10  6.51%  37.7 1865s
 232191 23222 7.6306e+10   67   26 7.1640e+10 7.6306e+10  6.51%  37.8 1870s
 232667 23230 7.6306e+10   63   26 7.1640e+10 7.6306e+10  6.51%  37.8 1875s
 233167 23260 7.6306e+10   68   10 7.1640e+10 7.6306e+10  6.51%  37.8 1880s
 233712 23281 infeasible   62      7.1640e+10 7.6306e+10  6.51%  37.8 1885s
 234276 23295 7.6306e+10   72   28 7.1640e+10 7.6306e+10  6.51%  37.8 1890s
 234745 23292 7.6306e+10   57   29 7.1640e+10 7.6306e+10  6.51%  37.8 1895s
 235348 23297 7.6306e+10   62   12 7.1640e+10 7.6306e+10  6.51%  37.8 1900s
 235833 23324 7.6306e+10   68   14 7.1640e+10 7.6306e+10  6.51%  37.8 1905s
 236353 23342 7.6306e+10   64   15 7.1640e+10 7.6306e+10  6.51%  37.8 1910s
 236978 23345 7.6306e+10   67   25 7.1640e+10 7.6306e+10  6.51%  37.8 1915s
 237505 23372 7.6306e+10   71    7 7.1640e+10 7.6306e+10  6.51%  37.8 1920s
 238072 23389 7.6306e+10   60    7 7.1640e+10 7.6306e+10  6.51%  37.8 1925s
 238517 23384 7.6306e+10   61   18 7.1640e+10 7.6306e+10  6.51%  37.8 1930s
 239023 23388 7.6306e+10   69   20 7.1640e+10 7.6306e+10  6.51%  37.9 1935s
 239549 23404 infeasible   62      7.1640e+10 7.6306e+10  6.51%  37.9 1940s
 240166 23444 7.6306e+10   70   31 7.1640e+10 7.6306e+10  6.51%  37.9 1945s
 240637 23475 infeasible   71      7.1640e+10 7.6306e+10  6.51%  37.9 1950s
 241304 23580 7.6306e+10   66   19 7.1640e+10 7.6306e+10  6.51%  37.9 1955s
 241895 23623 7.6306e+10   64   33 7.1640e+10 7.6306e+10  6.51%  37.8 1960s
 242405 23633 infeasible   75      7.1640e+10 7.6306e+10  6.51%  37.9 1965s
 242937 23645 infeasible   57      7.1640e+10 7.6306e+10  6.51%  37.9 1970s
 243524 23848 7.6306e+10   69    8 7.1640e+10 7.6306e+10  6.51%  37.9 1975s
 244184 23954 7.6306e+10   61   28 7.1640e+10 7.6306e+10  6.51%  37.9 1980s
 244745 24051 7.6306e+10   62   18 7.1640e+10 7.6306e+10  6.51%  37.9 1985s
 245201 24129 7.6306e+10   56   20 7.1640e+10 7.6306e+10  6.51%  37.9 1990s
 245931 24245 infeasible   71      7.1640e+10 7.6306e+10  6.51%  37.9 1995s
 246444 24311 infeasible   69      7.1640e+10 7.6306e+10  6.51%  37.9 2000s
 246944 24361 7.6306e+10   61   15 7.1640e+10 7.6306e+10  6.51%  37.9 2005s
 247660 24467 7.6306e+10   72   13 7.1640e+10 7.6306e+10  6.51%  37.9 2010s
 248236 24555 7.6306e+10   63   13 7.1640e+10 7.6306e+10  6.51%  37.8 2015s
 248734 24611 7.6306e+10   59   24 7.1640e+10 7.6306e+10  6.51%  37.9 2020s
 249431 24734 7.6306e+10   66    9 7.1640e+10 7.6306e+10  6.51%  37.8 2025s
 249847 24786 7.6306e+10   63   17 7.1640e+10 7.6306e+10  6.51%  37.9 2030s
 250399 24840 7.6306e+10   71    6 7.1640e+10 7.6306e+10  6.51%  37.9 2035s
 250940 24883 7.6306e+10   74   19 7.1640e+10 7.6306e+10  6.51%  37.9 2040s
 251453 24946 infeasible   69      7.1640e+10 7.6306e+10  6.51%  37.9 2045s
 252037 25034 7.6306e+10   68   27 7.1640e+10 7.6306e+10  6.51%  37.9 2050s
 252592 25127 7.6306e+10   71   30 7.1640e+10 7.6306e+10  6.51%  37.9 2055s
 253267 25252 7.6306e+10   63   21 7.1640e+10 7.6306e+10  6.51%  37.9 2060s
 253892 25291 7.6306e+10   56   21 7.1640e+10 7.6306e+10  6.51%  37.8 2065s
 254418 25331 7.6306e+10   72   24 7.1640e+10 7.6306e+10  6.51%  37.8 2070s
 254941 25369 7.6306e+10   67   19 7.1640e+10 7.6306e+10  6.51%  37.8 2075s
 255445 25434 7.6306e+10   59   24 7.1640e+10 7.6306e+10  6.51%  37.9 2080s
 256076 25465 7.6306e+10   59   19 7.1640e+10 7.6306e+10  6.51%  37.9 2085s
 256513 25480 7.6306e+10   73   10 7.1640e+10 7.6306e+10  6.51%  37.9 2090s
 257160 25521 infeasible   68      7.1640e+10 7.6306e+10  6.51%  37.9 2095s
 257599 25538 7.6306e+10   67   13 7.1640e+10 7.6306e+10  6.51%  37.9 2100s
 258320 25623 7.6306e+10   69   14 7.1640e+10 7.6306e+10  6.51%  37.9 2105s
 258869 25675 7.6306e+10   68   28 7.1640e+10 7.6306e+10  6.51%  37.9 2110s
 259416 25706 7.6306e+10   59   14 7.1640e+10 7.6306e+10  6.51%  37.9 2115s
 260033 25753 infeasible   74      7.1640e+10 7.6306e+10  6.51%  37.9 2120s
 260552 25845 7.6306e+10   56   18 7.1640e+10 7.6306e+10  6.51%  37.9 2125s
 261214 25885 7.6306e+10   72   14 7.1640e+10 7.6306e+10  6.51%  37.9 2130s
 261745 25880 infeasible   66      7.1640e+10 7.6306e+10  6.51%  37.9 2135s
 262203 25906 7.6306e+10   75   27 7.1640e+10 7.6306e+10  6.51%  37.9 2140s
 262862 25897 7.6306e+10   55    6 7.1640e+10 7.6306e+10  6.51%  37.9 2145s
 263365 25937 infeasible   66      7.1640e+10 7.6306e+10  6.51%  37.9 2150s
 263934 25994 7.6306e+10   78   26 7.1640e+10 7.6306e+10  6.51%  37.9 2155s
 264517 26057 7.6306e+10   68   18 7.1640e+10 7.6306e+10  6.51%  37.9 2160s
 264977 26073 7.6306e+10   59   27 7.1640e+10 7.6306e+10  6.51%  37.9 2165s
 265551 26245 7.6306e+10   66   22 7.1640e+10 7.6306e+10  6.51%  37.9 2170s
 266197 26323 7.6306e+10   77   17 7.1640e+10 7.6306e+10  6.51%  37.9 2175s
 266773 26411 infeasible   75      7.1640e+10 7.6306e+10  6.51%  37.9 2180s
 267405 26471 7.6306e+10   80   16 7.1640e+10 7.6306e+10  6.51%  37.9 2185s
 268008 26530 infeasible   65      7.1640e+10 7.6306e+10  6.51%  37.9 2190s
 268551 26575 infeasible   57      7.1640e+10 7.6306e+10  6.51%  37.9 2195s
 269207 26689 7.6306e+10   64   12 7.1640e+10 7.6306e+10  6.51%  37.9 2200s
 269782 26736 7.6306e+10   64   29 7.1640e+10 7.6306e+10  6.51%  37.9 2205s
 270177 26779 7.6306e+10   68   14 7.1640e+10 7.6306e+10  6.51%  37.9 2210s
 270758 26838 infeasible   78      7.1640e+10 7.6306e+10  6.51%  37.9 2215s
 271261 26845 7.6306e+10   69   29 7.1640e+10 7.6306e+10  6.51%  37.9 2220s
 271747 26861 infeasible   67      7.1640e+10 7.6306e+10  6.51%  37.9 2225s
 272437 26879 7.6306e+10   69    8 7.1640e+10 7.6306e+10  6.51%  37.9 2230s
 272966 26892 7.6306e+10   62   20 7.1640e+10 7.6306e+10  6.51%  37.9 2235s
 273438 26904 7.6306e+10   65   16 7.1640e+10 7.6306e+10  6.51%  37.9 2240s
 274019 26897 infeasible   74      7.1640e+10 7.6306e+10  6.51%  37.9 2245s
 274466 26920 7.6306e+10   61   13 7.1640e+10 7.6306e+10  6.51%  37.9 2250s
 275090 26950 7.6306e+10   65   22 7.1640e+10 7.6306e+10  6.51%  37.9 2255s
 275668 26982 7.6306e+10   64    4 7.1640e+10 7.6306e+10  6.51%  37.9 2260s
 276186 27058 7.6306e+10   67   12 7.1640e+10 7.6306e+10  6.51%  37.9 2265s
 276725 27111 infeasible   68      7.1640e+10 7.6306e+10  6.51%  37.9 2270s
 277197 27153 7.6306e+10   69   24 7.1640e+10 7.6306e+10  6.51%  37.9 2275s
 277747 27206 7.6306e+10   62   14 7.1640e+10 7.6306e+10  6.51%  37.9 2280s
 278388 27228 7.6306e+10   63   42 7.1640e+10 7.6306e+10  6.51%  37.9 2285s
 278862 27238 7.6306e+10   63   18 7.1640e+10 7.6306e+10  6.51%  37.9 2290s
 279430 27288 7.6306e+10   65   10 7.1640e+10 7.6306e+10  6.51%  37.9 2295s
 280112 27332 7.6306e+10   60   14 7.1640e+10 7.6306e+10  6.51%  37.9 2300s
 280669 27357 7.6306e+10   59   17 7.1640e+10 7.6306e+10  6.51%  37.9 2305s
 281148 27356 7.6306e+10   62   21 7.1640e+10 7.6306e+10  6.51%  37.9 2310s
 281641 27423 7.6306e+10   52   30 7.1640e+10 7.6306e+10  6.51%  38.0 2315s
 282165 27421 infeasible   56      7.1640e+10 7.6306e+10  6.51%  38.0 2320s
 282589 27401 7.6306e+10   64   21 7.1640e+10 7.6306e+10  6.51%  38.0 2325s
 283231 27451 infeasible   54      7.1640e+10 7.6306e+10  6.51%  38.0 2330s
 283670 27442 7.6306e+10   49   32 7.1640e+10 7.6306e+10  6.51%  38.0 2335s
 284268 27458 7.6306e+10   62   29 7.1640e+10 7.6306e+10  6.51%  38.0 2340s
 284772 27478 infeasible   81      7.1640e+10 7.6306e+10  6.51%  38.0 2345s
 285346 27483 infeasible   68      7.1640e+10 7.6306e+10  6.51%  38.0 2350s
 285792 27509 7.6306e+10   73   17 7.1640e+10 7.6306e+10  6.51%  38.0 2355s
 286451 27532 infeasible   62      7.1640e+10 7.6306e+10  6.51%  38.0 2360s
 286922 27533 7.6306e+10   72    6 7.1640e+10 7.6306e+10  6.51%  38.0 2365s
 287504 27520 infeasible   66      7.1640e+10 7.6306e+10  6.51%  38.0 2370s
 287991 27521 7.6306e+10   54   24 7.1640e+10 7.6306e+10  6.51%  38.0 2375s
 288518 27520 infeasible   69      7.1640e+10 7.6306e+10  6.51%  38.0 2380s
 288975 27534 7.6306e+10   62   29 7.1640e+10 7.6306e+10  6.51%  38.0 2385s
 289542 27545 7.6306e+10   65   25 7.1640e+10 7.6306e+10  6.51%  38.1 2390s
 290040 27565 7.6306e+10   66   22 7.1640e+10 7.6306e+10  6.51%  38.1 2395s
 290677 27614 7.6306e+10   66   24 7.1640e+10 7.6306e+10  6.51%  38.1 2400s
 291216 27649 infeasible   65      7.1640e+10 7.6306e+10  6.51%  38.1 2405s
 291673 27646 infeasible   66      7.1640e+10 7.6306e+10  6.51%  38.1 2410s
 292289 27670 7.6306e+10   67   20 7.1640e+10 7.6306e+10  6.51%  38.1 2415s
 292818 27667 7.6306e+10   63   17 7.1640e+10 7.6306e+10  6.51%  38.1 2420s
 293338 27659 infeasible   70      7.1640e+10 7.6306e+10  6.51%  38.1 2425s
 293938 27717 infeasible   66      7.1640e+10 7.6306e+10  6.51%  38.1 2430s
 294410 27741 7.6306e+10   61   22 7.1640e+10 7.6306e+10  6.51%  38.1 2435s
 294830 27761 infeasible   64      7.1640e+10 7.6306e+10  6.51%  38.1 2440s
 295515 27842 7.6306e+10   70   11 7.1640e+10 7.6306e+10  6.51%  38.1 2445s
 296062 27859 7.6306e+10   75   16 7.1640e+10 7.6306e+10  6.51%  38.1 2450s
 296605 27880 7.6306e+10   65   18 7.1640e+10 7.6306e+10  6.51%  38.1 2455s
 297112 27973 7.6306e+10   64   47 7.1640e+10 7.6306e+10  6.51%  38.1 2460s
 297582 28006 7.6306e+10   63    8 7.1640e+10 7.6306e+10  6.51%  38.1 2465s
 298182 28042 infeasible   69      7.1640e+10 7.6306e+10  6.51%  38.1 2470s
 298612 28042 infeasible   61      7.1640e+10 7.6306e+10  6.51%  38.1 2475s
 299148 28080 7.6306e+10   55   25 7.1640e+10 7.6306e+10  6.51%  38.1 2480s
 299843 28165 7.6306e+10   71   10 7.1640e+10 7.6306e+10  6.51%  38.1 2485s
 300319 28159 7.6306e+10   64   28 7.1640e+10 7.6306e+10  6.51%  38.1 2490s
 300820 28156 7.6306e+10   60   16 7.1640e+10 7.6306e+10  6.51%  38.1 2495s
 301300 28163 7.6306e+10   71   22 7.1640e+10 7.6306e+10  6.51%  38.2 2500s
 301814 28172 7.6306e+10   64   15 7.1640e+10 7.6306e+10  6.51%  38.2 2505s
 302306 28190 infeasible   63      7.1640e+10 7.6306e+10  6.51%  38.2 2510s
 302669 28225 7.6306e+10   61   14 7.1640e+10 7.6306e+10  6.51%  38.2 2515s
 303307 28303 infeasible   58      7.1640e+10 7.6306e+10  6.51%  38.2 2520s
 303739 28315 7.6306e+10   56   14 7.1640e+10 7.6306e+10  6.51%  38.2 2525s
 304380 28298 infeasible   62      7.1640e+10 7.6306e+10  6.51%  38.2 2530s
 304881 28305 7.6306e+10   70   20 7.1640e+10 7.6306e+10  6.51%  38.2 2535s
 305381 28385 7.6306e+10   74   15 7.1640e+10 7.6306e+10  6.51%  38.2 2540s
 305946 28374 infeasible   75      7.1640e+10 7.6306e+10  6.51%  38.2 2545s
 306386 28402 7.6306e+10   67   29 7.1640e+10 7.6306e+10  6.51%  38.2 2550s
 306942 28442 infeasible   62      7.1640e+10 7.6306e+10  6.51%  38.2 2555s
 307479 28477 7.6306e+10   70   37 7.1640e+10 7.6306e+10  6.51%  38.2 2560s
 307888 28492 infeasible   67      7.1640e+10 7.6306e+10  6.51%  38.2 2565s
 308475 28539 7.6306e+10   64   13 7.1640e+10 7.6306e+10  6.51%  38.2 2570s
 309027 28567 infeasible   64      7.1640e+10 7.6306e+10  6.51%  38.2 2575s
 309520 28546 7.6306e+10   53   16 7.1640e+10 7.6306e+10  6.51%  38.2 2580s
 310040 28565 7.6306e+10   62   22 7.1640e+10 7.6306e+10  6.51%  38.2 2585s
 310531 28582 7.6306e+10   86   26 7.1640e+10 7.6306e+10  6.51%  38.2 2590s
 311147 28592 infeasible   52      7.1640e+10 7.6306e+10  6.51%  38.3 2595s
 311555 28672 7.6306e+10   59   17 7.1640e+10 7.6306e+10  6.51%  38.3 2600s
 312057 28715 7.6306e+10   64   12 7.1640e+10 7.6306e+10  6.51%  38.3 2605s
 312527 28727 7.6306e+10   57   12 7.1640e+10 7.6306e+10  6.51%  38.3 2610s
 313002 28738 7.6306e+10   73   12 7.1640e+10 7.6306e+10  6.51%  38.3 2615s
 313483 28757 7.6306e+10   67   14 7.1640e+10 7.6306e+10  6.51%  38.3 2620s
 313969 28761 7.6306e+10   60   11 7.1640e+10 7.6306e+10  6.51%  38.3 2625s
 314444 28780 7.6306e+10   68   22 7.1640e+10 7.6306e+10  6.51%  38.3 2630s
 315034 28854 7.6306e+10   62   10 7.1640e+10 7.6306e+10  6.51%  38.3 2635s
 315493 28872 7.6306e+10   74   11 7.1640e+10 7.6306e+10  6.51%  38.3 2640s
 316031 28894 7.6306e+10   52   27 7.1640e+10 7.6306e+10  6.51%  38.3 2645s
 316584 28930 infeasible   65      7.1640e+10 7.6306e+10  6.51%  38.3 2650s
 317100 28992 7.6306e+10   65   10 7.1640e+10 7.6306e+10  6.51%  38.3 2655s
 317551 29015 infeasible   65      7.1640e+10 7.6306e+10  6.51%  38.3 2660s
 318069 29041 7.6306e+10   70   13 7.1640e+10 7.6306e+10  6.51%  38.3 2665s
 318627 29058 infeasible   65      7.1640e+10 7.6306e+10  6.51%  38.3 2670s
 319108 29104 infeasible   71      7.1640e+10 7.6306e+10  6.51%  38.4 2675s
 319619 29149 7.6306e+10   64   15 7.1640e+10 7.6306e+10  6.51%  38.4 2680s
 320068 29170 7.6306e+10   66   12 7.1640e+10 7.6306e+10  6.51%  38.4 2685s
 320566 29195 infeasible   72      7.1640e+10 7.6306e+10  6.51%  38.4 2690s
 321187 29196 7.6306e+10   65   21 7.1640e+10 7.6306e+10  6.51%  38.4 2695s
 321642 29202 7.6306e+10   65   22 7.1640e+10 7.6306e+10  6.51%  38.4 2700s
 322176 29224 7.6306e+10   59   37 7.1640e+10 7.6306e+10  6.51%  38.4 2705s
 322745 29243 7.6306e+10   54    7 7.1640e+10 7.6306e+10  6.51%  38.4 2710s
 323213 29283 7.6306e+10   67   21 7.1640e+10 7.6306e+10  6.51%  38.4 2715s
 323718 29292 infeasible   64      7.1640e+10 7.6306e+10  6.51%  38.4 2720s
 324309 29381 7.6306e+10   67    4 7.1640e+10 7.6306e+10  6.51%  38.4 2725s
 324852 29404 infeasible   71      7.1640e+10 7.6306e+10  6.51%  38.4 2730s
 325371 29441 infeasible   62      7.1640e+10 7.6306e+10  6.51%  38.4 2735s
 325946 29485 7.6306e+10   66   26 7.1640e+10 7.6306e+10  6.51%  38.4 2740s
 326433 29484 7.6306e+10   65   16 7.1640e+10 7.6306e+10  6.51%  38.4 2745s
 326805 29517 7.6306e+10   69    8 7.1640e+10 7.6306e+10  6.51%  38.4 2750s
 327388 29534 7.6306e+10   61   31 7.1640e+10 7.6306e+10  6.51%  38.4 2755s
 327880 29568 7.6306e+10   63    6 7.1640e+10 7.6306e+10  6.51%  38.4 2760s
 328374 29552 infeasible   75      7.1640e+10 7.6306e+10  6.51%  38.4 2765s
 328902 29604 7.6306e+10   57   12 7.1640e+10 7.6306e+10  6.51%  38.4 2770s
 329433 29619 infeasible   70      7.1640e+10 7.6306e+10  6.51%  38.5 2775s
 329834 29641 infeasible   68      7.1640e+10 7.6306e+10  6.51%  38.5 2780s
 330485 29675 7.6306e+10   63   11 7.1640e+10 7.6306e+10  6.51%  38.5 2785s
 330971 29699 7.6306e+10   68   37 7.1640e+10 7.6306e+10  6.51%  38.5 2790s
 331399 29766 7.6306e+10   62   21 7.1640e+10 7.6306e+10  6.51%  38.5 2795s
 331916 29843 7.6306e+10   52   21 7.1640e+10 7.6306e+10  6.51%  38.5 2800s
 332390 29887 7.6306e+10   64   18 7.1640e+10 7.6306e+10  6.51%  38.5 2805s
 332932 29944 7.6306e+10   67   12 7.1640e+10 7.6306e+10  6.51%  38.5 2810s
 333388 29966 7.6306e+10   70   29 7.1640e+10 7.6306e+10  6.51%  38.5 2815s
 333900 30042 7.6306e+10   61   22 7.1640e+10 7.6306e+10  6.51%  38.5 2820s
 334403 30059 infeasible   65      7.1640e+10 7.6306e+10  6.51%  38.5 2825s
 334827 30155 7.6306e+10   65   16 7.1640e+10 7.6306e+10  6.51%  38.5 2830s
 335419 30175 infeasible   64      7.1640e+10 7.6306e+10  6.51%  38.6 2835s
 335879 30201 7.6306e+10   57   18 7.1640e+10 7.6306e+10  6.51%  38.6 2840s
 336479 30265 7.6306e+10   75    7 7.1640e+10 7.6306e+10  6.51%  38.6 2845s
 336977 30267 infeasible   71      7.1640e+10 7.6306e+10  6.51%  38.6 2850s
 337524 30290 infeasible   68      7.1640e+10 7.6306e+10  6.51%  38.6 2855s
 338032 30334 7.6306e+10   69   23 7.1640e+10 7.6306e+10  6.51%  38.6 2860s
 338490 30394 infeasible   59      7.1640e+10 7.6306e+10  6.51%  38.6 2865s
 339057 30439 infeasible   65      7.1640e+10 7.6306e+10  6.51%  38.6 2870s
 339611 30479 infeasible   67      7.1640e+10 7.6306e+10  6.51%  38.6 2875s
 340102 30522 7.6306e+10   64   37 7.1640e+10 7.6306e+10  6.51%  38.6 2880s
 340529 30515 infeasible   66      7.1640e+10 7.6306e+10  6.51%  38.6 2885s
 341132 30590 7.6306e+10   55   15 7.1640e+10 7.6306e+10  6.51%  38.6 2890s
 341556 30658 7.6306e+10   69   23 7.1640e+10 7.6306e+10  6.51%  38.6 2895s
 342113 30697 7.6306e+10   66   17 7.1640e+10 7.6306e+10  6.51%  38.6 2900s
 342662 30760 infeasible   67      7.1640e+10 7.6306e+10  6.51%  38.6 2905s
 343196 30756 7.6306e+10   69   19 7.1640e+10 7.6306e+10  6.51%  38.6 2910s
 343664 30762 infeasible   70      7.1640e+10 7.6306e+10  6.51%  38.6 2915s
 344249 30772 7.6306e+10   64   17 7.1640e+10 7.6306e+10  6.51%  38.6 2920s
 344864 30797 7.6306e+10   63   18 7.1640e+10 7.6306e+10  6.51%  38.6 2925s
 345452 30859 7.6306e+10   59   27 7.1640e+10 7.6306e+10  6.51%  38.6 2930s
 345964 30965 7.6306e+10   63   24 7.1640e+10 7.6306e+10  6.51%  38.6 2935s
 346527 31022 infeasible   64      7.1640e+10 7.6306e+10  6.51%  38.6 2940s
 346964 31051 7.6306e+10   68   21 7.1640e+10 7.6306e+10  6.51%  38.6 2945s
 347417 31079 7.6306e+10   71   18 7.1640e+10 7.6306e+10  6.51%  38.6 2950s
 348058 31100 7.6306e+10   67   15 7.1640e+10 7.6306e+10  6.51%  38.6 2955s
 348501 31131 7.6306e+10   65   42 7.1640e+10 7.6306e+10  6.51%  38.6 2960s
 349199 31169 7.6306e+10   63   17 7.1640e+10 7.6306e+10  6.51%  38.6 2965s
 349689 31165 infeasible   60      7.1640e+10 7.6306e+10  6.51%  38.6 2970s
 350204 31214 7.6306e+10   62   30 7.1640e+10 7.6306e+10  6.51%  38.6 2975s
 350832 31273 7.6306e+10   59   12 7.1640e+10 7.6306e+10  6.51%  38.6 2980s
 351461 31348 7.6306e+10   68   13 7.1640e+10 7.6306e+10  6.51%  38.6 2985s
 351987 31379 infeasible   65      7.1640e+10 7.6306e+10  6.51%  38.6 2990s
 352484 31386 7.6306e+10   57   13 7.1640e+10 7.6306e+10  6.51%  38.6 2995s
 353205 31443 infeasible   73      7.1640e+10 7.6306e+10  6.51%  38.6 3000s
 353772 31440 7.6306e+10   63    9 7.1640e+10 7.6306e+10  6.51%  38.6 3005s
 354272 31434 7.6306e+10   67   21 7.1640e+10 7.6306e+10  6.51%  38.6 3010s
 354935 31491 7.6306e+10   58   29 7.1640e+10 7.6306e+10  6.51%  38.6 3015s
 355459 31497 7.6306e+10   65   13 7.1640e+10 7.6306e+10  6.51%  38.6 3020s
 355908 31516 7.6306e+10   69   10 7.1640e+10 7.6306e+10  6.51%  38.6 3025s
 356526 31500 infeasible   62      7.1640e+10 7.6306e+10  6.51%  38.6 3030s
 356917 31543 infeasible   59      7.1640e+10 7.6306e+10  6.51%  38.6 3035s
 357546 31568 7.6306e+10   60   31 7.1640e+10 7.6306e+10  6.51%  38.6 3040s
 357970 31582 7.6306e+10   65    9 7.1640e+10 7.6306e+10  6.51%  38.6 3045s
 358507 31646 7.6306e+10   72   10 7.1640e+10 7.6306e+10  6.51%  38.6 3050s
 358946 31665 7.6306e+10   63   30 7.1640e+10 7.6306e+10  6.51%  38.6 3055s
 359429 31698 infeasible   70      7.1640e+10 7.6306e+10  6.51%  38.6 3060s
 359975 31746 7.6306e+10   64   31 7.1640e+10 7.6306e+10  6.51%  38.7 3065s
 360542 31791 infeasible   67      7.1640e+10 7.6306e+10  6.51%  38.7 3070s
 360978 31797 7.6306e+10   56   17 7.1640e+10 7.6306e+10  6.51%  38.7 3075s
 361571 31850 7.6306e+10   62   29 7.1640e+10 7.6306e+10  6.51%  38.7 3080s
 361988 31871 7.6306e+10   60   14 7.1640e+10 7.6306e+10  6.51%  38.7 3085s
 362501 31872 infeasible   67      7.1640e+10 7.6306e+10  6.51%  38.7 3090s
 362970 31877 infeasible   67      7.1640e+10 7.6306e+10  6.51%  38.7 3095s
 363672 31933 infeasible   70      7.1640e+10 7.6306e+10  6.51%  38.7 3100s
 363951 31964 7.6306e+10   70   11 7.1640e+10 7.6306e+10  6.51%  38.7 3105s
 364690 31975 7.6306e+10   65   21 7.1640e+10 7.6306e+10  6.51%  38.7 3110s
 365286 32061 infeasible   68      7.1640e+10 7.6306e+10  6.51%  38.7 3115s
 365722 32051 7.6306e+10   64    7 7.1640e+10 7.6306e+10  6.51%  38.7 3120s
 366150 32073 infeasible   59      7.1640e+10 7.6306e+10  6.51%  38.7 3125s
 366768 32105 infeasible   69      7.1640e+10 7.6306e+10  6.51%  38.7 3130s
 367229 32118 7.6306e+10   68   17 7.1640e+10 7.6306e+10  6.51%  38.7 3135s
 367821 32122 7.6306e+10   70   17 7.1640e+10 7.6306e+10  6.51%  38.7 3140s
 368320 32173 7.6306e+10   70   20 7.1640e+10 7.6306e+10  6.51%  38.7 3145s
 368830 32165 infeasible   79      7.1640e+10 7.6306e+10  6.51%  38.7 3150s
 369319 32168 infeasible   63      7.1640e+10 7.6306e+10  6.51%  38.7 3155s
 369906 32189 infeasible   72      7.1640e+10 7.6306e+10  6.51%  38.7 3160s
 370371 32206 7.6306e+10   66   21 7.1640e+10 7.6306e+10  6.51%  38.7 3165s
 371012 32207 7.6306e+10   60   17 7.1640e+10 7.6306e+10  6.51%  38.7 3170s
 371507 32200 infeasible   73      7.1640e+10 7.6306e+10  6.51%  38.7 3175s
 371962 32197 7.6306e+10   64   19 7.1640e+10 7.6306e+10  6.51%  38.7 3180s
 372467 32210 7.6306e+10   69   25 7.1640e+10 7.6306e+10  6.51%  38.7 3185s
 372973 32242 infeasible   66      7.1640e+10 7.6306e+10  6.51%  38.7 3190s
 373418 32257 7.6306e+10   55   22 7.1640e+10 7.6306e+10  6.51%  38.7 3195s
 373987 32288 infeasible   70      7.1640e+10 7.6306e+10  6.51%  38.7 3200s
 374401 32274 infeasible   76      7.1640e+10 7.6306e+10  6.51%  38.7 3205s
 375063 32342 infeasible   72      7.1640e+10 7.6306e+10  6.51%  38.7 3210s
 375497 32356 7.6306e+10   66   15 7.1640e+10 7.6306e+10  6.51%  38.7 3215s
 376099 32396 infeasible   63      7.1640e+10 7.6306e+10  6.51%  38.7 3220s
 376610 32413 7.6306e+10   65    8 7.1640e+10 7.6306e+10  6.51%  38.8 3225s
 377100 32439 7.6306e+10   62   16 7.1640e+10 7.6306e+10  6.51%  38.8 3230s
 377485 32468 7.6306e+10   61   28 7.1640e+10 7.6306e+10  6.51%  38.8 3235s
 378099 32468 7.6306e+10   51   32 7.1640e+10 7.6306e+10  6.51%  38.8 3240s
 378622 32475 infeasible   64      7.1640e+10 7.6306e+10  6.51%  38.8 3245s
 379143 32494 infeasible   71      7.1640e+10 7.6306e+10  6.51%  38.8 3250s
 379650 32579 7.6306e+10   61   16 7.1640e+10 7.6306e+10  6.51%  38.8 3255s
 380246 32606 infeasible   60      7.1640e+10 7.6306e+10  6.51%  38.8 3260s
 380716 32658 infeasible   68      7.1640e+10 7.6306e+10  6.51%  38.8 3265s
 381225 32665 7.6306e+10   66   23 7.1640e+10 7.6306e+10  6.51%  38.8 3270s
 381797 32677 7.6306e+10   60   32 7.1640e+10 7.6306e+10  6.51%  38.8 3276s
 382240 32678 infeasible   73      7.1640e+10 7.6306e+10  6.51%  38.8 3280s
 382790 32684 infeasible   62      7.1640e+10 7.6306e+10  6.51%  38.8 3285s
 383344 32638 7.6306e+10   55   20 7.1640e+10 7.6306e+10  6.51%  38.8 3290s
 383853 32667 7.6306e+10   73   15 7.1640e+10 7.6306e+10  6.51%  38.8 3295s
 384313 32710 infeasible   71      7.1640e+10 7.6306e+10  6.51%  38.8 3300s
 384789 32746 7.6306e+10   66   23 7.1640e+10 7.6306e+10  6.51%  38.8 3305s
 385423 32732 7.6306e+10   78    6 7.1640e+10 7.6306e+10  6.51%  38.8 3310s
 385856 32729 7.6306e+10   62   22 7.1640e+10 7.6306e+10  6.51%  38.8 3315s
 386417 32736 7.6306e+10   57   16 7.1640e+10 7.6306e+10  6.51%  38.8 3320s
 386823 32756 7.6306e+10   69   12 7.1640e+10 7.6306e+10  6.51%  38.8 3325s
 387435 32814 7.6306e+10   63   13 7.1640e+10 7.6306e+10  6.51%  38.8 3330s
 387931 32826 7.6306e+10   60   23 7.1640e+10 7.6306e+10  6.51%  38.9 3335s
 388479 32834 infeasible   67      7.1640e+10 7.6306e+10  6.51%  38.9 3340s
 388870 32843 7.6306e+10   63   28 7.1640e+10 7.6306e+10  6.51%  38.9 3345s
 389505 32882 infeasible   68      7.1640e+10 7.6306e+10  6.51%  38.9 3350s
 389888 32903 7.6306e+10   78   20 7.1640e+10 7.6306e+10  6.51%  38.9 3355s
 390503 32940 7.6306e+10   67   29 7.1640e+10 7.6306e+10  6.51%  38.9 3360s
 390933 32978 infeasible   78      7.1640e+10 7.6306e+10  6.51%  38.9 3365s
 391411 32998 7.6306e+10   62   15 7.1640e+10 7.6306e+10  6.51%  38.9 3370s
 391945 33010 infeasible   65      7.1640e+10 7.6306e+10  6.51%  38.9 3375s
 392379 32997 infeasible   58      7.1640e+10 7.6306e+10  6.51%  38.9 3380s
 392863 33035 7.6306e+10   68   30 7.1640e+10 7.6306e+10  6.51%  38.9 3385s
 393301 33057 7.6306e+10   56   21 7.1640e+10 7.6306e+10  6.51%  38.9 3390s
 393885 33080 7.6306e+10   67   14 7.1640e+10 7.6306e+10  6.51%  38.9 3395s
 394338 33121 7.6306e+10   59   14 7.1640e+10 7.6306e+10  6.51%  38.9 3400s
 394872 33147 7.6306e+10   56   53 7.1640e+10 7.6306e+10  6.51%  38.9 3405s
 395285 33162 7.6306e+10   64   22 7.1640e+10 7.6306e+10  6.51%  38.9 3410s
 395847 33208 7.6306e+10   66   34 7.1640e+10 7.6306e+10  6.51%  39.0 3415s
 396290 33245 infeasible   58      7.1640e+10 7.6306e+10  6.51%  39.0 3420s
 396757 33248 7.6306e+10   74   15 7.1640e+10 7.6306e+10  6.51%  39.0 3425s
 397312 33355 7.6306e+10   66   28 7.1640e+10 7.6306e+10  6.51%  39.0 3430s
 397711 33376 infeasible   68      7.1640e+10 7.6306e+10  6.51%  39.0 3435s
 398149 33402 7.6306e+10   66   18 7.1640e+10 7.6306e+10  6.51%  39.0 3440s
 398581 33444 7.6306e+10   50   20 7.1640e+10 7.6306e+10  6.51%  39.0 3445s
 399063 33512 7.6306e+10   71   32 7.1640e+10 7.6306e+10  6.51%  39.0 3450s
 399486 33509 7.6306e+10   55   15 7.1640e+10 7.6306e+10  6.51%  39.0 3455s
 399939 33556 7.6306e+10   62   26 7.1640e+10 7.6306e+10  6.51%  39.0 3460s
 400410 33603 7.6306e+10   52   22 7.1640e+10 7.6306e+10  6.51%  39.0 3465s
 400894 33620 infeasible   64      7.1640e+10 7.6306e+10  6.51%  39.1 3470s
 401257 33690 infeasible   60      7.1640e+10 7.6306e+10  6.51%  39.1 3475s
 401556 33747 7.6306e+10   53   30 7.1640e+10 7.6306e+10  6.51%  39.1 3480s
 402119 33776 infeasible   59      7.1640e+10 7.6306e+10  6.51%  39.1 3485s
 402613 33806 7.6306e+10   58   30 7.1640e+10 7.6306e+10  6.51%  39.1 3490s
 403090 33903 7.6306e+10   56   21 7.1640e+10 7.6306e+10  6.51%  39.1 3495s
 403467 33932 7.6306e+10   60   21 7.1640e+10 7.6306e+10  6.51%  39.1 3500s
 403915 34046 infeasible   65      7.1640e+10 7.6306e+10  6.51%  39.1 3505s
 404244 34065 7.6306e+10   63   13 7.1640e+10 7.6306e+10  6.51%  39.2 3510s
 404611 34096 infeasible   62      7.1640e+10 7.6306e+10  6.51%  39.2 3515s
 405093 34169 7.6306e+10   56   13 7.1640e+10 7.6306e+10  6.51%  39.2 3520s
 405658 34206 7.6306e+10   54   24 7.1640e+10 7.6306e+10  6.51%  39.2 3526s
 406067 34247 7.6306e+10   67   17 7.1640e+10 7.6306e+10  6.51%  39.2 3530s
 406646 34346 7.6306e+10   64   15 7.1640e+10 7.6306e+10  6.51%  39.2 3535s
 407026 34390 infeasible   61      7.1640e+10 7.6306e+10  6.51%  39.2 3540s
 407509 34377 7.6306e+10   64   28 7.1640e+10 7.6306e+10  6.51%  39.2 3545s
 408000 34393 7.6306e+10   60   13 7.1640e+10 7.6306e+10  6.51%  39.2 3550s
 408626 34456 7.6306e+10   57   23 7.1640e+10 7.6306e+10  6.51%  39.2 3555s
 409079 34541 7.6306e+10   68   15 7.1640e+10 7.6306e+10  6.51%  39.2 3560s
 409542 34556 infeasible   60      7.1640e+10 7.6306e+10  6.51%  39.2 3565s
 410085 34607 7.6306e+10   64   16 7.1640e+10 7.6306e+10  6.51%  39.2 3570s
 410616 34602 7.6306e+10   55   20 7.1640e+10 7.6306e+10  6.51%  39.2 3575s
 411130 34620 infeasible   65      7.1640e+10 7.6306e+10  6.51%  39.2 3580s
 411690 34658 infeasible   56      7.1640e+10 7.6306e+10  6.51%  39.2 3585s
 412158 34656 7.6306e+10   72   43 7.1640e+10 7.6306e+10  6.51%  39.2 3590s
 412588 34684 7.6306e+10   52    8 7.1640e+10 7.6306e+10  6.51%  39.2 3595s

Cutting planes:
  Learned: 298
  Gomory: 36
  Lift-and-project: 10
  Cover: 1385
  Implied bound: 499
  Clique: 19
  MIR: 55
  Flow cover: 317
  GUB cover: 1
  Inf proof: 2012
  RLT: 27
  Relax-and-lift: 60

Explored 413136 nodes (16238055 simplex iterations) in 3599.39 seconds (1908.15 work units)
Thread count was 1 (of 28 available processors)

Solution count 8: 7.164e+10 7.08336e+10 7.05456e+10 ... -0

Time limit reached
Best objective 7.164000000000e+10, best bound 7.630560000000e+10, gap 6.5126%

User-callback calls 2419015, time in user-callback 2.17 sec