Gurobi Optimizer version 12.0.3 build v12.0.3rc0 (linux64 - "Oracle Linux Server 9.4")

CPU model: Intel(R) Xeon(R) CPU E5-2660 v4 @ 2.00GHz, instruction set [SSE2|AVX|AVX2]
Thread count: 28 physical cores, 28 logical processors, using up to 1 threads

Non-default parameters:
TimeLimit  3599.048177722
SoftMemLimit  16
NumericFocus  1
Threads  1

Academic license 2690100 - for non-commercial use only - registered to ju___@uclm.es
Optimize a model with 4739 rows, 1201 columns and 16322 nonzeros
Model fingerprint: 0xd7ea623c
Variable types: 38 continuous, 1163 integer (1163 binary)
Coefficient statistics:
  Matrix range     [1e+00, 2e+13]
  Objective range  [4e+09, 7e+09]
  Bounds range     [2e+03, 1e+04]
  RHS range        [1e+00, 2e+14]
Warning: Model contains large matrix coefficient range
Warning: Model contains large objective coefficients
Warning: Model contains large rhs
Found heuristic solution: objective -0.0000000
Presolve removed 837 rows and 12 columns
Presolve time: 0.06s
Presolved: 3902 rows, 1189 columns, 14348 nonzeros
Variable types: 38 continuous, 1151 integer (1151 binary)

Root relaxation: objective 8.885280e+10, 616 iterations, 0.03 seconds (0.02 work units)

    Nodes    |    Current Node    |     Objective Bounds      |     Work
 Expl Unexpl |  Obj  Depth IntInf | Incumbent    BestBd   Gap | It/Node Time

     0     0 8.8853e+10    0   69   -0.00000 8.8853e+10      -     -    0s
H    0     0                    2.527200e+10 8.8853e+10   252%     -    0s
     0     0 8.8853e+10    0  197 2.5272e+10 8.8853e+10   252%     -    0s
     0     0 8.8853e+10    0  189 2.5272e+10 8.8853e+10   252%     -    0s
     0     0 8.8853e+10    0   21 2.5272e+10 8.8853e+10   252%     -    0s
H    0     0                    3.499200e+10 8.8853e+10   154%     -    0s
     0     0 8.8853e+10    0   20 3.4992e+10 8.8853e+10   154%     -    0s
     0     0 8.8853e+10    0   20 3.4992e+10 8.8853e+10   154%     -    0s
H    0     0                    5.919360e+10 8.8853e+10  50.1%     -    0s
     0     0 8.8853e+10    0   21 5.9194e+10 8.8853e+10  50.1%     -    0s
     0     0 8.8853e+10    0   22 5.9194e+10 8.8853e+10  50.1%     -    0s
     0     0 8.8853e+10    0   28 5.9194e+10 8.8853e+10  50.1%     -    0s
     0     0 8.8853e+10    0   18 5.9194e+10 8.8853e+10  50.1%     -    0s
     0     0 8.8853e+10    0   18 5.9194e+10 8.8853e+10  50.1%     -    0s
     0     0 8.8853e+10    0   16 5.9194e+10 8.8853e+10  50.1%     -    0s
     0     0 8.8853e+10    0   28 5.9194e+10 8.8853e+10  50.1%     -    1s
H    0     0                    6.620160e+10 8.8853e+10  34.2%     -    1s
     0     0 8.8853e+10    0   30 6.6202e+10 8.8853e+10  34.2%     -    1s
     0     0 8.8853e+10    0   10 6.6202e+10 8.8853e+10  34.2%     -    1s
     0     0 8.8853e+10    0   24 6.6202e+10 8.8853e+10  34.2%     -    1s
     0     0 8.8853e+10    0   23 6.6202e+10 8.8853e+10  34.2%     -    1s
     0     0 8.8853e+10    0   14 6.6202e+10 8.8853e+10  34.2%     -    1s
     0     2 8.8853e+10    0   12 6.6202e+10 8.8853e+10  34.2%     -    1s
   575   275 8.8853e+10   57   99 6.6202e+10 8.8853e+10  34.2%  15.2    5s
   813   388 8.8853e+10   26   14 6.6202e+10 8.8853e+10  34.2%  15.2   10s
H  839   385                    7.125600e+10 8.8853e+10  24.7%  35.9   11s
   962   436 7.3690e+10   47   38 7.1256e+10 8.8853e+10  24.7%  36.4   15s
  1137   481 8.8853e+10   36  169 7.1256e+10 8.8853e+10  24.7%  37.9   20s
  1391   544 8.8853e+10   65   37 7.1256e+10 8.8853e+10  24.7%  36.7   25s
  1548   595 8.8853e+10   50   44 7.1256e+10 8.8853e+10  24.7%  37.1   30s
  1805   640 8.8853e+10   39   83 7.1256e+10 8.8853e+10  24.7%  36.0   35s
* 1941   644              90    7.524000e+10 8.8853e+10  18.1%  35.9   38s
  2024   673 8.3798e+10   73   60 7.5240e+10 8.8853e+10  18.1%  35.9   40s
  2246   750 infeasible   77      7.5240e+10 8.8853e+10  18.1%  37.8   45s
  2624   897 8.5349e+10   35   67 7.5240e+10 8.8853e+10  18.1%  38.2   50s
  2776   995 8.8853e+10   63   87 7.5240e+10 8.8853e+10  18.1%  38.3   55s
  3029  1130 7.8341e+10   78   18 7.5240e+10 8.8853e+10  18.1%  38.6   60s
  3219  1199 8.8853e+10   24  144 7.5240e+10 8.8853e+10  18.1%  40.2   65s
  3429  1342 8.8853e+10   66   54 7.5240e+10 8.8853e+10  18.1%  40.6   70s
  3552  1407 8.8853e+10   18  124 7.5240e+10 8.8853e+10  18.1%  41.2   75s
  3770  1540 8.8853e+10   27  104 7.5240e+10 8.8853e+10  18.1%  41.1   80s
  4000  1670 8.8853e+10   48  117 7.5240e+10 8.8853e+10  18.1%  41.6   85s
H 4014  1682                    7.562880e+10 8.8853e+10  17.5%  41.6   86s
  4070  1719 8.8853e+10   63   59 7.5629e+10 8.8853e+10  17.5%  41.9   90s
  4386  1840 8.8853e+10   54   57 7.5629e+10 8.8853e+10  17.5%  41.7   95s
  4838  2026 8.8853e+10   65   82 7.5629e+10 8.8853e+10  17.5%  41.2  100s
  5458  1984 8.8853e+10   64   59 7.5629e+10 8.8853e+10  17.5%  38.8  105s
  5576  2006 infeasible   65      7.5629e+10 8.8853e+10  17.5%  40.0  110s
  5793  2001 infeasible   55      7.5629e+10 8.8853e+10  17.5%  42.1  115s
  5934  1990 infeasible   58      7.5629e+10 8.8853e+10  17.5%  43.7  120s
  6107  1989 8.8853e+10   55   59 7.5629e+10 8.8853e+10  17.5%  45.0  125s
  6188  2000 infeasible   59      7.5629e+10 8.8853e+10  17.5%  45.7  130s
  6374  2015 7.8744e+10   64   32 7.5629e+10 8.8853e+10  17.5%  47.1  135s
  6524  2003 infeasible   56      7.5629e+10 8.8853e+10  17.5%  48.7  140s
  6694  2038 8.3798e+10   68   40 7.5629e+10 8.8853e+10  17.5%  49.4  145s
  6891  2033 8.8853e+10   56  113 7.5629e+10 8.8853e+10  17.5%  51.2  150s
  7054  2041 infeasible   64      7.5629e+10 8.8853e+10  17.5%  52.5  155s
  7169  2070 infeasible   67      7.5629e+10 8.8853e+10  17.5%  53.0  160s
  7382  2120 8.8853e+10   55   51 7.5629e+10 8.8853e+10  17.5%  53.6  166s
  7520  2135 8.8853e+10   56   57 7.5629e+10 8.8853e+10  17.5%  54.4  170s
  7606  2179 8.8853e+10   73   38 7.5629e+10 8.8853e+10  17.5%  54.5  175s
  7805  2213 8.3798e+10   59   95 7.5629e+10 8.8853e+10  17.5%  55.3  180s
  7942  2232 8.8853e+10   67  111 7.5629e+10 8.8853e+10  17.5%  56.2  186s
  8058  2252 8.8853e+10   52   72 7.5629e+10 8.8853e+10  17.5%  57.1  190s
  8217  2315 8.8853e+10   58  105 7.5629e+10 8.8853e+10  17.5%  57.4  197s
  8329  2345 8.3798e+10   49   73 7.5629e+10 8.8853e+10  17.5%  58.0  200s
  8487  2371 infeasible   55      7.5629e+10 8.8853e+10  17.5%  58.6  205s
  8582  2378 infeasible   62      7.5629e+10 8.8853e+10  17.5%  59.5  210s
  8752  2372 8.8853e+10   54   53 7.5629e+10 8.8853e+10  17.5%  61.0  215s
  8904  2370 8.8853e+10   52   78 7.5629e+10 8.8853e+10  17.5%  62.2  220s
  9051  2367 8.8853e+10   48   76 7.5629e+10 8.8853e+10  17.5%  63.8  225s
  9165  2415 8.3798e+10   55  140 7.5629e+10 8.8853e+10  17.5%  64.6  230s
  9316  2432 8.8853e+10   48  107 7.5629e+10 8.8853e+10  17.5%  65.6  235s
  9434  2471 8.8853e+10   47  114 7.5629e+10 8.8853e+10  17.5%  65.9  241s
  9475  2474 8.8853e+10   39  137 7.5629e+10 8.8853e+10  17.5%  66.6  245s
  9710  2578 8.3798e+10   70   42 7.5629e+10 8.8853e+10  17.5%  66.8  250s
  9864  2660 7.8744e+10   72   13 7.5629e+10 8.8853e+10  17.5%  67.0  255s
 10020  2731 8.8853e+10   35   75 7.5629e+10 8.8853e+10  17.5%  66.9  260s
 10145  2833 7.6714e+10   82   29 7.5629e+10 8.8853e+10  17.5%  66.8  265s
 10202  2868 8.8853e+10   48  126 7.5629e+10 8.8853e+10  17.5%  66.8  287s
 10287  2893 8.8853e+10   47  107 7.5629e+10 8.8853e+10  17.5%  67.2  290s
 10436  2961 8.3798e+10   45   44 7.5629e+10 8.8853e+10  17.5%  67.3  295s
 10654  3065 8.3798e+10   49   84 7.5629e+10 8.8853e+10  17.5%  67.0  300s
 10791  3114 8.8853e+10   43  142 7.5629e+10 8.8853e+10  17.5%  67.4  305s
 10884  3163 8.8853e+10   49   93 7.5629e+10 8.8853e+10  17.5%  67.4  310s
 11028  3261 8.5349e+10   26   71 7.5629e+10 8.8853e+10  17.5%  67.2  315s
 11186  3348 8.3798e+10   36   42 7.5629e+10 8.8853e+10  17.5%  66.8  320s
 11374  3463 8.0294e+10   47   44 7.5629e+10 8.8853e+10  17.5%  66.7  326s
 11524  3535 8.8853e+10   55   49 7.5629e+10 8.8853e+10  17.5%  66.5  330s
 11769  3549 infeasible   50      7.5629e+10 8.8853e+10  17.5%  66.2  335s
 11964  3544 8.8853e+10   51   36 7.5629e+10 8.8853e+10  17.5%  66.2  340s
 12137  3549 8.8853e+10   55   44 7.5629e+10 8.8853e+10  17.5%  66.2  346s
 12240  3636 8.1768e+10   59   32 7.5629e+10 8.8853e+10  17.5%  66.1  350s
 12396  3708 8.1768e+10   35   78 7.5629e+10 8.8853e+10  17.5%  65.8  355s
 12552  3788 8.5349e+10   60   21 7.5629e+10 8.8853e+10  17.5%  65.6  360s
 12657  3815 8.8853e+10   44   71 7.5629e+10 8.8853e+10  17.5%  65.6  365s
 12766  3852 infeasible   57      7.5629e+10 8.8853e+10  17.5%  65.6  370s
 12961  3847 8.8853e+10   51   55 7.5629e+10 8.8853e+10  17.5%  65.5  375s
 13113  3840 infeasible   56      7.5629e+10 8.8853e+10  17.5%  65.5  380s
 13245  3850 8.0294e+10   58   16 7.5629e+10 8.8853e+10  17.5%  65.5  385s
 13412  3886 7.6714e+10   55   10 7.5629e+10 8.8853e+10  17.5%  65.6  390s
 13578  3894 infeasible   63      7.5629e+10 8.8853e+10  17.5%  65.7  395s
 13645  3883 8.8853e+10   56   38 7.5629e+10 8.8853e+10  17.5%  65.8  400s
 13763  3897 infeasible   65      7.5629e+10 8.8853e+10  17.5%  65.7  405s
 13935  3909 infeasible   52      7.5629e+10 8.8853e+10  17.5%  65.8  410s
 14092  3923 infeasible   60      7.5629e+10 8.8853e+10  17.5%  65.7  415s
 14235  3921 8.3798e+10   60   35 7.5629e+10 8.8853e+10  17.5%  65.8  420s
 14414  3960 8.0294e+10   78   21 7.5629e+10 8.8853e+10  17.5%  65.6  425s
 14586  3977 infeasible   59      7.5629e+10 8.8853e+10  17.5%  65.4  430s
 14742  3975 infeasible   53      7.5629e+10 8.8853e+10  17.5%  65.4  435s
 14932  3995 8.8853e+10   59   48 7.5629e+10 8.8853e+10  17.5%  65.2  440s
 15065  3988 8.8853e+10   61   37 7.5629e+10 8.8853e+10  17.5%  65.1  446s
 15199  4001 8.5349e+10   60   23 7.5629e+10 8.8853e+10  17.5%  65.0  450s
 15345  4018 8.8853e+10   63   31 7.5629e+10 8.8853e+10  17.5%  64.9  455s
 15573  3997 8.5349e+10   64   13 7.5629e+10 8.8853e+10  17.5%  64.8  460s
 15724  4039 7.6714e+10   74   13 7.5629e+10 8.8853e+10  17.5%  64.7  465s
 15902  4040 infeasible   59      7.5629e+10 8.8853e+10  17.5%  64.7  470s
 16053  4065 8.5349e+10   66   27 7.5629e+10 8.8853e+10  17.5%  64.6  475s
 16269  4109 8.8853e+10   66   40 7.5629e+10 8.8853e+10  17.5%  64.4  480s
 16374  4120 8.5349e+10   63   21 7.5629e+10 8.8853e+10  17.5%  64.4  485s
 16402  4116 8.8853e+10   54   38 7.5629e+10 8.8853e+10  17.5%  64.4  490s
 16532  4134 infeasible   59      7.5629e+10 8.8853e+10  17.5%  64.4  495s
 16671  4137 infeasible   66      7.5629e+10 8.8853e+10  17.5%  64.5  500s
 16793  4145 8.8853e+10   53   59 7.5629e+10 8.8853e+10  17.5%  64.6  505s
 16969  4187 8.8853e+10   54   67 7.5629e+10 8.8853e+10  17.5%  64.6  510s
 17112  4213 8.8853e+10   53   67 7.5629e+10 8.8853e+10  17.5%  64.5  515s
 17278  4238 8.1768e+10   44   54 7.5629e+10 8.8853e+10  17.5%  64.7  520s
 17384  4290 8.8853e+10   56   63 7.5629e+10 8.8853e+10  17.5%  64.7  525s
 17575  4321 8.1768e+10   38   30 7.5629e+10 8.8853e+10  17.5%  64.8  530s
 17719  4402 8.8853e+10   57   60 7.5629e+10 8.8853e+10  17.5%  64.6  536s
 17827  4452 infeasible   54      7.5629e+10 8.8853e+10  17.5%  64.6  540s
 18003  4523 infeasible   57      7.5629e+10 8.8853e+10  17.5%  64.4  545s
H18020  4456                    7.710240e+10 8.8853e+10  15.2%  64.4  546s
 18196  4485 8.8853e+10   62   38 7.7102e+10 8.8853e+10  15.2%  64.1  550s
 18342  4476 8.3798e+10   57   29 7.7102e+10 8.8853e+10  15.2%  64.1  555s
 18537  4497 infeasible   71      7.7102e+10 8.8853e+10  15.2%  64.2  560s
 18671  4537 infeasible   59      7.7102e+10 8.8853e+10  15.2%  64.2  565s
 18888  4599 8.1768e+10   41   30 7.7102e+10 8.8853e+10  15.2%  64.0  570s
 18913  4610 8.1768e+10   33   30 7.7102e+10 8.8853e+10  15.2%  64.0  575s
 19121  4708 infeasible   65      7.7102e+10 8.8853e+10  15.2%  63.8  580s
 19291  4733 infeasible   46      7.7102e+10 8.8853e+10  15.2%  63.8  585s
 19455  4734 8.8853e+10   55   46 7.7102e+10 8.8853e+10  15.2%  63.6  590s
 19628  4759 8.8853e+10   70   39 7.7102e+10 8.8853e+10  15.2%  63.6  595s
 19767  4744 8.8853e+10   63   46 7.7102e+10 8.8853e+10  15.2%  63.7  600s
 19963  4754 infeasible   69      7.7102e+10 8.8853e+10  15.2%  63.8  605s
 20129  4746 infeasible   61      7.7102e+10 8.8853e+10  15.2%  63.8  610s
 20294  4759 8.8853e+10   67   31 7.7102e+10 8.8853e+10  15.2%  63.7  615s
 20392  4750 8.8853e+10   66   24 7.7102e+10 8.8853e+10  15.2%  63.6  620s
 20553  4745 infeasible   56      7.7102e+10 8.8853e+10  15.2%  63.5  625s
 20727  4743 infeasible   56      7.7102e+10 8.8853e+10  15.2%  63.5  630s
 20888  4745 infeasible   65      7.7102e+10 8.8853e+10  15.2%  63.5  635s
 21089  4754 8.8853e+10   63   38 7.7102e+10 8.8853e+10  15.2%  63.4  640s
 21247  4742 infeasible   59      7.7102e+10 8.8853e+10  15.2%  63.3  645s
 21411  4736 infeasible   59      7.7102e+10 8.8853e+10  15.2%  63.3  650s
 21611  4733 8.8853e+10   49   35 7.7102e+10 8.8853e+10  15.2%  63.2  655s
 21698  4775 infeasible   74      7.7102e+10 8.8853e+10  15.2%  63.1  660s
 21856  4791 infeasible   65      7.7102e+10 8.8853e+10  15.2%  63.2  665s
 22006  4785 infeasible   64      7.7102e+10 8.8853e+10  15.2%  63.2  670s
 22162  4790 8.3798e+10   60   42 7.7102e+10 8.8853e+10  15.2%  63.3  675s
 22270  4815 8.8853e+10   58   31 7.7102e+10 8.8853e+10  15.2%  63.3  680s
 22416  4850 8.8853e+10   35   95 7.7102e+10 8.8853e+10  15.2%  63.3  685s
 22602  4970 8.3798e+10   61   19 7.7102e+10 8.8853e+10  15.2%  63.2  690s
 22764  5056 8.8853e+10   39   29 7.7102e+10 8.8853e+10  15.2%  63.1  695s
 22935  5136 infeasible   49      7.7102e+10 8.8853e+10  15.2%  63.1  700s
 23073  5204 8.8853e+10   53   52 7.7102e+10 8.8853e+10  15.2%  63.0  705s
 23137  5220 8.8853e+10   36   62 7.7102e+10 8.8853e+10  15.2%  63.0  710s
 23324  5296 8.8853e+10   47   37 7.7102e+10 8.8853e+10  15.2%  62.9  715s
 23480  5357 8.8853e+10   37   53 7.7102e+10 8.8853e+10  15.2%  62.9  720s
 23632  5444 8.3798e+10   48   71 7.7102e+10 8.8853e+10  15.2%  62.8  725s
 23829  5519 infeasible   68      7.7102e+10 8.8853e+10  15.2%  62.6  730s
 24022  5600 8.3798e+10   43   54 7.7102e+10 8.8853e+10  15.2%  62.5  735s
 24156  5690 8.8853e+10   55  123 7.7102e+10 8.8853e+10  15.2%  62.6  740s
 24275  5736 8.5349e+10   32   54 7.7102e+10 8.8853e+10  15.2%  62.7  745s
 24330  5775 8.3798e+10   49   20 7.7102e+10 8.8853e+10  15.2%  62.7  750s
 24510  5860 8.3798e+10   34   83 7.7102e+10 8.8853e+10  15.2%  62.7  755s
 24669  5916 8.8853e+10   59   46 7.7102e+10 8.8853e+10  15.2%  62.8  761s
 24804  5945 8.8853e+10   62   47 7.7102e+10 8.8853e+10  15.2%  62.8  765s
 24989  5994 8.3798e+10   55   56 7.7102e+10 8.8853e+10  15.2%  62.9  770s
 25159  6024 8.3798e+10   64  110 7.7102e+10 8.8853e+10  15.2%  63.2  776s
 25187  6038 7.8744e+10   33   82 7.7102e+10 8.8853e+10  15.2%  63.2  780s
 25382  6131 8.3798e+10   45   67 7.7102e+10 8.8853e+10  15.2%  63.2  785s
 25550  6193 8.8853e+10   37   85 7.7102e+10 8.8853e+10  15.2%  63.2  790s
 25763  6293 8.8853e+10   46   32 7.7102e+10 8.8853e+10  15.2%  63.2  795s
 25904  6365 8.8853e+10   35   75 7.7102e+10 8.8853e+10  15.2%  63.3  800s
 26066  6450 8.3798e+10   56   65 7.7102e+10 8.8853e+10  15.2%  63.4  805s
 26250  6540 8.3798e+10   63   60 7.7102e+10 8.8853e+10  15.2%  63.4  810s
 26398  6615 8.8853e+10   28   61 7.7102e+10 8.8853e+10  15.2%  63.4  817s
 26484  6677 7.8744e+10   55   85 7.7102e+10 8.8853e+10  15.2%  63.3  820s
 26610  6733 7.8744e+10   66   47 7.7102e+10 8.8853e+10  15.2%  63.6  825s
 26737  6767 8.3798e+10   59   53 7.7102e+10 8.8853e+10  15.2%  63.7  830s
 26867  6809 8.3798e+10   62   74 7.7102e+10 8.8853e+10  15.2%  63.8  835s
 27035  6841 8.3798e+10   58   83 7.7102e+10 8.8853e+10  15.2%  63.9  840s
 27149  6851 infeasible   59      7.7102e+10 8.8853e+10  15.2%  64.1  845s
 27249  6869 7.8744e+10   60   56 7.7102e+10 8.8853e+10  15.2%  64.4  850s
 27391  6915 8.3798e+10   64   33 7.7102e+10 8.8853e+10  15.2%  64.6  855s
 27475  6926     cutoff   68      7.7102e+10 8.8853e+10  15.2%  64.7  860s
 27606  6939 7.8744e+10   70   28 7.7102e+10 8.8853e+10  15.2%  64.8  865s
 27751  6974 8.8853e+10   65   53 7.7102e+10 8.8853e+10  15.2%  65.0  870s
 27828  6988 8.8853e+10   64   55 7.7102e+10 8.8853e+10  15.2%  65.1  877s
 27909  7002 7.8744e+10   56   22 7.7102e+10 8.8853e+10  15.2%  65.2  880s
 28060  7025 infeasible   65      7.7102e+10 8.8853e+10  15.2%  65.3  885s
 28202  7034 7.8744e+10   65   35 7.7102e+10 8.8853e+10  15.2%  65.5  891s
 28315  7051 8.3798e+10   59  100 7.7102e+10 8.8853e+10  15.2%  65.7  895s
 28463  7055 8.8600e+10   55   92 7.7102e+10 8.8853e+10  15.2%  65.9  900s
 28594  7068 8.3798e+10   74   29 7.7102e+10 8.8853e+10  15.2%  66.1  905s
 28687  7069 8.3798e+10   59   61 7.7102e+10 8.8853e+10  15.2%  66.3  912s
 28749  7077 8.8853e+10   63   40 7.7102e+10 8.8853e+10  15.2%  66.3  915s
 28863  7079 infeasible   60      7.7102e+10 8.8853e+10  15.2%  66.5  920s
 28969  7092 infeasible   71      7.7102e+10 8.8853e+10  15.2%  66.6  925s
 29124  7121 8.8853e+10   60   54 7.7102e+10 8.8853e+10  15.2%  66.8  930s
 29244  7149 8.8853e+10   54   94 7.7102e+10 8.8853e+10  15.2%  66.8  935s
 29401  7220 infeasible   65      7.7102e+10 8.8853e+10  15.2%  66.9  940s
 29558  7263 7.8744e+10   72   55 7.7102e+10 8.8853e+10  15.2%  67.0  945s
 29680  7307 8.3798e+10   62   72 7.7102e+10 8.8853e+10  15.2%  67.2  950s
 29815  7332 8.8853e+10   65   65 7.7102e+10 8.8853e+10  15.2%  67.3  955s
 29912  7349 8.3798e+10   68   53 7.7102e+10 8.8853e+10  15.2%  67.5  960s
 30014  7374 8.8853e+10   59  103 7.7102e+10 8.8853e+10  15.2%  67.6  965s
 30163  7409 7.8744e+10   63   68 7.7102e+10 8.8853e+10  15.2%  67.7  970s
 30301  7439 7.8744e+10   70   29 7.7102e+10 8.8853e+10  15.2%  67.7  975s
 30385  7450 8.3798e+10   55   56 7.7102e+10 8.8853e+10  15.2%  67.8  980s
 30455  7476 8.8853e+10   74   40 7.7102e+10 8.8853e+10  15.2%  67.9  986s
 30489  7476 8.3761e+10   63   71 7.7102e+10 8.8853e+10  15.2%  68.0  990s
 30630  7474 infeasible   64      7.7102e+10 8.8853e+10  15.2%  68.2  995s
 30781  7506 8.8853e+10   57  101 7.7102e+10 8.8853e+10  15.2%  68.3 1000s
 30858  7529 infeasible   56      7.7102e+10 8.8853e+10  15.2%  68.3 1005s
 31007  7595 8.8853e+10   55   96 7.7102e+10 8.8853e+10  15.2%  68.4 1010s
 31168  7625 infeasible   62      7.7102e+10 8.8853e+10  15.2%  68.6 1015s
 31348  7664 8.8853e+10   55   74 7.7102e+10 8.8853e+10  15.2%  68.7 1021s
 31452  7684 7.8744e+10   60   21 7.7102e+10 8.8853e+10  15.2%  68.8 1025s
 31588  7697 8.8853e+10   60   41 7.7102e+10 8.8853e+10  15.2%  68.9 1030s
 31689  7735 8.8853e+10   58   56 7.7102e+10 8.8853e+10  15.2%  69.0 1036s
 31809  7742 8.3798e+10   68   41 7.7102e+10 8.8853e+10  15.2%  69.2 1040s
 31960  7754 8.1768e+10   76   19 7.7102e+10 8.8853e+10  15.2%  69.4 1045s
 32118  7747 8.3798e+10   65   67 7.7102e+10 8.8853e+10  15.2%  69.5 1051s
 32214  7751 8.3798e+10   57   56 7.7102e+10 8.8853e+10  15.2%  69.6 1055s
 32322  7760 8.3798e+10   53   53 7.7102e+10 8.8853e+10  15.2%  69.8 1060s
 32417  7784 infeasible   59      7.7102e+10 8.8853e+10  15.2%  70.0 1065s
 32504  7786 8.8853e+10   63   33 7.7102e+10 8.8853e+10  15.2%  70.2 1070s
 32621  7825 8.2836e+10   67  117 7.7102e+10 8.8853e+10  15.2%  70.5 1075s
 32753  7831 infeasible   56      7.7102e+10 8.8853e+10  15.2%  70.8 1080s
 32778  7829 8.8853e+10   66   47 7.7102e+10 8.8853e+10  15.2%  70.8 1085s
 32893  7823 8.3798e+10   57   78 7.7102e+10 8.8853e+10  15.2%  71.1 1090s
 32975  7842 8.8853e+10   53   63 7.7102e+10 8.8853e+10  15.2%  71.3 1095s
 33083  7846 infeasible   54      7.7102e+10 8.8853e+10  15.2%  71.6 1100s
 33205  7887 7.8744e+10   56   30 7.7102e+10 8.8853e+10  15.2%  71.7 1105s
 33349  7904 8.8853e+10   61   58 7.7102e+10 8.8853e+10  15.2%  71.8 1111s
 33434  7906 8.8853e+10   58   42 7.7102e+10 8.8853e+10  15.2%  72.1 1115s
 33607  7926 infeasible   56      7.7102e+10 8.8853e+10  15.2%  72.1 1120s
 33701  7936 8.8853e+10   56   32 7.7102e+10 8.8853e+10  15.2%  72.2 1125s
 33829  7961 7.8744e+10   66   96 7.7102e+10 8.8853e+10  15.2%  72.4 1132s
 33897  7968 8.8853e+10   53   48 7.7102e+10 8.8853e+10  15.2%  72.4 1135s
 34019  7975 8.8853e+10   52   80 7.7102e+10 8.8853e+10  15.2%  72.6 1140s
 34156  8004 8.8853e+10   58   69 7.7102e+10 8.8853e+10  15.2%  72.8 1145s
 34267  8015 8.8853e+10   51   56 7.7102e+10 8.8853e+10  15.2%  72.9 1150s
 34368  8023 8.3798e+10   71   61 7.7102e+10 8.8853e+10  15.2%  73.0 1155s
 34511  8043 8.8853e+10   56   62 7.7102e+10 8.8853e+10  15.2%  73.1 1160s
 34672  8117 8.3798e+10   71   60 7.7102e+10 8.8853e+10  15.2%  73.2 1165s
 34739  8123 7.8744e+10   73   33 7.7102e+10 8.8853e+10  15.2%  73.1 1170s
 34873  8219 8.8853e+10   77   86 7.7102e+10 8.8853e+10  15.2%  73.1 1175s
 34998  8258 8.8853e+10   75   80 7.7102e+10 8.8853e+10  15.2%  73.1 1180s
 35214  8313 8.8853e+10   61   51 7.7102e+10 8.8853e+10  15.2%  73.1 1185s
 35312  8345 8.8853e+10   61   73 7.7102e+10 8.8853e+10  15.2%  73.2 1191s
 35469  8404 infeasible   63      7.7102e+10 8.8853e+10  15.2%  73.2 1195s
 35627  8446 8.8853e+10   61   88 7.7102e+10 8.8853e+10  15.2%  73.5 1200s
 35747  8450 8.8853e+10   59  120 7.7102e+10 8.8853e+10  15.2%  73.6 1205s
 35907  8494 infeasible   63      7.7102e+10 8.8853e+10  15.2%  73.8 1210s
 36023  8526 8.8853e+10   63   82 7.7102e+10 8.8853e+10  15.2%  74.0 1215s
 36055  8529 8.3798e+10   58   86 7.7102e+10 8.8853e+10  15.2%  74.0 1220s
 36229  8619 8.8853e+10   59   93 7.7102e+10 8.8853e+10  15.2%  74.0 1225s
 36427  8736 infeasible   93      7.7102e+10 8.8853e+10  15.2%  73.9 1230s
 36531  8774 8.8853e+10   44  105 7.7102e+10 8.8853e+10  15.2%  74.0 1235s
 36703  8786 8.8853e+10   51  114 7.7102e+10 8.8853e+10  15.2%  74.1 1240s
 36825  8828 8.8853e+10   48   88 7.7102e+10 8.8853e+10  15.2%  74.1 1245s
 36990  8885 8.8853e+10   39  101 7.7102e+10 8.8853e+10  15.2%  74.2 1250s
 37099  8973 8.8853e+10   78   46 7.7102e+10 8.8853e+10  15.2%  74.1 1255s
 37256  8994 8.8853e+10   60   70 7.7102e+10 8.8853e+10  15.2%  74.1 1261s
 37396  9043 8.8010e+10   71  116 7.7102e+10 8.8853e+10  15.2%  74.1 1265s
 37559  9128 8.8853e+10   85   79 7.7102e+10 8.8853e+10  15.2%  74.1 1272s
 37664  9176 infeasible   59      7.7102e+10 8.8853e+10  15.2%  74.1 1275s
 37879  9305 8.8853e+10   68   67 7.7102e+10 8.8853e+10  15.2%  74.0 1280s
 37968  9354 8.8853e+10   55  102 7.7102e+10 8.8853e+10  15.2%  74.0 1285s
 38140  9460 8.8853e+10   68   81 7.7102e+10 8.8853e+10  15.2%  74.0 1290s
 38253  9505 infeasible   67      7.7102e+10 8.8853e+10  15.2%  74.1 1295s
 38338  9505 infeasible   70      7.7102e+10 8.8853e+10  15.2%  74.2 1300s
 38470  9515 8.8853e+10   64   50 7.7102e+10 8.8853e+10  15.2%  74.3 1305s
 38580  9515 8.8853e+10   66   28 7.7102e+10 8.8853e+10  15.2%  74.5 1311s
 38681  9508 infeasible   81      7.7102e+10 8.8853e+10  15.2%  74.6 1315s
 38737  9504 8.8853e+10   71   51 7.7102e+10 8.8853e+10  15.2%  74.7 1320s
 38781  9502 8.8853e+10   66   39 7.7102e+10 8.8853e+10  15.2%  74.8 1325s
 38894  9509 infeasible   76      7.7102e+10 8.8853e+10  15.2%  75.0 1330s
 39012  9503 infeasible   76      7.7102e+10 8.8853e+10  15.2%  75.2 1335s
 39109  9506 infeasible   86      7.7102e+10 8.8853e+10  15.2%  75.4 1340s
 39231  9506 infeasible   76      7.7102e+10 8.8853e+10  15.2%  75.5 1345s
 39330  9513 8.8853e+10   78   41 7.7102e+10 8.8853e+10  15.2%  75.6 1350s
 39444  9505 infeasible   76      7.7102e+10 8.8853e+10  15.2%  75.8 1355s
 39556  9505 8.8853e+10   74   42 7.7102e+10 8.8853e+10  15.2%  75.9 1360s
 39600  9501 infeasible   75      7.7102e+10 8.8853e+10  15.2%  76.0 1365s
 39718  9506 8.8853e+10   74   46 7.7102e+10 8.8853e+10  15.2%  76.2 1370s
 39807  9507 8.8853e+10   71   38 7.7102e+10 8.8853e+10  15.2%  76.4 1376s
 39862  9500 infeasible   72      7.7102e+10 8.8853e+10  15.2%  76.5 1380s
 39973  9505 8.8853e+10   68   44 7.7102e+10 8.8853e+10  15.2%  76.6 1386s
 40064  9501 infeasible   74      7.7102e+10 8.8853e+10  15.2%  76.8 1390s
 40169  9506 8.8853e+10   70   63 7.7102e+10 8.8853e+10  15.2%  77.0 1395s
 40241  9500 8.8853e+10   61   87 7.7102e+10 8.8853e+10  15.2%  77.2 1400s
 40311  9545 8.8853e+10   64   33 7.7102e+10 8.8853e+10  15.2%  77.1 1405s
 40420  9566 8.8853e+10   38  135 7.7102e+10 8.8853e+10  15.2%  77.1 1410s
 40570  9649 8.8853e+10   37  109 7.7102e+10 8.8853e+10  15.2%  77.1 1415s
 40744  9793 8.8853e+10   69   55 7.7102e+10 8.8853e+10  15.2%  77.0 1420s
 40908  9859 7.8744e+10   71   47 7.7102e+10 8.8853e+10  15.2%  76.8 1425s
 41023  9938 8.8853e+10   50   93 7.7102e+10 8.8853e+10  15.2%  76.8 1430s
 41166 10035 8.8853e+10   64   86 7.7102e+10 8.8853e+10  15.2%  76.8 1435s
 41259 10085 8.8853e+10   28  142 7.7102e+10 8.8853e+10  15.2%  76.8 1440s
 41415 10192 8.8853e+10   25  159 7.7102e+10 8.8853e+10  15.2%  76.7 1445s
 41567 10262 infeasible   74      7.7102e+10 8.8853e+10  15.2%  76.7 1450s
 41659 10299 8.8853e+10   62   73 7.7102e+10 8.8853e+10  15.2%  76.8 1455s
 41772 10328 infeasible   74      7.7102e+10 8.8853e+10  15.2%  76.9 1460s
 41928 10324 8.8853e+10   70  102 7.7102e+10 8.8853e+10  15.2%  77.0 1465s
 41998 10330 8.8853e+10   79   78 7.7102e+10 8.8853e+10  15.2%  77.1 1470s
 42073 10329 8.8853e+10   73   94 7.7102e+10 8.8853e+10  15.2%  77.2 1475s
 42189 10323 infeasible   71      7.7102e+10 8.8853e+10  15.2%  77.4 1480s
 42374 10363 infeasible   87      7.7102e+10 8.8853e+10  15.2%  77.5 1485s
 42508 10377 8.3798e+10   63   49 7.7102e+10 8.8853e+10  15.2%  77.6 1490s
 42670 10440 infeasible   72      7.7102e+10 8.8853e+10  15.2%  77.6 1495s
 42730 10440 8.3798e+10   76   65 7.7102e+10 8.8853e+10  15.2%  77.7 1500s
 42854 10511 8.4187e+10   84   94 7.7102e+10 8.8853e+10  15.2%  77.7 1505s
 42932 10541 infeasible   86      7.7102e+10 8.8853e+10  15.2%  77.7 1510s
 43076 10587 infeasible   66      7.7102e+10 8.8853e+10  15.2%  77.8 1515s
 43212 10660 8.8853e+10   69   56 7.7102e+10 8.8853e+10  15.2%  77.8 1520s
 43331 10708 8.8853e+10   56   97 7.7102e+10 8.8853e+10  15.2%  77.9 1525s
 43432 10751 8.8853e+10   34   90 7.7102e+10 8.8853e+10  15.2%  78.0 1530s
 43529 10833 8.8853e+10   44  125 7.7102e+10 8.8853e+10  15.2%  78.0 1535s
 43668 10928 8.5349e+10   65   55 7.7102e+10 8.8853e+10  15.2%  78.0 1540s
 43853 11021 8.3798e+10   50  133 7.7102e+10 8.8853e+10  15.2%  77.8 1547s
 43864 11026 8.8853e+10   53   80 7.7102e+10 8.8853e+10  15.2%  77.8 1550s
 44030 11148 8.8853e+10   63  145 7.7102e+10 8.8853e+10  15.2%  77.8 1555s
 44209 11279 8.3798e+10   92   56 7.7102e+10 8.8853e+10  15.2%  77.7 1560s
 44326 11346 8.8853e+10   61  100 7.7102e+10 8.8853e+10  15.2%  77.7 1565s
 44486 11397 infeasible   54      7.7102e+10 8.8853e+10  15.2%  78.0 1570s
 44645 11437 8.8853e+10   58  122 7.7102e+10 8.8853e+10  15.2%  78.2 1575s
 44764 11442 8.8853e+10   64   70 7.7102e+10 8.8853e+10  15.2%  78.3 1582s
 44858 11451 infeasible   72      7.7102e+10 8.8853e+10  15.2%  78.3 1585s
 45039 11548 8.8853e+10   69   57 7.7102e+10 8.8853e+10  15.2%  78.3 1590s
 45153 11628 8.3798e+10   43  134 7.7102e+10 8.8853e+10  15.2%  78.2 1595s
 45292 11733 8.8853e+10   61   36 7.7102e+10 8.8853e+10  15.2%  78.2 1601s
 45393 11770 8.3798e+10   60   25 7.7102e+10 8.8853e+10  15.2%  78.3 1605s
 45603 11856 infeasible   40      7.7102e+10 8.8853e+10  15.2%  78.1 1610s
 45672 11890 8.8853e+10   62   72 7.7102e+10 8.8853e+10  15.2%  78.2 1615s
 45824 11937 7.8744e+10   62   33 7.7102e+10 8.8853e+10  15.2%  78.1 1622s
 45889 11968 8.1768e+10   48  100 7.7102e+10 8.8853e+10  15.2%  78.2 1625s
 46051 12050 7.8744e+10   56   15 7.7102e+10 8.8853e+10  15.2%  78.1 1630s
 46162 12084 infeasible   57      7.7102e+10 8.8853e+10  15.2%  78.0 1635s
 46320 12180 infeasible   53      7.7102e+10 8.8853e+10  15.2%  78.0 1640s
 46475 12257 infeasible   61      7.7102e+10 8.8853e+10  15.2%  77.9 1645s
 46595 12311 8.8432e+10   63   75 7.7102e+10 8.8853e+10  15.2%  77.8 1650s
 46770 12382 8.8853e+10   77   69 7.7102e+10 8.8853e+10  15.2%  77.7 1655s
 46841 12423 8.3798e+10   49   36 7.7102e+10 8.8853e+10  15.2%  77.7 1661s
 46956 12460 infeasible   61      7.7102e+10 8.8853e+10  15.2%  77.7 1665s
 47151 12567 8.8853e+10   35   59 7.7102e+10 8.8853e+10  15.2%  77.5 1670s
 47317 12670 infeasible   55      7.7102e+10 8.8853e+10  15.2%  77.5 1675s
 47449 12745 infeasible   77      7.7102e+10 8.8853e+10  15.2%  77.4 1680s
 47621 12797 8.8853e+10   47   68 7.7102e+10 8.8853e+10  15.2%  77.4 1685s
 47647 12809 8.3798e+10   61   33 7.7102e+10 8.8853e+10  15.2%  77.4 1691s
 47802 12890 infeasible   50      7.7102e+10 8.8853e+10  15.2%  77.3 1695s
 47971 12949 8.8853e+10   49   40 7.7102e+10 8.8853e+10  15.2%  77.3 1700s
 48081 13006 8.8853e+10   26  126 7.7102e+10 8.8853e+10  15.2%  77.3 1705s
 48234 13102 8.8853e+10   54   92 7.7102e+10 8.8853e+10  15.2%  77.2 1710s
 48325 13158 8.8853e+10   38  121 7.7102e+10 8.8853e+10  15.2%  77.2 1715s
 48507 13223 infeasible   44      7.7102e+10 8.8853e+10  15.2%  77.2 1720s
 48655 13281 8.4187e+10   57   33 7.7102e+10 8.8853e+10  15.2%  77.2 1725s
 48788 13329 infeasible   54      7.7102e+10 8.8853e+10  15.2%  77.2 1730s
 48859 13347 8.8853e+10   56   56 7.7102e+10 8.8853e+10  15.2%  77.2 1735s
 49034 13379 8.8853e+10   70   70 7.7102e+10 8.8853e+10  15.2%  77.2 1740s
 49136 13369 infeasible   63      7.7102e+10 8.8853e+10  15.2%  77.3 1745s
 49230 13377 8.8853e+10   61   50 7.7102e+10 8.8853e+10  15.2%  77.3 1750s
 49351 13372 7.8744e+10   70   36 7.7102e+10 8.8853e+10  15.2%  77.4 1755s
 49465 13378 infeasible   59      7.7102e+10 8.8853e+10  15.2%  77.5 1760s
 49577 13385 infeasible   56      7.7102e+10 8.8853e+10  15.2%  77.5 1765s
 49636 13393 8.1768e+10   67   42 7.7102e+10 8.8853e+10  15.2%  77.5 1770s
 49771 13382 7.8744e+10   63   29 7.7102e+10 8.8853e+10  15.2%  77.6 1775s
 49899 13396 infeasible   57      7.7102e+10 8.8853e+10  15.2%  77.6 1780s
 50003 13390 8.8680e+10   53  154 7.7102e+10 8.8853e+10  15.2%  77.8 1785s
 50174 13385 8.8769e+10   63  148 7.7102e+10 8.8853e+10  15.2%  77.9 1790s
 50285 13406 8.4187e+10   62   22 7.7102e+10 8.8853e+10  15.2%  77.9 1795s
 50434 13459 8.8765e+10   72   48 7.7102e+10 8.8853e+10  15.2%  77.9 1800s
 50557 13476 8.4187e+10   54   76 7.7102e+10 8.8853e+10  15.2%  77.9 1805s
 50684 13483 8.3798e+10   64   57 7.7102e+10 8.8853e+10  15.2%  77.9 1810s
 50790 13487 7.9133e+10   67   17 7.7102e+10 8.8853e+10  15.2%  77.9 1816s
 50874 13493 8.8853e+10   64   62 7.7102e+10 8.8853e+10  15.2%  77.9 1820s
 50980 13502 8.4187e+10   58   47 7.7102e+10 8.8853e+10  15.2%  78.0 1825s
 51099 13511 8.3798e+10   71   23 7.7102e+10 8.8853e+10  15.2%  78.0 1830s
 51210 13509 8.8853e+10   56   47 7.7102e+10 8.8853e+10  15.2%  78.0 1835s
 51349 13502 infeasible   63      7.7102e+10 8.8853e+10  15.2%  78.1 1840s
 51481 13519 8.8853e+10   58   38 7.7102e+10 8.8853e+10  15.2%  78.1 1845s
 51537 13521 infeasible   62      7.7102e+10 8.8853e+10  15.2%  78.2 1850s
 51642 13512 8.1768e+10   64   32 7.7102e+10 8.8853e+10  15.2%  78.2 1855s
 51793 13541 8.8853e+10   53   41 7.7102e+10 8.8853e+10  15.2%  78.2 1860s
 51913 13563 infeasible   58      7.7102e+10 8.8853e+10  15.2%  78.3 1865s
 52021 13574 infeasible   55      7.7102e+10 8.8853e+10  15.2%  78.3 1870s
 52123 13564 8.8853e+10   58   60 7.7102e+10 8.8853e+10  15.2%  78.3 1876s
 52184 13559 8.8853e+10   56   66 7.7102e+10 8.8853e+10  15.2%  78.4 1880s
 52336 13562 8.3798e+10   57   36 7.7102e+10 8.8853e+10  15.2%  78.4 1885s
 52428 13556 8.8853e+10   53   74 7.7102e+10 8.8853e+10  15.2%  78.4 1890s
 52576 13595 infeasible   64      7.7102e+10 8.8853e+10  15.2%  78.4 1895s
 52685 13602 infeasible   69      7.7102e+10 8.8853e+10  15.2%  78.5 1900s
 52803 13594 8.8853e+10   54   76 7.7102e+10 8.8853e+10  15.2%  78.5 1905s
 52838 13599 8.8853e+10   58   44 7.7102e+10 8.8853e+10  15.2%  78.5 1910s
 52960 13610 infeasible   62      7.7102e+10 8.8853e+10  15.2%  78.6 1915s
 53103 13620 8.7823e+10   55   84 7.7102e+10 8.8853e+10  15.2%  78.6 1922s
 53205 13639 8.8853e+10   56   47 7.7102e+10 8.8853e+10  15.2%  78.5 1925s
 53357 13645 8.8853e+10   56   61 7.7102e+10 8.8853e+10  15.2%  78.6 1930s
 53503 13649 8.8853e+10   52   43 7.7102e+10 8.8853e+10  15.2%  78.6 1935s
 53634 13661 infeasible   57      7.7102e+10 8.8853e+10  15.2%  78.6 1940s
 53758 13674 8.8853e+10   52  100 7.7102e+10 8.8853e+10  15.2%  78.6 1947s
 53814 13683 8.8853e+10   42   80 7.7102e+10 8.8853e+10  15.2%  78.6 1950s
 53914 13696 8.3798e+10   53   71 7.7102e+10 8.8853e+10  15.2%  78.6 1955s
 54052 13718 8.8853e+10   54   71 7.7102e+10 8.8853e+10  15.2%  78.6 1960s
 54141 13730 8.8853e+10   56   45 7.7102e+10 8.8853e+10  15.2%  78.6 1965s
 54296 13759 8.8853e+10   47   59 7.7102e+10 8.8853e+10  15.2%  78.7 1970s
 54459 13761 8.1768e+10   56   42 7.7102e+10 8.8853e+10  15.2%  78.7 1975s
 54582 13769 8.8853e+10   50   30 7.7102e+10 8.8853e+10  15.2%  78.7 1980s
 54714 13774 infeasible   50      7.7102e+10 8.8853e+10  15.2%  78.7 1985s
 54738 13781 8.8853e+10   50   48 7.7102e+10 8.8853e+10  15.2%  78.7 1990s
 54882 13789 infeasible   58      7.7102e+10 8.8853e+10  15.2%  78.7 1995s
 55007 13791 infeasible   55      7.7102e+10 8.8853e+10  15.2%  78.7 2000s
 55136 13792 8.8853e+10   58   67 7.7102e+10 8.8853e+10  15.2%  78.7 2005s
 55239 13797 8.1540e+10   50   39 7.7102e+10 8.8853e+10  15.2%  78.8 2010s
 55387 13829 8.3798e+10   57   23 7.7102e+10 8.8853e+10  15.2%  78.8 2015s
 55432 13833 8.3798e+10   64   43 7.7102e+10 8.8853e+10  15.2%  78.8 2020s
 55530 13837 8.8853e+10   61   48 7.7102e+10 8.8853e+10  15.2%  78.9 2025s
 55664 13844 infeasible   62      7.7102e+10 8.8853e+10  15.2%  78.9 2030s
 55763 13841     cutoff   65      7.7102e+10 8.8853e+10  15.2%  78.9 2035s
 55920 13854 8.3798e+10   62   45 7.7102e+10 8.8853e+10  15.2%  79.0 2040s
 56049 13873 8.8853e+10   56   54 7.7102e+10 8.8853e+10  15.2%  79.0 2045s
 56167 13870 7.8744e+10   48   45 7.7102e+10 8.8853e+10  15.2%  79.0 2050s
 56335 13892 infeasible   50      7.7102e+10 8.8853e+10  15.2%  79.0 2055s
 56376 13893 8.1768e+10   54   51 7.7102e+10 8.8853e+10  15.2%  79.1 2061s
 56470 13910 8.3798e+10   54   45 7.7102e+10 8.8853e+10  15.2%  79.1 2065s
 56635 13916 8.3798e+10   55   32 7.7102e+10 8.8853e+10  15.2%  79.1 2070s
 56762 13919 8.3798e+10   51   59 7.7102e+10 8.8853e+10  15.2%  79.1 2075s
 56934 13954 8.4187e+10   54   40 7.7102e+10 8.8853e+10  15.2%  79.1 2080s
 57050 13978 8.8853e+10   53   40 7.7102e+10 8.8853e+10  15.2%  79.0 2085s
 57223 13995 8.1575e+10   55   88 7.7102e+10 8.8853e+10  15.2%  79.0 2090s
 57338 14011 8.3798e+10   56   57 7.7102e+10 8.8853e+10  15.2%  79.1 2095s
 57492 14018 infeasible   58      7.7102e+10 8.8853e+10  15.2%  79.1 2100s
 57510 14005 8.3798e+10   55   41 7.7102e+10 8.8853e+10  15.2%  79.1 2105s
 57657 14042 infeasible   67      7.7102e+10 8.8853e+10  15.2%  79.1 2110s
 57758 14061 infeasible   59      7.7102e+10 8.8853e+10  15.2%  79.1 2115s
 57906 14067 8.3798e+10   54   43 7.7102e+10 8.8853e+10  15.2%  79.1 2120s
 58048 14075 infeasible   56      7.7102e+10 8.8853e+10  15.2%  79.2 2125s
 58146 14087 8.3798e+10   55   62 7.7102e+10 8.8853e+10  15.2%  79.2 2130s
 58289 14086 8.8853e+10   53   36 7.7102e+10 8.8853e+10  15.2%  79.2 2135s
 58381 14092 7.9133e+10   59   16 7.7102e+10 8.8853e+10  15.2%  79.3 2140s
 58436 14105 8.4187e+10   48   52 7.7102e+10 8.8853e+10  15.2%  79.4 2145s
 58548 14146 8.8853e+10   45   61 7.7102e+10 8.8853e+10  15.2%  79.4 2151s
 58652 14195 8.0256e+10   61   69 7.7102e+10 8.8853e+10  15.2%  79.4 2155s
 58806 14253 8.8853e+10   57   34 7.7102e+10 8.8853e+10  15.2%  79.4 2160s
 58914 14268 8.8853e+10   56   45 7.7102e+10 8.8853e+10  15.2%  79.4 2165s
 59033 14284 7.8744e+10   60   33 7.7102e+10 8.8853e+10  15.2%  79.4 2170s
 59172 14311 7.8744e+10   71   20 7.7102e+10 8.8853e+10  15.2%  79.4 2175s
 59235 14316 7.8744e+10   73   63 7.7102e+10 8.8853e+10  15.2%  79.4 2180s
 59368 14341 8.8853e+10   53   46 7.7102e+10 8.8853e+10  15.2%  79.3 2185s
 59490 14354 infeasible   52      7.7102e+10 8.8853e+10  15.2%  79.3 2190s
 59595 14361 8.1768e+10   57   58 7.7102e+10 8.8853e+10  15.2%  79.4 2195s
 59729 14378 8.1768e+10   58   72 7.7102e+10 8.8853e+10  15.2%  79.5 2200s
 59811 14399 8.8853e+10   58   48 7.7102e+10 8.8853e+10  15.2%  79.6 2205s
 59942 14413 infeasible   59      7.7102e+10 8.8853e+10  15.2%  79.7 2210s
 60005 14426 8.8853e+10   59   40 7.7102e+10 8.8853e+10  15.2%  79.7 2215s
 60099 14426 8.8753e+10   64   69 7.7102e+10 8.8853e+10  15.2%  79.7 2220s
 60247 14441 8.8853e+10   63   68 7.7102e+10 8.8853e+10  15.2%  79.8 2225s
 60359 14443 infeasible   65      7.7102e+10 8.8853e+10  15.2%  79.8 2230s
 60498 14429 8.8853e+10   65   64 7.7102e+10 8.8853e+10  15.2%  79.9 2235s
 60600 14443 infeasible   68      7.7102e+10 8.8853e+10  15.2%  80.0 2240s
 60688 14441 8.8853e+10   65   39 7.7102e+10 8.8853e+10  15.2%  80.1 2245s
 60741 14434 8.8853e+10   66   46 7.7102e+10 8.8853e+10  15.2%  80.1 2252s
 60789 14440     cutoff   64      7.7102e+10 8.8853e+10  15.2%  80.1 2255s
 60921 14452 8.8853e+10   59   40 7.7102e+10 8.8853e+10  15.2%  80.2 2260s
 61047 14492 8.8853e+10   56   50 7.7102e+10 8.8853e+10  15.2%  80.1 2265s
 61157 14510 8.8853e+10   62   58 7.7102e+10 8.8853e+10  15.2%  80.2 2270s
 61256 14518 8.8853e+10   62   75 7.7102e+10 8.8853e+10  15.2%  80.2 2275s
 61359 14525 8.8853e+10   58   39 7.7102e+10 8.8853e+10  15.2%  80.2 2280s
 61522 14542 8.8853e+10   68   32 7.7102e+10 8.8853e+10  15.2%  80.2 2285s
 61657 14558 8.3798e+10   61   48 7.7102e+10 8.8853e+10  15.2%  80.2 2290s
 61791 14555 8.8853e+10   55   75 7.7102e+10 8.8853e+10  15.2%  80.1 2297s
 61828 14572 8.8853e+10   61   32 7.7102e+10 8.8853e+10  15.2%  80.1 2300s
 61971 14575 8.2073e+10   74  105 7.7102e+10 8.8853e+10  15.2%  80.1 2305s
 62066 14577 infeasible   71      7.7102e+10 8.8853e+10  15.2%  80.2 2310s
 62222 14603 7.8744e+10   68   30 7.7102e+10 8.8853e+10  15.2%  80.2 2315s
 62353 14613 8.3798e+10   68   66 7.7102e+10 8.8853e+10  15.2%  80.2 2322s
 62444 14614 8.8853e+10   65   32 7.7102e+10 8.8853e+10  15.2%  80.2 2325s
 62595 14614 infeasible   53      7.7102e+10 8.8853e+10  15.2%  80.2 2330s
 62726 14625 8.3377e+10   62   49 7.7102e+10 8.8853e+10  15.2%  80.2 2337s
 62764 14622 8.3798e+10   59   32 7.7102e+10 8.8853e+10  15.2%  80.2 2340s
 62895 14643 7.8744e+10   68   34 7.7102e+10 8.8853e+10  15.2%  80.2 2345s
 63002 14674 7.8744e+10   58   34 7.7102e+10 8.8853e+10  15.2%  80.2 2350s
 63147 14693 8.3798e+10   59   49 7.7102e+10 8.8853e+10  15.2%  80.2 2355s
 63230 14686 infeasible   63      7.7102e+10 8.8853e+10  15.2%  80.2 2360s
 63370 14715 8.3798e+10   53   57 7.7102e+10 8.8853e+10  15.2%  80.3 2365s
 63480 14733 7.8744e+10   60   42 7.7102e+10 8.8853e+10  15.2%  80.3 2370s
 63570 14743 7.8744e+10   59   41 7.7102e+10 8.8853e+10  15.2%  80.3 2375s
 63644 14755 7.8744e+10   62   84 7.7102e+10 8.8853e+10  15.2%  80.3 2380s
 63748 14764 8.8853e+10   52   61 7.7102e+10 8.8853e+10  15.2%  80.3 2385s
 63886 14786 8.8853e+10   55   56 7.7102e+10 8.8853e+10  15.2%  80.3 2390s
 64019 14811 8.3798e+10   57   39 7.7102e+10 8.8853e+10  15.2%  80.3 2395s
 64108 14836 8.3798e+10   68   55 7.7102e+10 8.8853e+10  15.2%  80.3 2400s
 64247 14858 7.8744e+10   68   40 7.7102e+10 8.8853e+10  15.2%  80.4 2405s
 64343 14865 infeasible   63      7.7102e+10 8.8853e+10  15.2%  80.4 2410s
 64470 14902     cutoff   59      7.7102e+10 8.8853e+10  15.2%  80.4 2415s
 64577 14912 8.8853e+10   47   69 7.7102e+10 8.8853e+10  15.2%  80.5 2420s
 64650 14919 8.8853e+10   46   71 7.7102e+10 8.8853e+10  15.2%  80.5 2427s
 64738 14932 8.3798e+10   67   31 7.7102e+10 8.8853e+10  15.2%  80.5 2430s
 64868 14958 infeasible   54      7.7102e+10 8.8853e+10  15.2%  80.6 2435s
 64951 14956 infeasible   63      7.7102e+10 8.8853e+10  15.2%  80.6 2440s
 65101 14984 8.1768e+10   51   90 7.7102e+10 8.8853e+10  15.2%  80.6 2445s
 65192 14989 8.7379e+10   55   41 7.7102e+10 8.8853e+10  15.2%  80.7 2450s
 65328 15010 8.8853e+10   51   51 7.7102e+10 8.8853e+10  15.2%  80.7 2458s
 65344 15013 infeasible   60      7.7102e+10 8.8853e+10  15.2%  80.7 2460s
 65498 15065 8.8853e+10   53   46 7.7102e+10 8.8853e+10  15.2%  80.7 2465s
 65585 15061 infeasible   57      7.7102e+10 8.8853e+10  15.2%  80.7 2470s
 65755 15076 8.3798e+10   60   29 7.7102e+10 8.8853e+10  15.2%  80.6 2475s
 65929 15097 7.8679e+10   70   36 7.7102e+10 8.8853e+10  15.2%  80.6 2480s
 66023 15128 8.7589e+10   63   55 7.7102e+10 8.8853e+10  15.2%  80.6 2485s
 66174 15129 infeasible   64      7.7102e+10 8.8853e+10  15.2%  80.6 2490s
 66322 15148 8.3798e+10   66   42 7.7102e+10 8.8853e+10  15.2%  80.6 2497s
 66386 15148 8.8853e+10   69   39 7.7102e+10 8.8853e+10  15.2%  80.6 2501s
 66489 15145 infeasible   61      7.7102e+10 8.8853e+10  15.2%  80.6 2505s
 66643 15160 infeasible   68      7.7102e+10 8.8853e+10  15.2%  80.6 2510s
 66733 15157 8.8853e+10   61   49 7.7102e+10 8.8853e+10  15.2%  80.7 2515s
 66884 15165 infeasible   63      7.7102e+10 8.8853e+10  15.2%  80.7 2520s
 67001 15179 8.8853e+10   58   53 7.7102e+10 8.8853e+10  15.2%  80.6 2525s
 67101 15172 8.8853e+10   64   32 7.7102e+10 8.8853e+10  15.2%  80.6 2531s
 67222 15191 8.8853e+10   57   45 7.7102e+10 8.8853e+10  15.2%  80.6 2535s
 67352 15209 infeasible   62      7.7102e+10 8.8853e+10  15.2%  80.6 2540s
 67466 15209 8.8853e+10   69   52 7.7102e+10 8.8853e+10  15.2%  80.6 2545s
 67624 15194 8.3798e+10   54   33 7.7102e+10 8.8853e+10  15.2%  80.6 2550s
 67779 15205 8.8853e+10   50   56 7.7102e+10 8.8853e+10  15.2%  80.6 2555s
 67885 15217 8.8853e+10   60   53 7.7102e+10 8.8853e+10  15.2%  80.6 2561s
 67952 15217 8.8853e+10   63   53 7.7102e+10 8.8853e+10  15.2%  80.6 2565s
 68097 15212 8.1768e+10   66   43 7.7102e+10 8.8853e+10  15.2%  80.6 2570s
 68190 15224 8.3798e+10   60   62 7.7102e+10 8.8853e+10  15.2%  80.6 2575s
 68342 15241 infeasible   60      7.7102e+10 8.8853e+10  15.2%  80.6 2580s
 68449 15267 8.8853e+10   63   31 7.7102e+10 8.8853e+10  15.2%  80.6 2585s
 68565 15275 infeasible   56      7.7102e+10 8.8853e+10  15.2%  80.6 2590s
 68597 15274 8.3798e+10   63   41 7.7102e+10 8.8853e+10  15.2%  80.7 2595s
 68750 15283 8.8853e+10   65   56 7.7102e+10 8.8853e+10  15.2%  80.6 2600s
 68852 15286 8.8853e+10   50   82 7.7102e+10 8.8853e+10  15.2%  80.7 2605s
 68993 15286 7.8535e+10   58   43 7.7102e+10 8.8853e+10  15.2%  80.7 2610s
 69143 15332 8.8853e+10   48   88 7.7102e+10 8.8853e+10  15.2%  80.7 2615s
 69242 15376 8.1271e+10   46   95 7.7102e+10 8.8853e+10  15.2%  80.7 2620s
 69386 15394 7.8744e+10   49   93 7.7102e+10 8.8853e+10  15.2%  80.7 2626s
 69442 15414 8.8853e+10   49   73 7.7102e+10 8.8853e+10  15.2%  80.7 2630s
 69630 15425 infeasible   48      7.7102e+10 8.8853e+10  15.2%  80.6 2635s
 69827 15438 infeasible   57      7.7102e+10 8.8853e+10  15.2%  80.6 2640s
 69937 15461 8.8853e+10   53  104 7.7102e+10 8.8853e+10  15.2%  80.6 2645s
 70115 15467 8.8853e+10   59   72 7.7102e+10 8.8853e+10  15.2%  80.6 2650s
 70332 15458 8.8853e+10   52  101 7.7102e+10 8.8853e+10  15.2%  80.6 2655s
 70436 15452 8.8853e+10   56   94 7.7102e+10 8.8853e+10  15.2%  80.6 2660s
 70570 15440 infeasible   57      7.7102e+10 8.8853e+10  15.2%  80.7 2665s
 70640 15448 8.8853e+10   55   64 7.7102e+10 8.8853e+10  15.2%  80.6 2670s
 70842 15436 8.8853e+10   44   96 7.7102e+10 8.8853e+10  15.2%  80.6 2675s
 71030 15488 infeasible   51      7.7102e+10 8.8853e+10  15.2%  80.5 2680s
 71248 15523 8.8853e+10   64   61 7.7102e+10 8.8853e+10  15.2%  80.5 2685s
 71372 15550 8.8853e+10   64   53 7.7102e+10 8.8853e+10  15.2%  80.4 2690s
 71593 15532 8.8853e+10   55   54 7.7102e+10 8.8853e+10  15.2%  80.3 2695s
 71856 15547 8.8853e+10   62   88 7.7102e+10 8.8853e+10  15.2%  80.2 2700s
 72042 15572 8.8853e+10   51   59 7.7102e+10 8.8853e+10  15.2%  80.2 2705s
 72128 15588 8.8853e+10   56   72 7.7102e+10 8.8853e+10  15.2%  80.2 2710s
 72292 15636 8.8695e+10   71  124 7.7102e+10 8.8853e+10  15.2%  80.2 2715s
 72416 15676 8.3798e+10   79   74 7.7102e+10 8.8853e+10  15.2%  80.3 2720s
 72486 15640 8.8853e+10   56   40 7.7102e+10 8.8853e+10  15.2%  80.4 2728s
 72503 15633 infeasible   67      7.7102e+10 8.8853e+10  15.2%  80.4 2730s
 72632 15625 infeasible   64      7.7102e+10 8.8853e+10  15.2%  80.5 2735s
 72745 15608 8.8853e+10   48   72 7.7102e+10 8.8853e+10  15.2%  80.6 2740s
 72795 15610 8.8853e+10   52   63 7.7102e+10 8.8853e+10  15.2%  80.6 2745s
 72915 15607 8.8853e+10   55  123 7.7102e+10 8.8853e+10  15.2%  80.7 2750s
 73075 15626 infeasible   47      7.7102e+10 8.8853e+10  15.2%  80.7 2755s
 73158 15616 infeasible   50      7.7102e+10 8.8853e+10  15.2%  80.8 2760s
 73308 15629 infeasible   48      7.7102e+10 8.8853e+10  15.2%  80.8 2765s
 73444 15635 infeasible   53      7.7102e+10 8.8853e+10  15.2%  80.9 2770s
 73528 15638 8.8853e+10   51  109 7.7102e+10 8.8853e+10  15.2%  80.9 2775s
 73676 15610 infeasible   52      7.7102e+10 8.8853e+10  15.2%  81.1 2780s
 73790 15598 8.8853e+10   40  111 7.7102e+10 8.8853e+10  15.2%  81.1 2786s
 73877 15639 infeasible   50      7.7102e+10 8.8853e+10  15.2%  81.1 2790s
 74069 15723 infeasible   49      7.7102e+10 8.8853e+10  15.2%  81.1 2795s
 74148 15738 8.8853e+10   52   77 7.7102e+10 8.8853e+10  15.2%  81.1 2800s
 74336 15758 infeasible   53      7.7102e+10 8.8853e+10  15.2%  81.1 2805s
 74494 15766 8.8853e+10   57  127 7.7102e+10 8.8853e+10  15.2%  81.1 2810s
 74601 15773 8.8853e+10   64   36 7.7102e+10 8.8853e+10  15.2%  81.1 2815s
 74778 15763 8.8516e+10   64  108 7.7102e+10 8.8853e+10  15.2%  81.1 2820s
 74901 15783 8.8853e+10   47   59 7.7102e+10 8.8853e+10  15.2%  81.1 2826s
 75001 15773 8.6326e+10   53   82 7.7102e+10 8.8853e+10  15.2%  81.2 2830s
 75246 15790 infeasible   57      7.7102e+10 8.8853e+10  15.2%  81.1 2835s
 75425 15787 8.8853e+10   56   61 7.7102e+10 8.8853e+10  15.2%  81.1 2841s
 75517 15796 8.8853e+10   57   61 7.7102e+10 8.8853e+10  15.2%  81.0 2846s
 75639 15810 8.8853e+10   57   87 7.7102e+10 8.8853e+10  15.2%  81.0 2850s
 75843 15799 infeasible   59      7.7102e+10 8.8853e+10  15.2%  81.0 2855s
 75957 15797 infeasible   52      7.7102e+10 8.8853e+10  15.2%  81.0 2860s
 76113 15799 infeasible   60      7.7102e+10 8.8853e+10  15.2%  81.0 2865s
 76281 15814 8.3798e+10   56   81 7.7102e+10 8.8853e+10  15.2%  81.0 2870s
 76390 15820 8.8853e+10   51   65 7.7102e+10 8.8853e+10  15.2%  81.0 2875s
 76579 15830 infeasible   53      7.7102e+10 8.8853e+10  15.2%  81.0 2880s
 76758 15838 8.8853e+10   52  103 7.7102e+10 8.8853e+10  15.2%  81.0 2885s
 76801 15834 infeasible   61      7.7102e+10 8.8853e+10  15.2%  81.0 2890s
 76959 15823 infeasible   57      7.7102e+10 8.8853e+10  15.2%  81.1 2895s
 77119 15821 8.3798e+10   52   55 7.7102e+10 8.8853e+10  15.2%  81.2 2900s
 77170 15820 infeasible   52      7.7102e+10 8.8853e+10  15.2%  81.2 2905s
 77248 15811 8.8853e+10   51   64 7.7102e+10 8.8853e+10  15.2%  81.3 2910s
 77411 15868 8.8853e+10   56   81 7.7102e+10 8.8853e+10  15.2%  81.3 2915s
 77549 15862 infeasible   56      7.7102e+10 8.8853e+10  15.2%  81.3 2920s
 77644 15857 8.8853e+10   53   98 7.7102e+10 8.8853e+10  15.2%  81.4 2925s
 77775 15875 8.8853e+10   67   70 7.7102e+10 8.8853e+10  15.2%  81.4 2930s
 77959 15859 infeasible   59      7.7102e+10 8.8853e+10  15.2%  81.4 2935s
 77993 15863 8.8853e+10   56   77 7.7102e+10 8.8853e+10  15.2%  81.4 2940s
 78148 15871 8.8853e+10   52  101 7.7102e+10 8.8853e+10  15.2%  81.4 2945s
 78327 15854 infeasible   61      7.7102e+10 8.8853e+10  15.2%  81.4 2950s
 78450 15860 infeasible   59      7.7102e+10 8.8853e+10  15.2%  81.4 2955s
 78577 15842 8.8853e+10   53   66 7.7102e+10 8.8853e+10  15.2%  81.5 2960s
 78714 15837 infeasible   57      7.7102e+10 8.8853e+10  15.2%  81.5 2965s
 78784 15835 8.8853e+10   51   97 7.7102e+10 8.8853e+10  15.2%  81.5 2970s
 78934 15836 8.8853e+10   56   88 7.7102e+10 8.8853e+10  15.2%  81.5 2975s
 79061 15835 8.8853e+10   53   86 7.7102e+10 8.8853e+10  15.2%  81.5 2980s
 79183 15810 8.8853e+10   59  104 7.7102e+10 8.8853e+10  15.2%  81.6 2985s
 79290 15811 8.8853e+10   48   75 7.7102e+10 8.8853e+10  15.2%  81.6 2992s
 79358 15811 infeasible   53      7.7102e+10 8.8853e+10  15.2%  81.6 2995s
 79438 15813 8.8853e+10   56   79 7.7102e+10 8.8853e+10  15.2%  81.6 3000s
 79604 15798 8.8853e+10   43   93 7.7102e+10 8.8853e+10  15.2%  81.6 3005s
 79791 15851 8.8853e+10   64   69 7.7102e+10 8.8853e+10  15.2%  81.6 3010s
 79970 15858 8.3798e+10   53   26 7.7102e+10 8.8853e+10  15.2%  81.5 3015s
 80119 15857 infeasible   64      7.7102e+10 8.8853e+10  15.2%  81.5 3020s
 80217 15837 8.8853e+10   47   53 7.7102e+10 8.8853e+10  15.2%  81.5 3025s
 80356 15870 8.3798e+10   61   56 7.7102e+10 8.8853e+10  15.2%  81.5 3030s
 80429 15883 8.8853e+10   60   40 7.7102e+10 8.8853e+10  15.2%  81.5 3035s
 80577 15905 8.8853e+10   61   77 7.7102e+10 8.8853e+10  15.2%  81.5 3040s
 80741 15900 infeasible   56      7.7102e+10 8.8853e+10  15.2%  81.5 3045s
 80840 15906 8.8853e+10   50   86 7.7102e+10 8.8853e+10  15.2%  81.5 3050s
 80945 15912 infeasible   59      7.7102e+10 8.8853e+10  15.2%  81.6 3055s
 81076 15938 7.8734e+10   63   35 7.7102e+10 8.8853e+10  15.2%  81.6 3060s
 81173 15940 8.3798e+10   56   22 7.7102e+10 8.8853e+10  15.2%  81.6 3066s
 81210 15952 7.8744e+10   52   55 7.7102e+10 8.8853e+10  15.2%  81.6 3070s
 81323 15976 infeasible   66      7.7102e+10 8.8853e+10  15.2%  81.7 3075s
 81457 15979 infeasible   67      7.7102e+10 8.8853e+10  15.2%  81.7 3080s
 81567 15987 infeasible   63      7.7102e+10 8.8853e+10  15.2%  81.7 3085s
 81665 16004 8.3798e+10   70   46 7.7102e+10 8.8853e+10  15.2%  81.7 3090s
 81747 16006 7.8744e+10   55   29 7.7102e+10 8.8853e+10  15.2%  81.8 3095s
 81874 16023 8.8853e+10   52   53 7.7102e+10 8.8853e+10  15.2%  81.8 3100s
 82018 16042 infeasible   55      7.7102e+10 8.8853e+10  15.2%  81.8 3105s
 82081 16047 7.8744e+10   61   51 7.7102e+10 8.8853e+10  15.2%  81.8 3111s
 82187 16068 8.6209e+10   65   84 7.7102e+10 8.8853e+10  15.2%  81.8 3115s
 82318 16076 infeasible   62      7.7102e+10 8.8853e+10  15.2%  81.8 3120s
 82412 16088 infeasible   57      7.7102e+10 8.8853e+10  15.2%  81.9 3125s
 82568 16121 infeasible   69      7.7102e+10 8.8853e+10  15.2%  81.9 3130s
 82667 16141 infeasible   66      7.7102e+10 8.8853e+10  15.2%  81.9 3135s
 82820 16153 infeasible   72      7.7102e+10 8.8853e+10  15.2%  81.9 3140s
 82900 16150 infeasible   72      7.7102e+10 8.8853e+10  15.2%  81.9 3145s
 82986 16149 infeasible   67      7.7102e+10 8.8853e+10  15.2%  82.0 3150s
 83112 16133 infeasible   57      7.7102e+10 8.8853e+10  15.2%  82.0 3155s
 83211 16150 infeasible   61      7.7102e+10 8.8853e+10  15.2%  82.0 3160s
 83336 16164 8.3798e+10   59   30 7.7102e+10 8.8853e+10  15.2%  82.0 3165s
 83384 16159 7.8744e+10   61   19 7.7102e+10 8.8853e+10  15.2%  82.0 3170s
 83463 16154 7.8744e+10   58   16 7.7102e+10 8.8853e+10  15.2%  82.1 3175s
 83599 16192 8.1768e+10   62   45 7.7102e+10 8.8853e+10  15.2%  82.1 3180s
 83721 16214 7.8744e+10   59   23 7.7102e+10 8.8853e+10  15.2%  82.1 3185s
 83813 16223 8.8853e+10   57   62 7.7102e+10 8.8853e+10  15.2%  82.1 3190s
 83940 16244 8.3798e+10   64   48 7.7102e+10 8.8853e+10  15.2%  82.1 3195s
 84018 16234 8.3798e+10   54   30 7.7102e+10 8.8853e+10  15.2%  82.2 3200s
 84168 16264 8.8853e+10   50   90 7.7102e+10 8.8853e+10  15.2%  82.2 3207s
 84198 16264 infeasible   60      7.7102e+10 8.8853e+10  15.2%  82.2 3210s
 84348 16264 infeasible   57      7.7102e+10 8.8853e+10  15.2%  82.3 3215s
 84518 16272 8.1768e+10   58   37 7.7102e+10 8.8853e+10  15.2%  82.2 3220s
 84618 16312 8.8853e+10   47   94 7.7102e+10 8.8853e+10  15.2%  82.2 3225s
 84767 16346 8.1768e+10   53   71 7.7102e+10 8.8853e+10  15.2%  82.2 3230s
 84923 16362 8.8853e+10   43   85 7.7102e+10 8.8853e+10  15.2%  82.2 3235s
 85090 16398 8.8853e+10   45   93 7.7102e+10 8.8853e+10  15.2%  82.2 3241s
 85203 16429 7.8744e+10   60   42 7.7102e+10 8.8853e+10  15.2%  82.1 3245s
 85232 16438 8.3798e+10   63   18 7.7102e+10 8.8853e+10  15.2%  82.1 3250s
 85349 16437 8.0256e+10   56   99 7.7102e+10 8.8853e+10  15.2%  82.2 3255s
 85481 16467 8.8853e+10   51   64 7.7102e+10 8.8853e+10  15.2%  82.2 3260s
 85612 16519 8.3798e+10   62   36 7.7102e+10 8.8853e+10  15.2%  82.2 3265s
 85692 16538 8.1768e+10   52   39 7.7102e+10 8.8853e+10  15.2%  82.2 3272s
 85749 16560 7.8744e+10   65   34 7.7102e+10 8.8853e+10  15.2%  82.2 3275s
 85849 16576 8.8853e+10   49  123 7.7102e+10 8.8853e+10  15.2%  82.2 3280s
 85976 16583 8.8853e+10   56   92 7.7102e+10 8.8853e+10  15.2%  82.3 3285s
 86059 16606 8.8853e+10   51  116 7.7102e+10 8.8853e+10  15.2%  82.3 3290s
 86192 16641 infeasible   87      7.7102e+10 8.8853e+10  15.2%  82.4 3295s
 86300 16647 8.8853e+10   58   98 7.7102e+10 8.8853e+10  15.2%  82.4 3300s
 86440 16687 8.8853e+10   49   63 7.7102e+10 8.8853e+10  15.2%  82.4 3305s
 86517 16728 infeasible   55      7.7102e+10 8.8853e+10  15.2%  82.4 3310s
 86605 16745 infeasible   44      7.7102e+10 8.8853e+10  15.2%  82.4 3315s
 86719 16799 8.8853e+10   35  100 7.7102e+10 8.8853e+10  15.2%  82.4 3320s
 86807 16855 8.3798e+10   51   33 7.7102e+10 8.8853e+10  15.2%  82.4 3325s
 86916 16900 8.8853e+10   32  105 7.7102e+10 8.8853e+10  15.2%  82.5 3330s
 87056 16962     cutoff   64      7.7102e+10 8.8853e+10  15.2%  82.5 3335s
 87158 16997 8.8853e+10   51   91 7.7102e+10 8.8853e+10  15.2%  82.4 3341s
 87223 17008 8.8853e+10   31   98 7.7102e+10 8.8853e+10  15.2%  82.5 3345s
 87354 17084 infeasible   51      7.7102e+10 8.8853e+10  15.2%  82.4 3350s
 87469 17129 8.3798e+10   54   65 7.7102e+10 8.8853e+10  15.2%  82.4 3355s
 87575 17177 infeasible   63      7.7102e+10 8.8853e+10  15.2%  82.4 3360s
 87628 17180 infeasible   59      7.7102e+10 8.8853e+10  15.2%  82.4 3365s
 87736 17256 7.8744e+10   40   80 7.7102e+10 8.8853e+10  15.2%  82.5 3370s
 87809 17293 8.2049e+10   50   72 7.7102e+10 8.8853e+10  15.2%  82.4 3375s
 87941 17333 8.4187e+10   56   33 7.7102e+10 8.8853e+10  15.2%  82.5 3380s
 88092 17425 8.8853e+10   49   55 7.7102e+10 8.8853e+10  15.2%  82.4 3386s
 88204 17477 8.8853e+10   74   38 7.7102e+10 8.8853e+10  15.2%  82.4 3390s
 88335 17538 7.8744e+10   66   33 7.7102e+10 8.8853e+10  15.2%  82.4 3395s
 88487 17613 infeasible   65      7.7102e+10 8.8853e+10  15.2%  82.3 3400s
 88587 17628 infeasible   70      7.7102e+10 8.8853e+10  15.2%  82.3 3405s
 88694 17673 8.8853e+10   49   69 7.7102e+10 8.8853e+10  15.2%  82.3 3410s
 88814 17755 8.8853e+10   52   56 7.7102e+10 8.8853e+10  15.2%  82.3 3415s
 88959 17855 8.5349e+10   40   39 7.7102e+10 8.8853e+10  15.2%  82.3 3420s
 89035 17893 8.8853e+10   31  117 7.7102e+10 8.8853e+10  15.2%  82.3 3425s
 89128 17960 8.3798e+10   43   77 7.7102e+10 8.8853e+10  15.2%  82.2 3430s
 89269 18039 8.8853e+10   70   60 7.7102e+10 8.8853e+10  15.2%  82.2 3435s
 89376 18082 8.8853e+10   69   41 7.7102e+10 8.8853e+10  15.2%  82.2 3440s
 89520 18136 8.3798e+10   71   32 7.7102e+10 8.8853e+10  15.2%  82.2 3445s
 89636 18189 infeasible   57      7.7102e+10 8.8853e+10  15.2%  82.2 3450s
 89740 18221 8.8853e+10   34  119 7.7102e+10 8.8853e+10  15.2%  82.2 3456s
 89837 18256 infeasible   45      7.7102e+10 8.8853e+10  15.2%  82.1 3460s
 89935 18290 7.8744e+10   63   28 7.7102e+10 8.8853e+10  15.2%  82.1 3465s
 90069 18354 8.3798e+10   49   37 7.7102e+10 8.8853e+10  15.2%  82.1 3470s
 90174 18392 8.8853e+10   37   63 7.7102e+10 8.8853e+10  15.2%  82.1 3475s
 90297 18443 8.8853e+10   34   59 7.7102e+10 8.8853e+10  15.2%  82.1 3480s
 90397 18492 8.8853e+10   44   47 7.7102e+10 8.8853e+10  15.2%  82.0 3485s
 90543 18568 8.8853e+10   46   37 7.7102e+10 8.8853e+10  15.2%  82.0 3490s
 90639 18634 8.8853e+10   38   44 7.7102e+10 8.8853e+10  15.2%  81.9 3495s
 90780 18709 8.8853e+10   29  111 7.7102e+10 8.8853e+10  15.2%  81.9 3500s
 90930 18783 8.8853e+10   49   82 7.7102e+10 8.8853e+10  15.2%  81.9 3505s
 90980 18793 8.8853e+10   53   70 7.7102e+10 8.8853e+10  15.2%  81.9 3511s
 91077 18856 infeasible   64      7.7102e+10 8.8853e+10  15.2%  81.8 3515s
 91178 18899 8.8853e+10   30  108 7.7102e+10 8.8853e+10  15.2%  81.8 3520s
 91336 18959 8.8853e+10   27   99 7.7102e+10 8.8853e+10  15.2%  81.8 3525s
 91465 19042 8.8853e+10   30   62 7.7102e+10 8.8853e+10  15.2%  81.8 3530s
 91561 19102 infeasible   40      7.7102e+10 8.8853e+10  15.2%  81.7 3535s
 91703 19168 infeasible   75      7.7102e+10 8.8853e+10  15.2%  81.7 3540s
 91801 19186 8.8853e+10   66   53 7.7102e+10 8.8853e+10  15.2%  81.7 3545s
 91894 19226 8.5349e+10   35   81 7.7102e+10 8.8853e+10  15.2%  81.7 3550s
 92034 19265 8.8853e+10   78   44 7.7102e+10 8.8853e+10  15.2%  81.6 3555s
 92149 19280 8.8853e+10   63   69 7.7102e+10 8.8853e+10  15.2%  81.6 3560s
 92256 19329 7.8341e+10   55    9 7.7102e+10 8.8853e+10  15.2%  81.7 3565s
 92332 19393 8.8853e+10   55  107 7.7102e+10 8.8853e+10  15.2%  81.7 3572s
 92361 19403 infeasible   70      7.7102e+10 8.8853e+10  15.2%  81.7 3575s
 92478 19424 infeasible   61      7.7102e+10 8.8853e+10  15.2%  81.7 3580s
 92576 19436 8.8853e+10   68   64 7.7102e+10 8.8853e+10  15.2%  81.7 3585s
 92728 19424 8.8853e+10   60   89 7.7102e+10 8.8853e+10  15.2%  81.7 3590s
 92847 19429 8.8853e+10   65   73 7.7102e+10 8.8853e+10  15.2%  81.7 3595s

Cutting planes:
  Learned: 356
  Gomory: 185
  Lift-and-project: 32
  Cover: 8403
  Implied bound: 677
  Projected implied bound: 1
  Clique: 114
  MIR: 69
  Mixing: 1
  StrongCG: 24
  Flow cover: 816
  GUB cover: 51
  Inf proof: 1120
  Zero half: 7
  Network: 1
  RLT: 264
  Relax-and-lift: 205
  BQP: 3

Explored 92912 nodes (7605207 simplex iterations) in 3599.05 seconds (1836.16 work units)
Thread count was 1 (of 28 available processors)

Solution count 9: 7.71024e+10 7.56288e+10 7.524e+10 ... -0

Time limit reached
Best objective 7.710240000000e+10, best bound 8.885280000000e+10, gap 15.2400%

User-callback calls 1552736, time in user-callback 1.20 sec