Gurobi Optimizer version 12.0.3 build v12.0.3rc0 (linux64 - "Oracle Linux Server 9.4")

CPU model: Intel(R) Xeon(R) CPU E5-2660 v4 @ 2.00GHz, instruction set [SSE2|AVX|AVX2]
Thread count: 28 physical cores, 28 logical processors, using up to 1 threads

Non-default parameters:
TimeLimit  3599.132521208
SoftMemLimit  16
NumericFocus  1
Threads  1

Academic license 2690100 - for non-commercial use only - registered to ju___@uclm.es
Optimize a model with 3585 rows, 867 columns and 13338 nonzeros
Model fingerprint: 0x82b6027f
Variable types: 30 continuous, 837 integer (837 binary)
Coefficient statistics:
  Matrix range     [1e+00, 2e+13]
  Objective range  [9e+08, 8e+09]
  Bounds range     [2e+03, 1e+04]
  RHS range        [1e+00, 2e+14]
Warning: Model contains large matrix coefficient range
Warning: Model contains large objective coefficients
Warning: Model contains large rhs
Found heuristic solution: objective -0.0000000
Presolve removed 714 rows and 3 columns
Presolve time: 0.05s
Presolved: 2871 rows, 864 columns, 10350 nonzeros
Variable types: 30 continuous, 834 integer (834 binary)

Root relaxation: objective 9.363830e+10, 339 iterations, 0.01 seconds (0.01 work units)

    Nodes    |    Current Node    |     Objective Bounds      |     Work
 Expl Unexpl |  Obj  Depth IntInf | Incumbent    BestBd   Gap | It/Node Time

     0     0 9.3638e+10    0    4   -0.00000 9.3638e+10      -     -    0s
H    0     0                    7.861910e+10 9.3638e+10  19.1%     -    0s
     0     0 9.3638e+10    0  107 7.8619e+10 9.3638e+10  19.1%     -    0s
     0     0 9.3638e+10    0   82 7.8619e+10 9.3638e+10  19.1%     -    0s
     0     0 9.3638e+10    0   14 7.8619e+10 9.3638e+10  19.1%     -    0s
     0     0 9.3638e+10    0   14 7.8619e+10 9.3638e+10  19.1%     -    0s
     0     0 9.3638e+10    0   15 7.8619e+10 9.3638e+10  19.1%     -    0s
     0     0 9.3638e+10    0   49 7.8619e+10 9.3638e+10  19.1%     -    0s
     0     0 9.3638e+10    0   12 7.8619e+10 9.3638e+10  19.1%     -    0s
     0     0 9.3638e+10    0   12 7.8619e+10 9.3638e+10  19.1%     -    0s
     0     0 9.3638e+10    0   13 7.8619e+10 9.3638e+10  19.1%     -    0s
     0     0 9.3638e+10    0   12 7.8619e+10 9.3638e+10  19.1%     -    0s
     0     2 9.3638e+10    0    9 7.8619e+10 9.3638e+10  19.1%     -    0s
*  687   310              69    8.260560e+10 9.3638e+10  13.4%  19.5    3s
H  689   285                    9.011520e+10 9.3638e+10  3.91%  19.5    3s
   858   326 9.3638e+10   12   97 9.0115e+10 9.3638e+10  3.91%  19.2    5s
  1075   322 9.3638e+10   21   45 9.0115e+10 9.3638e+10  3.91%  33.4   10s
  1347   231 9.3638e+10   19   56 9.0115e+10 9.3638e+10  3.91%  38.4   15s
  1590   145 9.3638e+10   17   58 9.0115e+10 9.3638e+10  3.91%  41.7   20s
  1789    82 9.3638e+10   15   45 9.0115e+10 9.3638e+10  3.91%  45.4   25s

Cutting planes:
  Learned: 76
  Gomory: 19
  Lift-and-project: 2
  Cover: 91
  Implied bound: 361
  Clique: 6
  MIR: 6
  Flow cover: 93
  Inf proof: 69
  Zero half: 2
  RLT: 35
  Relax-and-lift: 18

Explored 1886 nodes (94591 simplex iterations) in 27.48 seconds (12.25 work units)
Thread count was 1 (of 28 available processors)

Solution count 4: 9.01152e+10 8.26056e+10 7.86191e+10 -0 

Optimal solution found (tolerance 1.00e-04)
Best objective 9.011520000000e+10, best bound 9.011520000000e+10, gap 0.0000%

User-callback calls 20634, time in user-callback 0.02 sec