Gurobi Optimizer version 12.0.3 build v12.0.3rc0 (linux64 - "Oracle Linux Server 9.4")

CPU model: Intel(R) Xeon(R) CPU E5-2660 v4 @ 2.00GHz, instruction set [SSE2|AVX|AVX2]
Thread count: 28 physical cores, 28 logical processors, using up to 1 threads

Non-default parameters:
TimeLimit  3598.077331784
SoftMemLimit  16
NumericFocus  1
Threads  1

Academic license 2690100 - for non-commercial use only - registered to ju___@uclm.es
Optimize a model with 18968 rows, 4573 columns and 67028 nonzeros
Model fingerprint: 0x2de09876
Variable types: 74 continuous, 4499 integer (4499 binary)
Coefficient statistics:
  Matrix range     [1e+00, 2e+13]
  Objective range  [9e+08, 8e+09]
  Bounds range     [2e+03, 1e+04]
  RHS range        [1e+00, 2e+14]
Warning: Model contains large matrix coefficient range
Warning: Model contains large objective coefficients
Warning: Model contains large rhs
Found heuristic solution: objective -0.0000000
Presolve removed 3077 rows and 0 columns
Presolve time: 0.31s
Presolved: 15891 rows, 4573 columns, 57886 nonzeros
Variable types: 74 continuous, 4499 integer (4499 binary)

Root relaxation: objective 9.490848e+10, 964 iterations, 0.07 seconds (0.05 work units)

    Nodes    |    Current Node    |     Objective Bounds      |     Work
 Expl Unexpl |  Obj  Depth IntInf | Incumbent    BestBd   Gap | It/Node Time

     0     0 9.4908e+10    0   37   -0.00000 9.4908e+10      -     -    2s
H    0     0                    3.510000e+09 9.4908e+10  2604%     -    2s
H    0     0                    1.278000e+10 9.4908e+10   643%     -    2s
H    0     0                    3.211920e+10 9.4908e+10   195%     -    2s
H    0     0                    6.385618e+10 9.4908e+10  48.6%     -    2s
H    0     0                    6.502618e+10 9.4908e+10  46.0%     -    2s
H    0     0                    6.619618e+10 9.4908e+10  43.4%     -    2s
H    0     0                    6.763618e+10 9.4908e+10  40.3%     -    2s
     0     0 9.4908e+10    0  350 6.7636e+10 9.4908e+10  40.3%     -    3s
     0     0 9.4908e+10    0  351 6.7636e+10 9.4908e+10  40.3%     -    3s
H    0     0                    6.998928e+10 9.4908e+10  35.6%     -    3s
     0     0 9.4908e+10    0  401 6.9989e+10 9.4908e+10  35.6%     -    3s
     0     0 9.4908e+10    0   81 6.9989e+10 9.4908e+10  35.6%     -    4s
     0     0 9.4908e+10    0  117 6.9989e+10 9.4908e+10  35.6%     -    5s
     0     0 9.4908e+10    0   91 6.9989e+10 9.4908e+10  35.6%     -    5s
     0     0 9.4908e+10    0  205 6.9989e+10 9.4908e+10  35.6%     -    6s
     0     0 9.4908e+10    0   28 6.9989e+10 9.4908e+10  35.6%     -    8s
     0     0 9.4908e+10    0   67 6.9989e+10 9.4908e+10  35.6%     -    8s
     0     0 9.4908e+10    0   43 6.9989e+10 9.4908e+10  35.6%     -    9s
     0     0 9.4908e+10    0   40 6.9989e+10 9.4908e+10  35.6%     -    9s
     0     0 9.4908e+10    0   47 6.9989e+10 9.4908e+10  35.6%     -   10s
     0     0 9.4908e+10    0  101 6.9989e+10 9.4908e+10  35.6%     -   10s
     0     0 9.4908e+10    0   66 6.9989e+10 9.4908e+10  35.6%     -   11s
     0     0 9.4908e+10    0   26 6.9989e+10 9.4908e+10  35.6%     -   12s
H    0     0                    7.349928e+10 9.4908e+10  29.1%     -   12s
     0     2 9.4908e+10    0   19 7.3499e+10 9.4908e+10  29.1%     -   13s
    16    15 9.4908e+10   10  296 7.3499e+10 9.4908e+10  29.1%   195   15s
   104    89 9.4908e+10   60  282 7.3499e+10 9.4908e+10  29.1%  97.3   20s
   217   104 9.4908e+10    5  258 7.3499e+10 9.4908e+10  29.1%  83.6   26s
   367   251 9.4908e+10  151  341 7.3499e+10 9.4908e+10  29.1%  83.1   30s
   406   290 9.4908e+10  190  292 7.3499e+10 9.4908e+10  29.1%  83.3   37s
   570   418 infeasible  315      7.3499e+10 9.4908e+10  29.1%  75.4   40s
   596   436 9.4908e+10   23  104 7.3499e+10 9.4908e+10  29.1%  76.4   45s
H  597   435                    7.439928e+10 9.4908e+10  27.6%  76.2   47s
H  597   435                    7.556928e+10 9.4908e+10  25.6%  76.2   48s
   614   452 9.4908e+10   81   26 7.5569e+10 9.4908e+10  25.6%  74.6   50s
   621   457 9.4908e+10  143  187 7.5569e+10 9.4908e+10  25.6%  73.7   55s
   624   459 9.4908e+10   32  380 7.5569e+10 9.4908e+10  25.6%  73.4   61s
   627   461 9.4908e+10  206   60 7.5569e+10 9.4908e+10  25.6%  73.0   65s
   635   466 9.4908e+10   31   67 7.5569e+10 9.4908e+10  25.6%  72.1   70s
H  636   443                    7.700928e+10 9.4908e+10  23.2%  72.0   71s
   653   456 9.4908e+10   20   34 7.7009e+10 9.4908e+10  23.2%   184   75s
   680   473 9.4908e+10   38  161 7.7009e+10 9.4908e+10  23.2%   181   80s
   694   482 9.4908e+10   46  135 7.7009e+10 9.4908e+10  23.2%   181   85s
H  715   467                    7.844928e+10 9.4908e+10  21.0%   176   87s
   741   481 9.4908e+10   71  140 7.8449e+10 9.4908e+10  21.0%   172   90s
H  745   460                    7.988928e+10 9.4908e+10  18.8%   171   91s
   828   475 9.4908e+10   15   42 7.9889e+10 9.4908e+10  18.8%   157   96s
   845   485 9.4908e+10   31  180 7.9889e+10 9.4908e+10  18.8%   156  100s
   873   504 9.4908e+10   51  194 7.9889e+10 9.4908e+10  18.8%   156  105s
   898   516 8.9058e+10   67  119 7.9889e+10 9.4908e+10  18.8%   153  112s
   910   521 8.9058e+10   74  118 7.9889e+10 9.4908e+10  18.8%   152  115s
   939   528 9.4908e+10   25   55 7.9889e+10 9.4908e+10  18.8%   148  120s
   973   548 9.4908e+10   51  209 7.9889e+10 9.4908e+10  18.8%   145  125s
   979   552 9.4908e+10   57  214 7.9889e+10 9.4908e+10  18.8%   144  131s
  1007   565 9.4908e+10   78  207 7.9889e+10 9.4908e+10  18.8%   143  135s
  1022   571 9.4908e+10   30  215 7.9889e+10 9.4908e+10  18.8%   143  140s
  1046   587 9.4908e+10   49  243 7.9889e+10 9.4908e+10  18.8%   143  145s
  1083   596 9.4908e+10   23  287 7.9889e+10 9.4908e+10  18.8%   142  150s
  1120   589 9.4908e+10   32  266 7.9889e+10 9.4908e+10  18.8%   141  155s
  1153   599 9.4908e+10   52  290 7.9889e+10 9.4908e+10  18.8%   139  160s
  1192   619 9.4908e+10   69  229 7.9889e+10 9.4908e+10  18.8%   136  165s
  1207   627 9.4908e+10   75  189 7.9889e+10 9.4908e+10  18.8%   135  170s
  1234   639 9.4908e+10   84  211 7.9889e+10 9.4908e+10  18.8%   134  175s
  1260   649 9.4908e+10   90  198 7.9889e+10 9.4908e+10  18.8%   132  181s
  1262   648 9.4908e+10   91  204 7.9889e+10 9.4908e+10  18.8%   132  186s
  1331   657 9.4908e+10  120  158 7.9889e+10 9.4908e+10  18.8%   127  190s
  1430   659 9.4908e+10   31  413 7.9889e+10 9.4908e+10  18.8%   121  195s
  1467   680 9.4908e+10   64  256 7.9889e+10 9.4908e+10  18.8%   120  200s
  1514   707 9.4908e+10   86  180 7.9889e+10 9.4908e+10  18.8%   118  205s
  1571   735 9.4908e+10  109  107 7.9889e+10 9.4908e+10  18.8%   115  212s
  1633   726 9.4908e+10  121  101 7.9889e+10 9.4908e+10  18.8%   112  215s
  1744   671 9.4908e+10  105  122 7.9889e+10 9.4908e+10  18.8%   108  220s
  1824   626 9.3738e+10   98  125 7.9889e+10 9.4908e+10  18.8%   107  225s
  1996   676 9.4908e+10  113  126 7.9889e+10 9.4908e+10  18.8%   103  230s
  2027   669 9.4908e+10   28  274 7.9889e+10 9.4908e+10  18.8%   103  235s
  2057   698 9.4908e+10   56  215 7.9889e+10 9.4908e+10  18.8%   103  240s
  2139   760 9.4908e+10  107   52 7.9889e+10 9.4908e+10  18.8%   100  245s
  2178   775 9.4908e+10   46  251 7.9889e+10 9.4908e+10  18.8%   101  250s
  2213   807 9.4908e+10   59  224 7.9889e+10 9.4908e+10  18.8%   102  255s
  2258   826 9.4908e+10   79  156 7.9889e+10 9.4908e+10  18.8%   101  261s
  2259   827 9.4908e+10   80  156 7.9889e+10 9.4908e+10  18.8%   101  265s
  2328   866 9.4908e+10   69   88 7.9889e+10 9.4908e+10  18.8%  99.3  270s
  2416   927 9.4908e+10   61  189 7.9889e+10 9.4908e+10  18.8%  97.6  275s
  2458   966 9.3706e+10   91  271 7.9889e+10 9.4908e+10  18.8%  97.6  280s
  2484   976 9.4908e+10  143  142 7.9889e+10 9.4908e+10  18.8%  97.5  285s
  2555   972 9.4908e+10   51  267 7.9889e+10 9.4908e+10  18.8%  96.7  290s
  2607   992 9.4908e+10   70  158 7.9889e+10 9.4908e+10  18.8%  96.3  295s
  2671  1043 8.7708e+10  118   71 7.9889e+10 9.4908e+10  18.8%  94.6  300s
  2720  1068 9.4908e+10   57  189 7.9889e+10 9.4908e+10  18.8%  94.4  305s
  2774  1108 9.4908e+10   93  144 7.9889e+10 9.4908e+10  18.8%  93.9  310s
  2819  1140 infeasible  120      7.9889e+10 9.4908e+10  18.8%  93.0  315s
  2886  1158 9.4908e+10   58  222 7.9889e+10 9.4908e+10  18.8%  93.0  320s
  2924  1166 9.4908e+10   67  241 7.9889e+10 9.4908e+10  18.8%  93.0  329s
  2925  1167 9.4908e+10   68  240 7.9889e+10 9.4908e+10  18.8%  92.9  330s
  2966  1167 9.4908e+10   70  217 7.9889e+10 9.4908e+10  18.8%  92.5  335s
  3012  1159 9.4908e+10   62  274 7.9889e+10 9.4908e+10  18.8%  93.1  340s
  3036  1159 9.4908e+10   59  287 7.9889e+10 9.4908e+10  18.8%  93.5  348s
  3059  1152 infeasible   56      7.9889e+10 9.4908e+10  18.8%  93.9  350s
  3113  1152 9.4908e+10   59  216 7.9889e+10 9.4908e+10  18.8%  94.7  355s
  3169  1176 9.4908e+10   51  374 7.9889e+10 9.4908e+10  18.8%  95.1  360s
  3232  1167 9.4908e+10   66  241 7.9889e+10 9.4908e+10  18.8%  96.2  365s
  3299  1156 9.4908e+10   60  232 7.9889e+10 9.4908e+10  18.8%  96.9  370s
  3355  1156 9.4908e+10   59  313 7.9889e+10 9.4908e+10  18.8%  97.2  375s
  3403  1156 9.4908e+10   59  272 7.9889e+10 9.4908e+10  18.8%  98.2  380s
  3454  1206 9.4908e+10  104  122 7.9889e+10 9.4908e+10  18.8%  97.7  385s
  3547  1254 9.4908e+10   48  327 7.9889e+10 9.4908e+10  18.8%  96.3  390s
  3554  1253 9.4908e+10   51  192 7.9889e+10 9.4908e+10  18.8%  96.4  395s
  3614  1306 9.4908e+10   94   96 7.9889e+10 9.4908e+10  18.8%  95.4  400s
  3841  1322 infeasible  117      7.9889e+10 9.4908e+10  18.8%  91.8  405s
  3989  1279 9.4908e+10   71  138 7.9889e+10 9.4908e+10  18.8%  90.6  410s
  4070  1268 infeasible   69      7.9889e+10 9.4908e+10  18.8%  89.8  415s
  4159  1263 infeasible   66      7.9889e+10 9.4908e+10  18.8%  89.0  420s
  4236  1258 9.4908e+10   61  187 7.9889e+10 9.4908e+10  18.8%  88.6  425s
  4309  1309 9.4908e+10  102   85 7.9889e+10 9.4908e+10  18.8%  87.7  430s
  4369  1350 9.4908e+10   83  165 7.9889e+10 9.4908e+10  18.8%  87.1  442s
  4370  1351 9.4908e+10   86  166 7.9889e+10 9.4908e+10  18.8%  87.0  448s
  4407  1370 infeasible  110      7.9889e+10 9.4908e+10  18.8%  86.5  450s
  4497  1338 9.4908e+10   74  102 7.9889e+10 9.4908e+10  18.8%  85.4  455s
  4584  1355 9.4908e+10   93  105 7.9889e+10 9.4908e+10  18.8%  84.5  460s
  4679  1336 9.4908e+10   74  102 7.9889e+10 9.4908e+10  18.8%  83.6  465s
  4733  1348 9.4908e+10   78  167 7.9889e+10 9.4908e+10  18.8%  83.4  470s
  4822  1387 9.4908e+10  114   76 7.9889e+10 9.4908e+10  18.8%  82.3  475s
  4863  1400 9.4908e+10   57  330 7.9889e+10 9.4908e+10  18.8%  83.3  480s
  4910  1401 9.4908e+10   57  250 7.9889e+10 9.4908e+10  18.8%  84.4  485s
  4946  1409 9.4908e+10   63  327 7.9889e+10 9.4908e+10  18.8%  85.7  490s
  5001  1400 9.4908e+10   58  225 7.9889e+10 9.4908e+10  18.8%  86.3  495s
  5040  1426 9.4908e+10   57  279 7.9889e+10 9.4908e+10  18.8%  86.8  500s
  5082  1445 9.4908e+10   46  244 7.9889e+10 9.4908e+10  18.8%  87.0  505s
  5121  1477 9.4908e+10   72  108 7.9889e+10 9.4908e+10  18.8%  87.1  510s
  5202  1516 8.7399e+10   47  226 7.9889e+10 9.4908e+10  18.8%  87.2  515s
  5238  1551 8.7276e+10   68  185 7.9889e+10 9.4908e+10  18.8%  87.4  520s
  5263  1571 8.7399e+10   86  114 7.9889e+10 9.4908e+10  18.8%  87.2  525s
  5266  1572 8.7399e+10   88  129 7.9889e+10 9.4908e+10  18.8%  87.1  530s
  5351  1595 9.4908e+10   45  107 7.9889e+10 9.4908e+10  18.8%  86.7  535s
  5408  1650 9.4908e+10   97   89 7.9889e+10 9.4908e+10  18.8%  86.3  540s
  5451  1691 9.4908e+10  127   75 7.9889e+10 9.4908e+10  18.8%  86.3  547s
  5491  1708 infeasible  140      7.9889e+10 9.4908e+10  18.8%  86.0  550s
  5669  1757 9.4908e+10   65   93 7.9889e+10 9.4908e+10  18.8%  84.9  555s
  5732  1813 infeasible  125      7.9889e+10 9.4908e+10  18.8%  84.4  560s
  5873  1827 9.4908e+10   69  151 7.9889e+10 9.4908e+10  18.8%  83.5  565s
  6034  1932 9.4908e+10  110  140 7.9889e+10 9.4908e+10  18.8%  82.0  570s
  6108  1953 9.4908e+10  129   73 7.9889e+10 9.4908e+10  18.8%  81.3  575s
  6208  1959 9.4908e+10   54  149 7.9889e+10 9.4908e+10  18.8%  81.1  580s
  6272  1968 9.4908e+10   59  179 7.9889e+10 9.4908e+10  18.8%  81.2  585s
  6334  2001 9.4908e+10   93  167 7.9889e+10 9.4908e+10  18.8%  81.0  590s
  6389  2022 8.7978e+10   86   73 7.9889e+10 9.4908e+10  18.8%  80.6  595s
  6420  2029 9.4908e+10  132   93 7.9889e+10 9.4908e+10  18.8%  80.4  603s
  6439  2034 9.4908e+10   83  160 7.9889e+10 9.4908e+10  18.8%  80.3  605s
  6465  2047 9.4908e+10   80  144 7.9889e+10 9.4908e+10  18.8%  80.2  611s
  6522  2053 infeasible   95      7.9889e+10 9.4908e+10  18.8%  80.0  615s
  6581  2061 9.4908e+10   90  198 7.9889e+10 9.4908e+10  18.8%  80.2  620s
  6656  2040 infeasible   89      7.9889e+10 9.4908e+10  18.8%  80.2  625s
  6717  2037 9.4908e+10  104  178 7.9889e+10 9.4908e+10  18.8%  80.5  630s
  6779  2026 9.3079e+10   69  133 7.9889e+10 9.4908e+10  18.8%  80.8  635s
  6823  2053 9.4908e+10   63  242 7.9889e+10 9.4908e+10  18.8%  81.0  640s
  6861  2087 9.2568e+10   96  127 7.9889e+10 9.4908e+10  18.8%  81.2  645s
  6907  2103 9.4908e+10   42  373 7.9889e+10 9.4908e+10  18.8%  81.6  650s
  6915  2111 9.4908e+10   45  206 7.9889e+10 9.4908e+10  18.8%  81.9  657s
  6930  2124 9.4908e+10   54  273 7.9889e+10 9.4908e+10  18.8%  82.2  660s
  6989  2154 9.4674e+10   77  227 7.9889e+10 9.4908e+10  18.8%  82.0  665s
  7031  2172 9.4908e+10   55  275 7.9889e+10 9.4908e+10  18.8%  82.5  670s
  7072  2202 9.3468e+10   75  212 7.9889e+10 9.4908e+10  18.8%  82.7  675s
  7123  2217 9.4908e+10   53  197 7.9889e+10 9.4908e+10  18.8%  82.8  680s
  7170  2257 9.3468e+10   93   70 7.9889e+10 9.4908e+10  18.8%  82.7  685s
  7220  2285 9.4908e+10   57  164 7.9889e+10 9.4908e+10  18.8%  82.7  690s
  7257  2319 9.4908e+10   84  120 7.9889e+10 9.4908e+10  18.8%  83.1  695s
  7322  2358 9.4908e+10  117  136 7.9889e+10 9.4908e+10  18.8%  82.9  700s
  7339  2357 9.4908e+10  121  130 7.9889e+10 9.4908e+10  18.8%  82.8  705s
  7396  2359 9.3738e+10   59  266 7.9889e+10 9.4908e+10  18.8%  82.8  710s
  7406  2369 9.3738e+10   66  203 7.9889e+10 9.4908e+10  18.8%  82.9  731s
  7407  2370 9.3738e+10   67  206 7.9889e+10 9.4908e+10  18.8%  82.9  735s
  7460  2397 9.4908e+10  133   93 7.9889e+10 9.4908e+10  18.8%  82.8  740s
  7510  2428 8.9092e+10   94   83 7.9889e+10 9.4908e+10  18.8%  82.6  745s
  7552  2448 9.4908e+10   68  211 7.9889e+10 9.4908e+10  18.8%  83.0  750s
  7602  2486 9.4908e+10   60  175 7.9889e+10 9.4908e+10  18.8%  83.4  755s
  7642  2501 9.4908e+10   60  108 7.9889e+10 9.4908e+10  18.8%  83.6  760s
  7650  2505 9.4908e+10   64  120 7.9889e+10 9.4908e+10  18.8%  83.6  765s
  7721  2553 8.9148e+10  110   83 7.9889e+10 9.4908e+10  18.8%  83.1  770s
  7778  2580 9.4908e+10   67  150 7.9889e+10 9.4908e+10  18.8%  83.2  775s
  7816  2600 9.4908e+10   59  316 7.9889e+10 9.4908e+10  18.8%  83.8  780s
  7856  2606 9.0228e+10   67  163 7.9889e+10 9.4908e+10  18.8%  84.4  785s
  7900  2631 8.9058e+10   95  122 7.9889e+10 9.4908e+10  18.8%  84.1  790s
  7960  2663 9.4908e+10   66  244 7.9889e+10 9.4908e+10  18.8%  84.0  795s
H 7977  2348                    8.905848e+10 9.4908e+10  6.57%  84.1  799s
  7977  2348     cutoff   81      8.9058e+10 9.4908e+10  6.57%  84.1  800s
  8015  2375 9.4908e+10   73   97 8.9058e+10 9.4908e+10  6.57%  84.3  805s
  8070  2405 9.4908e+10   54  306 8.9058e+10 9.4908e+10  6.57%  84.0  810s
  8106  2437 9.4908e+10   77   82 8.9058e+10 9.4908e+10  6.57%  84.4  815s
  8134  2456 9.4908e+10   95   73 8.9058e+10 9.4908e+10  6.57%  84.2  820s
  8181  2471 9.4908e+10   70  130 8.9058e+10 9.4908e+10  6.57%  84.4  825s
  8241  2509 infeasible   97      8.9058e+10 9.4908e+10  6.57%  84.1  830s
  8304  2546 9.2388e+10   71  140 8.9058e+10 9.4908e+10  6.57%  83.9  835s
  8391  2609 9.4908e+10  136   94 8.9058e+10 9.4908e+10  6.57%  83.4  840s
  8419  2623 9.3738e+10   65  168 8.9058e+10 9.4908e+10  6.57%  83.6  846s
  8474  2667 8.9958e+10  115   34 8.9058e+10 9.4908e+10  6.57%  83.3  850s
  8535  2699 9.4908e+10   65  162 8.9058e+10 9.4908e+10  6.57%  83.4  855s
  8603  2732 9.4908e+10   87  193 8.9058e+10 9.4908e+10  6.57%  83.2  860s
  8667  2743 9.4908e+10   83  105 8.9058e+10 9.4908e+10  6.57%  83.1  865s
  8702  2748 9.4908e+10   73  166 8.9058e+10 9.4908e+10  6.57%  83.1  870s
  8760  2728 9.4908e+10   59  235 8.9058e+10 9.4908e+10  6.57%  83.4  875s
  8813  2744 9.4908e+10   84  194 8.9058e+10 9.4908e+10  6.57%  83.5  880s
  8869  2738 9.4908e+10   69  216 8.9058e+10 9.4908e+10  6.57%  83.5  885s
  8925  2735 9.4908e+10   68  201 8.9058e+10 9.4908e+10  6.57%  83.5  890s
  8958  2748 9.3468e+10   74  139 8.9058e+10 9.4908e+10  6.57%  83.4  895s
  9002  2756 9.4908e+10   64  204 8.9058e+10 9.4908e+10  6.57%  83.3  900s
  9066  2778 9.4908e+10   78  107 8.9058e+10 9.4908e+10  6.57%  83.1  905s
  9133  2775 9.4908e+10   83  253 8.9058e+10 9.4908e+10  6.57%  83.0  910s
  9200  2799 9.4908e+10  110  189 8.9058e+10 9.4908e+10  6.57%  82.9  915s
  9233  2788 infeasible   60      8.9058e+10 9.4908e+10  6.57%  83.0  920s
  9298  2802 infeasible   77      8.9058e+10 9.4908e+10  6.57%  82.7  925s
  9373  2825 9.4908e+10   76  138 8.9058e+10 9.4908e+10  6.57%  82.5  930s
  9443  2867 8.9148e+10  123   74 8.9058e+10 9.4908e+10  6.57%  82.1  935s
  9497  2874 infeasible   81      8.9058e+10 9.4908e+10  6.57%  82.1  940s
  9537  2884 9.4908e+10   53  287 8.9058e+10 9.4908e+10  6.57%  82.3  945s
  9578  2921 9.4908e+10   82  182 8.9058e+10 9.4908e+10  6.57%  82.5  950s
  9608  2945 9.4908e+10  108   87 8.9058e+10 9.4908e+10  6.57%  82.3  955s
  9670  2978 9.4908e+10   57  273 8.9058e+10 9.4908e+10  6.57%  82.3  960s
  9716  3001 9.4908e+10   59  270 8.9058e+10 9.4908e+10  6.57%  82.3  965s
  9751  3021 9.1128e+10   86   92 8.9058e+10 9.4908e+10  6.57%  82.2  970s
  9833  3060 9.4908e+10   73  210 8.9058e+10 9.4908e+10  6.57%  82.1  975s
  9876  3069 9.2568e+10   79  114 8.9058e+10 9.4908e+10  6.57%  82.3  982s
  9902  3067 9.4908e+10   70  151 8.9058e+10 9.4908e+10  6.57%  82.5  985s
  9945  3070 9.4908e+10   58  213 8.9058e+10 9.4908e+10  6.57%  82.8  990s
  9976  3079 9.4908e+10   71  162 8.9058e+10 9.4908e+10  6.57%  83.1  995s
 10029  3074 9.4908e+10   66  117 8.9058e+10 9.4908e+10  6.57%  83.0 1000s
 10061  3083 9.4908e+10   55  259 8.9058e+10 9.4908e+10  6.57%  83.0 1005s
 10097  3097 9.4908e+10   71  141 8.9058e+10 9.4908e+10  6.57%  83.3 1010s
 10146  3084 9.4908e+10   59  257 8.9058e+10 9.4908e+10  6.57%  83.5 1015s
 10179  3061 infeasible   74      8.9058e+10 9.4908e+10  6.57%  84.0 1020s
 10203  3070 9.4908e+10  126   26 8.9058e+10 9.4908e+10  6.57%  84.0 1026s
 10208  3073 8.9148e+10   78   29 8.9058e+10 9.4908e+10  6.57%  84.0 1032s
 10214  3077 9.4908e+10   64   33 8.9058e+10 9.4908e+10  6.57%  83.9 1038s
 10218  3080 9.4908e+10  159   20 8.9058e+10 9.4908e+10  6.57%  83.9 1041s
 10225  3085 9.4908e+10   57   16 8.9058e+10 9.4908e+10  6.57%  83.8 1045s
H10225  2930                    8.932848e+10 9.4908e+10  6.25%  83.8 1051s
 10238  2940 9.4908e+10   28   78 8.9328e+10 9.4908e+10  6.25%  92.5 1055s
 10257  2953 9.4908e+10   38   88 8.9328e+10 9.4908e+10  6.25%  92.8 1060s
 10280  2968 9.4908e+10   49  164 8.9328e+10 9.4908e+10  6.25%  92.7 1065s
 10304  2980 9.4908e+10   61  170 8.9328e+10 9.4908e+10  6.25%  92.6 1072s
 10332  2981 9.4908e+10   73  124 8.9328e+10 9.4908e+10  6.25%  92.5 1075s
 10364  2987 9.4908e+10   35  481 8.9328e+10 9.4908e+10  6.25%  93.2 1080s
 10380  2998 9.4908e+10   43  469 8.9328e+10 9.4908e+10  6.25%  93.9 1085s
 10405  3015 9.4908e+10   56  286 8.9328e+10 9.4908e+10  6.25%  94.1 1090s
 10471  3007 infeasible   68      8.9328e+10 9.4908e+10  6.25%  93.8 1095s
 10488  2994 9.4908e+10   62  269 8.9328e+10 9.4908e+10  6.25%  94.4 1100s
 10526  2999     cutoff   66      8.9328e+10 9.4908e+10  6.25%  94.8 1105s
 10556  2995 9.4908e+10   72  112 8.9328e+10 9.4908e+10  6.25%  95.2 1111s
 10583  2993 9.4908e+10   69  136 8.9328e+10 9.4908e+10  6.25%  95.2 1115s
 10612  2987 9.4908e+10   74  134 8.9328e+10 9.4908e+10  6.25%  95.3 1120s
 10650  2986 9.4908e+10   72  131 8.9328e+10 9.4908e+10  6.25%  95.3 1125s
 10690  2963 9.2028e+10   79  197 8.9328e+10 9.4908e+10  6.25%  95.3 1130s
 10715  2961 9.4908e+10   38  291 8.9328e+10 9.4908e+10  6.25%  95.7 1135s
 10738  2977 9.4908e+10   61  448 8.9328e+10 9.4908e+10  6.25%  95.9 1140s
 10763  2993 9.0228e+10   86  183 8.9328e+10 9.4908e+10  6.25%  95.9 1145s
 10783  3003 9.0228e+10  103  190 8.9328e+10 9.4908e+10  6.25%  95.8 1150s
 10812  3018 9.0228e+10  129  220 8.9328e+10 9.4908e+10  6.25%  95.7 1155s
 10833  3014 9.4908e+10   37  268 8.9328e+10 9.4908e+10  6.25%  96.2 1160s
 10851  3026 9.4908e+10   55  293 8.9328e+10 9.4908e+10  6.25%  96.2 1165s
 10861  3033 9.4908e+10   65  314 8.9328e+10 9.4908e+10  6.25%  96.2 1170s
 10872  3040 9.4908e+10   74  258 8.9328e+10 9.4908e+10  6.25%  96.2 1176s
 10892  3053 9.4908e+10   92  272 8.9328e+10 9.4908e+10  6.25%  96.2 1180s
 10910  3065 9.4908e+10  110  226 8.9328e+10 9.4908e+10  6.25%  96.2 1187s
 10925  3075 9.4908e+10  123  287 8.9328e+10 9.4908e+10  6.25%  96.2 1190s
 10947  3077 9.4908e+10   36  251 8.9328e+10 9.4908e+10  6.25%  96.5 1195s
 10964  3088 9.4908e+10   48  215 8.9328e+10 9.4908e+10  6.25%  96.6 1204s
 10967  3090 9.4908e+10   51  270 8.9328e+10 9.4908e+10  6.25%  96.6 1205s
 10997  3110 9.4908e+10   79  219 8.9328e+10 9.4908e+10  6.25%  96.5 1210s
 11022  3103 infeasible   84      8.9328e+10 9.4908e+10  6.25%  96.7 1215s
 11048  3112 9.4908e+10  103  264 8.9328e+10 9.4908e+10  6.25%  96.9 1220s
 11078  3122 9.4908e+10  103  241 8.9328e+10 9.4908e+10  6.25%  97.0 1225s
 11111  3124 9.4908e+10   49  252 8.9328e+10 9.4908e+10  6.25%  97.1 1230s
 11112  3125 9.4908e+10   49  194 8.9328e+10 9.4908e+10  6.25%  97.1 1236s
 11113  3126 9.4908e+10   50  207 8.9328e+10 9.4908e+10  6.25%  97.2 1245s
 11152  3150 9.4908e+10   84  134 8.9328e+10 9.4908e+10  6.25%  97.0 1250s
 11193  3171 9.3738e+10  118   73 8.9328e+10 9.4908e+10  6.25%  96.8 1255s
 11250  3176 9.4908e+10   85  133 8.9328e+10 9.4908e+10  6.25%  96.6 1260s
 11317  3162 9.4908e+10   94   97 8.9328e+10 9.4908e+10  6.25%  96.5 1265s
 11385  3129 9.4908e+10   87  105 8.9328e+10 9.4908e+10  6.25%  96.5 1270s
 11455  3102 9.4908e+10   85  144 8.9328e+10 9.4908e+10  6.25%  96.4 1275s
 11525  3072 9.4908e+10   79   75 8.9328e+10 9.4908e+10  6.25%  96.2 1280s
 11594  3041 9.4908e+10   68   86 8.9328e+10 9.4908e+10  6.25%  95.9 1287s
 11632  3028 9.4908e+10   68  130 8.9328e+10 9.4908e+10  6.25%  95.7 1290s
 11697  3001 9.4908e+10   66  125 8.9328e+10 9.4908e+10  6.25%  95.6 1295s
 11751  2991 9.4908e+10   75  185 8.9328e+10 9.4908e+10  6.25%  95.5 1300s
 11772  2991 9.4908e+10   61  106 8.9328e+10 9.4908e+10  6.25%  95.5 1305s
 11820  3006 9.4908e+10   61  213 8.9328e+10 9.4908e+10  6.25%  95.5 1310s
 11865  3012 9.4908e+10   83  192 8.9328e+10 9.4908e+10  6.25%  95.5 1315s
 11898  2992 infeasible   75      8.9328e+10 9.4908e+10  6.25%  96.1 1320s
 11914  2981 infeasible   71      8.9328e+10 9.4908e+10  6.25%  96.4 1325s
 11947  2975 9.4908e+10   73  188 8.9328e+10 9.4908e+10  6.25%  96.7 1330s
 11979  2954 infeasible   67      8.9328e+10 9.4908e+10  6.25%  97.1 1335s
 12017  2944 9.4908e+10   49  420 8.9328e+10 9.4908e+10  6.25%  97.5 1340s
 12039  2949 9.4908e+10   61  142 8.9328e+10 9.4908e+10  6.25%  98.1 1345s
 12047  2954 9.4908e+10   68  128 8.9328e+10 9.4908e+10  6.25%  98.1 1352s
 12064  2966 9.4908e+10   79  161 8.9328e+10 9.4908e+10  6.25%  98.1 1355s
 12119  2985 9.0588e+10   53  340 8.9328e+10 9.4908e+10  6.25%  97.9 1360s
 12185  2940 9.4908e+10   96  124 8.9328e+10 9.4908e+10  6.25%  97.7 1365s
 12248  2921 9.4908e+10  101  138 8.9328e+10 9.4908e+10  6.25%  97.4 1370s
 12312  2883 9.4908e+10   82  138 8.9328e+10 9.4908e+10  6.25%  97.3 1375s
 12359  2879 9.4908e+10   98  116 8.9328e+10 9.4908e+10  6.25%  97.2 1380s
 12414  2884 9.4908e+10   92  128 8.9328e+10 9.4908e+10  6.25%  97.0 1385s
 12488  2843 infeasible  110      8.9328e+10 9.4908e+10  6.25%  96.7 1390s
 12514  2812 9.4908e+10   84  146 8.9328e+10 9.4908e+10  6.25%  96.7 1396s
 12550  2807 9.4908e+10   72  160 8.9328e+10 9.4908e+10  6.25%  96.7 1400s
 12586  2821 9.4908e+10   77  163 8.9328e+10 9.4908e+10  6.25%  96.8 1405s
 12613  2839 9.4908e+10   97  122 8.9328e+10 9.4908e+10  6.25%  96.6 1410s
 12674  2849 9.4908e+10  123   79 8.9328e+10 9.4908e+10  6.25%  96.4 1415s
 12737  2877 9.4908e+10  117   47 8.9328e+10 9.4908e+10  6.25%  96.0 1420s
 12833  2853 infeasible  126      8.9328e+10 9.4908e+10  6.25%  95.5 1425s
 12945  2819 9.4908e+10  131   65 8.9328e+10 9.4908e+10  6.25%  94.9 1430s
 13029  2781 9.4908e+10  116   79 8.9328e+10 9.4908e+10  6.25%  94.6 1437s
 13086  2757 infeasible  123      8.9328e+10 9.4908e+10  6.25%  94.4 1440s
 13187  2708 infeasible  113      8.9328e+10 9.4908e+10  6.25%  94.0 1445s
 13262  2674 infeasible  112      8.9328e+10 9.4908e+10  6.25%  93.8 1450s
 13349  2634 9.4908e+10  107   81 8.9328e+10 9.4908e+10  6.25%  93.5 1455s
 13426  2610 9.4908e+10  103   99 8.9328e+10 9.4908e+10  6.25%  93.2 1460s
 13463  2595 9.4908e+10  105   98 8.9328e+10 9.4908e+10  6.25%  93.0 1465s
 13542  2571 infeasible  107      8.9328e+10 9.4908e+10  6.25%  92.8 1470s
 13564  2582 9.4908e+10  121   77 8.9328e+10 9.4908e+10  6.25%  92.7 1477s
 13616  2540 infeasible  107      8.9328e+10 9.4908e+10  6.25%  92.5 1480s
 13648  2550 9.3738e+10   93   96 8.9328e+10 9.4908e+10  6.25%  92.5 1485s
 13679  2546 9.4908e+10   67  221 8.9328e+10 9.4908e+10  6.25%  92.5 1492s
 13702  2556 infeasible   82      8.9328e+10 9.4908e+10  6.25%  92.5 1495s
 13749  2557 infeasible   84      8.9328e+10 9.4908e+10  6.25%  92.3 1500s
 13790  2546 9.4908e+10   73  119 8.9328e+10 9.4908e+10  6.25%  92.4 1505s
 13834  2552 9.4908e+10   95   60 8.9328e+10 9.4908e+10  6.25%  92.4 1510s
 13889  2541 infeasible   80      8.9328e+10 9.4908e+10  6.25%  92.5 1515s
 13914  2538 9.2568e+10   58  196 8.9328e+10 9.4908e+10  6.25%  92.8 1520s
 13935  2546 9.2568e+10   72   66 8.9328e+10 9.4908e+10  6.25%  92.7 1526s
 13993  2553 infeasible  100      8.9328e+10 9.4908e+10  6.25%  92.4 1530s
 14058  2572 infeasible  102      8.9328e+10 9.4908e+10  6.25%  92.3 1535s
 14124  2590 infeasible  102      8.9328e+10 9.4908e+10  6.25%  92.1 1540s
 14170  2607 9.4908e+10   80   92 8.9328e+10 9.4908e+10  6.25%  92.1 1548s
 14190  2604 9.4908e+10   48  440 8.9328e+10 9.4908e+10  6.25%  92.2 1550s
 14219  2602 9.4908e+10   60  222 8.9328e+10 9.4908e+10  6.25%  92.5 1555s
 14275  2632 9.4908e+10  100   57 8.9328e+10 9.4908e+10  6.25%  92.4 1560s
 14352  2633 9.4908e+10   70  128 8.9328e+10 9.4908e+10  6.25%  92.2 1565s
 14407  2643 9.4908e+10   66  170 8.9328e+10 9.4908e+10  6.25%  92.2 1570s
 14420  2645 9.2018e+10   75  170 8.9328e+10 9.4908e+10  6.25%  92.2 1575s
 14447  2652 9.0588e+10   94   79 8.9328e+10 9.4908e+10  6.25%  92.1 1585s
 14489  2652 infeasible   88      8.9328e+10 9.4908e+10  6.25%  92.1 1590s
 14557  2658 9.4908e+10  102   36 8.9328e+10 9.4908e+10  6.25%  91.9 1595s
 14607  2661 9.2028e+10   85   90 8.9328e+10 9.4908e+10  6.25%  91.8 1600s
 14681  2676 9.4908e+10   77  126 8.9328e+10 9.4908e+10  6.25%  91.5 1605s
 14755  2682 9.4908e+10   75   92 8.9328e+10 9.4908e+10  6.25%  91.2 1610s
 14793  2687 9.0588e+10   87   60 8.9328e+10 9.4908e+10  6.25%  91.1 1615s
 14885  2716 8.9418e+10  121   33 8.9328e+10 9.4908e+10  6.25%  90.7 1620s
 14951  2722 9.3468e+10   88   46 8.9328e+10 9.4908e+10  6.25%  90.6 1625s
 14993  2726 9.0588e+10   90   44 8.9328e+10 9.4908e+10  6.25%  90.5 1630s
 15062  2743 9.0588e+10  102   65 8.9328e+10 9.4908e+10  6.25%  90.3 1637s
 15110  2756 infeasible   81      8.9328e+10 9.4908e+10  6.25%  90.2 1640s
 15158  2755 infeasible   78      8.9328e+10 9.4908e+10  6.25%  90.1 1645s
 15209  2739 9.4908e+10   78   87 8.9328e+10 9.4908e+10  6.25%  90.2 1650s
 15275  2761 9.4908e+10  119   35 8.9328e+10 9.4908e+10  6.25%  90.0 1655s
 15303  2766 9.4908e+10   89  115 8.9328e+10 9.4908e+10  6.25%  89.9 1722s
 15355  2783 9.4908e+10  120   46 8.9328e+10 9.4908e+10  6.25%  89.7 1725s
 15434  2748 9.4908e+10   62  218 8.9328e+10 9.4908e+10  6.25%  89.5 1730s
 15469  2760 9.4908e+10   78   48 8.9328e+10 9.4908e+10  6.25%  89.6 1735s
 15559  2795 9.4908e+10  116   21 8.9328e+10 9.4908e+10  6.25%  89.3 1740s
 15626  2801 9.4908e+10   78   89 8.9328e+10 9.4908e+10  6.25%  89.1 1745s
 15680  2797 infeasible   84      8.9328e+10 9.4908e+10  6.25%  89.1 1750s
 15712  2815 9.4908e+10   88   54 8.9328e+10 9.4908e+10  6.25%  89.1 1755s
 15785  2829 9.4908e+10   65  212 8.9328e+10 9.4908e+10  6.25%  88.8 1760s
 15847  2839 9.4908e+10   62  288 8.9328e+10 9.4908e+10  6.25%  88.9 1765s
 15875  2851 9.0588e+10   79  102 8.9328e+10 9.4908e+10  6.25%  89.0 1771s
 15912  2858 9.0588e+10  107   67 8.9328e+10 9.4908e+10  6.25%  88.8 1775s
 15955  2871 9.4908e+10   68  207 8.9328e+10 9.4908e+10  6.25%  89.1 1780s
 15999  2900 9.4908e+10   70  136 8.9328e+10 9.4908e+10  6.25%  89.0 1785s
 16035  2912 9.4908e+10   76  172 8.9328e+10 9.4908e+10  6.25%  89.1 1790s
 16060  2912 infeasible   81      8.9328e+10 9.4908e+10  6.25%  89.4 1795s
 16062  2911 9.4908e+10   80   81 8.9328e+10 9.4908e+10  6.25%  89.4 1802s
 16066  2914 9.4908e+10   81   98 8.9328e+10 9.4908e+10  6.25%  89.4 1805s
 16116  2905 9.4908e+10   52  313 8.9328e+10 9.4908e+10  6.25%  89.4 1810s
 16141  2904 9.4908e+10   55  165 8.9328e+10 9.4908e+10  6.25%  89.7 1815s
 16174  2906 9.0588e+10   70  154 8.9328e+10 9.4908e+10  6.25%  89.8 1820s
 16193  2906 9.4908e+10   54  272 8.9328e+10 9.4908e+10  6.25%  90.0 1825s
 16216  2902     cutoff   54      8.9328e+10 9.4908e+10  6.25%  90.4 1830s
 16235  2910 9.3468e+10   53  234 8.9328e+10 9.4908e+10  6.25%  90.8 1841s
 16257  2923 9.3468e+10   70  104 8.9328e+10 9.4908e+10  6.25%  90.7 1845s
 16295  2932 9.4908e+10   53  292 8.9328e+10 9.4908e+10  6.25%  90.6 1850s
 16330  2938 9.4908e+10   72   89 8.9328e+10 9.4908e+10  6.25%  90.9 1855s
 16356  2939 9.0588e+10   55  279 8.9328e+10 9.4908e+10  6.25%  91.1 1860s
 16384  2938 9.4908e+10   67  175 8.9328e+10 9.4908e+10  6.25%  91.4 1865s
 16432  2942 9.4908e+10   74  114 8.9328e+10 9.4908e+10  6.25%  91.3 1870s
 16502  2948 infeasible   62      8.9328e+10 9.4908e+10  6.25%  91.2 1875s
 16561  2949 9.4908e+10   62  126 8.9328e+10 9.4908e+10  6.25%  91.1 1880s
 16601  2957 infeasible   52      8.9328e+10 9.4908e+10  6.25%  91.2 1885s
 16621  2950 9.4908e+10   54  246 8.9328e+10 9.4908e+10  6.25%  91.5 1890s
 16656  2952 9.4908e+10   62  123 8.9328e+10 9.4908e+10  6.25%  91.6 1897s
 16678  2967 9.4908e+10   84   77 8.9328e+10 9.4908e+10  6.25%  91.5 1900s
 16727  2959     cutoff   53      8.9328e+10 9.4908e+10  6.25%  91.6 1905s
 16752  2949 9.4908e+10   52  368 8.9328e+10 9.4908e+10  6.25%  91.8 1910s
 16765  2942 9.4908e+10   58  161 8.9328e+10 9.4908e+10  6.25%  92.0 1920s
 16770  2937 9.4908e+10   57  173 8.9328e+10 9.4908e+10  6.25%  92.1 1930s
 16818  2927 infeasible   59      8.9328e+10 9.4908e+10  6.25%  92.0 1935s
 16872  2907 infeasible   66      8.9328e+10 9.4908e+10  6.25%  92.0 1940s
 16937  2898 9.4908e+10  101   61 8.9328e+10 9.4908e+10  6.25%  91.8 1945s
 16998  2901 9.4908e+10   68  139 8.9328e+10 9.4908e+10  6.25%  91.8 1950s
 17038  2880 9.4908e+10   51  215 8.9328e+10 9.4908e+10  6.25%  92.0 1955s
 17060  2890 9.4908e+10   57  150 8.9328e+10 9.4908e+10  6.25%  92.1 1960s
 17098  2900 9.4908e+10   71  125 8.9328e+10 9.4908e+10  6.25%  92.0 1965s
 17139  2879 9.4908e+10   53  227 8.9328e+10 9.4908e+10  6.25%  92.1 1970s
 17169  2897 9.4908e+10   78   96 8.9328e+10 9.4908e+10  6.25%  92.2 1975s
 17219  2880 9.4908e+10   50  214 8.9328e+10 9.4908e+10  6.25%  92.2 1980s
 17270  2907 9.4908e+10   88   68 8.9328e+10 9.4908e+10  6.25%  92.0 1985s
 17335  2891 9.4908e+10   98   88 8.9328e+10 9.4908e+10  6.25%  91.9 1994s
 17339  2889 9.4908e+10   99   76 8.9328e+10 9.4908e+10  6.25%  91.8 1995s
 17418  2869 9.4908e+10  103   86 8.9328e+10 9.4908e+10  6.25%  91.6 2000s
 17500  2838 infeasible   95      8.9328e+10 9.4908e+10  6.25%  91.4 2005s
 17531  2850 9.4908e+10   70  104 8.9328e+10 9.4908e+10  6.25%  91.4 2010s
 17585  2855 9.4908e+10   54  178 8.9328e+10 9.4908e+10  6.25%  91.3 2015s
 17615  2853 9.4908e+10   63  217 8.9328e+10 9.4908e+10  6.25%  91.5 2020s
 17674  2873 9.3468e+10   93   52 8.9328e+10 9.4908e+10  6.25%  91.4 2025s
 17724  2884 9.4908e+10   70  189 8.9328e+10 9.4908e+10  6.25%  91.5 2030s
 17798  2899 9.4908e+10   47  209 8.9328e+10 9.4908e+10  6.25%  91.3 2035s
 17818  2897 9.4908e+10   49  257 8.9328e+10 9.4908e+10  6.25%  91.7 2040s
 17840  2907 9.3468e+10   65  191 8.9328e+10 9.4908e+10  6.25%  91.9 2050s
 17872  2916 9.2028e+10   52  204 8.9328e+10 9.4908e+10  6.25%  92.1 2055s
 17898  2933 9.2028e+10   74   46 8.9328e+10 9.4908e+10  6.25%  92.1 2060s
 17948  2941 9.4908e+10   48  131 8.9328e+10 9.4908e+10  6.25%  92.1 2065s
 17974  2959 9.4908e+10   63  129 8.9328e+10 9.4908e+10  6.25%  92.2 2070s
 18003  2978 9.2028e+10   85   94 8.9328e+10 9.4908e+10  6.25%  92.1 2075s
 18050  3009 9.2028e+10  116   66 8.9328e+10 9.4908e+10  6.25%  92.0 2080s
 18092  3009 9.4908e+10   47  334 8.9328e+10 9.4908e+10  6.25%  92.2 2085s
 18119  3011 9.4908e+10   45  244 8.9328e+10 9.4908e+10  6.25%  92.5 2090s
 18144  3028 9.4908e+10   66  105 8.9328e+10 9.4908e+10  6.25%  92.5 2114s
 18150  3032 9.4908e+10   72   66 8.9328e+10 9.4908e+10  6.25%  92.5 2119s
 18172  3047 9.4908e+10   92   74 8.9328e+10 9.4908e+10  6.25%  92.4 2120s
 18249  3094 9.4908e+10  156   50 8.9328e+10 9.4908e+10  6.25%  92.1 2125s
 18256  3093 9.4908e+10  157   48 8.9328e+10 9.4908e+10  6.25%  92.1 2131s
 18273  3096 9.4908e+10   47  226 8.9328e+10 9.4908e+10  6.25%  92.5 2135s
 18305  3117 9.4908e+10   72  137 8.9328e+10 9.4908e+10  6.25%  92.4 2140s
 18347  3133 9.4908e+10  103   53 8.9328e+10 9.4908e+10  6.25%  92.3 2145s
 18421  3119 9.4548e+10  166   71 8.9328e+10 9.4908e+10  6.25%  92.2 2150s
 18446  3117 9.1308e+10   54  273 8.9328e+10 9.4908e+10  6.25%  92.4 2155s
 18483  3120 infeasible   74      8.9328e+10 9.4908e+10  6.25%  92.6 2160s
 18521  3133 9.4908e+10   69   96 8.9328e+10 9.4908e+10  6.25%  92.8 2165s
 18642  3125 infeasible  103      8.9328e+10 9.4908e+10  6.25%  92.3 2170s
 18745  3106 9.2028e+10   79  109 8.9328e+10 9.4908e+10  6.25%  92.0 2175s
 18770  3106 9.0588e+10   91   94 8.9328e+10 9.4908e+10  6.25%  92.0 2180s
 18789  3111 9.4908e+10   50  300 8.9328e+10 9.4908e+10  6.25%  92.3 2185s
 18822  3131 9.4908e+10   75  146 8.9328e+10 9.4908e+10  6.25%  92.3 2190s
 18863  3150 9.3738e+10   96   55 8.9328e+10 9.4908e+10  6.25%  92.4 2195s
 18929  3152 9.3738e+10  127   20 8.9328e+10 9.4908e+10  6.25%  92.3 2200s
 18973  3144 9.4908e+10   62  206 8.9328e+10 9.4908e+10  6.25%  92.4 2205s
 19004  3146 9.4908e+10   67  179 8.9328e+10 9.4908e+10  6.25%  92.6 2210s
 19024  3142 infeasible   63      8.9328e+10 9.4908e+10  6.25%  92.6 2215s
 19065  3135 infeasible   65      8.9328e+10 9.4908e+10  6.25%  92.7 2220s
 19126  3166 9.4908e+10   97   62 8.9328e+10 9.4908e+10  6.25%  92.6 2225s
 19182  3162 infeasible   97      8.9328e+10 9.4908e+10  6.25%  92.4 2230s
 19248  3140 9.4908e+10   71  121 8.9328e+10 9.4908e+10  6.25%  92.3 2235s
 19321  3137 infeasible   72      8.9328e+10 9.4908e+10  6.25%  92.1 2240s
 19365  3150 infeasible   65      8.9328e+10 9.4908e+10  6.25%  92.1 2245s
 19403  3180 9.4908e+10   91   58 8.9328e+10 9.4908e+10  6.25%  92.0 2250s
 19466  3191 9.0588e+10   51  226 8.9328e+10 9.4908e+10  6.25%  92.0 2255s
 19481  3200 infeasible   64      8.9328e+10 9.4908e+10  6.25%  92.1 2260s
 19513  3220 9.0588e+10   85   66 8.9328e+10 9.4908e+10  6.25%  92.2 2265s
 19551  3238 9.4908e+10   55  202 8.9328e+10 9.4908e+10  6.25%  92.5 2270s
 19578  3251 9.4908e+10   66  168 8.9328e+10 9.4908e+10  6.25%  92.5 2275s
 19623  3276 9.4908e+10   54  174 8.9328e+10 9.4908e+10  6.25%  92.5 2280s
 19664  3287 infeasible   68      8.9328e+10 9.4908e+10  6.25%  92.6 2285s
 19692  3315 9.4908e+10   74  126 8.9328e+10 9.4908e+10  6.25%  92.6 2292s
 19707  3328 9.2028e+10   88   71 8.9328e+10 9.4908e+10  6.25%  92.6 2295s
 19754  3357 9.4908e+10   56  148 8.9328e+10 9.4908e+10  6.25%  92.6 2300s
 19797  3356 infeasible   55      8.9328e+10 9.4908e+10  6.25%  92.6 2305s
 19831  3353 9.4908e+10   72   95 8.9328e+10 9.4908e+10  6.25%  92.8 2310s
 19879  3357 9.4908e+10   58  106 8.9328e+10 9.4908e+10  6.25%  92.8 2315s
 19916  3360 9.0588e+10   74  106 8.9328e+10 9.4908e+10  6.25%  92.8 2321s
 19949  3355 9.4908e+10   54  201 8.9328e+10 9.4908e+10  6.25%  92.9 2325s
 19990  3382 9.4908e+10   59  147 8.9328e+10 9.4908e+10  6.25%  93.0 2330s
 20037  3399 9.0588e+10   78   80 8.9328e+10 9.4908e+10  6.25%  93.1 2335s
 20111  3434 9.0588e+10  116   56 8.9328e+10 9.4908e+10  6.25%  92.8 2340s
H20132  2931                    9.058848e+10 9.4908e+10  4.77%  92.7 2342s
 20167  2942 9.2028e+10   86   84 9.0588e+10 9.4908e+10  4.77%  92.7 2345s
 20227  2968 9.1308e+10   58  270 9.0588e+10 9.4908e+10  4.77%  92.6 2350s
 20249  2964 9.4908e+10   75  147 9.0588e+10 9.4908e+10  4.77%  92.8 2355s
 20296  2977 9.4908e+10   90   49 9.0588e+10 9.4908e+10  4.77%  92.7 2360s
 20334  2973 infeasible   63      9.0588e+10 9.4908e+10  4.77%  92.7 2365s
 20366  2967 9.4908e+10   82   70 9.0588e+10 9.4908e+10  4.77%  92.8 2370s
 20396  2965 9.4908e+10   82   77 9.0588e+10 9.4908e+10  4.77%  92.8 2375s
 20429  2962 9.2028e+10   78  128 9.0588e+10 9.4908e+10  4.77%  92.8 2380s
 20460  2967 9.4908e+10   56  153 9.0588e+10 9.4908e+10  4.77%  92.7 2385s
 20494  2989 9.4908e+10   77  100 9.0588e+10 9.4908e+10  4.77%  92.7 2390s
 20537  2999 9.4908e+10   57  159 9.0588e+10 9.4908e+10  4.77%  92.6 2396s
 20570  2978 9.4908e+10   70  113 9.0588e+10 9.4908e+10  4.77%  92.7 2400s
 20610  2976 infeasible   71      9.0588e+10 9.4908e+10  4.77%  92.8 2405s
 20665  2997 9.4908e+10   68  138 9.0588e+10 9.4908e+10  4.77%  92.7 2410s
 20712  2980 9.4908e+10   79  112 9.0588e+10 9.4908e+10  4.77%  92.8 2415s
 20746  2970 9.4908e+10   59  141 9.0588e+10 9.4908e+10  4.77%  92.9 2420s
 20758  2974 9.4908e+10   64  158 9.0588e+10 9.4908e+10  4.77%  92.9 2426s
 20780  2964 infeasible   59      9.0588e+10 9.4908e+10  4.77%  93.0 2430s
 20832  2962 9.4908e+10   56  180 9.0588e+10 9.4908e+10  4.77%  92.9 2435s
 20870  2978 9.4908e+10   90  102 9.0588e+10 9.4908e+10  4.77%  92.9 2440s
 20911  2995 infeasible   58      9.0588e+10 9.4908e+10  4.77%  92.8 2445s
 20937  2993 9.4908e+10   55  177 9.0588e+10 9.4908e+10  4.77%  93.0 2450s
 20956  2992 9.4908e+10   57  144 9.0588e+10 9.4908e+10  4.77%  93.0 2455s
 20996  2986 9.4908e+10   97   47 9.0588e+10 9.4908e+10  4.77%  93.0 2461s
 21042  2991 9.4908e+10  107   29 9.0588e+10 9.4908e+10  4.77%  92.9 2465s
 21114  2983 infeasible  102      9.0588e+10 9.4908e+10  4.77%  92.8 2470s
 21178  2983 9.4908e+10   57   94 9.0588e+10 9.4908e+10  4.77%  92.7 2478s
 21188  2989 9.4908e+10   63  104 9.0588e+10 9.4908e+10  4.77%  92.6 2480s
 21230  2989 9.4908e+10   62   89 9.0588e+10 9.4908e+10  4.77%  92.6 2485s
 21267  2982 9.4908e+10   58  110 9.0588e+10 9.4908e+10  4.77%  92.6 2490s
 21297  2980 9.4908e+10   57  134 9.0588e+10 9.4908e+10  4.77%  92.6 2495s
 21333  2980 9.4908e+10   63  143 9.0588e+10 9.4908e+10  4.77%  92.6 2500s
 21352  2981 infeasible   96      9.0588e+10 9.4908e+10  4.77%  92.6 2505s
 21387  2976 9.4908e+10   91  111 9.0588e+10 9.4908e+10  4.77%  92.6 2510s
 21426  2978 9.4908e+10   98   84 9.0588e+10 9.4908e+10  4.77%  92.7 2515s
 21461  2988 9.4908e+10  100   69 9.0588e+10 9.4908e+10  4.77%  92.6 2520s
 21506  3004 9.4908e+10   55  156 9.0588e+10 9.4908e+10  4.77%  92.5 2525s
 21513  3001 9.4908e+10   54  205 9.0588e+10 9.4908e+10  4.77%  92.6 2534s
 21514  3002 9.4908e+10   55  197 9.0588e+10 9.4908e+10  4.77%  92.6 2535s
 21541  3027 9.4908e+10   70  187 9.0588e+10 9.4908e+10  4.77%  92.7 2540s
 21569  3033 9.4908e+10   80   52 9.0588e+10 9.4908e+10  4.77%  92.8 2546s
 21596  3050 9.4908e+10   89   60 9.0588e+10 9.4908e+10  4.77%  92.7 2551s
 21624  3051 infeasible   93      9.0588e+10 9.4908e+10  4.77%  92.7 2555s
 21680  3059 9.4908e+10   91   58 9.0588e+10 9.4908e+10  4.77%  92.6 2560s
 21712  3074 9.4908e+10   88   56 9.0588e+10 9.4908e+10  4.77%  92.6 2565s
 21786  3094 9.4908e+10  113   44 9.0588e+10 9.4908e+10  4.77%  92.4 2570s
 21866  3091 infeasible  112      9.0588e+10 9.4908e+10  4.77%  92.3 2575s
 21916  3093 9.4908e+10  110   37 9.0588e+10 9.4908e+10  4.77%  92.2 2580s
 21982  3087 9.4908e+10  104   32 9.0588e+10 9.4908e+10  4.77%  92.1 2585s
 22078  3095 9.4908e+10  114   40 9.0588e+10 9.4908e+10  4.77%  91.8 2590s
 22151  3100 9.4908e+10  117   51 9.0588e+10 9.4908e+10  4.77%  91.7 2595s
 22216  3089 infeasible  110      9.0588e+10 9.4908e+10  4.77%  91.6 2600s
 22295  3091 infeasible  111      9.0588e+10 9.4908e+10  4.77%  91.4 2605s
 22364  3086 infeasible  110      9.0588e+10 9.4908e+10  4.77%  91.3 2610s
 22417  3081 9.4908e+10  100   33 9.0588e+10 9.4908e+10  4.77%  91.3 2615s
 22466  3091 9.4908e+10  110   50 9.0588e+10 9.4908e+10  4.77%  91.2 2621s
 22514  3083 infeasible  109      9.0588e+10 9.4908e+10  4.77%  91.2 2625s
 22582  3083 9.4908e+10  101   91 9.0588e+10 9.4908e+10  4.77%  91.1 2630s
 22646  3079 infeasible  107      9.0588e+10 9.4908e+10  4.77%  91.0 2635s
 22696  3071 9.4908e+10   87   52 9.0588e+10 9.4908e+10  4.77%  90.9 2640s
 22759  3100 9.4908e+10   91   48 9.0588e+10 9.4908e+10  4.77%  90.8 2645s
 22788  3097 9.4908e+10   95   72 9.0588e+10 9.4908e+10  4.77%  90.7 2656s
 22809  3104 9.4908e+10   98   43 9.0588e+10 9.4908e+10  4.77%  90.6 2660s
 22885  3098 9.4908e+10   95   55 9.0588e+10 9.4908e+10  4.77%  90.4 2665s
 22962  3069 9.4908e+10   89   56 9.0588e+10 9.4908e+10  4.77%  90.2 2670s
 23015  3070 9.4908e+10   90   69 9.0588e+10 9.4908e+10  4.77%  90.1 2675s
 23052  3071 9.4908e+10   86   56 9.0588e+10 9.4908e+10  4.77%  90.0 2680s
 23125  3056 infeasible   95      9.0588e+10 9.4908e+10  4.77%  89.9 2685s
 23180  3054 9.4908e+10   94   81 9.0588e+10 9.4908e+10  4.77%  89.8 2690s
 23230  3058 9.3468e+10   96   74 9.0588e+10 9.4908e+10  4.77%  89.8 2695s
 23272  3064 infeasible   55      9.0588e+10 9.4908e+10  4.77%  89.8 2700s
 23298  3062 infeasible   57      9.0588e+10 9.4908e+10  4.77%  89.9 2705s
 23323  3057 9.4908e+10   58  203 9.0588e+10 9.4908e+10  4.77%  90.0 2710s
 23327  3061 9.4908e+10   62  230 9.0588e+10 9.4908e+10  4.77%  90.0 2715s
 23350  3053 infeasible   58      9.0588e+10 9.4908e+10  4.77%  90.2 2720s
 23375  3066 9.4908e+10   68  141 9.0588e+10 9.4908e+10  4.77%  90.3 2725s
 23409  3080 9.4908e+10   78  122 9.0588e+10 9.4908e+10  4.77%  90.3 2730s
 23444  3075 9.4908e+10   75  132 9.0588e+10 9.4908e+10  4.77%  90.3 2735s
 23479  3070 9.4908e+10   71  162 9.0588e+10 9.4908e+10  4.77%  90.4 2741s
 23502  3065 9.4908e+10   70  140 9.0588e+10 9.4908e+10  4.77%  90.4 2745s
 23529  3058 infeasible   68      9.0588e+10 9.4908e+10  4.77%  90.5 2750s
 23550  3053 infeasible   62      9.0588e+10 9.4908e+10  4.77%  90.7 2755s
 23575  3048 9.4908e+10   85  129 9.0588e+10 9.4908e+10  4.77%  90.8 2763s
 23594  3047 9.3738e+10   90   67 9.0588e+10 9.4908e+10  4.77%  90.8 2765s
 23635  3038 9.4908e+10   80  106 9.0588e+10 9.4908e+10  4.77%  90.8 2770s
 23669  3026 infeasible   74      9.0588e+10 9.4908e+10  4.77%  90.9 2775s
 23696  3027 infeasible   81      9.0588e+10 9.4908e+10  4.77%  91.0 2780s
 23707  3032 9.4908e+10   76  103 9.0588e+10 9.4908e+10  4.77%  91.0 2785s
 23751  3032 infeasible   87      9.0588e+10 9.4908e+10  4.77%  91.0 2790s
 23776  3035 9.4908e+10   54  180 9.0588e+10 9.4908e+10  4.77%  91.1 2812s
 23778  3035 9.4908e+10   55  179 9.0588e+10 9.4908e+10  4.77%  91.1 2815s
 23795  3038 9.4908e+10   57  154 9.0588e+10 9.4908e+10  4.77%  91.2 2820s
 23820  3033 infeasible   58      9.0588e+10 9.4908e+10  4.77%  91.3 2825s
 23842  3031 infeasible   53      9.0588e+10 9.4908e+10  4.77%  91.3 2830s
 23881  3048 9.4908e+10   98   51 9.0588e+10 9.4908e+10  4.77%  91.3 2835s
 23934  3061 9.4908e+10   91   50 9.0588e+10 9.4908e+10  4.77%  91.3 2840s
 23981  3095 9.4908e+10  121   37 9.0588e+10 9.4908e+10  4.77%  91.1 2845s
 24074  3091 infeasible  127      9.0588e+10 9.4908e+10  4.77%  90.9 2850s
 24169  3070 9.4908e+10  103   81 9.0588e+10 9.4908e+10  4.77%  90.7 2855s
 24229  3053 9.4908e+10   86   85 9.0588e+10 9.4908e+10  4.77%  90.6 2860s
 24266  3040 9.4908e+10   72  117 9.0588e+10 9.4908e+10  4.77%  90.6 2865s
 24342  3062 infeasible  106      9.0588e+10 9.4908e+10  4.77%  90.4 2870s
 24407  3035 9.4908e+10   88   82 9.0588e+10 9.4908e+10  4.77%  90.3 2875s
 24467  3023 infeasible   75      9.0588e+10 9.4908e+10  4.77%  90.2 2880s
 24493  3023 infeasible   69      9.0588e+10 9.4908e+10  4.77%  90.2 2885s
 24523  3019 9.4908e+10   69  135 9.0588e+10 9.4908e+10  4.77%  90.3 2890s
 24551  3015 9.4908e+10   64  177 9.0588e+10 9.4908e+10  4.77%  90.4 2895s
 24578  3024 9.4908e+10   71  123 9.0588e+10 9.4908e+10  4.77%  90.5 2900s
 24600  3020 infeasible   72      9.0588e+10 9.4908e+10  4.77%  90.6 2905s
 24620  3018 9.4908e+10   69  174 9.0588e+10 9.4908e+10  4.77%  90.7 2910s
 24636  3016 9.4908e+10   66  163 9.0588e+10 9.4908e+10  4.77%  90.8 2915s
 24665  3013 9.4908e+10   63  183 9.0588e+10 9.4908e+10  4.77%  90.8 2920s
 24691  3013 9.4908e+10   66  135 9.0588e+10 9.4908e+10  4.77%  90.9 2925s
 24699  3009 infeasible   64      9.0588e+10 9.4908e+10  4.77%  91.0 2930s
 24724  3006 infeasible   62      9.0588e+10 9.4908e+10  4.77%  91.1 2935s
 24747  3005 infeasible   65      9.0588e+10 9.4908e+10  4.77%  91.2 2940s
 24772  3000 infeasible   58      9.0588e+10 9.4908e+10  4.77%  91.3 2945s
 24773  3001 9.4908e+10   57  157 9.0588e+10 9.4908e+10  4.77%  91.3 2950s
 24809  3015 9.2028e+10   87   89 9.0588e+10 9.4908e+10  4.77%  91.4 2955s
 24879  3024 9.4908e+10   62  128 9.0588e+10 9.4908e+10  4.77%  91.4 2960s
 24926  3030 9.4908e+10   67  150 9.0588e+10 9.4908e+10  4.77%  91.4 2965s
 24973  3027 9.4908e+10   68   98 9.0588e+10 9.4908e+10  4.77%  91.4 2970s
 25027  3047 9.4908e+10   76  115 9.0588e+10 9.4908e+10  4.77%  91.4 2975s
 25099  3079 9.4908e+10  104   78 9.0588e+10 9.4908e+10  4.77%  91.2 2980s
 25171  3068 infeasible  100      9.0588e+10 9.4908e+10  4.77%  91.1 2985s
 25234  3067 9.4908e+10   92   78 9.0588e+10 9.4908e+10  4.77%  91.0 2990s
 25272  3073 9.4908e+10  101   81 9.0588e+10 9.4908e+10  4.77%  90.9 2996s
 25328  3066 9.4908e+10   91  115 9.0588e+10 9.4908e+10  4.77%  90.9 3000s
 25414  3072 infeasible  108      9.0588e+10 9.4908e+10  4.77%  90.7 3005s
 25474  3076 9.4908e+10   99   76 9.0588e+10 9.4908e+10  4.77%  90.6 3010s
 25518  3076 9.4908e+10   96   82 9.0588e+10 9.4908e+10  4.77%  90.6 3015s
 25551  3075 9.4908e+10   93   85 9.0588e+10 9.4908e+10  4.77%  90.5 3020s
 25612  3077 9.2028e+10  106   80 9.0588e+10 9.4908e+10  4.77%  90.4 3025s
 25662  3081 9.4908e+10  104   74 9.0588e+10 9.4908e+10  4.77%  90.4 3030s
 25688  3077 9.4908e+10  108  110 9.0588e+10 9.4908e+10  4.77%  90.4 3035s
 25743  3072 9.4908e+10  101  130 9.0588e+10 9.4908e+10  4.77%  90.4 3040s
 25806  3059 9.4908e+10   87   96 9.0588e+10 9.4908e+10  4.77%  90.4 3045s
 25861  3072 9.4908e+10   98  100 9.0588e+10 9.4908e+10  4.77%  90.3 3050s
 25903  3097 9.4908e+10  122   66 9.0588e+10 9.4908e+10  4.77%  90.2 3055s
 25986  3084 9.4908e+10  110   98 9.0588e+10 9.4908e+10  4.77%  90.1 3060s
 26073  3082 9.4908e+10  105   78 9.0588e+10 9.4908e+10  4.77%  89.9 3065s
 26128  3083 infeasible  110      9.0588e+10 9.4908e+10  4.77%  89.9 3070s
 26205  3079 9.4908e+10  103  140 9.0588e+10 9.4908e+10  4.77%  89.8 3075s
 26285  3074 9.4908e+10  104  104 9.0588e+10 9.4908e+10  4.77%  89.6 3082s
 26319  3070 infeasible  103      9.0588e+10 9.4908e+10  4.77%  89.6 3085s
 26388  3073 9.4908e+10  101  119 9.0588e+10 9.4908e+10  4.77%  89.5 3090s
 26460  3095 9.4908e+10  112   66 9.0588e+10 9.4908e+10  4.77%  89.4 3095s
 26522  3102 infeasible  127      9.0588e+10 9.4908e+10  4.77%  89.3 3100s
 26597  3099 infeasible   97      9.0588e+10 9.4908e+10  4.77%  89.2 3105s
 26642  3096 9.4908e+10  114   61 9.0588e+10 9.4908e+10  4.77%  89.3 3110s
 26725  3113 9.4908e+10  113   37 9.0588e+10 9.4908e+10  4.77%  89.1 3115s
 26742  3116 9.4908e+10  118   31 9.0588e+10 9.4908e+10  4.77%  89.1 3124s
 26756  3110 9.4908e+10   82  135 9.0588e+10 9.4908e+10  4.77%  89.1 3125s
 26803  3110 9.4908e+10  135   40 9.0588e+10 9.4908e+10  4.77%  89.0 3130s
 26885  3091 9.3468e+10  109   89 9.0588e+10 9.4908e+10  4.77%  88.8 3135s
 26923  3093 9.4908e+10  109   51 9.0588e+10 9.4908e+10  4.77%  88.8 3140s
 26996  3086 infeasible  108      9.0588e+10 9.4908e+10  4.77%  88.7 3145s
 27083  3111 infeasible  118      9.0588e+10 9.4908e+10  4.77%  88.5 3150s
 27135  3109 9.4908e+10  112   72 9.0588e+10 9.4908e+10  4.77%  88.5 3155s
 27214  3078 infeasible  100      9.0588e+10 9.4908e+10  4.77%  88.3 3160s
 27280  3065 infeasible  100      9.0588e+10 9.4908e+10  4.77%  88.2 3165s
 27343  3065 infeasible   94      9.0588e+10 9.4908e+10  4.77%  88.2 3170s
 27391  3065 9.4908e+10   98   89 9.0588e+10 9.4908e+10  4.77%  88.1 3175s
 27450  3062 9.4908e+10   98   96 9.0588e+10 9.4908e+10  4.77%  88.1 3180s
 27507  3053 infeasible   88      9.0588e+10 9.4908e+10  4.77%  88.0 3185s
 27558  3062 infeasible  100      9.0588e+10 9.4908e+10  4.77%  88.0 3190s
 27591  3062 9.4908e+10   90  174 9.0588e+10 9.4908e+10  4.77%  87.9 3195s
 27661  3063 9.4908e+10   91   99 9.0588e+10 9.4908e+10  4.77%  87.8 3200s
 27730  3060 9.4908e+10   92  106 9.0588e+10 9.4908e+10  4.77%  87.7 3205s
 27766  3056 infeasible   94      9.0588e+10 9.4908e+10  4.77%  87.7 3210s
 27829  3057 infeasible   90      9.0588e+10 9.4908e+10  4.77%  87.6 3215s
 27887  3057 9.4908e+10   89  102 9.0588e+10 9.4908e+10  4.77%  87.6 3220s
 27950  3054 9.4908e+10   88  144 9.0588e+10 9.4908e+10  4.77%  87.5 3225s
 27997  3059 infeasible   87      9.0588e+10 9.4908e+10  4.77%  87.5 3230s
 28046  3050 9.4908e+10   84   86 9.0588e+10 9.4908e+10  4.77%  87.5 3235s
 28099  3049 9.4908e+10   84   84 9.0588e+10 9.4908e+10  4.77%  87.5 3240s
 28142  3054 9.4908e+10   84  110 9.0588e+10 9.4908e+10  4.77%  87.4 3245s
 28198  3054 9.4908e+10   88  166 9.0588e+10 9.4908e+10  4.77%  87.4 3250s
 28219  3051 9.4908e+10   86  161 9.0588e+10 9.4908e+10  4.77%  87.4 3272s
 28252  3062 9.4908e+10   91   69 9.0588e+10 9.4908e+10  4.77%  87.4 3275s
 28290  3056 9.4908e+10   92  128 9.0588e+10 9.4908e+10  4.77%  87.3 3280s
 28343  3050 9.4908e+10   83  132 9.0588e+10 9.4908e+10  4.77%  87.2 3285s
 28404  3076 9.4908e+10   84  126 9.0588e+10 9.4908e+10  4.77%  87.1 3290s
 28466  3079 9.4908e+10   91   63 9.0588e+10 9.4908e+10  4.77%  87.1 3295s
 28505  3076 9.4908e+10  110   39 9.0588e+10 9.4908e+10  4.77%  87.1 3301s
 28571  3104 infeasible  123      9.0588e+10 9.4908e+10  4.77%  87.0 3305s
 28617  3110 9.4908e+10   73  122 9.0588e+10 9.4908e+10  4.77%  87.0 3310s
 28650  3129 9.4908e+10   67   97 9.0588e+10 9.4908e+10  4.77%  86.9 3315s
 28679  3121 9.4908e+10   62  117 9.0588e+10 9.4908e+10  4.77%  86.9 3320s
 28723  3121 9.4908e+10   90   65 9.0588e+10 9.4908e+10  4.77%  86.8 3325s
 28756  3118 9.4908e+10   85   71 9.0588e+10 9.4908e+10  4.77%  86.8 3330s
 28786  3130 infeasible  102      9.0588e+10 9.4908e+10  4.77%  86.7 3335s
 28848  3160 9.4908e+10  108   59 9.0588e+10 9.4908e+10  4.77%  86.6 3340s
 28944  3150 infeasible  103      9.0588e+10 9.4908e+10  4.77%  86.4 3345s
 29003  3145 infeasible   97      9.0588e+10 9.4908e+10  4.77%  86.4 3350s
 29069  3147 infeasible  100      9.0588e+10 9.4908e+10  4.77%  86.3 3355s
 29119  3135 9.4908e+10   88  105 9.0588e+10 9.4908e+10  4.77%  86.2 3360s
 29184  3158 9.4908e+10   91   55 9.0588e+10 9.4908e+10  4.77%  86.1 3365s
 29233  3155 9.4908e+10  109   69 9.0588e+10 9.4908e+10  4.77%  86.0 3370s
 29322  3154 9.4908e+10  107   81 9.0588e+10 9.4908e+10  4.77%  85.8 3375s
 29416  3146 infeasible  110      9.0588e+10 9.4908e+10  4.77%  85.6 3380s
 29471  3147 9.4908e+10  106  115 9.0588e+10 9.4908e+10  4.77%  85.5 3385s
 29551  3135 infeasible   95      9.0588e+10 9.4908e+10  4.77%  85.3 3390s
 29587  3137 9.4908e+10   98  105 9.0588e+10 9.4908e+10  4.77%  85.3 3395s
 29664  3164 9.4908e+10  100   72 9.0588e+10 9.4908e+10  4.77%  85.1 3400s
 29716  3164 9.4908e+10  115   42 9.0588e+10 9.4908e+10  4.77%  85.0 3405s
 29788  3154 infeasible  110      9.0588e+10 9.4908e+10  4.77%  84.9 3410s
 29882  3142 9.4908e+10   93   54 9.0588e+10 9.4908e+10  4.77%  84.7 3415s
 29949  3153 infeasible   88      9.0588e+10 9.4908e+10  4.77%  84.6 3420s
 29986  3151 9.4908e+10   82   75 9.0588e+10 9.4908e+10  4.77%  84.5 3425s
 30068  3179 infeasible   89      9.0588e+10 9.4908e+10  4.77%  84.3 3430s
 30149  3180 infeasible   99      9.0588e+10 9.4908e+10  4.77%  84.2 3435s
 30195  3190 9.4908e+10   86   97 9.0588e+10 9.4908e+10  4.77%  84.2 3440s
 30223  3192 9.4908e+10   84   72 9.0588e+10 9.4908e+10  4.77%  84.2 3445s
 30257  3190 infeasible   89      9.0588e+10 9.4908e+10  4.77%  84.3 3450s
 30278  3189 infeasible   89      9.0588e+10 9.4908e+10  4.77%  84.3 3455s
 30323  3186 9.4908e+10   90   59 9.0588e+10 9.4908e+10  4.77%  84.4 3460s
 30348  3184 9.4908e+10   79   25 9.0588e+10 9.4908e+10  4.77%  84.4 3465s
 30377  3190 9.4908e+10   76  128 9.0588e+10 9.4908e+10  4.77%  84.5 3470s
 30411  3199 9.4908e+10   80   69 9.0588e+10 9.4908e+10  4.77%  84.5 3475s
 30453  3194 9.4908e+10   82   69 9.0588e+10 9.4908e+10  4.77%  84.5 3481s
 30486  3193 9.4908e+10   79   49 9.0588e+10 9.4908e+10  4.77%  84.5 3485s
 30532  3189 9.4908e+10   83   58 9.0588e+10 9.4908e+10  4.77%  84.4 3490s
 30560  3179 infeasible   77      9.0588e+10 9.4908e+10  4.77%  84.5 3495s
 30606  3178 9.4908e+10   76  113 9.0588e+10 9.4908e+10  4.77%  84.5 3500s
 30649  3199 infeasible  103      9.0588e+10 9.4908e+10  4.77%  84.4 3505s
 30686  3206 9.4908e+10  104   89 9.0588e+10 9.4908e+10  4.77%  84.4 3511s
 30728  3196 infeasible  100      9.0588e+10 9.4908e+10  4.77%  84.4 3515s
 30789  3197 9.4908e+10   98  115 9.0588e+10 9.4908e+10  4.77%  84.3 3520s
 30838  3194 infeasible   96      9.0588e+10 9.4908e+10  4.77%  84.3 3525s
 30910  3198 infeasible   98      9.0588e+10 9.4908e+10  4.77%  84.2 3530s
 30968  3226 9.4908e+10  106   74 9.0588e+10 9.4908e+10  4.77%  84.1 3536s
 31012  3220 infeasible  110      9.0588e+10 9.4908e+10  4.77%  84.0 3540s
 31085  3221 infeasible  105      9.0588e+10 9.4908e+10  4.77%  83.9 3545s
 31139  3197 infeasible   96      9.0588e+10 9.4908e+10  4.77%  83.9 3550s
 31197  3191 9.4908e+10   94  108 9.0588e+10 9.4908e+10  4.77%  83.9 3555s
 31231  3189 9.4908e+10   87   89 9.0588e+10 9.4908e+10  4.77%  83.9 3560s
 31283  3187 9.4908e+10   85  113 9.0588e+10 9.4908e+10  4.77%  83.9 3565s
 31326  3186 9.4908e+10   84   89 9.0588e+10 9.4908e+10  4.77%  83.8 3570s
 31375  3183 9.4908e+10   83   95 9.0588e+10 9.4908e+10  4.77%  83.9 3575s
 31417  3187 9.4908e+10   80  105 9.0588e+10 9.4908e+10  4.77%  83.9 3580s
 31482  3190 9.4908e+10   86   95 9.0588e+10 9.4908e+10  4.77%  83.8 3587s
 31505  3189 infeasible   95      9.0588e+10 9.4908e+10  4.77%  83.8 3590s
 31560  3200 infeasible   91      9.0588e+10 9.4908e+10  4.77%  83.8 3595s

Cutting planes:
  Learned: 557
  Gomory: 181
  Lift-and-project: 1
  Cover: 4236
  Implied bound: 3527
  Clique: 21
  MIR: 64
  Mixing: 1
  Flow cover: 921
  Inf proof: 417
  Zero half: 815
  RLT: 228
  Relax-and-lift: 156
  BQP: 2
  PSD: 1

Explored 31599 nodes (2720423 simplex iterations) in 3598.09 seconds (1716.04 work units)
Thread count was 1 (of 28 available processors)

Solution count 10: 9.05885e+10 8.93285e+10 8.90585e+10 ... 6.99893e+10

Time limit reached
Best objective 9.058848075000e+10, best bound 9.490848075000e+10, gap 4.7688%

User-callback calls 911721, time in user-callback 0.80 sec