Gurobi Optimizer version 12.0.3 build v12.0.3rc0 (linux64 - "Oracle Linux Server 9.4")

CPU model: Intel(R) Xeon(R) CPU E5-2660 v4 @ 2.00GHz, instruction set [SSE2|AVX|AVX2]
Thread count: 28 physical cores, 28 logical processors, using up to 1 threads

Non-default parameters:
TimeLimit  3599.308320112
SoftMemLimit  16
NumericFocus  1
Threads  1

Academic license 2690100 - for non-commercial use only - registered to ju___@uclm.es
Optimize a model with 2445 rows, 590 columns and 9140 nonzeros
Model fingerprint: 0xdc9356a7
Variable types: 24 continuous, 566 integer (566 binary)
Coefficient statistics:
  Matrix range     [1e+00, 1e+13]
  Objective range  [8e+09, 8e+09]
  Bounds range     [2e+03, 1e+04]
  RHS range        [1e+00, 2e+14]
Warning: Model contains large matrix coefficient range
Warning: Model contains large objective coefficients
Warning: Model contains large rhs
Found heuristic solution: objective -0.0000000
Presolve removed 503 rows and 1 columns
Presolve time: 0.03s
Presolved: 1942 rows, 589 columns, 6946 nonzeros
Variable types: 24 continuous, 565 integer (565 binary)

Root relaxation: objective 9.614880e+10, 313 iterations, 0.01 seconds (0.01 work units)

    Nodes    |    Current Node    |     Objective Bounds      |     Work
 Expl Unexpl |  Obj  Depth IntInf | Incumbent    BestBd   Gap | It/Node Time

     0     0 9.6149e+10    0   26   -0.00000 9.6149e+10      -     -    0s
H    0     0                    5.617920e+10 9.6149e+10  71.1%     -    0s
H    0     0                    7.223040e+10 9.6149e+10  33.1%     -    0s
     0     0 9.6149e+10    0   90 7.2230e+10 9.6149e+10  33.1%     -    0s
H    0     0                    8.025600e+10 9.6149e+10  19.8%     -    0s
     0     0 9.6149e+10    0   59 8.0256e+10 9.6149e+10  19.8%     -    0s
     0     0 9.6149e+10    0   17 8.0256e+10 9.6149e+10  19.8%     -    0s
     0     0 9.6149e+10    0   16 8.0256e+10 9.6149e+10  19.8%     -    0s
     0     0 9.6149e+10    0    8 8.0256e+10 9.6149e+10  19.8%     -    0s
     0     0 9.6149e+10    0    6 8.0256e+10 9.6149e+10  19.8%     -    0s
     0     0 9.6149e+10    0   11 8.0256e+10 9.6149e+10  19.8%     -    0s
     0     0 9.6149e+10    0    2 8.0256e+10 9.6149e+10  19.8%     -    0s
     0     0 9.6149e+10    0    7 8.0256e+10 9.6149e+10  19.8%     -    0s
     0     0 9.6149e+10    0    6 8.0256e+10 9.6149e+10  19.8%     -    0s
     0     0 9.6149e+10    0    4 8.0256e+10 9.6149e+10  19.8%     -    0s
     0     0 9.6149e+10    0    4 8.0256e+10 9.6149e+10  19.8%     -    0s
     0     0 9.6149e+10    0    4 8.0256e+10 9.6149e+10  19.8%     -    0s
H    0     0                    8.812320e+10 9.6149e+10  9.11%     -    0s
     0     0 9.6149e+10    0    2 8.8123e+10 9.6149e+10  9.11%     -    0s
     0     0 9.6149e+10    0   86 8.8123e+10 9.6149e+10  9.11%     -    0s
     0     0 9.6149e+10    0   74 8.8123e+10 9.6149e+10  9.11%     -    0s
     0     0 9.6149e+10    0   13 8.8123e+10 9.6149e+10  9.11%     -    0s
     0     0 9.6149e+10    0    8 8.8123e+10 9.6149e+10  9.11%     -    0s
     0     0 9.6149e+10    0    4 8.8123e+10 9.6149e+10  9.11%     -    0s
     0     0 9.6149e+10    0   61 8.8123e+10 9.6149e+10  9.11%     -    0s
     0     0 9.6149e+10    0    4 8.8123e+10 9.6149e+10  9.11%     -    1s
     0     0 9.6149e+10    0    4 8.8123e+10 9.6149e+10  9.11%     -    1s
     0     0 9.6149e+10    0    4 8.8123e+10 9.6149e+10  9.11%     -    1s
     0     2 9.6149e+10    0    4 8.8123e+10 9.6149e+10  9.11%     -    1s
H  995    62                    8.828160e+10 9.6149e+10  8.91%  14.2    3s
  1070    72 9.6149e+10   17   27 8.8282e+10 9.6149e+10  8.91%  25.6    5s

Cutting planes:
  Learned: 33
  Gomory: 7
  Cover: 18
  Implied bound: 205
  Clique: 4
  MIR: 8
  Flow cover: 33
  Inf proof: 8
  Zero half: 1
  RLT: 11
  Relax-and-lift: 3

Explored 1153 nodes (38294 simplex iterations) in 6.24 seconds (2.78 work units)
Thread count was 1 (of 28 available processors)

Solution count 6: 8.82816e+10 8.81232e+10 8.0256e+10 ... -0

Optimal solution found (tolerance 1.00e-04)
Best objective 8.828160000000e+10, best bound 8.828160000000e+10, gap 0.0000%

User-callback calls 6140, time in user-callback 0.00 sec