Gurobi Optimizer version 12.0.3 build v12.0.3rc0 (linux64 - "Oracle Linux Server 9.4")

CPU model: Intel(R) Xeon(R) CPU E5-2660 v4 @ 2.00GHz, instruction set [SSE2|AVX|AVX2]
Thread count: 28 physical cores, 28 logical processors, using up to 1 threads

Non-default parameters:
TimeLimit  3597.241118358
SoftMemLimit  16
NumericFocus  1
Threads  1

Academic license 2690100 - for non-commercial use only - registered to ju___@uclm.es
Optimize a model with 21645 rows, 4916 columns and 97588 nonzeros
Model fingerprint: 0x0cd763a7
Variable types: 72 continuous, 4844 integer (4844 binary)
Coefficient statistics:
  Matrix range     [1e+00, 7e+12]
  Objective range  [3e+08, 3e+09]
  Bounds range     [2e+03, 1e+04]
  RHS range        [1e+00, 2e+14]
Warning: Model contains large matrix coefficient range
Warning: Model contains large objective coefficients
Warning: Model contains large rhs
Found heuristic solution: objective -0.0000000
Presolve removed 5639 rows and 376 columns
Presolve time: 0.31s
Presolved: 16006 rows, 4540 columns, 57616 nonzeros
Variable types: 72 continuous, 4468 integer (4468 binary)

Root relaxation: objective 8.420480e+10, 660 iterations, 0.05 seconds (0.04 work units)

    Nodes    |    Current Node    |     Objective Bounds      |     Work
 Expl Unexpl |  Obj  Depth IntInf | Incumbent    BestBd   Gap | It/Node Time

     0     0 8.4205e+10    0  108   -0.00000 8.4205e+10      -     -    0s
H    0     0                    5.346000e+09 8.4205e+10  1475%     -    0s
H    0     0                    8.232802e+09 8.4205e+10   923%     -    0s
     0     0 8.4205e+10    0  152 8.2328e+09 8.4205e+10   923%     -    1s
     0     0 8.4205e+10    0  152 8.2328e+09 8.4205e+10   923%     -    1s
     0     0 8.4205e+10    0  261 8.2328e+09 8.4205e+10   923%     -    6s
H    0     0                    5.156480e+10 8.4205e+10  63.3%     -    6s
     0     0 8.4205e+10    0  285 5.1565e+10 8.4205e+10  63.3%     -    6s
     0     0 8.4205e+10    0  337 5.1565e+10 8.4205e+10  63.3%     -   15s
     0     0 8.4205e+10    0  337 5.1565e+10 8.4205e+10  63.3%     -   18s
H    0     0                    5.212880e+10 8.4205e+10  61.5%     -   20s
     0     2 8.4205e+10    0  325 5.2129e+10 8.4205e+10  61.5%     -   24s
     2     4 8.4205e+10    1  433 5.2129e+10 8.4205e+10  61.5%  4553   25s
    26    26 8.4205e+10   14  255 5.2129e+10 8.4205e+10  61.5%   537   31s
H   52    50                    5.747480e+10 8.4205e+10  46.5%   296   34s
    78    72 8.4205e+10   39  153 5.7475e+10 8.4205e+10  46.5%   204   36s
H  136   109                    7.351280e+10 8.4205e+10  14.5%   123   37s
   262   102 8.4205e+10   57   49 7.3513e+10 8.4205e+10  14.5%  69.0   40s
H  307   105                    7.885880e+10 8.4205e+10  6.78%  60.5   41s
   535    95 8.4205e+10   54   24 7.8859e+10 8.4205e+10  6.78%  38.4   45s
   814   175 infeasible   80      7.8859e+10 8.4205e+10  6.78%  30.0   50s
   999   210 8.4205e+10   84   61 7.8859e+10 8.4205e+10  6.78%  27.3   55s
  1119   256 8.4205e+10  118  337 7.8859e+10 8.4205e+10  6.78%  25.7   61s
  1122   258 8.4205e+10  124  279 7.8859e+10 8.4205e+10  6.78%  25.6   68s
  1123   259 8.4205e+10   34  366 7.8859e+10 8.4205e+10  6.78%  25.6   70s
  1124   259 8.4205e+10   36  404 7.8859e+10 8.4205e+10  6.78%  25.6   83s
  1125   260 8.4205e+10  121  558 7.8859e+10 8.4205e+10  6.78%  25.6   85s
  1126   261 8.4205e+10   89  310 7.8859e+10 8.4205e+10  6.78%  25.5   99s
  1127   261 8.4205e+10   41  522 7.8859e+10 8.4205e+10  6.78%  25.5  104s
  1128   262 8.4205e+10   30  275 7.8859e+10 8.4205e+10  6.78%  25.5  115s
  1130   263 8.4205e+10   88  279 7.8859e+10 8.4205e+10  6.78%  25.5  131s
  1132   265 8.4205e+10  109  258 7.8859e+10 8.4205e+10  6.78%  25.4  144s
  1133   265 8.4205e+10  102  525 7.8859e+10 8.4205e+10  6.78%  25.4  146s
  1134   266 8.4205e+10  121  130 7.8859e+10 8.4205e+10  6.78%  25.4  153s
  1136   267 8.4205e+10   74   22 7.8859e+10 8.4205e+10  6.78%  25.3  156s
  1140   270 8.4205e+10   17   28 7.8859e+10 8.4205e+10  6.78%  25.2  160s
  1147   277 8.4205e+10   13  215 7.8859e+10 8.4205e+10  6.78%   286  165s
  1158   276 8.4205e+10   18   75 7.8859e+10 8.4205e+10  6.78%   288  170s
  1177   289 8.4205e+10   34   61 7.8859e+10 8.4205e+10  6.78%   285  175s
  1192   299 8.4205e+10   46   45 7.8859e+10 8.4205e+10  6.78%   282  185s
  1206   308 8.4205e+10   58   44 7.8859e+10 8.4205e+10  6.78%   278  190s
  1225   315 8.4205e+10   70  101 7.8859e+10 8.4205e+10  6.78%   275  195s
  1245   325 8.4205e+10   83   91 7.8859e+10 8.4205e+10  6.78%   271  200s
  1261   310 8.4205e+10   76  154 7.8859e+10 8.4205e+10  6.78%   278  205s
  1273   308 8.4205e+10   82  101 7.8859e+10 8.4205e+10  6.78%   276  215s
  1296   301 8.4205e+10   78  119 7.8859e+10 8.4205e+10  6.78%   273  220s
  1320   287 infeasible   76      7.8859e+10 8.4205e+10  6.78%   272  225s
  1337   284 8.4205e+10   78  113 7.8859e+10 8.4205e+10  6.78%   271  235s
  1345   278     cutoff   14      7.8859e+10 8.4205e+10  6.78%   282  240s
  1351   278 infeasible   19      7.8859e+10 8.4205e+10  6.78%   285  245s
  1356   279 8.4205e+10   21  426 7.8859e+10 8.4205e+10  6.78%   287  251s
  1361   280 8.4205e+10   25  311 7.8859e+10 8.4205e+10  6.78%   288  255s
  1367   280 8.4205e+10   27  328 7.8859e+10 8.4205e+10  6.78%   289  260s
  1374   277 8.4205e+10   74  108 7.8859e+10 8.4205e+10  6.78%   291  265s
  1392   270     cutoff   27      7.8859e+10 8.4205e+10  6.78%   293  270s
  1402   273 8.4205e+10   35  355 7.8859e+10 8.4205e+10  6.78%   293  275s
  1411   273 8.4205e+10   40  360 7.8859e+10 8.4205e+10  6.78%   295  280s
  1420   279 8.4205e+10   47  331 7.8859e+10 8.4205e+10  6.78%   295  285s
  1441   269 infeasible   80      7.8859e+10 8.4205e+10  6.78%   295  290s
  1445   267 8.4205e+10   77  144 7.8859e+10 8.4205e+10  6.78%   295  296s
  1464   262 infeasible   85      7.8859e+10 8.4205e+10  6.78%   292  300s
  1472   263 8.1318e+10   85   43 7.8859e+10 8.4205e+10  6.78%   291  308s
  1484   257 8.4205e+10   24  109 7.8859e+10 8.4205e+10  6.78%   289  310s
  1489   261 8.4205e+10   26   48 7.8859e+10 8.4205e+10  6.78%   289  315s
  1499   267 8.4205e+10   36   49 7.8859e+10 8.4205e+10  6.78%   287  321s
  1512   276 8.4205e+10   44   40 7.8859e+10 8.4205e+10  6.78%   285  325s
  1526   283 8.4205e+10   48   39 7.8859e+10 8.4205e+10  6.78%   284  330s
  1542   294 8.4205e+10   53   41 7.8859e+10 8.4205e+10  6.78%   282  335s
  1558   305 8.4205e+10   60   65 7.8859e+10 8.4205e+10  6.78%   281  340s
  1577   311 8.4205e+10   64   68 7.8859e+10 8.4205e+10  6.78%   281  345s
  1580   309 8.4205e+10   62  132 7.8859e+10 8.4205e+10  6.78%   281  352s
  1588   311 8.4205e+10   63  212 7.8859e+10 8.4205e+10  6.78%   281  355s
  1607   313 8.4205e+10   71  147 7.8859e+10 8.4205e+10  6.78%   281  360s
  1625   317 8.4205e+10   76  223 7.8859e+10 8.4205e+10  6.78%   281  365s
  1638   314 8.4205e+10   75  176 7.8859e+10 8.4205e+10  6.78%   280  372s
  1654   311 8.4205e+10   81  244 7.8859e+10 8.4205e+10  6.78%   279  375s
  1664   311 8.4205e+10   83  159 7.8859e+10 8.4205e+10  6.78%   279  382s
  1675   305 8.4205e+10   51   67 7.8859e+10 8.4205e+10  6.78%   279  385s
  1691   315 8.4205e+10   61  200 7.8859e+10 8.4205e+10  6.78%   279  390s
  1707   326 8.4205e+10   69   61 7.8859e+10 8.4205e+10  6.78%   278  395s
  1725   327 8.4205e+10   63   73 7.8859e+10 8.4205e+10  6.78%   277  400s
  1741   338 8.4205e+10   71   55 7.8859e+10 8.4205e+10  6.78%   276  405s
  1745   340 8.1318e+10   74   97 7.8859e+10 8.4205e+10  6.78%   276  410s
  1766   339 8.4205e+10   74  106 7.8859e+10 8.4205e+10  6.78%   273  415s
  1773   340 8.4205e+10   76  132 7.8859e+10 8.4205e+10  6.78%   273  425s
  1794   340 8.1318e+10   85    8 7.8859e+10 8.4205e+10  6.78%   271  430s
* 1795   325              86    8.019000e+10 8.4205e+10  5.01%   271  430s
  1818   330 8.4205e+10   75   58 8.0190e+10 8.4205e+10  5.01%   269  435s
  1839   324 8.4205e+10   80   89 8.0190e+10 8.4205e+10  5.01%   269  441s
  1841   323 8.4205e+10   81   64 8.0190e+10 8.4205e+10  5.01%   269  445s
  1859   331 8.4205e+10   48  103 8.0190e+10 8.4205e+10  5.01%   267  450s
  1872   340 8.4205e+10   56  100 8.0190e+10 8.4205e+10  5.01%   265  455s
  1887   344 infeasible   63      8.0190e+10 8.4205e+10  5.01%   267  460s
  1899   346 infeasible   68      8.0190e+10 8.4205e+10  5.01%   266  465s
  1921   346 8.4205e+10   73   54 8.0190e+10 8.4205e+10  5.01%   264  471s
  1942   347 8.4205e+10   69   84 8.0190e+10 8.4205e+10  5.01%   263  475s
  1962   345 8.4205e+10   72   80 8.0190e+10 8.4205e+10  5.01%   261  480s
  1975   340 8.4205e+10   67   91 8.0190e+10 8.4205e+10  5.01%   260  487s
  1982   339 infeasible   69      8.0190e+10 8.4205e+10  5.01%   260  490s
  2000   339 infeasible   72      8.0190e+10 8.4205e+10  5.01%   259  495s
  2013   338 infeasible   68      8.0190e+10 8.4205e+10  5.01%   260  500s
  2022   339 8.4205e+10   64  110 8.0190e+10 8.4205e+10  5.01%   259  509s
  2025   340 8.4205e+10   66   87 8.0190e+10 8.4205e+10  5.01%   259  510s
  2041   342 8.4205e+10   70  111 8.0190e+10 8.4205e+10  5.01%   259  515s
  2061   344 8.4205e+10   73  124 8.0190e+10 8.4205e+10  5.01%   258  520s
  2082   337 8.4205e+10   66  121 8.0190e+10 8.4205e+10  5.01%   259  525s
  2100   341 infeasible   73      8.0190e+10 8.4205e+10  5.01%   259  530s
  2115   350 8.4205e+10   71   66 8.0190e+10 8.4205e+10  5.01%   258  535s
  2134   347 8.4205e+10   70  146 8.0190e+10 8.4205e+10  5.01%   258  540s
  2157   343 infeasible   70      8.0190e+10 8.4205e+10  5.01%   257  545s
  2174   344 8.4205e+10   63  167 8.0190e+10 8.4205e+10  5.01%   257  550s
  2199   343 infeasible   68      8.0190e+10 8.4205e+10  5.01%   256  555s
  2221   343 infeasible   71      8.0190e+10 8.4205e+10  5.01%   257  560s
  2242   348 infeasible   71      8.0190e+10 8.4205e+10  5.01%   257  565s
  2261   345 8.4205e+10   76  107 8.0190e+10 8.4205e+10  5.01%   256  570s
  2286   338 infeasible   67      8.0190e+10 8.4205e+10  5.01%   255  575s
  2306   348 8.4205e+10   68  148 8.0190e+10 8.4205e+10  5.01%   256  580s
  2328   346 8.4205e+10   77   93 8.0190e+10 8.4205e+10  5.01%   256  585s
  2347   347 8.4205e+10   79  225 8.0190e+10 8.4205e+10  5.01%   256  590s
  2375   343 infeasible   79      8.0190e+10 8.4205e+10  5.01%   257  595s
  2393   341 8.4205e+10   74   81 8.0190e+10 8.4205e+10  5.01%   258  600s
  2407   337 8.4205e+10   64   52 8.0190e+10 8.4205e+10  5.01%   259  605s
  2426   338 8.4205e+10   44   86 8.0190e+10 8.4205e+10  5.01%   259  610s
  2443   355 8.4205e+10   61   69 8.0190e+10 8.4205e+10  5.01%   258  615s
  2458   368 8.4205e+10   66   65 8.0190e+10 8.4205e+10  5.01%   258  621s
H 2459   352                    8.307680e+10 8.4205e+10  1.36%   258  623s
  2465   358 8.4205e+10   70   82 8.3077e+10 8.4205e+10  1.36%   257  625s
  2486   359 8.4205e+10   77   79 8.3077e+10 8.4205e+10  1.36%   256  630s
  2512   355 8.4205e+10   69   69 8.3077e+10 8.4205e+10  1.36%   254  635s
  2542   353 8.4205e+10   68   71 8.3077e+10 8.4205e+10  1.36%   253  640s
  2561   358 8.4205e+10   77   70 8.3077e+10 8.4205e+10  1.36%   252  654s
  2563   360 8.4205e+10   79   71 8.3077e+10 8.4205e+10  1.36%   252  655s
  2576   355 8.4205e+10   74   72 8.3077e+10 8.4205e+10  1.36%   251  660s
  2602   349 8.4205e+10   66  122 8.3077e+10 8.4205e+10  1.36%   250  665s
  2622   349 infeasible   70      8.3077e+10 8.4205e+10  1.36%   250  670s
  2638   346 8.4205e+10   66  102 8.3077e+10 8.4205e+10  1.36%   250  675s
  2660   346 8.4205e+10   66   98 8.3077e+10 8.4205e+10  1.36%   249  680s
  2680   350 8.4205e+10   72   70 8.3077e+10 8.4205e+10  1.36%   249  685s
  2703   355 8.4205e+10   76   54 8.3077e+10 8.4205e+10  1.36%   247  690s
  2729   352 infeasible   81      8.3077e+10 8.4205e+10  1.36%   246  695s
  2748   351 infeasible   77      8.3077e+10 8.4205e+10  1.36%   245  700s
  2774   351 8.4205e+10   78   70 8.3077e+10 8.4205e+10  1.36%   243  705s
  2800   345 8.4205e+10   70   57 8.3077e+10 8.4205e+10  1.36%   243  712s
  2814   353 8.4205e+10   77   73 8.3077e+10 8.4205e+10  1.36%   242  715s
  2834   353 8.4205e+10   78   44 8.3077e+10 8.4205e+10  1.36%   241  720s
  2862   347 8.4205e+10   75   61 8.3077e+10 8.4205e+10  1.36%   240  725s
  2884   345 8.4205e+10   74   90 8.3077e+10 8.4205e+10  1.36%   239  730s
  2912   339 8.4205e+10   62  102 8.3077e+10 8.4205e+10  1.36%   238  737s
  2924   345 8.4205e+10   69   49 8.3077e+10 8.4205e+10  1.36%   237  740s
  2945   350 8.4205e+10   76   30 8.3077e+10 8.4205e+10  1.36%   236  745s
  2969   350 infeasible   82      8.3077e+10 8.4205e+10  1.36%   235  750s
  2993   348 8.4205e+10   76   51 8.3077e+10 8.4205e+10  1.36%   233  755s
  3022   344 8.4205e+10   70   47 8.3077e+10 8.4205e+10  1.36%   232  763s
  3031   350 8.4205e+10   74   67 8.3077e+10 8.4205e+10  1.36%   231  765s
  3052   349 8.4205e+10   71   60 8.3077e+10 8.4205e+10  1.36%   231  770s
  3080   347 8.4205e+10   73   76 8.3077e+10 8.4205e+10  1.36%   229  778s
  3093   343 infeasible   76      8.3077e+10 8.4205e+10  1.36%   228  780s
  3115   343 infeasible   78      8.3077e+10 8.4205e+10  1.36%   227  785s
  3140   348 8.4205e+10   69   62 8.3077e+10 8.4205e+10  1.36%   226  790s
  3161   361 8.4205e+10   76   39 8.3077e+10 8.4205e+10  1.36%   225  795s
  3181   353 8.4205e+10   73   75 8.3077e+10 8.4205e+10  1.36%   225  800s
  3200   350 8.4205e+10   74  109 8.3077e+10 8.4205e+10  1.36%   224  805s
  3222   352 8.4205e+10   74   73 8.3077e+10 8.4205e+10  1.36%   223  810s
  3237   349 8.4205e+10   73   72 8.3077e+10 8.4205e+10  1.36%   223  815s
  3238   350 8.4205e+10   74   62 8.3077e+10 8.4205e+10  1.36%   223  844s
  3239   349 infeasible   75      8.3077e+10 8.4205e+10  1.36%   223  845s
  3264   355 8.4205e+10   74   48 8.3077e+10 8.4205e+10  1.36%   222  850s
  3286   353 infeasible   78      8.3077e+10 8.4205e+10  1.36%   221  855s
  3309   354 8.4205e+10   77   76 8.3077e+10 8.4205e+10  1.36%   220  860s
  3329   352 infeasible   72      8.3077e+10 8.4205e+10  1.36%   219  865s
  3349   356 8.4205e+10   75   52 8.3077e+10 8.4205e+10  1.36%   219  870s
  3373   360 8.4205e+10   80   74 8.3077e+10 8.4205e+10  1.36%   218  876s
  3389   360 infeasible   81      8.3077e+10 8.4205e+10  1.36%   218  880s
  3410   357 infeasible   81      8.3077e+10 8.4205e+10  1.36%   218  885s
  3434   357 infeasible   83      8.3077e+10 8.4205e+10  1.36%   217  890s
  3456   350 8.4205e+10   75   56 8.3077e+10 8.4205e+10  1.36%   216  895s
  3482   354 8.4205e+10   78   64 8.3077e+10 8.4205e+10  1.36%   215  904s
  3485   353 infeasible   79      8.3077e+10 8.4205e+10  1.36%   215  905s
  3511   345 8.4205e+10   68   73 8.3077e+10 8.4205e+10  1.36%   215  910s
  3537   343 8.4205e+10   74   37 8.3077e+10 8.4205e+10  1.36%   214  915s
  3563   347 8.4205e+10   68   76 8.3077e+10 8.4205e+10  1.36%   214  920s
  3590   352 8.4205e+10   78   77 8.3077e+10 8.4205e+10  1.36%   213  925s
  3608   352 8.4205e+10   76   58 8.3077e+10 8.4205e+10  1.36%   212  930s
  3635   353 8.4205e+10   74   73 8.3077e+10 8.4205e+10  1.36%   212  935s
  3663   349 infeasible   79      8.3077e+10 8.4205e+10  1.36%   211  940s
  3678   348 8.4205e+10   74   71 8.3077e+10 8.4205e+10  1.36%   211  945s
  3703   355 8.4205e+10   75   51 8.3077e+10 8.4205e+10  1.36%   210  950s
  3721   343 8.4205e+10   70   79 8.3077e+10 8.4205e+10  1.36%   210  958s
  3732   342 8.4205e+10   69   76 8.3077e+10 8.4205e+10  1.36%   210  960s
  3756   342 8.4205e+10   71   41 8.3077e+10 8.4205e+10  1.36%   209  965s
  3787   339 infeasible   74      8.3077e+10 8.4205e+10  1.36%   208  970s
  3808   334 infeasible   59      8.3077e+10 8.4205e+10  1.36%   208  975s
  3825   339 8.4205e+10   58  129 8.3077e+10 8.4205e+10  1.36%   208  980s
  3836   350 8.4205e+10   64  142 8.3077e+10 8.4205e+10  1.36%   208  985s
  3855   345 infeasible   67      8.3077e+10 8.4205e+10  1.36%   209  990s
  3868   342 8.4205e+10   65  115 8.3077e+10 8.4205e+10  1.36%   210  995s
  3887   345 8.4205e+10   68   85 8.3077e+10 8.4205e+10  1.36%   210 1000s
  3906   342 8.4205e+10   66   81 8.3077e+10 8.4205e+10  1.36%   210 1005s
  3922   342 infeasible   63      8.3077e+10 8.4205e+10  1.36%   210 1010s
  3951   343 8.4205e+10   66   78 8.3077e+10 8.4205e+10  1.36%   209 1015s
  3976   348 8.4205e+10   67  123 8.3077e+10 8.4205e+10  1.36%   209 1020s
  4003   349 8.4205e+10   74   65 8.3077e+10 8.4205e+10  1.36%   208 1025s
  4024   342 8.4205e+10   63  126 8.3077e+10 8.4205e+10  1.36%   208 1030s
  4046   344 8.4205e+10   70   79 8.3077e+10 8.4205e+10  1.36%   207 1035s
  4061   345 infeasible   76      8.3077e+10 8.4205e+10  1.36%   207 1040s
  4088   342 8.4205e+10   70   76 8.3077e+10 8.4205e+10  1.36%   207 1045s
  4116   342 8.4205e+10   68   66 8.3077e+10 8.4205e+10  1.36%   206 1050s
  4146   342 infeasible   71      8.3077e+10 8.4205e+10  1.36%   205 1055s
  4157   341 8.4205e+10   69   50 8.3077e+10 8.4205e+10  1.36%   205 1060s
  4188   341 8.4205e+10   68   81 8.3077e+10 8.4205e+10  1.36%   204 1065s
  4218   337 infeasible   66      8.3077e+10 8.4205e+10  1.36%   204 1070s
  4248   337 infeasible   69      8.3077e+10 8.4205e+10  1.36%   203 1075s
  4276   341 infeasible   71      8.3077e+10 8.4205e+10  1.36%   202 1080s
  4303   340 8.4205e+10   70   59 8.3077e+10 8.4205e+10  1.36%   201 1085s
  4332   333 8.4205e+10   56   68 8.3077e+10 8.4205e+10  1.36%   201 1090s
  4339   338 8.4205e+10   61   45 8.3077e+10 8.4205e+10  1.36%   201 1095s
  4359   342 infeasible   69      8.3077e+10 8.4205e+10  1.36%   201 1100s
  4374   351 8.4205e+10   62  107 8.3077e+10 8.4205e+10  1.36%   202 1105s
  4398   355 8.4205e+10   63  114 8.3077e+10 8.4205e+10  1.36%   201 1110s
  4421   352 8.4205e+10   71   47 8.3077e+10 8.4205e+10  1.36%   202 1115s
  4435   350 infeasible   74      8.3077e+10 8.4205e+10  1.36%   202 1120s
  4457   352 8.4205e+10   72  132 8.3077e+10 8.4205e+10  1.36%   202 1125s
  4477   354 8.4205e+10   64   56 8.3077e+10 8.4205e+10  1.36%   202 1130s
  4501   352 8.4205e+10   67   63 8.3077e+10 8.4205e+10  1.36%   202 1137s
  4512   351 8.4205e+10   63  171 8.3077e+10 8.4205e+10  1.36%   202 1140s
  4537   354 infeasible   70      8.3077e+10 8.4205e+10  1.36%   202 1145s
  4564   355 8.4205e+10   71   40 8.3077e+10 8.4205e+10  1.36%   202 1150s
  4599   348 infeasible   68      8.3077e+10 8.4205e+10  1.36%   201 1155s
  4613   354 8.4205e+10   71   75 8.3077e+10 8.4205e+10  1.36%   201 1160s
  4639   354 8.4205e+10   75   58 8.3077e+10 8.4205e+10  1.36%   201 1165s
  4662   345 8.4205e+10   61  110 8.3077e+10 8.4205e+10  1.36%   201 1171s
  4679   350 8.4205e+10   61   95 8.3077e+10 8.4205e+10  1.36%   201 1175s
  4705   358 8.4205e+10   68   74 8.3077e+10 8.4205e+10  1.36%   201 1180s
  4720   359 infeasible   66      8.3077e+10 8.4205e+10  1.36%   200 1185s
  4745   354 8.4205e+10   69   99 8.3077e+10 8.4205e+10  1.36%   200 1190s
  4774   349 infeasible   67      8.3077e+10 8.4205e+10  1.36%   200 1195s
  4798   349 infeasible   68      8.3077e+10 8.4205e+10  1.36%   199 1200s
  4814   349 8.4205e+10   67  110 8.3077e+10 8.4205e+10  1.36%   199 1205s
  4846   349 8.4205e+10   73   91 8.3077e+10 8.4205e+10  1.36%   198 1210s
  4873   348 8.4205e+10   67  105 8.3077e+10 8.4205e+10  1.36%   198 1215s
  4885   344 8.4205e+10   65  103 8.3077e+10 8.4205e+10  1.36%   198 1221s
  4901   342 infeasible   68      8.3077e+10 8.4205e+10  1.36%   198 1225s
  4931   342 8.4205e+10   64   85 8.3077e+10 8.4205e+10  1.36%   198 1230s
  4949   348 8.4205e+10   77   55 8.3077e+10 8.4205e+10  1.36%   197 1235s
  4975   340 infeasible   74      8.3077e+10 8.4205e+10  1.36%   197 1240s
  4991   336 8.4205e+10   62   48 8.3077e+10 8.4205e+10  1.36%   197 1245s
  5011   338 8.4205e+10   63   88 8.3077e+10 8.4205e+10  1.36%   197 1250s
  5027   344 8.4205e+10   72   73 8.3077e+10 8.4205e+10  1.36%   197 1255s
  5047   338 8.4205e+10   66   70 8.3077e+10 8.4205e+10  1.36%   197 1260s
  5072   335 8.4205e+10   62   63 8.3077e+10 8.4205e+10  1.36%   197 1265s
  5099   336 8.4205e+10   62   69 8.3077e+10 8.4205e+10  1.36%   197 1274s
  5102   337 8.4205e+10   64   64 8.3077e+10 8.4205e+10  1.36%   197 1275s
  5127   340 8.4205e+10   73   60 8.3077e+10 8.4205e+10  1.36%   197 1280s
  5154   339 8.4205e+10   62   58 8.3077e+10 8.4205e+10  1.36%   196 1285s
  5177   334 infeasible   68      8.3077e+10 8.4205e+10  1.36%   196 1290s
  5200   335 infeasible   67      8.3077e+10 8.4205e+10  1.36%   196 1295s
  5223   340 8.4205e+10   64   57 8.3077e+10 8.4205e+10  1.36%   196 1300s
  5242   345 8.4205e+10   74   37 8.3077e+10 8.4205e+10  1.36%   196 1306s
  5254   351 8.4205e+10   59  136 8.3077e+10 8.4205e+10  1.36%   196 1310s
  5269   361 8.4205e+10   68   73 8.3077e+10 8.4205e+10  1.36%   196 1315s
  5294   370 infeasible   79      8.3077e+10 8.4205e+10  1.36%   196 1320s
  5325   371 8.4205e+10   74   38 8.3077e+10 8.4205e+10  1.36%   195 1325s
  5339   365 8.4205e+10   73   57 8.3077e+10 8.4205e+10  1.36%   195 1330s
  5362   356 8.4205e+10   63   68 8.3077e+10 8.4205e+10  1.36%   196 1335s
  5380   358 8.4205e+10   64  156 8.3077e+10 8.4205e+10  1.36%   196 1340s
  5400   366 8.4205e+10   65   89 8.3077e+10 8.4205e+10  1.36%   196 1345s
  5427   359 infeasible   69      8.3077e+10 8.4205e+10  1.36%   196 1350s
  5438   362 8.4205e+10   69   47 8.3077e+10 8.4205e+10  1.36%   196 1355s
  5461   367 8.4205e+10   74   75 8.3077e+10 8.4205e+10  1.36%   196 1360s
  5497   365 8.4205e+10   70   68 8.3077e+10 8.4205e+10  1.36%   195 1365s
  5508   368 8.4205e+10   75   68 8.3077e+10 8.4205e+10  1.36%   195 1370s
  5541   365 8.4205e+10   76  121 8.3077e+10 8.4205e+10  1.36%   194 1375s
  5571   357 infeasible   68      8.3077e+10 8.4205e+10  1.36%   194 1380s
  5598   364 8.4205e+10   69  116 8.3077e+10 8.4205e+10  1.36%   193 1385s
  5621   363 8.4205e+10   70  102 8.3077e+10 8.4205e+10  1.36%   194 1391s
  5632   360 8.4205e+10   67   96 8.3077e+10 8.4205e+10  1.36%   194 1400s
  5655   359 8.4205e+10   72   80 8.3077e+10 8.4205e+10  1.36%   194 1405s
  5679   361 8.4205e+10   77  123 8.3077e+10 8.4205e+10  1.36%   193 1411s
  5699   361 infeasible   81      8.3077e+10 8.4205e+10  1.36%   193 1415s
  5714   356 infeasible   69      8.3077e+10 8.4205e+10  1.36%   194 1420s
  5738   355 8.4205e+10   63  169 8.3077e+10 8.4205e+10  1.36%   194 1428s
  5745   358 8.4205e+10   68  138 8.3077e+10 8.4205e+10  1.36%   194 1430s
  5764   363 8.4205e+10   63  190 8.3077e+10 8.4205e+10  1.36%   194 1435s
  5786   365 8.4205e+10   67   88 8.3077e+10 8.4205e+10  1.36%   194 1440s
  5803   366 8.4205e+10   72  106 8.3077e+10 8.4205e+10  1.36%   194 1445s
  5827   360 8.4205e+10   64  142 8.3077e+10 8.4205e+10  1.36%   194 1450s
  5837   356 8.4205e+10   66   99 8.3077e+10 8.4205e+10  1.36%   194 1455s
  5859   364 8.4205e+10   74  160 8.3077e+10 8.4205e+10  1.36%   194 1460s
  5883   354 8.4205e+10   65  254 8.3077e+10 8.4205e+10  1.36%   195 1465s
  5894   353 infeasible   66      8.3077e+10 8.4205e+10  1.36%   195 1470s
  5915   354 infeasible   64      8.3077e+10 8.4205e+10  1.36%   195 1475s
  5930   353 8.4205e+10   63  113 8.3077e+10 8.4205e+10  1.36%   196 1480s
  5945   358 8.4205e+10   64  147 8.3077e+10 8.4205e+10  1.36%   196 1485s
  5969   360 infeasible   72      8.3077e+10 8.4205e+10  1.36%   196 1490s
  5974   359 8.4205e+10   69  102 8.3077e+10 8.4205e+10  1.36%   196 1515s
  6005   362 8.4205e+10   75   99 8.3077e+10 8.4205e+10  1.36%   196 1520s
  6026   359 infeasible   78      8.3077e+10 8.4205e+10  1.36%   196 1525s
  6044   355 infeasible   62      8.3077e+10 8.4205e+10  1.36%   196 1530s
  6064   357 8.4205e+10   61  105 8.3077e+10 8.4205e+10  1.36%   196 1535s
  6087   358 8.4205e+10   68   75 8.3077e+10 8.4205e+10  1.36%   196 1541s
  6109   350 8.4205e+10   62   86 8.3077e+10 8.4205e+10  1.36%   196 1545s
  6121   356 infeasible   72      8.3077e+10 8.4205e+10  1.36%   196 1550s
  6144   357 infeasible   73      8.3077e+10 8.4205e+10  1.36%   196 1555s
  6166   357 infeasible   67      8.3077e+10 8.4205e+10  1.36%   196 1560s
  6172   355 8.4205e+10   66  129 8.3077e+10 8.4205e+10  1.36%   196 1565s
  6194   353 infeasible   72      8.3077e+10 8.4205e+10  1.36%   196 1570s
  6220   351 8.4205e+10   66   84 8.3077e+10 8.4205e+10  1.36%   196 1575s
  6239   360 8.4205e+10   65   68 8.3077e+10 8.4205e+10  1.36%   196 1580s
  6263   363 8.4205e+10   67  101 8.3077e+10 8.4205e+10  1.36%   196 1585s
  6285   357 infeasible   70      8.3077e+10 8.4205e+10  1.36%   196 1590s
  6301   367 8.4205e+10   73   71 8.3077e+10 8.4205e+10  1.36%   195 1595s
  6328   360 infeasible   71      8.3077e+10 8.4205e+10  1.36%   195 1600s
  6352   372 8.4205e+10   75   55 8.3077e+10 8.4205e+10  1.36%   195 1606s
  6371   367 infeasible   73      8.3077e+10 8.4205e+10  1.36%   194 1610s
  6399   365 infeasible   70      8.3077e+10 8.4205e+10  1.36%   194 1615s
  6415   363 8.4205e+10   75   61 8.3077e+10 8.4205e+10  1.36%   194 1620s
  6439   363 8.4205e+10   77   59 8.3077e+10 8.4205e+10  1.36%   193 1625s
  6460   362 infeasible   72      8.3077e+10 8.4205e+10  1.36%   193 1630s
  6468   360 8.4205e+10   66   67 8.3077e+10 8.4205e+10  1.36%   194 1635s
  6498   366 infeasible   77      8.3077e+10 8.4205e+10  1.36%   193 1640s
  6522   364 8.4205e+10   76   96 8.3077e+10 8.4205e+10  1.36%   193 1645s
  6543   363 8.4205e+10   76   75 8.3077e+10 8.4205e+10  1.36%   193 1650s
  6554   360 8.4205e+10   73   88 8.3077e+10 8.4205e+10  1.36%   194 1655s
  6580   356 infeasible   72      8.3077e+10 8.4205e+10  1.36%   193 1660s
  6601   355 8.4205e+10   66  128 8.3077e+10 8.4205e+10  1.36%   194 1665s
  6622   362 infeasible   71      8.3077e+10 8.4205e+10  1.36%   194 1670s
  6640   356 infeasible   67      8.3077e+10 8.4205e+10  1.36%   194 1675s
  6660   358 8.4205e+10   72  109 8.3077e+10 8.4205e+10  1.36%   194 1680s
  6679   369 8.4205e+10   72   70 8.3077e+10 8.4205e+10  1.36%   194 1685s
  6687   367 8.4205e+10   71   74 8.3077e+10 8.4205e+10  1.36%   194 1690s
  6708   368 8.4205e+10   76   48 8.3077e+10 8.4205e+10  1.36%   194 1695s
  6733   368 8.4205e+10   81   76 8.3077e+10 8.4205e+10  1.36%   194 1700s
  6757   364 infeasible   74      8.3077e+10 8.4205e+10  1.36%   193 1705s
  6779   366 8.4205e+10   71   50 8.3077e+10 8.4205e+10  1.36%   193 1710s
  6795   358 8.4205e+10   65  100 8.3077e+10 8.4205e+10  1.36%   193 1715s
  6819   360 8.4205e+10   67   69 8.3077e+10 8.4205e+10  1.36%   193 1720s
  6844   357 infeasible   68      8.3077e+10 8.4205e+10  1.36%   193 1725s
  6859   360 8.4205e+10   74  118 8.3077e+10 8.4205e+10  1.36%   194 1730s
  6878   357 infeasible   69      8.3077e+10 8.4205e+10  1.36%   194 1735s
  6888   357 8.4205e+10   75   73 8.3077e+10 8.4205e+10  1.36%   194 1740s
  6908   365 8.4205e+10   74   65 8.3077e+10 8.4205e+10  1.36%   194 1745s
  6929   360 8.4205e+10   73   90 8.3077e+10 8.4205e+10  1.36%   195 1750s
  6947   356 8.4205e+10   67   76 8.3077e+10 8.4205e+10  1.36%   195 1755s
  6963   360 8.4205e+10   73  152 8.3077e+10 8.4205e+10  1.36%   195 1760s
  6973   358 8.4205e+10   65  105 8.3077e+10 8.4205e+10  1.36%   196 1767s
  6985   354 8.4205e+10   69   84 8.3077e+10 8.4205e+10  1.36%   196 1770s
  7005   352 infeasible   70      8.3077e+10 8.4205e+10  1.36%   196 1775s
  7029   354 8.4205e+10   62  107 8.3077e+10 8.4205e+10  1.36%   196 1780s
  7056   359 8.4205e+10   63   79 8.3077e+10 8.4205e+10  1.36%   196 1785s
  7079   352 8.4205e+10   63   78 8.3077e+10 8.4205e+10  1.36%   196 1790s
  7084   357 8.4205e+10   68   67 8.3077e+10 8.4205e+10  1.36%   196 1795s
  7109   354 8.4205e+10   70   63 8.3077e+10 8.4205e+10  1.36%   196 1800s
  7137   348 8.4205e+10   64   86 8.3077e+10 8.4205e+10  1.36%   196 1805s
  7160   355 8.4205e+10   73   61 8.3077e+10 8.4205e+10  1.36%   196 1810s
  7185   354 8.4205e+10   71   65 8.3077e+10 8.4205e+10  1.36%   195 1815s
  7210   347 8.4205e+10   65   55 8.3077e+10 8.4205e+10  1.36%   196 1820s
  7231   350 8.4205e+10   59   74 8.3077e+10 8.4205e+10  1.36%   196 1825s
  7246   360 8.4205e+10   69   64 8.3077e+10 8.4205e+10  1.36%   196 1830s
  7272   363 8.4205e+10   55  119 8.3077e+10 8.4205e+10  1.36%   195 1835s
  7293   380 8.4205e+10   69   52 8.3077e+10 8.4205e+10  1.36%   195 1840s
  7311   385 infeasible   75      8.3077e+10 8.4205e+10  1.36%   195 1845s
  7338   380 8.4205e+10   73   87 8.3077e+10 8.4205e+10  1.36%   195 1851s
  7356   384 infeasible   80      8.3077e+10 8.4205e+10  1.36%   194 1855s
  7389   381 8.4205e+10   76   59 8.3077e+10 8.4205e+10  1.36%   194 1860s
  7422   376 8.4205e+10   68   57 8.3077e+10 8.4205e+10  1.36%   193 1865s
  7449   383 8.4205e+10   74   62 8.3077e+10 8.4205e+10  1.36%   193 1871s
  7470   380 infeasible   75      8.3077e+10 8.4205e+10  1.36%   193 1875s
  7505   383 8.4205e+10   77   52 8.3077e+10 8.4205e+10  1.36%   192 1880s
  7536   378 8.4205e+10   74   71 8.3077e+10 8.4205e+10  1.36%   191 1888s
  7537   379 8.4205e+10   75   69 8.3077e+10 8.4205e+10  1.36%   191 1926s
  7559   379 infeasible   76      8.3077e+10 8.4205e+10  1.36%   191 1930s
  7591   381 8.4205e+10   72   59 8.3077e+10 8.4205e+10  1.36%   191 1935s
  7615   375 8.4205e+10   68   52 8.3077e+10 8.4205e+10  1.36%   190 1940s
  7629   379 infeasible   76      8.3077e+10 8.4205e+10  1.36%   190 1945s
  7650   384 8.4205e+10   72   52 8.3077e+10 8.4205e+10  1.36%   190 1950s
  7678   385 8.4205e+10   72   51 8.3077e+10 8.4205e+10  1.36%   189 1957s
  7693   386 infeasible   80      8.3077e+10 8.4205e+10  1.36%   189 1960s
  7717   380 infeasible   76      8.3077e+10 8.4205e+10  1.36%   189 1965s
  7750   373 8.4205e+10   65   50 8.3077e+10 8.4205e+10  1.36%   189 1971s
  7769   378 8.4205e+10   76   57 8.3077e+10 8.4205e+10  1.36%   188 1975s
  7797   384 8.4205e+10   74   65 8.3077e+10 8.4205e+10  1.36%   188 1982s
  7817   384 8.4205e+10   74   60 8.3077e+10 8.4205e+10  1.36%   188 1985s
  7849   379 8.4205e+10   71   75 8.3077e+10 8.4205e+10  1.36%   187 1990s
  7873   379 8.4205e+10   73   59 8.3077e+10 8.4205e+10  1.36%   187 2003s
  7886   381 8.4205e+10   69   82 8.3077e+10 8.4205e+10  1.36%   187 2005s
  7917   380 8.4205e+10   71  102 8.3077e+10 8.4205e+10  1.36%   186 2010s
  7940   377 8.4205e+10   71   46 8.3077e+10 8.4205e+10  1.36%   186 2015s
  7967   372 8.4205e+10   69   72 8.3077e+10 8.4205e+10  1.36%   186 2020s
  7985   378 infeasible   66      8.3077e+10 8.4205e+10  1.36%   186 2025s
  8005   376 infeasible   61      8.3077e+10 8.4205e+10  1.36%   186 2030s
  8037   370 infeasible   67      8.3077e+10 8.4205e+10  1.36%   186 2035s
  8061   384 8.4205e+10   71  109 8.3077e+10 8.4205e+10  1.36%   185 2040s
  8084   386 8.4205e+10   66   51 8.3077e+10 8.4205e+10  1.36%   185 2045s
  8103   384 8.4205e+10   68   84 8.3077e+10 8.4205e+10  1.36%   185 2050s
  8131   385 infeasible   67      8.3077e+10 8.4205e+10  1.36%   185 2055s
  8166   380 infeasible   72      8.3077e+10 8.4205e+10  1.36%   184 2060s
  8196   374 infeasible   69      8.3077e+10 8.4205e+10  1.36%   184 2065s
  8216   373 8.4205e+10   69   99 8.3077e+10 8.4205e+10  1.36%   184 2070s
  8246   372 infeasible   71      8.3077e+10 8.4205e+10  1.36%   184 2075s
  8269   372 8.4205e+10   61   87 8.3077e+10 8.4205e+10  1.36%   184 2080s
  8305   370 8.4205e+10   66   90 8.3077e+10 8.4205e+10  1.36%   183 2085s
  8335   364 infeasible   60      8.3077e+10 8.4205e+10  1.36%   183 2090s
  8353   366 8.4205e+10   61   58 8.3077e+10 8.4205e+10  1.36%   183 2096s
  8376   377 8.4205e+10   58  168 8.3077e+10 8.4205e+10  1.36%   183 2100s
  8407   386 8.4205e+10   69   73 8.3077e+10 8.4205e+10  1.36%   182 2105s
  8447   386 infeasible   70      8.3077e+10 8.4205e+10  1.36%   182 2110s
  8483   383 infeasible   72      8.3077e+10 8.4205e+10  1.36%   181 2115s
  8521   381 8.4205e+10   67   84 8.3077e+10 8.4205e+10  1.36%   181 2120s
  8535   385 8.4205e+10   66  100 8.3077e+10 8.4205e+10  1.36%   181 2125s
  8566   386 infeasible   75      8.3077e+10 8.4205e+10  1.36%   181 2130s
  8606   386 infeasible   72      8.3077e+10 8.4205e+10  1.36%   180 2135s
  8652   376 8.4205e+10   60   82 8.3077e+10 8.4205e+10  1.36%   179 2140s
  8679   377 8.4205e+10   70   48 8.3077e+10 8.4205e+10  1.36%   179 2146s
  8705   371 8.4205e+10   65   60 8.3077e+10 8.4205e+10  1.36%   179 2150s
  8734   371 8.4205e+10   67   64 8.3077e+10 8.4205e+10  1.36%   179 2155s
  8755   368 infeasible   68      8.3077e+10 8.4205e+10  1.36%   179 2160s
  8786   371 8.4205e+10   68   42 8.3077e+10 8.4205e+10  1.36%   179 2165s
  8806   371 infeasible   72      8.3077e+10 8.4205e+10  1.36%   178 2170s
  8824   369 8.4205e+10   66   49 8.3077e+10 8.4205e+10  1.36%   178 2176s
  8845   377 8.4205e+10   72   47 8.3077e+10 8.4205e+10  1.36%   178 2180s
  8882   376 8.4205e+10   71   40 8.3077e+10 8.4205e+10  1.36%   177 2185s
  8920   374 infeasible   70      8.3077e+10 8.4205e+10  1.36%   177 2190s
  8950   378 infeasible   78      8.3077e+10 8.4205e+10  1.36%   177 2195s
  8983   375 8.4205e+10   71   49 8.3077e+10 8.4205e+10  1.36%   176 2200s
  9015   373 8.4205e+10   71   47 8.3077e+10 8.4205e+10  1.36%   176 2205s
  9041   367 8.4205e+10   66   58 8.3077e+10 8.4205e+10  1.36%   176 2212s
  9057   367 infeasible   71      8.3077e+10 8.4205e+10  1.36%   176 2215s
  9092   374 8.4205e+10   71   58 8.3077e+10 8.4205e+10  1.36%   175 2220s
  9122   374 8.4205e+10   74   78 8.3077e+10 8.4205e+10  1.36%   175 2225s
  9156   370 8.4205e+10   73   59 8.3077e+10 8.4205e+10  1.36%   175 2230s
  9189   369 8.4205e+10   67   63 8.3077e+10 8.4205e+10  1.36%   174 2235s
  9222   371 8.4205e+10   74   74 8.3077e+10 8.4205e+10  1.36%   174 2240s
  9241   370 infeasible   73      8.3077e+10 8.4205e+10  1.36%   174 2245s
  9276   371 8.4205e+10   61   68 8.3077e+10 8.4205e+10  1.36%   174 2250s
  9315   379 infeasible   69      8.3077e+10 8.4205e+10  1.36%   173 2255s
  9342   373 infeasible   72      8.3077e+10 8.4205e+10  1.36%   173 2260s
  9389   367 8.4205e+10   70  104 8.3077e+10 8.4205e+10  1.36%   172 2265s
  9410   366 infeasible   74      8.3077e+10 8.4205e+10  1.36%   172 2270s
  9448   368 8.4205e+10   69   84 8.3077e+10 8.4205e+10  1.36%   172 2275s
  9487   371 8.4205e+10   66  103 8.3077e+10 8.4205e+10  1.36%   172 2280s
  9521   367 8.4205e+10   62   77 8.3077e+10 8.4205e+10  1.36%   171 2285s
  9549   367 infeasible   69      8.3077e+10 8.4205e+10  1.36%   171 2290s
  9584   358 infeasible   70      8.3077e+10 8.4205e+10  1.36%   171 2295s
  9607   363 8.4205e+10   71   65 8.3077e+10 8.4205e+10  1.36%   171 2300s
  9633   365 8.4205e+10   75   77 8.3077e+10 8.4205e+10  1.36%   171 2305s
  9660   362 infeasible   77      8.3077e+10 8.4205e+10  1.36%   170 2310s
  9691   362 infeasible   77      8.3077e+10 8.4205e+10  1.36%   170 2315s
  9711   360 8.4205e+10   69   66 8.3077e+10 8.4205e+10  1.36%   170 2320s
  9733   358 8.4205e+10   69   66 8.3077e+10 8.4205e+10  1.36%   170 2325s
  9761   368 infeasible   71      8.3077e+10 8.4205e+10  1.36%   170 2330s
  9779   368 8.4205e+10   70   61 8.3077e+10 8.4205e+10  1.36%   169 2335s
  9811   364 8.4205e+10   76   79 8.3077e+10 8.4205e+10  1.36%   169 2340s
  9839   360 8.4205e+10   74   62 8.3077e+10 8.4205e+10  1.36%   169 2356s
  9848   355 infeasible   72      8.3077e+10 8.4205e+10  1.36%   169 2360s
  9870   360 8.4205e+10   69   67 8.3077e+10 8.4205e+10  1.36%   169 2365s
  9904   354 8.4205e+10   65   86 8.3077e+10 8.4205e+10  1.36%   168 2370s
  9931   369 infeasible   81      8.3077e+10 8.4205e+10  1.36%   168 2375s
  9953   377 infeasible   79      8.3077e+10 8.4205e+10  1.36%   168 2380s
  9974   377 8.4205e+10   72   75 8.3077e+10 8.4205e+10  1.36%   168 2385s
  9989   376 8.4205e+10   76   60 8.3077e+10 8.4205e+10  1.36%   168 2391s
 10015   372 8.4205e+10   69   66 8.3077e+10 8.4205e+10  1.36%   168 2395s
 10042   383 8.4205e+10   71   60 8.3077e+10 8.4205e+10  1.36%   168 2400s
 10068   391 8.4205e+10   80   58 8.3077e+10 8.4205e+10  1.36%   167 2405s
 10098   389 8.4205e+10   80   76 8.3077e+10 8.4205e+10  1.36%   167 2410s
 10125   388 infeasible   71      8.3077e+10 8.4205e+10  1.36%   167 2415s
 10151   384 8.4205e+10   74   69 8.3077e+10 8.4205e+10  1.36%   168 2421s
 10172   395 8.4205e+10   81   69 8.3077e+10 8.4205e+10  1.36%   167 2425s
 10205   390 8.4205e+10   78   58 8.3077e+10 8.4205e+10  1.36%   167 2430s
 10227   391 infeasible   84      8.3077e+10 8.4205e+10  1.36%   167 2435s
 10258   390 8.4205e+10   78   65 8.3077e+10 8.4205e+10  1.36%   167 2440s
 10271   389 8.4205e+10   80   59 8.3077e+10 8.4205e+10  1.36%   167 2445s
 10301   383 infeasible   77      8.3077e+10 8.4205e+10  1.36%   166 2450s
 10330   394 8.4205e+10   88   65 8.3077e+10 8.4205e+10  1.36%   166 2455s
 10363   391 8.4205e+10   87   65 8.3077e+10 8.4205e+10  1.36%   166 2629s
 10366   392 8.4205e+10   89   60 8.3077e+10 8.4205e+10  1.36%   166 2630s
 10390   382 infeasible   80      8.3077e+10 8.4205e+10  1.36%   166 2635s
 10417   383 infeasible   75      8.3077e+10 8.4205e+10  1.36%   166 2640s
 10449   385 8.4205e+10   78   74 8.3077e+10 8.4205e+10  1.36%   166 2645s
 10464   377 8.4205e+10   72   72 8.3077e+10 8.4205e+10  1.36%   166 2650s
 10491   385 8.4205e+10   81   53 8.3077e+10 8.4205e+10  1.36%   165 2655s
 10524   376 infeasible   77      8.3077e+10 8.4205e+10  1.36%   165 2660s
 10549   377 8.4205e+10   70   68 8.3077e+10 8.4205e+10  1.36%   165 2665s
 10584   376 8.4205e+10   74   53 8.3077e+10 8.4205e+10  1.36%   165 2670s
 10606   375 infeasible   75      8.3077e+10 8.4205e+10  1.36%   165 2675s
 10632   381 8.4205e+10   76   77 8.3077e+10 8.4205e+10  1.36%   165 2680s
 10658   378 8.4205e+10   75   77 8.3077e+10 8.4205e+10  1.36%   164 2685s
 10689   377 8.4205e+10   75   57 8.3077e+10 8.4205e+10  1.36%   164 2690s
 10709   381 8.4205e+10   76   82 8.3077e+10 8.4205e+10  1.36%   164 2695s
 10735   377 8.4205e+10   79   65 8.3077e+10 8.4205e+10  1.36%   164 2700s
 10769   372 infeasible   74      8.3077e+10 8.4205e+10  1.36%   164 2705s
 10792   371 8.4205e+10   72   63 8.3077e+10 8.4205e+10  1.36%   164 2710s
 10819   374 8.4205e+10   71   70 8.3077e+10 8.4205e+10  1.36%   163 2715s
 10840   375 8.4205e+10   72   65 8.3077e+10 8.4205e+10  1.36%   163 2720s
 10869   390 infeasible   82      8.3077e+10 8.4205e+10  1.36%   163 2725s
 10897   389 infeasible   79      8.3077e+10 8.4205e+10  1.36%   163 2730s
 10916   392 8.4205e+10   78   53 8.3077e+10 8.4205e+10  1.36%   163 2735s
 10948   380 8.4205e+10   73   65 8.3077e+10 8.4205e+10  1.36%   163 2740s
 10974   378 infeasible   79      8.3077e+10 8.4205e+10  1.36%   163 2745s
 10989   375 infeasible   76      8.3077e+10 8.4205e+10  1.36%   163 2750s
 11013   377 8.4205e+10   71   60 8.3077e+10 8.4205e+10  1.36%   163 2755s
 11041   379 8.4205e+10   77   64 8.3077e+10 8.4205e+10  1.36%   163 2760s
 11060   382 infeasible   88      8.3077e+10 8.4205e+10  1.36%   162 2765s
 11095   375 8.4205e+10   77   65 8.3077e+10 8.4205e+10  1.36%   162 2770s
 11128   367 infeasible   75      8.3077e+10 8.4205e+10  1.36%   162 2775s
 11163   370 infeasible   80      8.3077e+10 8.4205e+10  1.36%   161 2780s
 11183   360 8.4205e+10   72   75 8.3077e+10 8.4205e+10  1.36%   162 2785s
 11210   367 8.4205e+10   75   75 8.3077e+10 8.4205e+10  1.36%   161 2790s
 11242   367 8.4205e+10   75   83 8.3077e+10 8.4205e+10  1.36%   161 2795s
 11269   376 8.4205e+10   80   72 8.3077e+10 8.4205e+10  1.36%   161 2802s
 11289   372 8.4205e+10   79   76 8.3077e+10 8.4205e+10  1.36%   161 2805s
 11321   370 infeasible   81      8.3077e+10 8.4205e+10  1.36%   161 2810s
 11351   371 8.4205e+10   79   80 8.3077e+10 8.4205e+10  1.36%   160 2815s
 11384   371 8.4205e+10   80   65 8.3077e+10 8.4205e+10  1.36%   160 2820s
 11403   372 infeasible   85      8.3077e+10 8.4205e+10  1.36%   160 2825s
 11435   363 8.4205e+10   76   81 8.3077e+10 8.4205e+10  1.36%   160 2830s
 11454   368 8.4205e+10   80   65 8.3077e+10 8.4205e+10  1.36%   160 2836s
 11482   365 8.4205e+10   78   62 8.3077e+10 8.4205e+10  1.36%   160 2840s
 11515   365 8.4205e+10   76   53 8.3077e+10 8.4205e+10  1.36%   159 2845s
 11543   365 8.4205e+10   80   67 8.3077e+10 8.4205e+10  1.36%   159 2850s
 11547   365 8.4205e+10   82   61 8.3077e+10 8.4205e+10  1.36%   159 2869s
 11548   366 8.4205e+10   83   62 8.3077e+10 8.4205e+10  1.36%   159 2870s
 11577   361 8.4205e+10   74   79 8.3077e+10 8.4205e+10  1.36%   159 2875s
 11599   361 infeasible   79      8.3077e+10 8.4205e+10  1.36%   159 2880s
 11624   357 8.4205e+10   69   76 8.3077e+10 8.4205e+10  1.36%   159 2885s
 11655   369 8.4205e+10   85   58 8.3077e+10 8.4205e+10  1.36%   159 2890s
 11684   377 8.4205e+10   76   75 8.3077e+10 8.4205e+10  1.36%   159 2895s
 11706   375 8.4205e+10   79   57 8.3077e+10 8.4205e+10  1.36%   159 2901s
 11727   372 infeasible   80      8.3077e+10 8.4205e+10  1.36%   158 2905s
 11744   365 infeasible   71      8.3077e+10 8.4205e+10  1.36%   158 2910s
 11768   363 infeasible   82      8.3077e+10 8.4205e+10  1.36%   158 2915s
 11790   365 infeasible   83      8.3077e+10 8.4205e+10  1.36%   158 2920s
 11805   361 8.4205e+10   76   62 8.3077e+10 8.4205e+10  1.36%   158 2934s
 11808   362 infeasible   78      8.3077e+10 8.4205e+10  1.36%   158 2935s
 11830   366 infeasible   80      8.3077e+10 8.4205e+10  1.36%   158 2940s
 11847   358 infeasible   74      8.3077e+10 8.4205e+10  1.36%   158 2945s
 11872   357 infeasible   77      8.3077e+10 8.4205e+10  1.36%   158 2950s
 11895   362 8.4205e+10   73   71 8.3077e+10 8.4205e+10  1.36%   158 2955s
 11919   367 8.4205e+10   64  121 8.3077e+10 8.4205e+10  1.36%   158 2960s
 11939   379 8.4205e+10   77   58 8.3077e+10 8.4205e+10  1.36%   158 2965s
 11956   374 infeasible   73      8.3077e+10 8.4205e+10  1.36%   158 2970s
 11982   378 8.4205e+10   78   56 8.3077e+10 8.4205e+10  1.36%   158 2975s
 12000   372 8.4205e+10   73   60 8.3077e+10 8.4205e+10  1.36%   158 2980s
 12030   373 infeasible   75      8.3077e+10 8.4205e+10  1.36%   157 2985s
 12061   372 8.4205e+10   75   77 8.3077e+10 8.4205e+10  1.36%   157 2990s
 12077   374 infeasible   74      8.3077e+10 8.4205e+10  1.36%   157 2995s
 12105   370 8.4205e+10   75   88 8.3077e+10 8.4205e+10  1.36%   157 3000s
 12128   371 8.4205e+10   74   53 8.3077e+10 8.4205e+10  1.36%   157 3005s
 12156   385 8.4205e+10   81   52 8.3077e+10 8.4205e+10  1.36%   157 3010s
 12176   389 infeasible   78      8.3077e+10 8.4205e+10  1.36%   156 3015s
 12206   389 infeasible   80      8.3077e+10 8.4205e+10  1.36%   156 3020s
 12239   380 infeasible   83      8.3077e+10 8.4205e+10  1.36%   156 3025s
 12258   379 8.4205e+10   74   90 8.3077e+10 8.4205e+10  1.36%   156 3031s
 12280   381 infeasible   84      8.3077e+10 8.4205e+10  1.36%   156 3035s
 12310   375 infeasible   78      8.3077e+10 8.4205e+10  1.36%   156 3040s
 12340   373 infeasible   75      8.3077e+10 8.4205e+10  1.36%   156 3045s
 12365   374 8.4205e+10   76   62 8.3077e+10 8.4205e+10  1.36%   156 3050s
 12386   374 8.4205e+10   73   76 8.3077e+10 8.4205e+10  1.36%   156 3055s
 12422   376 8.4205e+10   74   80 8.3077e+10 8.4205e+10  1.36%   155 3060s
 12444   372 infeasible   77      8.3077e+10 8.4205e+10  1.36%   155 3065s
 12470   372 8.4205e+10   74  121 8.3077e+10 8.4205e+10  1.36%   155 3070s
 12498   382 8.4205e+10   81   76 8.3077e+10 8.4205e+10  1.36%   155 3075s
 12518   380 8.4205e+10   82   49 8.3077e+10 8.4205e+10  1.36%   155 3080s
 12553   375 8.4205e+10   74  129 8.3077e+10 8.4205e+10  1.36%   155 3085s
 12577   373 8.4205e+10   75   95 8.3077e+10 8.4205e+10  1.36%   155 3090s
 12601   373 8.4205e+10   76   99 8.3077e+10 8.4205e+10  1.36%   155 3097s
 12616   374 infeasible   81      8.3077e+10 8.4205e+10  1.36%   155 3100s
 12649   376 8.4205e+10   82   70 8.3077e+10 8.4205e+10  1.36%   154 3105s
 12681   371 8.4205e+10   78   74 8.3077e+10 8.4205e+10  1.36%   154 3110s
 12711   378 8.4205e+10   74   56 8.3077e+10 8.4205e+10  1.36%   154 3115s
 12730   369 infeasible   76      8.3077e+10 8.4205e+10  1.36%   154 3120s
 12762   367 infeasible   76      8.3077e+10 8.4205e+10  1.36%   154 3125s
 12795   378 8.4205e+10   88   65 8.3077e+10 8.4205e+10  1.36%   153 3130s
 12829   377 infeasible   85      8.3077e+10 8.4205e+10  1.36%   153 3135s
 12851   375 8.4205e+10   77   79 8.3077e+10 8.4205e+10  1.36%   153 3140s
 12885   383 8.4205e+10   84   61 8.3077e+10 8.4205e+10  1.36%   153 3145s
 12919   378 infeasible   84      8.3077e+10 8.4205e+10  1.36%   153 3150s
 12943   376 8.4205e+10   82   59 8.3077e+10 8.4205e+10  1.36%   153 3155s
 12969   369 8.4205e+10   74   69 8.3077e+10 8.4205e+10  1.36%   153 3160s
 12985   371 8.4205e+10   73   67 8.3077e+10 8.4205e+10  1.36%   153 3165s
 13010   365 infeasible   73      8.3077e+10 8.4205e+10  1.36%   152 3170s
 13033   374 8.4205e+10   75   70 8.3077e+10 8.4205e+10  1.36%   153 3175s
 13057   379 infeasible   74      8.3077e+10 8.4205e+10  1.36%   153 3180s
 13077   375 8.4205e+10   72   71 8.3077e+10 8.4205e+10  1.36%   153 3186s
 13095   382 8.4205e+10   75   71 8.3077e+10 8.4205e+10  1.36%   153 3190s
 13125   378 infeasible   75      8.3077e+10 8.4205e+10  1.36%   153 3195s
 13154   374 8.4205e+10   71   66 8.3077e+10 8.4205e+10  1.36%   152 3200s
 13170   372 8.4205e+10   72  107 8.3077e+10 8.4205e+10  1.36%   153 3205s
 13200   372 8.4205e+10   71   51 8.3077e+10 8.4205e+10  1.36%   153 3210s
 13229   371 8.4205e+10   70   51 8.3077e+10 8.4205e+10  1.36%   153 3215s
 13251   375 8.4205e+10   78   45 8.3077e+10 8.4205e+10  1.36%   152 3220s
 13277   371 infeasible   79      8.3077e+10 8.4205e+10  1.36%   152 3225s
 13299   373 8.4205e+10   77   44 8.3077e+10 8.4205e+10  1.36%   152 3250s
 13328   369 8.4205e+10   74   53 8.3077e+10 8.4205e+10  1.36%   152 3256s
 13354   368 infeasible   74      8.3077e+10 8.4205e+10  1.36%   152 3260s
 13356   368 8.4205e+10   74   74 8.3077e+10 8.4205e+10  1.36%   152 3265s
 13385   364 infeasible   71      8.3077e+10 8.4205e+10  1.36%   152 3270s
 13402   367 8.4205e+10   68   63 8.3077e+10 8.4205e+10  1.36%   152 3275s
 13434   363 8.4205e+10   66  117 8.3077e+10 8.4205e+10  1.36%   152 3280s
 13456   370 8.4205e+10   70   70 8.3077e+10 8.4205e+10  1.36%   152 3285s
 13484   371 infeasible   76      8.3077e+10 8.4205e+10  1.36%   152 3290s
 13511   372 8.4205e+10   74   71 8.3077e+10 8.4205e+10  1.36%   152 3296s
 13539   364 infeasible   67      8.3077e+10 8.4205e+10  1.36%   152 3300s
 13563   370 8.4205e+10   70   38 8.3077e+10 8.4205e+10  1.36%   152 3305s
 13596   373 8.4205e+10   73   49 8.3077e+10 8.4205e+10  1.36%   152 3310s
 13613   366 8.4205e+10   68  136 8.3077e+10 8.4205e+10  1.36%   152 3315s
 13636   365 8.4205e+10   70   41 8.3077e+10 8.4205e+10  1.36%   152 3320s
 13660   373 8.4205e+10   74   51 8.3077e+10 8.4205e+10  1.36%   152 3325s
 13690   368 8.4205e+10   71  109 8.3077e+10 8.4205e+10  1.36%   152 3330s
 13709   369 infeasible   75      8.3077e+10 8.4205e+10  1.36%   152 3335s
 13723   367 infeasible   79      8.3077e+10 8.4205e+10  1.36%   152 3340s
 13749   368 infeasible   75      8.3077e+10 8.4205e+10  1.36%   152 3345s
 13779   370 8.4205e+10   80   87 8.3077e+10 8.4205e+10  1.36%   152 3350s
 13809   367 infeasible   71      8.3077e+10 8.4205e+10  1.36%   152 3355s
 13825   367 infeasible   81      8.3077e+10 8.4205e+10  1.36%   152 3360s
 13851   368 8.4205e+10   71   68 8.3077e+10 8.4205e+10  1.36%   152 3365s
 13876   379 8.4205e+10   70  110 8.3077e+10 8.4205e+10  1.36%   152 3370s
 13902   383 8.4205e+10   77  100 8.3077e+10 8.4205e+10  1.36%   152 3375s
 13938   377 infeasible   78      8.3077e+10 8.4205e+10  1.36%   152 3380s
 13956   377 8.4205e+10   76   86 8.3077e+10 8.4205e+10  1.36%   151 3385s
 13992   379 8.4205e+10   65   85 8.3077e+10 8.4205e+10  1.36%   151 3390s
 14026   393 8.4205e+10   81   61 8.3077e+10 8.4205e+10  1.36%   151 3395s
 14035   392 8.4205e+10   72   78 8.3077e+10 8.4205e+10  1.36%   151 3400s
 14070   393 8.4205e+10   74   69 8.3077e+10 8.4205e+10  1.36%   151 3405s
 14113   388 infeasible   73      8.3077e+10 8.4205e+10  1.36%   151 3410s
 14147   390 8.4205e+10   81   69 8.3077e+10 8.4205e+10  1.36%   151 3415s
 14178   388 8.4205e+10   89   68 8.3077e+10 8.4205e+10  1.36%   150 3420s
 14197   385 8.4205e+10   82   74 8.3077e+10 8.4205e+10  1.36%   150 3425s
 14230   386 infeasible   79      8.3077e+10 8.4205e+10  1.36%   150 3430s
 14260   397 8.4205e+10   73  103 8.3077e+10 8.4205e+10  1.36%   150 3435s
 14295   405 8.4205e+10   79   84 8.3077e+10 8.4205e+10  1.36%   150 3440s
 14320   401 8.4205e+10   82  125 8.3077e+10 8.4205e+10  1.36%   150 3448s
 14330   397 8.4205e+10   74  102 8.3077e+10 8.4205e+10  1.36%   150 3450s
 14369   402 8.4205e+10   81   79 8.3077e+10 8.4205e+10  1.36%   149 3455s
 14400   396 infeasible   79      8.3077e+10 8.4205e+10  1.36%   149 3460s
 14436   394 infeasible   82      8.3077e+10 8.4205e+10  1.36%   149 3465s
 14465   399 8.4205e+10   76   88 8.3077e+10 8.4205e+10  1.36%   149 3470s
 14495   398 8.4205e+10   77   96 8.3077e+10 8.4205e+10  1.36%   149 3475s
 14507   400 8.4205e+10   81   60 8.3077e+10 8.4205e+10  1.36%   149 3480s
 14545   398 infeasible   79      8.3077e+10 8.4205e+10  1.36%   149 3485s
 14578   396 8.4205e+10   80   65 8.3077e+10 8.4205e+10  1.36%   148 3490s
 14614   393 infeasible   73      8.3077e+10 8.4205e+10  1.36%   148 3495s
 14643   392 8.4205e+10   72   97 8.3077e+10 8.4205e+10  1.36%   148 3500s
 14661   392 8.4205e+10   77   76 8.3077e+10 8.4205e+10  1.36%   148 3505s
 14693   394 8.4205e+10   84   80 8.3077e+10 8.4205e+10  1.36%   148 3510s
 14724   391 infeasible   86      8.3077e+10 8.4205e+10  1.36%   148 3515s
 14744   387 8.4205e+10   80   70 8.3077e+10 8.4205e+10  1.36%   148 3520s
 14776   389 8.4205e+10   81   73 8.3077e+10 8.4205e+10  1.36%   148 3525s
 14805   386 8.4205e+10   81   73 8.3077e+10 8.4205e+10  1.36%   148 3530s
 14823   386 8.4205e+10   81   69 8.3077e+10 8.4205e+10  1.36%   148 3537s
 14825   388 8.4205e+10   83   62 8.3077e+10 8.4205e+10  1.36%   148 3541s
 14827   390 8.4205e+10   85   62 8.3077e+10 8.4205e+10  1.36%   148 3546s
 14836   383 8.4205e+10   76   79 8.3077e+10 8.4205e+10  1.36%   148 3550s
 14855   386 8.4205e+10   82   85 8.3077e+10 8.4205e+10  1.36%   148 3555s
 14891   387 infeasible   82      8.3077e+10 8.4205e+10  1.36%   148 3560s
 14906   380 8.4205e+10   68   95 8.3077e+10 8.4205e+10  1.36%   148 3565s
 14932   386 infeasible   76      8.3077e+10 8.4205e+10  1.36%   148 3570s
 14957   387 infeasible   81      8.3077e+10 8.4205e+10  1.36%   148 3575s
 14974   385 infeasible   82      8.3077e+10 8.4205e+10  1.36%   148 3580s
 15000   381 8.4205e+10   73  101 8.3077e+10 8.4205e+10  1.36%   148 3585s
 15030   386 8.4205e+10   73   98 8.3077e+10 8.4205e+10  1.36%   147 3590s
 15056   378 8.4205e+10   68   84 8.3077e+10 8.4205e+10  1.36%   147 3595s

Cutting planes:
  Learned: 91
  Gomory: 77
  Lift-and-project: 10
  Cover: 3531
  Implied bound: 657
  Projected implied bound: 41
  Clique: 167
  MIR: 202
  StrongCG: 3
  Flow cover: 643
  GUB cover: 1
  Inf proof: 448
  Zero half: 1474
  RLT: 710
  Relax-and-lift: 428
  BQP: 17
  PSD: 16

Explored 15067 nodes (2306016 simplex iterations) in 3597.25 seconds (1846.00 work units)
Thread count was 1 (of 28 available processors)

Solution count 10: 8.30768e+10 8.019e+10 7.88588e+10 ... -0

Time limit reached
Best objective 8.307680220000e+10, best bound 8.420480220000e+10, gap 1.3578%

User-callback calls 658926, time in user-callback 0.72 sec