Gurobi Optimizer version 12.0.3 build v12.0.3rc0 (linux64 - "Oracle Linux Server 9.4")

CPU model: Intel(R) Xeon(R) CPU E5-2660 v4 @ 2.00GHz, instruction set [SSE2|AVX|AVX2]
Thread count: 28 physical cores, 28 logical processors, using up to 1 threads

Non-default parameters:
TimeLimit  3599.289801641
SoftMemLimit  16
NumericFocus  1
Threads  1

Academic license 2690100 - for non-commercial use only - registered to ju___@uclm.es
Optimize a model with 2096 rows, 559 columns and 7124 nonzeros
Model fingerprint: 0xbe251c5f
Variable types: 26 continuous, 533 integer (533 binary)
Coefficient statistics:
  Matrix range     [1e+00, 2e+13]
  Objective range  [5e+09, 7e+09]
  Bounds range     [2e+03, 1e+04]
  RHS range        [1e+00, 2e+14]
Warning: Model contains large matrix coefficient range
Warning: Model contains large objective coefficients
Warning: Model contains large rhs
Found heuristic solution: objective -0.0000000
Presolve removed 379 rows and 13 columns
Presolve time: 0.02s
Presolved: 1717 rows, 546 columns, 6344 nonzeros
Variable types: 26 continuous, 520 integer (520 binary)

Root relaxation: objective 7.711200e+10, 180 iterations, 0.00 seconds (0.00 work units)

    Nodes    |    Current Node    |     Objective Bounds      |     Work
 Expl Unexpl |  Obj  Depth IntInf | Incumbent    BestBd   Gap | It/Node Time

     0     0 7.7112e+10    0    6   -0.00000 7.7112e+10      -     -    0s
H    0     0                    1.719360e+10 7.7112e+10   348%     -    0s
     0     0 7.7112e+10    0   24 1.7194e+10 7.7112e+10   348%     -    0s
H    0     0                    2.427840e+10 7.7112e+10   218%     -    0s
     0     0 7.7112e+10    0   22 2.4278e+10 7.7112e+10   218%     -    0s
     0     0 7.7112e+10    0    4 2.4278e+10 7.7112e+10   218%     -    0s
H    0     0                    3.136320e+10 7.7112e+10   146%     -    0s
H    0     0                    3.683520e+10 7.7112e+10   109%     -    0s
     0     0 7.7112e+10    0    4 3.6835e+10 7.7112e+10   109%     -    0s
     0     0 7.7112e+10    0    8 3.6835e+10 7.7112e+10   109%     -    0s
H    0     0                    6.658560e+10 7.7112e+10  15.8%     -    0s
     0     0 7.7112e+10    0    8 6.6586e+10 7.7112e+10  15.8%     -    0s
     0     0 7.7112e+10    0   12 6.6586e+10 7.7112e+10  15.8%     -    0s
     0     0 7.7112e+10    0   26 6.6586e+10 7.7112e+10  15.8%     -    0s
     0     0 7.7112e+10    0    4 6.6586e+10 7.7112e+10  15.8%     -    0s
     0     0 7.7112e+10    0    6 6.6586e+10 7.7112e+10  15.8%     -    0s
     0     0 7.7112e+10    0    6 6.6586e+10 7.7112e+10  15.8%     -    0s
     0     2 7.7112e+10    0    6 6.6586e+10 7.7112e+10  15.8%     -    0s
H  818   357                    7.164000e+10 7.7112e+10  7.64%   9.6    2s
  1105   446 7.7112e+10   44   52 7.1640e+10 7.7112e+10  7.64%  14.9    5s
* 1220   453              55    7.205760e+10 7.7112e+10  7.01%  15.5    5s
  2122   520 infeasible   59      7.2058e+10 7.7112e+10  7.01%  17.6   10s
  2936   534 infeasible   47      7.2058e+10 7.7112e+10  7.01%  21.5   15s
  3792   568 infeasible   59      7.2058e+10 7.7112e+10  7.01%  24.4   20s
  4318   560 infeasible   55      7.2058e+10 7.7112e+10  7.01%  27.5   25s
  5111   623 7.7112e+10   38    6 7.2058e+10 7.7112e+10  7.01%  28.2   30s
  5824   849 7.7112e+10   33   19 7.2058e+10 7.7112e+10  7.01%  27.4   35s
  6541   901 7.7112e+10   63   15 7.2058e+10 7.7112e+10  7.01%  27.7   40s
  7362   982 infeasible   74      7.2058e+10 7.7112e+10  7.01%  28.5   45s
  8124  1026 7.7112e+10   54   23 7.2058e+10 7.7112e+10  7.01%  29.2   50s
  8814  1154 infeasible   58      7.2058e+10 7.7112e+10  7.01%  30.0   55s
  9628  1346 7.7112e+10   41   11 7.2058e+10 7.7112e+10  7.01%  30.3   60s
 10372  1440 7.7112e+10   51   22 7.2058e+10 7.7112e+10  7.01%  30.5   65s
 11112  1590 7.7112e+10   49   17 7.2058e+10 7.7112e+10  7.01%  30.8   70s
 11783  1737 7.7112e+10   47   59 7.2058e+10 7.7112e+10  7.01%  31.1   75s
 12522  1840 7.7112e+10   65   16 7.2058e+10 7.7112e+10  7.01%  31.6   80s
 13140  1927 7.7112e+10   56   44 7.2058e+10 7.7112e+10  7.01%  31.7   85s
 13755  2024 infeasible   52      7.2058e+10 7.7112e+10  7.01%  32.0   90s
 14401  2140 7.7112e+10   48   37 7.2058e+10 7.7112e+10  7.01%  32.4   95s
 14980  2349 infeasible   62      7.2058e+10 7.7112e+10  7.01%  32.6  100s
 15303  2428 infeasible   49      7.2058e+10 7.7112e+10  7.01%  32.7  105s
 15903  2471 7.7112e+10   37   45 7.2058e+10 7.7112e+10  7.01%  33.0  110s
 16488  2535 7.7112e+10   38   24 7.2058e+10 7.7112e+10  7.01%  33.3  115s
 17016  2613 7.7112e+10   47   31 7.2058e+10 7.7112e+10  7.01%  33.6  120s
 17659  2664 7.7112e+10   59   18 7.2058e+10 7.7112e+10  7.01%  34.0  125s
 18241  2780 7.7112e+10   49   39 7.2058e+10 7.7112e+10  7.01%  34.1  130s
 18926  2835 7.7112e+10   47   16 7.2058e+10 7.7112e+10  7.01%  34.2  135s
 19554  2932 infeasible   62      7.2058e+10 7.7112e+10  7.01%  34.4  140s
 20066  3006 7.7112e+10   52   15 7.2058e+10 7.7112e+10  7.01%  34.6  145s
 20873  3158 7.7112e+10   58    7 7.2058e+10 7.7112e+10  7.01%  34.8  150s
 21405  3226 infeasible   62      7.2058e+10 7.7112e+10  7.01%  35.0  155s
 22017  3332 infeasible   61      7.2058e+10 7.7112e+10  7.01%  35.1  160s
 22718  3425 7.7112e+10   61   21 7.2058e+10 7.7112e+10  7.01%  35.2  165s
 23291  3506 7.7112e+10   60   31 7.2058e+10 7.7112e+10  7.01%  35.3  170s
 23850  3543 infeasible   71      7.2058e+10 7.7112e+10  7.01%  35.4  175s
 24563  3594 infeasible   74      7.2058e+10 7.7112e+10  7.01%  35.5  180s
 25076  3687 7.7112e+10   69   10 7.2058e+10 7.7112e+10  7.01%  35.6  185s
 25611  3756 infeasible   65      7.2058e+10 7.7112e+10  7.01%  35.7  190s
 26209  3830 7.7112e+10   64   19 7.2058e+10 7.7112e+10  7.01%  36.0  195s
 26802  3865 7.7112e+10   49   26 7.2058e+10 7.7112e+10  7.01%  36.1  200s
 27318  3905 infeasible   60      7.2058e+10 7.7112e+10  7.01%  36.3  205s
 27962  3999 7.7112e+10   52   29 7.2058e+10 7.7112e+10  7.01%  36.4  210s
 28543  4034 7.7112e+10   56   26 7.2058e+10 7.7112e+10  7.01%  36.6  215s
 29110  4061 7.7112e+10   44   36 7.2058e+10 7.7112e+10  7.01%  36.8  220s
 29664  4163 7.7112e+10   61   15 7.2058e+10 7.7112e+10  7.01%  36.9  225s
 30228  4333 7.7112e+10   46   22 7.2058e+10 7.7112e+10  7.01%  36.9  230s
 30904  4407 7.7112e+10   46   28 7.2058e+10 7.7112e+10  7.01%  37.0  235s
 31406  4493 7.7112e+10   59   28 7.2058e+10 7.7112e+10  7.01%  37.1  240s
 32048  4589 7.7112e+10   53   28 7.2058e+10 7.7112e+10  7.01%  37.1  245s
 32624  4639 7.7112e+10   56   15 7.2058e+10 7.7112e+10  7.01%  37.3  250s
 33193  4688 infeasible   69      7.2058e+10 7.7112e+10  7.01%  37.4  255s
 33691  4722 7.7112e+10   63   27 7.2058e+10 7.7112e+10  7.01%  37.5  260s
 34105  4730 7.7112e+10   64   43 7.2058e+10 7.7112e+10  7.01%  37.6  265s
 34691  4784 infeasible   61      7.2058e+10 7.7112e+10  7.01%  37.7  270s
 35259  4862 7.7112e+10   60   26 7.2058e+10 7.7112e+10  7.01%  37.8  275s
 35807  4894 infeasible   47      7.2058e+10 7.7112e+10  7.01%  37.9  280s
 36318  4991 infeasible   62      7.2058e+10 7.7112e+10  7.01%  37.9  285s
 36892  5047 7.7112e+10   49   34 7.2058e+10 7.7112e+10  7.01%  38.0  290s
 37419  5110 7.7112e+10   77   19 7.2058e+10 7.7112e+10  7.01%  38.1  295s
 38070  5209 infeasible   75      7.2058e+10 7.7112e+10  7.01%  38.3  300s
 38462  5286 7.7112e+10   71   15 7.2058e+10 7.7112e+10  7.01%  38.4  305s
 39169  5357 7.7112e+10   72   28 7.2058e+10 7.7112e+10  7.01%  38.5  310s
 39625  5377 7.7112e+10   74   27 7.2058e+10 7.7112e+10  7.01%  38.6  315s
 40250  5426 infeasible   68      7.2058e+10 7.7112e+10  7.01%  38.7  320s
 40678  5422 infeasible   71      7.2058e+10 7.7112e+10  7.01%  38.8  325s
 41281  5517 7.7112e+10   67   18 7.2058e+10 7.7112e+10  7.01%  38.9  330s
 41873  5614 7.7112e+10   75    9 7.2058e+10 7.7112e+10  7.01%  38.9  335s
 42411  5600 infeasible   74      7.2058e+10 7.7112e+10  7.01%  39.0  340s
 42990  5621 7.7112e+10   63   17 7.2058e+10 7.7112e+10  7.01%  39.1  345s
 43471  5704 7.7112e+10   55   16 7.2058e+10 7.7112e+10  7.01%  39.2  350s
 44046  5713 7.7112e+10   61   16 7.2058e+10 7.7112e+10  7.01%  39.2  355s
 44529  5760 infeasible   49      7.2058e+10 7.7112e+10  7.01%  39.3  360s
 45137  5792 7.7112e+10   58   13 7.2058e+10 7.7112e+10  7.01%  39.3  365s
 45620  5811 7.7112e+10   54   23 7.2058e+10 7.7112e+10  7.01%  39.4  370s
 46061  5958 7.7112e+10   64    7 7.2058e+10 7.7112e+10  7.01%  39.4  375s
 46796  6225 infeasible   59      7.2058e+10 7.7112e+10  7.01%  39.4  380s
 47299  6362 7.7112e+10   55   30 7.2058e+10 7.7112e+10  7.01%  39.4  385s
 47772  6547 infeasible   72      7.2058e+10 7.7112e+10  7.01%  39.4  390s
 48526  6791 7.7112e+10   50   17 7.2058e+10 7.7112e+10  7.01%  39.4  395s
 48967  6885 infeasible   66      7.2058e+10 7.7112e+10  7.01%  39.4  400s
 49598  7002 7.7112e+10   64   19 7.2058e+10 7.7112e+10  7.01%  39.4  405s
 50173  7121 7.7112e+10   58   11 7.2058e+10 7.7112e+10  7.01%  39.5  410s
 50594  7194 infeasible   65      7.2058e+10 7.7112e+10  7.01%  39.6  415s
 51102  7276 7.7112e+10   62   15 7.2058e+10 7.7112e+10  7.01%  39.6  420s
 51601  7337 infeasible   72      7.2058e+10 7.7112e+10  7.01%  39.7  425s
 52076  7402 7.7112e+10   64   31 7.2058e+10 7.7112e+10  7.01%  39.7  430s
 52710  7558 7.7112e+10   52   21 7.2058e+10 7.7112e+10  7.01%  39.7  435s
 53187  7687 7.7112e+10   54   16 7.2058e+10 7.7112e+10  7.01%  39.7  440s
 53883  7865 7.7112e+10   56   34 7.2058e+10 7.7112e+10  7.01%  39.7  445s
 54194  7946 7.7112e+10   56   16 7.2058e+10 7.7112e+10  7.01%  39.7  451s
 54675  7997 7.7112e+10   56   25 7.2058e+10 7.7112e+10  7.01%  39.8  455s
 55261  8215 7.7112e+10   61   21 7.2058e+10 7.7112e+10  7.01%  39.9  460s
 55707  8309 7.7112e+10   52   30 7.2058e+10 7.7112e+10  7.01%  39.9  465s
 56215  8435 7.7112e+10   51   35 7.2058e+10 7.7112e+10  7.01%  40.0  470s
 56744  8532 infeasible   56      7.2058e+10 7.7112e+10  7.01%  40.1  475s
 57305  8595 infeasible   62      7.2058e+10 7.7112e+10  7.01%  40.2  480s
 57786  8642 7.7112e+10   61   27 7.2058e+10 7.7112e+10  7.01%  40.3  485s
 58248  8692 7.7112e+10   65    4 7.2058e+10 7.7112e+10  7.01%  40.3  490s
 58779  8793 7.7112e+10   56   36 7.2058e+10 7.7112e+10  7.01%  40.3  495s
 59312  8928 7.7112e+10   68   18 7.2058e+10 7.7112e+10  7.01%  40.3  500s
 59794  9006 infeasible   54      7.2058e+10 7.7112e+10  7.01%  40.4  505s
 60359  9041 7.7112e+10   70   12 7.2058e+10 7.7112e+10  7.01%  40.4  510s
 60835  9067 7.7112e+10   65   31 7.2058e+10 7.7112e+10  7.01%  40.5  515s
 61333  9127 infeasible   56      7.2058e+10 7.7112e+10  7.01%  40.5  520s
 61877  9209 7.7112e+10   68   12 7.2058e+10 7.7112e+10  7.01%  40.5  525s
 62306  9264 7.7112e+10   54   24 7.2058e+10 7.7112e+10  7.01%  40.5  530s
 62863  9361 7.7112e+10   59   23 7.2058e+10 7.7112e+10  7.01%  40.6  535s
 63334  9434 7.7112e+10   62   26 7.2058e+10 7.7112e+10  7.01%  40.6  540s
 63931  9658 7.7112e+10   43   18 7.2058e+10 7.7112e+10  7.01%  40.6  545s
 64367  9758 infeasible   47      7.2058e+10 7.7112e+10  7.01%  40.7  550s
 64805  9858 7.7112e+10   49   24 7.2058e+10 7.7112e+10  7.01%  40.7  555s
 65284 10023 7.7112e+10   52   11 7.2058e+10 7.7112e+10  7.01%  40.7  560s
 65880 10155 7.7112e+10   54   18 7.2058e+10 7.7112e+10  7.01%  40.7  565s
 66298 10283 7.7112e+10   55   16 7.2058e+10 7.7112e+10  7.01%  40.7  570s
 66963 10406 7.7112e+10   51   29 7.2058e+10 7.7112e+10  7.01%  40.7  575s
 67355 10478 infeasible   70      7.2058e+10 7.7112e+10  7.01%  40.8  580s
 67904 10585 7.7112e+10   61   33 7.2058e+10 7.7112e+10  7.01%  40.8  585s
 68390 10661 7.7112e+10   51   15 7.2058e+10 7.7112e+10  7.01%  40.8  590s
 68921 10786 infeasible   67      7.2058e+10 7.7112e+10  7.01%  40.9  595s
 69311 10832 infeasible   64      7.2058e+10 7.7112e+10  7.01%  40.9  600s
 69698 10851 7.7112e+10   63   21 7.2058e+10 7.7112e+10  7.01%  41.0  605s
 70206 10923 7.7112e+10   69   28 7.2058e+10 7.7112e+10  7.01%  41.0  610s
 70689 11019 infeasible   52      7.2058e+10 7.7112e+10  7.01%  41.1  615s
 71269 11104 infeasible   60      7.2058e+10 7.7112e+10  7.01%  41.1  620s
 71686 11171 infeasible   69      7.2058e+10 7.7112e+10  7.01%  41.1  625s
 72145 11308 7.7112e+10   55   11 7.2058e+10 7.7112e+10  7.01%  41.1  630s
 72489 11312 infeasible   61      7.2058e+10 7.7112e+10  7.01%  41.1  635s
 73092 11317 infeasible   57      7.2058e+10 7.7112e+10  7.01%  41.1  640s
 73538 11357 7.7112e+10   63   25 7.2058e+10 7.7112e+10  7.01%  41.2  645s
 74070 11411 7.7112e+10   55   14 7.2058e+10 7.7112e+10  7.01%  41.2  650s
 74435 11466 7.7112e+10   56   39 7.2058e+10 7.7112e+10  7.01%  41.2  655s
 74911 11544 7.7112e+10   68    8 7.2058e+10 7.7112e+10  7.01%  41.3  660s
 75246 11537 infeasible   70      7.2058e+10 7.7112e+10  7.01%  41.3  665s
 75789 11626 7.7112e+10   45   28 7.2058e+10 7.7112e+10  7.01%  41.4  670s
 76320 11731 7.7112e+10   65   29 7.2058e+10 7.7112e+10  7.01%  41.4  675s
 76745 11798 infeasible   66      7.2058e+10 7.7112e+10  7.01%  41.4  680s
 77247 11812 7.7112e+10   66   27 7.2058e+10 7.7112e+10  7.01%  41.4  685s
 77695 11846 7.7112e+10   72   22 7.2058e+10 7.7112e+10  7.01%  41.5  690s
 78028 11871 7.7112e+10   65   18 7.2058e+10 7.7112e+10  7.01%  41.5  695s
 78608 11967 7.7112e+10   40   20 7.2058e+10 7.7112e+10  7.01%  41.5  700s
 79197 12090 7.7112e+10   42   22 7.2058e+10 7.7112e+10  7.01%  41.5  705s
 79575 12196 7.7112e+10   54   22 7.2058e+10 7.7112e+10  7.01%  41.6  711s
 79991 12250 infeasible   52      7.2058e+10 7.7112e+10  7.01%  41.7  715s
 80383 12316 7.7112e+10   48   13 7.2058e+10 7.7112e+10  7.01%  41.7  720s
 80937 12396 7.7112e+10   55   24 7.2058e+10 7.7112e+10  7.01%  41.7  725s
 81359 12524 infeasible   45      7.2058e+10 7.7112e+10  7.01%  41.8  730s
 81821 12618 infeasible   49      7.2058e+10 7.7112e+10  7.01%  41.8  735s
 82362 12757 infeasible   55      7.2058e+10 7.7112e+10  7.01%  41.8  740s
 82854 12845 7.7112e+10   47   35 7.2058e+10 7.7112e+10  7.01%  41.8  745s
 83275 12944 7.7112e+10   52   20 7.2058e+10 7.7112e+10  7.01%  41.8  750s
 83913 13032 7.7112e+10   49   16 7.2058e+10 7.7112e+10  7.01%  41.8  755s
 84351 13064 7.7112e+10   51    7 7.2058e+10 7.7112e+10  7.01%  41.7  760s
 84937 13102 7.7112e+10   59   19 7.2058e+10 7.7112e+10  7.01%  41.7  765s
 85393 13165 infeasible   54      7.2058e+10 7.7112e+10  7.01%  41.7  770s
 85811 13235 7.7112e+10   62   24 7.2058e+10 7.7112e+10  7.01%  41.8  775s
 86399 13399 infeasible   54      7.2058e+10 7.7112e+10  7.01%  41.8  780s
 86840 13532 7.7112e+10   53   20 7.2058e+10 7.7112e+10  7.01%  41.8  785s
 87310 13556 7.7112e+10   42   28 7.2058e+10 7.7112e+10  7.01%  41.8  790s
 87515 13599 infeasible   47      7.2058e+10 7.7112e+10  7.01%  41.8  795s
 88038 13734 7.7112e+10   54   16 7.2058e+10 7.7112e+10  7.01%  41.9  800s
 88434 13804 7.7112e+10   56   31 7.2058e+10 7.7112e+10  7.01%  41.9  805s
 88871 13827 infeasible   44      7.2058e+10 7.7112e+10  7.01%  41.9  810s
 89341 13925 7.7112e+10   55   14 7.2058e+10 7.7112e+10  7.01%  42.0  815s
 89834 13962 infeasible   60      7.2058e+10 7.7112e+10  7.01%  42.0  820s
 90122 13958 infeasible   61      7.2058e+10 7.7112e+10  7.01%  42.0  825s
 90699 13971 7.7112e+10   53   23 7.2058e+10 7.7112e+10  7.01%  42.0  830s
 91188 14054 7.7112e+10   53   13 7.2058e+10 7.7112e+10  7.01%  42.0  835s
 91737 14109 7.7112e+10   65   28 7.2058e+10 7.7112e+10  7.01%  42.0  840s
 92134 14206 7.7112e+10   55   16 7.2058e+10 7.7112e+10  7.01%  42.0  845s
 92642 14240 infeasible   67      7.2058e+10 7.7112e+10  7.01%  42.1  850s
 93108 14290 infeasible   59      7.2058e+10 7.7112e+10  7.01%  42.1  855s
 93562 14320 infeasible   64      7.2058e+10 7.7112e+10  7.01%  42.1  860s
 93929 14389 7.7112e+10   60   15 7.2058e+10 7.7112e+10  7.01%  42.1  865s
 94531 14505 7.7112e+10   55   17 7.2058e+10 7.7112e+10  7.01%  42.1  870s
 94944 14498 7.7112e+10   44   36 7.2058e+10 7.7112e+10  7.01%  42.1  875s
 95375 14513 7.7112e+10   53   19 7.2058e+10 7.7112e+10  7.01%  42.1  880s
 95797 14527 infeasible   57      7.2058e+10 7.7112e+10  7.01%  42.2  885s
 96309 14565 infeasible   54      7.2058e+10 7.7112e+10  7.01%  42.2  890s
 96716 14610 7.7112e+10   60    4 7.2058e+10 7.7112e+10  7.01%  42.2  895s
 97260 14674 infeasible   56      7.2058e+10 7.7112e+10  7.01%  42.2  900s
 97701 14719 7.7112e+10   66   36 7.2058e+10 7.7112e+10  7.01%  42.2  905s
 98166 14719 infeasible   63      7.2058e+10 7.7112e+10  7.01%  42.2  910s
 98568 14753 7.7112e+10   57   15 7.2058e+10 7.7112e+10  7.01%  42.2  915s
 99032 14825 7.7112e+10   55   18 7.2058e+10 7.7112e+10  7.01%  42.2  920s
 99634 15021 7.7112e+10   66   39 7.2058e+10 7.7112e+10  7.01%  42.2  925s
 100039 15115 7.7112e+10   59   12 7.2058e+10 7.7112e+10  7.01%  42.2  930s
 100494 15192 7.7112e+10   64    8 7.2058e+10 7.7112e+10  7.01%  42.2  935s
 101049 15241 7.7112e+10   63   19 7.2058e+10 7.7112e+10  7.01%  42.2  940s
 101443 15297 7.7112e+10   68   13 7.2058e+10 7.7112e+10  7.01%  42.2  945s
 101996 15414 7.7112e+10   51   18 7.2058e+10 7.7112e+10  7.01%  42.2  950s
 102446 15470 7.7112e+10   54   28 7.2058e+10 7.7112e+10  7.01%  42.2  955s
 102951 15517 7.7112e+10   51   20 7.2058e+10 7.7112e+10  7.01%  42.2  960s
 103436 15615 7.7112e+10   58   18 7.2058e+10 7.7112e+10  7.01%  42.2  965s
 103912 15725 7.7112e+10   59    8 7.2058e+10 7.7112e+10  7.01%  42.2  970s
 104406 15851 infeasible   69      7.2058e+10 7.7112e+10  7.01%  42.2  975s
 104932 15901 7.7112e+10   70   15 7.2058e+10 7.7112e+10  7.01%  42.2  980s
 105352 15933 7.7112e+10   53   34 7.2058e+10 7.7112e+10  7.01%  42.2  985s
 105892 16029 7.7112e+10   71   24 7.2058e+10 7.7112e+10  7.01%  42.2  990s
 106314 16141 infeasible   61      7.2058e+10 7.7112e+10  7.01%  42.1  995s
 106911 16218 7.7112e+10   64   12 7.2058e+10 7.7112e+10  7.01%  42.2 1000s
 107308 16269 7.7112e+10   61   12 7.2058e+10 7.7112e+10  7.01%  42.2 1005s
 107885 16324 7.7112e+10   62   18 7.2058e+10 7.7112e+10  7.01%  42.1 1010s
 108332 16355 7.7112e+10   67   22 7.2058e+10 7.7112e+10  7.01%  42.1 1015s
 108775 16400 infeasible   63      7.2058e+10 7.7112e+10  7.01%  42.1 1020s
 109297 16511 7.7112e+10   61   24 7.2058e+10 7.7112e+10  7.01%  42.1 1025s
 109813 16567 infeasible   68      7.2058e+10 7.7112e+10  7.01%  42.1 1030s
 110114 16658 7.7112e+10   70   27 7.2058e+10 7.7112e+10  7.01%  42.1 1035s
 110620 16696 7.7112e+10   53    7 7.2058e+10 7.7112e+10  7.01%  42.1 1040s
 111043 16711 7.7112e+10   55   25 7.2058e+10 7.7112e+10  7.01%  42.1 1045s
 111555 16751 infeasible   59      7.2058e+10 7.7112e+10  7.01%  42.1 1050s
 111992 16782 7.7112e+10   63   16 7.2058e+10 7.7112e+10  7.01%  42.1 1055s
 112457 16805 infeasible   67      7.2058e+10 7.7112e+10  7.01%  42.1 1060s
 112843 16829 7.7112e+10   56   29 7.2058e+10 7.7112e+10  7.01%  42.2 1065s
 113433 16891 infeasible   64      7.2058e+10 7.7112e+10  7.01%  42.1 1070s
 113876 16936 7.7112e+10   72   21 7.2058e+10 7.7112e+10  7.01%  42.1 1076s
 114222 16950 7.7112e+10   64   16 7.2058e+10 7.7112e+10  7.01%  42.2 1080s
 114706 16974 7.7112e+10   60   22 7.2058e+10 7.7112e+10  7.01%  42.2 1086s
 115061 17029 infeasible   86      7.2058e+10 7.7112e+10  7.01%  42.2 1090s
 115630 17080 7.7112e+10   72   15 7.2058e+10 7.7112e+10  7.01%  42.2 1096s
 115951 17107 infeasible   73      7.2058e+10 7.7112e+10  7.01%  42.3 1100s
 116432 17186 7.7112e+10   78   21 7.2058e+10 7.7112e+10  7.01%  42.3 1105s
 116816 17208 infeasible   66      7.2058e+10 7.7112e+10  7.01%  42.3 1110s
 117343 17231 7.7112e+10   54   16 7.2058e+10 7.7112e+10  7.01%  42.3 1115s
 117753 17269 7.7112e+10   49   46 7.2058e+10 7.7112e+10  7.01%  42.3 1120s
 118076 17298 7.7112e+10   47   17 7.2058e+10 7.7112e+10  7.01%  42.4 1125s
 118545 17359 infeasible   59      7.2058e+10 7.7112e+10  7.01%  42.4 1130s
 119106 17400 7.7112e+10   53   16 7.2058e+10 7.7112e+10  7.01%  42.4 1136s
 119447 17439 7.7112e+10   53   25 7.2058e+10 7.7112e+10  7.01%  42.4 1140s
 120007 17539 7.7112e+10   57   37 7.2058e+10 7.7112e+10  7.01%  42.4 1145s
 120368 17568 infeasible   71      7.2058e+10 7.7112e+10  7.01%  42.4 1150s
 120869 17725 7.7112e+10   60   16 7.2058e+10 7.7112e+10  7.01%  42.4 1155s
 121202 17752 infeasible   56      7.2058e+10 7.7112e+10  7.01%  42.4 1160s
 121768 17832 7.7112e+10   56   12 7.2058e+10 7.7112e+10  7.01%  42.4 1165s
 122109 17867 7.7112e+10   57   41 7.2058e+10 7.7112e+10  7.01%  42.5 1171s
 122365 17945 7.7112e+10   54    5 7.2058e+10 7.7112e+10  7.01%  42.5 1175s
 122909 17985 infeasible   56      7.2058e+10 7.7112e+10  7.01%  42.5 1180s
 123291 18013 infeasible   58      7.2058e+10 7.7112e+10  7.01%  42.5 1185s
 123644 18022 infeasible   59      7.2058e+10 7.7112e+10  7.01%  42.5 1190s
 124123 18043 infeasible   61      7.2058e+10 7.7112e+10  7.01%  42.5 1195s
 124516 18046 7.7112e+10   54   23 7.2058e+10 7.7112e+10  7.01%  42.6 1200s
 124985 18121 7.7112e+10   51   29 7.2058e+10 7.7112e+10  7.01%  42.6 1206s
 125432 18158 7.7112e+10   55   39 7.2058e+10 7.7112e+10  7.01%  42.6 1210s
 125949 18187 infeasible   69      7.2058e+10 7.7112e+10  7.01%  42.5 1215s
 126377 18222 7.7112e+10   60   30 7.2058e+10 7.7112e+10  7.01%  42.6 1220s
 126684 18281 infeasible   75      7.2058e+10 7.7112e+10  7.01%  42.6 1225s
 127178 18301 7.7112e+10   69   15 7.2058e+10 7.7112e+10  7.01%  42.6 1230s
 127578 18329 infeasible   58      7.2058e+10 7.7112e+10  7.01%  42.6 1235s
 127985 18370 infeasible   52      7.2058e+10 7.7112e+10  7.01%  42.6 1240s
 128462 18389 7.7112e+10   47   18 7.2058e+10 7.7112e+10  7.01%  42.7 1245s
 128797 18457 7.7112e+10   46   26 7.2058e+10 7.7112e+10  7.01%  42.7 1250s
 129285 18520 infeasible   57      7.2058e+10 7.7112e+10  7.01%  42.7 1255s
 129644 18581 7.7112e+10   58   27 7.2058e+10 7.7112e+10  7.01%  42.7 1260s
 130053 18622 7.7112e+10   47   21 7.2058e+10 7.7112e+10  7.01%  42.8 1265s
 130408 18671 7.7112e+10   46   36 7.2058e+10 7.7112e+10  7.01%  42.8 1270s
 130818 18697 7.7112e+10   51   11 7.2058e+10 7.7112e+10  7.01%  42.8 1275s
 131323 18800 7.7112e+10   52   24 7.2058e+10 7.7112e+10  7.01%  42.8 1280s
 131745 18818 7.7112e+10   63   18 7.2058e+10 7.7112e+10  7.01%  42.8 1285s
 132200 18885 7.7112e+10   67   17 7.2058e+10 7.7112e+10  7.01%  42.8 1290s
 132557 18948 infeasible   67      7.2058e+10 7.7112e+10  7.01%  42.8 1295s
 133073 19004 7.7112e+10   52   21 7.2058e+10 7.7112e+10  7.01%  42.8 1300s
 133583 19050 7.7112e+10   55   16 7.2058e+10 7.7112e+10  7.01%  42.8 1305s
 133936 19087 7.7112e+10   70   19 7.2058e+10 7.7112e+10  7.01%  42.8 1310s
 134451 19190 infeasible   59      7.2058e+10 7.7112e+10  7.01%  42.8 1315s
 134792 19211 infeasible   60      7.2058e+10 7.7112e+10  7.01%  42.9 1320s
 135270 19237 infeasible   63      7.2058e+10 7.7112e+10  7.01%  42.9 1325s
 135636 19277 infeasible   52      7.2058e+10 7.7112e+10  7.01%  42.9 1330s
 136048 19303 7.7112e+10   54   38 7.2058e+10 7.7112e+10  7.01%  42.9 1335s
 136532 19343 infeasible   61      7.2058e+10 7.7112e+10  7.01%  42.9 1340s
 136971 19358 7.7112e+10   54   22 7.2058e+10 7.7112e+10  7.01%  42.9 1345s
 137374 19401 7.7112e+10   48   14 7.2058e+10 7.7112e+10  7.01%  42.9 1350s
 137868 19443 infeasible   70      7.2058e+10 7.7112e+10  7.01%  42.9 1355s
 138172 19471 7.7112e+10   65   17 7.2058e+10 7.7112e+10  7.01%  42.9 1360s
 138684 19519 7.7112e+10   65   21 7.2058e+10 7.7112e+10  7.01%  42.9 1365s
 139151 19562 infeasible   54      7.2058e+10 7.7112e+10  7.01%  42.9 1370s
 139600 19551 infeasible   72      7.2058e+10 7.7112e+10  7.01%  42.9 1375s
 139937 19590 7.7112e+10   77   10 7.2058e+10 7.7112e+10  7.01%  42.9 1380s
 140484 19603 infeasible   75      7.2058e+10 7.7112e+10  7.01%  42.9 1385s
 140990 19631 7.7112e+10   57   25 7.2058e+10 7.7112e+10  7.01%  42.9 1391s
 141445 19690 infeasible   60      7.2058e+10 7.7112e+10  7.01%  42.9 1395s
 142006 19735 7.7112e+10   52   29 7.2058e+10 7.7112e+10  7.01%  42.9 1400s
 142397 19760 infeasible   51      7.2058e+10 7.7112e+10  7.01%  42.9 1405s
 142852 19821 7.7112e+10   56   33 7.2058e+10 7.7112e+10  7.01%  42.9 1411s
 143297 19922 infeasible   56      7.2058e+10 7.7112e+10  7.01%  42.9 1415s
 143768 19965 7.7112e+10   71   20 7.2058e+10 7.7112e+10  7.01%  42.9 1420s
 144145 19964 7.7112e+10   64   30 7.2058e+10 7.7112e+10  7.01%  42.9 1425s
 144664 20027 infeasible   52      7.2058e+10 7.7112e+10  7.01%  42.9 1430s
 145056 20057 infeasible   57      7.2058e+10 7.7112e+10  7.01%  42.9 1435s
 145458 20079 7.7112e+10   54   30 7.2058e+10 7.7112e+10  7.01%  42.9 1440s
 145952 20143 infeasible   59      7.2058e+10 7.7112e+10  7.01%  42.9 1445s
 146348 20175 infeasible   64      7.2058e+10 7.7112e+10  7.01%  43.0 1450s
 146795 20234 7.7112e+10   42   20 7.2058e+10 7.7112e+10  7.01%  43.0 1455s
 146958 20275 7.7112e+10   53   12 7.2058e+10 7.7112e+10  7.01%  43.0 1460s
 147395 20332 7.7112e+10   49   10 7.2058e+10 7.7112e+10  7.01%  43.0 1465s
 147814 20451 7.7112e+10   46   31 7.2058e+10 7.7112e+10  7.01%  43.0 1470s
 148291 20532 infeasible   61      7.2058e+10 7.7112e+10  7.01%  43.0 1475s
 148572 20553 infeasible   63      7.2058e+10 7.7112e+10  7.01%  43.0 1480s
 149007 20648 infeasible   50      7.2058e+10 7.7112e+10  7.01%  43.0 1485s
 149420 20703 7.7112e+10   57   23 7.2058e+10 7.7112e+10  7.01%  43.1 1490s
 149766 20748 infeasible   61      7.2058e+10 7.7112e+10  7.01%  43.1 1495s
 150188 20850 infeasible   57      7.2058e+10 7.7112e+10  7.01%  43.1 1500s
 150774 20976 7.7112e+10   57   19 7.2058e+10 7.7112e+10  7.01%  43.1 1505s
 151109 21001 infeasible   56      7.2058e+10 7.7112e+10  7.01%  43.1 1510s
 151544 21041 7.7112e+10   40   30 7.2058e+10 7.7112e+10  7.01%  43.1 1515s
 151991 21120 7.7112e+10   51   26 7.2058e+10 7.7112e+10  7.01%  43.1 1520s
 152451 21222 7.7112e+10   58   22 7.2058e+10 7.7112e+10  7.01%  43.1 1525s
 152779 21264 infeasible   57      7.2058e+10 7.7112e+10  7.01%  43.1 1557s
 153014 21293 7.7112e+10   67   18 7.2058e+10 7.7112e+10  7.01%  43.1 1560s
 153372 21305 7.7112e+10   53   39 7.2058e+10 7.7112e+10  7.01%  43.1 1565s
 153857 21338 7.7112e+10   49   45 7.2058e+10 7.7112e+10  7.01%  43.1 1570s
 154279 21416 infeasible   62      7.2058e+10 7.7112e+10  7.01%  43.1 1575s
 154706 21489 infeasible   59      7.2058e+10 7.7112e+10  7.01%  43.2 1580s
 155167 21548 infeasible   64      7.2058e+10 7.7112e+10  7.01%  43.1 1585s
 155563 21574 7.7112e+10   52   19 7.2058e+10 7.7112e+10  7.01%  43.2 1590s
 155984 21623 7.7112e+10   64   25 7.2058e+10 7.7112e+10  7.01%  43.2 1595s
 156397 21658 7.7112e+10   56   22 7.2058e+10 7.7112e+10  7.01%  43.2 1600s
 156873 21704 infeasible   61      7.2058e+10 7.7112e+10  7.01%  43.2 1605s
 157292 21721 infeasible   63      7.2058e+10 7.7112e+10  7.01%  43.2 1610s
 157735 21724 7.7112e+10   41   32 7.2058e+10 7.7112e+10  7.01%  43.2 1615s
 158119 21810 7.7112e+10   46   14 7.2058e+10 7.7112e+10  7.01%  43.2 1620s
 158589 21864 7.7112e+10   49   15 7.2058e+10 7.7112e+10  7.01%  43.2 1625s
 159002 21975 7.7112e+10   48   31 7.2058e+10 7.7112e+10  7.01%  43.2 1630s
 159449 22058 7.7112e+10   58   36 7.2058e+10 7.7112e+10  7.01%  43.2 1635s
 159710 22085 infeasible   63      7.2058e+10 7.7112e+10  7.01%  43.2 1640s
 160125 22132 7.7112e+10   45   16 7.2058e+10 7.7112e+10  7.01%  43.3 1645s
 160547 22208 infeasible   50      7.2058e+10 7.7112e+10  7.01%  43.3 1650s
 161011 22254 infeasible   47      7.2058e+10 7.7112e+10  7.01%  43.3 1655s
 161375 22275 7.7112e+10   44   36 7.2058e+10 7.7112e+10  7.01%  43.3 1660s
 161757 22355 7.7112e+10   53   32 7.2058e+10 7.7112e+10  7.01%  43.3 1665s
 162222 22454 7.7112e+10   48   27 7.2058e+10 7.7112e+10  7.01%  43.3 1670s
 162599 22512 7.7112e+10   53   12 7.2058e+10 7.7112e+10  7.01%  43.3 1675s
 162973 22556 7.7112e+10   42   24 7.2058e+10 7.7112e+10  7.01%  43.3 1680s
 163373 22620 7.7112e+10   50   20 7.2058e+10 7.7112e+10  7.01%  43.4 1685s
 163734 22663 7.7112e+10   46   20 7.2058e+10 7.7112e+10  7.01%  43.4 1690s
 164102 22669 infeasible   58      7.2058e+10 7.7112e+10  7.01%  43.4 1695s
 164468 22739 7.7112e+10   56   24 7.2058e+10 7.7112e+10  7.01%  43.4 1700s
 164889 22796 infeasible   50      7.2058e+10 7.7112e+10  7.01%  43.4 1705s
 165231 22796 7.7112e+10   58   18 7.2058e+10 7.7112e+10  7.01%  43.5 1710s
 165620 22789 infeasible   58      7.2058e+10 7.7112e+10  7.01%  43.5 1715s
 166061 22828 infeasible   60      7.2058e+10 7.7112e+10  7.01%  43.5 1720s
 166472 22842 7.7112e+10   50   14 7.2058e+10 7.7112e+10  7.01%  43.5 1726s
 166807 22863 infeasible   54      7.2058e+10 7.7112e+10  7.01%  43.5 1730s
 167242 22914 infeasible   59      7.2058e+10 7.7112e+10  7.01%  43.5 1735s
 167695 22981 7.7112e+10   60   31 7.2058e+10 7.7112e+10  7.01%  43.5 1740s
 168006 23028 infeasible   54      7.2058e+10 7.7112e+10  7.01%  43.5 1745s
 168479 23059 7.7112e+10   58   14 7.2058e+10 7.7112e+10  7.01%  43.5 1750s
 168767 23139 7.7112e+10   53   30 7.2058e+10 7.7112e+10  7.01%  43.5 1755s
 169223 23227 7.7112e+10   48   19 7.2058e+10 7.7112e+10  7.01%  43.5 1760s
 169549 23229 7.7112e+10   55   16 7.2058e+10 7.7112e+10  7.01%  43.6 1765s
 169898 23222 7.7112e+10   58   15 7.2058e+10 7.7112e+10  7.01%  43.6 1770s
 170134 23224 7.7112e+10   56   12 7.2058e+10 7.7112e+10  7.01%  43.6 1775s
 170462 23258 7.7112e+10   50   14 7.2058e+10 7.7112e+10  7.01%  43.6 1780s
 170889 23331 7.7112e+10   39   14 7.2058e+10 7.7112e+10  7.01%  43.6 1785s
 171372 23460 7.7112e+10   50   10 7.2058e+10 7.7112e+10  7.01%  43.6 1790s
 171691 23529 infeasible   53      7.2058e+10 7.7112e+10  7.01%  43.6 1795s
 172161 23632 7.7112e+10   45   15 7.2058e+10 7.7112e+10  7.01%  43.6 1800s
 172634 23759 infeasible   51      7.2058e+10 7.7112e+10  7.01%  43.6 1805s
 173008 23845 infeasible   58      7.2058e+10 7.7112e+10  7.01%  43.6 1810s
 173538 23955 7.7112e+10   59    8 7.2058e+10 7.7112e+10  7.01%  43.6 1815s
 173933 23984 infeasible   56      7.2058e+10 7.7112e+10  7.01%  43.6 1820s
 174391 24018 7.7112e+10   43   15 7.2058e+10 7.7112e+10  7.01%  43.6 1825s
 174658 24051 7.7112e+10   53   10 7.2058e+10 7.7112e+10  7.01%  43.6 1830s
 175146 24087 7.7112e+10   52   15 7.2058e+10 7.7112e+10  7.01%  43.6 1835s
 175628 24117 infeasible   55      7.2058e+10 7.7112e+10  7.01%  43.6 1840s
 176022 24191 7.7112e+10   48   16 7.2058e+10 7.7112e+10  7.01%  43.6 1845s
 176520 24343 7.7112e+10   63   23 7.2058e+10 7.7112e+10  7.01%  43.6 1850s
 176842 24379 7.7112e+10   55   10 7.2058e+10 7.7112e+10  7.01%  43.6 1855s
 177290 24442 7.7112e+10   53   15 7.2058e+10 7.7112e+10  7.01%  43.6 1860s
 177720 24456 7.7112e+10   55   15 7.2058e+10 7.7112e+10  7.01%  43.6 1865s
 177994 24556 7.7112e+10   52   13 7.2058e+10 7.7112e+10  7.01%  43.6 1870s
 178484 24614 infeasible   63      7.2058e+10 7.7112e+10  7.01%  43.6 1875s
 179059 24763 7.7112e+10   61   24 7.2058e+10 7.7112e+10  7.01%  43.6 1880s
 179438 24832 7.7112e+10   54   23 7.2058e+10 7.7112e+10  7.01%  43.6 1886s
 179764 24838 infeasible   46      7.2058e+10 7.7112e+10  7.01%  43.6 1890s
 180126 24961 7.7112e+10   52   10 7.2058e+10 7.7112e+10  7.01%  43.6 1895s
 180591 25012 7.7112e+10   47   20 7.2058e+10 7.7112e+10  7.01%  43.6 1900s
 181108 25105 7.7112e+10   57   24 7.2058e+10 7.7112e+10  7.01%  43.6 1905s
 181475 25120 infeasible   51      7.2058e+10 7.7112e+10  7.01%  43.6 1910s
 181803 25134 7.7112e+10   51   17 7.2058e+10 7.7112e+10  7.01%  43.6 1915s
 182244 25169 infeasible   59      7.2058e+10 7.7112e+10  7.01%  43.6 1920s
 182576 25181 infeasible   61      7.2058e+10 7.7112e+10  7.01%  43.6 1925s
 183063 25193 infeasible   49      7.2058e+10 7.7112e+10  7.01%  43.6 1930s
 183354 25217 infeasible   53      7.2058e+10 7.7112e+10  7.01%  43.6 1935s
 183851 25242 infeasible   59      7.2058e+10 7.7112e+10  7.01%  43.6 1940s
 184331 25286 7.7112e+10   57   17 7.2058e+10 7.7112e+10  7.01%  43.6 1945s
 184668 25295 7.7112e+10   57   19 7.2058e+10 7.7112e+10  7.01%  43.6 1950s
 185146 25357 infeasible   54      7.2058e+10 7.7112e+10  7.01%  43.6 1955s
 185499 25378 7.7112e+10   55   17 7.2058e+10 7.7112e+10  7.01%  43.6 1960s
 185997 25414 7.7112e+10   56   20 7.2058e+10 7.7112e+10  7.01%  43.6 1966s
 186282 25455 infeasible   60      7.2058e+10 7.7112e+10  7.01%  43.6 1970s
 186763 25474 7.7112e+10   51   30 7.2058e+10 7.7112e+10  7.01%  43.6 1975s
 187170 25481 infeasible   56      7.2058e+10 7.7112e+10  7.01%  43.6 1980s
 187632 25555 infeasible   54      7.2058e+10 7.7112e+10  7.01%  43.6 1985s
 188054 25589 7.7112e+10   59   16 7.2058e+10 7.7112e+10  7.01%  43.6 1990s
 188436 25577 7.7112e+10   47   26 7.2058e+10 7.7112e+10  7.01%  43.6 1995s
 188817 25588 7.7112e+10   56   19 7.2058e+10 7.7112e+10  7.01%  43.6 2000s
 189237 25590 7.7112e+10   52   25 7.2058e+10 7.7112e+10  7.01%  43.6 2005s
 189547 25570 7.7112e+10   59   46 7.2058e+10 7.7112e+10  7.01%  43.6 2010s
 190035 25586 infeasible   51      7.2058e+10 7.7112e+10  7.01%  43.6 2015s
 190247 25582 infeasible   52      7.2058e+10 7.7112e+10  7.01%  43.6 2020s
 190687 25649 7.7112e+10   54   25 7.2058e+10 7.7112e+10  7.01%  43.6 2025s
 191110 25702 infeasible   68      7.2058e+10 7.7112e+10  7.01%  43.6 2030s
 191522 25770 7.7112e+10   47   45 7.2058e+10 7.7112e+10  7.01%  43.7 2035s
 191887 25831 infeasible   57      7.2058e+10 7.7112e+10  7.01%  43.7 2040s
 192339 25831 7.7112e+10   55   13 7.2058e+10 7.7112e+10  7.01%  43.7 2045s
 192682 25832 7.7112e+10   53   11 7.2058e+10 7.7112e+10  7.01%  43.7 2050s
 193154 25922 7.7112e+10   56   34 7.2058e+10 7.7112e+10  7.01%  43.7 2055s
 193447 25991 7.7112e+10   62   16 7.2058e+10 7.7112e+10  7.01%  43.7 2060s
 193930 26084 7.7112e+10   60   25 7.2058e+10 7.7112e+10  7.01%  43.7 2065s
 194185 26087 7.7112e+10   45   29 7.2058e+10 7.7112e+10  7.01%  43.7 2070s
 194598 26118 7.7112e+10   52   28 7.2058e+10 7.7112e+10  7.01%  43.7 2075s
 195025 26091 7.7112e+10   53   24 7.2058e+10 7.7112e+10  7.01%  43.7 2080s
 195375 26085 7.7112e+10   55   24 7.2058e+10 7.7112e+10  7.01%  43.7 2085s
 195691 26121 7.7112e+10   68   15 7.2058e+10 7.7112e+10  7.01%  43.7 2090s
 196119 26143 7.7112e+10   60   25 7.2058e+10 7.7112e+10  7.01%  43.7 2095s
 196563 26173 7.7112e+10   58   15 7.2058e+10 7.7112e+10  7.01%  43.7 2100s
 196770 26154 infeasible   62      7.2058e+10 7.7112e+10  7.01%  43.7 2105s
 197288 26212 7.7112e+10   55   19 7.2058e+10 7.7112e+10  7.01%  43.7 2110s
 197693 26355 7.7112e+10   51   33 7.2058e+10 7.7112e+10  7.01%  43.7 2115s
 198069 26398 7.7112e+10   52    8 7.2058e+10 7.7112e+10  7.01%  43.8 2120s
 198404 26481 infeasible   57      7.2058e+10 7.7112e+10  7.01%  43.8 2125s
 198889 26530 infeasible   52      7.2058e+10 7.7112e+10  7.01%  43.8 2130s
 199205 26603 7.7112e+10   54   13 7.2058e+10 7.7112e+10  7.01%  43.8 2135s
 199658 26638 infeasible   63      7.2058e+10 7.7112e+10  7.01%  43.8 2140s
 200000 26658 7.7112e+10   54   16 7.2058e+10 7.7112e+10  7.01%  43.8 2145s
 200413 26723 7.7112e+10   60   12 7.2058e+10 7.7112e+10  7.01%  43.8 2150s
 200839 26746 7.7112e+10   65   21 7.2058e+10 7.7112e+10  7.01%  43.8 2155s
 201200 26775 7.7112e+10   60   39 7.2058e+10 7.7112e+10  7.01%  43.8 2160s
 201575 26776 infeasible   47      7.2058e+10 7.7112e+10  7.01%  43.8 2165s
 202037 26797 infeasible   61      7.2058e+10 7.7112e+10  7.01%  43.8 2170s
 202419 26811 7.7112e+10   63    4 7.2058e+10 7.7112e+10  7.01%  43.8 2175s
 202756 26862 7.7112e+10   47   32 7.2058e+10 7.7112e+10  7.01%  43.8 2180s
 203100 26942 7.7112e+10   57   16 7.2058e+10 7.7112e+10  7.01%  43.9 2185s
 203415 26979 infeasible   59      7.2058e+10 7.7112e+10  7.01%  43.9 2190s
 203922 27054 infeasible   55      7.2058e+10 7.7112e+10  7.01%  43.9 2195s
 204189 27057 infeasible   51      7.2058e+10 7.7112e+10  7.01%  43.9 2200s
 204675 27088 7.7112e+10   52   21 7.2058e+10 7.7112e+10  7.01%  43.9 2205s
 204965 27136 7.7112e+10   54   24 7.2058e+10 7.7112e+10  7.01%  43.9 2211s
 205314 27155 7.7112e+10   59   29 7.2058e+10 7.7112e+10  7.01%  43.9 2215s
 205737 27206 7.7112e+10   59   20 7.2058e+10 7.7112e+10  7.01%  43.9 2221s
 206108 27259 7.7112e+10   57   10 7.2058e+10 7.7112e+10  7.01%  43.9 2225s
 206459 27278 infeasible   54      7.2058e+10 7.7112e+10  7.01%  43.9 2230s
 206944 27321 7.7112e+10   64   16 7.2058e+10 7.7112e+10  7.01%  43.9 2235s
 207282 27331 7.7112e+10   54   18 7.2058e+10 7.7112e+10  7.01%  43.9 2240s
 207661 27326 infeasible   47      7.2058e+10 7.7112e+10  7.01%  43.9 2245s
 208164 27355 infeasible   57      7.2058e+10 7.7112e+10  7.01%  44.0 2250s
 208313 27352 7.7112e+10   60   29 7.2058e+10 7.7112e+10  7.01%  44.0 2256s
 208678 27443 7.7112e+10   40   26 7.2058e+10 7.7112e+10  7.01%  44.0 2260s
 209128 27559 7.7112e+10   57   32 7.2058e+10 7.7112e+10  7.01%  44.0 2265s
 209419 27594 infeasible   54      7.2058e+10 7.7112e+10  7.01%  44.0 2270s
 209876 27681 infeasible   65      7.2058e+10 7.7112e+10  7.01%  44.0 2275s
 210145 27718 7.7112e+10   48   15 7.2058e+10 7.7112e+10  7.01%  44.0 2280s
 210515 27770 infeasible   50      7.2058e+10 7.7112e+10  7.01%  44.0 2285s
 210942 27938 7.7112e+10   54   19 7.2058e+10 7.7112e+10  7.01%  44.1 2290s
 211333 27971 7.7112e+10   63   16 7.2058e+10 7.7112e+10  7.01%  44.1 2295s
 211735 28043 7.7112e+10   50   18 7.2058e+10 7.7112e+10  7.01%  44.1 2300s
 212087 28107 infeasible   56      7.2058e+10 7.7112e+10  7.01%  44.1 2305s
 212582 28218 infeasible   53      7.2058e+10 7.7112e+10  7.01%  44.1 2310s
 212852 28240 7.7112e+10   56   23 7.2058e+10 7.7112e+10  7.01%  44.1 2315s
 213268 28298 7.7112e+10   55   34 7.2058e+10 7.7112e+10  7.01%  44.1 2320s
 213649 28355 7.7112e+10   57   30 7.2058e+10 7.7112e+10  7.01%  44.1 2325s
 213986 28440 7.7112e+10   54   10 7.2058e+10 7.7112e+10  7.01%  44.1 2330s
 214367 28454 7.7112e+10   56   25 7.2058e+10 7.7112e+10  7.01%  44.1 2335s
 214670 28477 infeasible   57      7.2058e+10 7.7112e+10  7.01%  44.2 2340s
 215127 28510 infeasible   56      7.2058e+10 7.7112e+10  7.01%  44.2 2345s
 215505 28554 7.7112e+10   69   28 7.2058e+10 7.7112e+10  7.01%  44.2 2350s
 215888 28595 infeasible   57      7.2058e+10 7.7112e+10  7.01%  44.2 2355s
 216186 28660 7.7112e+10   43   15 7.2058e+10 7.7112e+10  7.01%  44.2 2360s
 216579 28709 7.7112e+10   54   23 7.2058e+10 7.7112e+10  7.01%  44.2 2365s
 216919 28785 7.7112e+10   60   14 7.2058e+10 7.7112e+10  7.01%  44.2 2370s
 217340 28848 7.7112e+10   47   30 7.2058e+10 7.7112e+10  7.01%  44.2 2375s
 217623 28869 7.7112e+10   60    7 7.2058e+10 7.7112e+10  7.01%  44.2 2380s
 218069 28925 infeasible   64      7.2058e+10 7.7112e+10  7.01%  44.2 2385s
 218442 28922 7.7112e+10   63   19 7.2058e+10 7.7112e+10  7.01%  44.2 2390s
 218859 28957 7.7112e+10   51   17 7.2058e+10 7.7112e+10  7.01%  44.2 2395s
 219194 29014 infeasible   58      7.2058e+10 7.7112e+10  7.01%  44.2 2400s
 219544 29048 7.7112e+10   62   13 7.2058e+10 7.7112e+10  7.01%  44.3 2405s
 219831 29057 7.7112e+10   64   10 7.2058e+10 7.7112e+10  7.01%  44.3 2410s
 220304 29076 7.7112e+10   51   11 7.2058e+10 7.7112e+10  7.01%  44.3 2415s
 220556 29062 7.7112e+10   56   14 7.2058e+10 7.7112e+10  7.01%  44.3 2420s
 221053 29077 infeasible   56      7.2058e+10 7.7112e+10  7.01%  44.3 2425s
 221329 29091 7.7112e+10   54   18 7.2058e+10 7.7112e+10  7.01%  44.3 2430s
 221829 29111 infeasible   66      7.2058e+10 7.7112e+10  7.01%  44.3 2435s
 222084 29110 7.7112e+10   55   23 7.2058e+10 7.7112e+10  7.01%  44.3 2440s
 222501 29078 7.7112e+10   63   16 7.2058e+10 7.7112e+10  7.01%  44.3 2445s
 223021 29120 infeasible   61      7.2058e+10 7.7112e+10  7.01%  44.3 2450s
 223302 29133 7.7112e+10   48    8 7.2058e+10 7.7112e+10  7.01%  44.3 2455s
 223882 29147 infeasible   57      7.2058e+10 7.7112e+10  7.01%  44.3 2460s
 224111 29154 7.7112e+10   64   32 7.2058e+10 7.7112e+10  7.01%  44.3 2465s
 224557 29176 7.7112e+10   55    4 7.2058e+10 7.7112e+10  7.01%  44.3 2470s
 224974 29163 7.7112e+10   51   22 7.2058e+10 7.7112e+10  7.01%  44.3 2475s
 225322 29181 7.7112e+10   60   16 7.2058e+10 7.7112e+10  7.01%  44.3 2480s
 225705 29169 infeasible   52      7.2058e+10 7.7112e+10  7.01%  44.3 2485s
 226029 29199 7.7112e+10   62   15 7.2058e+10 7.7112e+10  7.01%  44.3 2490s
 226404 29230 infeasible   52      7.2058e+10 7.7112e+10  7.01%  44.3 2495s
 226748 29258 7.7112e+10   62   24 7.2058e+10 7.7112e+10  7.01%  44.4 2500s
 227044 29294 infeasible   51      7.2058e+10 7.7112e+10  7.01%  44.4 2505s
 227376 29325 infeasible   52      7.2058e+10 7.7112e+10  7.01%  44.4 2510s
 227769 29346 7.7112e+10   59   28 7.2058e+10 7.7112e+10  7.01%  44.4 2515s
 228159 29460 infeasible   60      7.2058e+10 7.7112e+10  7.01%  44.4 2520s
 228508 29509 infeasible   56      7.2058e+10 7.7112e+10  7.01%  44.4 2525s
 228903 29533 7.7112e+10   50   21 7.2058e+10 7.7112e+10  7.01%  44.4 2530s
 229218 29550 7.7112e+10   61   20 7.2058e+10 7.7112e+10  7.01%  44.4 2535s
 229517 29566 7.7112e+10   50   33 7.2058e+10 7.7112e+10  7.01%  44.4 2540s
 229952 29591 7.7112e+10   50   39 7.2058e+10 7.7112e+10  7.01%  44.5 2545s
 230194 29625 7.7112e+10   61   15 7.2058e+10 7.7112e+10  7.01%  44.5 2550s
 230589 29728 infeasible   50      7.2058e+10 7.7112e+10  7.01%  44.5 2555s
 230858 29801 7.7112e+10   72   18 7.2058e+10 7.7112e+10  7.01%  44.5 2560s
 231363 29880 7.7112e+10   52   34 7.2058e+10 7.7112e+10  7.01%  44.5 2565s
 231765 29904 7.7112e+10   58   24 7.2058e+10 7.7112e+10  7.01%  44.5 2571s
 232088 29933 7.7112e+10   56   10 7.2058e+10 7.7112e+10  7.01%  44.5 2575s
 232518 29979 infeasible   63      7.2058e+10 7.7112e+10  7.01%  44.5 2580s
 232935 29972 infeasible   55      7.2058e+10 7.7112e+10  7.01%  44.5 2585s
 233298 30013 7.7112e+10   64   11 7.2058e+10 7.7112e+10  7.01%  44.5 2590s
 233657 30010 infeasible   59      7.2058e+10 7.7112e+10  7.01%  44.5 2595s
 234025 30021 infeasible   61      7.2058e+10 7.7112e+10  7.01%  44.5 2600s
 234334 30042 7.7112e+10   58   22 7.2058e+10 7.7112e+10  7.01%  44.5 2605s
 234731 30079 7.7112e+10   51   17 7.2058e+10 7.7112e+10  7.01%  44.5 2610s
 235078 30086 7.7112e+10   50   20 7.2058e+10 7.7112e+10  7.01%  44.5 2615s
 235482 30086 7.7112e+10   55   24 7.2058e+10 7.7112e+10  7.01%  44.6 2620s
 235900 30192 7.7112e+10   48   27 7.2058e+10 7.7112e+10  7.01%  44.6 2626s
 236195 30241 7.7112e+10   55   30 7.2058e+10 7.7112e+10  7.01%  44.6 2630s
 236566 30274 infeasible   56      7.2058e+10 7.7112e+10  7.01%  44.6 2635s
 236919 30327 7.7112e+10   45   23 7.2058e+10 7.7112e+10  7.01%  44.6 2640s
 237255 30353 7.7112e+10   53   26 7.2058e+10 7.7112e+10  7.01%  44.6 2645s
 237621 30393 7.7112e+10   49   15 7.2058e+10 7.7112e+10  7.01%  44.6 2650s
 237936 30442 infeasible   56      7.2058e+10 7.7112e+10  7.01%  44.6 2655s
 238338 30458 7.7112e+10   50   24 7.2058e+10 7.7112e+10  7.01%  44.6 2660s
 238664 30460 7.7112e+10   54   28 7.2058e+10 7.7112e+10  7.01%  44.6 2665s
 238991 30547 7.7112e+10   59   16 7.2058e+10 7.7112e+10  7.01%  44.6 2670s
 239418 30650 7.7112e+10   43   21 7.2058e+10 7.7112e+10  7.01%  44.6 2676s
 239773 30727 7.7112e+10   59   22 7.2058e+10 7.7112e+10  7.01%  44.6 2680s
 240310 30808 infeasible   57      7.2058e+10 7.7112e+10  7.01%  44.6 2685s
 240482 30812 infeasible   57      7.2058e+10 7.7112e+10  7.01%  44.6 2690s
 240829 30841 7.7112e+10   48   32 7.2058e+10 7.7112e+10  7.01%  44.6 2695s
 241125 30859 7.7112e+10   49    6 7.2058e+10 7.7112e+10  7.01%  44.6 2700s
 241558 30860 infeasible   70      7.2058e+10 7.7112e+10  7.01%  44.6 2705s
 241972 30878 7.7112e+10   52   18 7.2058e+10 7.7112e+10  7.01%  44.7 2710s
 242415 30881 infeasible   55      7.2058e+10 7.7112e+10  7.01%  44.6 2715s
 242664 30916 7.7112e+10   60   15 7.2058e+10 7.7112e+10  7.01%  44.6 2720s
 243143 30933 7.7112e+10   51   29 7.2058e+10 7.7112e+10  7.01%  44.6 2725s
 243469 30967 infeasible   51      7.2058e+10 7.7112e+10  7.01%  44.6 2730s
 243890 30972 7.7112e+10   54   29 7.2058e+10 7.7112e+10  7.01%  44.7 2736s
 244165 31005 infeasible   55      7.2058e+10 7.7112e+10  7.01%  44.7 2740s
 244583 31069 7.7112e+10   49   13 7.2058e+10 7.7112e+10  7.01%  44.7 2745s
 244881 31083 infeasible   47      7.2058e+10 7.7112e+10  7.01%  44.7 2750s
 245286 31124 infeasible   48      7.2058e+10 7.7112e+10  7.01%  44.7 2755s
 245642 31122 7.7112e+10   59   24 7.2058e+10 7.7112e+10  7.01%  44.7 2760s
 245968 31146 infeasible   52      7.2058e+10 7.7112e+10  7.01%  44.7 2765s
 246453 31200 7.7112e+10   64   25 7.2058e+10 7.7112e+10  7.01%  44.7 2770s
 246789 31190 7.7112e+10   52   28 7.2058e+10 7.7112e+10  7.01%  44.7 2775s
 247147 31220 7.7112e+10   53   27 7.2058e+10 7.7112e+10  7.01%  44.7 2780s
 247556 31233 7.7112e+10   60   10 7.2058e+10 7.7112e+10  7.01%  44.7 2785s
 247832 31249 7.7112e+10   57   16 7.2058e+10 7.7112e+10  7.01%  44.7 2790s
 248155 31274 7.7112e+10   45   21 7.2058e+10 7.7112e+10  7.01%  44.7 2795s
 248562 31351 infeasible   55      7.2058e+10 7.7112e+10  7.01%  44.7 2800s
 248915 31391 7.7112e+10   52   16 7.2058e+10 7.7112e+10  7.01%  44.7 2805s
 249314 31428 7.7112e+10   55   22 7.2058e+10 7.7112e+10  7.01%  44.7 2810s
 249631 31475 infeasible   48      7.2058e+10 7.7112e+10  7.01%  44.7 2815s
 249939 31523 infeasible   54      7.2058e+10 7.7112e+10  7.01%  44.7 2820s
 250353 31557 infeasible   63      7.2058e+10 7.7112e+10  7.01%  44.8 2825s
 250723 31593 infeasible   61      7.2058e+10 7.7112e+10  7.01%  44.8 2830s
 251168 31630 7.7112e+10   57   11 7.2058e+10 7.7112e+10  7.01%  44.8 2835s
 251491 31655 infeasible   54      7.2058e+10 7.7112e+10  7.01%  44.8 2840s
 251805 31669 7.7112e+10   51   31 7.2058e+10 7.7112e+10  7.01%  44.8 2845s
 252267 31693 infeasible   70      7.2058e+10 7.7112e+10  7.01%  44.8 2850s
 252492 31726 7.7112e+10   55   10 7.2058e+10 7.7112e+10  7.01%  44.8 2855s
 252984 31781 7.7112e+10   59    4 7.2058e+10 7.7112e+10  7.01%  44.8 2860s
 253334 31773 7.7112e+10   56   19 7.2058e+10 7.7112e+10  7.01%  44.8 2865s
 253778 31771 7.7112e+10   61   30 7.2058e+10 7.7112e+10  7.01%  44.8 2870s
 254103 31800 7.7112e+10   58   23 7.2058e+10 7.7112e+10  7.01%  44.8 2875s
 254498 31843 infeasible   59      7.2058e+10 7.7112e+10  7.01%  44.8 2880s
 254765 31922 infeasible   57      7.2058e+10 7.7112e+10  7.01%  44.8 2885s
 255089 32012 7.7112e+10   69   18 7.2058e+10 7.7112e+10  7.01%  44.8 2890s
 255517 32047 infeasible   58      7.2058e+10 7.7112e+10  7.01%  44.8 2895s
 255846 32126 7.7112e+10   58   10 7.2058e+10 7.7112e+10  7.01%  44.8 2900s
 256204 32158 7.7112e+10   56   18 7.2058e+10 7.7112e+10  7.01%  44.8 2905s
 256572 32194 7.7112e+10   59   17 7.2058e+10 7.7112e+10  7.01%  44.8 2910s
 256901 32251 7.7112e+10   59   20 7.2058e+10 7.7112e+10  7.01%  44.8 2915s
 257254 32268 7.7112e+10   52   18 7.2058e+10 7.7112e+10  7.01%  44.9 2920s
 257597 32289 7.7112e+10   55   30 7.2058e+10 7.7112e+10  7.01%  44.9 2925s
 257921 32321 7.7112e+10   61   18 7.2058e+10 7.7112e+10  7.01%  44.9 2930s
 258366 32316 infeasible   69      7.2058e+10 7.7112e+10  7.01%  44.9 2935s
 258667 32337 7.7112e+10   67    7 7.2058e+10 7.7112e+10  7.01%  44.9 2940s
 259148 32348 7.7112e+10   55   43 7.2058e+10 7.7112e+10  7.01%  44.9 2945s
 259404 32356 infeasible   57      7.2058e+10 7.7112e+10  7.01%  44.9 2950s
 259743 32378 7.7112e+10   48   10 7.2058e+10 7.7112e+10  7.01%  44.9 2955s
 260146 32387 infeasible   69      7.2058e+10 7.7112e+10  7.01%  44.9 2960s
 260359 32416 7.7112e+10   73   36 7.2058e+10 7.7112e+10  7.01%  44.9 2965s
 260589 32437 7.7112e+10   68    9 7.2058e+10 7.7112e+10  7.01%  44.9 2970s
 261075 32513 infeasible   68      7.2058e+10 7.7112e+10  7.01%  44.9 2975s
 261501 32547 infeasible   54      7.2058e+10 7.7112e+10  7.01%  44.9 2980s
 261855 32561 7.7112e+10   48   26 7.2058e+10 7.7112e+10  7.01%  44.9 2985s
 262128 32595 7.7112e+10   43   27 7.2058e+10 7.7112e+10  7.01%  44.9 2990s
 262572 32627 infeasible   62      7.2058e+10 7.7112e+10  7.01%  44.9 2995s
 262936 32661 infeasible   58      7.2058e+10 7.7112e+10  7.01%  44.9 3000s
 263242 32709 7.7112e+10   65   11 7.2058e+10 7.7112e+10  7.01%  44.9 3005s
 263696 32773 7.7112e+10   67   24 7.2058e+10 7.7112e+10  7.01%  45.0 3010s
 263952 32773 7.7112e+10   64   25 7.2058e+10 7.7112e+10  7.01%  45.0 3015s
 264362 32781 infeasible   54      7.2058e+10 7.7112e+10  7.01%  45.0 3020s
 264887 32842 7.7112e+10   68   20 7.2058e+10 7.7112e+10  7.01%  45.0 3025s
 265196 32843 7.7112e+10   48   28 7.2058e+10 7.7112e+10  7.01%  45.0 3030s
 265570 32911 7.7112e+10   51   23 7.2058e+10 7.7112e+10  7.01%  45.0 3036s
 265952 32951 7.7112e+10   57   24 7.2058e+10 7.7112e+10  7.01%  45.0 3040s
 266356 33003 7.7112e+10   61   20 7.2058e+10 7.7112e+10  7.01%  45.0 3045s
 266711 33024 7.7112e+10   64   14 7.2058e+10 7.7112e+10  7.01%  45.0 3050s
 266970 33030 7.7112e+10   65   16 7.2058e+10 7.7112e+10  7.01%  45.0 3055s
 267495 33079 7.7112e+10   63   12 7.2058e+10 7.7112e+10  7.01%  45.0 3060s
 267812 33088 7.7112e+10   62   31 7.2058e+10 7.7112e+10  7.01%  45.0 3065s
 268280 33120 infeasible   59      7.2058e+10 7.7112e+10  7.01%  45.0 3070s
 268613 33151 7.7112e+10   53   24 7.2058e+10 7.7112e+10  7.01%  45.0 3075s
 269041 33189 infeasible   56      7.2058e+10 7.7112e+10  7.01%  45.0 3080s
 269442 33220 infeasible   62      7.2058e+10 7.7112e+10  7.01%  45.0 3085s
 269754 33252 infeasible   42      7.2058e+10 7.7112e+10  7.01%  45.0 3090s
 270176 33281 7.7112e+10   58   19 7.2058e+10 7.7112e+10  7.01%  45.0 3095s
 270501 33294 7.7112e+10   61   17 7.2058e+10 7.7112e+10  7.01%  45.0 3100s
 270906 33351 7.7112e+10   53   17 7.2058e+10 7.7112e+10  7.01%  45.0 3105s
 271336 33391 7.7112e+10   59   19 7.2058e+10 7.7112e+10  7.01%  45.0 3110s
 271567 33444 7.7112e+10   68   23 7.2058e+10 7.7112e+10  7.01%  45.0 3115s
 272036 33461 7.7112e+10   65   13 7.2058e+10 7.7112e+10  7.01%  45.0 3120s
 272504 33487 7.7112e+10   55   28 7.2058e+10 7.7112e+10  7.01%  45.0 3125s
 272868 33513 7.7112e+10   65   10 7.2058e+10 7.7112e+10  7.01%  45.0 3130s
 273078 33523 7.7112e+10   67   18 7.2058e+10 7.7112e+10  7.01%  45.0 3135s
 273491 33534 7.7112e+10   64   14 7.2058e+10 7.7112e+10  7.01%  45.0 3140s
 274003 33546 infeasible   59      7.2058e+10 7.7112e+10  7.01%  45.0 3145s
 274249 33568 infeasible   58      7.2058e+10 7.7112e+10  7.01%  45.0 3150s
 274785 33620 7.7112e+10   53   22 7.2058e+10 7.7112e+10  7.01%  45.0 3155s
 275024 33640 7.7112e+10   54   21 7.2058e+10 7.7112e+10  7.01%  45.0 3160s
 275531 33645 7.7112e+10   51   44 7.2058e+10 7.7112e+10  7.01%  45.0 3165s
 275872 33720 7.7112e+10   63   19 7.2058e+10 7.7112e+10  7.01%  45.0 3170s
 276274 33744 7.7112e+10   60   35 7.2058e+10 7.7112e+10  7.01%  45.0 3175s
 276730 33778 7.7112e+10   64   15 7.2058e+10 7.7112e+10  7.01%  45.0 3180s
 277089 33779 7.7112e+10   64   23 7.2058e+10 7.7112e+10  7.01%  45.0 3185s
 277517 33779 infeasible   68      7.2058e+10 7.7112e+10  7.01%  45.0 3190s
 277816 33802 7.7112e+10   55   18 7.2058e+10 7.7112e+10  7.01%  45.0 3195s
 278251 33841 7.7112e+10   66   24 7.2058e+10 7.7112e+10  7.01%  45.0 3200s
 278598 33844 7.7112e+10   61   35 7.2058e+10 7.7112e+10  7.01%  45.0 3207s
 278867 33855 infeasible   56      7.2058e+10 7.7112e+10  7.01%  45.0 3210s
 279356 33938 infeasible   59      7.2058e+10 7.7112e+10  7.01%  45.0 3215s
 279845 34011 infeasible   66      7.2058e+10 7.7112e+10  7.01%  45.0 3220s
 280157 34015 infeasible   64      7.2058e+10 7.7112e+10  7.01%  45.0 3225s
 280669 34101 infeasible   66      7.2058e+10 7.7112e+10  7.01%  45.0 3230s
 280944 34136 7.7112e+10   63   21 7.2058e+10 7.7112e+10  7.01%  45.0 3235s
 281358 34160 7.7112e+10   57   26 7.2058e+10 7.7112e+10  7.01%  45.0 3240s
 281859 34217 infeasible   56      7.2058e+10 7.7112e+10  7.01%  45.0 3245s
 282224 34242 infeasible   60      7.2058e+10 7.7112e+10  7.01%  45.0 3250s
 282570 34318 7.7112e+10   61   10 7.2058e+10 7.7112e+10  7.01%  45.0 3255s
 283038 34338 infeasible   59      7.2058e+10 7.7112e+10  7.01%  45.0 3260s
 283362 34342 7.7112e+10   44   20 7.2058e+10 7.7112e+10  7.01%  45.0 3265s
 283815 34355 7.7112e+10   59   23 7.2058e+10 7.7112e+10  7.01%  45.0 3270s
 284194 34396 7.7112e+10   60   14 7.2058e+10 7.7112e+10  7.01%  45.0 3275s
 284608 34408 7.7112e+10   56   14 7.2058e+10 7.7112e+10  7.01%  45.0 3281s
 284974 34444 infeasible   53      7.2058e+10 7.7112e+10  7.01%  45.0 3285s
 285413 34457 7.7112e+10   57   24 7.2058e+10 7.7112e+10  7.01%  45.0 3290s
 285668 34510 7.7112e+10   50   17 7.2058e+10 7.7112e+10  7.01%  45.0 3295s
 286143 34505 infeasible   49      7.2058e+10 7.7112e+10  7.01%  45.0 3300s
 286519 34519 infeasible   58      7.2058e+10 7.7112e+10  7.01%  45.0 3305s
 286902 34574 7.7112e+10   57   15 7.2058e+10 7.7112e+10  7.01%  45.0 3310s
 287246 34624 7.7112e+10   59    6 7.2058e+10 7.7112e+10  7.01%  45.0 3315s
 287700 34652 7.7112e+10   51   22 7.2058e+10 7.7112e+10  7.01%  45.0 3320s
 287978 34678 infeasible   55      7.2058e+10 7.7112e+10  7.01%  45.0 3325s
 288419 34691 7.7112e+10   49   25 7.2058e+10 7.7112e+10  7.01%  45.0 3331s
 288720 34694 7.7112e+10   52   28 7.2058e+10 7.7112e+10  7.01%  45.0 3335s
 289154 34736 7.7112e+10   61   29 7.2058e+10 7.7112e+10  7.01%  45.0 3340s
 289478 34770 7.7112e+10   80   13 7.2058e+10 7.7112e+10  7.01%  45.0 3345s
 289821 34797 7.7112e+10   57    7 7.2058e+10 7.7112e+10  7.01%  45.0 3350s
 290236 34804 7.7112e+10   53   20 7.2058e+10 7.7112e+10  7.01%  45.0 3355s
 290599 34799 7.7112e+10   50   19 7.2058e+10 7.7112e+10  7.01%  45.0 3360s
 290909 34825 7.7112e+10   56    8 7.2058e+10 7.7112e+10  7.01%  45.0 3365s
 291339 34865 infeasible   58      7.2058e+10 7.7112e+10  7.01%  45.0 3370s
 291697 34906 infeasible   58      7.2058e+10 7.7112e+10  7.01%  45.1 3375s
 292094 34931 7.7112e+10   54   13 7.2058e+10 7.7112e+10  7.01%  45.1 3380s
 292343 34934 7.7112e+10   41   36 7.2058e+10 7.7112e+10  7.01%  45.1 3385s
 292719 34988 7.7112e+10   63    5 7.2058e+10 7.7112e+10  7.01%  45.1 3390s
 293031 35008 infeasible   57      7.2058e+10 7.7112e+10  7.01%  45.1 3395s
 293508 35029 infeasible   65      7.2058e+10 7.7112e+10  7.01%  45.1 3400s
 293795 35030 7.7112e+10   59   27 7.2058e+10 7.7112e+10  7.01%  45.1 3405s
 294225 35034 7.7112e+10   54   19 7.2058e+10 7.7112e+10  7.01%  45.1 3411s
 294554 35091 infeasible   58      7.2058e+10 7.7112e+10  7.01%  45.1 3415s
 295021 35162 7.7112e+10   59   15 7.2058e+10 7.7112e+10  7.01%  45.1 3420s
 295460 35193 7.7112e+10   65   21 7.2058e+10 7.7112e+10  7.01%  45.1 3425s
 295825 35240 7.7112e+10   53   45 7.2058e+10 7.7112e+10  7.01%  45.1 3430s
 296175 35320 infeasible   61      7.2058e+10 7.7112e+10  7.01%  45.1 3435s
 296630 35344 infeasible   61      7.2058e+10 7.7112e+10  7.01%  45.1 3440s
 297043 35389 7.7112e+10   64   27 7.2058e+10 7.7112e+10  7.01%  45.1 3445s
 297340 35412 7.7112e+10   54   18 7.2058e+10 7.7112e+10  7.01%  45.1 3450s
 297830 35441 infeasible   57      7.2058e+10 7.7112e+10  7.01%  45.1 3455s
 298108 35523 infeasible   58      7.2058e+10 7.7112e+10  7.01%  45.1 3460s
 298510 35571 7.7112e+10   50   22 7.2058e+10 7.7112e+10  7.01%  45.1 3465s
 298817 35652 7.7112e+10   46   27 7.2058e+10 7.7112e+10  7.01%  45.1 3470s
 299119 35690 7.7112e+10   48   21 7.2058e+10 7.7112e+10  7.01%  45.1 3475s
 299383 35706 7.7112e+10   60   24 7.2058e+10 7.7112e+10  7.01%  45.1 3480s
 299790 35727 infeasible   61      7.2058e+10 7.7112e+10  7.01%  45.1 3485s
 300055 35764 7.7112e+10   57   18 7.2058e+10 7.7112e+10  7.01%  45.1 3490s
 300501 35798 7.7112e+10   70   24 7.2058e+10 7.7112e+10  7.01%  45.1 3495s
 300859 35840 7.7112e+10   47   10 7.2058e+10 7.7112e+10  7.01%  45.1 3500s
 301276 35871 7.7112e+10   56   24 7.2058e+10 7.7112e+10  7.01%  45.1 3506s
 301575 35890 infeasible   55      7.2058e+10 7.7112e+10  7.01%  45.1 3510s
 301999 35928 infeasible   71      7.2058e+10 7.7112e+10  7.01%  45.1 3515s
 302372 35941 infeasible   56      7.2058e+10 7.7112e+10  7.01%  45.1 3520s
 302853 36002 7.7112e+10   60   42 7.2058e+10 7.7112e+10  7.01%  45.1 3525s
 303253 36034 7.7112e+10   55   36 7.2058e+10 7.7112e+10  7.01%  45.1 3530s
 303478 36059 7.7112e+10   54   38 7.2058e+10 7.7112e+10  7.01%  45.1 3535s
 303974 36177 infeasible   65      7.2058e+10 7.7112e+10  7.01%  45.1 3540s
 304268 36211 7.7112e+10   63   29 7.2058e+10 7.7112e+10  7.01%  45.1 3545s
 304736 36231 7.7112e+10   51   36 7.2058e+10 7.7112e+10  7.01%  45.1 3550s
 304989 36272 infeasible   50      7.2058e+10 7.7112e+10  7.01%  45.1 3555s
 305395 36318 7.7112e+10   64   14 7.2058e+10 7.7112e+10  7.01%  45.1 3560s
 305873 36344 7.7112e+10   48   40 7.2058e+10 7.7112e+10  7.01%  45.1 3565s
 306158 36355 infeasible   67      7.2058e+10 7.7112e+10  7.01%  45.1 3570s
 306650 36351 infeasible   64      7.2058e+10 7.7112e+10  7.01%  45.1 3575s
 306970 36375 7.7112e+10   51   12 7.2058e+10 7.7112e+10  7.01%  45.1 3580s
 307236 36419 infeasible   45      7.2058e+10 7.7112e+10  7.01%  45.1 3585s
 307661 36432 7.7112e+10   52   15 7.2058e+10 7.7112e+10  7.01%  45.1 3590s
 308107 36506 infeasible   59      7.2058e+10 7.7112e+10  7.01%  45.1 3595s

Cutting planes:
  Learned: 357
  Gomory: 107
  Lift-and-project: 27
  Cover: 1714
  Implied bound: 773
  Clique: 45
  MIR: 175
  Mixing: 5
  StrongCG: 14
  Flow cover: 750
  GUB cover: 19
  Inf proof: 2401
  RLT: 93
  Relax-and-lift: 174

Explored 308443 nodes (13922814 simplex iterations) in 3599.29 seconds (1996.11 work units)
Thread count was 1 (of 28 available processors)

Solution count 8: 7.20576e+10 7.164e+10 6.65856e+10 ... -0

Time limit reached
Best objective 7.205760000000e+10, best bound 7.711200000000e+10, gap 7.0144%

User-callback calls 2005247, time in user-callback 29.30 sec