Gurobi Optimizer version 12.0.3 build v12.0.3rc0 (linux64 - "Oracle Linux Server 9.4")

CPU model: Intel(R) Xeon(R) CPU E5-2660 v4 @ 2.00GHz, instruction set [SSE2|AVX|AVX2]
Thread count: 28 physical cores, 28 logical processors, using up to 1 threads

Non-default parameters:
TimeLimit  3594.187112612
SoftMemLimit  16
NumericFocus  1
Threads  1

Academic license 2690100 - for non-commercial use only - registered to ju___@uclm.es
Optimize a model with 58915 rows, 13523 columns and 236118 nonzeros
Model fingerprint: 0xd78d5daf
Variable types: 126 continuous, 13397 integer (13397 binary)
Coefficient statistics:
  Matrix range     [1e+00, 2e+13]
  Objective range  [2e+08, 2e+09]
  Bounds range     [2e+03, 1e+04]
  RHS range        [1e+00, 2e+14]
Warning: Model contains large matrix coefficient range
Warning: Model contains large objective coefficients
Warning: Model contains large rhs
Found heuristic solution: objective -0.0000000
Presolve removed 18561 rows and 2414 columns
Presolve time: 1.54s
Presolved: 40354 rows, 11109 columns, 150491 nonzeros
Variable types: 126 continuous, 10983 integer (10983 binary)

Use crossover to convert LP symmetric solution to basic solution...

Root relaxation: objective 7.212810e+10, 2172 iterations, 0.31 seconds (0.19 work units)
Total elapsed time = 11.26s (DegenMoves)

    Nodes    |    Current Node    |     Objective Bounds      |     Work
 Expl Unexpl |  Obj  Depth IntInf | Incumbent    BestBd   Gap | It/Node Time

     0     0 7.2128e+10    0   90   -0.00000 7.2128e+10      -     -   16s
H    0     0                    1.170000e+09 7.2128e+10  6065%     -   16s
H    0     0                    4.776676e+09 7.2128e+10  1410%     -   16s
H    0     0                    1.404000e+10 7.2128e+10   414%     -   17s
H    0     0                    1.638000e+10 7.2128e+10   340%     -   17s
H    0     0                    1.872000e+10 7.2128e+10   285%     -   18s
H    0     0                    2.223000e+10 7.2128e+10   224%     -   18s
H    0     0                    3.581635e+10 7.2128e+10   101%     -   18s
H    0     0                    3.698635e+10 7.2128e+10  95.0%     -   19s
H    0     0                    3.815635e+10 7.2128e+10  89.0%     -   19s
H    0     0                    3.932635e+10 7.2128e+10  83.4%     -   20s
     0     0 7.2128e+10    0 1301 3.9326e+10 7.2128e+10  83.4%     -   26s
H    0     0                    4.751635e+10 7.2128e+10  51.8%     -   27s
H    0     0                    4.985635e+10 7.2128e+10  44.7%     -   27s
     0     0 7.2128e+10    0  880 4.9856e+10 7.2128e+10  44.7%     -   28s
     0     0 7.2128e+10    0  800 4.9856e+10 7.2128e+10  44.7%     -   44s
     0     0 7.2128e+10    0  516 4.9856e+10 7.2128e+10  44.7%     -   46s
     0     0 7.2128e+10    0  306 4.9856e+10 7.2128e+10  44.7%     -   58s
H    0     0                    5.102635e+10 7.2128e+10  41.4%     -   58s
     0     0 7.2128e+10    0  433 5.1026e+10 7.2128e+10  41.4%     -   59s
     0     0 7.2128e+10    0  633 5.1026e+10 7.2128e+10  41.4%     -   74s
     0     0 7.2128e+10    0  598 5.1026e+10 7.2128e+10  41.4%     -   76s
     0     0 7.2128e+10    0  474 5.1026e+10 7.2128e+10  41.4%     -   98s
     0     0 7.2128e+10    0  107 5.1026e+10 7.2128e+10  41.4%     -  109s
     0     2 7.2128e+10    0   84 5.1026e+10 7.2128e+10  41.4%     -  124s
     3     5 7.2128e+10    2  176 5.1026e+10 7.2128e+10  41.4%  2980  125s
    14    16 7.2128e+10    7 1258 5.1026e+10 7.2128e+10  41.4%  1276  130s
    24    24 7.2128e+10   13  984 5.1026e+10 7.2128e+10  41.4%   955  135s
H   26    24                    5.336635e+10 7.2128e+10  35.2%   882  136s
H   27    25                    5.453635e+10 7.2128e+10  32.3%   850  136s
    35    31 7.2128e+10   19  917 5.4536e+10 7.2128e+10  32.3%   758  140s
    46    42 7.2128e+10   24  824 5.4536e+10 7.2128e+10  32.3%   666  145s
    52    48 7.2128e+10   27  595 5.4536e+10 7.2128e+10  32.3%   604  150s
    67    60 7.2128e+10   35  526 5.4536e+10 7.2128e+10  32.3%   504  155s
    86    79 7.2128e+10   50  484 5.4536e+10 7.2128e+10  32.3%   408  160s
   103    96 7.2128e+10   60  608 5.4536e+10 7.2128e+10  32.3%   356  165s
   104    97 7.2128e+10   60  480 5.4536e+10 7.2128e+10  32.3%   352  171s
   121   112 7.2128e+10   69  496 5.4536e+10 7.2128e+10  32.3%   309  175s
H  131   116                    6.223227e+10 7.2128e+10  15.9%   291  177s
   142   123 7.2128e+10   79  557 6.2232e+10 7.2128e+10  15.9%   277  180s
H  157   134                    6.282302e+10 7.2128e+10  14.8%   254  183s
   162   141 7.2128e+10   90  544 6.2823e+10 7.2128e+10  14.8%   250  185s
   200   167 7.2128e+10  110  540 6.2823e+10 7.2128e+10  14.8%   218  190s
H  216   178                    6.399302e+10 7.2128e+10  12.7%   205  191s
   250   209 7.2128e+10  144  529 6.3993e+10 7.2128e+10  12.7%   193  211s
   297   246 7.2128e+10  174  672 6.3993e+10 7.2128e+10  12.7%   187  215s
   359   299 7.0286e+10  210  594 6.3993e+10 7.2128e+10  12.7%   176  220s
   416   332 7.2128e+10    4  958 6.3993e+10 7.2128e+10  12.7%   168  225s
   428   344 7.2128e+10   16  937 6.3993e+10 7.2128e+10  12.7%   171  230s
   467   381 7.2128e+10   50 1099 6.3993e+10 7.2128e+10  12.7%   175  235s
   528   438 7.2128e+10   89  921 6.3993e+10 7.2128e+10  12.7%   164  240s
   573   474 7.2128e+10   21  107 6.3993e+10 7.2128e+10  12.7%   160  251s
   575   475 6.9824e+10  211  591 6.3993e+10 7.2128e+10  12.7%   159  271s
   576   476 7.2128e+10   54  664 6.3993e+10 7.2128e+10  12.7%   159  291s
   577   477 6.9824e+10  207  459 6.3993e+10 7.2128e+10  12.7%   159  295s
   578   477 6.9937e+10  197  619 6.3993e+10 7.2128e+10  12.7%   158  323s
   579   478 7.2128e+10   83  705 6.3993e+10 7.2128e+10  12.7%   158  332s
   580   479 7.1261e+10  186  459 6.3993e+10 7.2128e+10  12.7%   158  365s
   581   479 7.2128e+10   25  999 6.3993e+10 7.2128e+10  12.7%   157  382s
   582   480 7.2128e+10   98 1088 6.3993e+10 7.2128e+10  12.7%   157  423s
   583   481 7.2128e+10    9 1069 6.3993e+10 7.2128e+10  12.7%   157  440s
   584   481 7.2128e+10   98  273 6.3993e+10 7.2128e+10  12.7%   157  487s
   586   483 7.2128e+10    8  198 6.3993e+10 7.2128e+10  12.7%   156  510s
   588   484 7.2128e+10  101 1052 6.3993e+10 7.2128e+10  12.7%   156  544s
   589   485 7.2128e+10   91 1185 6.3993e+10 7.2128e+10  12.7%   155  561s
   590   485 7.1866e+10  216  102 6.3993e+10 7.2128e+10  12.7%   155  593s
   592   487 7.2128e+10   91   81 6.3993e+10 7.2128e+10  12.7%   155  605s
   594   488 7.2128e+10   29  155 6.3993e+10 7.2128e+10  12.7%   154  628s
   596   489 7.2128e+10  110  188 6.3993e+10 7.2128e+10  12.7%   153  661s
   597   490 7.1153e+10   66   97 6.3993e+10 7.2128e+10  12.7%   153  671s
   599   493 7.2128e+10   14  135 6.3993e+10 7.2128e+10  12.7%  1447  675s
   612   502 7.2128e+10   23  609 6.3993e+10 7.2128e+10  12.7%  1423  680s
   620   507 7.2128e+10   27  919 6.3993e+10 7.2128e+10  12.7%  1407  685s
   624   510 7.2128e+10   29  923 6.3993e+10 7.2128e+10  12.7%  1400  731s
   629   513 7.2128e+10   32  930 6.3993e+10 7.2128e+10  12.7%  1391  735s
   635   517 7.2128e+10   35  879 6.3993e+10 7.2128e+10  12.7%  1379  740s
   642   520 7.2128e+10   39  929 6.3993e+10 7.2128e+10  12.7%  1367  745s
   647   522 7.2128e+10   41  874 6.3993e+10 7.2128e+10  12.7%  1359  750s
   654   527 7.2128e+10   45 1132 6.3993e+10 7.2128e+10  12.7%  1348  755s
   660   531 7.2128e+10   48  906 6.3993e+10 7.2128e+10  12.7%  1338  760s
   666   535 7.2128e+10   51 1151 6.3993e+10 7.2128e+10  12.7%  1329  765s
   673   540 7.2128e+10   55  918 6.3993e+10 7.2128e+10  12.7%  1317  770s
   679   544 7.2128e+10   58  978 6.3993e+10 7.2128e+10  12.7%  1308  775s
   684   547 7.2128e+10   61  970 6.3993e+10 7.2128e+10  12.7%  1304  780s
   692   552 7.2128e+10   65  905 6.3993e+10 7.2128e+10  12.7%  1291  785s
   699   557 7.2128e+10   68 1320 6.3993e+10 7.2128e+10  12.7%  1281  790s
   704   560 7.2128e+10   71  885 6.3993e+10 7.2128e+10  12.7%  1276  795s
   710   564 7.2128e+10   75  900 6.3993e+10 7.2128e+10  12.7%  1267  802s
   714   567 7.2128e+10   77  838 6.3993e+10 7.2128e+10  12.7%  1261  805s
   722   572 7.2128e+10   81  946 6.3993e+10 7.2128e+10  12.7%  1252  810s
   726   575 7.2128e+10   83  913 6.3993e+10 7.2128e+10  12.7%  1247  815s
   732   577 7.2128e+10   86  763 6.3993e+10 7.2128e+10  12.7%  1239  820s
   739   582 7.2128e+10   89  784 6.3993e+10 7.2128e+10  12.7%  1228  825s
   746   586 7.2128e+10   93  753 6.3993e+10 7.2128e+10  12.7%  1219  830s
   754   592 7.2128e+10   97  789 6.3993e+10 7.2128e+10  12.7%  1209  835s
   763   598 7.2128e+10  103  810 6.3993e+10 7.2128e+10  12.7%  1195  840s
   771   603 7.2128e+10  107  873 6.3993e+10 7.2128e+10  12.7%  1185  845s
   779   608 7.2128e+10  112  691 6.3993e+10 7.2128e+10  12.7%  1176  850s
   788   614 7.2128e+10  116  652 6.3993e+10 7.2128e+10  12.7%  1164  855s
   798   621 7.2128e+10  121  835 6.3993e+10 7.2128e+10  12.7%  1152  860s
   809   626 7.2128e+10  127  891 6.3993e+10 7.2128e+10  12.7%  1140  865s
   821   634 7.2128e+10  133  956 6.3993e+10 7.2128e+10  12.7%  1125  870s
   833   642 7.1188e+10  140  816 6.3993e+10 7.2128e+10  12.7%  1114  876s
   842   640 7.2128e+10   17  786 6.3993e+10 7.2128e+10  12.7%  1106  880s
   848   644 7.2128e+10   23  900 6.3993e+10 7.2128e+10  12.7%  1100  885s
   854   648 7.2128e+10   26  930 6.3993e+10 7.2128e+10  12.7%  1094  890s
   860   652 7.2128e+10   29  886 6.3993e+10 7.2128e+10  12.7%  1087  895s
   866   656 7.2128e+10   33  955 6.3993e+10 7.2128e+10  12.7%  1081  900s
   872   660 7.2128e+10   36 1036 6.3993e+10 7.2128e+10  12.7%  1075  905s
   878   664 7.2128e+10   40  938 6.3993e+10 7.2128e+10  12.7%  1070  910s
   884   668 7.2128e+10   44  819 6.3993e+10 7.2128e+10  12.7%  1065  915s
   891   673 7.2128e+10   48  831 6.3993e+10 7.2128e+10  12.7%  1057  920s
   898   678 7.2128e+10   51  799 6.3993e+10 7.2128e+10  12.7%  1052  925s
   904   682 7.2128e+10   54  787 6.3993e+10 7.2128e+10  12.7%  1048  930s
   912   687 7.2128e+10   58  805 6.3993e+10 7.2128e+10  12.7%  1040  935s
   921   693 7.2128e+10   63  646 6.3993e+10 7.2128e+10  12.7%  1033  940s
   931   696 7.2128e+10   68  725 6.3993e+10 7.2128e+10  12.7%  1025  945s
   940   702 7.2128e+10   73  735 6.3993e+10 7.2128e+10  12.7%  1020  950s
   947   706 7.2128e+10   77  705 6.3993e+10 7.2128e+10  12.7%  1013  955s
   954   711 7.2128e+10   82  765 6.3993e+10 7.2128e+10  12.7%  1007  960s
   962   716 7.2128e+10   87  891 6.3993e+10 7.2128e+10  12.7%  1002  965s
   969   721 7.2128e+10   90  831 6.3993e+10 7.2128e+10  12.7%   997  970s
   977   726 7.2128e+10   95  767 6.3993e+10 7.2128e+10  12.7%   991  978s
   979   728 7.2128e+10   96  925 6.3993e+10 7.2128e+10  12.7%   991  983s
   983   730 7.2128e+10   98  867 6.3993e+10 7.2128e+10  12.7%   989  985s
   992   736 7.2128e+10  102  826 6.3993e+10 7.2128e+10  12.7%   981  990s
  1002   743 7.2128e+10  108  667 6.3993e+10 7.2128e+10  12.7%   972  995s
  1004   744 7.2128e+10  109  652 6.3993e+10 7.2128e+10  12.7%   970 1008s
  1008   747 7.2128e+10  111  590 6.3993e+10 7.2128e+10  12.7%   966 1010s
  1019   752 infeasible  116      6.3993e+10 7.2128e+10  12.7%   961 1015s
  1030   760 7.2128e+10  122  793 6.3993e+10 7.2128e+10  12.7%   955 1020s
  1040   766 7.2128e+10  128  689 6.3993e+10 7.2128e+10  12.7%   946 1025s
  1057   770 7.2128e+10  138  558 6.3993e+10 7.2128e+10  12.7%   933 1030s
  1058   770 7.2128e+10  139  557 6.3993e+10 7.2128e+10  12.7%   932 1037s
  1064   770 7.2128e+10  141  603 6.3993e+10 7.2128e+10  12.7%   928 1040s
  1079   771 7.2128e+10  149  735 6.3993e+10 7.2128e+10  12.7%   917 1045s
  1090   776 7.2128e+10  155  894 6.3993e+10 7.2128e+10  12.7%   909 1050s
  1104   779 7.2128e+10  162  719 6.3993e+10 7.2128e+10  12.7%   900 1055s
  1118   774 7.2128e+10  140  958 6.3993e+10 7.2128e+10  12.7%   891 1060s
  1139   752 infeasible  154      6.3993e+10 7.2128e+10  12.7%   881 1065s
  1159   726 infeasible  131      6.3993e+10 7.2128e+10  12.7%   872 1070s
  1162   724 7.2128e+10  129  692 6.3993e+10 7.2128e+10  12.7%   871 1076s
  1170   727 7.2128e+10  131  985 6.3993e+10 7.2128e+10  12.7%   870 1080s
  1187   706 infeasible  126      6.3993e+10 7.2128e+10  12.7%   867 1085s
  1190   704 7.2128e+10  122  807 6.3993e+10 7.2128e+10  12.7%   868 1109s
  1191   703 infeasible  123      6.3993e+10 7.2128e+10  12.7%   867 1110s
  1201   708 7.2128e+10  128  943 6.3993e+10 7.2128e+10  12.7%   863 1115s
  1214   712 7.2128e+10  133  880 6.3993e+10 7.2128e+10  12.7%   856 1120s
  1220   714 7.2128e+10  135  802 6.3993e+10 7.2128e+10  12.7%   854 1125s
  1230   715 7.2128e+10  139  737 6.3993e+10 7.2128e+10  12.7%   851 1130s
  1240   716 7.2128e+10  143  823 6.3993e+10 7.2128e+10  12.7%   846 1135s
  1245   719 7.2128e+10  144  824 6.3993e+10 7.2128e+10  12.7%   843 1147s
  1249   722 7.2128e+10  146  824 6.3993e+10 7.2128e+10  12.7%   840 1150s
  1262   728 7.2128e+10  149  858 6.3993e+10 7.2128e+10  12.7%   832 1155s
  1266   731 7.2128e+10  149  991 6.3993e+10 7.2128e+10  12.7%   831 1160s
  1269   731 infeasible  150      6.3993e+10 7.2128e+10  12.7%   831 1165s
  1274   724     cutoff  150      6.3993e+10 7.2128e+10  12.7%   834 1171s
  1279   726 7.2128e+10  124  845 6.3993e+10 7.2128e+10  12.7%   834 1175s
  1289   727 7.2128e+10  130  662 6.3993e+10 7.2128e+10  12.7%   830 1180s
  1300   723 infeasible  133      6.3993e+10 7.2128e+10  12.7%   827 1185s
  1306   715 infeasible  126      6.3993e+10 7.2128e+10  12.7%   830 1190s
  1312   709 7.2128e+10  148  663 6.3993e+10 7.2128e+10  12.7%   831 1197s
  1319   703 infeasible  150      6.3993e+10 7.2128e+10  12.7%   831 1200s
  1322   699 infeasible  149      6.3993e+10 7.2128e+10  12.7%   836 1205s
  1329   690 infeasible  148      6.3993e+10 7.2128e+10  12.7%   841 1211s
  1332   686 infeasible  145      6.3993e+10 7.2128e+10  12.7%   845 1215s
  1336   681 infeasible  146      6.3993e+10 7.2128e+10  12.7%   851 1221s
  1343   683 7.2128e+10  146  667 6.3993e+10 7.2128e+10  12.7%   851 1225s
  1353   690 7.2128e+10  154  608 6.3993e+10 7.2128e+10  12.7%   847 1230s
  1370   675 infeasible  149      6.3993e+10 7.2128e+10  12.7%   841 1235s
  1374   676 7.2128e+10  150  692 6.3993e+10 7.2128e+10  12.7%   840 1240s
  1389   684 7.2128e+10  161  583 6.3993e+10 7.2128e+10  12.7%   833 1245s
  1399   684 7.2128e+10  168  456 6.3993e+10 7.2128e+10  12.7%   829 1251s
  1411   676 infeasible  165      6.3993e+10 7.2128e+10  12.7%   825 1255s
  1429   652 infeasible  149      6.3993e+10 7.2128e+10  12.7%   824 1260s
  1438   640 infeasible  139      6.3993e+10 7.2128e+10  12.7%   827 1265s
  1444   632 infeasible  136      6.3993e+10 7.2128e+10  12.7%   829 1270s
  1449   625 infeasible  133      6.3993e+10 7.2128e+10  12.7%   835 1275s
  1452   621     cutoff  131      6.3993e+10 7.2128e+10  12.7%   841 1280s
  1456   622 7.2128e+10  129  644 6.3993e+10 7.2128e+10  12.7%   843 1285s
  1468   627 7.2128e+10  140  570 6.3993e+10 7.2128e+10  12.7%   837 1290s
  1479   616 7.2128e+10  135  629 6.3993e+10 7.2128e+10  12.7%   836 1295s
  1486   613 7.2128e+10  133  918 6.3993e+10 7.2128e+10  12.7%   835 1300s
  1497   608 7.2128e+10  131  751 6.3993e+10 7.2128e+10  12.7%   835 1305s
  1503   602 7.2128e+10  128  768 6.3993e+10 7.2128e+10  12.7%   837 1310s
  1508   599 7.2128e+10  126  722 6.3993e+10 7.2128e+10  12.7%   840 1315s
  1509   600 7.2128e+10  127  642 6.3993e+10 7.2128e+10  12.7%   839 1330s
  1521   594 7.2128e+10  126  875 6.3993e+10 7.2128e+10  12.7%   839 1335s
  1532   589 7.2128e+10  122  870 6.3993e+10 7.2128e+10  12.7%   838 1340s
  1539   592 7.2128e+10  128  528 6.3993e+10 7.2128e+10  12.7%   837 1345s
  1551   600 7.2128e+10  140  441 6.3993e+10 7.2128e+10  12.7%   831 1350s
  1563   606 7.2128e+10  151  457 6.3993e+10 7.2128e+10  12.7%   825 1422s
  1564   607 7.2128e+10  152  455 6.3993e+10 7.2128e+10  12.7%   824 1442s
  1571   610 7.2128e+10  159  500 6.3993e+10 7.2128e+10  12.7%   821 1445s
  1573   612 7.2128e+10  161  462 6.3993e+10 7.2128e+10  12.7%   820 1450s
  1585   620 6.8618e+10  173  451 6.3993e+10 7.2128e+10  12.7%   814 1455s
  1590   623 6.8618e+10  178  433 6.3993e+10 7.2128e+10  12.7%   811 1469s
  1592   624 6.8618e+10  180  443 6.3993e+10 7.2128e+10  12.7%   810 1470s
  1606   634 6.8618e+10  194  476 6.3993e+10 7.2128e+10  12.7%   804 1475s
  1617   640 6.8618e+10  205  466 6.3993e+10 7.2128e+10  12.7%   799 1481s
  1628   647 6.8618e+10  216  482 6.3993e+10 7.2128e+10  12.7%   794 1485s
  1642   641 infeasible  126      6.3993e+10 7.2128e+10  12.7%   791 1490s
  1644   642 7.2128e+10   16  886 6.3993e+10 7.2128e+10  12.7%   793 1511s
  1650   646 7.2128e+10   21  752 6.3993e+10 7.2128e+10  12.7%   792 1515s
  1657   651 7.2128e+10   24  571 6.3993e+10 7.2128e+10  12.7%   792 1520s
  1665   656 7.2128e+10   32  687 6.3993e+10 7.2128e+10  12.7%   788 1525s
  1671   660 7.2128e+10   33  592 6.3993e+10 7.2128e+10  12.7%   788 1548s
  1674   662 7.2128e+10   36  676 6.3993e+10 7.2128e+10  12.7%   787 1550s
  1682   666 7.2128e+10   41  546 6.3993e+10 7.2128e+10  12.7%   785 1555s
  1689   671 7.2128e+10   48  626 6.3993e+10 7.2128e+10  12.7%   782 1560s
  1696   676 7.2128e+10   55  606 6.3993e+10 7.2128e+10  12.7%   779 1565s
  1698   677 7.2128e+10   57  673 6.3993e+10 7.2128e+10  12.7%   779 1577s
  1701   679 7.2128e+10   60  869 6.3993e+10 7.2128e+10  12.7%   779 1580s
  1707   683 7.2128e+10   61  789 6.3993e+10 7.2128e+10  12.7%   779 1585s
  1713   685 7.2128e+10   62  836 6.3993e+10 7.2128e+10  12.7%   778 1590s
  1721   688 7.2128e+10   68  699 6.3993e+10 7.2128e+10  12.7%   775 1595s
  1728   691 7.2128e+10   71  802 6.3993e+10 7.2128e+10  12.7%   774 1600s
  1735   696 7.2128e+10   74  710 6.3993e+10 7.2128e+10  12.7%   771 1605s
  1740   699 7.2128e+10   79  880 6.3993e+10 7.2128e+10  12.7%   770 1610s
  1749   705 7.2128e+10   87  798 6.3993e+10 7.2128e+10  12.7%   767 1615s
  1757   710 7.2128e+10   95  899 6.3993e+10 7.2128e+10  12.7%   765 1621s
  1761   713 7.2128e+10   94  932 6.3993e+10 7.2128e+10  12.7%   767 1625s
  1765   714 7.2128e+10   97  935 6.3993e+10 7.2128e+10  12.7%   767 1630s
  1772   718 7.2128e+10  103  673 6.3993e+10 7.2128e+10  12.7%   766 1635s
  1779   723 7.2128e+10  110  666 6.3993e+10 7.2128e+10  12.7%   764 1640s
  1784   720 infeasible  109      6.3993e+10 7.2128e+10  12.7%   765 1645s
  1791   719 7.2128e+10   22  776 6.3993e+10 7.2128e+10  12.7%   766 1669s
  1792   720 7.2128e+10   23  774 6.3993e+10 7.2128e+10  12.7%   765 1670s
  1800   725 7.2128e+10   31  778 6.3993e+10 7.2128e+10  12.7%   763 1675s
  1808   730 7.2128e+10   39  867 6.3993e+10 7.2128e+10  12.7%   760 1680s
  1815   735 7.2128e+10   46  868 6.3993e+10 7.2128e+10  12.7%   759 1685s
  1823   740 7.2128e+10   54  834 6.3993e+10 7.2128e+10  12.7%   756 1690s
  1831   746 7.2128e+10   62  823 6.3993e+10 7.2128e+10  12.7%   752 1695s
  1839   751 7.2128e+10   70  820 6.3993e+10 7.2128e+10  12.7%   749 1700s
  1847   756 7.2128e+10   78  831 6.3993e+10 7.2128e+10  12.7%   746 1705s
  1855   762 7.2128e+10   86  820 6.3993e+10 7.2128e+10  12.7%   743 1710s
  1863   767 7.2128e+10   94  819 6.3993e+10 7.2128e+10  12.7%   740 1715s
  1871   772 7.2128e+10  102  803 6.3993e+10 7.2128e+10  12.7%   737 1720s
  1879   778 7.2128e+10  109  785 6.3993e+10 7.2128e+10  12.7%   734 1725s
  1885   782 7.2128e+10  115  776 6.3993e+10 7.2128e+10  12.7%   732 1730s
  1886   782 7.2128e+10  116  790 6.3993e+10 7.2128e+10  12.7%   731 1801s
  1887   783 7.2128e+10  117  794 6.3993e+10 7.2128e+10  12.7%   731 1816s
  1892   786 7.2128e+10  122  793 6.3993e+10 7.2128e+10  12.7%   729 1820s
  1898   790 7.2128e+10  128  783 6.3993e+10 7.2128e+10  12.7%   727 1825s
  1904   794 7.2128e+10  131  865 6.3993e+10 7.2128e+10  12.7%   726 1830s
  1911   799 7.2128e+10  138  870 6.3993e+10 7.2128e+10  12.7%   724 1835s
  1919   804 7.2128e+10  146  803 6.3993e+10 7.2128e+10  12.7%   721 1840s
  1927   810 7.2128e+10  153  890 6.3993e+10 7.2128e+10  12.7%   719 1845s
  1933   814 7.2128e+10  159  887 6.3993e+10 7.2128e+10  12.7%   717 1850s
  1939   818 7.2128e+10  165  884 6.3993e+10 7.2128e+10  12.7%   715 1855s
  1945   822 7.2128e+10  171  842 6.3993e+10 7.2128e+10  12.7%   713 1860s
  1951   826 7.2128e+10  177  847 6.3993e+10 7.2128e+10  12.7%   711 1865s
  1956   829 7.2128e+10  182  932 6.3993e+10 7.2128e+10  12.7%   709 1870s
  1962   833 7.2128e+10  188  923 6.3993e+10 7.2128e+10  12.7%   707 1875s
  1970   837 7.2128e+10  196 1011 6.3993e+10 7.2128e+10  12.7%   705 1880s
  1975   841 7.2128e+10  201  971 6.3993e+10 7.2128e+10  12.7%   704 1959s
  1976   841 7.2128e+10  201  890 6.3993e+10 7.2128e+10  12.7%   704 1961s
  1982   845 7.2128e+10  207  970 6.3993e+10 7.2128e+10  12.7%   702 1965s
  1988   849 7.2128e+10  213  977 6.3993e+10 7.2128e+10  12.7%   700 1970s
  1995   854 7.2128e+10  220  884 6.3993e+10 7.2128e+10  12.7%   698 1975s
  2002   859 7.2128e+10  227  841 6.3993e+10 7.2128e+10  12.7%   696 1980s
  2008   863 7.2128e+10  233  845 6.3993e+10 7.2128e+10  12.7%   694 1985s
  2015   867 7.2128e+10  240  837 6.3993e+10 7.2128e+10  12.7%   692 1990s
  2019   870 7.2128e+10  243  849 6.3993e+10 7.2128e+10  12.7%   694 1996s
  2021   871 7.2128e+10  241 1036 6.3993e+10 7.2128e+10  12.7%   697 2001s
  2024   873 7.2128e+10  240  888 6.3993e+10 7.2128e+10  12.7%   697 2005s
  2030   877 7.2128e+10  246  839 6.3993e+10 7.2128e+10  12.7%   696 2010s
  2034   880 7.2128e+10  250  869 6.3993e+10 7.2128e+10  12.7%   698 2015s
  2040   878     cutoff  253      6.3993e+10 7.2128e+10  12.7%   698 2020s
  2045   879 7.2128e+10  252  573 6.3993e+10 7.2128e+10  12.7%   700 2025s
  2053   885 7.2128e+10  259  518 6.3993e+10 7.2128e+10  12.7%   697 2030s
  2057   887 7.2128e+10  263  521 6.3993e+10 7.2128e+10  12.7%   696 2090s
  2065   893 7.2128e+10  271  545 6.3993e+10 7.2128e+10  12.7%   694 2095s
  2072   898 7.2128e+10  276  635 6.3993e+10 7.2128e+10  12.7%   693 2100s
  2081   907 7.2128e+10  283  505 6.3993e+10 7.2128e+10  12.7%   690 2105s
  2089   915 7.2128e+10  290  519 6.3993e+10 7.2128e+10  12.7%   688 2110s
  2099   925 7.2128e+10  299  468 6.3993e+10 7.2128e+10  12.7%   685 2115s
  2109   935 7.2128e+10  309  396 6.3993e+10 7.2128e+10  12.7%   682 2120s
  2115   939 7.2128e+10  312  466 6.3993e+10 7.2128e+10  12.7%   681 2125s
  2125   945 7.2111e+10  317  518 6.3993e+10 7.2128e+10  12.7%   679 2131s
  2130   949 7.2128e+10  321  465 6.3993e+10 7.2128e+10  12.7%   678 2135s
  2138   953 infeasible  327      6.3993e+10 7.2128e+10  12.7%   676 2140s
  2147   950 7.2128e+10   26 1254 6.3993e+10 7.2128e+10  12.7%   680 2145s
  2152   955 7.2128e+10   31 1050 6.3993e+10 7.2128e+10  12.7%   681 2150s
  2157   960 7.2128e+10   36 1127 6.3993e+10 7.2128e+10  12.7%   680 2155s
  2162   965 7.2128e+10   41 1026 6.3993e+10 7.2128e+10  12.7%   680 2160s
  2167   970 7.2128e+10   46 1065 6.3993e+10 7.2128e+10  12.7%   678 2165s
  2171   974 7.2128e+10   48 1076 6.3993e+10 7.2128e+10  12.7%   680 2170s
  2176   979 7.2128e+10   51 1152 6.3993e+10 7.2128e+10  12.7%   681 2175s
  2182   985 7.2128e+10   57 1098 6.3993e+10 7.2128e+10  12.7%   679 2180s
  2187   990 7.2128e+10   60 1008 6.3993e+10 7.2128e+10  12.7%   679 2185s
  2193   996 7.2128e+10   64 1064 6.3993e+10 7.2128e+10  12.7%   678 2190s
  2195   998 7.2128e+10   65 1019 6.3993e+10 7.2128e+10  12.7%   679 2195s
  2199  1002 7.2128e+10   69  915 6.3993e+10 7.2128e+10  12.7%   680 2200s
  2204  1007 7.2128e+10   72  886 6.3993e+10 7.2128e+10  12.7%   679 2206s
  2208  1011 6.5108e+10   74 1027 6.3993e+10 7.2128e+10  12.7%   680 2210s
  2213  1016 7.2128e+10   78  851 6.3993e+10 7.2128e+10  12.7%   680 2215s
  2219  1022 7.2128e+10   83  855 6.3993e+10 7.2128e+10  12.7%   680 2220s
  2223  1026 7.2128e+10   86  848 6.3993e+10 7.2128e+10  12.7%   680 2225s
  2228  1031 7.2128e+10   91  753 6.3993e+10 7.2128e+10  12.7%   679 2230s
  2233  1036 7.2128e+10   94  704 6.3993e+10 7.2128e+10  12.7%   677 2235s
  2238  1041 7.2128e+10   97  742 6.3993e+10 7.2128e+10  12.7%   676 2240s
  2243  1046 7.2128e+10   99  726 6.3993e+10 7.2128e+10  12.7%   675 2245s
  2249  1052 7.2128e+10  103  747 6.3993e+10 7.2128e+10  12.7%   674 2250s
  2253  1056 7.2128e+10  105  751 6.3993e+10 7.2128e+10  12.7%   673 2255s
  2259  1062 7.2128e+10  109  803 6.3993e+10 7.2128e+10  12.7%   672 2260s
  2264  1067 7.2128e+10  112  776 6.3993e+10 7.2128e+10  12.7%   671 2265s
  2270  1073 7.2128e+10  115  698 6.3993e+10 7.2128e+10  12.7%   670 2270s
  2275  1078 7.2128e+10  117  733 6.3993e+10 7.2128e+10  12.7%   669 2275s
  2282  1085 7.2128e+10  121  774 6.3993e+10 7.2128e+10  12.7%   667 2280s
  2287  1090 7.2128e+10  123  782 6.3993e+10 7.2128e+10  12.7%   667 2285s
  2294  1097 7.2128e+10  128  565 6.3993e+10 7.2128e+10  12.7%   666 2290s
  2303  1106 7.2128e+10  132  591 6.3993e+10 7.2128e+10  12.7%   664 2295s
  2310  1113 7.2128e+10  136  624 6.3993e+10 7.2128e+10  12.7%   662 2300s
  2318  1121 7.2128e+10  140  551 6.3993e+10 7.2128e+10  12.7%   661 2305s
  2327  1130 7.2128e+10  145  419 6.3993e+10 7.2128e+10  12.7%   659 2310s
  2336  1139 7.2128e+10  149  428 6.3993e+10 7.2128e+10  12.7%   657 2315s
  2347  1150 7.2128e+10  155  370 6.3993e+10 7.2128e+10  12.7%   655 2320s
  2355  1158 7.2128e+10  159  369 6.3993e+10 7.2128e+10  12.7%   653 2325s
  2365  1168 7.2128e+10  165  315 6.3993e+10 7.2128e+10  12.7%   651 2330s
  2378  1181 7.2128e+10  171  254 6.3993e+10 7.2128e+10  12.7%   648 2335s
  2387  1190 7.1659e+10  176  152 6.3993e+10 7.2128e+10  12.7%   646 2340s
  2397  1196 7.1659e+10  181  255 6.3993e+10 7.2128e+10  12.7%   645 2345s
  2407  1202 7.2128e+10  186  149 6.3993e+10 7.2128e+10  12.7%   643 2350s
  2417  1209 infeasible  191      6.3993e+10 7.2128e+10  12.7%   641 2355s
  2428  1216 7.1659e+10  197  194 6.3993e+10 7.2128e+10  12.7%   638 2360s
  2437  1223 7.1659e+10  201  211 6.3993e+10 7.2128e+10  12.7%   636 2365s
  2451  1229 7.1659e+10  207  161 6.3993e+10 7.2128e+10  12.7%   632 2370s
  2514  1252 7.1659e+10  233  163 6.3993e+10 7.2128e+10  12.7%   617 2375s
  2526  1258 7.0958e+10  328  414 6.3993e+10 7.2128e+10  12.7%   615 2380s
  2541  1271 6.6278e+10  335  409 6.3993e+10 7.2128e+10  12.7%   612 2385s
  2558  1274 infeasible  339      6.3993e+10 7.2128e+10  12.7%   608 2390s
  2567  1267 7.2128e+10   32  917 6.3993e+10 7.2128e+10  12.7%   609 2395s
  2569  1269 7.2128e+10   34  975 6.3993e+10 7.2128e+10  12.7%   609 2401s
  2571  1271 7.2128e+10   35  980 6.3993e+10 7.2128e+10  12.7%   610 2405s
  2573  1273 7.1508e+10   37 1063 6.3993e+10 7.2128e+10  12.7%   612 2411s
  2577  1277 7.1508e+10   41  891 6.3993e+10 7.2128e+10  12.7%   611 2415s
  2582  1282 7.1508e+10   45  862 6.3993e+10 7.2128e+10  12.7%   610 2420s
  2588  1288 7.1508e+10   51  861 6.3993e+10 7.2128e+10  12.7%   609 2425s
  2593  1293 7.1508e+10   52  773 6.3993e+10 7.2128e+10  12.7%   609 2430s
  2597  1295     cutoff   57      6.3993e+10 7.2128e+10  12.7%   610 2436s
  2601  1293 7.2128e+10   50 1061 6.3993e+10 7.2128e+10  12.7%   613 2440s
  2604  1294 7.2128e+10   51 1104 6.3993e+10 7.2128e+10  12.7%   614 2445s
  2610  1300 7.2128e+10   54 1040 6.3993e+10 7.2128e+10  12.7%   613 2450s
  2617  1307 7.2128e+10   61  800 6.3993e+10 7.2128e+10  12.7%   612 2455s
  2623  1313 7.2128e+10   65  751 6.3993e+10 7.2128e+10  12.7%   610 2460s
  2629  1319 7.2128e+10   70  632 6.3993e+10 7.2128e+10  12.7%   609 2465s
  2631  1321 7.2128e+10   72  630 6.3993e+10 7.2128e+10  12.7%   609 2471s
  2636  1326 7.2128e+10   77  708 6.3993e+10 7.2128e+10  12.7%   608 2475s
  2643  1333 7.2128e+10   82  723 6.3993e+10 7.2128e+10  12.7%   607 2480s
  2649  1339 7.2128e+10   88  785 6.3993e+10 7.2128e+10  12.7%   606 2485s
  2655  1345 7.2128e+10   93  772 6.3993e+10 7.2128e+10  12.7%   604 2490s
  2658  1348 7.2128e+10   96  816 6.3993e+10 7.2128e+10  12.7%   604 2501s
  2663  1353 7.2128e+10  101  875 6.3993e+10 7.2128e+10  12.7%   603 2505s
  2670  1360 7.2128e+10  107  864 6.3993e+10 7.2128e+10  12.7%   601 2510s
  2677  1367 7.2128e+10  114  861 6.3993e+10 7.2128e+10  12.7%   600 2515s
  2683  1373 7.2128e+10  120  859 6.3993e+10 7.2128e+10  12.7%   599 2520s
  2688  1378 7.2128e+10  125  919 6.3993e+10 7.2128e+10  12.7%   598 2525s
  2694  1384 7.2128e+10  130  910 6.3993e+10 7.2128e+10  12.7%   597 2531s
  2697  1387 7.2128e+10  133  856 6.3993e+10 7.2128e+10  12.7%   596 2535s
  2705  1395 7.2128e+10  140  812 6.3993e+10 7.2128e+10  12.7%   595 2540s
  2713  1401 7.2128e+10  146  680 6.3993e+10 7.2128e+10  12.7%   594 2545s
  2721  1409 7.2128e+10  153  659 6.3993e+10 7.2128e+10  12.7%   592 2550s
  2722  1410 7.2128e+10  154  663 6.3993e+10 7.2128e+10  12.7%   592 2563s
  2725  1413 7.2128e+10  157  627 6.3993e+10 7.2128e+10  12.7%   591 2565s
  2733  1421 7.2128e+10  165  665 6.3993e+10 7.2128e+10  12.7%   590 2570s
  2741  1429 7.2128e+10  172  572 6.3993e+10 7.2128e+10  12.7%   588 2575s
  2752  1440 7.2128e+10  183  607 6.3993e+10 7.2128e+10  12.7%   586 2580s
  2761  1449 7.2128e+10  192  805 6.3993e+10 7.2128e+10  12.7%   584 2585s
  2770  1458 7.2128e+10  200  740 6.3993e+10 7.2128e+10  12.7%   583 2591s
  2786  1442 infeasible  189      6.3993e+10 7.2128e+10  12.7%   580 2595s
  2806  1422 infeasible  169      6.3993e+10 7.2128e+10  12.7%   577 2600s
  2820  1408 infeasible  156      6.3993e+10 7.2128e+10  12.7%   576 2605s
  2831  1405 7.2128e+10   37 1020 6.3993e+10 7.2128e+10  12.7%   576 2610s
  2835  1409 7.2128e+10   38  996 6.3993e+10 7.2128e+10  12.7%   577 2615s
  2840  1414 7.2128e+10   44  997 6.3993e+10 7.2128e+10  12.7%   577 2620s
  2847  1421 7.2128e+10   50  992 6.3993e+10 7.2128e+10  12.7%   575 2625s
  2853  1427 7.2128e+10   55  989 6.3993e+10 7.2128e+10  12.7%   575 2630s
  2859  1433 7.2128e+10   60 1067 6.3993e+10 7.2128e+10  12.7%   574 2635s
  2860  1434 7.2128e+10   61 1073 6.3993e+10 7.2128e+10  12.7%   574 2648s
  2863  1437 7.2128e+10   63 1057 6.3993e+10 7.2128e+10  12.7%   574 2650s
  2869  1443 7.2128e+10   69  986 6.3993e+10 7.2128e+10  12.7%   573 2655s
  2876  1450 7.2128e+10   76 1008 6.3993e+10 7.2128e+10  12.7%   572 2660s
  2881  1455 7.2128e+10   80  858 6.3993e+10 7.2128e+10  12.7%   572 2665s
  2888  1462 7.2128e+10   87  857 6.3993e+10 7.2128e+10  12.7%   571 2670s
  2892  1466 7.2128e+10   91  913 6.3993e+10 7.2128e+10  12.7%   571 2675s
  2899  1473 7.2128e+10   98  855 6.3993e+10 7.2128e+10  12.7%   570 2681s
  2904  1478 7.2128e+10  103  745 6.3993e+10 7.2128e+10  12.7%   570 2685s
  2910  1484 7.2128e+10  107  607 6.3993e+10 7.2128e+10  12.7%   569 2690s
  2917  1491 7.2128e+10  114  607 6.3993e+10 7.2128e+10  12.7%   568 2695s
  2925  1499 7.2128e+10  122  549 6.3993e+10 7.2128e+10  12.7%   567 2700s
  2936  1510 7.2128e+10  132  555 6.3993e+10 7.2128e+10  12.7%   566 2705s
  2944  1518 7.2128e+10  140  580 6.3993e+10 7.2128e+10  12.7%   564 2710s
  2952  1526 7.2128e+10  148  624 6.3993e+10 7.2128e+10  12.7%   563 2715s
  2958  1532 7.2128e+10  154  637 6.3993e+10 7.2128e+10  12.7%   562 2817s
  2959  1533 7.2128e+10  155  636 6.3993e+10 7.2128e+10  12.7%   562 2835s
  2966  1540 7.2128e+10  161  615 6.3993e+10 7.2128e+10  12.7%   561 2840s
  2973  1547 7.2128e+10  168  665 6.3993e+10 7.2128e+10  12.7%   560 2845s
  2984  1558 6.9788e+10  178  576 6.3993e+10 7.2128e+10  12.7%   558 2850s
  2986  1560 7.2128e+10  179  583 6.3993e+10 7.2128e+10  12.7%   558 2861s
  2995  1569 7.2128e+10  188  598 6.3993e+10 7.2128e+10  12.7%   556 2865s
  3006  1580 7.2128e+10  198  512 6.3993e+10 7.2128e+10  12.7%   554 2870s
  3017  1591 7.2128e+10  209  503 6.3993e+10 7.2128e+10  12.7%   553 2875s
  3028  1602 7.2128e+10  220  528 6.3993e+10 7.2128e+10  12.7%   551 2880s
  3042  1616 7.2128e+10  234  528 6.3993e+10 7.2128e+10  12.7%   548 2885s
  3051  1625 7.2128e+10  241  452 6.3993e+10 7.2128e+10  12.7%   547 2890s
  3056  1630 7.2128e+10  245  450 6.3993e+10 7.2128e+10  12.7%   546 2898s
  3060  1634 7.2128e+10  249  431 6.3993e+10 7.2128e+10  12.7%   545 2900s
  3071  1645 7.2128e+10  260  479 6.3993e+10 7.2128e+10  12.7%   543 2905s
  3075  1649 7.2128e+10  258  382 6.3993e+10 7.2128e+10  12.7%   543 2910s
  3086  1658 7.2128e+10  265  369 6.3993e+10 7.2128e+10  12.7%   542 2915s
  3089  1661 6.9788e+10  267  421 6.3993e+10 7.2128e+10  12.7%   542 2920s
  3094  1666 6.8033e+10  265  528 6.3993e+10 7.2128e+10  12.7%   542 2926s
  3104  1670 infeasible  272      6.3993e+10 7.2128e+10  12.7%   541 2930s
  3110  1668 7.2128e+10   36 1144 6.3993e+10 7.2128e+10  12.7%   541 2935s
  3111  1669 7.2128e+10   36 1149 6.3993e+10 7.2128e+10  12.7%   542 2967s
  3115  1673 7.2128e+10   37 1175 6.3993e+10 7.2128e+10  12.7%   542 2970s
  3120  1676 7.2128e+10   40  930 6.3993e+10 7.2128e+10  12.7%   542 2975s
  3126  1680 7.2128e+10   42  951 6.3993e+10 7.2128e+10  12.7%   542 2980s
  3132  1686 7.2128e+10   46  946 6.3993e+10 7.2128e+10  12.7%   541 2985s
  3136  1690 7.2128e+10   48  939 6.3993e+10 7.2128e+10  12.7%   541 2991s
  3140  1694 7.2128e+10   50  991 6.3993e+10 7.2128e+10  12.7%   541 2996s
  3144  1698 7.2128e+10   51 1021 6.3993e+10 7.2128e+10  12.7%   541 3000s
  3150  1704 7.2128e+10   54 1088 6.3993e+10 7.2128e+10  12.7%   541 3005s
  3155  1709 7.2128e+10   56 1069 6.3993e+10 7.2128e+10  12.7%   541 3010s
  3161  1715 7.2128e+10   58 1087 6.3993e+10 7.2128e+10  12.7%   542 3015s
  3163  1717 7.2128e+10   61  868 6.3993e+10 7.2128e+10  12.7%   542 3054s
  3164  1718 7.2128e+10   60 1038 6.3993e+10 7.2128e+10  12.7%   542 3055s
  3168  1722 7.2128e+10   63 1070 6.3993e+10 7.2128e+10  12.7%   542 3060s
  3173  1727 7.2128e+10   64 1066 6.3993e+10 7.2128e+10  12.7%   542 3065s
  3178  1732 7.2128e+10   67  997 6.3993e+10 7.2128e+10  12.7%   542 3070s
  3185  1739 7.2128e+10   70  924 6.3993e+10 7.2128e+10  12.7%   541 3075s
  3192  1746 7.2128e+10   73  924 6.3993e+10 7.2128e+10  12.7%   540 3080s
  3199  1753 7.2128e+10   73  942 6.3993e+10 7.2128e+10  12.7%   539 3085s
  3204  1758 7.2128e+10   75  888 6.3993e+10 7.2128e+10  12.7%   538 3090s
  3211  1765 7.2128e+10   80  909 6.3993e+10 7.2128e+10  12.7%   537 3095s
  3220  1772 7.2128e+10   84  886 6.3993e+10 7.2128e+10  12.7%   536 3100s
  3227  1779 7.2128e+10   86  883 6.3993e+10 7.2128e+10  12.7%   535 3105s
  3237  1789 7.2128e+10   89  986 6.3993e+10 7.2128e+10  12.7%   534 3110s
  3245  1796 7.2128e+10   93  917 6.3993e+10 7.2128e+10  12.7%   533 3115s
  3251  1796 7.2128e+10   93  773 6.3993e+10 7.2128e+10  12.7%   532 3121s
  3257  1798 infeasible   96      6.3993e+10 7.2128e+10  12.7%   532 3125s
  3264  1801 7.2128e+10   29  601 6.3993e+10 7.2128e+10  12.7%   531 3130s
  3269  1806 7.2128e+10   29  637 6.3993e+10 7.2128e+10  12.7%   531 3135s
  3275  1812 7.2128e+10   30  646 6.3993e+10 7.2128e+10  12.7%   530 3140s
  3280  1817 7.2128e+10   33  698 6.3993e+10 7.2128e+10  12.7%   530 3145s
  3287  1824 7.2128e+10   40  795 6.3993e+10 7.2128e+10  12.7%   529 3150s
  3291  1828 7.2128e+10   42  613 6.3993e+10 7.2128e+10  12.7%   529 3155s
  3297  1834 7.2128e+10   46  641 6.3993e+10 7.2128e+10  12.7%   529 3160s
  3305  1842 7.2128e+10   53  634 6.3993e+10 7.2128e+10  12.7%   528 3165s
  3312  1849 7.2128e+10   58  532 6.3993e+10 7.2128e+10  12.7%   527 3170s
  3319  1856 7.2128e+10   65  567 6.3993e+10 7.2128e+10  12.7%   526 3175s
  3327  1864 7.2128e+10   72  651 6.3993e+10 7.2128e+10  12.7%   525 3180s
  3332  1869 7.2128e+10   74  569 6.3993e+10 7.2128e+10  12.7%   525 3185s
  3340  1875 7.2128e+10   81  574 6.3993e+10 7.2128e+10  12.7%   523 3190s
  3348  1883 7.2128e+10   85  623 6.3993e+10 7.2128e+10  12.7%   523 3195s
  3356  1891 7.2128e+10   90  614 6.3993e+10 7.2128e+10  12.7%   522 3200s
  3363  1898 7.2128e+10   91  513 6.3993e+10 7.2128e+10  12.7%   521 3205s
  3371  1906 7.2128e+10   95  611 6.3993e+10 7.2128e+10  12.7%   520 3210s
  3377  1912 7.0958e+10   95  656 6.3993e+10 7.2128e+10  12.7%   519 3215s
  3383  1918 7.0958e+10   95  607 6.3993e+10 7.2128e+10  12.7%   519 3220s
  3390  1925 7.2128e+10   97  532 6.3993e+10 7.2128e+10  12.7%   518 3225s
  3399  1931 7.2128e+10  102  513 6.3993e+10 7.2128e+10  12.7%   517 3231s
  3404  1936 7.2128e+10  104  529 6.3993e+10 7.2128e+10  12.7%   516 3235s
  3412  1944 7.2128e+10  106  563 6.3993e+10 7.2128e+10  12.7%   515 3240s
  3418  1950 7.2128e+10  111  547 6.3993e+10 7.2128e+10  12.7%   515 3255s
  3425  1957 7.2128e+10  111  495 6.3993e+10 7.2128e+10  12.7%   514 3260s
  3432  1964 7.2128e+10  114  525 6.3993e+10 7.2128e+10  12.7%   513 3265s
  3440  1972 7.2128e+10  115  470 6.3993e+10 7.2128e+10  12.7%   512 3270s
  3446  1977 7.0958e+10  115  847 6.3993e+10 7.2128e+10  12.7%   512 3275s
  3449  1980 7.0958e+10  115  602 6.3993e+10 7.2128e+10  12.7%   512 3280s
  3455  1986 7.2128e+10  120  458 6.3993e+10 7.2128e+10  12.7%   511 3286s
  3460  1991 7.2128e+10  122  435 6.3993e+10 7.2128e+10  12.7%   511 3290s
  3463  1994 7.0958e+10  124  666 6.3993e+10 7.2128e+10  12.7%   511 3296s
  3466  1997 7.0958e+10  124  456 6.3993e+10 7.2128e+10  12.7%   511 3300s
  3472  2003 7.0958e+10  124  504 6.3993e+10 7.2128e+10  12.7%   511 3305s
  3479  2010 7.0958e+10  130  556 6.3993e+10 7.2128e+10  12.7%   510 3310s
  3484  2015 7.0958e+10  134  536 6.3993e+10 7.2128e+10  12.7%   510 3315s
  3494  2025 7.0958e+10  140  417 6.3993e+10 7.2128e+10  12.7%   509 3320s
  3504  2033 7.0958e+10  143  463 6.3993e+10 7.2128e+10  12.7%   507 3325s
  3511  2040 7.0958e+10  146  440 6.3993e+10 7.2128e+10  12.7%   507 3330s
  3515  2042 7.0958e+10  147  399 6.3993e+10 7.2128e+10  12.7%   507 3346s
  3524  2049 7.0958e+10  152  422 6.3993e+10 7.2128e+10  12.7%   505 3350s
  3535  2057 7.0958e+10  153  418 6.3993e+10 7.2128e+10  12.7%   504 3355s
  3549  2067 7.0958e+10  160  457 6.3993e+10 7.2128e+10  12.7%   502 3360s
  3560  2078 7.0958e+10  163  440 6.3993e+10 7.2128e+10  12.7%   501 3365s
  3570  2086 7.0958e+10  166  319 6.3993e+10 7.2128e+10  12.7%   500 3370s
  3576  2092 7.0958e+10  167  408 6.3993e+10 7.2128e+10  12.7%   500 3375s
  3586  2100 7.0958e+10  168  454 6.3993e+10 7.2128e+10  12.7%   499 3380s
  3599  2105 7.0958e+10  171  459 6.3993e+10 7.2128e+10  12.7%   498 3385s
  3611  2109 7.0958e+10  174  474 6.3993e+10 7.2128e+10  12.7%   496 3390s
  3621  2115 7.0958e+10  180  349 6.3993e+10 7.2128e+10  12.7%   496 3395s
  3630  2121 infeasible  186      6.3993e+10 7.2128e+10  12.7%   495 3400s
  3641  2124 infeasible  187      6.3993e+10 7.2128e+10  12.7%   494 3405s
  3650  2121 7.2128e+10   26  578 6.3993e+10 7.2128e+10  12.7%   493 3411s
  3653  2124 7.2128e+10   29  654 6.3993e+10 7.2128e+10  12.7%   493 3415s
  3658  2129 7.2128e+10   34  644 6.3993e+10 7.2128e+10  12.7%   493 3420s
  3664  2135 7.2128e+10   40  634 6.3993e+10 7.2128e+10  12.7%   492 3425s
  3669  2140 7.2128e+10   45  571 6.3993e+10 7.2128e+10  12.7%   492 3430s
  3675  2146 7.2128e+10   51  627 6.3993e+10 7.2128e+10  12.7%   491 3435s
  3680  2151 7.2128e+10   56  706 6.3993e+10 7.2128e+10  12.7%   491 3440s
  3685  2156 7.2128e+10   61  719 6.3993e+10 7.2128e+10  12.7%   490 3445s
  3691  2162 7.2128e+10   67  665 6.3993e+10 7.2128e+10  12.7%   490 3450s
  3698  2169 7.2128e+10   74  726 6.3993e+10 7.2128e+10  12.7%   489 3455s
  3704  2175 7.2128e+10   80  672 6.3993e+10 7.2128e+10  12.7%   488 3460s
  3708  2179 7.2128e+10   84  732 6.3993e+10 7.2128e+10  12.7%   488 3466s
  3713  2184 7.2128e+10   89  670 6.3993e+10 7.2128e+10  12.7%   488 3470s
  3717  2186 7.2128e+10   92  559 6.3993e+10 7.2128e+10  12.7%   488 3475s
  3724  2191 7.2128e+10   98  567 6.3993e+10 7.2128e+10  12.7%   488 3481s
  3728  2195 6.6278e+10  102  600 6.3993e+10 7.2128e+10  12.7%   488 3486s
  3735  2202 6.6278e+10  109  593 6.3993e+10 7.2128e+10  12.7%   488 3508s
  3736  2203 6.6278e+10  110  579 6.3993e+10 7.2128e+10  12.7%   487 3551s
  3741  2208 6.6278e+10  115  617 6.3993e+10 7.2128e+10  12.7%   487 3555s
  3746  2213 6.6278e+10  120  491 6.3993e+10 7.2128e+10  12.7%   486 3560s
  3753  2218     cutoff  127      6.3993e+10 7.2128e+10  12.7%   486 3565s
  3759  2222 6.6278e+10  130  386 6.3993e+10 7.2128e+10  12.7%   485 3570s
  3770  2229 6.5108e+10  139  443 6.3993e+10 7.2128e+10  12.7%   484 3575s
  3781  2236 6.5108e+10  148  421 6.3993e+10 7.2128e+10  12.7%   482 3580s
  3790  2243 6.5108e+10  156  339 6.3993e+10 7.2128e+10  12.7%   481 3585s
  3803  2256 6.5108e+10  169  308 6.3993e+10 7.2128e+10  12.7%   480 3590s

Cutting planes:
  Gomory: 75
  Lift-and-project: 2
  Cover: 1009
  Implied bound: 122
  Projected implied bound: 1
  MIR: 67
  StrongCG: 1
  Flow cover: 1037
  Inf proof: 26
  Zero half: 1127
  RLT: 206
  Relax-and-lift: 59

Explored 3820 nodes (2107079 simplex iterations) in 3594.20 seconds (1982.63 work units)
Thread count was 1 (of 28 available processors)

Solution count 10: 6.3993e+10 6.2823e+10 6.22323e+10 ... 3.81563e+10

Time limit reached
Best objective 6.399302442000e+10, best bound 7.212810498000e+10, gap 12.7124%

User-callback calls 523940, time in user-callback 0.62 sec