Gurobi Optimizer version 12.0.3 build v12.0.3rc0 (linux64 - "Oracle Linux Server 9.4")

CPU model: Intel(R) Xeon(R) CPU E5-2660 v4 @ 2.00GHz, instruction set [SSE2|AVX|AVX2]
Thread count: 28 physical cores, 28 logical processors, using up to 1 threads

Non-default parameters:
TimeLimit  3597.5928019
SoftMemLimit  16
NumericFocus  1
Threads  1

Academic license 2690100 - for non-commercial use only - registered to ju___@uclm.es
Optimize a model with 17663 rows, 4018 columns and 81152 nonzeros
Model fingerprint: 0x0586c02e
Variable types: 64 continuous, 3954 integer (3954 binary)
Coefficient statistics:
  Matrix range     [1e+00, 6e+12]
  Objective range  [2e+09, 3e+09]
  Bounds range     [2e+03, 1e+04]
  RHS range        [1e+00, 2e+14]
Warning: Model contains large matrix coefficient range
Warning: Model contains large objective coefficients
Warning: Model contains large rhs
Found heuristic solution: objective -0.0000000
Presolve removed 3655 rows and 0 columns
Presolve time: 0.26s
Presolved: 14008 rows, 4018 columns, 50844 nonzeros
Variable types: 64 continuous, 3954 integer (3954 binary)

Root relaxation: objective 8.960346e+10, 699 iterations, 0.06 seconds (0.05 work units)

    Nodes    |    Current Node    |     Objective Bounds      |     Work
 Expl Unexpl |  Obj  Depth IntInf | Incumbent    BestBd   Gap | It/Node Time

     0     0 8.9603e+10    0   96   -0.00000 8.9603e+10      -     -    0s
H    0     0                    5.829000e+09 8.9603e+10  1437%     -    0s
H    0     0                    1.165800e+10 8.9603e+10   669%     -    1s
     0     0 8.9603e+10    0  162 1.1658e+10 8.9603e+10   669%     -    1s
     0     0 8.9603e+10    0  157 1.1658e+10 8.9603e+10   669%     -    1s
     0     0 8.9603e+10    0  335 1.1658e+10 8.9603e+10   669%     -    4s
H    0     0                    3.253364e+10 8.9603e+10   175%     -    4s
H    0     0                    4.419164e+10 8.9603e+10   103%     -    4s
     0     0 8.9603e+10    0  264 4.4192e+10 8.9603e+10   103%     -    4s
     0     0 8.9603e+10    0  327 4.4192e+10 8.9603e+10   103%     -   10s
     0     0 8.9603e+10    0  327 4.4192e+10 8.9603e+10   103%     -   12s
     0     2 8.9603e+10    0  201 4.4192e+10 8.9603e+10   103%     -   16s
    21    23 8.9603e+10   11  410 4.4192e+10 8.9603e+10   103%   726   20s
H   26    26                    4.710614e+10 8.9603e+10  90.2%   626   20s
H   26    26                    5.002064e+10 8.9603e+10  79.1%   626   20s
H   26    26                    5.293514e+10 8.9603e+10  69.3%   626   20s
H   27    27                    5.584964e+10 8.9603e+10  60.4%   605   21s
H   52    48                    6.167864e+10 8.9603e+10  45.3%   357   22s
H   78    69                    7.042214e+10 8.9603e+10  27.2%   249   22s
H   81    72                    7.333664e+10 8.9603e+10  22.2%   243   23s
H  104    87                    7.625114e+10 8.9603e+10  17.5%   195   23s
H  108    90                    7.916564e+10 8.9603e+10  13.2%   188   24s
H  132    96                    8.499464e+10 8.9603e+10  5.42%   158   24s
   158   115 8.9603e+10   65   75 8.4995e+10 8.9603e+10  5.42%   139   25s
   442   186 8.9603e+10   89   60 8.4995e+10 8.9603e+10  5.42%  62.6   30s
   474   174 8.9603e+10  100   89 8.4995e+10 8.9603e+10  5.42%  59.2   38s
   501   165 8.9603e+10   95   61 8.4995e+10 8.9603e+10  5.42%  56.7   40s
   631   138 8.9603e+10   96   81 8.4995e+10 8.9603e+10  5.42%  48.9   45s
   903   125 8.9603e+10   87  110 8.4995e+10 8.9603e+10  5.42%  41.1   50s
  1530   178 infeasible  111      8.4995e+10 8.9603e+10  5.42%  30.5   55s
  2086   223 8.9603e+10  104  327 8.4995e+10 8.9603e+10  5.42%  25.9   61s
  2089   225 8.9603e+10   88  289 8.4995e+10 8.9603e+10  5.42%  25.8   66s
H 2090   214                    8.668896e+10 8.9603e+10  3.36%  25.8   74s
  2092   215 8.9603e+10  123  500 8.6689e+10 8.9603e+10  3.36%  25.8   77s
  2093   216 8.9603e+10  142  388 8.6689e+10 8.9603e+10  3.36%  25.8   84s
  2094   216 8.9603e+10  131  419 8.6689e+10 8.9603e+10  3.36%  25.8   86s
  2095   217 8.9603e+10   72  130 8.6689e+10 8.9603e+10  3.36%  25.7   93s
  2097   218 8.9603e+10   88   36 8.6689e+10 8.9603e+10  3.36%  25.7   98s
  2099   220 8.9603e+10   48   16 8.6689e+10 8.9603e+10  3.36%  25.7  101s
  2107   225 8.9603e+10  104   32 8.6689e+10 8.9603e+10  3.36%  25.6  105s
  2119   235 8.9603e+10   19  244 8.6689e+10 8.9603e+10  3.36%  92.4  110s
  2135   246 8.9603e+10   32  123 8.6689e+10 8.9603e+10  3.36%  92.5  117s
  2152   242 8.9603e+10   12  276 8.6689e+10 8.9603e+10  3.36%  94.5  121s
  2160   245 8.9603e+10   17  316 8.6689e+10 8.9603e+10  3.36%  97.8  125s
  2184   253 8.9603e+10   36  222 8.6689e+10 8.9603e+10  3.36%  98.9  130s
  2213   244 8.9603e+10   42  144 8.6689e+10 8.9603e+10  3.36%  98.5  135s
  2251   230 8.9603e+10   41  101 8.6689e+10 8.9603e+10  3.36%  98.3  140s
  2287   219 infeasible   45      8.6689e+10 8.9603e+10  3.36%  97.6  145s
  2313   201 8.9603e+10   29  201 8.6689e+10 8.9603e+10  3.36%  98.4  150s
  2360   186 infeasible   31      8.6689e+10 8.9603e+10  3.36%  99.1  155s
  2439   163 infeasible   31      8.6689e+10 8.9603e+10  3.36%   101  160s
  2445   163 8.9603e+10   32  212 8.6689e+10 8.9603e+10  3.36%   101  166s
  2473   156 8.9603e+10   37  168 8.6689e+10 8.9603e+10  3.36%   101  174s
  2480   151 infeasible   36      8.6689e+10 8.9603e+10  3.36%   102  175s
  2527   138 8.9603e+10   36  239 8.6689e+10 8.9603e+10  3.36%   104  182s
  2558   139 8.9603e+10   50  147 8.6689e+10 8.9603e+10  3.36%   104  185s
  2608   145 8.9603e+10   38  236 8.6689e+10 8.9603e+10  3.36%   103  196s
  2683   116 8.9603e+10   75   76 8.6689e+10 8.9603e+10  3.36%   104  200s
  2834    69 8.9603e+10   59  179 8.6689e+10 8.9603e+10  3.36%   104  205s
  2948    61 8.9603e+10   53  215 8.6689e+10 8.9603e+10  3.36%   105  213s
  2958    65 8.9603e+10   58  192 8.6689e+10 8.9603e+10  3.36%   105  221s
  3026    63 8.9603e+10   54  155 8.6689e+10 8.9603e+10  3.36%   106  225s
  3109    50 8.9603e+10   37  190 8.6689e+10 8.9603e+10  3.36%   107  230s
  3176    47 8.9603e+10   38  137 8.6689e+10 8.9603e+10  3.36%   109  235s
  3232    49 8.9603e+10   38  244 8.6689e+10 8.9603e+10  3.36%   110  240s
  3287    55 8.9603e+10   32  263 8.6689e+10 8.9603e+10  3.36%   110  250s
  3373    46 8.9603e+10   27  256 8.6689e+10 8.9603e+10  3.36%   111  255s
  3442    50 8.9603e+10   34  153 8.6689e+10 8.9603e+10  3.36%   113  263s
  3464    50 8.9603e+10   37  255 8.6689e+10 8.9603e+10  3.36%   113  265s
  3526    60 infeasible   54      8.6689e+10 8.9603e+10  3.36%   114  270s
  3624    56 8.9603e+10   48  150 8.6689e+10 8.9603e+10  3.36%   115  275s
  3734    61 8.9603e+10   38  227 8.6689e+10 8.9603e+10  3.36%   116  280s
  3863    60 8.9603e+10   42  235 8.6689e+10 8.9603e+10  3.36%   117  285s
  3882    49 8.9603e+10   40  211 8.6689e+10 8.9603e+10  3.36%   117  290s
  3941    52 8.9603e+10   42  168 8.6689e+10 8.9603e+10  3.36%   119  308s
  3944    51 8.9603e+10   33  221 8.6689e+10 8.9603e+10  3.36%   119  312s
  3986    55 8.9603e+10   44  159 8.6689e+10 8.9603e+10  3.36%   120  315s
  4077    40 8.9603e+10   27  278 8.6689e+10 8.9603e+10  3.36%   120  320s
  4094    47 8.9603e+10   29  195 8.6689e+10 8.9603e+10  3.36%   122  325s
  4122    55 8.9603e+10   30  139 8.6689e+10 8.9603e+10  3.36%   123  332s
  4145    52 infeasible   28      8.6689e+10 8.9603e+10  3.36%   123  335s
  4192    55 8.9603e+10   33  121 8.6689e+10 8.9603e+10  3.36%   123  340s
  4233    58 8.9603e+10   35  165 8.6689e+10 8.9603e+10  3.36%   123  345s
  4252    61 8.9603e+10   37  109 8.6689e+10 8.9603e+10  3.36%   123  350s
  4253    62 8.9603e+10   38  108 8.6689e+10 8.9603e+10  3.36%   123  360s
  4304    88 8.9603e+10   73   87 8.6689e+10 8.9603e+10  3.36%   122  365s
  4365    55 8.9603e+10   31  128 8.6689e+10 8.9603e+10  3.36%   122  370s
  4420    63 8.9603e+10   45  102 8.6689e+10 8.9603e+10  3.36%   121  375s
  4443    82 8.9603e+10   66   91 8.6689e+10 8.9603e+10  3.36%   121  380s
  4512    59 infeasible   39      8.6689e+10 8.9603e+10  3.36%   120  385s
  4568    53 8.9603e+10   36  127 8.6689e+10 8.9603e+10  3.36%   119  390s
  4624    59 infeasible   38      8.6689e+10 8.9603e+10  3.36%   118  395s
  4661    62 8.9603e+10   35  166 8.6689e+10 8.9603e+10  3.36%   119  400s
  4700    62 8.9603e+10   33  162 8.6689e+10 8.9603e+10  3.36%   118  405s
  4761    62 8.9603e+10   47  151 8.6689e+10 8.9603e+10  3.36%   117  410s
  4784    63 8.9603e+10   35  175 8.6689e+10 8.9603e+10  3.36%   117  415s
  4885    84 8.9603e+10   46  106 8.6689e+10 8.9603e+10  3.36%   116  420s
  5186    86 8.9603e+10   58  127 8.6689e+10 8.9603e+10  3.36%   112  425s
  5375    74 8.9603e+10   46  185 8.6689e+10 8.9603e+10  3.36%   111  430s
  5452    61 8.9603e+10   42  194 8.6689e+10 8.9603e+10  3.36%   111  436s
  5558    62 8.9603e+10   35  192 8.6689e+10 8.9603e+10  3.36%   111  440s
  5635    58 infeasible   33      8.6689e+10 8.9603e+10  3.36%   111  445s
  5831    53 8.9603e+10   31  155 8.6689e+10 8.9603e+10  3.36%   111  450s
  5956    67 8.9603e+10   32  177 8.6689e+10 8.9603e+10  3.36%   112  455s
  6130   115 infeasible   60      8.6689e+10 8.9603e+10  3.36%   112  460s
  6193   102 infeasible   70      8.6689e+10 8.9603e+10  3.36%   111  465s
  6354    90 8.9603e+10   51  109 8.6689e+10 8.9603e+10  3.36%   111  470s
  6538    84 infeasible   47      8.6689e+10 8.9603e+10  3.36%   111  475s
  6653    75 8.9603e+10   33  175 8.6689e+10 8.9603e+10  3.36%   113  480s
  6785    74 8.9603e+10   33  167 8.6689e+10 8.9603e+10  3.36%   113  485s
  6897    68 8.9603e+10   44  203 8.6689e+10 8.9603e+10  3.36%   114  490s
  6898    69 8.9603e+10   45  148 8.6689e+10 8.9603e+10  3.36%   114  498s
  6935    69 8.9603e+10   37  186 8.6689e+10 8.9603e+10  3.36%   115  500s
  7002    61 8.9603e+10   36  142 8.6689e+10 8.9603e+10  3.36%   115  506s
  7096    56 8.9603e+10   26  207 8.6689e+10 8.9603e+10  3.36%   115  510s
  7226    63 infeasible   35      8.6689e+10 8.9603e+10  3.36%   116  515s
  7329    68 8.9603e+10   39  109 8.6689e+10 8.9603e+10  3.36%   117  520s
  7436    59 8.9603e+10   32  265 8.6689e+10 8.9603e+10  3.36%   118  525s
  7506    69 8.9603e+10   36  148 8.6689e+10 8.9603e+10  3.36%   120  530s
  7569    64 8.9603e+10   35  174 8.6689e+10 8.9603e+10  3.36%   122  535s
  7625    62 8.9603e+10   30  187 8.6689e+10 8.9603e+10  3.36%   124  540s
  7705    64 8.9603e+10   36  130 8.6689e+10 8.9603e+10  3.36%   125  545s
  7733    60 8.9603e+10   31  181 8.6689e+10 8.9603e+10  3.36%   126  552s
  7734    61 8.9603e+10   32  163 8.6689e+10 8.9603e+10  3.36%   126  556s
  7786    55 8.9603e+10   26  227 8.6689e+10 8.9603e+10  3.36%   127  560s
  7862    55 8.9603e+10   37  151 8.6689e+10 8.9603e+10  3.36%   129  565s
  7904    45 infeasible   28      8.6689e+10 8.9603e+10  3.36%   130  570s
  7950    50 8.9603e+10   34  121 8.6689e+10 8.9603e+10  3.36%   130  575s
  7991    49 infeasible   36      8.6689e+10 8.9603e+10  3.36%   130  580s
  8028    49 8.9603e+10   35  180 8.6689e+10 8.9603e+10  3.36%   131  585s
  8056    51 8.9603e+10   33  202 8.6689e+10 8.9603e+10  3.36%   131  590s
  8100    51 infeasible   38      8.6689e+10 8.9603e+10  3.36%   131  595s
  8146    50 8.9603e+10   37  184 8.6689e+10 8.9603e+10  3.36%   131  600s
  8186    48 8.9603e+10   36  156 8.6689e+10 8.9603e+10  3.36%   131  605s
  8201    45 8.9603e+10   33  223 8.6689e+10 8.9603e+10  3.36%   131  645s
  8213    49 8.9603e+10   30  268 8.6689e+10 8.9603e+10  3.36%   131  658s
  8219    49 8.9603e+10   31  281 8.6689e+10 8.9603e+10  3.36%   132  660s
  8264    49 8.9603e+10   39  144 8.6689e+10 8.9603e+10  3.36%   132  665s
  8300    46 8.9603e+10   29  169 8.6689e+10 8.9603e+10  3.36%   132  670s
  8342    42 infeasible   31      8.6689e+10 8.9603e+10  3.36%   132  675s
  8373    43 8.9603e+10   21  308 8.6689e+10 8.9603e+10  3.36%   133  680s
  8400    50 infeasible   34      8.6689e+10 8.9603e+10  3.36%   134  685s
  8428    50 8.9603e+10   25  297 8.6689e+10 8.9603e+10  3.36%   134  690s
  8456    46 8.9603e+10   30  248 8.6689e+10 8.9603e+10  3.36%   134  696s
  8480    46 8.9603e+10   25  186 8.6689e+10 8.9603e+10  3.36%   135  700s
  8512    52 8.9603e+10   34  170 8.6689e+10 8.9603e+10  3.36%   135  705s
  8556    50 8.9603e+10   33  142 8.6689e+10 8.9603e+10  3.36%   135  710s
  8638    52 8.9603e+10   32  251 8.6689e+10 8.9603e+10  3.36%   136  715s
  8683    48 8.9603e+10   28  271 8.6689e+10 8.9603e+10  3.36%   136  729s
  8689    46 8.9603e+10   28  269 8.6689e+10 8.9603e+10  3.36%   137  730s
  8761    46 8.9603e+10   32  111 8.6689e+10 8.9603e+10  3.36%   137  735s
  8793    46 infeasible   28      8.6689e+10 8.9603e+10  3.36%   138  740s
  8837    41 infeasible   28      8.6689e+10 8.9603e+10  3.36%   138  745s
  8856    41 8.9603e+10   33  177 8.6689e+10 8.9603e+10  3.36%   138  763s
  8872    39 infeasible   35      8.6689e+10 8.9603e+10  3.36%   138  765s
  8911    50 8.9603e+10   19  174 8.6689e+10 8.9603e+10  3.36%   139  771s
  8930    62 8.9603e+10   33  161 8.6689e+10 8.9603e+10  3.36%   139  775s
  8998    58 8.9603e+10   29  148 8.6689e+10 8.9603e+10  3.36%   139  780s
  9140    56 8.9603e+10   26  203 8.6689e+10 8.9603e+10  3.36%   139  785s
  9244    92 8.9603e+10   40  167 8.6689e+10 8.9603e+10  3.36%   138  790s
  9377   127 8.9603e+10   71  112 8.6689e+10 8.9603e+10  3.36%   138  795s
  9444   101 8.9603e+10   37  183 8.6689e+10 8.9603e+10  3.36%   138  804s
  9449    98 infeasible   37      8.6689e+10 8.9603e+10  3.36%   138  805s
  9526    99 infeasible   35      8.6689e+10 8.9603e+10  3.36%   137  810s
  9704   102 infeasible   38      8.6689e+10 8.9603e+10  3.36%   136  815s
  9825    82 8.9603e+10   30  180 8.6689e+10 8.9603e+10  3.36%   135  820s
  9941    82 infeasible   33      8.6689e+10 8.9603e+10  3.36%   135  825s
 10076    90 8.9603e+10   35  141 8.6689e+10 8.9603e+10  3.36%   135  830s
 10259    88 8.9603e+10   31  172 8.6689e+10 8.9603e+10  3.36%   134  835s
 10376   102 infeasible   34      8.6689e+10 8.9603e+10  3.36%   135  840s
 10507    94 infeasible   34      8.6689e+10 8.9603e+10  3.36%   136  845s
 10578    87 8.9603e+10   34  190 8.6689e+10 8.9603e+10  3.36%   136  850s
 10652    91 infeasible   40      8.6689e+10 8.9603e+10  3.36%   136  855s
 10699    97 8.9603e+10   43  256 8.6689e+10 8.9603e+10  3.36%   136  860s
 10725    91 8.9603e+10   34  197 8.6689e+10 8.9603e+10  3.36%   136  865s
 10809    95 8.9603e+10   37  224 8.6689e+10 8.9603e+10  3.36%   136  870s
 10976    90 infeasible   36      8.6689e+10 8.9603e+10  3.36%   136  875s
 11032    87 8.9603e+10   39  143 8.6689e+10 8.9603e+10  3.36%   136  880s
 11137    82 infeasible   36      8.6689e+10 8.9603e+10  3.36%   136  885s
 11266    77 8.9603e+10   30  174 8.6689e+10 8.9603e+10  3.36%   136  890s
 11333    91 infeasible   40      8.6689e+10 8.9603e+10  3.36%   136 1019s
 11363    95 infeasible   48      8.6689e+10 8.9603e+10  3.36%   136 1020s
 11467    77 8.9603e+10   27  190 8.6689e+10 8.9603e+10  3.36%   136 1026s
 11570    58 8.9603e+10   31  161 8.6689e+10 8.9603e+10  3.36%   136 1030s
 11712    61 8.9603e+10   33  175 8.6689e+10 8.9603e+10  3.36%   136 1035s
 11848    61 8.9603e+10   33  158 8.6689e+10 8.9603e+10  3.36%   136 1040s
 11967    58 8.9603e+10   29  186 8.6689e+10 8.9603e+10  3.36%   137 1045s
 11992    71 8.9603e+10   28  209 8.6689e+10 8.9603e+10  3.36%   137 1050s
 12033    69 infeasible   30      8.6689e+10 8.9603e+10  3.36%   137 1055s
 12082    70 8.9603e+10   35  134 8.6689e+10 8.9603e+10  3.36%   137 1060s
 12104    74 8.9603e+10   36  120 8.6689e+10 8.9603e+10  3.36%   137 1065s
 12205    64 8.9603e+10   28  195 8.6689e+10 8.9603e+10  3.36%   137 1070s
 12345    75 8.9603e+10   41  176 8.6689e+10 8.9603e+10  3.36%   138 1075s
 12434    69 8.9603e+10   35  146 8.6689e+10 8.9603e+10  3.36%   138 1081s
 12537    70 8.9603e+10   30  170 8.6689e+10 8.9603e+10  3.36%   138 1085s
 12588    71 8.9603e+10   34  120 8.6689e+10 8.9603e+10  3.36%   138 1090s
 12729    74 8.9603e+10   35  124 8.6689e+10 8.9603e+10  3.36%   138 1095s
 12825    70 8.9603e+10   42   97 8.6689e+10 8.9603e+10  3.36%   137 1102s
 12924    66 8.9603e+10   30  144 8.6689e+10 8.9603e+10  3.36%   137 1105s
 13031    63 infeasible   33      8.6689e+10 8.9603e+10  3.36%   137 1110s
 13166    64 infeasible   37      8.6689e+10 8.9603e+10  3.36%   138 1115s
 13239    64 8.9603e+10   29  135 8.6689e+10 8.9603e+10  3.36%   138 1120s
 13291    70 8.9603e+10   38  144 8.6689e+10 8.9603e+10  3.36%   138 1125s
 13313    72 infeasible   39      8.6689e+10 8.9603e+10  3.36%   138 1130s
 13416    70 8.9603e+10   40  155 8.6689e+10 8.9603e+10  3.36%   139 1135s
 13544    74 8.9603e+10   37  210 8.6689e+10 8.9603e+10  3.36%   139 1140s
 13624    73 8.9603e+10   43  196 8.6689e+10 8.9603e+10  3.36%   139 1145s
 13726    70 8.9603e+10   41  145 8.6689e+10 8.9603e+10  3.36%   139 1150s
 13788    69 8.9603e+10   31  146 8.6689e+10 8.9603e+10  3.36%   139 1155s
 13831    71 8.9603e+10   37  172 8.6689e+10 8.9603e+10  3.36%   139 1160s
 13886    75 8.9603e+10   41  104 8.6689e+10 8.9603e+10  3.36%   139 1165s
 13970    65 8.9603e+10   40  172 8.6689e+10 8.9603e+10  3.36%   139 1170s
 14055    72 8.9603e+10   34  166 8.6689e+10 8.9603e+10  3.36%   140 1175s
 14166    77 8.9603e+10   40  119 8.6689e+10 8.9603e+10  3.36%   140 1185s
 14272    66 8.9603e+10   33  113 8.6689e+10 8.9603e+10  3.36%   140 1190s
 14332    72 8.9603e+10   39  212 8.6689e+10 8.9603e+10  3.36%   140 1195s
 14438    80 8.9603e+10   41  179 8.6689e+10 8.9603e+10  3.36%   141 1200s
 14450    80 8.9603e+10   38  214 8.6689e+10 8.9603e+10  3.36%   141 1207s
 14500    76 8.9603e+10   46  183 8.6689e+10 8.9603e+10  3.36%   141 1210s
 14612    69 8.9603e+10   42  145 8.6689e+10 8.9603e+10  3.36%   141 1215s
 14665    66 8.9603e+10   32  163 8.6689e+10 8.9603e+10  3.36%   141 1220s
 14755    68 8.9603e+10   37  135 8.6689e+10 8.9603e+10  3.36%   141 1225s
 14816    72 8.9603e+10   40  154 8.6689e+10 8.9603e+10  3.36%   142 1230s
 14872    69 8.9603e+10   35  147 8.6689e+10 8.9603e+10  3.36%   142 1235s
 14962    65 8.9603e+10   41  111 8.6689e+10 8.9603e+10  3.36%   142 1240s
 14999    64 8.9603e+10   34  142 8.6689e+10 8.9603e+10  3.36%   142 1246s
 15022    71 8.9603e+10   35  157 8.6689e+10 8.9603e+10  3.36%   142 1250s
 15052    69 8.9603e+10   37  104 8.6689e+10 8.9603e+10  3.36%   142 1256s
 15091    67 8.9603e+10   30  147 8.6689e+10 8.9603e+10  3.36%   142 1260s
 15153    70 8.9603e+10   35  135 8.6689e+10 8.9603e+10  3.36%   142 1265s
 15237    78 8.9603e+10   39  173 8.6689e+10 8.9603e+10  3.36%   142 1270s
 15348    75 8.9603e+10   32  166 8.6689e+10 8.9603e+10  3.36%   142 1275s
 15459    68 8.9603e+10   40  173 8.6689e+10 8.9603e+10  3.36%   142 1280s
 15545    64 8.9603e+10   32  183 8.6689e+10 8.9603e+10  3.36%   142 1285s
 15593    70 8.9603e+10   38  124 8.6689e+10 8.9603e+10  3.36%   142 1290s
 15602    69 8.9603e+10   26  142 8.6689e+10 8.9603e+10  3.36%   142 1295s
 15635    74 8.9603e+10   32  198 8.6689e+10 8.9603e+10  3.36%   142 1300s
 15750    75 8.9603e+10   27  162 8.6689e+10 8.9603e+10  3.36%   142 1305s
 15833    76 8.9603e+10   29  119 8.6689e+10 8.9603e+10  3.36%   142 1310s
 15931    77 8.9603e+10   37  128 8.6689e+10 8.9603e+10  3.36%   143 1315s
 16072    73 8.9603e+10   37  155 8.6689e+10 8.9603e+10  3.36%   143 1320s
 16144    75 8.9603e+10   42  158 8.6689e+10 8.9603e+10  3.36%   143 1329s
 16151    72 infeasible   43      8.6689e+10 8.9603e+10  3.36%   143 1330s
 16218    74 8.9603e+10   38   99 8.6689e+10 8.9603e+10  3.36%   143 1335s
 16281    77 8.9603e+10   37  146 8.6689e+10 8.9603e+10  3.36%   143 1340s
 16403    88 8.9603e+10   41  148 8.6689e+10 8.9603e+10  3.36%   143 1345s
 16540    72 8.9603e+10   35  103 8.6689e+10 8.9603e+10  3.36%   143 1350s
 16602    77 infeasible   37      8.6689e+10 8.9603e+10  3.36%   143 1355s
 16748    80 8.9603e+10   41  143 8.6689e+10 8.9603e+10  3.36%   143 1360s
 16930    67 8.9603e+10   31  189 8.6689e+10 8.9603e+10  3.36%   143 1365s
 16979    58 8.9603e+10   27  158 8.6689e+10 8.9603e+10  3.36%   143 1370s
 17014    67 infeasible   32      8.6689e+10 8.9603e+10  3.36%   143 1375s
 17157    67 infeasible   39      8.6689e+10 8.9603e+10  3.36%   143 1380s
 17296    64 8.9603e+10   28  159 8.6689e+10 8.9603e+10  3.36%   143 1385s
 17352    62 8.9603e+10   29  155 8.6689e+10 8.9603e+10  3.36%   143 1392s
 17433    57 8.9603e+10   25  128 8.6689e+10 8.9603e+10  3.36%   143 1395s
 17507    64 8.9603e+10   34  131 8.6689e+10 8.9603e+10  3.36%   143 1400s
 17643    59 8.9603e+10   30  202 8.6689e+10 8.9603e+10  3.36%   142 1405s
 17685    67 8.9603e+10   39  182 8.6689e+10 8.9603e+10  3.36%   142 1410s
 17711    63 8.9603e+10   35  205 8.6689e+10 8.9603e+10  3.36%   142 1415s
 17789    59 8.9603e+10   31  169 8.6689e+10 8.9603e+10  3.36%   143 1420s
 17841    57 8.9603e+10   30  210 8.6689e+10 8.9603e+10  3.36%   143 1425s
 17865    65 8.9603e+10   29  155 8.6689e+10 8.9603e+10  3.36%   143 1432s
 17890    66 8.9603e+10   32  145 8.6689e+10 8.9603e+10  3.36%   143 1435s
 17949    59 8.9603e+10   27  136 8.6689e+10 8.9603e+10  3.36%   144 1440s
 18081    64 8.9603e+10   26  109 8.6689e+10 8.9603e+10  3.36%   143 1445s
 18251    61 8.9603e+10   31  176 8.6689e+10 8.9603e+10  3.36%   143 1450s
 18325    64 8.9603e+10   31  166 8.6689e+10 8.9603e+10  3.36%   143 1455s
 18432    69 8.9603e+10   31  174 8.6689e+10 8.9603e+10  3.36%   144 1460s
 18535    66 infeasible   36      8.6689e+10 8.9603e+10  3.36%   144 1465s
 18606    67 8.9603e+10   29  175 8.6689e+10 8.9603e+10  3.36%   144 1470s
 18714    61 8.9603e+10   30  156 8.6689e+10 8.9603e+10  3.36%   144 1475s
 18731    70 8.9603e+10   35  160 8.6689e+10 8.9603e+10  3.36%   144 1501s
 18764    65 8.9603e+10   32  133 8.6689e+10 8.9603e+10  3.36%   144 1505s
 18818    63 8.9603e+10   31  124 8.6689e+10 8.9603e+10  3.36%   144 1512s
 18859    59 8.9603e+10   30  134 8.6689e+10 8.9603e+10  3.36%   145 1515s
 18931    60 8.9603e+10   28  153 8.6689e+10 8.9603e+10  3.36%   145 1520s
 18966    64 8.9603e+10   30  230 8.6689e+10 8.9603e+10  3.36%   145 1525s
 19011    59 infeasible   30      8.6689e+10 8.9603e+10  3.36%   145 1530s
 19044    67 8.9603e+10   30  236 8.6689e+10 8.9603e+10  3.36%   145 1537s
 19068    65 8.9603e+10   32  240 8.6689e+10 8.9603e+10  3.36%   145 1540s
 19111    64 8.9603e+10   33  141 8.6689e+10 8.9603e+10  3.36%   145 1545s
 19153    62 8.9603e+10   33  190 8.6689e+10 8.9603e+10  3.36%   145 1550s
 19188    59 8.9603e+10   32  153 8.6689e+10 8.9603e+10  3.36%   145 1557s
 19212    65 infeasible   36      8.6689e+10 8.9603e+10  3.36%   145 1560s
 19335    58 8.9603e+10   30  135 8.6689e+10 8.9603e+10  3.36%   145 1565s
 19457    58 8.9603e+10   28  113 8.6689e+10 8.9603e+10  3.36%   146 1570s
 19497    65 8.9603e+10   28  181 8.6689e+10 8.9603e+10  3.36%   146 1575s
 19562    66 infeasible   30      8.6689e+10 8.9603e+10  3.36%   146 1580s
 19653    65 8.9603e+10   23  102 8.6689e+10 8.9603e+10  3.36%   146 1585s
 19753    79 8.9603e+10   36  152 8.6689e+10 8.9603e+10  3.36%   147 1590s
 19832    68 8.9603e+10   27  167 8.6689e+10 8.9603e+10  3.36%   147 1595s
 19934    70 8.9603e+10   33  138 8.6689e+10 8.9603e+10  3.36%   147 1601s
 20033    68 8.9603e+10   29  131 8.6689e+10 8.9603e+10  3.36%   147 1605s
 20095    66 8.9603e+10   29  111 8.6689e+10 8.9603e+10  3.36%   147 1611s
 20181    61 8.9603e+10   27  124 8.6689e+10 8.9603e+10  3.36%   147 1615s
 20263    58 8.9603e+10   30  175 8.6689e+10 8.9603e+10  3.36%   147 1620s
 20375    56 infeasible   29      8.6689e+10 8.9603e+10  3.36%   147 1625s
 20420    57 infeasible   29      8.6689e+10 8.9603e+10  3.36%   148 1630s
 20438    59 8.9603e+10   29  201 8.6689e+10 8.9603e+10  3.36%   148 1635s
 20485    54 8.9603e+10   28  160 8.6689e+10 8.9603e+10  3.36%   148 1640s
 20528    55 8.9603e+10   26  165 8.6689e+10 8.9603e+10  3.36%   148 1645s
 20588    51 8.9603e+10   27  147 8.6689e+10 8.9603e+10  3.36%   148 1650s
 20643    50 8.9603e+10   29  225 8.6689e+10 8.9603e+10  3.36%   148 1658s
 20677    54 8.9603e+10   32  175 8.6689e+10 8.9603e+10  3.36%   149 1660s
 20803    53 8.9603e+10   26  164 8.6689e+10 8.9603e+10  3.36%   149 1665s
 20909    52 8.9603e+10   32  156 8.6689e+10 8.9603e+10  3.36%   149 1670s
 20965    45 8.9603e+10   34  179 8.6689e+10 8.9603e+10  3.36%   149 1675s
 21010    43 8.9603e+10   30  209 8.6689e+10 8.9603e+10  3.36%   149 1680s
 21124    41 8.9603e+10   35  199 8.6689e+10 8.9603e+10  3.36%   149 1685s
 21187    52 8.9603e+10   30  312 8.6689e+10 8.9603e+10  3.36%   150 1699s
 21197    62 8.9603e+10   35  171 8.6689e+10 8.9603e+10  3.36%   150 1700s
 21244    89 infeasible   61      8.6689e+10 8.9603e+10  3.36%   149 1705s
 21315    98 8.9603e+10   57  188 8.6689e+10 8.9603e+10  3.36%   149 1710s
 21431    82 infeasible   53      8.6689e+10 8.9603e+10  3.36%   149 1715s
 21505    94 infeasible   60      8.6689e+10 8.9603e+10  3.36%   149 1720s
 21579    91 8.9603e+10   57  205 8.6689e+10 8.9603e+10  3.36%   149 1725s
 21666   107 8.9603e+10   65  163 8.6689e+10 8.9603e+10  3.36%   150 1730s
 21770   107 8.9603e+10   49  262 8.6689e+10 8.9603e+10  3.36%   150 1735s
 21889    93 8.9603e+10   60  151 8.6689e+10 8.9603e+10  3.36%   150 1740s
 22037    89 8.9603e+10   58  129 8.6689e+10 8.9603e+10  3.36%   150 1745s
 22166    82 8.9603e+10   56  188 8.6689e+10 8.9603e+10  3.36%   150 1750s
 22320    87 8.9603e+10   54  195 8.6689e+10 8.9603e+10  3.36%   150 1755s
 22395    88 8.9603e+10   56  229 8.6689e+10 8.9603e+10  3.36%   150 1765s
 22519    89 8.9603e+10   51  190 8.6689e+10 8.9603e+10  3.36%   150 1770s
 22664    81 8.9603e+10   56  150 8.6689e+10 8.9603e+10  3.36%   149 1775s
 22760    89 8.9603e+10   65  149 8.6689e+10 8.9603e+10  3.36%   150 1780s
 22903    82 8.9603e+10   59  194 8.6689e+10 8.9603e+10  3.36%   150 1785s
 23078   177 8.9603e+10  117   80 8.6689e+10 8.9603e+10  3.36%   149 1790s
 23294   180 8.9603e+10   59  210 8.6689e+10 8.9603e+10  3.36%   148 1795s
 23492   144 8.9603e+10   82  135 8.6689e+10 8.9603e+10  3.36%   148 1800s
 23691    88 8.9603e+10   72  114 8.6689e+10 8.9603e+10  3.36%   147 1805s
 23783    83 8.9603e+10   52  182 8.6689e+10 8.9603e+10  3.36%   147 1810s
 23895    85 8.9603e+10   56  158 8.6689e+10 8.9603e+10  3.36%   147 1819s
 23922    86 8.9603e+10   54  195 8.6689e+10 8.9603e+10  3.36%   147 1820s
 24048    87 8.9603e+10   55  178 8.6689e+10 8.9603e+10  3.36%   148 1825s
 24192    84 8.9603e+10   62  127 8.6689e+10 8.9603e+10  3.36%   147 1830s
 24358   111 8.9603e+10   68  169 8.6689e+10 8.9603e+10  3.36%   147 1835s
 24593    96 infeasible   75      8.6689e+10 8.9603e+10  3.36%   146 1840s
 24688    81 8.9603e+10   51  144 8.6689e+10 8.9603e+10  3.36%   147 1845s
 24753    82 8.9603e+10   52  156 8.6689e+10 8.9603e+10  3.36%   147 1852s
 24786    81 infeasible   56      8.6689e+10 8.9603e+10  3.36%   147 1855s
 24800    83 8.9603e+10   50  160 8.6689e+10 8.9603e+10  3.36%   147 1864s
 24808    81 8.9603e+10   57  215 8.6689e+10 8.9603e+10  3.36%   147 1865s
 24898    75 8.9603e+10   52  243 8.6689e+10 8.9603e+10  3.36%   148 1870s
 24973    71 8.9603e+10   44  283 8.6689e+10 8.9603e+10  3.36%   148 1875s
 25030    73 8.9603e+10   49  265 8.6689e+10 8.9603e+10  3.36%   149 1880s
 25133    76 8.9603e+10   50  210 8.6689e+10 8.9603e+10  3.36%   149 1885s
 25219    74 8.9603e+10   48  334 8.6689e+10 8.9603e+10  3.36%   150 1890s
 25282    88 8.9603e+10   61  215 8.6689e+10 8.9603e+10  3.36%   150 1895s
 25284    88 8.9603e+10   62  208 8.6689e+10 8.9603e+10  3.36%   150 1906s
 25361    89 8.9603e+10   60  189 8.6689e+10 8.9603e+10  3.36%   150 1910s
 25447    92 8.9603e+10   56  163 8.6689e+10 8.9603e+10  3.36%   150 1915s
 25581   104 infeasible   64      8.6689e+10 8.9603e+10  3.36%   150 1920s
 25691    85 8.9603e+10   60  177 8.6689e+10 8.9603e+10  3.36%   150 1925s
 25786    76 8.9603e+10   52  200 8.6689e+10 8.9603e+10  3.36%   150 1930s
 25928    98 8.9603e+10   70  123 8.6689e+10 8.9603e+10  3.36%   150 1939s
 25956    91 infeasible   65      8.6689e+10 8.9603e+10  3.36%   150 1940s
 26090    89 8.9603e+10   57  220 8.6689e+10 8.9603e+10  3.36%   150 1945s
 26201    73 8.9603e+10   48  202 8.6689e+10 8.9603e+10  3.36%   150 1950s
 26308    76 infeasible   54      8.6689e+10 8.9603e+10  3.36%   150 1955s
 26406    71 8.9603e+10   51  212 8.6689e+10 8.9603e+10  3.36%   150 1960s
 26488    68 8.9603e+10   44  239 8.6689e+10 8.9603e+10  3.36%   150 1965s
 26501    65 8.9603e+10   40  226 8.6689e+10 8.9603e+10  3.36%   150 1970s
 26537    65 infeasible   38      8.6689e+10 8.9603e+10  3.36%   151 1975s
 26564    60 8.9603e+10   35  196 8.6689e+10 8.9603e+10  3.36%   152 1980s
 26638    89 8.9603e+10   46  170 8.6689e+10 8.9603e+10  3.36%   152 1985s
 26776    86 8.9603e+10   42  179 8.6689e+10 8.9603e+10  3.36%   152 1990s
 26888    91 8.9603e+10   58  145 8.6689e+10 8.9603e+10  3.36%   152 1995s
 26982    94 8.9603e+10   45  141 8.6689e+10 8.9603e+10  3.36%   152 2006s
 27055    94 8.9603e+10   49  193 8.6689e+10 8.9603e+10  3.36%   152 2010s
 27170    85 8.9603e+10   48  164 8.6689e+10 8.9603e+10  3.36%   152 2015s
 27280    89 8.9603e+10   45  176 8.6689e+10 8.9603e+10  3.36%   152 2020s
 27396    82 8.9603e+10   47  226 8.6689e+10 8.9603e+10  3.36%   152 2025s
 27488    86 8.9603e+10   46  229 8.6689e+10 8.9603e+10  3.36%   152 2030s
 27591    90 8.9603e+10   38  105 8.6689e+10 8.9603e+10  3.36%   152 2035s
 27684   100 infeasible   47      8.6689e+10 8.9603e+10  3.36%   153 2040s
 27765    97 8.9603e+10   42  226 8.6689e+10 8.9603e+10  3.36%   153 2045s
 27812    94 8.9603e+10   46  185 8.6689e+10 8.9603e+10  3.36%   153 2050s
 27906    92 8.9603e+10   45  147 8.6689e+10 8.9603e+10  3.36%   153 2055s
 27962    84 8.9603e+10   50  237 8.6689e+10 8.9603e+10  3.36%   153 2063s
 27965    83 8.9603e+10   38  282 8.6689e+10 8.9603e+10  3.36%   153 2093s
 27996    84 8.9603e+10   41  140 8.6689e+10 8.9603e+10  3.36%   153 2095s
 28086    80 8.9603e+10   47  183 8.6689e+10 8.9603e+10  3.36%   153 2105s
 28183    92 8.9603e+10   52  182 8.6689e+10 8.9603e+10  3.36%   153 2110s
 28347    92 8.9603e+10   67   85 8.6689e+10 8.9603e+10  3.36%   153 2115s
 28473    80 8.9603e+10   40  220 8.6689e+10 8.9603e+10  3.36%   153 2120s
 28578    90 8.9603e+10   56  142 8.6689e+10 8.9603e+10  3.36%   153 2125s
 28712   140 8.9603e+10   43  235 8.6689e+10 8.9603e+10  3.36%   153 2130s
 28896   156 8.9603e+10   72  120 8.6689e+10 8.9603e+10  3.36%   153 2135s
 29035   142 8.9603e+10   54  153 8.6689e+10 8.9603e+10  3.36%   152 2141s
 29149   157 8.9603e+10   44  268 8.6689e+10 8.9603e+10  3.36%   152 2145s
 29332   167 infeasible   54      8.6689e+10 8.9603e+10  3.36%   152 2150s
 29489   150 8.9603e+10   61  136 8.6689e+10 8.9603e+10  3.36%   151 2155s
 29534   125 8.9603e+10   60  136 8.6689e+10 8.9603e+10  3.36%   151 2162s
 29593   112 8.9603e+10   43  249 8.6689e+10 8.9603e+10  3.36%   151 2165s
 29683    80 8.9603e+10   44  181 8.6689e+10 8.9603e+10  3.36%   152 2170s
 29751    83 8.9603e+10   41  287 8.6689e+10 8.9603e+10  3.36%   152 2175s
 29846    82 8.9603e+10   43  180 8.6689e+10 8.9603e+10  3.36%   152 2180s
 29935    81 8.9603e+10   47  184 8.6689e+10 8.9603e+10  3.36%   152 2185s
 30019    76 8.9603e+10   38  236 8.6689e+10 8.9603e+10  3.36%   152 2190s
 30093    79 8.9603e+10   40  197 8.6689e+10 8.9603e+10  3.36%   153 2202s
 30141    81 8.9603e+10   45  217 8.6689e+10 8.9603e+10  3.36%   153 2205s
 30235    74 8.9603e+10   38  281 8.6689e+10 8.9603e+10  3.36%   153 2210s
 30319    66 8.9603e+10   39  226 8.6689e+10 8.9603e+10  3.36%   153 2215s
 30416    67 8.9603e+10   41  222 8.6689e+10 8.9603e+10  3.36%   153 2220s
 30509    65 8.9603e+10   43  217 8.6689e+10 8.9603e+10  3.36%   154 2225s
 30587    81 8.9603e+10   50  143 8.6689e+10 8.9603e+10  3.36%   154 2230s
 30711    65 8.9603e+10   43  181 8.6689e+10 8.9603e+10  3.36%   154 2235s
 30812    62 8.9603e+10   37  277 8.6689e+10 8.9603e+10  3.36%   154 2240s
 30891    67 8.9603e+10   42  271 8.6689e+10 8.9603e+10  3.36%   154 2245s
 30955    70 8.9603e+10   43  219 8.6689e+10 8.9603e+10  3.36%   155 2250s
 31009    60 8.9603e+10   40  216 8.6689e+10 8.9603e+10  3.36%   155 2255s
 31071    69 8.9603e+10   43  270 8.6689e+10 8.9603e+10  3.36%   155 2260s
 31120    87 8.9603e+10   51  237 8.6689e+10 8.9603e+10  3.36%   155 2272s
 31189    90 8.9603e+10   53  203 8.6689e+10 8.9603e+10  3.36%   155 2275s
 31296    95 8.9603e+10   45  258 8.6689e+10 8.9603e+10  3.36%   155 2280s
 31427    91 8.9603e+10   51  183 8.6689e+10 8.9603e+10  3.36%   155 2285s
 31519    79 8.9603e+10   45  277 8.6689e+10 8.9603e+10  3.36%   156 2290s
 31589    91 8.9603e+10   45  175 8.6689e+10 8.9603e+10  3.36%   156 2295s
 31682    77 infeasible   47      8.6689e+10 8.9603e+10  3.36%   156 2300s
 31749    86 8.9603e+10   41  194 8.6689e+10 8.9603e+10  3.36%   156 2305s
 31830    82 8.9603e+10   46  214 8.6689e+10 8.9603e+10  3.36%   157 2310s
 31920    83 infeasible   47      8.6689e+10 8.9603e+10  3.36%   157 2315s
 32012    81 8.9603e+10   45  193 8.6689e+10 8.9603e+10  3.36%   157 2320s
 32101    90 8.9603e+10   48  240 8.6689e+10 8.9603e+10  3.36%   157 2325s
 32227    88 infeasible   53      8.6689e+10 8.9603e+10  3.36%   157 2330s
 32273    88 8.9603e+10   45  128 8.6689e+10 8.9603e+10  3.36%   157 2335s
 32379    84 8.9603e+10   42  201 8.6689e+10 8.9603e+10  3.36%   157 2340s
 32512    92 8.9603e+10   45  166 8.6689e+10 8.9603e+10  3.36%   157 2345s
 32646    98 8.9603e+10   58  239 8.6689e+10 8.9603e+10  3.36%   157 2350s
 32766    90 8.9603e+10   48  171 8.6689e+10 8.9603e+10  3.36%   157 2355s
 32871    93 8.9603e+10   53  146 8.6689e+10 8.9603e+10  3.36%   157 2360s
 32923    83 8.9603e+10   43  179 8.6689e+10 8.9603e+10  3.36%   157 2365s
 33013    92 8.9603e+10   47  245 8.6689e+10 8.9603e+10  3.36%   157 2370s
 33120    87 8.9603e+10   51  235 8.6689e+10 8.9603e+10  3.36%   157 2375s
 33238    83 8.9603e+10   48  201 8.6689e+10 8.9603e+10  3.36%   157 2380s
 33306    85 8.9603e+10   44  214 8.6689e+10 8.9603e+10  3.36%   158 2389s
 33317    82 8.9603e+10   43  226 8.6689e+10 8.9603e+10  3.36%   158 2390s
 33413    83 infeasible   46      8.6689e+10 8.9603e+10  3.36%   158 2395s
 33505    87 8.9603e+10   53  194 8.6689e+10 8.9603e+10  3.36%   158 2400s
 33593    79 8.9603e+10   45  208 8.6689e+10 8.9603e+10  3.36%   158 2405s
 33677    79 8.9603e+10   40  214 8.6689e+10 8.9603e+10  3.36%   159 2410s
 33763    78 infeasible   45      8.6689e+10 8.9603e+10  3.36%   159 2415s
 33845    94 8.9603e+10   44  281 8.6689e+10 8.9603e+10  3.36%   159 2420s
 33933    94 8.9603e+10   44  125 8.6689e+10 8.9603e+10  3.36%   159 2425s
 33996   100 8.9603e+10   44  167 8.6689e+10 8.9603e+10  3.36%   159 2433s
 34024    95 8.9603e+10   44  200 8.6689e+10 8.9603e+10  3.36%   159 2435s
 34125    96 8.9603e+10   45  169 8.6689e+10 8.9603e+10  3.36%   159 2440s
 34222   101 infeasible   47      8.6689e+10 8.9603e+10  3.36%   160 2445s
 34345    97 8.9603e+10   53  163 8.6689e+10 8.9603e+10  3.36%   160 2450s
 34448    92 infeasible   45      8.6689e+10 8.9603e+10  3.36%   160 2455s
 34574    96 8.9603e+10   45  126 8.6689e+10 8.9603e+10  3.36%   160 2460s
 34613   102 8.9603e+10   55  200 8.6689e+10 8.9603e+10  3.36%   160 2465s
 34714    95 infeasible   47      8.6689e+10 8.9603e+10  3.36%   160 2470s
 34807    96 8.9603e+10   44  226 8.6689e+10 8.9603e+10  3.36%   160 2475s
 34902    88 8.9603e+10   38  292 8.6689e+10 8.9603e+10  3.36%   160 2480s
 35001    93 infeasible   43      8.6689e+10 8.9603e+10  3.36%   160 2485s
 35030    92 8.9603e+10   43  227 8.6689e+10 8.9603e+10  3.36%   161 2490s
 35126    96 8.9603e+10   44  254 8.6689e+10 8.9603e+10  3.36%   161 2495s
 35220    94 8.9603e+10   44  157 8.6689e+10 8.9603e+10  3.36%   161 2500s
 35309    97 8.9603e+10   47  245 8.6689e+10 8.9603e+10  3.36%   161 2512s
 35357    98 8.9603e+10   53  125 8.6689e+10 8.9603e+10  3.36%   161 2523s
 35382    95 8.9603e+10   43  200 8.6689e+10 8.9603e+10  3.36%   161 2525s
 35489   105 8.9603e+10   47  232 8.6689e+10 8.9603e+10  3.36%   161 2530s
 35617   105 8.9603e+10   49  178 8.6689e+10 8.9603e+10  3.36%   161 2535s
 35745   102 8.9603e+10   51  180 8.6689e+10 8.9603e+10  3.36%   161 2540s
 35864    96 8.9603e+10   47  240 8.6689e+10 8.9603e+10  3.36%   162 2545s
 35997    97 infeasible   53      8.6689e+10 8.9603e+10  3.36%   161 2550s
 36117    98 8.9603e+10   50  168 8.6689e+10 8.9603e+10  3.36%   161 2555s
 36247   105 8.9603e+10   53  174 8.6689e+10 8.9603e+10  3.36%   162 2560s
 36312   104 8.9603e+10   55  152 8.6689e+10 8.9603e+10  3.36%   162 2565s
 36425    95 8.9603e+10   51  241 8.6689e+10 8.9603e+10  3.36%   162 2570s
 36494    92 8.9603e+10   42  140 8.6689e+10 8.9603e+10  3.36%   162 2581s
 36500    98 8.9603e+10   47  158 8.6689e+10 8.9603e+10  3.36%   162 2586s
 36586    95 8.9603e+10   47  211 8.6689e+10 8.9603e+10  3.36%   162 2590s
 36679    95 8.9603e+10   46  116 8.6689e+10 8.9603e+10  3.36%   162 2595s
 36784   100 8.9603e+10   50   77 8.6689e+10 8.9603e+10  3.36%   162 2600s
 36867    95 8.9603e+10   49  237 8.6689e+10 8.9603e+10  3.36%   162 2605s
 36953    93 8.9603e+10   48  177 8.6689e+10 8.9603e+10  3.36%   162 2610s
 37061    94 8.9603e+10   50  116 8.6689e+10 8.9603e+10  3.36%   162 2615s
 37147    99 8.9603e+10   46  222 8.6689e+10 8.9603e+10  3.36%   162 2620s
 37219   103 8.9603e+10   46  357 8.6689e+10 8.9603e+10  3.36%   163 2625s
 37299   107 8.9603e+10   46  210 8.6689e+10 8.9603e+10  3.36%   163 2630s
 37317   105 8.9603e+10   45  293 8.6689e+10 8.9603e+10  3.36%   163 2635s
 37397   105 8.9603e+10   50  191 8.6689e+10 8.9603e+10  3.36%   163 2640s
 37458   108 8.9603e+10   49  191 8.6689e+10 8.9603e+10  3.36%   163 2668s
 37473   105 8.9603e+10   48  207 8.6689e+10 8.9603e+10  3.36%   163 2670s
 37515   100 8.9603e+10   45  284 8.6689e+10 8.9603e+10  3.36%   163 2683s
 37534    99 8.9603e+10   46  225 8.6689e+10 8.9603e+10  3.36%   163 2685s
 37591    94 infeasible   51      8.6689e+10 8.9603e+10  3.36%   164 2690s
 37674    98 8.9603e+10   48  175 8.6689e+10 8.9603e+10  3.36%   164 2695s
 37767    95 8.9603e+10   49  250 8.6689e+10 8.9603e+10  3.36%   164 2700s
 37848    94 8.9603e+10   45  219 8.6689e+10 8.9603e+10  3.36%   164 2705s
 37940    99 8.9603e+10   52  255 8.6689e+10 8.9603e+10  3.36%   164 2710s
 38008    97 8.9603e+10   50  149 8.6689e+10 8.9603e+10  3.36%   164 2715s
 38107    95 infeasible   57      8.6689e+10 8.9603e+10  3.36%   165 2720s
 38204    96 8.9603e+10   47  196 8.6689e+10 8.9603e+10  3.36%   165 2725s
 38305    97 8.9603e+10   51  206 8.6689e+10 8.9603e+10  3.36%   165 2730s
 38342    92 8.9603e+10   51  175 8.6689e+10 8.9603e+10  3.36%   165 2742s
 38376    92 8.9603e+10   45  216 8.6689e+10 8.9603e+10  3.36%   165 2745s
 38488    92 8.9603e+10   47  161 8.6689e+10 8.9603e+10  3.36%   165 2750s
 38618    84 8.9603e+10   52  207 8.6689e+10 8.9603e+10  3.36%   165 2755s
 38715    83 8.9603e+10   52  132 8.6689e+10 8.9603e+10  3.36%   165 2760s
 38805    81 8.9603e+10   48  171 8.6689e+10 8.9603e+10  3.36%   165 2765s
 38886    85 8.9603e+10   48  150 8.6689e+10 8.9603e+10  3.36%   165 2770s
 38957    79 8.9603e+10   49  144 8.6689e+10 8.9603e+10  3.36%   165 2775s
 39048    80 8.9603e+10   45  223 8.6689e+10 8.9603e+10  3.36%   165 2780s
 39133    85 8.9603e+10   45  203 8.6689e+10 8.9603e+10  3.36%   166 2785s
 39209    81 8.9603e+10   47  195 8.6689e+10 8.9603e+10  3.36%   166 2790s
 39293    77 8.9603e+10   42  258 8.6689e+10 8.9603e+10  3.36%   166 2795s
 39377    80 8.9603e+10   44  241 8.6689e+10 8.9603e+10  3.36%   166 2800s
 39441    84 8.9603e+10   43  135 8.6689e+10 8.9603e+10  3.36%   166 2807s
 39482    83 8.9603e+10   40  157 8.6689e+10 8.9603e+10  3.36%   166 2810s
 39565    88 8.9603e+10   44  218 8.6689e+10 8.9603e+10  3.36%   166 2815s
 39665    83 8.9603e+10   45  213 8.6689e+10 8.9603e+10  3.36%   167 2820s
 39737    81 8.9603e+10   45  222 8.6689e+10 8.9603e+10  3.36%   167 2825s
 39798    76 8.9603e+10   42  272 8.6689e+10 8.9603e+10  3.36%   167 2830s
 39877   124 8.9603e+10   91  124 8.6689e+10 8.9603e+10  3.36%   167 2835s
 39887   132 8.9603e+10  101  108 8.6689e+10 8.9603e+10  3.36%   167 2841s
 39949   141 infeasible  103      8.6689e+10 8.9603e+10  3.36%   167 2845s
 40040   145 8.9603e+10   46  166 8.6689e+10 8.9603e+10  3.36%   167 2850s
 40167   145 infeasible   58      8.6689e+10 8.9603e+10  3.36%   167 2855s
 40336   159 infeasible   63      8.6689e+10 8.9603e+10  3.36%   167 2860s
 40505   163 8.9603e+10   55  166 8.6689e+10 8.9603e+10  3.36%   166 2865s
 40751   159 infeasible   63      8.6689e+10 8.9603e+10  3.36%   166 2870s
 40907   152 8.9603e+10   46  220 8.6689e+10 8.9603e+10  3.36%   165 2875s
 40947   150 8.9603e+10   57  138 8.6689e+10 8.9603e+10  3.36%   165 2884s
 40965   140 8.9603e+10   47  160 8.6689e+10 8.9603e+10  3.36%   165 2885s
 41068   155 8.9603e+10   43  162 8.6689e+10 8.9603e+10  3.36%   165 2890s
 41200   155 8.9603e+10   49  117 8.6689e+10 8.9603e+10  3.36%   165 2895s
 41315   153 8.9603e+10   45  275 8.6689e+10 8.9603e+10  3.36%   165 2900s
 41481   153 8.9603e+10   50   98 8.6689e+10 8.9603e+10  3.36%   165 2905s
 41647   142 8.9603e+10   46  233 8.6689e+10 8.9603e+10  3.36%   165 2910s
 41822   140 8.9603e+10   45  178 8.6689e+10 8.9603e+10  3.36%   164 2915s
 41907   158 8.9603e+10   48  128 8.6689e+10 8.9603e+10  3.36%   164 2920s
 42002   155 8.9603e+10   52  144 8.6689e+10 8.9603e+10  3.36%   164 2925s
 42127   161 8.9603e+10   45  190 8.6689e+10 8.9603e+10  3.36%   164 2930s
 42197   161 8.9603e+10   51  139 8.6689e+10 8.9603e+10  3.36%   164 2944s
 42221   161 8.9603e+10   48  149 8.6689e+10 8.9603e+10  3.36%   164 2945s
 42337   164 8.9603e+10   51  171 8.6689e+10 8.9603e+10  3.36%   164 2950s
 42431   151 8.9603e+10   44  226 8.6689e+10 8.9603e+10  3.36%   164 2955s
 42525   153 8.9603e+10   51  174 8.6689e+10 8.9603e+10  3.36%   164 2960s
 42671   149 8.9603e+10   49  183 8.6689e+10 8.9603e+10  3.36%   164 2965s
 42760   153 8.9603e+10   40  203 8.6689e+10 8.9603e+10  3.36%   164 2970s
 42832   154 infeasible   46      8.6689e+10 8.9603e+10  3.36%   164 2975s
 42890   154 8.9603e+10   44  295 8.6689e+10 8.9603e+10  3.36%   165 2980s
 42971   151 8.9603e+10   49  155 8.6689e+10 8.9603e+10  3.36%   165 2985s
 43049   148 8.9603e+10   41  166 8.6689e+10 8.9603e+10  3.36%   165 2990s
 43112   153 8.9603e+10   47  145 8.6689e+10 8.9603e+10  3.36%   165 2995s
 43181   139 infeasible   45      8.6689e+10 8.9603e+10  3.36%   165 3000s
 43270   146 infeasible   40      8.6689e+10 8.9603e+10  3.36%   165 3005s
 43350   146 8.9603e+10   42  177 8.6689e+10 8.9603e+10  3.36%   166 3015s
 43416   162 8.9603e+10   45  176 8.6689e+10 8.9603e+10  3.36%   166 3020s
 43527   169 8.9603e+10   50  234 8.6689e+10 8.9603e+10  3.36%   166 3025s
 43640   162 8.9603e+10   46  145 8.6689e+10 8.9603e+10  3.36%   166 3030s
 43739   161 8.9603e+10   48  220 8.6689e+10 8.9603e+10  3.36%   166 3035s
 43816   160 8.9603e+10   48  184 8.6689e+10 8.9603e+10  3.36%   166 3076s
 43818   160 8.9603e+10   49  167 8.6689e+10 8.9603e+10  3.36%   166 3083s
 43847   163 8.9603e+10   50  152 8.6689e+10 8.9603e+10  3.36%   166 3085s
 43980   163 8.9603e+10   47  163 8.6689e+10 8.9603e+10  3.36%   166 3090s
 44037   167 8.9603e+10   50  126 8.6689e+10 8.9603e+10  3.36%   166 3104s
 44050   168 8.9603e+10   55  128 8.6689e+10 8.9603e+10  3.36%   166 3105s
 44173   159 8.9603e+10   46  174 8.6689e+10 8.9603e+10  3.36%   166 3110s
 44272   163 8.9603e+10   43  153 8.6689e+10 8.9603e+10  3.36%   166 3115s
 44361   160 8.9603e+10   45  161 8.6689e+10 8.9603e+10  3.36%   166 3120s
 44443   160 8.9603e+10   49  124 8.6689e+10 8.9603e+10  3.36%   166 3125s
 44530   163 8.9603e+10   43  200 8.6689e+10 8.9603e+10  3.36%   166 3130s
 44651   170 8.9603e+10   54  108 8.6689e+10 8.9603e+10  3.36%   166 3135s
 44795   166 8.9603e+10   49  171 8.6689e+10 8.9603e+10  3.36%   166 3140s
 44887   166 8.9603e+10   47  196 8.6689e+10 8.9603e+10  3.36%   166 3145s
 44998   163 8.9603e+10   46  181 8.6689e+10 8.9603e+10  3.36%   166 3150s
 45117   162 8.9603e+10   49  126 8.6689e+10 8.9603e+10  3.36%   166 3155s
 45229   168 8.9603e+10   48  162 8.6689e+10 8.9603e+10  3.36%   166 3160s
 45356   169 8.9603e+10   46  108 8.6689e+10 8.9603e+10  3.36%   166 3165s
 45476   170 8.9603e+10   46  118 8.6689e+10 8.9603e+10  3.36%   166 3170s
 45557   162 8.9603e+10   55  159 8.6689e+10 8.9603e+10  3.36%   166 3175s
 45700   161 8.9603e+10   52  120 8.6689e+10 8.9603e+10  3.36%   166 3180s
 45770   168 8.9603e+10   55   97 8.6689e+10 8.9603e+10  3.36%   166 3189s
 45790   164 8.9603e+10   52  155 8.6689e+10 8.9603e+10  3.36%   166 3190s
 45896   170 8.9603e+10   50  115 8.6689e+10 8.9603e+10  3.36%   166 3195s
 46039   162 8.9603e+10   54  116 8.6689e+10 8.9603e+10  3.36%   166 3200s
 46142   168 8.9603e+10   45  138 8.6689e+10 8.9603e+10  3.36%   166 3205s
 46246   171 8.9603e+10   55  119 8.6689e+10 8.9603e+10  3.36%   166 3210s
 46355   173 8.9603e+10   49  155 8.6689e+10 8.9603e+10  3.36%   166 3215s
 46461   169 8.9603e+10   47   80 8.6689e+10 8.9603e+10  3.36%   166 3220s
 46584   163 8.9603e+10   42  144 8.6689e+10 8.9603e+10  3.36%   166 3225s
 46605   168 8.9603e+10   48  134 8.6689e+10 8.9603e+10  3.36%   166 3233s
 46630   163 8.9603e+10   44  189 8.6689e+10 8.9603e+10  3.36%   166 3235s
 46711   156 8.9603e+10   50  181 8.6689e+10 8.9603e+10  3.36%   166 3240s
 46814   162 8.9603e+10   51  127 8.6689e+10 8.9603e+10  3.36%   166 3245s
 46920   158 8.9603e+10   45  132 8.6689e+10 8.9603e+10  3.36%   166 3250s
 47037   158 8.9603e+10   47  100 8.6689e+10 8.9603e+10  3.36%   166 3255s
 47133   156 8.9603e+10   43  133 8.6689e+10 8.9603e+10  3.36%   166 3260s
 47243   171 8.9603e+10   50   84 8.6689e+10 8.9603e+10  3.36%   166 3265s
 47396   168 8.9603e+10   47  140 8.6689e+10 8.9603e+10  3.36%   166 3270s
 47520   166 8.9603e+10   47  181 8.6689e+10 8.9603e+10  3.36%   166 3275s
 47661   167 8.9603e+10   53  143 8.6689e+10 8.9603e+10  3.36%   166 3280s
 47742   164 8.9603e+10   49  119 8.6689e+10 8.9603e+10  3.36%   166 3285s
 47876   156 8.9603e+10   47  169 8.6689e+10 8.9603e+10  3.36%   166 3290s
 47893   155 8.9603e+10   50  138 8.6689e+10 8.9603e+10  3.36%   166 3296s
 47948   168 8.9603e+10   47  235 8.6689e+10 8.9603e+10  3.36%   166 3300s
 48015   173 8.9603e+10   46  162 8.6689e+10 8.9603e+10  3.36%   166 3305s
 48079   174 8.9603e+10   50  157 8.6689e+10 8.9603e+10  3.36%   167 3310s
 48136   169 8.9603e+10   47  221 8.6689e+10 8.9603e+10  3.36%   167 3315s
 48193   170 8.9603e+10   45  277 8.6689e+10 8.9603e+10  3.36%   167 3320s
 48274   163 8.9603e+10   43  261 8.6689e+10 8.9603e+10  3.36%   167 3325s
 48344   173 8.9603e+10   42  245 8.6689e+10 8.9603e+10  3.36%   167 3330s
 48402   179 8.9603e+10   45  264 8.6689e+10 8.9603e+10  3.36%   168 3347s
 48457   172 8.9603e+10   43  237 8.6689e+10 8.9603e+10  3.36%   168 3350s
 48523   179 8.9603e+10   46  198 8.6689e+10 8.9603e+10  3.36%   168 3355s
 48617   175 8.9603e+10   47  204 8.6689e+10 8.9603e+10  3.36%   168 3360s
 48714   174 infeasible   49      8.6689e+10 8.9603e+10  3.36%   168 3365s
 48802   179 8.9603e+10   49  185 8.6689e+10 8.9603e+10  3.36%   168 3370s
 48894   176 8.9603e+10   44  226 8.6689e+10 8.9603e+10  3.36%   168 3375s
 48978   178 8.9603e+10   50  206 8.6689e+10 8.9603e+10  3.36%   168 3380s
 49066   178 8.9603e+10   52  227 8.6689e+10 8.9603e+10  3.36%   168 3385s
 49120   172 8.9603e+10   48  227 8.6689e+10 8.9603e+10  3.36%   169 3390s
 49198   168 8.9603e+10   45  154 8.6689e+10 8.9603e+10  3.36%   169 3395s
 49266   168 infeasible   50      8.6689e+10 8.9603e+10  3.36%   169 3400s
 49329   169 8.9603e+10   47  197 8.6689e+10 8.9603e+10  3.36%   169 3405s
 49380   178 infeasible   49      8.6689e+10 8.9603e+10  3.36%   170 3410s
 49461   170 8.9603e+10   47  210 8.6689e+10 8.9603e+10  3.36%   170 3415s
 49533   167 8.9603e+10   47  197 8.6689e+10 8.9603e+10  3.36%   170 3420s
 49552   166 8.9603e+10   49  158 8.6689e+10 8.9603e+10  3.36%   170 3430s
 49612   160 8.9603e+10   44  241 8.6689e+10 8.9603e+10  3.36%   170 3435s
 49699   159 8.9603e+10   46  134 8.6689e+10 8.9603e+10  3.36%   170 3440s
 49795   155 8.9603e+10   44  183 8.6689e+10 8.9603e+10  3.36%   170 3445s
 49886   153 8.9603e+10   43  155 8.6689e+10 8.9603e+10  3.36%   170 3450s
 49971   164 8.9603e+10   47  225 8.6689e+10 8.9603e+10  3.36%   171 3455s
 50059   162 8.9603e+10   46  131 8.6689e+10 8.9603e+10  3.36%   171 3460s
 50148   166 8.9603e+10   48  212 8.6689e+10 8.9603e+10  3.36%   171 3465s
 50242   162 8.9603e+10   46  155 8.6689e+10 8.9603e+10  3.36%   171 3470s
 50315   168 8.9603e+10   46  193 8.6689e+10 8.9603e+10  3.36%   171 3475s
 50400   169 8.9603e+10   46  128 8.6689e+10 8.9603e+10  3.36%   171 3480s
 50469   162 8.9603e+10   46  270 8.6689e+10 8.9603e+10  3.36%   172 3485s
 50540   155 8.9603e+10   38  249 8.6689e+10 8.9603e+10  3.36%   172 3490s
 50562   161 8.9603e+10   37  147 8.6689e+10 8.9603e+10  3.36%   172 3500s
 50564   163 8.9603e+10   38  191 8.6689e+10 8.9603e+10  3.36%   172 3515s
 50632   167 8.9603e+10   47  160 8.6689e+10 8.9603e+10  3.36%   172 3520s
 50715   168 8.9603e+10   46  146 8.6689e+10 8.9603e+10  3.36%   172 3525s
 50826   176 8.9603e+10   59  154 8.6689e+10 8.9603e+10  3.36%   172 3530s
 50917   187 8.9603e+10   47  104 8.6689e+10 8.9603e+10  3.36%   172 3535s
 50994   172 infeasible   51      8.6689e+10 8.9603e+10  3.36%   172 3540s
 51093   175 infeasible   47      8.6689e+10 8.9603e+10  3.36%   172 3545s
 51127   165 8.9603e+10   48  155 8.6689e+10 8.9603e+10  3.36%   172 3553s
 51156   172 8.9603e+10   46  186 8.6689e+10 8.9603e+10  3.36%   172 3555s
 51240   171 8.9603e+10   49  154 8.6689e+10 8.9603e+10  3.36%   172 3560s
 51309   163 8.9603e+10   47  183 8.6689e+10 8.9603e+10  3.36%   173 3565s
 51395   165 8.9603e+10   45  162 8.6689e+10 8.9603e+10  3.36%   173 3570s
 51481   167 8.9603e+10   43  197 8.6689e+10 8.9603e+10  3.36%   173 3575s
 51558   159 8.9603e+10   46  139 8.6689e+10 8.9603e+10  3.36%   173 3580s
 51628   173 8.9603e+10   49  135 8.6689e+10 8.9603e+10  3.36%   173 3585s
 51691   164 8.9603e+10   46  181 8.6689e+10 8.9603e+10  3.36%   173 3590s
 51712   162 8.9603e+10   45  185 8.6689e+10 8.9603e+10  3.36%   173 3597s

Cutting planes:
  Learned: 450
  Gomory: 115
  Lift-and-project: 14
  Cover: 3086
  Implied bound: 209
  Projected implied bound: 1
  Clique: 77
  MIR: 23
  StrongCG: 1
  Flow cover: 894
  GUB cover: 121
  Inf proof: 1310
  Zero half: 1003
  RLT: 426
  Relax-and-lift: 41
  BQP: 3

Explored 51713 nodes (9031168 simplex iterations) in 3597.61 seconds (2329.94 work units)
Thread count was 1 (of 28 available processors)

Solution count 10: 8.6689e+10 8.49946e+10 7.91656e+10 ... 5.00206e+10

Time limit reached
Best objective 8.668896438000e+10, best bound 8.960346438000e+10, gap 3.3620%

User-callback calls 717799, time in user-callback 0.67 sec