Gurobi Optimizer version 12.0.3 build v12.0.3rc0 (linux64 - "Oracle Linux Server 9.4")

CPU model: Intel(R) Xeon(R) CPU E5-2660 v4 @ 2.00GHz, instruction set [SSE2|AVX|AVX2]
Thread count: 28 physical cores, 28 logical processors, using up to 1 threads

Non-default parameters:
TimeLimit  3593.633973313
SoftMemLimit  16
NumericFocus  1
Threads  1

Academic license 2690100 - for non-commercial use only - registered to ju___@uclm.es
Optimize a model with 103270 rows, 23632 columns and 406881 nonzeros
Model fingerprint: 0xa4e0e8ac
Variable types: 168 continuous, 23464 integer (23464 binary)
Coefficient statistics:
  Matrix range     [1e+00, 5e+12]
  Objective range  [4e+08, 2e+09]
  Bounds range     [2e+03, 1e+04]
  RHS range        [1e+00, 2e+14]
Warning: Model contains large matrix coefficient range
Warning: Model contains large objective coefficients
Warning: Model contains large rhs
Found heuristic solution: objective -0.0000000
Presolve removed 33412 rows and 4839 columns
Presolve time: 2.43s
Presolved: 69858 rows, 18793 columns, 247844 nonzeros
Variable types: 168 continuous, 18625 integer (18625 binary)

Use crossover to convert LP symmetric solution to basic solution...

Root relaxation: objective 8.542680e+10, 3623 iterations, 0.55 seconds (0.32 work units)
Total elapsed time = 11.55s (DegenMoves)

    Nodes    |    Current Node    |     Objective Bounds      |     Work
 Expl Unexpl |  Obj  Depth IntInf | Incumbent    BestBd   Gap | It/Node Time

     0     0 8.5427e+10    0  947   -0.00000 8.5427e+10      -     -   22s
H    0     0                    1.938619e+10 8.5427e+10   341%     -   26s
H    0     0                    2.239115e+10 8.5427e+10   282%     -   26s
H    0     0                    2.250077e+10 8.5427e+10   280%     -   28s
H    0     0                    2.296364e+10 8.5427e+10   272%     -   37s
H    0     0                    2.435710e+10 8.5427e+10   251%     -   39s
     0     0 8.5427e+10    0  780 2.4357e+10 8.5427e+10   251%     -   48s
     0     0 8.5427e+10    0  679 2.4357e+10 8.5427e+10   251%     -   51s
     0     0 8.5427e+10    0  768 2.4357e+10 8.5427e+10   251%     -   70s
     0     0 8.5427e+10    0  743 2.4357e+10 8.5427e+10   251%     -   72s
     0     0 8.5427e+10    0 1089 2.4357e+10 8.5427e+10   251%     -   97s
H    0     0                    2.471642e+10 8.5427e+10   246%     -   98s
     0     0 8.5427e+10    0 1177 2.4716e+10 8.5427e+10   246%     -  105s
     0     0 8.5427e+10    0 1166 2.4716e+10 8.5427e+10   246%     -  135s
     0     0 8.5427e+10    0 1237 2.4716e+10 8.5427e+10   246%     -  149s
     0     0 8.5427e+10    0 1158 2.4716e+10 8.5427e+10   246%     -  178s
     0     0 8.5427e+10    0 1158 2.4716e+10 8.5427e+10   246%     -  195s
H    0     0                    2.626823e+10 8.5427e+10   225%     -  229s
H    0     0                    2.662756e+10 8.5427e+10   221%     -  263s
     0     2 8.5427e+10    0  857 2.6628e+10 8.5427e+10   221%     -  263s
     1     3 8.5427e+10    1  924 2.6628e+10 8.5427e+10   221% 42623  266s
     2     4 8.5427e+10    1  856 2.6628e+10 8.5427e+10   221% 25998  274s
     3     5 8.5427e+10    2 1063 2.6628e+10 8.5427e+10   221% 18998  277s
     4     6 8.5427e+10    2 1093 2.6628e+10 8.5427e+10   221% 16032  281s
     6     8 8.5427e+10    3 1388 2.6628e+10 8.5427e+10   221% 11953  285s
    10    12 8.5427e+10    5  740 2.6628e+10 8.5427e+10   221%  8082  290s
    15    17 8.5427e+10    8  739 2.6628e+10 8.5427e+10   221%  5470  295s
    19    21 8.5427e+10   10  706 2.6628e+10 8.5427e+10   221%  4470  300s
    23    25 8.5427e+10   12  848 2.6628e+10 8.5427e+10   221%  3866  305s
H   26    26                    4.628769e+10 8.5427e+10  84.6%  3501  310s
H   27    27                    5.353769e+10 8.5427e+10  59.6%  3375  312s
    30    32 8.5427e+10   16  903 5.3538e+10 8.5427e+10  59.6%  3120  315s
    34    36 8.5427e+10   18  887 5.3538e+10 8.5427e+10  59.6%  2849  320s
    39    41 8.5427e+10   20  897 5.3538e+10 8.5427e+10  59.6%  2504  325s
    44    46 8.5427e+10   23  935 5.3538e+10 8.5427e+10  59.6%  2272  330s
    50    52 8.5427e+10   26  936 5.3538e+10 8.5427e+10  59.6%  2011  335s
    55    57 8.5427e+10   29  971 5.3538e+10 8.5427e+10  59.6%  1906  341s
    60    62 8.5427e+10   31  847 5.3538e+10 8.5427e+10  59.6%  1762  345s
    66    68 8.5427e+10   34  889 5.3538e+10 8.5427e+10  59.6%  1629  350s
    72    74 8.5427e+10   37  902 5.3538e+10 8.5427e+10  59.6%  1504  355s
    78    80 8.5427e+10   40  864 5.3538e+10 8.5427e+10  59.6%  1429  360s
    84    86 8.5427e+10   43  871 5.3538e+10 8.5427e+10  59.6%  1341  365s
    90    92 8.5427e+10   46  880 5.3538e+10 8.5427e+10  59.6%  1264  370s
    95    97 8.5427e+10   49  799 5.3538e+10 8.5427e+10  59.6%  1245  375s
   104   106 8.5427e+10   53  784 5.3538e+10 8.5427e+10  59.6%  1187  387s
   126   128 8.5427e+10   64 1214 5.3538e+10 8.5427e+10  59.6%  1003  390s
   135   137 8.5427e+10   70 1082 5.3538e+10 8.5427e+10  59.6%   958  395s
   156   158 8.4661e+10   82 1047 5.3538e+10 8.5427e+10  59.6%   905  400s
   182   184 8.5427e+10   96 1169 5.3538e+10 8.5427e+10  59.6%   812  412s
   195   197 8.4661e+10  102 1188 5.3538e+10 8.5427e+10  59.6%   783  415s
   225   227 8.5427e+10  121 1180 5.3538e+10 8.5427e+10  59.6%   718  420s
   258   260 8.4114e+10  141 1429 5.3538e+10 8.5427e+10  59.6%   663  425s
   293   293 8.5427e+10  163 1164 5.3538e+10 8.5427e+10  59.6%   608  430s
   340   321 8.5427e+10  189 1195 5.3538e+10 8.5427e+10  59.6%   542  435s
   378   352 8.5427e+10  210 1141 5.3538e+10 8.5427e+10  59.6%   506  440s
   405   379 8.4322e+10  229 1141 5.3538e+10 8.5427e+10  59.6%   494  446s
   419   393 8.4322e+10  243 1007 5.3538e+10 8.5427e+10  59.6%   494  450s
   443   415 8.3084e+10  264 1077 5.3538e+10 8.5427e+10  59.6%   477  455s
   462   434 8.3085e+10  280  912 5.3538e+10 8.5427e+10  59.6%   466  460s
   465   437 8.3051e+10  281  921 5.3538e+10 8.5427e+10  59.6%   465  495s
   486   456 8.4217e+10  294  922 5.3538e+10 8.5427e+10  59.6%   458  500s
   513   474 8.4257e+10  312  964 5.3538e+10 8.5427e+10  59.6%   439  506s
   540   500 8.4067e+10  328  995 5.3538e+10 8.5427e+10  59.6%   427  513s
   549   509 8.3949e+10  333 1016 5.3538e+10 8.5427e+10  59.6%   423  515s
   567   527 8.4257e+10  343 1003 5.3538e+10 8.5427e+10  59.6%   414  575s
   594   551 8.4062e+10  358 1061 5.3538e+10 8.5427e+10  59.6%   405  582s
   609   566 8.4062e+10  365  984 5.3538e+10 8.5427e+10  59.6%   403  585s
   621   578 8.4062e+10  372 1009 5.3538e+10 8.5427e+10  59.6%   400  596s
H  648   602                    5.470769e+10 8.5427e+10  56.2%   389  635s
   655   604 8.3085e+10  292 1158 5.4708e+10 8.5427e+10  56.2%   393  679s
   657   605 8.5427e+10   24  400 5.4708e+10 8.5427e+10  56.2%   392  696s
   658   606 8.3087e+10  289  569 5.4708e+10 8.5427e+10  56.2%   391  721s
   659   607 8.5427e+10   66  851 5.4708e+10 8.5427e+10  56.2%   390  739s
   660   607 8.5427e+10  138  889 5.4708e+10 8.5427e+10  56.2%   390  780s
   661   608 8.5427e+10   47 1016 5.4708e+10 8.5427e+10  56.2%   389  806s
   662   609 8.3087e+10  375 1118 5.4708e+10 8.5427e+10  56.2%   389  855s
   663   609 8.3395e+10  119 1218 5.4708e+10 8.5427e+10  56.2%   388  885s
   664   610 8.5427e+10   45 1173 5.4708e+10 8.5427e+10  56.2%   387  933s
   665   611 8.3087e+10  328 1267 5.4708e+10 8.5427e+10  56.2%   387  959s
   666   611 8.4614e+10   97 1165 5.4708e+10 8.5427e+10  56.2%   386 1007s
   667   612 8.3087e+10  364 1156 5.4708e+10 8.5427e+10  56.2%   386 1028s
   668   613 8.3770e+10  102 1128 5.4708e+10 8.5427e+10  56.2%   385 1066s
   669   613 8.5427e+10   52 1166 5.4708e+10 8.5427e+10  56.2%   384 1087s
   670   614 8.4257e+10  268 1247 5.4708e+10 8.5427e+10  56.2%   384 1127s
   671   615 8.4257e+10  260 1194 5.4708e+10 8.5427e+10  56.2%   383 1146s
H  671   584                    5.617680e+10 8.5427e+10  52.1%   383 1185s
   672   584 8.5427e+10  122 1034 5.6177e+10 8.5427e+10  52.1%   383 1191s
   673   585 8.5427e+10  170 1228 5.6177e+10 8.5427e+10  52.1%   382 1218s
H  673   555                    5.891166e+10 8.5427e+10  45.0%   382 1263s
H  673   527                    5.938062e+10 8.5427e+10  43.9%   382 1266s
H  673   500                    5.938549e+10 8.5427e+10  43.9%   382 1267s
H  673   475                    5.940863e+10 8.5427e+10  43.8%   382 1268s
   674   476 8.5390e+10  201 1170 5.9409e+10 8.5427e+10  43.8%   382 1270s
   675   476 8.5427e+10   46 1237 5.9409e+10 8.5427e+10  43.8%   381 1293s
   676   477 8.5427e+10   26 1013 5.9409e+10 8.5427e+10  43.8%   381 1330s
   677   478 8.4257e+10  238  867 5.9409e+10 8.5427e+10  43.8%   380 1356s
   678   478 8.4257e+10  235  867 5.9409e+10 8.5427e+10  43.8%   379 1385s
   679   481 8.5427e+10   12  896 5.9409e+10 8.5427e+10  43.8%  1539 1734s
   680   482 8.5427e+10   12  943 5.9409e+10 8.5427e+10  43.8%  1550 1738s
   681   482 8.5427e+10   13  658 5.9409e+10 8.5427e+10  43.8%  1559 1741s
   687   486 8.5427e+10   18  755 5.9409e+10 8.5427e+10  43.8%  1550 1746s
   689   488 8.5427e+10   19  796 5.9409e+10 8.5427e+10  43.8%  1552 1751s
   693   490 8.5427e+10   21  765 5.9409e+10 8.5427e+10  43.8%  1545 1755s
   698   494 8.5427e+10   24  761 5.9409e+10 8.5427e+10  43.8%  1541 1761s
   702   496 8.5427e+10   26 1083 5.9409e+10 8.5427e+10  43.8%  1538 1766s
   707   500 8.5427e+10   28 1259 5.9409e+10 8.5427e+10  43.8%  1530 1771s
   710   502 8.5427e+10   30  802 5.9409e+10 8.5427e+10  43.8%  1528 1775s
   713   504 8.5427e+10   31  804 5.9409e+10 8.5427e+10  43.8%  1523 1780s
   717   506 8.5427e+10   33  875 5.9409e+10 8.5427e+10  43.8%  1516 1785s
   721   509 8.5427e+10   35  986 5.9409e+10 8.5427e+10  43.8%  1512 1791s
   723   510 8.5427e+10   36 1742 5.9409e+10 8.5427e+10  43.8%  1514 1795s
   725   512 8.5427e+10   37  873 5.9409e+10 8.5427e+10  43.8%  1514 1800s
   727   513 8.5427e+10   38  910 5.9409e+10 8.5427e+10  43.8%  1511 1805s
   729   514 8.5427e+10   40  878 5.9409e+10 8.5427e+10  43.8%  1507 1810s
   732   516 8.5427e+10   42  878 5.9409e+10 8.5427e+10  43.8%  1503 1817s
   734   518 8.5427e+10   43  877 5.9409e+10 8.5427e+10  43.8%  1500 1821s
   736   519 8.5427e+10   45  632 5.9409e+10 8.5427e+10  43.8%  1497 1826s
   738   520 8.5427e+10   46  628 5.9409e+10 8.5427e+10  43.8%  1499 1831s
   740   522 8.5427e+10   47  623 5.9409e+10 8.5427e+10  43.8%  1496 1836s
   742   523 8.5427e+10   48  652 5.9409e+10 8.5427e+10  43.8%  1493 1840s
   745   525 8.5427e+10   49  627 5.9409e+10 8.5427e+10  43.8%  1488 1846s
   747   526 8.5427e+10   50  704 5.9409e+10 8.5427e+10  43.8%  1484 1850s
   750   528 8.5427e+10   52  708 5.9409e+10 8.5427e+10  43.8%  1479 1855s
   752   530 8.5427e+10   54  723 5.9409e+10 8.5427e+10  43.8%  1476 1862s
   753   530 8.5427e+10   54  677 5.9409e+10 8.5427e+10  43.8%  1476 1867s
   755   532 8.5427e+10   55 1063 5.9409e+10 8.5427e+10  43.8%  1475 1879s
   756   532 8.5427e+10   56  764 5.9409e+10 8.5427e+10  43.8%  1473 1881s
   758   534 8.5427e+10   57  744 5.9409e+10 8.5427e+10  43.8%  1470 1885s
   760   535 8.5427e+10   58  746 5.9409e+10 8.5427e+10  43.8%  1467 1890s
   763   537 8.5427e+10   59  810 5.9409e+10 8.5427e+10  43.8%  1462 1896s
   765   538 8.5427e+10   60  691 5.9409e+10 8.5427e+10  43.8%  1459 1901s
   767   540 8.5427e+10   62  709 5.9409e+10 8.5427e+10  43.8%  1455 1905s
   770   542 8.5427e+10   64  697 5.9409e+10 8.5427e+10  43.8%  1451 1911s
   772   543 8.5427e+10   65  752 5.9409e+10 8.5427e+10  43.8%  1448 1915s
   775   545 8.5427e+10   67  654 5.9409e+10 8.5427e+10  43.8%  1443 1922s
   777   546 8.5427e+10   68  652 5.9409e+10 8.5427e+10  43.8%  1441 1926s
   779   548 8.5427e+10   69  792 5.9409e+10 8.5427e+10  43.8%  1441 1931s
   781   549 8.5427e+10   70  703 5.9409e+10 8.5427e+10  43.8%  1438 1935s
   784   551 8.5427e+10   71  828 5.9409e+10 8.5427e+10  43.8%  1433 1941s
   786   552 8.5427e+10   72  678 5.9409e+10 8.5427e+10  43.8%  1430 1946s
   788   554 8.5427e+10   73  671 5.9409e+10 8.5427e+10  43.8%  1427 1950s
   792   556 8.5427e+10   75  933 5.9409e+10 8.5427e+10  43.8%  1421 1956s
   794   558 8.5427e+10   76  759 5.9409e+10 8.5427e+10  43.8%  1418 1960s
   796   559 8.5427e+10   78  857 5.9409e+10 8.5427e+10  43.8%  1415 1965s
   799   561 8.5427e+10   79 1022 5.9409e+10 8.5427e+10  43.8%  1411 1971s
   801   562 8.5427e+10   80  928 5.9409e+10 8.5427e+10  43.8%  1408 1976s
   803   564 8.5427e+10   81  942 5.9409e+10 8.5427e+10  43.8%  1406 1981s
   805   565 8.5427e+10   82  881 5.9409e+10 8.5427e+10  43.8%  1402 1986s
   807   566 8.5427e+10   83  942 5.9409e+10 8.5427e+10  43.8%  1401 1991s
   809   568 8.5427e+10   85  869 5.9409e+10 8.5427e+10  43.8%  1397 1996s
   811   569 8.5427e+10   86  922 5.9409e+10 8.5427e+10  43.8%  1395 2000s
   813   570 8.5427e+10   87  916 5.9409e+10 8.5427e+10  43.8%  1391 2005s
   816   572 8.5427e+10   88  907 5.9409e+10 8.5427e+10  43.8%  1388 2011s
   818   574 8.5427e+10   89  906 5.9409e+10 8.5427e+10  43.8%  1385 2015s
   821   576 8.5427e+10   91  920 5.9409e+10 8.5427e+10  43.8%  1380 2021s
   823   577 8.5427e+10   92  920 5.9409e+10 8.5427e+10  43.8%  1378 2025s
   826   579 8.5427e+10   93 1035 5.9409e+10 8.5427e+10  43.8%  1374 2031s
   828   580 8.5427e+10   94  900 5.9409e+10 8.5427e+10  43.8%  1372 2035s
   831   582 8.5427e+10   96  969 5.9409e+10 8.5427e+10  43.8%  1368 2041s
   833   584 8.5427e+10   97  923 5.9409e+10 8.5427e+10  43.8%  1365 2045s
   836   586 8.5427e+10   98  936 5.9409e+10 8.5427e+10  43.8%  1362 2051s
   838   587 8.5427e+10   99 1461 5.9409e+10 8.5427e+10  43.8%  1360 2055s
   841   589 8.5427e+10  101 1054 5.9409e+10 8.5427e+10  43.8%  1358 2061s
   844   591 8.5427e+10  103 1066 5.9409e+10 8.5427e+10  43.8%  1354 2065s
   846   592 8.5427e+10  104 1039 5.9409e+10 8.5427e+10  43.8%  1351 2072s
   848   594 8.5427e+10  105 1067 5.9409e+10 8.5427e+10  43.8%  1348 2075s
   849   594 8.5427e+10  105 1091 5.9409e+10 8.5427e+10  43.8%  1347 2081s
   852   596 8.5427e+10  107 1030 5.9409e+10 8.5427e+10  43.8%  1342 2085s
   855   598 8.5427e+10  108 1028 5.9409e+10 8.5427e+10  43.8%  1339 2090s
   857   600 8.5427e+10  109 1054 5.9409e+10 8.5427e+10  43.8%  1336 2096s
   860   602 8.5427e+10  111 1002 5.9409e+10 8.5427e+10  43.8%  1332 2100s
   863   604 8.5427e+10  112 1072 5.9409e+10 8.5427e+10  43.8%  1329 2105s
   866   606 8.5427e+10  114  954 5.9409e+10 8.5427e+10  43.8%  1325 2110s
   868   607 8.5427e+10  115 1035 5.9409e+10 8.5427e+10  43.8%  1323 2115s
   872   610 8.5427e+10  117 1022 5.9409e+10 8.5427e+10  43.8%  1317 2121s
   875   612 8.5427e+10  118  999 5.9409e+10 8.5427e+10  43.8%  1313 2125s
   879   610 infeasible  120      5.9409e+10 8.5427e+10  43.8%  1309 2130s
   881   608 infeasible  120      5.9409e+10 8.5427e+10  43.8%  1307 2135s
   883   605 infeasible  119      5.9409e+10 8.5427e+10  43.8%  1309 2141s
   885   602 infeasible  118      5.9409e+10 8.5427e+10  43.8%  1310 2145s
   889   605 8.5427e+10   18 1331 5.9409e+10 8.5427e+10  43.8%  1310 2150s
   894   608 8.5427e+10   20 1366 5.9409e+10 8.5427e+10  43.8%  1305 2157s
   896   610 8.5427e+10   21 1496 5.9409e+10 8.5427e+10  43.8%  1308 2166s
   900   612 8.5427e+10   23 1478 5.9409e+10 8.5427e+10  43.8%  1304 2171s
   904   615 8.5427e+10   25 1476 5.9409e+10 8.5427e+10  43.8%  1300 2176s
   907   617 8.5427e+10   27 1117 5.9409e+10 8.5427e+10  43.8%  1307 2184s
   908   618 8.5427e+10   27 1299 5.9409e+10 8.5427e+10  43.8%  1306 2185s
   911   620 8.5427e+10   29 1213 5.9409e+10 8.5427e+10  43.8%  1304 2191s
   914   622 8.5427e+10   30 1132 5.9409e+10 8.5427e+10  43.8%  1300 2195s
   918   624 8.5427e+10   32 1196 5.9409e+10 8.5427e+10  43.8%  1296 2201s
   921   626 8.5427e+10   34 1084 5.9409e+10 8.5427e+10  43.8%  1293 2206s
   924   628 8.5427e+10   35 1105 5.9409e+10 8.5427e+10  43.8%  1289 2210s
   928   631 8.5427e+10   37 1029 5.9409e+10 8.5427e+10  43.8%  1284 2216s
   931   633 8.5427e+10   39 1138 5.9409e+10 8.5427e+10  43.8%  1281 2220s
   934   635 8.5427e+10   40 1098 5.9409e+10 8.5427e+10  43.8%  1277 2225s
   937   637 8.5427e+10   42 1138 5.9409e+10 8.5427e+10  43.8%  1281 2231s
   939   638 8.5427e+10   43 1025 5.9409e+10 8.5427e+10  43.8%  1279 2235s
   940   639 8.5427e+10   43 1085 5.9409e+10 8.5427e+10  43.8%  1278 2244s
   941   640 8.5427e+10   44 1020 5.9409e+10 8.5427e+10  43.8%  1277 2246s
   943   641 8.5427e+10   45 1147 5.9409e+10 8.5427e+10  43.8%  1275 2251s
   945   642 8.5427e+10   46 1235 5.9409e+10 8.5427e+10  43.8%  1274 2255s
   948   644 8.5427e+10   47 1167 5.9409e+10 8.5427e+10  43.8%  1272 2263s
   949   645 8.5427e+10   48 1226 5.9409e+10 8.5427e+10  43.8%  1271 2266s
   951   646 8.5427e+10   49 1158 5.9409e+10 8.5427e+10  43.8%  1269 2270s
   954   648 8.5427e+10   50 1156 5.9409e+10 8.5427e+10  43.8%  1266 2275s
   957   650 8.5427e+10   52 1067 5.9409e+10 8.5427e+10  43.8%  1263 2281s
   959   652 8.5427e+10   53 1145 5.9409e+10 8.5427e+10  43.8%  1262 2285s
   962   654 8.5427e+10   54 1192 5.9409e+10 8.5427e+10  43.8%  1259 2290s
   965   656 8.5427e+10   56 1192 5.9409e+10 8.5427e+10  43.8%  1256 2296s
   968   658 8.5427e+10   57 1105 5.9409e+10 8.5427e+10  43.8%  1252 2301s
   971   660 8.5427e+10   59 1132 5.9409e+10 8.5427e+10  43.8%  1250 2306s
   974   662 8.5427e+10   60 1118 5.9409e+10 8.5427e+10  43.8%  1246 2311s
   976   663 8.5427e+10   61 1087 5.9409e+10 8.5427e+10  43.8%  1244 2316s
   978   664 8.5427e+10   62 1144 5.9409e+10 8.5427e+10  43.8%  1243 2320s
   981   666 8.5427e+10   64 1010 5.9409e+10 8.5427e+10  43.8%  1242 2326s
   982   667 8.5427e+10   64 1483 5.9409e+10 8.5427e+10  43.8%  1245 2330s
   984   668 8.5427e+10   65  990 5.9409e+10 8.5427e+10  43.8%  1246 2336s
   986   670 8.5427e+10   66 1216 5.9409e+10 8.5427e+10  43.8%  1256 2349s
   987   670 8.5427e+10   67 1022 5.9409e+10 8.5427e+10  43.8%  1255 2350s
   988   671 8.5427e+10   67 1301 5.9409e+10 8.5427e+10  43.8%  1258 2355s
   990   672 8.5427e+10   68 1398 5.9409e+10 8.5427e+10  43.8%  1260 2362s
   992   674 8.5427e+10   69 1149 5.9409e+10 8.5427e+10  43.8%  1258 2365s
   996   676 8.5427e+10   71 1278 5.9409e+10 8.5427e+10  43.8%  1255 2371s
   997   677 8.5427e+10   72 1179 5.9409e+10 8.5427e+10  43.8%  1254 2376s
  1000   679 8.5427e+10   73 1176 5.9409e+10 8.5427e+10  43.8%  1250 2381s
  1002   680 8.5427e+10   74 1173 5.9409e+10 8.5427e+10  43.8%  1248 2386s
  1005   682 8.5427e+10   76 1253 5.9409e+10 8.5427e+10  43.8%  1245 2391s
  1008   684 8.5427e+10   77 1262 5.9409e+10 8.5427e+10  43.8%  1242 2395s
  1011   686 8.5427e+10   79 1159 5.9409e+10 8.5427e+10  43.8%  1239 2400s
  1015   689 8.5427e+10   81 1141 5.9409e+10 8.5427e+10  43.8%  1235 2406s
  1016   690 8.5427e+10   81  831 5.9409e+10 8.5427e+10  43.8%  1236 2410s
  1018   687 infeasible   82      5.9409e+10 8.5427e+10  43.8%  1246 2419s
  1019   688 8.5427e+10   82 1138 5.9409e+10 8.5427e+10  43.8%  1245 2421s
  1021   689 8.5427e+10   83 1289 5.9409e+10 8.5427e+10  43.8%  1243 2425s
  1024   691 8.5427e+10   84 1345 5.9409e+10 8.5427e+10  43.8%  1240 2431s
  1026   692 8.5427e+10   85 1302 5.9409e+10 8.5427e+10  43.8%  1239 2435s
  1029   694 8.5427e+10   87 1373 5.9409e+10 8.5427e+10  43.8%  1236 2447s
  1031   696 8.5427e+10   88 1387 5.9409e+10 8.5427e+10  43.8%  1234 2451s
  1034   694 infeasible   89      5.9409e+10 8.5427e+10  43.8%  1232 2455s
  1037   696 8.5427e+10   90 1373 5.9409e+10 8.5427e+10  43.8%  1229 2461s
  1039   695 8.5427e+10   91 1346 5.9409e+10 8.5427e+10  43.8%  1229 2466s
  1042   697 8.5427e+10   93 1326 5.9409e+10 8.5427e+10  43.8%  1226 2471s
  1045   699 8.5427e+10   94 1325 5.9409e+10 8.5427e+10  43.8%  1223 2475s
  1048   701 8.5427e+10   96 1455 5.9409e+10 8.5427e+10  43.8%  1221 2480s
  1051   703 8.5427e+10   97 1445 5.9409e+10 8.5427e+10  43.8%  1218 2485s
  1055   706 8.5427e+10   99 1277 5.9409e+10 8.5427e+10  43.8%  1215 2491s
  1056   706 8.5427e+10  100 1240 5.9409e+10 8.5427e+10  43.8%  1214 2575s
  1059   708 8.5427e+10  101 1359 5.9409e+10 8.5427e+10  43.8%  1212 2580s
  1062   710 8.5427e+10  103 1364 5.9409e+10 8.5427e+10  43.8%  1210 2585s
  1065   712 8.5427e+10  104 1363 5.9409e+10 8.5427e+10  43.8%  1207 2590s
  1068   714 8.5427e+10  106 1456 5.9409e+10 8.5427e+10  43.8%  1204 2595s
  1071   716 8.5427e+10  107 1443 5.9409e+10 8.5427e+10  43.8%  1201 2600s
  1074   718 8.5427e+10  109 1397 5.9409e+10 8.5427e+10  43.8%  1199 2605s
  1077   720 8.5427e+10  110 1408 5.9409e+10 8.5427e+10  43.8%  1197 2612s
  1079   722 8.5427e+10  111 1353 5.9409e+10 8.5427e+10  43.8%  1196 2615s
  1082   722 8.5427e+10  113 1302 5.9409e+10 8.5427e+10  43.8%  1195 2621s
  1083   722 8.5427e+10  113 1350 5.9409e+10 8.5427e+10  43.8%  1194 2678s
  1084   723 8.5427e+10  114 1232 5.9409e+10 8.5427e+10  43.8%  1193 2681s
  1086   722 8.5427e+10  115 1099 5.9409e+10 8.5427e+10  43.8%  1193 2685s
  1090   725 8.5427e+10  117 1060 5.9409e+10 8.5427e+10  43.8%  1189 2690s
  1096   725 8.5427e+10  119  982 5.9409e+10 8.5427e+10  43.8%  1185 2697s
  1099   727 8.5427e+10  121  943 5.9409e+10 8.5427e+10  43.8%  1183 2700s
  1103   728 8.5427e+10  122 1162 5.9409e+10 8.5427e+10  43.8%  1180 2705s
  1107   730 8.5427e+10  124  879 5.9409e+10 8.5427e+10  43.8%  1177 2710s
  1113   722 infeasible  124      5.9409e+10 8.5427e+10  43.8%  1173 2716s
  1116   720 8.5427e+10   16  788 5.9409e+10 8.5427e+10  43.8%  1174 2740s
  1117   721 8.5427e+10   17 1290 5.9409e+10 8.5427e+10  43.8%  1183 2750s
  1120   723 8.5427e+10   18 1074 5.9409e+10 8.5427e+10  43.8%  1183 2756s
  1124   726 8.5427e+10   21 1017 5.9409e+10 8.5427e+10  43.8%  1180 2760s
  1127   728 8.5427e+10   22 1071 5.9409e+10 8.5427e+10  43.8%  1179 2765s
  1132   729 8.5427e+10   25  982 5.9409e+10 8.5427e+10  43.8%  1174 2770s
  1136   732 8.5427e+10   27  984 5.9409e+10 8.5427e+10  43.8%  1172 2775s
  1140   732 8.5427e+10   29  982 5.9409e+10 8.5427e+10  43.8%  1168 2780s
  1144   733 8.5427e+10   31  974 5.9409e+10 8.5427e+10  43.8%  1167 2818s
  1145   734 8.5427e+10   31 1028 5.9409e+10 8.5427e+10  43.8%  1166 2820s
  1149   736 8.5427e+10   33 1015 5.9409e+10 8.5427e+10  43.8%  1163 2825s
  1151   738 8.5427e+10   34 1164 5.9409e+10 8.5427e+10  43.8%  1165 2832s
  1154   740 8.5427e+10   36  965 5.9409e+10 8.5427e+10  43.8%  1163 2835s
  1158   740 8.5427e+10   38  962 5.9409e+10 8.5427e+10  43.8%  1161 2840s
  1162   743 8.5427e+10   40  957 5.9409e+10 8.5427e+10  43.8%  1158 2845s
  1166   746 8.5427e+10   42 1090 5.9409e+10 8.5427e+10  43.8%  1155 2850s
  1170   748 8.5427e+10   44 1083 5.9409e+10 8.5427e+10  43.8%  1153 2856s
  1171   749 8.5427e+10   44 1099 5.9409e+10 8.5427e+10  43.8%  1152 2868s
  1173   750 8.5427e+10   45 1082 5.9409e+10 8.5427e+10  43.8%  1150 2870s
  1176   752 8.5427e+10   47 1161 5.9409e+10 8.5427e+10  43.8%  1149 2875s
  1179   754 8.5427e+10   48 1189 5.9409e+10 8.5427e+10  43.8%  1147 2881s
  1181   756 8.5427e+10   49 1191 5.9409e+10 8.5427e+10  43.8%  1145 2885s
  1184   758 8.5427e+10   51 1158 5.9409e+10 8.5427e+10  43.8%  1143 2890s
  1187   760 8.5427e+10   52 1583 5.9409e+10 8.5427e+10  43.8%  1143 2896s
  1189   761 8.5427e+10   54 1175 5.9409e+10 8.5427e+10  43.8%  1141 2900s
  1192   763 8.5427e+10   55 1218 5.9409e+10 8.5427e+10  43.8%  1139 2905s
  1195   765 8.5427e+10   57 1203 5.9409e+10 8.5427e+10  43.8%  1136 2910s
  1198   767 8.5427e+10   58 1248 5.9409e+10 8.5427e+10  43.8%  1134 2919s
  1199   768 8.5427e+10   59 1191 5.9409e+10 8.5427e+10  43.8%  1133 2921s
  1201   769 8.5427e+10   60 1177 5.9409e+10 8.5427e+10  43.8%  1132 2925s
  1204   771 8.5427e+10   61 1202 5.9409e+10 8.5427e+10  43.8%  1130 2930s
  1207   773 8.5427e+10   63 1280 5.9409e+10 8.5427e+10  43.8%  1128 2935s
  1209   774 8.5427e+10   64 1080 5.9409e+10 8.5427e+10  43.8%  1128 2940s
  1212   776 8.5427e+10   65 1193 5.9409e+10 8.5427e+10  43.8%  1127 2945s
  1215   778 8.5427e+10   67 1125 5.9409e+10 8.5427e+10  43.8%  1125 2950s
  1218   780 8.5427e+10   68 1124 5.9409e+10 8.5427e+10  43.8%  1123 2955s
  1222   783 8.5427e+10   70 1234 5.9409e+10 8.5427e+10  43.8%  1121 2960s
  1225   785 8.5427e+10   72 1221 5.9409e+10 8.5427e+10  43.8%  1119 3056s
  1228   787 8.5427e+10   74 1306 5.9409e+10 8.5427e+10  43.8%  1118 3061s
  1230   788 8.5427e+10   75 1176 5.9409e+10 8.5427e+10  43.8%  1116 3065s
  1234   791 8.5427e+10   77 1240 5.9409e+10 8.5427e+10  43.8%  1114 3071s
  1236   792 8.5427e+10   78 1195 5.9409e+10 8.5427e+10  43.8%  1113 3075s
  1240   795 8.5427e+10   80 1317 5.9409e+10 8.5427e+10  43.8%  1111 3081s
  1243   795 8.5427e+10   82 1193 5.9409e+10 8.5427e+10  43.8%  1109 3085s
  1246   797 8.5427e+10   83 1314 5.9409e+10 8.5427e+10  43.8%  1107 3090s
  1249   799 8.5427e+10   85 1191 5.9409e+10 8.5427e+10  43.8%  1105 3096s
  1252   801 8.5427e+10   86 1190 5.9409e+10 8.5427e+10  43.8%  1104 3220s
  1256   804 8.5427e+10   88 1184 5.9409e+10 8.5427e+10  43.8%  1101 3225s
  1260   806 8.5427e+10   90 1303 5.9409e+10 8.5427e+10  43.8%  1099 3231s
  1263   808 8.5427e+10   92 1168 5.9409e+10 8.5427e+10  43.8%  1096 3235s
  1266   810 8.5427e+10   93 1167 5.9409e+10 8.5427e+10  43.8%  1095 3240s
  1269   812 8.5427e+10   96 1427 5.9409e+10 8.5427e+10  43.8%  1092 3245s
  1270   813 8.5427e+10   96 1225 5.9409e+10 8.5427e+10  43.8%  1101 3256s
  1273   815 8.5427e+10   98 1601 5.9409e+10 8.5427e+10  43.8%  1104 3265s
  1275   816 7.6611e+10  100 1286 5.9409e+10 8.5427e+10  43.8%  1115 3278s
  1276   817 8.5427e+10  100 1616 5.9409e+10 8.5427e+10  43.8%  1115 3281s
  1278   818 8.5427e+10  101 1629 5.9409e+10 8.5427e+10  43.8%  1114 3285s
  1279   819 7.9601e+10  102 1398 5.9409e+10 8.5427e+10  43.8%  1120 3297s
  1280   820 8.5427e+10  102 1533 5.9409e+10 8.5427e+10  43.8%  1123 3303s
  1281   820 7.9601e+10  103 1416 5.9409e+10 8.5427e+10  43.8%  1131 3316s
  1283   820 7.9601e+10  104 1419 5.9409e+10 8.5427e+10  43.8%  1131 3320s
  1285   821 7.9601e+10  106 1423 5.9409e+10 8.5427e+10  43.8%  1130 3326s
  1286   822 7.9601e+10  107 1317 5.9409e+10 8.5427e+10  43.8%  1131 3331s
  1287   822 7.9601e+10  108 1325 5.9409e+10 8.5427e+10  43.8%  1131 3335s
  1288   823 7.9601e+10  109 1210 5.9409e+10 8.5427e+10  43.8%  1136 3343s
  1289   824 7.9601e+10  110 1198 5.9409e+10 8.5427e+10  43.8%  1135 3345s
  1291   825 7.9601e+10  112 1333 5.9409e+10 8.5427e+10  43.8%  1135 3353s
  1292   826 7.9601e+10  113 1490 5.9409e+10 8.5427e+10  43.8%  1145 3365s
  1293   826 7.9601e+10  114 1602 5.9409e+10 8.5427e+10  43.8%  1154 3378s
  1294   827 7.9601e+10  115 1640 5.9409e+10 8.5427e+10  43.8%  1154 3382s
  1295   828 7.9601e+10  116 1470 5.9409e+10 8.5427e+10  43.8%  1155 3389s
  1296   828 7.9601e+10  117 1490 5.9409e+10 8.5427e+10  43.8%  1155 3393s
  1297   829 7.9601e+10  118 1241 5.9409e+10 8.5427e+10  43.8%  1162 3403s
  1298   830 7.9601e+10  119 1224 5.9409e+10 8.5427e+10  43.8%  1161 3406s
  1300   831 7.9601e+10  121 1249 5.9409e+10 8.5427e+10  43.8%  1159 3411s
  1302   832 7.9601e+10  123 1255 5.9409e+10 8.5427e+10  43.8%  1158 3416s
  1304   834 7.9601e+10  125 1229 5.9409e+10 8.5427e+10  43.8%  1157 3422s
  1305   834 7.9601e+10  126 1210 5.9409e+10 8.5427e+10  43.8%  1156 3425s
  1306   835 7.9447e+10  127 1294 5.9409e+10 8.5427e+10  43.8%  1166 3438s
  1307   834 infeasible  128      5.9409e+10 8.5427e+10  43.8%  1171 3444s
  1308   832 infeasible  127      5.9409e+10 8.5427e+10  43.8%  1171 3446s
  1310   830 infeasible  125      5.9409e+10 8.5427e+10  43.8%  1171 3453s
  1311   828 infeasible  126      5.9409e+10 8.5427e+10  43.8%  1175 3459s
  1312   829 8.5427e+10   17 1294 5.9409e+10 8.5427e+10  43.8%  1197 3488s
  1313   830 8.5427e+10   18 1149 5.9409e+10 8.5427e+10  43.8%  1205 3498s
  1315   831 8.2703e+10   20 1136 5.9409e+10 8.5427e+10  43.8%  1206 3504s
  1316   832 8.5427e+10   20  982 5.9409e+10 8.5427e+10  43.8%  1206 3507s
  1318   833 8.5427e+10   22 1062 5.9409e+10 8.5427e+10  43.8%  1205 3511s
  1320   832 8.5427e+10   23 1071 5.9409e+10 8.5427e+10  43.8%  1205 3516s
  1321   833 8.5427e+10   23 1087 5.9409e+10 8.5427e+10  43.8%  1204 3520s
  1325   834 8.5427e+10   25 1067 5.9409e+10 8.5427e+10  43.8%  1201 3528s
  1326   834 8.5427e+10   26 1032 5.9409e+10 8.5427e+10  43.8%  1200 3531s
  1327   833 infeasible   26      5.9409e+10 8.5427e+10  43.8%  1202 3535s
  1332   828 8.5427e+10   48 1534 5.9409e+10 8.5427e+10  43.8%  1225 3584s
  1333   829 8.5427e+10   49 1725 5.9409e+10 8.5427e+10  43.8%  1226 3586s
  1335   830 8.5427e+10   51 1734 5.9409e+10 8.5427e+10  43.8%  1225 3591s

Cutting planes:
  Gomory: 21
  Lift-and-project: 2
  Cover: 37
  Implied bound: 7
  MIR: 12
  StrongCG: 1
  Flow cover: 136
  Zero half: 5682
  RLT: 159

Explored 1337 nodes (1935173 simplex iterations) in 3593.72 seconds (2386.46 work units)
Thread count was 1 (of 28 available processors)

Solution count 10: 5.94086e+10 5.93855e+10 5.93806e+10 ... 2.62682e+10

Time limit reached
Best objective 5.940863190000e+10, best bound 8.542679850000e+10, gap 43.7953%

User-callback calls 389330, time in user-callback 0.52 sec