Gurobi Optimizer version 12.0.3 build v12.0.3rc0 (linux64 - "Oracle Linux Server 9.4")

CPU model: Intel(R) Xeon(R) CPU E5-2660 v4 @ 2.00GHz, instruction set [SSE2|AVX|AVX2]
Thread count: 28 physical cores, 28 logical processors, using up to 1 threads

Non-default parameters:
TimeLimit  3594.232941316
SoftMemLimit  16
NumericFocus  1
Threads  1

Academic license 2690100 - for non-commercial use only - registered to ju___@uclm.es
Optimize a model with 73956 rows, 16983 columns and 336450 nonzeros
Model fingerprint: 0xbd229c2d
Variable types: 138 continuous, 16845 integer (16845 binary)
Coefficient statistics:
  Matrix range     [1e+00, 7e+12]
  Objective range  [5e+08, 1e+09]
  Bounds range     [2e+03, 1e+04]
  RHS range        [1e+00, 2e+14]
Warning: Model contains large matrix coefficient range
Warning: Model contains large objective coefficients
Warning: Model contains large rhs
Found heuristic solution: objective -0.0000000
Presolve removed 11879 rows and 0 columns
Presolve time: 1.27s
Presolved: 62077 rows, 16983 columns, 223566 nonzeros
Variable types: 138 continuous, 16845 integer (16845 binary)

Use crossover to convert LP symmetric solution to basic solution...

Root relaxation: objective 8.425058e+10, 3821 iterations, 0.44 seconds (0.28 work units)
Total elapsed time = 7.23s (DegenMoves)

    Nodes    |    Current Node    |     Objective Bounds      |     Work
 Expl Unexpl |  Obj  Depth IntInf | Incumbent    BestBd   Gap | It/Node Time

     0     0 8.4251e+10    0  252   -0.00000 8.4251e+10      -     -   16s
H    0     0                    2.340000e+09 8.4251e+10  3500%     -   16s
H    0     0                    1.918244e+10 8.4251e+10   339%     -   16s
H    0     0                    2.953349e+10 8.4251e+10   185%     -   17s
H    0     0                    3.070349e+10 8.4251e+10   174%     -   17s
H    0     0                    4.994572e+10 8.4251e+10  68.7%     -   18s
H    0     0                    5.258403e+10 8.4251e+10  60.2%     -   18s
H    0     0                    5.534172e+10 8.4251e+10  52.2%     -   19s
     0     0 8.4251e+10    0  910 5.5342e+10 8.4251e+10  52.2%     -   22s
     0     0 8.4251e+10    0  853 5.5342e+10 8.4251e+10  52.2%     -   26s
     0     0 8.4251e+10    0  425 5.5342e+10 8.4251e+10  52.2%     -   40s
H    0     0                    6.266004e+10 8.4251e+10  34.5%     -   41s
     0     0 8.4251e+10    0  564 6.2660e+10 8.4251e+10  34.5%     -   42s
     0     0 8.4251e+10    0  604 6.2660e+10 8.4251e+10  34.5%     -   59s
H    0     0                    6.500004e+10 8.4251e+10  29.6%     -   59s
     0     0 8.4251e+10    0  582 6.5000e+10 8.4251e+10  29.6%     -   61s
     0     0 8.4251e+10    0  564 6.5000e+10 8.4251e+10  29.6%     -   80s
     0     0 8.4251e+10    0  595 6.5000e+10 8.4251e+10  29.6%     -   90s
     0     0 8.4251e+10    0  475 6.5000e+10 8.4251e+10  29.6%     -  111s
     0     0 8.4251e+10    0   81 6.5000e+10 8.4251e+10  29.6%     -  122s
     0     2 8.4251e+10    0   24 6.5000e+10 8.4251e+10  29.6%     -  131s
     8    10 8.4251e+10    4  866 6.5000e+10 8.4251e+10  29.6%   688  136s
    13    15 8.4251e+10    7  394 6.5000e+10 8.4251e+10  29.6%   496  140s
    19    21 8.4251e+10   10  624 6.5000e+10 8.4251e+10  29.6%   449  145s
    24    26 8.4251e+10   13  627 6.5000e+10 8.4251e+10  29.6%   373  150s
    28    30 8.4251e+10   15  588 6.5000e+10 8.4251e+10  29.6%   333  155s
    32    34 8.4251e+10   17  587 6.5000e+10 8.4251e+10  29.6%   311  160s
    37    39 8.4251e+10   20  749 6.5000e+10 8.4251e+10  29.6%   290  165s
    43    45 8.4251e+10   23  899 6.5000e+10 8.4251e+10  29.6%   274  171s
    48    50 8.4251e+10   25  746 6.5000e+10 8.4251e+10  29.6%   251  175s
H   52    52                    6.851004e+10 8.4251e+10  23.0%   235  181s
    74    72 8.4251e+10   38  673 6.8510e+10 8.4251e+10  23.0%   206  185s
    78    76 8.4251e+10   41  759 6.8510e+10 8.4251e+10  23.0%   199  198s
    86    84 8.4251e+10   45  665 6.8510e+10 8.4251e+10  23.0%   187  200s
   135   130 8.4251e+10   71  876 6.8510e+10 8.4251e+10  23.0%   171  205s
   188   172 8.4251e+10  101  833 6.8510e+10 8.4251e+10  23.0%   135  210s
   226   199 8.4251e+10  121  753 6.8510e+10 8.4251e+10  23.0%   117  215s
   270   227 8.4251e+10  145  792 6.8510e+10 8.4251e+10  23.0%   102  240s
   310   253 8.4251e+10  167  674 6.8510e+10 8.4251e+10  23.0%  93.4  245s
   324   265 8.4251e+10  174  665 6.8510e+10 8.4251e+10  23.0%  89.8  261s
   351   278 8.4251e+10  188  665 6.8510e+10 8.4251e+10  23.0%  83.9  419s
   352   279 8.4251e+10  189  665 6.8510e+10 8.4251e+10  23.0%  83.7  435s
   421   311 8.4251e+10  228  634 6.8510e+10 8.4251e+10  23.0%  74.7  440s
   497   358 8.4251e+10  276  634 6.8510e+10 8.4251e+10  23.0%  67.9  445s
   579   390 8.4251e+10  330  608 6.8510e+10 8.4251e+10  23.0%  62.5  450s
   664   404 8.4251e+10  380  528 6.8510e+10 8.4251e+10  23.0%  57.3  455s
   713   422 8.4251e+10  275   81 6.8510e+10 8.4251e+10  23.0%  58.0  475s
H  714   401                    6.862941e+10 8.4251e+10  22.8%  57.9  496s
   716   402 8.4251e+10  301  447 6.8629e+10 8.4251e+10  22.8%  57.7  528s
   717   403 8.4251e+10  113  536 6.8629e+10 8.4251e+10  22.8%  57.6  532s
   718   403 8.4251e+10  170  790 6.8629e+10 8.4251e+10  22.8%  57.5  561s
   719   404 8.4251e+10   32  717 6.8629e+10 8.4251e+10  22.8%  57.5  569s
   720   405 8.4251e+10  242  824 6.8629e+10 8.4251e+10  22.8%  57.4  598s
   721   405 8.4251e+10  358  959 6.8629e+10 8.4251e+10  22.8%  57.3  616s
H  721   385                    7.021710e+10 8.4251e+10  20.0%  57.3  637s
H  721   365                    7.138710e+10 8.4251e+10  18.0%  57.3  637s
   723   367 8.4251e+10  298  283 7.1387e+10 8.4251e+10  18.0%  57.2  640s
   724   367 8.4251e+10   70   93 7.1387e+10 8.4251e+10  18.0%  57.1  648s
   726   369 8.4251e+10  267   95 7.1387e+10 8.4251e+10  18.0%  56.9  709s
   727   369 8.4251e+10  170  326 7.1387e+10 8.4251e+10  18.0%  56.8  710s
   728   370 8.4251e+10  344   77 7.1387e+10 8.4251e+10  18.0%  56.8  728s
   730   371 8.4251e+10  114   57 7.1387e+10 8.4251e+10  18.0%  56.6  738s
   731   372 8.4251e+10  282  191 7.1387e+10 8.4251e+10  18.0%  56.5  740s
   732   373 8.4251e+10  125 1025 7.1387e+10 8.4251e+10  18.0%  56.4  769s
   733   373 8.4251e+10  301  311 7.1387e+10 8.4251e+10  18.0%  56.4  772s
   734   374 8.4251e+10   70   58 7.1387e+10 8.4251e+10  18.0%  56.3  783s
   735   375 8.4251e+10  116   37 7.1387e+10 8.4251e+10  18.0%  56.2  787s
   736   375 8.4251e+10  117   37 7.1387e+10 8.4251e+10  18.0%  56.1  795s
   737   378 8.4251e+10   16   26 7.1387e+10 8.4251e+10  18.0%   745  805s
   744   383 8.4251e+10   20   71 7.1387e+10 8.4251e+10  18.0%   740  811s
   747   385 8.4251e+10   21   70 7.1387e+10 8.4251e+10  18.0%   740  815s
   751   386 8.4251e+10   23   77 7.1387e+10 8.4251e+10  18.0%   736  820s
   755   389 8.4251e+10   26   82 7.1387e+10 8.4251e+10  18.0%   732  827s
   757   390 8.4251e+10   27  122 7.1387e+10 8.4251e+10  18.0%   730  830s
   761   391 8.4251e+10   29   90 7.1387e+10 8.4251e+10  18.0%   727  836s
   763   392 8.4251e+10   30  286 7.1387e+10 8.4251e+10  18.0%   725  841s
   766   394 8.4251e+10   31   87 7.1387e+10 8.4251e+10  18.0%   723  845s
   770   396 8.4251e+10   34   87 7.1387e+10 8.4251e+10  18.0%   719  850s
   774   397 8.4251e+10   36  173 7.1387e+10 8.4251e+10  18.0%   717  855s
   777   399 8.4251e+10   38  150 7.1387e+10 8.4251e+10  18.0%   714  860s
   782   400 8.4251e+10   41  211 7.1387e+10 8.4251e+10  18.0%   710  866s
   785   402 8.4251e+10   43  219 7.1387e+10 8.4251e+10  18.0%   709  876s
   788   404 8.4251e+10   45  208 7.1387e+10 8.4251e+10  18.0%   708  880s
   790   405 8.4251e+10   46  206 7.1387e+10 8.4251e+10  18.0%   707  885s
   795   409 8.4251e+10   49  325 7.1387e+10 8.4251e+10  18.0%   703  890s
   799   411 8.4251e+10   51  289 7.1387e+10 8.4251e+10  18.0%   703  895s
   803   414 8.4251e+10   53  416 7.1387e+10 8.4251e+10  18.0%   700  900s
   806   416 8.4251e+10   55  937 7.1387e+10 8.4251e+10  18.0%   701  905s
   810   419 8.4251e+10   57  326 7.1387e+10 8.4251e+10  18.0%   700  911s
   813   421 8.4251e+10   59  582 7.1387e+10 8.4251e+10  18.0%   698  915s
   818   424 8.4251e+10   61  353 7.1387e+10 8.4251e+10  18.0%   697  921s
   821   426 8.4251e+10   63  349 7.1387e+10 8.4251e+10  18.0%   695  925s
   826   429 8.4251e+10   66  316 7.1387e+10 8.4251e+10  18.0%   694  931s
   830   432 8.4251e+10   68  319 7.1387e+10 8.4251e+10  18.0%   690  936s
   834   435 8.4251e+10   70 1029 7.1387e+10 8.4251e+10  18.0%   690  941s
   838   437 8.4251e+10   72  294 7.1387e+10 8.4251e+10  18.0%   686  945s
   842   440 8.4251e+10   74 1042 7.1387e+10 8.4251e+10  18.0%   690  951s
   845   442 8.4251e+10   76  343 7.1387e+10 8.4251e+10  18.0%   689  955s
   848   444 8.4251e+10   77 1154 7.1387e+10 8.4251e+10  18.0%   698  960s
   852   447 8.4251e+10   81 1382 7.1387e+10 8.4251e+10  18.0%   695  965s
   859   451 8.4251e+10   88 1136 7.1387e+10 8.4251e+10  18.0%   691  970s
   866   456 8.4251e+10   94 1163 7.1387e+10 8.4251e+10  18.0%   686  976s
   871   459 8.4251e+10   97 1078 7.1387e+10 8.4251e+10  18.0%   685  981s
   873   461 8.4251e+10   98 1096 7.1387e+10 8.4251e+10  18.0%   686  985s
   877   463 8.4251e+10  100 1253 7.1387e+10 8.4251e+10  18.0%   689  990s
   882   467 8.4251e+10  103  966 7.1387e+10 8.4251e+10  18.0%   689 1003s
   885   469 8.4251e+10  105  933 7.1387e+10 8.4251e+10  18.0%   687 1005s
   890   472 8.4251e+10  107  957 7.1387e+10 8.4251e+10  18.0%   686 1010s
   897   477 8.4251e+10  111  955 7.1387e+10 8.4251e+10  18.0%   682 1015s
   902   480 8.4251e+10  113  894 7.1387e+10 8.4251e+10  18.0%   678 1020s
   908   484 8.4251e+10  117  929 7.1387e+10 8.4251e+10  18.0%   676 1025s
   914   488 8.4251e+10  121  923 7.1387e+10 8.4251e+10  18.0%   672 1030s
   920   492 8.4251e+10  124  825 7.1387e+10 8.4251e+10  18.0%   668 1035s
   925   495 8.4251e+10  127  822 7.1387e+10 8.4251e+10  18.0%   665 1040s
   932   500 8.4251e+10  131  773 7.1387e+10 8.4251e+10  18.0%   661 1045s
   941   504 8.4251e+10  136  777 7.1387e+10 8.4251e+10  18.0%   656 1050s
   948   507 8.4251e+10  139  782 7.1387e+10 8.4251e+10  18.0%   652 1055s
   953   510 8.4251e+10  142  967 7.1387e+10 8.4251e+10  18.0%   649 1060s
   961   515 8.4251e+10  147  795 7.1387e+10 8.4251e+10  18.0%   644 1065s
   970   521 8.4251e+10  152  766 7.1387e+10 8.4251e+10  18.0%   640 1070s
   979   527 8.4251e+10  157  734 7.1387e+10 8.4251e+10  18.0%   635 1089s
   981   529 8.4251e+10  158  704 7.1387e+10 8.4251e+10  18.0%   634 1091s
   990   535 8.4251e+10  162  693 7.1387e+10 8.4251e+10  18.0%   629 1095s
  1001   542 8.4251e+10  168  713 7.1387e+10 8.4251e+10  18.0%   623 1100s
  1006   545 8.4251e+10  170  693 7.1387e+10 8.4251e+10  18.0%   620 1107s
  1013   548 8.4251e+10  174  662 7.1387e+10 8.4251e+10  18.0%   616 1110s
  1025   554 8.4251e+10  181  610 7.1387e+10 8.4251e+10  18.0%   609 1115s
  1033   555 8.4251e+10  185  607 7.1387e+10 8.4251e+10  18.0%   605 1120s
  1046   562 8.4251e+10  191  613 7.1387e+10 8.4251e+10  18.0%   598 1125s
  1056   569 8.4251e+10  196  620 7.1387e+10 8.4251e+10  18.0%   592 1130s
  1060   571 8.4251e+10  198  618 7.1387e+10 8.4251e+10  18.0%   590 1143s
  1064   573 8.4251e+10  200  653 7.1387e+10 8.4251e+10  18.0%   588 1145s
  1075   580 8.4251e+10  206  642 7.1387e+10 8.4251e+10  18.0%   583 1150s
  1087   582 8.4251e+10  213  696 7.1387e+10 8.4251e+10  18.0%   577 1180s
  1096   587 8.4251e+10  218  720 7.1387e+10 8.4251e+10  18.0%   573 1185s
  1106   588 infeasible  223      7.1387e+10 8.4251e+10  18.0%   568 1190s
  1120   583 8.4251e+10   17  230 7.1387e+10 8.4251e+10  18.0%   563 1255s
  1122   585 8.4251e+10   19 1220 7.1387e+10 8.4251e+10  18.0%   568 1260s
  1125   587 8.4251e+10   22 1149 7.1387e+10 8.4251e+10  18.0%   568 1265s
  1128   589 8.4251e+10   25 1117 7.1387e+10 8.4251e+10  18.0%   568 1270s
  1131   591 8.4251e+10   28 1254 7.1387e+10 8.4251e+10  18.0%   568 1275s
  1134   593 8.4251e+10   31 1270 7.1387e+10 8.4251e+10  18.0%   575 1283s
  1135   593 8.4251e+10   32 1279 7.1387e+10 8.4251e+10  18.0%   575 1285s
  1138   595 8.4251e+10   35 1121 7.1387e+10 8.4251e+10  18.0%   575 1291s
  1141   597 8.4251e+10   38 1122 7.1387e+10 8.4251e+10  18.0%   573 1295s
  1143   599 8.4251e+10   40  964 7.1387e+10 8.4251e+10  18.0%   576 1300s
  1146   601 8.4251e+10   43  899 7.1387e+10 8.4251e+10  18.0%   583 1309s
  1147   601 8.4251e+10   44  742 7.1387e+10 8.4251e+10  18.0%   583 1335s
  1150   603 8.4251e+10   47  794 7.1387e+10 8.4251e+10  18.0%   582 1348s
  1152   605 8.4251e+10   49  798 7.1387e+10 8.4251e+10  18.0%   581 1351s
  1154   606 8.4251e+10   50  771 7.1387e+10 8.4251e+10  18.0%   589 1358s
  1155   607 8.4251e+10   51  766 7.1387e+10 8.4251e+10  18.0%   588 1360s
  1158   609 8.4251e+10   53  707 7.1387e+10 8.4251e+10  18.0%   593 1368s
  1159   609 8.4251e+10   53  751 7.1387e+10 8.4251e+10  18.0%   592 1370s
  1162   611 8.4251e+10   55  711 7.1387e+10 8.4251e+10  18.0%   597 1378s
  1163   612 8.4251e+10   56  693 7.1387e+10 8.4251e+10  18.0%   596 1380s
  1164   613 8.4251e+10   56  838 7.1387e+10 8.4251e+10  18.0%   605 1387s
  1165   613 8.4251e+10   57  738 7.1387e+10 8.4251e+10  18.0%   608 1390s
  1167   615 8.4251e+10   58  771 7.1387e+10 8.4251e+10  18.0%   613 1396s
  1169   616 8.4251e+10   60  760 7.1387e+10 8.4251e+10  18.0%   612 1400s
  1171   617 8.4251e+10   62  815 7.1387e+10 8.4251e+10  18.0%   618 1407s
  1173   619 8.4251e+10   63  805 7.1387e+10 8.4251e+10  18.0%   617 1411s
  1175   620 8.4251e+10   64  776 7.1387e+10 8.4251e+10  18.0%   620 1416s
  1176   621 8.4251e+10   64  848 7.1387e+10 8.4251e+10  18.0%   627 1421s
  1178   622 8.4251e+10   65  753 7.1387e+10 8.4251e+10  18.0%   633 1446s
  1180   623 8.4251e+10   67  723 7.1387e+10 8.4251e+10  18.0%   632 1450s
  1182   625 8.4251e+10   68  992 7.1387e+10 8.4251e+10  18.0%   634 1455s
  1184   626 8.4251e+10   69  860 7.1387e+10 8.4251e+10  18.0%   637 1460s
  1186   627 8.4251e+10   70  852 7.1387e+10 8.4251e+10  18.0%   646 1467s
  1188   629 8.4251e+10   72  847 7.1387e+10 8.4251e+10  18.0%   645 1470s
  1190   630 8.4251e+10   74  812 7.1387e+10 8.4251e+10  18.0%   648 1515s
  1193   632 8.4251e+10   75  823 7.1387e+10 8.4251e+10  18.0%   650 1522s
  1194   633 8.4251e+10   76  840 7.1387e+10 8.4251e+10  18.0%   649 1526s
  1196   634 8.4251e+10   78  944 7.1387e+10 8.4251e+10  18.0%   654 1534s
  1197   635 8.4251e+10   78  868 7.1387e+10 8.4251e+10  18.0%   654 1537s
  1199   636 8.4251e+10   79  939 7.1387e+10 8.4251e+10  18.0%   653 1541s
  1200   637 8.4251e+10   80  899 7.1387e+10 8.4251e+10  18.0%   657 1545s
  1201   637 8.4251e+10   80  872 7.1387e+10 8.4251e+10  18.0%   663 1550s
  1203   639 8.4251e+10   82  782 7.1387e+10 8.4251e+10  18.0%   666 1557s
  1205   640 8.4251e+10   83  806 7.1387e+10 8.4251e+10  18.0%   665 1561s
  1207   641 8.4251e+10   85  763 7.1387e+10 8.4251e+10  18.0%   664 1565s
  1210   643 8.4251e+10   87 1062 7.1387e+10 8.4251e+10  18.0%   667 1573s
  1211   644 8.4251e+10   87  804 7.1387e+10 8.4251e+10  18.0%   667 1576s
  1213   645 8.4251e+10   88  815 7.1387e+10 8.4251e+10  18.0%   666 1580s
  1216   647 8.4251e+10   90  705 7.1387e+10 8.4251e+10  18.0%   664 1586s
  1218   649 8.4251e+10   91  799 7.1387e+10 8.4251e+10  18.0%   663 1590s
  1221   651 8.4251e+10   93 1122 7.1387e+10 8.4251e+10  18.0%   666 1597s
  1223   652 8.4251e+10   94  978 7.1387e+10 8.4251e+10  18.0%   666 1601s
  1224   653 8.4251e+10   94 1102 7.1387e+10 8.4251e+10  18.0%   669 1605s
  1226   654 8.4251e+10   96  913 7.1387e+10 8.4251e+10  18.0%   668 1610s
  1228   655 8.4251e+10   97  872 7.1387e+10 8.4251e+10  18.0%   673 1616s
  1230   657 8.4251e+10   98 1081 7.1387e+10 8.4251e+10  18.0%   676 1623s
  1231   657 8.4251e+10   99 1073 7.1387e+10 8.4251e+10  18.0%   676 1626s
  1234   659 8.4251e+10  102  983 7.1387e+10 8.4251e+10  18.0%   676 1630s
  1238   662 8.4251e+10  105  921 7.1387e+10 8.4251e+10  18.0%   676 1636s
  1241   664 8.4251e+10  107 1154 7.1387e+10 8.4251e+10  18.0%   676 1641s
  1244   666 8.4251e+10  109  970 7.1387e+10 8.4251e+10  18.0%   677 1645s
  1248   669 8.4251e+10  113  909 7.1387e+10 8.4251e+10  18.0%   676 1650s
  1252   671 8.4251e+10  115 1038 7.1387e+10 8.4251e+10  18.0%   675 1655s
  1256   674 8.4251e+10  117  782 7.1387e+10 8.4251e+10  18.0%   674 1661s
  1260   677 8.4251e+10  119  894 7.1387e+10 8.4251e+10  18.0%   674 1665s
  1264   679 8.4251e+10  121  795 7.1387e+10 8.4251e+10  18.0%   673 1671s
  1270   683 8.4251e+10  125  734 7.1387e+10 8.4251e+10  18.0%   671 1675s
  1275   687 8.4251e+10  127  751 7.1387e+10 8.4251e+10  18.0%   669 1680s
  1279   689 8.4251e+10  129  670 7.1387e+10 8.4251e+10  18.0%   668 1685s
  1286   694 8.4251e+10  133  626 7.1387e+10 8.4251e+10  18.0%   665 1690s
  1293   699 8.4251e+10  136  640 7.1387e+10 8.4251e+10  18.0%   661 1695s
  1301   704 8.4251e+10  140  574 7.1387e+10 8.4251e+10  18.0%   657 1700s
  1309   709 8.4251e+10  144  554 7.1387e+10 8.4251e+10  18.0%   654 1705s
  1319   716 8.4251e+10  149  485 7.1387e+10 8.4251e+10  18.0%   649 1710s
  1330   723 8.4251e+10  155  434 7.1387e+10 8.4251e+10  18.0%   644 1715s
  1341   730 8.4251e+10  161  391 7.1387e+10 8.4251e+10  18.0%   639 1720s
  1352   735 8.4251e+10  166  385 7.1387e+10 8.4251e+10  18.0%   634 1725s
  1364   741 8.4251e+10  172  349 7.1387e+10 8.4251e+10  18.0%   629 1730s
  1387   736 infeasible  222      7.1387e+10 8.4251e+10  18.0%   619 1735s
  1406   713 8.4251e+10  166  406 7.1387e+10 8.4251e+10  18.0%   611 1740s
  1410   716 8.4251e+10  170  376 7.1387e+10 8.4251e+10  18.0%   610 1745s
  1441   728 8.4251e+10  184  229 7.1387e+10 8.4251e+10  18.0%   598 2004s
  1453   712 infeasible  181      7.1387e+10 8.4251e+10  18.0%   594 2005s
  1463   701 8.4251e+10  175  288 7.1387e+10 8.4251e+10  18.0%   590 2254s
  1469   705 8.4251e+10  181  293 7.1387e+10 8.4251e+10  18.0%   588 2255s
  1517   737 8.4251e+10  229  238 7.1387e+10 8.4251e+10  18.0%   570 2260s
  1560   709 8.4251e+10  217  319 7.1387e+10 8.4251e+10  18.0%   555 2265s
  1594   684 8.4251e+10  204  216 7.1387e+10 8.4251e+10  18.0%   545 2270s
  1629   658 infeasible  192      7.1387e+10 8.4251e+10  18.0%   534 2275s
  1659   636 8.4251e+10  177  270 7.1387e+10 8.4251e+10  18.0%   526 2280s
  1678   636 8.4251e+10  182  223 7.1387e+10 8.4251e+10  18.0%   521 2285s
  1697   645 8.4251e+10  196  198 7.1387e+10 8.4251e+10  18.0%   516 2290s
  1718   645 infeasible  199      7.1387e+10 8.4251e+10  18.0%   511 2295s
  1721   643 8.4251e+10  171  357 7.1387e+10 8.4251e+10  18.0%   510 2302s
  1727   637 infeasible  198      7.1387e+10 8.4251e+10  18.0%   509 2305s
  1742   626 infeasible  198      7.1387e+10 8.4251e+10  18.0%   506 2310s
  1754   618 infeasible  198      7.1387e+10 8.4251e+10  18.0%   504 2315s
  1766   610 infeasible  190      7.1387e+10 8.4251e+10  18.0%   502 2320s
  1779   601 8.4251e+10  182  221 7.1387e+10 8.4251e+10  18.0%   499 2325s
  1794   587 infeasible  177      7.1387e+10 8.4251e+10  18.0%   495 2330s
  1804   579 infeasible  170      7.1387e+10 8.4251e+10  18.0%   493 2335s
  1812   579 8.4251e+10  169  434 7.1387e+10 8.4251e+10  18.0%   492 2340s
  1830   590 8.4251e+10  186  330 7.1387e+10 8.4251e+10  18.0%   487 2345s
  1851   604 8.4251e+10  206  314 7.1387e+10 8.4251e+10  18.0%   482 2350s
  1869   613 8.4251e+10  219  292 7.1387e+10 8.4251e+10  18.0%   478 2355s
  1890   616 8.4251e+10  166  443 7.1387e+10 8.4251e+10  18.0%   474 2360s
  1902   628 8.4251e+10  178  519 7.1387e+10 8.4251e+10  18.0%   471 2365s
  1914   636 8.4251e+10  188  480 7.1387e+10 8.4251e+10  18.0%   469 2370s
  1926   648 8.4251e+10  200  485 7.1387e+10 8.4251e+10  18.0%   466 2375s
  1935   657 8.4251e+10  209  436 7.1387e+10 8.4251e+10  18.0%   464 2380s
  1945   665 8.4251e+10  218  402 7.1387e+10 8.4251e+10  18.0%   462 2385s
  1956   676 8.4251e+10  229  405 7.1387e+10 8.4251e+10  18.0%   459 2390s
  1969   689 8.4251e+10  242  397 7.1387e+10 8.4251e+10  18.0%   456 2395s
  1977   685 infeasible  241      7.1387e+10 8.4251e+10  18.0%   456 2400s
  1985   681 8.4251e+10  236  438 7.1387e+10 8.4251e+10  18.0%   456 2405s
  1994   672 infeasible  229      7.1387e+10 8.4251e+10  18.0%   457 2410s
  2004   662 infeasible  219      7.1387e+10 8.4251e+10  18.0%   457 2415s
  2018   648 infeasible  204      7.1387e+10 8.4251e+10  18.0%   457 2420s
  2042   624 infeasible  178      7.1387e+10 8.4251e+10  18.0%   455 2425s
  2052   614 infeasible  168      7.1387e+10 8.4251e+10  18.0%   455 2430s
  2076   590 infeasible  201      7.1387e+10 8.4251e+10  18.0%   451 2435s
  2108   558 infeasible  170      7.1387e+10 8.4251e+10  18.0%   446 2440s
  2113   555 8.4251e+10  162  394 7.1387e+10 8.4251e+10  18.0%   447 2445s
  2125   567 8.4251e+10  170  292 7.1387e+10 8.4251e+10  18.0%   445 2450s
  2138   579 8.4251e+10  182  299 7.1387e+10 8.4251e+10  18.0%   442 2455s
  2152   587 8.4251e+10  187  293 7.1387e+10 8.4251e+10  18.0%   440 2460s
  2167   578 infeasible  163      7.1387e+10 8.4251e+10  18.0%   438 2465s
  2180   577 8.4251e+10  181  296 7.1387e+10 8.4251e+10  18.0%   436 2470s
  2195   586 infeasible  194      7.1387e+10 8.4251e+10  18.0%   433 2475s
  2212   579 8.4251e+10  185  295 7.1387e+10 8.4251e+10  18.0%   431 2480s
  2231   568 infeasible  174      7.1387e+10 8.4251e+10  18.0%   428 2485s
  2249   562 8.4251e+10  167  299 7.1387e+10 8.4251e+10  18.0%   426 2490s
  2261   558 infeasible  170      7.1387e+10 8.4251e+10  18.0%   425 2495s
  2270   555 infeasible  171      7.1387e+10 8.4251e+10  18.0%   425 2500s
  2278   553 infeasible  164      7.1387e+10 8.4251e+10  18.0%   424 2505s
  2282   555 8.4251e+10  163  469 7.1387e+10 8.4251e+10  18.0%   424 2510s
  2294   567 8.4251e+10  175  479 7.1387e+10 8.4251e+10  18.0%   422 2515s
  2306   579 8.4251e+10  187  417 7.1387e+10 8.4251e+10  18.0%   420 2520s
  2319   592 8.4251e+10  200  390 7.1387e+10 8.4251e+10  18.0%   417 2525s
  2331   604 8.4251e+10  212  466 7.1387e+10 8.4251e+10  18.0%   416 2530s
  2339   612 8.4251e+10  220  532 7.1387e+10 8.4251e+10  18.0%   415 2535s
  2349   620 8.4251e+10  229  461 7.1387e+10 8.4251e+10  18.0%   414 2540s
  2361   632 8.4251e+10  241  406 7.1387e+10 8.4251e+10  18.0%   412 2545s
  2373   644 8.4251e+10  253  397 7.1387e+10 8.4251e+10  18.0%   410 2550s
  2386   657 8.4251e+10  266  394 7.1387e+10 8.4251e+10  18.0%   408 2555s
  2397   668 8.4251e+10  277  297 7.1387e+10 8.4251e+10  18.0%   406 2560s
  2410   681 8.4251e+10  290  277 7.1387e+10 8.4251e+10  18.0%   404 2565s
  2423   694 8.4251e+10  303  269 7.1387e+10 8.4251e+10  18.0%   402 2570s
  2437   708 8.4251e+10  317  267 7.1387e+10 8.4251e+10  18.0%   400 2575s
  2449   718 8.1911e+10  328  255 7.1387e+10 8.4251e+10  18.0%   398 2580s
  2465   720 8.4251e+10  164  417 7.1387e+10 8.4251e+10  18.0%   396 2585s
  2478   733 8.4251e+10  174  375 7.1387e+10 8.4251e+10  18.0%   394 2590s
  2491   745 8.4251e+10  186  349 7.1387e+10 8.4251e+10  18.0%   392 2595s
  2506   754 8.4251e+10  191  325 7.1387e+10 8.4251e+10  18.0%   390 2600s
  2520   764 8.4251e+10  198  326 7.1387e+10 8.4251e+10  18.0%   388 2605s
  2535   768 infeasible  207      7.1387e+10 8.4251e+10  18.0%   387 2610s
  2549   766 8.4251e+10   18 1313 7.1387e+10 8.4251e+10  18.0%   389 2619s
  2550   767 8.4251e+10   19 1201 7.1387e+10 8.4251e+10  18.0%   396 2635s
  2551   768 8.4251e+10   20 1155 7.1387e+10 8.4251e+10  18.0%   398 2642s
  2552   769 8.4251e+10   21 1221 7.1387e+10 8.4251e+10  18.0%   398 2645s
  2553   770 8.4251e+10   22 1241 7.1387e+10 8.4251e+10  18.0%   400 2652s
  2554   771 8.4251e+10   23 1312 7.1387e+10 8.4251e+10  18.0%   401 2657s
  2555   772 8.4251e+10   24 1262 7.1387e+10 8.4251e+10  18.0%   402 2661s
  2556   773 8.4251e+10   25 1322 7.1387e+10 8.4251e+10  18.0%   404 2666s
  2557   774 8.4251e+10   26 1333 7.1387e+10 8.4251e+10  18.0%   406 2675s
  2559   776 8.4251e+10   28 1292 7.1387e+10 8.4251e+10  18.0%   408 2684s
  2560   777 8.4251e+10   29 1268 7.1387e+10 8.4251e+10  18.0%   409 2689s
  2561   778 8.4251e+10   30 1273 7.1387e+10 8.4251e+10  18.0%   410 2693s
  2562   779 8.4251e+10   31 1244 7.1387e+10 8.4251e+10  18.0%   410 2695s
  2563   780 8.4251e+10   32 1359 7.1387e+10 8.4251e+10  18.0%   412 2701s
  2564   781 8.4251e+10   31 1075 7.1387e+10 8.4251e+10  18.0%   416 2710s
  2566   783 8.4251e+10   33 1274 7.1387e+10 8.4251e+10  18.0%   418 2719s
  2567   784 8.4251e+10   34 1353 7.1387e+10 8.4251e+10  18.0%   419 2722s
  2569   786 8.4251e+10   36 1360 7.1387e+10 8.4251e+10  18.0%   421 2729s
  2570   787 8.4251e+10   37 1349 7.1387e+10 8.4251e+10  18.0%   421 2732s
  2571   788 8.4251e+10   38 1369 7.1387e+10 8.4251e+10  18.0%   422 2735s
  2573   790 8.4251e+10   40 1193 7.1387e+10 8.4251e+10  18.0%   424 2741s
  2576   793 8.4251e+10   43 1226 7.1387e+10 8.4251e+10  18.0%   423 2745s
  2578   795 8.4251e+10   45 1143 7.1387e+10 8.4251e+10  18.0%   428 2757s
  2580   797 8.4251e+10   47 1243 7.1387e+10 8.4251e+10  18.0%   429 2764s
  2581   798 8.4251e+10   48 1273 7.1387e+10 8.4251e+10  18.0%   429 2766s
  2582   799 8.4251e+10   49 1149 7.1387e+10 8.4251e+10  18.0%   430 2772s
  2584   801 8.4251e+10   51 1132 7.1387e+10 8.4251e+10  18.0%   430 2777s
  2586   803 8.4251e+10   53 1114 7.1387e+10 8.4251e+10  18.0%   429 2781s
  2588   805 8.4251e+10   55 1240 7.1387e+10 8.4251e+10  18.0%   430 2787s
  2590   807 8.4251e+10   57 1213 7.1387e+10 8.4251e+10  18.0%   430 2791s
  2592   809 8.4251e+10   59 1166 7.1387e+10 8.4251e+10  18.0%   430 2795s
  2594   811 8.4251e+10   61  929 7.1387e+10 8.4251e+10  18.0%   432 2803s
  2595   812 8.4251e+10   62 1127 7.1387e+10 8.4251e+10  18.0%   432 2806s
  2596   813 8.4251e+10   61  976 7.1387e+10 8.4251e+10  18.0%   436 2811s
  2599   816 8.4251e+10   64 1002 7.1387e+10 8.4251e+10  18.0%   436 2815s
  2602   819 8.4251e+10   67  964 7.1387e+10 8.4251e+10  18.0%   435 2820s
  2604   821 8.4251e+10   69 1031 7.1387e+10 8.4251e+10  18.0%   437 2826s
  2606   823 8.4251e+10   71 1036 7.1387e+10 8.4251e+10  18.0%   436 2831s
  2608   825 8.4251e+10   73 1044 7.1387e+10 8.4251e+10  18.0%   436 2836s
  2610   827 8.4251e+10   75 1041 7.1387e+10 8.4251e+10  18.0%   436 2840s
  2613   830 8.4251e+10   78  977 7.1387e+10 8.4251e+10  18.0%   435 2846s
  2614   831 8.4251e+10   79 1079 7.1387e+10 8.4251e+10  18.0%   438 2851s
  2616   833 8.4251e+10   81 1071 7.1387e+10 8.4251e+10  18.0%   438 2855s
  2618   835 7.9571e+10   83  897 7.1387e+10 8.4251e+10  18.0%   440 2861s
  2619   836 8.4251e+10   82 1155 7.1387e+10 8.4251e+10  18.0%   442 2865s
  2621   838 8.4251e+10   84 1108 7.1387e+10 8.4251e+10  18.0%   442 2870s
  2625   838 8.4251e+10   85 1088 7.1387e+10 8.4251e+10  18.0%   444 2878s
  2626   839 8.4251e+10   86 1087 7.1387e+10 8.4251e+10  18.0%   444 2880s
  2629   842 8.4251e+10   89 1085 7.1387e+10 8.4251e+10  18.0%   443 2885s
  2631   844 8.4251e+10   91 1102 7.1387e+10 8.4251e+10  18.0%   443 2890s
  2634   847 8.4251e+10   94 1089 7.1387e+10 8.4251e+10  18.0%   443 2896s
  2636   849 8.4251e+10   96 1210 7.1387e+10 8.4251e+10  18.0%   443 2900s
  2638   851 8.4251e+10   97 1068 7.1387e+10 8.4251e+10  18.0%   443 2906s
  2640   853 8.4251e+10   99 1067 7.1387e+10 8.4251e+10  18.0%   442 2912s
  2642   855 8.4251e+10  101 1114 7.1387e+10 8.4251e+10  18.0%   444 2918s
  2643   856 8.4251e+10  102 1043 7.1387e+10 8.4251e+10  18.0%   444 2921s
  2645   858 8.4251e+10  104  924 7.1387e+10 8.4251e+10  18.0%   444 2925s
  2647   860 8.4251e+10  106 1065 7.1387e+10 8.4251e+10  18.0%   445 2930s
  2649   862 8.4251e+10  108 1173 7.1387e+10 8.4251e+10  18.0%   448 2940s
  2652   865 8.4251e+10  111 1157 7.1387e+10 8.4251e+10  18.0%   448 2946s
  2654   867 8.4251e+10  113 1128 7.1387e+10 8.4251e+10  18.0%   449 2953s
  2655   868 8.4251e+10  114 1143 7.1387e+10 8.4251e+10  18.0%   449 2956s
  2657   870 8.4251e+10  116 1139 7.1387e+10 8.4251e+10  18.0%   449 2960s
  2660   873 8.4251e+10  119 1132 7.1387e+10 8.4251e+10  18.0%   449 2965s
  2663   876 8.4251e+10  122 1125 7.1387e+10 8.4251e+10  18.0%   448 2971s
  2665   878 8.4251e+10  124 1114 7.1387e+10 8.4251e+10  18.0%   448 2975s
  2668   881 8.4251e+10  127 1110 7.1387e+10 8.4251e+10  18.0%   448 2982s
  2670   883 8.4251e+10  129 1105 7.1387e+10 8.4251e+10  18.0%   448 2986s
  2671   884 8.4251e+10  130 1214 7.1387e+10 8.4251e+10  18.0%   450 2990s
  2674   887 8.4251e+10  133 1150 7.1387e+10 8.4251e+10  18.0%   450 2996s
  2676   889 8.4251e+10  135 1140 7.1387e+10 8.4251e+10  18.0%   449 3000s
  2677   890 8.4251e+10  136 1017 7.1387e+10 8.4251e+10  18.0%   450 3005s
  2680   893 8.4251e+10  139  955 7.1387e+10 8.4251e+10  18.0%   450 3011s
  2682   895 8.4251e+10  141  921 7.1387e+10 8.4251e+10  18.0%   450 3015s
  2684   897 7.6061e+10  142  676 7.1387e+10 8.4251e+10  18.0%   451 3020s
  2686   899 8.4251e+10  142 1195 7.1387e+10 8.4251e+10  18.0%   453 3025s
  2688   901 8.4251e+10  144 1133 7.1387e+10 8.4251e+10  18.0%   454 3030s
  2690   903 7.4891e+10  145  656 7.1387e+10 8.4251e+10  18.0%   455 3035s
  2692   905 8.4251e+10  143 1159 7.1387e+10 8.4251e+10  18.0%   456 3040s
  2695   908 8.4251e+10  142 1128 7.1387e+10 8.4251e+10  18.0%   458 3045s
  2698   911 8.4251e+10  145 1038 7.1387e+10 8.4251e+10  18.0%   457 3051s
  2701   914 8.4251e+10  148 1004 7.1387e+10 8.4251e+10  18.0%   457 3056s
  2703   916 8.4251e+10  150 1193 7.1387e+10 8.4251e+10  18.0%   458 3060s
  2706   919 8.4251e+10  153 1188 7.1387e+10 8.4251e+10  18.0%   458 3066s
  2709   922 8.4251e+10  156 1173 7.1387e+10 8.4251e+10  18.0%   458 3071s
  2712   925 8.4251e+10  156 1053 7.1387e+10 8.4251e+10  18.0%   460 3079s
  2713   926 8.4251e+10  157 1051 7.1387e+10 8.4251e+10  18.0%   460 3081s
  2715   928 8.4251e+10  158 1122 7.1387e+10 8.4251e+10  18.0%   461 3086s
  2718   931 7.9961e+10  159 1051 7.1387e+10 8.4251e+10  18.0%   463 3090s
  2722   935 7.9961e+10  163 1047 7.1387e+10 8.4251e+10  18.0%   462 3095s
  2726   937 7.7231e+10  166  782 7.1387e+10 8.4251e+10  18.0%   463 3101s
  2728   939 7.3721e+10  163  761 7.1387e+10 8.4251e+10  18.0%   464 3106s
  2730   941 7.7231e+10  167  782 7.1387e+10 8.4251e+10  18.0%   464 3110s
  2736   939 infeasible  167      7.1387e+10 8.4251e+10  18.0%   465 3115s
  2739   938 8.4251e+10   20 1206 7.1387e+10 8.4251e+10  18.0%   470 3125s
  2740   939 8.4251e+10   21 1176 7.1387e+10 8.4251e+10  18.0%   472 3130s
  2741   940 8.4251e+10   21 1062 7.1387e+10 8.4251e+10  18.0%   477 3141s
  2743   942 8.4251e+10   23 1183 7.1387e+10 8.4251e+10  18.0%   480 3149s
  2744   943 8.4251e+10   24 1182 7.1387e+10 8.4251e+10  18.0%   480 3151s
  2746   945 8.4251e+10   26 1126 7.1387e+10 8.4251e+10  18.0%   480 3156s
  2749   948 8.4251e+10   29 1170 7.1387e+10 8.4251e+10  18.0%   479 3160s
  2750   949 8.4251e+10   29 1185 7.1387e+10 8.4251e+10  18.0%   483 3170s
  2751   950 8.4251e+10   28 1113 7.1387e+10 8.4251e+10  18.0%   486 3175s
  2752   951 8.4251e+10   29 1248 7.1387e+10 8.4251e+10  18.0%   487 3180s
  2754   953 8.4251e+10   31 1157 7.1387e+10 8.4251e+10  18.0%   489 3186s
  2756   955 8.4251e+10   33 1148 7.1387e+10 8.4251e+10  18.0%   488 3191s
  2758   957 8.4251e+10   35 1134 7.1387e+10 8.4251e+10  18.0%   488 3195s
  2761   960 8.4251e+10   38 1134 7.1387e+10 8.4251e+10  18.0%   488 3201s
  2763   962 8.4251e+10   40 1122 7.1387e+10 8.4251e+10  18.0%   487 3205s
  2766   965 8.4251e+10   43 1112 7.1387e+10 8.4251e+10  18.0%   487 3211s
  2768   967 8.4251e+10   45 1114 7.1387e+10 8.4251e+10  18.0%   487 3215s
  2771   970 8.4251e+10   48 1110 7.1387e+10 8.4251e+10  18.0%   486 3221s
  2773   972 8.4251e+10   50 1102 7.1387e+10 8.4251e+10  18.0%   486 3225s
  2775   974 8.4251e+10   52 1164 7.1387e+10 8.4251e+10  18.0%   486 3230s
  2778   977 8.4251e+10   55 1202 7.1387e+10 8.4251e+10  18.0%   485 3235s
  2780   979 8.4251e+10   57 1227 7.1387e+10 8.4251e+10  18.0%   485 3240s
  2782   981 8.4251e+10   59 1216 7.1387e+10 8.4251e+10  18.0%   485 3245s
  2784   983 8.4251e+10   61 1266 7.1387e+10 8.4251e+10  18.0%   487 3251s
  2786   985 8.4251e+10   62 1167 7.1387e+10 8.4251e+10  18.0%   487 3256s
  2787   986 8.4251e+10   63 1143 7.1387e+10 8.4251e+10  18.0%   487 3261s
  2789   988 8.4251e+10   65 1140 7.1387e+10 8.4251e+10  18.0%   487 3266s
  2791   990 8.4251e+10   67 1144 7.1387e+10 8.4251e+10  18.0%   490 3275s
  2793   992 8.4251e+10   68 1098 7.1387e+10 8.4251e+10  18.0%   489 3281s
  2795   994 8.4251e+10   70 1182 7.1387e+10 8.4251e+10  18.0%   491 3288s
  2796   995 8.4251e+10   70 1274 7.1387e+10 8.4251e+10  18.0%   493 3292s
  2798   997 8.4251e+10   72 1236 7.1387e+10 8.4251e+10  18.0%   493 3295s
  2800   999 8.4251e+10   74  958 7.1387e+10 8.4251e+10  18.0%   494 3300s
  2802  1001 8.4251e+10   76 1116 7.1387e+10 8.4251e+10  18.0%   495 3306s
  2804  1003 8.4251e+10   78 1004 7.1387e+10 8.4251e+10  18.0%   495 3311s
  2806  1005 8.4251e+10   80 1087 7.1387e+10 8.4251e+10  18.0%   496 3316s
  2808  1007 8.4251e+10   82 1027 7.1387e+10 8.4251e+10  18.0%   495 3321s
  2810  1009 8.4251e+10   84 1023 7.1387e+10 8.4251e+10  18.0%   495 3325s
  2813  1012 8.4251e+10   87  877 7.1387e+10 8.4251e+10  18.0%   495 3331s
  2815  1014 8.4251e+10   89  903 7.1387e+10 8.4251e+10  18.0%   494 3335s
  2818  1017 8.4251e+10   92 1064 7.1387e+10 8.4251e+10  18.0%   494 3340s
  2821  1020 8.4251e+10   95 1054 7.1387e+10 8.4251e+10  18.0%   493 3346s
  2824  1023 8.4251e+10   98  934 7.1387e+10 8.4251e+10  18.0%   493 3351s
  2826  1025 8.4251e+10  100  955 7.1387e+10 8.4251e+10  18.0%   493 3356s
  2828  1027 8.4251e+10  102 1146 7.1387e+10 8.4251e+10  18.0%   493 3360s
  2831  1030 8.4251e+10  105 1155 7.1387e+10 8.4251e+10  18.0%   492 3365s
  2834  1033 8.4251e+10  108  998 7.1387e+10 8.4251e+10  18.0%   492 3371s
  2837  1036 8.4251e+10  110 1058 7.1387e+10 8.4251e+10  18.0%   492 3376s
  2840  1039 8.4251e+10  113 1071 7.1387e+10 8.4251e+10  18.0%   491 3381s
  2843  1042 8.4251e+10  116 1019 7.1387e+10 8.4251e+10  18.0%   491 3387s
  2845  1044 8.4251e+10  117 1003 7.1387e+10 8.4251e+10  18.0%   491 3391s
  2848  1047 7.8401e+10  119 1221 7.1387e+10 8.4251e+10  18.0%   493 3398s
  2849  1048 8.4251e+10  119 1075 7.1387e+10 8.4251e+10  18.0%   493 3400s
  2851  1050 8.4251e+10  120 1098 7.1387e+10 8.4251e+10  18.0%   494 3407s
  2853  1052 8.4251e+10  122 1045 7.1387e+10 8.4251e+10  18.0%   493 3410s
  2856  1055 8.4251e+10  125 1085 7.1387e+10 8.4251e+10  18.0%   493 3416s
  2858  1057 8.3081e+10  127 1114 7.1387e+10 8.4251e+10  18.0%   493 3420s
  2861  1060 8.4251e+10  129 1125 7.1387e+10 8.4251e+10  18.0%   492 3425s
  2864  1063 8.4251e+10  131 1104 7.1387e+10 8.4251e+10  18.0%   492 3430s
  2867  1066 8.4251e+10  132  922 7.1387e+10 8.4251e+10  18.0%   494 3437s
  2869  1068 7.8401e+10  134  827 7.1387e+10 8.4251e+10  18.0%   494 3440s
  2873  1072 8.4251e+10  133 1143 7.1387e+10 8.4251e+10  18.0%   495 3448s
  2874  1073 8.3081e+10  134  879 7.1387e+10 8.4251e+10  18.0%   495 3450s
  2877  1076 8.0741e+10  137  877 7.1387e+10 8.4251e+10  18.0%   495 3455s
  2881  1080 8.0741e+10  141  857 7.1387e+10 8.4251e+10  18.0%   494 3461s
  2884  1083 8.0741e+10  144  850 7.1387e+10 8.4251e+10  18.0%   494 3465s
  2888  1087 8.0741e+10  148  847 7.1387e+10 8.4251e+10  18.0%   493 3470s
  2892  1089 infeasible  152      7.1387e+10 8.4251e+10  18.0%   493 3476s
  2895  1092 8.0741e+10  154  819 7.1387e+10 8.4251e+10  18.0%   492 3482s
  2897  1094 8.0741e+10  155  807 7.1387e+10 8.4251e+10  18.0%   492 3485s
  2901  1098 8.0741e+10  157  794 7.1387e+10 8.4251e+10  18.0%   491 3490s
  2904  1101 8.0741e+10  160  818 7.1387e+10 8.4251e+10  18.0%   491 3495s
  2907  1104 8.0741e+10  163  817 7.1387e+10 8.4251e+10  18.0%   490 3500s
  2910  1107 8.0741e+10  166  819 7.1387e+10 8.4251e+10  18.0%   490 3505s
  2913  1110 8.0741e+10  169  850 7.1387e+10 8.4251e+10  18.0%   490 3510s
  2916  1113 8.0741e+10  171  775 7.1387e+10 8.4251e+10  18.0%   489 3516s
  2919  1116 8.0741e+10  174  809 7.1387e+10 8.4251e+10  18.0%   489 3521s
  2922  1119 8.0741e+10  177  807 7.1387e+10 8.4251e+10  18.0%   488 3526s
  2925  1122 8.0741e+10  180  804 7.1387e+10 8.4251e+10  18.0%   488 3531s
  2927  1124 8.0741e+10  182  839 7.1387e+10 8.4251e+10  18.0%   488 3535s
  2930  1127 8.0741e+10  185  800 7.1387e+10 8.4251e+10  18.0%   487 3540s
  2933  1130 8.0741e+10  188  744 7.1387e+10 8.4251e+10  18.0%   487 3545s
  2936  1133 8.0741e+10  191  707 7.1387e+10 8.4251e+10  18.0%   486 3550s
  2939  1136 8.0741e+10  194  688 7.1387e+10 8.4251e+10  18.0%   486 3555s
  2943  1140 8.0741e+10  198  688 7.1387e+10 8.4251e+10  18.0%   485 3560s
  2947  1144 8.0741e+10  202  708 7.1387e+10 8.4251e+10  18.0%   485 3566s
  2949  1146 8.0741e+10  203  731 7.1387e+10 8.4251e+10  18.0%   484 3570s
  2953  1150 7.8401e+10  207  713 7.1387e+10 8.4251e+10  18.0%   484 3575s
  2957  1154 8.0741e+10  210  682 7.1387e+10 8.4251e+10  18.0%   483 3580s
  2958  1155 8.0741e+10  211  693 7.1387e+10 8.4251e+10  18.0%   483 3594s

Cutting planes:
  Learned: 14
  Gomory: 151
  Cover: 220
  Implied bound: 34
  MIR: 52
  StrongCG: 1
  Flow cover: 935
  Inf proof: 15
  Zero half: 2448
  RLT: 153
  Relax-and-lift: 70
  BQP: 1

Explored 2959 nodes (1685915 simplex iterations) in 3594.28 seconds (2332.08 work units)
Thread count was 1 (of 28 available processors)

Solution count 10: 7.13871e+10 7.02171e+10 6.86294e+10 ... 3.07035e+10

Time limit reached
Best objective 7.138709676000e+10, best bound 8.425057950000e+10, gap 18.0193%

User-callback calls 422945, time in user-callback 0.36 sec