Gurobi Optimizer version 12.0.3 build v12.0.3rc0 (linux64 - "Oracle Linux Server 9.4")

CPU model: Intel(R) Xeon(R) CPU E5-2660 v4 @ 2.00GHz, instruction set [SSE2|AVX|AVX2]
Thread count: 28 physical cores, 28 logical processors, using up to 1 threads

Non-default parameters:
TimeLimit  3596.219839559
SoftMemLimit  16
NumericFocus  1
Threads  1

Academic license 2690100 - for non-commercial use only - registered to ju___@uclm.es
Optimize a model with 34922 rows, 8324 columns and 126642 nonzeros
Model fingerprint: 0xa9e582ed
Variable types: 100 continuous, 8224 integer (8224 binary)
Coefficient statistics:
  Matrix range     [1e+00, 9e+12]
  Objective range  [6e+08, 2e+09]
  Bounds range     [2e+03, 1e+04]
  RHS range        [1e+00, 2e+14]
Warning: Model contains large matrix coefficient range
Warning: Model contains large objective coefficients
Warning: Model contains large rhs
Found heuristic solution: objective -0.0000000
Presolve removed 5900 rows and 18 columns
Presolve time: 0.80s
Presolved: 29022 rows, 8306 columns, 104407 nonzeros
Variable types: 100 continuous, 8206 integer (8206 binary)

Root relaxation: objective 7.505899e+10, 2115 iterations, 0.27 seconds (0.18 work units)

    Nodes    |    Current Node    |     Objective Bounds      |     Work
 Expl Unexpl |  Obj  Depth IntInf | Incumbent    BestBd   Gap | It/Node Time

     0     0 7.5059e+10    0  212   -0.00000 7.5059e+10      -     -    2s
H    0     0                    9.600000e+09 7.5059e+10   682%     -    2s
H    0     0                    1.131000e+10 7.5059e+10   564%     -    2s
H    0     0                    1.473000e+10 7.5059e+10   410%     -    2s
H    0     0                    1.815000e+10 7.5059e+10   314%     -    2s
     0     0 7.5059e+10    0  425 1.8150e+10 7.5059e+10   314%     -    4s
     0     0 7.5059e+10    0  417 1.8150e+10 7.5059e+10   314%     -    5s
     0     0 7.5059e+10    0  442 1.8150e+10 7.5059e+10   314%     -   10s
H    0     0                    4.311190e+10 7.5059e+10  74.1%     -   10s
     0     0 7.5059e+10    0  410 4.3112e+10 7.5059e+10  74.1%     -   11s
     0     0 7.5059e+10    0  513 4.3112e+10 7.5059e+10  74.1%     -   16s
H    0     0                    4.534690e+10 7.5059e+10  65.5%     -   16s
     0     0 7.5059e+10    0  483 4.5347e+10 7.5059e+10  65.5%     -   17s
     0     0 7.5059e+10    0  427 4.5347e+10 7.5059e+10  65.5%     -   25s
H    0     0                    5.205663e+10 7.5059e+10  44.2%     -   26s
H    0     0                    5.376663e+10 7.5059e+10  39.6%     -   26s
H    0     0                    5.466323e+10 7.5059e+10  37.3%     -   26s
     0     0 7.5059e+10    0  528 5.4663e+10 7.5059e+10  37.3%     -   29s
     0     0 7.5059e+10    0  131 5.4663e+10 7.5059e+10  37.3%     -   33s
H    0     0                    5.776198e+10 7.5059e+10  29.9%     -   34s
     0     0 7.5059e+10    0  109 5.7762e+10 7.5059e+10  29.9%     -   34s
     0     0 7.5059e+10    0   82 5.7762e+10 7.5059e+10  29.9%     -   35s
     0     0 7.5059e+10    0   98 5.7762e+10 7.5059e+10  29.9%     -   35s
     0     0 7.5059e+10    0   59 5.7762e+10 7.5059e+10  29.9%     -   38s
     0     0 7.5059e+10    0   61 5.7762e+10 7.5059e+10  29.9%     -   38s
     0     0 7.5059e+10    0  100 5.7762e+10 7.5059e+10  29.9%     -   40s
     0     0 7.5059e+10    0   46 5.7762e+10 7.5059e+10  29.9%     -   41s
     0     2 7.5059e+10    0   24 5.7762e+10 7.5059e+10  29.9%     -   43s
    13    15 7.5059e+10    7  299 5.7762e+10 7.5059e+10  29.9%   139   45s
    26    24 7.5059e+10   14  232 5.7762e+10 7.5059e+10  29.9%  97.1   53s
    32    30 7.5059e+10   17  233 5.7762e+10 7.5059e+10  29.9%  91.2   55s
    56    48 7.5059e+10   29  173 5.7762e+10 7.5059e+10  29.9%  68.4   60s
    82    63 7.5059e+10   42  154 5.7762e+10 7.5059e+10  29.9%  56.6   65s
   162   124 7.5059e+10   85  122 5.7762e+10 7.5059e+10  29.9%  38.5   74s
   191   124 7.5059e+10  100  117 5.7762e+10 7.5059e+10  29.9%  33.8   75s
   218   137 7.5059e+10  115  111 5.7762e+10 7.5059e+10  29.9%  33.6   84s
   238   145 7.5059e+10  129  111 5.7762e+10 7.5059e+10  29.9%  32.1   85s
   293   180 7.5059e+10   25   60 5.7762e+10 7.5059e+10  29.9%  30.6   90s
   430   265 7.5059e+10  109  147 5.7762e+10 7.5059e+10  29.9%  32.3   95s
H  466   268                    6.367399e+10 7.5059e+10  17.9%  31.1   97s
H  466   268                    6.574059e+10 7.5059e+10  14.2%  31.1   98s
   473   277 7.5059e+10   10  242 6.5741e+10 7.5059e+10  14.2%  33.9  100s
   546   350 7.5059e+10   83  561 6.5741e+10 7.5059e+10  14.2%  52.4  105s
   641   433 7.5059e+10   55   46 6.5741e+10 7.5059e+10  14.2%  56.3  114s
   643   434 7.5059e+10  115  110 6.5741e+10 7.5059e+10  14.2%  56.2  117s
   644   435 7.5059e+10   36  162 6.5741e+10 7.5059e+10  14.2%  56.1  126s
   646   436 7.5059e+10  130   24 6.5741e+10 7.5059e+10  14.2%  55.9  130s
   650   439 7.5059e+10  110   75 6.5741e+10 7.5059e+10  14.2%  55.6  135s
   654   442 7.5059e+10   80   61 6.5741e+10 7.5059e+10  14.2%  55.2  142s
   656   443 7.5059e+10  100   20 6.5741e+10 7.5059e+10  14.2%  55.1  148s
   658   444 7.5059e+10   29   48 6.5741e+10 7.5059e+10  14.2%  54.9  153s
   660   446 7.5059e+10   21   25 6.5741e+10 7.5059e+10  14.2%  54.7  155s
   663   448 7.5059e+10  115   23 6.5741e+10 7.5059e+10  14.2%  54.5  161s
   664   448 7.5059e+10  140   23 6.5741e+10 7.5059e+10  14.2%  54.4  173s
   672   455 7.5059e+10   18  190 6.5741e+10 7.5059e+10  14.2%   271  175s
   685   463 7.5059e+10   26  254 6.5741e+10 7.5059e+10  14.2%   267  180s
   696   471 7.5059e+10   35  309 6.5741e+10 7.5059e+10  14.2%   265  185s
   708   479 7.5059e+10   42  366 6.5741e+10 7.5059e+10  14.2%   262  190s
   721   487 7.5059e+10   49  273 6.5741e+10 7.5059e+10  14.2%   258  195s
   736   495 7.5059e+10   58  336 6.5741e+10 7.5059e+10  14.2%   253  200s
   750   505 7.5059e+10   65  271 6.5741e+10 7.5059e+10  14.2%   250  205s
   765   515 7.5059e+10   74  161 6.5741e+10 7.5059e+10  14.2%   245  210s
   779   524 7.5059e+10   81  195 6.5741e+10 7.5059e+10  14.2%   242  215s
   798   530 7.5059e+10   92  141 6.5741e+10 7.5059e+10  14.2%   236  220s
   818   537 7.5059e+10  102  160 6.5741e+10 7.5059e+10  14.2%   233  225s
   843   539 7.5059e+10  115  148 6.5741e+10 7.5059e+10  14.2%   226  230s
   853   539 7.5059e+10  121  124 6.5741e+10 7.5059e+10  14.2%   224  235s
   877   540 7.5059e+10  134  120 6.5741e+10 7.5059e+10  14.2%   219  240s
   893   539 7.5059e+10   21  302 6.5741e+10 7.5059e+10  14.2%   216  245s
   907   548 7.5059e+10   33  320 6.5741e+10 7.5059e+10  14.2%   214  250s
   921   558 7.5059e+10   42  248 6.5741e+10 7.5059e+10  14.2%   211  255s
   932   564 7.5059e+10   49  278 6.5741e+10 7.5059e+10  14.2%   210  260s
   934   565 7.5059e+10   50  357 6.5741e+10 7.5059e+10  14.2%   210  304s
   935   566 7.5059e+10   51  281 6.5741e+10 7.5059e+10  14.2%   209  309s
   937   567 7.5059e+10   52  281 6.5741e+10 7.5059e+10  14.2%   209  310s
   946   573 7.5059e+10   56  289 6.5741e+10 7.5059e+10  14.2%   208  315s
   960   582 7.5059e+10   64  248 6.5741e+10 7.5059e+10  14.2%   206  320s
   972   587 7.5059e+10   70  252 6.5741e+10 7.5059e+10  14.2%   203  325s
   979   591 7.5059e+10   74  266 6.5741e+10 7.5059e+10  14.2%   202  340s
   980   592 7.5059e+10   74  282 6.5741e+10 7.5059e+10  14.2%   202  365s
   993   600 7.5059e+10   82  240 6.5741e+10 7.5059e+10  14.2%   200  370s
  1005   608 7.5059e+10   88  208 6.5741e+10 7.5059e+10  14.2%   198  375s
  1017   614 7.5059e+10   94  231 6.5741e+10 7.5059e+10  14.2%   196  380s
  1029   619 7.5059e+10  101  323 6.5741e+10 7.5059e+10  14.2%   195  385s
  1040   624 7.5059e+10  107  265 6.5741e+10 7.5059e+10  14.2%   193  390s
  1055   624 infeasible  117      6.5741e+10 7.5059e+10  14.2%   191  395s
  1068   630 7.5059e+10  125  237 6.5741e+10 7.5059e+10  14.2%   189  400s
  1080   637 7.5059e+10  134  249 6.5741e+10 7.5059e+10  14.2%   187  405s
  1095   642 7.5059e+10  141  280 6.5741e+10 7.5059e+10  14.2%   185  410s
  1109   644 7.5059e+10  149  248 6.5741e+10 7.5059e+10  14.2%   183  415s
  1125   651 7.5059e+10  158  192 6.5741e+10 7.5059e+10  14.2%   181  420s
  1140   651 7.5059e+10  163  315 6.5741e+10 7.5059e+10  14.2%   180  425s
  1162   649 infeasible  175      6.5741e+10 7.5059e+10  14.2%   177  430s
  1184   632 infeasible  165      6.5741e+10 7.5059e+10  14.2%   180  435s
  1202   622 7.5059e+10   18  170 6.5741e+10 7.5059e+10  14.2%   182  440s
  1217   632 7.5059e+10   32  328 6.5741e+10 7.5059e+10  14.2%   181  445s
  1228   639 7.5059e+10   41  313 6.5741e+10 7.5059e+10  14.2%   181  450s
  1237   645 7.5059e+10   46  305 6.5741e+10 7.5059e+10  14.2%   180  455s
  1245   651 7.5059e+10   51  365 6.5741e+10 7.5059e+10  14.2%   180  460s
  1255   657 7.5059e+10   56  403 6.5741e+10 7.5059e+10  14.2%   179  465s
  1268   666 7.5059e+10   64  383 6.5741e+10 7.5059e+10  14.2%   177  470s
  1280   672 7.5059e+10   70  373 6.5741e+10 7.5059e+10  14.2%   176  475s
  1293   679 7.5059e+10   80  359 6.5741e+10 7.5059e+10  14.2%   175  480s
  1302   684 7.5059e+10   85  293 6.5741e+10 7.5059e+10  14.2%   176  485s
  1314   687 7.5059e+10   92  385 6.5741e+10 7.5059e+10  14.2%   176  490s
  1324   692 7.5059e+10  101  417 6.5741e+10 7.5059e+10  14.2%   176  495s
  1336   700 7.5059e+10  109  385 6.5741e+10 7.5059e+10  14.2%   175  500s
  1352   708 7.5059e+10  118  358 6.5741e+10 7.5059e+10  14.2%   174  505s
  1371   716 7.5059e+10  129  339 6.5741e+10 7.5059e+10  14.2%   173  510s
  1391   724 7.5059e+10  141  290 6.5741e+10 7.5059e+10  14.2%   171  515s
  1417   731 7.5059e+10  154  275 6.5741e+10 7.5059e+10  14.2%   169  520s
  1445   732 7.5059e+10  169  281 6.5741e+10 7.5059e+10  14.2%   167  525s
  1467   737 7.5059e+10  181  216 6.5741e+10 7.5059e+10  14.2%   165  530s
  1493   731 7.2824e+10  189  163 6.5741e+10 7.5059e+10  14.2%   164  535s
  1512   734 7.5059e+10   29  295 6.5741e+10 7.5059e+10  14.2%   163  540s
  1525   742 7.5059e+10   42  378 6.5741e+10 7.5059e+10  14.2%   163  545s
  1537   750 7.5059e+10   54  370 6.5741e+10 7.5059e+10  14.2%   163  550s
  1548   758 7.5059e+10   65  344 6.5741e+10 7.5059e+10  14.2%   162  555s
  1559   765 7.5059e+10   76  405 6.5741e+10 7.5059e+10  14.2%   162  560s
  1570   772 7.5059e+10   87  424 6.5741e+10 7.5059e+10  14.2%   162  565s
  1576   776 7.5059e+10   93  418 6.5741e+10 7.5059e+10  14.2%   162  570s
  1585   782 7.5059e+10  102  476 6.5741e+10 7.5059e+10  14.2%   163  575s
  1595   789 7.5059e+10  112  458 6.5741e+10 7.5059e+10  14.2%   162  580s
  1606   796 7.5059e+10  123  483 6.5741e+10 7.5059e+10  14.2%   162  585s
  1615   802 7.5059e+10  132  593 6.5741e+10 7.5059e+10  14.2%   162  590s
  1626   810 7.5059e+10  143  553 6.5741e+10 7.5059e+10  14.2%   161  595s
  1635   816 7.5059e+10  152  563 6.5741e+10 7.5059e+10  14.2%   161  600s
  1643   821 7.5059e+10  160  560 6.5741e+10 7.5059e+10  14.2%   160  605s
  1654   828 7.5059e+10  171  568 6.5741e+10 7.5059e+10  14.2%   159  610s
  1663   834 7.1639e+10  180  479 6.5741e+10 7.5059e+10  14.2%   159  615s
  1672   840 7.5059e+10  180  529 6.5741e+10 7.5059e+10  14.2%   159  620s
  1681   846 7.5059e+10  189  524 6.5741e+10 7.5059e+10  14.2%   159  625s
  1688   851 7.5059e+10  196  531 6.5741e+10 7.5059e+10  14.2%   158  650s
  1700   859 7.5059e+10  208  521 6.5741e+10 7.5059e+10  14.2%   157  655s
  1710   866 7.5059e+10  218  495 6.5741e+10 7.5059e+10  14.2%   158  660s
  1719   871 7.5059e+10  224  488 6.5741e+10 7.5059e+10  14.2%   159  665s
  1727   876 7.5059e+10  222  506 6.5741e+10 7.5059e+10  14.2%   159  670s
  1734   878 7.5059e+10  225  540 6.5741e+10 7.5059e+10  14.2%   160  676s
  1739   879 7.2134e+10  225  546 6.5741e+10 7.5059e+10  14.2%   161  680s
  1749   886 7.0379e+10  232  399 6.5741e+10 7.5059e+10  14.2%   161  685s
  1761   892 7.0379e+10  242  328 6.5741e+10 7.5059e+10  14.2%   160  690s
  1771   898 7.0379e+10  248  320 6.5741e+10 7.5059e+10  14.2%   160  695s
  1781   905 7.0379e+10  256  325 6.5741e+10 7.5059e+10  14.2%   160  700s
  1788   906 6.9209e+10  258  411 6.5741e+10 7.5059e+10  14.2%   161  705s
  1801   912 6.8039e+10  270  289 6.5741e+10 7.5059e+10  14.2%   161  710s
  1814   917 6.8039e+10  273  276 6.5741e+10 7.5059e+10  14.2%   160  715s
  1829   905 7.5059e+10   26  447 6.5741e+10 7.5059e+10  14.2%   161  720s
  1840   912 7.5059e+10   37  344 6.5741e+10 7.5059e+10  14.2%   161  725s
  1853   921 7.5059e+10   50  308 6.5741e+10 7.5059e+10  14.2%   160  730s
  1863   928 7.5059e+10   60  339 6.5741e+10 7.5059e+10  14.2%   160  735s
  1873   934 7.5059e+10   70  311 6.5741e+10 7.5059e+10  14.2%   159  740s
  1883   941 7.5059e+10   80  280 6.5741e+10 7.5059e+10  14.2%   159  745s
  1893   948 7.2719e+10   90  238 6.5741e+10 7.5059e+10  14.2%   159  750s
  1904   955 7.1549e+10  101  194 6.5741e+10 7.5059e+10  14.2%   158  755s
  1918   964 6.9839e+10  115  195 6.5741e+10 7.5059e+10  14.2%   157  760s
  1931   973 6.9839e+10  128  190 6.5741e+10 7.5059e+10  14.2%   156  765s
  1944   982 6.9839e+10  141  214 6.5741e+10 7.5059e+10  14.2%   155  770s
  1957   990 6.9839e+10  154  199 6.5741e+10 7.5059e+10  14.2%   154  775s
  1969   998 6.9839e+10  166  214 6.5741e+10 7.5059e+10  14.2%   154  780s
  1975  1001 6.9839e+10  172  232 6.5741e+10 7.5059e+10  14.2%   153  808s
  1976  1002 6.9839e+10  173  232 6.5741e+10 7.5059e+10  14.2%   153  819s
  1978  1003 6.9839e+10  175  236 6.5741e+10 7.5059e+10  14.2%   153  820s
  1989  1011 6.9839e+10  186  232 6.5741e+10 7.5059e+10  14.2%   152  825s
  1991  1010 6.9839e+10  187  217 6.5741e+10 7.5059e+10  14.2%   152  833s
  1994  1012 6.9839e+10  190  180 6.5741e+10 7.5059e+10  14.2%   152  835s
  2008  1011 6.9839e+10  195  221 6.5741e+10 7.5059e+10  14.2%   152  840s
  2023  1025 6.9839e+10  210  142 6.5741e+10 7.5059e+10  14.2%   151  845s
  2040  1030 7.5059e+10   38  391 6.5741e+10 7.5059e+10  14.2%   151  850s
  2053  1043 7.5059e+10   51  405 6.5741e+10 7.5059e+10  14.2%   151  855s
  2065  1055 7.5059e+10   63  373 6.5741e+10 7.5059e+10  14.2%   151  860s
  2077  1065 7.5059e+10   73  351 6.5741e+10 7.5059e+10  14.2%   150  865s
  2087  1075 7.5059e+10   76  353 6.5741e+10 7.5059e+10  14.2%   150  870s
  2102  1090 7.5059e+10   80  334 6.5741e+10 7.5059e+10  14.2%   149  875s
  2110  1098 7.5059e+10   82  313 6.5741e+10 7.5059e+10  14.2%   148  889s
  2111  1099 7.5059e+10   82  324 6.5741e+10 7.5059e+10  14.2%   148  890s
  2129  1117 7.5059e+10   89  284 6.5741e+10 7.5059e+10  14.2%   147  895s
  2146  1134 7.5059e+10   97  232 6.5741e+10 7.5059e+10  14.2%   147  900s
  2161  1149 7.5059e+10  103  208 6.5741e+10 7.5059e+10  14.2%   147  905s
  2188  1172 7.5059e+10  114  160 6.5741e+10 7.5059e+10  14.2%   145  910s
  2216  1197 7.5059e+10  122  165 6.5741e+10 7.5059e+10  14.2%   144  915s
  2248  1214 7.5059e+10  133  237 6.5741e+10 7.5059e+10  14.2%   143  920s
  2276  1242 7.5059e+10  139  152 6.5741e+10 7.5059e+10  14.2%   142  925s
  2304  1262 7.5059e+10  148  201 6.5741e+10 7.5059e+10  14.2%   141  930s
  2333  1283 7.5059e+10  164  310 6.5741e+10 7.5059e+10  14.2%   139  935s
  2412  1325 7.5059e+10  198  175 6.5741e+10 7.5059e+10  14.2%   136  940s
  2471  1349 7.5059e+10   61  508 6.5741e+10 7.5059e+10  14.2%   135  945s
  2481  1359 7.5059e+10   68  516 6.5741e+10 7.5059e+10  14.2%   135  950s
  2493  1371 7.5059e+10   79  490 6.5741e+10 7.5059e+10  14.2%   135  955s
  2506  1384 7.5059e+10   92  519 6.5741e+10 7.5059e+10  14.2%   135  960s
  2516  1394 7.5059e+10  102  437 6.5741e+10 7.5059e+10  14.2%   135  975s
  2524  1402 7.5059e+10  108  442 6.5741e+10 7.5059e+10  14.2%   135  980s
  2540  1416 7.5059e+10  121  329 6.5741e+10 7.5059e+10  14.2%   134  985s
  2558  1432 7.5059e+10  138  348 6.5741e+10 7.5059e+10  14.2%   134  990s
  2576  1450 7.5059e+10  153  376 6.5741e+10 7.5059e+10  14.2%   133  995s
  2595  1439 infeasible  149      6.5741e+10 7.5059e+10  14.2%   135 1000s
  2596  1440 7.5059e+10  147  396 6.5741e+10 7.5059e+10  14.2%   136 1047s
  2604  1440 7.5059e+10  150  377 6.5741e+10 7.5059e+10  14.2%   136 1050s
  2623  1439 7.5059e+10   98  116 6.5741e+10 7.5059e+10  14.2%   137 1055s
  2646  1458 7.5059e+10  119  196 6.5741e+10 7.5059e+10  14.2%   136 1060s
  2674  1481 7.5059e+10  145   91 6.5741e+10 7.5059e+10  14.2%   135 1065s
  2693  1494 7.5059e+10  159  148 6.5741e+10 7.5059e+10  14.2%   135 1070s
  2720  1498 infeasible  167      6.5741e+10 7.5059e+10  14.2%   135 1075s
  2742  1490 7.5059e+10  157  129 6.5741e+10 7.5059e+10  14.2%   136 1080s
  2761  1482 7.5059e+10  149  148 6.5741e+10 7.5059e+10  14.2%   138 1085s
  2779  1479 7.5059e+10  144  179 6.5741e+10 7.5059e+10  14.2%   139 1090s
  2796  1476 7.5059e+10  141  208 6.5741e+10 7.5059e+10  14.2%   140 1095s
  2806  1473 7.5059e+10  139  155 6.5741e+10 7.5059e+10  14.2%   142 1100s
  2839  1481 infeasible  152      6.5741e+10 7.5059e+10  14.2%   142 1105s
  2863  1481 7.5059e+10  150  131 6.5741e+10 7.5059e+10  14.2%   142 1110s
  2901  1509 7.5059e+10  164   72 6.5741e+10 7.5059e+10  14.2%   141 1115s
  2950  1508 7.5059e+10  171  130 6.5741e+10 7.5059e+10  14.2%   140 1120s
  3050  1525 7.5059e+10  179   85 6.5741e+10 7.5059e+10  14.2%   137 1125s
  3233  1502 7.5059e+10  169   99 6.5741e+10 7.5059e+10  14.2%   131 1130s
  3372  1485 infeasible  158      6.5741e+10 7.5059e+10  14.2%   128 1135s
  3400  1475 infeasible  146      6.5741e+10 7.5059e+10  14.2%   128 1140s
  3425  1472 infeasible  147      6.5741e+10 7.5059e+10  14.2%   128 1145s
  3429  1470 7.5059e+10  142  157 6.5741e+10 7.5059e+10  14.2%   128 1193s
  3436  1468 7.5059e+10  132  213 6.5741e+10 7.5059e+10  14.2%   129 1195s
  3457  1469 infeasible  137      6.5741e+10 7.5059e+10  14.2%   129 1200s
  3476  1474 7.5059e+10  142  224 6.5741e+10 7.5059e+10  14.2%   129 1205s
  3499  1486 7.5059e+10  151  131 6.5741e+10 7.5059e+10  14.2%   129 1210s
  3523  1486 infeasible  142      6.5741e+10 7.5059e+10  14.2%   128 1215s
  3550  1495 7.5059e+10  153  147 6.5741e+10 7.5059e+10  14.2%   128 1220s
  3577  1484 infeasible  146      6.5741e+10 7.5059e+10  14.2%   128 1225s
  3612  1479 7.5059e+10  141  148 6.5741e+10 7.5059e+10  14.2%   128 1230s
  3646  1479 7.5059e+10  148  221 6.5741e+10 7.5059e+10  14.2%   128 1235s
  3679  1476 7.5059e+10  147  128 6.5741e+10 7.5059e+10  14.2%   127 1240s
  3699  1472 7.5059e+10  137  164 6.5741e+10 7.5059e+10  14.2%   127 1245s
  3724  1473 7.5059e+10  140  183 6.5741e+10 7.5059e+10  14.2%   127 1250s
  3746  1473 7.5059e+10  146  205 6.5741e+10 7.5059e+10  14.2%   127 1255s
  3773  1476 infeasible  144      6.5741e+10 7.5059e+10  14.2%   126 1260s
  3799  1478 7.5059e+10  137  177 6.5741e+10 7.5059e+10  14.2%   126 1265s
  3820  1476 7.5059e+10  136  199 6.5741e+10 7.5059e+10  14.2%   127 1270s
  3844  1479 7.5059e+10  136  186 6.5741e+10 7.5059e+10  14.2%   127 1275s
  3875  1476 infeasible  139      6.5741e+10 7.5059e+10  14.2%   127 1280s
  3894  1475 7.5059e+10  137  158 6.5741e+10 7.5059e+10  14.2%   127 1285s
  3927  1475 7.5059e+10  133  266 6.5741e+10 7.5059e+10  14.2%   126 1290s
  3955  1477 7.5059e+10  137  253 6.5741e+10 7.5059e+10  14.2%   126 1295s
  3976  1472 7.5059e+10  140  119 6.5741e+10 7.5059e+10  14.2%   127 1300s
  3998  1486 7.5059e+10  158  116 6.5741e+10 7.5059e+10  14.2%   126 1305s
  4020  1504 7.5059e+10  177   70 6.5741e+10 7.5059e+10  14.2%   126 1310s
  4050  1520 7.5059e+10  198   68 6.5741e+10 7.5059e+10  14.2%   125 1315s
  4075  1507 infeasible  184      6.5741e+10 7.5059e+10  14.2%   126 1320s
  4098  1496 infeasible  172      6.5741e+10 7.5059e+10  14.2%   126 1325s
  4120  1488 infeasible  164      6.5741e+10 7.5059e+10  14.2%   126 1330s
  4140  1483 7.5059e+10  157  214 6.5741e+10 7.5059e+10  14.2%   127 1335s
  4163  1479 7.5059e+10  152  172 6.5741e+10 7.5059e+10  14.2%   128 1340s
  4186  1471 7.5059e+10  140  161 6.5741e+10 7.5059e+10  14.2%   128 1345s
  4209  1463 infeasible  128      6.5741e+10 7.5059e+10  14.2%   129 1350s
  4226  1464 7.5059e+10  125  287 6.5741e+10 7.5059e+10  14.2%   130 1355s
  4257  1463 7.5059e+10  127  297 6.5741e+10 7.5059e+10  14.2%   129 1360s
  4282  1470 7.5059e+10  135  149 6.5741e+10 7.5059e+10  14.2%   129 1365s
  4309  1461 7.5059e+10  124  254 6.5741e+10 7.5059e+10  14.2%   129 1370s
  4338  1472 7.5059e+10  132  150 6.5741e+10 7.5059e+10  14.2%   128 1375s
  4366  1471 7.5059e+10  129  177 6.5741e+10 7.5059e+10  14.2%   128 1380s
  4394  1463 7.5059e+10  133  287 6.5741e+10 7.5059e+10  14.2%   128 1385s
  4418  1461 7.5059e+10  127  218 6.5741e+10 7.5059e+10  14.2%   128 1390s
  4436  1466 infeasible  127      6.5741e+10 7.5059e+10  14.2%   129 1395s
  4463  1465 7.5059e+10  126  124 6.5741e+10 7.5059e+10  14.2%   129 1400s
  4485  1473 infeasible  133      6.5741e+10 7.5059e+10  14.2%   128 1405s
  4514  1463 7.5059e+10  127  164 6.5741e+10 7.5059e+10  14.2%   128 1410s
  4545  1460 7.5059e+10  128  261 6.5741e+10 7.5059e+10  14.2%   128 1415s
  4565  1462 7.5059e+10  125  183 6.5741e+10 7.5059e+10  14.2%   128 1420s
  4589  1456 infeasible  126      6.5741e+10 7.5059e+10  14.2%   128 1425s
  4610  1455 7.5059e+10  122  210 6.5741e+10 7.5059e+10  14.2%   128 1430s
  4637  1454 7.5059e+10  119  202 6.5741e+10 7.5059e+10  14.2%   128 1435s
  4660  1463 7.5059e+10  123  145 6.5741e+10 7.5059e+10  14.2%   128 1440s
  4679  1478 7.5059e+10  137  157 6.5741e+10 7.5059e+10  14.2%   128 1481s
  4695  1479 infeasible  141      6.5741e+10 7.5059e+10  14.2%   128 1485s
  4720  1476 7.5059e+10  136  150 6.5741e+10 7.5059e+10  14.2%   128 1490s
  4749  1497 7.5059e+10  161  109 6.5741e+10 7.5059e+10  14.2%   127 1495s
  4820  1532 7.5059e+10  142  166 6.5741e+10 7.5059e+10  14.2%   126 1500s
  4845  1543 7.5059e+10  153  130 6.5741e+10 7.5059e+10  14.2%   126 1505s
  4915  1575 7.5059e+10   82  454 6.5741e+10 7.5059e+10  14.2%   125 1510s
  4928  1588 7.5059e+10   95  429 6.5741e+10 7.5059e+10  14.2%   125 1515s
  4941  1601 7.5059e+10  108  458 6.5741e+10 7.5059e+10  14.2%   124 1520s
  4954  1614 7.5059e+10  121  522 6.5741e+10 7.5059e+10  14.2%   124 1525s
  4966  1626 7.5059e+10  129  447 6.5741e+10 7.5059e+10  14.2%   124 1530s
  4976  1636 7.5059e+10  141  283 6.5741e+10 7.5059e+10  14.2%   125 1535s
  4995  1655 7.5059e+10  160  304 6.5741e+10 7.5059e+10  14.2%   124 1540s
  5014  1674 7.5059e+10  175  214 6.5741e+10 7.5059e+10  14.2%   124 1545s
  5034  1689 7.5059e+10  190  229 6.5741e+10 7.5059e+10  14.2%   124 1550s
  5067  1692 7.5059e+10  194  189 6.5741e+10 7.5059e+10  14.2%   123 1555s
  5089  1684 7.5059e+10   79  277 6.5741e+10 7.5059e+10  14.2%   124 1560s
  5098  1693 7.5059e+10   88  403 6.5741e+10 7.5059e+10  14.2%   124 1565s
  5103  1698 7.5059e+10   93  407 6.5741e+10 7.5059e+10  14.2%   124 1570s
  5118  1713 7.5059e+10  108  438 6.5741e+10 7.5059e+10  14.2%   124 1575s
  5128  1723 7.5059e+10  113  435 6.5741e+10 7.5059e+10  14.2%   124 1580s
  5142  1737 7.5059e+10  127  384 6.5741e+10 7.5059e+10  14.2%   124 1585s
  5158  1751 7.5059e+10  140  308 6.5741e+10 7.5059e+10  14.2%   124 1590s
  5175  1768 7.5059e+10  157  349 6.5741e+10 7.5059e+10  14.2%   124 1595s
  5193  1781 7.5059e+10  173  245 6.5741e+10 7.5059e+10  14.2%   124 1600s
  5209  1797 7.5059e+10  186  195 6.5741e+10 7.5059e+10  14.2%   123 1605s
  5224  1806 7.5059e+10  190  131 6.5741e+10 7.5059e+10  14.2%   123 1610s
  5242  1812 7.5059e+10  185  237 6.5741e+10 7.5059e+10  14.2%   123 1615s
  5257  1809 7.5059e+10  194  159 6.5741e+10 7.5059e+10  14.2%   123 1620s
  5279  1820 infeasible  204      6.5741e+10 7.5059e+10  14.2%   123 1625s
  5296  1817 infeasible  136      6.5741e+10 7.5059e+10  14.2%   124 1630s
  5305  1826 7.5059e+10  144  337 6.5741e+10 7.5059e+10  14.2%   124 1635s
  5320  1840 7.5059e+10  159  334 6.5741e+10 7.5059e+10  14.2%   124 1640s
  5336  1839 7.5059e+10  139  378 6.5741e+10 7.5059e+10  14.2%   125 1645s
  5358  1843 7.5059e+10  139  258 6.5741e+10 7.5059e+10  14.2%   125 1650s
  5381  1862 7.5059e+10  153  164 6.5741e+10 7.5059e+10  14.2%   125 1655s
  5410  1887 infeasible  164      6.5741e+10 7.5059e+10  14.2%   124 1660s
  5436  1887 7.4067e+10  166  206 6.5741e+10 7.5059e+10  14.2%   124 1665s
  5453  1899 7.5059e+10  107  215 6.5741e+10 7.5059e+10  14.2%   125 1670s
  5474  1919 7.3349e+10  128   76 6.5741e+10 7.5059e+10  14.2%   124 1675s
  5496  1929 7.2179e+10  141   60 6.5741e+10 7.5059e+10  14.2%   124 1680s
  5519  1931 7.5059e+10   82  459 6.5741e+10 7.5059e+10  14.2%   125 1685s
  5531  1943 7.5059e+10   94  411 6.5741e+10 7.5059e+10  14.2%   125 1690s
  5540  1952 7.5059e+10  103  467 6.5741e+10 7.5059e+10  14.2%   125 1695s
  5550  1962 7.5059e+10  113  443 6.5741e+10 7.5059e+10  14.2%   125 1700s
  5561  1973 7.5059e+10  124  420 6.5741e+10 7.5059e+10  14.2%   125 1705s
  5575  1987 7.5059e+10  136  349 6.5741e+10 7.5059e+10  14.2%   124 1710s
  5592  2004 7.5059e+10  151  322 6.5741e+10 7.5059e+10  14.2%   124 1715s
  5609  2021 7.5059e+10  167  348 6.5741e+10 7.5059e+10  14.2%   124 1720s
  5625  2037 7.5059e+10  183  413 6.5741e+10 7.5059e+10  14.2%   124 1725s
  5644  2056 7.5059e+10  200  345 6.5741e+10 7.5059e+10  14.2%   124 1730s
  5664  2074 7.5059e+10  218  214 6.5741e+10 7.5059e+10  14.2%   123 1735s
  5679  2075 7.5059e+10  136  263 6.5741e+10 7.5059e+10  14.2%   124 1740s
  5699  2094 7.5059e+10  154  213 6.5741e+10 7.5059e+10  14.2%   124 1745s
  5719  2112 7.5059e+10  168  225 6.5741e+10 7.5059e+10  14.2%   124 1750s
  5739  2128 7.5059e+10  179  194 6.5741e+10 7.5059e+10  14.2%   124 1755s
  5768  2132 7.4956e+10  186  202 6.5741e+10 7.5059e+10  14.2%   124 1760s
  5803  2120 7.5059e+10  178  156 6.5741e+10 7.5059e+10  14.2%   124 1765s
  5826  2121 7.5059e+10  183  153 6.5741e+10 7.5059e+10  14.2%   124 1770s
  5851  2132 7.2824e+10  190  153 6.5741e+10 7.5059e+10  14.2%   124 1775s
  5875  2123 7.5059e+10   82  364 6.5741e+10 7.5059e+10  14.2%   125 1780s
  5887  2127 7.3349e+10   87  304 6.5741e+10 7.5059e+10  14.2%   125 1785s
  5901  2129 7.2824e+10  135  450 6.5741e+10 7.5059e+10  14.2%   126 1790s
  5911  2133 7.2824e+10  141  313 6.5741e+10 7.5059e+10  14.2%   127 1795s
  5929  2134 infeasible  149      6.5741e+10 7.5059e+10  14.2%   127 1800s
  5944  2143 7.1639e+10   89  381 6.5741e+10 7.5059e+10  14.2%   127 1805s
  5959  2154 7.1639e+10   94  281 6.5741e+10 7.5059e+10  14.2%   127 1810s
  5973  2168 7.1639e+10   99  170 6.5741e+10 7.5059e+10  14.2%   127 1815s
  5987  2182 7.1639e+10  104  195 6.5741e+10 7.5059e+10  14.2%   127 1820s
  6003  2194 7.1639e+10  112  228 6.5741e+10 7.5059e+10  14.2%   127 1825s
  6016  2203 7.1639e+10  114  207 6.5741e+10 7.5059e+10  14.2%   127 1830s
  6039  2226 7.1639e+10  123  205 6.5741e+10 7.5059e+10  14.2%   127 1835s
  6064  2249 infeasible  130      6.5741e+10 7.5059e+10  14.2%   126 1840s
  6083  2268 7.1639e+10  138  186 6.5741e+10 7.5059e+10  14.2%   126 1845s
  6109  2280 7.1639e+10  148  154 6.5741e+10 7.5059e+10  14.2%   126 1850s
  6111  2282 7.1639e+10  149  159 6.5741e+10 7.5059e+10  14.2%   126 1866s
  6129  2284 7.5059e+10  165  410 6.5741e+10 7.5059e+10  14.2%   126 1870s
  6140  2289 7.5059e+10  187  243 6.5741e+10 7.5059e+10  14.2%   126 1875s
  6156  2301 7.5059e+10  198  220 6.5741e+10 7.5059e+10  14.2%   126 1880s
  6179  2318 7.5059e+10  217  169 6.5741e+10 7.5059e+10  14.2%   126 1885s
  6202  2313 infeasible  217      6.5741e+10 7.5059e+10  14.2%   126 1890s
  6230  2303 7.5059e+10  204  254 6.5741e+10 7.5059e+10  14.2%   126 1895s
  6256  2317 7.5059e+10  217  181 6.5741e+10 7.5059e+10  14.2%   126 1900s
  6283  2326 infeasible  227      6.5741e+10 7.5059e+10  14.2%   126 1905s
  6309  2340 infeasible  217      6.5741e+10 7.5059e+10  14.2%   126 1910s
  6340  2323 7.5059e+10  190  425 6.5741e+10 7.5059e+10  14.2%   126 1915s
  6355  2338 7.5059e+10  205  240 6.5741e+10 7.5059e+10  14.2%   126 1920s
  6375  2346 7.5059e+10  194  366 6.5741e+10 7.5059e+10  14.2%   126 1925s
  6390  2361 7.5059e+10  199  229 6.5741e+10 7.5059e+10  14.2%   126 1930s
  6412  2369 7.5059e+10  204  169 6.5741e+10 7.5059e+10  14.2%   126 1935s
  6466  2321 7.5059e+10  221  143 6.5741e+10 7.5059e+10  14.2%   125 1940s
  6500  2301 infeasible  205      6.5741e+10 7.5059e+10  14.2%   125 1945s
  6526  2309 7.5059e+10  211  131 6.5741e+10 7.5059e+10  14.2%   125 1950s
  6555  2302 7.3889e+10  206  179 6.5741e+10 7.5059e+10  14.2%   125 1955s
  6581  2288 7.5059e+10  188  216 6.5741e+10 7.5059e+10  14.2%   125 1960s
  6596  2289 infeasible  191      6.5741e+10 7.5059e+10  14.2%   125 1965s
  6611  2284 infeasible  186      6.5741e+10 7.5059e+10  14.2%   125 1970s
  6623  2282 7.5059e+10  182  281 6.5741e+10 7.5059e+10  14.2%   126 1975s
  6640  2281 7.5059e+10  181  266 6.5741e+10 7.5059e+10  14.2%   126 1980s
  6652  2283 7.5059e+10  187  348 6.5741e+10 7.5059e+10  14.2%   127 1985s
  6665  2294 7.5059e+10  199  225 6.5741e+10 7.5059e+10  14.2%   127 1990s
  6684  2309 7.1654e+10  216  148 6.5741e+10 7.5059e+10  14.2%   126 1995s
  6705  2314 7.2824e+10  224  123 6.5741e+10 7.5059e+10  14.2%   126 2000s
  6713  2314 7.2824e+10  226  125 6.5741e+10 7.5059e+10  14.2%   126 2010s
  6740  2315 7.5059e+10  184  410 6.5741e+10 7.5059e+10  14.2%   126 2015s
  6750  2325 7.5059e+10  190  245 6.5741e+10 7.5059e+10  14.2%   126 2020s
  6771  2346 7.5059e+10  210  235 6.5741e+10 7.5059e+10  14.2%   126 2025s
  6792  2364 7.5059e+10  225  180 6.5741e+10 7.5059e+10  14.2%   126 2030s
  6822  2394 7.5059e+10  253  115 6.5741e+10 7.5059e+10  14.2%   126 2035s
  6866  2392 infeasible  261      6.5741e+10 7.5059e+10  14.2%   125 2040s
  6893  2383 infeasible  248      6.5741e+10 7.5059e+10  14.2%   126 2045s
  6922  2372 7.5059e+10  236  223 6.5741e+10 7.5059e+10  14.2%   126 2050s
  6951  2361 infeasible  226      6.5741e+10 7.5059e+10  14.2%   126 2055s
  6976  2352 infeasible  217      6.5741e+10 7.5059e+10  14.2%   127 2060s
  6996  2344 infeasible  213      6.5741e+10 7.5059e+10  14.2%   127 2065s
  7015  2341 7.5059e+10  208  305 6.5741e+10 7.5059e+10  14.2%   128 2070s
  7033  2357 7.5059e+10  225  178 6.5741e+10 7.5059e+10  14.2%   127 2083s
  7040  2364 7.5059e+10  231  206 6.5741e+10 7.5059e+10  14.2%   127 2085s
  7068  2368 7.5059e+10  209  223 6.5741e+10 7.5059e+10  14.2%   127 2090s
  7096  2367 7.5059e+10  210  262 6.5741e+10 7.5059e+10  14.2%   127 2095s
  7120  2368 7.5059e+10  237  157 6.5741e+10 7.5059e+10  14.2%   127 2100s
  7145  2369 7.5059e+10  236  132 6.5741e+10 7.5059e+10  14.2%   127 2105s
  7172  2361 7.5059e+10  230  224 6.5741e+10 7.5059e+10  14.2%   127 2110s
  7198  2361 infeasible  232      6.5741e+10 7.5059e+10  14.2%   127 2115s
  7228  2358 infeasible  229      6.5741e+10 7.5059e+10  14.2%   127 2120s
  7253  2357 7.5059e+10  227  370 6.5741e+10 7.5059e+10  14.2%   127 2125s
  7278  2357 7.5059e+10  228  214 6.5741e+10 7.5059e+10  14.2%   127 2130s
  7301  2353 7.5059e+10  223  131 6.5741e+10 7.5059e+10  14.2%   127 2135s
  7325  2364 7.2719e+10  239  193 6.5741e+10 7.5059e+10  14.2%   127 2140s
  7356  2363 7.5059e+10  184  339 6.5741e+10 7.5059e+10  14.2%   127 2145s
  7367  2374 7.5059e+10  189  279 6.5741e+10 7.5059e+10  14.2%   127 2161s
  7377  2377 7.5059e+10  191  262 6.5741e+10 7.5059e+10  14.2%   127 2165s
  7397  2367 7.5059e+10  189  360 6.5741e+10 7.5059e+10  14.2%   128 2170s
  7408  2372 7.2824e+10  196  245 6.5741e+10 7.5059e+10  14.2%   128 2175s
  7423  2379 7.2824e+10  202  248 6.5741e+10 7.5059e+10  14.2%   128 2180s
  7445  2384 7.2824e+10  211  267 6.5741e+10 7.5059e+10  14.2%   128 2185s
  7471  2396 7.2824e+10  223  211 6.5741e+10 7.5059e+10  14.2%   128 2190s
  7485  2390 infeasible  186      6.5741e+10 7.5059e+10  14.2%   128 2195s
  7502  2396 7.5059e+10  194  315 6.5741e+10 7.5059e+10  14.2%   128 2200s
  7525  2404 infeasible  209      6.5741e+10 7.5059e+10  14.2%   128 2205s
  7551  2418 7.2824e+10  219  166 6.5741e+10 7.5059e+10  14.2%   128 2210s
  7578  2414 7.5059e+10  167  311 6.5741e+10 7.5059e+10  14.2%   128 2215s
  7591  2425 7.5059e+10  177  278 6.5741e+10 7.5059e+10  14.2%   128 2220s
  7605  2435 7.5059e+10  188  248 6.5741e+10 7.5059e+10  14.2%   128 2225s
  7625  2455 7.2824e+10  200  194 6.5741e+10 7.5059e+10  14.2%   128 2230s
  7645  2471 infeasible  217      6.5741e+10 7.5059e+10  14.2%   128 2235s
  7662  2474 7.2824e+10  226  201 6.5741e+10 7.5059e+10  14.2%   128 2240s
  7684  2490 infeasible  236      6.5741e+10 7.5059e+10  14.2%   128 2245s
  7702  2484 infeasible  241      6.5741e+10 7.5059e+10  14.2%   128 2250s
  7710  2492 7.5059e+10  179  380 6.5741e+10 7.5059e+10  14.2%   129 2255s
  7719  2493 7.5059e+10  180  396 6.5741e+10 7.5059e+10  14.2%   129 2260s
  7731  2499 infeasible  185      6.5741e+10 7.5059e+10  14.2%   129 2265s
  7742  2492 7.5059e+10  180  264 6.5741e+10 7.5059e+10  14.2%   130 2289s
  7745  2491 7.5059e+10  180  357 6.5741e+10 7.5059e+10  14.2%   130 2291s
  7755  2491 7.2824e+10  182  184 6.5741e+10 7.5059e+10  14.2%   131 2295s
  7775  2489 7.5059e+10  179  300 6.5741e+10 7.5059e+10  14.2%   131 2300s
  7787  2485 7.5059e+10  174  488 6.5741e+10 7.5059e+10  14.2%   131 2305s
  7798  2494 7.5059e+10  183  358 6.5741e+10 7.5059e+10  14.2%   132 2310s
  7814  2486 7.5059e+10  181  236 6.5741e+10 7.5059e+10  14.2%   132 2315s
  7830  2480 7.5059e+10  173  312 6.5741e+10 7.5059e+10  14.2%   133 2320s
  7844  2486 7.5059e+10  180  352 6.5741e+10 7.5059e+10  14.2%   134 2325s
  7856  2486 7.5059e+10  181  171 6.5741e+10 7.5059e+10  14.2%   134 2330s
  7877  2497 7.5059e+10  195  203 6.5741e+10 7.5059e+10  14.2%   134 2335s
  7904  2492 7.5059e+10  192  156 6.5741e+10 7.5059e+10  14.2%   134 2340s
  7921  2485 7.5059e+10  182  263 6.5741e+10 7.5059e+10  14.2%   134 2345s
  7937  2493 infeasible  193      6.5741e+10 7.5059e+10  14.2%   134 2350s
  7941  2495 7.5059e+10  191  253 6.5741e+10 7.5059e+10  14.2%   134 2358s
  7947  2499 7.5059e+10  195  237 6.5741e+10 7.5059e+10  14.2%   134 2360s
  7964  2492 infeasible  196      6.5741e+10 7.5059e+10  14.2%   134 2365s
  7979  2489 7.5059e+10  189  292 6.5741e+10 7.5059e+10  14.2%   135 2370s
  7997  2499 infeasible  202      6.5741e+10 7.5059e+10  14.2%   135 2375s
  8009  2499 7.4898e+10  192  301 6.5741e+10 7.5059e+10  14.2%   135 2380s
  8027  2509 7.2824e+10  201  202 6.5741e+10 7.5059e+10  14.2%   135 2385s
  8052  2510 7.5059e+10  175  362 6.5741e+10 7.5059e+10  14.2%   135 2390s
  8064  2520 7.5059e+10  184  302 6.5741e+10 7.5059e+10  14.2%   135 2395s
  8081  2533 7.5059e+10  198  233 6.5741e+10 7.5059e+10  14.2%   135 2400s
  8103  2547 infeasible  215      6.5741e+10 7.5059e+10  14.2%   135 2405s
  8116  2548 7.5059e+10  168  362 6.5741e+10 7.5059e+10  14.2%   136 2410s
  8136  2559 7.5059e+10  184  171 6.5741e+10 7.5059e+10  14.2%   135 2415s
  8162  2567 7.5059e+10  210  286 6.5741e+10 7.5059e+10  14.2%   135 2420s
  8173  2570 7.5059e+10  172  224 6.5741e+10 7.5059e+10  14.2%   136 2425s
  8188  2569 7.5059e+10  176  240 6.5741e+10 7.5059e+10  14.2%   136 2430s
  8196  2575 7.5059e+10  177  197 6.5741e+10 7.5059e+10  14.2%   136 2445s
  8210  2577 infeasible  178      6.5741e+10 7.5059e+10  14.2%   136 2450s
  8237  2588 7.5059e+10  185  200 6.5741e+10 7.5059e+10  14.2%   136 2455s
  8264  2579 7.5059e+10  183  188 6.5741e+10 7.5059e+10  14.2%   136 2460s
  8286  2579 7.5059e+10  184  189 6.5741e+10 7.5059e+10  14.2%   136 2465s
  8310  2577 infeasible  184      6.5741e+10 7.5059e+10  14.2%   135 2470s
  8316  2573 7.5059e+10  178  217 6.5741e+10 7.5059e+10  14.2%   135 2479s
  8319  2576 7.5059e+10  181  205 6.5741e+10 7.5059e+10  14.2%   135 2480s
  8336  2577 infeasible  180      6.5741e+10 7.5059e+10  14.2%   136 2485s
  8357  2577 7.5059e+10  186  188 6.5741e+10 7.5059e+10  14.2%   136 2490s
  8382  2602 7.5059e+10  210  199 6.5741e+10 7.5059e+10  14.2%   135 2495s
  8430  2624 7.5059e+10  176  300 6.5741e+10 7.5059e+10  14.2%   135 2500s
  8442  2634 7.5059e+10  187  293 6.5741e+10 7.5059e+10  14.2%   135 2505s
  8455  2645 7.5059e+10  198  282 6.5741e+10 7.5059e+10  14.2%   135 2510s
  8475  2665 7.5059e+10  218  241 6.5741e+10 7.5059e+10  14.2%   135 2515s
  8497  2667 infeasible  224      6.5741e+10 7.5059e+10  14.2%   135 2520s
  8510  2664 7.5059e+10  220  234 6.5741e+10 7.5059e+10  14.2%   135 2525s
  8524  2662 7.5059e+10  217  360 6.5741e+10 7.5059e+10  14.2%   136 2530s
  8538  2660 7.5059e+10  215  199 6.5741e+10 7.5059e+10  14.2%   136 2535s
  8547  2657 7.5059e+10  212  274 6.5741e+10 7.5059e+10  14.2%   136 2549s
  8548  2656 infeasible  213      6.5741e+10 7.5059e+10  14.2%   136 2550s
  8562  2654 7.5059e+10  209  285 6.5741e+10 7.5059e+10  14.2%   137 2555s
  8577  2651 7.5059e+10  206  284 6.5741e+10 7.5059e+10  14.2%   137 2560s
  8588  2648 infeasible  205      6.5741e+10 7.5059e+10  14.2%   137 2565s
  8596  2644 7.5059e+10  199  266 6.5741e+10 7.5059e+10  14.2%   138 2571s
  8607  2635 infeasible  192      6.5741e+10 7.5059e+10  14.2%   139 2575s
  8614  2632 7.5059e+10  187  312 6.5741e+10 7.5059e+10  14.2%   139 2580s
  8623  2635 infeasible  190      6.5741e+10 7.5059e+10  14.2%   140 2585s
  8639  2627 infeasible  184      6.5741e+10 7.5059e+10  14.2%   140 2590s
  8649  2633 7.2824e+10  188  228 6.5741e+10 7.5059e+10  14.2%   140 2595s
  8663  2645 7.5059e+10  199  218 6.5741e+10 7.5059e+10  14.2%   140 2600s
  8679  2655 7.5059e+10  210  144 6.5741e+10 7.5059e+10  14.2%   140 2605s
  8694  2650 infeasible  182      6.5741e+10 7.5059e+10  14.2%   141 2610s
  8697  2649 7.5059e+10  206  141 6.5741e+10 7.5059e+10  14.2%   141 2661s
  8698  2650 7.5059e+10  207  150 6.5741e+10 7.5059e+10  14.2%   141 2668s
  8703  2647 infeasible  206      6.5741e+10 7.5059e+10  14.2%   141 2670s
  8716  2642 7.5059e+10  199  273 6.5741e+10 7.5059e+10  14.2%   141 2675s
  8725  2645 7.5059e+10  201  172 6.5741e+10 7.5059e+10  14.2%   141 2680s
  8744  2658 infeasible  213      6.5741e+10 7.5059e+10  14.2%   141 2685s
  8768  2650 7.5059e+10  207  198 6.5741e+10 7.5059e+10  14.2%   141 2690s
  8795  2637 infeasible  197      6.5741e+10 7.5059e+10  14.2%   141 2695s
  8805  2637 infeasible  195      6.5741e+10 7.5059e+10  14.2%   141 2700s
  8817  2635 7.5059e+10  190  170 6.5741e+10 7.5059e+10  14.2%   142 2705s
  8825  2635 7.5059e+10  193  131 6.5741e+10 7.5059e+10  14.2%   142 2721s
  8835  2631 7.5059e+10  169  400 6.5741e+10 7.5059e+10  14.2%   142 2726s
  8845  2641 7.5059e+10  177  347 6.5741e+10 7.5059e+10  14.2%   142 2730s
  8864  2638 infeasible  182      6.5741e+10 7.5059e+10  14.2%   143 2735s
  8876  2644 infeasible  174      6.5741e+10 7.5059e+10  14.2%   143 2740s
  8893  2649 7.5059e+10  177  266 6.5741e+10 7.5059e+10  14.2%   143 2745s
  8913  2641 infeasible  175      6.5741e+10 7.5059e+10  14.2%   143 2750s
  8928  2642 7.5059e+10  174  310 6.5741e+10 7.5059e+10  14.2%   144 2755s
  8948  2638 7.5059e+10  171  361 6.5741e+10 7.5059e+10  14.2%   144 2760s
  8965  2640 infeasible  178      6.5741e+10 7.5059e+10  14.2%   144 2765s
  8978  2641 7.5059e+10  180  306 6.5741e+10 7.5059e+10  14.2%   144 2770s
  8994  2641 7.5059e+10  177  221 6.5741e+10 7.5059e+10  14.2%   145 2775s
  9010  2643 7.5059e+10  181  215 6.5741e+10 7.5059e+10  14.2%   145 2780s
  9028  2657 7.5059e+10  193  277 6.5741e+10 7.5059e+10  14.2%   145 2785s
  9056  2679 7.2824e+10  210  184 6.5741e+10 7.5059e+10  14.2%   145 2790s
  9083  2702 infeasible  234      6.5741e+10 7.5059e+10  14.2%   144 2795s
  9110  2698 7.5059e+10  168  486 6.5741e+10 7.5059e+10  14.2%   144 2800s
  9121  2701 7.5059e+10  173  210 6.5741e+10 7.5059e+10  14.2%   144 2805s
  9139  2705 infeasible  177      6.5741e+10 7.5059e+10  14.2%   144 2810s
  9146  2710 7.5059e+10   58  504 6.5741e+10 7.5059e+10  14.2%   145 2815s
  9157  2721 7.5059e+10   66  434 6.5741e+10 7.5059e+10  14.2%   145 2820s
  9165  2729 7.5059e+10   73  370 6.5741e+10 7.5059e+10  14.2%   145 2825s
  9175  2739 7.5059e+10   83  284 6.5741e+10 7.5059e+10  14.2%   145 2830s
  9189  2753 7.5059e+10   95  252 6.5741e+10 7.5059e+10  14.2%   145 2835s
  9196  2760 7.5059e+10  102  307 6.5741e+10 7.5059e+10  14.2%   145 2841s
  9206  2770 7.5059e+10  112  288 6.5741e+10 7.5059e+10  14.2%   145 2845s
  9224  2788 7.5059e+10  129  291 6.5741e+10 7.5059e+10  14.2%   145 2850s
  9237  2801 7.5059e+10  139  291 6.5741e+10 7.5059e+10  14.2%   144 2855s
  9261  2825 7.5059e+10  162  331 6.5741e+10 7.5059e+10  14.2%   144 2860s
  9286  2848 7.5059e+10  180  343 6.5741e+10 7.5059e+10  14.2%   144 2865s
  9310  2872 7.5059e+10  197  275 6.5741e+10 7.5059e+10  14.2%   144 2870s
  9337  2890 7.5059e+10  212  231 6.5741e+10 7.5059e+10  14.2%   143 2875s
  9353  2906 7.5059e+10  227  256 6.5741e+10 7.5059e+10  14.2%   143 2911s
  9375  2922 infeasible  236      6.5741e+10 7.5059e+10  14.2%   143 2915s
  9407  2934 infeasible  255      6.5741e+10 7.5059e+10  14.2%   143 2920s
  9423  2931 7.5059e+10  252  151 6.5741e+10 7.5059e+10  14.2%   143 2925s
  9451  2907 infeasible  228      6.5741e+10 7.5059e+10  14.2%   144 2930s
  9476  2882 infeasible  208      6.5741e+10 7.5059e+10  14.2%   145 2935s
  9502  2876 infeasible  205      6.5741e+10 7.5059e+10  14.2%   145 2940s
  9520  2870 7.5059e+10  197  236 6.5741e+10 7.5059e+10  14.2%   145 2945s
  9541  2861 7.5059e+10  188  284 6.5741e+10 7.5059e+10  14.2%   146 2950s
  9559  2868 7.5059e+10   99  165 6.5741e+10 7.5059e+10  14.2%   146 2955s
  9577  2883 7.5059e+10  115  155 6.5741e+10 7.5059e+10  14.2%   146 2960s
  9608  2862 7.5059e+10   97  153 6.5741e+10 7.5059e+10  14.2%   146 2965s
  9628  2881 7.5059e+10  115  130 6.5741e+10 7.5059e+10  14.2%   146 2970s
  9653  2894 7.5059e+10  124  181 6.5741e+10 7.5059e+10  14.2%   145 2975s
  9677  2906 7.5059e+10  135  154 6.5741e+10 7.5059e+10  14.2%   145 2980s
  9714  2943 7.5059e+10  172  110 6.5741e+10 7.5059e+10  14.2%   145 2985s
  9743  2949 7.5059e+10  107  145 6.5741e+10 7.5059e+10  14.2%   145 2990s
  9768  2972 7.5059e+10  126  129 6.5741e+10 7.5059e+10  14.2%   144 2995s
  9797  2990 7.1639e+10  141   51 6.5741e+10 7.5059e+10  14.2%   144 3000s
  9830  2977 7.5059e+10  132  129 6.5741e+10 7.5059e+10  14.2%   144 3005s
  9861  2990 infeasible  148      6.5741e+10 7.5059e+10  14.2%   144 3010s
  9899  3010 7.5059e+10  132  146 6.5741e+10 7.5059e+10  14.2%   143 3015s
  9966  3050 infeasible  166      6.5741e+10 7.5059e+10  14.2%   143 3020s
 10097  3031 infeasible  154      6.5741e+10 7.5059e+10  14.2%   141 3025s
 10156  3022 7.5059e+10  149   89 6.5741e+10 7.5059e+10  14.2%   141 3030s
 10194  3008 infeasible  136      6.5741e+10 7.5059e+10  14.2%   140 3035s
 10202  3010 7.5059e+10  135  110 6.5741e+10 7.5059e+10  14.2%   140 3380s
 10230  3011 infeasible  139      6.5741e+10 7.5059e+10  14.2%   140 3385s
 10274  3003 7.5059e+10  163   82 6.5741e+10 7.5059e+10  14.2%   140 3390s
 10315  2988 7.5059e+10  146  120 6.5741e+10 7.5059e+10  14.2%   139 3395s
 10342  2985 7.5059e+10  143  122 6.5741e+10 7.5059e+10  14.2%   139 3400s
 10382  2979 7.5059e+10  136  114 6.5741e+10 7.5059e+10  14.2%   139 3405s
 10419  2978 infeasible  139      6.5741e+10 7.5059e+10  14.2%   139 3410s
 10463  2988 7.5059e+10  145   59 6.5741e+10 7.5059e+10  14.2%   138 3415s
 10510  2990 7.5059e+10  143   72 6.5741e+10 7.5059e+10  14.2%   138 3420s
 10552  2976 7.5059e+10  132  131 6.5741e+10 7.5059e+10  14.2%   137 3425s
 10589  2968 7.5059e+10  127  165 6.5741e+10 7.5059e+10  14.2%   137 3430s
 10627  2972 7.5059e+10  132  140 6.5741e+10 7.5059e+10  14.2%   137 3435s
 10665  2971 7.5059e+10  131  110 6.5741e+10 7.5059e+10  14.2%   136 3440s
 10698  2964 7.5059e+10  129  143 6.5741e+10 7.5059e+10  14.2%   136 3445s
 10728  2973 7.5059e+10  129  157 6.5741e+10 7.5059e+10  14.2%   136 3450s
 10765  2967 7.5059e+10  129  213 6.5741e+10 7.5059e+10  14.2%   136 3455s
 10792  2974 7.5059e+10  133  141 6.5741e+10 7.5059e+10  14.2%   135 3460s
 10824  2982 7.5059e+10  134  147 6.5741e+10 7.5059e+10  14.2%   135 3465s
 10868  2972 7.5059e+10  132  179 6.5741e+10 7.5059e+10  14.2%   135 3470s
 10904  2966 7.5059e+10  131  149 6.5741e+10 7.5059e+10  14.2%   134 3475s
 10929  2973 7.5059e+10  132  167 6.5741e+10 7.5059e+10  14.2%   134 3480s
 10961  2977 7.5059e+10  132  146 6.5741e+10 7.5059e+10  14.2%   134 3485s
 11005  2965 7.5059e+10  132  173 6.5741e+10 7.5059e+10  14.2%   134 3490s
 11035  2967 7.5059e+10  134  195 6.5741e+10 7.5059e+10  14.2%   134 3495s
 11071  2970 7.5059e+10  126  116 6.5741e+10 7.5059e+10  14.2%   133 3500s
 11106  2972 7.5059e+10  128  132 6.5741e+10 7.5059e+10  14.2%   133 3505s
 11144  2960 7.5059e+10  120  147 6.5741e+10 7.5059e+10  14.2%   133 3510s
 11174  2966 7.5059e+10  123  180 6.5741e+10 7.5059e+10  14.2%   132 3515s
 11199  2977 7.5059e+10  125  103 6.5741e+10 7.5059e+10  14.2%   132 3520s
 11224  2975 7.5059e+10  125  149 6.5741e+10 7.5059e+10  14.2%   132 3541s
 11240  2968 7.5059e+10  124  120 6.5741e+10 7.5059e+10  14.2%   132 3545s
 11269  2970 7.5059e+10  121  168 6.5741e+10 7.5059e+10  14.2%   132 3550s
 11302  2956 7.5059e+10  118  101 6.5741e+10 7.5059e+10  14.2%   132 3555s
 11323  2953 7.5059e+10  111  131 6.5741e+10 7.5059e+10  14.2%   132 3560s
 11346  2950 infeasible  114      6.5741e+10 7.5059e+10  14.2%   132 3565s
 11369  2950 7.5059e+10  113  127 6.5741e+10 7.5059e+10  14.2%   132 3570s
 11394  2951 infeasible  122      6.5741e+10 7.5059e+10  14.2%   131 3575s
 11422  2950 infeasible  114      6.5741e+10 7.5059e+10  14.2%   131 3580s
 11443  2964 7.5059e+10  129  214 6.5741e+10 7.5059e+10  14.2%   131 3585s
 11459  2962 7.5059e+10  129  115 6.5741e+10 7.5059e+10  14.2%   131 3590s
 11483  2954 infeasible  122      6.5741e+10 7.5059e+10  14.2%   131 3595s

Cutting planes:
  Learned: 354
  Gomory: 171
  Lift-and-project: 8
  Cover: 8777
  Implied bound: 3382
  Clique: 54
  MIR: 190
  StrongCG: 7
  Flow cover: 1351
  GUB cover: 1
  Inf proof: 152
  Zero half: 63
  Network: 2
  RLT: 280
  Relax-and-lift: 408

Explored 11488 nodes (1656499 simplex iterations) in 3596.23 seconds (1808.88 work units)
Thread count was 1 (of 28 available processors)

Solution count 10: 6.57406e+10 6.3674e+10 5.7762e+10 ... 1.473e+10

Time limit reached
Best objective 6.574058982000e+10, best bound 7.505899092000e+10, gap 14.1745%

User-callback calls 632643, time in user-callback 0.76 sec