Gurobi Optimizer version 12.0.3 build v12.0.3rc0 (linux64 - "Oracle Linux Server 9.4")

CPU model: Intel(R) Xeon(R) CPU E5-2660 v4 @ 2.00GHz, instruction set [SSE2|AVX|AVX2]
Thread count: 28 physical cores, 28 logical processors, using up to 1 threads

Non-default parameters:
TimeLimit  3594.736352013
SoftMemLimit  16
NumericFocus  1
Threads  1

Academic license 2690100 - for non-commercial use only - registered to ju___@uclm.es
Optimize a model with 76517 rows, 17648 columns and 307172 nonzeros
Model fingerprint: 0x7606af95
Variable types: 144 continuous, 17504 integer (17504 binary)
Coefficient statistics:
  Matrix range     [1e+00, 9e+12]
  Objective range  [5e+08, 1e+09]
  Bounds range     [2e+03, 1e+04]
  RHS range        [1e+00, 2e+14]
Warning: Model contains large matrix coefficient range
Warning: Model contains large objective coefficients
Warning: Model contains large rhs
Found heuristic solution: objective -0.0000000
Presolve removed 19391 rows and 1944 columns
Presolve time: 1.49s
Presolved: 57126 rows, 15704 columns, 205009 nonzeros
Variable types: 144 continuous, 15560 integer (15560 binary)

Use crossover to convert LP symmetric solution to basic solution...

Root relaxation: objective 8.488476e+10, 2581 iterations, 0.28 seconds (0.15 work units)
Total elapsed time = 8.75s (DegenMoves)
Total elapsed time = 15.90s (DegenMoves)

    Nodes    |    Current Node    |     Objective Bounds      |     Work
 Expl Unexpl |  Obj  Depth IntInf | Incumbent    BestBd   Gap | It/Node Time

     0     0 8.4885e+10    0  247   -0.00000 8.4885e+10      -     -   17s
H    0     0                    1.025395e+10 8.4885e+10   728%     -   17s
H    0     0                    1.289714e+10 8.4885e+10   558%     -   17s
     0     0 8.4885e+10    0  390 1.2897e+10 8.4885e+10   558%     -   21s
     0     0 8.4885e+10    0  750 1.2897e+10 8.4885e+10   558%     -   43s
H    0     0                    3.962548e+10 8.4885e+10   114%     -   44s
H    0     0                    3.976556e+10 8.4885e+10   113%     -   44s
H    0     0                    5.193186e+10 8.4885e+10  63.5%     -   46s
     0     0 8.4885e+10    0  581 5.1932e+10 8.4885e+10  63.5%     -   48s
     0     0 8.4885e+10    0  809 5.1932e+10 8.4885e+10  63.5%     -   72s
H    0     0                    5.240081e+10 8.4885e+10  62.0%     -   73s
     0     0 8.4885e+10    0 1026 5.2401e+10 8.4885e+10  62.0%     -   83s
     0     0 8.4885e+10    0  990 5.2401e+10 8.4885e+10  62.0%     -  110s
     0     0 8.4885e+10    0 1208 5.2401e+10 8.4885e+10  62.0%     -  130s
     0     0 8.4885e+10    0 1092 5.2401e+10 8.4885e+10  62.0%     -  161s
     0     0 8.4885e+10    0 1036 5.2401e+10 8.4885e+10  62.0%     -  179s
     0     2 8.4885e+10    0  390 5.2401e+10 8.4885e+10  62.0%     -  237s
     2     4 8.4885e+10    1  830 5.2401e+10 8.4885e+10  62.0% 36326  242s
     4     6 8.4885e+10    3  836 5.2401e+10 8.4885e+10  62.0% 20140  245s
     7     9 8.4885e+10    4  973 5.2401e+10 8.4885e+10  62.0% 13016  250s
    12    14 8.4885e+10    7 2790 5.2401e+10 8.4885e+10  62.0%  9138  259s
    13    15 8.4885e+10    7 1079 5.2401e+10 8.4885e+10  62.0%  8744  260s
    16    18 8.4885e+10    9 2540 5.2401e+10 8.4885e+10  62.0%  7797  266s
    20    22 8.4885e+10   11 1852 5.2401e+10 8.4885e+10  62.0%  6587  270s
H   26    26                    5.299157e+10 8.4885e+10  60.2%  5224  276s
    30    32 8.4885e+10   16 1247 5.2992e+10 8.4885e+10  60.2%  4768  280s
    34    36 8.4885e+10   18 1410 5.2992e+10 8.4885e+10  60.2%  4337  285s
    38    40 8.4885e+10   20 1246 5.2992e+10 8.4885e+10  60.2%  3958  290s
    42    44 8.4885e+10   22 1012 5.2992e+10 8.4885e+10  60.2%  3605  296s
    45    47 8.4885e+10   24 1122 5.2992e+10 8.4885e+10  60.2%  3367  300s
    49    51 8.4885e+10   26 1114 5.2992e+10 8.4885e+10  60.2%  3100  306s
    52    54 8.4885e+10   27 1113 5.2992e+10 8.4885e+10  60.2%  2924  320s
    57    59 8.4885e+10   30 1315 5.2992e+10 8.4885e+10  60.2%  2703  325s
    61    63 8.4885e+10   32 1090 5.2992e+10 8.4885e+10  60.2%  2530  330s
    65    67 8.4885e+10   34 1055 5.2992e+10 8.4885e+10  60.2%  2377  335s
    71    73 8.4885e+10   37 1140 5.2992e+10 8.4885e+10  60.2%  2186  340s
    78    80 8.4885e+10   40 1049 5.2992e+10 8.4885e+10  60.2%  2001  377s
   104   104 8.4885e+10   54  896 5.2992e+10 8.4885e+10  60.2%  1522  380s
   157   145 8.4885e+10   81  848 5.2992e+10 8.4885e+10  60.2%  1049  385s
   216   196 8.4885e+10  116 1045 5.2992e+10 8.4885e+10  60.2%   777  390s
   248   224 8.4885e+10  134 1119 5.2992e+10 8.4885e+10  60.2%   682  395s
   302   272 8.4885e+10  162 1025 5.2992e+10 8.4885e+10  60.2%   575  400s
   351   316 8.4733e+10  189 1064 5.2992e+10 8.4885e+10  60.2%   506  406s
   396   353 8.4885e+10  217 1232 5.2992e+10 8.4885e+10  60.2%   459  410s
   408   360 8.4885e+10    3 1249 5.2992e+10 8.4885e+10  60.2%   498  423s
   409   361 8.4885e+10    4 1121 5.2992e+10 8.4885e+10  60.2%   524  430s
   410   362 8.4885e+10    5 1195 5.2992e+10 8.4885e+10  60.2%   542  435s
   411   363 8.4885e+10    6 1178 5.2992e+10 8.4885e+10  60.2%   559  440s
   414   366 8.4885e+10    8 1220 5.2992e+10 8.4885e+10  60.2%   587  450s
   417   369 8.4885e+10    9 2700 5.2992e+10 8.4885e+10  60.2%   644  465s
   419   371 8.4885e+10   11 2541 5.2992e+10 8.4885e+10  60.2%   701  480s
   422   374 8.4885e+10   12 1219 5.2992e+10 8.4885e+10  60.2%   717  485s
   424   376 8.4885e+10   13 2188 5.2992e+10 8.4885e+10  60.2%   752  492s
   425   377 8.4885e+10   14 1159 5.2992e+10 8.4885e+10  60.2%   762  495s
   428   380 8.4885e+10   15 2120 5.2992e+10 8.4885e+10  60.2%   818  506s
   434   386 8.4885e+10   19 2328 5.2992e+10 8.4885e+10  60.2%   843  515s
   436   388 8.4885e+10   20 1210 5.2992e+10 8.4885e+10  60.2%   870  521s
   440   392 8.4885e+10   24 1384 5.2992e+10 8.4885e+10  60.2%   863  525s
   444   396 8.4885e+10   27 1490 5.2992e+10 8.4885e+10  60.2%   860  530s
   449   401 8.4885e+10   29 1431 5.2992e+10 8.4885e+10  60.2%   857  535s
   455   407 8.4885e+10   33 1366 5.2992e+10 8.4885e+10  60.2%   847  540s
   472   424 8.4885e+10   44 1214 5.2992e+10 8.4885e+10  60.2%   825  545s
   498   450 8.4885e+10   58 1012 5.2992e+10 8.4885e+10  60.2%   793  550s
   515   463 8.4885e+10   67 1027 5.2992e+10 8.4885e+10  60.2%   773  561s
   542   487 8.4885e+10   83 1075 5.2992e+10 8.4885e+10  60.2%   742  678s
   543   488 8.4885e+10   83 1054 5.2992e+10 8.4885e+10  60.2%   740  688s
   546   490 8.4885e+10   49 1036 5.2992e+10 8.4885e+10  60.2%   736  726s
H  547   466                    5.325345e+10 8.4885e+10  59.4%   735  735s
   549   467 8.4885e+10   53  639 5.3253e+10 8.4885e+10  59.4%   732  765s
   550   468 8.4885e+10    9  882 5.3253e+10 8.4885e+10  59.4%   731  781s
H  550   444                    5.910345e+10 8.4885e+10  43.6%   731  824s
   552   445 8.4885e+10   19 1202 5.9103e+10 8.4885e+10  43.6%   728  839s
H  552   423                    6.027345e+10 8.4885e+10  40.8%   728  875s
   554   424 8.4885e+10   58 1241 6.0273e+10 8.4885e+10  40.8%   726  901s
   555   425 8.4885e+10   47 1183 6.0273e+10 8.4885e+10  40.8%   724  948s
   556   426 8.4885e+10   21 1054 6.0273e+10 8.4885e+10  40.8%   723  971s
   557   426 7.9614e+10  199 1330 6.0273e+10 8.4885e+10  40.8%   722 1015s
   558   427 8.4885e+10   64 1275 6.0273e+10 8.4885e+10  40.8%   720 1035s
   559   428 8.4885e+10  141 1045 6.0273e+10 8.4885e+10  40.8%   719 1079s
   560   428 8.4885e+10    4 1086 6.0273e+10 8.4885e+10  40.8%   718 1100s
   561   429 8.4885e+10   12 1103 6.0273e+10 8.4885e+10  40.8%   717 1144s
   562   430 8.3333e+10  171 1131 6.0273e+10 8.4885e+10  40.8%   715 1162s
   563   430 8.4885e+10   16 1060 6.0273e+10 8.4885e+10  40.8%   714 1208s
   564   431 7.9611e+10  197 1050 6.0273e+10 8.4885e+10  40.8%   713 1226s
   565   432 8.4885e+10   10  946 6.0273e+10 8.4885e+10  40.8%   712 1260s
   566   432 8.4885e+10   82  941 6.0273e+10 8.4885e+10  40.8%   710 1273s
   567   433 8.4885e+10   59 1032 6.0273e+10 8.4885e+10  40.8%   709 1309s
   568   434 8.4885e+10   12  148 6.0273e+10 8.4885e+10  40.8%   708 1323s
   569   434 8.4885e+10   31  148 6.0273e+10 8.4885e+10  40.8%   707 1338s
   570   437 8.4885e+10   14  216 6.0273e+10 8.4885e+10  40.8%  2256 1646s
   573   439 8.4885e+10   15 1202 6.0273e+10 8.4885e+10  40.8%  2256 1650s
   577   442 8.4885e+10   18  904 6.0273e+10 8.4885e+10  40.8%  2241 1655s
   580   444 8.4885e+10   19 2420 6.0273e+10 8.4885e+10  40.8%  2236 1661s
   582   445 8.4885e+10   20  786 6.0273e+10 8.4885e+10  40.8%  2229 1665s
   584   446 8.4885e+10   21  890 6.0273e+10 8.4885e+10  40.8%  2222 1670s
   587   448 8.4885e+10   23  672 6.0273e+10 8.4885e+10  40.8%  2213 1676s
   589   450 8.4885e+10   24  934 6.0273e+10 8.4885e+10  40.8%  2207 1680s
   591   451 8.4885e+10   25 2359 6.0273e+10 8.4885e+10  40.8%  2205 1685s
   594   453 8.4885e+10   27  572 6.0273e+10 8.4885e+10  40.8%  2196 1691s
   596   454 8.4885e+10   29  650 6.0273e+10 8.4885e+10  40.8%  2189 1697s
   598   456 8.4885e+10   30  556 6.0273e+10 8.4885e+10  40.8%  2182 1702s
   600   457 8.4885e+10   31  771 6.0273e+10 8.4885e+10  40.8%  2176 1706s
   602   458 8.4885e+10   32  766 6.0273e+10 8.4885e+10  40.8%  2170 1711s
   604   460 8.4885e+10   34 1014 6.0273e+10 8.4885e+10  40.8%  2163 1716s
   606   461 8.4885e+10   35 1090 6.0273e+10 8.4885e+10  40.8%  2157 1721s
   608   462 8.4885e+10   36 1003 6.0273e+10 8.4885e+10  40.8%  2150 1725s
   611   464 8.4885e+10   38  965 6.0273e+10 8.4885e+10  40.8%  2141 1731s
   614   466 8.4885e+10   40 2195 6.0273e+10 8.4885e+10  40.8%  2137 1736s
   617   468 8.4885e+10   42 1904 6.0273e+10 8.4885e+10  40.8%  2130 1740s
   620   470 8.4885e+10   43 1247 6.0273e+10 8.4885e+10  40.8%  2123 1745s
   623   472 8.4885e+10   45 1212 6.0273e+10 8.4885e+10  40.8%  2114 1750s
   626   474 8.4885e+10   46 1221 6.0273e+10 8.4885e+10  40.8%  2104 1755s
   630   477 8.4885e+10   48 1381 6.0273e+10 8.4885e+10  40.8%  2092 1760s
   634   480 8.4885e+10   50 1120 6.0273e+10 8.4885e+10  40.8%  2081 1765s
   638   482 8.4885e+10   52 1137 6.0273e+10 8.4885e+10  40.8%  2070 1771s
   641   484 8.4885e+10   54 1231 6.0273e+10 8.4885e+10  40.8%  2065 1775s
   645   487 8.4885e+10   57 1210 6.0273e+10 8.4885e+10  40.8%  2056 1781s
   648   489 8.4885e+10   58  999 6.0273e+10 8.4885e+10  40.8%  2048 1786s
   651   491 8.4885e+10   60 1035 6.0273e+10 8.4885e+10  40.8%  2040 1790s
   654   493 8.4885e+10   61 1073 6.0273e+10 8.4885e+10  40.8%  2031 1795s
   658   496 8.4885e+10   64 1542 6.0273e+10 8.4885e+10  40.8%  2023 1801s
   661   498 8.4885e+10   65 1059 6.0273e+10 8.4885e+10  40.8%  2016 1806s
   663   499 8.4885e+10   66 1569 6.0273e+10 8.4885e+10  40.8%  2013 1810s
   666   501 8.4885e+10   68 1071 6.0273e+10 8.4885e+10  40.8%  2008 1816s
   669   503 8.4885e+10   69 1375 6.0273e+10 8.4885e+10  40.8%  2002 1820s
   673   506 8.4885e+10   71 1010 6.0273e+10 8.4885e+10  40.8%  1991 1825s
   677   506 8.4885e+10   73 1024 6.0273e+10 8.4885e+10  40.8%  1980 1830s
   681   509 8.4885e+10   75 1071 6.0273e+10 8.4885e+10  40.8%  1970 1835s
   684   511 8.4885e+10   77 1049 6.0273e+10 8.4885e+10  40.8%  1962 1841s
   687   513 8.4885e+10   78 1026 6.0273e+10 8.4885e+10  40.8%  1954 1845s
   689   514 8.4885e+10   79 1025 6.0273e+10 8.4885e+10  40.8%  1948 1850s
   693   517 8.4885e+10   81 1060 6.0273e+10 8.4885e+10  40.8%  1938 1855s
   697   520 8.4885e+10   83 1040 6.0273e+10 8.4885e+10  40.8%  1928 1860s
   701   522 8.4885e+10   86  991 6.0273e+10 8.4885e+10  40.8%  1917 1865s
   705   525 8.4885e+10   88  987 6.0273e+10 8.4885e+10  40.8%  1908 1870s
   709   528 8.4885e+10   90 1060 6.0273e+10 8.4885e+10  40.8%  1899 1875s
   713   528 8.4885e+10   92 1199 6.0273e+10 8.4885e+10  40.8%  1891 1880s
   718   532 8.4885e+10   95 1148 6.0273e+10 8.4885e+10  40.8%  1879 1885s
   726   529 8.4885e+10   98 1157 6.0273e+10 8.4885e+10  40.8%  1860 1890s
   731   530 8.4885e+10  101 1156 6.0273e+10 8.4885e+10  40.8%  1849 1895s
   735   533 8.4885e+10  103 1011 6.0273e+10 8.4885e+10  40.8%  1841 1900s
   741   537 8.4885e+10  106 1008 6.0273e+10 8.4885e+10  40.8%  1827 1905s
   745   538 8.4885e+10  108 1076 6.0273e+10 8.4885e+10  40.8%  1819 1910s
   750   535 infeasible  110      6.0273e+10 8.4885e+10  40.8%  1809 1915s
   755   530 8.4885e+10   15  748 6.0273e+10 8.4885e+10  40.8%  1799 1922s
   758   532 8.4885e+10   18 1379 6.0273e+10 8.4885e+10  40.8%  1799 1926s
   761   534 8.4885e+10   20 1192 6.0273e+10 8.4885e+10  40.8%  1795 1930s
   763   536 8.4885e+10   22 1607 6.0273e+10 8.4885e+10  40.8%  1803 1935s
   766   538 8.4885e+10   24 1471 6.0273e+10 8.4885e+10  40.8%  1805 1942s
   768   539 8.4885e+10   25 1397 6.0273e+10 8.4885e+10  40.8%  1805 1947s
   769   540 8.4885e+10   26 1485 6.0273e+10 8.4885e+10  40.8%  1807 1950s
   773   542 8.4885e+10   28 1423 6.0273e+10 8.4885e+10  40.8%  1798 1955s
   776   544 8.4885e+10   29 1423 6.0273e+10 8.4885e+10  40.8%  1801 1960s
   779   546 8.4885e+10   31 1452 6.0273e+10 8.4885e+10  40.8%  1802 1966s
   780   547 8.4885e+10   32 1601 6.0273e+10 8.4885e+10  40.8%  1808 1973s
   781   548 8.4885e+10   32 1443 6.0273e+10 8.4885e+10  40.8%  1806 1975s
   783   549 8.4885e+10   33 1452 6.0273e+10 8.4885e+10  40.8%  1804 1981s
   786   551 8.4885e+10   35 1024 6.0273e+10 8.4885e+10  40.8%  1798 1986s
   789   553 8.4885e+10   36  879 6.0273e+10 8.4885e+10  40.8%  1793 1990s
   791   554 8.4885e+10   37  897 6.0273e+10 8.4885e+10  40.8%  1789 1995s
   793   556 8.4885e+10   38  939 6.0273e+10 8.4885e+10  40.8%  1793 2000s
   796   558 8.4885e+10   40  956 6.0273e+10 8.4885e+10  40.8%  1787 2005s
   798   559 8.4885e+10   41 1100 6.0273e+10 8.4885e+10  40.8%  1789 2010s
   801   561 8.4885e+10   42 1096 6.0273e+10 8.4885e+10  40.8%  1788 2016s
   802   562 8.4885e+10   43 1070 6.0273e+10 8.4885e+10  40.8%  1787 2020s
   805   564 8.4885e+10   44 1055 6.0273e+10 8.4885e+10  40.8%  1783 2025s
   808   566 8.4885e+10   46 1103 6.0273e+10 8.4885e+10  40.8%  1779 2031s
   811   568 8.4885e+10   47 1101 6.0273e+10 8.4885e+10  40.8%  1772 2036s
   813   569 8.4885e+10   48 1136 6.0273e+10 8.4885e+10  40.8%  1769 2040s
   816   571 8.4885e+10   50 1196 6.0273e+10 8.4885e+10  40.8%  1765 2047s
   818   572 8.4885e+10   51 1067 6.0273e+10 8.4885e+10  40.8%  1761 2051s
   820   574 8.4885e+10   53 1082 6.0273e+10 8.4885e+10  40.8%  1758 2055s
   823   576 8.4885e+10   55 1103 6.0273e+10 8.4885e+10  40.8%  1752 2061s
   825   577 8.4885e+10   56 1078 6.0273e+10 8.4885e+10  40.8%  1748 2066s
   827   578 8.4885e+10   57 1132 6.0273e+10 8.4885e+10  40.8%  1744 2070s
   830   580 8.4885e+10   58 1168 6.0273e+10 8.4885e+10  40.8%  1738 2076s
   832   582 8.4885e+10   59 1055 6.0273e+10 8.4885e+10  40.8%  1734 2081s
   834   583 8.4885e+10   60 1066 6.0273e+10 8.4885e+10  40.8%  1730 2085s
   836   584 8.4885e+10   61 1018 6.0273e+10 8.4885e+10  40.8%  1726 2091s
   838   586 8.4885e+10   62 1106 6.0273e+10 8.4885e+10  40.8%  1723 2095s
   840   587 8.4885e+10   63 1030 6.0273e+10 8.4885e+10  40.8%  1719 2100s
   844   590 8.4885e+10   65 1066 6.0273e+10 8.4885e+10  40.8%  1711 2105s
   848   592 8.4885e+10   67 1077 6.0273e+10 8.4885e+10  40.8%  1704 2111s
   850   594 8.4885e+10   68 1019 6.0273e+10 8.4885e+10  40.8%  1701 2115s
   853   596 8.4885e+10   70  970 6.0273e+10 8.4885e+10  40.8%  1696 2120s
   857   598 8.4885e+10   72 1153 6.0273e+10 8.4885e+10  40.8%  1690 2127s
   860   600 8.4885e+10   73 1019 6.0273e+10 8.4885e+10  40.8%  1684 2130s
   863   602 8.4885e+10   75 1189 6.0273e+10 8.4885e+10  40.8%  1680 2136s
   866   604 8.4885e+10   76 1086 6.0273e+10 8.4885e+10  40.8%  1675 2141s
   867   605 8.4885e+10   77 1154 6.0273e+10 8.4885e+10  40.8%  1674 2145s
   869   606 8.4885e+10   78 1256 6.0273e+10 8.4885e+10  40.8%  1671 2150s
   871   608 8.4885e+10   79 1159 6.0273e+10 8.4885e+10  40.8%  1668 2155s
   872   608 8.4885e+10   79 1180 6.0273e+10 8.4885e+10  40.8%  1667 2160s
   874   610 8.4885e+10   80 1193 6.0273e+10 8.4885e+10  40.8%  1664 2165s
   875   610 8.4793e+10   81  976 6.0273e+10 8.4885e+10  40.8%  1665 2171s
   876   611 8.4885e+10   81 1064 6.0273e+10 8.4885e+10  40.8%  1667 2176s
   878   612 8.4885e+10   82 1011 6.0273e+10 8.4885e+10  40.8%  1664 2182s
   879   613 8.4793e+10   83  919 6.0273e+10 8.4885e+10  40.8%  1664 2185s
   884   612 8.4483e+10   86  888 6.0273e+10 8.4885e+10  40.8%  1655 2190s
   890   612 8.0920e+10   88  823 6.0273e+10 8.4885e+10  40.8%  1645 2195s
   893   614 8.0920e+10   90  834 6.0273e+10 8.4885e+10  40.8%  1640 2202s
   896   616 8.0920e+10   91  723 6.0273e+10 8.4885e+10  40.8%  1635 2205s
   901   620 8.0920e+10   94  827 6.0273e+10 8.4885e+10  40.8%  1626 2211s
   905   622 8.0920e+10   96  726 6.0273e+10 8.4885e+10  40.8%  1619 2215s
   910   626 8.0920e+10   98  735 6.0273e+10 8.4885e+10  40.8%  1611 2220s
   915   629 8.0920e+10  101  732 6.0273e+10 8.4885e+10  40.8%  1602 2225s
   920   632 8.0920e+10  103  752 6.0273e+10 8.4885e+10  40.8%  1593 2232s
   922   634 8.0920e+10  104  762 6.0273e+10 8.4885e+10  40.8%  1590 2235s
   927   635 8.0920e+10  107  760 6.0273e+10 8.4885e+10  40.8%  1582 2240s
   931   638 8.0920e+10  109  759 6.0273e+10 8.4885e+10  40.8%  1575 2245s
   935   640 8.0920e+10  111  760 6.0273e+10 8.4885e+10  40.8%  1569 2250s
   940   644 8.0920e+10  113  747 6.0273e+10 8.4885e+10  40.8%  1561 2256s
   944   646 8.0920e+10  115  786 6.0273e+10 8.4885e+10  40.8%  1555 2260s
   947   648 8.0920e+10  117  687 6.0273e+10 8.4885e+10  40.8%  1551 2269s
   948   649 8.0920e+10  117  729 6.0273e+10 8.4885e+10  40.8%  1550 2270s
   951   651 8.0920e+10  119  696 6.0273e+10 8.4885e+10  40.8%  1545 2275s
   957   653 8.0920e+10  122  701 6.0273e+10 8.4885e+10  40.8%  1536 2280s
   961   656 8.0920e+10  124  696 6.0273e+10 8.4885e+10  40.8%  1531 2285s
   965   658 8.0920e+10  126  695 6.0273e+10 8.4885e+10  40.8%  1526 2290s
   969   661 8.0920e+10  128  731 6.0273e+10 8.4885e+10  40.8%  1520 2295s
   973   664 8.0920e+10  130  726 6.0273e+10 8.4885e+10  40.8%  1515 2300s
   979   668 8.0920e+10  133  650 6.0273e+10 8.4885e+10  40.8%  1506 2305s
   987   673 8.0920e+10  137  605 6.0273e+10 8.4885e+10  40.8%  1494 2310s
   997   680 8.0920e+10  142  557 6.0273e+10 8.4885e+10  40.8%  1479 2315s
  1001   681 8.0920e+10  144  549 6.0273e+10 8.4885e+10  40.8%  1473 2329s
  1003   682 8.0920e+10  146  508 6.0273e+10 8.4885e+10  40.8%  1470 2330s
  1011   686 8.0920e+10  150  499 6.0273e+10 8.4885e+10  40.8%  1459 2336s
  1016   689 8.0920e+10  153  497 6.0273e+10 8.4885e+10  40.8%  1452 2340s
  1026   682 infeasible  153      6.0273e+10 8.4885e+10  40.8%  1439 2345s
  1030   681 8.4885e+10   17 1077 6.0273e+10 8.4885e+10  40.8%  1437 2351s
  1034   683 8.4885e+10   21 1147 6.0273e+10 8.4885e+10  40.8%  1434 2355s
  1039   687 8.4885e+10   25 1074 6.0273e+10 8.4885e+10  40.8%  1429 2360s
  1041   688 8.4885e+10   26 1060 6.0273e+10 8.4885e+10  40.8%  1431 2378s
  1042   689 8.4885e+10   27 1044 6.0273e+10 8.4885e+10  40.8%  1432 2382s
  1043   689 8.4885e+10   27 1242 6.0273e+10 8.4885e+10  40.8%  1432 2391s
  1045   691 8.4885e+10   29 1061 6.0273e+10 8.4885e+10  40.8%  1430 2398s
  1046   689     cutoff   29      6.0273e+10 8.4885e+10  40.8%  1431 2400s
  1048   691 8.4885e+10   31 1234 6.0273e+10 8.4885e+10  40.8%  1430 2406s
  1049   691 6.7920e+10   32 1221 6.0273e+10 8.4885e+10  40.8%  1430 2411s
  1052   691 6.7920e+10   34 1209 6.0273e+10 8.4885e+10  40.8%  1428 2418s
  1053   690     cutoff   35      6.0273e+10 8.4885e+10  40.8%  1430 2421s
  1057   687 8.4885e+10   18 2306 6.0273e+10 8.4885e+10  40.8%  1429 2425s
  1060   689 8.4885e+10   20 2044 6.0273e+10 8.4885e+10  40.8%  1427 2438s
  1061   689 8.4885e+10   21 2154 6.0273e+10 8.4885e+10  40.8%  1426 2440s
  1064   691 8.4885e+10   22 2089 6.0273e+10 8.4885e+10  40.8%  1423 2445s
  1067   693 8.4885e+10   24 1852 6.0273e+10 8.4885e+10  40.8%  1420 2450s
  1071   696 8.4885e+10   26 1802 6.0273e+10 8.4885e+10  40.8%  1415 2455s
  1072   697 8.4885e+10   27 1811 6.0273e+10 8.4885e+10  40.8%  1414 2460s
  1075   699 8.4885e+10   28 1810 6.0273e+10 8.4885e+10  40.8%  1410 2465s
  1079   701 8.4885e+10   30 1835 6.0273e+10 8.4885e+10  40.8%  1405 2471s
  1083   704 8.4885e+10   32 1809 6.0273e+10 8.4885e+10  40.8%  1400 2475s
  1086   706 8.4885e+10   34 1756 6.0273e+10 8.4885e+10  40.8%  1396 2480s
  1088   707 8.4885e+10   35 1763 6.0273e+10 8.4885e+10  40.8%  1394 2485s
  1091   709 8.4885e+10   36 1762 6.0273e+10 8.4885e+10  40.8%  1390 2490s
  1096   713 8.4885e+10   39 1592 6.0273e+10 8.4885e+10  40.8%  1384 2495s
  1100   715 8.4885e+10   41 1571 6.0273e+10 8.4885e+10  40.8%  1379 2500s
  1105   719 8.4885e+10   44 1615 6.0273e+10 8.4885e+10  40.8%  1373 2505s
  1109   721 8.4885e+10   46 1580 6.0273e+10 8.4885e+10  40.8%  1369 2512s
  1112   723 8.4885e+10   47 1544 6.0273e+10 8.4885e+10  40.8%  1366 2517s
  1115   725 8.4885e+10   49 1558 6.0273e+10 8.4885e+10  40.8%  1362 2521s
  1119   728 8.4885e+10   51 1582 6.0273e+10 8.4885e+10  40.8%  1358 2525s
  1123   731 8.4885e+10   53 1595 6.0273e+10 8.4885e+10  40.8%  1353 2530s
  1127   733 8.4885e+10   55 1557 6.0273e+10 8.4885e+10  40.8%  1349 2535s
  1132   737 8.4885e+10   57 1589 6.0273e+10 8.4885e+10  40.8%  1343 2540s
  1138   741 8.4885e+10   60 1538 6.0273e+10 8.4885e+10  40.8%  1336 2546s
  1141   743 8.4885e+10   62 1514 6.0273e+10 8.4885e+10  40.8%  1333 2550s
  1145   745 8.4885e+10   64 1513 6.0273e+10 8.4885e+10  40.8%  1328 2557s
  1148   747 8.4885e+10   65 1513 6.0273e+10 8.4885e+10  40.8%  1325 2561s
  1152   750 8.4885e+10   67 1576 6.0273e+10 8.4885e+10  40.8%  1320 2565s
  1156   751 8.4885e+10   69 1634 6.0273e+10 8.4885e+10  40.8%  1316 2570s
  1162   751 8.4885e+10   72 1519 6.0273e+10 8.4885e+10  40.8%  1310 2576s
  1165   751 8.4885e+10   73 1519 6.0273e+10 8.4885e+10  40.8%  1306 2580s
  1171   753 8.4885e+10   76 1534 6.0273e+10 8.4885e+10  40.8%  1300 2585s
  1176   756 8.4885e+10   79 1538 6.0273e+10 8.4885e+10  40.8%  1295 2590s
  1183   759 8.4885e+10   82 1542 6.0273e+10 8.4885e+10  40.8%  1288 2595s
  1187   761 8.4885e+10   84 1460 6.0273e+10 8.4885e+10  40.8%  1284 2600s
  1193   765 8.4885e+10   87 1341 6.0273e+10 8.4885e+10  40.8%  1278 2605s
  1202   771 8.4885e+10   92 1369 6.0273e+10 8.4885e+10  40.8%  1268 2610s
  1208   771 8.4885e+10   94 1360 6.0273e+10 8.4885e+10  40.8%  1262 2616s
  1213   775 8.4885e+10   97 1358 6.0273e+10 8.4885e+10  40.8%  1257 2620s
  1224   770 8.4885e+10  102 1350 6.0273e+10 8.4885e+10  40.8%  1246 2625s
  1234   771 8.4885e+10  107 1347 6.0273e+10 8.4885e+10  40.8%  1236 2630s
  1244   773 8.4885e+10  112 1354 6.0273e+10 8.4885e+10  40.8%  1226 2635s
  1248   776 8.4885e+10  114 1404 6.0273e+10 8.4885e+10  40.8%  1222 2640s
  1255   780 8.4885e+10  118 1341 6.0273e+10 8.4885e+10  40.8%  1216 2645s
  1263   784 8.4885e+10  122 1363 6.0273e+10 8.4885e+10  40.8%  1208 2650s
  1275   782 8.4885e+10  129 1335 6.0273e+10 8.4885e+10  40.8%  1197 2656s
  1283   783 8.4885e+10  133 1313 6.0273e+10 8.4885e+10  40.8%  1190 2660s
  1292   782 infeasible  137      6.0273e+10 8.4885e+10  40.8%  1182 2665s
  1302   781 8.4885e+10  142 1193 6.0273e+10 8.4885e+10  40.8%  1173 2670s
  1306   778 8.4885e+10   31 1103 6.0273e+10 8.4885e+10  40.8%  1171 2677s
  1308   777 6.7920e+10   32 1445 6.0273e+10 8.4885e+10  40.8%  1173 2683s
  1310   776 6.7920e+10   33 1388 6.0273e+10 8.4885e+10  40.8%  1173 2687s
  1311   777 6.7920e+10   34 1357 6.0273e+10 8.4885e+10  40.8%  1172 2690s
  1313   778 6.7920e+10   36 1348 6.0273e+10 8.4885e+10  40.8%  1171 2697s
  1314   779 6.7920e+10   37 1330 6.0273e+10 8.4885e+10  40.8%  1171 2700s
  1316   780 6.7920e+10   39 1324 6.0273e+10 8.4885e+10  40.8%  1169 2707s
  1318   778     cutoff   39      6.0273e+10 8.4885e+10  40.8%  1169 2710s
  1322   776 8.4885e+10   23  993 6.0273e+10 8.4885e+10  40.8%  1172 2716s
  1324   778 8.4885e+10   25  874 6.0273e+10 8.4885e+10  40.8%  1171 2721s
  1326   779 8.4885e+10   27 1236 6.0273e+10 8.4885e+10  40.8%  1171 2726s
  1328   780 8.4885e+10   29 1005 6.0273e+10 8.4885e+10  40.8%  1170 2730s
  1329   781 8.4885e+10   30 1132 6.0273e+10 8.4885e+10  40.8%  1170 3300s
  1331   782 8.4885e+10   32 1183 6.0273e+10 8.4885e+10  40.8%  1169 3305s
  1334   784 8.4885e+10   35 1137 6.0273e+10 8.4885e+10  40.8%  1168 3312s
  1336   786 8.4885e+10   36 1130 6.0273e+10 8.4885e+10  40.8%  1167 3317s
  1338   787 8.4885e+10   38 1202 6.0273e+10 8.4885e+10  40.8%  1166 3321s
  1340   788 8.4885e+10   40 1203 6.0273e+10 8.4885e+10  40.8%  1166 3325s
  1341   789 8.4885e+10   40 1487 6.0273e+10 8.4885e+10  40.8%  1168 3330s
  1343   790 8.4885e+10   41 1171 6.0273e+10 8.4885e+10  40.8%  1168 3335s
  1345   792 8.4885e+10   42 1373 6.0273e+10 8.4885e+10  40.8%  1172 3341s
  1347   793 8.4885e+10   44 1280 6.0273e+10 8.4885e+10  40.8%  1171 3347s
  1348   794 8.4885e+10   45 1297 6.0273e+10 8.4885e+10  40.8%  1171 3350s
  1350   795 8.4885e+10   46 1195 6.0273e+10 8.4885e+10  40.8%  1174 3357s
  1351   796 8.4885e+10   46 1332 6.0273e+10 8.4885e+10  40.8%  1175 3361s
  1353   797 8.4885e+10   48 1255 6.0273e+10 8.4885e+10  40.8%  1174 3367s
  1354   798 8.4885e+10   48 1030 6.0273e+10 8.4885e+10  40.8%  1174 3371s
  1356   799 8.4885e+10   49 1154 6.0273e+10 8.4885e+10  40.8%  1176 3377s
  1358   800 8.4885e+10   50 1395 6.0273e+10 8.4885e+10  40.8%  1178 3383s
  1359   801 8.4885e+10   51 1130 6.0273e+10 8.4885e+10  40.8%  1179 3385s
  1362   803 8.4885e+10   52 1123 6.0273e+10 8.4885e+10  40.8%  1178 3390s
  1366   806 8.4885e+10   54  972 6.0273e+10 8.4885e+10  40.8%  1176 3395s
  1369   808 8.4885e+10   56  904 6.0273e+10 8.4885e+10  40.8%  1175 3400s
  1373   810 8.4885e+10   58 1049 6.0273e+10 8.4885e+10  40.8%  1173 3405s
  1377   811 8.4885e+10   60  898 6.0273e+10 8.4885e+10  40.8%  1171 3410s
  1381   814 8.4885e+10   62  993 6.0273e+10 8.4885e+10  40.8%  1168 3415s
  1384   816 8.4885e+10   64 1246 6.0273e+10 8.4885e+10  40.8%  1168 3420s
  1389   819 8.4885e+10   66  982 6.0273e+10 8.4885e+10  40.8%  1166 3425s
  1393   822 8.4885e+10   68 1012 6.0273e+10 8.4885e+10  40.8%  1166 3430s
  1396   824 8.4885e+10   71 1861 6.0273e+10 8.4885e+10  40.8%  1167 3435s
  1400   826 8.4885e+10   73 1020 6.0273e+10 8.4885e+10  40.8%  1168 3440s
  1402   828 8.4885e+10   74 1021 6.0273e+10 8.4885e+10  40.8%  1169 3445s
  1407   831 8.4885e+10   76 1117 6.0273e+10 8.4885e+10  40.8%  1169 3450s
  1411   834 8.4885e+10   79 1092 6.0273e+10 8.4885e+10  40.8%  1169 3456s
  1414   836 8.4885e+10   81 1053 6.0273e+10 8.4885e+10  40.8%  1167 3460s
  1418   838 8.4885e+10   83 1075 6.0273e+10 8.4885e+10  40.8%  1165 3465s
  1422   841 8.4885e+10   85 1161 6.0273e+10 8.4885e+10  40.8%  1164 3471s
  1425   843 8.4885e+10   87 1011 6.0273e+10 8.4885e+10  40.8%  1164 3476s
  1428   845 8.4885e+10   88 1012 6.0273e+10 8.4885e+10  40.8%  1162 3480s
  1432   848 8.4885e+10   90  893 6.0273e+10 8.4885e+10  40.8%  1160 3485s
  1436   850 7.9598e+10   93  879 6.0273e+10 8.4885e+10  40.8%  1158 3490s
  1440   853 7.9598e+10   95  889 6.0273e+10 8.4885e+10  40.8%  1155 3495s
  1446   857 7.9598e+10   98  860 6.0273e+10 8.4885e+10  40.8%  1151 3500s
  1452   861 7.9598e+10  101  898 6.0273e+10 8.4885e+10  40.8%  1146 3505s
  1459   864 7.9598e+10  104  813 6.0273e+10 8.4885e+10  40.8%  1141 3510s
  1467   863 infeasible  108      6.0273e+10 8.4885e+10  40.8%  1136 3515s
  1477   866 7.9598e+10  113  809 6.0273e+10 8.4885e+10  40.8%  1129 3520s
  1484   866 infeasible  116      6.0273e+10 8.4885e+10  40.8%  1124 3525s
  1493   866 infeasible  120      6.0273e+10 8.4885e+10  40.8%  1117 3530s
  1500   871 7.9598e+10  124  793 6.0273e+10 8.4885e+10  40.8%  1113 3535s
  1507   876 7.9598e+10  128  641 6.0273e+10 8.4885e+10  40.8%  1109 3540s
  1511   878 7.9598e+10  130  620 6.0273e+10 8.4885e+10  40.8%  1106 3545s
  1518   881 7.9598e+10  133  570 6.0273e+10 8.4885e+10  40.8%  1102 3550s
  1525   886 7.9598e+10  137  560 6.0273e+10 8.4885e+10  40.8%  1097 3555s
  1530   887 7.9598e+10  139  573 6.0273e+10 8.4885e+10  40.8%  1094 3560s
  1538   890 7.9598e+10  143  567 6.0273e+10 8.4885e+10  40.8%  1089 3565s
  1548   881 8.4885e+10   32  847 6.0273e+10 8.4885e+10  40.8%  1084 3571s
  1550   882 8.4885e+10   34  954 6.0273e+10 8.4885e+10  40.8%  1084 3576s
H 1552   860                    6.729345e+10 8.4885e+10  26.1%  1082 3592s
H 1552   835                    7.431345e+10 8.4885e+10  14.2%  1082 3592s

Cutting planes:
  Gomory: 2
  Cover: 472
  Implied bound: 1
  MIR: 22
  Flow cover: 526
  Inf proof: 2
  Zero half: 1403
  RLT: 45
  Relax-and-lift: 1

Explored 1553 nodes (2103633 simplex iterations) in 3594.77 seconds (2321.99 work units)
Thread count was 1 (of 28 available processors)

Solution count 10: 7.43135e+10 6.72935e+10 6.02735e+10 ... 3.96255e+10

Time limit reached
Best objective 7.431345450000e+10, best bound 8.488476180000e+10, gap 14.2253%

User-callback calls 335730, time in user-callback 0.37 sec