Gurobi Optimizer version 12.0.3 build v12.0.3rc0 (linux64 - "Oracle Linux Server 9.4")

CPU model: Intel(R) Xeon(R) CPU E5-2660 v4 @ 2.00GHz, instruction set [SSE2|AVX|AVX2]
Thread count: 28 physical cores, 28 logical processors, using up to 1 threads

Non-default parameters:
TimeLimit  3597.938416143
SoftMemLimit  16
NumericFocus  1
Threads  1

Academic license 2690100 - for non-commercial use only - registered to ju___@uclm.es
Optimize a model with 14867 rows, 3459 columns and 58406 nonzeros
Model fingerprint: 0x6aae0b5d
Variable types: 62 continuous, 3397 integer (3397 binary)
Coefficient statistics:
  Matrix range     [1e+00, 2e+13]
  Objective range  [2e+09, 5e+09]
  Bounds range     [2e+03, 1e+04]
  RHS range        [1e+00, 2e+14]
Warning: Model contains large matrix coefficient range
Warning: Model contains large objective coefficients
Warning: Model contains large rhs
Found heuristic solution: objective -0.0000000
Presolve removed 4065 rows and 370 columns
Presolve time: 0.19s
Presolved: 10802 rows, 3089 columns, 38852 nonzeros
Variable types: 62 continuous, 3027 integer (3027 binary)

Root relaxation: objective 8.973120e+10, 1033 iterations, 0.06 seconds (0.04 work units)

    Nodes    |    Current Node    |     Objective Bounds      |     Work
 Expl Unexpl |  Obj  Depth IntInf | Incumbent    BestBd   Gap | It/Node Time

     0     0 8.9731e+10    0  191   -0.00000 8.9731e+10      -     -    0s
H    0     0                    1.263967e+10 8.9731e+10   610%     -    0s
     0     0 8.9731e+10    0  299 1.2640e+10 8.9731e+10   610%     -    1s
     0     0 8.9731e+10    0  245 1.2640e+10 8.9731e+10   610%     -    1s
     0     0 8.9731e+10    0   91 1.2640e+10 8.9731e+10   610%     -    2s
H    0     0                    5.378102e+10 8.9731e+10  66.8%     -    2s
     0     0 8.9731e+10    0   91 5.3781e+10 8.9731e+10  66.8%     -    2s
     0     0 8.9731e+10    0  106 5.3781e+10 8.9731e+10  66.8%     -    3s
     0     0 8.9731e+10    0  138 5.3781e+10 8.9731e+10  66.8%     -    3s
     0     0 8.9731e+10    0   45 5.3781e+10 8.9731e+10  66.8%     -    4s
     0     0 8.9731e+10    0   46 5.3781e+10 8.9731e+10  66.8%     -    4s
     0     0 8.9731e+10    0   47 5.3781e+10 8.9731e+10  66.8%     -    4s
     0     0 8.9731e+10    0   49 5.3781e+10 8.9731e+10  66.8%     -    4s
     0     0 8.9731e+10    0  118 5.3781e+10 8.9731e+10  66.8%     -    5s
     0     0 8.9731e+10    0   94 5.3781e+10 8.9731e+10  66.8%     -    7s
H    0     0                    5.686470e+10 8.9731e+10  57.8%     -    7s
     0     2 8.9731e+10    0   34 5.6865e+10 8.9731e+10  57.8%     -    8s
    14    14 8.9731e+10    8  205 5.6865e+10 8.9731e+10  57.8%   165   10s
H   53    45                    6.560820e+10 8.9731e+10  36.8%   101   12s
H   81    67                    6.852270e+10 8.9731e+10  31.0%   132   12s
   132   111 8.9731e+10   43  222 6.8523e+10 8.9731e+10  31.0%   115   15s
   544   367 8.9731e+10  155  226 6.8523e+10 8.9731e+10  31.0%  58.5   20s
   630   424 8.9731e+10   32  362 6.8523e+10 8.9731e+10  31.0%  59.2   27s
   645   437 8.9731e+10  156  154 6.8523e+10 8.9731e+10  31.0%  59.6   31s
   648   439 8.6817e+10  112  131 6.8523e+10 8.9731e+10  31.0%  59.3   36s
   650   441 8.9731e+10  155   62 6.8523e+10 8.9731e+10  31.0%  59.2   40s
   658   446 8.9731e+10   30   42 6.8523e+10 8.9731e+10  31.0%  58.4   45s
H  659   424                    7.063470e+10 8.9731e+10  27.0%  58.3   47s
   664   427 8.9731e+10   73   58 7.0635e+10 8.9731e+10  27.0%  57.9   50s
   670   433 8.9731e+10   14   40 7.0635e+10 8.9731e+10  27.0%   234   55s
   692   436 8.9731e+10   14  234 7.0635e+10 8.9731e+10  27.0%   236   60s
   713   449 8.9731e+10   35  303 7.0635e+10 8.9731e+10  27.0%   232   65s
   728   457 7.2244e+10   45  164 7.0635e+10 8.9731e+10  27.0%   237   70s
   744   463 7.2244e+10   55  143 7.0635e+10 8.9731e+10  27.0%   236   79s
   747   463 7.2244e+10   57  124 7.0635e+10 8.9731e+10  27.0%   236   80s
   778   480 8.6817e+10   40  115 7.0635e+10 8.9731e+10  27.0%   233   85s
   798   493 8.3902e+10   53  109 7.0635e+10 8.9731e+10  27.0%   227   90s
   897   506 8.9731e+10   16  378 7.0635e+10 8.9731e+10  27.0%   212   95s
   915   516 7.5961e+10   32  159 7.0635e+10 8.9731e+10  27.0%   214  100s
   961   531 8.9731e+10   24  242 7.0635e+10 8.9731e+10  27.0%   212  105s
  1008   549     cutoff   17      7.0635e+10 8.9731e+10  27.0%   207  110s
  1067   577 7.5159e+10   58   49 7.0635e+10 8.9731e+10  27.0%   198  115s
  1106   582 infeasible   73      7.0635e+10 8.9731e+10  27.0%   192  120s
H 1125   532                    7.354920e+10 8.9731e+10  22.0%   190  122s
  1144   535 7.5159e+10   41   45 7.3549e+10 8.9731e+10  22.0%   187  125s
H 1179   411                    7.646370e+10 8.9731e+10  17.4%   186  129s
  1184   417 8.6817e+10   24  174 7.6464e+10 8.9731e+10  17.4%   187  130s
  1233   439 8.6817e+10   58   33 7.6464e+10 8.9731e+10  17.4%   181  135s
  1287   463 8.6817e+10   89   47 7.6464e+10 8.9731e+10  17.4%   175  141s
  1327   449 8.9731e+10   55   76 7.6464e+10 8.9731e+10  17.4%   177  145s
  1373   450 8.9731e+10   62  119 7.6464e+10 8.9731e+10  17.4%   177  150s
  1415   440 8.9731e+10   68  126 7.6464e+10 8.9731e+10  17.4%   177  155s
  1439   420 8.9731e+10   16  281 7.6464e+10 8.9731e+10  17.4%   182  160s
  1458   430 8.9731e+10   29  182 7.6464e+10 8.9731e+10  17.4%   183  165s
  1504   456 8.8223e+10   69  197 7.6464e+10 8.9731e+10  17.4%   179  170s
  1538   440 8.8223e+10   67  180 7.6464e+10 8.9731e+10  17.4%   182  175s
  1578   446 8.9731e+10   69  119 7.6464e+10 8.9731e+10  17.4%   182  180s
  1625   452 infeasible   61      7.6464e+10 8.9731e+10  17.4%   181  185s
  1702   467 8.9731e+10   59  134 7.6464e+10 8.9731e+10  17.4%   175  190s
  1706   470 8.9731e+10   60  121 7.6464e+10 8.9731e+10  17.4%   175  195s
  1757   476 8.9731e+10   40  153 7.6464e+10 8.9731e+10  17.4%   173  200s
  1822   477 8.9731e+10   48  125 7.6464e+10 8.9731e+10  17.4%   170  205s
  1878   503 8.9731e+10   45  167 7.6464e+10 8.9731e+10  17.4%   169  210s
  1940   550 8.9731e+10   82   79 7.6464e+10 8.9731e+10  17.4%   166  215s
  2009   557 8.9731e+10   42  163 7.6464e+10 8.9731e+10  17.4%   162  220s
  2085   576 8.9731e+10   46  153 7.6464e+10 8.9731e+10  17.4%   160  226s
  2121   573 8.9731e+10   55  132 7.6464e+10 8.9731e+10  17.4%   160  230s
  2156   582 8.7619e+10   56  133 7.6464e+10 8.9731e+10  17.4%   159  235s
  2210   558 infeasible   45      7.6464e+10 8.9731e+10  17.4%   160  240s
  2280   569 8.8230e+10   43  138 7.6464e+10 8.9731e+10  17.4%   160  245s
  2336   587 8.9731e+10   41  143 7.6464e+10 8.9731e+10  17.4%   158  250s
  2401   566 8.9731e+10   38  189 7.6464e+10 8.9731e+10  17.4%   157  260s
  2437   569 8.9731e+10   44   56 7.6464e+10 8.9731e+10  17.4%   156  265s
  2494   567 8.9731e+10   45  173 7.6464e+10 8.9731e+10  17.4%   156  270s
  2533   594 8.7619e+10   71  138 7.6464e+10 8.9731e+10  17.4%   156  275s
  2632   622 8.9731e+10   68  172 7.6464e+10 8.9731e+10  17.4%   154  280s
  2679   650     cutoff   93      7.6464e+10 8.9731e+10  17.4%   154  285s
H 2683   642                    7.726620e+10 8.9731e+10  16.1%   154  286s
  2775   692 8.7407e+10   69  215 7.7266e+10 8.9731e+10  16.1%   152  290s
  2854   714 7.8470e+10   92  101 7.7266e+10 8.9731e+10  16.1%   150  295s
H 2863   681                    8.018070e+10 8.9731e+10  11.9%   150  295s
  2908   697 8.7619e+10   60  178 8.0181e+10 8.9731e+10  11.9%   150  300s
  2990   717 8.3095e+10   66  174 8.0181e+10 8.9731e+10  11.9%   149  305s
  3031   727 8.3095e+10   70  189 8.0181e+10 8.9731e+10  11.9%   150  310s
  3080   735 8.7619e+10   61  215 8.0181e+10 8.9731e+10  11.9%   150  315s
  3161   780 8.7407e+10   56  300 8.0181e+10 8.9731e+10  11.9%   149  320s
  3211   803 8.7619e+10   52  141 8.0181e+10 8.9731e+10  11.9%   149  325s
  3253   827 8.9731e+10   58  109 8.0181e+10 8.9731e+10  11.9%   148  330s
  3307   824 8.7407e+10   58  198 8.0181e+10 8.9731e+10  11.9%   150  335s
  3368   841 8.3095e+10   53  151 8.0181e+10 8.9731e+10  11.9%   150  340s
  3414   845 8.9731e+10   33  387 8.0181e+10 8.9731e+10  11.9%   150  345s
  3424   854 8.9731e+10   41  218 8.0181e+10 8.9731e+10  11.9%   150  350s
  3480   890 8.7619e+10   56  114 8.0181e+10 8.9731e+10  11.9%   150  355s
  3522   925 8.7027e+10   77   98 8.0181e+10 8.9731e+10  11.9%   149  360s
  3596   928 infeasible   54      8.0181e+10 8.9731e+10  11.9%   150  365s
H 3629   738                    8.309520e+10 8.9731e+10  7.99%   150  368s
  3654   732 infeasible   52      8.3095e+10 8.9731e+10  7.99%   151  370s
  3707   720 8.9731e+10   47  178 8.3095e+10 8.9731e+10  7.99%   154  375s
  3745   737 8.9731e+10   37  180 8.3095e+10 8.9731e+10  7.99%   154  380s
  3788   730 8.9533e+10   38  343 8.3095e+10 8.9731e+10  7.99%   156  385s
  3827   735 8.6815e+10   36  236 8.3095e+10 8.9731e+10  7.99%   157  390s
  3869   757 8.7619e+10   63  121 8.3095e+10 8.9731e+10  7.99%   157  395s
  3906   769 8.7619e+10   80  100 8.3095e+10 8.9731e+10  7.99%   156  403s
  3927   778 8.9731e+10   62  147 8.3095e+10 8.9731e+10  7.99%   156  405s
  3971   804 8.7619e+10   61  113 8.3095e+10 8.9731e+10  7.99%   156  410s
  4006   825 8.9731e+10   39   85 8.3095e+10 8.9731e+10  7.99%   156  415s
  4044   859 8.6817e+10   63   78 8.3095e+10 8.9731e+10  7.99%   155  420s
  4082   868 8.9731e+10   29  197 8.3095e+10 8.9731e+10  7.99%   155  425s
  4125   903 8.7619e+10   59  182 8.3095e+10 8.9731e+10  7.99%   155  430s
  4172   940 8.7619e+10   71  114 8.3095e+10 8.9731e+10  7.99%   155  435s
  4241   961 8.9260e+10   50  130 8.3095e+10 8.9731e+10  7.99%   154  440s
  4305   966 8.9253e+10   45  242 8.3095e+10 8.9731e+10  7.99%   154  445s
  4355   984 infeasible   48      8.3095e+10 8.9731e+10  7.99%   155  450s
  4406  1001 8.7619e+10   46   84 8.3095e+10 8.9731e+10  7.99%   155  456s
  4445  1011 8.7619e+10   50  149 8.3095e+10 8.9731e+10  7.99%   155  460s
  4487  1033 8.9253e+10   40  221 8.3095e+10 8.9731e+10  7.99%   155  465s
  4488  1034 8.7619e+10   41  176 8.3095e+10 8.9731e+10  7.99%   155  471s
  4537  1053 8.7619e+10   39  111 8.3095e+10 8.9731e+10  7.99%   155  475s
  4601  1071 8.7619e+10   53   51 8.3095e+10 8.9731e+10  7.99%   154  480s
  4662  1096 8.9731e+10   37  143 8.3095e+10 8.9731e+10  7.99%   154  485s
  4705  1119 infeasible   39      8.3095e+10 8.9731e+10  7.99%   153  490s
  4755  1146 infeasible   52      8.3095e+10 8.9731e+10  7.99%   154  495s
  4792  1170 8.9572e+10   52  144 8.3095e+10 8.9731e+10  7.99%   154  500s
  4841  1199 8.9731e+10   33  334 8.3095e+10 8.9731e+10  7.99%   154  505s
  4875  1214 8.9731e+10   48  111 8.3095e+10 8.9731e+10  7.99%   155  510s
  4920  1223 8.5207e+10   43  169 8.3095e+10 8.9731e+10  7.99%   156  515s
  4970  1232 8.8898e+10   54  159 8.3095e+10 8.9731e+10  7.99%   156  520s
  5003  1237 8.4054e+10   58  109 8.3095e+10 8.9731e+10  7.99%   156  525s
  5088  1266 8.9731e+10   55  108 8.3095e+10 8.9731e+10  7.99%   154  530s
  5131  1279 8.6790e+10   30  256 8.3095e+10 8.9731e+10  7.99%   155  536s
  5161  1289 8.6817e+10   45  144 8.3095e+10 8.9731e+10  7.99%   155  540s
  5223  1319 8.9423e+10   45  127 8.3095e+10 8.9731e+10  7.99%   154  545s
  5259  1326 8.9731e+10   45   81 8.3095e+10 8.9731e+10  7.99%   154  550s
  5372  1393 8.9731e+10   47   73 8.3095e+10 8.9731e+10  7.99%   152  555s
  5442  1434 8.3902e+10   62   50 8.3095e+10 8.9731e+10  7.99%   151  560s
  5462  1447 8.9731e+10   49  126 8.3095e+10 8.9731e+10  7.99%   151  566s
  5488  1461 8.6817e+10   42  141 8.3095e+10 8.9731e+10  7.99%   151  570s
  5555  1511 8.9731e+10   55  100 8.3095e+10 8.9731e+10  7.99%   150  575s
  5643  1565 8.9731e+10   56   75 8.3095e+10 8.9731e+10  7.99%   148  580s
  5753  1647 8.4188e+10  104   71 8.3095e+10 8.9731e+10  7.99%   146  585s
  5840  1685 8.7619e+10   33  153 8.3095e+10 8.9731e+10  7.99%   145  590s
  5877  1690 8.9731e+10   29  159 8.3095e+10 8.9731e+10  7.99%   145  595s
  5922  1726 8.5480e+10   54  171 8.3095e+10 8.9731e+10  7.99%   145  600s
  5974  1740 8.6817e+10   46   88 8.3095e+10 8.9731e+10  7.99%   145  605s
  6025  1778 8.9731e+10   54   73 8.3095e+10 8.9731e+10  7.99%   144  610s
  6066  1790 8.6815e+10   31  193 8.3095e+10 8.9731e+10  7.99%   144  615s
  6103  1819 8.6817e+10   62   57 8.3095e+10 8.9731e+10  7.99%   144  620s
  6124  1825 8.9731e+10   39  143 8.3095e+10 8.9731e+10  7.99%   144  630s
  6157  1837 8.9731e+10   45  160 8.3095e+10 8.9731e+10  7.99%   143  635s
  6194  1838 8.9731e+10   43  159 8.3095e+10 8.9731e+10  7.99%   144  640s
  6251  1837 8.9731e+10   47  185 8.3095e+10 8.9731e+10  7.99%   144  645s
  6307  1838 8.9731e+10   46  141 8.3095e+10 8.9731e+10  7.99%   144  650s
  6352  1843 8.5207e+10   61   90 8.3095e+10 8.9731e+10  7.99%   144  656s
  6405  1871 8.4705e+10   57   77 8.3095e+10 8.9731e+10  7.99%   144  660s
  6465  1872 8.7619e+10   56  146 8.3095e+10 8.9731e+10  7.99%   144  665s
  6522  1880 8.7619e+10   60   80 8.3095e+10 8.9731e+10  7.99%   144  671s
  6568  1869 8.6654e+10   49  198 8.3095e+10 8.9731e+10  7.99%   144  675s
  6623  1868 8.9731e+10   47  101 8.3095e+10 8.9731e+10  7.99%   144  680s
  6677  1885 8.9731e+10   56   79 8.3095e+10 8.9731e+10  7.99%   144  685s
  6746  1902 8.9731e+10   45   65 8.3095e+10 8.9731e+10  7.99%   143  690s
  6810  1884 8.9731e+10   41  184 8.3095e+10 8.9731e+10  7.99%   143  695s
  6871  1879 8.9731e+10   39  126 8.3095e+10 8.9731e+10  7.99%   142  700s
  6918  1866 8.9731e+10   40  167 8.3095e+10 8.9731e+10  7.99%   142  705s
  7000  1910 8.6169e+10   55  132 8.3095e+10 8.9731e+10  7.99%   141  710s
  7043  1919 8.9731e+10   37  161 8.3095e+10 8.9731e+10  7.99%   141  715s
  7082  1937 8.5207e+10   47   87 8.3095e+10 8.9731e+10  7.99%   141  720s
  7154  1967 8.9674e+10   44  113 8.3095e+10 8.9731e+10  7.99%   140  725s
  7234  2005 8.9731e+10   61   88 8.3095e+10 8.9731e+10  7.99%   139  730s
  7306  2024 8.5207e+10   60   65 8.3095e+10 8.9731e+10  7.99%   139  735s
  7355  2027 8.9731e+10   52  118 8.3095e+10 8.9731e+10  7.99%   139  740s
  7437  2056 8.8354e+10   56  164 8.3095e+10 8.9731e+10  7.99%   138  745s
  7550  2064 8.5207e+10   58   59 8.3095e+10 8.9731e+10  7.99%   137  750s
  7613  2059 infeasible   66      8.3095e+10 8.9731e+10  7.99%   137  755s
  7696  2080 infeasible   55      8.3095e+10 8.9731e+10  7.99%   136  760s
  7735  2096 8.9731e+10   46   66 8.3095e+10 8.9731e+10  7.99%   136  765s
  7818  2137     cutoff   55      8.3095e+10 8.9731e+10  7.99%   136  770s
  7891  2163 8.8354e+10   55  102 8.3095e+10 8.9731e+10  7.99%   135  775s
  7952  2170 8.5207e+10   51  104 8.3095e+10 8.9731e+10  7.99%   135  780s
  7994  2180 8.9731e+10   50  100 8.3095e+10 8.9731e+10  7.99%   134  790s
  8033  2183 8.9731e+10   47  125 8.3095e+10 8.9731e+10  7.99%   134  795s
  8088  2181 8.7619e+10   45  142 8.3095e+10 8.9731e+10  7.99%   134  800s
  8131  2201 8.5207e+10   53   54 8.3095e+10 8.9731e+10  7.99%   134  805s
  8205  2222 8.8354e+10   52  129 8.3095e+10 8.9731e+10  7.99%   133  810s
  8264  2231 8.9731e+10   46   93 8.3095e+10 8.9731e+10  7.99%   133  815s
  8374  2287 8.9731e+10   43   94 8.3095e+10 8.9731e+10  7.99%   132  820s
  8439  2303 8.9731e+10   42  155 8.3095e+10 8.9731e+10  7.99%   132  825s
  8470  2308 8.7619e+10   49  119 8.3095e+10 8.9731e+10  7.99%   132  830s
  8540  2309 infeasible   45      8.3095e+10 8.9731e+10  7.99%   132  835s
  8595  2321 8.7619e+10   49   50 8.3095e+10 8.9731e+10  7.99%   132  840s
  8654  2347 8.7619e+10   48   94 8.3095e+10 8.9731e+10  7.99%   132  845s
  8697  2361 infeasible   51      8.3095e+10 8.9731e+10  7.99%   132  850s
  8760  2383 8.7619e+10   47   82 8.3095e+10 8.9731e+10  7.99%   131  855s
  8826  2402 8.7619e+10   52  122 8.3095e+10 8.9731e+10  7.99%   131  860s
  8931  2470 infeasible   64      8.3095e+10 8.9731e+10  7.99%   130  865s
  8991  2503 8.6815e+10   55  194 8.3095e+10 8.9731e+10  7.99%   130  870s
  9032  2521 8.9731e+10   49  132 8.3095e+10 8.9731e+10  7.99%   129  875s
  9105  2540     cutoff   56      8.3095e+10 8.9731e+10  7.99%   129  880s
  9151  2550 8.7619e+10   53   62 8.3095e+10 8.9731e+10  7.99%   129  885s
  9192  2555 8.9731e+10   50   57 8.3095e+10 8.9731e+10  7.99%   128  890s
  9232  2555 8.9731e+10   45  152 8.3095e+10 8.9731e+10  7.99%   129  895s
  9281  2576 8.7619e+10   50  127 8.3095e+10 8.9731e+10  7.99%   129  900s
  9339  2599 8.5207e+10   53   94 8.3095e+10 8.9731e+10  7.99%   128  906s
  9381  2615 8.9731e+10   41  166 8.3095e+10 8.9731e+10  7.99%   128  910s
  9460  2669 8.9731e+10   37  211 8.3095e+10 8.9731e+10  7.99%   128  915s
  9509  2705 8.6817e+10   55  122 8.3095e+10 8.9731e+10  7.99%   127  920s
  9514  2708     cutoff   60      8.3095e+10 8.9731e+10  7.99%   127  925s
  9560  2730 8.9731e+10   48   96 8.3095e+10 8.9731e+10  7.99%   127  930s
  9586  2743     cutoff   60      8.3095e+10 8.9731e+10  7.99%   127  935s
  9642  2775 8.7148e+10   52   56 8.3095e+10 8.9731e+10  7.99%   127  940s
  9738  2836 8.9731e+10   46  141 8.3095e+10 8.9731e+10  7.99%   126  945s
  9777  2865 8.9731e+10   47   53 8.3095e+10 8.9731e+10  7.99%   126  950s
  9825  2884 infeasible   50      8.3095e+10 8.9731e+10  7.99%   126  955s
  9865  2910     cutoff   44      8.3095e+10 8.9731e+10  7.99%   125  960s
  9915  2940 8.7619e+10   45   84 8.3095e+10 8.9731e+10  7.99%   125  965s
  9973  2965 8.4705e+10   56   91 8.3095e+10 8.9731e+10  7.99%   125  970s
 10018  2980 8.9731e+10   42  119 8.3095e+10 8.9731e+10  7.99%   126  975s
 10063  3008 8.9731e+10   52  119 8.3095e+10 8.9731e+10  7.99%   126  980s
 10109  3044 8.9449e+10   61  106 8.3095e+10 8.9731e+10  7.99%   125  985s
 10163  3063 8.9731e+10   43  137 8.3095e+10 8.9731e+10  7.99%   125  990s
 10203  3094 8.5207e+10   38   94 8.3095e+10 8.9731e+10  7.99%   125  997s
 10206  3096 8.8237e+10   60  126 8.3095e+10 8.9731e+10  7.99%   125 1003s
 10208  3097 8.4705e+10   56   61 8.3095e+10 8.9731e+10  7.99%   125 1006s
 10213  3101 8.9731e+10   47  103 8.3095e+10 8.9731e+10  7.99%   125 1010s
 10220  3105 8.9731e+10   17  307 8.3095e+10 8.9731e+10  7.99%   125 1016s
 10223  3107 8.4705e+10   58   70 8.3095e+10 8.9731e+10  7.99%   125 1020s
 10226  3109 8.9731e+10   26   41 8.3095e+10 8.9731e+10  7.99%   125 1029s
 10227  3112 8.9731e+10   25  345 8.3095e+10 8.9731e+10  7.99%   137 1031s
 10252  3126 8.9731e+10   38   56 8.3095e+10 8.9731e+10  7.99%   137 1035s
 10278  3132 8.9731e+10   51  254 8.3095e+10 8.9731e+10  7.99%   137 1040s
 10316  3148 8.9731e+10   70  199 8.3095e+10 8.9731e+10  7.99%   136 1045s
 10444  3135 8.7619e+10   95   50 8.3095e+10 8.9731e+10  7.99%   135 1051s
 10494  3149 8.9731e+10   60  192 8.3095e+10 8.9731e+10  7.99%   135 1055s
 10526  3167 8.9731e+10   84  307 8.3095e+10 8.9731e+10  7.99%   135 1061s
 10554  3168 8.9731e+10   34  376 8.3095e+10 8.9731e+10  7.99%   135 1065s
 10595  3187 8.9731e+10   50  272 8.3095e+10 8.9731e+10  7.99%   136 1070s
 10643  3209 8.9731e+10   35  389 8.3095e+10 8.9731e+10  7.99%   135 1075s
 10687  3229 8.9731e+10   92  156 8.3095e+10 8.9731e+10  7.99%   136 1080s
 10715  3233 8.6817e+10   62  140 8.3095e+10 8.9731e+10  7.99%   136 1085s
 10738  3249 8.9731e+10   84  217 8.3095e+10 8.9731e+10  7.99%   136 1090s
 10765  3261 infeasible  105      8.3095e+10 8.9731e+10  7.99%   136 1095s
 10846  3236     cutoff   95      8.3095e+10 8.9731e+10  7.99%   136 1100s
 10883  3220 8.7585e+10  104  185 8.3095e+10 8.9731e+10  7.99%   136 1106s
 10934  3230 8.9731e+10   95  117 8.3095e+10 8.9731e+10  7.99%   136 1110s
 10956  3240 8.9731e+10  110   64 8.3095e+10 8.9731e+10  7.99%   136 1115s
 10964  3245 8.9731e+10  118   98 8.3095e+10 8.9731e+10  7.99%   136 1121s
 11007  3262 8.9731e+10  102  170 8.3095e+10 8.9731e+10  7.99%   135 1125s
 11051  3252 8.9731e+10   69  249 8.3095e+10 8.9731e+10  7.99%   136 1130s
 11103  3281 8.9731e+10  113  159 8.3095e+10 8.9731e+10  7.99%   136 1135s
 11121  3275 8.9731e+10   65  203 8.3095e+10 8.9731e+10  7.99%   136 1141s
 11167  3295 8.9323e+10   88  121 8.3095e+10 8.9731e+10  7.99%   136 1145s
 11226  3287 8.9731e+10   75  233 8.3095e+10 8.9731e+10  7.99%   136 1150s
 11296  3303 8.9731e+10   77  136 8.3095e+10 8.9731e+10  7.99%   136 1155s
 11365  3289 8.3902e+10   66  156 8.3095e+10 8.9731e+10  7.99%   136 1160s
 11422  3270 8.7137e+10   91  202 8.3095e+10 8.9731e+10  7.99%   137 1165s
 11451  3263 8.9731e+10   48  250 8.3095e+10 8.9731e+10  7.99%   137 1170s
 11470  3276 8.9731e+10   63  122 8.3095e+10 8.9731e+10  7.99%   137 1175s
 11528  3295 8.9731e+10   68  167 8.3095e+10 8.9731e+10  7.99%   137 1180s
 11621  3324 infeasible  124      8.3095e+10 8.9731e+10  7.99%   136 1185s
 11735  3280     cutoff  115      8.3095e+10 8.9731e+10  7.99%   137 1190s
 11813  3293 8.9731e+10   86   95 8.3095e+10 8.9731e+10  7.99%   136 1195s
 11863  3306 8.9731e+10   68   86 8.3095e+10 8.9731e+10  7.99%   136 1204s
 11865  3307 8.9731e+10   69  117 8.3095e+10 8.9731e+10  7.99%   136 1208s
 11890  3322 8.9731e+10   81   67 8.3095e+10 8.9731e+10  7.99%   136 1210s
 11980  3317 8.6817e+10   55  161 8.3095e+10 8.9731e+10  7.99%   136 1215s
 12033  3318 8.6817e+10   56  182 8.3095e+10 8.9731e+10  7.99%   136 1220s
 12092  3329 8.9731e+10   50  229 8.3095e+10 8.9731e+10  7.99%   136 1225s
 12153  3348     cutoff   88      8.3095e+10 8.9731e+10  7.99%   136 1230s
 12185  3361 8.9731e+10   65  158 8.3095e+10 8.9731e+10  7.99%   136 1235s
 12210  3372 infeasible   83      8.3095e+10 8.9731e+10  7.99%   136 1240s
 12278  3341 infeasible   80      8.3095e+10 8.9731e+10  7.99%   136 1245s
 12309  3334 8.6817e+10   83   83 8.3095e+10 8.9731e+10  7.99%   137 1250s
 12348  3326 8.9731e+10   59  234 8.3095e+10 8.9731e+10  7.99%   138 1255s
 12374  3337 8.9731e+10   65  137 8.3095e+10 8.9731e+10  7.99%   138 1263s
 12377  3335 8.9731e+10   67  124 8.3095e+10 8.9731e+10  7.99%   138 1266s
 12428  3339 8.9731e+10   83  133 8.3095e+10 8.9731e+10  7.99%   138 1270s
 12487  3343 infeasible   58      8.3095e+10 8.9731e+10  7.99%   138 1275s
 12560  3359 infeasible   99      8.3095e+10 8.9731e+10  7.99%   137 1280s
 12597  3366 8.9731e+10   61  170 8.3095e+10 8.9731e+10  7.99%   137 1285s
 12673  3397 8.9731e+10   71   85 8.3095e+10 8.9731e+10  7.99%   137 1290s
 12778  3394 infeasible   92      8.3095e+10 8.9731e+10  7.99%   136 1295s
 12916  3370 8.9731e+10   92   78 8.3095e+10 8.9731e+10  7.99%   135 1301s
 12987  3319 8.9731e+10   84  132 8.3095e+10 8.9731e+10  7.99%   135 1305s
 13082  3309 8.9731e+10   87   77 8.3095e+10 8.9731e+10  7.99%   134 1310s
 13156  3268 8.9731e+10   91   76 8.3095e+10 8.9731e+10  7.99%   134 1317s
 13174  3261 8.9731e+10   90   67 8.3095e+10 8.9731e+10  7.99%   134 1320s
 13261  3245 8.9731e+10   71  143 8.3095e+10 8.9731e+10  7.99%   133 1325s
 13332  3236 8.9731e+10   84  106 8.3095e+10 8.9731e+10  7.99%   133 1330s
 13423  3245 8.9731e+10  103   62 8.3095e+10 8.9731e+10  7.99%   133 1335s
 13526  3237 8.9731e+10   78  119 8.3095e+10 8.9731e+10  7.99%   132 1340s
 13614  3218 8.9731e+10   83   76 8.3095e+10 8.9731e+10  7.99%   132 1345s
 13674  3195 infeasible   85      8.3095e+10 8.9731e+10  7.99%   132 1350s
 13757  3157 8.9731e+10   99   69 8.3095e+10 8.9731e+10  7.99%   132 1355s
 13880  3139 8.9731e+10   71  161 8.3095e+10 8.9731e+10  7.99%   132 1360s
 13948  3135 8.9731e+10   79   96 8.3095e+10 8.9731e+10  7.99%   131 1365s
 14041  3147 8.9731e+10   67  165 8.3095e+10 8.9731e+10  7.99%   131 1370s
 14080  3159 8.9731e+10   98   67 8.3095e+10 8.9731e+10  7.99%   131 1378s
 14109  3167 8.9731e+10   70  146 8.3095e+10 8.9731e+10  7.99%   131 1380s
 14205  3192 8.5207e+10   69  151 8.3095e+10 8.9731e+10  7.99%   130 1385s
 14275  3195 8.9731e+10   64  195 8.3095e+10 8.9731e+10  7.99%   130 1390s
 14358  3183 8.9731e+10   59  181 8.3095e+10 8.9731e+10  7.99%   130 1395s
 14391  3193 8.9731e+10   59  179 8.3095e+10 8.9731e+10  7.99%   130 1400s
 14500  3234 8.9731e+10   89   77 8.3095e+10 8.9731e+10  7.99%   129 1405s
 14612  3257 8.9731e+10   60   97 8.3095e+10 8.9731e+10  7.99%   129 1410s
 14663  3274 8.9731e+10   59   96 8.3095e+10 8.9731e+10  7.99%   129 1415s
 14842  3318 8.9607e+10  102   90 8.3095e+10 8.9731e+10  7.99%   128 1420s
 14970  3322 8.9674e+10   87  102 8.3095e+10 8.9731e+10  7.99%   127 1426s
 15068  3309 8.3564e+10  108   58 8.3095e+10 8.9731e+10  7.99%   127 1430s
 15176  3351 8.9731e+10  110   62 8.3095e+10 8.9731e+10  7.99%   126 1435s
 15230  3373 8.9731e+10   85  100 8.3095e+10 8.9731e+10  7.99%   126 1440s
 15257  3381 8.9731e+10  104   65 8.3095e+10 8.9731e+10  7.99%   126 1448s
 15282  3384 8.9731e+10   54  102 8.3095e+10 8.9731e+10  7.99%   126 1450s
 15303  3398 8.9731e+10   75   29 8.3095e+10 8.9731e+10  7.99%   126 1544s
 15314  3405 8.9731e+10   86   58 8.3095e+10 8.9731e+10  7.99%   126 1545s
 15511  3408 8.9731e+10   82   49 8.3095e+10 8.9731e+10  7.99%   125 1550s
 15652  3422 infeasible   88      8.3095e+10 8.9731e+10  7.99%   124 1555s
 15731  3419 8.9731e+10   83  100 8.3095e+10 8.9731e+10  7.99%   124 1560s
 15813  3389 infeasible   90      8.3095e+10 8.9731e+10  7.99%   124 1565s
 15876  3367 8.9731e+10   84  126 8.3095e+10 8.9731e+10  7.99%   124 1570s
 15983  3338 8.9454e+10   98   48 8.3095e+10 8.9731e+10  7.99%   123 1575s
 16012  3319 infeasible   95      8.3095e+10 8.9731e+10  7.99%   123 1580s
 16112  3279 8.9731e+10   83   80 8.3095e+10 8.9731e+10  7.99%   123 1586s
 16229  3256 8.9731e+10   82   68 8.3095e+10 8.9731e+10  7.99%   122 1590s
 16438  3213 infeasible   86      8.3095e+10 8.9731e+10  7.99%   122 1595s
 16595  3161 infeasible   91      8.3095e+10 8.9731e+10  7.99%   121 1600s
 16747  3133 infeasible   71      8.3095e+10 8.9731e+10  7.99%   120 1605s
 16816  3131 infeasible   88      8.3095e+10 8.9731e+10  7.99%   120 1610s
 16918  3144 8.9731e+10   72   94 8.3095e+10 8.9731e+10  7.99%   120 1615s
 17065  3167 8.5207e+10  115   52 8.3095e+10 8.9731e+10  7.99%   120 1620s
 17262  3120 8.9731e+10   95   68 8.3095e+10 8.9731e+10  7.99%   119 1625s
 17303  3137 8.3902e+10   77  119 8.3095e+10 8.9731e+10  7.99%   119 1630s
 17413  3151 8.9731e+10   79  103 8.3095e+10 8.9731e+10  7.99%   118 1635s
 17489  3132 8.9731e+10   85   97 8.3095e+10 8.9731e+10  7.99%   118 1640s
 17565  3142 8.6560e+10   92   45 8.3095e+10 8.9731e+10  7.99%   118 1645s
 17652  3136 8.9731e+10   64  168 8.3095e+10 8.9731e+10  7.99%   118 1650s
 17696  3143 8.9731e+10   69  129 8.3095e+10 8.9731e+10  7.99%   118 1655s
 17705  3143 8.9731e+10   72  127 8.3095e+10 8.9731e+10  7.99%   118 1663s
 17736  3130 infeasible   73      8.3095e+10 8.9731e+10  7.99%   118 1665s
 17784  3150 8.5207e+10  104  100 8.3095e+10 8.9731e+10  7.99%   118 1670s
 17840  3150 8.9731e+10   72   70 8.3095e+10 8.9731e+10  7.99%   118 1675s
 17949  3195 8.9685e+10  106   88 8.3095e+10 8.9731e+10  7.99%   118 1680s
 18054  3201 8.9731e+10   69   81 8.3095e+10 8.9731e+10  7.99%   117 1685s
 18120  3234 8.9731e+10   74   80 8.3095e+10 8.9731e+10  7.99%   117 1690s
 18263  3213 8.9731e+10   61  121 8.3095e+10 8.9731e+10  7.99%   116 1695s
 18344  3235 8.9731e+10   88   29 8.3095e+10 8.9731e+10  7.99%   116 1700s
 18438  3238 8.9731e+10   76   41 8.3095e+10 8.9731e+10  7.99%   116 1705s
 18482  3245 infeasible   75      8.3095e+10 8.9731e+10  7.99%   116 1710s
 18560  3271 8.9731e+10   68   97 8.3095e+10 8.9731e+10  7.99%   116 1715s
 18707  3282 infeasible  106      8.3095e+10 8.9731e+10  7.99%   115 1720s
 18802  3272 8.5207e+10  102   36 8.3095e+10 8.9731e+10  7.99%   115 1725s
 18929  3272 8.9731e+10   55   87 8.3095e+10 8.9731e+10  7.99%   115 1730s
 18994  3291 8.9731e+10   69   91 8.3095e+10 8.9731e+10  7.99%   115 1735s
 19039  3311 8.9731e+10   76   92 8.3095e+10 8.9731e+10  7.99%   115 1740s
 19103  3318 8.9731e+10  109  103 8.3095e+10 8.9731e+10  7.99%   115 1745s
 19181  3282 8.9731e+10   58  272 8.3095e+10 8.9731e+10  7.99%   115 1750s
 19231  3291 8.9731e+10   39  351 8.3095e+10 8.9731e+10  7.99%   115 1755s
 19266  3310 8.5207e+10   63  164 8.3095e+10 8.9731e+10  7.99%   115 1760s
 19310  3319 infeasible   85      8.3095e+10 8.9731e+10  7.99%   115 1765s
 19397  3304 8.9731e+10   92  135 8.3095e+10 8.9731e+10  7.99%   115 1770s
 19463  3296 infeasible   95      8.3095e+10 8.9731e+10  7.99%   115 1775s
 19514  3282 8.9731e+10   91  196 8.3095e+10 8.9731e+10  7.99%   115 1786s
 19555  3280 8.5207e+10   42  249 8.3095e+10 8.9731e+10  7.99%   115 1790s
 19575  3300 8.5207e+10   55  106 8.3095e+10 8.9731e+10  7.99%   115 1795s
 19677  3346 8.9731e+10   86  114 8.3095e+10 8.9731e+10  7.99%   115 1800s
 19754  3347 8.9731e+10   90  103 8.3095e+10 8.9731e+10  7.99%   115 1805s
 19793  3344 8.9731e+10   88  110 8.3095e+10 8.9731e+10  7.99%   115 1810s
 19850  3343 8.9731e+10   83   87 8.3095e+10 8.9731e+10  7.99%   115 1815s
 19930  3353 8.9731e+10   89  132 8.3095e+10 8.9731e+10  7.99%   115 1820s
 19997  3350 8.9731e+10   91  109 8.3095e+10 8.9731e+10  7.99%   115 1826s
 20060  3347 8.9731e+10   90   64 8.3095e+10 8.9731e+10  7.99%   115 1830s
 20142  3352 8.9731e+10   98   44 8.3095e+10 8.9731e+10  7.99%   115 1835s
 20214  3348 8.9731e+10   96   92 8.3095e+10 8.9731e+10  7.99%   115 1841s
 20263  3341 8.9731e+10   85  109 8.3095e+10 8.9731e+10  7.99%   116 1845s
 20369  3361 infeasible   85      8.3095e+10 8.9731e+10  7.99%   115 1850s
 20409  3365 infeasible   95      8.3095e+10 8.9731e+10  7.99%   115 1855s
 20481  3367 8.9731e+10   88  155 8.3095e+10 8.9731e+10  7.99%   116 1860s
 20556  3378 infeasible  110      8.3095e+10 8.9731e+10  7.99%   116 1865s
 20603  3377 infeasible   85      8.3095e+10 8.9731e+10  7.99%   116 1870s
 20672  3376 infeasible   91      8.3095e+10 8.9731e+10  7.99%   116 1875s
 20738  3383 8.9731e+10   34  243 8.3095e+10 8.9731e+10  7.99%   116 1880s
 20792  3431 8.5207e+10   76   55 8.3095e+10 8.9731e+10  7.99%   116 1885s
 20875  3483 8.9731e+10   63  137 8.3095e+10 8.9731e+10  7.99%   116 1890s
 20922  3521 8.9731e+10   82   62 8.3095e+10 8.9731e+10  7.99%   116 1895s
 20984  3538 infeasible   68      8.3095e+10 8.9731e+10  7.99%   116 1900s
 21027  3569 8.5207e+10   50  198 8.3095e+10 8.9731e+10  7.99%   116 1905s
 21059  3601 8.5207e+10   72   62 8.3095e+10 8.9731e+10  7.99%   116 1910s
 21081  3615 infeasible   88      8.3095e+10 8.9731e+10  7.99%   116 1915s
 21135  3625 8.9731e+10   85  117 8.3095e+10 8.9731e+10  7.99%   116 1929s
 21136  3626 8.9731e+10   85   92 8.3095e+10 8.9731e+10  7.99%   116 1931s
 21180  3628 8.9731e+10   84   98 8.3095e+10 8.9731e+10  7.99%   116 1935s
 21254  3648 8.9731e+10   82  150 8.3095e+10 8.9731e+10  7.99%   116 1940s
 21308  3642 8.9731e+10   80  118 8.3095e+10 8.9731e+10  7.99%   117 1945s
 21345  3637 infeasible   92      8.3095e+10 8.9731e+10  7.99%   117 1950s
 21421  3631 infeasible   93      8.3095e+10 8.9731e+10  7.99%   117 1955s
 21503  3634 infeasible   89      8.3095e+10 8.9731e+10  7.99%   117 1960s
 21574  3656 8.9731e+10  112   60 8.3095e+10 8.9731e+10  7.99%   117 1966s
 21631  3635 8.9731e+10   95  172 8.3095e+10 8.9731e+10  7.99%   117 1970s
 21705  3633 8.9731e+10   92  143 8.3095e+10 8.9731e+10  7.99%   118 1975s
 21761  3637 8.9731e+10  100  164 8.3095e+10 8.9731e+10  7.99%   118 1980s
 21797  3626 8.9731e+10   84  174 8.3095e+10 8.9731e+10  7.99%   118 1985s
 21855  3644 infeasible   95      8.3095e+10 8.9731e+10  7.99%   118 1990s
 21908  3641 8.9731e+10   91  131 8.3095e+10 8.9731e+10  7.99%   119 1995s
 21977  3645 8.9731e+10   96  198 8.3095e+10 8.9731e+10  7.99%   119 2000s
 22019  3649 8.9731e+10   98   92 8.3095e+10 8.9731e+10  7.99%   119 2005s
 22085  3641 infeasible   89      8.3095e+10 8.9731e+10  7.99%   119 2010s
 22127  3627 8.9731e+10   89  126 8.3095e+10 8.9731e+10  7.99%   120 2015s
 22189  3627 8.9731e+10   83  128 8.3095e+10 8.9731e+10  7.99%   120 2020s
 22278  3663 infeasible   84      8.3095e+10 8.9731e+10  7.99%   120 2025s
 22318  3647 8.9731e+10   99  176 8.3095e+10 8.9731e+10  7.99%   120 2030s
 22382  3635 8.9731e+10   90  105 8.3095e+10 8.9731e+10  7.99%   121 2035s
 22449  3623 infeasible   84      8.3095e+10 8.9731e+10  7.99%   121 2040s
 22486  3620 8.9731e+10   84  105 8.3095e+10 8.9731e+10  7.99%   122 2047s
 22527  3639 8.9731e+10  105   63 8.3095e+10 8.9731e+10  7.99%   122 2050s
 22632  3658 8.9731e+10   78  130 8.3095e+10 8.9731e+10  7.99%   121 2055s
 22699  3658 8.9731e+10   75  126 8.3095e+10 8.9731e+10  7.99%   122 2060s
 22774  3665 8.9731e+10   85  132 8.3095e+10 8.9731e+10  7.99%   122 2065s
 22818  3664 infeasible   85      8.3095e+10 8.9731e+10  7.99%   122 2070s
 22888  3674 infeasible   94      8.3095e+10 8.9731e+10  7.99%   122 2075s
 22926  3668 infeasible   88      8.3095e+10 8.9731e+10  7.99%   122 2080s
 22995  3662 infeasible   86      8.3095e+10 8.9731e+10  7.99%   122 2085s
 23060  3652 8.9731e+10   77  149 8.3095e+10 8.9731e+10  7.99%   122 2090s
 23123  3653 8.9731e+10   79  137 8.3095e+10 8.9731e+10  7.99%   122 2096s
 23173  3657 infeasible   83      8.3095e+10 8.9731e+10  7.99%   122 2100s
 23207  3659 8.9731e+10   81   95 8.3095e+10 8.9731e+10  7.99%   122 2108s
 23211  3656 infeasible   80      8.3095e+10 8.9731e+10  7.99%   122 2110s
 23271  3654 8.9731e+10   81  114 8.3095e+10 8.9731e+10  7.99%   123 2116s
 23328  3654 8.9731e+10   81   87 8.3095e+10 8.9731e+10  7.99%   123 2120s
 23399  3657 8.9731e+10   88  104 8.3095e+10 8.9731e+10  7.99%   123 2125s
 23449  3647 8.9731e+10   80  184 8.3095e+10 8.9731e+10  7.99%   123 2131s
 23499  3619 8.9731e+10   84  142 8.3095e+10 8.9731e+10  7.99%   123 2135s
 23578  3628 infeasible   98      8.3095e+10 8.9731e+10  7.99%   123 2140s
 23655  3643 8.9731e+10   82   78 8.3095e+10 8.9731e+10  7.99%   123 2145s
 23735  3649 8.9731e+10   91   67 8.3095e+10 8.9731e+10  7.99%   122 2150s
 23792  3659 8.9731e+10   99   25 8.3095e+10 8.9731e+10  7.99%   122 2155s
 23866  3715 8.9731e+10   91   72 8.3095e+10 8.9731e+10  7.99%   122 2160s
 23963  3712 8.9731e+10   77  118 8.3095e+10 8.9731e+10  7.99%   122 2165s
 24016  3715 8.9731e+10   73  114 8.3095e+10 8.9731e+10  7.99%   122 2170s
 24074  3729 infeasible   86      8.3095e+10 8.9731e+10  7.99%   122 2175s
 24143  3729 8.9731e+10   84  168 8.3095e+10 8.9731e+10  7.99%   122 2180s
 24218  3730 infeasible   76      8.3095e+10 8.9731e+10  7.99%   122 2185s
 24266  3722 8.9731e+10   78  111 8.3095e+10 8.9731e+10  7.99%   122 2190s
 24341  3737 8.9731e+10   87  158 8.3095e+10 8.9731e+10  7.99%   122 2195s
 24413  3729 8.9731e+10   86  158 8.3095e+10 8.9731e+10  7.99%   123 2200s
 24468  3723 infeasible   87      8.3095e+10 8.9731e+10  7.99%   123 2205s
 24513  3724 infeasible   80      8.3095e+10 8.9731e+10  7.99%   123 2210s
 24559  3715 8.9731e+10   75  120 8.3095e+10 8.9731e+10  7.99%   123 2219s
 24567  3715 infeasible   78      8.3095e+10 8.9731e+10  7.99%   123 2220s
 24632  3711 8.9731e+10   93   81 8.3095e+10 8.9731e+10  7.99%   123 2225s
 24715  3705 8.9731e+10   87   90 8.3095e+10 8.9731e+10  7.99%   122 2230s
 24791  3718 8.9731e+10   80  112 8.3095e+10 8.9731e+10  7.99%   122 2235s
 24861  3715 8.9731e+10   79  162 8.3095e+10 8.9731e+10  7.99%   123 2240s
 24912  3718 infeasible   80      8.3095e+10 8.9731e+10  7.99%   123 2245s
 24976  3708 8.9731e+10   92   97 8.3095e+10 8.9731e+10  7.99%   123 2250s
 25067  3734 8.9731e+10   71  131 8.3095e+10 8.9731e+10  7.99%   123 2255s
 25110  3726 infeasible   94      8.3095e+10 8.9731e+10  7.99%   123 2260s
 25180  3710 infeasible   96      8.3095e+10 8.9731e+10  7.99%   123 2265s
 25227  3725 8.9731e+10   78  126 8.3095e+10 8.9731e+10  7.99%   123 2270s
 25298  3732 8.9731e+10   74   93 8.3095e+10 8.9731e+10  7.99%   123 2275s
 25363  3724 8.9731e+10   86   96 8.3095e+10 8.9731e+10  7.99%   123 2280s
 25414  3723 8.9731e+10   73  157 8.3095e+10 8.9731e+10  7.99%   123 2285s
 25483  3718 8.9731e+10   77   92 8.3095e+10 8.9731e+10  7.99%   123 2290s
 25543  3718 8.9731e+10   75  142 8.3095e+10 8.9731e+10  7.99%   123 2295s
 25612  3715 infeasible   77      8.3095e+10 8.9731e+10  7.99%   123 2300s
 25647  3735 8.9731e+10   92  104 8.3095e+10 8.9731e+10  7.99%   123 2305s
 25695  3719 infeasible   79      8.3095e+10 8.9731e+10  7.99%   124 2310s
 25758  3719 8.9731e+10   75  136 8.3095e+10 8.9731e+10  7.99%   124 2315s
 25799  3719 8.9731e+10   75  118 8.3095e+10 8.9731e+10  7.99%   124 2327s
 25825  3716 8.9731e+10   74   79 8.3095e+10 8.9731e+10  7.99%   124 2331s
 25877  3714 8.9731e+10   78  177 8.3095e+10 8.9731e+10  7.99%   124 2335s
 25936  3713 8.9731e+10   70   96 8.3095e+10 8.9731e+10  7.99%   125 2340s
 26013  3742 infeasible   74      8.3095e+10 8.9731e+10  7.99%   124 2345s
 26077  3724 8.9731e+10   79  121 8.3095e+10 8.9731e+10  7.99%   125 2350s
 26136  3716 infeasible   73      8.3095e+10 8.9731e+10  7.99%   125 2355s
 26183  3711 infeasible   73      8.3095e+10 8.9731e+10  7.99%   125 2360s
 26254  3711 infeasible   75      8.3095e+10 8.9731e+10  7.99%   125 2365s
 26307  3706 8.9731e+10   72  169 8.3095e+10 8.9731e+10  7.99%   125 2370s
 26358  3715 8.9731e+10   83  106 8.3095e+10 8.9731e+10  7.99%   125 2375s
 26471  3731 8.6648e+10  100   50 8.3095e+10 8.9731e+10  7.99%   125 2380s
 26536  3736 8.9731e+10   72   89 8.3095e+10 8.9731e+10  7.99%   125 2385s
 26591  3735 8.9731e+10   74  126 8.3095e+10 8.9731e+10  7.99%   125 2390s
 26658  3740 8.9731e+10   76   96 8.3095e+10 8.9731e+10  7.99%   125 2395s
 26726  3739 infeasible   73      8.3095e+10 8.9731e+10  7.99%   125 2400s
 26770  3738 8.9731e+10   72  159 8.3095e+10 8.9731e+10  7.99%   125 2405s
 26842  3736 8.9731e+10   71  159 8.3095e+10 8.9731e+10  7.99%   125 2410s
 26883  3733 8.9731e+10   68  141 8.3095e+10 8.9731e+10  7.99%   125 2415s
 26965  3766 8.9731e+10   85   92 8.3095e+10 8.9731e+10  7.99%   125 2420s
 27101  3791 8.9731e+10  107   99 8.3095e+10 8.9731e+10  7.99%   125 2425s
 27167  3784 infeasible  111      8.3095e+10 8.9731e+10  7.99%   125 2430s
 27261  3787 infeasible   82      8.3095e+10 8.9731e+10  7.99%   125 2435s
 27333  3795 infeasible   74      8.3095e+10 8.9731e+10  7.99%   125 2440s
 27344  3797 8.9731e+10   85   90 8.3095e+10 8.9731e+10  7.99%   125 2448s
 27347  3796 8.9731e+10   84  103 8.3095e+10 8.9731e+10  7.99%   125 2450s
 27406  3797 8.9731e+10   77   84 8.3095e+10 8.9731e+10  7.99%   125 2455s
 27470  3787 8.9731e+10   75   82 8.3095e+10 8.9731e+10  7.99%   125 2460s
 27533  3789 8.9731e+10   80   82 8.3095e+10 8.9731e+10  7.99%   125 2465s
 27610  3788 8.9731e+10   75  104 8.3095e+10 8.9731e+10  7.99%   125 2470s
 27657  3795 infeasible   82      8.3095e+10 8.9731e+10  7.99%   125 2475s
 27727  3796 8.9731e+10   77  115 8.3095e+10 8.9731e+10  7.99%   125 2482s
 27778  3791 8.9731e+10   74  111 8.3095e+10 8.9731e+10  7.99%   125 2485s
 27857  3804 8.9731e+10   66  120 8.3095e+10 8.9731e+10  7.99%   125 2490s
 27903  3840 8.9731e+10   70  175 8.3095e+10 8.9731e+10  7.99%   125 2495s
 27962  3861 8.9731e+10   78  152 8.3095e+10 8.9731e+10  7.99%   125 2500s
 28031  3882 8.9731e+10   84   87 8.3095e+10 8.9731e+10  7.99%   125 2505s
 28101  3873 8.9702e+10   86  149 8.3095e+10 8.9731e+10  7.99%   125 2510s
 28192  3895 8.5207e+10   88  116 8.3095e+10 8.9731e+10  7.99%   125 2515s
 28240  3903 8.4705e+10   81   76 8.3095e+10 8.9731e+10  7.99%   125 2523s
 28261  3899 infeasible   79      8.3095e+10 8.9731e+10  7.99%   125 2525s
 28330  3895 8.5007e+10   78  157 8.3095e+10 8.9731e+10  7.99%   125 2530s
 28419  3943 8.9731e+10   73   90 8.3095e+10 8.9731e+10  7.99%   125 2535s
 28475  3970 infeasible   73      8.3095e+10 8.9731e+10  7.99%   125 2540s
 28515  3989 8.9731e+10   81   90 8.3095e+10 8.9731e+10  7.99%   125 2545s
 28582  3993 8.9731e+10   79   72 8.3095e+10 8.9731e+10  7.99%   125 2550s
 28661  3988 infeasible   75      8.3095e+10 8.9731e+10  7.99%   125 2555s
 28677  3984 8.9731e+10   77  100 8.3095e+10 8.9731e+10  7.99%   125 2564s
 28687  3984 8.9731e+10   76  102 8.3095e+10 8.9731e+10  7.99%   125 2565s
 28723  3981 8.9731e+10   79  204 8.3095e+10 8.9731e+10  7.99%   125 2570s
 28798  4011 8.9731e+10   72  135 8.3095e+10 8.9731e+10  7.99%   125 2575s
 28860  4007 infeasible   90      8.3095e+10 8.9731e+10  7.99%   125 2580s
 28935  4014 8.9731e+10   83  104 8.3095e+10 8.9731e+10  7.99%   125 2585s
 28985  4022 8.9731e+10   87  133 8.3095e+10 8.9731e+10  7.99%   125 2591s
 29036  4003 8.9731e+10   77  243 8.3095e+10 8.9731e+10  7.99%   125 2595s
 29110  4010 8.9731e+10   75  127 8.3095e+10 8.9731e+10  7.99%   125 2600s
 29168  4013 8.9731e+10   82  175 8.3095e+10 8.9731e+10  7.99%   125 2605s
 29197  4010 8.9731e+10   80  146 8.3095e+10 8.9731e+10  7.99%   125 2610s
 29269  4000 8.9731e+10   85  149 8.3095e+10 8.9731e+10  7.99%   125 2615s
 29350  4020 8.9731e+10   87  147 8.3095e+10 8.9731e+10  7.99%   125 2620s
 29435  4032 8.9731e+10   85  147 8.3095e+10 8.9731e+10  7.99%   125 2625s
 29491  4017 infeasible   79      8.3095e+10 8.9731e+10  7.99%   125 2630s
 29525  4013 infeasible   88      8.3095e+10 8.9731e+10  7.99%   125 2635s
 29602  4025 8.9731e+10   80  161 8.3095e+10 8.9731e+10  7.99%   126 2642s
 29638  4027 infeasible   85      8.3095e+10 8.9731e+10  7.99%   126 2645s
 29698  4026 8.9731e+10   87  147 8.3095e+10 8.9731e+10  7.99%   126 2650s
 29781  4025 infeasible   88      8.3095e+10 8.9731e+10  7.99%   126 2655s
 29868  4017 infeasible   87      8.3095e+10 8.9731e+10  7.99%   126 2660s
 29944  4025 infeasible   93      8.3095e+10 8.9731e+10  7.99%   126 2665s
 30015  4030 infeasible   95      8.3095e+10 8.9731e+10  7.99%   126 2670s
 30096  4055 infeasible   84      8.3095e+10 8.9731e+10  7.99%   126 2675s
 30182  4065 infeasible   97      8.3095e+10 8.9731e+10  7.99%   126 2680s
 30185  4064 8.9731e+10   97  222 8.3095e+10 8.9731e+10  7.99%   126 2688s
 30199  4060 8.9731e+10   91  197 8.3095e+10 8.9731e+10  7.99%   126 2690s
 30231  4046 infeasible   90      8.3095e+10 8.9731e+10  7.99%   127 2695s
 30278  4058 8.9731e+10  104  107 8.3095e+10 8.9731e+10  7.99%   127 2700s
 30341  4035 infeasible   87      8.3095e+10 8.9731e+10  7.99%   127 2705s
 30404  4008 infeasible   86      8.3095e+10 8.9731e+10  7.99%   127 2710s
 30439  4005 infeasible   83      8.3095e+10 8.9731e+10  7.99%   127 2715s
 30509  4013 8.9731e+10   77  149 8.3095e+10 8.9731e+10  7.99%   127 2720s
 30584  4020 infeasible   84      8.3095e+10 8.9731e+10  7.99%   127 2725s
 30635  4011 8.9731e+10   83  169 8.3095e+10 8.9731e+10  7.99%   128 2730s
 30672  4012 8.9731e+10   81  160 8.3095e+10 8.9731e+10  7.99%   128 2735s
 30742  4022 8.9731e+10   78  150 8.3095e+10 8.9731e+10  7.99%   128 2740s
 30798  4026 8.9731e+10   88  140 8.3095e+10 8.9731e+10  7.99%   128 2745s
 30833  4023 8.9731e+10   79  136 8.3095e+10 8.9731e+10  7.99%   128 2750s
 30899  4017 8.9731e+10   85  127 8.3095e+10 8.9731e+10  7.99%   128 2755s
 30945  4015 8.9731e+10   80  100 8.3095e+10 8.9731e+10  7.99%   128 2761s
 30985  4007 8.9731e+10   85   96 8.3095e+10 8.9731e+10  7.99%   129 2765s
 31052  4003 8.9731e+10   78  201 8.3095e+10 8.9731e+10  7.99%   129 2770s
 31114  4012 8.9731e+10   81  114 8.3095e+10 8.9731e+10  7.99%   129 2775s
 31156  3999 8.9731e+10   84  130 8.3095e+10 8.9731e+10  7.99%   129 2781s
 31207  4004 infeasible   81      8.3095e+10 8.9731e+10  7.99%   129 2785s
 31270  3999 infeasible   83      8.3095e+10 8.9731e+10  7.99%   129 2790s
 31346  4006 8.9731e+10   78  132 8.3095e+10 8.9731e+10  7.99%   129 2795s
 31386  3998 8.9731e+10   81  140 8.3095e+10 8.9731e+10  7.99%   129 2800s
 31421  3998 8.9731e+10   85  110 8.3095e+10 8.9731e+10  7.99%   129 2811s
 31448  4005 infeasible   81      8.3095e+10 8.9731e+10  7.99%   129 2815s
 31533  4025 infeasible   89      8.3095e+10 8.9731e+10  7.99%   129 2820s
 31597  4027 8.9731e+10   78  111 8.3095e+10 8.9731e+10  7.99%   129 2825s
 31669  4035 8.9731e+10   79  133 8.3095e+10 8.9731e+10  7.99%   129 2830s
 31736  4038 8.9731e+10   88  170 8.3095e+10 8.9731e+10  7.99%   129 2835s
 31825  4033 infeasible   86      8.3095e+10 8.9731e+10  7.99%   129 2840s
 31900  4026 8.9731e+10   80  131 8.3095e+10 8.9731e+10  7.99%   129 2845s
 31955  4037 infeasible  105      8.3095e+10 8.9731e+10  7.99%   129 2850s
 32043  4015 8.9731e+10   82  126 8.3095e+10 8.9731e+10  7.99%   129 2855s
 32113  4019 8.9731e+10   89  195 8.3095e+10 8.9731e+10  7.99%   129 2860s
 32145  4005 8.9731e+10   81  181 8.3095e+10 8.9731e+10  7.99%   129 2865s
 32226  4029 8.9731e+10   81  226 8.3095e+10 8.9731e+10  7.99%   129 2870s
 32296  4027 infeasible   88      8.3095e+10 8.9731e+10  7.99%   130 2875s
 32392  4025 8.9731e+10   89  152 8.3095e+10 8.9731e+10  7.99%   129 2880s
 32455  4001 8.9731e+10   84  176 8.3095e+10 8.9731e+10  7.99%   130 2885s
 32505  3995 infeasible   76      8.3095e+10 8.9731e+10  7.99%   130 2890s
 32589  4019 8.9731e+10   67  155 8.3095e+10 8.9731e+10  7.99%   130 2895s
 32632  4039 8.9731e+10   71  127 8.3095e+10 8.9731e+10  7.99%   130 2900s
 32698  4069 infeasible   77      8.3095e+10 8.9731e+10  7.99%   130 2905s
 32764  4066 infeasible   80      8.3095e+10 8.9731e+10  7.99%   130 2910s
 32808  4058 infeasible   80      8.3095e+10 8.9731e+10  7.99%   130 2915s
 32817  4057 8.9731e+10   76  105 8.3095e+10 8.9731e+10  7.99%   130 2926s
 32835  4057 8.9731e+10   73  153 8.3095e+10 8.9731e+10  7.99%   130 2930s
 32881  4054 infeasible   78      8.3095e+10 8.9731e+10  7.99%   130 2935s
 32921  4057 8.9731e+10   80  128 8.3095e+10 8.9731e+10  7.99%   130 2940s
 32997  4075 8.9731e+10   79  140 8.3095e+10 8.9731e+10  7.99%   130 2945s
 33063  4100 8.9731e+10   76  157 8.3095e+10 8.9731e+10  7.99%   130 2950s
 33129  4100 8.7443e+10   88  244 8.3095e+10 8.9731e+10  7.99%   130 2955s
 33156  4101 8.9731e+10   74  220 8.3095e+10 8.9731e+10  7.99%   130 2960s
 33212  4107 8.9731e+10   84  168 8.3095e+10 8.9731e+10  7.99%   130 2965s
 33265  4096 infeasible   75      8.3095e+10 8.9731e+10  7.99%   130 2970s
 33309  4097 8.9731e+10   79  154 8.3095e+10 8.9731e+10  7.99%   131 2975s
 33343  4096 8.9731e+10   80  162 8.3095e+10 8.9731e+10  7.99%   131 2980s
 33403  4099 infeasible   79      8.3095e+10 8.9731e+10  7.99%   131 2985s
 33460  4108 8.9731e+10   79  135 8.3095e+10 8.9731e+10  7.99%   131 2990s
 33509  4113 infeasible   83      8.3095e+10 8.9731e+10  7.99%   131 2995s
 33556  4102 infeasible   79      8.3095e+10 8.9731e+10  7.99%   131 3000s
 33586  4104 8.9731e+10   79  134 8.3095e+10 8.9731e+10  7.99%   131 3005s
 33647  4105 8.9731e+10   82  132 8.3095e+10 8.9731e+10  7.99%   131 3010s
 33722  4114 8.9731e+10   84  206 8.3095e+10 8.9731e+10  7.99%   132 3015s
 33772  4110 8.9731e+10   82  150 8.3095e+10 8.9731e+10  7.99%   132 3020s
 33802  4104 8.9731e+10   75  133 8.3095e+10 8.9731e+10  7.99%   132 3025s
 33866  4120 8.9731e+10   81   99 8.3095e+10 8.9731e+10  7.99%   132 3030s
 33957  4136 infeasible   92      8.3095e+10 8.9731e+10  7.99%   132 3035s
 34011  4117 infeasible   90      8.3095e+10 8.9731e+10  7.99%   132 3040s
 34057  4117 8.9731e+10   86  120 8.3095e+10 8.9731e+10  7.99%   132 3046s
 34107  4109 infeasible   85      8.3095e+10 8.9731e+10  7.99%   132 3050s
 34191  4117 infeasible   86      8.3095e+10 8.9731e+10  7.99%   132 3055s
 34261  4111 infeasible   89      8.3095e+10 8.9731e+10  7.99%   133 3060s
 34303  4104 8.9731e+10   79  139 8.3095e+10 8.9731e+10  7.99%   133 3065s
 34332  4115 8.9731e+10   95   90 8.3095e+10 8.9731e+10  7.99%   133 3070s
 34401  4127 8.9731e+10   83  209 8.3095e+10 8.9731e+10  7.99%   133 3075s
 34433  4123 8.9731e+10   83  108 8.3095e+10 8.9731e+10  7.99%   133 3093s
 34448  4116 8.9731e+10   86  222 8.3095e+10 8.9731e+10  7.99%   133 3095s
 34478  4120 8.9731e+10   79  274 8.3095e+10 8.9731e+10  7.99%   133 3100s
 34524  4125 8.9731e+10   84  238 8.3095e+10 8.9731e+10  7.99%   133 3105s
 34582  4122 infeasible   88      8.3095e+10 8.9731e+10  7.99%   133 3110s
 34619  4127 8.9731e+10   90  125 8.3095e+10 8.9731e+10  7.99%   133 3115s
 34724  4118 infeasible   86      8.3095e+10 8.9731e+10  7.99%   133 3120s
 34758  4104 infeasible   84      8.3095e+10 8.9731e+10  7.99%   134 3125s
 34822  4106 8.9731e+10   84   89 8.3095e+10 8.9731e+10  7.99%   134 3130s
 34861  4105 8.9731e+10   77  123 8.3095e+10 8.9731e+10  7.99%   134 3136s
 34909  4107 8.9731e+10   77   99 8.3095e+10 8.9731e+10  7.99%   134 3140s
 34972  4100 8.9731e+10   76  104 8.3095e+10 8.9731e+10  7.99%   134 3145s
 35050  4109 infeasible   92      8.3095e+10 8.9731e+10  7.99%   134 3150s
 35109  4106 8.9731e+10   78  163 8.3095e+10 8.9731e+10  7.99%   134 3155s
 35147  4106 8.9731e+10   84  114 8.3095e+10 8.9731e+10  7.99%   134 3160s
 35194  4094 infeasible   76      8.3095e+10 8.9731e+10  7.99%   135 3165s
 35259  4099 8.9731e+10   83  160 8.3095e+10 8.9731e+10  7.99%   135 3170s
 35276  4092 infeasible   78      8.3095e+10 8.9731e+10  7.99%   135 3175s
 35334  4096 8.9731e+10   77  133 8.3095e+10 8.9731e+10  7.99%   135 3180s
 35409  4101 infeasible   89      8.3095e+10 8.9731e+10  7.99%   135 3185s
 35438  4098 8.9731e+10   80  196 8.3095e+10 8.9731e+10  7.99%   135 3190s
 35512  4100 infeasible   77      8.3095e+10 8.9731e+10  7.99%   135 3195s
 35583  4099 8.9731e+10   82  113 8.3095e+10 8.9731e+10  7.99%   135 3200s
 35650  4105 8.9731e+10   87  140 8.3095e+10 8.9731e+10  7.99%   135 3205s
 35675  4102 8.9731e+10   82  118 8.3095e+10 8.9731e+10  7.99%   135 3210s
 35749  4102 8.9731e+10   81  142 8.3095e+10 8.9731e+10  7.99%   135 3215s
 35803  4090 8.9731e+10   80  172 8.3095e+10 8.9731e+10  7.99%   136 3220s
 35874  4099 infeasible   80      8.3095e+10 8.9731e+10  7.99%   136 3225s
 35896  4099 8.9731e+10   79  141 8.3095e+10 8.9731e+10  7.99%   136 3231s
 35934  4093 8.9731e+10   81  116 8.3095e+10 8.9731e+10  7.99%   136 3235s
 36005  4091 infeasible   77      8.3095e+10 8.9731e+10  7.99%   136 3240s
 36061  4085 infeasible   75      8.3095e+10 8.9731e+10  7.99%   136 3245s
 36112  4106 8.9731e+10   80  112 8.3095e+10 8.9731e+10  7.99%   136 3250s
 36145  4103 8.9731e+10   80  111 8.3095e+10 8.9731e+10  7.99%   136 3255s
 36227  4125 8.9731e+10   92  106 8.3095e+10 8.9731e+10  7.99%   136 3260s
 36276  4114 8.9731e+10   80  118 8.3095e+10 8.9731e+10  7.99%   137 3265s
 36358  4114 infeasible   90      8.3095e+10 8.9731e+10  7.99%   136 3270s
 36428  4126 8.9731e+10   89  114 8.3095e+10 8.9731e+10  7.99%   136 3275s
 36515  4132 infeasible   88      8.3095e+10 8.9731e+10  7.99%   136 3280s
 36562  4121 infeasible   99      8.3095e+10 8.9731e+10  7.99%   136 3285s
 36607  4100 8.9731e+10   76  136 8.3095e+10 8.9731e+10  7.99%   137 3290s
 36672  4110 8.9731e+10   87  134 8.3095e+10 8.9731e+10  7.99%   137 3295s
 36729  4106 infeasible   86      8.3095e+10 8.9731e+10  7.99%   137 3300s
 36764  4102 8.9731e+10   81  129 8.3095e+10 8.9731e+10  7.99%   137 3306s
 36830  4117 8.9731e+10   82  134 8.3095e+10 8.9731e+10  7.99%   137 3310s
 36894  4123 8.9731e+10   78  159 8.3095e+10 8.9731e+10  7.99%   137 3315s
 36903  4132 8.9731e+10   86  124 8.3095e+10 8.9731e+10  7.99%   137 3320s
 36957  4124 infeasible   81      8.3095e+10 8.9731e+10  7.99%   137 3325s
 37019  4127 infeasible   88      8.3095e+10 8.9731e+10  7.99%   138 3330s
 37047  4129 infeasible   88      8.3095e+10 8.9731e+10  7.99%   138 3335s
 37071  4125 8.9731e+10   82  140 8.3095e+10 8.9731e+10  7.99%   138 3345s
 37118  4125 8.9731e+10   86  177 8.3095e+10 8.9731e+10  7.99%   138 3350s
 37178  4115 infeasible   79      8.3095e+10 8.9731e+10  7.99%   138 3355s
 37230  4119 infeasible   90      8.3095e+10 8.9731e+10  7.99%   138 3360s
 37261  4127 8.9731e+10   82  152 8.3095e+10 8.9731e+10  7.99%   138 3365s
 37352  4150 8.9731e+10  108   84 8.3095e+10 8.9731e+10  7.99%   138 3370s
 37412  4131 8.9731e+10   87  172 8.3095e+10 8.9731e+10  7.99%   138 3376s
 37467  4128 8.9731e+10   82  177 8.3095e+10 8.9731e+10  7.99%   138 3380s
 37506  4112 8.9731e+10   86  147 8.3095e+10 8.9731e+10  7.99%   139 3387s
 37553  4124 8.9731e+10   84  142 8.3095e+10 8.9731e+10  7.99%   139 3390s
 37600  4119 8.9731e+10   79   84 8.3095e+10 8.9731e+10  7.99%   139 3395s
 37671  4118 8.9731e+10   83  219 8.3095e+10 8.9731e+10  7.99%   139 3400s
 37759  4115 infeasible   77      8.3095e+10 8.9731e+10  7.99%   139 3405s
 37808  4120 8.9731e+10   91  179 8.3095e+10 8.9731e+10  7.99%   139 3410s
 37870  4114 8.9731e+10   80  150 8.3095e+10 8.9731e+10  7.99%   139 3415s
 37900  4112 8.9731e+10   80  131 8.3095e+10 8.9731e+10  7.99%   139 3420s
 37960  4126 8.9731e+10   85  204 8.3095e+10 8.9731e+10  7.99%   139 3425s
 38025  4118 infeasible   82      8.3095e+10 8.9731e+10  7.99%   139 3430s
 38084  4121 infeasible   87      8.3095e+10 8.9731e+10  7.99%   139 3435s
 38098  4115 infeasible   85      8.3095e+10 8.9731e+10  7.99%   140 3440s
 38103  4118 8.9731e+10   84  172 8.3095e+10 8.9731e+10  7.99%   140 3456s
 38119  4118 8.9731e+10   88  109 8.3095e+10 8.9731e+10  7.99%   140 3460s
 38178  4123 infeasible   89      8.3095e+10 8.9731e+10  7.99%   140 3465s
 38229  4116 8.9731e+10   85  133 8.3095e+10 8.9731e+10  7.99%   140 3470s
 38269  4116 8.9731e+10   81  120 8.3095e+10 8.9731e+10  7.99%   140 3476s
 38322  4111 infeasible   82      8.3095e+10 8.9731e+10  7.99%   140 3480s
 38390  4123 8.9731e+10   78  118 8.3095e+10 8.9731e+10  7.99%   140 3485s
 38453  4128 8.9731e+10   83  191 8.3095e+10 8.9731e+10  7.99%   140 3490s
 38510  4127 infeasible   85      8.3095e+10 8.9731e+10  7.99%   140 3495s
 38580  4157 8.9731e+10  108   36 8.3095e+10 8.9731e+10  7.99%   140 3500s
 38693  4155 8.9731e+10   86  140 8.3095e+10 8.9731e+10  7.99%   140 3505s
 38755  4153 8.9731e+10   83   40 8.3095e+10 8.9731e+10  7.99%   140 3510s
 38818  4175 8.9731e+10   79  172 8.3095e+10 8.9731e+10  7.99%   140 3515s
 38875  4176 8.9731e+10   79  227 8.3095e+10 8.9731e+10  7.99%   140 3520s
 38901  4166 8.9731e+10   76  182 8.3095e+10 8.9731e+10  7.99%   141 3526s
 38950  4167 infeasible   82      8.3095e+10 8.9731e+10  7.99%   141 3530s
 39018  4175 8.9731e+10   86   75 8.3095e+10 8.9731e+10  7.99%   141 3535s
 39075  4177 8.9731e+10   84  168 8.3095e+10 8.9731e+10  7.99%   141 3540s
 39145  4171 infeasible   82      8.3095e+10 8.9731e+10  7.99%   141 3545s
 39206  4164 8.9731e+10   77  177 8.3095e+10 8.9731e+10  7.99%   141 3550s
 39245  4175 8.9731e+10   85  101 8.3095e+10 8.9731e+10  7.99%   141 3555s
 39305  4174 infeasible   88      8.3095e+10 8.9731e+10  7.99%   141 3560s
 39374  4169 8.9731e+10   84  120 8.3095e+10 8.9731e+10  7.99%   141 3565s
 39428  4162 8.9731e+10   82  120 8.3095e+10 8.9731e+10  7.99%   141 3570s
 39482  4162 8.9731e+10   88  140 8.3095e+10 8.9731e+10  7.99%   142 3577s
 39514  4165 8.9731e+10   84  146 8.3095e+10 8.9731e+10  7.99%   142 3580s
 39576  4155 8.9731e+10   78  149 8.3095e+10 8.9731e+10  7.99%   142 3585s
 39649  4151 infeasible   81      8.3095e+10 8.9731e+10  7.99%   142 3590s
 39681  4153 8.9731e+10   80  194 8.3095e+10 8.9731e+10  7.99%   142 3595s

Cutting planes:
  Learned: 240
  Gomory: 386
  Lift-and-project: 25
  Cover: 6011
  Implied bound: 502
  Projected implied bound: 2
  Clique: 255
  MIR: 131
  StrongCG: 9
  Flow cover: 1076
  Inf proof: 638
  Zero half: 311
  RLT: 887
  Relax-and-lift: 476
  BQP: 28
  PSD: 1

Explored 39728 nodes (5685822 simplex iterations) in 3597.95 seconds (1923.61 work units)
Thread count was 1 (of 28 available processors)

Solution count 10: 8.30952e+10 8.01807e+10 7.72662e+10 ... 5.3781e+10

Time limit reached
Best objective 8.309519532000e+10, best bound 8.973119532000e+10, gap 7.9860%

User-callback calls 1198670, time in user-callback 0.79 sec