Gurobi Optimizer version 12.0.3 build v12.0.3rc0 (linux64 - "Oracle Linux Server 9.4")

CPU model: Intel(R) Xeon(R) CPU E5-2660 v4 @ 2.00GHz, instruction set [SSE2|AVX|AVX2]
Thread count: 28 physical cores, 28 logical processors, using up to 1 threads

Non-default parameters:
TimeLimit  3597.688295302
SoftMemLimit  16
NumericFocus  1
Threads  1

Academic license 2690100 - for non-commercial use only - registered to ju___@uclm.es
Optimize a model with 23883 rows, 5680 columns and 83601 nonzeros
Model fingerprint: 0xbaa5136a
Variable types: 84 continuous, 5596 integer (5596 binary)
Coefficient statistics:
  Matrix range     [1e+00, 3e+13]
  Objective range  [5e+08, 1e+09]
  Bounds range     [2e+03, 1e+04]
  RHS range        [1e+00, 2e+14]
Warning: Model contains large matrix coefficient range
Warning: Model contains large objective coefficients
Warning: Model contains large rhs
Found heuristic solution: objective -0.0000000
Presolve removed 7700 rows and 1194 columns
Presolve time: 0.59s
Presolved: 16183 rows, 4486 columns, 54909 nonzeros
Variable types: 85 continuous, 4401 integer (4400 binary)

Root relaxation: objective 3.777808e+10, 2508 iterations, 0.26 seconds (0.14 work units)

    Nodes    |    Current Node    |     Objective Bounds      |     Work
 Expl Unexpl |  Obj  Depth IntInf | Incumbent    BestBd   Gap | It/Node Time

     0     0 3.7778e+10    0   27   -0.00000 3.7778e+10      -     -    1s
H    0     0                    3.075602e+09 3.7778e+10  1128%     -    1s
H    0     0                    1.122334e+10 3.7778e+10   237%     -    1s
     0     0 3.7778e+10    0  432 1.1223e+10 3.7778e+10   237%     -    2s
     0     0 3.7778e+10    0  333 1.1223e+10 3.7778e+10   237%     -    2s
     0     0 3.7778e+10    0  223 1.1223e+10 3.7778e+10   237%     -    4s
     0     0 3.7778e+10    0  464 1.1223e+10 3.7778e+10   237%     -    5s
     0     0 3.7778e+10    0   24 1.1223e+10 3.7778e+10   237%     -    7s
H    0     0                    1.741610e+10 3.7778e+10   117%     -    7s
H    0     0                    1.812650e+10 3.7778e+10   108%     -    7s
     0     0 3.7778e+10    0   29 1.8126e+10 3.7778e+10   108%     -    7s
     0     0 3.7778e+10    0   37 1.8126e+10 3.7778e+10   108%     -    8s
     0     0 3.7778e+10    0   41 1.8126e+10 3.7778e+10   108%     -    8s
     0     0 3.7778e+10    0  104 1.8126e+10 3.7778e+10   108%     -    9s
     0     0 3.7778e+10    0  293 1.8126e+10 3.7778e+10   108%     -   10s
     0     0 3.7778e+10    0  326 1.8126e+10 3.7778e+10   108%     -   11s
     0     0 3.7778e+10    0   21 1.8126e+10 3.7778e+10   108%     -   12s
H    0     0                    2.819168e+10 3.7778e+10  34.0%     -   12s
H    0     0                    3.154283e+10 3.7778e+10  19.8%     -   12s
     0     2 3.7778e+10    0   21 3.1543e+10 3.7778e+10  19.8%     -   13s
    15    13 3.7778e+10   10  218 3.1543e+10 3.7778e+10  19.8%   305   15s
    58    43 3.7778e+10   36  297 3.1543e+10 3.7778e+10  19.8%   182   20s
   206   129 3.7778e+10   33  454 3.1543e+10 3.7778e+10  19.8%   109   25s
   345   227 3.7778e+10   53  735 3.1543e+10 3.7778e+10  19.8%   112   30s
   423   284 3.6869e+10  100  769 3.1543e+10 3.7778e+10  19.8%   110   35s
   489   345 3.7778e+10   54  351 3.1543e+10 3.7778e+10  19.8%   106   40s
   626   446 3.6996e+10  134   21 3.1543e+10 3.7778e+10  19.8%  95.3   47s
H  627   424                    3.154527e+10 3.7778e+10  19.8%  95.1   50s
   633   428 3.7778e+10   87   99 3.1545e+10 3.7778e+10  19.8%  94.2   56s
   637   430 3.7388e+10   75  133 3.1545e+10 3.7778e+10  19.8%  93.6   60s
   641   433 3.6599e+10  134   89 3.1545e+10 3.7778e+10  19.8%  93.0   66s
   643   434 3.7309e+10   77   96 3.1545e+10 3.7778e+10  19.8%  92.8   70s
   645   436 3.6704e+10   49   43 3.1545e+10 3.7778e+10  19.8%  92.5   76s
   648   438 3.7327e+10  111   13 3.1545e+10 3.7778e+10  19.8%  92.0   80s
H  649   416                    3.381817e+10 3.7778e+10  11.7%   303   83s
   659   425 3.7778e+10   24  466 3.3818e+10 3.7778e+10  11.7%   303   85s
H  675   413                    3.382060e+10 3.7778e+10  11.7%   298   89s
   677   416 3.7778e+10   36  353 3.3821e+10 3.7778e+10  11.7%   298   90s
   695   426 3.7778e+10   47  486 3.3821e+10 3.7778e+10  11.7%   297   95s
H  701   399                    3.418602e+10 3.7778e+10  10.5%   298   96s
   712   408 3.7778e+10   26  455 3.4186e+10 3.7778e+10  10.5%   297  100s
   730   420 3.7778e+10   42  355 3.4186e+10 3.7778e+10  10.5%   292  105s
   753   434 3.7778e+10   56  192 3.4186e+10 3.7778e+10  10.5%   287  113s
   761   439 3.7778e+10   62  226 3.4186e+10 3.7778e+10  10.5%   286  115s
   783   423 infeasible   59      3.4186e+10 3.7778e+10  10.5%   296  120s
   796   415 3.7778e+10   56  360 3.4186e+10 3.7778e+10  10.5%   314  125s
   807   407 infeasible   55      3.4186e+10 3.7778e+10  10.5%   328  130s
H  814   382                    3.456917e+10 3.7778e+10  9.28%   339  136s
H  814   364                    3.503812e+10 3.7778e+10  7.82%   339  136s
   820   362 3.7778e+10   52  348 3.5038e+10 3.7778e+10  7.82%   350  141s
   835   368 3.7778e+10   64  432 3.5038e+10 3.7778e+10  7.82%   345  145s
   849   378 3.7778e+10   78  498 3.5038e+10 3.7778e+10  7.82%   341  150s
   864   384 3.7778e+10   89  421 3.5038e+10 3.7778e+10  7.82%   337  155s
   879   388 3.7778e+10   99  451 3.5038e+10 3.7778e+10  7.82%   333  160s
   887   379 infeasible   96      3.5038e+10 3.7778e+10  7.82%   340  165s
   931   324 3.7778e+10   18  546 3.5038e+10 3.7778e+10  7.82%   329  170s
   941   331 3.7778e+10   28  577 3.5038e+10 3.7778e+10  7.82%   327  175s
   947   335 3.7778e+10   34  611 3.5038e+10 3.7778e+10  7.82%   326  182s
   955   340 3.7778e+10   42  736 3.5038e+10 3.7778e+10  7.82%   324  185s
   967   338 infeasible   48      3.5038e+10 3.7778e+10  7.82%   326  190s
   976   332     cutoff   45      3.5038e+10 3.7778e+10  7.82%   336  196s
   979   330     cutoff   44      3.5038e+10 3.7778e+10  7.82%   343  200s
   982   328 3.7778e+10   41  745 3.5038e+10 3.7778e+10  7.82%   354  206s
   985   326 3.7778e+10   40  597 3.5038e+10 3.7778e+10  7.82%   362  211s
   989   323     cutoff   40      3.5038e+10 3.7778e+10  7.82%   370  215s
   992   321     cutoff   39      3.5038e+10 3.7778e+10  7.82%   378  220s
   999   318 3.7778e+10   36  731 3.5038e+10 3.7778e+10  7.82%   389  231s
  1002   316 3.7778e+10   35  643 3.5038e+10 3.7778e+10  7.82%   396  237s
  1005   314 3.7778e+10   34  652 3.5038e+10 3.7778e+10  7.82%   404  242s
  1008   312 3.7778e+10   33  612 3.5038e+10 3.7778e+10  7.82%   413  247s
  1011   310 3.7778e+10   32  757 3.5038e+10 3.7778e+10  7.82%   421  253s
  1014   308 3.7778e+10   31  671 3.5038e+10 3.7778e+10  7.82%   430  258s
  1017   306 3.7778e+10   30  527 3.5038e+10 3.7778e+10  7.82%   436  263s
  1022   303 3.7778e+10   29  684 3.5038e+10 3.7778e+10  7.82%   443  269s
  1024   304 3.7778e+10   31  609 3.5038e+10 3.7778e+10  7.82%   443  270s
  1028   301 3.7778e+10   30  626 3.5038e+10 3.7778e+10  7.82%   444  280s
  1036   297 3.7778e+10   28  574 3.5038e+10 3.7778e+10  7.82%   451  288s
  1039   295 3.7778e+10   27  580 3.5038e+10 3.7778e+10  7.82%   460  294s
  1041   293     cutoff   28      3.5038e+10 3.7778e+10  7.82%   462  295s
  1042   293 3.7778e+10   26  775 3.5038e+10 3.7778e+10  7.82%   469  301s
  1045   291 3.7778e+10   25  620 3.5038e+10 3.7778e+10  7.82%   475  306s
  1050   289 3.7778e+10   24  632 3.5038e+10 3.7778e+10  7.82%   482  313s
  1055   284     cutoff   23      3.5038e+10 3.7778e+10  7.82%   492  321s
  1058   282     cutoff   23      3.5038e+10 3.7778e+10  7.82%   499  325s
  1059   281     cutoff   21      3.5038e+10 3.7778e+10  7.82%   505  330s
  1061   280     cutoff   21      3.5038e+10 3.7778e+10  7.82%   511  335s
  1063   279 3.7778e+10   19  729 3.5038e+10 3.7778e+10  7.82%   519  341s
  1066   277 3.7778e+10   18  759 3.5038e+10 3.7778e+10  7.82%   527  348s
  1068   275     cutoff   19      3.5038e+10 3.7778e+10  7.82%   529  350s
H 1069   256                    3.635728e+10 3.7778e+10  3.91%   529  360s
  1072   256 3.7778e+10   48  470 3.6357e+10 3.7778e+10  3.91%   538  365s
  1078   252 3.7778e+10   46  600 3.6357e+10 3.7778e+10  3.91%   549  375s
  1081   250 3.7778e+10   45  468 3.6357e+10 3.7778e+10  3.91%   554  381s
  1084   248 3.7778e+10   45  479 3.6357e+10 3.7778e+10  3.91%   560  387s
  1087   246 3.7778e+10   45  476 3.6357e+10 3.7778e+10  3.91%   566  392s
  1090   244 3.7778e+10   42  611 3.6357e+10 3.7778e+10  3.91%   575  400s
  1093   242 3.7778e+10   41  686 3.6357e+10 3.7778e+10  3.91%   581  407s
  1096   240 3.7778e+10   40  693 3.6357e+10 3.7778e+10  3.91%   589  423s
  1099   238 3.7778e+10   39  556 3.6357e+10 3.7778e+10  3.91%   594  429s
  1102   236 3.7778e+10   38  584 3.6357e+10 3.7778e+10  3.91%   599  435s
  1105   234 3.7778e+10   37  520 3.6357e+10 3.7778e+10  3.91%   604  440s
  1108   232 3.7778e+10   37  551 3.6357e+10 3.7778e+10  3.91%   609  446s
  1111   230 3.7778e+10   37  594 3.6357e+10 3.7778e+10  3.91%   614  452s
  1114   228 3.7778e+10   21  737 3.6357e+10 3.7778e+10  3.91%   621  460s
  1117   226 3.7778e+10   29  491 3.6357e+10 3.7778e+10  3.91%   629  467s
  1120   224 3.7778e+10   34  474 3.6357e+10 3.7778e+10  3.91%   637  474s
  1123   222 3.7778e+10   34  666 3.6357e+10 3.7778e+10  3.91%   642  480s
  1126   220 3.7778e+10   32  753 3.6357e+10 3.7778e+10  3.91%   649  493s
  1128   218 infeasible   33      3.6357e+10 3.7778e+10  3.91%   651  495s
  1129   218 3.7778e+10   31  566 3.6357e+10 3.7778e+10  3.91%   657  501s
  1132   216 3.7778e+10   30  842 3.6357e+10 3.7778e+10  3.91%   666  512s
  1135   214 3.7778e+10   29  710 3.6357e+10 3.7778e+10  3.91%   677  521s
  1138   211 3.7672e+10   28  896 3.6357e+10 3.7778e+10  3.91%   684  526s
  1142   210 3.7778e+10   27  615 3.6357e+10 3.7778e+10  3.91%   691  533s
  1145   208 3.7778e+10   26  791 3.6357e+10 3.7778e+10  3.91%   700  543s
  1148   208 infeasible   29      3.6357e+10 3.7778e+10  3.91%   698  545s
  1153   205 3.7778e+10   27  686 3.6357e+10 3.7778e+10  3.91%   697  563s
  1156   205 3.7778e+10   28  622 3.6357e+10 3.7778e+10  3.91%   696  565s
  1160   202 3.7778e+10   25  771 3.6357e+10 3.7778e+10  3.91%   702  573s
  1163   200 3.7778e+10   24  621 3.6357e+10 3.7778e+10  3.91%   707  581s
  1166   198 3.7778e+10   23  603 3.6357e+10 3.7778e+10  3.91%   715  589s
  1167   199 3.7778e+10   24  530 3.6357e+10 3.7778e+10  3.91%   715  590s
  1173   195 3.7778e+10   22  626 3.6357e+10 3.7778e+10  3.91%   718  597s
  1178   192 3.7778e+10   21  557 3.6357e+10 3.7778e+10  3.91%   723  605s
  1181   190 3.7778e+10   20  559 3.6357e+10 3.7778e+10  3.91%   729  613s
  1182   191 3.7778e+10   21  428 3.6357e+10 3.7778e+10  3.91%   729  615s
  1188   185     cutoff   19      3.6357e+10 3.7778e+10  3.91%   737  626s
  1189   185 3.7778e+10   18  668 3.6357e+10 3.7778e+10  3.91%   743  633s
  1193   184 3.7778e+10   19  657 3.6357e+10 3.7778e+10  3.91%   742  635s
  1198   181 3.7778e+10   17  800 3.6357e+10 3.7778e+10  3.91%   749  645s
  1207   183 3.7778e+10   19   58 3.6357e+10 3.7778e+10  3.91%   750  650s
  1208   184 3.7778e+10   20   45 3.6357e+10 3.7778e+10  3.91%   749  657s
  1214   188 3.7778e+10   25  187 3.6357e+10 3.7778e+10  3.91%   747  660s
  1229   198 3.7778e+10   40  161 3.6357e+10 3.7778e+10  3.91%   739  665s
  1235   202 3.7778e+10   46  166 3.6357e+10 3.7778e+10  3.91%   736  676s
  1244   200 3.7778e+10   45  577 3.6357e+10 3.7778e+10  3.91%   739  685s
  1249   193 infeasible   46      3.6357e+10 3.7778e+10  3.91%   741  690s
  1251   191 infeasible   44      3.6357e+10 3.7778e+10  3.91%   744  695s
  1255   189 3.7778e+10   42  433 3.6357e+10 3.7778e+10  3.91%   747  700s
  1262   180 infeasible   37      3.6357e+10 3.7778e+10  3.91%   751  705s
  1265   176 infeasible   34      3.6357e+10 3.7778e+10  3.91%   755  711s
  1269   173 3.7778e+10   30  262 3.6357e+10 3.7778e+10  3.91%   758  737s
  1275   169 3.7778e+10   28  264 3.6357e+10 3.7778e+10  3.91%   760  741s
  1284   165 3.7778e+10   26  454 3.6357e+10 3.7778e+10  3.91%   759  745s
  1300   171 3.7778e+10   32  366 3.6357e+10 3.7778e+10  3.91%   753  750s
  1320   177 infeasible   40      3.6357e+10 3.7778e+10  3.91%   744  755s
  1328   166 infeasible   35      3.6357e+10 3.7778e+10  3.91%   748  760s
  1335   157 infeasible   34      3.6357e+10 3.7778e+10  3.91%   753  765s
  1340   154 3.6704e+10   31  430 3.6357e+10 3.7778e+10  3.91%   757  770s
  1354   147 3.7778e+10   35  524 3.6357e+10 3.7778e+10  3.91%   758  779s
  1357   145 3.7778e+10   30  528 3.6357e+10 3.7778e+10  3.91%   759  781s
  1360   143 3.7778e+10   31  455 3.6357e+10 3.7778e+10  3.91%   762  785s
  1366   147 3.7778e+10   37  315 3.6357e+10 3.7778e+10  3.91%   760  791s
  1383   153 3.7778e+10   45  377 3.6357e+10 3.7778e+10  3.91%   752  795s
  1410   169 3.7778e+10   69  245 3.6357e+10 3.7778e+10  3.91%   738  800s
  1440   185 3.7778e+10   84  232 3.6357e+10 3.7778e+10  3.91%   723  805s
  1447   189 3.7778e+10   87  269 3.6357e+10 3.7778e+10  3.91%   720  817s
  1464   194 3.7778e+10   99  271 3.6357e+10 3.7778e+10  3.91%   712  820s
  1487   193 3.7778e+10  109  362 3.6357e+10 3.7778e+10  3.91%   704  825s
  1510   195 3.7778e+10  113  489 3.6357e+10 3.7778e+10  3.91%   695  830s
  1531   192 3.7778e+10   33  403 3.6357e+10 3.7778e+10  3.91%   690  835s
  1555   208 3.7778e+10   57  239 3.6357e+10 3.7778e+10  3.91%   680  840s
  1579   224 3.7778e+10   75  242 3.6357e+10 3.7778e+10  3.91%   671  845s
  1601   234 infeasible   95      3.6357e+10 3.7778e+10  3.91%   662  850s
  1608   239 3.7778e+10  101  322 3.6357e+10 3.7778e+10  3.91%   660  857s
  1617   247 3.7778e+10  110  354 3.6357e+10 3.7778e+10  3.91%   657  860s
  1637   262     cutoff  126      3.6357e+10 3.7778e+10  3.91%   650  865s
  1638   263 3.7778e+10  125  422 3.6357e+10 3.7778e+10  3.91%   649  871s
  1660   267 infeasible  117      3.6357e+10 3.7778e+10  3.91%   642  875s
  1669   266 3.7778e+10  130  460 3.6357e+10 3.7778e+10  3.91%   644  880s
  1685   278 3.7778e+10  144  484 3.6357e+10 3.7778e+10  3.91%   640  885s
  1693   286 3.7778e+10  152  509 3.6357e+10 3.7778e+10  3.91%   637  893s
  1701   282 3.7778e+10  129  459 3.6357e+10 3.7778e+10  3.91%   637  896s
  1711   284 3.7778e+10  152  434 3.6357e+10 3.7778e+10  3.91%   638  900s
  1720   283 3.7778e+10  148  394 3.6357e+10 3.7778e+10  3.91%   637  908s
  1727   284 infeasible  153      3.6357e+10 3.7778e+10  3.91%   635  910s
  1747   278 3.7778e+10  146  330 3.6357e+10 3.7778e+10  3.91%   635  921s
  1758   287 3.7778e+10  151  333 3.6357e+10 3.7778e+10  3.91%   632  929s
  1764   289 3.7778e+10  155  420 3.6357e+10 3.7778e+10  3.91%   630  930s
  1776   291 3.7778e+10  156  416 3.6357e+10 3.7778e+10  3.91%   630  944s
  1781   288 infeasible  156      3.6357e+10 3.7778e+10  3.91%   629  945s
  1802   280 infeasible  155      3.6357e+10 3.7778e+10  3.91%   627  950s
  1816   266 infeasible  136      3.6357e+10 3.7778e+10  3.91%   630  955s
  1824   262 3.7778e+10  126  461 3.6357e+10 3.7778e+10  3.91%   633  960s
  1835   259 3.7778e+10  121  524 3.6357e+10 3.7778e+10  3.91%   637  966s
  1840   254 infeasible  120      3.6357e+10 3.7778e+10  3.91%   640  971s
  1848   250 infeasible  117      3.6357e+10 3.7778e+10  3.91%   644  976s
  1850   250 3.7778e+10  115  401 3.6357e+10 3.7778e+10  3.91%   646  986s
  1854   248 3.7778e+10   34  666 3.6357e+10 3.7778e+10  3.91%   651 1021s
  1861   243 infeasible  110      3.6357e+10 3.7778e+10  3.91%   654 1026s
  1864   240 infeasible  107      3.6357e+10 3.7778e+10  3.91%   658 1030s
  1868   236 infeasible  103      3.6357e+10 3.7778e+10  3.91%   662 1035s
  1871   233 infeasible  100      3.6357e+10 3.7778e+10  3.91%   667 1040s
  1874   230 infeasible   97      3.6357e+10 3.7778e+10  3.91%   671 1045s
  1879   225 infeasible   91      3.6357e+10 3.7778e+10  3.91%   675 1050s
  1882   222 infeasible   88      3.6357e+10 3.7778e+10  3.91%   678 1055s
  1884   222 3.7778e+10   86  400 3.6357e+10 3.7778e+10  3.91%   680 1066s
  1888   220 3.7778e+10   84  426 3.6357e+10 3.7778e+10  3.91%   683 1070s
  1897   211 infeasible   33      3.6357e+10 3.7778e+10  3.91%   686 1075s
  1903   211 3.7778e+10   78  315 3.6357e+10 3.7778e+10  3.91%   688 1080s
  1919   207 infeasible   78      3.6357e+10 3.7778e+10  3.91%   686 1085s
  1925   201 infeasible   70      3.6357e+10 3.7778e+10  3.91%   690 1090s
  1932   196 infeasible   65      3.6357e+10 3.7778e+10  3.91%   693 1095s
  1938   192 infeasible   63      3.6357e+10 3.7778e+10  3.91%   696 1100s
  1943   189 3.7778e+10   58  268 3.6357e+10 3.7778e+10  3.91%   699 1110s
  1950   182 infeasible   53      3.6357e+10 3.7778e+10  3.91%   703 1115s
  1956   176 infeasible   47      3.6357e+10 3.7778e+10  3.91%   706 1120s
  1962   170 infeasible   41      3.6357e+10 3.7778e+10  3.91%   711 1126s
  1967   165 infeasible   37      3.6357e+10 3.7778e+10  3.91%   713 1130s
  1972   160 infeasible   34      3.6357e+10 3.7778e+10  3.91%   717 1135s
  1976   156 infeasible  114      3.6357e+10 3.7778e+10  3.91%   721 1140s
  1981   151 infeasible  112      3.6357e+10 3.7778e+10  3.91%   725 1145s
  1991   151 3.7778e+10  113  418 3.6357e+10 3.7778e+10  3.91%   725 1150s
  1999   147 infeasible  108      3.6357e+10 3.7778e+10  3.91%   727 1156s
  2001   147 infeasible  108      3.6357e+10 3.7778e+10  3.91%   728 1160s
  2010   149 3.7778e+10  112  313 3.6357e+10 3.7778e+10  3.91%   727 1168s
  2016   147 3.7778e+10  103  386 3.6357e+10 3.7778e+10  3.91%   727 1170s
  2027   142 infeasible  102      3.6357e+10 3.7778e+10  3.91%   727 1175s
  2035   142 3.7778e+10  100  461 3.6357e+10 3.7778e+10  3.91%   729 1180s
  2041   140 3.7778e+10   97  334 3.6357e+10 3.7778e+10  3.91%   730 1185s
  2051   137 3.7778e+10   94  329 3.6357e+10 3.7778e+10  3.91%   732 1191s
  2059   133 infeasible   91      3.6357e+10 3.7778e+10  3.91%   733 1195s
  2065   129 infeasible   88      3.6357e+10 3.7778e+10  3.91%   736 1200s
  2069   127 3.7778e+10   85  280 3.6357e+10 3.7778e+10  3.91%   739 1217s
  2075   124 3.7778e+10  113  401 3.6357e+10 3.7778e+10  3.91%   740 1221s
  2078   123 3.7778e+10   37  414 3.6357e+10 3.7778e+10  3.91%   745 1232s
  2082   121 3.7778e+10   84  317 3.6357e+10 3.7778e+10  3.91%   746 1235s
  2088   119 3.7778e+10   84  276 3.6357e+10 3.7778e+10  3.91%   748 1240s
  2096   117 3.6712e+10   85  371 3.6357e+10 3.7778e+10  3.91%   748 1259s
  2098   115 infeasible   84      3.6357e+10 3.7778e+10  3.91%   748 1260s
  2109   114 3.7778e+10   83  276 3.6357e+10 3.7778e+10  3.91%   749 1265s
  2124   112 3.7778e+10   80  217 3.6357e+10 3.7778e+10  3.91%   748 1277s
  2130   108 infeasible   77      3.6357e+10 3.7778e+10  3.91%   750 1280s
  2136   106 3.7778e+10   73  316 3.6357e+10 3.7778e+10  3.91%   752 1285s
  2145   101 infeasible   72      3.6357e+10 3.7778e+10  3.91%   753 1290s
  2152    98 3.7778e+10   68  262 3.6357e+10 3.7778e+10  3.91%   756 1303s
  2155    95 infeasible   69      3.6357e+10 3.7778e+10  3.91%   757 1305s
  2166    93 3.7778e+10   63  359 3.6357e+10 3.7778e+10  3.91%   759 1310s
  2176    89 3.7778e+10   59  298 3.6357e+10 3.7778e+10  3.91%   760 1315s
  2179    88 3.7778e+10   58  368 3.6357e+10 3.7778e+10  3.91%   761 1326s
  2187    84 3.7778e+10   54  251 3.6357e+10 3.7778e+10  3.91%   762 1330s
  2199    80 3.7778e+10   50  373 3.6357e+10 3.7778e+10  3.91%   763 1335s
  2207    78 3.7778e+10   48  306 3.6357e+10 3.7778e+10  3.91%   764 1355s
  2219    76 3.7778e+10   46  314 3.6357e+10 3.7778e+10  3.91%   764 1360s
  2226    73 3.7778e+10   44  432 3.6357e+10 3.7778e+10  3.91%   766 1365s
  2234    71 3.7778e+10   42  506 3.6357e+10 3.7778e+10  3.91%   769 1373s
  2239    70 3.7778e+10   42  419 3.6357e+10 3.7778e+10  3.91%   770 1377s
  2243    68 3.7778e+10   40  449 3.6357e+10 3.7778e+10  3.91%   772 1381s
  2247    64 infeasible   38      3.6357e+10 3.7778e+10  3.91%   775 1387s
  2248    63 infeasible   37      3.6357e+10 3.7778e+10  3.91%   777 1390s
  2251    60 infeasible   83      3.6357e+10 3.7778e+10  3.91%   779 1395s
  2253    58     cutoff   29      3.6357e+10 3.7778e+10  3.91%   783 1401s
  2254    59 3.7778e+10   37  427 3.6357e+10 3.7778e+10  3.91%   786 1407s
  2258    57 3.7778e+10   28  398 3.6357e+10 3.7778e+10  3.91%   787 1413s
  2263    56 3.7778e+10   37  471 3.6357e+10 3.7778e+10  3.91%   789 1420s
  2271    52 infeasible   28      3.6357e+10 3.7778e+10  3.91%   790 1426s
  2280    53 3.7778e+10   26  233 3.6357e+10 3.7778e+10  3.91%   789 1430s
  2289    54 3.7778e+10   26  281 3.6357e+10 3.7778e+10  3.91%   789 1435s
  2290    55 3.7778e+10   27  254 3.6357e+10 3.7778e+10  3.91%   789 1440s
  2291    56 3.7778e+10   28  222 3.6357e+10 3.7778e+10  3.91%   788 1453s
  2297    62 3.7778e+10   34  335 3.6357e+10 3.7778e+10  3.91%   787 1455s
  2316    79 3.7778e+10   52  296 3.6357e+10 3.7778e+10  3.91%   781 1460s
  2331    92 infeasible   67      3.6357e+10 3.7778e+10  3.91%   777 1465s
  2345   100 3.7778e+10   30  302 3.6357e+10 3.7778e+10  3.91%   775 1470s
  2357   104 infeasible   35      3.6357e+10 3.7778e+10  3.91%   773 1475s
  2365   100 3.7778e+10   28  361 3.6357e+10 3.7778e+10  3.91%   776 1482s
  2371    98 3.7778e+10   30  346 3.6357e+10 3.7778e+10  3.91%   778 1486s
  2384   111 3.7778e+10   43  217 3.6357e+10 3.7778e+10  3.91%   774 1490s
  2408   133 3.7778e+10   66  157 3.6357e+10 3.7778e+10  3.91%   767 1495s
  2428   151 3.7778e+10   85  152 3.6357e+10 3.7778e+10  3.91%   762 1500s
  2452   171 3.7068e+10  107  111 3.6357e+10 3.7778e+10  3.91%   755 1511s
  2477   178 3.7778e+10   31  205 3.6357e+10 3.7778e+10  3.91%   749 1515s
  2479   180 3.7778e+10   33  274 3.6357e+10 3.7778e+10  3.91%   748 1521s
  2494   195 3.7778e+10   48  207 3.6357e+10 3.7778e+10  3.91%   744 1525s
  2513   214 3.7778e+10   66  336 3.6357e+10 3.7778e+10  3.91%   740 1530s
  2533   234 3.7778e+10   84  206 3.6357e+10 3.7778e+10  3.91%   734 1543s
  2539   240 3.7778e+10   89  193 3.6357e+10 3.7778e+10  3.91%   733 1545s
  2565   252 infeasible  100      3.6357e+10 3.7778e+10  3.91%   727 1550s
  2586   271 3.7778e+10   53  289 3.6357e+10 3.7778e+10  3.91%   722 1555s
  2588   273 3.7778e+10   55  404 3.6357e+10 3.7778e+10  3.91%   722 1560s
  2615   300 3.7778e+10   82  199 3.6357e+10 3.7778e+10  3.91%   715 1568s
  2624   309 3.7778e+10   91  218 3.6357e+10 3.7778e+10  3.91%   713 1570s
  2648   333 3.7778e+10  109  276 3.6357e+10 3.7778e+10  3.91%   707 1575s
  2677   362 3.7778e+10  138  221 3.6357e+10 3.7778e+10  3.91%   700 1580s
  2698   367 3.7778e+10  144  221 3.6357e+10 3.7778e+10  3.91%   697 1585s
  2722   389     cutoff  168      3.6357e+10 3.7778e+10  3.91%   691 1590s
  2728   390 3.7778e+10  167  258 3.6357e+10 3.7778e+10  3.91%   690 1595s
  2748   404 3.7778e+10  180  225 3.6357e+10 3.7778e+10  3.91%   686 1600s
  2759   414 3.7778e+10  190  213 3.6357e+10 3.7778e+10  3.91%   684 1605s
  2783   410 infeasible  190      3.6357e+10 3.7778e+10  3.91%   681 1610s
  2785   410 3.7778e+10   36  397 3.6357e+10 3.7778e+10  3.91%   681 1617s
  2786   411 3.7778e+10   37  650 3.6357e+10 3.7778e+10  3.91%   681 1635s
  2812   435 3.7778e+10   58  234 3.6357e+10 3.7778e+10  3.91%   676 1640s
  2836   441 infeasible   68      3.6357e+10 3.7778e+10  3.91%   671 1645s
  2853   424 infeasible   51      3.6357e+10 3.7778e+10  3.91%   672 1650s
  2866   411 infeasible   39      3.6357e+10 3.7778e+10  3.91%   674 1655s
  2867   412 3.7778e+10   39  417 3.6357e+10 3.7778e+10  3.91%   674 1661s
  2883   428 3.7778e+10   54  461 3.6357e+10 3.7778e+10  3.91%   671 1665s
  2905   450 3.7778e+10   75  455 3.6357e+10 3.7778e+10  3.91%   667 1670s
  2921   454 3.7778e+10   46  382 3.6357e+10 3.7778e+10  3.91%   666 1681s
  2940   473 3.7778e+10   65  276 3.6357e+10 3.7778e+10  3.91%   662 1685s
  2948   481 3.7778e+10   73  397 3.6357e+10 3.7778e+10  3.91%   661 1690s
  2972   503 3.7778e+10   95  292 3.6357e+10 3.7778e+10  3.91%   656 1695s
  2990   509 3.7068e+10  104  189 3.6357e+10 3.7778e+10  3.91%   654 1700s
  3004   517 3.7068e+10  114  193 3.6357e+10 3.7778e+10  3.91%   651 1710s
  3018   519 3.7778e+10   41  470 3.6357e+10 3.7778e+10  3.91%   650 1715s
  3039   540 3.7778e+10   62  314 3.6357e+10 3.7778e+10  3.91%   646 1720s
  3067   568 3.7778e+10   90  238 3.6357e+10 3.7778e+10  3.91%   640 1725s
  3090   591 3.7778e+10  113  283 3.6357e+10 3.7778e+10  3.91%   636 1730s
  3112   613 3.7778e+10  135  303 3.6357e+10 3.7778e+10  3.91%   632 1735s
  3135   634 3.7778e+10  156  383 3.6357e+10 3.7778e+10  3.91%   628 1740s
  3139   638 3.7778e+10  160  354 3.6357e+10 3.7778e+10  3.91%   627 1745s
  3149   644 3.7778e+10  163  403 3.6357e+10 3.7778e+10  3.91%   627 1750s
  3167   654 3.7778e+10  174  351 3.6357e+10 3.7778e+10  3.91%   624 1755s
  3191   676 3.7778e+10  197  336 3.6357e+10 3.7778e+10  3.91%   619 1760s
  3207   676 3.7778e+10   60  303 3.6357e+10 3.7778e+10  3.91%   617 1765s
  3225   692 3.7778e+10   67  152 3.6357e+10 3.7778e+10  3.91%   616 1770s
  3249   714 3.7778e+10   76  143 3.6357e+10 3.7778e+10  3.91%   612 1775s
  3265   728 3.7778e+10   80  130 3.6357e+10 3.7778e+10  3.91%   610 1780s
  3284   745 3.7778e+10   88  174 3.6357e+10 3.7778e+10  3.91%   608 1785s
  3303   760 3.7778e+10   95  162 3.6357e+10 3.7778e+10  3.91%   605 1795s
  3326   763 3.7778e+10   61  148 3.6357e+10 3.7778e+10  3.91%   602 1800s
  3330   767 3.7778e+10   65  138 3.6357e+10 3.7778e+10  3.91%   602 1808s
  3341   764 infeasible   66      3.6357e+10 3.7778e+10  3.91%   600 1810s
  3357   772 3.7778e+10   72  142 3.6357e+10 3.7778e+10  3.91%   598 1819s
  3360   775 3.7778e+10   75  174 3.6357e+10 3.7778e+10  3.91%   598 1820s
  3373   780 3.6712e+10   83  248 3.6357e+10 3.7778e+10  3.91%   597 1825s
  3384   775 3.7778e+10   77  279 3.6357e+10 3.7778e+10  3.91%   597 1835s
  3396   773 3.7778e+10   75  175 3.6357e+10 3.7778e+10  3.91%   597 1840s
  3411   786 3.7068e+10   83  151 3.6357e+10 3.7778e+10  3.91%   595 1852s
  3423   794 3.7068e+10   86   93 3.6357e+10 3.7778e+10  3.91%   594 1855s
  3450   815 3.7068e+10   95  101 3.6357e+10 3.7778e+10  3.91%   590 1860s
  3480   823 3.7778e+10   65  295 3.6357e+10 3.7778e+10  3.91%   586 1865s
  3487   830 3.7778e+10   72  239 3.6357e+10 3.7778e+10  3.91%   585 1878s
  3488   831 3.7778e+10   73  175 3.6357e+10 3.7778e+10  3.91%   585 1884s
  3493   836 3.7778e+10   77  171 3.6357e+10 3.7778e+10  3.91%   584 1885s
  3515   846 3.7778e+10   49  260 3.6357e+10 3.7778e+10  3.91%   582 1890s
  3532   847 3.7778e+10   51  192 3.6357e+10 3.7778e+10  3.91%   581 1895s
  3558   851 infeasible   59      3.6357e+10 3.7778e+10  3.91%   578 1900s
  3574   839 3.7422e+10   45  234 3.6357e+10 3.7778e+10  3.91%   578 1905s
  3595   854 3.7778e+10   52  217 3.6357e+10 3.7778e+10  3.91%   576 1910s
  3598   857 3.7778e+10   55  185 3.6357e+10 3.7778e+10  3.91%   575 1915s
  3615   874 3.7778e+10   62  182 3.6357e+10 3.7778e+10  3.91%   574 1920s
  3634   893 3.7778e+10   71  292 3.6357e+10 3.7778e+10  3.91%   572 1925s
  3659   912 3.7778e+10   78  153 3.6357e+10 3.7778e+10  3.91%   569 1930s
  3693   920 3.7778e+10   88  158 3.6357e+10 3.7778e+10  3.91%   565 1935s
  3738   941 infeasible  106      3.6357e+10 3.7778e+10  3.91%   560 1940s
  3764   957 3.7778e+10   63  139 3.6357e+10 3.7778e+10  3.91%   556 1949s
  3766   959 3.7778e+10   65  132 3.6357e+10 3.7778e+10  3.91%   556 1950s
  3796   989 3.7778e+10   92  251 3.6357e+10 3.7778e+10  3.91%   552 1955s
  3822   999 3.7778e+10   45  240 3.6357e+10 3.7778e+10  3.91%   550 1960s
  3844  1017 3.7778e+10   61  247 3.6357e+10 3.7778e+10  3.91%   548 1965s
  3870  1041 3.7778e+10   85  182 3.6357e+10 3.7778e+10  3.91%   545 1970s
  3910  1073 3.7778e+10  119  131 3.6357e+10 3.7778e+10  3.91%   540 1975s
  3946  1091 3.7778e+10  105  164 3.6357e+10 3.7778e+10  3.91%   536 1980s
  3963  1086     cutoff  104      3.6357e+10 3.7778e+10  3.91%   535 1985s
  3985  1084 3.7778e+10   99  217 3.6357e+10 3.7778e+10  3.91%   533 1990s
  3997  1078 3.7778e+10  126  159 3.6357e+10 3.7778e+10  3.91%   534 2001s
  4024  1079 3.7778e+10   37  388 3.6357e+10 3.7778e+10  3.91%   531 2005s
  4048  1103 3.7778e+10   59  225 3.6357e+10 3.7778e+10  3.91%   529 2010s
  4078  1133 3.7778e+10   88  253 3.6357e+10 3.7778e+10  3.91%   525 2015s
  4103  1154     cutoff  109      3.6357e+10 3.7778e+10  3.91%   523 2020s
  4134  1181 3.7068e+10  135  268 3.6357e+10 3.7778e+10  3.91%   520 2025s
  4154  1195 3.7068e+10  145  273 3.6357e+10 3.7778e+10  3.91%   518 2030s
  4181  1218 3.7068e+10  166  316 3.6357e+10 3.7778e+10  3.91%   516 2035s
H 4183     4                    3.777808e+10 3.7778e+10  0.00%   515 2043s

Cutting planes:
  Learned: 487
  Gomory: 247
  Lift-and-project: 39
  Cover: 19589
  Implied bound: 827
  Projected implied bound: 39
  Clique: 286
  MIR: 549
  StrongCG: 16
  Flow cover: 2535
  GUB cover: 172
  Inf proof: 173
  Zero half: 10
  RLT: 151
  Relax-and-lift: 441

Explored 4184 nodes (2225431 simplex iterations) in 2043.87 seconds (1151.05 work units)
Thread count was 1 (of 28 available processors)

Solution count 10: 3.77781e+10 3.63573e+10 3.50381e+10 ... 2.81917e+10

Optimal solution found (tolerance 1.00e-04)
Best objective 3.777807912000e+10, best bound 3.777807912000e+10, gap 0.0000%

User-callback calls 351515, time in user-callback 0.40 sec