Gurobi Optimizer version 12.0.3 build v12.0.3rc0 (linux64 - "Oracle Linux Server 9.4")

CPU model: Intel(R) Xeon(R) CPU E5-2660 v4 @ 2.00GHz, instruction set [SSE2|AVX|AVX2]
Thread count: 28 physical cores, 28 logical processors, using up to 1 threads

Non-default parameters:
TimeLimit  3596.569354496
SoftMemLimit  16
NumericFocus  1
Threads  1

Academic license 2690100 - for non-commercial use only - registered to ju___@uclm.es
Optimize a model with 30694 rows, 7210 columns and 116972 nonzeros
Model fingerprint: 0x96ac6911
Variable types: 92 continuous, 7118 integer (7118 binary)
Coefficient statistics:
  Matrix range     [1e+00, 2e+13]
  Objective range  [1e+09, 3e+09]
  Bounds range     [2e+03, 1e+04]
  RHS range        [1e+00, 2e+14]
Warning: Model contains large matrix coefficient range
Warning: Model contains large objective coefficients
Warning: Model contains large rhs
Found heuristic solution: objective -0.0000000
Presolve removed 6549 rows and 480 columns
Presolve time: 0.57s
Presolved: 24145 rows, 6730 columns, 86954 nonzeros
Variable types: 92 continuous, 6638 integer (6638 binary)

Root relaxation: objective 8.309640e+10, 1306 iterations, 0.14 seconds (0.09 work units)

    Nodes    |    Current Node    |     Objective Bounds      |     Work
 Expl Unexpl |  Obj  Depth IntInf | Incumbent    BestBd   Gap | It/Node Time

     0     0 8.3096e+10    0  214   -0.00000 8.3096e+10      -     -    2s
H    0     0                    1.183680e+10 8.3096e+10   602%     -    2s
H    0     0                    1.540800e+10 8.3096e+10   439%     -    2s
H    0     0                    1.719360e+10 8.3096e+10   383%     -    2s
     0     0 8.3096e+10    0  231 1.7194e+10 8.3096e+10   383%     -    3s
H    0     0                    2.255040e+10 8.3096e+10   268%     -    3s
     0     0 8.3096e+10    0  245 2.2550e+10 8.3096e+10   268%     -    4s
     0     0 8.3096e+10    0   90 2.2550e+10 8.3096e+10   268%     -   12s
H    0     0                    4.638000e+10 8.3096e+10  79.2%     -   12s
     0     0 8.3096e+10    0   85 4.6380e+10 8.3096e+10  79.2%     -   12s
     0     0 8.3096e+10    0   91 4.6380e+10 8.3096e+10  79.2%     -   23s
H    0     0                    5.184600e+10 8.3096e+10  60.3%     -   23s
H    0     0                    5.448600e+10 8.3096e+10  52.5%     -   23s
     0     0 8.3096e+10    0   80 5.4486e+10 8.3096e+10  52.5%     -   23s
     0     0 8.3096e+10    0   25 5.4486e+10 8.3096e+10  52.5%     -   25s
H    0     0                    5.805720e+10 8.3096e+10  43.1%     -   25s
H    0     0                    6.069720e+10 8.3096e+10  36.9%     -   25s
     0     0 8.3096e+10    0   25 6.0697e+10 8.3096e+10  36.9%     -   25s
     0     0 8.3096e+10    0   64 6.0697e+10 8.3096e+10  36.9%     -   30s
H    0     0                    6.426840e+10 8.3096e+10  29.3%     -   30s
     0     0 8.3096e+10    0   62 6.4268e+10 8.3096e+10  29.3%     -   30s
     0     0 8.3096e+10    0   81 6.4268e+10 8.3096e+10  29.3%     -   33s
     0     0 8.3096e+10    0  112 6.4268e+10 8.3096e+10  29.3%     -   40s
     0     0 8.3096e+10    0   44 6.4268e+10 8.3096e+10  29.3%     -   43s
H    0     0                    6.605400e+10 8.3096e+10  25.8%     -   43s
     0     0 8.3096e+10    0   47 6.6054e+10 8.3096e+10  25.8%     -   43s
     0     0 8.3096e+10    0   63 6.6054e+10 8.3096e+10  25.8%     -   44s
     0     0 8.3096e+10    0   62 6.6054e+10 8.3096e+10  25.8%     -   45s
     0     2 8.3096e+10    0   27 6.6054e+10 8.3096e+10  25.8%     -   47s
    13    15 8.3096e+10    7   22 6.6054e+10 8.3096e+10  25.8%   255   50s
    35    35 8.3096e+10   19  135 6.6054e+10 8.3096e+10  25.8%   125   55s
    66    66 8.3096e+10   38  258 6.6054e+10 8.3096e+10  25.8%   149   60s
    97    89 8.3096e+10   53  278 6.6054e+10 8.3096e+10  25.8%   118   65s
H  136   117                    6.783960e+10 8.3096e+10  22.5%   101   66s
   246   187 8.3096e+10  135  251 6.7840e+10 8.3096e+10  22.5%  89.1   70s
   335   253 8.3096e+10   43  550 6.7840e+10 8.3096e+10  22.5%   108   75s
H  433   326                    6.895560e+10 8.3096e+10  20.5%   107   80s
H  433   326                    7.007160e+10 8.3096e+10  18.6%   107   80s
H  460   342                    7.654440e+10 8.3096e+10  8.56%   106   82s
   545   371 8.3096e+10    9  193 7.6544e+10 8.3096e+10  8.56%  93.9   96s
   560   386 8.3096e+10   24  498 7.6544e+10 8.3096e+10  8.56%  97.4  100s
   591   417 8.3096e+10   51  427 7.6544e+10 8.3096e+10  8.56%  98.5  108s
   620   445 8.2424e+10  126   62 7.6544e+10 8.3096e+10  8.56%  96.4  113s
   622   446 8.3096e+10   18  228 7.6544e+10 8.3096e+10  8.56%  96.1  117s
   623   447 8.3096e+10   46  307 7.6544e+10 8.3096e+10  8.56%  95.9  121s
   625   448 8.3096e+10   27  104 7.6544e+10 8.3096e+10  8.56%  95.6  134s
   627   450 8.3096e+10   77   59 7.6544e+10 8.3096e+10  8.56%  95.3  138s
   629   451 8.2381e+10  149   44 7.6544e+10 8.3096e+10  8.56%  95.0  146s
   631   452 8.3096e+10   31   59 7.6544e+10 8.3096e+10  8.56%  94.7  151s
   633   454 8.3096e+10  111   70 7.6544e+10 8.3096e+10  8.56%  94.4  155s
   635   455 8.3096e+10   10   31 7.6544e+10 8.3096e+10  8.56%  94.1  160s
   637   456 8.3096e+10  100   62 7.6544e+10 8.3096e+10  8.56%  93.8  178s
   639   458 8.3096e+10   87   88 7.6544e+10 8.3096e+10  8.56%  93.5  187s
   640   458 8.3096e+10  118  662 7.6544e+10 8.3096e+10  8.56%  93.4  190s
   641   459 8.3096e+10   38  101 7.6544e+10 8.3096e+10  8.56%  93.2  212s
   643   460 8.3096e+10  113   98 7.6544e+10 8.3096e+10  8.56%  92.9  218s
   644   463 8.3096e+10   10   34 7.6544e+10 8.3096e+10  8.56%   546  222s
   657   472 8.3096e+10   20  154 7.6544e+10 8.3096e+10  8.56%   540  225s
   667   478 8.3096e+10   29  601 7.6544e+10 8.3096e+10  8.56%   543  230s
   672   482 8.3096e+10   34  529 7.6544e+10 8.3096e+10  8.56%   542  235s
   679   486 8.3096e+10   41  524 7.6544e+10 8.3096e+10  8.56%   539  240s
   687   492 8.3096e+10   46  352 7.6544e+10 8.3096e+10  8.56%   536  245s
   692   495 8.3096e+10   50  518 7.6544e+10 8.3096e+10  8.56%   538  250s
   695   495 8.3096e+10   52  455 7.6544e+10 8.3096e+10  8.56%   538  257s
   699   498 8.3096e+10   56  451 7.6544e+10 8.3096e+10  8.56%   536  260s
   705   502 8.3096e+10   60  425 7.6544e+10 8.3096e+10  8.56%   533  265s
   713   507 8.3096e+10   65  417 7.6544e+10 8.3096e+10  8.56%   531  270s
   720   512 8.3096e+10   71  418 7.6544e+10 8.3096e+10  8.56%   528  275s
   723   514 8.3096e+10   73  366 7.6544e+10 8.3096e+10  8.56%   528  282s
   726   516 8.3096e+10   74  323 7.6544e+10 8.3096e+10  8.56%   529  285s
   735   522 8.3096e+10   80  189 7.6544e+10 8.3096e+10  8.56%   524  290s
   747   530 8.3096e+10   86  134 7.6544e+10 8.3096e+10  8.56%   516  295s
   760   534 8.3096e+10   92  120 7.6544e+10 8.3096e+10  8.56%   508  300s
   774   532 8.3096e+10   12  677 7.6544e+10 8.3096e+10  8.56%   505  305s
   782   537 8.3096e+10   20  579 7.6544e+10 8.3096e+10  8.56%   505  310s
   785   539 8.3096e+10   23  591 7.6544e+10 8.3096e+10  8.56%   503  327s
   790   542 8.3096e+10   28  573 7.6544e+10 8.3096e+10  8.56%   500  330s
   800   549 8.3096e+10   37  447 7.6544e+10 8.3096e+10  8.56%   498  335s
   809   555 8.3096e+10   43  424 7.6544e+10 8.3096e+10  8.56%   496  340s
   819   562 8.3096e+10   50  456 7.6544e+10 8.3096e+10  8.56%   492  345s
   830   569 8.3096e+10   60  427 7.6544e+10 8.3096e+10  8.56%   489  350s
   839   575 8.3096e+10   67  421 7.6544e+10 8.3096e+10  8.56%   486  355s
   844   578 8.3096e+10   71  411 7.6544e+10 8.3096e+10  8.56%   487  409s
   846   580 8.3096e+10   73  408 7.6544e+10 8.3096e+10  8.56%   487  410s
   860   573 8.3096e+10   73  388 7.6544e+10 8.3096e+10  8.56%   488  415s
   872   579 8.1311e+10   81  304 7.6544e+10 8.3096e+10  8.56%   484  420s
   887   589 8.1311e+10   89  261 7.6544e+10 8.3096e+10  8.56%   477  425s
   906   602 8.1311e+10   98  185 7.6544e+10 8.3096e+10  8.56%   469  430s
   932   613 8.1311e+10  110   56 7.6544e+10 8.3096e+10  8.56%   457  435s
   942   616 8.1311e+10  115   48 7.6544e+10 8.3096e+10  8.56%   453  440s
   966   619 8.3096e+10   72  404 7.6544e+10 8.3096e+10  8.56%   445  445s
   976   625 8.3096e+10   80  325 7.6544e+10 8.3096e+10  8.56%   442  450s
   991   635 8.3096e+10   87  310 7.6544e+10 8.3096e+10  8.56%   437  455s
  1004   644 8.3096e+10   94  221 7.6544e+10 8.3096e+10  8.56%   432  460s
  1021   653 8.3096e+10  103  123 7.6544e+10 8.3096e+10  8.56%   426  465s
  1022   654 8.3096e+10  103  144 7.6544e+10 8.3096e+10  8.56%   426  481s
  1033   659 8.3096e+10  109  112 7.6544e+10 8.3096e+10  8.56%   422  485s
  1049   666 8.3096e+10  117   65 7.6544e+10 8.3096e+10  8.56%   416  501s
  1060   667 infeasible  121      7.6544e+10 8.3096e+10  8.56%   412  505s
  1076   664 8.3096e+10  124   79 7.6544e+10 8.3096e+10  8.56%   407  525s
  1097   646 8.3096e+10  115   78 7.6544e+10 8.3096e+10  8.56%   401  530s
  1103   644 8.0456e+10  117   40 7.6544e+10 8.3096e+10  8.56%   400  547s
  1114   641 8.1311e+10  116  104 7.6544e+10 8.3096e+10  8.56%   396  550s
  1136   642 7.8671e+10  124   50 7.6544e+10 8.3096e+10  8.56%   390  555s
  1154   642 8.3096e+10   62  481 7.6544e+10 8.3096e+10  8.56%   386  560s
  1166   650 8.3096e+10   74  443 7.6544e+10 8.3096e+10  8.56%   383  565s
  1177   655 8.3096e+10   80  439 7.6544e+10 8.3096e+10  8.56%   381  570s
  1191   665 8.3096e+10   95  395 7.6544e+10 8.3096e+10  8.56%   378  575s
  1202   672 8.3096e+10  102  300 7.6544e+10 8.3096e+10  8.56%   376  580s
  1219   683 8.3096e+10  116  347 7.6544e+10 8.3096e+10  8.56%   371  585s
  1236   693 8.3096e+10  127  240 7.6544e+10 8.3096e+10  8.56%   368  590s
  1251   701 8.0936e+10  140  241 7.6544e+10 8.3096e+10  8.56%   366  596s
  1260   695 8.3096e+10   14  176 7.6544e+10 8.3096e+10  8.56%   366  600s
  1269   701 8.3096e+10   23  202 7.6544e+10 8.3096e+10  8.56%   364  605s
  1276   705 8.3096e+10   30  540 7.6544e+10 8.3096e+10  8.56%   364  610s
  1285   711 8.3096e+10   39  488 7.6544e+10 8.3096e+10  8.56%   362  615s
  1295   718 8.3096e+10   49  478 7.6544e+10 8.3096e+10  8.56%   360  620s
  1301   722 8.3096e+10   55  491 7.6544e+10 8.3096e+10  8.56%   359  625s
  1309   725 8.3096e+10   62  528 7.6544e+10 8.3096e+10  8.56%   359  630s
  1319   730 8.3096e+10   68  359 7.6544e+10 8.3096e+10  8.56%   359  635s
  1330   735 7.9525e+10   76  328 7.6544e+10 8.3096e+10  8.56%   356  640s
  1340   742 7.9525e+10   84  219 7.6544e+10 8.3096e+10  8.56%   354  645s
  1352   748 7.9525e+10   93  154 7.6544e+10 8.3096e+10  8.56%   352  650s
  1364   756 7.9525e+10  105  109 7.6544e+10 8.3096e+10  8.56%   349  655s
  1372   761 7.9525e+10  113  108 7.6544e+10 8.3096e+10  8.56%   347  660s
  1385   770 7.9525e+10  126  122 7.6544e+10 8.3096e+10  8.56%   344  665s
  1396   773     cutoff  136      7.6544e+10 8.3096e+10  8.56%   342  670s
  1412   770 8.3096e+10   21  648 7.6544e+10 8.3096e+10  8.56%   343  676s
  1419   775 8.3096e+10   28  593 7.6544e+10 8.3096e+10  8.56%   343  680s
  1427   780 8.3096e+10   35  556 7.6544e+10 8.3096e+10  8.56%   343  685s
  1438   787 8.1311e+10   46  509 7.6544e+10 8.3096e+10  8.56%   341  690s
  1448   794 8.1311e+10   56  434 7.6544e+10 8.3096e+10  8.56%   339  695s
  1457   800 8.1311e+10   63  257 7.6544e+10 8.3096e+10  8.56%   337  700s
  1469   808 8.1311e+10   69  365 7.6544e+10 8.3096e+10  8.56%   336  705s
  1475   812 8.1311e+10   74  217 7.6544e+10 8.3096e+10  8.56%   335  721s
  1484   818 8.1311e+10   78  198 7.6544e+10 8.3096e+10  8.56%   334  725s
  1495   825 8.1311e+10   84  216 7.6544e+10 8.3096e+10  8.56%   333  730s
  1512   833 infeasible   93      7.6544e+10 8.3096e+10  8.56%   331  735s
  1536   835 8.1311e+10  101   89 7.6544e+10 8.3096e+10  8.56%   327  740s
  1563   835 infeasible  115      7.6544e+10 8.3096e+10  8.56%   322  745s
  1575   831 8.3096e+10   38  458 7.6544e+10 8.3096e+10  8.56%   325  750s
  1583   832 8.3096e+10   43  419 7.6544e+10 8.3096e+10  8.56%   325  755s
  1590   837 7.9525e+10   50  410 7.6544e+10 8.3096e+10  8.56%   324  760s
  1602   845 8.3096e+10   61  382 7.6544e+10 8.3096e+10  8.56%   322  765s
  1612   849 8.3096e+10   68  418 7.6544e+10 8.3096e+10  8.56%   322  770s
  1619   854 7.7740e+10   74  512 7.6544e+10 8.3096e+10  8.56%   322  777s
  1625   858 8.3096e+10   78  408 7.6544e+10 8.3096e+10  8.56%   321  780s
  1634   864 8.1311e+10   84  390 7.6544e+10 8.3096e+10  8.56%   321  785s
  1645   871 8.3096e+10   88  396 7.6544e+10 8.3096e+10  8.56%   320  790s
  1653   877 8.3096e+10   89  251 7.6544e+10 8.3096e+10  8.56%   321  823s
  1656   879 8.3096e+10   92  258 7.6544e+10 8.3096e+10  8.56%   320  825s
  1670   888 8.1311e+10  105  254 7.6544e+10 8.3096e+10  8.56%   318  830s
  1683   893 7.9525e+10  109  213 7.6544e+10 8.3096e+10  8.56%   317  835s
  1700   892 7.9525e+10  118  172 7.6544e+10 8.3096e+10  8.56%   315  840s
  1718   888 8.3096e+10   64  378 7.6544e+10 8.3096e+10  8.56%   314  845s
  1726   893 8.3096e+10   72  381 7.6544e+10 8.3096e+10  8.56%   314  850s
  1737   899 7.7740e+10   82  216 7.6544e+10 8.3096e+10  8.56%   313  855s
  1751   894     cutoff   85      7.6544e+10 8.3096e+10  8.56%   311  860s
  1759   893 8.3096e+10   29  587 7.6544e+10 8.3096e+10  8.56%   315  865s
  1767   899 8.3096e+10   37  511 7.6544e+10 8.3096e+10  8.56%   315  870s
  1774   903 8.3096e+10   43  545 7.6544e+10 8.3096e+10  8.56%   316  875s
  1782   909 8.3096e+10   51  571 7.6544e+10 8.3096e+10  8.56%   316  880s
  1790   914 8.3096e+10   58  458 7.6544e+10 8.3096e+10  8.56%   315  885s
  1800   921 8.3096e+10   68  468 7.6544e+10 8.3096e+10  8.56%   314  890s
  1808   924 8.1311e+10   69  309 7.6544e+10 8.3096e+10  8.56%   314  895s
  1819   931 8.1311e+10   81  376 7.6544e+10 8.3096e+10  8.56%   313  900s
  1834   939 8.1311e+10   88  309 7.6544e+10 8.3096e+10  8.56%   312  905s
  1858   951 8.1311e+10   99  154 7.6544e+10 8.3096e+10  8.56%   308  910s
  1873   959 8.1311e+10  102  115 7.6544e+10 8.3096e+10  8.56%   307  915s
  1893   957 8.3096e+10   25  790 7.6544e+10 8.3096e+10  8.56%   307  920s
  1898   960 8.3096e+10   30  645 7.6544e+10 8.3096e+10  8.56%   309  925s
  1908   965 8.3096e+10   37  544 7.6544e+10 8.3096e+10  8.56%   309  930s
  1917   969 8.3096e+10   44  469 7.6544e+10 8.3096e+10  8.56%   309  935s
  1926   975 8.3096e+10   50  513 7.6544e+10 8.3096e+10  8.56%   308  940s
  1934   980 8.3096e+10   58  563 7.6544e+10 8.3096e+10  8.56%   307  945s
  1943   984 8.3096e+10   65  501 7.6544e+10 8.3096e+10  8.56%   306  950s
  1951   989 8.3096e+10   73  569 7.6544e+10 8.3096e+10  8.56%   305  955s
  1958   994 8.3096e+10   80  529 7.6544e+10 8.3096e+10  8.56%   305  960s
  1966   999 8.3096e+10   86  529 7.6544e+10 8.3096e+10  8.56%   304  965s
  1973  1004 8.3096e+10   92  614 7.6544e+10 8.3096e+10  8.56%   304  970s
  1975  1005 7.8776e+10   93  451 7.6544e+10 8.3096e+10  8.56%   304 1004s
  1977  1007 8.3096e+10   95  583 7.6544e+10 8.3096e+10  8.56%   304 1005s
  1985  1012 8.3096e+10  102  547 7.6544e+10 8.3096e+10  8.56%   304 1010s
  1993  1017 8.3096e+10  109  458 7.6544e+10 8.3096e+10  8.56%   303 1016s
  2001  1023 8.3096e+10  112  458 7.6544e+10 8.3096e+10  8.56%   303 1020s
  2013  1029 8.3096e+10  120  334 7.6544e+10 8.3096e+10  8.56%   302 1025s
  2026  1027 7.7740e+10  123  439 7.6544e+10 8.3096e+10  8.56%   304 1030s
  2035  1028 8.3096e+10   67  402 7.6544e+10 8.3096e+10  8.56%   305 1035s
  2046  1039 8.3096e+10   78  246 7.6544e+10 8.3096e+10  8.56%   304 1040s
  2047  1040 8.3096e+10   79  240 7.6544e+10 8.3096e+10  8.56%   304 1058s
  2050  1043 8.3096e+10   82  197 7.6544e+10 8.3096e+10  8.56%   304 1060s
  2057  1048 infeasible   86      7.6544e+10 8.3096e+10  8.56%   303 1065s
  2069  1054 infeasible   93      7.6544e+10 8.3096e+10  8.56%   303 1070s
  2088  1069 infeasible  109      7.6544e+10 8.3096e+10  8.56%   301 1075s
  2104  1075 8.3096e+10  119  224 7.6544e+10 8.3096e+10  8.56%   299 1081s
  2109  1076 8.3096e+10   26  562 7.6544e+10 8.3096e+10  8.56%   302 1085s
  2116  1083 8.3096e+10   30  538 7.6544e+10 8.3096e+10  8.56%   304 1090s
  2124  1091 8.3096e+10   35  424 7.6544e+10 8.3096e+10  8.56%   304 1095s
  2129  1096 8.3096e+10   37  307 7.6544e+10 8.3096e+10  8.56%   305 1100s
  2138  1103 8.3096e+10   42  405 7.6544e+10 8.3096e+10  8.56%   305 1105s
  2149  1112 8.3096e+10   51  334 7.6544e+10 8.3096e+10  8.56%   304 1111s
  2157  1120 8.3096e+10   59  321 7.6544e+10 8.3096e+10  8.56%   303 1115s
  2164  1127 8.3096e+10   64  365 7.6544e+10 8.3096e+10  8.56%   302 1120s
  2178  1141 8.3096e+10   76  311 7.6544e+10 8.3096e+10  8.56%   301 1125s
  2196  1155 8.1311e+10   87  258 7.6544e+10 8.3096e+10  8.56%   299 1130s
  2216  1175 8.1311e+10  105  320 7.6544e+10 8.3096e+10  8.56%   296 1135s
  2235  1190 infeasible  119      7.6544e+10 8.3096e+10  8.56%   295 1140s
  2257  1194 8.3096e+10   23  680 7.6544e+10 8.3096e+10  8.56%   296 1146s
  2261  1198 8.3096e+10   26  695 7.6544e+10 8.3096e+10  8.56%   299 1150s
  2269  1206 8.3096e+10   34  736 7.6544e+10 8.3096e+10  8.56%   299 1155s
  2279  1216 8.3096e+10   41  651 7.6544e+10 8.3096e+10  8.56%   299 1160s
  2286  1223 8.3096e+10   48  611 7.6544e+10 8.3096e+10  8.56%   299 1165s
  2295  1232 8.3096e+10   54  540 7.6544e+10 8.3096e+10  8.56%   299 1170s
  2305  1242 8.3096e+10   60  442 7.6544e+10 8.3096e+10  8.56%   298 1175s
  2320  1257 8.3096e+10   72  461 7.6544e+10 8.3096e+10  8.56%   297 1180s
  2336  1273 8.3096e+10   88  396 7.6544e+10 8.3096e+10  8.56%   295 1185s
  2353  1290 8.3096e+10  103  309 7.6544e+10 8.3096e+10  8.56%   294 1190s
  2376  1313 8.3096e+10  120  268 7.6544e+10 8.3096e+10  8.56%   291 1223s
  2383  1320 8.3096e+10  127  206 7.6544e+10 8.3096e+10  8.56%   291 1225s
  2402  1337 8.3096e+10  143  204 7.6544e+10 8.3096e+10  8.56%   289 1230s
  2421  1356 8.3096e+10  162  181 7.6544e+10 8.3096e+10  8.56%   287 1235s
  2439  1364 7.6616e+10  173  133 7.6544e+10 8.3096e+10  8.56%   286 1240s
  2455  1370 7.6616e+10  184  126 7.6544e+10 8.3096e+10  8.56%   284 1245s
  2470  1369 7.8671e+10   78  133 7.6544e+10 8.3096e+10  8.56%   284 1250s
  2484  1379 7.8671e+10   89  146 7.6544e+10 8.3096e+10  8.56%   283 1255s
  2498  1391 7.6885e+10  102  128 7.6544e+10 8.3096e+10  8.56%   282 1260s
  2512  1405 7.6885e+10  116  140 7.6544e+10 8.3096e+10  8.56%   280 1265s
  2526  1419 7.6885e+10  130   56 7.6544e+10 8.3096e+10  8.56%   279 1270s
  2540  1431 infeasible  144      7.6544e+10 8.3096e+10  8.56%   277 1275s
  2550  1429 8.3096e+10   74  453 7.6544e+10 8.3096e+10  8.56%   277 1280s
  2563  1440 7.9525e+10   85  327 7.6544e+10 8.3096e+10  8.56%   277 1285s
  2578  1455 7.9525e+10   95  257 7.6544e+10 8.3096e+10  8.56%   276 1290s
  2584  1461 7.9525e+10  101  170 7.6544e+10 8.3096e+10  8.56%   275 1312s
  2592  1469 7.9525e+10  108  171 7.6544e+10 8.3096e+10  8.56%   275 1315s
  2612  1487 7.9525e+10  124  185 7.6544e+10 8.3096e+10  8.56%   273 1320s
  2624  1499 7.9525e+10  135  159 7.6544e+10 8.3096e+10  8.56%   272 1325s
  2638  1511 7.9525e+10  146   76 7.6544e+10 8.3096e+10  8.56%   270 1330s
  2654  1527 7.9525e+10  162   60 7.6544e+10 8.3096e+10  8.56%   269 1335s
  2667  1524 infeasible  119      7.6544e+10 8.3096e+10  8.56%   269 1340s
  2684  1525     cutoff  121      7.6544e+10 8.3096e+10  8.56%   270 1345s
  2702  1525 8.3096e+10  119  422 7.6544e+10 8.3096e+10  8.56%   270 1350s
  2717  1534 7.7740e+10  129  535 7.6544e+10 8.3096e+10  8.56%   271 1355s
  2731  1536     cutoff  134      7.6544e+10 8.3096e+10  8.56%   272 1360s
  2738  1533 8.3096e+10   65  475 7.6544e+10 8.3096e+10  8.56%   274 1365s
  2746  1539     cutoff   73      7.6544e+10 8.3096e+10  8.56%   275 1370s
  2753  1546 8.3096e+10   79  405 7.6544e+10 8.3096e+10  8.56%   274 1375s
  2763  1550 7.9525e+10   86  316 7.6544e+10 8.3096e+10  8.56%   274 1380s
  2776  1561 7.7740e+10   98  204 7.6544e+10 8.3096e+10  8.56%   273 1385s
  2785  1568 7.7740e+10  106  167 7.6544e+10 8.3096e+10  8.56%   273 1390s
  2812  1583 infeasible  128      7.6544e+10 8.3096e+10  8.56%   271 1395s
  2829  1590 7.9525e+10  127  227 7.6544e+10 8.3096e+10  8.56%   271 1400s
  2856  1609 7.9525e+10  142  192 7.6544e+10 8.3096e+10  8.56%   269 1405s
  2878  1616 7.7740e+10  119  504 7.6544e+10 8.3096e+10  8.56%   270 1410s
  2891  1613     cutoff  118      7.6544e+10 8.3096e+10  8.56%   272 1415s
  2912  1622 infeasible  123      7.6544e+10 8.3096e+10  8.56%   271 1420s
  2929  1631 infeasible  129      7.6544e+10 8.3096e+10  8.56%   272 1425s
  2977  1657 8.1311e+10  143  180 7.6544e+10 8.3096e+10  8.56%   269 1430s
  3060  1706 7.9525e+10  125  172 7.6544e+10 8.3096e+10  8.56%   264 1435s
  3078  1714 8.3096e+10  116  502 7.6544e+10 8.3096e+10  8.56%   264 1440s
  3086  1710 8.3096e+10  113  520 7.6544e+10 8.3096e+10  8.56%   265 1460s
  3101  1723 7.9601e+10  127  175 7.6544e+10 8.3096e+10  8.56%   264 1465s
  3124  1728 7.9151e+10  119  172 7.6544e+10 8.3096e+10  8.56%   264 1470s
  3149  1735     cutoff  133      7.6544e+10 8.3096e+10  8.56%   263 1475s
  3162  1748 8.3096e+10   83  172 7.6544e+10 8.3096e+10  8.56%   262 1480s
  3177  1759 8.1311e+10   90  189 7.6544e+10 8.3096e+10  8.56%   262 1485s
  3193  1775 7.9525e+10  103  156 7.6544e+10 8.3096e+10  8.56%   261 1490s
  3208  1790 8.1311e+10  110   97 7.6544e+10 8.3096e+10  8.56%   260 1495s
  3230  1794 8.3096e+10  106  442 7.6544e+10 8.3096e+10  8.56%   260 1500s
  3246  1808 infeasible  121      7.6544e+10 8.3096e+10  8.56%   259 1505s
  3271  1827 8.0936e+10  141  236 7.6544e+10 8.3096e+10  8.56%   258 1510s
  3295  1847 8.0936e+10  161  178 7.6544e+10 8.3096e+10  8.56%   257 1515s
  3308  1846 8.1311e+10  113  179 7.6544e+10 8.3096e+10  8.56%   258 1520s
  3327  1849 infeasible  118      7.6544e+10 8.3096e+10  8.56%   258 1525s
  3337  1851 infeasible  114      7.6544e+10 8.3096e+10  8.56%   258 1530s
  3354  1861 8.1311e+10  122  224 7.6544e+10 8.3096e+10  8.56%   258 1535s
  3375  1876 8.1311e+10  135  267 7.6544e+10 8.3096e+10  8.56%   258 1540s
  3407  1888 8.3096e+10  106  531 7.6544e+10 8.3096e+10  8.56%   257 1545s
  3417  1898 8.3096e+10  116  334 7.6544e+10 8.3096e+10  8.56%   256 1550s
  3428  1907 8.3096e+10  122  316 7.6544e+10 8.3096e+10  8.56%   256 1555s
  3439  1912 8.3096e+10  127  203 7.6544e+10 8.3096e+10  8.56%   256 1560s
  3448  1917 8.3096e+10  126  241 7.6544e+10 8.3096e+10  8.56%   256 1565s
  3466  1919 8.3096e+10  107  518 7.6544e+10 8.3096e+10  8.56%   256 1571s
  3476  1929 8.0936e+10  117  316 7.6544e+10 8.3096e+10  8.56%   256 1575s
  3495  1948 7.7365e+10  136  178 7.6544e+10 8.3096e+10  8.56%   255 1580s
  3524  1967 7.7365e+10  157  101 7.6544e+10 8.3096e+10  8.56%   253 1585s
  3540  1975 8.0936e+10  119  297 7.6544e+10 8.3096e+10  8.56%   253 1590s
  3544  1977 8.0936e+10  122  288 7.6544e+10 8.3096e+10  8.56%   253 1616s
  3564  1997 8.0936e+10  139  204 7.6544e+10 8.3096e+10  8.56%   252 1620s
  3585  2015 7.6586e+10  149   52 7.6544e+10 8.3096e+10  8.56%   252 1625s
  3603  2013 7.7036e+10   78   89 7.6544e+10 8.3096e+10  8.56%   251 1630s
  3617  2023 7.7036e+10   82  253 7.6544e+10 8.3096e+10  8.56%   251 1635s
  3629  2033 7.7036e+10   85  136 7.6544e+10 8.3096e+10  8.56%   251 1640s
  3641  2041 7.7036e+10   85  202 7.6544e+10 8.3096e+10  8.56%   250 1645s
  3661  2045 7.7036e+10   92   52 7.6544e+10 8.3096e+10  8.56%   249 1650s
  3678  2060 7.7036e+10   95  154 7.6544e+10 8.3096e+10  8.56%   248 1655s
  3697  2079 7.7036e+10  101  109 7.6544e+10 8.3096e+10  8.56%   247 1660s
  3710  2086 7.7036e+10  102  152 7.6544e+10 8.3096e+10  8.56%   247 1665s
  3734  2093 8.3096e+10  101  628 7.6544e+10 8.3096e+10  8.56%   246 1671s
  3743  2102 8.0936e+10  110  341 7.6544e+10 8.3096e+10  8.56%   246 1675s
  3763  2120 8.0936e+10  128  340 7.6544e+10 8.3096e+10  8.56%   245 1680s
  3779  2132 8.0936e+10  137  244 7.6544e+10 8.3096e+10  8.56%   245 1685s
  3795  2142 8.0936e+10  146  232 7.6544e+10 8.3096e+10  8.56%   244 1690s
  3816  2143 infeasible  157      7.6544e+10 8.3096e+10  8.56%   244 1695s
  3834  2153 8.0936e+10  115  193 7.6544e+10 8.3096e+10  8.56%   244 1700s
  3854  2159 8.3096e+10  104  579 7.6544e+10 8.3096e+10  8.56%   244 1705s
  3870  2175 8.0936e+10  117  182 7.6544e+10 8.3096e+10  8.56%   244 1710s
  3889  2194 8.0936e+10  132  103 7.6544e+10 8.3096e+10  8.56%   243 1715s
  3905  2206 8.0936e+10  132  172 7.6544e+10 8.3096e+10  8.56%   242 1720s
  3927  2210 infeasible  141      7.6544e+10 8.3096e+10  8.56%   242 1725s
  3937  2218 8.3096e+10  110  275 7.6544e+10 8.3096e+10  8.56%   242 1730s
  3946  2227 8.3096e+10  119  192 7.6544e+10 8.3096e+10  8.56%   242 1735s
  3968  2229 8.3096e+10   97  608 7.6544e+10 8.3096e+10  8.56%   242 1740s
  3973  2234 8.3096e+10  102  365 7.6544e+10 8.3096e+10  8.56%   242 1756s
  3980  2241 8.3096e+10  108  373 7.6544e+10 8.3096e+10  8.56%   242 1760s
  3989  2250 8.3096e+10  115  251 7.6544e+10 8.3096e+10  8.56%   242 1765s
  4001  2262 8.3096e+10  126  165 7.6544e+10 8.3096e+10  8.56%   241 1770s
  4017  2270 8.0456e+10  133  128 7.6544e+10 8.3096e+10  8.56%   241 1775s
  4032  2271 8.3096e+10  101  448 7.6544e+10 8.3096e+10  8.56%   241 1780s
  4050  2289 8.3096e+10  116  297 7.6544e+10 8.3096e+10  8.56%   241 1785s
  4075  2312 8.3096e+10  135  176 7.6544e+10 8.3096e+10  8.56%   240 1790s
  4095  2316 7.9525e+10   80  248 7.6544e+10 8.3096e+10  8.56%   240 1795s
  4107  2324 8.3096e+10   87  213 7.6544e+10 8.3096e+10  8.56%   240 1800s
  4123  2338 8.3096e+10  100  110 7.6544e+10 8.3096e+10  8.56%   239 1805s
  4144  2357 8.3096e+10  113   93 7.6544e+10 8.3096e+10  8.56%   238 1810s
  4172  2369 infeasible  134      7.6544e+10 8.3096e+10  8.56%   237 1815s
  4186  2367 8.1311e+10  118   99 7.6544e+10 8.3096e+10  8.56%   237 1820s
  4207  2364 infeasible  127      7.6544e+10 8.3096e+10  8.56%   236 1825s
  4212  2361 8.3096e+10  126  174 7.6544e+10 8.3096e+10  8.56%   236 1853s
  4216  2365 8.3096e+10  130  101 7.6544e+10 8.3096e+10  8.56%   236 1855s
  4249  2378 8.3096e+10  121  115 7.6544e+10 8.3096e+10  8.56%   235 1860s
  4267  2382 8.3096e+10  106   60 7.6544e+10 8.3096e+10  8.56%   235 1865s
  4286  2401 8.1311e+10  119  266 7.6544e+10 8.3096e+10  8.56%   234 1870s
  4300  2415 8.3096e+10  130   56 7.6544e+10 8.3096e+10  8.56%   234 1875s
  4315  2428 infeasible  139      7.6544e+10 8.3096e+10  8.56%   233 1880s
  4334  2423 8.3096e+10  126   78 7.6544e+10 8.3096e+10  8.56%   233 1885s
  4361  2441 8.3096e+10  148   32 7.6544e+10 8.3096e+10  8.56%   232 1890s
  4384  2435 8.3096e+10  134   40 7.6544e+10 8.3096e+10  8.56%   231 1895s
  4406  2435 8.0456e+10  144   32 7.6544e+10 8.3096e+10  8.56%   231 1900s
  4430  2433 8.3096e+10  138   39 7.6544e+10 8.3096e+10  8.56%   230 1905s
  4455  2428 8.3096e+10  110   64 7.6544e+10 8.3096e+10  8.56%   229 1910s
  4477  2444 8.3096e+10  127   65 7.6544e+10 8.3096e+10  8.56%   228 1915s
  4510  2454 8.3096e+10  122   51 7.6544e+10 8.3096e+10  8.56%   227 1920s
  4535  2448 8.2568e+10  132  141 7.6544e+10 8.3096e+10  8.56%   226 1925s
  4555  2440     cutoff  129      7.6544e+10 8.3096e+10  8.56%   226 1930s
  4580  2446 8.2216e+10  110   89 7.6544e+10 8.3096e+10  8.56%   225 1935s
  4601  2443 8.3096e+10  114  101 7.6544e+10 8.3096e+10  8.56%   225 1940s
  4623  2441 8.3096e+10  126   57 7.6544e+10 8.3096e+10  8.56%   224 1945s
  4637  2443     cutoff  132      7.6544e+10 8.3096e+10  8.56%   224 1950s
  4654  2446 infeasible  136      7.6544e+10 8.3096e+10  8.56%   224 1955s
  4672  2447 8.3096e+10  128   88 7.6544e+10 8.3096e+10  8.56%   223 1960s
  4686  2442 8.3096e+10  128   73 7.6544e+10 8.3096e+10  8.56%   223 1965s
  4707  2446 8.3096e+10  113   44 7.6544e+10 8.3096e+10  8.56%   223 1970s
  4726  2447 infeasible  121      7.6544e+10 8.3096e+10  8.56%   222 1975s
  4747  2454 8.3096e+10  119   58 7.6544e+10 8.3096e+10  8.56%   222 1980s
  4769  2472 7.8344e+10  131  101 7.6544e+10 8.3096e+10  8.56%   221 1985s
  4789  2476 infeasible  139      7.6544e+10 8.3096e+10  8.56%   221 1990s
  4806  2469 8.0456e+10  125   99 7.6544e+10 8.3096e+10  8.56%   221 1995s
  4814  2467 8.2935e+10  125  123 7.6544e+10 8.3096e+10  8.56%   221 2103s
  4817  2466 8.3096e+10  126   64 7.6544e+10 8.3096e+10  8.56%   221 2136s
  4830  2465 8.3096e+10  118   77 7.6544e+10 8.3096e+10  8.56%   220 2140s
  4848  2461 infeasible  120      7.6544e+10 8.3096e+10  8.56%   220 2145s
  4865  2462 7.7816e+10  113  109 7.6544e+10 8.3096e+10  8.56%   220 2150s
  4891  2462 8.3096e+10  113   97 7.6544e+10 8.3096e+10  8.56%   219 2155s
  4910  2467 8.3096e+10  118   65 7.6544e+10 8.3096e+10  8.56%   219 2160s
  4931  2474 infeasible  131      7.6544e+10 8.3096e+10  8.56%   218 2165s
  4949  2480 8.0456e+10  126  126 7.6544e+10 8.3096e+10  8.56%   218 2170s
  4971  2472 8.1757e+10  112   74 7.6544e+10 8.3096e+10  8.56%   218 2175s
  4986  2470 infeasible  121      7.6544e+10 8.3096e+10  8.56%   218 2180s
  4999  2478 8.3096e+10  125   74 7.6544e+10 8.3096e+10  8.56%   218 2185s
  5017  2492 8.0456e+10  138  112 7.6544e+10 8.3096e+10  8.56%   217 2190s
  5039  2510 infeasible  152      7.6544e+10 8.3096e+10  8.56%   217 2195s
  5068  2503 8.0456e+10  147   75 7.6544e+10 8.3096e+10  8.56%   216 2200s
  5087  2508 infeasible  122      7.6544e+10 8.3096e+10  8.56%   216 2205s
  5101  2512 8.3096e+10  135   68 7.6544e+10 8.3096e+10  8.56%   215 2212s
  5112  2513 8.3096e+10  138   61 7.6544e+10 8.3096e+10  8.56%   215 2215s
  5131  2514 8.3096e+10  123   59 7.6544e+10 8.3096e+10  8.56%   215 2220s
  5150  2518 8.3096e+10  127   81 7.6544e+10 8.3096e+10  8.56%   215 2225s
  5164  2522 infeasible  130      7.6544e+10 8.3096e+10  8.56%   215 2230s
  5189  2529 8.3096e+10  128   98 7.6544e+10 8.3096e+10  8.56%   214 2235s
  5214  2546 8.3096e+10  144  111 7.6544e+10 8.3096e+10  8.56%   214 2240s
  5244  2567 8.3096e+10  163   62 7.6544e+10 8.3096e+10  8.56%   213 2245s
  5270  2563 8.3096e+10  126   74 7.6544e+10 8.3096e+10  8.56%   212 2250s
  5285  2568 8.3096e+10  131   81 7.6544e+10 8.3096e+10  8.56%   212 2255s
  5300  2564 8.3096e+10  127   86 7.6544e+10 8.3096e+10  8.56%   212 2260s
  5315  2569 8.3096e+10  131   79 7.6544e+10 8.3096e+10  8.56%   212 2265s
  5337  2567 8.2971e+10  129   70 7.6544e+10 8.3096e+10  8.56%   212 2270s
  5364  2566 8.3096e+10  130  139 7.6544e+10 8.3096e+10  8.56%   211 2275s
  5386  2562 8.3096e+10  133   46 7.6544e+10 8.3096e+10  8.56%   211 2280s
  5407  2562 8.3096e+10  125   93 7.6544e+10 8.3096e+10  8.56%   211 2285s
  5428  2565 8.3096e+10  125   88 7.6544e+10 8.3096e+10  8.56%   211 2290s
  5446  2563 infeasible  130      7.6544e+10 8.3096e+10  8.56%   211 2295s
  5469  2560 infeasible  128      7.6544e+10 8.3096e+10  8.56%   210 2300s
  5492  2563 8.0783e+10  132  110 7.6544e+10 8.3096e+10  8.56%   210 2305s
  5519  2558 infeasible  125      7.6544e+10 8.3096e+10  8.56%   209 2310s
  5534  2560 infeasible  129      7.6544e+10 8.3096e+10  8.56%   209 2315s
  5553  2551 infeasible  127      7.6544e+10 8.3096e+10  8.56%   209 2320s
  5569  2551 infeasible  133      7.6544e+10 8.3096e+10  8.56%   209 2325s
  5584  2546 8.3096e+10  121   58 7.6544e+10 8.3096e+10  8.56%   209 2330s
  5601  2556 7.7816e+10  125   80 7.6544e+10 8.3096e+10  8.56%   209 2335s
  5608  2550 7.8508e+10  123   83 7.6544e+10 8.3096e+10  8.56%   209 2350s
  5623  2555 8.3096e+10  127  100 7.6544e+10 8.3096e+10  8.56%   209 2355s
  5640  2558 infeasible  129      7.6544e+10 8.3096e+10  8.56%   208 2360s
  5662  2554 8.2650e+10  122   86 7.6544e+10 8.3096e+10  8.56%   208 2365s
  5677  2555 infeasible  115      7.6544e+10 8.3096e+10  8.56%   208 2370s
  5696  2555 infeasible  120      7.6544e+10 8.3096e+10  8.56%   208 2375s
  5711  2560 8.0456e+10  115  120 7.6544e+10 8.3096e+10  8.56%   208 2380s
  5729  2560 8.3096e+10  121  132 7.6544e+10 8.3096e+10  8.56%   207 2385s
  5746  2559 8.3096e+10  120  102 7.6544e+10 8.3096e+10  8.56%   207 2390s
  5765  2562 7.7816e+10  125  117 7.6544e+10 8.3096e+10  8.56%   207 2395s
  5796  2573 8.3096e+10  123   85 7.6544e+10 8.3096e+10  8.56%   206 2400s
  5815  2580 8.3096e+10  129   85 7.6544e+10 8.3096e+10  8.56%   206 2405s
  5836  2587 8.3096e+10  136  107 7.6544e+10 8.3096e+10  8.56%   206 2410s
  5861  2600 8.3096e+10  143  108 7.6544e+10 8.3096e+10  8.56%   205 2415s
  5888  2603 8.3096e+10  155   92 7.6544e+10 8.3096e+10  8.56%   205 2420s
  5919  2606 infeasible  168      7.6544e+10 8.3096e+10  8.56%   204 2425s
  5952  2612 8.3096e+10  121   45 7.6544e+10 8.3096e+10  8.56%   204 2430s
  5982  2614 8.0159e+10  128  181 7.6544e+10 8.3096e+10  8.56%   204 2435s
  6008  2611 8.3096e+10  118  116 7.6544e+10 8.3096e+10  8.56%   203 2440s
  6030  2613 8.1676e+10  122  147 7.6544e+10 8.3096e+10  8.56%   203 2445s
  6053  2614 8.0456e+10  124  140 7.6544e+10 8.3096e+10  8.56%   203 2450s
  6078  2614 8.3096e+10  123   88 7.6544e+10 8.3096e+10  8.56%   203 2455s
  6095  2615 8.1676e+10  125   97 7.6544e+10 8.3096e+10  8.56%   203 2460s
  6114  2610 8.3096e+10  126   64 7.6544e+10 8.3096e+10  8.56%   203 2485s
  6126  2616 8.0456e+10  124   37 7.6544e+10 8.3096e+10  8.56%   203 2490s
  6142  2616 8.3096e+10  122   93 7.6544e+10 8.3096e+10  8.56%   203 2495s
  6158  2630 8.3096e+10  131  131 7.6544e+10 8.3096e+10  8.56%   203 2500s
  6171  2635 infeasible  133      7.6544e+10 8.3096e+10  8.56%   203 2505s
  6190  2643 infeasible  141      7.6544e+10 8.3096e+10  8.56%   202 2510s
  6210  2645 8.3096e+10  128  141 7.6544e+10 8.3096e+10  8.56%   202 2515s
  6232  2651 7.9638e+10  131  155 7.6544e+10 8.3096e+10  8.56%   202 2520s
  6256  2645 infeasible  121      7.6544e+10 8.3096e+10  8.56%   202 2525s
  6270  2653 infeasible  126      7.6544e+10 8.3096e+10  8.56%   202 2530s
  6284  2654 8.3096e+10  124   69 7.6544e+10 8.3096e+10  8.56%   202 2535s
  6306  2652 7.8508e+10  124  163 7.6544e+10 8.3096e+10  8.56%   202 2540s
  6332  2654 8.0783e+10  126   95 7.6544e+10 8.3096e+10  8.56%   201 2545s
  6363  2650 infeasible  126      7.6544e+10 8.3096e+10  8.56%   201 2550s
  6378  2647 infeasible  132      7.6544e+10 8.3096e+10  8.56%   201 2555s
  6389  2656 8.3096e+10  115  174 7.6544e+10 8.3096e+10  8.56%   201 2560s
  6401  2654 8.0456e+10  117  111 7.6544e+10 8.3096e+10  8.56%   201 2565s
  6420  2650 8.3096e+10  117  111 7.6544e+10 8.3096e+10  8.56%   201 2570s
  6436  2654 infeasible  123      7.6544e+10 8.3096e+10  8.56%   200 2575s
  6456  2651 8.3096e+10  116   77 7.6544e+10 8.3096e+10  8.56%   200 2580s
  6472  2653 8.3096e+10  120   62 7.6544e+10 8.3096e+10  8.56%   200 2585s
  6487  2652 7.9525e+10  120  102 7.6544e+10 8.3096e+10  8.56%   200 2590s
  6510  2651 infeasible  127      7.6544e+10 8.3096e+10  8.56%   200 2595s
  6533  2646 infeasible  125      7.6544e+10 8.3096e+10  8.56%   199 2600s
  6551  2646 8.3096e+10  125   69 7.6544e+10 8.3096e+10  8.56%   199 2605s
  6570  2649 8.0456e+10  117  107 7.6544e+10 8.3096e+10  8.56%   199 2610s
  6602  2638 infeasible  136      7.6544e+10 8.3096e+10  8.56%   199 2615s
  6612  2638 infeasible  118      7.6544e+10 8.3096e+10  8.56%   199 2620s
  6627  2645 8.3096e+10  117  126 7.6544e+10 8.3096e+10  8.56%   199 2625s
  6643  2647 8.3096e+10  108  122 7.6544e+10 8.3096e+10  8.56%   199 2630s
  6658  2643 8.3096e+10  145   89 7.6544e+10 8.3096e+10  8.56%   199 2635s
  6678  2639 infeasible  145      7.6544e+10 8.3096e+10  8.56%   199 2640s
  6703  2634 8.3096e+10  124  123 7.6544e+10 8.3096e+10  8.56%   199 2645s
  6725  2637 7.9525e+10  117   94 7.6544e+10 8.3096e+10  8.56%   199 2650s
  6742  2644 7.6885e+10  122   90 7.6544e+10 8.3096e+10  8.56%   198 2655s
  6755  2643 8.3096e+10  114  113 7.6544e+10 8.3096e+10  8.56%   198 2660s
  6773  2655 8.3096e+10  120   90 7.6544e+10 8.3096e+10  8.56%   198 2665s
  6789  2655 8.3096e+10  117  122 7.6544e+10 8.3096e+10  8.56%   198 2690s
  6805  2657 8.3096e+10  119  119 7.6544e+10 8.3096e+10  8.56%   198 2695s
  6820  2658 infeasible  109      7.6544e+10 8.3096e+10  8.56%   198 2700s
  6836  2663 8.3096e+10  108  121 7.6544e+10 8.3096e+10  8.56%   198 2705s
  6851  2676 8.3096e+10  116  126 7.6544e+10 8.3096e+10  8.56%   198 2710s
  6866  2683 8.3096e+10  122  141 7.6544e+10 8.3096e+10  8.56%   198 2715s
  6884  2685 8.3096e+10  110   86 7.6544e+10 8.3096e+10  8.56%   197 2720s
  6899  2684 infeasible  111      7.6544e+10 8.3096e+10  8.56%   198 2725s
  6913  2686 8.3096e+10  109   99 7.6544e+10 8.3096e+10  8.56%   198 2730s
  6930  2701 8.3007e+10  115  109 7.6544e+10 8.3096e+10  8.56%   197 2735s
  6947  2708 infeasible  128      7.6544e+10 8.3096e+10  8.56%   197 2740s
  6963  2704 8.3096e+10  108   65 7.6544e+10 8.3096e+10  8.56%   197 2745s
  6981  2704 infeasible  109      7.6544e+10 8.3096e+10  8.56%   197 2750s
  6998  2707 infeasible  117      7.6544e+10 8.3096e+10  8.56%   197 2755s
  7013  2710 8.1311e+10  109   90 7.6544e+10 8.3096e+10  8.56%   197 2760s
  7032  2719 infeasible  116      7.6544e+10 8.3096e+10  8.56%   197 2765s
  7050  2717 8.3096e+10  115  121 7.6544e+10 8.3096e+10  8.56%   197 2770s
  7063  2716 infeasible  112      7.6544e+10 8.3096e+10  8.56%   197 2775s
  7079  2722 8.3096e+10  118   95 7.6544e+10 8.3096e+10  8.56%   197 2780s
  7100  2717 7.7615e+10  125  140 7.6544e+10 8.3096e+10  8.56%   197 2785s
  7119  2722 8.2650e+10  122  167 7.6544e+10 8.3096e+10  8.56%   197 2790s
  7140  2726 infeasible  121      7.6544e+10 8.3096e+10  8.56%   197 2795s
  7156  2732 8.3096e+10  124  129 7.6544e+10 8.3096e+10  8.56%   197 2800s
  7166  2742 8.3096e+10  131   86 7.6544e+10 8.3096e+10  8.56%   197 2805s
  7177  2745 8.0456e+10  133  158 7.6544e+10 8.3096e+10  8.56%   197 2810s
  7190  2752 infeasible  138      7.6544e+10 8.3096e+10  8.56%   197 2815s
  7211  2749 8.3096e+10  117   77 7.6544e+10 8.3096e+10  8.56%   197 2820s
  7232  2754 infeasible  124      7.6544e+10 8.3096e+10  8.56%   197 2825s
  7253  2753 8.0456e+10  120   83 7.6544e+10 8.3096e+10  8.56%   197 2830s
  7273  2749     cutoff  118      7.6544e+10 8.3096e+10  8.56%   196 2835s
  7292  2750 8.3096e+10  119   68 7.6544e+10 8.3096e+10  8.56%   196 2840s
  7304  2748 infeasible  120      7.6544e+10 8.3096e+10  8.56%   197 2845s
  7321  2745 8.0456e+10  135  136 7.6544e+10 8.3096e+10  8.56%   197 2850s
  7336  2743 7.7615e+10  123  143 7.6544e+10 8.3096e+10  8.56%   197 2855s
  7354  2737 8.3096e+10  130  116 7.6544e+10 8.3096e+10  8.56%   197 2880s
  7379  2734 7.7816e+10  131  131 7.6544e+10 8.3096e+10  8.56%   196 2885s
  7396  2731 8.3096e+10  127  101 7.6544e+10 8.3096e+10  8.56%   196 2890s
  7413  2736 7.8776e+10  127   81 7.6544e+10 8.3096e+10  8.56%   196 2895s
  7434  2733 8.3096e+10  124  111 7.6544e+10 8.3096e+10  8.56%   196 2900s
  7447  2740 8.1814e+10  129  115 7.6544e+10 8.3096e+10  8.56%   196 2905s
  7463  2736 8.3096e+10  125   65 7.6544e+10 8.3096e+10  8.56%   196 2910s
  7480  2742 8.3096e+10  128  172 7.6544e+10 8.3096e+10  8.56%   196 2915s
  7496  2746 8.3096e+10  133   64 7.6544e+10 8.3096e+10  8.56%   196 2920s
  7516  2748 8.3096e+10  112   85 7.6544e+10 8.3096e+10  8.56%   196 2925s
  7531  2745 infeasible  115      7.6544e+10 8.3096e+10  8.56%   196 2930s
  7545  2749 8.0456e+10  133  105 7.6544e+10 8.3096e+10  8.56%   196 2935s
  7564  2748 infeasible  113      7.6544e+10 8.3096e+10  8.56%   196 2940s
  7577  2753 8.3096e+10  118   50 7.6544e+10 8.3096e+10  8.56%   196 2945s
  7592  2750 infeasible  123      7.6544e+10 8.3096e+10  8.56%   196 2950s
  7610  2754 8.3096e+10  108  151 7.6544e+10 8.3096e+10  8.56%   196 2955s
  7621  2755 8.3096e+10  111  151 7.6544e+10 8.3096e+10  8.56%   196 2960s
  7636  2758 8.3096e+10  112   72 7.6544e+10 8.3096e+10  8.56%   196 2965s
  7647  2763 7.8296e+10  117   64 7.6544e+10 8.3096e+10  8.56%   196 2970s
  7669  2775 7.8296e+10  132   74 7.6544e+10 8.3096e+10  8.56%   195 2975s
  7691  2783 infeasible  145      7.6544e+10 8.3096e+10  8.56%   195 2980s
  7709  2781 8.3096e+10  112   90 7.6544e+10 8.3096e+10  8.56%   195 2985s
  7730  2791 8.0936e+10  118   71 7.6544e+10 8.3096e+10  8.56%   194 2990s
  7750  2803 8.0936e+10  125   72 7.6544e+10 8.3096e+10  8.56%   194 2995s
  7779  2811 7.7273e+10  133   96 7.6544e+10 8.3096e+10  8.56%   194 3000s
  7797  2813 infeasible  117      7.6544e+10 8.3096e+10  8.56%   193 3005s
  7815  2813 infeasible  119      7.6544e+10 8.3096e+10  8.56%   193 3010s
  7838  2814 7.8671e+10  117   89 7.6544e+10 8.3096e+10  8.56%   193 3015s
  7853  2821 7.8671e+10  126   74 7.6544e+10 8.3096e+10  8.56%   193 3020s
  7873  2825 8.2016e+10  116   63 7.6544e+10 8.3096e+10  8.56%   193 3025s
  7900  2824 infeasible  115      7.6544e+10 8.3096e+10  8.56%   192 3030s
  7917  2827 7.8805e+10  115   86 7.6544e+10 8.3096e+10  8.56%   192 3035s
  7936  2831 8.3096e+10  113   55 7.6544e+10 8.3096e+10  8.56%   192 3040s
  7952  2847 7.7816e+10  118   60 7.6544e+10 8.3096e+10  8.56%   192 3045s
  7967  2846 8.3096e+10  116   33 7.6544e+10 8.3096e+10  8.56%   191 3050s
  7983  2858 7.8296e+10  130   25 7.6544e+10 8.3096e+10  8.56%   191 3055s
  8002  2857 7.8296e+10  120   78 7.6544e+10 8.3096e+10  8.56%   191 3060s
  8006  2857 8.0456e+10  122  112 7.6544e+10 8.3096e+10  8.56%   191 3071s
  8023  2858 7.8296e+10  128   49 7.6544e+10 8.3096e+10  8.56%   191 3075s
  8048  2855 7.8360e+10  117   94 7.6544e+10 8.3096e+10  8.56%   190 3080s
  8071  2862 8.3096e+10  116   64 7.6544e+10 8.3096e+10  8.56%   190 3085s
  8091  2874 8.0936e+10  126  128 7.6544e+10 8.3096e+10  8.56%   189 3090s
  8109  2872 7.7365e+10  117   32 7.6544e+10 8.3096e+10  8.56%   189 3095s
  8132  2872 7.8296e+10  117  120 7.6544e+10 8.3096e+10  8.56%   189 3100s
  8153  2871 infeasible  118      7.6544e+10 8.3096e+10  8.56%   189 3105s
  8173  2873 7.9736e+10  116   99 7.6544e+10 8.3096e+10  8.56%   189 3110s
  8187  2879 7.8296e+10  124   48 7.6544e+10 8.3096e+10  8.56%   189 3115s
  8208  2879 8.3096e+10  111  100 7.6544e+10 8.3096e+10  8.56%   188 3120s
  8222  2877 8.3096e+10  110  149 7.6544e+10 8.3096e+10  8.56%   189 3125s
  8242  2883 8.3096e+10  117  182 7.6544e+10 8.3096e+10  8.56%   188 3130s
  8260  2876 7.8671e+10  116  117 7.6544e+10 8.3096e+10  8.56%   188 3135s
  8278  2874 infeasible  116      7.6544e+10 8.3096e+10  8.56%   188 3140s
  8287  2877 8.3096e+10  103  652 7.6544e+10 8.3096e+10  8.56%   189 3145s
  8294  2884 8.0936e+10  110  409 7.6544e+10 8.3096e+10  8.56%   189 3150s
  8306  2896 8.0936e+10  120  320 7.6544e+10 8.3096e+10  8.56%   189 3155s
  8321  2905 8.0936e+10  124  244 7.6544e+10 8.3096e+10  8.56%   189 3160s
  8328  2912 8.0936e+10  131  207 7.6544e+10 8.3096e+10  8.56%   189 3167s
  8338  2922 8.0936e+10  140  179 7.6544e+10 8.3096e+10  8.56%   188 3170s
  8359  2935 infeasible  148      7.6544e+10 8.3096e+10  8.56%   188 3175s
  8369  2939 8.3096e+10  103  571 7.6544e+10 8.3096e+10  8.56%   189 3180s
  8378  2948 8.0936e+10  111  428 7.6544e+10 8.3096e+10  8.56%   189 3185s
  8387  2955 8.0936e+10  116  410 7.6544e+10 8.3096e+10  8.56%   188 3190s
  8399  2967 8.0936e+10  126  355 7.6544e+10 8.3096e+10  8.56%   188 3195s
  8413  2981 8.0936e+10  136  286 7.6544e+10 8.3096e+10  8.56%   188 3200s
  8435  2999 8.0936e+10  151  218 7.6544e+10 8.3096e+10  8.56%   188 3205s
  8468  3020 7.9151e+10  167   82 7.6544e+10 8.3096e+10  8.56%   187 3210s
  8492  3022 8.3096e+10   63  510 7.6544e+10 8.3096e+10  8.56%   187 3215s
  8501  3031 8.0936e+10   72  404 7.6544e+10 8.3096e+10  8.56%   187 3220s
  8510  3040 8.0936e+10   80  370 7.6544e+10 8.3096e+10  8.56%   187 3225s
  8520  3050 8.0936e+10   90  328 7.6544e+10 8.3096e+10  8.56%   187 3230s
  8530  3058 8.0936e+10   94  325 7.6544e+10 8.3096e+10  8.56%   187 3235s
  8542  3068 infeasible  106      7.6544e+10 8.3096e+10  8.56%   187 3240s
  8544  3070 8.0936e+10  107  193 7.6544e+10 8.3096e+10  8.56%   187 3255s
  8556  3072 8.0936e+10  111  213 7.6544e+10 8.3096e+10  8.56%   187 3260s
  8571  3079 infeasible  113      7.6544e+10 8.3096e+10  8.56%   187 3265s
  8583  3081     cutoff  118      7.6544e+10 8.3096e+10  8.56%   187 3270s
  8597  3079 8.3096e+10   22  526 7.6544e+10 8.3096e+10  8.56%   188 3277s
  8600  3082 8.3096e+10   25  472 7.6544e+10 8.3096e+10  8.56%   188 3280s
  8610  3090 8.3096e+10   34  485 7.6544e+10 8.3096e+10  8.56%   188 3285s
  8618  3098 8.3096e+10   41  545 7.6544e+10 8.3096e+10  8.56%   188 3290s
  8627  3103 8.3096e+10   46  659 7.6544e+10 8.3096e+10  8.56%   189 3295s
  8634  3110 8.3096e+10   49  591 7.6544e+10 8.3096e+10  8.56%   189 3300s
  8645  3121 8.3096e+10   60  460 7.6544e+10 8.3096e+10  8.56%   189 3305s
  8658  3134 8.3096e+10   71  448 7.6544e+10 8.3096e+10  8.56%   189 3310s
  8668  3144 8.3096e+10   80  457 7.6544e+10 8.3096e+10  8.56%   189 3315s
  8682  3156 8.3096e+10   92  350 7.6544e+10 8.3096e+10  8.56%   189 3320s
  8690  3164 8.3096e+10   98  296 7.6544e+10 8.3096e+10  8.56%   188 3336s
  8702  3172 8.3096e+10  106  250 7.6544e+10 8.3096e+10  8.56%   188 3340s
  8717  3183 8.3096e+10  117  185 7.6544e+10 8.3096e+10  8.56%   188 3345s
  8738  3188 8.1336e+10   69  369 7.6544e+10 8.3096e+10  8.56%   189 3352s
  8741  3191 8.0456e+10   72  380 7.6544e+10 8.3096e+10  8.56%   189 3355s
  8751  3201 8.0456e+10   82  304 7.6544e+10 8.3096e+10  8.56%   189 3360s
  8762  3204     cutoff   90      7.6544e+10 8.3096e+10  8.56%   189 3365s
  8775  3215 7.8296e+10  100  156 7.6544e+10 8.3096e+10  8.56%   189 3370s
  8791  3211 8.3096e+10   70  344 7.6544e+10 8.3096e+10  8.56%   189 3376s
  8798  3218 8.3096e+10   76  310 7.6544e+10 8.3096e+10  8.56%   189 3380s
  8810  3228 8.3096e+10   86  272 7.6544e+10 8.3096e+10  8.56%   189 3385s
  8817  3235 8.3096e+10   93  230 7.6544e+10 8.3096e+10  8.56%   189 3390s
  8833  3233 8.3096e+10   98  495 7.6544e+10 8.3096e+10  8.56%   189 3395s
  8843  3243 8.3096e+10  108  413 7.6544e+10 8.3096e+10  8.56%   189 3400s
  8850  3250 8.3096e+10  114  291 7.6544e+10 8.3096e+10  8.56%   190 3405s
  8863  3257 7.7816e+10  121  168 7.6544e+10 8.3096e+10  8.56%   190 3410s
  8878  3254 8.1311e+10   93  254 7.6544e+10 8.3096e+10  8.56%   190 3415s
  8890  3260 8.3096e+10   98  203 7.6544e+10 8.3096e+10  8.56%   190 3420s
  8907  3269     cutoff  106      7.6544e+10 8.3096e+10  8.56%   190 3425s
  8920  3272 8.3096e+10  103  347 7.6544e+10 8.3096e+10  8.56%   190 3430s
  8930  3282 8.0936e+10  109  326 7.6544e+10 8.3096e+10  8.56%   190 3435s
  8934  3286 8.0936e+10  113  186 7.6544e+10 8.3096e+10  8.56%   190 3446s
  8945  3297 8.0936e+10  121  259 7.6544e+10 8.3096e+10  8.56%   190 3450s
  8964  3302 8.3096e+10   95  385 7.6544e+10 8.3096e+10  8.56%   190 3455s
  8976  3314 8.3096e+10  103  313 7.6544e+10 8.3096e+10  8.56%   190 3460s
  8986  3320 infeasible  109      7.6544e+10 8.3096e+10  8.56%   190 3465s
  8996  3326 8.3096e+10  111  221 7.6544e+10 8.3096e+10  8.56%   190 3470s
  9015  3343 infeasible  128      7.6544e+10 8.3096e+10  8.56%   189 3475s
  9035  3353 infeasible  141      7.6544e+10 8.3096e+10  8.56%   189 3480s
  9042  3358 8.3096e+10  100  440 7.6544e+10 8.3096e+10  8.56%   190 3485s
  9055  3371 8.3096e+10  113  319 7.6544e+10 8.3096e+10  8.56%   190 3490s
  9074  3382 infeasible  128      7.6544e+10 8.3096e+10  8.56%   189 3495s
  9086  3382 8.3096e+10   73  405 7.6544e+10 8.3096e+10  8.56%   190 3500s
  9093  3389 8.3096e+10   79  458 7.6544e+10 8.3096e+10  8.56%   190 3505s
  9101  3395 8.0456e+10   84  375 7.6544e+10 8.3096e+10  8.56%   190 3510s
  9102  3396 8.0456e+10   85  327 7.6544e+10 8.3096e+10  8.56%   190 3518s
  9105  3399 8.0456e+10   88  212 7.6544e+10 8.3096e+10  8.56%   190 3520s
  9115  3403 8.0456e+10   92  196 7.6544e+10 8.3096e+10  8.56%   190 3525s
  9130  3418 7.8671e+10  106  126 7.6544e+10 8.3096e+10  8.56%   190 3530s
  9147  3417 8.3096e+10   74  311 7.6544e+10 8.3096e+10  8.56%   190 3535s
  9156  3426 8.3096e+10   80  321 7.6544e+10 8.3096e+10  8.56%   190 3540s
  9167  3435 8.3096e+10   87  382 7.6544e+10 8.3096e+10  8.56%   190 3545s
  9180  3448 8.3096e+10   97  265 7.6544e+10 8.3096e+10  8.56%   190 3550s
  9187  3451 8.3096e+10   95  340 7.6544e+10 8.3096e+10  8.56%   190 3555s
  9202  3460 8.3096e+10  108  196 7.6544e+10 8.3096e+10  8.56%   190 3560s
  9218  3472 8.3096e+10  119  200 7.6544e+10 8.3096e+10  8.56%   190 3565s
  9236  3490 8.3096e+10  134  166 7.6544e+10 8.3096e+10  8.56%   190 3570s
  9254  3508 8.3096e+10  146  135 7.6544e+10 8.3096e+10  8.56%   189 3575s
  9272  3508 infeasible  153      7.6544e+10 8.3096e+10  8.56%   189 3580s
  9279  3513 8.3096e+10   96  255 7.6544e+10 8.3096e+10  8.56%   189 3585s
  9292  3524 8.3096e+10  105  273 7.6544e+10 8.3096e+10  8.56%   189 3590s
  9308  3538 8.3096e+10  120  239 7.6544e+10 8.3096e+10  8.56%   189 3595s

Cutting planes:
  Learned: 180
  Gomory: 70
  Lift-and-project: 6
  Cover: 3756
  Implied bound: 1029
  Projected implied bound: 2
  Clique: 65
  MIR: 84
  StrongCG: 2
  Flow cover: 760
  Inf proof: 131
  Zero half: 1747
  RLT: 467
  Relax-and-lift: 377
  BQP: 2
  PSD: 4

Explored 9315 nodes (1910106 simplex iterations) in 3596.58 seconds (1779.87 work units)
Thread count was 1 (of 28 available processors)

Solution count 10: 7.65444e+10 7.00716e+10 6.89556e+10 ... 5.1846e+10

Time limit reached
Best objective 7.654440000000e+10, best bound 8.309640000000e+10, gap 8.5597%

User-callback calls 625125, time in user-callback 0.61 sec