Gurobi Optimizer version 12.0.3 build v12.0.3rc0 (linux64 - "Oracle Linux Server 9.4")

CPU model: Intel(R) Xeon(R) CPU E5-2660 v4 @ 2.00GHz, instruction set [SSE2|AVX|AVX2]
Thread count: 28 physical cores, 28 logical processors, using up to 1 threads

Non-default parameters:
TimeLimit  3594.188861524
SoftMemLimit  16
NumericFocus  1
Threads  1

Academic license 2690100 - for non-commercial use only - registered to ju___@uclm.es
Optimize a model with 77020 rows, 17835 columns and 297982 nonzeros
Model fingerprint: 0xc533b0d7
Variable types: 146 continuous, 17689 integer (17689 binary)
Coefficient statistics:
  Matrix range     [1e+00, 6e+12]
  Objective range  [5e+08, 1e+09]
  Bounds range     [2e+03, 1e+04]
  RHS range        [1e+00, 2e+14]
Warning: Model contains large matrix coefficient range
Warning: Model contains large objective coefficients
Warning: Model contains large rhs
Found heuristic solution: objective -0.0000000
Presolve removed 20383 rows and 2352 columns
Presolve time: 1.56s
Presolved: 56637 rows, 15483 columns, 202358 nonzeros
Variable types: 146 continuous, 15337 integer (15337 binary)

Use crossover to convert LP symmetric solution to basic solution...

Root relaxation: objective 8.537255e+10, 3120 iterations, 0.63 seconds (0.43 work units)
Total elapsed time = 9.52s (DegenMoves)
Total elapsed time = 18.28s (DegenMoves)

    Nodes    |    Current Node    |     Objective Bounds      |     Work
 Expl Unexpl |  Obj  Depth IntInf | Incumbent    BestBd   Gap | It/Node Time

     0     0 8.5373e+10    0  129   -0.00000 8.5373e+10      -     -   19s
H    0     0                    1.454761e+10 8.5373e+10   487%     -   20s
H    0     0                    1.805761e+10 8.5373e+10   373%     -   21s
H    0     0                    2.304080e+10 8.5373e+10   271%     -   22s
H    0     0                    2.480156e+10 8.5373e+10   244%     -   22s
H    0     0                    3.002761e+10 8.5373e+10   184%     -   24s
H    0     0                    3.434761e+10 8.5373e+10   149%     -   24s
H    0     0                    3.699080e+10 8.5373e+10   131%     -   25s
H    0     0                    3.874004e+10 8.5373e+10   120%     -   27s
H    0     0                    4.225004e+10 8.5373e+10   102%     -   27s
H    0     0                    4.576004e+10 8.5373e+10  86.6%     -   29s
H    0     0                    4.693004e+10 8.5373e+10  81.9%     -   29s
H    0     0                    4.957323e+10 8.5373e+10  72.2%     -   31s
H    0     0                    5.191323e+10 8.5373e+10  64.5%     -   31s
H    0     0                    5.308323e+10 8.5373e+10  60.8%     -   34s
     0     0 8.5373e+10    0  557 5.3083e+10 8.5373e+10  60.8%     -   39s
     0     0 8.5373e+10    0  628 5.3083e+10 8.5373e+10  60.8%     -   42s
     0     0 8.5373e+10    0  748 5.3083e+10 8.5373e+10  60.8%     -   55s
     0     0 8.5373e+10    0  391 5.3083e+10 8.5373e+10  60.8%     -   57s
     0     0 8.5373e+10    0  475 5.3083e+10 8.5373e+10  60.8%     -   68s
H    0     0                    5.367399e+10 8.5373e+10  59.1%     -   68s
     0     0 8.5373e+10    0  612 5.3674e+10 8.5373e+10  59.1%     -   70s
     0     0 8.5373e+10    0  549 5.3674e+10 8.5373e+10  59.1%     -   86s
     0     0 8.5373e+10    0  512 5.3674e+10 8.5373e+10  59.1%     -   88s
     0     0 8.5373e+10    0  540 5.3674e+10 8.5373e+10  59.1%     -  102s
     0     0 8.5373e+10    0  528 5.3674e+10 8.5373e+10  59.1%     -  112s
H    0     0                    5.426475e+10 8.5373e+10  57.3%     -  126s
     0     2 8.5373e+10    0  528 5.4265e+10 8.5373e+10  57.3%     -  149s
     2     4 8.5373e+10    1  585 5.4265e+10 8.5373e+10  57.3% 21282  151s
     4     6 8.5373e+10    2  499 5.4265e+10 8.5373e+10  57.3% 14207  156s
     8    10 8.5373e+10    4  725 5.4265e+10 8.5373e+10  57.3%  8712  161s
    12    14 8.5373e+10    6  574 5.4265e+10 8.5373e+10  57.3%  6638  165s
    21    23 8.5373e+10   11  571 5.4265e+10 8.5373e+10  57.3%  3936  170s
    29    31 8.5373e+10   15  845 5.4265e+10 8.5373e+10  57.3%  2995  175s
    38    40 8.5373e+10   19  527 5.4265e+10 8.5373e+10  57.3%  2399  180s
    47    49 8.5373e+10   24  713 5.4265e+10 8.5373e+10  57.3%  2001  185s
H   52    52                    6.555273e+10 8.5373e+10  30.2%  1830  190s
H   54    54                    6.614348e+10 8.5373e+10  29.1%  1770  191s
    62    64 8.5373e+10   31 1002 6.6143e+10 8.5373e+10  29.1%  1570  195s
    67    69 8.5373e+10   34 1119 6.6143e+10 8.5373e+10  29.1%  1545  200s
    75    77 8.5373e+10   38  935 6.6143e+10 8.5373e+10  29.1%  1409  205s
H   78    78                    6.980508e+10 8.5373e+10  22.3%  1360  207s
H   78    78                    7.039584e+10 8.5373e+10  21.3%  1360  207s
    84    86 8.5373e+10   43 1142 7.0396e+10 8.5373e+10  21.3%  1290  210s
    93    95 8.5373e+10   47  843 7.0396e+10 8.5373e+10  21.3%  1181  215s
H  104   104                    7.171743e+10 8.5373e+10  19.0%  1076  221s
H  104   104                    7.303903e+10 8.5373e+10  16.9%  1076  222s
H  104   104                    7.436062e+10 8.5373e+10  14.8%  1076  222s
H  108   108                    7.568222e+10 8.5373e+10  12.8%  1044  224s
   110   112 8.5373e+10   56  853 7.5682e+10 8.5373e+10  12.8%  1029  225s
   121   123 8.5373e+10   61  831 7.5682e+10 8.5373e+10  12.8%   952  230s
   138   140 8.5373e+10   70  820 7.5682e+10 8.5373e+10  12.8%   861  235s
H  162   162                    7.627298e+10 8.5373e+10  11.9%   750  237s
   187   187 8.5373e+10   95 1124 7.6273e+10 8.5373e+10  11.9%   667  240s
   219   216 8.5373e+10  112 1145 7.6273e+10 8.5373e+10  11.9%   586  251s
   271   252 8.5373e+10  139 1082 7.6273e+10 8.5373e+10  11.9%   488  255s
   322   281 8.5373e+10    4  684 7.6273e+10 8.5373e+10  11.9%   421  260s
   332   291 8.5373e+10    9  630 7.6273e+10 8.5373e+10  11.9%   416  265s
   371   330 8.5373e+10   30  772 7.6273e+10 8.5373e+10  11.9%   392  270s
   407   366 8.5373e+10   49  651 7.6273e+10 8.5373e+10  11.9%   375  275s
   449   408 8.5373e+10   71  591 7.6273e+10 8.5373e+10  11.9%   359  280s
   483   442 8.5373e+10   88  606 7.6273e+10 8.5373e+10  11.9%   354  285s
   519   478 8.5373e+10  109  680 7.6273e+10 8.5373e+10  11.9%   344  290s
   537   495 8.5373e+10   43  528 7.6273e+10 8.5373e+10  11.9%   338  306s
   539   496 8.5373e+10  163  321 7.6273e+10 8.5373e+10  11.9%   336  325s
   540   497 8.5373e+10   38  580 7.6273e+10 8.5373e+10  11.9%   336  347s
   541   498 8.5373e+10  106  471 7.6273e+10 8.5373e+10  11.9%   335  351s
   542   498 8.5373e+10    8  531 7.6273e+10 8.5373e+10  11.9%   334  376s
   543   499 8.5373e+10  142  578 7.6273e+10 8.5373e+10  11.9%   334  385s
   544   500 8.5373e+10  126  750 7.6273e+10 8.5373e+10  11.9%   333  415s
   545   500 8.5373e+10  113  703 7.6273e+10 8.5373e+10  11.9%   333  430s
   546   501 8.5373e+10  102  780 7.6273e+10 8.5373e+10  11.9%   332  464s
   547   502 8.5373e+10   21  846 7.6273e+10 8.5373e+10  11.9%   331  481s
   548   502 8.5373e+10   75  761 7.6273e+10 8.5373e+10  11.9%   331  521s
   549   503 8.5373e+10  113  837 7.6273e+10 8.5373e+10  11.9%   330  536s
   550   504 8.5373e+10   26  881 7.6273e+10 8.5373e+10  11.9%   330  569s
   551   504 8.5373e+10  140  892 7.6273e+10 8.5373e+10  11.9%   329  587s
   552   505 8.5373e+10  137  832 7.6273e+10 8.5373e+10  11.9%   328  627s
   553   506 8.5373e+10   44 1005 7.6273e+10 8.5373e+10  11.9%   328  647s
   554   506 8.5373e+10   17  703 7.6273e+10 8.5373e+10  11.9%   327  696s
   555   507 8.5373e+10   76  682 7.6273e+10 8.5373e+10  11.9%   327  715s
   556   508 8.5373e+10  134  896 7.6273e+10 8.5373e+10  11.9%   326  752s
   557   508 8.5373e+10   26  812 7.6273e+10 8.5373e+10  11.9%   325  765s
   558   509 8.5373e+10   85  968 7.6273e+10 8.5373e+10  11.9%   325  801s
   559   510 8.5373e+10   13  649 7.6273e+10 8.5373e+10  11.9%   324  822s
   560   510 8.5373e+10   34  649 7.6273e+10 8.5373e+10  11.9%   324  846s
   561   513 8.5373e+10   16  764 7.6273e+10 8.5373e+10  11.9%  1732  889s
   563   514 8.5373e+10   17  898 7.6273e+10 8.5373e+10  11.9%  1735  892s
   564   515 8.5373e+10   18  636 7.6273e+10 8.5373e+10  11.9%  1745  898s
   565   516 8.5373e+10   18  479 7.6273e+10 8.5373e+10  11.9%  1753  901s
   567   517 8.5373e+10   19  539 7.6273e+10 8.5373e+10  11.9%  1761  913s
   569   518 8.5373e+10   20  507 7.6273e+10 8.5373e+10  11.9%  1756  915s
   571   520 8.5373e+10   21  497 7.6273e+10 8.5373e+10  11.9%  1758  920s
   575   522 8.5373e+10   23  522 7.6273e+10 8.5373e+10  11.9%  1748  925s
   579   525 8.5373e+10   25  597 7.6273e+10 8.5373e+10  11.9%  1738  930s
   583   528 8.5373e+10   27  547 7.6273e+10 8.5373e+10  11.9%  1727  935s
   586   530 8.5373e+10   29  643 7.6273e+10 8.5373e+10  11.9%  1719  950s
   589   532 8.5373e+10   31  695 7.6273e+10 8.5373e+10  11.9%  1711  955s
   592   534 8.5373e+10   32  725 7.6273e+10 8.5373e+10  11.9%  1704  961s
   596   536 8.5373e+10   34  649 7.6273e+10 8.5373e+10  11.9%  1693  965s
   600   539 8.5373e+10   36  624 7.6273e+10 8.5373e+10  11.9%  1682  970s
   604   542 8.5373e+10   38  617 7.6273e+10 8.5373e+10  11.9%  1672  975s
   607   544 8.5373e+10   40  629 7.6273e+10 8.5373e+10  11.9%  1665  980s
   611   546 8.5373e+10   42  707 7.6273e+10 8.5373e+10  11.9%  1656  985s
   612   547 8.5373e+10   42  654 7.6273e+10 8.5373e+10  11.9%  1653  993s
   613   548 8.5373e+10   43  689 7.6273e+10 8.5373e+10  11.9%  1653  995s
   617   550 8.5373e+10   45  731 7.6273e+10 8.5373e+10  11.9%  1643 1000s
   621   553 8.5373e+10   47  821 7.6273e+10 8.5373e+10  11.9%  1634 1005s
   623   554 8.5373e+10   48  698 7.6273e+10 8.5373e+10  11.9%  1631 1010s
   626   556 8.5373e+10   49  765 7.6273e+10 8.5373e+10  11.9%  1633 1016s
   629   558 8.5373e+10   51  825 7.6273e+10 8.5373e+10  11.9%  1626 1020s
   632   560 8.5373e+10   52  824 7.6273e+10 8.5373e+10  11.9%  1621 1025s
   636   563 8.5373e+10   54  836 7.6273e+10 8.5373e+10  11.9%  1612 1030s
   638   564 8.5373e+10   55  844 7.6273e+10 8.5373e+10  11.9%  1607 1148s
   639   565 8.5373e+10   56  793 7.6273e+10 8.5373e+10  11.9%  1605 1150s
   643   568 8.5373e+10   58  716 7.6273e+10 8.5373e+10  11.9%  1596 1156s
   646   570 8.5373e+10   59  717 7.6273e+10 8.5373e+10  11.9%  1590 1160s
   650   572 8.5373e+10   61  718 7.6273e+10 8.5373e+10  11.9%  1581 1166s
   653   574 8.5373e+10   63  698 7.6273e+10 8.5373e+10  11.9%  1576 1170s
   656   576 8.5373e+10   64  711 7.6273e+10 8.5373e+10  11.9%  1570 1175s
   658   578 8.5373e+10   66  701 7.6273e+10 8.5373e+10  11.9%  1565 1180s
   660   579 8.5373e+10   67  716 7.6273e+10 8.5373e+10  11.9%  1561 1185s
   662   580 8.5373e+10   68  716 7.6273e+10 8.5373e+10  11.9%  1557 1190s
   665   582 8.5373e+10   70  761 7.6273e+10 8.5373e+10  11.9%  1554 1195s
   669   585 8.5373e+10   72 1123 7.6273e+10 8.5373e+10  11.9%  1555 1202s
   671   586 8.5373e+10   73  917 7.6273e+10 8.5373e+10  11.9%  1552 1205s
   676   590 8.5373e+10   75  837 7.6273e+10 8.5373e+10  11.9%  1542 1211s
   680   592 8.5373e+10   77  967 7.6273e+10 8.5373e+10  11.9%  1534 1215s
   685   596 8.5373e+10   80  888 7.6273e+10 8.5373e+10  11.9%  1525 1220s
   691   600 8.5373e+10   83  983 7.6273e+10 8.5373e+10  11.9%  1514 1226s
   695   602 8.5373e+10   86  943 7.6273e+10 8.5373e+10  11.9%  1506 1230s
   699   605 8.5373e+10   88  969 7.6273e+10 8.5373e+10  11.9%  1499 1235s
   704   608 8.5373e+10   90  977 7.6273e+10 8.5373e+10  11.9%  1490 1240s
   708   611 8.5373e+10   92  956 7.6273e+10 8.5373e+10  11.9%  1482 1245s
   712   614 8.5373e+10   94  900 7.6273e+10 8.5373e+10  11.9%  1474 1250s
   716   616 8.5373e+10   96  877 7.6273e+10 8.5373e+10  11.9%  1467 1255s
   720   619 8.5373e+10   98  941 7.6273e+10 8.5373e+10  11.9%  1459 1260s
   723   621 8.5373e+10  100  902 7.6273e+10 8.5373e+10  11.9%  1454 1265s
   728   624 8.5373e+10  102  946 7.6273e+10 8.5373e+10  11.9%  1444 1270s
   731   626 8.5373e+10  104  878 7.6273e+10 8.5373e+10  11.9%  1439 1275s
   735   629 8.5373e+10  106  990 7.6273e+10 8.5373e+10  11.9%  1433 1281s
   738   631 8.5373e+10  107  998 7.6273e+10 8.5373e+10  11.9%  1428 1285s
   742   634 8.5373e+10  109  995 7.6273e+10 8.5373e+10  11.9%  1421 1290s
   745   636 8.5373e+10  111 1002 7.6273e+10 8.5373e+10  11.9%  1415 1295s
   749   638 8.5373e+10  113  858 7.6273e+10 8.5373e+10  11.9%  1409 1301s
   752   640 8.5373e+10  114  856 7.6273e+10 8.5373e+10  11.9%  1404 1306s
   755   642 8.5373e+10  116  872 7.6273e+10 8.5373e+10  11.9%  1399 1310s
   759   645 8.3933e+10  118  847 7.6273e+10 8.5373e+10  11.9%  1393 1315s
   765   649 8.5373e+10  121  825 7.6273e+10 8.5373e+10  11.9%  1382 1320s
   771   653 8.5373e+10  124  826 7.6273e+10 8.5373e+10  11.9%  1372 1325s
   775   656 8.5373e+10  126  852 7.6273e+10 8.5373e+10  11.9%  1365 1330s
   780   659 8.5373e+10  128  825 7.6273e+10 8.5373e+10  11.9%  1357 1335s
   786   663 8.5373e+10  131  887 7.6273e+10 8.5373e+10  11.9%  1347 1340s
   792   667 8.5373e+10  134  806 7.6273e+10 8.5373e+10  11.9%  1338 1346s
   797   670 8.5373e+10  137  796 7.6273e+10 8.5373e+10  11.9%  1330 1352s
   800   670 8.5373e+10  138  805 7.6273e+10 8.5373e+10  11.9%  1325 1356s
   803   672 8.5373e+10  140  776 7.6273e+10 8.5373e+10  11.9%  1320 1360s
   808   676 8.5373e+10  142  806 7.6273e+10 8.5373e+10  11.9%  1313 1365s
   811   676 8.5373e+10  143  810 7.6273e+10 8.5373e+10  11.9%  1313 1370s
   817   678 infeasible  147      7.6273e+10 8.5373e+10  11.9%  1304 1375s
   825   683 8.5373e+10  151  694 7.6273e+10 8.5373e+10  11.9%  1292 1380s
   830   686 8.5373e+10  154  663 7.6273e+10 8.5373e+10  11.9%  1284 1400s
   839   692 8.5373e+10  158  556 7.6273e+10 8.5373e+10  11.9%  1272 1405s
   852   695 8.5373e+10  164  497 7.6273e+10 8.5373e+10  11.9%  1253 1411s
   859   690 8.5373e+10   21  545 7.6273e+10 8.5373e+10  11.9%  1244 1415s
   861   691 8.5373e+10   23 1241 7.6273e+10 8.5373e+10  11.9%  1249 1421s
   864   693 8.5373e+10   24  711 7.6273e+10 8.5373e+10  11.9%  1245 1427s
   866   694 8.5373e+10   25  941 7.6273e+10 8.5373e+10  11.9%  1245 1431s
   868   696 8.5373e+10   26  683 7.6273e+10 8.5373e+10  11.9%  1243 1435s
   871   698 8.5373e+10   28  735 7.6273e+10 8.5373e+10  11.9%  1243 1441s
   873   699 8.5373e+10   29  688 7.6273e+10 8.5373e+10  11.9%  1242 1445s
   876   701 8.5373e+10   30  830 7.6273e+10 8.5373e+10  11.9%  1239 1451s
   878   702 8.5373e+10   31  727 7.6273e+10 8.5373e+10  11.9%  1237 1455s
   881   704 8.5373e+10   33  817 7.6273e+10 8.5373e+10  11.9%  1234 1460s
   884   706 8.5373e+10   34  784 7.6273e+10 8.5373e+10  11.9%  1232 1466s
   886   708 8.5373e+10   35 1211 7.6273e+10 8.5373e+10  11.9%  1233 1471s
   888   709 8.5373e+10   36  829 7.6273e+10 8.5373e+10  11.9%  1231 1475s
   891   711 8.5373e+10   38  892 7.6273e+10 8.5373e+10  11.9%  1228 1480s
   894   713 8.5373e+10   40  872 7.6273e+10 8.5373e+10  11.9%  1225 1485s
   897   715 8.5373e+10   41  790 7.6273e+10 8.5373e+10  11.9%  1222 1490s
   900   717 8.5373e+10   43  828 7.6273e+10 8.5373e+10  11.9%  1219 1495s
   903   719 8.5373e+10   44  756 7.6273e+10 8.5373e+10  11.9%  1216 1500s
   906   721 8.5373e+10   46  756 7.6273e+10 8.5373e+10  11.9%  1213 1506s
   909   723 8.5373e+10   47  734 7.6273e+10 8.5373e+10  11.9%  1210 1512s
   911   724 8.5373e+10   48  751 7.6273e+10 8.5373e+10  11.9%  1208 1515s
   914   726 8.5373e+10   50  743 7.6273e+10 8.5373e+10  11.9%  1205 1521s
   917   728 8.5373e+10   51  783 7.6273e+10 8.5373e+10  11.9%  1203 1525s
   920   730 8.5373e+10   53  724 7.6273e+10 8.5373e+10  11.9%  1199 1530s
   924   733 8.5373e+10   55  693 7.6273e+10 8.5373e+10  11.9%  1195 1535s
   928   736 8.5373e+10   57  688 7.6273e+10 8.5373e+10  11.9%  1191 1540s
   932   738 8.5373e+10   59  776 7.6273e+10 8.5373e+10  11.9%  1188 1545s
   937   742 8.5373e+10   61  744 7.6273e+10 8.5373e+10  11.9%  1182 1550s
   940   744 8.5373e+10   63  794 7.6273e+10 8.5373e+10  11.9%  1180 1556s
   943   746 8.5373e+10   64  773 7.6273e+10 8.5373e+10  11.9%  1177 1560s
   947   748 8.5373e+10   66  780 7.6273e+10 8.5373e+10  11.9%  1173 1565s
   953   752 8.5373e+10   69  775 7.6273e+10 8.5373e+10  11.9%  1167 1570s
   958   756 8.5373e+10   72  746 7.6273e+10 8.5373e+10  11.9%  1162 1575s
   965   760 8.5373e+10   76  762 7.6273e+10 8.5373e+10  11.9%  1154 1580s
   970   764 8.5373e+10   78  803 7.6273e+10 8.5373e+10  11.9%  1148 1585s
   977   766 infeasible   82      7.6273e+10 8.5373e+10  11.9%  1142 1590s
   983   770 8.5373e+10   84  765 7.6273e+10 8.5373e+10  11.9%  1136 1595s
   989   774 8.5373e+10   87 1005 7.6273e+10 8.5373e+10  11.9%  1131 1600s
   994   778 8.5373e+10   90  879 7.6273e+10 8.5373e+10  11.9%  1126 1606s
   998   780 8.5373e+10   92  909 7.6273e+10 8.5373e+10  11.9%  1122 1610s
  1003   784 8.5373e+10   94 1039 7.6273e+10 8.5373e+10  11.9%  1117 1616s
  1008   787 8.5373e+10   97  975 7.6273e+10 8.5373e+10  11.9%  1113 1620s
  1015   792 8.5373e+10  100 1014 7.6273e+10 8.5373e+10  11.9%  1106 1625s
  1019   794 8.5373e+10  102  902 7.6273e+10 8.5373e+10  11.9%  1106 1630s
  1024   798 8.5373e+10  105  743 7.6273e+10 8.5373e+10  11.9%  1105 1636s
  1030   802 7.8353e+10  108  616 7.6273e+10 8.5373e+10  11.9%  1100 1641s
  1033   804 8.0693e+10  109  500 7.6273e+10 8.5373e+10  11.9%  1099 1645s
  1040   808 8.0693e+10  113  431 7.6273e+10 8.5373e+10  11.9%  1092 1650s
  1048   814 8.0693e+10  117  392 7.6273e+10 8.5373e+10  11.9%  1084 1688s
  1051   816 8.0693e+10  118  392 7.6273e+10 8.5373e+10  11.9%  1081 1690s
  1059   817 infeasible  122      7.6273e+10 8.5373e+10  11.9%  1073 1695s
  1067   810 8.5373e+10   24  994 7.6273e+10 8.5373e+10  11.9%  1068 1700s
  1070   812 8.5373e+10   26 1001 7.6273e+10 8.5373e+10  11.9%  1067 1706s
  1072   814 8.5373e+10   27 1015 7.6273e+10 8.5373e+10  11.9%  1065 1710s
  1075   816 8.5373e+10   29  921 7.6273e+10 8.5373e+10  11.9%  1063 1716s
  1078   818 8.5373e+10   30  900 7.6273e+10 8.5373e+10  11.9%  1062 1721s
  1080   819 8.5373e+10   31 1049 7.6273e+10 8.5373e+10  11.9%  1062 1725s
  1083   821 8.5373e+10   33 1051 7.6273e+10 8.5373e+10  11.9%  1060 1730s
  1085   822 8.5373e+10   34  980 7.6273e+10 8.5373e+10  11.9%  1059 1735s
  1088   824 8.5373e+10   36  959 7.6273e+10 8.5373e+10  11.9%  1058 1740s
  1092   827 8.5373e+10   38  882 7.6273e+10 8.5373e+10  11.9%  1054 1745s
  1096   830 8.5373e+10   40  838 7.6273e+10 8.5373e+10  11.9%  1052 1751s
  1098   831 8.5373e+10   41  836 7.6273e+10 8.5373e+10  11.9%  1051 1755s
  1101   833 8.5373e+10   43  804 7.6273e+10 8.5373e+10  11.9%  1049 1760s
  1104   835 8.5373e+10   45  944 7.6273e+10 8.5373e+10  11.9%  1050 1767s
  1106   836 8.5373e+10   46  737 7.6273e+10 8.5373e+10  11.9%  1049 1770s
  1109   838 8.5373e+10   47  745 7.6273e+10 8.5373e+10  11.9%  1048 1775s
  1112   840 8.5373e+10   49  773 7.6273e+10 8.5373e+10  11.9%  1046 1780s
  1115   842 8.5373e+10   50  788 7.6273e+10 8.5373e+10  11.9%  1045 1788s
  1117   844 8.5373e+10   52  817 7.6273e+10 8.5373e+10  11.9%  1043 1791s
  1119   845 8.5373e+10   53  818 7.6273e+10 8.5373e+10  11.9%  1042 1795s
  1122   847 8.5373e+10   55  860 7.6273e+10 8.5373e+10  11.9%  1041 1802s
  1124   848 8.5373e+10   56  876 7.6273e+10 8.5373e+10  11.9%  1039 1805s
  1127   850 8.5373e+10   58  716 7.6273e+10 8.5373e+10  11.9%  1038 1810s
  1129   852 8.5373e+10   59  748 7.6273e+10 8.5373e+10  11.9%  1036 1824s
  1130   852 8.5373e+10   59  730 7.6273e+10 8.5373e+10  11.9%  1036 1826s
  1133   854 8.5373e+10   61  731 7.6273e+10 8.5373e+10  11.9%  1034 1830s
  1137   857 8.5373e+10   63  800 7.6273e+10 8.5373e+10  11.9%  1032 1836s
  1140   859 8.5373e+10   65  843 7.6273e+10 8.5373e+10  11.9%  1030 1840s
  1145   862 8.5373e+10   67  984 7.6273e+10 8.5373e+10  11.9%  1026 1846s
  1147   864 8.5373e+10   68  881 7.6273e+10 8.5373e+10  11.9%  1026 1850s
  1152   867 8.5373e+10   71  892 7.6273e+10 8.5373e+10  11.9%  1022 1856s
  1155   869 8.5373e+10   73  877 7.6273e+10 8.5373e+10  11.9%  1020 1860s
  1156   870 8.5373e+10   73  977 7.6273e+10 8.5373e+10  11.9%  1020 1880s
  1160   872 8.5373e+10   75  979 7.6273e+10 8.5373e+10  11.9%  1017 1885s
  1164   875 8.5373e+10   77  961 7.6273e+10 8.5373e+10  11.9%  1014 1890s
  1167   877 8.5373e+10   79  921 7.6273e+10 8.5373e+10  11.9%  1012 1895s
  1171   880 8.5373e+10   81  907 7.6273e+10 8.5373e+10  11.9%  1009 1900s
  1177   884 8.5373e+10   84  850 7.6273e+10 8.5373e+10  11.9%  1005 1905s
  1181   886 8.5373e+10   86  816 7.6273e+10 8.5373e+10  11.9%  1002 1911s
  1183   888 8.5373e+10   87  814 7.6273e+10 8.5373e+10  11.9%  1001 1983s
  1184   888 8.5373e+10   87 1007 7.6273e+10 8.5373e+10  11.9%  1000 1985s
  1189   892 8.5373e+10   90  859 7.6273e+10 8.5373e+10  11.9%   997 1992s
  1192   894 8.5373e+10   91  858 7.6273e+10 8.5373e+10  11.9%   995 1995s
  1197   897 8.5373e+10   94  944 7.6273e+10 8.5373e+10  11.9%   992 2000s
  1203   901 8.5373e+10   97  858 7.6273e+10 8.5373e+10  11.9%   988 2005s
  1209   905 8.5373e+10  100  902 7.6273e+10 8.5373e+10  11.9%   983 2010s
  1210   906 8.5373e+10  101  967 7.6273e+10 8.5373e+10  11.9%   982 2023s
  1212   907 8.5373e+10  102  916 7.6273e+10 8.5373e+10  11.9%   981 2025s
  1218   911 8.5373e+10  105  990 7.6273e+10 8.5373e+10  11.9%   976 2030s
  1223   914 8.5373e+10  107  935 7.6273e+10 8.5373e+10  11.9%   974 2036s
  1229   918 8.5373e+10  110  817 7.6273e+10 8.5373e+10  11.9%   970 2040s
  1236   923 8.5373e+10  114  779 7.6273e+10 8.5373e+10  11.9%   965 2045s
  1237   924 8.5373e+10  114  780 7.6273e+10 8.5373e+10  11.9%   964 2100s
  1241   926 8.5373e+10  116  776 7.6273e+10 8.5373e+10  11.9%   964 2105s
  1247   930 8.5373e+10  119  787 7.6273e+10 8.5373e+10  11.9%   960 2110s
  1254   935 8.5373e+10  123  800 7.6273e+10 8.5373e+10  11.9%   955 2115s
  1260   939 8.5373e+10  126  760 7.6273e+10 8.5373e+10  11.9%   951 2120s
  1264   942 8.5373e+10  128  710 7.6273e+10 8.5373e+10  11.9%   949 2177s
  1269   945 8.5373e+10  130  796 7.6273e+10 8.5373e+10  11.9%   946 2180s
  1275   949 8.5373e+10  134  731 7.6273e+10 8.5373e+10  11.9%   942 2185s
  1280   952 8.5373e+10  137  806 7.6273e+10 8.5373e+10  11.9%   938 2191s
  1284   955 8.5373e+10  139  797 7.6273e+10 8.5373e+10  11.9%   936 2195s
  1291   956 8.5373e+10  143  598 7.6273e+10 8.5373e+10  11.9%   932 2200s
  1298   958 8.5373e+10  146  608 7.6273e+10 8.5373e+10  11.9%   927 2205s
  1305   957 8.5373e+10  149  680 7.6273e+10 8.5373e+10  11.9%   922 2210s
  1309   960 8.5373e+10  152  610 7.6273e+10 8.5373e+10  11.9%   920 2215s
  1317   956 infeasible  154      7.6273e+10 8.5373e+10  11.9%   914 2220s
  1324   953 8.5373e+10   25  812 7.6273e+10 8.5373e+10  11.9%   914 2226s
  1326   954 8.5373e+10   27 1146 7.6273e+10 8.5373e+10  11.9%   915 2230s
  1329   956 8.5373e+10   29 1179 7.6273e+10 8.5373e+10  11.9%   913 2235s
  1332   958 8.5373e+10   30 1271 7.6273e+10 8.5373e+10  11.9%   912 2240s
  1335   960 8.5373e+10   32 1131 7.6273e+10 8.5373e+10  11.9%   911 2245s
  1338   962 8.5373e+10   33 1161 7.6273e+10 8.5373e+10  11.9%   910 2252s
  1340   963 8.5373e+10   34 1191 7.6273e+10 8.5373e+10  11.9%   909 2256s
  1342   965 8.5373e+10   35 1197 7.6273e+10 8.5373e+10  11.9%   908 2261s
  1345   967 8.5373e+10   37 1129 7.6273e+10 8.5373e+10  11.9%   907 2266s
  1347   968 8.5373e+10   38 1115 7.6273e+10 8.5373e+10  11.9%   907 2270s
  1350   970 8.5373e+10   39 1103 7.6273e+10 8.5373e+10  11.9%   905 2275s
  1353   972 8.5373e+10   41 1139 7.6273e+10 8.5373e+10  11.9%   904 2280s
  1355   973 8.5373e+10   42 1417 7.6273e+10 8.5373e+10  11.9%   905 2285s
  1357   975 8.5373e+10   43 1226 7.6273e+10 8.5373e+10  11.9%   904 2290s
  1360   977 8.5373e+10   45 1225 7.6273e+10 8.5373e+10  11.9%   903 2295s
  1362   978 8.5373e+10   46 1261 7.6273e+10 8.5373e+10  11.9%   903 2300s
  1365   980 8.5373e+10   47 1165 7.6273e+10 8.5373e+10  11.9%   902 2305s
  1368   982 8.5373e+10   49 1157 7.6273e+10 8.5373e+10  11.9%   900 2310s
  1371   984 8.5373e+10   50 1372 7.6273e+10 8.5373e+10  11.9%   900 2315s
  1373   985 8.5373e+10   51 1315 7.6273e+10 8.5373e+10  11.9%   900 2320s
  1376   987 8.5373e+10   53 1165 7.6273e+10 8.5373e+10  11.9%   899 2325s
  1379   989 8.5373e+10   54 1195 7.6273e+10 8.5373e+10  11.9%   898 2330s
  1382   991 8.5373e+10   56 1241 7.6273e+10 8.5373e+10  11.9%   898 2335s
  1385   993 8.5373e+10   57 1123 7.6273e+10 8.5373e+10  11.9%   898 2340s
  1389   996 8.5373e+10   59 1167 7.6273e+10 8.5373e+10  11.9%   903 2348s
  1391   997 8.5373e+10   60 1198 7.6273e+10 8.5373e+10  11.9%   903 2351s
  1393   999 8.5373e+10   61 1103 7.6273e+10 8.5373e+10  11.9%   903 2355s
  1397  1001 8.5373e+10   63 1274 7.6273e+10 8.5373e+10  11.9%   902 2360s
  1401  1004 8.5373e+10   65 1319 7.6273e+10 8.5373e+10  11.9%   901 2365s
  1405  1007 8.5373e+10   67 1207 7.6273e+10 8.5373e+10  11.9%   900 2371s
  1408  1009 8.5373e+10   69 1264 7.6273e+10 8.5373e+10  11.9%   900 2375s
  1412  1011 8.5373e+10   71 1258 7.6273e+10 8.5373e+10  11.9%   898 2380s
  1417  1015 8.5373e+10   74 1246 7.6273e+10 8.5373e+10  11.9%   896 2385s
  1423  1019 8.5373e+10   77 1227 7.6273e+10 8.5373e+10  11.9%   893 2391s
  1427  1021 8.5373e+10   79 1264 7.6273e+10 8.5373e+10  11.9%   891 2396s
  1431  1024 8.5373e+10   81 1274 7.6273e+10 8.5373e+10  11.9%   889 2400s
  1436  1027 8.5373e+10   83 1227 7.6273e+10 8.5373e+10  11.9%   887 2405s
  1441  1031 8.5373e+10   87 1360 7.6273e+10 8.5373e+10  11.9%   886 2410s
  1446  1034 8.5373e+10   89 1383 7.6273e+10 8.5373e+10  11.9%   885 2415s
  1451  1037 8.5373e+10   92 1380 7.6273e+10 8.5373e+10  11.9%   883 2420s
  1456  1041 8.5373e+10   94 1395 7.6273e+10 8.5373e+10  11.9%   882 2425s
  1461  1044 8.5373e+10   97 1371 7.6273e+10 8.5373e+10  11.9%   880 2430s
  1467  1048 8.5373e+10  100 1419 7.6273e+10 8.5373e+10  11.9%   877 2435s
  1472  1051 8.5373e+10  102 1390 7.6273e+10 8.5373e+10  11.9%   875 2440s
  1477  1055 8.5373e+10  105 1338 7.6273e+10 8.5373e+10  11.9%   873 2445s
  1483  1059 8.5373e+10  108 1198 7.6273e+10 8.5373e+10  11.9%   870 2450s
  1490  1063 8.5373e+10  111 1036 7.6273e+10 8.5373e+10  11.9%   868 2455s
  1498  1069 8.5373e+10  115  934 7.6273e+10 8.5373e+10  11.9%   864 2460s
  1504  1073 8.5373e+10  118  899 7.6273e+10 8.5373e+10  11.9%   861 2465s
  1511  1077 8.5373e+10  122  856 7.6273e+10 8.5373e+10  11.9%   858 2470s
  1517  1081 8.5373e+10  125  863 7.6273e+10 8.5373e+10  11.9%   855 2475s
  1525  1087 8.5373e+10  129  822 7.6273e+10 8.5373e+10  11.9%   850 2480s
  1531  1091 8.5373e+10  132  830 7.6273e+10 8.5373e+10  11.9%   848 2485s
  1535  1093 8.5373e+10  134  824 7.6273e+10 8.5373e+10  11.9%   846 2490s
  1538  1095 8.5373e+10  135  835 7.6273e+10 8.5373e+10  11.9%   844 2495s
  1546  1099 8.5373e+10  140  761 7.6273e+10 8.5373e+10  11.9%   841 2500s
  1552  1103 8.5373e+10  143  672 7.6273e+10 8.5373e+10  11.9%   838 2505s
  1558  1105 infeasible  146      7.6273e+10 8.5373e+10  11.9%   836 2510s
  1566  1104 8.5373e+10  147  586 7.6273e+10 8.5373e+10  11.9%   832 2515s
  1572  1100 8.5373e+10   25 1127 7.6273e+10 8.5373e+10  11.9%   833 2521s
  1576  1103 8.5373e+10   29 1133 7.6273e+10 8.5373e+10  11.9%   832 2525s
  1579  1105 8.5373e+10   30 1217 7.6273e+10 8.5373e+10  11.9%   831 2530s
  1583  1107 8.5373e+10   32 1162 7.6273e+10 8.5373e+10  11.9%   832 2537s
  1585  1109 8.5373e+10   33 1180 7.6273e+10 8.5373e+10  11.9%   833 2541s
  1588  1111 8.5373e+10   35 1072 7.6273e+10 8.5373e+10  11.9%   834 2547s
  1590  1112 8.5373e+10   36 1071 7.6273e+10 8.5373e+10  11.9%   833 2551s
  1592  1113 8.5373e+10   37 1060 7.6273e+10 8.5373e+10  11.9%   833 2555s
  1594  1115 8.5373e+10   38 1058 7.6273e+10 8.5373e+10  11.9%   832 2560s
  1595  1115 8.5373e+10   39 1026 7.6273e+10 8.5373e+10  11.9%   832 2565s
  1597  1117 8.5373e+10   40 1092 7.6273e+10 8.5373e+10  11.9%   832 2571s
  1600  1119 8.5373e+10   42 1070 7.6273e+10 8.5373e+10  11.9%   831 2576s
  1602  1120 8.5373e+10   43 1115 7.6273e+10 8.5373e+10  11.9%   831 2583s
  1603  1121 8.5373e+10   44 1012 7.6273e+10 8.5373e+10  11.9%   831 2585s
  1605  1122 8.5373e+10   45  850 7.6273e+10 8.5373e+10  11.9%   832 2592s
  1606  1123 8.5373e+10   45  971 7.6273e+10 8.5373e+10  11.9%   832 2596s
  1608  1124 8.5373e+10   46  845 7.6273e+10 8.5373e+10  11.9%   831 2601s
  1610  1125 8.5373e+10   47  863 7.6273e+10 8.5373e+10  11.9%   830 2605s
  1613  1127 8.5373e+10   49  981 7.6273e+10 8.5373e+10  11.9%   830 2611s
  1615  1129 8.5373e+10   50  940 7.6273e+10 8.5373e+10  11.9%   829 2615s
  1619  1131 8.5373e+10   52  932 7.6273e+10 8.5373e+10  11.9%   828 2621s
  1622  1133 8.5373e+10   54  884 7.6273e+10 8.5373e+10  11.9%   827 2628s
  1624  1135 8.5373e+10   55  801 7.6273e+10 8.5373e+10  11.9%   826 2630s
  1628  1137 8.5373e+10   57  831 7.6273e+10 8.5373e+10  11.9%   824 2635s
  1632  1140 8.5373e+10   59  893 7.6273e+10 8.5373e+10  11.9%   823 2641s
  1636  1143 8.5373e+10   61  832 7.6273e+10 8.5373e+10  11.9%   822 2646s
  1639  1145 8.5373e+10   63  830 7.6273e+10 8.5373e+10  11.9%   820 2650s
  1643  1147 8.5373e+10   65  918 7.6273e+10 8.5373e+10  11.9%   820 2655s
  1647  1150 8.5373e+10   67  942 7.6273e+10 8.5373e+10  11.9%   819 2660s
  1649  1151 8.5373e+10   68  919 7.6273e+10 8.5373e+10  11.9%   818 2666s
  1654  1155 8.5373e+10   71  883 7.6273e+10 8.5373e+10  11.9%   817 2670s
  1659  1158 8.5373e+10   73  874 7.6273e+10 8.5373e+10  11.9%   815 2675s
  1665  1162 8.5373e+10   76  871 7.6273e+10 8.5373e+10  11.9%   812 2680s
  1671  1166 8.5373e+10   79  787 7.6273e+10 8.5373e+10  11.9%   810 2685s
  1676  1169 8.5373e+10   82  813 7.6273e+10 8.5373e+10  11.9%   808 2799s
  1677  1170 8.5373e+10   82  775 7.6273e+10 8.5373e+10  11.9%   808 2819s
  1678  1171 8.5373e+10   83  813 7.6273e+10 8.5373e+10  11.9%   808 2820s
  1684  1175 8.5373e+10   86  870 7.6273e+10 8.5373e+10  11.9%   806 2825s
  1690  1179 8.5373e+10   89  868 7.6273e+10 8.5373e+10  11.9%   803 2830s
  1696  1183 8.5373e+10   92  828 7.6273e+10 8.5373e+10  11.9%   801 2835s
  1704  1188 8.5373e+10   96  800 7.6273e+10 8.5373e+10  11.9%   798 2841s
  1709  1191 8.5373e+10   98  795 7.6273e+10 8.5373e+10  11.9%   796 2845s
  1716  1196 8.5373e+10  102  904 7.6273e+10 8.5373e+10  11.9%   794 2850s
  1723  1201 8.5373e+10  106  821 7.6273e+10 8.5373e+10  11.9%   791 2855s
  1729  1205 8.5373e+10  109  790 7.6273e+10 8.5373e+10  11.9%   789 2860s
  1735  1209 8.5373e+10  112  758 7.6273e+10 8.5373e+10  11.9%   787 2865s
  1742  1213 8.5373e+10  116  907 7.6273e+10 8.5373e+10  11.9%   785 2870s
  1749  1218 8.5373e+10  120  863 7.6273e+10 8.5373e+10  11.9%   782 2875s
  1756  1221 8.5373e+10  123  684 7.6273e+10 8.5373e+10  11.9%   780 2880s
  1760  1223 8.5373e+10  125  778 7.6273e+10 8.5373e+10  11.9%   779 2885s
  1765  1227 8.5373e+10  128  864 7.6273e+10 8.5373e+10  11.9%   777 2890s
  1771  1231 8.5373e+10  131  726 7.6273e+10 8.5373e+10  11.9%   775 2895s
  1780  1237 8.5373e+10  136  762 7.6273e+10 8.5373e+10  11.9%   772 2900s
  1788  1242 8.5373e+10  140  700 7.6273e+10 8.5373e+10  11.9%   769 2905s
  1798  1247 8.5373e+10  145  663 7.6273e+10 8.5373e+10  11.9%   765 2910s
  1805  1247 infeasible  148      7.6273e+10 8.5373e+10  11.9%   762 2915s
  1810  1249 8.5373e+10  150  648 7.6273e+10 8.5373e+10  11.9%   760 2920s
  1819  1251 8.5373e+10  155  588 7.6273e+10 8.5373e+10  11.9%   757 2925s
  1828  1253 8.5373e+10  160  666 7.6273e+10 8.5373e+10  11.9%   754 2930s
  1838  1257 8.5373e+10  164  627 7.6273e+10 8.5373e+10  11.9%   750 2935s
  1847  1257 infeasible  169      7.6273e+10 8.5373e+10  11.9%   748 2940s
  1856  1254 8.5373e+10  171  458 7.6273e+10 8.5373e+10  11.9%   745 2945s
  1871  1252 8.5373e+10  180  452 7.6273e+10 8.5373e+10  11.9%   740 2950s
  1884  1249 8.5373e+10  187  476 7.6273e+10 8.5373e+10  11.9%   736 2955s
  1893  1241 infeasible  166      7.6273e+10 8.5373e+10  11.9%   734 2960s
  1904  1248 8.5373e+10  176  456 7.6273e+10 8.5373e+10  11.9%   730 2965s
  1917  1235 8.5373e+10  171  562 7.6273e+10 8.5373e+10  11.9%   728 2970s
  1923  1231 8.5373e+10   22  870 7.6273e+10 8.5373e+10  11.9%   730 2976s
  1926  1233 8.5373e+10   25  900 7.6273e+10 8.5373e+10  11.9%   730 2981s
  1929  1235 8.5373e+10   28  899 7.6273e+10 8.5373e+10  11.9%   729 2985s
  1932  1237 8.5373e+10   30  998 7.6273e+10 8.5373e+10  11.9%   729 2990s
  1935  1239 8.5373e+10   30 1018 7.6273e+10 8.5373e+10  11.9%   728 2996s
  1937  1240 8.5373e+10   31 1020 7.6273e+10 8.5373e+10  11.9%   729 3000s
  1939  1242 8.5373e+10   33 1015 7.6273e+10 8.5373e+10  11.9%   728 3005s
  1941  1243 8.5373e+10   34 1089 7.6273e+10 8.5373e+10  11.9%   729 3010s
  1944  1245 8.5373e+10   37 1323 7.6273e+10 8.5373e+10  11.9%   728 3017s
  1946  1246 8.5373e+10   39 1345 7.6273e+10 8.5373e+10  11.9%   728 3022s
  1948  1248 8.5373e+10   41 1415 7.6273e+10 8.5373e+10  11.9%   728 3027s
  1950  1249 8.5373e+10   42 1295 7.6273e+10 8.5373e+10  11.9%   727 3030s
  1952  1250 8.5373e+10   43 1309 7.6273e+10 8.5373e+10  11.9%   727 3035s
  1955  1252 8.5373e+10   43 1410 7.6273e+10 8.5373e+10  11.9%   727 3041s
  1957  1254 8.5373e+10   44 1364 7.6273e+10 8.5373e+10  11.9%   726 3045s
  1960  1256 8.5373e+10   45 1369 7.6273e+10 8.5373e+10  11.9%   726 3051s
  1962  1257 8.5373e+10   46 1366 7.6273e+10 8.5373e+10  11.9%   725 3055s
  1965  1259 8.5373e+10   46 1396 7.6273e+10 8.5373e+10  11.9%   725 3061s
  1968  1261 8.5373e+10   48 1270 7.6273e+10 8.5373e+10  11.9%   725 3066s
  1971  1263 8.5373e+10   49 1246 7.6273e+10 8.5373e+10  11.9%   724 3071s
  1973  1264 8.5373e+10   50 1325 7.6273e+10 8.5373e+10  11.9%   724 3075s
  1976  1266 8.5373e+10   51 1296 7.6273e+10 8.5373e+10  11.9%   723 3081s
  1978  1268 8.5373e+10   52 1184 7.6273e+10 8.5373e+10  11.9%   723 3085s
  1981  1270 8.5373e+10   52 1260 7.6273e+10 8.5373e+10  11.9%   723 3091s
  1983  1271 8.5373e+10   54 1174 7.6273e+10 8.5373e+10  11.9%   722 3095s
  1985  1272 8.5373e+10   55 1126 7.6273e+10 8.5373e+10  11.9%   723 3100s
  1988  1274 8.5373e+10   55 1129 7.6273e+10 8.5373e+10  11.9%   722 3106s
  1991  1276 8.5373e+10   56 1185 7.6273e+10 8.5373e+10  11.9%   721 3111s
  1993  1278 8.5373e+10   57 1192 7.6273e+10 8.5373e+10  11.9%   721 3115s
  1994  1278 8.5373e+10   58 1144 7.6273e+10 8.5373e+10  11.9%   721 3129s
  1995  1279 8.5373e+10   58 1139 7.6273e+10 8.5373e+10  11.9%   720 3131s
  1997  1280 8.5373e+10   60 1120 7.6273e+10 8.5373e+10  11.9%   720 3147s
  1999  1282 8.5373e+10   61 1191 7.6273e+10 8.5373e+10  11.9%   720 3151s
  2000  1282 8.5373e+10   62 1202 7.6273e+10 8.5373e+10  11.9%   720 3164s
  2001  1283 8.5373e+10   62 1058 7.6273e+10 8.5373e+10  11.9%   720 3174s
  2002  1284 8.5373e+10   63 1100 7.6273e+10 8.5373e+10  11.9%   719 3176s
  2004  1285 8.5373e+10   64 1032 7.6273e+10 8.5373e+10  11.9%   719 3184s
  2005  1286 8.5373e+10   65 1061 7.6273e+10 8.5373e+10  11.9%   719 3186s
  2007  1287 8.5373e+10   66 1062 7.6273e+10 8.5373e+10  11.9%   719 3191s
  2009  1288 8.5373e+10   67 1049 7.6273e+10 8.5373e+10  11.9%   718 3195s
  2011  1290 8.5373e+10   66 1066 7.6273e+10 8.5373e+10  11.9%   718 3200s
  2014  1292 8.5373e+10   68 1085 7.6273e+10 8.5373e+10  11.9%   718 3206s
  2016  1293 8.5373e+10   69 1115 7.6273e+10 8.5373e+10  11.9%   717 3210s
  2019  1295 8.5373e+10   71 1026 7.6273e+10 8.5373e+10  11.9%   717 3216s
  2021  1296 8.5373e+10   72 1028 7.6273e+10 8.5373e+10  11.9%   716 3222s
  2023  1298 8.5373e+10   73 1029 7.6273e+10 8.5373e+10  11.9%   715 3226s
  2025  1299 8.5373e+10   74 1031 7.6273e+10 8.5373e+10  11.9%   715 3231s
  2027  1300 8.5373e+10   75 1020 7.6273e+10 8.5373e+10  11.9%   714 3235s
  2030  1302 8.5373e+10   75 1028 7.6273e+10 8.5373e+10  11.9%   714 3241s
  2032  1304 8.5373e+10   76  976 7.6273e+10 8.5373e+10  11.9%   714 3245s
  2036  1306 8.5373e+10   78  975 7.6273e+10 8.5373e+10  11.9%   713 3251s
  2039  1308 8.5373e+10   78 1019 7.6273e+10 8.5373e+10  11.9%   712 3256s
  2042  1310 8.5373e+10   80 1020 7.6273e+10 8.5373e+10  11.9%   711 3261s
  2045  1312 8.5373e+10   80  963 7.6273e+10 8.5373e+10  11.9%   710 3265s
  2048  1314 8.5373e+10   81  971 7.6273e+10 8.5373e+10  11.9%   709 3270s
  2051  1316 8.5373e+10   83 1011 7.6273e+10 8.5373e+10  11.9%   709 3275s
  2054  1318 8.5373e+10   84  917 7.6273e+10 8.5373e+10  11.9%   708 3280s
  2058  1321 8.5373e+10   86  890 7.6273e+10 8.5373e+10  11.9%   707 3286s
  2062  1324 8.5373e+10   88  932 7.6273e+10 8.5373e+10  11.9%   706 3290s
  2067  1327 8.5373e+10   92  948 7.6273e+10 8.5373e+10  11.9%   704 3295s
  2072  1330 8.5373e+10   94  917 7.6273e+10 8.5373e+10  11.9%   703 3300s
  2078  1334 8.5373e+10   97  863 7.6273e+10 8.5373e+10  11.9%   701 3305s
  2083  1338 8.5373e+10   96  914 7.6273e+10 8.5373e+10  11.9%   701 3310s
  2090  1342 8.5373e+10  101  801 7.6273e+10 8.5373e+10  11.9%   698 3316s
  2096  1348 8.5373e+10  104  805 7.6273e+10 8.5373e+10  11.9%   697 3320s
  2103  1355 8.5373e+10  104  764 7.6273e+10 8.5373e+10  11.9%   695 3325s
  2107  1359 8.5373e+10  106  758 7.6273e+10 8.5373e+10  11.9%   694 3397s
  2110  1362 8.5373e+10  106  745 7.6273e+10 8.5373e+10  11.9%   693 3400s
  2116  1367 8.5373e+10  108  786 7.6273e+10 8.5373e+10  11.9%   691 3405s
  2123  1374 8.5373e+10  108  776 7.6273e+10 8.5373e+10  11.9%   689 3410s
  2130  1381 8.5373e+10  112  848 7.6273e+10 8.5373e+10  11.9%   687 3415s
  2138  1387 8.5373e+10  116  775 7.6273e+10 8.5373e+10  11.9%   685 3420s
  2148  1393 8.5373e+10  116  784 7.6273e+10 8.5373e+10  11.9%   683 3425s
  2156  1401 8.5373e+10  123  723 7.6273e+10 8.5373e+10  11.9%   682 3430s
  2164  1405 8.5373e+10  127  729 7.6273e+10 8.5373e+10  11.9%   679 3435s
  2173  1414 8.5373e+10  131  672 7.6273e+10 8.5373e+10  11.9%   677 3440s
  2182  1423 8.5373e+10  131  656 7.6273e+10 8.5373e+10  11.9%   674 3445s
  2190  1430 8.5373e+10  135  717 7.6273e+10 8.5373e+10  11.9%   672 3450s
  2197  1437 8.5373e+10  136  721 7.6273e+10 8.5373e+10  11.9%   671 3455s
  2203  1443 8.5373e+10  136  743 7.6273e+10 8.5373e+10  11.9%   669 3460s
  2211  1451 8.5373e+10  140  730 7.6273e+10 8.5373e+10  11.9%   667 3465s
  2219  1457 8.5373e+10  143  709 7.6273e+10 8.5373e+10  11.9%   665 3470s
  2228  1462 8.5373e+10  147  674 7.6273e+10 8.5373e+10  11.9%   662 3475s
  2234  1468 8.5373e+10  148  668 7.6273e+10 8.5373e+10  11.9%   661 3480s
  2238  1472 8.5373e+10  150  601 7.6273e+10 8.5373e+10  11.9%   660 3486s
  2245  1479 8.5373e+10  151  601 7.6273e+10 8.5373e+10  11.9%   658 3490s
  2249  1483 8.5373e+10  151  765 7.6273e+10 8.5373e+10  11.9%   657 3495s
  2257  1491 8.5373e+10  154  654 7.6273e+10 8.5373e+10  11.9%   655 3500s
  2266  1500 8.5373e+10  158  518 7.6273e+10 8.5373e+10  11.9%   653 3505s
  2275  1507 8.5373e+10  161  556 7.6273e+10 8.5373e+10  11.9%   650 3510s
  2283  1513 8.5373e+10  165  330 7.6273e+10 8.5373e+10  11.9%   649 3515s
  2288  1516 8.5373e+10  168  341 7.6273e+10 8.5373e+10  11.9%   648 3520s
  2298  1520 8.5373e+10  171  347 7.6273e+10 8.5373e+10  11.9%   645 3525s
  2303  1523 8.5373e+10  170  320 7.6273e+10 8.5373e+10  11.9%   644 3530s
  2309  1529 8.5373e+10  173  276 7.6273e+10 8.5373e+10  11.9%   643 3536s
  2318  1534 8.5373e+10  179  268 7.6273e+10 8.5373e+10  11.9%   641 3540s
  2327  1541 8.5373e+10  183  342 7.6273e+10 8.5373e+10  11.9%   639 3545s
  2333  1543 8.5373e+10  184  255 7.6273e+10 8.5373e+10  11.9%   637 3550s
  2338  1548 8.5373e+10  184  281 7.6273e+10 8.5373e+10  11.9%   636 3555s
  2345  1553 8.5373e+10  187  355 7.6273e+10 8.5373e+10  11.9%   635 3560s
  2354  1552 infeasible  191      7.6273e+10 8.5373e+10  11.9%   633 3565s
  2367  1553 8.5373e+10  198  207 7.6273e+10 8.5373e+10  11.9%   630 3570s
  2377  1563 8.5373e+10  199  168 7.6273e+10 8.5373e+10  11.9%   628 3575s
  2390  1562 8.5373e+10  203  214 7.6273e+10 8.5373e+10  11.9%   625 3580s
  2404  1554 infeasible  202      7.6273e+10 8.5373e+10  11.9%   622 3585s
  2414  1550 8.5373e+10  180  237 7.6273e+10 8.5373e+10  11.9%   621 3590s

Cutting planes:
  Gomory: 4
  Lift-and-project: 5
  Cover: 171
  Implied bound: 52
  Clique: 8
  MIR: 41
  Flow cover: 371
  Zero half: 4807
  RLT: 264
  Relax-and-lift: 14

Explored 2422 nodes (1728433 simplex iterations) in 3594.21 seconds (2109.27 work units)
Thread count was 1 (of 28 available processors)

Solution count 10: 7.6273e+10 7.56822e+10 7.43606e+10 ... 5.42648e+10

Time limit reached
Best objective 7.627297860000e+10, best bound 8.537254920000e+10, gap 11.9303%

User-callback calls 490612, time in user-callback 0.38 sec