Gurobi Optimizer version 12.0.3 build v12.0.3rc0 (linux64 - "Oracle Linux Server 9.4")

CPU model: Intel(R) Xeon(R) CPU E5-2660 v4 @ 2.00GHz, instruction set [SSE2|AVX|AVX2]
Thread count: 28 physical cores, 28 logical processors, using up to 1 threads

Non-default parameters:
TimeLimit  3593.481118393
SoftMemLimit  16
NumericFocus  1
Threads  1

Academic license 2690100 - for non-commercial use only - registered to ju___@uclm.es
Optimize a model with 108961 rows, 25167 columns and 426098 nonzeros
Model fingerprint: 0x2d5da0a9
Variable types: 174 continuous, 24993 integer (24993 binary)
Coefficient statistics:
  Matrix range     [1e+00, 1e+13]
  Objective range  [2e+08, 2e+09]
  Bounds range     [2e+03, 1e+04]
  RHS range        [1e+00, 2e+14]
Warning: Model contains large matrix coefficient range
Warning: Model contains large objective coefficients
Warning: Model contains large rhs
Found heuristic solution: objective -0.0000000
Presolve removed 30861 rows and 3650 columns
Presolve time: 3.40s
Presolved: 78100 rows, 21517 columns, 271144 nonzeros
Variable types: 174 continuous, 21343 integer (21343 binary)

Use crossover to convert LP symmetric solution to basic solution...

Root relaxation: objective 7.842873e+10, 1767 iterations, 0.47 seconds (0.25 work units)
Total elapsed time = 15.21s (DegenMoves)

    Nodes    |    Current Node    |     Objective Bounds      |     Work
 Expl Unexpl |  Obj  Depth IntInf | Incumbent    BestBd   Gap | It/Node Time

     0     0 7.8429e+10    0  493   -0.00000 7.8429e+10      -     -   18s
H    0     0                    1.785600e+09 7.8429e+10  4292%     -   19s
H    0     0                    1.337135e+10 7.8429e+10   487%     -   19s
H    0     0                    1.515695e+10 7.8429e+10   417%     -   19s
     0     0 7.8429e+10    0  484 1.5157e+10 7.8429e+10   417%     -   23s
     0     0 7.8429e+10    0  464 1.5157e+10 7.8429e+10   417%     -   26s
     0     0 7.8429e+10    0  432 1.5157e+10 7.8429e+10   417%     -   47s
H    0     0                    4.311874e+10 7.8429e+10  81.9%     -   53s
H    0     0                    4.401874e+10 7.8429e+10  78.2%     -   53s
H    0     0                    4.465630e+10 7.8429e+10  75.6%     -   53s
     0     0 7.8429e+10    0  405 4.4656e+10 7.8429e+10  75.6%     -   55s
     0     0 7.8429e+10    0  409 4.4656e+10 7.8429e+10  75.6%     -   77s
H    0     0                    5.004190e+10 7.8429e+10  56.7%     -   78s
     0     0 7.8429e+10    0  506 5.0042e+10 7.8429e+10  56.7%     -   81s
     0     0 7.8429e+10    0  635 5.0042e+10 7.8429e+10  56.7%     -  102s
H    0     0                    5.876506e+10 7.8429e+10  33.5%     -  121s
H    0     0                    5.897758e+10 7.8429e+10  33.0%     -  121s
     0     0 7.8429e+10    0  654 5.8978e+10 7.8429e+10  33.0%     -  127s
     0     0 7.8429e+10    0  771 5.8978e+10 7.8429e+10  33.0%     -  152s
H    0     0                    6.077758e+10 7.8429e+10  29.0%     -  154s
     0     0 7.8429e+10    0  784 6.0778e+10 7.8429e+10  29.0%     -  161s
     0     0 7.8429e+10    0  806 6.0778e+10 7.8429e+10  29.0%     -  183s
     0     0 7.8429e+10    0  855 6.0778e+10 7.8429e+10  29.0%     -  193s
     0     0 7.8429e+10    0  860 6.0778e+10 7.8429e+10  29.0%     -  214s
     0     0 7.8429e+10    0  848 6.0778e+10 7.8429e+10  29.0%     -  228s
     0     2 7.8429e+10    0  848 6.0778e+10 7.8429e+10  29.0%     -  276s
     1     3 7.8429e+10    1  695 6.0778e+10 7.8429e+10  29.0% 29807  280s
     2     4 7.8429e+10    1  769 6.0778e+10 7.8429e+10  29.0% 17416  285s
     4     6 7.8429e+10    2  695 6.0778e+10 7.8429e+10  29.0% 11134  290s
     8    10 7.8429e+10    4 1227 6.0778e+10 7.8429e+10  29.0%  6961  296s
    11    13 7.8429e+10    6 1224 6.0778e+10 7.8429e+10  29.0%  5328  301s
    14    16 7.8429e+10    8 1122 6.0778e+10 7.8429e+10  29.0%  4245  305s
    16    18 7.8429e+10    9 1498 6.0778e+10 7.8429e+10  29.0%  3933  311s
    19    21 7.8429e+10   10 1090 6.0778e+10 7.8429e+10  29.0%  3353  316s
    21    23 7.8429e+10   11 1017 6.0778e+10 7.8429e+10  29.0%  3175  320s
    25    27 7.8429e+10   13 1049 6.0778e+10 7.8429e+10  29.0%  2729  326s
    27    29 7.8429e+10   14 1221 6.0778e+10 7.8429e+10  29.0%  2557  330s
    30    32 7.8429e+10   16 1338 6.0778e+10 7.8429e+10  29.0%  2419  336s
    33    35 7.8429e+10   17 1296 6.0778e+10 7.8429e+10  29.0%  2218  341s
    36    38 7.8429e+10   19 1129 6.0778e+10 7.8429e+10  29.0%  2054  346s
    38    40 7.8429e+10   20 1036 6.0778e+10 7.8429e+10  29.0%  2025  350s
    41    43 7.8429e+10   22 1145 6.0778e+10 7.8429e+10  29.0%  1920  355s
    44    46 7.8429e+10   24  928 6.0778e+10 7.8429e+10  29.0%  1808  360s
    47    49 7.8429e+10   25 1059 6.0778e+10 7.8429e+10  29.0%  1704  365s
    50    52 7.8429e+10   27 1115 6.0778e+10 7.8429e+10  29.0%  1623  370s
    52    54 7.8429e+10   28  912 6.0778e+10 7.8429e+10  29.0%  1561  396s
    54    56 7.8429e+10   29 1107 6.0778e+10 7.8429e+10  29.0%  1568  400s
    58    60 7.8429e+10   31 1451 6.0778e+10 7.8429e+10  29.0%  1533  406s
    62    64 7.8429e+10   33 1426 6.0778e+10 7.8429e+10  29.0%  1494  411s
    65    67 7.8429e+10   34 1058 6.0778e+10 7.8429e+10  29.0%  1444  415s
    69    71 7.8429e+10   36  970 6.0778e+10 7.8429e+10  29.0%  1384  420s
    78    80 7.8429e+10   41 1091 6.0778e+10 7.8429e+10  29.0%  1270  425s
    96    98 7.8429e+10   50 1248 6.0778e+10 7.8429e+10  29.0%  1125  430s
   109   111 7.8429e+10   57 1499 6.0778e+10 7.8429e+10  29.0%  1087  435s
   139   141 7.8429e+10   73 1435 6.0778e+10 7.8429e+10  29.0%   894  440s
   172   174 7.8429e+10   91 1169 6.0778e+10 7.8429e+10  29.0%   755  445s
   205   205 7.8429e+10  108 1218 6.0778e+10 7.8429e+10  29.0%   658  450s
   237   237 7.8429e+10  127 1307 6.0778e+10 7.8429e+10  29.0%   590  455s
   256   256 7.8429e+10  138 1717 6.0778e+10 7.8429e+10  29.0%   582  461s
   270   270 7.8429e+10  145 1346 6.0778e+10 7.8429e+10  29.0%   574  465s
   297   292 7.8429e+10  160 1282 6.0778e+10 7.8429e+10  29.0%   547  470s
   325   309 7.8429e+10  176 1132 6.0778e+10 7.8429e+10  29.0%   520  475s
   356   326 7.8429e+10  194 1081 6.0778e+10 7.8429e+10  29.0%   490  480s
   361   325 7.8429e+10    3  977 6.0778e+10 7.8429e+10  29.0%   542  495s
   365   329 7.8429e+10    6  951 6.0778e+10 7.8429e+10  29.0%   568  507s
   366   330 7.8429e+10    6 1002 6.0778e+10 7.8429e+10  29.0%   568  517s
   368   332 7.8429e+10    7 1171 6.0778e+10 7.8429e+10  29.0%   589  526s
   369   333 7.8429e+10    8 1036 6.0778e+10 7.8429e+10  29.0%   609  533s
   370   334 7.8429e+10    8 1022 6.0778e+10 7.8429e+10  29.0%   609  535s
   372   336 7.8429e+10    9 1126 6.0778e+10 7.8429e+10  29.0%   626  543s
   373   337 7.8429e+10   10 1100 6.0778e+10 7.8429e+10  29.0%   626  545s
   376   340 7.8429e+10   11 1176 6.0778e+10 7.8429e+10  29.0%   626  550s
   378   342 7.8429e+10   12 1193 6.0778e+10 7.8429e+10  29.0%   627  555s
   380   344 7.8429e+10   13 1123 6.0778e+10 7.8429e+10  29.0%   642  563s
   381   345 7.8429e+10   14 1055 6.0778e+10 7.8429e+10  29.0%   659  566s
   393   357 7.8429e+10   20 1261 6.0778e+10 7.8429e+10  29.0%   652  570s
   405   369 7.8429e+10   26 1319 6.0778e+10 7.8429e+10  29.0%   646  575s
   423   387 7.8429e+10   36 1151 6.0778e+10 7.8429e+10  29.0%   633  580s
   440   404 7.8429e+10   45 1215 6.0778e+10 7.8429e+10  29.0%   621  585s
   459   423 7.8429e+10   54 1229 6.0778e+10 7.8429e+10  29.0%   608  590s
   481   445 7.8429e+10   67 1196 6.0778e+10 7.8429e+10  29.0%   591  595s
   493   457 7.8429e+10   73 1157 6.0778e+10 7.8429e+10  29.0%   587  600s
   513   477 7.8429e+10   85 1165 6.0778e+10 7.8429e+10  29.0%   573  606s
   532   496 7.8429e+10   97 1200 6.0778e+10 7.8429e+10  29.0%   560  610s
   534   497 7.8429e+10   99  848 6.0778e+10 7.8429e+10  29.0%   558  641s
   536   498 7.8429e+10   35  264 6.0778e+10 7.8429e+10  29.0%   556  658s
   537   499 7.8429e+10   61  418 6.0778e+10 7.8429e+10  29.0%   555  699s
   538   500 7.8429e+10   79  678 6.0778e+10 7.8429e+10  29.0%   554  710s
   539   500 7.8429e+10   48  779 6.0778e+10 7.8429e+10  29.0%   553  753s
   540   501 7.8429e+10   43  909 6.0778e+10 7.8429e+10  29.0%   552  774s
   541   502 7.8429e+10   75  972 6.0778e+10 7.8429e+10  29.0%   551  812s
   542   502 7.8429e+10   89  991 6.0778e+10 7.8429e+10  29.0%   550  833s
   543   503 7.8429e+10   64 1061 6.0778e+10 7.8429e+10  29.0%   549  888s
   544   504 7.8429e+10   43 1048 6.0778e+10 7.8429e+10  29.0%   548  911s
   545   504 7.8429e+10   81 1069 6.0778e+10 7.8429e+10  29.0%   547  954s
   546   505 7.8429e+10   93 1109 6.0778e+10 7.8429e+10  29.0%   546  973s
   547   506 7.8429e+10  139 1182 6.0778e+10 7.8429e+10  29.0%   545 1017s
   548   506 7.8429e+10    8 1185 6.0778e+10 7.8429e+10  29.0%   544 1041s
   549   507 7.8429e+10   27 1266 6.0778e+10 7.8429e+10  29.0%   543 1089s
   550   508 7.8429e+10  148 1216 6.0778e+10 7.8429e+10  29.0%   542 1118s
   551   508 7.8429e+10   87 1273 6.0778e+10 7.8429e+10  29.0%   541 1177s
   552   509 7.8429e+10   63 1254 6.0778e+10 7.8429e+10  29.0%   540 1201s
   553   510 7.8429e+10   28 1185 6.0778e+10 7.8429e+10  29.0%   539 1241s
   554   510 7.8429e+10    8 1231 6.0778e+10 7.8429e+10  29.0%   538 1262s
   555   511 7.8429e+10   37 1272 6.0778e+10 7.8429e+10  29.0%   537 1303s
   556   512 7.8429e+10   90 1213 6.0778e+10 7.8429e+10  29.0%   536 1331s
   557   512 7.8429e+10   24 1213 6.0778e+10 7.8429e+10  29.0%   535 1398s
   558   515 7.8429e+10   15 1051 6.0778e+10 7.8429e+10  29.0%  1965 1462s
   559   516 7.8429e+10   15  992 6.0778e+10 7.8429e+10  29.0%  1980 1468s
   560   516 7.8429e+10   16 1516 6.0778e+10 7.8429e+10  29.0%  1984 1471s
   561   517 7.8429e+10   16  997 6.0778e+10 7.8429e+10  29.0%  1995 1475s
   563   518 7.8429e+10   17 1117 6.0778e+10 7.8429e+10  29.0%  2002 1482s
   565   520 7.8429e+10   18 1166 6.0778e+10 7.8429e+10  29.0%  1997 1487s
   567   521 7.8429e+10   19 1153 6.0778e+10 7.8429e+10  29.0%  1991 1491s
   569   522 7.8429e+10   20 1123 6.0778e+10 7.8429e+10  29.0%  1984 1496s
   571   524 7.8429e+10   21 1257 6.0778e+10 7.8429e+10  29.0%  1982 1504s
   572   524 7.8429e+10   22 1028 6.0778e+10 7.8429e+10  29.0%  1979 1507s
   574   526 7.8429e+10   23 1090 6.0778e+10 7.8429e+10  29.0%  1973 1513s
   575   526 7.8429e+10   23 1027 6.0778e+10 7.8429e+10  29.0%  1970 1516s
   577   528 7.8429e+10   24 1559 6.0778e+10 7.8429e+10  29.0%  1966 1523s
   578   528 7.8429e+10   25 1069 6.0778e+10 7.8429e+10  29.0%  1962 1527s
   579   529 7.8429e+10   25 1044 6.0778e+10 7.8429e+10  29.0%  1959 1530s
   581   530 7.8429e+10   26 1062 6.0778e+10 7.8429e+10  29.0%  1954 1538s
   582   531 7.8429e+10   27 1138 6.0778e+10 7.8429e+10  29.0%  1951 1541s
   583   532 7.8429e+10   27 1227 6.0778e+10 7.8429e+10  29.0%  1951 1573s
   584   532 7.8429e+10   28 1137 6.0778e+10 7.8429e+10  29.0%  1948 1577s
   585   533 7.8429e+10   28 1207 6.0778e+10 7.8429e+10  29.0%  1946 1582s
   586   534 7.8429e+10   29 1222 6.0778e+10 7.8429e+10  29.0%  1945 1587s
   587   534 7.8429e+10   29 1133 6.0778e+10 7.8429e+10  29.0%  1941 1591s
   589   536 7.8429e+10   30 1230 6.0778e+10 7.8429e+10  29.0%  1936 1598s
   590   536 7.8429e+10   31 1073 6.0778e+10 7.8429e+10  29.0%  1933 1601s
   591   537 7.8429e+10   31 1209 6.0778e+10 7.8429e+10  29.0%  1930 1608s
   592   538 7.8429e+10   32 1065 6.0778e+10 7.8429e+10  29.0%  1927 1612s
   593   538 7.8429e+10   32 1245 6.0778e+10 7.8429e+10  29.0%  1925 1616s
   594   539 7.8429e+10   33 1068 6.0778e+10 7.8429e+10  29.0%  1922 1622s
   595   540 7.8429e+10   33 1139 6.0778e+10 7.8429e+10  29.0%  1920 1625s
   597   541 7.8429e+10   34 1065 6.0778e+10 7.8429e+10  29.0%  1915 1630s
   599   542 7.8429e+10   35 1169 6.0778e+10 7.8429e+10  29.0%  1910 1635s
   601   544 7.8429e+10   36 1200 6.0778e+10 7.8429e+10  29.0%  1904 1641s
   603   545 7.8429e+10   37 1192 6.0778e+10 7.8429e+10  29.0%  1898 1647s
   605   546 7.8429e+10   38 1316 6.0778e+10 7.8429e+10  29.0%  1893 1652s
   607   548 7.8429e+10   39 1203 6.0778e+10 7.8429e+10  29.0%  1888 1657s
   609   549 7.8429e+10   40 1477 6.0778e+10 7.8429e+10  29.0%  1883 1678s
   610   550 7.8429e+10   41 1372 6.0778e+10 7.8429e+10  29.0%  1880 1680s
   612   551 7.8429e+10   42 1146 6.0778e+10 7.8429e+10  29.0%  1878 1687s
   613   552 7.8429e+10   42 1331 6.0778e+10 7.8429e+10  29.0%  1876 1690s
   616   554 7.8429e+10   44 1370 6.0778e+10 7.8429e+10  29.0%  1870 1699s
   617   554 7.8429e+10   44 1133 6.0778e+10 7.8429e+10  29.0%  1867 1701s
   619   556 7.8429e+10   46 1249 6.0778e+10 7.8429e+10  29.0%  1861 1706s
   621   557 7.8429e+10   47 1321 6.0778e+10 7.8429e+10  29.0%  1857 1712s
   623   558 7.8429e+10   48 1243 6.0778e+10 7.8429e+10  29.0%  1852 1716s
   625   560 7.8429e+10   49 1261 6.0778e+10 7.8429e+10  29.0%  1847 1720s
   628   562 7.8429e+10   51 1527 6.0778e+10 7.8429e+10  29.0%  1839 1725s
   631   564 7.8429e+10   52 1574 6.0778e+10 7.8429e+10  29.0%  1832 1731s
   634   566 7.8429e+10   54 1440 6.0778e+10 7.8429e+10  29.0%  1824 1736s
   635   566 7.8429e+10   54 1420 6.0778e+10 7.8429e+10  29.0%  1822 2233s
   636   567 7.8429e+10   55 1438 6.0778e+10 7.8429e+10  29.0%  1819 2235s
   638   568 7.8429e+10   56 1454 6.0778e+10 7.8429e+10  29.0%  1814 2240s
   640   570 7.8429e+10   57 1451 6.0778e+10 7.8429e+10  29.0%  1813 2248s
   641   570 7.8429e+10   58 1356 6.0778e+10 7.8429e+10  29.0%  1811 2250s
   644   572 7.8429e+10   59 1136 6.0778e+10 7.8429e+10  29.0%  1804 2256s
   646   574 7.8429e+10   61 1410 6.0778e+10 7.8429e+10  29.0%  1799 2260s
   648   575 7.8429e+10   62 1161 6.0778e+10 7.8429e+10  29.0%  1797 2267s
   650   576 7.8429e+10   63 1159 6.0778e+10 7.8429e+10  29.0%  1791 2271s
   653   578 7.8429e+10   64 1138 6.0778e+10 7.8429e+10  29.0%  1784 2276s
   656   580 7.8429e+10   66 1210 6.0778e+10 7.8429e+10  29.0%  1777 2282s
   658   582 7.8429e+10   67 1197 6.0778e+10 7.8429e+10  29.0%  1772 2287s
   660   583 7.8429e+10   68 1255 6.0778e+10 7.8429e+10  29.0%  1767 2292s
   661   584 7.8429e+10   69 1228 6.0778e+10 7.8429e+10  29.0%  1766 2296s
   664   586 7.8429e+10   70 1232 6.0778e+10 7.8429e+10  29.0%  1759 2302s
   665   586 7.8429e+10   71 1190 6.0778e+10 7.8429e+10  29.0%  1757 2305s
   668   588 7.8429e+10   73 1183 6.0778e+10 7.8429e+10  29.0%  1750 2310s
   671   590 7.8429e+10   74 1196 6.0778e+10 7.8429e+10  29.0%  1743 2316s
   674   592 7.8429e+10   76 1136 6.0778e+10 7.8429e+10  29.0%  1736 2321s
   676   594 7.8429e+10   77 1156 6.0778e+10 7.8429e+10  29.0%  1732 2325s
   680   596 7.8429e+10   79 1154 6.0778e+10 7.8429e+10  29.0%  1723 2330s
   683   598 7.8429e+10   81 1097 6.0778e+10 7.8429e+10  29.0%  1717 2336s
   685   600 7.8429e+10   82 1110 6.0778e+10 7.8429e+10  29.0%  1712 2340s
   689   602 7.8429e+10   84 1101 6.0778e+10 7.8429e+10  29.0%  1703 2345s
   691   604 7.8429e+10   85 1108 6.0778e+10 7.8429e+10  29.0%  1699 2350s
   692   604 7.8429e+10   85 1243 6.0778e+10 7.8429e+10  29.0%  1697 2355s
   695   606 7.8429e+10   87 1183 6.0778e+10 7.8429e+10  29.0%  1691 2360s
   699   609 7.8429e+10   89 1086 6.0778e+10 7.8429e+10  29.0%  1683 2366s
   703   612 7.8429e+10   91 1165 6.0778e+10 7.8429e+10  29.0%  1675 2372s
   706   614 7.8429e+10   93 1039 6.0778e+10 7.8429e+10  29.0%  1668 2375s
   709   616 7.8429e+10   94 1000 6.0778e+10 7.8429e+10  29.0%  1662 2380s
   711   617 7.8429e+10   95 1018 6.0778e+10 7.8429e+10  29.0%  1659 2385s
   715   620 7.8429e+10   97 1073 6.0778e+10 7.8429e+10  29.0%  1651 2390s
   719   622 7.8429e+10   99 1015 6.0778e+10 7.8429e+10  29.0%  1642 2395s
   722   624 7.8429e+10  101 1062 6.0778e+10 7.8429e+10  29.0%  1635 2400s
   725   626 7.8429e+10  103 1068 6.0778e+10 7.8429e+10  29.0%  1629 2405s
   729   629 7.8429e+10  105 1084 6.0778e+10 7.8429e+10  29.0%  1620 2411s
   732   631 7.8429e+10  106 1108 6.0778e+10 7.8429e+10  29.0%  1614 2415s
   735   633 7.8429e+10  108 1090 6.0778e+10 7.8429e+10  29.0%  1609 2420s
   739   636 7.8429e+10  110 1079 6.0778e+10 7.8429e+10  29.0%  1602 2428s
   741   637 7.8429e+10  111 1073 6.0778e+10 7.8429e+10  29.0%  1598 2432s
   744   639 7.8429e+10  112 1073 6.0778e+10 7.8429e+10  29.0%  1592 2436s
   746   640 7.8429e+10  113 1022 6.0778e+10 7.8429e+10  29.0%  1588 2440s
   749   640 infeasible  115      6.0778e+10 7.8429e+10  29.0%  1583 2445s
   753   643 7.8429e+10  117 1145 6.0778e+10 7.8429e+10  29.0%  1575 2450s
   756   645 7.8429e+10  118 1145 6.0778e+10 7.8429e+10  29.0%  1569 2455s
   759   645 7.8429e+10  119 1145 6.0778e+10 7.8429e+10  29.0%  1566 2460s
   763   646 7.8429e+10  122 1148 6.0778e+10 7.8429e+10  29.0%  1558 2465s
   767   648 7.8429e+10  124 1071 6.0778e+10 7.8429e+10  29.0%  1550 2471s
   769   650 7.8429e+10  125 1063 6.0778e+10 7.8429e+10  29.0%  1546 2479s
   770   648 infeasible  125      6.0778e+10 7.8429e+10  29.0%  1545 2481s
   773   650 7.8429e+10  127 1037 6.0778e+10 7.8429e+10  29.0%  1540 2487s
   775   650 7.8429e+10  128 1054 6.0778e+10 7.8429e+10  29.0%  1536 2490s
   780   653 7.8429e+10  130 1028 6.0778e+10 7.8429e+10  29.0%  1527 2495s
   783   653 7.8429e+10  132 1041 6.0778e+10 7.8429e+10  29.0%  1522 2500s
   789   651 infeasible  134      6.0778e+10 7.8429e+10  29.0%  1510 2505s
   793   648 7.8429e+10   16 1085 6.0778e+10 7.8429e+10  29.0%  1504 2510s
   796   650 7.8429e+10   19 1460 6.0778e+10 7.8429e+10  29.0%  1502 2518s
   797   650 7.8429e+10   20 1456 6.0778e+10 7.8429e+10  29.0%  1502 2523s
   798   651 7.8429e+10   21 1474 6.0778e+10 7.8429e+10  29.0%  1500 2526s
   800   652 7.8429e+10   23 1497 6.0778e+10 7.8429e+10  29.0%  1496 2533s
   801   653 7.8429e+10   24 1478 6.0778e+10 7.8429e+10  29.0%  1495 2536s
   802   654 7.8429e+10   24 1916 6.0778e+10 7.8429e+10  29.0%  1498 2543s
   803   654 7.8429e+10   25 1474 6.0778e+10 7.8429e+10  29.0%  1496 2545s
   804   655 7.8429e+10   26 1456 6.0778e+10 7.8429e+10  29.0%  1494 2550s
   805   656 7.8429e+10   26 1423 6.0778e+10 7.8429e+10  29.0%  1495 2555s
   807   657 7.8429e+10   27 1531 6.0778e+10 7.8429e+10  29.0%  1493 2563s
   808   658 7.8429e+10   28 1358 6.0778e+10 7.8429e+10  29.0%  1492 2568s
   809   658 7.8429e+10   28 1858 6.0778e+10 7.8429e+10  29.0%  1495 2573s
   810   659 7.8429e+10   29 1339 6.0778e+10 7.8429e+10  29.0%  1494 2580s
   811   660 7.8429e+10   29 1318 6.0778e+10 7.8429e+10  29.0%  1493 2585s
   813   661 7.8429e+10   31 1424 6.0778e+10 7.8429e+10  29.0%  1491 2593s
   814   662 7.8429e+10   32 1443 6.0778e+10 7.8429e+10  29.0%  1490 2596s
   816   663 7.8429e+10   33 1391 6.0778e+10 7.8429e+10  29.0%  1500 2609s
   817   664 7.8429e+10   34 1429 6.0778e+10 7.8429e+10  29.0%  1499 2614s
   818   664 7.8429e+10   34 1387 6.0778e+10 7.8429e+10  29.0%  1498 2617s
   819   665 7.8429e+10   35 1435 6.0778e+10 7.8429e+10  29.0%  1496 2621s
   820   666 7.8429e+10   35 1412 6.0778e+10 7.8429e+10  29.0%  1496 2627s
   821   666 7.8429e+10   36 1404 6.0778e+10 7.8429e+10  29.0%  1494 2632s
   822   667 7.8429e+10   36 1429 6.0778e+10 7.8429e+10  29.0%  1493 2635s
   824   668 7.8429e+10   37 1316 6.0778e+10 7.8429e+10  29.0%  1491 2646s
   825   669 7.8429e+10   38 1297 6.0778e+10 7.8429e+10  29.0%  1490 2650s
   827   670 7.8429e+10   40 1322 6.0778e+10 7.8429e+10  29.0%  1487 2660s
   828   671 7.8429e+10   40 1158 6.0778e+10 7.8429e+10  29.0%  1486 2669s
   829   672 7.8429e+10   41 1273 6.0778e+10 7.8429e+10  29.0%  1485 2672s
   830   672 7.8429e+10   42 1283 6.0778e+10 7.8429e+10  29.0%  1483 2675s
   831   673 7.8429e+10   42 1279 6.0778e+10 7.8429e+10  29.0%  1483 2680s
   833   674 7.8429e+10   43 1354 6.0778e+10 7.8429e+10  29.0%  1482 2689s
   834   675 7.8429e+10   44 1333 6.0778e+10 7.8429e+10  29.0%  1481 2693s
   835   676 7.8429e+10   44 1302 6.0778e+10 7.8429e+10  29.0%  1480 2696s
   836   676 7.8429e+10   45 1346 6.0778e+10 7.8429e+10  29.0%  1478 2700s
   837   677 7.8429e+10   45 1356 6.0778e+10 7.8429e+10  29.0%  1478 2706s
   839   678 7.8429e+10   46 1462 6.0778e+10 7.8429e+10  29.0%  1478 2714s
   840   679 7.8429e+10   47 1374 6.0778e+10 7.8429e+10  29.0%  1477 2718s
   841   680 7.8429e+10   47 1360 6.0778e+10 7.8429e+10  29.0%  1475 2721s
   842   680 7.8429e+10   48 1393 6.0778e+10 7.8429e+10  29.0%  1474 2725s
   843   681 7.8429e+10   48 1451 6.0778e+10 7.8429e+10  29.0%  1473 2730s
   845   682 7.8429e+10   49 1754 6.0778e+10 7.8429e+10  29.0%  1476 2737s
   846   683 7.8429e+10   50 1383 6.0778e+10 7.8429e+10  29.0%  1475 2741s
   848   684 7.8429e+10   51 1297 6.0778e+10 7.8429e+10  29.0%  1473 2747s
   849   685 7.8429e+10   51 1292 6.0778e+10 7.8429e+10  29.0%  1472 2752s
   850   686 7.8429e+10   52 1291 6.0778e+10 7.8429e+10  29.0%  1471 2756s
   852   687 7.8429e+10   53 1340 6.0778e+10 7.8429e+10  29.0%  1468 2762s
   853   688 7.8429e+10   53 1298 6.0778e+10 7.8429e+10  29.0%  1467 2766s
   854   688 7.8429e+10   54 1290 6.0778e+10 7.8429e+10  29.0%  1467 2773s
   855   689 7.8429e+10   54 1337 6.0778e+10 7.8429e+10  29.0%  1466 2776s
   857   690 7.8429e+10   55 1374 6.0778e+10 7.8429e+10  29.0%  1464 2783s
   858   691 7.8429e+10   56 1350 6.0778e+10 7.8429e+10  29.0%  1464 2790s
   860   692 7.8429e+10   57 1355 6.0778e+10 7.8429e+10  29.0%  1462 2797s
   861   693 7.8429e+10   57 1403 6.0778e+10 7.8429e+10  29.0%  1461 2801s
   863   694 7.8429e+10   58 1287 6.0778e+10 7.8429e+10  29.0%  1459 2806s
   865   696 7.8429e+10   59 1469 6.0778e+10 7.8429e+10  29.0%  1457 2812s
   866   696 7.8429e+10   60 1399 6.0778e+10 7.8429e+10  29.0%  1456 2818s
   867   697 7.8429e+10   60 1403 6.0778e+10 7.8429e+10  29.0%  1456 2821s
   869   698 7.8429e+10   61 1396 6.0778e+10 7.8429e+10  29.0%  1453 2826s
   870   699 7.8429e+10   62 1474 6.0778e+10 7.8429e+10  29.0%  1453 2831s
   872   700 7.8429e+10   63 1262 6.0778e+10 7.8429e+10  29.0%  1450 2837s
   873   701 7.8429e+10   63 1454 6.0778e+10 7.8429e+10  29.0%  1450 2842s
   875   702 7.8429e+10   64 1317 6.0778e+10 7.8429e+10  29.0%  1447 2847s
   877   704 7.8429e+10   65 1304 6.0778e+10 7.8429e+10  29.0%  1445 2852s
   878   704 7.8429e+10   66 1239 6.0778e+10 7.8429e+10  29.0%  1444 2856s
   879   705 7.8429e+10   66 1354 6.0778e+10 7.8429e+10  29.0%  1443 2860s
   881   706 7.8429e+10   67 1260 6.0778e+10 7.8429e+10  29.0%  1440 2869s
   882   707 7.8429e+10   68 1329 6.0778e+10 7.8429e+10  29.0%  1439 2872s
   884   708 7.8429e+10   69 1369 6.0778e+10 7.8429e+10  29.0%  1436 2878s
   885   709 7.8429e+10   69 1337 6.0778e+10 7.8429e+10  29.0%  1435 2883s
   886   710 7.8429e+10   70 1449 6.0778e+10 7.8429e+10  29.0%  1435 2890s
   888   711 7.8429e+10   71 1455 6.0778e+10 7.8429e+10  29.0%  1432 2895s
   889   712 7.8429e+10   72 1431 6.0778e+10 7.8429e+10  29.0%  1431 2901s
   891   713 7.8429e+10   74 1430 6.0778e+10 7.8429e+10  29.0%  1429 2909s
   892   714 7.8429e+10   74 1477 6.0778e+10 7.8429e+10  29.0%  1429 2913s
   893   714 7.8429e+10   75 1394 6.0778e+10 7.8429e+10  29.0%  1427 2915s
   895   716 7.8429e+10   76 1470 6.0778e+10 7.8429e+10  29.0%  1425 2924s
   896   716 7.8429e+10   76 1433 6.0778e+10 7.8429e+10  29.0%  1424 2927s
   897   717 7.8429e+10   77 1788 6.0778e+10 7.8429e+10  29.0%  1428 2934s
   898   718 7.8429e+10   77 1606 6.0778e+10 7.8429e+10  29.0%  1427 2939s
   899   718 7.8429e+10   78 1609 6.0778e+10 7.8429e+10  29.0%  1426 2942s
   901   720 7.8429e+10   79 1594 6.0778e+10 7.8429e+10  29.0%  1426 2949s
   902   720 7.8429e+10   79 1588 6.0778e+10 7.8429e+10  29.0%  1425 2954s
   903   721 7.8429e+10   80 1547 6.0778e+10 7.8429e+10  29.0%  1425 2958s
   904   722 7.8429e+10   80 1574 6.0778e+10 7.8429e+10  29.0%  1424 2960s
   906   723 7.8429e+10   81 1437 6.0778e+10 7.8429e+10  29.0%  1422 2966s
   908   724 7.8429e+10   82 1544 6.0778e+10 7.8429e+10  29.0%  1420 2974s
   909   725 7.8429e+10   83 1515 6.0778e+10 7.8429e+10  29.0%  1418 2979s
   910   726 7.8429e+10   83 1555 6.0778e+10 7.8429e+10  29.0%  1417 2981s
   911   726 7.8429e+10   84 1492 6.0778e+10 7.8429e+10  29.0%  1416 2985s
   913   728 7.8429e+10   85 1517 6.0778e+10 7.8429e+10  29.0%  1414 2990s
   915   729 7.8429e+10   86 1510 6.0778e+10 7.8429e+10  29.0%  1411 2995s
   918   731 7.8429e+10   87 1511 6.0778e+10 7.8429e+10  29.0%  1408 3002s
   920   732 7.8429e+10   88 1395 6.0778e+10 7.8429e+10  29.0%  1406 3009s
   921   733 7.8429e+10   89 1338 6.0778e+10 7.8429e+10  29.0%  1405 3012s
   923   734 7.8429e+10   90 1286 6.0778e+10 7.8429e+10  29.0%  1403 3016s
   924   735 7.8429e+10   90 1367 6.0778e+10 7.8429e+10  29.0%  1402 3020s
   927   737 7.8429e+10   92 1366 6.0778e+10 7.8429e+10  29.0%  1400 3026s
   929   738 7.8429e+10   93 1281 6.0778e+10 7.8429e+10  29.0%  1397 3030s
   931   740 7.8429e+10   94 1256 6.0778e+10 7.8429e+10  29.0%  1395 3035s
   933   741 7.8429e+10   95 1336 6.0778e+10 7.8429e+10  29.0%  1394 3041s
   935   742 7.8429e+10   96 1424 6.0778e+10 7.8429e+10  29.0%  1391 3051s
   937   744 7.8429e+10   97 1349 6.0778e+10 7.8429e+10  29.0%  1389 3055s
   940   746 7.8429e+10   98 1314 6.0778e+10 7.8429e+10  29.0%  1386 3063s
   941   746 7.8429e+10   99 1260 6.0778e+10 7.8429e+10  29.0%  1384 3065s
   943   748 7.8429e+10  100 1282 6.0778e+10 7.8429e+10  29.0%  1382 3070s
   946   750 7.8429e+10  101 1398 6.0778e+10 7.8429e+10  29.0%  1379 3077s
   948   751 7.8429e+10  102 1292 6.0778e+10 7.8429e+10  29.0%  1377 3080s
   950   752 7.8429e+10  103 1176 6.0778e+10 7.8429e+10  29.0%  1375 3085s
   953   754 7.8429e+10  105  992 6.0778e+10 7.8429e+10  29.0%  1371 3091s
   957   755 7.8429e+10  107  986 6.0778e+10 7.8429e+10  29.0%  1367 3097s
   959   756 7.8429e+10  108 1010 6.0778e+10 7.8429e+10  29.0%  1364 3103s
   961   758 7.8429e+10  109 1024 6.0778e+10 7.8429e+10  29.0%  1362 3107s
   962   758 7.8429e+10  109 1023 6.0778e+10 7.8429e+10  29.0%  1361 3265s
   964   760 7.8429e+10  110 1023 6.0778e+10 7.8429e+10  29.0%  1358 3270s
   967   762 7.8429e+10  112 1135 6.0778e+10 7.8429e+10  29.0%  1355 3280s
   970   764 7.8429e+10  113 1109 6.0778e+10 7.8429e+10  29.0%  1351 3287s
   971   764 7.8429e+10  114  984 6.0778e+10 7.8429e+10  29.0%  1350 3290s
   975   767 7.8429e+10  116  964 6.0778e+10 7.8429e+10  29.0%  1345 3296s
   978   769 7.8429e+10  117  960 6.0778e+10 7.8429e+10  29.0%  1341 3300s
   981   771 7.8429e+10  119  949 6.0778e+10 7.8429e+10  29.0%  1337 3306s
   984   773 7.8429e+10  120  945 6.0778e+10 7.8429e+10  29.0%  1334 3311s
   987   775 7.8429e+10  122 1042 6.0778e+10 7.8429e+10  29.0%  1330 3315s
   989   776 7.8429e+10  123 1078 6.0778e+10 7.8429e+10  29.0%  1328 3326s
   992   778 7.8429e+10  124 1074 6.0778e+10 7.8429e+10  29.0%  1324 3330s
   996   779 infeasible  126      6.0778e+10 7.8429e+10  29.0%  1322 3336s
   998   778 7.8429e+10  127 1045 6.0778e+10 7.8429e+10  29.0%  1323 3341s
  1000   778 infeasible  128      6.0778e+10 7.8429e+10  29.0%  1325 3351s
  1001   778 7.8429e+10  129 1264 6.0778e+10 7.8429e+10  29.0%  1326 3356s
  1002   779 7.8429e+10  129 1020 6.0778e+10 7.8429e+10  29.0%  1326 3361s
  1004   780 7.8429e+10  130 1084 6.0778e+10 7.8429e+10  29.0%  1324 3366s
  1006   782 7.8429e+10  131 1263 6.0778e+10 7.8429e+10  29.0%  1322 3370s
  1010   782 7.8429e+10  133  834 6.0778e+10 7.8429e+10  29.0%  1318 3376s
  1012   784 7.8429e+10  134  863 6.0778e+10 7.8429e+10  29.0%  1316 3380s
  1014   783 infeasible  135      6.0778e+10 7.8429e+10  29.0%  1318 3394s
  1015   782 infeasible  135      6.0778e+10 7.8429e+10  29.0%  1319 3396s
  1016   780 infeasible  135      6.0778e+10 7.8429e+10  29.0%  1321 3403s
  1017   779 infeasible  135      6.0778e+10 7.8429e+10  29.0%  1324 3409s
  1018   778 infeasible  134      6.0778e+10 7.8429e+10  29.0%  1325 3412s
  1019   776 infeasible  134      6.0778e+10 7.8429e+10  29.0%  1327 3417s
  1020   775 infeasible  133      6.0778e+10 7.8429e+10  29.0%  1329 3422s
  1021   776 7.8429e+10  118  985 6.0778e+10 7.8429e+10  29.0%  1328 3463s
  1022   776 7.8429e+10  119  943 6.0778e+10 7.8429e+10  29.0%  1328 3466s
  1024   778 7.8429e+10  121 1020 6.0778e+10 7.8429e+10  29.0%  1326 3471s
  1028   780 7.8429e+10  124 1025 6.0778e+10 7.8429e+10  29.0%  1321 3478s
  1029   781 7.8429e+10  125  974 6.0778e+10 7.8429e+10  29.0%  1320 3480s
  1032   783 7.8429e+10  126  959 6.0778e+10 7.8429e+10  29.0%  1317 3485s
  1035   785 7.8429e+10  128  940 6.0778e+10 7.8429e+10  29.0%  1314 3490s
  1039   788 7.8429e+10  130 1011 6.0778e+10 7.8429e+10  29.0%  1309 3496s
  1042   790 7.8429e+10  132 1106 6.0778e+10 7.8429e+10  29.0%  1307 3501s
  1045   792 7.8429e+10  133  843 6.0778e+10 7.8429e+10  29.0%  1305 3506s
  1047   793 7.8429e+10  134  845 6.0778e+10 7.8429e+10  29.0%  1303 3510s
  1048   794 7.8429e+10  135  805 6.0778e+10 7.8429e+10  29.0%  1302 3579s
  1049   794 7.8429e+10  135  799 6.0778e+10 7.8429e+10  29.0%  1300 3581s
  1051   796 7.8429e+10  136  813 6.0778e+10 7.8429e+10  29.0%  1298 3585s
  1054   794 7.8429e+10  137  811 6.0778e+10 7.8429e+10  29.0%  1296 3591s

Cutting planes:
  Gomory: 1
  Lift-and-project: 2
  Cover: 125
  Implied bound: 163
  Clique: 85
  MIR: 18
  Flow cover: 223
  Inf proof: 1
  Zero half: 1482
  RLT: 166
  Relax-and-lift: 92

Explored 1056 nodes (1703172 simplex iterations) in 3593.55 seconds (2303.86 work units)
Thread count was 1 (of 28 available processors)

Solution count 10: 6.07776e+10 5.89776e+10 5.87651e+10 ... 1.7856e+09

Time limit reached
Best objective 6.077757600000e+10, best bound 7.842873240000e+10, gap 29.0422%

User-callback calls 408494, time in user-callback 0.60 sec