Gurobi Optimizer version 12.0.3 build v12.0.3rc0 (linux64 - "Oracle Linux Server 9.4")

CPU model: Intel(R) Xeon(R) CPU E5-2660 v4 @ 2.00GHz, instruction set [SSE2|AVX|AVX2]
Thread count: 28 physical cores, 28 logical processors, using up to 1 threads

Non-default parameters:
TimeLimit  3594.78241568
SoftMemLimit  16
NumericFocus  1
Threads  1

Academic license 2690100 - for non-commercial use only - registered to ju___@uclm.es
Optimize a model with 72726 rows, 16561 columns and 313904 nonzeros
Model fingerprint: 0x1a97cabd
Variable types: 138 continuous, 16423 integer (16423 binary)
Coefficient statistics:
  Matrix range     [1e+00, 6e+12]
  Objective range  [3e+08, 1e+09]
  Bounds range     [2e+03, 1e+04]
  RHS range        [1e+00, 2e+14]
Warning: Model contains large matrix coefficient range
Warning: Model contains large objective coefficients
Warning: Model contains large rhs
Found heuristic solution: objective -0.0000000
Presolve removed 20557 rows and 2597 columns
Presolve time: 1.30s
Presolved: 52169 rows, 13964 columns, 184581 nonzeros
Variable types: 138 continuous, 13826 integer (13826 binary)

Use crossover to convert LP symmetric solution to basic solution...

Root relaxation: objective 8.309218e+10, 2860 iterations, 0.29 seconds (0.17 work units)
Total elapsed time = 6.60s (DegenMoves)

    Nodes    |    Current Node    |     Objective Bounds      |     Work
 Expl Unexpl |  Obj  Depth IntInf | Incumbent    BestBd   Gap | It/Node Time

     0     0 8.3092e+10    0  928   -0.00000 8.3092e+10      -     -   16s
H    0     0                    1.170000e+09 8.3092e+10  7002%     -   17s
H    0     0                    3.510000e+09 8.3092e+10  2267%     -   17s
H    0     0                    9.360000e+09 8.3092e+10   788%     -   17s
H    0     0                    2.077527e+10 8.3092e+10   300%     -   18s
H    0     0                    2.406874e+10 8.3092e+10   245%     -   22s
H    0     0                    2.595961e+10 8.3092e+10   220%     -   24s
     0     0 8.3092e+10    0  986 2.5960e+10 8.3092e+10   220%     -   31s
     0     0 8.3092e+10    0  921 2.5960e+10 8.3092e+10   220%     -   34s
     0     0 8.3092e+10    0  743 2.5960e+10 8.3092e+10   220%     -   58s
     0     0 8.3092e+10    0  731 2.5960e+10 8.3092e+10   220%     -   59s
     0     0 8.3092e+10    0  369 2.5960e+10 8.3092e+10   220%     -   68s
     0     0 8.3092e+10    0  323 2.5960e+10 8.3092e+10   220%     -   68s
     0     0 8.3092e+10    0  425 2.5960e+10 8.3092e+10   220%     -   83s
     0     0 8.3092e+10    0  478 2.5960e+10 8.3092e+10   220%     -   86s
     0     0 8.3092e+10    0  745 2.5960e+10 8.3092e+10   220%     -  110s
     0     0 8.3092e+10    0 1122 2.5960e+10 8.3092e+10   220%     -  124s
     0     0 8.3092e+10    0 1259 2.5960e+10 8.3092e+10   220%     -  151s
     0     0 8.3092e+10    0 1083 2.5960e+10 8.3092e+10   220%     -  164s
     0     0 8.3092e+10    0 1193 2.5960e+10 8.3092e+10   220%     -  195s
     0     0 8.3092e+10    0  881 2.5960e+10 8.3092e+10   220%     -  206s
     0     2 8.3092e+10    0  811 2.5960e+10 8.3092e+10   220%     -  259s
     1     3 8.3092e+10    1  620 2.5960e+10 8.3092e+10   220% 34704  262s
     2     4 8.3092e+10    1  855 2.5960e+10 8.3092e+10   220% 20506  265s
     4     6 8.3092e+10    2  960 2.5960e+10 8.3092e+10   220% 12969  270s
     5     7 8.3092e+10    3 2194 2.5960e+10 8.3092e+10   220% 13107  278s
     6     8 8.3092e+10    3  855 2.5960e+10 8.3092e+10   220% 11780  280s
     8    10 8.3092e+10    4  782 2.5960e+10 8.3092e+10   220% 10367  285s
    13    15 8.3092e+10    7  631 2.5960e+10 8.3092e+10   220%  6823  290s
    19    21 8.3092e+10   10  663 2.5960e+10 8.3092e+10   220%  4704  295s
H   26    26                    4.508647e+10 8.3092e+10  84.3%  3479  301s
H   26    26                    4.652500e+10 8.3092e+10  78.6%  3479  301s
H   27    27                    4.913353e+10 8.3092e+10  69.1%  3491  302s
    30    32 8.3092e+10   15  741 4.9134e+10 8.3092e+10  69.1%  3166  305s
    35    37 8.3092e+10   18  747 4.9134e+10 8.3092e+10  69.1%  2803  310s
    39    41 8.3092e+10   20  760 4.9134e+10 8.3092e+10  69.1%  2850  316s
    46    46 8.3092e+10   24  754 4.9134e+10 8.3092e+10  69.1%  2432  320s
H   52    48                    5.309100e+10 8.3092e+10  56.5%  2166  324s
    53    49 infeasible   27      5.3091e+10 8.3092e+10  56.5%  2132  325s
H   54    48                    5.572932e+10 8.3092e+10  49.1%  2092  326s
    61    53 8.3092e+10   31  780 5.5729e+10 8.3092e+10  49.1%  1864  330s
    70    58 8.3092e+10   35  777 5.5729e+10 8.3092e+10  49.1%  1641  335s
    76    63 8.3092e+10   39  917 5.5729e+10 8.3092e+10  49.1%  1518  340s
H   79    62                    5.704848e+10 8.3092e+10  45.7%  1468  343s
    81    66 8.3092e+10   42 1008 5.7048e+10 8.3092e+10  45.7%  1453  345s
    88    71 8.3092e+10   45 1003 5.7048e+10 8.3092e+10  45.7%  1365  350s
    96    79 8.3092e+10   49 1038 5.7048e+10 8.3092e+10  45.7%  1266  355s
   103    84 8.3092e+10   52 1111 5.7048e+10 8.3092e+10  45.7%  1193  360s
H  105    84                    6.436680e+10 8.3092e+10  29.1%  1170  362s
H  108    87                    6.553680e+10 8.3092e+10  26.8%  1141  365s
   125   104 8.3092e+10   64  910 6.5537e+10 8.3092e+10  26.8%  1046  370s
   131   110 8.3092e+10   67  921 6.5537e+10 8.3092e+10  26.8%  1008  376s
H  135   112                    6.717575e+10 8.3092e+10  23.7%   983  377s
   157   136 8.3092e+10   80 1002 6.7176e+10 8.3092e+10  23.7%   863  380s
   183   156 8.3092e+10   93  921 6.7176e+10 8.3092e+10  23.7%   753  396s
   209   170 8.3092e+10  106  976 6.7176e+10 8.3092e+10  23.7%   670  411s
   244   181 8.3092e+10    8 1010 6.7176e+10 8.3092e+10  23.7%   592  415s
   252   189 8.3092e+10   16  944 6.7176e+10 8.3092e+10  23.7%   579  420s
   265   202 8.3092e+10   24  904 6.7176e+10 8.3092e+10  23.7%   572  425s
   301   238 8.3092e+10   42  917 6.7176e+10 8.3092e+10  23.7%   527  430s
   349   277 8.3092e+10   66  923 6.7176e+10 8.3092e+10  23.7%   473  435s
   396   308 8.3092e+10   91  978 6.7176e+10 8.3092e+10  23.7%   429  440s
   434   318 8.3092e+10  110 1041 6.7176e+10 8.3092e+10  23.7%   405  445s
   488   332 8.3092e+10  139 1067 6.7176e+10 8.3092e+10  23.7%   369  451s
   517   339 8.3092e+10    8  890 6.7176e+10 8.3092e+10  23.7%   358  455s
   543   365 8.3092e+10   29  873 6.7176e+10 8.3092e+10  23.7%   345  460s
   570   392 8.3092e+10   44  829 6.7176e+10 8.3092e+10  23.7%   336  466s
   597   417 8.3092e+10   58  806 6.7176e+10 8.3092e+10  23.7%   328  472s
   623   442 8.3092e+10    2  881 6.7176e+10 8.3092e+10  23.7%   320  507s
   625   443 8.3092e+10   62  261 6.7176e+10 8.3092e+10  23.7%   319  513s
   626   444 8.3092e+10   80  583 6.7176e+10 8.3092e+10  23.7%   319  541s
   627   445 8.3092e+10   99  773 6.7176e+10 8.3092e+10  23.7%   318  559s
   628   445 8.3092e+10    2  843 6.7176e+10 8.3092e+10  23.7%   318  595s
   629   446 8.3092e+10   10 1011 6.7176e+10 8.3092e+10  23.7%   317  620s
   630   447 8.3092e+10   70  963 6.7176e+10 8.3092e+10  23.7%   317  660s
   631   447 8.3092e+10   20  953 6.7176e+10 8.3092e+10  23.7%   316  677s
H  631   424                    6.770975e+10 8.3092e+10  22.7%   316  715s
   633   426 8.3092e+10   86  961 6.7710e+10 8.3092e+10  22.7%   315  735s
   634   426 8.3092e+10   23  773 6.7710e+10 8.3092e+10  22.7%   315  769s
   635   427 8.3092e+10   44  956 6.7710e+10 8.3092e+10  22.7%   314  790s
   636   428 8.3092e+10  110  888 6.7710e+10 8.3092e+10  22.7%   314  833s
   637   428 8.3092e+10   78  902 6.7710e+10 8.3092e+10  22.7%   313  853s
   638   429 8.3092e+10   69  941 6.7710e+10 8.3092e+10  22.7%   313  893s
   639   430 8.3092e+10   34  888 6.7710e+10 8.3092e+10  22.7%   312  909s
   640   430 8.3092e+10   61  740 6.7710e+10 8.3092e+10  22.7%   312  950s
   641   431 8.3092e+10  148  812 6.7710e+10 8.3092e+10  22.7%   311  965s
   642   432 8.3092e+10  113  917 6.7710e+10 8.3092e+10  22.7%   311 1002s
   643   432 8.3092e+10   52  879 6.7710e+10 8.3092e+10  22.7%   310 1019s
   644   433 8.3092e+10   21  902 6.7710e+10 8.3092e+10  22.7%   310 1055s
   645   434 8.3092e+10   39  856 6.7710e+10 8.3092e+10  22.7%   309 1086s
   646   434 8.3092e+10   15  856 6.7710e+10 8.3092e+10  22.7%   309 1109s
   647   437 8.3092e+10   10  542 6.7710e+10 8.3092e+10  22.7%  2115 1172s
   648   438 8.3092e+10   10  838 6.7710e+10 8.3092e+10  22.7%  2139 1182s
   649   438 8.3092e+10   11  581 6.7710e+10 8.3092e+10  22.7%  2147 1186s
   650   439 8.3092e+10   12  841 6.7710e+10 8.3092e+10  22.7%  2152 1190s
   651   440 8.3092e+10   13  636 6.7710e+10 8.3092e+10  22.7%  2168 1198s
   652   440 8.3092e+10   13  906 6.7710e+10 8.3092e+10  22.7%  2182 1203s
   653   441 7.8805e+10   14 1220 6.7710e+10 8.3092e+10  22.7%  2202 1212s
   654   442 8.3092e+10   14  935 6.7710e+10 8.3092e+10  22.7%  2219 1219s
   655   442 8.3092e+10   15  899 6.7710e+10 8.3092e+10  22.7%  2216 1220s
   658   444 8.3092e+10   18 1420 6.7710e+10 8.3092e+10  22.7%  2210 1233s
   660   446 8.3092e+10   20 1233 6.7710e+10 8.3092e+10  22.7%  2204 1235s
   661   446 8.3092e+10   21 2250 6.7710e+10 8.3092e+10  22.7%  2213 1245s
   663   448 8.3092e+10   22 1324 6.7710e+10 8.3092e+10  22.7%  2217 1252s
   664   448 8.3092e+10   23 1332 6.7710e+10 8.3092e+10  22.7%  2215 1255s
   666   450 8.2020e+10   25 1182 6.7710e+10 8.3092e+10  22.7%  2212 1261s
   668   451 8.2715e+10   26 1108 6.7710e+10 8.3092e+10  22.7%  2212 1266s
   670   452 8.2715e+10   28 1121 6.7710e+10 8.3092e+10  22.7%  2206 1271s
   672   454 8.2715e+10   30 1118 6.7710e+10 8.3092e+10  22.7%  2200 1281s
   674   455 8.2715e+10   32 1183 6.7710e+10 8.3092e+10  22.7%  2195 1286s
   676   456 8.2715e+10   34 1175 6.7710e+10 8.3092e+10  22.7%  2189 1290s
   679   458 8.2715e+10   37 1196 6.7710e+10 8.3092e+10  22.7%  2180 1297s
   681   460 8.2715e+10   39 1194 6.7710e+10 8.3092e+10  22.7%  2174 1301s
   683   461 8.2715e+10   41 1194 6.7710e+10 8.3092e+10  22.7%  2167 1305s
   686   463 8.2715e+10   43 1170 6.7710e+10 8.3092e+10  22.7%  2159 1311s
   692   457 8.3092e+10   11  972 6.7710e+10 8.3092e+10  22.7%  2169 1327s
   694   456 8.3092e+10   12 1394 6.7710e+10 8.3092e+10  22.7%  2167 1332s
   696   458 8.3092e+10   14 1377 6.7710e+10 8.3092e+10  22.7%  2162 1336s
   698   459 8.3092e+10   16 1374 6.7710e+10 8.3092e+10  22.7%  2157 1343s
   699   460 8.3092e+10   17 1384 6.7710e+10 8.3092e+10  22.7%  2154 1345s
   702   462 8.3092e+10   20 1353 6.7710e+10 8.3092e+10  22.7%  2146 1351s
   705   464 8.3092e+10   23 1246 6.7710e+10 8.3092e+10  22.7%  2138 1356s
   707   465 8.3092e+10   25 1346 6.7710e+10 8.3092e+10  22.7%  2134 1371s
   709   466 8.3092e+10   27 1366 6.7710e+10 8.3092e+10  22.7%  2129 1375s
   712   468 8.3092e+10   30 1336 6.7710e+10 8.3092e+10  22.7%  2122 1382s
   714   470 8.3092e+10   32 1379 6.7710e+10 8.3092e+10  22.7%  2117 1386s
   716   471 8.3092e+10   34 1407 6.7710e+10 8.3092e+10  22.7%  2112 1391s
   718   472 8.3092e+10   36 1322 6.7710e+10 8.3092e+10  22.7%  2106 1395s
   719   473 8.0282e+10   37 1237 6.7710e+10 8.3092e+10  22.7%  2124 1411s
   721   474 8.3092e+10   38 1402 6.7710e+10 8.3092e+10  22.7%  2122 1418s
   722   473 infeasible   38      6.7710e+10 8.3092e+10  22.7%  2122 1421s
   725   471 8.0282e+10   38 1237 6.7710e+10 8.3092e+10  22.7%  2114 1466s
   726   472 8.0282e+10   39 1486 6.7710e+10 8.3092e+10  22.7%  2130 1479s
   727   472 8.0282e+10   40 1479 6.7710e+10 8.3092e+10  22.7%  2127 1483s
   728   473 8.0282e+10   41 1459 6.7710e+10 8.3092e+10  22.7%  2125 1486s
   729   474 8.0282e+10   42 1443 6.7710e+10 8.3092e+10  22.7%  2122 1490s
   731   475 8.0282e+10   44 1353 6.7710e+10 8.3092e+10  22.7%  2116 1496s
   732   476 8.0282e+10   45 1337 6.7710e+10 8.3092e+10  22.7%  2114 1500s
   734   477 8.0282e+10   47 1302 6.7710e+10 8.3092e+10  22.7%  2108 1506s
   736   478 8.0282e+10   49 1284 6.7710e+10 8.3092e+10  22.7%  2103 1512s
   737   479 8.0282e+10   50 1284 6.7710e+10 8.3092e+10  22.7%  2100 1515s
   739   480 8.0282e+10   52 1284 6.7710e+10 8.3092e+10  22.7%  2094 1521s
   741   482 8.0282e+10   54 1269 6.7710e+10 8.3092e+10  22.7%  2089 1526s
   743   483 8.0282e+10   56 1253 6.7710e+10 8.3092e+10  22.7%  2084 1532s
   744   484 8.0282e+10   57 1252 6.7710e+10 8.3092e+10  22.7%  2081 1535s
   746   485 8.0282e+10   59 1251 6.7710e+10 8.3092e+10  22.7%  2076 1542s
   747   486 8.0282e+10   60 1239 6.7710e+10 8.3092e+10  22.7%  2074 1545s
   750   484 infeasible   62      6.7710e+10 8.3092e+10  22.7%  2067 1550s
   753   482 8.3092e+10   12  950 6.7710e+10 8.3092e+10  22.7%  2107 1584s
   754   482 8.3092e+10   13 1159 6.7710e+10 8.3092e+10  22.7%  2106 1589s
   755   483 8.3092e+10   14 1204 6.7710e+10 8.3092e+10  22.7%  2104 1592s
   757   484 8.3092e+10   16 1278 6.7710e+10 8.3092e+10  22.7%  2100 1597s
   759   486 8.3092e+10   18 1273 6.7710e+10 8.3092e+10  22.7%  2095 1601s
   762   488 8.3092e+10   21 1219 6.7710e+10 8.3092e+10  22.7%  2089 1605s
   765   490 8.3092e+10   24 1215 6.7710e+10 8.3092e+10  22.7%  2082 1610s
   769   492 8.3092e+10   27 1231 6.7710e+10 8.3092e+10  22.7%  2074 1615s
   770   493 8.3092e+10   28 1104 6.7710e+10 8.3092e+10  22.7%  2086 1626s
   771   494 8.3092e+10   28 1279 6.7710e+10 8.3092e+10  22.7%  2087 1632s
   773   495 8.3092e+10   30 1409 6.7710e+10 8.3092e+10  22.7%  2083 1636s
   775   496 8.3092e+10   31 1413 6.7710e+10 8.3092e+10  22.7%  2078 1640s
   777   498 8.0752e+10   32 1692 6.7710e+10 8.3092e+10  22.7%  2092 1652s
   779   499 8.3092e+10   34 1375 6.7710e+10 8.3092e+10  22.7%  2088 1815s
   782   501 8.3092e+10   36 1318 6.7710e+10 8.3092e+10  22.7%  2084 1822s
   783   502 8.3092e+10   36 1366 6.7710e+10 8.3092e+10  22.7%  2082 1825s
   786   504 8.3092e+10   38 1325 6.7710e+10 8.3092e+10  22.7%  2077 1831s
   788   505 8.3092e+10   39 1969 6.7710e+10 8.3092e+10  22.7%  2092 1845s
   790   506 8.3092e+10   40 1783 6.7710e+10 8.3092e+10  22.7%  2104 1855s
   792   508 8.3092e+10   41 1927 6.7710e+10 8.3092e+10  22.7%  2120 1867s
   794   509 8.3092e+10   42 1506 6.7710e+10 8.3092e+10  22.7%  2119 1872s
   796   510 8.3092e+10   43 1258 6.7710e+10 8.3092e+10  22.7%  2115 1875s
   799   512 8.3092e+10   44 1262 6.7710e+10 8.3092e+10  22.7%  2108 1880s
   802   514 8.3092e+10   46 1269 6.7710e+10 8.3092e+10  22.7%  2103 1886s
   804   516 8.3092e+10   47 1269 6.7710e+10 8.3092e+10  22.7%  2101 1890s
   806   517 8.3092e+10   48 1265 6.7710e+10 8.3092e+10  22.7%  2097 1895s
   808   518 8.3092e+10   50 1311 6.7710e+10 8.3092e+10  22.7%  2095 1903s
   810   520 8.3092e+10   51 1151 6.7710e+10 8.3092e+10  22.7%  2091 1906s
   814   522 8.3092e+10   53 1126 6.7710e+10 8.3092e+10  22.7%  2082 1911s
   817   524 8.3092e+10   54 1190 6.7710e+10 8.3092e+10  22.7%  2075 1916s
   819   524 8.3092e+10   55 1224 6.7710e+10 8.3092e+10  22.7%  2072 1920s
   820   524 7.6072e+10   55 1054 6.7710e+10 8.3092e+10  22.7%  2075 1929s
   821   525 7.3732e+10   56  944 6.7710e+10 8.3092e+10  22.7%  2075 1933s
   822   526 7.6072e+10   56 1226 6.7710e+10 8.3092e+10  22.7%  2077 1938s
   823   524 infeasible   57      6.7710e+10 8.3092e+10  22.7%  2078 1941s
   826   520 infeasible   57      6.7710e+10 8.3092e+10  22.7%  2074 1945s
   827   519     cutoff   56      6.7710e+10 8.3092e+10  22.7%  2076 1950s
   830   519 8.3092e+10   23 1379 6.7710e+10 8.3092e+10  22.7%  2087 1965s
   832   520 8.3092e+10   25 1472 6.7710e+10 8.3092e+10  22.7%  2083 1971s
   835   522 8.3092e+10   28 1448 6.7710e+10 8.3092e+10  22.7%  2077 1976s
   838   524 8.3092e+10   31 1428 6.7710e+10 8.3092e+10  22.7%  2071 1980s
   842   527 8.3092e+10   34 1420 6.7710e+10 8.3092e+10  22.7%  2063 1985s
   846   530 8.3092e+10   37 1419 6.7710e+10 8.3092e+10  22.7%  2054 2008s
   848   531 8.3092e+10   38 1429 6.7710e+10 8.3092e+10  22.7%  2051 2010s
   853   534 8.3092e+10   40 1466 6.7710e+10 8.3092e+10  22.7%  2040 2016s
   856   536 8.3092e+10   42 1373 6.7710e+10 8.3092e+10  22.7%  2037 2021s
   859   538 8.3092e+10   43 1268 6.7710e+10 8.3092e+10  22.7%  2034 2025s
   862   540 8.3092e+10   45 1362 6.7710e+10 8.3092e+10  22.7%  2033 2030s
   866   543 8.3092e+10   47 1332 6.7710e+10 8.3092e+10  22.7%  2024 2035s
   871   546 8.3092e+10   50 1360 6.7710e+10 8.3092e+10  22.7%  2014 2041s
   874   548 8.3092e+10   51 1425 6.7710e+10 8.3092e+10  22.7%  2011 2045s
   878   551 8.3092e+10   54 1392 6.7710e+10 8.3092e+10  22.7%  2004 2050s
   882   554 8.3092e+10   56 1251 6.7710e+10 8.3092e+10  22.7%  1998 2056s
   884   555 8.3092e+10   57 1237 6.7710e+10 8.3092e+10  22.7%  1996 2060s
   888   558 8.3092e+10   59 1176 6.7710e+10 8.3092e+10  22.7%  1990 2065s
   892   560 8.3092e+10   63 1202 6.7710e+10 8.3092e+10  22.7%  1982 2070s
   897   564 8.3092e+10   66 1223 6.7710e+10 8.3092e+10  22.7%  1973 2075s
   902   567 8.3092e+10   69 1166 6.7710e+10 8.3092e+10  22.7%  1964 2081s
   906   570 8.3092e+10   72 1178 6.7710e+10 8.3092e+10  22.7%  1956 2085s
   911   573 8.3092e+10   74 1159 6.7710e+10 8.3092e+10  22.7%  1947 2090s
   915   576 8.3092e+10   77 1081 6.7710e+10 8.3092e+10  22.7%  1940 2096s
   918   578 8.3092e+10   78  968 6.7710e+10 8.3092e+10  22.7%  1935 2100s
   923   581 8.3092e+10   81 1033 6.7710e+10 8.3092e+10  22.7%  1925 2105s
   929   585 8.3092e+10   84 1017 6.7710e+10 8.3092e+10  22.7%  1913 2110s
   933   588 8.3092e+10   86 1069 6.7710e+10 8.3092e+10  22.7%  1907 2115s
   937   590 8.3092e+10   88  965 6.7710e+10 8.3092e+10  22.7%  1900 2120s
   943   594 8.3092e+10   92  820 6.7710e+10 8.3092e+10  22.7%  1890 2126s
   946   596 8.3092e+10   93  817 6.7710e+10 8.3092e+10  22.7%  1886 2130s
   950   599 7.9135e+10   96  839 6.7710e+10 8.3092e+10  22.7%  1883 2135s
   957   602 7.9135e+10  101  797 6.7710e+10 8.3092e+10  22.7%  1869 2140s
   963   602 7.9135e+10  104  753 6.7710e+10 8.3092e+10  22.7%  1859 2145s
   970   602 7.9135e+10  108  751 6.7710e+10 8.3092e+10  22.7%  1847 2159s
   971   603 7.9135e+10  108  692 6.7710e+10 8.3092e+10  22.7%  1846 2161s
   977   601 7.9135e+10  109  735 6.7710e+10 8.3092e+10  22.7%  1835 2165s
   983   603 7.9135e+10  113  748 6.7710e+10 8.3092e+10  22.7%  1824 2170s
   991   604 7.9135e+10  117  689 6.7710e+10 8.3092e+10  22.7%  1810 2175s
   999   602 7.9135e+10  120  686 6.7710e+10 8.3092e+10  22.7%  1796 2182s
  1001   603 7.9135e+10  121  703 6.7710e+10 8.3092e+10  22.7%  1793 2185s
  1010   601 8.3092e+10   97  861 6.7710e+10 8.3092e+10  22.7%  1778 2190s
  1016   605 8.3092e+10  101  807 6.7710e+10 8.3092e+10  22.7%  1769 2195s
  1023   608 8.3092e+10  105  815 6.7710e+10 8.3092e+10  22.7%  1758 2200s
  1026   610 8.3092e+10  106  799 6.7710e+10 8.3092e+10  22.7%  1754 2205s
  1031   613 8.3092e+10  109  824 6.7710e+10 8.3092e+10  22.7%  1748 2211s
  1035   614 8.3092e+10  111  795 6.7710e+10 8.3092e+10  22.7%  1743 2215s
  1041   616 infeasible  114      6.7710e+10 8.3092e+10  22.7%  1733 2220s
  1049   613 8.3092e+10  114  840 6.7710e+10 8.3092e+10  22.7%  1722 2225s
  1054   612 8.3092e+10  115  836 6.7710e+10 8.3092e+10  22.7%  1716 2232s
  1058   609 infeasible  116      6.7710e+10 8.3092e+10  22.7%  1710 2235s
  1062   608 8.3092e+10  116  676 6.7710e+10 8.3092e+10  22.7%  1706 2240s
  1073   604 infeasible  121      6.7710e+10 8.3092e+10  22.7%  1689 2245s
  1081   601 8.3092e+10  107  744 6.7710e+10 8.3092e+10  22.7%  1677 2250s
  1086   605 8.3092e+10  112 1037 6.7710e+10 8.3092e+10  22.7%  1671 2256s
  1090   607 8.3092e+10  115 1031 6.7710e+10 8.3092e+10  22.7%  1666 2260s
  1094   610 8.3092e+10  118  851 6.7710e+10 8.3092e+10  22.7%  1663 2266s
  1097   612 8.3092e+10  120  846 6.7710e+10 8.3092e+10  22.7%  1659 2270s
  1103   612 8.3092e+10  123  870 6.7710e+10 8.3092e+10  22.7%  1651 2275s
  1108   611 8.3092e+10  125  935 6.7710e+10 8.3092e+10  22.7%  1645 2283s
  1112   608 infeasible  126      6.7710e+10 8.3092e+10  22.7%  1640 2285s
  1118   608 8.3092e+10  108  766 6.7710e+10 8.3092e+10  22.7%  1634 2291s
  1123   611 8.3092e+10  113  706 6.7710e+10 8.3092e+10  22.7%  1627 2295s
  1130   614 infeasible  118      6.7710e+10 8.3092e+10  22.7%  1618 2300s
  1136   610 8.3092e+10  117  713 6.7710e+10 8.3092e+10  22.7%  1611 2307s
  1139   608 infeasible  118      6.7710e+10 8.3092e+10  22.7%  1608 2310s
  1144   603 8.3092e+10  107  749 6.7710e+10 8.3092e+10  22.7%  1603 2315s
  1150   607 8.3092e+10  112  853 6.7710e+10 8.3092e+10  22.7%  1596 2321s
  1155   611 8.3092e+10  116  719 6.7710e+10 8.3092e+10  22.7%  1591 2325s
  1160   614 8.3092e+10  119  720 6.7710e+10 8.3092e+10  22.7%  1584 2330s
  1163   614 8.1773e+10  121  707 6.7710e+10 8.3092e+10  22.7%  1581 2339s
  1164   615 8.1773e+10  121  709 6.7710e+10 8.3092e+10  22.7%  1580 2340s
  1174   613 8.1773e+10  126  635 6.7710e+10 8.3092e+10  22.7%  1567 2345s
  1180   613 8.1773e+10  130  662 6.7710e+10 8.3092e+10  22.7%  1561 2350s
  1189   607 infeasible  132      6.7710e+10 8.3092e+10  22.7%  1551 2355s
  1193   608 8.3092e+10  113  743 6.7710e+10 8.3092e+10  22.7%  1547 2360s
  1199   602 8.3092e+10  113  722 6.7710e+10 8.3092e+10  22.7%  1543 2365s
  1203   601 8.3092e+10  110  848 6.7710e+10 8.3092e+10  22.7%  1538 2370s
  1211   596 8.3092e+10  110  778 6.7710e+10 8.3092e+10  22.7%  1530 2380s
  1214   598 8.3092e+10  113  676 6.7710e+10 8.3092e+10  22.7%  1528 2385s
  1218   595 8.3092e+10  112  661 6.7710e+10 8.3092e+10  22.7%  1525 2406s
  1227   587 8.3092e+10  117  749 6.7710e+10 8.3092e+10  22.7%  1515 2411s
  1232   584 infeasible  119      6.7710e+10 8.3092e+10  22.7%  1510 2415s
  1239   579 8.3092e+10  114  693 6.7710e+10 8.3092e+10  22.7%  1504 2420s
  1246   573 8.3092e+10  109  749 6.7710e+10 8.3092e+10  22.7%  1497 2441s
  1251   569 infeasible  111      6.7710e+10 8.3092e+10  22.7%  1494 2445s
  1254   571 8.3092e+10  109  709 6.7710e+10 8.3092e+10  22.7%  1491 2450s
  1262   571 8.3092e+10  112  749 6.7710e+10 8.3092e+10  22.7%  1483 2455s
  1271   571 8.3092e+10  116  701 6.7710e+10 8.3092e+10  22.7%  1473 2460s
  1273   570 8.3092e+10  117  847 6.7710e+10 8.3092e+10  22.7%  1472 2473s
  1275   570 8.3092e+10  117  771 6.7710e+10 8.3092e+10  22.7%  1470 2475s
  1281   574 8.3092e+10  118  788 6.7710e+10 8.3092e+10  22.7%  1464 2480s
  1286   573 8.3092e+10  120  790 6.7710e+10 8.3092e+10  22.7%  1459 2485s
  1293   568 infeasible  121      6.7710e+10 8.3092e+10  22.7%  1452 2490s
  1302   560 infeasible  110      6.7710e+10 8.3092e+10  22.7%  1444 2495s
  1303   559 8.3092e+10  111  720 6.7710e+10 8.3092e+10  22.7%  1443 2500s
  1310   558 8.3092e+10  113  732 6.7710e+10 8.3092e+10  22.7%  1436 2505s
  1319   558 8.3092e+10  115  754 6.7710e+10 8.3092e+10  22.7%  1427 2510s
  1327   561 infeasible  123      6.7710e+10 8.3092e+10  22.7%  1420 2515s
  1335   555 infeasible  121      6.7710e+10 8.3092e+10  22.7%  1412 2520s
  1345   547 8.3092e+10  118  654 6.7710e+10 8.3092e+10  22.7%  1403 2525s
  1353   545 8.3092e+10  110  766 6.7710e+10 8.3092e+10  22.7%  1396 2530s
  1357   545 8.3092e+10  113  786 6.7710e+10 8.3092e+10  22.7%  1392 2541s
  1363   543 8.3092e+10  113  757 6.7710e+10 8.3092e+10  22.7%  1388 2546s
  1366   545 8.3092e+10  116  871 6.7710e+10 8.3092e+10  22.7%  1385 2550s
  1371   541 infeasible  116      6.7710e+10 8.3092e+10  22.7%  1384 2555s
  1378   541 8.1773e+10  118  699 6.7710e+10 8.3092e+10  22.7%  1377 2560s
  1386   537 8.3092e+10  110  801 6.7710e+10 8.3092e+10  22.7%  1370 2566s
  1391   540 8.3092e+10  113  718 6.7710e+10 8.3092e+10  22.7%  1366 2570s
  1396   542 8.3092e+10  113  722 6.7710e+10 8.3092e+10  22.7%  1362 2575s
  1402   541 8.3092e+10  113  727 6.7710e+10 8.3092e+10  22.7%  1359 2586s
  1407   543 8.3092e+10  117  690 6.7710e+10 8.3092e+10  22.7%  1355 2590s
  1414   536 8.3092e+10  115  715 6.7710e+10 8.3092e+10  22.7%  1349 2604s
  1415   537 8.3092e+10  116  678 6.7710e+10 8.3092e+10  22.7%  1348 2605s
  1423   540 8.3092e+10  121  664 6.7710e+10 8.3092e+10  22.7%  1341 2610s
  1431   546 8.3092e+10  126  716 6.7710e+10 8.3092e+10  22.7%  1333 2615s
  1435   542 infeasible  128      6.7710e+10 8.3092e+10  22.7%  1331 2620s
  1441   540 8.3092e+10  128  603 6.7710e+10 8.3092e+10  22.7%  1327 2631s
  1447   534 8.3092e+10  117  733 6.7710e+10 8.3092e+10  22.7%  1322 2635s
  1451   533 8.3092e+10  119  489 6.7710e+10 8.3092e+10  22.7%  1320 2644s
  1452   534 8.3092e+10  120  487 6.7710e+10 8.3092e+10  22.7%  1320 2645s
  1461   530 infeasible  121      6.7710e+10 8.3092e+10  22.7%  1312 2650s
  1467   530 8.3092e+10  122  629 6.7710e+10 8.3092e+10  22.7%  1308 2655s
  1468   530 8.3092e+10  123  627 6.7710e+10 8.3092e+10  22.7%  1307 2667s
  1474   524 infeasible  122      6.7710e+10 8.3092e+10  22.7%  1302 2671s
  1481   521 8.3092e+10  122  713 6.7710e+10 8.3092e+10  22.7%  1299 2680s
  1489   516 8.3092e+10  123  708 6.7710e+10 8.3092e+10  22.7%  1295 2685s
  1496   513 8.3092e+10  120  738 6.7710e+10 8.3092e+10  22.7%  1289 2690s
  1497   514 8.3092e+10  121  608 6.7710e+10 8.3092e+10  22.7%  1289 2695s
  1503   508 infeasible  120      6.7710e+10 8.3092e+10  22.7%  1286 2700s
  1504   508 8.3092e+10  115  548 6.7710e+10 8.3092e+10  22.7%  1287 2706s
  1508   507 8.3092e+10  126  708 6.7710e+10 8.3092e+10  22.7%  1284 2710s
  1513   504 infeasible  128      6.7710e+10 8.3092e+10  22.7%  1281 2715s
  1521   504 8.3092e+10  126  245 6.7710e+10 8.3092e+10  22.7%  1278 2725s
  1527   498 8.3092e+10  115  702 6.7710e+10 8.3092e+10  22.7%  1273 2732s
  1530   500 8.3092e+10  118  646 6.7710e+10 8.3092e+10  22.7%  1271 2735s
  1534   498 8.3092e+10  120  775 6.7710e+10 8.3092e+10  22.7%  1271 2743s
  1538   497 8.3092e+10  116  703 6.7710e+10 8.3092e+10  22.7%  1268 2745s
  1544   498 8.3092e+10  118  722 6.7710e+10 8.3092e+10  22.7%  1265 2754s
  1546   497 8.3092e+10  121  767 6.7710e+10 8.3092e+10  22.7%  1263 2755s
  1552   493 infeasible  119      6.7710e+10 8.3092e+10  22.7%  1259 2760s
  1559   486 8.3092e+10  119  723 6.7710e+10 8.3092e+10  22.7%  1255 2769s
  1561   483 infeasible  120      6.7710e+10 8.3092e+10  22.7%  1253 2770s
  1567   479 infeasible  116      6.7710e+10 8.3092e+10  22.7%  1251 2775s
  1577   474 infeasible  112      6.7710e+10 8.3092e+10  22.7%  1245 2780s
  1585   473 8.3092e+10  115  679 6.7710e+10 8.3092e+10  22.7%  1239 2785s
  1590   473 8.3092e+10  117  694 6.7710e+10 8.3092e+10  22.7%  1236 2792s
  1596   469 infeasible  119      6.7710e+10 8.3092e+10  22.7%  1232 2795s
  1606   463 8.3092e+10  117  738 6.7710e+10 8.3092e+10  22.7%  1226 2801s
  1614   459 8.3092e+10  109  806 6.7710e+10 8.3092e+10  22.7%  1221 2808s
  1617   459 8.3092e+10  111  763 6.7710e+10 8.3092e+10  22.7%  1219 2810s
  1623   459 8.3092e+10  113  782 6.7710e+10 8.3092e+10  22.7%  1215 2816s
  1630   453 8.3092e+10  115  791 6.7710e+10 8.3092e+10  22.7%  1211 2820s
  1639   447 infeasible  115      6.7710e+10 8.3092e+10  22.7%  1205 2825s
  1643   448 8.3092e+10  115  871 6.7710e+10 8.3092e+10  22.7%  1203 2831s
  1646   450 8.3092e+10  118  885 6.7710e+10 8.3092e+10  22.7%  1201 2835s
  1655   444 8.3092e+10  117  847 6.7710e+10 8.3092e+10  22.7%  1196 2840s
  1662   440 infeasible  119      6.7710e+10 8.3092e+10  22.7%  1191 2845s
  1667   439 8.3092e+10  112  821 6.7710e+10 8.3092e+10  22.7%  1188 2850s
  1670   439 8.3092e+10  113  676 6.7710e+10 8.3092e+10  22.7%  1188 2874s
  1671   440 8.3092e+10  114  600 6.7710e+10 8.3092e+10  22.7%  1188 2875s
  1675   438 infeasible  116      6.7710e+10 8.3092e+10  22.7%  1189 2880s
  1682   431 8.3092e+10  115  896 6.7710e+10 8.3092e+10  22.7%  1187 2885s
  1689   426 infeasible  115      6.7710e+10 8.3092e+10  22.7%  1184 2890s
  1693   428 8.3092e+10  111  810 6.7710e+10 8.3092e+10  22.7%  1182 2895s
  1698   432 8.3092e+10  115  798 6.7710e+10 8.3092e+10  22.7%  1178 2900s
  1704   432 8.3092e+10  115  782 6.7710e+10 8.3092e+10  22.7%  1175 2905s
  1712   435 7.9135e+10  122  718 6.7710e+10 8.3092e+10  22.7%  1170 2911s
  1715   435 infeasible  125      6.7710e+10 8.3092e+10  22.7%  1169 2915s
  1719   436 7.9135e+10  126  737 6.7710e+10 8.3092e+10  22.7%  1167 2920s
  1724   439 7.9135e+10  131  673 6.7710e+10 8.3092e+10  22.7%  1164 2925s
  1733   435 8.3092e+10  113  795 6.7710e+10 8.3092e+10  22.7%  1159 2930s
  1739   435 8.3092e+10  112  751 6.7710e+10 8.3092e+10  22.7%  1156 2935s
  1744   434 8.3092e+10  116  710 6.7710e+10 8.3092e+10  22.7%  1153 2940s
  1750   430 infeasible  117      6.7710e+10 8.3092e+10  22.7%  1150 2945s
  1754   431 8.1773e+10  113  837 6.7710e+10 8.3092e+10  22.7%  1148 2950s
  1759   430 8.1773e+10  113  873 6.7710e+10 8.3092e+10  22.7%  1145 2955s
  1764   426 infeasible  113      6.7710e+10 8.3092e+10  22.7%  1142 2960s
  1770   424 7.9135e+10  118  624 6.7710e+10 8.3092e+10  22.7%  1140 2966s
  1776   425 7.9135e+10  120  219 6.7710e+10 8.3092e+10  22.7%  1138 2970s
  1781   424 7.9135e+10  124  629 6.7710e+10 8.3092e+10  22.7%  1135 2980s
  1787   424 7.9135e+10  128  671 6.7710e+10 8.3092e+10  22.7%  1131 2985s
  1793   428 7.9135e+10  134  597 6.7710e+10 8.3092e+10  22.7%  1128 2990s
  1799   432 7.9135e+10  140  603 6.7710e+10 8.3092e+10  22.7%  1125 2995s
  1804   435 7.9135e+10  145  656 6.7710e+10 8.3092e+10  22.7%  1122 3000s
  1808   438 7.9135e+10  148  624 6.7710e+10 8.3092e+10  22.7%  1120 3010s
  1813   437 7.9135e+10  148  560 6.7710e+10 8.3092e+10  22.7%  1117 3017s
  1816   435 infeasible  151      6.7710e+10 8.3092e+10  22.7%  1115 3020s
  1822   431 8.3092e+10  111  574 6.7710e+10 8.3092e+10  22.7%  1114 3027s
  1826   428 8.3092e+10  113  700 6.7710e+10 8.3092e+10  22.7%  1112 3030s
  1833   425 infeasible  117      6.7710e+10 8.3092e+10  22.7%  1108 3035s
  1836   423 infeasible  117      6.7710e+10 8.3092e+10  22.7%  1107 3040s
  1840   421 8.3092e+10   94  831 6.7710e+10 8.3092e+10  22.7%  1107 3046s
  1844   424 7.7816e+10   97  897 6.7710e+10 8.3092e+10  22.7%  1105 3050s
  1849   427 7.7816e+10  100  816 6.7710e+10 8.3092e+10  22.7%  1103 3055s
  1855   431 7.3858e+10  104  790 6.7710e+10 8.3092e+10  22.7%  1100 3060s
  1860   435 7.3858e+10  109  820 6.7710e+10 8.3092e+10  22.7%  1097 3065s
  1865   438 7.3858e+10  114  819 6.7710e+10 8.3092e+10  22.7%  1094 3070s
  1871   442 7.3858e+10  119  822 6.7710e+10 8.3092e+10  22.7%  1091 3076s
  1876   445 7.3858e+10  124  775 6.7710e+10 8.3092e+10  22.7%  1089 3080s
  1882   439 infeasible  125      6.7710e+10 8.3092e+10  22.7%  1087 3086s
  1884   437 infeasible  110      6.7710e+10 8.3092e+10  22.7%  1088 3090s
  1889   438 8.3092e+10  119  739 6.7710e+10 8.3092e+10  22.7%  1085 3096s
  1894   435 8.3092e+10  118  856 6.7710e+10 8.3092e+10  22.7%  1085 3101s
  1899   433 8.1773e+10  117  699 6.7710e+10 8.3092e+10  22.7%  1084 3105s
  1904   436 8.1773e+10  122  718 6.7710e+10 8.3092e+10  22.7%  1082 3110s
  1910   438 8.1773e+10  127  675 6.7710e+10 8.3092e+10  22.7%  1079 3119s
  1913   434 infeasible  125      6.7710e+10 8.3092e+10  22.7%  1078 3120s
  1917   431 8.3092e+10  109  787 6.7710e+10 8.3092e+10  22.7%  1076 3128s
  1919   432 8.3092e+10  111  734 6.7710e+10 8.3092e+10  22.7%  1075 3130s
  1922   434 8.3092e+10  113  785 6.7710e+10 8.3092e+10  22.7%  1075 3140s
  1927   433 infeasible  117      6.7710e+10 8.3092e+10  22.7%  1073 3145s
  1934   432 8.3092e+10  117  711 6.7710e+10 8.3092e+10  22.7%  1069 3150s
  1938   431 infeasible  120      6.7710e+10 8.3092e+10  22.7%  1070 3157s
  1940   432 8.0454e+10  120  595 6.7710e+10 8.3092e+10  22.7%  1070 3161s
  1944   433 8.1773e+10  122  617 6.7710e+10 8.3092e+10  22.7%  1069 3173s
  1946   434 8.1773e+10  124  631 6.7710e+10 8.3092e+10  22.7%  1068 3175s
  1953   438 8.1773e+10  128  331 6.7710e+10 8.3092e+10  22.7%  1065 3180s
  1959   440 8.1773e+10  132  590 6.7710e+10 8.3092e+10  22.7%  1064 3187s
  1964   437 8.3092e+10  116  591 6.7710e+10 8.3092e+10  22.7%  1063 3192s
  1969   440 infeasible  121      6.7710e+10 8.3092e+10  22.7%  1060 3195s
  1971   440 8.3092e+10  120  493 6.7710e+10 8.3092e+10  22.7%  1059 3233s
  1974   443 8.3092e+10  123  487 6.7710e+10 8.3092e+10  22.7%  1058 3235s
  1980   445 8.3092e+10  126  626 6.7710e+10 8.3092e+10  22.7%  1055 3240s
  1982   447 8.3092e+10  126  542 6.7710e+10 8.3092e+10  22.7%  1054 3245s
  1993   440 8.3092e+10  122  505 6.7710e+10 8.3092e+10  22.7%  1050 3250s
  2000   435 infeasible  118      6.7710e+10 8.3092e+10  22.7%  1048 3256s
  2002   435 8.3092e+10  118  776 6.7710e+10 8.3092e+10  22.7%  1049 3274s
  2003   436 8.3092e+10  119  724 6.7710e+10 8.3092e+10  22.7%  1048 3277s
  2005   438 8.3092e+10  120  677 6.7710e+10 8.3092e+10  22.7%  1048 3280s
  2009   442 7.9135e+10  120  550 6.7710e+10 8.3092e+10  22.7%  1047 3287s
  2010   443 8.1773e+10  121  539 6.7710e+10 8.3092e+10  22.7%  1047 3292s
  2012   443 8.1773e+10  122  519 6.7710e+10 8.3092e+10  22.7%  1048 3295s
  2017   446 8.1773e+10  123  539 6.7710e+10 8.3092e+10  22.7%  1046 3300s
  2024   443 infeasible  124      6.7710e+10 8.3092e+10  22.7%  1044 3306s
  2028   444 8.1773e+10  126  506 6.7710e+10 8.3092e+10  22.7%  1042 3310s
  2029   445 8.1773e+10  127  512 6.7710e+10 8.3092e+10  22.7%  1041 3316s
  2035   446 8.1773e+10  128  508 6.7710e+10 8.3092e+10  22.7%  1038 3321s
  2041   444 infeasible  132      6.7710e+10 8.3092e+10  22.7%  1036 3325s
  2047   448 8.0454e+10  134  503 6.7710e+10 8.3092e+10  22.7%  1033 3330s
  2050   449 8.1773e+10  134  512 6.7710e+10 8.3092e+10  22.7%  1033 3335s
  2054   451 8.0241e+10  136  707 6.7710e+10 8.3092e+10  22.7%  1032 3340s
  2059   450 8.1560e+10  136  681 6.7710e+10 8.3092e+10  22.7%  1031 3355s
  2067   452 7.8896e+10  138  580 6.7710e+10 8.3092e+10  22.7%  1028 3360s
  2076   451 infeasible  140      6.7710e+10 8.3092e+10  22.7%  1026 3365s
  2080   449 8.3092e+10  112  777 6.7710e+10 8.3092e+10  22.7%  1025 3370s
  2085   448 8.3092e+10  112  630 6.7710e+10 8.3092e+10  22.7%  1023 3377s
  2086   449 8.3092e+10  113  643 6.7710e+10 8.3092e+10  22.7%  1024 3392s
  2089   450 7.9135e+10  115  607 6.7710e+10 8.3092e+10  22.7%  1024 3396s
  2095   450 7.9135e+10  118  467 6.7710e+10 8.3092e+10  22.7%  1022 3400s
  2102   450 infeasible  120      6.7710e+10 8.3092e+10  22.7%  1020 3405s
  2110   456 7.9135e+10  129  463 6.7710e+10 8.3092e+10  22.7%  1016 3411s
  2113   459 7.9135e+10  132  481 6.7710e+10 8.3092e+10  22.7%  1015 3432s
  2119   458 7.9135e+10  132  463 6.7710e+10 8.3092e+10  22.7%  1012 3435s
  2124   453 infeasible  113      6.7710e+10 8.3092e+10  22.7%  1013 3440s
  2129   456 8.3092e+10  113  813 6.7710e+10 8.3092e+10  22.7%  1011 3445s
  2137   458 8.3092e+10  116  689 6.7710e+10 8.3092e+10  22.7%  1008 3450s
  2143   456 8.3092e+10  112  733 6.7710e+10 8.3092e+10  22.7%  1006 3455s
  2144   455 infeasible  113      6.7710e+10 8.3092e+10  22.7%  1006 3462s
  2145   456 8.3092e+10  113  780 6.7710e+10 8.3092e+10  22.7%  1006 3468s
  2147   456 8.3092e+10  114  782 6.7710e+10 8.3092e+10  22.7%  1006 3471s
  2152   457 infeasible  117      6.7710e+10 8.3092e+10  22.7%  1004 3475s
  2159   454 infeasible  116      6.7710e+10 8.3092e+10  22.7%  1002 3480s
  2167   454 8.3092e+10  113  814 6.7710e+10 8.3092e+10  22.7%   999 3485s
  2170   457 8.3092e+10  116  861 6.7710e+10 8.3092e+10  22.7%   998 3490s
  2180   453 8.3092e+10  114  722 6.7710e+10 8.3092e+10  22.7%   995 3495s
  2184   455 8.1773e+10  117  602 6.7710e+10 8.3092e+10  22.7%   994 3502s
  2189   454 infeasible  119      6.7710e+10 8.3092e+10  22.7%   992 3505s
  2197   459 7.9135e+10  124  540 6.7710e+10 8.3092e+10  22.7%   989 3513s
  2200   462 7.9135e+10  126  600 6.7710e+10 8.3092e+10  22.7%   987 3516s
  2205   467 7.9135e+10  130  499 6.7710e+10 8.3092e+10  22.7%   986 3520s
  2214   468 7.9135e+10  135  474 6.7710e+10 8.3092e+10  22.7%   982 3525s
  2221   465 8.3092e+10  112  835 6.7710e+10 8.3092e+10  22.7%   980 3530s
  2225   469 8.3092e+10  114  847 6.7710e+10 8.3092e+10  22.7%   978 3536s
  2227   469 infeasible  115      6.7710e+10 8.3092e+10  22.7%   978 3540s
  2232   474 8.1773e+10  117  840 6.7710e+10 8.3092e+10  22.7%   976 3545s
  2236   476 8.3092e+10  116  840 6.7710e+10 8.3092e+10  22.7%   975 3550s
  2237   475 infeasible  115      6.7710e+10 8.3092e+10  22.7%   976 3555s
  2245   475 8.1773e+10  118  811 6.7710e+10 8.3092e+10  22.7%   974 3560s
  2250   478 8.1773e+10  119  811 6.7710e+10 8.3092e+10  22.7%   972 3565s
  2252   478 7.9135e+10  117  787 6.7710e+10 8.3092e+10  22.7%   971 3570s
  2257   481 infeasible  121      6.7710e+10 8.3092e+10  22.7%   969 3575s
  2263   479 7.9135e+10  119  632 6.7710e+10 8.3092e+10  22.7%   969 3583s
  2264   480 7.9135e+10  120  648 6.7710e+10 8.3092e+10  22.7%   969 3585s
  2271   477 infeasible  122      6.7710e+10 8.3092e+10  22.7%   967 3590s

Cutting planes:
  Gomory: 8
  Lift-and-project: 4
  Cover: 94
  Implied bound: 2
  MIR: 18
  StrongCG: 1
  Flow cover: 399
  Inf proof: 28
  Zero half: 7196
  RLT: 267

Explored 2280 nodes (2596127 simplex iterations) in 3594.84 seconds (2160.36 work units)
Thread count was 1 (of 28 available processors)

Solution count 10: 6.77098e+10 6.71758e+10 6.55368e+10 ... 4.50865e+10

Time limit reached
Best objective 6.770975160000e+10, best bound 8.309218242000e+10, gap 22.7182%

User-callback calls 609734, time in user-callback 0.54 sec