Gurobi Optimizer version 12.0.3 build v12.0.3rc0 (linux64 - "Oracle Linux Server 9.4")

CPU model: Intel(R) Xeon(R) CPU E5-2660 v4 @ 2.00GHz, instruction set [SSE2|AVX|AVX2]
Thread count: 28 physical cores, 28 logical processors, using up to 1 threads

Non-default parameters:
TimeLimit  3594.638763308
SoftMemLimit  16
NumericFocus  1
Threads  1

Academic license 2690100 - for non-commercial use only - registered to ju___@uclm.es
Optimize a model with 77054 rows, 17753 columns and 301992 nonzeros
Model fingerprint: 0x1d17d194
Variable types: 146 continuous, 17607 integer (17607 binary)
Coefficient statistics:
  Matrix range     [1e+00, 4e+13]
  Objective range  [7e+08, 2e+09]
  Bounds range     [2e+03, 1e+04]
  RHS range        [1e+00, 2e+14]
Warning: Model contains large matrix coefficient range
Warning: Model contains large objective coefficients
Warning: Model contains large rhs
Found heuristic solution: objective -0.0000000
Presolve removed 23983 rows and 3400 columns
Presolve time: 1.57s
Presolved: 53071 rows, 14353 columns, 188466 nonzeros
Variable types: 146 continuous, 14207 integer (14207 binary)

Use crossover to convert LP symmetric solution to basic solution...

Root relaxation: objective 9.104360e+10, 2582 iterations, 0.46 seconds (0.29 work units)
Total elapsed time = 9.22s (DegenMoves)
Total elapsed time = 19.00s (DegenMoves)
Total elapsed time = 21.68s (DegenMoves)

    Nodes    |    Current Node    |     Objective Bounds      |     Work
 Expl Unexpl |  Obj  Depth IntInf | Incumbent    BestBd   Gap | It/Node Time

     0     0 9.1044e+10    0  201   -0.00000 9.1044e+10      -     -   22s
H    0     0                    3.666300e+09 9.1044e+10  2383%     -   23s
H    0     0                    7.332600e+09 9.1044e+10  1142%     -   24s
H    0     0                    3.092680e+10 9.1044e+10   194%     -   26s
H    0     0                    3.459310e+10 9.1044e+10   163%     -   30s
H    0     0                    3.810310e+10 9.1044e+10   139%     -   31s
H    0     0                    4.007230e+10 9.1044e+10   127%     -   32s
H    0     0                    4.150890e+10 9.1044e+10   119%     -   32s
H    0     0                    4.501890e+10 9.1044e+10   102%     -   33s
H    0     0                    4.618890e+10 9.1044e+10  97.1%     -   38s
     0     0 9.1044e+10    0  924 4.6189e+10 9.1044e+10  97.1%     -   42s
H    0     0                    5.327010e+10 9.1044e+10  70.9%     -   44s
     0     0 9.1044e+10    0  854 5.3270e+10 9.1044e+10  70.9%     -   45s
     0     0 9.1044e+10    0  527 5.3270e+10 9.1044e+10  70.9%     -   60s
     0     0 9.1044e+10    0  259 5.3270e+10 9.1044e+10  70.9%     -   61s
     0     0 9.1044e+10    0  220 5.3270e+10 9.1044e+10  70.9%     -   65s
     0     0 9.1044e+10    0  517 5.3270e+10 9.1044e+10  70.9%     -   80s
     0     0 9.1044e+10    0  493 5.3270e+10 9.1044e+10  70.9%     -   82s
     0     0 9.1044e+10    0  668 5.3270e+10 9.1044e+10  70.9%     -   99s
H    0     0                    5.720640e+10 9.1044e+10  59.1%     -  101s
     0     0 9.1044e+10    0  675 5.7206e+10 9.1044e+10  59.1%     -  105s
     0     0 9.1044e+10    0  739 5.7206e+10 9.1044e+10  59.1%     -  123s
     0     0 9.1044e+10    0  739 5.7206e+10 9.1044e+10  59.1%     -  135s
     0     2 9.1044e+10    0  739 5.7206e+10 9.1044e+10  59.1%     -  172s
     1     3 9.1044e+10    1  906 5.7206e+10 9.1044e+10  59.1% 49577  178s
     2     4 9.1044e+10    1 1035 5.7206e+10 9.1044e+10  59.1% 27394  181s
     5     7 9.1044e+10    3 1085 5.7206e+10 9.1044e+10  59.1% 13121  185s
     9    11 9.1044e+10    5 1144 5.7206e+10 9.1044e+10  59.1%  8405  190s
    16    18 9.1044e+10    8  853 5.7206e+10 9.1044e+10  59.1%  5261  195s
    20    22 9.1044e+10   10 1263 5.7206e+10 9.1044e+10  59.1%  4439  200s
    26    28 8.9334e+10   14 1033 5.7206e+10 9.1044e+10  59.1%  3670  207s
    30    30 8.9334e+10   16 1001 5.7206e+10 9.1044e+10  59.1%  3184  210s
    35    35 8.9334e+10   19 1062 5.7206e+10 9.1044e+10  59.1%  2776  215s
    39    39 8.9334e+10   21 1221 5.7206e+10 9.1044e+10  59.1%  2620  221s
    43    43 8.9334e+10   23 1146 5.7206e+10 9.1044e+10  59.1%  2424  225s
    48    48 8.9334e+10   25 1321 5.7206e+10 9.1044e+10  59.1%  2236  230s
H   52    50                    6.544850e+10 9.1044e+10  39.1%  2135  236s
    55    55 8.9334e+10   29  911 6.5448e+10 9.1044e+10  39.1%  2077  241s
    59    59 8.9334e+10   32 1062 6.5448e+10 9.1044e+10  39.1%  1957  245s
    64    62 8.9334e+10   34 1082 6.5448e+10 9.1044e+10  39.1%  1840  250s
    68    66 8.9334e+10   36 1041 6.5448e+10 9.1044e+10  39.1%  1778  255s
   104    92 8.9334e+10   54 1081 6.5448e+10 9.1044e+10  39.1%  1213  260s
H  109    95                    6.667060e+10 9.1044e+10  36.6%  1162  261s
   130   111 8.9334e+10   68 1078 6.6671e+10 9.1044e+10  36.6%   987  268s
   137   118 8.7275e+10   71 1108 6.6671e+10 9.1044e+10  36.6%   958  270s
   167   147 8.9115e+10   89 1255 6.6671e+10 9.1044e+10  36.6%   873  275s
   205   181 8.7438e+10  113 1226 6.6671e+10 9.1044e+10  36.6%   819  280s
H  217   191                    6.789270e+10 9.1044e+10  34.1%   810  281s
   255   229 8.8164e+10  154 1356 6.7893e+10 9.1044e+10  34.1%   733  285s
   338   240 9.1044e+10    2 1416 6.7893e+10 9.1044e+10  34.1%   571  290s
   341   243 9.1044e+10    5 1347 6.7893e+10 9.1044e+10  34.1%   592  295s
   344   246 9.1044e+10    6 1071 6.7893e+10 9.1044e+10  34.1%   613  300s
   352   254 9.1044e+10   13 1240 6.7893e+10 9.1044e+10  34.1%   624  305s
   360   262 9.1044e+10   18 1273 6.7893e+10 9.1044e+10  34.1%   648  310s
   371   273 9.1044e+10   25 1179 6.7893e+10 9.1044e+10  34.1%   660  315s
   386   288 9.1044e+10   35  861 6.7893e+10 9.1044e+10  34.1%   666  327s
   404   306 9.1044e+10   44 1056 6.7893e+10 9.1044e+10  34.1%   648  330s
   438   340 9.1044e+10   63 1027 6.7893e+10 9.1044e+10  34.1%   615  335s
   487   388 9.1044e+10   92  999 6.7893e+10 9.1044e+10  34.1%   567  340s
   542   418 9.1044e+10  121  980 6.7893e+10 9.1044e+10  34.1%   515  345s
   596   456 9.1044e+10  153  896 6.7893e+10 9.1044e+10  34.1%   475  355s
   602   459 9.1044e+10   71  739 6.7893e+10 9.1044e+10  34.1%   471  372s
   604   460 9.1044e+10    7  342 6.7893e+10 9.1044e+10  34.1%   469  381s
   605   461 8.8897e+10   96  624 6.7893e+10 9.1044e+10  34.1%   468  405s
   606   462 9.1044e+10   89  580 6.7893e+10 9.1044e+10  34.1%   468  414s
   607   462 9.1044e+10   90  737 6.7893e+10 9.1044e+10  34.1%   467  451s
   608   463 9.1044e+10   79  773 6.7893e+10 9.1044e+10  34.1%   466  465s
   609   464 9.1044e+10  144  544 6.7893e+10 9.1044e+10  34.1%   465  489s
   610   464 8.9334e+10   58  679 6.7893e+10 9.1044e+10  34.1%   464  506s
   611   465 9.1044e+10   63  678 6.7893e+10 9.1044e+10  34.1%   464  557s
   612   466 9.1044e+10   10  719 6.7893e+10 9.1044e+10  34.1%   463  572s
   613   466 8.9334e+10   33  640 6.7893e+10 9.1044e+10  34.1%   462  605s
   614   467 9.1044e+10   41  753 6.7893e+10 9.1044e+10  34.1%   461  622s
   615   468 8.7438e+10  108  741 6.7893e+10 9.1044e+10  34.1%   461  655s
   616   468 8.9334e+10   24  748 6.7893e+10 9.1044e+10  34.1%   460  670s
   617   469 8.9334e+10   19  734 6.7893e+10 9.1044e+10  34.1%   459  700s
   618   470 8.9334e+10   25  708 6.7893e+10 9.1044e+10  34.1%   458  718s
   619   470 9.1044e+10  116  758 6.7893e+10 9.1044e+10  34.1%   458  758s
   620   471 8.8630e+10  119  828 6.7893e+10 9.1044e+10  34.1%   457  777s
   621   472 8.9334e+10   91  650 6.7893e+10 9.1044e+10  34.1%   456  815s
   622   472 9.1044e+10  146  723 6.7893e+10 9.1044e+10  34.1%   456  832s
   623   473 9.1044e+10  146  822 6.7893e+10 9.1044e+10  34.1%   455  867s
   624   474 9.1044e+10  105  449 6.7893e+10 9.1044e+10  34.1%   454  892s
   625   474 9.1044e+10   43  449 6.7893e+10 9.1044e+10  34.1%   453  915s
   626   477 9.1044e+10   13  443 6.7893e+10 9.1044e+10  34.1%  1507  935s
   628   478 9.1044e+10   14  761 6.7893e+10 9.1044e+10  34.1%  1517  941s
   631   480 9.1044e+10   16 1084 6.7893e+10 9.1044e+10  34.1%  1530  947s
   633   482 9.1044e+10   18 1252 6.7893e+10 9.1044e+10  34.1%  1531  950s
   640   486 9.1044e+10   25  896 6.7893e+10 9.1044e+10  34.1%  1518  955s
   648   492 9.1044e+10   29 1079 6.7893e+10 9.1044e+10  34.1%  1510  965s
   651   494 9.1044e+10   32 1011 6.7893e+10 9.1044e+10  34.1%  1503  977s
   652   494 9.1044e+10   32 1065 6.7893e+10 9.1044e+10  34.1%  1504  980s
   654   496 9.1044e+10   33  942 6.7893e+10 9.1044e+10  34.1%  1501  985s
   657   498 9.1044e+10   35 1078 6.7893e+10 9.1044e+10  34.1%  1503  996s
   659   495     cutoff   36      6.7893e+10 9.1044e+10  34.1%  1515 1002s
   661   496 8.1009e+10   37  717 6.7893e+10 9.1044e+10  34.1%  1513 1006s
   664   496 infeasible   40      6.7893e+10 9.1044e+10  34.1%  1511 1010s
   668   493 9.1044e+10   14  845 6.7893e+10 9.1044e+10  34.1%  1519 1016s
   672   496 9.1044e+10   18 1227 6.7893e+10 9.1044e+10  34.1%  1513 1020s
   677   499 9.1044e+10   23 1209 6.7893e+10 9.1044e+10  34.1%  1503 1032s
   679   500 9.1044e+10   25 1197 6.7893e+10 9.1044e+10  34.1%  1499 1035s
   682   502 9.1044e+10   26 1201 6.7893e+10 9.1044e+10  34.1%  1495 1041s
   685   504 9.1044e+10   28 1240 6.7893e+10 9.1044e+10  34.1%  1490 1046s
   688   506 9.1044e+10   30 1105 6.7893e+10 9.1044e+10  34.1%  1486 1050s
   691   508 9.1044e+10   31 1057 6.7893e+10 9.1044e+10  34.1%  1493 1056s
   694   510 9.1044e+10   34 1089 6.7893e+10 9.1044e+10  34.1%  1488 1060s
   697   512 9.1044e+10   36 1107 6.7893e+10 9.1044e+10  34.1%  1482 1065s
   700   514 9.1044e+10   38 1078 6.7893e+10 9.1044e+10  34.1%  1482 1071s
   702   516 9.1044e+10   39 1073 6.7893e+10 9.1044e+10  34.1%  1481 1075s
   703   516 9.1044e+10   39 1226 6.7893e+10 9.1044e+10  34.1%  1482 1237s
   706   518 9.1044e+10   41  935 6.7893e+10 9.1044e+10  34.1%  1477 1241s
   707   519 9.1044e+10   41  998 6.7893e+10 9.1044e+10  34.1%  1476 1246s
   710   521 9.1044e+10   44  945 6.7893e+10 9.1044e+10  34.1%  1471 1250s
   713   523 9.1044e+10   46  988 6.7893e+10 9.1044e+10  34.1%  1479 1259s
   714   524 9.1044e+10   47 1002 6.7893e+10 9.1044e+10  34.1%  1477 1260s
   715   524 9.1044e+10   47 1070 6.7893e+10 9.1044e+10  34.1%  1477 1265s
   718   526 9.1044e+10   49 1111 6.7893e+10 9.1044e+10  34.1%  1475 1271s
   720   528 9.1044e+10   50 1012 6.7893e+10 9.1044e+10  34.1%  1472 1275s
   723   530 9.1044e+10   51  980 6.7893e+10 9.1044e+10  34.1%  1467 1280s
   726   532 9.1044e+10   53 1231 6.7893e+10 9.1044e+10  34.1%  1466 1287s
   728   533 9.1044e+10   54 1256 6.7893e+10 9.1044e+10  34.1%  1466 1291s
   731   535 9.1044e+10   56 1247 6.7893e+10 9.1044e+10  34.1%  1460 1295s
   733   536 9.1044e+10   57 1216 6.7893e+10 9.1044e+10  34.1%  1458 1300s
   736   538 9.1044e+10   59 1205 6.7893e+10 9.1044e+10  34.1%  1455 1306s
   738   540 9.1044e+10   60 1286 6.7893e+10 9.1044e+10  34.1%  1454 1311s
   741   542 9.1044e+10   61 1258 6.7893e+10 9.1044e+10  34.1%  1450 1317s
   742   542 9.1044e+10   62 1338 6.7893e+10 9.1044e+10  34.1%  1450 1320s
   745   544 9.1044e+10   63 1271 6.7893e+10 9.1044e+10  34.1%  1446 1326s
   746   545 9.1044e+10   64 1410 6.7893e+10 9.1044e+10  34.1%  1449 1330s
   747   546 9.1044e+10   64 1455 6.7893e+10 9.1044e+10  34.1%  1467 1340s
   749   547 9.1044e+10   65 1443 6.7893e+10 9.1044e+10  34.1%  1465 1346s
   751   548 9.1044e+10   67 1383 6.7893e+10 9.1044e+10  34.1%  1461 1351s
   752   549 9.1044e+10   67 1319 6.7893e+10 9.1044e+10  34.1%  1461 1360s
   753   550 8.9822e+10   68 1451 6.7893e+10 9.1044e+10  34.1%  1465 1365s
   755   551 9.1044e+10   69 1351 6.7893e+10 9.1044e+10  34.1%  1463 1372s
   757   552 9.1044e+10   70 1335 6.7893e+10 9.1044e+10  34.1%  1459 1376s
   758   553 9.1044e+10   71 1334 6.7893e+10 9.1044e+10  34.1%  1458 1381s
   760   554 9.1044e+10   72 1400 6.7893e+10 9.1044e+10  34.1%  1462 1389s
   761   555 9.1044e+10   72 1329 6.7893e+10 9.1044e+10  34.1%  1460 1391s
   763   554 infeasible   73      6.7893e+10 9.1044e+10  34.1%  1460 1398s
   764   555 9.1044e+10   74 1407 6.7893e+10 9.1044e+10  34.1%  1459 1401s
   766   556 9.1044e+10   75 1416 6.7893e+10 9.1044e+10  34.1%  1456 1405s
   768   558 9.1044e+10   76 1385 6.7893e+10 9.1044e+10  34.1%  1456 1411s
   769   558 9.1044e+10   77 1321 6.7893e+10 9.1044e+10  34.1%  1458 1415s
   770   559 9.1044e+10   77 1350 6.7893e+10 9.1044e+10  34.1%  1458 1421s
   772   560 9.1044e+10   79 1351 6.7893e+10 9.1044e+10  34.1%  1455 1425s
   773   561 8.9822e+10   80 1171 6.7893e+10 9.1044e+10  34.1%  1457 1430s
   775   562 9.0433e+10   81 1225 6.7893e+10 9.1044e+10  34.1%  1456 1435s
   778   564 8.9822e+10   83  979 6.7893e+10 9.1044e+10  34.1%  1455 1444s
   779   565 8.8599e+10   83 1167 6.7893e+10 9.1044e+10  34.1%  1456 1446s
   782   565 8.9822e+10   85 1015 6.7893e+10 9.1044e+10  34.1%  1453 1451s
   785   567 8.9822e+10   86  916 6.7893e+10 9.1044e+10  34.1%  1454 1458s
   786   568 8.9822e+10   87  979 6.7893e+10 9.1044e+10  34.1%  1454 1460s
   789   570 8.9822e+10   88  941 6.7893e+10 9.1044e+10  34.1%  1451 1467s
   792   570 8.9822e+10   90 1042 6.7893e+10 9.1044e+10  34.1%  1447 1471s
   794   571 8.9822e+10   91 1088 6.7893e+10 9.1044e+10  34.1%  1447 1477s
   796   572 8.9822e+10   92 1051 6.7893e+10 9.1044e+10  34.1%  1444 1481s
   799   572 8.9822e+10   94  977 6.7893e+10 9.1044e+10  34.1%  1441 1486s
   801   574 8.9822e+10   95  957 6.7893e+10 9.1044e+10  34.1%  1439 1490s
   803   575 8.9822e+10   96  929 6.7893e+10 9.1044e+10  34.1%  1436 1495s
   806   577 8.9822e+10   97  981 6.7893e+10 9.1044e+10  34.1%  1431 1501s
   809   579 8.9822e+10   99  908 6.7893e+10 9.1044e+10  34.1%  1427 1506s
   812   579 8.9822e+10  101  992 6.7893e+10 9.1044e+10  34.1%  1424 1511s
   815   581 8.9822e+10  102  986 6.7893e+10 9.1044e+10  34.1%  1420 1516s
   818   583 8.9822e+10  104  879 6.7893e+10 9.1044e+10  34.1%  1419 1520s
   821   585 8.9822e+10  105  872 6.7893e+10 9.1044e+10  34.1%  1415 1526s
   824   587 8.9822e+10  107  882 6.7893e+10 9.1044e+10  34.1%  1412 1531s
   828   590 8.9822e+10  109  725 6.7893e+10 9.1044e+10  34.1%  1407 1535s
   831   588 infeasible  111      6.7893e+10 9.1044e+10  34.1%  1405 1542s
   836   583 9.1044e+10   14 1032 6.7893e+10 9.1044e+10  34.1%  1422 1557s
   837   584 9.1044e+10   15 1207 6.7893e+10 9.1044e+10  34.1%  1439 1567s
   840   586 9.1044e+10   18 1253 6.7893e+10 9.1044e+10  34.1%  1435 1570s
   845   589 9.1044e+10   23 1249 6.7893e+10 9.1044e+10  34.1%  1428 1575s
   846   590 9.1044e+10   24 1248 6.7893e+10 9.1044e+10  34.1%  1426 1589s
   847   590 9.1044e+10   25 1255 6.7893e+10 9.1044e+10  34.1%  1425 1590s
   849   592 9.1044e+10   27 1300 6.7893e+10 9.1044e+10  34.1%  1422 1608s
   852   594 9.1044e+10   30 1289 6.7893e+10 9.1044e+10  34.1%  1417 1610s
   856   596 9.1044e+10   32 1389 6.7893e+10 9.1044e+10  34.1%  1415 1615s
   859   598 9.1044e+10   33 1304 6.7893e+10 9.1044e+10  34.1%  1413 1621s
   862   600 9.1044e+10   35 1333 6.7893e+10 9.1044e+10  34.1%  1409 1626s
   865   602 9.1044e+10   36 1315 6.7893e+10 9.1044e+10  34.1%  1407 1630s
   869   605 9.1044e+10   39 1304 6.7893e+10 9.1044e+10  34.1%  1403 1637s
   871   606 9.1044e+10   40 1336 6.7893e+10 9.1044e+10  34.1%  1402 1640s
   875   609 9.1044e+10   43 1307 6.7893e+10 9.1044e+10  34.1%  1398 1646s
   877   610 9.1044e+10   44 1323 6.7893e+10 9.1044e+10  34.1%  1396 1650s
   880   612 9.1044e+10   46 1301 6.7893e+10 9.1044e+10  34.1%  1392 1656s
   882   614 9.1044e+10   48 1339 6.7893e+10 9.1044e+10  34.1%  1390 1661s
   883   614 9.1044e+10   49 1341 6.7893e+10 9.1044e+10  34.1%  1391 1665s
   885   616 9.1044e+10   50 1402 6.7893e+10 9.1044e+10  34.1%  1390 1670s
   888   618 9.1044e+10   52 1306 6.7893e+10 9.1044e+10  34.1%  1386 1675s
   891   620 9.1044e+10   53 1383 6.7893e+10 9.1044e+10  34.1%  1384 1680s
   895   622 9.1044e+10   56 1234 6.7893e+10 9.1044e+10  34.1%  1380 1686s
   898   624 9.1044e+10   58 1246 6.7893e+10 9.1044e+10  34.1%  1376 1690s
   900   626 8.6364e+10   59 1174 6.7893e+10 9.1044e+10  34.1%  1381 1698s
   901   626 9.1044e+10   60 1200 6.7893e+10 9.1044e+10  34.1%  1379 1700s
   904   628 9.1044e+10   61 1214 6.7893e+10 9.1044e+10  34.1%  1377 1705s
   907   630 9.1044e+10   63 1251 6.7893e+10 9.1044e+10  34.1%  1374 1712s
   910   632 9.1044e+10   65 1246 6.7893e+10 9.1044e+10  34.1%  1370 1716s
   912   634 9.1044e+10   66 1289 6.7893e+10 9.1044e+10  34.1%  1368 1722s
   914   635 9.1044e+10   67 1236 6.7893e+10 9.1044e+10  34.1%  1366 1725s
   918   634 infeasible   69      6.7893e+10 9.1044e+10  34.1%  1363 1730s
   920   635 9.1044e+10   69 1233 6.7893e+10 9.1044e+10  34.1%  1361 1736s
   923   637 9.1044e+10   71 1240 6.7893e+10 9.1044e+10  34.1%  1357 1741s
   925   638 9.1044e+10   72 1214 6.7893e+10 9.1044e+10  34.1%  1356 1745s
   927   640 9.1044e+10   73 1160 6.7893e+10 9.1044e+10  34.1%  1355 1751s
   930   642 9.1044e+10   74 1178 6.7893e+10 9.1044e+10  34.1%  1351 1756s
   933   644 9.1044e+10   76 1110 6.7893e+10 9.1044e+10  34.1%  1347 1760s
   936   646 9.1044e+10   78 1113 6.7893e+10 9.1044e+10  34.1%  1344 1766s
   938   647 9.1044e+10   79 1033 6.7893e+10 9.1044e+10  34.1%  1341 1770s
   941   649 9.1044e+10   80 1024 6.7893e+10 9.1044e+10  34.1%  1338 1775s
   944   651 9.1044e+10   82  985 6.7893e+10 9.1044e+10  34.1%  1334 1780s
   947   653 9.1044e+10   83  963 6.7893e+10 9.1044e+10  34.1%  1333 1785s
   950   655 9.1044e+10   85  823 6.7893e+10 9.1044e+10  34.1%  1329 1790s
   953   657 9.1044e+10   86  837 6.7893e+10 9.1044e+10  34.1%  1326 1795s
   956   659 9.1044e+10   88  789 6.7893e+10 9.1044e+10  34.1%  1323 1800s
   960   662 9.1044e+10   90  831 6.7893e+10 9.1044e+10  34.1%  1318 1805s
   963   664 9.1044e+10   91  735 6.7893e+10 9.1044e+10  34.1%  1315 1810s
   966   666 9.1044e+10   93  708 6.7893e+10 9.1044e+10  34.1%  1312 1816s
   969   668 9.1044e+10   95  742 6.7893e+10 9.1044e+10  34.1%  1308 1820s
   973   670 9.1044e+10   97  616 6.7893e+10 9.1044e+10  34.1%  1304 1827s
   974   671 9.1044e+10   97  694 6.7893e+10 9.1044e+10  34.1%  1302 1830s
   976   672 9.1044e+10   98  615 6.7893e+10 9.1044e+10  34.1%  1300 1835s
   980   673 9.1044e+10  100  627 6.7893e+10 9.1044e+10  34.1%  1295 1840s
   983   675 9.1044e+10  102  650 6.7893e+10 9.1044e+10  34.1%  1292 1845s
   987   678 9.1044e+10  104  569 6.7893e+10 9.1044e+10  34.1%  1288 1850s
   991   678 9.1044e+10  106  541 6.7893e+10 9.1044e+10  34.1%  1283 1855s
   994   680 9.1044e+10  107  539 6.7893e+10 9.1044e+10  34.1%  1280 1860s
   998   683 9.1044e+10  110  508 6.7893e+10 9.1044e+10  34.1%  1276 1865s
  1003   686 9.1044e+10  112  441 6.7893e+10 9.1044e+10  34.1%  1270 1870s
  1009   690 9.1044e+10  115  413 6.7893e+10 9.1044e+10  34.1%  1262 1875s
  1017   692 infeasible  119      6.7893e+10 9.1044e+10  34.1%  1253 1880s
  1025   693 9.1044e+10  123  308 6.7893e+10 9.1044e+10  34.1%  1243 1885s
  1031   689 9.1044e+10  122  293 6.7893e+10 9.1044e+10  34.1%  1237 1919s
  1032   690 9.1044e+10  122  324 6.7893e+10 9.1044e+10  34.1%  1236 1920s
  1039   692 9.1044e+10  126  279 6.7893e+10 9.1044e+10  34.1%  1228 1925s
  1047   690 9.1044e+10  130  214 6.7893e+10 9.1044e+10  34.1%  1219 1930s
  1058   687 9.1044e+10  136  152 6.7893e+10 9.1044e+10  34.1%  1207 1953s
  1062   686 9.1044e+10  137  116 6.7893e+10 9.1044e+10  34.1%  1203 1955s
  1070   675 infeasible  123      6.7893e+10 9.1044e+10  34.1%  1195 1960s
  1078   666 9.1044e+10   26 1061 6.7893e+10 9.1044e+10  34.1%  1195 1971s
  1079   667 8.6364e+10   27 1084 6.7893e+10 9.1044e+10  34.1%  1210 1982s
  1080   666     cutoff   27      6.7893e+10 9.1044e+10  34.1%  1219 1987s
  1081   664     cutoff   28      6.7893e+10 9.1044e+10  34.1%  1221 1990s
  1086   666 9.1044e+10   29 1248 6.7893e+10 9.1044e+10  34.1%  1221 1995s
  1093   670 9.1044e+10   36 1222 6.7893e+10 9.1044e+10  34.1%  1214 2000s
  1097   673 9.1044e+10   40 1348 6.7893e+10 9.1044e+10  34.1%  1214 2005s
  1100   675 9.1044e+10   43 1620 6.7893e+10 9.1044e+10  34.1%  1216 2011s
  1103   677 9.1044e+10   46 1749 6.7893e+10 9.1044e+10  34.1%  1216 2016s
  1106   679 9.1044e+10   48 1237 6.7893e+10 9.1044e+10  34.1%  1214 2021s
  1109   681 9.1044e+10   51 1598 6.7893e+10 9.1044e+10  34.1%  1212 2026s
  1112   683 9.1044e+10   54 1579 6.7893e+10 9.1044e+10  34.1%  1210 2031s
  1115   685 9.1044e+10   57 1589 6.7893e+10 9.1044e+10  34.1%  1208 2036s
  1116   686 9.1044e+10   58 1553 6.7893e+10 9.1044e+10  34.1%  1213 2040s
  1119   688 9.1044e+10   61 1530 6.7893e+10 9.1044e+10  34.1%  1210 2045s
  1121   689 9.1044e+10   63 1589 6.7893e+10 9.1044e+10  34.1%  1212 2051s
  1123   690 9.1044e+10   65 1374 6.7893e+10 9.1044e+10  34.1%  1212 2055s
  1124   691 8.4933e+10   66 1070 6.7893e+10 9.1044e+10  34.1%  1213 2060s
  1127   693 8.2854e+10   66  893 6.7893e+10 9.1044e+10  34.1%  1215 2067s
  1128   694 8.7377e+10   64 1429 6.7893e+10 9.1044e+10  34.1%  1217 2072s
  1129   694 8.6766e+10   66 1679 6.7893e+10 9.1044e+10  34.1%  1220 2077s
  1131   696 9.1044e+10   68 1276 6.7893e+10 9.1044e+10  34.1%  1218 2081s
  1133   697 9.1044e+10   70 1262 6.7893e+10 9.1044e+10  34.1%  1216 2085s
  1136   699 9.1044e+10   73 1317 6.7893e+10 9.1044e+10  34.1%  1214 2090s
  1137   700 8.7377e+10   73 1392 6.7893e+10 9.1044e+10  34.1%  1217 2095s
  1140   702 9.1044e+10   76 1265 6.7893e+10 9.1044e+10  34.1%  1215 2101s
  1142   703 9.1044e+10   78 1284 6.7893e+10 9.1044e+10  34.1%  1213 2105s
  1145   705 9.1044e+10   81 1205 6.7893e+10 9.1044e+10  34.1%  1210 2111s
  1147   706 9.1044e+10   83 1228 6.7893e+10 9.1044e+10  34.1%  1208 2115s
  1148   707 8.6766e+10   81 1140 6.7893e+10 9.1044e+10  34.1%  1213 2122s
  1149   708 8.7377e+10   84 1071 6.7893e+10 9.1044e+10  34.1%  1214 2126s
  1151   709 8.1267e+10   86  993 6.7893e+10 9.1044e+10  34.1%  1214 2130s
  1154   711 9.1044e+10   86 1230 6.7893e+10 9.1044e+10  34.1%  1211 2136s
  1157   711 9.1044e+10   87 1212 6.7893e+10 9.1044e+10  34.1%  1208 2140s
  1160   713 9.1044e+10   90 1209 6.7893e+10 9.1044e+10  34.1%  1205 2146s
  1163   715 9.1044e+10   93 1200 6.7893e+10 9.1044e+10  34.1%  1202 2151s
  1165   716 9.1044e+10   95 1185 6.7893e+10 9.1044e+10  34.1%  1200 2155s
  1168   718 9.1044e+10   98 1159 6.7893e+10 9.1044e+10  34.1%  1197 2161s
  1170   720 9.1044e+10  100 1154 6.7893e+10 9.1044e+10  34.1%  1195 2165s
  1172   721 9.1044e+10  102 1178 6.7893e+10 9.1044e+10  34.1%  1194 2170s
  1175   723 9.1044e+10  105 1160 6.7893e+10 9.1044e+10  34.1%  1192 2176s
  1178   725 9.1044e+10  108 1143 6.7893e+10 9.1044e+10  34.1%  1189 2181s
  1181   727 9.1044e+10  111 1171 6.7893e+10 9.1044e+10  34.1%  1186 2185s
  1184   729 9.1044e+10  114 1168 6.7893e+10 9.1044e+10  34.1%  1183 2190s
  1187   731 9.1044e+10  117 1215 6.7893e+10 9.1044e+10  34.1%  1180 2195s
  1190   733 9.1044e+10  120 1259 6.7893e+10 9.1044e+10  34.1%  1178 2201s
  1193   735 9.1044e+10  123 1233 6.7893e+10 9.1044e+10  34.1%  1175 2207s
  1195   736 9.1044e+10  123 1230 6.7893e+10 9.1044e+10  34.1%  1173 2210s
  1198   738 9.1044e+10  127 1195 6.7893e+10 9.1044e+10  34.1%  1171 2215s
  1201   740 9.1044e+10  130 1195 6.7893e+10 9.1044e+10  34.1%  1168 2221s
  1204   742 9.1044e+10  133 1193 6.7893e+10 9.1044e+10  34.1%  1165 2226s
  1207   744 9.1044e+10  136 1206 6.7893e+10 9.1044e+10  34.1%  1162 2231s
  1210   746 9.1044e+10  139 1151 6.7893e+10 9.1044e+10  34.1%  1160 2236s
  1212   748 9.1044e+10  141 1155 6.7893e+10 9.1044e+10  34.1%  1158 2241s
  1215   750 9.1044e+10  144 1215 6.7893e+10 9.1044e+10  34.1%  1156 2246s
  1217   751 9.1044e+10  146 1306 6.7893e+10 9.1044e+10  34.1%  1154 2250s
  1220   753 9.1044e+10  148 1349 6.7893e+10 9.1044e+10  34.1%  1152 2258s
  1221   754 9.1044e+10  149 1348 6.7893e+10 9.1044e+10  34.1%  1151 2260s
  1224   756 8.4944e+10  151 1212 6.7893e+10 9.1044e+10  34.1%  1151 2267s
  1226   757 9.1044e+10  152 1362 6.7893e+10 9.1044e+10  34.1%  1149 2271s
  1228   758 8.2740e+10  153 1036 6.7893e+10 9.1044e+10  34.1%  1150 2278s
  1229   759 9.1044e+10  152 1344 6.7893e+10 9.1044e+10  34.1%  1150 2280s
  1233   762 9.1044e+10  156 1270 6.7893e+10 9.1044e+10  34.1%  1147 2286s
  1236   764 9.1044e+10  159 1209 6.7893e+10 9.1044e+10  34.1%  1144 2290s
  1239   766 9.1044e+10  162 1231 6.7893e+10 9.1044e+10  34.1%  1141 2295s
  1242   768 9.1044e+10  165 1259 6.7893e+10 9.1044e+10  34.1%  1139 2302s
  1244   769 9.1044e+10  167 1257 6.7893e+10 9.1044e+10  34.1%  1137 2306s
  1246   770 8.2740e+10  169 1210 6.7893e+10 9.1044e+10  34.1%  1138 2315s
  1247   771 8.8905e+10  169 1346 6.7893e+10 9.1044e+10  34.1%  1139 2323s
  1248   772 9.1044e+10  168 1217 6.7893e+10 9.1044e+10  34.1%  1138 2325s
  1251   774 9.1044e+10  171 1252 6.7893e+10 9.1044e+10  34.1%  1136 2331s
  1254   776 8.2854e+10  174  891 6.7893e+10 9.1044e+10  34.1%  1134 2336s
  1256   777 9.1044e+10  175 1074 6.7893e+10 9.1044e+10  34.1%  1132 2340s
  1260   780 9.1044e+10  178 1083 6.7893e+10 9.1044e+10  34.1%  1129 2349s
  1261   780 9.1044e+10  179 1060 6.7893e+10 9.1044e+10  34.1%  1128 2351s
  1264   782 9.1044e+10  182 1058 6.7893e+10 9.1044e+10  34.1%  1126 2355s
  1266   784 8.5544e+10  179 1057 6.7893e+10 9.1044e+10  34.1%  1125 2361s
  1269   786 9.1044e+10  186 1052 6.7893e+10 9.1044e+10  34.1%  1123 2366s
  1271   787 9.1044e+10  188 1123 6.7893e+10 9.1044e+10  34.1%  1122 2370s
  1274   789 9.1044e+10  191 1059 6.7893e+10 9.1044e+10  34.1%  1119 2377s
  1276   790 9.1044e+10  192 1051 6.7893e+10 9.1044e+10  34.1%  1117 2381s
  1279   792 9.1044e+10  195 1140 6.7893e+10 9.1044e+10  34.1%  1115 2387s
  1281   794 9.1044e+10  196 1126 6.7893e+10 9.1044e+10  34.1%  1114 2391s
  1284   796 9.1044e+10  199 1085 6.7893e+10 9.1044e+10  34.1%  1112 2395s
  1287   798 9.1044e+10  201 1086 6.7893e+10 9.1044e+10  34.1%  1109 2401s
  1289   799 8.5544e+10  203 1298 6.7893e+10 9.1044e+10  34.1%  1110 2408s
  1291   798 8.4933e+10  202 1184 6.7893e+10 9.1044e+10  34.1%  1110 2413s
  1292   799 9.1044e+10  200 1008 6.7893e+10 9.1044e+10  34.1%  1110 2417s
  1293   800 9.1044e+10  199 1070 6.7893e+10 9.1044e+10  34.1%  1110 2421s
  1294   800 9.1044e+10  202 1159 6.7893e+10 9.1044e+10  34.1%  1110 2427s
  1296   802 7.5658e+10  203  647 6.7893e+10 9.1044e+10  34.1%  1109 2433s
  1297   802 8.5544e+10  201  926 6.7893e+10 9.1044e+10  34.1%  1109 2436s
  1299   804 7.5658e+10  201  560 6.7893e+10 9.1044e+10  34.1%  1110 2442s
  1300   804 9.1044e+10  202 1046 6.7893e+10 9.1044e+10  34.1%  1109 2445s
  1302   806 7.5658e+10  203  572 6.7893e+10 9.1044e+10  34.1%  1110 2454s
  1303   806 8.0067e+10  205  998 6.7893e+10 9.1044e+10  34.1%  1109 2457s
  1305   808 8.0067e+10  204  756 6.7893e+10 9.1044e+10  34.1%  1109 2464s
  1306   806 infeasible  204      6.7893e+10 9.1044e+10  34.1%  1109 2468s
  1308   806 8.0045e+10  205  683 6.7893e+10 9.1044e+10  34.1%  1110 2474s
  1309   806 8.0045e+10  204  782 6.7893e+10 9.1044e+10  34.1%  1109 2476s
  1312   808 8.1267e+10  206  744 6.7893e+10 9.1044e+10  34.1%  1107 2481s
  1315   810 8.1267e+10  209  782 6.7893e+10 9.1044e+10  34.1%  1105 2485s
  1317   812 7.8845e+10  210  768 6.7893e+10 9.1044e+10  34.1%  1104 2491s
  1319   813 8.0067e+10  209  707 6.7893e+10 9.1044e+10  34.1%  1103 2496s
  1321   814 8.0067e+10  207  796 6.7893e+10 9.1044e+10  34.1%  1102 2501s
  1324   816 8.0067e+10  212  743 6.7893e+10 9.1044e+10  34.1%  1100 2505s
  1327   818 7.8845e+10  214  680 6.7893e+10 9.1044e+10  34.1%  1098 2512s
  1328   819 8.0067e+10  214  747 6.7893e+10 9.1044e+10  34.1%  1097 2536s
  1331   821 8.0067e+10  217  682 6.7893e+10 9.1044e+10  34.1%  1095 2540s
  1336   824 8.0067e+10  222  682 6.7893e+10 9.1044e+10  34.1%  1091 2545s
  1341   828 8.0067e+10  227  616 6.7893e+10 9.1044e+10  34.1%  1088 2550s
  1346   829 8.0067e+10  231  559 6.7893e+10 9.1044e+10  34.1%  1084 2555s
  1350   832 8.0067e+10  235  554 6.7893e+10 9.1044e+10  34.1%  1081 2560s
  1355   835 8.0067e+10  240  648 6.7893e+10 9.1044e+10  34.1%  1077 2567s
  1358   837 8.0067e+10  243  613 6.7893e+10 9.1044e+10  34.1%  1075 2570s
  1363   840 8.0067e+10  248  607 6.7893e+10 9.1044e+10  34.1%  1071 2575s
  1367   843 8.0067e+10  252  641 6.7893e+10 9.1044e+10  34.1%  1068 2580s
  1370   843 infeasible  255      6.7893e+10 9.1044e+10  34.1%  1066 2585s
  1373   839 infeasible  253      6.7893e+10 9.1044e+10  34.1%  1067 2592s
  1375   840 8.0067e+10  251  603 6.7893e+10 9.1044e+10  34.1%  1066 2595s
  1377   842 8.0067e+10  253  615 6.7893e+10 9.1044e+10  34.1%  1064 2600s
  1380   842 8.0067e+10  255  588 6.7893e+10 9.1044e+10  34.1%  1062 2605s
  1382   841 8.0067e+10  254  613 6.7893e+10 9.1044e+10  34.1%  1062 2638s
  1384   840 infeasible  256      6.7893e+10 9.1044e+10  34.1%  1060 2640s
  1387   838 infeasible  257      6.7893e+10 9.1044e+10  34.1%  1059 2646s
  1390   834 infeasible  255      6.7893e+10 9.1044e+10  34.1%  1058 2650s
  1392   832     cutoff   35      6.7893e+10 9.1044e+10  34.1%  1075 2672s
  1394   833 9.1044e+10   39 1312 6.7893e+10 9.1044e+10  34.1%  1084 2685s
  1396   834 9.1044e+10   41  893 6.7893e+10 9.1044e+10  34.1%  1089 2694s
  1397   835 9.1044e+10   41 1216 6.7893e+10 9.1044e+10  34.1%  1089 2696s
  1400   837 9.1044e+10   44 1197 6.7893e+10 9.1044e+10  34.1%  1088 2701s
  1403   839 9.1044e+10   47 1183 6.7893e+10 9.1044e+10  34.1%  1086 2706s
  1405   840 8.9334e+10   49 1335 6.7893e+10 9.1044e+10  34.1%  1093 2715s
  1408   842 8.9334e+10   52 1355 6.7893e+10 9.1044e+10  34.1%  1091 2721s
  1410   844 8.9334e+10   54 1310 6.7893e+10 9.1044e+10  34.1%  1090 2725s
  1412   845 8.9334e+10   55  990 6.7893e+10 9.1044e+10  34.1%  1095 2732s
  1414   846 8.9334e+10   56  922 6.7893e+10 9.1044e+10  34.1%  1095 2735s
  1418   849 8.9334e+10   60  873 6.7893e+10 9.1044e+10  34.1%  1093 2741s
  1421   851 8.9334e+10   63  754 6.7893e+10 9.1044e+10  34.1%  1092 2746s
  1424   853 8.9334e+10   66  759 6.7893e+10 9.1044e+10  34.1%  1089 2750s
  1427   855 8.9334e+10   68  769 6.7893e+10 9.1044e+10  34.1%  1089 2756s
  1430   857 8.6889e+10   70  740 6.7893e+10 9.1044e+10  34.1%  1087 2761s
  1433   859 8.9334e+10   71  735 6.7893e+10 9.1044e+10  34.1%  1085 2765s
  1436   861 8.9334e+10   73  706 6.7893e+10 9.1044e+10  34.1%  1083 2799s
  1437   862 8.9334e+10   73  716 6.7893e+10 9.1044e+10  34.1%  1082 2801s
  1440   864 8.9334e+10   75  686 6.7893e+10 9.1044e+10  34.1%  1080 2805s
  1443   866 8.9334e+10   76  750 6.7893e+10 9.1044e+10  34.1%  1078 2810s
  1447   868 8.9334e+10   78  761 6.7893e+10 9.1044e+10  34.1%  1076 2817s
  1449   870 8.9334e+10   80  853 6.7893e+10 9.1044e+10  34.1%  1075 2821s
  1452   872 8.9334e+10   81  705 6.7893e+10 9.1044e+10  34.1%  1073 2826s
  1454   873 8.9334e+10   82  742 6.7893e+10 9.1044e+10  34.1%  1073 2832s
  1456   874 8.9334e+10   84  782 6.7893e+10 9.1044e+10  34.1%  1072 2835s
  1459   876 8.9334e+10   85  765 6.7893e+10 9.1044e+10  34.1%  1071 2841s
  1462   878 8.9334e+10   88  811 6.7893e+10 9.1044e+10  34.1%  1069 2846s
  1463   879 8.9334e+10   88  706 6.7893e+10 9.1044e+10  34.1%  1069 2867s
  1466   879 8.9334e+10   90  796 6.7893e+10 9.1044e+10  34.1%  1067 2870s
  1470   882 8.9334e+10   92  671 6.7893e+10 9.1044e+10  34.1%  1065 2875s
  1473   884 8.9334e+10   94  705 6.7893e+10 9.1044e+10  34.1%  1063 2880s
  1477   886 8.9334e+10   96  728 6.7893e+10 9.1044e+10  34.1%  1060 2885s
  1481   888 8.9334e+10   98  688 6.7893e+10 9.1044e+10  34.1%  1058 2891s
  1483   889 8.9334e+10   99  699 6.7893e+10 9.1044e+10  34.1%  1058 2896s
  1487   892 8.9334e+10  101  613 6.7893e+10 9.1044e+10  34.1%  1055 2900s
  1490   894 8.9334e+10  102  558 6.7893e+10 9.1044e+10  34.1%  1053 2910s
  1496   896 8.9334e+10  105  631 6.7893e+10 9.1044e+10  34.1%  1049 2916s
  1499   898 8.9334e+10  106  587 6.7893e+10 9.1044e+10  34.1%  1048 2921s
  1502   898 infeasible  108      6.7893e+10 9.1044e+10  34.1%  1046 2925s
  1507   899 8.9334e+10  110  515 6.7893e+10 9.1044e+10  34.1%  1043 2930s
  1511   902 8.9334e+10  112  512 6.7893e+10 9.1044e+10  34.1%  1040 2935s
  1515   903 infeasible  114      6.7893e+10 9.1044e+10  34.1%  1038 2940s
  1517   904 8.9334e+10  115  461 6.7893e+10 9.1044e+10  34.1%  1036 2955s
  1522   907 8.9334e+10  118  385 6.7893e+10 9.1044e+10  34.1%  1033 2961s
  1526   910 8.9334e+10  120  416 6.7893e+10 9.1044e+10  34.1%  1031 2966s
  1531   913 8.9334e+10  122  428 6.7893e+10 9.1044e+10  34.1%  1028 2970s
  1540   903 9.1044e+10   39 1390 6.7893e+10 9.1044e+10  34.1%  1040 3003s
  1541   904 9.1044e+10   40 1385 6.7893e+10 9.1044e+10  34.1%  1049 3016s
  1542   905 9.1044e+10   40 1410 6.7893e+10 9.1044e+10  34.1%  1062 3035s
  1544   906 9.1044e+10   42 1392 6.7893e+10 9.1044e+10  34.1%  1061 3041s
  1545   907 9.1044e+10   43 1236 6.7893e+10 9.1044e+10  34.1%  1067 3049s
  1546   907 8.9334e+10   44 1235 6.7893e+10 9.1044e+10  34.1%  1067 3053s
  1547   908 8.9334e+10   45 1243 6.7893e+10 9.1044e+10  34.1%  1066 3055s
  1550   910 8.9334e+10   48 1242 6.7893e+10 9.1044e+10  34.1%  1064 3062s
  1552   911 8.9334e+10   50 1245 6.7893e+10 9.1044e+10  34.1%  1063 3066s
  1553   912 8.9334e+10   51 1278 6.7893e+10 9.1044e+10  34.1%  1072 3074s
  1554   913 8.9334e+10   52 1262 6.7893e+10 9.1044e+10  34.1%  1072 3075s
  1557   915 8.9334e+10   55 1273 6.7893e+10 9.1044e+10  34.1%  1070 3080s
  1559   916 8.9334e+10   57 1275 6.7893e+10 9.1044e+10  34.1%  1069 3085s
  1561   917 8.9334e+10   59 1267 6.7893e+10 9.1044e+10  34.1%  1069 3091s
  1564   919 8.9334e+10   60 1110 6.7893e+10 9.1044e+10  34.1%  1068 3097s
  1566   921 8.9334e+10   62 1100 6.7893e+10 9.1044e+10  34.1%  1067 3100s
  1569   923 8.9334e+10   65 1123 6.7893e+10 9.1044e+10  34.1%  1065 3105s
  1571   924 8.9334e+10   67 1116 6.7893e+10 9.1044e+10  34.1%  1064 3113s
  1572   925 8.9334e+10   68 1111 6.7893e+10 9.1044e+10  34.1%  1063 3115s
  1576   927 8.9334e+10   72 1120 6.7893e+10 9.1044e+10  34.1%  1061 3121s
  1579   929 8.9334e+10   74 1072 6.7893e+10 9.1044e+10  34.1%  1060 3126s
  1581   931 8.9334e+10   76 1083 6.7893e+10 9.1044e+10  34.1%  1059 3130s
  1583   932 8.9334e+10   77 1040 6.7893e+10 9.1044e+10  34.1%  1060 3135s
  1586   934 8.9334e+10   79 1009 6.7893e+10 9.1044e+10  34.1%  1059 3141s
  1589   936 8.9334e+10   82 1009 6.7893e+10 9.1044e+10  34.1%  1057 3147s
  1591   937 8.9334e+10   82  966 6.7893e+10 9.1044e+10  34.1%  1057 3150s
  1594   939 8.9334e+10   85 1103 6.7893e+10 9.1044e+10  34.1%  1056 3156s
  1596   941 8.9334e+10   87 1099 6.7893e+10 9.1044e+10  34.1%  1055 3160s
  1598   942 8.9334e+10   89 1039 6.7893e+10 9.1044e+10  34.1%  1054 3166s
  1600   943 8.9334e+10   90 1034 6.7893e+10 9.1044e+10  34.1%  1053 3170s
  1602   945 8.9334e+10   92 1032 6.7893e+10 9.1044e+10  34.1%  1051 3176s
  1605   947 8.6278e+10   92 1008 6.7893e+10 9.1044e+10  34.1%  1050 3181s
  1607   948 8.9334e+10   93  923 6.7893e+10 9.1044e+10  34.1%  1049 3185s
  1611   951 8.9334e+10   94  852 6.7893e+10 9.1044e+10  34.1%  1047 3191s
  1614   953 8.9334e+10   96  869 6.7893e+10 9.1044e+10  34.1%  1046 3196s
  1616   954 8.7500e+10   98  880 6.7893e+10 9.1044e+10  34.1%  1045 3200s
  1620   957 8.8112e+10  100  812 6.7893e+10 9.1044e+10  34.1%  1044 3206s
  1622   958 8.9334e+10   97  834 6.7893e+10 9.1044e+10  34.1%  1043 3211s
  1625   960 8.9334e+10   99  752 6.7893e+10 9.1044e+10  34.1%  1041 3217s
  1627   961 8.9334e+10  101  837 6.7893e+10 9.1044e+10  34.1%  1041 3220s
  1630   963 8.9334e+10  104  832 6.7893e+10 9.1044e+10  34.1%  1039 3225s
  1633   965 8.9334e+10  107  943 6.7893e+10 9.1044e+10  34.1%  1038 3230s
  1636   967 8.9334e+10  110  945 6.7893e+10 9.1044e+10  34.1%  1037 3235s
  1640   970 8.8112e+10  111  597 6.7893e+10 9.1044e+10  34.1%  1035 3240s
  1641   971 7.7634e+10  110  843 6.7893e+10 9.1044e+10  34.1%  1036 3245s
  1643   972 8.7624e+10  110  783 6.7893e+10 9.1044e+10  34.1%  1036 3250s
  1647   975 8.8112e+10  113  590 6.7893e+10 9.1044e+10  34.1%  1034 3256s
  1652   976 8.8112e+10  117  596 6.7893e+10 9.1044e+10  34.1%  1031 3271s
  1655   978 7.8166e+10  120  571 6.7893e+10 9.1044e+10  34.1%  1030 3277s
  1656   979 7.8166e+10  118  527 6.7893e+10 9.1044e+10  34.1%  1030 3281s
  1658   980 8.6402e+10  118  691 6.7893e+10 9.1044e+10  34.1%  1029 3285s
  1661   982 7.9966e+10  120  536 6.7893e+10 9.1044e+10  34.1%  1029 3291s
  1664   982 8.8112e+10  118  648 6.7893e+10 9.1044e+10  34.1%  1028 3296s
  1667   982     cutoff  119      6.7893e+10 9.1044e+10  34.1%  1028 3302s
  1669   981 7.9966e+10  121  569 6.7893e+10 9.1044e+10  34.1%  1027 3305s
  1672   983 7.9966e+10  124  547 6.7893e+10 9.1044e+10  34.1%  1025 3311s
  1675   985 7.5872e+10  125  691 6.7893e+10 9.1044e+10  34.1%  1024 3318s
  1676   986 7.1192e+10  126  477 6.7893e+10 9.1044e+10  34.1%  1024 3320s
  1678   985 7.1192e+10  127  457 6.7893e+10 9.1044e+10  34.1%  1024 3325s
  1679   986 7.9966e+10  124  566 6.7893e+10 9.1044e+10  34.1%  1023 3377s
  1681   985     cutoff  125      6.7893e+10 9.1044e+10  34.1%  1023 3380s
  1683   987 7.1192e+10  127  464 6.7893e+10 9.1044e+10  34.1%  1022 3385s
  1687   985 7.1192e+10  128  410 6.7893e+10 9.1044e+10  34.1%  1020 3391s
  1690   987 7.1192e+10  131  479 6.7893e+10 9.1044e+10  34.1%  1018 3395s
  1694   990 7.1192e+10  135  444 6.7893e+10 9.1044e+10  34.1%  1016 3400s
  1698   993 7.1192e+10  139  424 6.7893e+10 9.1044e+10  34.1%  1014 3405s
  1702   995 7.1192e+10  142  413 6.7893e+10 9.1044e+10  34.1%  1011 3410s
  1705   997 7.1192e+10  145  374 6.7893e+10 9.1044e+10  34.1%  1010 3417s
  1706   998 7.1192e+10  146  396 6.7893e+10 9.1044e+10  34.1%  1009 3436s
  1708   999 7.1192e+10  148  350 6.7893e+10 9.1044e+10  34.1%  1008 3440s
  1711  1001 7.1192e+10  151  327 6.7893e+10 9.1044e+10  34.1%  1006 3445s
  1713  1003 7.1192e+10  153  327 6.7893e+10 9.1044e+10  34.1%  1005 3450s
  1716  1005 7.1192e+10  156  325 6.7893e+10 9.1044e+10  34.1%  1004 3455s
  1719  1007 7.1192e+10  159  329 6.7893e+10 9.1044e+10  34.1%  1002 3460s
  1723  1003 infeasible  160      6.7893e+10 9.1044e+10  34.1%  1000 3466s
  1726  1001 9.1044e+10   75 1639 6.7893e+10 9.1044e+10  34.1%  1003 3476s
  1728  1003 9.1044e+10   77  952 6.7893e+10 9.1044e+10  34.1%  1003 3481s
  1730  1004 7.4664e+10   79  633 6.7893e+10 9.1044e+10  34.1%  1003 3485s
  1732  1005 7.3442e+10   81  626 6.7893e+10 9.1044e+10  34.1%  1002 3490s
  1733  1006 7.3442e+10   82  625 6.7893e+10 9.1044e+10  34.1%  1002 3496s
  1735  1007 7.3442e+10   84  628 6.7893e+10 9.1044e+10  34.1%  1001 3501s
  1736  1008 7.0997e+10   85  617 6.7893e+10 9.1044e+10  34.1%  1001 3505s
  1738  1009 6.8553e+10   87  596 6.7893e+10 9.1044e+10  34.1%  1000 3510s
  1741  1011 6.8553e+10   90  557 6.7893e+10 9.1044e+10  34.1%   998 3516s
  1744  1013 6.8553e+10   93  543 6.7893e+10 9.1044e+10  34.1%   997 3521s
  1746  1015 6.8553e+10   95  531 6.7893e+10 9.1044e+10  34.1%   996 3526s
  1749  1015 6.8553e+10   97  529 6.7893e+10 9.1044e+10  34.1%   994 3530s
  1752  1017 6.8553e+10  100  487 6.7893e+10 9.1044e+10  34.1%   993 3535s
  1755  1019 6.8553e+10  103  478 6.7893e+10 9.1044e+10  34.1%   991 3540s
  1758  1021 6.8553e+10  106  473 6.7893e+10 9.1044e+10  34.1%   989 3545s
  1760  1022 6.8553e+10  108  474 6.7893e+10 9.1044e+10  34.1%   988 3559s
  1761  1023 6.8553e+10  109  481 6.7893e+10 9.1044e+10  34.1%   988 3561s
  1764  1025 6.8553e+10  112  479 6.7893e+10 9.1044e+10  34.1%   986 3565s
  1767  1027 6.8553e+10  115  470 6.7893e+10 9.1044e+10  34.1%   984 3570s
  1770  1029 6.8553e+10  118  348 6.7893e+10 9.1044e+10  34.1%   983 3575s
  1774  1029 6.8553e+10  121  311 6.7893e+10 9.1044e+10  34.1%   981 3580s
  1778  1028 6.8553e+10  123  341 6.7893e+10 9.1044e+10  34.1%   979 3585s
  1783  1029 6.8553e+10  127  307 6.7893e+10 9.1044e+10  34.1%   976 3591s

Cutting planes:
  Gomory: 27
  Lift-and-project: 23
  Cover: 505
  Implied bound: 104
  Projected implied bound: 2
  Clique: 9
  MIR: 29
  Flow cover: 399
  Zero half: 7733
  RLT: 282
  Relax-and-lift: 106
  BQP: 1
  PSD: 6

Explored 1788 nodes (2016828 simplex iterations) in 3594.69 seconds (2124.39 work units)
Thread count was 1 (of 28 available processors)

Solution count 10: 6.78927e+10 6.66706e+10 6.54485e+10 ... 3.81031e+10

Time limit reached
Best objective 6.789270000000e+10, best bound 9.104360000000e+10, gap 34.0992%

User-callback calls 540586, time in user-callback 0.47 sec