Gurobi Optimizer version 12.0.3 build v12.0.3rc0 (linux64 - "Oracle Linux Server 9.4")

CPU model: Intel(R) Xeon(R) CPU E5-2660 v4 @ 2.00GHz, instruction set [SSE2|AVX|AVX2]
Thread count: 28 physical cores, 28 logical processors, using up to 1 threads

Non-default parameters:
TimeLimit  3597.881946752
SoftMemLimit  16
NumericFocus  1
Threads  1

Academic license 2690100 - for non-commercial use only - registered to ju___@uclm.es
Optimize a model with 20121 rows, 4694 columns and 80252 nonzeros
Model fingerprint: 0x9b6e6c76
Variable types: 72 continuous, 4622 integer (4622 binary)
Coefficient statistics:
  Matrix range     [1e+00, 8e+12]
  Objective range  [1e+09, 3e+09]
  Bounds range     [2e+03, 1e+04]
  RHS range        [1e+00, 2e+14]
Warning: Model contains large matrix coefficient range
Warning: Model contains large objective coefficients
Warning: Model contains large rhs
Found heuristic solution: objective -0.0000000
Presolve removed 3726 rows and 0 columns
Presolve time: 0.32s
Presolved: 16395 rows, 4694 columns, 59656 nonzeros
Variable types: 72 continuous, 4622 integer (4622 binary)

Root relaxation: objective 9.469800e+10, 636 iterations, 0.05 seconds (0.03 work units)

    Nodes    |    Current Node    |     Objective Bounds      |     Work
 Expl Unexpl |  Obj  Depth IntInf | Incumbent    BestBd   Gap | It/Node Time

     0     0 9.4698e+10    0  109   -0.00000 9.4698e+10      -     -    1s
H    0     0                    1.382400e+10 9.4698e+10   585%     -    1s
H    0     0                    2.073600e+10 9.4698e+10   357%     -    1s
     0     0 9.4698e+10    0  171 2.0736e+10 9.4698e+10   357%     -    1s
     0     0 9.4698e+10    0  159 2.0736e+10 9.4698e+10   357%     -    1s
     0     0 9.4698e+10    0  200 2.0736e+10 9.4698e+10   357%     -    4s
H    0     0                    5.875200e+10 9.4698e+10  61.2%     -    4s
     0     0 9.4698e+10    0  204 5.8752e+10 9.4698e+10  61.2%     -    4s
     0     0 9.4698e+10    0  199 5.8752e+10 9.4698e+10  61.2%     -    7s
H    0     0                    6.220800e+10 9.4698e+10  52.2%     -    7s
     0     0 9.4698e+10    0  292 6.2208e+10 9.4698e+10  52.2%     -    8s
     0     0 9.4698e+10    0  373 6.2208e+10 9.4698e+10  52.2%     -   15s
     0     0 9.4698e+10    0  352 6.2208e+10 9.4698e+10  52.2%     -   16s
H    0     0                    6.917400e+10 9.4698e+10  36.9%     -   18s
H    0     0                    7.029000e+10 9.4698e+10  34.7%     -   18s
H    0     0                    7.034400e+10 9.4698e+10  34.6%     -   18s
H    0     0                    8.305200e+10 9.4698e+10  14.0%     -   23s
     0     2 9.4698e+10    0   65 8.3052e+10 9.4698e+10  14.0%     -   23s
    19    21 9.4698e+10   10  348 8.3052e+10 9.4698e+10  14.0%   306   25s
H   26    26                    8.656200e+10 9.4698e+10  9.40%   254   25s
H   52    47                    8.890200e+10 9.4698e+10  6.52%   165   29s
    59    55 9.4698e+10   31  304 8.8902e+10 9.4698e+10  6.52%   152   30s
H   78    68                    9.007200e+10 9.4698e+10  5.14%   129   31s
   130   106 9.4698e+10   68  369 9.0072e+10 9.4698e+10  5.14%  93.1   36s
   255   167 9.4698e+10   12  287 9.0072e+10 9.4698e+10  5.14%  62.2   40s
   440   296 9.4698e+10  118  255 9.0072e+10 9.4698e+10  5.14%  54.7   45s
   492   314 9.4698e+10  147  269 9.0072e+10 9.4698e+10  5.14%  50.7   50s
   569   356 9.4698e+10   35  434 9.0072e+10 9.4698e+10  5.14%  56.1   55s
   640   424 9.4698e+10   80  378 9.0072e+10 9.4698e+10  5.14%  64.8   60s
   650   432 9.4698e+10   17  202 9.0072e+10 9.4698e+10  5.14%  64.0   67s
   652   433 9.4698e+10   32  118 9.0072e+10 9.4698e+10  5.14%  63.8   74s
   654   435 9.4698e+10   11  223 9.0072e+10 9.4698e+10  5.14%  63.6   79s
   655   435 9.4698e+10   27  515 9.0072e+10 9.4698e+10  5.14%  63.5   81s
   656   436 9.4698e+10   39  390 9.0072e+10 9.4698e+10  5.14%  63.4   90s
   658   437 9.4698e+10   21   75 9.0072e+10 9.4698e+10  5.14%  63.2  100s
   660   439 9.4698e+10  113   84 9.0072e+10 9.4698e+10  5.14%  63.0  107s
   662   440 9.4698e+10  115   81 9.0072e+10 9.4698e+10  5.14%  62.8  111s
   665   442 9.4698e+10   56   56 9.0072e+10 9.4698e+10  5.14%  62.6  115s
   667   443 9.4698e+10   39  478 9.0072e+10 9.4698e+10  5.14%  62.4  120s
   668   444 9.4698e+10   51   78 9.0072e+10 9.4698e+10  5.14%  62.3  125s
   670   445 9.4698e+10   97   54 9.0072e+10 9.4698e+10  5.14%  62.1  135s
   688   459 9.4698e+10   27  274 9.0072e+10 9.4698e+10  5.14%   396  142s
   696   465 9.4698e+10   32  224 9.0072e+10 9.4698e+10  5.14%   394  145s
   713   474 9.4698e+10   41  213 9.0072e+10 9.4698e+10  5.14%   387  150s
   736   489 9.4698e+10   54  178 9.0072e+10 9.4698e+10  5.14%   377  155s
   766   504 9.4698e+10   69  173 9.0072e+10 9.4698e+10  5.14%   365  160s
   785   509 9.4698e+10   79  151 9.0072e+10 9.4698e+10  5.14%   357  165s
   832   511 9.4698e+10  102  161 9.0072e+10 9.4698e+10  5.14%   339  170s
   858   525 9.4698e+10   34  150 9.0072e+10 9.4698e+10  5.14%   332  175s
   879   537 9.4698e+10   45  133 9.0072e+10 9.4698e+10  5.14%   325  180s
   906   548 9.4698e+10   60  151 9.0072e+10 9.4698e+10  5.14%   316  185s
   939   561 9.4698e+10   77  113 9.0072e+10 9.4698e+10  5.14%   306  190s
   970   552 9.4698e+10   17   79 9.0072e+10 9.4698e+10  5.14%   299  201s
   984   562 9.4698e+10   31  300 9.0072e+10 9.4698e+10  5.14%   298  205s
   994   568 9.4698e+10   41  340 9.0072e+10 9.4698e+10  5.14%   296  243s
   997   570 9.4698e+10   44  291 9.0072e+10 9.4698e+10  5.14%   296  245s
  1013   581 9.4698e+10   55  253 9.0072e+10 9.4698e+10  5.14%   295  250s
  1033   593 9.4698e+10   66  230 9.0072e+10 9.4698e+10  5.14%   291  255s
  1051   605 9.4698e+10   77  173 9.0072e+10 9.4698e+10  5.14%   287  263s
  1062   611 9.4698e+10   84  185 9.0072e+10 9.4698e+10  5.14%   284  265s
  1078   619 9.4698e+10   92  133 9.0072e+10 9.4698e+10  5.14%   281  295s
  1120   637 9.4698e+10  113  129 9.0072e+10 9.4698e+10  5.14%   272  300s
  1170   650 9.4698e+10   25  355 9.0072e+10 9.4698e+10  5.14%   265  305s
  1187   661 9.4698e+10   41  285 9.0072e+10 9.4698e+10  5.14%   265  310s
  1203   672 9.4698e+10   51  332 9.0072e+10 9.4698e+10  5.14%   266  315s
  1221   684 9.4698e+10   63  278 9.0072e+10 9.4698e+10  5.14%   265  320s
  1241   695 9.4698e+10   76  293 9.0072e+10 9.4698e+10  5.14%   262  325s
  1268   711 infeasible   90      9.0072e+10 9.4698e+10  5.14%   258  330s
  1308   729 9.4698e+10  111   69 9.0072e+10 9.4698e+10  5.14%   252  335s
  1358   713 9.4698e+10   21  519 9.0072e+10 9.4698e+10  5.14%   249  340s
  1376   725 9.4698e+10   35  424 9.0072e+10 9.4698e+10  5.14%   252  345s
  1399   740 9.4698e+10   53  318 9.0072e+10 9.4698e+10  5.14%   250  350s
  1419   754 9.4698e+10   65  346 9.0072e+10 9.4698e+10  5.14%   249  355s
  1440   768 9.4698e+10   77  197 9.0072e+10 9.4698e+10  5.14%   247  360s
  1476   788 9.4698e+10   92  104 9.0072e+10 9.4698e+10  5.14%   242  365s
  1646   804 9.4698e+10  128   12 9.0072e+10 9.4698e+10  5.14%   219  371s
  1905   769 9.4698e+10  113   54 9.0072e+10 9.4698e+10  5.14%   191  375s
  1975   778 9.4698e+10  124   36 9.0072e+10 9.4698e+10  5.14%   185  390s
  2327   736 9.4698e+10  101   71 9.0072e+10 9.4698e+10  5.14%   159  395s
  2450   684 9.4698e+10   40  296 9.0072e+10 9.4698e+10  5.14%   153  400s
  2468   702 9.4698e+10   58  336 9.0072e+10 9.4698e+10  5.14%   154  405s
  2489   723 9.4698e+10   75  314 9.0072e+10 9.4698e+10  5.14%   153  410s
  2511   745 9.4698e+10   96  269 9.0072e+10 9.4698e+10  5.14%   152  415s
  2540   774 9.4698e+10  124  185 9.0072e+10 9.4698e+10  5.14%   151  420s
  2566   800 9.4698e+10  146  192 9.0072e+10 9.4698e+10  5.14%   150  425s
  2588   821 9.4698e+10  166  201 9.0072e+10 9.4698e+10  5.14%   149  447s
  2609   832 9.4698e+10  177  191 9.0072e+10 9.4698e+10  5.14%   148  450s
  2648   871 9.4698e+10  214  111 9.0072e+10 9.4698e+10  5.14%   146  455s
  2708   900 9.4698e+10   53  287 9.0072e+10 9.4698e+10  5.14%   144  460s
  2740   932 9.4698e+10   85  137 9.0072e+10 9.4698e+10  5.14%   143  465s
  2772   964 9.4698e+10  112  121 9.0072e+10 9.4698e+10  5.14%   142  470s
  2876  1025 9.4698e+10  146   54 9.0072e+10 9.4698e+10  5.14%   137  475s
  3072  1050 9.4698e+10  161   99 9.0072e+10 9.4698e+10  5.14%   131  480s
  3158  1050 9.4698e+10   75  316 9.0072e+10 9.4698e+10  5.14%   130  485s
  3187  1079 9.4698e+10  103  159 9.0072e+10 9.4698e+10  5.14%   129  490s
  3216  1108 9.4698e+10  126  178 9.0072e+10 9.4698e+10  5.14%   129  495s
  3268  1149 9.4698e+10   40  455 9.0072e+10 9.4698e+10  5.14%   128  500s
  3285  1166 9.4698e+10   57  332 9.0072e+10 9.4698e+10  5.14%   129  505s
  3308  1187 9.4698e+10   76  253 9.0072e+10 9.4698e+10  5.14%   129  510s
  3339  1218 9.4698e+10  103  241 9.0072e+10 9.4698e+10  5.14%   128  515s
  3376  1255 9.4698e+10  139  203 9.0072e+10 9.4698e+10  5.14%   127  520s
  3416  1294 9.4698e+10  179  223 9.0072e+10 9.4698e+10  5.14%   126  525s
  3454  1329 9.4698e+10  214  177 9.0072e+10 9.4698e+10  5.14%   126  530s
  3487  1331 9.4698e+10   57  340 9.0072e+10 9.4698e+10  5.14%   127  535s
  3507  1351 9.4698e+10   77  303 9.0072e+10 9.4698e+10  5.14%   128  540s
  3526  1364 9.4698e+10   91  216 9.0072e+10 9.4698e+10  5.14%   129  545s
  3554  1384 9.4698e+10  112  209 9.0072e+10 9.4698e+10  5.14%   128  550s
  3590  1380     cutoff  114      9.0072e+10 9.4698e+10  5.14%   129  555s
  3609  1369 9.4698e+10   99  261 9.0072e+10 9.4698e+10  5.14%   131  560s
  3640  1364 9.1242e+10   93  129 9.0072e+10 9.4698e+10  5.14%   133  565s
  3673  1381 9.1242e+10  102  125 9.0072e+10 9.4698e+10  5.14%   133  570s
  3691  1389 9.4698e+10   56  389 9.0072e+10 9.4698e+10  5.14%   134  575s
  3718  1416 9.4698e+10   83  252 9.0072e+10 9.4698e+10  5.14%   134  580s
  3753  1447 9.4698e+10  116  127 9.0072e+10 9.4698e+10  5.14%   133  585s
  3897  1449 9.4698e+10  121   98 9.0072e+10 9.4698e+10  5.14%   130  590s
  4064  1482 9.4698e+10  155   95 9.0072e+10 9.4698e+10  5.14%   127  595s
  4102  1506 9.4698e+10  118  112 9.0072e+10 9.4698e+10  5.14%   126  600s
  4147  1551 9.4698e+10  154  102 9.0072e+10 9.4698e+10  5.14%   125  614s
  4148  1552 9.4698e+10  155  150 9.0072e+10 9.4698e+10  5.14%   125  615s
  4283  1590 9.4698e+10   39  425 9.0072e+10 9.4698e+10  5.14%   124  620s
  4302  1609 9.4698e+10   55  336 9.0072e+10 9.4698e+10  5.14%   124  625s
  4325  1630 9.4698e+10   73  185 9.0072e+10 9.4698e+10  5.14%   125  630s
  4345  1650 9.4698e+10   89  146 9.0072e+10 9.4698e+10  5.14%   125  635s
  4378  1667 9.4698e+10  113   89 9.0072e+10 9.4698e+10  5.14%   124  640s
  4411  1657 9.4698e+10   34  540 9.0072e+10 9.4698e+10  5.14%   126  647s
  4414  1660 9.4698e+10   37  432 9.0072e+10 9.4698e+10  5.14%   128  650s
  4427  1673 9.4698e+10   49  356 9.0072e+10 9.4698e+10  5.14%   128  655s
  4448  1694 9.4698e+10   66  283 9.0072e+10 9.4698e+10  5.14%   129  660s
  4474  1718 9.1242e+10   81  143 9.0072e+10 9.4698e+10  5.14%   129  665s
  4507  1751 9.1242e+10   98  102 9.0072e+10 9.4698e+10  5.14%   129  670s
  4622  1783 9.4698e+10   34  534 9.0072e+10 9.4698e+10  5.14%   129  676s
  4634  1795 9.4698e+10   43  310 9.0072e+10 9.4698e+10  5.14%   130  680s
  4657  1818 9.4698e+10   63  220 9.0072e+10 9.4698e+10  5.14%   129  685s
  4683  1842 9.4698e+10   86  126 9.0072e+10 9.4698e+10  5.14%   129  690s
  4697  1856 9.4698e+10   98  151 9.0072e+10 9.4698e+10  5.14%   128  695s
  4737  1890 9.4698e+10  120  106 9.0072e+10 9.4698e+10  5.14%   128  700s
  4845  1907 9.4698e+10  160   72 9.0072e+10 9.4698e+10  5.14%   126  705s
  4888  1920 9.4698e+10  156   94 9.0072e+10 9.4698e+10  5.14%   126  710s
  4929  1911 infeasible  148      9.0072e+10 9.4698e+10  5.14%   126  715s
  4971  1918 9.4698e+10  153   49 9.0072e+10 9.4698e+10  5.14%   126  720s
  5023  1909 9.4698e+10  143   52 9.0072e+10 9.4698e+10  5.14%   126  725s
  5050  1904 9.4698e+10  114   78 9.0072e+10 9.4698e+10  5.14%   126  735s
  5101  1922 9.4698e+10  129   46 9.0072e+10 9.4698e+10  5.14%   125  741s
  5155  1912 infeasible  128      9.0072e+10 9.4698e+10  5.14%   124  745s
  5201  1938 9.4698e+10  131   55 9.0072e+10 9.4698e+10  5.14%   124  750s
  5271  1935 infeasible  132      9.0072e+10 9.4698e+10  5.14%   123  755s
  5281  1935 9.4698e+10   33  508 9.0072e+10 9.4698e+10  5.14%   125  760s
  5293  1947 9.4698e+10   40  287 9.0072e+10 9.4698e+10  5.14%   126  765s
  5307  1961 9.4698e+10   46  316 9.0072e+10 9.4698e+10  5.14%   126  770s
  5323  1977 9.4698e+10   60  225 9.0072e+10 9.4698e+10  5.14%   126  775s
  5343  1997 9.4698e+10   73  204 9.0072e+10 9.4698e+10  5.14%   126  780s
  5365  2019 9.4698e+10   90  237 9.0072e+10 9.4698e+10  5.14%   126  785s
  5383  2037 9.4698e+10  102  308 9.0072e+10 9.4698e+10  5.14%   126  790s
  5401  2055 9.4698e+10  103  203 9.0072e+10 9.4698e+10  5.14%   126  795s
  5424  2078 9.4698e+10  117  175 9.0072e+10 9.4698e+10  5.14%   126  800s
  5441  2091 9.4698e+10  122  160 9.0072e+10 9.4698e+10  5.14%   126  811s
  5460  2104 9.4698e+10  130  128 9.0072e+10 9.4698e+10  5.14%   126  815s
  5487  2125 9.4698e+10  145   94 9.0072e+10 9.4698e+10  5.14%   126  820s
  5544  2117 infeasible  144      9.0072e+10 9.4698e+10  5.14%   125  825s
  5580  2122 9.4698e+10  137  147 9.0072e+10 9.4698e+10  5.14%   125  830s
  5613  2107 9.4698e+10  137  150 9.0072e+10 9.4698e+10  5.14%   126  835s
  5641  2114 9.1242e+10  142   98 9.0072e+10 9.4698e+10  5.14%   126  840s
  5693  2138 9.4698e+10  146   79 9.0072e+10 9.4698e+10  5.14%   125  845s
  5791  2178 9.4698e+10  160   36 9.0072e+10 9.4698e+10  5.14%   124  850s
  5879  2166 9.4698e+10  153   46 9.0072e+10 9.4698e+10  5.14%   122  855s
  5953  2167 9.4698e+10  148   52 9.0072e+10 9.4698e+10  5.14%   121  860s
  5972  2166 9.4698e+10   31  521 9.0072e+10 9.4698e+10  5.14%   122  866s
  5977  2171 9.4698e+10   36  328 9.0072e+10 9.4698e+10  5.14%   123  907s
  5978  2172 9.4698e+10   37  309 9.0072e+10 9.4698e+10  5.14%   123  910s
  5996  2190 9.4698e+10   55  206 9.0072e+10 9.4698e+10  5.14%   123  915s
  6024  2218 9.4698e+10   82  166 9.0072e+10 9.4698e+10  5.14%   122  920s
  6062  2256 9.4698e+10  116  149 9.0072e+10 9.4698e+10  5.14%   122  925s
  6113  2303 9.4698e+10  160   91 9.0072e+10 9.4698e+10  5.14%   121  930s
  6157  2314 9.4698e+10   26  352 9.0072e+10 9.4698e+10  5.14%   121  939s
  6158  2315 9.4698e+10   27  342 9.0072e+10 9.4698e+10  5.14%   122  940s
  6169  2326 9.4698e+10   38  274 9.0072e+10 9.4698e+10  5.14%   122  945s
  6182  2339 9.4698e+10   48  237 9.0072e+10 9.4698e+10  5.14%   123  950s
  6203  2360 9.4698e+10   61  224 9.0072e+10 9.4698e+10  5.14%   122  955s
  6227  2384 9.4698e+10   79  192 9.0072e+10 9.4698e+10  5.14%   122  960s
  6261  2418 9.4698e+10   99  132 9.0072e+10 9.4698e+10  5.14%   122  965s
  6304  2456 9.4698e+10  126   75 9.0072e+10 9.4698e+10  5.14%   121  970s
  6361  2465 9.4698e+10  123  219 9.0072e+10 9.4698e+10  5.14%   121  975s
  6446  2522 9.4698e+10  167   36 9.0072e+10 9.4698e+10  5.14%   120  980s
  6737  2569 9.4442e+10  175   78 9.0072e+10 9.4698e+10  5.14%   115  985s
  6799  2579 9.4698e+10  120  148 9.0072e+10 9.4698e+10  5.14%   115  990s
  6830  2606 9.4698e+10  140   55 9.0072e+10 9.4698e+10  5.14%   115  995s
  6878  2602 9.4698e+10  135   72 9.0072e+10 9.4698e+10  5.14%   114 1000s
  6909  2601 9.4698e+10  137   66 9.0072e+10 9.4698e+10  5.14%   114 1005s
  6964  2618 9.4698e+10  148   33 9.0072e+10 9.4698e+10  5.14%   114 1010s
  7014  2606 9.4698e+10  140   46 9.0072e+10 9.4698e+10  5.14%   113 1015s
  7072  2622 infeasible  154      9.0072e+10 9.4698e+10  5.14%   113 1020s
  7120  2630 9.4698e+10  145   42 9.0072e+10 9.4698e+10  5.14%   112 1052s
  7148  2639 infeasible  150      9.0072e+10 9.4698e+10  5.14%   112 1055s
  7202  2636 9.1242e+10  151   38 9.0072e+10 9.4698e+10  5.14%   111 1060s
  7256  2629 infeasible  145      9.0072e+10 9.4698e+10  5.14%   111 1065s
  7279  2632 9.4698e+10  109  252 9.0072e+10 9.4698e+10  5.14%   111 1070s
  7297  2650 9.4698e+10  123  134 9.0072e+10 9.4698e+10  5.14%   111 1075s
  7346  2685 9.4698e+10  102  346 9.0072e+10 9.4698e+10  5.14%   111 1080s
  7364  2702 9.4698e+10  119  211 9.0072e+10 9.4698e+10  5.14%   111 1085s
  7390  2728 9.4698e+10  142  182 9.0072e+10 9.4698e+10  5.14%   111 1090s
  7433  2755 infeasible  169      9.0072e+10 9.4698e+10  5.14%   111 1095s
  7448  2766 9.3528e+10  114  158 9.0072e+10 9.4698e+10  5.14%   112 1100s
  7466  2776 9.3528e+10  127   99 9.0072e+10 9.4698e+10  5.14%   112 1105s
  7503  2789 9.4698e+10  104  284 9.0072e+10 9.4698e+10  5.14%   112 1110s
  7522  2808 9.4698e+10  119  157 9.0072e+10 9.4698e+10  5.14%   112 1115s
  7550  2833 9.4698e+10  139  116 9.0072e+10 9.4698e+10  5.14%   112 1120s
  7577  2841 9.4698e+10  106  201 9.0072e+10 9.4698e+10  5.14%   112 1125s
  7596  2856 9.4698e+10  119   97 9.0072e+10 9.4698e+10  5.14%   113 1130s
  7637  2863 infeasible  128      9.0072e+10 9.4698e+10  5.14%   112 1135s
  7654  2866 9.4698e+10  109  208 9.0072e+10 9.4698e+10  5.14%   113 1140s
  7675  2875 9.4698e+10  105  218 9.0072e+10 9.4698e+10  5.14%   113 1145s
  7696  2896 9.4698e+10  122   75 9.0072e+10 9.4698e+10  5.14%   113 1150s
  7814  2923 9.4698e+10  143   66 9.0072e+10 9.4698e+10  5.14%   112 1155s
  7858  2946 9.4698e+10  107  222 9.0072e+10 9.4698e+10  5.14%   113 1160s
  7880  2968 9.4698e+10  115  176 9.0072e+10 9.4698e+10  5.14%   113 1165s
  7907  2989 infeasible  127      9.0072e+10 9.4698e+10  5.14%   112 1170s
  7952  3018 infeasible  139      9.0072e+10 9.4698e+10  5.14%   112 1175s
  7976  3021 9.4698e+10  112  190 9.0072e+10 9.4698e+10  5.14%   112 1180s
  7996  3041 9.4698e+10  125  131 9.0072e+10 9.4698e+10  5.14%   112 1185s
  8023  3052 9.4698e+10  101  369 9.0072e+10 9.4698e+10  5.14%   113 1190s
  8035  3064 9.4698e+10  108  285 9.0072e+10 9.4698e+10  5.14%   113 1195s
  8051  3080 9.4698e+10  121  218 9.0072e+10 9.4698e+10  5.14%   114 1200s
  8070  3097 9.4698e+10  129  129 9.0072e+10 9.4698e+10  5.14%   114 1205s
  8110  3113 9.1242e+10  144   41 9.0072e+10 9.4698e+10  5.14%   114 1210s
  8166  3131 9.4698e+10  108  303 9.0072e+10 9.4698e+10  5.14%   114 1215s
  8181  3146 9.4698e+10  119  275 9.0072e+10 9.4698e+10  5.14%   114 1220s
  8195  3160 9.4698e+10  130  164 9.0072e+10 9.4698e+10  5.14%   115 1225s
  8217  3178 9.3528e+10  139  134 9.0072e+10 9.4698e+10  5.14%   115 1230s
  8242  3179 9.4698e+10  102  311 9.0072e+10 9.4698e+10  5.14%   115 1235s
  8259  3196 9.4698e+10  117  160 9.0072e+10 9.4698e+10  5.14%   115 1240s
  8281  3218 9.4698e+10  132  195 9.0072e+10 9.4698e+10  5.14%   116 1245s
  8429  3289 9.4698e+10  171   36 9.0072e+10 9.4698e+10  5.14%   114 1250s
  8579  3298 9.4698e+10  160   41 9.0072e+10 9.4698e+10  5.14%   112 1262s
  8715  3313 9.4698e+10  158   39 9.0072e+10 9.4698e+10  5.14%   111 1265s
  9042  3307 9.4698e+10  160   43 9.0072e+10 9.4698e+10  5.14%   108 1270s
  9212  3284 9.4698e+10   99   95 9.0072e+10 9.4698e+10  5.14%   106 1275s
  9231  3299 9.2358e+10  116   71 9.0072e+10 9.4698e+10  5.14%   106 1280s
  9261  3312 9.1188e+10  137   38 9.0072e+10 9.4698e+10  5.14%   106 1285s
  9280  3320 9.4698e+10  101  324 9.0072e+10 9.4698e+10  5.14%   107 1290s
  9295  3335 9.4698e+10  110  283 9.0072e+10 9.4698e+10  5.14%   107 1295s
  9320  3354 9.4698e+10  124  149 9.0072e+10 9.4698e+10  5.14%   107 1300s
  9362  3382 9.4698e+10  151  117 9.0072e+10 9.4698e+10  5.14%   107 1305s
  9386  3390 9.4698e+10   99  350 9.0072e+10 9.4698e+10  5.14%   108 1310s
  9400  3404 9.4698e+10  110  234 9.0072e+10 9.4698e+10  5.14%   108 1315s
  9420  3422 infeasible  122      9.0072e+10 9.4698e+10  5.14%   108 1320s
  9441  3437 9.2356e+10  128   68 9.0072e+10 9.4698e+10  5.14%   108 1325s
  9461  3447 9.4698e+10  112  169 9.0072e+10 9.4698e+10  5.14%   109 1330s
  9482  3464 9.4698e+10  125   93 9.0072e+10 9.4698e+10  5.14%   109 1335s
  9523  3501 infeasible  162      9.0072e+10 9.4698e+10  5.14%   108 1340s
  9556  3508 9.4698e+10  166   53 9.0072e+10 9.4698e+10  5.14%   108 1345s
  9577  3511 9.4698e+10  171   56 9.0072e+10 9.4698e+10  5.14%   108 1352s
  9601  3517 infeasible  231      9.0072e+10 9.4698e+10  5.14%   108 1355s
  9634  3524 9.4698e+10  101  259 9.0072e+10 9.4698e+10  5.14%   108 1360s
  9648  3538 9.4698e+10  111  222 9.0072e+10 9.4698e+10  5.14%   109 1365s
  9664  3552 9.4698e+10  118  123 9.0072e+10 9.4698e+10  5.14%   109 1370s
  9690  3555 9.4698e+10   96  360 9.0072e+10 9.4698e+10  5.14%   110 1376s
  9699  3564 9.4698e+10  105  211 9.0072e+10 9.4698e+10  5.14%   110 1380s
  9716  3581 9.4698e+10  120  220 9.0072e+10 9.4698e+10  5.14%   110 1385s
  9744  3593 infeasible  135      9.0072e+10 9.4698e+10  5.14%   110 1390s
  9758  3605 9.4698e+10  103  230 9.0072e+10 9.4698e+10  5.14%   111 1396s
  9770  3615 9.4698e+10  113  196 9.0072e+10 9.4698e+10  5.14%   111 1400s
  9798  3643 9.4698e+10  133  152 9.0072e+10 9.4698e+10  5.14%   111 1405s
  9823  3656 9.1242e+10  146   31 9.0072e+10 9.4698e+10  5.14%   111 1419s
  9852  3670 9.4698e+10   93  254 9.0072e+10 9.4698e+10  5.14%   111 1420s
  9866  3684 9.4698e+10  103  197 9.0072e+10 9.4698e+10  5.14%   111 1425s
  9893  3711 9.4698e+10  118  139 9.0072e+10 9.4698e+10  5.14%   111 1430s
  9917  3735 9.4698e+10  129  127 9.0072e+10 9.4698e+10  5.14%   111 1435s
  9949  3741 infeasible  142      9.0072e+10 9.4698e+10  5.14%   111 1440s
  9970  3750 infeasible  106      9.0072e+10 9.4698e+10  5.14%   111 1445s
  9995  3775 9.4698e+10  128   60 9.0072e+10 9.4698e+10  5.14%   111 1450s
 10049  3783 9.4698e+10  149   26 9.0072e+10 9.4698e+10  5.14%   111 1455s
 10091  3785 9.4698e+10  137   27 9.0072e+10 9.4698e+10  5.14%   111 1460s
 10152  3784 infeasible  136      9.0072e+10 9.4698e+10  5.14%   110 1465s
 10189  3787 9.4698e+10  137   50 9.0072e+10 9.4698e+10  5.14%   110 1470s
 10202  3798 9.4698e+10  142   42 9.0072e+10 9.4698e+10  5.14%   110 1620s
 10237  3787 9.4698e+10  138   46 9.0072e+10 9.4698e+10  5.14%   110 1625s
 10277  3797 9.4698e+10  140   80 9.0072e+10 9.4698e+10  5.14%   110 1630s
 10342  3801 9.4698e+10  145   47 9.0072e+10 9.4698e+10  5.14%   109 1635s
 10374  3808 9.4698e+10  109   97 9.0072e+10 9.4698e+10  5.14%   109 1640s
 10415  3823 infeasible  122      9.0072e+10 9.4698e+10  5.14%   109 1645s
 10471  3821 9.4698e+10  146   70 9.0072e+10 9.4698e+10  5.14%   109 1650s
 10475  3819 9.4698e+10  114   89 9.0072e+10 9.4698e+10  5.14%   109 1658s
 10487  3820 9.4698e+10  116   86 9.0072e+10 9.4698e+10  5.14%   109 1660s
 10531  3818 9.4698e+10  114   80 9.0072e+10 9.4698e+10  5.14%   109 1665s
 10596  3822 9.4698e+10  122   66 9.0072e+10 9.4698e+10  5.14%   108 1670s
 10642  3816 9.4698e+10  122   84 9.0072e+10 9.4698e+10  5.14%   108 1675s
 10681  3822 9.1242e+10  126   75 9.0072e+10 9.4698e+10  5.14%   108 1680s
 10732  3817 9.1242e+10  124   79 9.0072e+10 9.4698e+10  5.14%   108 1685s
 10783  3810 infeasible  119      9.0072e+10 9.4698e+10  5.14%   108 1690s
 10834  3817 9.4698e+10  122   69 9.0072e+10 9.4698e+10  5.14%   108 1695s
 10877  3804 9.4698e+10   93  292 9.0072e+10 9.4698e+10  5.14%   108 1701s
 10897  3824 9.4698e+10  110  165 9.0072e+10 9.4698e+10  5.14%   108 1705s
 10921  3832 9.4698e+10  120  132 9.0072e+10 9.4698e+10  5.14%   108 1710s
 10946  3837 9.4698e+10  116  131 9.0072e+10 9.4698e+10  5.14%   108 1720s
 10969  3841 infeasible  122      9.0072e+10 9.4698e+10  5.14%   109 1725s
 11018  3862 9.4698e+10  106  123 9.0072e+10 9.4698e+10  5.14%   109 1730s
 11212  3961 infeasible  163      9.0072e+10 9.4698e+10  5.14%   107 1735s
 11414  3949 9.4698e+10   61  342 9.0072e+10 9.4698e+10  5.14%   106 1740s
 11437  3972 9.4698e+10   79  134 9.0072e+10 9.4698e+10  5.14%   106 1745s
 11460  3995 9.4698e+10   89  183 9.0072e+10 9.4698e+10  5.14%   106 1750s
 11482  4017 9.4698e+10  101   89 9.0072e+10 9.4698e+10  5.14%   106 1755s
 11488  4023 9.4698e+10  107   60 9.0072e+10 9.4698e+10  5.14%   106 1762s
 11509  4044 9.4698e+10  128   35 9.0072e+10 9.4698e+10  5.14%   106 1771s
 11598  4062 infeasible  130      9.0072e+10 9.4698e+10  5.14%   105 1775s
 11705  4067 infeasible  135      9.0072e+10 9.4698e+10  5.14%   105 1780s
 11782  4074 9.4698e+10  135   38 9.0072e+10 9.4698e+10  5.14%   104 1785s
 11869  4080 infeasible  134      9.0072e+10 9.4698e+10  5.14%   104 1790s
 11953  4067 infeasible  133      9.0072e+10 9.4698e+10  5.14%   103 1795s
 12125  4076 9.4698e+10  120   44 9.0072e+10 9.4698e+10  5.14%   102 1800s
 12208  4085 infeasible  125      9.0072e+10 9.4698e+10  5.14%   102 1805s
 12272  4094 9.4698e+10  130   38 9.0072e+10 9.4698e+10  5.14%   102 1810s
 12311  4089 9.4698e+10  123   28 9.0072e+10 9.4698e+10  5.14%   101 1821s
 12355  4086 infeasible  125      9.0072e+10 9.4698e+10  5.14%   101 1825s
 12426  4079 9.4698e+10  123   48 9.0072e+10 9.4698e+10  5.14%   101 1830s
 12437  4082 9.4698e+10  127   58 9.0072e+10 9.4698e+10  5.14%   101 1838s
 12459  4078 9.4698e+10  127   46 9.0072e+10 9.4698e+10  5.14%   101 1840s
 12561  4068 9.4698e+10  124   36 9.0072e+10 9.4698e+10  5.14%   100 1845s
 12622  4070 9.4698e+10  122   49 9.0072e+10 9.4698e+10  5.14%   100 1850s
 12664  4066 9.4698e+10  128   49 9.0072e+10 9.4698e+10  5.14%   100 1862s
 12688  4068 9.4698e+10  122   55 9.0072e+10 9.4698e+10  5.14%   100 1865s
 12741  4068 infeasible  126      9.0072e+10 9.4698e+10  5.14%   100 1870s
 12797  4060 9.4698e+10  124   51 9.0072e+10 9.4698e+10  5.14%  99.4 1875s
 12868  4063 infeasible  131      9.0072e+10 9.4698e+10  5.14%  99.0 1880s
 13005  4069 9.4698e+10  138   39 9.0072e+10 9.4698e+10  5.14%  98.2 1890s
 13365  4084 9.4698e+10  139   33 9.0072e+10 9.4698e+10  5.14%  95.9 1895s
 13463  4063 9.4698e+10  119   59 9.0072e+10 9.4698e+10  5.14%  95.4 1900s
 13595  4060 9.4698e+10   37  584 9.0072e+10 9.4698e+10  5.14%  95.4 1907s
 13602  4067 9.1242e+10   44  203 9.0072e+10 9.4698e+10  5.14%  95.6 1910s
 13623  4086 9.1242e+10   64  148 9.0072e+10 9.4698e+10  5.14%  95.6 1915s
 13669  4088 infeasible  127      9.0072e+10 9.4698e+10  5.14%  95.5 1920s
 13694  4096 9.4698e+10  117  168 9.0072e+10 9.4698e+10  5.14%  95.8 1925s
 13714  4106 9.4698e+10  128  128 9.0072e+10 9.4698e+10  5.14%  96.0 1937s
 13857  4106 9.4698e+10   55  295 9.0072e+10 9.4698e+10  5.14%  95.4 1940s
 13884  4132 9.1188e+10   82   97 9.0072e+10 9.4698e+10  5.14%  95.4 1945s
 13922  4157 9.4698e+10  109  183 9.0072e+10 9.4698e+10  5.14%  95.5 1950s
 13943  4166 infeasible  122      9.0072e+10 9.4698e+10  5.14%  95.6 1955s
 14026  4167 9.4698e+10  124  265 9.0072e+10 9.4698e+10  5.14%  95.4 1960s
 14050  4177 9.4698e+10  130  127 9.0072e+10 9.4698e+10  5.14%  95.6 1965s
 14091  4185 infeasible  124      9.0072e+10 9.4698e+10  5.14%  95.5 1970s
 14092  4186 9.4698e+10  139  126 9.0072e+10 9.4698e+10  5.14%  95.5 1977s
 14109  4179 9.4698e+10  138  121 9.0072e+10 9.4698e+10  5.14%  95.7 1980s
 14122  4180 9.4698e+10  141  116 9.0072e+10 9.4698e+10  5.14%  95.7 2022s
 14123  4181 9.4698e+10  142  110 9.0072e+10 9.4698e+10  5.14%  95.7 2026s
 14144  4172 9.4698e+10  127  186 9.0072e+10 9.4698e+10  5.14%  95.9 2030s
 14172  4182 9.4698e+10  139   87 9.0072e+10 9.4698e+10  5.14%  96.0 2035s
 14205  4187 9.4698e+10  130   78 9.0072e+10 9.4698e+10  5.14%  96.0 2040s
 14232  4188 9.4698e+10  129  108 9.0072e+10 9.4698e+10  5.14%  95.9 2045s
 14258  4196 9.4698e+10  132  147 9.0072e+10 9.4698e+10  5.14%  96.0 2050s
 14259  4197 9.4698e+10  132  122 9.0072e+10 9.4698e+10  5.14%  96.0 2059s
 14263  4195 infeasible  134      9.0072e+10 9.4698e+10  5.14%  96.1 2060s
 14296  4195 9.4698e+10  136  158 9.0072e+10 9.4698e+10  5.14%  96.1 2065s
 14332  4202 9.4698e+10  139   47 9.0072e+10 9.4698e+10  5.14%  96.2 2070s
 14368  4210 9.4698e+10  144   69 9.0072e+10 9.4698e+10  5.14%  96.3 2075s
 14420  4208 9.4698e+10  143   65 9.0072e+10 9.4698e+10  5.14%  96.1 2080s
 14465  4211 9.4698e+10  145   70 9.0072e+10 9.4698e+10  5.14%  96.0 2085s
 14505  4215 9.4698e+10  144  144 9.0072e+10 9.4698e+10  5.14%  96.1 2090s
 14533  4207 infeasible  139      9.0072e+10 9.4698e+10  5.14%  96.4 2095s
 14563  4209 9.4698e+10  141  100 9.0072e+10 9.4698e+10  5.14%  96.6 2100s
 14607  4213 infeasible  139      9.0072e+10 9.4698e+10  5.14%  96.6 2105s
 14644  4214 9.4698e+10  140  141 9.0072e+10 9.4698e+10  5.14%  96.7 2110s
 14670  4207 9.4698e+10  131  230 9.0072e+10 9.4698e+10  5.14%  97.1 2115s
 14691  4210 9.4698e+10   61  368 9.0072e+10 9.4698e+10  5.14%  97.6 2121s
 14707  4226 9.4698e+10   73  206 9.0072e+10 9.4698e+10  5.14%  97.7 2125s
 14738  4256 9.4698e+10   90  107 9.0072e+10 9.4698e+10  5.14%  97.6 2130s
 14778  4296 9.4698e+10  120   88 9.0072e+10 9.4698e+10  5.14%  97.4 2135s
 14808  4318 9.4698e+10  142   63 9.0072e+10 9.4698e+10  5.14%  97.2 2144s
 14818  4322 9.4698e+10  148   47 9.0072e+10 9.4698e+10  5.14%  97.2 2145s
 14906  4332 9.4698e+10  156   93 9.0072e+10 9.4698e+10  5.14%  96.8 2150s
 14997  4338 9.4698e+10  137   49 9.0072e+10 9.4698e+10  5.14%  96.5 2155s
 15096  4354 infeasible  150      9.0072e+10 9.4698e+10  5.14%  96.1 2160s
 15176  4354 9.4698e+10  135   66 9.0072e+10 9.4698e+10  5.14%  95.8 2165s
 15260  4359 9.4698e+10  148   37 9.0072e+10 9.4698e+10  5.14%  95.5 2170s
 15303  4380 9.4698e+10   66  159 9.0072e+10 9.4698e+10  5.14%  95.5 2175s
 15335  4412 9.4698e+10   83  142 9.0072e+10 9.4698e+10  5.14%  95.4 2180s
 15339  4416 9.4698e+10   88  138 9.0072e+10 9.4698e+10  5.14%  95.4 2203s
 15354  4431 9.4698e+10  102  121 9.0072e+10 9.4698e+10  5.14%  95.3 2205s
 15398  4475 9.4698e+10  134   86 9.0072e+10 9.4698e+10  5.14%  95.1 2210s
 15435  4490 9.4698e+10  112  157 9.0072e+10 9.4698e+10  5.14%  95.1 2215s
 15473  4524 infeasible  146      9.0072e+10 9.4698e+10  5.14%  95.0 2220s
 15521  4510 infeasible  136      9.0072e+10 9.4698e+10  5.14%  95.0 2225s
 15558  4511 9.4698e+10  138   59 9.0072e+10 9.4698e+10  5.14%  95.1 2230s
 15596  4510 infeasible  138      9.0072e+10 9.4698e+10  5.14%  95.2 2235s
 15629  4511 9.4698e+10  135   79 9.0072e+10 9.4698e+10  5.14%  95.4 2240s
 15670  4504 infeasible  131      9.0072e+10 9.4698e+10  5.14%  95.5 2245s
 15706  4506 9.4698e+10  128   85 9.0072e+10 9.4698e+10  5.14%  95.5 2250s
 15746  4508 infeasible  137      9.0072e+10 9.4698e+10  5.14%  95.4 2255s
 15778  4506 9.4698e+10  130   74 9.0072e+10 9.4698e+10  5.14%  95.5 2260s
 15815  4498 9.4698e+10  122  100 9.0072e+10 9.4698e+10  5.14%  95.5 2265s
 15854  4511 9.4698e+10  124  119 9.0072e+10 9.4698e+10  5.14%  95.4 2270s
 15886  4515 9.4698e+10  128   78 9.0072e+10 9.4698e+10  5.14%  95.5 2275s
 15929  4524 infeasible  135      9.0072e+10 9.4698e+10  5.14%  95.4 2280s
 15982  4519 9.4698e+10  132   55 9.0072e+10 9.4698e+10  5.14%  95.4 2285s
 16017  4508 infeasible  127      9.0072e+10 9.4698e+10  5.14%  95.4 2290s
 16061  4502 infeasible  133      9.0072e+10 9.4698e+10  5.14%  95.3 2295s
 16097  4501 9.4698e+10  130   62 9.0072e+10 9.4698e+10  5.14%  95.3 2300s
 16134  4502 9.4698e+10  132   63 9.0072e+10 9.4698e+10  5.14%  95.2 2305s
 16166  4498 infeasible  123      9.0072e+10 9.4698e+10  5.14%  95.3 2310s
 16198  4500 9.4698e+10  121  109 9.0072e+10 9.4698e+10  5.14%  95.3 2315s
 16243  4514 infeasible  135      9.0072e+10 9.4698e+10  5.14%  95.2 2320s
 16292  4522 9.4698e+10  116  126 9.0072e+10 9.4698e+10  5.14%  95.3 2325s
 16322  4532 9.4698e+10  114  187 9.0072e+10 9.4698e+10  5.14%  95.3 2330s
 16351  4558 9.4698e+10  140   95 9.0072e+10 9.4698e+10  5.14%  95.3 2335s
 16401  4574 9.4698e+10  154   60 9.0072e+10 9.4698e+10  5.14%  95.1 2340s
 16439  4587 9.4698e+10  128   84 9.0072e+10 9.4698e+10  5.14%  95.1 2345s
 16476  4598 9.4698e+10  123   59 9.0072e+10 9.4698e+10  5.14%  95.1 2350s
 16505  4603 9.4698e+10  137   56 9.0072e+10 9.4698e+10  5.14%  95.0 2355s
 16540  4607 9.4698e+10  121  126 9.0072e+10 9.4698e+10  5.14%  95.0 2360s
 16566  4617 9.4698e+10  129  101 9.0072e+10 9.4698e+10  5.14%  95.0 2365s
 16600  4624 9.4698e+10  123  110 9.0072e+10 9.4698e+10  5.14%  95.0 2370s
 16633  4637 9.4698e+10  135   90 9.0072e+10 9.4698e+10  5.14%  95.0 2375s
 16667  4639 9.4698e+10  139   97 9.0072e+10 9.4698e+10  5.14%  95.1 2380s
 16697  4635 9.4698e+10  135   78 9.0072e+10 9.4698e+10  5.14%  95.2 2385s
 16723  4633 9.4698e+10  130  109 9.0072e+10 9.4698e+10  5.14%  95.3 2390s
 16768  4658 infeasible  153      9.0072e+10 9.4698e+10  5.14%  95.2 2395s
 16801  4657 9.4698e+10   57  322 9.0072e+10 9.4698e+10  5.14%  95.3 2400s
 16818  4674 9.4698e+10   68  218 9.0072e+10 9.4698e+10  5.14%  95.5 2405s
 16834  4688 9.4698e+10   75   80 9.0072e+10 9.4698e+10  5.14%  95.6 2410s
 16859  4703 9.4698e+10   84   79 9.0072e+10 9.4698e+10  5.14%  95.5 2415s
 16868  4712 9.4698e+10   88   70 9.0072e+10 9.4698e+10  5.14%  95.5 2423s
 16878  4722 9.4698e+10   90   63 9.0072e+10 9.4698e+10  5.14%  95.5 2425s
 16943  4773 9.4698e+10  107   18 9.0072e+10 9.4698e+10  5.14%  95.2 2430s
 17056  4748 infeasible   99      9.0072e+10 9.4698e+10  5.14%  94.7 2435s
 17074  4744 9.4698e+10   40  402 9.0072e+10 9.4698e+10  5.14%  95.2 2440s
 17090  4760 9.4698e+10   52  208 9.0072e+10 9.4698e+10  5.14%  95.4 2445s
 17123  4793 9.4698e+10   78  184 9.0072e+10 9.4698e+10  5.14%  95.3 2450s
 17170  4839 9.4698e+10  118   78 9.0072e+10 9.4698e+10  5.14%  95.1 2455s
 17207  4854 9.4698e+10   76  209 9.0072e+10 9.4698e+10  5.14%  95.2 2460s
 17230  4876 9.4698e+10   89   86 9.0072e+10 9.4698e+10  5.14%  95.3 2465s
 17262  4886 9.4698e+10  117  111 9.0072e+10 9.4698e+10  5.14%  95.3 2470s
 17287  4887 9.4698e+10  120   89 9.0072e+10 9.4698e+10  5.14%  95.3 2475s
 17310  4892 9.4698e+10  123   96 9.0072e+10 9.4698e+10  5.14%  95.3 2487s
 17330  4893 9.4698e+10  120   99 9.0072e+10 9.4698e+10  5.14%  95.3 2490s
 17363  4894 infeasible  137      9.0072e+10 9.4698e+10  5.14%  95.2 2495s
 17398  4895 9.4698e+10  133   52 9.0072e+10 9.4698e+10  5.14%  95.2 2500s
 17435  4910 9.3528e+10  126   81 9.0072e+10 9.4698e+10  5.14%  95.2 2505s
 17472  4917 9.4698e+10  106  281 9.0072e+10 9.4698e+10  5.14%  95.3 2510s
 17499  4927 infeasible  125      9.0072e+10 9.4698e+10  5.14%  95.5 2515s
 17522  4940 9.4698e+10  120   56 9.0072e+10 9.4698e+10  5.14%  95.7 2520s
 17548  4950     cutoff  136      9.0072e+10 9.4698e+10  5.14%  95.7 2525s
 17578  4956 9.4698e+10  136   57 9.0072e+10 9.4698e+10  5.14%  95.9 2530s
 17620  4970 9.4698e+10  152   90 9.0072e+10 9.4698e+10  5.14%  95.9 2535s
 17686  5017 9.1242e+10  179   39 9.0072e+10 9.4698e+10  5.14%  95.7 2540s
 17741  5035 9.4698e+10  114  211 9.0072e+10 9.4698e+10  5.14%  95.7 2545s
 17765  5043 9.4698e+10  114  133 9.0072e+10 9.4698e+10  5.14%  96.0 2550s
 17803  5059 infeasible  128      9.0072e+10 9.4698e+10  5.14%  95.9 2555s
 17821  5057 infeasible  121      9.0072e+10 9.4698e+10  5.14%  96.2 2560s
 17838  5054 9.4698e+10  120   48 9.0072e+10 9.4698e+10  5.14%  96.5 2566s
 17880  5058 infeasible  129      9.0072e+10 9.4698e+10  5.14%  96.3 2570s
 17951  5059 infeasible  131      9.0072e+10 9.4698e+10  5.14%  96.1 2575s
 18006  5048 9.4698e+10  117  102 9.0072e+10 9.4698e+10  5.14%  96.1 2580s
 18037  5053 9.4698e+10  117  127 9.0072e+10 9.4698e+10  5.14%  96.2 2585s
 18044  5059 9.4698e+10  124   92 9.0072e+10 9.4698e+10  5.14%  96.2 2592s
 18053  5062 infeasible  130      9.0072e+10 9.4698e+10  5.14%  96.4 2595s
 18085  5062 9.4698e+10  122   93 9.0072e+10 9.4698e+10  5.14%  96.5 2600s
 18098  5069 9.4698e+10  113  184 9.0072e+10 9.4698e+10  5.14%  96.8 2605s
 18126  5087 9.4698e+10  127   73 9.0072e+10 9.4698e+10  5.14%  97.0 2610s
 18159  5094     cutoff  136      9.0072e+10 9.4698e+10  5.14%  97.0 2615s
 18194  5105 9.4698e+10   32  524 9.0072e+10 9.4698e+10  5.14%  97.4 2624s
 18196  5107 9.4698e+10   34  436 9.0072e+10 9.4698e+10  5.14%  97.5 2625s
 18207  5118 9.4698e+10   39  353 9.0072e+10 9.4698e+10  5.14%  97.9 2630s
 18226  5137 9.4698e+10   55  197 9.0072e+10 9.4698e+10  5.14%  97.9 2635s
 18246  5157 9.4698e+10   73  164 9.0072e+10 9.4698e+10  5.14%  97.9 2640s
 18263  5172 9.4698e+10   82   98 9.0072e+10 9.4698e+10  5.14%  97.9 2659s
 18264  5171 infeasible   83      9.0072e+10 9.4698e+10  5.14%  97.9 2660s
 18318  5211 infeasible  122      9.0072e+10 9.4698e+10  5.14%  97.8 2665s
 18429  5201 infeasible  124      9.0072e+10 9.4698e+10  5.14%  97.4 2670s
 18471  5197 9.4698e+10  138   61 9.0072e+10 9.4698e+10  5.14%  97.4 2675s
 18514  5198 9.4698e+10  144   44 9.0072e+10 9.4698e+10  5.14%  97.3 2680s
 18566  5196 infeasible  139      9.0072e+10 9.4698e+10  5.14%  97.1 2685s
 18604  5192 9.4698e+10  140   52 9.0072e+10 9.4698e+10  5.14%  97.1 2690s
 18649  5194 9.1188e+10  109   73 9.0072e+10 9.4698e+10  5.14%  97.0 2695s
 18690  5196 infeasible  110      9.0072e+10 9.4698e+10  5.14%  97.0 2700s
 18725  5200 9.4698e+10  112   72 9.0072e+10 9.4698e+10  5.14%  96.9 2705s
 18769  5194 9.4698e+10  109   77 9.0072e+10 9.4698e+10  5.14%  96.9 2710s
 18802  5187 9.4698e+10  101   86 9.0072e+10 9.4698e+10  5.14%  97.0 2715s
 18836  5186 9.4698e+10  100   86 9.0072e+10 9.4698e+10  5.14%  97.0 2720s
 18883  5195 9.4698e+10   98   67 9.0072e+10 9.4698e+10  5.14%  96.8 2725s
 18921  5212 infeasible  124      9.0072e+10 9.4698e+10  5.14%  96.8 2730s
 19000  5203 9.4698e+10   35  445 9.0072e+10 9.4698e+10  5.14%  96.9 2736s
 19016  5217 9.1242e+10   50  213 9.0072e+10 9.4698e+10  5.14%  97.0 2740s
 19037  5238 9.1242e+10   71  161 9.0072e+10 9.4698e+10  5.14%  97.0 2745s
 19062  5255 9.1242e+10   92  136 9.0072e+10 9.4698e+10  5.14%  96.9 2750s
 19108  5295 9.1242e+10  135   19 9.0072e+10 9.4698e+10  5.14%  96.7 2755s
 19147  5321 9.1242e+10   62  157 9.0072e+10 9.4698e+10  5.14%  96.8 2760s
 19170  5342 9.1242e+10   76  121 9.0072e+10 9.4698e+10  5.14%  96.7 2765s
 19192  5360 9.1242e+10   92   58 9.0072e+10 9.4698e+10  5.14%  96.7 2770s
 19205  5359 9.4698e+10   40  372 9.0072e+10 9.4698e+10  5.14%  97.1 2775s
 19217  5371 9.4698e+10   52  298 9.0072e+10 9.4698e+10  5.14%  97.3 2780s
 19228  5382 9.4698e+10   60  232 9.0072e+10 9.4698e+10  5.14%  97.4 2785s
 19247  5401 9.4698e+10   78  274 9.0072e+10 9.4698e+10  5.14%  97.4 2790s
 19266  5420 9.4698e+10   94  233 9.0072e+10 9.4698e+10  5.14%  97.3 2795s
 19275  5427 9.4698e+10   95  151 9.0072e+10 9.4698e+10  5.14%  97.4 2815s
 19276  5428 9.4698e+10   96  137 9.0072e+10 9.4698e+10  5.14%  97.4 2824s
 19282  5428 infeasible   97      9.0072e+10 9.4698e+10  5.14%  97.4 2825s
 19306  5416 infeasible   94      9.0072e+10 9.4698e+10  5.14%  97.8 2830s
 19316  5406 infeasible   84      9.0072e+10 9.4698e+10  5.14%  98.5 2835s
 19333  5417 9.4698e+10   95  139 9.0072e+10 9.4698e+10  5.14%  98.6 2840s
 19367  5420 9.4698e+10  100   87 9.0072e+10 9.4698e+10  5.14%  98.7 2845s
 19385  5414 9.4698e+10   38  467 9.0072e+10 9.4698e+10  5.14%  99.1 2850s
 19404  5433 9.1242e+10   57  192 9.0072e+10 9.4698e+10  5.14%  99.2 2855s
 19426  5454 9.1242e+10   78   97 9.0072e+10 9.4698e+10  5.14%  99.1 2860s
 19475  5491 infeasible  110      9.0072e+10 9.4698e+10  5.14%  98.9 2865s
 19565  5492 9.4698e+10  123   38 9.0072e+10 9.4698e+10  5.14%  98.7 2870s
 19669  5487 9.4698e+10   43  394 9.0072e+10 9.4698e+10  5.14%  98.7 2876s
 19679  5497 9.4698e+10   52  235 9.0072e+10 9.4698e+10  5.14%  98.8 2880s
 19702  5520 9.4698e+10   70  161 9.0072e+10 9.4698e+10  5.14%  98.8 2885s
 19731  5549 9.4698e+10   82  178 9.0072e+10 9.4698e+10  5.14%  98.7 2890s
 19771  5589 9.4698e+10  115   71 9.0072e+10 9.4698e+10  5.14%  98.6 2895s
 19835  5643 9.4698e+10  134   44 9.0072e+10 9.4698e+10  5.14%  98.3 2900s
 19954  5657 infeasible  144      9.0072e+10 9.4698e+10  5.14%  97.9 2905s
 20051  5641 9.4698e+10  136   49 9.0072e+10 9.4698e+10  5.14%  97.7 2910s
 20115  5633 9.4698e+10  126  167 9.0072e+10 9.4698e+10  5.14%  97.7 2915s
 20142  5649 9.4698e+10  140   84 9.0072e+10 9.4698e+10  5.14%  97.7 2920s
 20184  5638 infeasible  137      9.0072e+10 9.4698e+10  5.14%  97.7 2925s
 20221  5636 9.4698e+10  131  112 9.0072e+10 9.4698e+10  5.14%  97.8 2930s
 20255  5642 9.3528e+10  138   73 9.0072e+10 9.4698e+10  5.14%  97.8 2935s
 20296  5648 9.4698e+10  136   90 9.0072e+10 9.4698e+10  5.14%  97.7 2940s
 20339  5654 9.4698e+10   68  266 9.0072e+10 9.4698e+10  5.14%  97.7 2945s
 20341  5656 9.4698e+10   70  210 9.0072e+10 9.4698e+10  5.14%  97.8 2965s
 20342  5657 9.4698e+10   71  209 9.0072e+10 9.4698e+10  5.14%  97.8 2977s
 20354  5669 9.4698e+10   83  163 9.0072e+10 9.4698e+10  5.14%  97.8 2980s
 20385  5700 9.4698e+10  106  118 9.0072e+10 9.4698e+10  5.14%  97.7 2985s
 20405  5706 infeasible  113      9.0072e+10 9.4698e+10  5.14%  97.7 2990s
 20441  5715 9.1242e+10  131   84 9.0072e+10 9.4698e+10  5.14%  97.7 2995s
 20477  5709 9.4698e+10  126   91 9.0072e+10 9.4698e+10  5.14%  97.7 3000s
 20514  5706 infeasible  128      9.0072e+10 9.4698e+10  5.14%  97.8 3005s
 20550  5714 9.1242e+10  128   85 9.0072e+10 9.4698e+10  5.14%  97.7 3010s
 20569  5715 9.4698e+10   62  315 9.0072e+10 9.4698e+10  5.14%  97.9 3015s
 20588  5734 9.4113e+10   81  258 9.0072e+10 9.4698e+10  5.14%  98.0 3020s
 20607  5751 9.3528e+10   99   84 9.0072e+10 9.4698e+10  5.14%  98.0 3025s
 20632  5766 9.3528e+10  116   59 9.0072e+10 9.4698e+10  5.14%  97.9 3030s
 20672  5770 9.4698e+10  125   89 9.0072e+10 9.4698e+10  5.14%  97.8 3035s
 20705  5765 9.4698e+10   89  296 9.0072e+10 9.4698e+10  5.14%  98.0 3040s
 20723  5783 9.3528e+10  107  187 9.0072e+10 9.4698e+10  5.14%  98.1 3045s
 20745  5801 9.3528e+10  127  111 9.0072e+10 9.4698e+10  5.14%  98.2 3050s
 20757  5799 9.4698e+10   29  578 9.0072e+10 9.4698e+10  5.14%  99.0 3064s
 20758  5800 9.4698e+10   30  389 9.0072e+10 9.4698e+10  5.14%  99.2 3065s
 20769  5811 9.4698e+10   36  320 9.0072e+10 9.4698e+10  5.14%   100 3070s
 20785  5827 9.4698e+10   48  278 9.0072e+10 9.4698e+10  5.14%   100 3075s
 20812  5854 9.4698e+10   72  213 9.0072e+10 9.4698e+10  5.14%  99.4 3080s
 20848  5888 9.4698e+10   99  147 9.0072e+10 9.4698e+10  5.14%  99.3 3085s
 20891  5921 9.4698e+10  123  110 9.0072e+10 9.4698e+10  5.14%  99.2 3090s
 20946  5967 9.4698e+10  162  102 9.0072e+10 9.4698e+10  5.14%  99.0 3095s
 20983  5979 9.4698e+10   95  260 9.0072e+10 9.4698e+10  5.14%  99.2 3100s
 21008  6004 9.4698e+10  115  127 9.0072e+10 9.4698e+10  5.14%  99.2 3105s
 21042  6030 9.4698e+10  137   69 9.0072e+10 9.4698e+10  5.14%  99.2 3110s
 21061  6045 9.4698e+10  144  112 9.0072e+10 9.4698e+10  5.14%  99.2 3115s
 21078  6052 9.4698e+10   96  215 9.0072e+10 9.4698e+10  5.14%  99.5 3120s
 21087  6061 9.4698e+10  100  186 9.0072e+10 9.4698e+10  5.14%   100 3129s
 21091  6065 9.4698e+10  103  204 9.0072e+10 9.4698e+10  5.14%   100 3130s
 21107  6077 9.4698e+10  113  171 9.0072e+10 9.4698e+10  5.14%   100 3189s
 21108  6078 9.4698e+10  114  164 9.0072e+10 9.4698e+10  5.14%   100 3190s
 21129  6079 infeasible  120      9.0072e+10 9.4698e+10  5.14%   100 3195s
 21141  6082 9.4698e+10  125   74 9.0072e+10 9.4698e+10  5.14%   100 3206s
 21172  6097 9.4698e+10  142   55 9.0072e+10 9.4698e+10  5.14%  99.4 3210s
 21218  6102 9.4698e+10  118   47 9.0072e+10 9.4698e+10  5.14%  99.3 3215s
 21222  6102 9.4698e+10  119   49 9.0072e+10 9.4698e+10  5.14%  99.3 3227s
 21238  6100 9.4698e+10  133   76 9.0072e+10 9.4698e+10  5.14%  99.3 3230s
 21271  6117 infeasible  143      9.0072e+10 9.4698e+10  5.14%  99.2 3235s
 21308  6117 9.4698e+10  125   58 9.0072e+10 9.4698e+10  5.14%  99.2 3240s
 21356  6120 infeasible  127      9.0072e+10 9.4698e+10  5.14%  99.0 3245s
 21391  6129 infeasible  125      9.0072e+10 9.4698e+10  5.14%  99.0 3250s
 21423  6123 9.4698e+10  119   46 9.0072e+10 9.4698e+10  5.14%  99.0 3255s
 21428  6122 9.4698e+10   28  620 9.0072e+10 9.4698e+10  5.14%   100 3266s
 21434  6128 9.4698e+10   31  444 9.0072e+10 9.4698e+10  5.14%   100 3270s
 21444  6138 9.4698e+10   38  350 9.0072e+10 9.4698e+10  5.14%   100 3275s
 21461  6155 9.4698e+10   47  317 9.0072e+10 9.4698e+10  5.14%   100 3280s
 21494  6180 9.4698e+10   64  178 9.0072e+10 9.4698e+10  5.14%   100 3285s
 21524  6201 9.4698e+10   80  104 9.0072e+10 9.4698e+10  5.14%   100 3290s
 21573  6238 9.4698e+10   95   73 9.0072e+10 9.4698e+10  5.14%   100 3295s
 21654  6269 infeasible  110      9.0072e+10 9.4698e+10  5.14%  99.5 3300s
 21792  6300 infeasible  123      9.0072e+10 9.4698e+10  5.14%  99.0 3305s
 21863  6302 9.4698e+10  111   45 9.0072e+10 9.4698e+10  5.14%  98.8 3310s
 21929  6305 9.4698e+10  108   60 9.0072e+10 9.4698e+10  5.14%  98.6 3315s
 21997  6294 infeasible   99      9.0072e+10 9.4698e+10  5.14%  98.5 3320s
 22092  6294 infeasible  107      9.0072e+10 9.4698e+10  5.14%  98.1 3325s
 22141  6290 9.4698e+10   46  523 9.0072e+10 9.4698e+10  5.14%  98.2 3331s
 22147  6296 9.4698e+10   52  366 9.0072e+10 9.4698e+10  5.14%  98.4 3335s
 22165  6314 9.4698e+10   61  265 9.0072e+10 9.4698e+10  5.14%  98.5 3340s
 22173  6322 9.4698e+10   68  212 9.0072e+10 9.4698e+10  5.14%  98.5 3349s
 22176  6323 9.4698e+10   70  191 9.0072e+10 9.4698e+10  5.14%  98.5 3355s
 22205  6352 9.4698e+10   90  124 9.0072e+10 9.4698e+10  5.14%  98.5 3360s
 22250  6394 9.4698e+10  120   78 9.0072e+10 9.4698e+10  5.14%  98.4 3365s
 22305  6433 9.4698e+10  148   59 9.0072e+10 9.4698e+10  5.14%  98.2 3370s
 22340  6454 9.3528e+10  131  151 9.0072e+10 9.4698e+10  5.14%  98.2 3375s
 22357  6469 9.2358e+10  136  130 9.0072e+10 9.4698e+10  5.14%  98.3 3380s
 22376  6482 9.2358e+10  143   71 9.0072e+10 9.4698e+10  5.14%  98.4 3385s
 22410  6508     cutoff  169      9.0072e+10 9.4698e+10  5.14%  98.3 3390s
 22444  6517 infeasible  134      9.0072e+10 9.4698e+10  5.14%  98.4 3395s
 22445  6518 9.1242e+10  134   79 9.0072e+10 9.4698e+10  5.14%  98.4 3400s
 22480  6523 infeasible  119      9.0072e+10 9.4698e+10  5.14%  98.3 3405s
 22519  6524 9.4698e+10   76  160 9.0072e+10 9.4698e+10  5.14%  98.3 3410s
 22539  6544 9.4698e+10   91  150 9.0072e+10 9.4698e+10  5.14%  98.3 3415s
 22562  6545 9.4698e+10  163  269 9.0072e+10 9.4698e+10  5.14%  98.4 3420s
 22590  6567 9.4698e+10  183  125 9.0072e+10 9.4698e+10  5.14%  98.4 3425s
 22650  6602 infeasible  209      9.0072e+10 9.4698e+10  5.14%  98.3 3430s
 22683  6599 9.4698e+10  112   52 9.0072e+10 9.4698e+10  5.14%  98.3 3435s
 22721  6593 9.4698e+10   84  303 9.0072e+10 9.4698e+10  5.14%  98.4 3441s
 22734  6606 9.4698e+10   93  211 9.0072e+10 9.4698e+10  5.14%  98.5 3445s
 22752  6624 9.4698e+10  108  183 9.0072e+10 9.4698e+10  5.14%  98.6 3450s
 22768  6636 9.4698e+10  117  138 9.0072e+10 9.4698e+10  5.14%  98.7 3455s
 22789  6643 9.4698e+10  108   70 9.0072e+10 9.4698e+10  5.14%  98.8 3460s
 22804  6644 9.4698e+10  111   58 9.0072e+10 9.4698e+10  5.14%  98.8 3470s
 22831  6645 9.4698e+10  113   49 9.0072e+10 9.4698e+10  5.14%  98.7 3475s
 22863  6653 9.4698e+10  114   52 9.0072e+10 9.4698e+10  5.14%  98.7 3480s
 22898  6676 9.4698e+10  127   56 9.0072e+10 9.4698e+10  5.14%  98.7 3485s
 22941  6681 9.4698e+10  121   47 9.0072e+10 9.4698e+10  5.14%  98.6 3490s
 23010  6693 9.4698e+10  124   53 9.0072e+10 9.4698e+10  5.14%  98.5 3495s
 23056  6703 9.4698e+10  133   60 9.0072e+10 9.4698e+10  5.14%  98.4 3500s
 23097  6696 9.4698e+10  129   46 9.0072e+10 9.4698e+10  5.14%  98.3 3505s
 23133  6690 infeasible  122      9.0072e+10 9.4698e+10  5.14%  98.3 3510s
 23134  6691 9.4698e+10  122  132 9.0072e+10 9.4698e+10  5.14%  98.3 3518s
 23142  6697 9.4698e+10  128  124 9.0072e+10 9.4698e+10  5.14%  98.3 3520s
 23182  6695 9.4698e+10  128   77 9.0072e+10 9.4698e+10  5.14%  98.3 3525s
 23216  6692 infeasible  132      9.0072e+10 9.4698e+10  5.14%  98.3 3530s
 23244  6700 9.3528e+10  136   70 9.0072e+10 9.4698e+10  5.14%  98.3 3535s
 23282  6704 9.4698e+10  125  129 9.0072e+10 9.4698e+10  5.14%  98.3 3540s
 23297  6705 9.4698e+10   86  340 9.0072e+10 9.4698e+10  5.14%  98.5 3545s
 23317  6723 9.4698e+10  104  218 9.0072e+10 9.4698e+10  5.14%  98.6 3550s
 23342  6748 9.4698e+10  122  115 9.0072e+10 9.4698e+10  5.14%  98.6 3555s
 23373  6769 infeasible  145      9.0072e+10 9.4698e+10  5.14%  98.5 3560s
 23413  6785 9.4698e+10  106   78 9.0072e+10 9.4698e+10  5.14%  98.4 3565s
 23443  6796 9.4698e+10  155  160 9.0072e+10 9.4698e+10  5.14%  98.4 3570s
 23473  6794 9.4698e+10  104  102 9.0072e+10 9.4698e+10  5.14%  98.4 3575s
 23506  6805 9.4698e+10  112   49 9.0072e+10 9.4698e+10  5.14%  98.3 3580s
 23535  6812 9.4698e+10  126   49 9.0072e+10 9.4698e+10  5.14%  98.3 3590s
 23560  6817 9.4698e+10  117  201 9.0072e+10 9.4698e+10  5.14%  98.4 3595s

Cutting planes:
  Learned: 337
  Gomory: 145
  Lift-and-project: 4
  Cover: 7612
  Implied bound: 1310
  Projected implied bound: 16
  Clique: 150
  MIR: 102
  Mixing: 1
  StrongCG: 3
  Flow cover: 1759
  Inf proof: 310
  Zero half: 2773
  RLT: 950
  Relax-and-lift: 676
  BQP: 9
  PSD: 8

Explored 23573 nodes (2409049 simplex iterations) in 3597.89 seconds (1901.61 work units)
Thread count was 1 (of 28 available processors)

Solution count 10: 9.0072e+10 8.8902e+10 8.6562e+10 ... 2.0736e+10

Time limit reached
Best objective 9.007200000000e+10, best bound 9.469800000000e+10, gap 5.1359%

User-callback calls 716318, time in user-callback 0.62 sec