Gurobi Optimizer version 12.0.3 build v12.0.3rc0 (linux64 - "Oracle Linux Server 9.4")

CPU model: Intel(R) Xeon(R) CPU E5-2660 v4 @ 2.00GHz, instruction set [SSE2|AVX|AVX2]
Thread count: 28 physical cores, 28 logical processors, using up to 1 threads

Non-default parameters:
TimeLimit  3597.752855205
SoftMemLimit  16
NumericFocus  1
Threads  1

Academic license 2690100 - for non-commercial use only - registered to ju___@uclm.es
Optimize a model with 13346 rows, 3140 columns and 49112 nonzeros
Model fingerprint: 0xc32f1797
Variable types: 60 continuous, 3080 integer (3080 binary)
Coefficient statistics:
  Matrix range     [1e+00, 2e+13]
  Objective range  [2e+09, 5e+09]
  Bounds range     [2e+03, 1e+04]
  RHS range        [1e+00, 2e+14]
Warning: Model contains large matrix coefficient range
Warning: Model contains large objective coefficients
Warning: Model contains large rhs
Found heuristic solution: objective -0.0000000
Presolve removed 3870 rows and 432 columns
Presolve time: 0.19s
Presolved: 9476 rows, 2708 columns, 33958 nonzeros
Variable types: 60 continuous, 2648 integer (2648 binary)

Root relaxation: objective 9.284802e+10, 803 iterations, 0.06 seconds (0.03 work units)

    Nodes    |    Current Node    |     Objective Bounds      |     Work
 Expl Unexpl |  Obj  Depth IntInf | Incumbent    BestBd   Gap | It/Node Time

     0     0 9.2848e+10    0   84   -0.00000 9.2848e+10      -     -    0s
H    0     0                    5.998175e+09 9.2848e+10  1448%     -    1s
H    0     0                    3.493805e+10 9.2848e+10   166%     -    1s
H    0     0                    3.663237e+10 9.2848e+10   153%     -    1s
     0     0 9.2848e+10    0  348 3.6632e+10 9.2848e+10   153%     -    1s
H    0     0                    4.121835e+10 9.2848e+10   125%     -    1s
     0     0 9.2848e+10    0  286 4.1218e+10 9.2848e+10   125%     -    1s
     0     0 9.2848e+10    0  124 4.1218e+10 9.2848e+10   125%     -    2s
     0     0 9.2848e+10    0  127 4.1218e+10 9.2848e+10   125%     -    2s
     0     0 9.2848e+10    0  146 4.1218e+10 9.2848e+10   125%     -    3s
     0     0 9.2848e+10    0  134 4.1218e+10 9.2848e+10   125%     -    3s
     0     0 9.2848e+10    0  265 4.1218e+10 9.2848e+10   125%     -    4s
     0     0 9.2848e+10    0  124 4.1218e+10 9.2848e+10   125%     -    4s
H    0     0                    5.596002e+10 9.2848e+10  65.9%     -    5s
     0     2 9.2848e+10    0  124 5.5960e+10 9.2848e+10  65.9%     -    6s
H   26    24                    6.178902e+10 9.2848e+10  50.3%   564    8s
H   54    33                    6.470352e+10 9.2848e+10  43.5%   291    9s
    61    38 9.2848e+10   32  246 6.4704e+10 9.2848e+10  43.5%   268   10s
H   80    42                    6.761802e+10 9.2848e+10  37.3%   214   10s
   295   143 9.2848e+10    7  309 6.7618e+10 9.2848e+10  37.3%   127   16s
   436   213 9.2848e+10   63  180 6.7618e+10 9.2848e+10  37.3%   136   20s
H  518   242                    7.344702e+10 9.2848e+10  26.4%   120   21s
   653   331 9.2848e+10   97  193 7.3447e+10 9.2848e+10  26.4%   105   25s
   756   385 9.2848e+10   82  102 7.3447e+10 9.2848e+10  26.4%  93.7   30s
   763   391 9.2848e+10   17   63 7.3447e+10 9.2848e+10  26.4%   116   37s
   767   394 9.2848e+10   12   80 7.3447e+10 9.2848e+10  26.4%   116   41s
   773   398 9.2848e+10   27   71 7.3447e+10 9.2848e+10  26.4%   115   45s
   783   404 9.2848e+10    7   28 7.3447e+10 9.2848e+10  26.4%   113   51s
   812   419 9.2848e+10   38   64 7.3447e+10 9.2848e+10  26.4%   208   55s
   873   431 9.2848e+10   29  312 7.3447e+10 9.2848e+10  26.4%   199   60s
   905   443 9.2848e+10   47  261 7.3447e+10 9.2848e+10  26.4%   195   65s
   948   447 9.2848e+10   60  317 7.3447e+10 9.2848e+10  26.4%   190   70s
   975   435 9.2848e+10   61  221 7.3447e+10 9.2848e+10  26.4%   195   75s
  1039   431 9.2848e+10   31  232 7.3447e+10 9.2848e+10  26.4%   189   80s
  1078   429 9.2848e+10   35  262 7.3447e+10 9.2848e+10  26.4%   190   85s
  1117   442     cutoff   67      7.3447e+10 9.2848e+10  26.4%   187   90s
  1182   453 infeasible   61      7.3447e+10 9.2848e+10  26.4%   182   95s
  1233   469 9.2848e+10   59  256 7.3447e+10 9.2848e+10  26.4%   178  100s
  1276   475 8.4105e+10   78  152 7.3447e+10 9.2848e+10  26.4%   175  107s
  1302   478 9.2848e+10   53  169 7.3447e+10 9.2848e+10  26.4%   173  114s
  1316   485 9.2848e+10   65  114 7.3447e+10 9.2848e+10  26.4%   172  115s
  1362   488 9.2848e+10   42  192 7.3447e+10 9.2848e+10  26.4%   168  120s
  1410   489 7.5361e+10   61   71 7.3447e+10 9.2848e+10  26.4%   164  125s
  1473   480 9.2848e+10   35  323 7.3447e+10 9.2848e+10  26.4%   161  130s
  1531   512 9.2848e+10   81  168 7.3447e+10 9.2848e+10  26.4%   157  135s
  1587   516 9.2848e+10   37  215 7.3447e+10 9.2848e+10  26.4%   156  140s
  1679   531 8.1190e+10   69   57 7.3447e+10 9.2848e+10  26.4%   149  145s
  1731   547 7.8276e+10   53   94 7.3447e+10 9.2848e+10  26.4%   148  150s
  1776   562 9.2848e+10   61   81 7.3447e+10 9.2848e+10  26.4%   145  156s
  1817   577 8.8324e+10   93   81 7.3447e+10 9.2848e+10  26.4%   142  160s
  1938   578 8.8324e+10   77  119 7.3447e+10 9.2848e+10  26.4%   137  165s
  2084   620 7.6666e+10   74   31 7.3447e+10 9.2848e+10  26.4%   130  170s
  2101   628 8.8324e+10   41  227 7.3447e+10 9.2848e+10  26.4%   131  175s
  2211   710 9.2848e+10   50  189 7.3447e+10 9.2848e+10  26.4%   127  180s
  2267   741 infeasible   62      7.3447e+10 9.2848e+10  26.4%   126  185s
  2350   761 9.2848e+10   47  155 7.3447e+10 9.2848e+10  26.4%   126  190s
  2478   816 8.9934e+10   58   64 7.3447e+10 9.2848e+10  26.4%   121  195s
  2570   842 8.8324e+10   68  118 7.3447e+10 9.2848e+10  26.4%   119  200s
  2639   865 9.2848e+10   56  106 7.3447e+10 9.2848e+10  26.4%   118  205s
  2736   898 9.2848e+10   50  162 7.3447e+10 9.2848e+10  26.4%   116  210s
  2839   924     cutoff   36      7.3447e+10 9.2848e+10  26.4%   115  215s
  2876   938 9.2848e+10   48  153 7.3447e+10 9.2848e+10  26.4%   116  220s
  2918   958 8.8324e+10   49  122 7.3447e+10 9.2848e+10  26.4%   115  225s
  3011   984 8.5410e+10   60   80 7.3447e+10 9.2848e+10  26.4%   114  230s
  3132  1029 8.7019e+10   46   55 7.3447e+10 9.2848e+10  26.4%   111  235s
  3188  1047 9.2848e+10   53  143 7.3447e+10 9.2848e+10  26.4%   111  240s
  3282  1085 9.2848e+10   50  164 7.3447e+10 9.2848e+10  26.4%   110  245s
  3377  1142 8.8324e+10   54  128 7.3447e+10 9.2848e+10  26.4%   109  250s
  3432  1160 8.8324e+10   56   86 7.3447e+10 9.2848e+10  26.4%   108  256s
  3496  1202 8.5240e+10   66   97 7.3447e+10 9.2848e+10  26.4%   108  260s
  3537  1201 infeasible   74      7.3447e+10 9.2848e+10  26.4%   107  265s
  3654  1206 8.9934e+10   59   72 7.3447e+10 9.2848e+10  26.4%   105  270s
  3750  1235 infeasible   56      7.3447e+10 9.2848e+10  26.4%   105  275s
  3824  1229 infeasible   50      7.3447e+10 9.2848e+10  26.4%   104  280s
  3926  1254 9.2848e+10   53  132 7.3447e+10 9.2848e+10  26.4%   103  285s
  4012  1250 9.2848e+10   53  138 7.3447e+10 9.2848e+10  26.4%   102  290s
  4129  1247 9.2848e+10   45  236 7.3447e+10 9.2848e+10  26.4%   101  295s
  4209  1241 9.2686e+10   44  206 7.3447e+10 9.2848e+10  26.4%   100  300s
  4325  1232 9.2848e+10   45  194 7.3447e+10 9.2848e+10  26.4%  98.4  305s
  4430  1224 9.2848e+10   45  153 7.3447e+10 9.2848e+10  26.4%  97.1  310s
  4465  1223     cutoff   28      7.3447e+10 9.2848e+10  26.4%   100  315s
  4487  1229 7.5361e+10   40   78 7.3447e+10 9.2848e+10  26.4%   102  320s
  4495  1231 7.5361e+10   45   65 7.3447e+10 9.2848e+10  26.4%   101  327s
  4551  1249 7.5361e+10   47   74 7.3447e+10 9.2848e+10  26.4%   101  330s
  4652  1270 9.2848e+10   68  125 7.3447e+10 9.2848e+10  26.4%   100  335s
  4717  1262 9.2848e+10   50   64 7.3447e+10 9.2848e+10  26.4%   100  341s
  4784  1265 9.2848e+10   70  158 7.3447e+10 9.2848e+10  26.4%   100  345s
  4890  1265 9.2848e+10   71  104 7.3447e+10 9.2848e+10  26.4%  99.1  350s
  5010  1263 9.2848e+10   52  161 7.3447e+10 9.2848e+10  26.4%  98.0  355s
  5105  1277 9.2848e+10   45  154 7.3447e+10 9.2848e+10  26.4%  97.5  360s
  5159  1303 7.8276e+10   42  220 7.3447e+10 9.2848e+10  26.4%  97.5  365s
  5189  1307 8.9764e+10   77   88 7.3447e+10 9.2848e+10  26.4%  97.6  370s
  5289  1327 9.2848e+10   47  174 7.3447e+10 9.2848e+10  26.4%  96.7  375s
  5344  1340 7.8106e+10   71   85 7.3447e+10 9.2848e+10  26.4%  97.8  380s
  5462  1391 9.2848e+10   48  132 7.3447e+10 9.2848e+10  26.4%  96.5  385s
  5536  1420 9.2848e+10   41  157 7.3447e+10 9.2848e+10  26.4%  96.3  390s
  5607  1446 9.2848e+10   43  213 7.3447e+10 9.2848e+10  26.4%  95.9  395s
  5693  1464 9.2848e+10   26  179 7.3447e+10 9.2848e+10  26.4%  96.2  400s
  5724  1477     cutoff   41      7.3447e+10 9.2848e+10  26.4%  96.8  405s
  5748  1483 9.2848e+10   47  108 7.3447e+10 9.2848e+10  26.4%  97.3  410s
  5822  1531 9.2848e+10   49  169 7.3447e+10 9.2848e+10  26.4%  96.8  415s
  5936  1594 infeasible   82      7.3447e+10 9.2848e+10  26.4%  96.3  420s
  5972  1603 8.3630e+10   98   65 7.3447e+10 9.2848e+10  26.4%  95.9  425s
  5986  1603 9.2848e+10   43  156 7.3447e+10 9.2848e+10  26.4%  95.8  430s
  6075  1659 9.2800e+10   48  139 7.3447e+10 9.2848e+10  26.4%  95.3  435s
  6167  1702 9.2848e+10   73  147 7.3447e+10 9.2848e+10  26.4%  94.7  440s
  6253  1707 9.2848e+10   50  133 7.3447e+10 9.2848e+10  26.4%  94.5  445s
  6319  1727 9.2848e+10   33  137 7.3447e+10 9.2848e+10  26.4%  94.9  450s
  6352  1758 9.2848e+10   54   86 7.3447e+10 9.2848e+10  26.4%  94.7  455s
  6430  1797 9.2848e+10   42  109 7.3447e+10 9.2848e+10  26.4%  94.4  460s
  6527  1825 8.2647e+10   45  196 7.3447e+10 9.2848e+10  26.4%  93.8  465s
  6597  1851 9.2848e+10   46  150 7.3447e+10 9.2848e+10  26.4%  93.5  470s
  6675  1864 7.5361e+10   67   61 7.3447e+10 9.2848e+10  26.4%  93.3  475s
  6729  1879 9.1820e+10   53  259 7.3447e+10 9.2848e+10  26.4%  93.3  480s
  6808  1883 9.2848e+10   52  193 7.3447e+10 9.2848e+10  26.4%  93.2  485s
  6861  1876 9.2848e+10   52  169 7.3447e+10 9.2848e+10  26.4%  93.1  490s
  6969  1906 infeasible   55      7.3447e+10 9.2848e+10  26.4%  92.7  495s
  6989  1912 9.2848e+10   54  110 7.3447e+10 9.2848e+10  26.4%  92.6  502s
  7060  1918 8.5240e+10   73   64 7.3447e+10 9.2848e+10  26.4%  92.1  505s
  7177  1946 9.2848e+10   61  114 7.3447e+10 9.2848e+10  26.4%  91.6  510s
  7312  1979 9.2848e+10   51  115 7.3447e+10 9.2848e+10  26.4%  90.6  515s
  7411  1970 8.8324e+10   74   89 7.3447e+10 9.2848e+10  26.4%  90.3  520s
  7532  1956 9.2848e+10   55  123 7.3447e+10 9.2848e+10  26.4%  89.7  525s
  7615  1980 8.5240e+10   71   74 7.3447e+10 9.2848e+10  26.4%  89.4  530s
  7677  1977 8.8324e+10   64  120 7.3447e+10 9.2848e+10  26.4%  89.1  536s
  7774  1969 9.2848e+10   51  157 7.3447e+10 9.2848e+10  26.4%  88.7  540s
  7861  1991 infeasible   54      7.3447e+10 9.2848e+10  26.4%  88.7  545s
  7946  1989 infeasible   56      7.3447e+10 9.2848e+10  26.4%  88.6  550s
  8035  1989 9.2848e+10   50  151 7.3447e+10 9.2848e+10  26.4%  88.6  555s
  8130  1982 9.2848e+10   55  211 7.3447e+10 9.2848e+10  26.4%  88.8  560s
  8226  1991 8.8324e+10   72   92 7.3447e+10 9.2848e+10  26.4%  88.5  565s
  8245  1990 9.2848e+10   50  182 7.3447e+10 9.2848e+10  26.4%  88.4  575s
  8284  1994 8.9764e+10   57  154 7.3447e+10 9.2848e+10  26.4%  88.5  580s
  8374  2001 8.1190e+10   59  174 7.3447e+10 9.2848e+10  26.4%  88.2  585s
  8422  2001 8.1190e+10   55   89 7.3447e+10 9.2848e+10  26.4%  88.1  590s
  8542  2051 9.2848e+10   36   90 7.3447e+10 9.2848e+10  26.4%  87.2  595s
  8640  2129 7.8276e+10   71   45 7.3447e+10 9.2848e+10  26.4%  86.5  600s
H 8725  2040                    7.579155e+10 9.2848e+10  22.5%  86.0  604s
  8736  2043 8.9459e+10   62   68 7.5792e+10 9.2848e+10  22.5%  85.9  605s
  8839  2051 8.9459e+10   65   52 7.5792e+10 9.2848e+10  22.5%  85.2  610s
  8962  2054 9.2848e+10   61   72 7.5792e+10 9.2848e+10  22.5%  84.4  615s
  9078  2098 8.9764e+10   73   39 7.5792e+10 9.2848e+10  22.5%  83.8  620s
  9173  2156 9.0487e+10   60  112 7.5792e+10 9.2848e+10  22.5%  83.3  625s
  9290  2187 9.2848e+10   50   68 7.5792e+10 9.2848e+10  22.5%  82.7  630s
  9365  2196 9.2848e+10   52   73 7.5792e+10 9.2848e+10  22.5%  82.6  636s
  9442  2231 infeasible   48      7.5792e+10 9.2848e+10  22.5%  82.4  640s
  9546  2268 9.2848e+10   44  116 7.5792e+10 9.2848e+10  22.5%  82.0  645s
H 9582  2282                    7.626570e+10 9.2848e+10  21.7%  81.8  648s
  9607  2292 8.9764e+10   54   69 7.6266e+10 9.2848e+10  21.7%  81.6  650s
  9725  2358 9.2848e+10   53   94 7.6266e+10 9.2848e+10  21.7%  81.0  655s
  9869  2393 9.2848e+10   45   67 7.6266e+10 9.2848e+10  21.7%  80.4  660s
  9975  2455 9.2848e+10   47  114 7.6266e+10 9.2848e+10  21.7%  79.9  665s
 10085  2520 8.0547e+10   78   40 7.6266e+10 9.2848e+10  21.7%  79.5  670s
 10166  2536 9.2848e+10   55   96 7.6266e+10 9.2848e+10  21.7%  79.3  675s
 10202  2544 8.9764e+10   56   66 7.6266e+10 9.2848e+10  21.7%  79.1  754s
 10214  2538 9.2848e+10   49   67 7.6266e+10 9.2848e+10  21.7%  79.1  755s
 10311  2558 9.2848e+10   63   65 7.6266e+10 9.2848e+10  21.7%  78.9  760s
 10376  2576 9.2848e+10   67   70 7.6266e+10 9.2848e+10  21.7%  78.8  765s
 10496  2610 9.2848e+10   63   69 7.6266e+10 9.2848e+10  21.7%  78.4  770s
 10624  2655 9.2848e+10   56   60 7.6266e+10 9.2848e+10  21.7%  77.9  775s
 10707  2699 9.2848e+10   52   67 7.6266e+10 9.2848e+10  21.7%  77.6  780s
 10814  2741 9.2848e+10   45   65 7.6266e+10 9.2848e+10  21.7%  77.3  785s
 10909  2771 9.2848e+10   51   91 7.6266e+10 9.2848e+10  21.7%  77.0  791s
 10981  2791 9.2848e+10   40   86 7.6266e+10 9.2848e+10  21.7%  76.9  795s
 11077  2855 8.9764e+10   62  110 7.6266e+10 9.2848e+10  21.7%  76.7  800s
 11200  2929 8.2095e+10   61   31 7.6266e+10 9.2848e+10  21.7%  76.3  805s
 11217  2928 9.2848e+10   55   51 7.6266e+10 9.2848e+10  21.7%  76.2  810s
 11319  2968 9.2848e+10   73  127 7.6266e+10 9.2848e+10  21.7%  76.0  815s
 11373  2987 8.0547e+10   56  156 7.6266e+10 9.2848e+10  21.7%  76.3  820s
 11432  3008 9.2848e+10   42  195 7.6266e+10 9.2848e+10  21.7%  76.5  825s
 11469  3039 8.0513e+10   62  101 7.6266e+10 9.2848e+10  21.7%  76.5  830s
 11546  3051 8.2095e+10   70   89 7.6266e+10 9.2848e+10  21.7%  76.7  835s
 11754  3120 9.2848e+10   67  157 7.6266e+10 9.2848e+10  21.7%  75.9  840s
 11828  3151 9.2848e+10   53   98 7.6266e+10 9.2848e+10  21.7%  75.8  845s
 11914  3156 8.9934e+10   62  106 7.6266e+10 9.2848e+10  21.7%  75.7  850s
 11933  3163 9.2848e+10   60  107 7.6266e+10 9.2848e+10  21.7%  75.7  856s
 11952  3164 infeasible   52      7.6266e+10 9.2848e+10  21.7%  75.7  860s
 12060  3186 infeasible   54      7.6266e+10 9.2848e+10  21.7%  75.5  865s
 12156  3203 infeasible   69      7.6266e+10 9.2848e+10  21.7%  75.3  870s
 12258  3244 infeasible   63      7.6266e+10 9.2848e+10  21.7%  75.1  875s
 12323  3275 9.2848e+10   60   97 7.6266e+10 9.2848e+10  21.7%  75.0  880s
 12407  3334 8.6642e+10   63   85 7.6266e+10 9.2848e+10  21.7%  74.9  885s
 12469  3369 9.2848e+10   68   47 7.6266e+10 9.2848e+10  21.7%  74.8  890s
 12564  3415 9.2848e+10   50  132 7.6266e+10 9.2848e+10  21.7%  74.6  895s
 12656  3463 9.2848e+10   31   98 7.6266e+10 9.2848e+10  21.7%  74.4  900s
 12680  3483 9.2848e+10   41  142 7.6266e+10 9.2848e+10  21.7%  74.6  905s
 12746  3537 8.7019e+10   72   25 7.6266e+10 9.2848e+10  21.7%  74.4  910s
 12818  3569 9.2848e+10   43  121 7.6266e+10 9.2848e+10  21.7%  74.4  915s
 12902  3627 9.2848e+10   33  123 7.6266e+10 9.2848e+10  21.7%  74.3  921s
 12980  3675 9.2848e+10   69   29 7.6266e+10 9.2848e+10  21.7%  74.0  925s
 13079  3722 9.2848e+10   54  154 7.6266e+10 9.2848e+10  21.7%  74.0  930s
 13158  3778 8.1190e+10   38   84 7.6266e+10 9.2848e+10  21.7%  73.9  935s
 13212  3821 9.2848e+10   53  157 7.6266e+10 9.2848e+10  21.7%  73.8  940s
 13308  3855 9.2848e+10   52   77 7.6266e+10 9.2848e+10  21.7%  73.7  945s
 13399  3889 9.2848e+10   55  101 7.6266e+10 9.2848e+10  21.7%  73.4  950s
 13506  3927 9.2848e+10   62   86 7.6266e+10 9.2848e+10  21.7%  73.1  955s
 13518  3923 8.9934e+10   58   45 7.6266e+10 9.2848e+10  21.7%  73.1  963s
 13525  3926 8.9934e+10   63   42 7.6266e+10 9.2848e+10  21.7%  73.0  965s
 13612  3932 9.2848e+10   63  127 7.6266e+10 9.2848e+10  21.7%  72.9  970s
 13734  3922 8.9459e+10   63   77 7.6266e+10 9.2848e+10  21.7%  72.5  975s
 13936  3932 infeasible   82      7.6266e+10 9.2848e+10  21.7%  72.0  980s
 14095  3911 infeasible   57      7.6266e+10 9.2848e+10  21.7%  71.6  985s
H14151  3829                    7.870605e+10 9.2848e+10  18.0%  71.5  988s
 14173  3830 8.6376e+10   65   33 7.8706e+10 9.2848e+10  18.0%  71.4  990s
 14307  3906 7.9180e+10   77   38 7.8706e+10 9.2848e+10  18.0%  71.0  995s
 14394  3942 9.2529e+10   66   86 7.8706e+10 9.2848e+10  18.0%  70.8 1000s
 14478  3979 8.2095e+10   70   38 7.8706e+10 9.2848e+10  18.0%  70.5 1005s
 14597  4028 infeasible   65      7.8706e+10 9.2848e+10  18.0%  70.2 1010s
 14677  4057 9.2848e+10   47  121 7.8706e+10 9.2848e+10  18.0%  70.1 1015s
 14787  4104 infeasible   68      7.8706e+10 9.2848e+10  18.0%  69.8 1020s
 14877  4127 9.2848e+10   61   49 7.8706e+10 9.2848e+10  18.0%  69.7 1025s
 14988  4149 8.9764e+10   53   56 7.8706e+10 9.2848e+10  18.0%  69.4 1031s
 15076  4162 8.9459e+10   63   58 7.8706e+10 9.2848e+10  18.0%  69.2 1035s
 15183  4204 9.2848e+10   59   74 7.8706e+10 9.2848e+10  18.0%  69.1 1040s
 15285  4229 9.2848e+10   54   89 7.8706e+10 9.2848e+10  18.0%  68.9 1046s
 15354  4255 9.2848e+10   62   43 7.8706e+10 9.2848e+10  18.0%  68.8 1050s
 15460  4261 infeasible   60      7.8706e+10 9.2848e+10  18.0%  68.5 1055s
 15547  4289 9.0696e+10   67   65 7.8706e+10 9.2848e+10  18.0%  68.4 1060s
 15660  4344 8.9764e+10   68   26 7.8706e+10 9.2848e+10  18.0%  68.1 1065s
 15765  4396 9.2445e+10   60  111 7.8706e+10 9.2848e+10  18.0%  67.8 1071s
 15855  4429 infeasible   58      7.8706e+10 9.2848e+10  18.0%  67.6 1075s
 15975  4456 9.1640e+10   60   97 7.8706e+10 9.2848e+10  18.0%  67.3 1080s
 16065  4491 8.2095e+10   69   40 7.8706e+10 9.2848e+10  18.0%  67.0 1091s
 16115  4517 8.9764e+10   75   31 7.8706e+10 9.2848e+10  18.0%  66.9 1095s
 16213  4571 9.2848e+10   58   57 7.8706e+10 9.2848e+10  18.0%  66.7 1100s
 16330  4633 8.3884e+10   68   48 7.8706e+10 9.2848e+10  18.0%  66.4 1105s
 16443  4663 9.2848e+10   72   99 7.8706e+10 9.2848e+10  18.0%  66.2 1110s
 16525  4668 9.2848e+10   61  117 7.8706e+10 9.2848e+10  18.0%  66.0 1115s
 16636  4713 8.9764e+10   61   83 7.8706e+10 9.2848e+10  18.0%  65.8 1120s
 16737  4755 infeasible   74      7.8706e+10 9.2848e+10  18.0%  65.5 1125s
 16824  4761 8.2095e+10   70   28 7.8706e+10 9.2848e+10  18.0%  65.4 1130s
 16934  4795 8.2095e+10   81   13 7.8706e+10 9.2848e+10  18.0%  65.2 1135s
 17054  4832 9.2848e+10   63   90 7.8706e+10 9.2848e+10  18.0%  64.9 1140s
 17150  4833 9.2848e+10   65   73 7.8706e+10 9.2848e+10  18.0%  64.8 1145s
 17272  4841 9.2848e+10   65   97 7.8706e+10 9.2848e+10  18.0%  64.6 1151s
 17375  4832 8.2095e+10   65   56 7.8706e+10 9.2848e+10  18.0%  64.4 1155s
 17484  4842 9.2848e+10   58   69 7.8706e+10 9.2848e+10  18.0%  64.3 1160s
 17577  4857 9.2848e+10   55   76 7.8706e+10 9.2848e+10  18.0%  64.2 1165s
 17658  4866 infeasible   65      7.8706e+10 9.2848e+10  18.0%  64.1 1170s
 17772  4853 infeasible   61      7.8706e+10 9.2848e+10  18.0%  63.9 1175s
 17866  4837 9.2848e+10   56  147 7.8706e+10 9.2848e+10  18.0%  63.9 1180s
 17938  4833 9.2848e+10   57  132 7.8706e+10 9.2848e+10  18.0%  63.8 1185s
 18046  4835 8.2095e+10   76   25 7.8706e+10 9.2848e+10  18.0%  63.7 1190s
 18153  4863 8.2095e+10   76   35 7.8706e+10 9.2848e+10  18.0%  63.5 1195s
 18289  4897 8.2095e+10   72   43 7.8706e+10 9.2848e+10  18.0%  63.3 1200s
 18387  4947 8.2095e+10   88   26 7.8706e+10 9.2848e+10  18.0%  63.0 1205s
 18424  4956 8.2095e+10   68   24 7.8706e+10 9.2848e+10  18.0%  63.0 1211s
 18491  4986 9.2848e+10   56   54 7.8706e+10 9.2848e+10  18.0%  62.9 1215s
 18589  4996 8.2095e+10   68   43 7.8706e+10 9.2848e+10  18.0%  62.8 1220s
 18688  5001 9.2848e+10   63   86 7.8706e+10 9.2848e+10  18.0%  62.6 1225s
 18785  5001 9.2848e+10   59   93 7.8706e+10 9.2848e+10  18.0%  62.5 1230s
 18862  4997 9.2848e+10   52   79 7.8706e+10 9.2848e+10  18.0%  62.4 1235s
 18964  4995 9.2848e+10   55   86 7.8706e+10 9.2848e+10  18.0%  62.3 1240s
 19070  5012 9.2848e+10   59  188 7.8706e+10 9.2848e+10  18.0%  62.2 1245s
 19130  5027 8.7019e+10   54   96 7.8706e+10 9.2848e+10  18.0%  62.1 1250s
 19235  5022 9.2848e+10   50   91 7.8706e+10 9.2848e+10  18.0%  62.0 1255s
 19340  5024 9.2848e+10   60   90 7.8706e+10 9.2848e+10  18.0%  61.9 1261s
 19424  5039 infeasible   61      7.8706e+10 9.2848e+10  18.0%  61.8 1265s
 19516  5035 9.2848e+10   58  118 7.8706e+10 9.2848e+10  18.0%  61.7 1270s
 19625  5038 9.2848e+10   53   95 7.8706e+10 9.2848e+10  18.0%  61.6 1275s
 19701  5037 9.2848e+10   56   72 7.8706e+10 9.2848e+10  18.0%  61.5 1280s
 19802  5036 9.2848e+10   59   88 7.8706e+10 9.2848e+10  18.0%  61.4 1285s
 19865  5047 9.2848e+10   62  115 7.8706e+10 9.2848e+10  18.0%  61.3 1299s
 19882  5042 9.2848e+10   60   76 7.8706e+10 9.2848e+10  18.0%  61.3 1300s
 19943  5047 9.2848e+10   58   95 7.8706e+10 9.2848e+10  18.0%  61.2 1305s
 20002  5053 infeasible   55      7.8706e+10 9.2848e+10  18.0%  61.2 1310s
 20099  5059 9.2848e+10   57   88 7.8706e+10 9.2848e+10  18.0%  61.2 1315s
 20195  5062 9.2848e+10   58  145 7.8706e+10 9.2848e+10  18.0%  61.1 1320s
 20272  5067 9.2848e+10   59  117 7.8706e+10 9.2848e+10  18.0%  61.1 1325s
 20343  5062 9.2848e+10   57  110 7.8706e+10 9.2848e+10  18.0%  61.0 1330s
 20418  5077 9.2848e+10   55  144 7.8706e+10 9.2848e+10  18.0%  61.0 1335s
 20515  5077 9.2848e+10   58  140 7.8706e+10 9.2848e+10  18.0%  61.0 1340s
 20589  5118 9.2848e+10   47  125 7.8706e+10 9.2848e+10  18.0%  61.0 1345s
 20651  5156 9.2848e+10   52  120 7.8706e+10 9.2848e+10  18.0%  60.9 1350s
 20744  5194 9.2848e+10   58   94 7.8706e+10 9.2848e+10  18.0%  60.9 1355s
 20800  5214 9.2848e+10   60  126 7.8706e+10 9.2848e+10  18.0%  60.9 1360s
 20883  5245 9.2848e+10   38  140 7.8706e+10 9.2848e+10  18.0%  60.9 1365s
 20971  5259 9.2848e+10   56   71 7.8706e+10 9.2848e+10  18.0%  60.8 1370s
 21059  5283 9.2848e+10   54   65 7.8706e+10 9.2848e+10  18.0%  60.7 1375s
 21112  5300 9.2848e+10   46   94 7.8706e+10 9.2848e+10  18.0%  60.7 1380s
 21181  5314 9.2848e+10   40  150 7.8706e+10 9.2848e+10  18.0%  60.8 1385s
 21232  5333 9.2848e+10   44   75 7.8706e+10 9.2848e+10  18.0%  60.7 1390s
 21305  5359 9.2848e+10   51  108 7.8706e+10 9.2848e+10  18.0%  60.8 1395s
 21374  5378 infeasible   56      7.8706e+10 9.2848e+10  18.0%  60.9 1400s
 21442  5382 9.2848e+10   60   76 7.8706e+10 9.2848e+10  18.0%  60.9 1405s
 21543  5403 infeasible   55      7.8706e+10 9.2848e+10  18.0%  60.8 1410s
 21660  5398 9.2848e+10   64   76 7.8706e+10 9.2848e+10  18.0%  60.7 1415s
 21752  5395 infeasible   61      7.8706e+10 9.2848e+10  18.0%  60.6 1420s
 21843  5388 infeasible   57      7.8706e+10 9.2848e+10  18.0%  60.6 1425s
 21906  5418 9.0555e+10   66  101 7.8706e+10 9.2848e+10  18.0%  60.7 1430s
 21991  5472 9.2848e+10   62  118 7.8706e+10 9.2848e+10  18.0%  60.6 1435s
 22053  5494 infeasible   57      7.8706e+10 9.2848e+10  18.0%  60.6 1440s
 22138  5519 9.2848e+10   58  104 7.8706e+10 9.2848e+10  18.0%  60.6 1445s
 22229  5526 9.2848e+10   59  222 7.8706e+10 9.2848e+10  18.0%  60.6 1450s
 22292  5550 infeasible   53      7.8706e+10 9.2848e+10  18.0%  60.6 1455s
 22362  5572 9.2848e+10   41  119 7.8706e+10 9.2848e+10  18.0%  60.6 1460s
 22416  5607 9.2848e+10   46  100 7.8706e+10 9.2848e+10  18.0%  60.7 1465s
 22485  5640 9.2848e+10   58  140 7.8706e+10 9.2848e+10  18.0%  60.7 1470s
 22567  5629 9.2848e+10   51  249 7.8706e+10 9.2848e+10  18.0%  60.8 1475s
 22654  5627 9.2848e+10   39  113 7.8706e+10 9.2848e+10  18.0%  61.0 1480s
 22699  5640 9.2848e+10   56   64 7.8706e+10 9.2848e+10  18.0%  61.0 1485s
 22779  5664 9.2848e+10   52   72 7.8706e+10 9.2848e+10  18.0%  61.0 1490s
 22861  5674 9.2848e+10   51   94 7.8706e+10 9.2848e+10  18.0%  61.0 1495s
 22925  5670 9.2848e+10   50   58 7.8706e+10 9.2848e+10  18.0%  61.0 1500s
 22960  5669 8.7019e+10   47   52 7.8706e+10 9.2848e+10  18.0%  61.0 1511s
 22991  5676 infeasible   59      7.8706e+10 9.2848e+10  18.0%  61.0 1515s
 23064  5703 9.2848e+10   46  129 7.8706e+10 9.2848e+10  18.0%  61.0 1520s
 23146  5734 8.7019e+10   46   47 7.8706e+10 9.2848e+10  18.0%  61.0 1527s
 23184  5746 8.7019e+10   48   76 7.8706e+10 9.2848e+10  18.0%  61.1 1530s
 23268  5770 9.2848e+10   57   62 7.8706e+10 9.2848e+10  18.0%  61.1 1535s
 23368  5807 9.2848e+10   33  201 7.8706e+10 9.2848e+10  18.0%  61.1 1540s
 23423  5842 9.2848e+10   47   89 7.8706e+10 9.2848e+10  18.0%  61.2 1545s
 23466  5863 8.1190e+10   49   42 7.8706e+10 9.2848e+10  18.0%  61.3 1550s
 23547  5898 9.2848e+10   46  112 7.8706e+10 9.2848e+10  18.0%  61.4 1555s
 23636  5937 9.2848e+10   37  154 7.8706e+10 9.2848e+10  18.0%  61.4 1560s
 23696  5972 8.1190e+10   45   72 7.8706e+10 9.2848e+10  18.0%  61.3 1565s
 23797  6021 8.1190e+10   52   62 7.8706e+10 9.2848e+10  18.0%  61.2 1570s
 23864  6052 8.7019e+10   51   60 7.8706e+10 9.2848e+10  18.0%  61.3 1576s
 23910  6072 8.9764e+10   46   98 7.8706e+10 9.2848e+10  18.0%  61.3 1580s
 23993  6120 9.2848e+10   41  213 7.8706e+10 9.2848e+10  18.0%  61.2 1585s
 24061  6147 9.2848e+10   43  104 7.8706e+10 9.2848e+10  18.0%  61.2 1590s
 24142  6183 9.2848e+10   52   95 7.8706e+10 9.2848e+10  18.0%  61.3 1595s
 24174  6204 9.2848e+10   61   98 7.8706e+10 9.2848e+10  18.0%  61.3 1600s
 24240  6238 9.2848e+10   43   86 7.8706e+10 9.2848e+10  18.0%  61.4 1605s
 24316  6271 9.2848e+10   47  101 7.8706e+10 9.2848e+10  18.0%  61.5 1610s
 24378  6288 8.1190e+10   59   25 7.8706e+10 9.2848e+10  18.0%  61.5 1615s
 24444  6303 infeasible   58      7.8706e+10 9.2848e+10  18.0%  61.5 1620s
 24494  6307 8.9459e+10   56   64 7.8706e+10 9.2848e+10  18.0%  61.4 1625s
 24565  6341 9.2848e+10   58   71 7.8706e+10 9.2848e+10  18.0%  61.4 1630s
 24667  6401 8.7019e+10   47   60 7.8706e+10 9.2848e+10  18.0%  61.2 1635s
 24742  6426 8.7019e+10   45   87 7.8706e+10 9.2848e+10  18.0%  61.2 1640s
 24806  6461 9.2848e+10   50  114 7.8706e+10 9.2848e+10  18.0%  61.2 1645s
 24869  6503 9.2848e+10   44  206 7.8706e+10 9.2848e+10  18.0%  61.2 1650s
 24940  6540 8.2888e+10   84   73 7.8706e+10 9.2848e+10  18.0%  61.2 1655s
 25007  6562 9.2848e+10   48   76 7.8706e+10 9.2848e+10  18.0%  61.2 1661s
 25093  6589 8.7019e+10   54   45 7.8706e+10 9.2848e+10  18.0%  61.2 1665s
 25184  6614 9.2848e+10   46  106 7.8706e+10 9.2848e+10  18.0%  61.1 1670s
 25267  6649 8.7019e+10   44  126 7.8706e+10 9.2848e+10  18.0%  61.1 1675s
 25343  6684 9.2848e+10   39  157 7.8706e+10 9.2848e+10  18.0%  61.0 1680s
 25360  6701 9.2848e+10   51  135 7.8706e+10 9.2848e+10  18.0%  61.1 1689s
 25364  6705 9.2848e+10   52  152 7.8706e+10 9.2848e+10  18.0%  61.1 1690s
 25424  6738 9.2848e+10   47  110 7.8706e+10 9.2848e+10  18.0%  61.1 1695s
 25505  6782 8.1190e+10   72   49 7.8706e+10 9.2848e+10  18.0%  61.1 1701s
 25556  6811 9.2848e+10   38  155 7.8706e+10 9.2848e+10  18.0%  61.1 1705s
 25618  6851 8.1190e+10   58   81 7.8706e+10 9.2848e+10  18.0%  61.2 1710s
 25674  6878 9.2848e+10   41  140 7.8706e+10 9.2848e+10  18.0%  61.2 1715s
 25722  6908 9.2848e+10   43  124 7.8706e+10 9.2848e+10  18.0%  61.3 1720s
 25790  6957 9.2848e+10   39  188 7.8706e+10 9.2848e+10  18.0%  61.4 1725s
 25827  6980 9.2848e+10   55  174 7.8706e+10 9.2848e+10  18.0%  61.4 1730s
 25918  7008 9.2848e+10   52  188 7.8706e+10 9.2848e+10  18.0%  61.5 1735s
 25983  7063 8.9029e+10   76   66 7.8706e+10 9.2848e+10  18.0%  61.5 1740s
 26057  7074 8.7019e+10   63  117 7.8706e+10 9.2848e+10  18.0%  61.5 1745s
 26157  7065 9.2848e+10   38  249 7.8706e+10 9.2848e+10  18.0%  61.5 1750s
 26222  7113 9.2848e+10   63   77 7.8706e+10 9.2848e+10  18.0%  61.5 1755s
 26260  7119 9.2848e+10   55  199 7.8706e+10 9.2848e+10  18.0%  61.6 1760s
 26315  7144 infeasible   37      7.8706e+10 9.2848e+10  18.0%  61.8 1765s
 26406  7156 infeasible   62      7.8706e+10 9.2848e+10  18.0%  61.8 1770s
 26487  7170 9.2848e+10   68   56 7.8706e+10 9.2848e+10  18.0%  61.8 1775s
 26518  7177 9.2848e+10   67   85 7.8706e+10 9.2848e+10  18.0%  61.7 1780s
 26525  7180 9.1472e+10   63   73 7.8706e+10 9.2848e+10  18.0%  61.7 1786s
 26575  7186 8.9764e+10   73   64 7.8706e+10 9.2848e+10  18.0%  61.7 1791s
 26638  7193 infeasible   66      7.8706e+10 9.2848e+10  18.0%  61.7 1795s
 26734  7208 infeasible   62      7.8706e+10 9.2848e+10  18.0%  61.6 1800s
 26828  7217 infeasible   70      7.8706e+10 9.2848e+10  18.0%  61.5 1805s
 26910  7205 9.2848e+10   62  109 7.8706e+10 9.2848e+10  18.0%  61.4 1810s
 27002  7201 9.2848e+10   65   70 7.8706e+10 9.2848e+10  18.0%  61.5 1815s
 27069  7202 9.2848e+10   65   61 7.8706e+10 9.2848e+10  18.0%  61.4 1820s
 27070  7203 9.2848e+10   66   59 7.8706e+10 9.2848e+10  18.0%  61.4 1828s
 27098  7199 9.2848e+10   61   79 7.8706e+10 9.2848e+10  18.0%  61.4 1830s
 27153  7195 infeasible   63      7.8706e+10 9.2848e+10  18.0%  61.4 1835s
 27221  7221 9.2848e+10   52  161 7.8706e+10 9.2848e+10  18.0%  61.5 1840s
 27290  7269 9.2848e+10   47  101 7.8706e+10 9.2848e+10  18.0%  61.5 1845s
 27335  7301 9.2848e+10   49  118 7.8706e+10 9.2848e+10  18.0%  61.5 1850s
 27408  7352 9.0555e+10   57  114 7.8706e+10 9.2848e+10  18.0%  61.5 1855s
 27464  7377 8.8324e+10   68   91 7.8706e+10 9.2848e+10  18.0%  61.6 1860s
 27506  7393 8.8324e+10   59   70 7.8706e+10 9.2848e+10  18.0%  61.7 1865s
 27579  7416 8.8694e+10   78  120 7.8706e+10 9.2848e+10  18.0%  61.7 1870s
 27647  7438 infeasible   52      7.8706e+10 9.2848e+10  18.0%  61.8 1875s
 27715  7464 9.2428e+10   71   83 7.8706e+10 9.2848e+10  18.0%  61.9 1880s
 27789  7474 8.4105e+10   61  105 7.8706e+10 9.2848e+10  18.0%  61.9 1885s
 27868  7469 infeasible   66      7.8706e+10 9.2848e+10  18.0%  61.9 1890s
H27883  7351                    8.034940e+10 9.2848e+10  15.6%  62.0 1891s
H27883  6795                    8.185171e+10 9.2848e+10  13.4%  62.0 1891s
 27912  6804 9.2848e+10   50   56 8.1852e+10 9.2848e+10  13.4%  62.1 1895s
 28015  6820 infeasible   67      8.1852e+10 9.2848e+10  13.4%  62.1 1900s
 28103  6818 infeasible   65      8.1852e+10 9.2848e+10  13.4%  62.0 1905s
 28218  6811 9.2848e+10   57  138 8.1852e+10 9.2848e+10  13.4%  61.9 1910s
 28312  6813 9.2848e+10   56   60 8.1852e+10 9.2848e+10  13.4%  61.9 1915s
 28406  6806 9.2848e+10   56   65 8.1852e+10 9.2848e+10  13.4%  61.8 1920s
 28501  6835 infeasible   68      8.1852e+10 9.2848e+10  13.4%  61.8 1925s
 28603  6824 9.2848e+10   62   76 8.1852e+10 9.2848e+10  13.4%  61.7 1930s
 28681  6830 9.2848e+10   69   92 8.1852e+10 9.2848e+10  13.4%  61.7 1935s
 28757  6821 9.2848e+10   61   75 8.1852e+10 9.2848e+10  13.4%  61.7 1940s
 28866  6817 9.2848e+10   62  105 8.1852e+10 9.2848e+10  13.4%  61.6 1945s
 28958  6823 9.2848e+10   62  102 8.1852e+10 9.2848e+10  13.4%  61.6 1950s
 29064  6812 9.2848e+10   58   53 8.1852e+10 9.2848e+10  13.4%  61.6 1955s
 29142  6820 9.2848e+10   62   46 8.1852e+10 9.2848e+10  13.4%  61.6 1960s
 29250  6819 9.2848e+10   67   53 8.1852e+10 9.2848e+10  13.4%  61.5 1965s
 29331  6816 9.2848e+10   63  111 8.1852e+10 9.2848e+10  13.4%  61.5 1970s
 29332  6817 9.2848e+10   64   98 8.1852e+10 9.2848e+10  13.4%  61.5 1981s
 29385  6820 infeasible   65      8.1852e+10 9.2848e+10  13.4%  61.5 1985s
 29440  6810 9.2848e+10   55  116 8.1852e+10 9.2848e+10  13.4%  61.5 1990s
 29545  6815 infeasible   55      8.1852e+10 9.2848e+10  13.4%  61.4 1995s
 29619  6812 9.2848e+10   59   99 8.1852e+10 9.2848e+10  13.4%  61.4 2000s
 29725  6818 infeasible   71      8.1852e+10 9.2848e+10  13.4%  61.3 2005s
 29804  6819 9.2848e+10   72   95 8.1852e+10 9.2848e+10  13.4%  61.3 2010s
 29917  6821 infeasible   75      8.1852e+10 9.2848e+10  13.4%  61.2 2015s
 29990  6822 9.2848e+10   72   90 8.1852e+10 9.2848e+10  13.4%  61.2 2020s
 30089  6816 9.2848e+10   58   89 8.1852e+10 9.2848e+10  13.4%  61.1 2025s
 30176  6823 9.2848e+10   68  109 8.1852e+10 9.2848e+10  13.4%  61.1 2030s
 30270  6813 infeasible   62      8.1852e+10 9.2848e+10  13.4%  61.0 2035s
 30383  6838 8.9764e+10   74   54 8.1852e+10 9.2848e+10  13.4%  61.0 2040s
 30482  6862 9.2848e+10   57   60 8.1852e+10 9.2848e+10  13.4%  60.9 2045s
 30599  6889 9.2848e+10   56   85 8.1852e+10 9.2848e+10  13.4%  60.9 2050s
 30659  6883 9.2848e+10   54  128 8.1852e+10 9.2848e+10  13.4%  60.8 2055s
 30769  6893 9.2848e+10   54   69 8.1852e+10 9.2848e+10  13.4%  60.8 2060s
 30870  6900 infeasible   68      8.1852e+10 9.2848e+10  13.4%  60.7 2065s
 30969  6895 9.2848e+10   61  105 8.1852e+10 9.2848e+10  13.4%  60.7 2070s
 31050  6898 infeasible   66      8.1852e+10 9.2848e+10  13.4%  60.6 2075s
 31145  6902 9.2848e+10   66   88 8.1852e+10 9.2848e+10  13.4%  60.6 2080s
 31216  6897 9.2848e+10   64  141 8.1852e+10 9.2848e+10  13.4%  60.6 2085s
 31324  6895 9.2848e+10   62   59 8.1852e+10 9.2848e+10  13.4%  60.5 2090s
 31406  6919 9.2848e+10   63   56 8.1852e+10 9.2848e+10  13.4%  60.4 2095s
 31515  6936 9.2848e+10   56   65 8.1852e+10 9.2848e+10  13.4%  60.4 2100s
 31603  6948 9.2848e+10   59  100 8.1852e+10 9.2848e+10  13.4%  60.3 2105s
 31724  6942 9.2848e+10   61   82 8.1852e+10 9.2848e+10  13.4%  60.2 2110s
 31822  6949 9.2848e+10   38  169 8.1852e+10 9.2848e+10  13.4%  60.1 2115s
 31894  6997 8.8324e+10   84   67 8.1852e+10 9.2848e+10  13.4%  60.1 2120s
 31936  7005 infeasible   59      8.1852e+10 9.2848e+10  13.4%  60.1 2125s
 32037  7015 9.2848e+10   61   94 8.1852e+10 9.2848e+10  13.4%  60.0 2130s
 32130  7020 9.2848e+10   57  148 8.1852e+10 9.2848e+10  13.4%  60.0 2135s
 32228  7063 infeasible   61      8.1852e+10 9.2848e+10  13.4%  60.0 2140s
 32313  7085 9.1898e+10   55  167 8.1852e+10 9.2848e+10  13.4%  60.0 2145s
 32386  7113 9.2848e+10   55  157 8.1852e+10 9.2848e+10  13.4%  60.0 2150s
 32454  7140 infeasible   86      8.1852e+10 9.2848e+10  13.4%  60.0 2155s
 32534  7174 9.1898e+10   55  126 8.1852e+10 9.2848e+10  13.4%  60.0 2160s
 32628  7214 infeasible   67      8.1852e+10 9.2848e+10  13.4%  60.0 2165s
 32691  7225 9.2848e+10   55  106 8.1852e+10 9.2848e+10  13.4%  60.2 2170s
 32750  7250 8.9764e+10   60  108 8.1852e+10 9.2848e+10  13.4%  60.2 2175s
 32791  7268 8.9764e+10   68   60 8.1852e+10 9.2848e+10  13.4%  60.3 2180s
 32879  7286 infeasible   62      8.1852e+10 9.2848e+10  13.4%  60.3 2185s
 32956  7280 9.0555e+10   63   62 8.1852e+10 9.2848e+10  13.4%  60.4 2198s
 32980  7284 9.2848e+10   58  120 8.1852e+10 9.2848e+10  13.4%  60.4 2200s
 33039  7287 9.2848e+10   55   51 8.1852e+10 9.2848e+10  13.4%  60.4 2205s
 33130  7312 8.9764e+10   78   39 8.1852e+10 9.2848e+10  13.4%  60.4 2210s
 33225  7359 9.2728e+10   56  137 8.1852e+10 9.2848e+10  13.4%  60.4 2215s
 33286  7379 9.2848e+10   53  104 8.1852e+10 9.2848e+10  13.4%  60.4 2220s
 33342  7406 8.5410e+10   56  146 8.1852e+10 9.2848e+10  13.4%  60.6 2225s
 33393  7412 9.2840e+10   52  227 8.1852e+10 9.2848e+10  13.4%  60.7 2230s
 33463  7433 8.8324e+10   65   76 8.1852e+10 9.2848e+10  13.4%  60.8 2235s
 33520  7461 8.8324e+10   60  154 8.1852e+10 9.2848e+10  13.4%  60.9 2240s
 33580  7487 8.8324e+10   64   99 8.1852e+10 9.2848e+10  13.4%  61.0 2245s
 33645  7519 8.8324e+10   68   77 8.1852e+10 9.2848e+10  13.4%  61.0 2250s
 33740  7532 8.8324e+10   61  141 8.1852e+10 9.2848e+10  13.4%  61.1 2255s
 33811  7551 8.8324e+10   64   87 8.1852e+10 9.2848e+10  13.4%  61.2 2260s
 33883  7575 infeasible   53      8.1852e+10 9.2848e+10  13.4%  61.3 2265s
 33958  7603 9.2848e+10   57  135 8.1852e+10 9.2848e+10  13.4%  61.3 2270s
 34015  7631 8.9764e+10   65  104 8.1852e+10 9.2848e+10  13.4%  61.4 2276s
 34071  7658 9.2848e+10   63  112 8.1852e+10 9.2848e+10  13.4%  61.4 2280s
 34138  7666 8.8324e+10   69  100 8.1852e+10 9.2848e+10  13.4%  61.6 2285s
 34240  7718 9.2848e+10   56   83 8.1852e+10 9.2848e+10  13.4%  61.5 2290s
 34304  7747 9.2848e+10   70  128 8.1852e+10 9.2848e+10  13.4%  61.5 2295s
 34359  7763 infeasible   70      8.1852e+10 9.2848e+10  13.4%  61.5 2300s
 34442  7779 9.1981e+10   67  112 8.1852e+10 9.2848e+10  13.4%  61.5 2305s
 34541  7812 infeasible   75      8.1852e+10 9.2848e+10  13.4%  61.5 2310s
 34641  7830 8.6376e+10   78   25 8.1852e+10 9.2848e+10  13.4%  61.4 2315s
 34705  7844 8.9764e+10   65   71 8.1852e+10 9.2848e+10  13.4%  61.4 2320s
 34792  7869 9.2817e+10   62  137 8.1852e+10 9.2848e+10  13.4%  61.4 2325s
 34860  7882 8.8324e+10   67   44 8.1852e+10 9.2848e+10  13.4%  61.4 2330s
 34934  7898 8.8324e+10   69   61 8.1852e+10 9.2848e+10  13.4%  61.4 2335s
 34980  7902 8.8324e+10   67   94 8.1852e+10 9.2848e+10  13.4%  61.4 2350s
 35055  7912     cutoff   76      8.1852e+10 9.2848e+10  13.4%  61.3 2355s
 35101  7912 9.2651e+10   68  102 8.1852e+10 9.2848e+10  13.4%  61.4 2360s
 35149  7913 8.7019e+10   61   95 8.1852e+10 9.2848e+10  13.4%  61.4 2365s
 35215  7919 9.2731e+10   64  145 8.1852e+10 9.2848e+10  13.4%  61.4 2370s
 35288  7941 9.2793e+10   61  147 8.1852e+10 9.2848e+10  13.4%  61.4 2375s
 35373  7980 8.8324e+10   63  127 8.1852e+10 9.2848e+10  13.4%  61.4 2381s
 35423  7989 9.0484e+10   75   59 8.1852e+10 9.2848e+10  13.4%  61.4 2385s
 35503  7992 infeasible   67      8.1852e+10 9.2848e+10  13.4%  61.5 2390s
 35557  8013 8.4961e+10   74   69 8.1852e+10 9.2848e+10  13.4%  61.5 2395s
 35639  8034 9.2848e+10   60   64 8.1852e+10 9.2848e+10  13.4%  61.6 2401s
 35707  8039 infeasible   62      8.1852e+10 9.2848e+10  13.4%  61.6 2405s
 35801  8076 8.9764e+10   88   20 8.1852e+10 9.2848e+10  13.4%  61.5 2410s
 35891  8091 infeasible   59      8.1852e+10 9.2848e+10  13.4%  61.5 2415s
 35979  8085 infeasible   64      8.1852e+10 9.2848e+10  13.4%  61.6 2420s
 36081  8122 infeasible   64      8.1852e+10 9.2848e+10  13.4%  61.6 2425s
 36185  8154 9.2848e+10   61   70 8.1852e+10 9.2848e+10  13.4%  61.6 2430s
 36265  8170 infeasible   60      8.1852e+10 9.2848e+10  13.4%  61.5 2435s
 36363  8159 infeasible   62      8.1852e+10 9.2848e+10  13.4%  61.5 2440s
 36448  8170 9.2848e+10   66  101 8.1852e+10 9.2848e+10  13.4%  61.6 2445s
 36529  8194 8.9459e+10   85   16 8.1852e+10 9.2848e+10  13.4%  61.6 2450s
 36631  8177 9.2848e+10   65   83 8.1852e+10 9.2848e+10  13.4%  61.6 2455s
 36714  8192 9.0555e+10   68   40 8.1852e+10 9.2848e+10  13.4%  61.6 2460s
 36788  8192 9.2817e+10   60  109 8.1852e+10 9.2848e+10  13.4%  61.6 2465s
 36894  8221 9.2848e+10   59  145 8.1852e+10 9.2848e+10  13.4%  61.6 2470s
 36977  8211 9.2848e+10   58  108 8.1852e+10 9.2848e+10  13.4%  61.6 2475s
 37041  8208 9.2848e+10   55  141 8.1852e+10 9.2848e+10  13.4%  61.6 2480s
 37118  8221 9.2848e+10   60  125 8.1852e+10 9.2848e+10  13.4%  61.7 2485s
 37180  8233 9.2848e+10   58  150 8.1852e+10 9.2848e+10  13.4%  61.8 2490s
 37245  8241 9.1444e+10   63  102 8.1852e+10 9.2848e+10  13.4%  61.9 2495s
 37305  8249 infeasible   57      8.1852e+10 9.2848e+10  13.4%  62.0 2500s
 37382  8265 9.2848e+10   67   99 8.1852e+10 9.2848e+10  13.4%  62.1 2505s
 37451  8256 9.2817e+10   63  202 8.1852e+10 9.2848e+10  13.4%  62.2 2511s
 37540  8297 9.2698e+10   66  181 8.1852e+10 9.2848e+10  13.4%  62.1 2515s
 37593  8321 9.2800e+10   65  193 8.1852e+10 9.2848e+10  13.4%  62.1 2520s
 37712  8396 8.9764e+10   62   92 8.1852e+10 9.2848e+10  13.4%  62.1 2525s
 37773  8425 8.8292e+10   66  116 8.1852e+10 9.2848e+10  13.4%  62.1 2530s
 37831  8460 8.8324e+10   59  115 8.1852e+10 9.2848e+10  13.4%  62.1 2535s
 37904  8495 9.2848e+10   58  155 8.1852e+10 9.2848e+10  13.4%  62.1 2540s
 37978  8519 8.5240e+10   72   88 8.1852e+10 9.2848e+10  13.4%  62.2 2545s
 38040  8530 9.2848e+10   63  126 8.1852e+10 9.2848e+10  13.4%  62.3 2550s
 38095  8527 9.2848e+10   57  103 8.1852e+10 9.2848e+10  13.4%  62.3 2555s
 38183  8560 9.2848e+10   52  143 8.1852e+10 9.2848e+10  13.4%  62.5 2560s
 38242  8578 infeasible   57      8.1852e+10 9.2848e+10  13.4%  62.5 2565s
 38278  8579 9.2811e+10   55   95 8.1852e+10 9.2848e+10  13.4%  62.5 2580s
 38336  8605 8.8324e+10   64   63 8.1852e+10 9.2848e+10  13.4%  62.5 2585s
 38390  8632 8.2095e+10   72   54 8.1852e+10 9.2848e+10  13.4%  62.5 2590s
 38448  8648 9.2848e+10   56   86 8.1852e+10 9.2848e+10  13.4%  62.5 2595s
 38529  8689 8.9764e+10   67  101 8.1852e+10 9.2848e+10  13.4%  62.5 2600s
 38596  8708 infeasible   72      8.1852e+10 9.2848e+10  13.4%  62.5 2605s
 38642  8726 8.3884e+10   72   58 8.1852e+10 9.2848e+10  13.4%  62.7 2610s
 38687  8741 9.2848e+10   54  129 8.1852e+10 9.2848e+10  13.4%  62.7 2615s
 38761  8747 9.2848e+10   61  109 8.1852e+10 9.2848e+10  13.4%  62.7 2620s
 38814  8740 9.2848e+10   59  186 8.1852e+10 9.2848e+10  13.4%  62.8 2625s
 38878  8748 9.2848e+10   54  171 8.1852e+10 9.2848e+10  13.4%  62.9 2630s
 38937  8747 8.9764e+10   67   61 8.1852e+10 9.2848e+10  13.4%  62.9 2635s
 39001  8755 9.2848e+10   54  175 8.1852e+10 9.2848e+10  13.4%  63.0 2640s
 39054  8782 9.2848e+10   57  123 8.1852e+10 9.2848e+10  13.4%  63.0 2645s
 39121  8813 9.2848e+10   64   71 8.1852e+10 9.2848e+10  13.4%  63.0 2650s
 39182  8812 infeasible   61      8.1852e+10 9.2848e+10  13.4%  63.1 2655s
 39234  8822 9.2848e+10   56  115 8.1852e+10 9.2848e+10  13.4%  63.2 2660s
 39292  8818 8.4105e+10   66  116 8.1852e+10 9.2848e+10  13.4%  63.3 2665s
 39364  8814 9.2848e+10   52   81 8.1852e+10 9.2848e+10  13.4%  63.3 2670s
 39436  8848 9.2848e+10   66  122 8.1852e+10 9.2848e+10  13.4%  63.3 2675s
 39489  8868 infeasible   65      8.1852e+10 9.2848e+10  13.4%  63.4 2680s
 39551  8882 9.2848e+10   58  130 8.1852e+10 9.2848e+10  13.4%  63.5 2685s
 39620  8913 9.2848e+10   58  141 8.1852e+10 9.2848e+10  13.4%  63.5 2690s
 39684  8930 9.2848e+10   50  186 8.1852e+10 9.2848e+10  13.4%  63.6 2695s
 39747  8932 9.2848e+10   66   85 8.1852e+10 9.2848e+10  13.4%  63.5 2700s
 39799  8926 infeasible   55      8.1852e+10 9.2848e+10  13.4%  63.5 2705s
 39870  8932 9.2848e+10   53  130 8.1852e+10 9.2848e+10  13.4%  63.6 2710s
 39915  8946 9.2848e+10   53  107 8.1852e+10 9.2848e+10  13.4%  63.7 2715s
 39980  8941 infeasible   62      8.1852e+10 9.2848e+10  13.4%  63.8 2720s
 40065  8970 infeasible   75      8.1852e+10 9.2848e+10  13.4%  63.7 2725s
 40135  8993 8.8324e+10   79   27 8.1852e+10 9.2848e+10  13.4%  63.7 2730s
 40211  9015 9.2848e+10   51   59 8.1852e+10 9.2848e+10  13.4%  63.7 2735s
 40246  9025 8.8324e+10   63   75 8.1852e+10 9.2848e+10  13.4%  63.7 2741s
 40280  9042 infeasible   57      8.1852e+10 9.2848e+10  13.4%  63.7 2745s
 40352  9077 8.6031e+10   73   74 8.1852e+10 9.2848e+10  13.4%  63.7 2750s
 40440  9106 8.8324e+10   56   79 8.1852e+10 9.2848e+10  13.4%  63.7 2755s
 40503  9128 8.5240e+10   63   45 8.1852e+10 9.2848e+10  13.4%  63.7 2760s
 40577  9166 8.6144e+10   63   70 8.1852e+10 9.2848e+10  13.4%  63.7 2765s
 40696  9234 9.2665e+10   58  152 8.1852e+10 9.2848e+10  13.4%  63.6 2770s
 40746  9246 infeasible   63      8.1852e+10 9.2848e+10  13.4%  63.6 2775s
 40808  9288 8.5240e+10   88   43 8.1852e+10 9.2848e+10  13.4%  63.6 2780s
 40880  9306 9.2827e+10   64  183 8.1852e+10 9.2848e+10  13.4%  63.6 2785s
 40959  9327 9.2848e+10   51  182 8.1852e+10 9.2848e+10  13.4%  63.6 2790s
 41011  9355 9.2848e+10   50  216 8.1852e+10 9.2848e+10  13.4%  63.6 2795s
 41083  9400 8.9764e+10   66   53 8.1852e+10 9.2848e+10  13.4%  63.7 2800s
 41141  9425 9.2848e+10   57  107 8.1852e+10 9.2848e+10  13.4%  63.8 2805s
 41200  9454     cutoff   74      8.1852e+10 9.2848e+10  13.4%  63.8 2810s
 41244  9485 8.9764e+10   58   97 8.1852e+10 9.2848e+10  13.4%  63.8 2822s
 41272  9504 8.2095e+10   81   39 8.1852e+10 9.2848e+10  13.4%  63.8 2825s
 41329  9514 8.8324e+10   59  109 8.1852e+10 9.2848e+10  13.4%  63.8 2830s
 41411  9550 infeasible   70      8.1852e+10 9.2848e+10  13.4%  63.8 2835s
 41491  9576 9.2848e+10   62   71 8.1852e+10 9.2848e+10  13.4%  63.8 2840s
 41558  9612 9.2848e+10   63  128 8.1852e+10 9.2848e+10  13.4%  63.8 2845s
 41622  9631 9.2848e+10   53   92 8.1852e+10 9.2848e+10  13.4%  63.9 2850s
 41677  9654 8.5240e+10   69   51 8.1852e+10 9.2848e+10  13.4%  63.9 2855s
 41762  9671 8.8324e+10   62  109 8.1852e+10 9.2848e+10  13.4%  64.0 2860s
 41834  9702 infeasible   64      8.1852e+10 9.2848e+10  13.4%  64.0 2865s
 41891  9697 9.2848e+10   59   71 8.1852e+10 9.2848e+10  13.4%  64.1 2871s
 41958  9701 9.2848e+10   60  127 8.1852e+10 9.2848e+10  13.4%  64.1 2875s
 42040  9702 9.2848e+10   54   54 8.1852e+10 9.2848e+10  13.4%  64.2 2881s
 42101  9718 9.2848e+10   66   57 8.1852e+10 9.2848e+10  13.4%  64.2 2885s
 42189  9709 9.2848e+10   64   87 8.1852e+10 9.2848e+10  13.4%  64.2 2890s
 42265  9711 infeasible   62      8.1852e+10 9.2848e+10  13.4%  64.2 2895s
 42333  9709 infeasible   56      8.1852e+10 9.2848e+10  13.4%  64.3 2900s
 42372  9715 9.2848e+10   53  148 8.1852e+10 9.2848e+10  13.4%  64.3 2905s
 42446  9707 9.2848e+10   50  111 8.1852e+10 9.2848e+10  13.4%  64.4 2910s
 42499  9709 infeasible   55      8.1852e+10 9.2848e+10  13.4%  64.5 2915s
 42550  9711 9.2848e+10   52  117 8.1852e+10 9.2848e+10  13.4%  64.6 2920s
 42619  9694 9.2848e+10   53  116 8.1852e+10 9.2848e+10  13.4%  64.7 2925s
 42670  9717 infeasible   62      8.1852e+10 9.2848e+10  13.4%  64.7 2930s
 42733  9729 9.2800e+10   64  100 8.1852e+10 9.2848e+10  13.4%  64.8 2935s
 42782  9746 9.2848e+10   46  160 8.1852e+10 9.2848e+10  13.4%  64.8 2940s
 42839  9777 9.2848e+10   54  127 8.1852e+10 9.2848e+10  13.4%  64.8 2945s
 42895  9790 8.8047e+10   59   65 8.1852e+10 9.2848e+10  13.4%  64.8 2950s
 42941  9806 8.4105e+10   56   76 8.1852e+10 9.2848e+10  13.4%  64.9 2955s
 42992  9827 9.2848e+10   60   55 8.1852e+10 9.2848e+10  13.4%  65.0 2960s
 43029  9824 8.5240e+10   64   69 8.1852e+10 9.2848e+10  13.4%  65.1 2965s
 43102  9845 9.2728e+10   65  131 8.1852e+10 9.2848e+10  13.4%  65.1 2970s
 43169  9867 9.2848e+10   48  169 8.1852e+10 9.2848e+10  13.4%  65.2 2975s
 43220  9881 9.2848e+10   57   92 8.1852e+10 9.2848e+10  13.4%  65.2 2980s
 43257  9888 9.2848e+10   53  145 8.1852e+10 9.2848e+10  13.4%  65.3 2996s
 43299  9893 9.2848e+10   66  101 8.1852e+10 9.2848e+10  13.4%  65.3 3000s
 43365  9903 9.2848e+10   72  109 8.1852e+10 9.2848e+10  13.4%  65.3 3005s
 43420  9891 infeasible   61      8.1852e+10 9.2848e+10  13.4%  65.3 3010s
 43475  9896 9.1586e+10   65  130 8.1852e+10 9.2848e+10  13.4%  65.3 3015s
 43529  9922 8.7019e+10   51   48 8.1852e+10 9.2848e+10  13.4%  65.4 3020s
 43570  9936 9.2848e+10   60  150 8.1852e+10 9.2848e+10  13.4%  65.3 3025s
 43648  9951 9.2824e+10   56  133 8.1852e+10 9.2848e+10  13.4%  65.3 3030s
 43710  9981 9.2848e+10   69   53 8.1852e+10 9.2848e+10  13.4%  65.3 3035s
 43789  9990 infeasible   61      8.1852e+10 9.2848e+10  13.4%  65.3 3040s
 43868 10009 8.9764e+10   69   91 8.1852e+10 9.2848e+10  13.4%  65.3 3045s
 43932 10019 8.9764e+10   62   74 8.1852e+10 9.2848e+10  13.4%  65.3 3050s
 43999 10037 9.2848e+10   57   94 8.1852e+10 9.2848e+10  13.4%  65.3 3055s
 44062 10050 9.2848e+10   54   93 8.1852e+10 9.2848e+10  13.4%  65.2 3060s
 44141 10055 9.2848e+10   64  100 8.1852e+10 9.2848e+10  13.4%  65.2 3065s
 44226 10064 9.2848e+10   62   86 8.1852e+10 9.2848e+10  13.4%  65.2 3070s
 44286 10054 9.2848e+10   61  112 8.1852e+10 9.2848e+10  13.4%  65.1 3075s
 44375 10055 9.2848e+10   61   94 8.1852e+10 9.2848e+10  13.4%  65.1 3080s
 44459 10060 9.2848e+10   57  115 8.1852e+10 9.2848e+10  13.4%  65.1 3085s
 44536 10064 infeasible   62      8.1852e+10 9.2848e+10  13.4%  65.0 3090s
 44620 10060 9.2848e+10   57   84 8.1852e+10 9.2848e+10  13.4%  64.9 3095s
 44717 10053 9.2848e+10   60  114 8.1852e+10 9.2848e+10  13.4%  64.8 3100s
 44779 10051 9.2848e+10   61   90 8.1852e+10 9.2848e+10  13.4%  64.8 3105s
 44876 10053 9.2848e+10   62   47 8.1852e+10 9.2848e+10  13.4%  64.7 3110s
 44956 10047 9.2848e+10   57   85 8.1852e+10 9.2848e+10  13.4%  64.6 3115s
 45020 10056 9.2848e+10   65   78 8.1852e+10 9.2848e+10  13.4%  64.6 3120s
 45081 10047 9.2848e+10   61   78 8.1852e+10 9.2848e+10  13.4%  64.6 3125s
 45159 10055 9.2848e+10   63   81 8.1852e+10 9.2848e+10  13.4%  64.5 3130s
 45252 10046 9.2848e+10   53  118 8.1852e+10 9.2848e+10  13.4%  64.5 3135s
 45319 10058 9.2848e+10   54  139 8.1852e+10 9.2848e+10  13.4%  64.5 3140s
 45380 10066 9.2848e+10   65   84 8.1852e+10 9.2848e+10  13.4%  64.6 3145s
 45464 10065 infeasible   69      8.1852e+10 9.2848e+10  13.4%  64.5 3150s
 45548 10058 9.2848e+10   69  115 8.1852e+10 9.2848e+10  13.4%  64.6 3155s
 45616 10059 9.2848e+10   36  231 8.1852e+10 9.2848e+10  13.4%  64.6 3160s
 45668 10096 8.7019e+10   50   97 8.1852e+10 9.2848e+10  13.4%  64.6 3166s
 45738 10115 9.2848e+10   58   97 8.1852e+10 9.2848e+10  13.4%  64.6 3171s
 45807 10126 infeasible   68      8.1852e+10 9.2848e+10  13.4%  64.6 3175s
 45901 10145 infeasible   65      8.1852e+10 9.2848e+10  13.4%  64.5 3180s
 45961 10136 9.2848e+10   61   88 8.1852e+10 9.2848e+10  13.4%  64.5 3185s
 46062 10143 infeasible   65      8.1852e+10 9.2848e+10  13.4%  64.5 3190s
 46155 10156 9.2848e+10   70   76 8.1852e+10 9.2848e+10  13.4%  64.4 3195s
 46235 10165 9.2848e+10   58  101 8.1852e+10 9.2848e+10  13.4%  64.4 3200s
 46313 10185 9.2848e+10   52   64 8.1852e+10 9.2848e+10  13.4%  64.4 3205s
 46407 10172 9.2848e+10   66   99 8.1852e+10 9.2848e+10  13.4%  64.4 3210s
 46492 10172 9.2848e+10   60  117 8.1852e+10 9.2848e+10  13.4%  64.4 3215s
 46564 10170 9.2848e+10   59   76 8.1852e+10 9.2848e+10  13.4%  64.4 3220s
 46649 10173 9.2848e+10   67   97 8.1852e+10 9.2848e+10  13.4%  64.4 3225s
 46703 10168 9.2848e+10   55   36 8.1852e+10 9.2848e+10  13.4%  64.4 3230s
 46768 10169 9.2848e+10   62   64 8.1852e+10 9.2848e+10  13.4%  64.4 3243s
 46782 10171 9.2848e+10   66   44 8.1852e+10 9.2848e+10  13.4%  64.4 3245s
 46869 10165 infeasible   60      8.1852e+10 9.2848e+10  13.4%  64.4 3250s
 46943 10163 infeasible   60      8.1852e+10 9.2848e+10  13.4%  64.4 3255s
 47029 10157 infeasible   61      8.1852e+10 9.2848e+10  13.4%  64.4 3260s
 47115 10160 9.2848e+10   54  136 8.1852e+10 9.2848e+10  13.4%  64.3 3265s
 47174 10169 9.2848e+10   61   88 8.1852e+10 9.2848e+10  13.4%  64.3 3270s
 47269 10154 9.2848e+10   60   93 8.1852e+10 9.2848e+10  13.4%  64.3 3275s
 47359 10145 infeasible   62      8.1852e+10 9.2848e+10  13.4%  64.3 3280s
 47443 10130 infeasible   61      8.1852e+10 9.2848e+10  13.4%  64.2 3285s
 47529 10117 infeasible   61      8.1852e+10 9.2848e+10  13.4%  64.2 3290s
 47619 10114 9.2848e+10   58   98 8.1852e+10 9.2848e+10  13.4%  64.2 3295s
 47693 10114 9.2848e+10   61   92 8.1852e+10 9.2848e+10  13.4%  64.3 3300s
 47762 10112 infeasible   62      8.1852e+10 9.2848e+10  13.4%  64.2 3305s
 47857 10109 9.2848e+10   50  139 8.1852e+10 9.2848e+10  13.4%  64.2 3310s
 47918 10126 9.2848e+10   51  233 8.1852e+10 9.2848e+10  13.4%  64.3 3315s
 47989 10156 infeasible   61      8.1852e+10 9.2848e+10  13.4%  64.3 3320s
 48051 10155 9.2527e+10   54  162 8.1852e+10 9.2848e+10  13.4%  64.3 3325s
 48113 10189 8.3935e+10   81   44 8.1852e+10 9.2848e+10  13.4%  64.3 3330s
 48173 10213 8.8324e+10   48   98 8.1852e+10 9.2848e+10  13.4%  64.4 3335s
 48235 10245 9.2848e+10   51  115 8.1852e+10 9.2848e+10  13.4%  64.4 3340s
 48291 10267 infeasible   72      8.1852e+10 9.2848e+10  13.4%  64.4 3345s
 48357 10288 9.2848e+10   63  104 8.1852e+10 9.2848e+10  13.4%  64.4 3350s
 48411 10296 9.2848e+10   62   69 8.1852e+10 9.2848e+10  13.4%  64.4 3355s
 48473 10318 9.2848e+10   52  147 8.1852e+10 9.2848e+10  13.4%  64.4 3360s
 48555 10357 9.2848e+10   57  102 8.1852e+10 9.2848e+10  13.4%  64.4 3365s
 48604 10384 infeasible   59      8.1852e+10 9.2848e+10  13.4%  64.4 3370s
 48668 10414 9.2848e+10   45  175 8.1852e+10 9.2848e+10  13.4%  64.4 3375s
 48729 10447 8.2326e+10   81   34 8.1852e+10 9.2848e+10  13.4%  64.4 3380s
 48856 10490 9.2848e+10   48  132 8.1852e+10 9.2848e+10  13.4%  64.4 3385s
 48898 10486 9.2848e+10   47  120 8.1852e+10 9.2848e+10  13.4%  64.5 3390s
 48963 10489 9.2848e+10   47  207 8.1852e+10 9.2848e+10  13.4%  64.5 3395s
 49009 10492 infeasible   50      8.1852e+10 9.2848e+10  13.4%  64.5 3400s
 49067 10496 9.2848e+10   56  116 8.1852e+10 9.2848e+10  13.4%  64.5 3419s
 49073 10496 9.2848e+10   59   80 8.1852e+10 9.2848e+10  13.4%  64.5 3420s
 49147 10505 9.2848e+10   62   92 8.1852e+10 9.2848e+10  13.4%  64.5 3425s
 49198 10505 9.2848e+10   57  139 8.1852e+10 9.2848e+10  13.4%  64.5 3430s
 49255 10523 infeasible   56      8.1852e+10 9.2848e+10  13.4%  64.6 3435s
 49314 10524 infeasible   53      8.1852e+10 9.2848e+10  13.4%  64.6 3440s
 49383 10547 9.2848e+10   58  127 8.1852e+10 9.2848e+10  13.4%  64.6 3445s
 49451 10554 infeasible   60      8.1852e+10 9.2848e+10  13.4%  64.6 3450s
 49531 10572 9.2848e+10   42  175 8.1852e+10 9.2848e+10  13.4%  64.7 3455s
 49579 10601 8.8324e+10   52  139 8.1852e+10 9.2848e+10  13.4%  64.7 3460s
 49611 10604 8.2495e+10   51   45 8.1852e+10 9.2848e+10  13.4%  64.8 3465s
 49662 10616 9.2848e+10   42  129 8.1852e+10 9.2848e+10  13.4%  64.8 3470s
 49720 10606 9.2848e+10   45  115 8.1852e+10 9.2848e+10  13.4%  64.9 3475s
 49774 10613 9.2848e+10   46  124 8.1852e+10 9.2848e+10  13.4%  65.0 3480s
 49823 10610 9.2848e+10   46  154 8.1852e+10 9.2848e+10  13.4%  65.1 3485s
 49868 10610 8.5240e+10   52   96 8.1852e+10 9.2848e+10  13.4%  65.2 3491s
 49914 10630 8.2495e+10   55   61 8.1852e+10 9.2848e+10  13.4%  65.3 3495s
 49976 10633 8.7019e+10   52   37 8.1852e+10 9.2848e+10  13.4%  65.3 3500s
 50022 10646 8.8324e+10   54   96 8.1852e+10 9.2848e+10  13.4%  65.3 3505s
 50073 10669 9.2848e+10   42  138 8.1852e+10 9.2848e+10  13.4%  65.5 3510s
 50143 10708 8.8324e+10   45  159 8.1852e+10 9.2848e+10  13.4%  65.5 3515s
 50193 10731 8.8324e+10   47   81 8.1852e+10 9.2848e+10  13.4%  65.5 3520s
 50296 10776 infeasible   70      8.1852e+10 9.2848e+10  13.4%  65.4 3525s
 50378 10767 infeasible   63      8.1852e+10 9.2848e+10  13.4%  65.4 3530s
 50489 10768 infeasible   70      8.1852e+10 9.2848e+10  13.4%  65.3 3535s
 50567 10776 9.2848e+10   75   91 8.1852e+10 9.2848e+10  13.4%  65.3 3540s
 50685 10760 8.9764e+10   58   60 8.1852e+10 9.2848e+10  13.4%  65.2 3545s
 50781 10815 9.2848e+10   44  148 8.1852e+10 9.2848e+10  13.4%  65.2 3550s
 50866 10849 9.2848e+10   63   88 8.1852e+10 9.2848e+10  13.4%  65.2 3555s
 50947 10846 infeasible   64      8.1852e+10 9.2848e+10  13.4%  65.2 3560s
 51033 10841 9.2848e+10   64   76 8.1852e+10 9.2848e+10  13.4%  65.2 3566s
 51125 10839 9.2848e+10   61  159 8.1852e+10 9.2848e+10  13.4%  65.1 3570s
 51234 10839 9.2848e+10   63  102 8.1852e+10 9.2848e+10  13.4%  65.1 3575s
 51317 10836 infeasible   68      8.1852e+10 9.2848e+10  13.4%  65.1 3580s
 51414 10848 9.2848e+10   69   81 8.1852e+10 9.2848e+10  13.4%  65.1 3585s
 51514 10852 8.9764e+10   65  115 8.1852e+10 9.2848e+10  13.4%  65.0 3590s
 51549 10869 9.2848e+10   48  129 8.1852e+10 9.2848e+10  13.4%  65.1 3595s

Cutting planes:
  Learned: 291
  Gomory: 238
  Lift-and-project: 15
  Cover: 4146
  Implied bound: 323
  Projected implied bound: 5
  Clique: 148
  MIR: 96
  Mixing: 2
  StrongCG: 8
  Flow cover: 748
  Inf proof: 661
  Zero half: 250
  Mod-K: 1
  RLT: 663
  Relax-and-lift: 312
  BQP: 17
  PSD: 3

Explored 51582 nodes (3384782 simplex iterations) in 3597.76 seconds (1589.74 work units)
Thread count was 1 (of 28 available processors)

Solution count 10: 8.18517e+10 8.03494e+10 7.87061e+10 ... 5.596e+10

Time limit reached
Best objective 8.185170660000e+10, best bound 9.284802492000e+10, gap 13.4344%

User-callback calls 1198223, time in user-callback 1.26 sec