Gurobi Optimizer version 12.0.3 build v12.0.3rc0 (linux64 - "Oracle Linux Server 9.4")

CPU model: Intel(R) Xeon(R) CPU E5-2660 v4 @ 2.00GHz, instruction set [SSE2|AVX|AVX2]
Thread count: 28 physical cores, 28 logical processors, using up to 1 threads

Non-default parameters:
TimeLimit  3594.643784671
SoftMemLimit  16
NumericFocus  1
Threads  1

Academic license 2690100 - for non-commercial use only - registered to ju___@uclm.es
Optimize a model with 72479 rows, 16688 columns and 289117 nonzeros
Model fingerprint: 0x16340ab6
Variable types: 140 continuous, 16548 integer (16548 binary)
Coefficient statistics:
  Matrix range     [1e+00, 6e+12]
  Objective range  [1e+09, 2e+09]
  Bounds range     [2e+03, 1e+04]
  RHS range        [1e+00, 2e+14]
Warning: Model contains large matrix coefficient range
Warning: Model contains large objective coefficients
Warning: Model contains large rhs
Found heuristic solution: objective -0.0000000
Presolve removed 19008 rows and 2162 columns
Presolve time: 1.41s
Presolved: 53471 rows, 14526 columns, 190681 nonzeros
Variable types: 140 continuous, 14386 integer (14386 binary)

Use crossover to convert LP symmetric solution to basic solution...

Root relaxation: objective 9.113400e+10, 1556 iterations, 0.26 seconds (0.14 work units)
Total elapsed time = 6.69s (DegenMoves)

    Nodes    |    Current Node    |     Objective Bounds      |     Work
 Expl Unexpl |  Obj  Depth IntInf | Incumbent    BestBd   Gap | It/Node Time

     0     0 9.1134e+10    0  773   -0.00000 9.1134e+10      -     -    9s
H    0     0                    1.785600e+09 9.1134e+10  5004%     -   10s
H    0     0                    2.955600e+09 9.1134e+10  2983%     -   10s
H    0     0                    7.020000e+09 9.1134e+10  1198%     -   10s
H    0     0                    1.231560e+10 9.1134e+10   640%     -   11s
H    0     0                    1.237680e+10 9.1134e+10   636%     -   12s
H    0     0                    1.588680e+10 9.1134e+10   474%     -   12s
     0     0 9.1134e+10    0  339 1.5887e+10 9.1134e+10   474%     -   13s
H    0     0                    1.939680e+10 9.1134e+10   370%     -   15s
     0     0 9.1134e+10    0  393 1.9397e+10 9.1134e+10   370%     -   15s
     0     0 9.1134e+10    0  275 1.9397e+10 9.1134e+10   370%     -   21s
     0     0 9.1134e+10    0  203 1.9397e+10 9.1134e+10   370%     -   22s
     0     0 9.1134e+10    0  283 1.9397e+10 9.1134e+10   370%     -   28s
     0     0 9.1134e+10    0  282 1.9397e+10 9.1134e+10   370%     -   29s
     0     0 9.1134e+10    0  431 1.9397e+10 9.1134e+10   370%     -   42s
H    0     0                    4.051800e+10 9.1134e+10   125%     -   43s
H    0     0                    4.347360e+10 9.1134e+10   110%     -   43s
     0     0 9.1134e+10    0  459 4.3474e+10 9.1134e+10   110%     -   45s
     0     0 9.1134e+10    0  476 4.3474e+10 9.1134e+10   110%     -   57s
H    0     0                    6.539400e+10 9.1134e+10  39.4%     -   58s
     0     0 9.1134e+10    0  379 6.5394e+10 9.1134e+10  39.4%     -   61s
     0     0 9.1134e+10    0  515 6.5394e+10 9.1134e+10  39.4%     -   76s
H    0     0                    7.007400e+10 9.1134e+10  30.1%     -   79s
     0     0 9.1134e+10    0  414 7.0074e+10 9.1134e+10  30.1%     -   83s
     0     0 9.1134e+10    0  362 7.0074e+10 9.1134e+10  30.1%     -   93s
     0     0 9.1134e+10    0  321 7.0074e+10 9.1134e+10  30.1%     -   97s
H    0     0                    7.241400e+10 9.1134e+10  25.9%     -  108s
     0     2 9.1134e+10    0  316 7.2414e+10 9.1134e+10  25.9%     -  114s
     1     3 9.1134e+10    1  858 7.2414e+10 9.1134e+10  25.9% 15021  116s
     4     6 9.1134e+10    2 1075 7.2414e+10 9.1134e+10  25.9%  6496  120s
     8    10 9.1134e+10    5  689 7.2414e+10 9.1134e+10  25.9%  4182  125s
    14    16 9.1134e+10    8  794 7.2414e+10 9.1134e+10  25.9%  2785  130s
    19    21 9.1134e+10   10  882 7.2414e+10 9.1134e+10  25.9%  2319  136s
    22    24 9.1134e+10   12 1164 7.2414e+10 9.1134e+10  25.9%  2230  141s
    24    26 9.1134e+10   13 1134 7.2414e+10 9.1134e+10  25.9%  2142  145s
    28    30 9.1134e+10   15  792 7.2414e+10 9.1134e+10  25.9%  1973  150s
    31    33 9.1134e+10   17  814 7.2414e+10 9.1134e+10  25.9%  1872  155s
    35    37 9.1134e+10   19  936 7.2414e+10 9.1134e+10  25.9%  1764  161s
    52    54 9.1134e+10   27 1095 7.2414e+10 9.1134e+10  25.9%  1341  175s
    91    92 9.1134e+10   47 1042 7.2414e+10 9.1134e+10  25.9%   928  180s
   134   135 9.1134e+10   69 1046 7.2414e+10 9.1134e+10  25.9%   756  185s
   187   174 9.1134e+10   97  888 7.2414e+10 9.1134e+10  25.9%   608  190s
   245   207 9.1134e+10  128  739 7.2414e+10 9.1134e+10  25.9%   493  195s
   272   222 9.1134e+10  142  657 7.2414e+10 9.1134e+10  25.9%   449  200s
   273   222 9.1134e+10  143  759 7.2414e+10 9.1134e+10  25.9%   447  206s
   299   231 9.1134e+10  157  652 7.2414e+10 9.1134e+10  25.9%   414  219s
   301   233 9.1134e+10  158  683 7.2414e+10 9.1134e+10  25.9%   412  220s
   354   255 9.1134e+10  189  503 7.2414e+10 9.1134e+10  25.9%   355  237s
   364   257 9.1134e+10    3  746 7.2414e+10 9.1134e+10  25.9%   386  244s
   365   258 9.1134e+10    4 1093 7.2414e+10 9.1134e+10  25.9%   391  247s
   367   260 9.1134e+10    6 1062 7.2414e+10 9.1134e+10  25.9%   414  252s
   374   267 9.1134e+10   12 1064 7.2414e+10 9.1134e+10  25.9%   425  256s
   375   268 9.1134e+10   13  856 7.2414e+10 9.1134e+10  25.9%   448  261s
   377   270 9.1134e+10   14  986 7.2414e+10 9.1134e+10  25.9%   464  266s
   379   272 9.1134e+10   16 1183 7.2414e+10 9.1134e+10  25.9%   468  270s
   381   274 9.1134e+10   17 1272 7.2414e+10 9.1134e+10  25.9%   488  276s
   386   279 9.1134e+10   22 1205 7.2414e+10 9.1134e+10  25.9%   488  280s
   390   283 9.1134e+10   25  968 7.2414e+10 9.1134e+10  25.9%   510  286s
   392   285 9.1134e+10   26 1022 7.2414e+10 9.1134e+10  25.9%   517  290s
   395   288 9.1134e+10   28 1063 7.2414e+10 9.1134e+10  25.9%   531  295s
   401   294 9.1134e+10   31 1061 7.2414e+10 9.1134e+10  25.9%   530  300s
   405   298 9.1134e+10   33  855 7.2414e+10 9.1134e+10  25.9%   554  328s
   408   301 9.1134e+10   35 1177 7.2414e+10 9.1134e+10  25.9%   565  331s
   426   319 9.1134e+10   44  733 7.2414e+10 9.1134e+10  25.9%   559  335s
   457   350 9.1134e+10   59  688 7.2414e+10 9.1134e+10  25.9%   534  340s
   462   355 9.1134e+10   62  680 7.2414e+10 9.1134e+10  25.9%   530  358s
   470   363 9.1134e+10   66  672 7.2414e+10 9.1134e+10  25.9%   524  361s
   489   380 9.1134e+10   76  680 7.2414e+10 9.1134e+10  25.9%   511  383s
   505   396 9.1134e+10   84  670 7.2414e+10 9.1134e+10  25.9%   501  385s
   546   437 9.1134e+10  106  759 7.2414e+10 9.1134e+10  25.9%   476  390s
   579   469 9.1134e+10   59  321 7.2414e+10 9.1134e+10  25.9%   457  413s
   581   470 9.1134e+10   48  312 7.2414e+10 9.1134e+10  25.9%   456  427s
   582   471 9.1134e+10   78  357 7.2414e+10 9.1134e+10  25.9%   455  449s
   583   472 9.1134e+10   83  461 7.2414e+10 9.1134e+10  25.9%   454  458s
   584   472 9.1134e+10   27  491 7.2414e+10 9.1134e+10  25.9%   453  479s
   585   473 9.1134e+10   28  486 7.2414e+10 9.1134e+10  25.9%   452  488s
   586   474 9.1134e+10   80  554 7.2414e+10 9.1134e+10  25.9%   452  512s
   587   474 9.1134e+10   35  528 7.2414e+10 9.1134e+10  25.9%   451  522s
   588   475 9.1134e+10   68  466 7.2414e+10 9.1134e+10  25.9%   450  553s
   589   476 9.1134e+10   36  605 7.2414e+10 9.1134e+10  25.9%   449  566s
   590   476 9.1134e+10   15  670 7.2414e+10 9.1134e+10  25.9%   449  596s
   591   477 9.1134e+10   75  584 7.2414e+10 9.1134e+10  25.9%   448  606s
   592   478 9.1134e+10   27  628 7.2414e+10 9.1134e+10  25.9%   447  631s
   593   478 9.1134e+10   58  611 7.2414e+10 9.1134e+10  25.9%   446  642s
   594   479 9.1134e+10  150  690 7.2414e+10 9.1134e+10  25.9%   446  667s
   595   480 9.1134e+10   76  662 7.2414e+10 9.1134e+10  25.9%   445  680s
   596   480 9.1134e+10  184  679 7.2414e+10 9.1134e+10  25.9%   444  713s
   597   481 9.1134e+10  137  682 7.2414e+10 9.1134e+10  25.9%   443  726s
   598   482 9.1134e+10   83  421 7.2414e+10 9.1134e+10  25.9%   443  760s
   599   482 9.1134e+10   92  564 7.2414e+10 9.1134e+10  25.9%   442  772s
   600   483 9.1134e+10   18  681 7.2414e+10 9.1134e+10  25.9%   441  797s
   601   484 9.1134e+10   87  488 7.2414e+10 9.1134e+10  25.9%   440  813s
   602   484 9.1134e+10   32  488 7.2414e+10 9.1134e+10  25.9%   440  833s
   603   487 9.1134e+10   10  364 7.2414e+10 9.1134e+10  25.9%  1485  933s
   604   488 9.1134e+10   11  441 7.2414e+10 9.1134e+10  25.9%  1490  935s
   607   490 9.1134e+10   13  394 7.2414e+10 9.1134e+10  25.9%  1497  940s
   610   492 9.1134e+10   15  565 7.2414e+10 9.1134e+10  25.9%  1499  945s
   613   494 9.1134e+10   18  665 7.2414e+10 9.1134e+10  25.9%  1495  951s
   616   496 9.1134e+10   21  727 7.2414e+10 9.1134e+10  25.9%  1489  956s
   618   497 9.1134e+10   22  574 7.2414e+10 9.1134e+10  25.9%  1489  960s
   622   500 9.1134e+10   24  656 7.2414e+10 9.1134e+10  25.9%  1482  965s
   626   502 9.1134e+10   27  613 7.2414e+10 9.1134e+10  25.9%  1476  970s
   629   504 9.1134e+10   28  619 7.2414e+10 9.1134e+10  25.9%  1472  975s
   634   508 9.1134e+10   31  851 7.2414e+10 9.1134e+10  25.9%  1466  981s
   637   510 9.1134e+10   32  656 7.2414e+10 9.1134e+10  25.9%  1460  985s
   641   512 9.1134e+10   35  642 7.2414e+10 9.1134e+10  25.9%  1453  990s
   645   515 9.1134e+10   37  784 7.2414e+10 9.1134e+10  25.9%  1449  996s
   648   517 9.1134e+10   38  676 7.2414e+10 9.1134e+10  25.9%  1443 1000s
   652   520 9.1134e+10   40  758 7.2414e+10 9.1134e+10  25.9%  1436 1006s
   655   522 9.1134e+10   42  644 7.2414e+10 9.1134e+10  25.9%  1430 1010s
   658   524 9.1134e+10   43  641 7.2414e+10 9.1134e+10  25.9%  1425 1017s
   660   525 9.1134e+10   44  762 7.2414e+10 9.1134e+10  25.9%  1421 1020s
   662   526 9.1134e+10   45  637 7.2414e+10 9.1134e+10  25.9%  1418 1026s
   664   528 9.1134e+10   46  706 7.2414e+10 9.1134e+10  25.9%  1414 1030s
   668   530 9.1134e+10   49  624 7.2414e+10 9.1134e+10  25.9%  1409 1036s
   670   532 9.1134e+10   50  675 7.2414e+10 9.1134e+10  25.9%  1405 1041s
   673   534 9.1134e+10   52  705 7.2414e+10 9.1134e+10  25.9%  1400 1046s
   676   536 9.1134e+10   54  752 7.2414e+10 9.1134e+10  25.9%  1395 1052s
   678   537 9.1134e+10   55  801 7.2414e+10 9.1134e+10  25.9%  1391 1056s
   680   538 9.1134e+10   56  707 7.2414e+10 9.1134e+10  25.9%  1388 1061s
   682   540 9.1134e+10   57  708 7.2414e+10 9.1134e+10  25.9%  1385 1066s
   684   541 9.1134e+10   58  707 7.2414e+10 9.1134e+10  25.9%  1382 1070s
   687   543 9.1134e+10   60  699 7.2414e+10 9.1134e+10  25.9%  1377 1076s
   689   544 9.1134e+10   61  742 7.2414e+10 9.1134e+10  25.9%  1374 1082s
   691   546 9.1134e+10   62  805 7.2414e+10 9.1134e+10  25.9%  1370 1085s
   696   549 9.1134e+10   66  817 7.2414e+10 9.1134e+10  25.9%  1362 1090s
   701   552 9.1134e+10   71  933 7.2414e+10 9.1134e+10  25.9%  1353 1096s
   703   554 9.1134e+10   72 1016 7.2414e+10 9.1134e+10  25.9%  1350 1101s
   706   556 9.1134e+10   74 1012 7.2414e+10 9.1134e+10  25.9%  1346 1105s
   709   558 9.1134e+10   75 1051 7.2414e+10 9.1134e+10  25.9%  1341 1111s
   712   560 9.1134e+10   77 1013 7.2414e+10 9.1134e+10  25.9%  1337 1117s
   713   560 9.1134e+10   78 1146 7.2414e+10 9.1134e+10  25.9%  1335 1120s
   716   562 9.1134e+10   79 1129 7.2414e+10 9.1134e+10  25.9%  1331 1125s
   719   564 9.1134e+10   81 1141 7.2414e+10 9.1134e+10  25.9%  1327 1131s
   722   566 9.1134e+10   82 1036 7.2414e+10 9.1134e+10  25.9%  1323 1137s
   724   568 9.1134e+10   83 1346 7.2414e+10 9.1134e+10  25.9%  1322 1140s
   727   570 9.1134e+10   85  968 7.2414e+10 9.1134e+10  25.9%  1317 1145s
   730   572 9.1134e+10   86  963 7.2414e+10 9.1134e+10  25.9%  1313 1150s
   733   574 9.1134e+10   88  952 7.2414e+10 9.1134e+10  25.9%  1309 1156s
   735   575 9.1134e+10   89  958 7.2414e+10 9.1134e+10  25.9%  1306 1161s
   737   576 9.1134e+10   90  967 7.2414e+10 9.1134e+10  25.9%  1304 1165s
   739   578 9.1134e+10   91  927 7.2414e+10 9.1134e+10  25.9%  1305 1170s
   741   579 9.1134e+10   92  898 7.2414e+10 9.1134e+10  25.9%  1302 1175s
   744   581 9.1134e+10   93  897 7.2414e+10 9.1134e+10  25.9%  1297 1181s
   746   582 9.1134e+10   94  896 7.2414e+10 9.1134e+10  25.9%  1294 1185s
   749   584 9.1134e+10   96 1023 7.2414e+10 9.1134e+10  25.9%  1289 1191s
   751   586 9.1134e+10   97  980 7.2414e+10 9.1134e+10  25.9%  1287 1195s
   754   588 9.1134e+10   98  984 7.2414e+10 9.1134e+10  25.9%  1282 1204s
   755   588 9.1134e+10   99  982 7.2414e+10 9.1134e+10  25.9%  1281 1206s
   757   590 9.1134e+10  100 1055 7.2414e+10 9.1134e+10  25.9%  1278 1210s
   760   592 9.1134e+10  102 1059 7.2414e+10 9.1134e+10  25.9%  1273 1216s
   762   593 9.1134e+10  103 1043 7.2414e+10 9.1134e+10  25.9%  1271 1220s
   764   594 9.1134e+10  104 1026 7.2414e+10 9.1134e+10  25.9%  1269 1226s
   767   596 9.1134e+10  106  749 7.2414e+10 9.1134e+10  25.9%  1265 1230s
   771   599 9.1134e+10  108  766 7.2414e+10 9.1134e+10  25.9%  1259 1236s
   775   602 9.1134e+10  110  869 7.2414e+10 9.1134e+10  25.9%  1253 1242s
   778   604 9.1134e+10  111  849 7.2414e+10 9.1134e+10  25.9%  1249 1245s
   781   606 9.1134e+10  113  601 7.2414e+10 9.1134e+10  25.9%  1244 1250s
   782   606 9.1134e+10  113  545 7.2414e+10 9.1134e+10  25.9%  1244 1255s
   786   609 9.1134e+10  115  488 7.2414e+10 9.1134e+10  25.9%  1238 1260s
   789   611 9.1134e+10  117  458 7.2414e+10 9.1134e+10  25.9%  1234 1265s
   791   612 9.1134e+10  118  351 7.2414e+10 9.1134e+10  25.9%  1232 1307s
   793   614 9.1134e+10  119  396 7.2414e+10 9.1134e+10  25.9%  1230 1312s
   796   616 9.1134e+10  120  396 7.2414e+10 9.1134e+10  25.9%  1226 1315s
   801   619 9.1134e+10  123  421 7.2414e+10 9.1134e+10  25.9%  1218 1320s
   805   622 9.1134e+10  125  371 7.2414e+10 9.1134e+10  25.9%  1213 1325s
   811   624 9.1134e+10  128  331 7.2414e+10 9.1134e+10  25.9%  1204 1330s
   817   618 8.7190e+10   10  375 7.2414e+10 9.1134e+10  25.9%  1198 1335s
   818   618 8.7190e+10   11  666 7.2414e+10 9.1134e+10  25.9%  1199 1340s
   821   620 8.7190e+10   14  881 7.2414e+10 9.1134e+10  25.9%  1199 1346s
   823   622 8.7190e+10   16  875 7.2414e+10 9.1134e+10  25.9%  1203 1350s
   825   623 8.7190e+10   18  885 7.2414e+10 9.1134e+10  25.9%  1201 1355s
   828   625 8.7188e+10   21  715 7.2414e+10 9.1134e+10  25.9%  1198 1360s
   830   626 8.1774e+10   22  924 7.2414e+10 9.1134e+10  25.9%  1201 1365s
   832   628 8.2944e+10   23 1055 7.2414e+10 9.1134e+10  25.9%  1205 1371s
   834   629 8.4114e+10   24  650 7.2414e+10 9.1134e+10  25.9%  1207 1377s
   836   630 8.5284e+10   25  773 7.2414e+10 9.1134e+10  25.9%  1207 1384s
   837   631 8.7188e+10   26  715 7.2414e+10 9.1134e+10  25.9%  1206 1386s
   838   632 8.6454e+10   26  757 7.2414e+10 9.1134e+10  25.9%  1210 1391s
   840   633 8.7174e+10   27  677 7.2414e+10 9.1134e+10  25.9%  1210 1399s
   841   634 8.7188e+10   28  716 7.2414e+10 9.1134e+10  25.9%  1209 1402s
   842   634 8.7179e+10   28  552 7.2414e+10 9.1134e+10  25.9%  1211 1407s
   844   636 8.7185e+10   29  637 7.2414e+10 9.1134e+10  25.9%  1211 1414s
   845   636 8.6454e+10   30  877 7.2414e+10 9.1134e+10  25.9%  1219 1423s
   846   637 8.7152e+10   30  637 7.2414e+10 9.1134e+10  25.9%  1217 1426s
   848   638 8.0604e+10   31  624 7.2414e+10 9.1134e+10  25.9%  1217 1432s
   850   640 8.7152e+10   33  636 7.2414e+10 9.1134e+10  25.9%  1215 1437s
   851   640 8.2944e+10   33  770 7.2414e+10 9.1134e+10  25.9%  1219 1442s
   852   641 8.7152e+10   34  648 7.2414e+10 9.1134e+10  25.9%  1218 1445s
   854   642 8.5284e+10   35  534 7.2414e+10 9.1134e+10  25.9%  1220 1451s
   856   644 8.6454e+10   36 1017 7.2414e+10 9.1134e+10  25.9%  1235 1459s
   857   644 8.7152e+10   37  674 7.2414e+10 9.1134e+10  25.9%  1234 1462s
   859   646 8.7150e+10   38  639 7.2414e+10 9.1134e+10  25.9%  1234 1466s
   861   647 8.0604e+10   39  815 7.2414e+10 9.1134e+10  25.9%  1241 1476s
   862   648 8.7150e+10   40  759 7.2414e+10 9.1134e+10  25.9%  1242 1480s
   864   649 8.7150e+10   41  688 7.2414e+10 9.1134e+10  25.9%  1244 1485s
   866   650 8.4114e+10   42  822 7.2414e+10 9.1134e+10  25.9%  1251 1493s
   867   651 8.7150e+10   43  611 7.2414e+10 9.1134e+10  25.9%  1249 1495s
   868   652 8.5284e+10   43  953 7.2414e+10 9.1134e+10  25.9%  1254 1500s
   870   653 8.6454e+10   44  912 7.2414e+10 9.1134e+10  25.9%  1255 1506s
   872   654 8.7015e+10   45  532 7.2414e+10 9.1134e+10  25.9%  1255 1515s
   875   656 8.7031e+10   47  565 7.2414e+10 9.1134e+10  25.9%  1253 1520s
   876   657 8.2822e+10   47  816 7.2414e+10 9.1134e+10  25.9%  1258 1525s
   878   658 8.4607e+10   48  910 7.2414e+10 9.1134e+10  25.9%  1262 1533s
   880   660 8.6257e+10   49  686 7.2414e+10 9.1134e+10  25.9%  1264 1539s
   881   660 8.7028e+10   50  577 7.2414e+10 9.1134e+10  25.9%  1263 1541s
   883   662 8.7028e+10   51  567 7.2414e+10 9.1134e+10  25.9%  1261 1546s
   884   662 8.4607e+10   51  710 7.2414e+10 9.1134e+10  25.9%  1265 1551s
   886   664 8.6244e+10   52  687 7.2414e+10 9.1134e+10  25.9%  1264 1555s
   888   665 8.6714e+10   53  617 7.2414e+10 9.1134e+10  25.9%  1262 1560s
   890   666 8.6224e+10   54  619 7.2414e+10 9.1134e+10  25.9%  1261 1565s
   893   668 8.7020e+10   56  541 7.2414e+10 9.1134e+10  25.9%  1258 1571s
   895   670 8.7020e+10   57  541 7.2414e+10 9.1134e+10  25.9%  1259 1576s
   896   670 8.1036e+10   57  594 7.2414e+10 9.1134e+10  25.9%  1262 1580s
   898   672 8.2822e+10   58  791 7.2414e+10 9.1134e+10  25.9%  1267 1588s
   899   672 8.7020e+10   59  597 7.2414e+10 9.1134e+10  25.9%  1266 1598s
   900   673 8.4607e+10   59  868 7.2414e+10 9.1134e+10  25.9%  1270 1602s
   902   673 8.6211e+10   60  527 7.2414e+10 9.1134e+10  25.9%  1269 1606s
   904   674 8.4053e+10   61  843 7.2414e+10 9.1134e+10  25.9%  1271 1611s
   906   673 infeasible   63      7.2414e+10 9.1134e+10  25.9%  1276 1617s
   907   674 8.5223e+10   63  682 7.2414e+10 9.1134e+10  25.9%  1282 1623s
   908   674 8.5223e+10   64  770 7.2414e+10 9.1134e+10  25.9%  1285 1627s
   909   675 8.5223e+10   64  741 7.2414e+10 9.1134e+10  25.9%  1288 1633s
   910   674 infeasible   65      7.2414e+10 9.1134e+10  25.9%  1294 1639s
   911   672 infeasible   65      7.2414e+10 9.1134e+10  25.9%  1296 1642s
   912   671 infeasible   65      7.2414e+10 9.1134e+10  25.9%  1300 1646s
   916   668 9.1134e+10   11  703 7.2414e+10 9.1134e+10  25.9%  1300 1650s
   917   668 9.1134e+10   12 1055 7.2414e+10 9.1134e+10  25.9%  1302 1655s
   920   670 9.1134e+10   15 1081 7.2414e+10 9.1134e+10  25.9%  1298 1661s
   922   672 9.1134e+10   17 1083 7.2414e+10 9.1134e+10  25.9%  1296 1667s
   924   673 9.1134e+10   19 1056 7.2414e+10 9.1134e+10  25.9%  1293 1671s
   925   674 9.1134e+10   20 1043 7.2414e+10 9.1134e+10  25.9%  1292 1675s
   927   675 9.1134e+10   22 1065 7.2414e+10 9.1134e+10  25.9%  1290 1680s
   930   677 9.1134e+10   25 1070 7.2414e+10 9.1134e+10  25.9%  1287 1686s
   932   678 9.1134e+10   27 1073 7.2414e+10 9.1134e+10  25.9%  1285 1691s
   934   680 9.1134e+10   28 1031 7.2414e+10 9.1134e+10  25.9%  1283 1696s
   936   681 9.1134e+10   29 1004 7.2414e+10 9.1134e+10  25.9%  1282 1700s
   938   682 9.1134e+10   30 1005 7.2414e+10 9.1134e+10  25.9%  1280 1705s
   940   684 9.1134e+10   31  986 7.2414e+10 9.1134e+10  25.9%  1278 1715s
   942   685 9.1134e+10   32 1034 7.2414e+10 9.1134e+10  25.9%  1277 1720s
   943   686 9.1134e+10   32 1053 7.2414e+10 9.1134e+10  25.9%  1277 1728s
   944   686 9.1134e+10   33 1065 7.2414e+10 9.1134e+10  25.9%  1276 1730s
   946   688 9.1134e+10   34 1122 7.2414e+10 9.1134e+10  25.9%  1274 1739s
   947   688 9.1134e+10   34 1222 7.2414e+10 9.1134e+10  25.9%  1274 1741s
   949   690 9.1134e+10   35 1284 7.2414e+10 9.1134e+10  25.9%  1273 1746s
   951   691 9.1134e+10   36 1238 7.2414e+10 9.1134e+10  25.9%  1272 1751s
   953   692 9.1134e+10   37 1122 7.2414e+10 9.1134e+10  25.9%  1270 1755s
   954   693 9.1134e+10   38 1262 7.2414e+10 9.1134e+10  25.9%  1281 1764s
   955   694 9.1134e+10   38  986 7.2414e+10 9.1134e+10  25.9%  1290 1771s
   957   695 9.1134e+10   40 1039 7.2414e+10 9.1134e+10  25.9%  1288 1775s
   960   697 9.1134e+10   41  972 7.2414e+10 9.1134e+10  25.9%  1286 1781s
   962   698 9.1134e+10   43 1082 7.2414e+10 9.1134e+10  25.9%  1284 1785s
   964   700 9.1134e+10   44 1004 7.2414e+10 9.1134e+10  25.9%  1283 1790s
   966   701 9.1134e+10   45  962 7.2414e+10 9.1134e+10  25.9%  1288 1797s
   967   702 9.1134e+10   45 1096 7.2414e+10 9.1134e+10  25.9%  1287 1801s
   970   704 9.1134e+10   48 1147 7.2414e+10 9.1134e+10  25.9%  1289 1809s
   971   704 9.1134e+10   48 1099 7.2414e+10 9.1134e+10  25.9%  1289 1811s
   973   706 9.1134e+10   50 1131 7.2414e+10 9.1134e+10  25.9%  1287 1815s
   975   707 9.1134e+10   51 1112 7.2414e+10 9.1134e+10  25.9%  1285 1821s
   977   708 9.1134e+10   52 1047 7.2414e+10 9.1134e+10  25.9%  1284 1825s
   979   710 9.1134e+10   53 1026 7.2414e+10 9.1134e+10  25.9%  1282 1830s
   980   710 9.1134e+10   53 1018 7.2414e+10 9.1134e+10  25.9%  1281 1840s
   983   712 9.1134e+10   55 1111 7.2414e+10 9.1134e+10  25.9%  1279 1847s
   985   714 9.1134e+10   56 1129 7.2414e+10 9.1134e+10  25.9%  1277 1852s
   986   714 9.1134e+10   56 1117 7.2414e+10 9.1134e+10  25.9%  1276 1855s
   988   716 9.1134e+10   57 1116 7.2414e+10 9.1134e+10  25.9%  1275 1861s
   990   717 9.1134e+10   58 1097 7.2414e+10 9.1134e+10  25.9%  1273 1866s
   992   718 9.1134e+10   59 1041 7.2414e+10 9.1134e+10  25.9%  1271 1872s
   993   719 9.1134e+10   60  962 7.2414e+10 9.1134e+10  25.9%  1271 1876s
   995   720 9.1134e+10   61  929 7.2414e+10 9.1134e+10  25.9%  1269 1887s
   996   721 9.1134e+10   61  958 7.2414e+10 9.1134e+10  25.9%  1268 1890s
   998   722 9.1134e+10   63  907 7.2414e+10 9.1134e+10  25.9%  1266 1896s
  1000   724 9.1134e+10   64  857 7.2414e+10 9.1134e+10  25.9%  1264 1902s
  1001   724 9.1134e+10   64  891 7.2414e+10 9.1134e+10  25.9%  1263 1905s
  1003   726 9.1134e+10   65  930 7.2414e+10 9.1134e+10  25.9%  1261 1912s
  1004   726 9.1134e+10   66  877 7.2414e+10 9.1134e+10  25.9%  1260 1917s
  1006   728 9.1134e+10   67  873 7.2414e+10 9.1134e+10  25.9%  1257 1922s
  1007   728 9.1134e+10   67  898 7.2414e+10 9.1134e+10  25.9%  1257 1935s
  1010   730 9.1134e+10   69  877 7.2414e+10 9.1134e+10  25.9%  1254 1942s
  1011   731 9.1134e+10   69  864 7.2414e+10 9.1134e+10  25.9%  1252 1945s
  1013   732 9.1134e+10   70  876 7.2414e+10 9.1134e+10  25.9%  1250 1950s
  1015   734 9.1134e+10   71  917 7.2414e+10 9.1134e+10  25.9%  1248 1956s
  1016   732 infeasible   72      7.2414e+10 9.1134e+10  25.9%  1247 1960s
  1018   734 9.1134e+10   73  871 7.2414e+10 9.1134e+10  25.9%  1245 1965s
  1021   736 9.1134e+10   74  870 7.2414e+10 9.1134e+10  25.9%  1241 1971s
  1023   737 9.1134e+10   75  919 7.2414e+10 9.1134e+10  25.9%  1239 1975s
  1024   738 9.1134e+10   76  874 7.2414e+10 9.1134e+10  25.9%  1238 1980s
  1027   740 9.1134e+10   77  872 7.2414e+10 9.1134e+10  25.9%  1235 1986s
  1029   741 9.1134e+10   78  914 7.2414e+10 9.1134e+10  25.9%  1233 1990s
  1032   743 9.1134e+10   80  900 7.2414e+10 9.1134e+10  25.9%  1230 1997s
  1034   744 9.1134e+10   81  920 7.2414e+10 9.1134e+10  25.9%  1229 2006s
  1036   746 9.1134e+10   83  851 7.2414e+10 9.1134e+10  25.9%  1227 2010s
  1038   747 9.1134e+10   84  845 7.2414e+10 9.1134e+10  25.9%  1225 2015s
  1041   749 9.1134e+10   86  900 7.2414e+10 9.1134e+10  25.9%  1222 2022s
  1043   750 9.1134e+10   87  897 7.2414e+10 9.1134e+10  25.9%  1220 2027s
  1045   752 9.1134e+10   88  941 7.2414e+10 9.1134e+10  25.9%  1218 2031s
  1047   753 9.1134e+10   89  894 7.2414e+10 9.1134e+10  25.9%  1216 2038s
  1049   754 9.1134e+10   90  928 7.2414e+10 9.1134e+10  25.9%  1213 2042s
  1050   755 9.1134e+10   90  896 7.2414e+10 9.1134e+10  25.9%  1212 2045s
  1053   757 9.1134e+10   92  918 7.2414e+10 9.1134e+10  25.9%  1209 2053s
  1054   758 9.1134e+10   92  960 7.2414e+10 9.1134e+10  25.9%  1208 2058s
  1055   758 9.1134e+10   93  870 7.2414e+10 9.1134e+10  25.9%  1207 2060s
  1057   758 infeasible   94      7.2414e+10 9.1134e+10  25.9%  1206 2065s
  1062   751 infeasible   93      7.2414e+10 9.1134e+10  25.9%  1201 2070s
  1071   741 9.1134e+10   13  620 7.2414e+10 9.1134e+10  25.9%  1193 2076s
  1074   743 9.1134e+10   16 1044 7.2414e+10 9.1134e+10  25.9%  1191 2080s
  1079   746 9.1134e+10   19 1104 7.2414e+10 9.1134e+10  25.9%  1188 2085s
  1082   748 9.1134e+10   20 1080 7.2414e+10 9.1134e+10  25.9%  1200 2112s
  1084   750 9.1134e+10   22 1138 7.2414e+10 9.1134e+10  25.9%  1199 2115s
  1086   751 9.1134e+10   24  987 7.2414e+10 9.1134e+10  25.9%  1199 2121s
  1088   752 9.1134e+10   25  986 7.2414e+10 9.1134e+10  25.9%  1198 2125s
  1091   754 9.1134e+10   26  934 7.2414e+10 9.1134e+10  25.9%  1196 2131s
  1093   756 9.1134e+10   27  895 7.2414e+10 9.1134e+10  25.9%  1195 2135s
  1096   758 9.1134e+10   28  906 7.2414e+10 9.1134e+10  25.9%  1192 2140s
  1098   759 9.1134e+10   29  885 7.2414e+10 9.1134e+10  25.9%  1190 2146s
  1100   760 9.1134e+10   30  849 7.2414e+10 9.1134e+10  25.9%  1189 2151s
  1102   762 9.1134e+10   31  876 7.2414e+10 9.1134e+10  25.9%  1188 2156s
  1104   763 9.1134e+10   32  891 7.2414e+10 9.1134e+10  25.9%  1187 2161s
  1106   764 9.1134e+10   33  885 7.2414e+10 9.1134e+10  25.9%  1185 2166s
  1108   766 9.1134e+10   34  823 7.2414e+10 9.1134e+10  25.9%  1184 2170s
  1111   768 9.1134e+10   33  829 7.2414e+10 9.1134e+10  25.9%  1182 2176s
  1113   769 9.1134e+10   34  842 7.2414e+10 9.1134e+10  25.9%  1181 2180s
  1115   770 9.1134e+10   35  919 7.2414e+10 9.1134e+10  25.9%  1180 2185s
  1118   772 9.1134e+10   34  859 7.2414e+10 9.1134e+10  25.9%  1177 2191s
  1120   774 9.1134e+10   36 1032 7.2414e+10 9.1134e+10  25.9%  1176 2195s
  1123   776 9.1134e+10   39  863 7.2414e+10 9.1134e+10  25.9%  1174 2201s
  1125   777 9.1134e+10   38 1056 7.2414e+10 9.1134e+10  25.9%  1174 2207s
  1127   778 9.1134e+10   38 1032 7.2414e+10 9.1134e+10  25.9%  1173 2213s
  1128   779 9.1134e+10   40  900 7.2414e+10 9.1134e+10  25.9%  1172 2215s
  1131   781 9.1134e+10   42  985 7.2414e+10 9.1134e+10  25.9%  1169 2221s
  1133   782 9.1134e+10   43  968 7.2414e+10 9.1134e+10  25.9%  1168 2225s
  1135   784 9.1134e+10   44  937 7.2414e+10 9.1134e+10  25.9%  1166 2230s
  1138   786 9.1134e+10   44 1099 7.2414e+10 9.1134e+10  25.9%  1165 2237s
  1139   786 9.1134e+10   46  942 7.2414e+10 9.1134e+10  25.9%  1165 2240s
  1141   788 9.1134e+10   45 1210 7.2414e+10 9.1134e+10  25.9%  1164 2247s
  1143   789 9.1134e+10   45 1115 7.2414e+10 9.1134e+10  25.9%  1163 2251s
  1144   790 9.1134e+10   47  958 7.2414e+10 9.1134e+10  25.9%  1162 2255s
  1147   792 9.1134e+10   49  827 7.2414e+10 9.1134e+10  25.9%  1160 2261s
  1150   794 9.1134e+10   49 1118 7.2414e+10 9.1134e+10  25.9%  1159 2268s
  1151   794 9.1134e+10   50  881 7.2414e+10 9.1134e+10  25.9%  1158 2270s
  1152   795 9.1134e+10   50  785 7.2414e+10 9.1134e+10  25.9%  1157 2363s
  1153   796 9.1134e+10   51  957 7.2414e+10 9.1134e+10  25.9%  1157 2382s
  1155   797 9.1134e+10   52  889 7.2414e+10 9.1134e+10  25.9%  1157 2387s
  1157   798 9.1134e+10   52  986 7.2414e+10 9.1134e+10  25.9%  1155 2390s
  1160   800 9.1134e+10   55 1140 7.2414e+10 9.1134e+10  25.9%  1155 2401s
  1161   801 9.1134e+10   55 1145 7.2414e+10 9.1134e+10  25.9%  1159 2407s
  1163   802 9.1134e+10   57 1140 7.2414e+10 9.1134e+10  25.9%  1157 2411s
  1166   804 9.1134e+10   59 1148 7.2414e+10 9.1134e+10  25.9%  1156 2416s
  1169   806 9.1134e+10   59 1116 7.2414e+10 9.1134e+10  25.9%  1153 2420s
  1173   809 9.1134e+10   62 1170 7.2414e+10 9.1134e+10  25.9%  1151 2425s
  1177   812 9.1134e+10   64 1178 7.2414e+10 9.1134e+10  25.9%  1148 2430s
  1180   814 9.1134e+10   66 1136 7.2414e+10 9.1134e+10  25.9%  1146 2436s
  1183   816 9.1134e+10   68 1054 7.2414e+10 9.1134e+10  25.9%  1143 2440s
  1186   818 9.1134e+10   70 1135 7.2414e+10 9.1134e+10  25.9%  1142 2445s
  1189   820 9.1134e+10   69 1049 7.2414e+10 9.1134e+10  25.9%  1140 2450s
  1192   822 9.1134e+10   72 1137 7.2414e+10 9.1134e+10  25.9%  1139 2455s
  1194   823 9.1134e+10   73 1075 7.2414e+10 9.1134e+10  25.9%  1139 2460s
  1197   825 9.1134e+10   75 1089 7.2414e+10 9.1134e+10  25.9%  1137 2465s
  1201   828 9.1134e+10   76 1009 7.2414e+10 9.1134e+10  25.9%  1135 2471s
  1205   830 9.1134e+10   80  945 7.2414e+10 9.1134e+10  25.9%  1132 2475s
  1206   831 9.1134e+10   80  936 7.2414e+10 9.1134e+10  25.9%  1131 2643s
  1207   832 9.1134e+10   81  885 7.2414e+10 9.1134e+10  25.9%  1131 2689s
  1208   832 9.1134e+10   81  946 7.2414e+10 9.1134e+10  25.9%  1130 2690s
  1213   836 9.1134e+10   83  956 7.2414e+10 9.1134e+10  25.9%  1126 2695s
  1218   839 9.1134e+10   84 1006 7.2414e+10 9.1134e+10  25.9%  1122 2700s
  1222   842 9.1134e+10   86  989 7.2414e+10 9.1134e+10  25.9%  1119 2705s
  1228   846 9.1134e+10   89  862 7.2414e+10 9.1134e+10  25.9%  1114 2710s
  1233   849 9.1134e+10   88  996 7.2414e+10 9.1134e+10  25.9%  1110 2716s
  1238   852 9.1134e+10   91  826 7.2414e+10 9.1134e+10  25.9%  1108 2720s
  1244   856 9.1134e+10   94  803 7.2414e+10 9.1134e+10  25.9%  1104 2725s
  1250   860 9.1134e+10   97  779 7.2414e+10 9.1134e+10  25.9%  1100 2731s
  1254   863 9.1134e+10  100  780 7.2414e+10 9.1134e+10  25.9%  1098 2735s
  1258   866 9.1134e+10  102  908 7.2414e+10 9.1134e+10  25.9%  1095 2740s
  1261   868 9.1134e+10  103  752 7.2414e+10 9.1134e+10  25.9%  1093 2745s
  1267   872 9.1134e+10  103  872 7.2414e+10 9.1134e+10  25.9%  1088 2750s
  1274   876 9.1134e+10  107  774 7.2414e+10 9.1134e+10  25.9%  1083 2755s
  1281   881 9.1134e+10  113  653 7.2414e+10 9.1134e+10  25.9%  1077 2760s
  1288   884 9.1134e+10  116  630 7.2414e+10 9.1134e+10  25.9%  1072 2765s
  1296   889 9.1134e+10  120  539 7.2414e+10 9.1134e+10  25.9%  1066 2770s
  1306   894 9.1134e+10  125  452 7.2414e+10 9.1134e+10  25.9%  1058 2775s
  1316   898 infeasible  130      7.2414e+10 9.1134e+10  25.9%  1051 2780s
  1330   898 9.1134e+10  135  390 7.2414e+10 9.1134e+10  25.9%  1040 2785s
  1348   900 9.1134e+10  137  291 7.2414e+10 9.1134e+10  25.9%  1027 2790s
  1372   886 infeasible  139      7.2414e+10 9.1134e+10  25.9%  1012 2795s
  1389   897 9.1134e+10  156  244 7.2414e+10 9.1134e+10  25.9%  1000 2800s
  1407   903 9.1134e+10  169  233 7.2414e+10 9.1134e+10  25.9%   987 2805s
  1425   889 infeasible  161      7.2414e+10 9.1134e+10  25.9%   977 2810s
  1443   881 9.1134e+10  152  202 7.2414e+10 9.1134e+10  25.9%   968 2815s
  1461   867 infeasible  152      7.2414e+10 9.1134e+10  25.9%   957 2820s
  1477   866 9.1134e+10  152  295 7.2414e+10 9.1134e+10  25.9%   949 2825s
  1494   873 9.1134e+10  167  256 7.2414e+10 9.1134e+10  25.9%   938 2830s
  1513   864 9.1134e+10  148  280 7.2414e+10 9.1134e+10  25.9%   928 2835s
  1529   854 9.1134e+10  154  253 7.2414e+10 9.1134e+10  25.9%   921 2840s
  1546   834 infeasible  159      7.2414e+10 9.1134e+10  25.9%   914 2845s
  1562   820 9.1134e+10  131  333 7.2414e+10 9.1134e+10  25.9%   909 2850s
  1572   825 9.1134e+10  138  334 7.2414e+10 9.1134e+10  25.9%   904 2855s
  1578   829 9.1134e+10  143  334 7.2414e+10 9.1134e+10  25.9%   900 2861s
  1587   835 9.1134e+10  152  271 7.2414e+10 9.1134e+10  25.9%   895 2865s
  1602   835 infeasible  161      7.2414e+10 9.1134e+10  25.9%   888 2870s
  1614   825 9.1134e+10  135  299 7.2414e+10 9.1134e+10  25.9%   883 2875s
  1627   818 9.1134e+10  135  204 7.2414e+10 9.1134e+10  25.9%   878 2880s
  1639   808 9.1134e+10  136  319 7.2414e+10 9.1134e+10  25.9%   873 2885s
  1651   816 9.1134e+10  148  269 7.2414e+10 9.1134e+10  25.9%   867 2890s
  1663   824 9.1134e+10  160  246 7.2414e+10 9.1134e+10  25.9%   861 2895s
  1676   810 9.1134e+10  146  321 7.2414e+10 9.1134e+10  25.9%   856 2900s
  1689   807 9.1134e+10  151  254 7.2414e+10 9.1134e+10  25.9%   850 2905s
  1701   811 9.1134e+10  161  220 7.2414e+10 9.1134e+10  25.9%   845 2910s
  1715   800 infeasible  150      7.2414e+10 9.1134e+10  25.9%   839 2915s
  1728   797 9.1134e+10  157  262 7.2414e+10 9.1134e+10  25.9%   834 2920s
  1742   790 9.1134e+10  159  261 7.2414e+10 9.1134e+10  25.9%   827 2925s
  1756   776 infeasible  144      7.2414e+10 9.1134e+10  25.9%   823 2930s
  1770   779 9.1134e+10  147  302 7.2414e+10 9.1134e+10  25.9%   816 2935s
  1785   777 9.1134e+10  150  236 7.2414e+10 9.1134e+10  25.9%   810 2940s
  1803   753 infeasible  140      7.2414e+10 9.1134e+10  25.9%   804 2945s
  1815   747 infeasible  137      7.2414e+10 9.1134e+10  25.9%   801 2950s
  1828   750 infeasible  145      7.2414e+10 9.1134e+10  25.9%   796 2955s
  1851   735 infeasible  142      7.2414e+10 9.1134e+10  25.9%   787 2960s
  1861   734 9.1134e+10  140  295 7.2414e+10 9.1134e+10  25.9%   784 2965s
  1874   726 infeasible  141      7.2414e+10 9.1134e+10  25.9%   779 2970s
  1885   720 9.1134e+10  146  382 7.2414e+10 9.1134e+10  25.9%   777 2975s
  1897   710 infeasible  143      7.2414e+10 9.1134e+10  25.9%   773 2980s
  1910   696 9.1134e+10  128  321 7.2414e+10 9.1134e+10  25.9%   773 2985s
  1926   697 9.1134e+10  137  288 7.2414e+10 9.1134e+10  25.9%   767 2990s
  1942   692 9.1134e+10  132  240 7.2414e+10 9.1134e+10  25.9%   762 2995s
  1958   686 9.1134e+10  136  283 7.2414e+10 9.1134e+10  25.9%   757 3000s
  1978   682 9.1134e+10  135  200 7.2414e+10 9.1134e+10  25.9%   750 3005s
  1992   685 9.1134e+10  144  245 7.2414e+10 9.1134e+10  25.9%   745 3010s
  2006   676 9.1134e+10  144  220 7.2414e+10 9.1134e+10  25.9%   741 3015s
  2022   675 infeasible  152      7.2414e+10 9.1134e+10  25.9%   736 3020s
  2035   664 9.1134e+10  147  243 7.2414e+10 9.1134e+10  25.9%   732 3025s
  2050   654 9.1134e+10  131  313 7.2414e+10 9.1134e+10  25.9%   729 3030s
  2065   663 9.1134e+10  144  300 7.2414e+10 9.1134e+10  25.9%   724 3035s
  2084   666 9.1134e+10  144  259 7.2414e+10 9.1134e+10  25.9%   718 3040s
  2099   655 9.1134e+10  141  332 7.2414e+10 9.1134e+10  25.9%   714 3045s
  2113   647 infeasible  130      7.2414e+10 9.1134e+10  25.9%   711 3050s
  2126   656 9.1134e+10  135  328 7.2414e+10 9.1134e+10  25.9%   707 3055s
  2141   653 9.1134e+10  133  252 7.2414e+10 9.1134e+10  25.9%   703 3060s
  2154   658 infeasible  139      7.2414e+10 9.1134e+10  25.9%   699 3065s
  2166   650 infeasible  132      7.2414e+10 9.1134e+10  25.9%   697 3070s
  2178   640 infeasible  124      7.2414e+10 9.1134e+10  25.9%   696 3075s
  2183   641 9.1134e+10  121  578 7.2414e+10 9.1134e+10  25.9%   696 3080s
  2188   646 8.7624e+10  126  329 7.2414e+10 9.1134e+10  25.9%   695 3086s
  2192   650 8.7624e+10  129  309 7.2414e+10 9.1134e+10  25.9%   694 3090s
  2197   655 8.7624e+10  132  267 7.2414e+10 9.1134e+10  25.9%   693 3095s
  2203   659 8.7624e+10  134  271 7.2414e+10 9.1134e+10  25.9%   691 3100s
  2208   664 8.7624e+10  135  364 7.2414e+10 9.1134e+10  25.9%   690 3106s
  2213   669 8.7624e+10  137  249 7.2414e+10 9.1134e+10  25.9%   689 3110s
  2220   676 8.7624e+10  141  211 7.2414e+10 9.1134e+10  25.9%   687 3115s
  2225   681 8.7624e+10  140  373 7.2414e+10 9.1134e+10  25.9%   685 3120s
  2230   686 8.7624e+10  143  238 7.2414e+10 9.1134e+10  25.9%   684 3125s
  2238   690 8.7624e+10  144  213 7.2414e+10 9.1134e+10  25.9%   682 3130s
  2243   693 8.7624e+10  147  278 7.2414e+10 9.1134e+10  25.9%   680 3135s
  2253   699 8.7624e+10  150  336 7.2414e+10 9.1134e+10  25.9%   678 3140s
  2261   703 8.7624e+10  154  347 7.2414e+10 9.1134e+10  25.9%   676 3145s
  2266   708 8.7624e+10  153  383 7.2414e+10 9.1134e+10  25.9%   674 3150s
  2272   712 8.7624e+10  155  345 7.2414e+10 9.1134e+10  25.9%   673 3155s
  2283   719 infeasible  163      7.2414e+10 9.1134e+10  25.9%   670 3160s
  2295   721 infeasible  168      7.2414e+10 9.1134e+10  25.9%   667 3165s
  2304   722 9.1134e+10  120  407 7.2414e+10 9.1134e+10  25.9%   665 3170s
  2308   724 9.1134e+10  122  389 7.2414e+10 9.1134e+10  25.9%   665 3176s
  2313   727 9.1134e+10  126  393 7.2414e+10 9.1134e+10  25.9%   664 3181s
  2320   730 9.1134e+10  128  356 7.2414e+10 9.1134e+10  25.9%   662 3186s
  2325   735 9.1134e+10  134  369 7.2414e+10 9.1134e+10  25.9%   660 3190s
  2331   739 9.1134e+10  138  336 7.2414e+10 9.1134e+10  25.9%   659 3195s
  2336   740 infeasible  142      7.2414e+10 9.1134e+10  25.9%   658 3201s
  2339   741 9.1134e+10  140  347 7.2414e+10 9.1134e+10  25.9%   657 3205s
  2343   741 infeasible  144      7.2414e+10 9.1134e+10  25.9%   657 3210s
  2349   743 9.1134e+10  144  392 7.2414e+10 9.1134e+10  25.9%   656 3215s
  2355   749 9.1134e+10  146  325 7.2414e+10 9.1134e+10  25.9%   655 3221s
  2360   748 9.1134e+10  149  326 7.2414e+10 9.1134e+10  25.9%   654 3225s
  2367   741 infeasible  122      7.2414e+10 9.1134e+10  25.9%   653 3230s
  2373   735 infeasible  135      7.2414e+10 9.1134e+10  25.9%   653 3235s
  2379   729 infeasible  131      7.2414e+10 9.1134e+10  25.9%   653 3240s
  2386   722 infeasible  130      7.2414e+10 9.1134e+10  25.9%   653 3245s
  2389   721 9.1134e+10  127  377 7.2414e+10 9.1134e+10  25.9%   653 3260s
  2403   731 9.1134e+10  138  434 7.2414e+10 9.1134e+10  25.9%   650 3265s
  2418   746 9.1134e+10  153  415 7.2414e+10 9.1134e+10  25.9%   646 3270s
  2434   748 9.1134e+10  139  329 7.2414e+10 9.1134e+10  25.9%   643 3275s
  2448   750 9.1134e+10  142  309 7.2414e+10 9.1134e+10  25.9%   640 3280s
  2461   757 9.1134e+10  151  355 7.2414e+10 9.1134e+10  25.9%   637 3285s
  2478   772 9.1134e+10  167  251 7.2414e+10 9.1134e+10  25.9%   633 3290s
  2492   778 9.1134e+10  168  260 7.2414e+10 9.1134e+10  25.9%   629 3295s
  2510   778 infeasible  174      7.2414e+10 9.1134e+10  25.9%   626 3300s
  2528   762 9.1134e+10  159  326 7.2414e+10 9.1134e+10  25.9%   624 3305s
  2543   759 9.1134e+10  153  306 7.2414e+10 9.1134e+10  25.9%   621 3310s
  2557   755 infeasible  138      7.2414e+10 9.1134e+10  25.9%   619 3315s
  2574   764 9.1134e+10  145  361 7.2414e+10 9.1134e+10  25.9%   615 3320s
  2586   770 9.1134e+10  152  289 7.2414e+10 9.1134e+10  25.9%   613 3325s
  2602   768 infeasible  151      7.2414e+10 9.1134e+10  25.9%   610 3330s
  2612   762 infeasible  136      7.2414e+10 9.1134e+10  25.9%   610 3335s
  2628   756 9.1134e+10  138  329 7.2414e+10 9.1134e+10  25.9%   607 3340s
  2644   760 infeasible  143      7.2414e+10 9.1134e+10  25.9%   604 3345s
  2657   755 infeasible  143      7.2414e+10 9.1134e+10  25.9%   603 3350s
  2671   747 9.1134e+10  138  315 7.2414e+10 9.1134e+10  25.9%   601 3355s
  2684   752 9.1134e+10  144  204 7.2414e+10 9.1134e+10  25.9%   599 3360s
  2695   763 9.1134e+10  155  213 7.2414e+10 9.1134e+10  25.9%   596 3382s
  2704   772 9.1134e+10  162  171 7.2414e+10 9.1134e+10  25.9%   594 3385s
  2720   768 9.1134e+10  163  216 7.2414e+10 9.1134e+10  25.9%   592 3390s
  2741   753 9.1134e+10  155  241 7.2414e+10 9.1134e+10  25.9%   589 3395s
  2760   740 infeasible  142      7.2414e+10 9.1134e+10  25.9%   586 3400s
  2774   728 infeasible  148      7.2414e+10 9.1134e+10  25.9%   585 3405s
  2786   720 infeasible  141      7.2414e+10 9.1134e+10  25.9%   584 3410s
  2791   719 9.1134e+10  120  426 7.2414e+10 9.1134e+10  25.9%   585 3416s
  2795   723 9.1134e+10  124  492 7.2414e+10 9.1134e+10  25.9%   584 3421s
  2798   724 9.1134e+10  125  487 7.2414e+10 9.1134e+10  25.9%   584 3425s
  2805   729 9.1134e+10  131  333 7.2414e+10 9.1134e+10  25.9%   583 3430s
  2812   734 9.1134e+10  136  390 7.2414e+10 9.1134e+10  25.9%   582 3435s
  2820   742 9.1134e+10  144  427 7.2414e+10 9.1134e+10  25.9%   581 3440s
  2832   750 9.1134e+10  153  372 7.2414e+10 9.1134e+10  25.9%   578 3445s
  2842   754 9.1134e+10  156  410 7.2414e+10 9.1134e+10  25.9%   577 3450s
  2851   763 9.1134e+10  165  448 7.2414e+10 9.1134e+10  25.9%   575 3455s
  2861   769 8.9348e+10  170  274 7.2414e+10 9.1134e+10  25.9%   573 3460s
  2869   777 8.9348e+10  178  288 7.2414e+10 9.1134e+10  25.9%   572 3465s
  2879   773 infeasible  178      7.2414e+10 9.1134e+10  25.9%   570 3470s
  2891   775 9.1134e+10  137  332 7.2414e+10 9.1134e+10  25.9%   568 3475s
  2900   780 9.1134e+10  143  237 7.2414e+10 9.1134e+10  25.9%   567 3480s
  2908   788 9.1134e+10  151  296 7.2414e+10 9.1134e+10  25.9%   566 3485s
  2915   795 9.1134e+10  158  424 7.2414e+10 9.1134e+10  25.9%   564 3492s
  2918   798 9.1134e+10  158  287 7.2414e+10 9.1134e+10  25.9%   564 3495s
  2925   805 9.1134e+10  165  217 7.2414e+10 9.1134e+10  25.9%   563 3500s
  2933   807 9.1134e+10  164  353 7.2414e+10 9.1134e+10  25.9%   562 3505s
  2945   807 9.1134e+10  146  197 7.2414e+10 9.1134e+10  25.9%   560 3510s
  2955   813 9.1134e+10  147  197 7.2414e+10 9.1134e+10  25.9%   558 3515s
  2965   815 infeasible  153      7.2414e+10 9.1134e+10  25.9%   557 3520s
  2977   825 9.1134e+10  161  405 7.2414e+10 9.1134e+10  25.9%   555 3525s
  2981   829 9.1134e+10  164  300 7.2414e+10 9.1134e+10  25.9%   554 3594s

Cutting planes:
  Gomory: 7
  Lift-and-project: 2
  Cover: 2438
  Implied bound: 282
  Clique: 3
  MIR: 5
  Flow cover: 357
  Inf proof: 25
  Zero half: 2586
  RLT: 22
  Relax-and-lift: 137
  PSD: 1

Explored 2982 nodes (1875480 simplex iterations) in 3594.67 seconds (2203.81 work units)
Thread count was 1 (of 28 available processors)

Solution count 10: 7.2414e+10 7.0074e+10 6.5394e+10 ... 7.02e+09

Time limit reached
Best objective 7.241400000000e+10, best bound 9.113400000000e+10, gap 25.8514%

User-callback calls 463273, time in user-callback 0.33 sec