Gurobi Optimizer version 12.0.3 build v12.0.3rc0 (linux64 - "Oracle Linux Server 9.4")

CPU model: Intel(R) Xeon(R) CPU E5-2660 v4 @ 2.00GHz, instruction set [SSE2|AVX|AVX2]
Thread count: 28 physical cores, 28 logical processors, using up to 1 threads

Non-default parameters:
TimeLimit  3594.073691295
SoftMemLimit  16
NumericFocus  1
Threads  1

Academic license 2690100 - for non-commercial use only - registered to ju___@uclm.es
Optimize a model with 83588 rows, 18810 columns and 415101 nonzeros
Model fingerprint: 0x3d6aa8d7
Variable types: 144 continuous, 18666 integer (18666 binary)
Coefficient statistics:
  Matrix range     [1e+00, 3e+13]
  Objective range  [1e+09, 1e+09]
  Bounds range     [2e+03, 1e+04]
  RHS range        [1e+00, 2e+14]
Warning: Model contains large matrix coefficient range
Warning: Model contains large objective coefficients
Warning: Model contains large rhs
Found heuristic solution: objective -0.0000000
Presolve removed 21185 rows and 2142 columns
Presolve time: 1.47s
Presolved: 62403 rows, 16668 columns, 221637 nonzeros
Variable types: 144 continuous, 16524 integer (16524 binary)

Use crossover to convert LP symmetric solution to basic solution...

Root relaxation: objective 8.424000e+10, 1532 iterations, 0.28 seconds (0.16 work units)
Total elapsed time = 5.79s (DegenMoves)

    Nodes    |    Current Node    |     Objective Bounds      |     Work
 Expl Unexpl |  Obj  Depth IntInf | Incumbent    BestBd   Gap | It/Node Time

     0     0 8.4240e+10    0  209   -0.00000 8.4240e+10      -     -    7s
H    0     0                    5.850000e+09 8.4240e+10  1340%     -    7s
H    0     0                    7.020000e+09 8.4240e+10  1100%     -    8s
H    0     0                    9.360000e+09 8.4240e+10   800%     -    8s
     0     0 8.4240e+10    0  559 9.3600e+09 8.4240e+10   800%     -   10s
     0     0 8.4240e+10    0  566 9.3600e+09 8.4240e+10   800%     -   13s
     0     0 8.4240e+10    0  676 9.3600e+09 8.4240e+10   800%     -   32s
H    0     0                    1.755000e+10 8.4240e+10   380%     -   34s
H    0     0                    2.340000e+10 8.4240e+10   260%     -   34s
H    0     0                    2.691000e+10 8.4240e+10   213%     -   35s
H    0     0                    3.276000e+10 8.4240e+10   157%     -   35s
H    0     0                    3.627000e+10 8.4240e+10   132%     -   37s
     0     0 8.4240e+10    0  724 3.6270e+10 8.4240e+10   132%     -   41s
     0     0 8.4240e+10    0  931 3.6270e+10 8.4240e+10   132%     -   64s
     0     0 8.4240e+10    0 1041 3.6270e+10 8.4240e+10   132%     -   79s
     0     0 8.4240e+10    0 1104 3.6270e+10 8.4240e+10   132%     -  111s
H    0     0                    4.212000e+10 8.4240e+10   100%     -  112s
     0     0 8.4240e+10    0 1225 4.2120e+10 8.4240e+10   100%     -  132s
     0     0 8.4240e+10    0 1203 4.2120e+10 8.4240e+10   100%     -  167s
     0     0 8.4240e+10    0 1138 4.2120e+10 8.4240e+10   100%     -  181s
     0     2 8.4240e+10    0  632 4.2120e+10 8.4240e+10   100%     -  238s
     1     3 8.4240e+10    1  719 4.2120e+10 8.4240e+10   100% 51517  241s
     2     4 8.4240e+10    1  639 4.2120e+10 8.4240e+10   100% 29042  245s
     4     6 8.4240e+10    2  943 4.2120e+10 8.4240e+10   100% 17428  250s
     7     9 8.4240e+10    4  804 4.2120e+10 8.4240e+10   100% 12119  255s
    11    13 8.4240e+10    6  913 4.2120e+10 8.4240e+10   100%  8499  260s
    15    17 8.4240e+10    8  993 4.2120e+10 8.4240e+10   100%  6323  265s
    20    22 8.4240e+10   10 1034 4.2120e+10 8.4240e+10   100%  4778  270s
    26    28 8.4240e+10   13 1030 4.2120e+10 8.4240e+10   100%  3802  279s
    27    29 8.4240e+10   14 1026 4.2120e+10 8.4240e+10   100%  3666  281s
    31    33 8.4240e+10   16 1039 4.2120e+10 8.4240e+10   100%  3226  285s
    36    38 8.4240e+10   19  982 4.2120e+10 8.4240e+10   100%  2858  290s
    42    44 8.4240e+10   23  929 4.2120e+10 8.4240e+10   100%  2509  295s
    48    50 8.4240e+10   26  946 4.2120e+10 8.4240e+10   100%  2256  300s
    54    56 8.4240e+10   29 1211 4.2120e+10 8.4240e+10   100%  2152  306s
    59    61 8.4240e+10   32 1247 4.2120e+10 8.4240e+10   100%  2013  310s
    66    68 8.4240e+10   35 1022 4.2120e+10 8.4240e+10   100%  1828  315s
    74    76 8.4240e+10   39 1008 4.2120e+10 8.4240e+10   100%  1652  320s
    78    80 8.4240e+10   41 1001 4.2120e+10 8.4240e+10   100%  1576  332s
    82    84 8.4240e+10   43  993 4.2120e+10 8.4240e+10   100%  1510  335s
    90    92 8.4240e+10   47 1099 4.2120e+10 8.4240e+10   100%  1404  340s
    98   100 8.4240e+10   52 1150 4.2120e+10 8.4240e+10   100%  1323  345s
   104   106 8.4240e+10   55 1184 4.2120e+10 8.4240e+10   100%  1252  380s
   136   134 8.4240e+10   72 1143 4.2120e+10 8.4240e+10   100%  1004  385s
   163   161 8.4240e+10   86 1069 4.2120e+10 8.4240e+10   100%   866  390s
   203   184 8.4240e+10  107 1080 4.2120e+10 8.4240e+10   100%   709  395s
   234   198 8.4240e+10  123  928 4.2120e+10 8.4240e+10   100%   620  400s
   246   208 8.4240e+10  129  933 4.2120e+10 8.4240e+10   100%   593  408s
   273   231 8.4240e+10  143  791 4.2120e+10 8.4240e+10   100%   539  427s
   300   246 8.4240e+10  157  679 4.2120e+10 8.4240e+10   100%   492  436s
   327   258 8.4240e+10  172  638 4.2120e+10 8.4240e+10   100%   453  457s
   354   265 8.4240e+10  188  562 4.2120e+10 8.4240e+10   100%   420  472s
   383   273 8.4240e+10  202  528 4.2120e+10 8.4240e+10   100%   390  506s
   465   274 8.4240e+10  210  513 4.2120e+10 8.4240e+10   100%   329  510s
   612   296 8.4240e+10  211  560 4.2120e+10 8.4240e+10   100%   254  515s
   708   295 8.4240e+10  210  597 4.2120e+10 8.4240e+10   100%   226  520s
   817   266 8.4240e+10  197  615 4.2120e+10 8.4240e+10   100%   201  525s
   935   262 8.4240e+10  167  650 4.2120e+10 8.4240e+10   100%   181  530s
   963   257 8.4240e+10    6 1092 4.2120e+10 8.4240e+10   100%   179  535s
   967   261 8.0730e+10   10  905 4.2120e+10 8.4240e+10   100%   189  543s
   970   264 8.0730e+10   13  935 4.2120e+10 8.4240e+10   100%   189  545s
   972   266 8.0730e+10   15 1450 4.2120e+10 8.4240e+10   100%   205  552s
   975   269 8.0730e+10   18 1349 4.2120e+10 8.4240e+10   100%   206  555s
   979   273 7.2540e+10   22 1460 4.2120e+10 8.4240e+10   100%   216  562s
   981   275 6.6690e+10   21  690 4.2120e+10 8.4240e+10   100%   220  566s
   985   279 7.2540e+10   26 1195 4.2120e+10 8.4240e+10   100%   224  570s
   989   281 infeasible   30      4.2120e+10 8.4240e+10   100%   225  575s
   992   284 6.4350e+10   28  812 4.2120e+10 8.4240e+10   100%   230  582s
   996   288 6.6690e+10   34  690 4.2120e+10 8.4240e+10   100%   230  585s
  1000   290 infeasible   33      4.2120e+10 8.4240e+10   100%   232  590s
  1010   298 6.6690e+10   44  693 4.2120e+10 8.4240e+10   100%   234  595s
  1052   339 8.4240e+10  158 1138 4.2120e+10 8.4240e+10   100%   229  641s
  1054   340 8.4240e+10  146  211 4.2120e+10 8.4240e+10   100%   229  657s
  1055   341 8.4240e+10  133  429 4.2120e+10 8.4240e+10   100%   229  680s
  1056   342 8.4240e+10  136  891 4.2120e+10 8.4240e+10   100%   228  706s
H 1056   324                    6.084000e+10 8.4240e+10  38.5%   228  755s
  1058   325 8.4240e+10   48  953 6.0840e+10 8.4240e+10  38.5%   228  782s
H 1058   309                    6.318000e+10 8.4240e+10  33.3%   228  833s
  1060   310 8.4240e+10   49  803 6.3180e+10 8.4240e+10  33.3%   228  847s
  1061   311 8.4240e+10   15 1049 6.3180e+10 8.4240e+10  33.3%   227  893s
  1062   312 8.4240e+10   83  925 6.3180e+10 8.4240e+10  33.3%   227  915s
  1063   312 8.4240e+10   59  920 6.3180e+10 8.4240e+10  33.3%   227  955s
  1064   313 8.4240e+10  143  889 6.3180e+10 8.4240e+10  33.3%   227  972s
  1065   314 8.4240e+10   99  355 6.3180e+10 8.4240e+10  33.3%   227 1013s
  1066   314 8.4240e+10   10 1014 6.3180e+10 8.4240e+10  33.3%   226 1036s
  1067   315 8.4240e+10   86  987 6.3180e+10 8.4240e+10  33.3%   226 1080s
  1068   316 6.6690e+10   56  955 6.3180e+10 8.4240e+10  33.3%   226 1108s
  1069   316 8.4240e+10  141  959 6.3180e+10 8.4240e+10  33.3%   226 1152s
  1070   317 8.4240e+10    6 1150 6.3180e+10 8.4240e+10  33.3%   225 1176s
  1071   318 8.4240e+10   76  979 6.3180e+10 8.4240e+10  33.3%   225 1220s
  1072   318 8.4240e+10   74 1067 6.3180e+10 8.4240e+10  33.3%   225 1247s
  1073   319 8.4240e+10   28  945 6.3180e+10 8.4240e+10  33.3%   225 1288s
  1074   320 6.6690e+10   68  330 6.3180e+10 8.4240e+10  33.3%   225 1311s
  1075   320 8.4240e+10   82  330 6.3180e+10 8.4240e+10  33.3%   224 1519s
  1076   323 8.4240e+10   14  412 6.3180e+10 8.4240e+10  33.3%  1121 1554s
  1077   324 8.4240e+10   15 2105 6.3180e+10 8.4240e+10  33.3%  1142 1573s
  1078   324 8.4240e+10   15 1428 6.3180e+10 8.4240e+10  33.3%  1146 1575s
  1080   326 8.4240e+10   17 1490 6.3180e+10 8.4240e+10  33.3%  1149 1580s
  1082   327 8.4240e+10   19 1338 6.3180e+10 8.4240e+10  33.3%  1154 1585s
  1084   328 8.4240e+10   21 1143 6.3180e+10 8.4240e+10  33.3%  1158 1590s
  1087   330 8.4240e+10   23  784 6.3180e+10 8.4240e+10  33.3%  1158 1596s
  1089   332 8.4240e+10   24  779 6.3180e+10 8.4240e+10  33.3%  1158 1600s
  1092   334 8.4240e+10   26  797 6.3180e+10 8.4240e+10  33.3%  1156 1607s
  1094   335 8.4240e+10   27 1033 6.3180e+10 8.4240e+10  33.3%  1159 1611s
  1096   336 8.4240e+10   29  999 6.3180e+10 8.4240e+10  33.3%  1157 1615s
  1098   338 8.4240e+10   30  997 6.3180e+10 8.4240e+10  33.3%  1156 1620s
  1100   339 8.4240e+10   31 1052 6.3180e+10 8.4240e+10  33.3%  1155 1625s
  1103   341 8.4240e+10   33 1011 6.3180e+10 8.4240e+10  33.3%  1151 1631s
  1105   342 8.4240e+10   34 1052 6.3180e+10 8.4240e+10  33.3%  1150 1635s
  1108   344 8.4240e+10   36 1085 6.3180e+10 8.4240e+10  33.3%  1148 1642s
  1110   346 8.4240e+10   37 1076 6.3180e+10 8.4240e+10  33.3%  1150 1647s
  1112   347 8.4240e+10   39 1163 6.3180e+10 8.4240e+10  33.3%  1148 1652s
  1114   348 8.4240e+10   40 1115 6.3180e+10 8.4240e+10  33.3%  1147 1656s
  1116   350 8.4240e+10   41 1136 6.3180e+10 8.4240e+10  33.3%  1146 1660s
  1119   352 8.4240e+10   43  896 6.3180e+10 8.4240e+10  33.3%  1143 1666s
  1121   353 8.4240e+10   44  878 6.3180e+10 8.4240e+10  33.3%  1141 1670s
  1125   356 8.4240e+10   46  826 6.3180e+10 8.4240e+10  33.3%  1138 1676s
  1128   358 8.4240e+10   47  931 6.3180e+10 8.4240e+10  33.3%  1136 1680s
  1131   360 8.4240e+10   50  911 6.3180e+10 8.4240e+10  33.3%  1134 1685s
  1135   362 8.4240e+10   52  919 6.3180e+10 8.4240e+10  33.3%  1134 1693s
  1137   364 8.4240e+10   53  995 6.3180e+10 8.4240e+10  33.3%  1132 1696s
  1140   366 8.4240e+10   54  830 6.3180e+10 8.4240e+10  33.3%  1130 1701s
  1143   368 8.4240e+10   56  910 6.3180e+10 8.4240e+10  33.3%  1128 1705s
  1147   370 8.4240e+10   58  908 6.3180e+10 8.4240e+10  33.3%  1125 1711s
  1150   372 8.4240e+10   60  845 6.3180e+10 8.4240e+10  33.3%  1123 1715s
  1153   374 8.4240e+10   61  927 6.3180e+10 8.4240e+10  33.3%  1122 1720s
  1156   376 8.4240e+10   63  782 6.3180e+10 8.4240e+10  33.3%  1120 1726s
  1158   378 8.4240e+10   64  827 6.3180e+10 8.4240e+10  33.3%  1119 1730s
  1160   379 8.4240e+10   65  852 6.3180e+10 8.4240e+10  33.3%  1117 1735s
  1163   381 8.4240e+10   66  851 6.3180e+10 8.4240e+10  33.3%  1115 1741s
  1165   382 8.4240e+10   67  796 6.3180e+10 8.4240e+10  33.3%  1113 1745s
  1168   384 8.4240e+10   69  838 6.3180e+10 8.4240e+10  33.3%  1111 1752s
  1170   386 8.4240e+10   70  793 6.3180e+10 8.4240e+10  33.3%  1110 1757s
  1172   387 8.4240e+10   71  905 6.3180e+10 8.4240e+10  33.3%  1109 1760s
  1173   388 8.4240e+10   71 1022 6.3180e+10 8.4240e+10  33.3%  1111 1765s
  1176   390 8.4240e+10   73  832 6.3180e+10 8.4240e+10  33.3%  1110 1770s
  1179   392 8.4240e+10   74 1069 6.3180e+10 8.4240e+10  33.3%  1108 1776s
  1181   393 8.4240e+10   76 1136 6.3180e+10 8.4240e+10  33.3%  1106 1781s
  1183   394 8.4240e+10   77 1137 6.3180e+10 8.4240e+10  33.3%  1105 1785s
  1185   396 8.4240e+10   78 1131 6.3180e+10 8.4240e+10  33.3%  1104 1790s
  1187   397 8.4240e+10   79 1143 6.3180e+10 8.4240e+10  33.3%  1102 1796s
  1189   398 8.4240e+10   80 1004 6.3180e+10 8.4240e+10  33.3%  1105 1802s
  1191   400 8.4240e+10   82 1014 6.3180e+10 8.4240e+10  33.3%  1103 1806s
  1193   401 8.4240e+10   84  958 6.3180e+10 8.4240e+10  33.3%  1101 1810s
  1195   402 8.4240e+10   85  917 6.3180e+10 8.4240e+10  33.3%  1100 1815s
  1198   404 8.4240e+10   87  911 6.3180e+10 8.4240e+10  33.3%  1098 1821s
  1201   406 8.4240e+10   88  925 6.3180e+10 8.4240e+10  33.3%  1095 1826s
  1203   408 8.4240e+10   89  922 6.3180e+10 8.4240e+10  33.3%  1094 1830s
  1205   409 8.4240e+10   90  887 6.3180e+10 8.4240e+10  33.3%  1093 1835s
  1207   410 8.4240e+10   91  902 6.3180e+10 8.4240e+10  33.3%  1091 1840s
  1209   412 8.4240e+10   92  927 6.3180e+10 8.4240e+10  33.3%  1090 1845s
  1211   413 8.4240e+10   93  906 6.3180e+10 8.4240e+10  33.3%  1088 1851s
  1214   415 8.4240e+10   95  961 6.3180e+10 8.4240e+10  33.3%  1087 1856s
  1216   416 8.4240e+10   96  928 6.3180e+10 8.4240e+10  33.3%  1086 1860s
  1219   418 8.4240e+10   97  899 6.3180e+10 8.4240e+10  33.3%  1084 1866s
  1221   420 8.4240e+10   98  902 6.3180e+10 8.4240e+10  33.3%  1083 1870s
  1224   422 8.4240e+10  100  965 6.3180e+10 8.4240e+10  33.3%  1081 1876s
  1227   424 8.4240e+10  101  851 6.3180e+10 8.4240e+10  33.3%  1079 1881s
  1229   425 8.4240e+10  102  908 6.3180e+10 8.4240e+10  33.3%  1077 1886s
  1232   427 8.4240e+10  104  907 6.3180e+10 8.4240e+10  33.3%  1075 1891s
  1235   429 8.4240e+10  105  922 6.3180e+10 8.4240e+10  33.3%  1072 1895s
  1238   431 8.4240e+10  107  922 6.3180e+10 8.4240e+10  33.3%  1070 1903s
  1239   432 8.4240e+10  107  874 6.3180e+10 8.4240e+10  33.3%  1070 1905s
  1240   432 8.4240e+10  108  896 6.3180e+10 8.4240e+10  33.3%  1070 1911s
  1242   434 8.4240e+10  109  899 6.3180e+10 8.4240e+10  33.3%  1068 1915s
  1245   436 8.4240e+10  110  877 6.3180e+10 8.4240e+10  33.3%  1066 1921s
  1248   438 8.4240e+10  112  828 6.3180e+10 8.4240e+10  33.3%  1064 1925s
  1250   439 8.4240e+10  113  811 6.3180e+10 8.4240e+10  33.3%  1062 1931s
  1253   441 8.4240e+10  114  811 6.3180e+10 8.4240e+10  33.3%  1060 1937s
  1255   442 8.4240e+10  115  793 6.3180e+10 8.4240e+10  33.3%  1059 1941s
  1258   444 8.4240e+10  117  774 6.3180e+10 8.4240e+10  33.3%  1057 1947s
  1259   445 8.4240e+10  117  789 6.3180e+10 8.4240e+10  33.3%  1056 1950s
  1261   446 8.4240e+10  118  686 6.3180e+10 8.4240e+10  33.3%  1055 1955s
  1264   448 8.4240e+10  120  707 6.3180e+10 8.4240e+10  33.3%  1053 1987s
  1266   450 8.4240e+10  121  656 6.3180e+10 8.4240e+10  33.3%  1052 1991s
  1268   451 8.4240e+10  122  632 6.3180e+10 8.4240e+10  33.3%  1051 1996s
  1271   451 infeasible  124      6.3180e+10 8.4240e+10  33.3%  1049 2000s
  1275   452 8.4240e+10  126  544 6.3180e+10 8.4240e+10  33.3%  1046 2005s
  1278   452 8.4240e+10  127  397 6.3180e+10 8.4240e+10  33.3%  1045 2010s
  1283   451 infeasible  129      6.3180e+10 8.4240e+10  33.3%  1041 2015s
  1288   448 infeasible  131      6.3180e+10 8.4240e+10  33.3%  1038 2020s
  1291   448 8.4240e+10   15  857 6.3180e+10 8.4240e+10  33.3%  1040 2027s
  1293   450 8.4240e+10   17 1272 6.3180e+10 8.4240e+10  33.3%  1043 2037s
  1295   451 8.4240e+10   18 1064 6.3180e+10 8.4240e+10  33.3%  1045 2040s
  1298   453 8.4240e+10   19  805 6.3180e+10 8.4240e+10  33.3%  1044 2046s
  1299   454 8.4240e+10   20 2610 6.3180e+10 8.4240e+10  33.3%  1060 2066s
  1300   454 8.4240e+10   20  862 6.3180e+10 8.4240e+10  33.3%  1062 2071s
  1301   455 8.4240e+10   21 1947 6.3180e+10 8.4240e+10  33.3%  1085 2097s
  1302   456 8.4240e+10   21 1250 6.3180e+10 8.4240e+10  33.3%  1096 2108s
  1304   457 8.4240e+10   23 1251 6.3180e+10 8.4240e+10  33.3%  1094 2111s
  1306   458 8.4240e+10   24 1293 6.3180e+10 8.4240e+10  33.3%  1104 2131s
  1308   460 8.4240e+10   26 1352 6.3180e+10 8.4240e+10  33.3%  1104 2136s
  1310   461 8.4240e+10   28 1536 6.3180e+10 8.4240e+10  33.3%  1105 2147s
  1311   462 8.4240e+10   28 1343 6.3180e+10 8.4240e+10  33.3%  1105 2151s
  1313   463 8.4240e+10   30 1231 6.3180e+10 8.4240e+10  33.3%  1104 2156s
  1315   464 8.4240e+10   31 1318 6.3180e+10 8.4240e+10  33.3%  1104 2162s
  1316   465 8.4240e+10   32 1226 6.3180e+10 8.4240e+10  33.3%  1103 2165s
  1318   466 8.4240e+10   33 1340 6.3180e+10 8.4240e+10  33.3%  1103 2174s
  1319   467 8.4240e+10   33 1353 6.3180e+10 8.4240e+10  33.3%  1103 2177s
  1320   468 8.4240e+10   34 1253 6.3180e+10 8.4240e+10  33.3%  1103 2181s
  1322   469 8.4240e+10   35 1338 6.3180e+10 8.4240e+10  33.3%  1102 2190s
  1323   470 8.4240e+10   36 1270 6.3180e+10 8.4240e+10  33.3%  1103 2197s
  1324   470 8.4240e+10   36 1328 6.3180e+10 8.4240e+10  33.3%  1102 2200s
  1326   472 8.4240e+10   38 1224 6.3180e+10 8.4240e+10  33.3%  1101 2208s
  1327   472 8.4240e+10   39 1204 6.3180e+10 8.4240e+10  33.3%  1101 2212s
  1328   473 8.4240e+10   40 1426 6.3180e+10 8.4240e+10  33.3%  1101 2217s
  1329   474 8.4240e+10   40 1256 6.3180e+10 8.4240e+10  33.3%  1101 2222s
  1330   474 8.4240e+10   41 1242 6.3180e+10 8.4240e+10  33.3%  1100 2225s
  1332   476 8.4240e+10   43 1291 6.3180e+10 8.4240e+10  33.3%  1099 2233s
  1333   476 8.4240e+10   44 1296 6.3180e+10 8.4240e+10  33.3%  1098 2236s
  1334   477 8.4240e+10   45 1493 6.3180e+10 8.4240e+10  33.3%  1098 2241s
  1335   478 8.4240e+10   45 1301 6.3180e+10 8.4240e+10  33.3%  1105 2251s
  1336   478 8.4240e+10   46 1554 6.3180e+10 8.4240e+10  33.3%  1105 2256s
  1338   480 8.4240e+10   47 1343 6.3180e+10 8.4240e+10  33.3%  1106 2264s
  1339   480 8.4240e+10   48 1317 6.3180e+10 8.4240e+10  33.3%  1105 2267s
  1340   481 8.4240e+10   49 1246 6.3180e+10 8.4240e+10  33.3%  1104 2270s
  1342   482 8.4240e+10   51 1286 6.3180e+10 8.4240e+10  33.3%  1104 2277s
  1343   483 8.4240e+10   52 1029 6.3180e+10 8.4240e+10  33.3%  1106 2284s
  1344   484 8.4240e+10   52 1211 6.3180e+10 8.4240e+10  33.3%  1106 2287s
  1345   484 8.4240e+10   53 1029 6.3180e+10 8.4240e+10  33.3%  1105 2291s
  1346   485 8.4240e+10   54 1014 6.3180e+10 8.4240e+10  33.3%  1109 2300s
  1347   486 8.4240e+10   54 1058 6.3180e+10 8.4240e+10  33.3%  1110 2305s
  1349   487 8.4240e+10   56 1128 6.3180e+10 8.4240e+10  33.3%  1111 2311s
  1350   488 8.4240e+10   56  975 6.3180e+10 8.4240e+10  33.3%  1114 2315s
  1352   489 8.4240e+10   58 1147 6.3180e+10 8.4240e+10  33.3%  1115 2322s
  1353   490 8.4240e+10   58 1077 6.3180e+10 8.4240e+10  33.3%  1117 2327s
  1354   490 8.4240e+10   59  897 6.3180e+10 8.4240e+10  33.3%  1119 2331s
  1356   492 8.4240e+10   60  871 6.3180e+10 8.4240e+10  33.3%  1118 2337s
  1357   492 8.4240e+10   61 1468 6.3180e+10 8.4240e+10  33.3%  1121 2346s
  1359   494 8.4240e+10   62 1231 6.3180e+10 8.4240e+10  33.3%  1121 2352s
  1361   495 8.4240e+10   63  850 6.3180e+10 8.4240e+10  33.3%  1119 2357s
  1363   496 8.4240e+10   64  838 6.3180e+10 8.4240e+10  33.3%  1118 2361s
  1365   498 8.4240e+10   65  814 6.3180e+10 8.4240e+10  33.3%  1116 2365s
  1367   499 8.4240e+10   66 1126 6.3180e+10 8.4240e+10  33.3%  1117 2371s
  1369   500 8.4240e+10   68  843 6.3180e+10 8.4240e+10  33.3%  1116 2375s
  1372   502 8.4240e+10   69  841 6.3180e+10 8.4240e+10  33.3%  1114 2382s
  1373   503 8.4240e+10   70  830 6.3180e+10 8.4240e+10  33.3%  1114 2385s
  1376   505 8.4240e+10   71  816 6.3180e+10 8.4240e+10  33.3%  1112 2391s
  1377   506 8.4240e+10   72  799 6.3180e+10 8.4240e+10  33.3%  1111 2395s
  1379   507 8.4240e+10   73  789 6.3180e+10 8.4240e+10  33.3%  1110 2400s
  1382   509 8.4240e+10   75  787 6.3180e+10 8.4240e+10  33.3%  1108 2407s
  1384   510 8.4240e+10   76  816 6.3180e+10 8.4240e+10  33.3%  1107 2412s
  1386   512 8.4240e+10   77  863 6.3180e+10 8.4240e+10  33.3%  1106 2416s
  1389   514 8.1900e+10   78  844 6.3180e+10 8.4240e+10  33.3%  1103 2422s
  1391   515 8.4240e+10   79  824 6.3180e+10 8.4240e+10  33.3%  1102 2425s
  1394   517 8.4240e+10   81  753 6.3180e+10 8.4240e+10  33.3%  1100 2431s
  1397   519 8.1900e+10   82  754 6.3180e+10 8.4240e+10  33.3%  1097 2435s
  1399   520 8.1900e+10   83  739 6.3180e+10 8.4240e+10  33.3%  1096 2441s
  1402   522 8.4240e+10   85  726 6.3180e+10 8.4240e+10  33.3%  1094 2445s
  1407   524 8.4240e+10   87  743 6.3180e+10 8.4240e+10  33.3%  1090 2450s
  1410   526 8.4240e+10   89  726 6.3180e+10 8.4240e+10  33.3%  1088 2455s
  1414   528 8.4240e+10   91  727 6.3180e+10 8.4240e+10  33.3%  1085 2461s
  1417   530 8.3070e+10   92  715 6.3180e+10 8.4240e+10  33.3%  1083 2465s
  1420   532 8.4240e+10   94  759 6.3180e+10 8.4240e+10  33.3%  1081 2472s
  1422   534 8.4240e+10   95  753 6.3180e+10 8.4240e+10  33.3%  1079 2476s
  1424   535 8.4240e+10   96  740 6.3180e+10 8.4240e+10  33.3%  1078 2480s
  1426   536 8.4240e+10   97  913 6.3180e+10 8.4240e+10  33.3%  1077 2486s
  1428   538 8.4240e+10   98  781 6.3180e+10 8.4240e+10  33.3%  1076 2490s
  1431   540 8.4240e+10   99  777 6.3180e+10 8.4240e+10  33.3%  1074 2495s
  1434   542 8.4240e+10  101  745 6.3180e+10 8.4240e+10  33.3%  1072 2500s
  1437   544 8.4240e+10  102  856 6.3180e+10 8.4240e+10  33.3%  1071 2507s
  1439   545 8.4240e+10  103  816 6.3180e+10 8.4240e+10  33.3%  1070 2512s
  1442   545 8.4240e+10  105  799 6.3180e+10 8.4240e+10  33.3%  1068 2516s
  1446   546 8.4240e+10  107  791 6.3180e+10 8.4240e+10  33.3%  1065 2521s
  1450   546 8.4240e+10  109  792 6.3180e+10 8.4240e+10  33.3%  1062 2526s
  1452   548 8.4240e+10  110  785 6.3180e+10 8.4240e+10  33.3%  1061 2531s
  1453   548 8.4240e+10  110  791 6.3180e+10 8.4240e+10  33.3%  1060 2543s
  1455   546 infeasible  111      6.3180e+10 8.4240e+10  33.3%  1059 2546s
  1458   546 infeasible  112      6.3180e+10 8.4240e+10  33.3%  1058 2550s
  1462   546 8.4240e+10  114  780 6.3180e+10 8.4240e+10  33.3%  1055 2556s
  1464   548 8.4240e+10  115  789 6.3180e+10 8.4240e+10  33.3%  1054 2560s
  1468   548 infeasible  117      6.3180e+10 8.4240e+10  33.3%  1052 2565s
  1471   550 8.4240e+10  119  724 6.3180e+10 8.4240e+10  33.3%  1050 2571s
  1475   547 infeasible  120      6.3180e+10 8.4240e+10  33.3%  1048 2576s
  1479   544 8.4240e+10   16 1999 6.3180e+10 8.4240e+10  33.3%  1063 2601s
  1480   544 8.4240e+10   17 1626 6.3180e+10 8.4240e+10  33.3%  1072 2612s
  1482   546 8.4240e+10   19 1585 6.3180e+10 8.4240e+10  33.3%  1080 2620s
  1484   547 8.4240e+10   21 1572 6.3180e+10 8.4240e+10  33.3%  1085 2625s
  1487   549 8.4240e+10   23 1671 6.3180e+10 8.4240e+10  33.3%  1089 2631s
  1489   550 8.4240e+10   25 1680 6.3180e+10 8.4240e+10  33.3%  1092 2636s
  1491   552 8.4240e+10   27 1687 6.3180e+10 8.4240e+10  33.3%  1097 2641s
  1493   553 8.4240e+10   28 1624 6.3180e+10 8.4240e+10  33.3%  1100 2646s
  1495   554 8.4240e+10   29 1738 6.3180e+10 8.4240e+10  33.3%  1101 2650s
  1498   556 8.4240e+10   31 1292 6.3180e+10 8.4240e+10  33.3%  1104 2656s
  1500   558 8.4240e+10   32 1263 6.3180e+10 8.4240e+10  33.3%  1105 2660s
  1502   559 8.4240e+10   33 1329 6.3180e+10 8.4240e+10  33.3%  1106 2665s
  1504   560 8.4240e+10   34 1361 6.3180e+10 8.4240e+10  33.3%  1106 2670s
  1506   562 8.4240e+10   35 1498 6.3180e+10 8.4240e+10  33.3%  1107 2677s
  1507   562 8.4240e+10   35 1195 6.3180e+10 8.4240e+10  33.3%  1107 2691s
  1509   564 8.4240e+10   36 1287 6.3180e+10 8.4240e+10  33.3%  1107 2696s
  1511   565 8.4240e+10   37 1302 6.3180e+10 8.4240e+10  33.3%  1108 2701s
  1513   566 8.4240e+10   39 1348 6.3180e+10 8.4240e+10  33.3%  1108 2708s
  1514   567 8.4240e+10   39  934 6.3180e+10 8.4240e+10  33.3%  1108 2710s
  1516   568 8.4240e+10   40  958 6.3180e+10 8.4240e+10  33.3%  1108 2716s
  1517   569 8.4240e+10   41  929 6.3180e+10 8.4240e+10  33.3%  1108 2720s
  1519   570 8.4240e+10   42  785 6.3180e+10 8.4240e+10  33.3%  1107 2727s
  1521   572 8.4240e+10   43  917 6.3180e+10 8.4240e+10  33.3%  1106 2732s
  1522   572 8.4240e+10   43  946 6.3180e+10 8.4240e+10  33.3%  1106 2735s
  1524   574 8.4240e+10   45  893 6.3180e+10 8.4240e+10  33.3%  1106 2741s
  1525   574 8.4240e+10   45  669 6.3180e+10 8.4240e+10  33.3%  1105 2745s
  1527   576 8.4240e+10   46  779 6.3180e+10 8.4240e+10  33.3%  1105 2752s
  1528   576 8.4240e+10   47  838 6.3180e+10 8.4240e+10  33.3%  1104 2755s
  1530   578 8.4240e+10   48  788 6.3180e+10 8.4240e+10  33.3%  1104 2761s
  1531   578 8.4240e+10   48  832 6.3180e+10 8.4240e+10  33.3%  1103 2765s
  1533   580 8.4240e+10   50  624 6.3180e+10 8.4240e+10  33.3%  1102 2771s
  1534   580 8.4240e+10   50  612 6.3180e+10 8.4240e+10  33.3%  1102 2790s
  1536   580 infeasible   51      6.3180e+10 8.4240e+10  33.3%  1101 2797s
  1537   580 8.4240e+10   52  792 6.3180e+10 8.4240e+10  33.3%  1101 2800s
  1540   582 8.4240e+10   53  788 6.3180e+10 8.4240e+10  33.3%  1099 2806s
  1542   584 8.4240e+10   54  609 6.3180e+10 8.4240e+10  33.3%  1098 2810s
  1545   586 8.4240e+10   56  616 6.3180e+10 8.4240e+10  33.3%  1097 2815s
  1548   588 8.4240e+10   57  614 6.3180e+10 8.4240e+10  33.3%  1095 2820s
  1552   589 8.4240e+10   60  644 6.3180e+10 8.4240e+10  33.3%  1093 2826s
  1555   589 8.4240e+10   61  668 6.3180e+10 8.4240e+10  33.3%  1092 2830s
  1559   591 8.4240e+10   63  633 6.3180e+10 8.4240e+10  33.3%  1089 2836s
  1561   590 8.4240e+10   64  635 6.3180e+10 8.4240e+10  33.3%  1088 2852s
  1563   592 8.4240e+10   65  568 6.3180e+10 8.4240e+10  33.3%  1087 2855s
  1566   594 8.4240e+10   67  620 6.3180e+10 8.4240e+10  33.3%  1085 2860s
  1569   596 8.4240e+10   69  591 6.3180e+10 8.4240e+10  33.3%  1083 2865s
  1573   596 8.1900e+10   70  587 6.3180e+10 8.4240e+10  33.3%  1081 2871s
  1576   598 8.4240e+10   72  683 6.3180e+10 8.4240e+10  33.3%  1079 2876s
  1580   597 8.4240e+10   74  680 6.3180e+10 8.4240e+10  33.3%  1077 2880s
  1583   599 8.4240e+10   76  611 6.3180e+10 8.4240e+10  33.3%  1075 2886s
  1585   600 8.4240e+10   77  628 6.3180e+10 8.4240e+10  33.3%  1074 2890s
  1588   602 8.4240e+10   80  527 6.3180e+10 8.4240e+10  33.3%  1072 2902s
  1590   602 infeasible   81      6.3180e+10 8.4240e+10  33.3%  1071 2905s
  1594   602 8.4240e+10   82  708 6.3180e+10 8.4240e+10  33.3%  1069 2910s
  1598   605 8.4240e+10   84  592 6.3180e+10 8.4240e+10  33.3%  1067 2915s
  1604   603 infeasible   87      6.3180e+10 8.4240e+10  33.3%  1063 2920s
  1608   604 8.4240e+10   90  569 6.3180e+10 8.4240e+10  33.3%  1061 2925s
  1614   602 infeasible   92      6.3180e+10 8.4240e+10  33.3%  1057 2930s
  1616   601 8.4240e+10   93  579 6.3180e+10 8.4240e+10  33.3%  1056 2938s
  1619   601 8.4240e+10   95  526 6.3180e+10 8.4240e+10  33.3%  1054 2941s
  1622   603 8.1900e+10   96  572 6.3180e+10 8.4240e+10  33.3%  1052 2945s
  1626   605 8.3070e+10   99  531 6.3180e+10 8.4240e+10  33.3%  1050 2950s
  1630   607 8.4240e+10  101  532 6.3180e+10 8.4240e+10  33.3%  1048 2955s
  1636   605 8.4240e+10  104  536 6.3180e+10 8.4240e+10  33.3%  1044 2960s
  1640   608 8.4240e+10  106  468 6.3180e+10 8.4240e+10  33.3%  1042 2965s
  1644   608 8.4240e+10  108  533 6.3180e+10 8.4240e+10  33.3%  1040 2975s
  1649   609 8.4240e+10  111  527 6.3180e+10 8.4240e+10  33.3%  1037 2980s
  1653   612 8.4240e+10  113  512 6.3180e+10 8.4240e+10  33.3%  1035 2985s
  1658   609 8.4240e+10  115  469 6.3180e+10 8.4240e+10  33.3%  1032 2990s
  1663   608 8.4240e+10  119  464 6.3180e+10 8.4240e+10  33.3%  1029 2995s
  1669   608 8.4240e+10  122  458 6.3180e+10 8.4240e+10  33.3%  1025 3000s
  1673   605 8.4240e+10  123  447 6.3180e+10 8.4240e+10  33.3%  1023 3009s
  1674   606 8.4240e+10  124  450 6.3180e+10 8.4240e+10  33.3%  1023 3011s
  1679   606 8.4240e+10  126  409 6.3180e+10 8.4240e+10  33.3%  1020 3015s
  1684   604 infeasible  129      6.3180e+10 8.4240e+10  33.3%  1017 3020s
  1688   606 8.4240e+10  131  400 6.3180e+10 8.4240e+10  33.3%  1015 3025s
  1694   604 8.4240e+10  134  398 6.3180e+10 8.4240e+10  33.3%  1012 3030s
  1698   607 8.4240e+10  136  377 6.3180e+10 8.4240e+10  33.3%  1010 3036s
  1701   605 8.4240e+10  137  381 6.3180e+10 8.4240e+10  33.3%  1008 3048s
  1703   604 infeasible  138      6.3180e+10 8.4240e+10  33.3%  1007 3050s
  1709   604 8.4240e+10  140  383 6.3180e+10 8.4240e+10  33.3%  1004 3055s
  1714   606 8.1900e+10  144  380 6.3180e+10 8.4240e+10  33.3%  1001 3060s
  1719   608 infeasible  146      6.3180e+10 8.4240e+10  33.3%   998 3065s
  1725   607 8.4240e+10  149  398 6.3180e+10 8.4240e+10  33.3%   995 3070s
  1728   609 8.4240e+10  151  357 6.3180e+10 8.4240e+10  33.3%   994 3075s
  1735   604 infeasible  155      6.3180e+10 8.4240e+10  33.3%   990 3080s
  1740   604 8.4240e+10  152  480 6.3180e+10 8.4240e+10  33.3%   989 3087s
  1743   604 8.4240e+10  155  429 6.3180e+10 8.4240e+10  33.3%   987 3090s
  1749   603 8.4240e+10  159  411 6.3180e+10 8.4240e+10  33.3%   984 3095s
  1753   605 8.4240e+10  161  375 6.3180e+10 8.4240e+10  33.3%   982 3100s
  1756   603 8.4240e+10  162  372 6.3180e+10 8.4240e+10  33.3%   981 3111s
  1761   605 8.4240e+10  165  371 6.3180e+10 8.4240e+10  33.3%   978 3115s
  1766   608 8.4240e+10  167  367 6.3180e+10 8.4240e+10  33.3%   976 3120s
  1771   611 8.4240e+10  170  277 6.3180e+10 8.4240e+10  33.3%   974 3125s
  1776   610 7.6050e+10  172  144 6.3180e+10 8.4240e+10  33.3%   972 3130s
  1782   610 7.7220e+10  174  136 6.3180e+10 8.4240e+10  33.3%   969 3135s
  1783   609 7.6050e+10  174  146 6.3180e+10 8.4240e+10  33.3%   969 3145s
  1789   609 7.7220e+10  178  154 6.3180e+10 8.4240e+10  33.3%   966 3150s
  1794   612 7.7220e+10  181  141 6.3180e+10 8.4240e+10  33.3%   963 3155s
  1799   613 7.7220e+10  185  138 6.3180e+10 8.4240e+10  33.3%   960 3160s
  1805   612 7.7220e+10  188  139 6.3180e+10 8.4240e+10  33.3%   957 3166s
  1809   615 7.7220e+10  191  131 6.3180e+10 8.4240e+10  33.3%   955 3170s
  1810   615 7.7220e+10  191  128 6.3180e+10 8.4240e+10  33.3%   955 3184s
  1811   616 7.7220e+10  192  135 6.3180e+10 8.4240e+10  33.3%   954 3185s
  1821   607 8.4240e+10   19 1381 6.3180e+10 8.4240e+10  33.3%   966 3219s
  1822   607 8.4240e+10   20 1397 6.3180e+10 8.4240e+10  33.3%   989 3257s
  1823   608 8.4240e+10   21 1270 6.3180e+10 8.4240e+10  33.3%   992 3261s
  1824   609 8.4240e+10   22 1330 6.3180e+10 8.4240e+10  33.3%   993 3265s
  1826   610 8.4240e+10   24 1335 6.3180e+10 8.4240e+10  33.3%   995 3270s
  1828   611 8.4240e+10   26 1259 6.3180e+10 8.4240e+10  33.3%   998 3276s
  1830   613 8.4240e+10   28 1236 6.3180e+10 8.4240e+10  33.3%   998 3280s
  1833   615 8.4240e+10   31 1327 6.3180e+10 8.4240e+10  33.3%   999 3286s
  1835   616 8.4240e+10   33 1358 6.3180e+10 8.4240e+10  33.3%  1000 3290s
  1838   618 8.4240e+10   36 1273 6.3180e+10 8.4240e+10  33.3%  1000 3296s
  1840   619 8.4240e+10   38 1233 6.3180e+10 8.4240e+10  33.3%  1002 3301s
  1842   621 8.4240e+10   40 1307 6.3180e+10 8.4240e+10  33.3%  1003 3306s
  1844   622 8.4240e+10   42 1182 6.3180e+10 8.4240e+10  33.3%  1004 3310s
  1847   624 8.4240e+10   45 1180 6.3180e+10 8.4240e+10  33.3%  1005 3315s
  1850   626 8.4240e+10   48 1128 6.3180e+10 8.4240e+10  33.3%  1006 3321s
  1852   627 8.4240e+10   50 1149 6.3180e+10 8.4240e+10  33.3%  1007 3325s
  1855   629 8.4240e+10   53 1246 6.3180e+10 8.4240e+10  33.3%  1009 3331s
  1857   631 8.4240e+10   55 1158 6.3180e+10 8.4240e+10  33.3%  1009 3335s
  1859   632 8.4240e+10   57 1191 6.3180e+10 8.4240e+10  33.3%  1009 3340s
  1862   634 8.4240e+10   60 1218 6.3180e+10 8.4240e+10  33.3%  1010 3346s
  1864   635 7.8975e+10   62  817 6.3180e+10 8.4240e+10  33.3%  1012 3354s
  1865   636 8.4240e+10   62 1211 6.3180e+10 8.4240e+10  33.3%  1013 3357s
  1866   637 7.7220e+10   63 1079 6.3180e+10 8.4240e+10  33.3%  1014 3360s
  1868   638 8.4240e+10   64 1194 6.3180e+10 8.4240e+10  33.3%  1016 3365s
  1870   639 8.4240e+10   66 1191 6.3180e+10 8.4240e+10  33.3%  1017 3371s
  1871   640 8.4240e+10   66 1265 6.3180e+10 8.4240e+10  33.3%  1019 3375s
  1872   641 8.4240e+10   67 1205 6.3180e+10 8.4240e+10  33.3%  1020 3394s
  1873   641 7.9560e+10   68 1179 6.3180e+10 8.4240e+10  33.3%  1021 3396s
  1875   643 8.4240e+10   69 1163 6.3180e+10 8.4240e+10  33.3%  1021 3402s
  1877   644 8.4240e+10   70 1120 6.3180e+10 8.4240e+10  33.3%  1022 3407s
  1879   643 infeasible   72      6.3180e+10 8.4240e+10  33.3%  1023 3413s
  1882   639     cutoff   71      6.3180e+10 8.4240e+10  33.3%  1024 3416s
  1884   639 7.9560e+10   69 1185 6.3180e+10 8.4240e+10  33.3%  1024 3420s
  1888   641 7.9560e+10   71 1185 6.3180e+10 8.4240e+10  33.3%  1024 3427s
  1890   643 6.6690e+10   72  625 6.3180e+10 8.4240e+10  33.3%  1025 3431s
  1892   644 6.6467e+10   74  636 6.3180e+10 8.4240e+10  33.3%  1024 3435s
  1896   646 6.4350e+10   77  630 6.3180e+10 8.4240e+10  33.3%  1022 3440s
  1900   648 6.5520e+10   80  591 6.3180e+10 8.4240e+10  33.3%  1020 3445s
  1903   650 6.5520e+10   82  571 6.3180e+10 8.4240e+10  33.3%  1019 3451s
  1906   652 6.5520e+10   83  602 6.3180e+10 8.4240e+10  33.3%  1019 3457s
  1908   650     cutoff   84      6.3180e+10 8.4240e+10  33.3%  1019 3461s
  1910   647     cutoff   84      6.3180e+10 8.4240e+10  33.3%  1020 3465s
  1913   647 6.5520e+10   84  443 6.3180e+10 8.4240e+10  33.3%  1020 3471s
  1916   645     cutoff   85      6.3180e+10 8.4240e+10  33.3%  1020 3475s
  1919   643 6.5520e+10   82  609 6.3180e+10 8.4240e+10  33.3%  1021 3489s
  1920   642     cutoff   82      6.3180e+10 8.4240e+10  33.3%  1021 3490s
  1924   642 6.5520e+10   84  564 6.3180e+10 8.4240e+10  33.3%  1020 3495s
  1927   642 6.4350e+10   86  530 6.3180e+10 8.4240e+10  33.3%  1018 3500s
  1930   640     cutoff   87      6.3180e+10 8.4240e+10  33.3%  1018 3506s
  1932   640 6.4350e+10   87  524 6.3180e+10 8.4240e+10  33.3%  1018 3511s
  1935   638 6.4350e+10   85  524 6.3180e+10 8.4240e+10  33.3%  1018 3515s
  1939   636 6.4350e+10   87  517 6.3180e+10 8.4240e+10  33.3%  1017 3521s
  1943   633 8.4240e+10   26 1387 6.3180e+10 8.4240e+10  33.3%  1050 3589s

Cutting planes:
  Gomory: 34
  Cover: 13
  Implied bound: 1
  Projected implied bound: 1
  MIR: 6
  Flow cover: 129
  Zero half: 5760
  RLT: 77

Explored 1944 nodes (2363537 simplex iterations) in 3594.08 seconds (2498.43 work units)
Thread count was 1 (of 28 available processors)

Solution count 10: 6.318e+10 6.084e+10 4.212e+10 ... 7.02e+09

Time limit reached
Best objective 6.318000000000e+10, best bound 8.424000000000e+10, gap 33.3333%

User-callback calls 364818, time in user-callback 0.27 sec