Gurobi Optimizer version 12.0.3 build v12.0.3rc0 (linux64 - "Oracle Linux Server 9.4")

CPU model: Intel(R) Xeon(R) CPU E5-2660 v4 @ 2.00GHz, instruction set [SSE2|AVX|AVX2]
Thread count: 28 physical cores, 28 logical processors, using up to 1 threads

Non-default parameters:
TimeLimit  3599.550042032
SoftMemLimit  16
NumericFocus  1
Threads  1

Academic license 2690100 - for non-commercial use only - registered to ju___@uclm.es
Optimize a model with 19895 rows, 4920 columns and 68500 nonzeros
Model fingerprint: 0x72e0e01c
Variable types: 80 continuous, 4840 integer (4840 binary)
Coefficient statistics:
  Matrix range     [1e+00, 3e+13]
  Objective range  [1e+09, 5e+09]
  Bounds range     [1e+03, 2e+04]
  RHS range        [1e+00, 2e+14]
Warning: Model contains large matrix coefficient range
Warning: Model contains large objective coefficients
Warning: Model contains large rhs
Found heuristic solution: objective -0.0000000
Presolve added 0 rows and 2 columns
Presolve removed 4326 rows and 0 columns
Presolve time: 0.45s
Presolved: 15569 rows, 4922 columns, 59673 nonzeros
Variable types: 80 continuous, 4842 integer (4840 binary)

Root relaxation: objective 1.136808e+11, 2830 iterations, 0.24 seconds (0.16 work units)

    Nodes    |    Current Node    |     Objective Bounds      |     Work
 Expl Unexpl |  Obj  Depth IntInf | Incumbent    BestBd   Gap | It/Node Time

     0     0 1.1368e+11    0  243   -0.00000 1.1368e+11      -     -    1s
     0     0 1.1368e+11    0  291   -0.00000 1.1368e+11      -     -    1s
     0     0 1.1368e+11    0  274   -0.00000 1.1368e+11      -     -    1s
H    0     0                    1.996800e+10 1.1368e+11   469%     -    1s
     0     0 1.1351e+11    0  604 1.9968e+10 1.1351e+11   468%     -    2s
     0     0 1.1351e+11    0  493 1.9968e+10 1.1351e+11   468%     -    2s
     0     0 1.1351e+11    0  483 1.9968e+10 1.1351e+11   468%     -    2s
     0     0 1.1351e+11    0  479 1.9968e+10 1.1351e+11   468%     -    2s
     0     0 1.1351e+11    0  540 1.9968e+10 1.1351e+11   468%     -    3s
     0     0 1.1351e+11    0  481 1.9968e+10 1.1351e+11   468%     -    3s
H    0     0                    4.733134e+10 1.1351e+11   140%     -    3s
     0     0 1.1351e+11    0  725 4.7331e+10 1.1351e+11   140%     -    3s
     0     0 1.1351e+11    0  349 4.7331e+10 1.1351e+11   140%     -    5s
     0     0 1.1351e+11    0  907 4.7331e+10 1.1351e+11   140%     -    5s
     0     0 1.1351e+11    0  962 4.7331e+10 1.1351e+11   140%     -    6s
     0     0 1.1351e+11    0  908 4.7331e+10 1.1351e+11   140%     -    6s
     0     0 1.1351e+11    0  209 4.7331e+10 1.1351e+11   140%     -    7s
     0     0 1.1351e+11    0  228 4.7331e+10 1.1351e+11   140%     -    8s
H    0     0                    5.232334e+10 1.1351e+11   117%     -    8s
     0     0 1.1351e+11    0  902 5.2323e+10 1.1351e+11   117%     -    8s
     0     0 1.1351e+11    0   76 5.2323e+10 1.1351e+11   117%     -   10s
H    0     0                    5.349334e+10 1.1351e+11   112%     -   10s
     0     0 1.1351e+11    0  785 5.3493e+10 1.1351e+11   112%     -   10s
     0     0 1.1351e+11    0  712 5.3493e+10 1.1351e+11   112%     -   10s
     0     0 1.1351e+11    0  464 5.3493e+10 1.1351e+11   112%     -   12s
     0     0 1.1351e+11    0  465 5.3493e+10 1.1351e+11   112%     -   12s
     0     0 1.1351e+11    0  867 5.3493e+10 1.1351e+11   112%     -   12s
     0     0 1.1351e+11    0  365 5.3493e+10 1.1351e+11   112%     -   14s
     0     0 1.1351e+11    0  334 5.3493e+10 1.1351e+11   112%     -   14s
H    0     0                    6.987334e+10 1.1351e+11  62.5%     -   15s
     0     2 1.1351e+11    0  324 6.9873e+10 1.1351e+11  62.5%     -   15s
H   26    16                    7.267768e+10 1.1351e+11  56.2%   163   16s
H   52    32                    7.548202e+10 1.1351e+11  50.4%   171   17s
H   78    44                    7.665202e+10 1.1351e+11  48.1%   155   17s
   136    54 1.1351e+11   75  267 7.6652e+10 1.1351e+11  48.1%   125   20s
H  190    56                    8.164402e+10 1.1351e+11  39.0%   112   21s
H  190    56                    8.546602e+10 1.1351e+11  32.8%   112   21s
H  217    62                    8.827035e+10 1.1351e+11  28.6%   105   21s
H  355    89                    8.944035e+10 1.1351e+11  26.9%  94.9   24s
   383   101 1.1351e+11  214  256 8.9440e+10 1.1351e+11  26.9%  92.5   25s
H  517   143                    9.107469e+10 1.1351e+11  24.6%  84.0   27s
H  517   143                    9.224469e+10 1.1351e+11  23.1%  84.0   27s
H  559   180                    9.504903e+10 1.1351e+11  19.4%  82.1   29s
   600   208 1.1351e+11  124  279 9.5049e+10 1.1351e+11  19.4%  81.3   30s
H  765   270                    9.668336e+10 1.1351e+11  17.4%  77.7   34s
   796   277 1.1351e+11  248  263 9.6683e+10 1.1351e+11  17.4%  77.6   35s
H  874   286                    9.948770e+10 1.1351e+11  14.1%  72.9   37s
   984   303 1.1351e+11  358  187 9.9488e+10 1.1351e+11  14.1%  72.3   40s
  1025   328 1.1351e+11  136   63 9.9488e+10 1.1351e+11  14.1%  71.5   45s
  1032   333 1.1351e+11   80   28 9.9488e+10 1.1351e+11  14.1%  71.0   50s
  1038   337 1.1351e+11  199   36 9.9488e+10 1.1351e+11  14.1%  70.6   55s
  1045   342 1.1351e+11  172   24 9.9488e+10 1.1351e+11  14.1%  70.1   60s
  1080   367 1.1351e+11   32   91 9.9488e+10 1.1351e+11  14.1%   132   65s
  1129   397 1.1351e+11   64  192 9.9488e+10 1.1351e+11  14.1%   130   70s
  1204   423 1.1351e+11  114  155 9.9488e+10 1.1351e+11  14.1%   125   75s
  1272   423 1.1351e+11   10  102 9.9488e+10 1.1351e+11  14.1%   122   82s
  1323   457 1.1351e+11   59  378 9.9488e+10 1.1351e+11  14.1%   118   85s
  1393   498 1.1351e+11  119  355 9.9488e+10 1.1351e+11  14.1%   115   90s
  1462   516 infeasible  158      9.9488e+10 1.1351e+11  14.1%   114   95s
  1527   528 1.1351e+11  178  227 9.9488e+10 1.1351e+11  14.1%   114  100s
  1587   552 1.1351e+11  170  212 9.9488e+10 1.1351e+11  14.1%   114  105s
  1663   598 1.1351e+11  242  210 9.9488e+10 1.1351e+11  14.1%   110  110s
  1724   575 infeasible  244      9.9488e+10 1.1351e+11  14.1%   111  115s
  1751   565 1.1351e+11  240  158 9.9488e+10 1.1351e+11  14.1%   113  120s
  1766   569 1.1351e+11  245  137 9.9488e+10 1.1351e+11  14.1%   113  125s
  1800   538 1.1351e+11  232  305 9.9488e+10 1.1351e+11  14.1%   118  130s
  1825   537 1.1351e+11   17  135 9.9488e+10 1.1351e+11  14.1%   120  136s
  1847   551 1.1351e+11   26  430 9.9488e+10 1.1351e+11  14.1%   120  140s
  1890   569 1.1351e+11   40  243 9.9488e+10 1.1351e+11  14.1%   119  145s
  1928   580 1.1351e+11   55  340 9.9488e+10 1.1351e+11  14.1%   120  151s
  1939   578 infeasible  225      9.9488e+10 1.1351e+11  14.1%   122  155s
  1975   590 1.1351e+11   84  154 9.9488e+10 1.1351e+11  14.1%   121  166s
  2012   610 1.1351e+11  119  150 9.9488e+10 1.1351e+11  14.1%   121  170s
  2031   619 1.1351e+11  131  140 9.9488e+10 1.1351e+11  14.1%   120  175s
  2053   620 1.1351e+11   57  297 9.9488e+10 1.1351e+11  14.1%   121  180s
  2119   679 1.1351e+11  123  169 9.9488e+10 1.1351e+11  14.1%   119  185s
  2142   698 1.1351e+11  143  100 9.9488e+10 1.1351e+11  14.1%   118  190s
  2156   710 1.1351e+11  156  159 9.9488e+10 1.1351e+11  14.1%   118  195s
  2179   697 1.1351e+11  144  144 9.9488e+10 1.1351e+11  14.1%   118  200s
  2218   708 1.1351e+11  155   81 9.9488e+10 1.1351e+11  14.1%   117  205s
  2291   678 1.1351e+11  124  160 9.9488e+10 1.1351e+11  14.1%   119  210s
  2313   686 1.1351e+11   24  592 9.9488e+10 1.1351e+11  14.1%   119  215s
  2327   700 1.1351e+11   38  518 9.9488e+10 1.1351e+11  14.1%   119  220s
  2393   762 1.1351e+11   98  278 9.9488e+10 1.1351e+11  14.1%   117  225s
  2502   859 1.1351e+11  191  156 9.9488e+10 1.1351e+11  14.1%   114  230s
  2582   910 1.1351e+11   21  227 9.9488e+10 1.1351e+11  14.1%   114  235s
  2621   949 1.1351e+11   53  160 9.9488e+10 1.1351e+11  14.1%   113  240s
  2709  1018 1.1351e+11   80  164 9.9488e+10 1.1351e+11  14.1%   112  245s
  2832  1120 1.1351e+11  169   96 9.9488e+10 1.1351e+11  14.1%   110  250s
  2890  1153 1.1351e+11  107  160 9.9488e+10 1.1351e+11  14.1%   112  260s
  2907  1170 1.1351e+11  124  134 9.9488e+10 1.1351e+11  14.1%   111  265s
  2972  1225 1.1351e+11  145  280 9.9488e+10 1.1351e+11  14.1%   111  270s
  3095  1322 infeasible  237      9.9488e+10 1.1351e+11  14.1%   108  275s
  3234  1411 1.1351e+11  297  135 9.9488e+10 1.1351e+11  14.1%   105  280s
  3367  1506 1.1351e+11   85  203 9.9488e+10 1.1351e+11  14.1%   102  285s
  3421  1542 1.1351e+11  107  550 9.9488e+10 1.1351e+11  14.1%   101  290s
  3484  1597 1.1351e+11  156  140 9.9488e+10 1.1351e+11  14.1%   101  295s
  3629  1700 infeasible  101      9.9488e+10 1.1351e+11  14.1%  98.6  300s
  3716  1762 1.1351e+11   87  212 9.9488e+10 1.1351e+11  14.1%  98.4  305s
  3814  1856 1.1351e+11  174   78 9.9488e+10 1.1351e+11  14.1%  96.9  312s
  3825  1865 1.1157e+11  182  147 9.9488e+10 1.1351e+11  14.1%  97.0  316s
  3891  1886 1.1351e+11   85  290 9.9488e+10 1.1351e+11  14.1%  97.1  320s
  3947  1928 1.0907e+11  105  157 9.9488e+10 1.1351e+11  14.1%  97.4  325s
  3995  1941 1.1351e+11   54  162 9.9488e+10 1.1351e+11  14.1%  97.5  330s
  4042  1972 1.1351e+11   83  209 9.9488e+10 1.1351e+11  14.1%  97.6  335s
  4133  2042 1.1351e+11   85  148 9.9488e+10 1.1351e+11  14.1%  96.9  340s
  4171  2060 1.1351e+11   84  167 9.9488e+10 1.1351e+11  14.1%  97.4  346s
  4215  2100 1.1351e+11  116  111 9.9488e+10 1.1351e+11  14.1%  97.3  350s
  4283  2148 1.1351e+11  111  141 9.9488e+10 1.1351e+11  14.1%  97.7  355s
  4362  2212 1.1351e+11  135  300 9.9488e+10 1.1351e+11  14.1%  97.3  360s
  4404  2244 1.1351e+11  163  110 9.9488e+10 1.1351e+11  14.1%  97.2  365s
  4448  2275 1.1322e+11  179  221 9.9488e+10 1.1351e+11  14.1%  98.0  370s
  4476  2293 1.1132e+11  194   95 9.9488e+10 1.1351e+11  14.1%  97.7  377s
  4486  2291 1.1132e+11  194  108 9.9488e+10 1.1351e+11  14.1%  97.7  380s
  4548  2328 1.1351e+11  179   75 9.9488e+10 1.1351e+11  14.1%  97.7  385s
  4603  2331 1.1351e+11  149  117 9.9488e+10 1.1351e+11  14.1%  98.8  390s
  4644  2361 1.0938e+11  162  133 9.9488e+10 1.1351e+11  14.1%   100  395s
  4690  2370 infeasible  161      9.9488e+10 1.1351e+11  14.1%   101  400s
  4710  2376 infeasible  162      9.9488e+10 1.1351e+11  14.1%   102  405s
  4745  2383 1.1320e+11  160  121 9.9488e+10 1.1351e+11  14.1%   103  410s
  4795  2398 1.0852e+11  172   53 9.9488e+10 1.1351e+11  14.1%   104  415s
  4832  2394 1.1322e+11  147  165 9.9488e+10 1.1351e+11  14.1%   105  420s
  4853  2411 1.1320e+11  153   91 9.9488e+10 1.1351e+11  14.1%   105  425s
  4898  2422 1.1320e+11  163   81 9.9488e+10 1.1351e+11  14.1%   106  430s
  4951  2432 1.1320e+11  177   96 9.9488e+10 1.1351e+11  14.1%   106  435s
  4985  2438 1.1350e+11  155  234 9.9488e+10 1.1351e+11  14.1%   107  440s
  5010  2461 1.1132e+11  171   85 9.9488e+10 1.1351e+11  14.1%   107  445s
  5062  2483 1.1351e+11  145   94 9.9488e+10 1.1351e+11  14.1%   108  450s
  5102  2494 1.1320e+11  144  133 9.9488e+10 1.1351e+11  14.1%   108  455s
  5176  2542 1.1351e+11   81  171 9.9488e+10 1.1351e+11  14.1%   107  460s
  5233  2589 1.1351e+11  121  178 9.9488e+10 1.1351e+11  14.1%   107  465s
  5260  2614 1.1351e+11  146  161 9.9488e+10 1.1351e+11  14.1%   107  474s
  5264  2618 1.1351e+11  150  156 9.9488e+10 1.1351e+11  14.1%   107  475s
  5301  2643 1.1351e+11   88  202 9.9488e+10 1.1351e+11  14.1%   107  480s
  5323  2657 1.1320e+11  100  116 9.9488e+10 1.1351e+11  14.1%   107  485s
  5343  2677 1.1320e+11  117  135 9.9488e+10 1.1351e+11  14.1%   106  490s
  5395  2705 1.1320e+11  146   95 9.9488e+10 1.1351e+11  14.1%   106  495s
  5436  2724 1.1351e+11  114  264 9.9488e+10 1.1351e+11  14.1%   106  500s
  5507  2792 1.1351e+11  176  171 9.9488e+10 1.1351e+11  14.1%   106  505s
  5620  2884 1.1351e+11  104  124 9.9488e+10 1.1351e+11  14.1%   104  510s
  5716  2966 1.1351e+11   85  164 9.9488e+10 1.1351e+11  14.1%   104  515s
  5739  2987 infeasible  101      9.9488e+10 1.1351e+11  14.1%   104  520s
  5798  3024 1.1322e+11   93  197 9.9488e+10 1.1351e+11  14.1%   104  525s
  5875  3080 infeasible  146      9.9488e+10 1.1351e+11  14.1%   104  530s
  5917  3107 1.1101e+11  165  117 9.9488e+10 1.1351e+11  14.1%   105  537s
  5936  3110 1.1351e+11  135  109 9.9488e+10 1.1351e+11  14.1%   105  540s
  5974  3140 1.1081e+11  155  186 9.9488e+10 1.1351e+11  14.1%   106  545s
  6055  3190 1.1351e+11   87  265 9.9488e+10 1.1351e+11  14.1%   105  550s
  6145  3254 1.1351e+11   74  236 9.9488e+10 1.1351e+11  14.1%   105  555s
  6200  3281 1.1320e+11  147   84 9.9488e+10 1.1351e+11  14.1%   105  560s
  6282  3337 1.1322e+11  128  213 9.9488e+10 1.1351e+11  14.1%   105  565s
  6323  3363 1.1351e+11  137  101 9.9488e+10 1.1351e+11  14.1%   105  570s
  6371  3389 1.1320e+11  146  114 9.9488e+10 1.1351e+11  14.1%   106  575s
  6427  3423 1.1351e+11   63  217 9.9488e+10 1.1351e+11  14.1%   107  580s
  6446  3442 1.1351e+11   80  163 9.9488e+10 1.1351e+11  14.1%   107  585s
  6492  3488 1.1187e+11  116  273 9.9488e+10 1.1351e+11  14.1%   107  600s
  6533  3502 1.1351e+11  106  287 9.9488e+10 1.1351e+11  14.1%   107  605s
  6560  3529 1.1351e+11  127  202 9.9488e+10 1.1351e+11  14.1%   108  610s
  6602  3547 1.1351e+11   41  309 9.9488e+10 1.1351e+11  14.1%   107  615s
  6669  3598 1.1351e+11   98   89 9.9488e+10 1.1351e+11  14.1%   107  620s
  6690  3601 1.1351e+11   72  222 9.9488e+10 1.1351e+11  14.1%   107  625s
  6732  3629 1.1351e+11  101  124 9.9488e+10 1.1351e+11  14.1%   107  630s
  6767  3638 1.1351e+11   70  301 9.9488e+10 1.1351e+11  14.1%   108  635s
  6792  3663 1.1351e+11   88  134 9.9488e+10 1.1351e+11  14.1%   108  642s
  6797  3668 1.1351e+11   93  160 9.9488e+10 1.1351e+11  14.1%   108  645s
  6833  3692 1.1132e+11  117  163 9.9488e+10 1.1351e+11  14.1%   108  650s
  6920  3755 1.1322e+11  146  194 9.9488e+10 1.1351e+11  14.1%   108  655s
  6992  3778 1.1351e+11   40  266 9.9488e+10 1.1351e+11  14.1%   109  660s
  7044  3824 1.1351e+11   83  137 9.9488e+10 1.1351e+11  14.1%   108  665s
  7086  3854 1.1351e+11  113   87 9.9488e+10 1.1351e+11  14.1%   108  670s
  7122  3872 1.1351e+11   72  233 9.9488e+10 1.1351e+11  14.1%   109  676s
  7149  3899 1.1351e+11   99  154 9.9488e+10 1.1351e+11  14.1%   109  680s
  7245  3965 1.1320e+11  127  110 9.9488e+10 1.1351e+11  14.1%   108  685s
  7308  3998 1.1351e+11  126  142 9.9488e+10 1.1351e+11  14.1%   109  690s
  7383  4015 infeasible   67      9.9488e+10 1.1351e+11  14.1%   109  695s
  7408  4032 1.1320e+11  134   91 9.9488e+10 1.1351e+11  14.1%   109  700s
  7475  4037 1.1346e+11  120  203 9.9488e+10 1.1351e+11  14.1%   110  705s
  7526  4048 1.1320e+11  130  121 9.9488e+10 1.1351e+11  14.1%   110  711s
  7565  4057 1.1320e+11  141   82 9.9488e+10 1.1351e+11  14.1%   110  715s
  7680  4108 1.1320e+11  135  105 9.9488e+10 1.1351e+11  14.1%   110  720s
  7753  4126 1.1320e+11  134   90 9.9488e+10 1.1351e+11  14.1%   111  725s
  7826  4163 1.1351e+11  133   90 9.9488e+10 1.1351e+11  14.1%   111  732s
  7849  4172 1.1351e+11  123  122 9.9488e+10 1.1351e+11  14.1%   111  735s
  7908  4189 1.1351e+11  125  102 9.9488e+10 1.1351e+11  14.1%   112  740s
  7978  4215 1.1351e+11  121  138 9.9488e+10 1.1351e+11  14.1%   113  745s
  8035  4252 1.1351e+11  121  141 9.9488e+10 1.1351e+11  14.1%   113  750s
  8083  4260 1.1351e+11  117  185 9.9488e+10 1.1351e+11  14.1%   114  756s
  8104  4281 1.1259e+11  132  150 9.9488e+10 1.1351e+11  14.1%   114  760s
  8152  4299 1.0938e+11  133  131 9.9488e+10 1.1351e+11  14.1%   115  765s
  8202  4309 1.1351e+11  111  340 9.9488e+10 1.1351e+11  14.1%   115  770s
  8299  4399 1.1351e+11  178  172 9.9488e+10 1.1351e+11  14.1%   115  775s
  8403  4437 infeasible  216      9.9488e+10 1.1351e+11  14.1%   114  780s
  8409  4441 1.1351e+11   65  208 9.9488e+10 1.1351e+11  14.1%   114  785s
  8422  4454 1.1351e+11   77  187 9.9488e+10 1.1351e+11  14.1%   114  795s
  8459  4489 1.1320e+11  111  142 9.9488e+10 1.1351e+11  14.1%   114  800s
  8497  4503 1.1320e+11  130  134 9.9488e+10 1.1351e+11  14.1%   115  805s
  8525  4511 1.1351e+11  114  124 9.9488e+10 1.1351e+11  14.1%   116  810s
  8569  4526 infeasible  122      9.9488e+10 1.1351e+11  14.1%   116  815s
  8633  4540 1.1351e+11  127   81 9.9488e+10 1.1351e+11  14.1%   116  821s
  8669  4554 1.1351e+11  114  137 9.9488e+10 1.1351e+11  14.1%   116  825s
  8727  4576 1.1351e+11  126  150 9.9488e+10 1.1351e+11  14.1%   116  830s
  8782  4609 1.1157e+11   82  158 9.9488e+10 1.1351e+11  14.1%   116  835s
  8873  4650 1.1351e+11  113  120 9.9488e+10 1.1351e+11  14.1%   116  840s
  8921  4674 1.0821e+11  134  127 9.9488e+10 1.1351e+11  14.1%   117  846s
  8976  4703 1.1351e+11  138  110 9.9488e+10 1.1351e+11  14.1%   116  850s
  9071  4738 1.1351e+11  141   99 9.9488e+10 1.1351e+11  14.1%   116  855s
  9136  4769 1.1351e+11   71  138 9.9488e+10 1.1351e+11  14.1%   116  860s
  9202  4801 infeasible  101      9.9488e+10 1.1351e+11  14.1%   115  865s
  9259  4808 1.1351e+11  109  102 9.9488e+10 1.1351e+11  14.1%   115  870s
  9308  4793 1.1351e+11   93  104 9.9488e+10 1.1351e+11  14.1%   116  875s
  9376  4831 infeasible  111      9.9488e+10 1.1351e+11  14.1%   115  880s
  9421  4846 1.1351e+11  109  111 9.9488e+10 1.1351e+11  14.1%   115  885s
  9454  4865 1.1103e+11  123  198 9.9488e+10 1.1351e+11  14.1%   115  890s
  9553  4937 1.1351e+11  141  124 9.9488e+10 1.1351e+11  14.1%   115  895s
  9629  4975 1.1351e+11  121  178 9.9488e+10 1.1351e+11  14.1%   115  900s
  9731  5015 infeasible  135      9.9488e+10 1.1351e+11  14.1%   114  905s
  9741  5017 1.1351e+11  139  152 9.9488e+10 1.1351e+11  14.1%   114  910s
  9742  5018 1.1351e+11  140  150 9.9488e+10 1.1351e+11  14.1%   114  919s
  9746  5020 1.1351e+11  143  131 9.9488e+10 1.1351e+11  14.1%   114  920s
  9824  5010 1.1351e+11  128  129 9.9488e+10 1.1351e+11  14.1%   114  925s
  9918  5034 1.1351e+11  141   84 9.9488e+10 1.1351e+11  14.1%   113  930s
 10004  5018 1.1351e+11  138   95 9.9488e+10 1.1351e+11  14.1%   113  935s
 10088  5018 infeasible  137      9.9488e+10 1.1351e+11  14.1%   113  940s
 10169  5017 infeasible  136      9.9488e+10 1.1351e+11  14.1%   112  945s
 10203  5004 1.1351e+11   57  334 9.9488e+10 1.1351e+11  14.1%   112 1074s
 10205  5005 1.1351e+11  177   69 9.9488e+10 1.1351e+11  14.1%   112 1076s
 10209  5008 1.1351e+11  146   34 9.9488e+10 1.1351e+11  14.1%   112 1085s
 10210  5009 1.1351e+11  112   49 9.9488e+10 1.1351e+11  14.1%   112 1090s
 10211  5009 1.1351e+11   51   47 9.9488e+10 1.1351e+11  14.1%   112 1095s
 10213  5011 1.1157e+11   97   33 9.9488e+10 1.1351e+11  14.1%   112 1110s
 10214  5011 1.1351e+11  148  697 9.9488e+10 1.1351e+11  14.1%   112 1115s
 10215  5012 1.1351e+11  140   24 9.9488e+10 1.1351e+11  14.1%   112 1120s
 10216  5013 1.1351e+11  112  109 9.9488e+10 1.1351e+11  14.1%   112 1125s
 10217  5013 1.1351e+11  148   26 9.9488e+10 1.1351e+11  14.1%   112 1135s
 10218  5014 1.1351e+11   66   61 9.9488e+10 1.1351e+11  14.1%   112 1140s
 10219  5015 1.1351e+11  155   25 9.9488e+10 1.1351e+11  14.1%   112 1150s
 10221  5016 1.1351e+11   77   64 9.9488e+10 1.1351e+11  14.1%   112 1159s
 10222  5017 1.1351e+11  132  769 9.9488e+10 1.1351e+11  14.1%   112 1164s
 10223  5017 1.1351e+11  246   59 9.9488e+10 1.1351e+11  14.1%   112 1175s
 10224  5018 1.1351e+11   89  138 9.9488e+10 1.1351e+11  14.1%   112 1180s
 10226  5019 1.1351e+11   62   46 9.9488e+10 1.1351e+11  14.1%   112 1189s
H10226  4767                    1.006577e+11 1.1351e+11  12.8%   112 1193s
 10248  4784 1.1351e+11   38  263 1.0066e+11 1.1351e+11  12.8%   119 1195s
 10279  4805 1.1351e+11   68   73 1.0066e+11 1.1351e+11  12.8%   119 1200s
 10297  4817 1.1351e+11   82  254 1.0066e+11 1.1351e+11  12.8%   120 1205s
 10305  4822 1.1351e+11   89  263 1.0066e+11 1.1351e+11  12.8%   120 1210s
 10352  4852 1.1351e+11  129   79 1.0066e+11 1.1351e+11  12.8%   120 1215s
 10366  4851 1.1351e+11   91   33 1.0066e+11 1.1351e+11  12.8%   120 1220s
 10388  4865 1.1351e+11  111   55 1.0066e+11 1.1351e+11  12.8%   120 1225s
 10441  4887 1.1351e+11  104  138 1.0066e+11 1.1351e+11  12.8%   120 1230s
 10492  4903 1.1351e+11  102  108 1.0066e+11 1.1351e+11  12.8%   120 1235s
 10550  4917 1.1351e+11  100   38 1.0066e+11 1.1351e+11  12.8%   120 1240s
 10587  4934 1.1351e+11  124   91 1.0066e+11 1.1351e+11  12.8%   120 1245s
 10632  4950 1.1351e+11  120   68 1.0066e+11 1.1351e+11  12.8%   120 1250s
 10674  4967 1.1351e+11  121   78 1.0066e+11 1.1351e+11  12.8%   120 1255s
 10702  4974 1.1351e+11   98  116 1.0066e+11 1.1351e+11  12.8%   120 1260s
 10743  4991 1.1196e+11  116  125 1.0066e+11 1.1351e+11  12.8%   120 1265s
 10782  4999 1.1040e+11  117   67 1.0066e+11 1.1351e+11  12.8%   121 1270s
 10801  5000 1.1351e+11  101  143 1.0066e+11 1.1351e+11  12.8%   121 1275s
 10822  5011 1.1351e+11  111   28 1.0066e+11 1.1351e+11  12.8%   121 1283s
 10831  5017 1.1320e+11  115   84 1.0066e+11 1.1351e+11  12.8%   121 1286s
 10865  5017 1.1342e+11  116  201 1.0066e+11 1.1351e+11  12.8%   121 1290s
 10912  5021 1.1351e+11  101   59 1.0066e+11 1.1351e+11  12.8%   121 1295s
 10951  5047 1.1351e+11  122   79 1.0066e+11 1.1351e+11  12.8%   121 1300s
 10993  5052 1.1351e+11  112   60 1.0066e+11 1.1351e+11  12.8%   121 1306s
 11020  5066 1.1351e+11  126   68 1.0066e+11 1.1351e+11  12.8%   121 1312s
 11039  5074 1.1322e+11  136  136 1.0066e+11 1.1351e+11  12.8%   121 1315s
 11063  5084 1.1320e+11  147  110 1.0066e+11 1.1351e+11  12.8%   121 1324s
 11072  5080 1.1351e+11   99  144 1.0066e+11 1.1351e+11  12.8%   121 1325s
 11101  5100 1.1351e+11  123   65 1.0066e+11 1.1351e+11  12.8%   121 1330s
 11135  5115 infeasible  139      1.0066e+11 1.1351e+11  12.8%   121 1335s
 11196  5130 1.1322e+11  125  144 1.0066e+11 1.1351e+11  12.8%   121 1340s
 11233  5149 1.1157e+11  149   85 1.0066e+11 1.1351e+11  12.8%   121 1345s
 11263  5146 1.1351e+11  110   84 1.0066e+11 1.1351e+11  12.8%   121 1350s
 11297  5168 1.1157e+11  133   72 1.0066e+11 1.1351e+11  12.8%   121 1355s
 11336  5166 infeasible  126      1.0066e+11 1.1351e+11  12.8%   121 1360s
 11371  5183 1.0876e+11  134   78 1.0066e+11 1.1351e+11  12.8%   121 1365s
 11404  5191 1.1157e+11  146   72 1.0066e+11 1.1351e+11  12.8%   121 1370s
 11439  5188 1.1351e+11  109  130 1.0066e+11 1.1351e+11  12.8%   121 1375s
 11459  5193 infeasible  119      1.0066e+11 1.1351e+11  12.8%   121 1380s
 11497  5207 1.1351e+11  123  111 1.0066e+11 1.1351e+11  12.8%   121 1385s
 11527  5215 1.1351e+11  114   72 1.0066e+11 1.1351e+11  12.8%   122 1390s
 11547  5224 1.1320e+11  124   61 1.0066e+11 1.1351e+11  12.8%   122 1395s
 11576  5225 1.0876e+11  121   85 1.0066e+11 1.1351e+11  12.8%   122 1400s
 11619  5218 1.1320e+11  118  110 1.0066e+11 1.1351e+11  12.8%   122 1405s
 11673  5228 infeasible  136      1.0066e+11 1.1351e+11  12.8%   122 1410s
 11682  5230 1.1188e+11  139  124 1.0066e+11 1.1351e+11  12.8%   122 1415s
 11703  5230 1.1040e+11  145   78 1.0066e+11 1.1351e+11  12.8%   122 1420s
 11757  5252 1.1351e+11  138   45 1.0066e+11 1.1351e+11  12.8%   122 1425s
 11794  5247 infeasible  125      1.0066e+11 1.1351e+11  12.8%   123 1430s
 11805  5244 1.1071e+11  128   85 1.0066e+11 1.1351e+11  12.8%   123 1436s
 11816  5241 1.1294e+11  124  202 1.0066e+11 1.1351e+11  12.8%   123 1440s
 11851  5246 1.1320e+11  116  102 1.0066e+11 1.1351e+11  12.8%   123 1445s
 11885  5252 1.1351e+11  109  139 1.0066e+11 1.1351e+11  12.8%   123 1450s
 11932  5264 1.1351e+11  111   92 1.0066e+11 1.1351e+11  12.8%   123 1455s
 11970  5275 1.1351e+11  105  138 1.0066e+11 1.1351e+11  12.8%   123 1460s
 11993  5288 1.1314e+11  120  206 1.0066e+11 1.1351e+11  12.8%   124 1465s
 12021  5286 1.1320e+11  121   91 1.0066e+11 1.1351e+11  12.8%   124 1470s
 12064  5293 1.1320e+11  116  102 1.0066e+11 1.1351e+11  12.8%   124 1475s
 12093  5302 1.1317e+11  120  191 1.0066e+11 1.1351e+11  12.8%   124 1480s
 12143  5311 1.1351e+11  116  100 1.0066e+11 1.1351e+11  12.8%   124 1485s
H12147  5073                    1.034620e+11 1.1351e+11  9.71%   124 1488s
 12158  5080 1.1317e+11  125  188 1.0346e+11 1.1351e+11  9.71%   124 1490s
 12179  5079 1.1157e+11  129  117 1.0346e+11 1.1351e+11  9.71%   124 1495s
 12207  5072 1.1351e+11   92  213 1.0346e+11 1.1351e+11  9.71%   125 1500s
 12233  5087 1.1322e+11  111  176 1.0346e+11 1.1351e+11  9.71%   125 1505s
 12288  5100 1.1351e+11  107   77 1.0346e+11 1.1351e+11  9.71%   124 1510s
 12336  5110 1.1351e+11  103   98 1.0346e+11 1.1351e+11  9.71%   125 1515s
 12371  5122 1.1351e+11  110   96 1.0346e+11 1.1351e+11  9.71%   125 1520s
 12398  5110 1.1351e+11   98  155 1.0346e+11 1.1351e+11  9.71%   125 1525s
 12415  5122 1.1344e+11  105  240 1.0346e+11 1.1351e+11  9.71%   125 1533s
 12424  5128 1.0907e+11  112  111 1.0346e+11 1.1351e+11  9.71%   125 1535s
 12445  5124 1.1351e+11  103  106 1.0346e+11 1.1351e+11  9.71%   125 1540s
 12493  5131 1.1351e+11  122   96 1.0346e+11 1.1351e+11  9.71%   126 1545s
 12528  5136 1.1351e+11  110   96 1.0346e+11 1.1351e+11  9.71%   126 1550s
 12575  5141 1.1351e+11  104  125 1.0346e+11 1.1351e+11  9.71%   126 1555s
 12609  5148 1.1040e+11  111  107 1.0346e+11 1.1351e+11  9.71%   127 1561s
 12627  5156 1.1351e+11  104  121 1.0346e+11 1.1351e+11  9.71%   127 1565s
 12654  5172 1.1322e+11  114  168 1.0346e+11 1.1351e+11  9.71%   127 1570s
 12709  5170 1.1040e+11  122   88 1.0346e+11 1.1351e+11  9.71%   127 1575s
 12776  5162 1.1351e+11  104  137 1.0346e+11 1.1351e+11  9.71%   127 1580s
 12788  5170 1.1322e+11  116  144 1.0346e+11 1.1351e+11  9.71%   127 1587s
 12809  5169 1.1351e+11  100   46 1.0346e+11 1.1351e+11  9.71%   128 1590s
 12840  5177 1.1071e+11  119  110 1.0346e+11 1.1351e+11  9.71%   128 1597s
 12862  5175 1.1343e+11  101  222 1.0346e+11 1.1351e+11  9.71%   128 1600s
 12899  5179 1.1188e+11  116  125 1.0346e+11 1.1351e+11  9.71%   128 1605s
 12921  5182 1.1348e+11  106  245 1.0346e+11 1.1351e+11  9.71%   129 1610s
 12961  5173 1.1351e+11  108  128 1.0346e+11 1.1351e+11  9.71%   129 1615s
 12984  5184 1.1157e+11  121  147 1.0346e+11 1.1351e+11  9.71%   129 1625s
 13015  5175 1.1344e+11  106  279 1.0346e+11 1.1351e+11  9.71%   129 1630s
 13052  5181 1.1157e+11  119  148 1.0346e+11 1.1351e+11  9.71%   129 1635s
 13102  5183 1.1351e+11  109  136 1.0346e+11 1.1351e+11  9.71%   129 1640s
 13145  5198 1.1347e+11  110  289 1.0346e+11 1.1351e+11  9.71%   130 1645s
 13161  5206 1.1239e+11  113  201 1.0346e+11 1.1351e+11  9.71%   130 1650s
 13226  5211 1.1351e+11   26  267 1.0346e+11 1.1351e+11  9.71%   130 1655s
 13281  5248 1.1351e+11   72   83 1.0346e+11 1.1351e+11  9.71%   130 1660s
 13308  5256 1.1351e+11   44  115 1.0346e+11 1.1351e+11  9.71%   130 1665s
 13337  5275 1.1351e+11   66  179 1.0346e+11 1.1351e+11  9.71%   130 1670s
 13368  5296 1.1351e+11   88  130 1.0346e+11 1.1351e+11  9.71%   130 1675s
 13405  5319 1.1350e+11  116  187 1.0346e+11 1.1351e+11  9.71%   130 1680s
 13465  5343 1.1157e+11   86  144 1.0346e+11 1.1351e+11  9.71%   130 1685s
 13533  5374 1.1351e+11   59  144 1.0346e+11 1.1351e+11  9.71%   129 1690s
 13570  5394 1.1351e+11   83  108 1.0346e+11 1.1351e+11  9.71%   129 1695s
 13612  5413 1.1187e+11  116  179 1.0346e+11 1.1351e+11  9.71%   129 1700s
 13667  5421 1.1351e+11   42   73 1.0346e+11 1.1351e+11  9.71%   129 1705s
 13699  5443 1.1351e+11   74  205 1.0346e+11 1.1351e+11  9.71%   129 1710s
 13719  5455 1.0876e+11   94  138 1.0346e+11 1.1351e+11  9.71%   129 1715s
 13801  5489 1.1351e+11   33  134 1.0346e+11 1.1351e+11  9.71%   128 1720s
 13828  5505 1.1351e+11   46  138 1.0346e+11 1.1351e+11  9.71%   129 1725s
 13857  5524 1.1320e+11   63  102 1.0346e+11 1.1351e+11  9.71%   128 1730s
 13941  5540 1.1351e+11   42   66 1.0346e+11 1.1351e+11  9.71%   128 1735s
 13991  5569 1.1351e+11   84   98 1.0346e+11 1.1351e+11  9.71%   128 1740s
 14007  5576 1.1322e+11   91  153 1.0346e+11 1.1351e+11  9.71%   128 1751s
 14022  5575 1.1040e+11   96   67 1.0346e+11 1.1351e+11  9.71%   128 1755s
 14063  5557 1.1040e+11  128  134 1.0346e+11 1.1351e+11  9.71%   129 1760s
 14112  5556 1.1351e+11  100   53 1.0346e+11 1.1351e+11  9.71%   129 1765s
 14137  5573 1.1351e+11  110  195 1.0346e+11 1.1351e+11  9.71%   129 1770s
 14193  5557 1.1351e+11   98  137 1.0346e+11 1.1351e+11  9.71%   130 1775s
 14218  5570 1.1320e+11  118  160 1.0346e+11 1.1351e+11  9.71%   130 1780s
 14255  5576 1.1157e+11  107  111 1.0346e+11 1.1351e+11  9.71%   131 1785s
 14297  5584 1.1351e+11  112  103 1.0346e+11 1.1351e+11  9.71%   131 1790s
 14323  5591 1.1320e+11  117   95 1.0346e+11 1.1351e+11  9.71%   131 1795s
 14359  5597 1.1351e+11   48  223 1.0346e+11 1.1351e+11  9.71%   131 1800s
 14380  5611 1.1351e+11   59   81 1.0346e+11 1.1351e+11  9.71%   131 1805s
 14424  5614 1.1351e+11   40   61 1.0346e+11 1.1351e+11  9.71%   132 1810s
 14477  5631 1.1351e+11  105  140 1.0346e+11 1.1351e+11  9.71%   132 1815s
 14528  5633 1.1351e+11  110   79 1.0346e+11 1.1351e+11  9.71%   132 1820s
 14567  5628 1.1351e+11  115  117 1.0346e+11 1.1351e+11  9.71%   132 1825s
 14607  5626 infeasible  115      1.0346e+11 1.1351e+11  9.71%   132 1830s
 14651  5627 1.1320e+11  129   64 1.0346e+11 1.1351e+11  9.71%   132 1835s
 14689  5622 1.1351e+11   59   81 1.0346e+11 1.1351e+11  9.71%   132 1840s
 14729  5648 1.1351e+11   93  100 1.0346e+11 1.1351e+11  9.71%   132 1845s
 14753  5664 1.1351e+11  105   90 1.0346e+11 1.1351e+11  9.71%   132 1850s
 14795  5690 1.1157e+11  126   99 1.0346e+11 1.1351e+11  9.71%   132 1855s
 14827  5700 1.1351e+11   61  116 1.0346e+11 1.1351e+11  9.71%   132 1860s
 14882  5732 1.0759e+11  104   81 1.0346e+11 1.1351e+11  9.71%   132 1865s
 14932  5748 1.1351e+11   77  180 1.0346e+11 1.1351e+11  9.71%   132 1871s
 14959  5766 1.1351e+11   93   99 1.0346e+11 1.1351e+11  9.71%   132 1875s
 14969  5772 1.1351e+11  100   83 1.0346e+11 1.1351e+11  9.71%   133 1883s
 14997  5791 1.1351e+11  124   98 1.0346e+11 1.1351e+11  9.71%   132 1885s
 15025  5810 1.1351e+11  138  228 1.0346e+11 1.1351e+11  9.71%   132 1890s
 15049  5824 1.1040e+11  152   79 1.0346e+11 1.1351e+11  9.71%   133 1895s
 15101  5834 1.1351e+11   55  143 1.0346e+11 1.1351e+11  9.71%   133 1900s
 15136  5856 1.1157e+11   68  114 1.0346e+11 1.1351e+11  9.71%   133 1905s
 15173  5854 1.1351e+11   60   50 1.0346e+11 1.1351e+11  9.71%   133 1910s
 15218  5883 1.1188e+11  105  110 1.0346e+11 1.1351e+11  9.71%   133 1915s
 15290  5915 1.0876e+11  167   57 1.0346e+11 1.1351e+11  9.71%   132 1920s
 15330  5924 1.1351e+11   79   99 1.0346e+11 1.1351e+11  9.71%   132 1925s
 15385  5953 1.1320e+11  118   95 1.0346e+11 1.1351e+11  9.71%   132 1930s
 15423  5961 1.1351e+11   56   83 1.0346e+11 1.1351e+11  9.71%   132 1935s
 15480  5973 infeasible  126      1.0346e+11 1.1351e+11  9.71%   132 1940s
 15533  5978 1.1351e+11   57  265 1.0346e+11 1.1351e+11  9.71%   132 1945s
 15569  6002 1.1351e+11   79   99 1.0346e+11 1.1351e+11  9.71%   133 1950s
 15612  6022 1.0876e+11   58  113 1.0346e+11 1.1351e+11  9.71%   133 1955s
 15699  6070 1.0876e+11  113  120 1.0346e+11 1.1351e+11  9.71%   132 1960s
 15764  6099 1.1351e+11   49  155 1.0346e+11 1.1351e+11  9.71%   132 1965s
 15831  6144 1.0907e+11  116  107 1.0346e+11 1.1351e+11  9.71%   132 1970s
 15881  6163 1.1351e+11   61   58 1.0346e+11 1.1351e+11  9.71%   132 1975s
 15922  6185 1.1320e+11   84  128 1.0346e+11 1.1351e+11  9.71%   132 1980s
 15947  6191 1.1351e+11   52   87 1.0346e+11 1.1351e+11  9.71%   132 1985s
 16003  6209 1.1351e+11   39  228 1.0346e+11 1.1351e+11  9.71%   132 1990s
 16037  6227 1.1082e+11   65  168 1.0346e+11 1.1351e+11  9.71%   132 1995s
 16077  6246 1.1351e+11   72  131 1.0346e+11 1.1351e+11  9.71%   132 2000s
 16161  6274 1.1351e+11   55  108 1.0346e+11 1.1351e+11  9.71%   132 2005s
 16178  6285 1.1351e+11   61  114 1.0346e+11 1.1351e+11  9.71%   132 2015s
 16209  6298 1.1320e+11   75   76 1.0346e+11 1.1351e+11  9.71%   132 2020s
 16248  6311 1.1310e+11   79  150 1.0346e+11 1.1351e+11  9.71%   132 2025s
 16283  6314 1.1322e+11   64  170 1.0346e+11 1.1351e+11  9.71%   132 2031s
 16328  6327 1.1322e+11   67  158 1.0346e+11 1.1351e+11  9.71%   132 2035s
 16388  6353 1.1351e+11   67   81 1.0346e+11 1.1351e+11  9.71%   132 2040s
 16447  6373 1.1349e+11   77  228 1.0346e+11 1.1351e+11  9.71%   132 2045s
 16506  6396 1.1351e+11   72   68 1.0346e+11 1.1351e+11  9.71%   132 2050s
 16556  6403 1.1351e+11   50   66 1.0346e+11 1.1351e+11  9.71%   133 2055s
 16608  6429 infeasible   85      1.0346e+11 1.1351e+11  9.71%   132 2060s
 16649  6446 1.1322e+11   79  155 1.0346e+11 1.1351e+11  9.71%   133 2065s
 16686  6455 1.1351e+11   60  107 1.0346e+11 1.1351e+11  9.71%   133 2070s
 16722  6461 1.1320e+11   74   93 1.0346e+11 1.1351e+11  9.71%   133 2075s
 16773  6487 1.1351e+11   95   85 1.0346e+11 1.1351e+11  9.71%   133 2080s
 16806  6496 infeasible  106      1.0346e+11 1.1351e+11  9.71%   133 2085s
 16828  6505 1.1351e+11   69  109 1.0346e+11 1.1351e+11  9.71%   133 2090s
 16892  6541 infeasible  110      1.0346e+11 1.1351e+11  9.71%   133 2095s
 16956  6542 1.1351e+11   61  113 1.0346e+11 1.1351e+11  9.71%   133 2100s
 17006  6554 1.1351e+11   64  108 1.0346e+11 1.1351e+11  9.71%   133 2105s
 17055  6563 infeasible   66      1.0346e+11 1.1351e+11  9.71%   133 2110s
 17097  6591 1.1351e+11   59  106 1.0346e+11 1.1351e+11  9.71%   133 2115s
 17140  6615 1.1188e+11   91   96 1.0346e+11 1.1351e+11  9.71%   133 2122s
 17173  6615 1.1322e+11   70  172 1.0346e+11 1.1351e+11  9.71%   133 2125s
 17231  6619 1.1340e+11   68  223 1.0346e+11 1.1351e+11  9.71%   133 2130s
 17297  6625 1.1351e+11   62  147 1.0346e+11 1.1351e+11  9.71%   133 2135s
 17363  6639 1.1040e+11   73  130 1.0346e+11 1.1351e+11  9.71%   133 2140s
 17391  6637 1.1322e+11   67  155 1.0346e+11 1.1351e+11  9.71%   133 2145s
 17460  6653 1.1188e+11   92   68 1.0346e+11 1.1351e+11  9.71%   133 2150s
 17485  6654 1.1320e+11   70  113 1.0346e+11 1.1351e+11  9.71%   133 2160s
 17516  6650 1.1351e+11   39  111 1.0346e+11 1.1351e+11  9.71%   133 2165s
 17547  6671 1.1351e+11   61  121 1.0346e+11 1.1351e+11  9.71%   133 2170s
 17591  6698 1.1320e+11   87  158 1.0346e+11 1.1351e+11  9.71%   133 2175s
 17649  6709 1.1322e+11   61  147 1.0346e+11 1.1351e+11  9.71%   134 2180s
 17696  6700 1.1351e+11   63  133 1.0346e+11 1.1351e+11  9.71%   134 2185s
 17747  6708 1.1351e+11   60  120 1.0346e+11 1.1351e+11  9.71%   134 2190s
 17776  6714 infeasible   66      1.0346e+11 1.1351e+11  9.71%   134 2195s
 17833  6728 1.1351e+11   65   98 1.0346e+11 1.1351e+11  9.71%   134 2200s
 17880  6737 1.1351e+11   66   94 1.0346e+11 1.1351e+11  9.71%   134 2206s
 17911  6746 1.1322e+11   59  181 1.0346e+11 1.1351e+11  9.71%   134 2210s
 17962  6768 1.1351e+11   64  105 1.0346e+11 1.1351e+11  9.71%   134 2215s
 18043  6784 1.1188e+11   76  113 1.0346e+11 1.1351e+11  9.71%   134 2220s
 18119  6787 1.1351e+11  104  135 1.0346e+11 1.1351e+11  9.71%   134 2225s
 18166  6795 1.1351e+11  120   97 1.0346e+11 1.1351e+11  9.71%   134 2230s
 18224  6813 1.1351e+11   57  106 1.0346e+11 1.1351e+11  9.71%   135 2235s
 18277  6825 1.1114e+11   71  192 1.0346e+11 1.1351e+11  9.71%   135 2240s
 18338  6841 1.1322e+11   61  159 1.0346e+11 1.1351e+11  9.71%   135 2245s
 18374  6855 1.1351e+11   75  227 1.0346e+11 1.1351e+11  9.71%   135 2250s
 18481  6875 1.1320e+11   79   99 1.0346e+11 1.1351e+11  9.71%   135 2255s
 18558  6875 infeasible   80      1.0346e+11 1.1351e+11  9.71%   135 2260s
 18626  6878 1.1320e+11  112  126 1.0346e+11 1.1351e+11  9.71%   135 2266s
 18660  6890 1.1188e+11   78  101 1.0346e+11 1.1351e+11  9.71%   135 2270s
 18760  6881 1.1345e+11  110  243 1.0346e+11 1.1351e+11  9.71%   135 2275s
 18847  6917 1.0876e+11  127  116 1.0346e+11 1.1351e+11  9.71%   135 2280s
 18893  6913 1.1322e+11   68  184 1.0346e+11 1.1351e+11  9.71%   135 2285s
 18944  6919 infeasible   84      1.0346e+11 1.1351e+11  9.71%   135 2290s
 18972  6922 1.1351e+11   40   39 1.0346e+11 1.1351e+11  9.71%   135 2303s
 18994  6937 1.1351e+11   59   88 1.0346e+11 1.1351e+11  9.71%   135 2305s
 19027  6957 1.1351e+11   87  137 1.0346e+11 1.1351e+11  9.71%   135 2311s
 19055  6969 1.1320e+11  108  144 1.0346e+11 1.1351e+11  9.71%   135 2315s
 19084  6985 1.1040e+11  121   67 1.0346e+11 1.1351e+11  9.71%   135 2320s
 19152  7012 1.1351e+11   59  274 1.0346e+11 1.1351e+11  9.71%   135 2325s
 19196  7041 1.0876e+11  103  152 1.0346e+11 1.1351e+11  9.71%   135 2330s
 19250  7065 1.1351e+11   72   51 1.0346e+11 1.1351e+11  9.71%   135 2335s
 19273  7081 1.1351e+11   89  100 1.0346e+11 1.1351e+11  9.71%   135 2340s
 19324  7093 infeasible  108      1.0346e+11 1.1351e+11  9.71%   135 2345s
 19378  7113 1.1348e+11  102  229 1.0346e+11 1.1351e+11  9.71%   135 2350s
 19442  7121 1.1322e+11   88  231 1.0346e+11 1.1351e+11  9.71%   135 2356s
 19466  7131 1.1061e+11   99  193 1.0346e+11 1.1351e+11  9.71%   135 2360s
 19501  7147 1.1351e+11   65  132 1.0346e+11 1.1351e+11  9.71%   135 2365s
 19532  7167 1.1322e+11   84  138 1.0346e+11 1.1351e+11  9.71%   135 2370s
 19568  7171 1.1351e+11   49  277 1.0346e+11 1.1351e+11  9.71%   136 2375s
 19603  7195 1.1351e+11   64  128 1.0346e+11 1.1351e+11  9.71%   136 2380s
 19667  7213 1.1351e+11   56   85 1.0346e+11 1.1351e+11  9.71%   136 2385s
 19696  7233 1.1344e+11   73  333 1.0346e+11 1.1351e+11  9.71%   136 2390s
 19772  7275 1.1157e+11  128   77 1.0346e+11 1.1351e+11  9.71%   136 2395s
 19854  7310 1.1351e+11   69  226 1.0346e+11 1.1351e+11  9.71%   136 2400s
 19896  7337 1.0627e+11  111  112 1.0346e+11 1.1351e+11  9.71%   136 2405s
 19965  7371 1.1351e+11   64   63 1.0346e+11 1.1351e+11  9.71%   136 2410s
 20015  7398 1.1351e+11  100   91 1.0346e+11 1.1351e+11  9.71%   136 2415s
 20042  7414 1.1343e+11  113  274 1.0346e+11 1.1351e+11  9.71%   136 2420s
 20079  7424 1.1351e+11   59   72 1.0346e+11 1.1351e+11  9.71%   136 2425s
 20151  7462 infeasible  110      1.0346e+11 1.1351e+11  9.71%   136 2430s
 20208  7475 infeasible  102      1.0346e+11 1.1351e+11  9.71%   136 2435s
 20255  7476 1.1351e+11   56  170 1.0346e+11 1.1351e+11  9.71%   136 2440s
 20324  7522 1.1351e+11  101   75 1.0346e+11 1.1351e+11  9.71%   136 2445s
 20385  7517 1.1351e+11   62  125 1.0346e+11 1.1351e+11  9.71%   136 2450s
 20424  7541 1.1320e+11   85  116 1.0346e+11 1.1351e+11  9.71%   136 2455s
 20477  7564 1.1351e+11   89  131 1.0346e+11 1.1351e+11  9.71%   136 2468s
 20489  7570 1.1351e+11   95  115 1.0346e+11 1.1351e+11  9.71%   136 2470s
 20513  7580 1.1320e+11  110  125 1.0346e+11 1.1351e+11  9.71%   136 2475s
 20567  7588 1.1351e+11   80   97 1.0346e+11 1.1351e+11  9.71%   136 2480s
 20586  7597 1.1351e+11  119  123 1.0346e+11 1.1351e+11  9.71%   136 2485s
 20623  7600 1.1351e+11   58  150 1.0346e+11 1.1351e+11  9.71%   136 2490s
 20639  7608 1.1322e+11   69  178 1.0346e+11 1.1351e+11  9.71%   136 2495s
 20690  7614 1.1351e+11   58  149 1.0346e+11 1.1351e+11  9.71%   136 2500s
 20766  7638 1.1320e+11   76  102 1.0346e+11 1.1351e+11  9.71%   136 2505s
 20851  7663 1.1351e+11   55  145 1.0346e+11 1.1351e+11  9.71%   136 2512s
 20869  7675 1.1188e+11   73   95 1.0346e+11 1.1351e+11  9.71%   136 2515s
 20959  7693 infeasible  126      1.0346e+11 1.1351e+11  9.71%   136 2520s
 21051  7686 infeasible  127      1.0346e+11 1.1351e+11  9.71%   136 2525s
 21132  7692 1.1351e+11  117   59 1.0346e+11 1.1351e+11  9.71%   136 2531s
 21188  7697 infeasible  121      1.0346e+11 1.1351e+11  9.71%   136 2535s
 21266  7708 1.1351e+11   69  285 1.0346e+11 1.1351e+11  9.71%   136 2540s
 21322  7740 1.1103e+11  105  136 1.0346e+11 1.1351e+11  9.71%   136 2545s
 21356  7746 1.1351e+11  116   94 1.0346e+11 1.1351e+11  9.71%   136 2550s
 21403  7754 1.1252e+11  118  267 1.0346e+11 1.1351e+11  9.71%   136 2555s
 21446  7758 1.1351e+11   74  113 1.0346e+11 1.1351e+11  9.71%   136 2560s
 21551  7800 1.1351e+11   62   80 1.0346e+11 1.1351e+11  9.71%   136 2565s
 21636  7815 1.1351e+11   67  100 1.0346e+11 1.1351e+11  9.71%   136 2570s
 21696  7840 1.1348e+11   80  154 1.0346e+11 1.1351e+11  9.71%   136 2575s
 21778  7857 1.1351e+11   69  123 1.0346e+11 1.1351e+11  9.71%   136 2580s
 21849  7873 1.1157e+11  117   86 1.0346e+11 1.1351e+11  9.71%   136 2587s
 21875  7880 1.0907e+11   78  156 1.0346e+11 1.1351e+11  9.71%   136 2590s
 21960  7902 1.1351e+11   56  113 1.0346e+11 1.1351e+11  9.71%   136 2595s
 22038  7927 infeasible  134      1.0346e+11 1.1351e+11  9.71%   136 2600s
 22134  7949 1.1351e+11   55   99 1.0346e+11 1.1351e+11  9.71%   136 2605s
 22164  7963 1.1040e+11   75  129 1.0346e+11 1.1351e+11  9.71%   136 2610s
 22272  7995 1.1351e+11   62   80 1.0346e+11 1.1351e+11  9.71%   136 2615s
 22351  8033 1.1351e+11   69   93 1.0346e+11 1.1351e+11  9.71%   136 2620s
 22394  8041 1.1232e+11   77  238 1.0346e+11 1.1351e+11  9.71%   136 2625s
 22424  8031 1.1351e+11  129   70 1.0346e+11 1.1351e+11  9.71%   136 2639s
 22425  8031 1.1277e+11  130  227 1.0346e+11 1.1351e+11  9.71%   136 2641s
 22454  8034 1.0907e+11  143   61 1.0346e+11 1.1351e+11  9.71%   136 2645s
 22499  8046 1.1157e+11  112  108 1.0346e+11 1.1351e+11  9.71%   136 2650s
 22546  8054 infeasible  105      1.0346e+11 1.1351e+11  9.71%   136 2655s
 22604  8058 1.1351e+11   98   69 1.0346e+11 1.1351e+11  9.71%   136 2660s
 22649  8063 1.1333e+11   99  230 1.0346e+11 1.1351e+11  9.71%   136 2665s
 22707  8056 1.1351e+11  114   77 1.0346e+11 1.1351e+11  9.71%   136 2670s
 22743  8061 1.1157e+11   99  132 1.0346e+11 1.1351e+11  9.71%   136 2675s
 22783  8052 1.1320e+11  139  108 1.0346e+11 1.1351e+11  9.71%   137 2680s
 22839  8045 1.1351e+11   92   97 1.0346e+11 1.1351e+11  9.71%   137 2685s
 22875  8049 1.1347e+11  107  145 1.0346e+11 1.1351e+11  9.71%   137 2690s
 22905  8063 1.1157e+11  121  127 1.0346e+11 1.1351e+11  9.71%   137 2695s
 22955  8064 1.1351e+11  106  112 1.0346e+11 1.1351e+11  9.71%   137 2701s
 22994  8064 1.1351e+11  107   99 1.0346e+11 1.1351e+11  9.71%   137 2705s
 23059  8078 infeasible  121      1.0346e+11 1.1351e+11  9.71%   137 2710s
 23136  8062 1.1320e+11  137  147 1.0346e+11 1.1351e+11  9.71%   137 2715s
 23182  8070 infeasible  158      1.0346e+11 1.1351e+11  9.71%   137 2720s
 23231  8063 1.1320e+11  121   40 1.0346e+11 1.1351e+11  9.71%   137 2725s
 23322  8054 1.1351e+11   71  192 1.0346e+11 1.1351e+11  9.71%   138 2730s
 23392  8061 1.1206e+11   91  297 1.0346e+11 1.1351e+11  9.71%   138 2735s
 23431  8057 1.1351e+11   83  106 1.0346e+11 1.1351e+11  9.71%   138 2740s
 23488  8066 1.1040e+11  134   80 1.0346e+11 1.1351e+11  9.71%   138 2745s
 23547  8065 1.1351e+11   86   71 1.0346e+11 1.1351e+11  9.71%   138 2750s
 23595  8071 1.1157e+11   86  133 1.0346e+11 1.1351e+11  9.71%   138 2755s
 23664  8070 1.0907e+11  119   83 1.0346e+11 1.1351e+11  9.71%   138 2762s
 23700  8058 1.1326e+11   87  249 1.0346e+11 1.1351e+11  9.71%   138 2765s
 23757  8057 1.1351e+11  115   84 1.0346e+11 1.1351e+11  9.71%   138 2770s
 23823  8062 1.1040e+11  118   84 1.0346e+11 1.1351e+11  9.71%   138 2775s
 23885  8071 1.1114e+11  122  187 1.0346e+11 1.1351e+11  9.71%   139 2780s
 23915  8070 1.1351e+11   90   81 1.0346e+11 1.1351e+11  9.71%   139 2785s
 23983  8086 1.1320e+11  116  140 1.0346e+11 1.1351e+11  9.71%   139 2790s
 24059  8108 infeasible  120      1.0346e+11 1.1351e+11  9.71%   139 2795s
 24108  8111 1.1345e+11  116  180 1.0346e+11 1.1351e+11  9.71%   139 2800s
 24132  8120 1.1014e+11  125  139 1.0346e+11 1.1351e+11  9.71%   139 2805s
 24185  8135 1.1351e+11   86   98 1.0346e+11 1.1351e+11  9.71%   139 2810s
 24248  8162 infeasible   94      1.0346e+11 1.1351e+11  9.71%   139 2815s
 24314  8176 1.1351e+11   89   76 1.0346e+11 1.1351e+11  9.71%   139 2820s
 24386  8204 1.1351e+11   82   74 1.0346e+11 1.1351e+11  9.71%   139 2825s
 24468  8219 1.1351e+11   91   99 1.0346e+11 1.1351e+11  9.71%   139 2830s
 24505  8233 infeasible  106      1.0346e+11 1.1351e+11  9.71%   139 2835s
 24511  8237 1.1316e+11  109  171 1.0346e+11 1.1351e+11  9.71%   139 2840s
 24528  8231 1.1157e+11   95   86 1.0346e+11 1.1351e+11  9.71%   139 2848s
 24554  8235 infeasible  103      1.0346e+11 1.1351e+11  9.71%   139 2850s
 24597  8234 1.1310e+11   94  158 1.0346e+11 1.1351e+11  9.71%   139 2864s
 24605  8234 1.1351e+11   89   88 1.0346e+11 1.1351e+11  9.71%   139 2865s
 24647  8248 1.1157e+11   97   62 1.0346e+11 1.1351e+11  9.71%   139 2870s
 24685  8259 1.1157e+11  100   82 1.0346e+11 1.1351e+11  9.71%   139 2875s
 24748  8274 infeasible  103      1.0346e+11 1.1351e+11  9.71%   139 2880s
 24797  8293 1.1350e+11   97  257 1.0346e+11 1.1351e+11  9.71%   139 2885s
 24861  8310 1.1286e+11   91  192 1.0346e+11 1.1351e+11  9.71%   139 2890s
 24911  8333 1.1341e+11   98  217 1.0346e+11 1.1351e+11  9.71%   139 2895s
 24955  8347 1.1157e+11   99   80 1.0346e+11 1.1351e+11  9.71%   139 2900s
 25011  8367 1.1040e+11  102   83 1.0346e+11 1.1351e+11  9.71%   139 2905s
 25081  8388 1.1317e+11   94  192 1.0346e+11 1.1351e+11  9.71%   139 2910s
 25128  8414 1.1157e+11  120  102 1.0346e+11 1.1351e+11  9.71%   139 2916s
 25170  8432 1.1068e+11  123  188 1.0346e+11 1.1351e+11  9.71%   139 2920s
 25199  8436 infeasible  129      1.0346e+11 1.1351e+11  9.71%   140 2925s
 25251  8458 1.1351e+11   84   87 1.0346e+11 1.1351e+11  9.71%   140 2930s
 25278  8470 1.1351e+11   91   55 1.0346e+11 1.1351e+11  9.71%   140 2935s
 25322  8479 infeasible   90      1.0346e+11 1.1351e+11  9.71%   140 2940s
 25383  8489 1.1157e+11   88  104 1.0346e+11 1.1351e+11  9.71%   140 2948s
 25398  8490 1.1110e+11  115  206 1.0346e+11 1.1351e+11  9.71%   140 2950s
 25444  8497 1.1320e+11  119  107 1.0346e+11 1.1351e+11  9.71%   140 2955s
 25496  8513 1.1320e+11  118   96 1.0346e+11 1.1351e+11  9.71%   140 2960s
 25526  8518 1.1071e+11  126   52 1.0346e+11 1.1351e+11  9.71%   140 2965s
 25583  8530 1.1271e+11   94  252 1.0346e+11 1.1351e+11  9.71%   140 2970s
 25650  8546 1.1157e+11  133   63 1.0346e+11 1.1351e+11  9.71%   140 2975s
 25718  8582 1.1318e+11  134  147 1.0346e+11 1.1351e+11  9.71%   140 2982s
 25740  8586 1.1322e+11   93  255 1.0346e+11 1.1351e+11  9.71%   140 2985s
 25805  8602 1.1258e+11   92  203 1.0346e+11 1.1351e+11  9.71%   141 2990s
 25890  8610 infeasible   99      1.0346e+11 1.1351e+11  9.71%   141 2995s
 25978  8640 1.1320e+11   68   98 1.0346e+11 1.1351e+11  9.71%   141 3000s
 26028  8661 1.1157e+11   77  115 1.0346e+11 1.1351e+11  9.71%   141 3005s
 26069  8671 1.1351e+11   80   44 1.0346e+11 1.1351e+11  9.71%   141 3010s
 26108  8682 1.1320e+11   74   90 1.0346e+11 1.1351e+11  9.71%   141 3017s
 26133  8697 1.1320e+11   75   90 1.0346e+11 1.1351e+11  9.71%   141 3020s
 26187  8715 1.1350e+11   74  187 1.0346e+11 1.1351e+11  9.71%   141 3025s
 26242  8730 infeasible   69      1.0346e+11 1.1351e+11  9.71%   141 3030s
 26311  8759 1.1157e+11   92   70 1.0346e+11 1.1351e+11  9.71%   141 3035s
 26345  8767 1.1351e+11   61  140 1.0346e+11 1.1351e+11  9.71%   141 3040s
 26378  8788 1.1351e+11   61   61 1.0346e+11 1.1351e+11  9.71%   142 3045s
 26393  8796 1.1320e+11   68  155 1.0346e+11 1.1351e+11  9.71%   142 3058s
 26399  8794 infeasible   69      1.0346e+11 1.1351e+11  9.71%   142 3060s
 26449  8809 infeasible   84      1.0346e+11 1.1351e+11  9.71%   142 3065s
 26482  8820 1.1351e+11   58  109 1.0346e+11 1.1351e+11  9.71%   142 3072s
 26505  8829 1.1110e+11   68  230 1.0346e+11 1.1351e+11  9.71%   142 3075s
 26553  8857 1.1071e+11   85  108 1.0346e+11 1.1351e+11  9.71%   142 3080s
 26597  8881 1.1320e+11   64  157 1.0346e+11 1.1351e+11  9.71%   142 3085s
 26646  8911 1.1058e+11  119  204 1.0346e+11 1.1351e+11  9.71%   142 3090s
 26671  8915 1.1320e+11  137   85 1.0346e+11 1.1351e+11  9.71%   142 3095s
 26710  8937 1.1085e+11   94  135 1.0346e+11 1.1351e+11  9.71%   142 3100s
 26808  8974 1.1351e+11   55  101 1.0346e+11 1.1351e+11  9.71%   142 3105s
 26854  8996 infeasible   57      1.0346e+11 1.1351e+11  9.71%   143 3110s
 26879  9018 1.1188e+11   72  212 1.0346e+11 1.1351e+11  9.71%   143 3115s
 26930  9047 1.1351e+11   58  148 1.0346e+11 1.1351e+11  9.71%   143 3120s
 26987  9079 1.1157e+11   94   96 1.0346e+11 1.1351e+11  9.71%   143 3125s
 27057  9105 1.1320e+11   59  142 1.0346e+11 1.1351e+11  9.71%   143 3130s
 27077  9109 1.1351e+11   54  111 1.0346e+11 1.1351e+11  9.71%   143 3135s
 27129  9127 1.1351e+11   71  113 1.0346e+11 1.1351e+11  9.71%   143 3140s
 27185  9151 1.1351e+11  115   81 1.0346e+11 1.1351e+11  9.71%   143 3145s
 27274  9186 infeasible  124      1.0346e+11 1.1351e+11  9.71%   144 3150s
 27342  9224 1.1351e+11   82  155 1.0346e+11 1.1351e+11  9.71%   144 3155s
 27396  9270 1.1351e+11  125   53 1.0346e+11 1.1351e+11  9.71%   144 3160s
 27455  9298 1.1351e+11   83   95 1.0346e+11 1.1351e+11  9.71%   144 3165s
 27521  9334 1.1320e+11   92   88 1.0346e+11 1.1351e+11  9.71%   144 3170s
 27560  9355 1.1351e+11   86  232 1.0346e+11 1.1351e+11  9.71%   144 3176s
 27580  9373 1.1351e+11  100  123 1.0346e+11 1.1351e+11  9.71%   144 3180s
 27620  9409 1.1351e+11  124   91 1.0346e+11 1.1351e+11  9.71%   144 3185s
 27710  9444 1.1351e+11   78   89 1.0346e+11 1.1351e+11  9.71%   144 3190s
 27761  9477 1.1351e+11   76   95 1.0346e+11 1.1351e+11  9.71%   144 3195s
 27841  9512 1.1351e+11  118   83 1.0346e+11 1.1351e+11  9.71%   144 3200s
 27904  9559 1.1351e+11   83  104 1.0346e+11 1.1351e+11  9.71%   144 3205s
 27945  9583 1.1320e+11   84   63 1.0346e+11 1.1351e+11  9.71%   144 3210s
 27972  9599 1.1351e+11   74  107 1.0346e+11 1.1351e+11  9.71%   144 3215s
 27977  9604 1.1351e+11   77   80 1.0346e+11 1.1351e+11  9.71%   144 3223s
 27989  9616 1.1351e+11   81  110 1.0346e+11 1.1351e+11  9.71%   144 3225s
 28013  9624 infeasible   93      1.0346e+11 1.1351e+11  9.71%   144 3230s
 28062  9652 1.1348e+11   87  141 1.0346e+11 1.1351e+11  9.71%   144 3235s
 28109  9667 infeasible   84      1.0346e+11 1.1351e+11  9.71%   144 3240s
 28169  9689 1.1040e+11  123   77 1.0346e+11 1.1351e+11  9.71%   144 3245s
 28196  9698 1.1188e+11  118   85 1.0346e+11 1.1351e+11  9.71%   144 3250s
 28252  9715 1.1320e+11   76  149 1.0346e+11 1.1351e+11  9.71%   144 3255s
 28335  9743 infeasible  142      1.0346e+11 1.1351e+11  9.71%   144 3260s
 28396  9765 1.1114e+11   75  198 1.0346e+11 1.1351e+11  9.71%   145 3265s
 28467  9808 1.1310e+11   82  194 1.0346e+11 1.1351e+11  9.71%   145 3270s
 28527  9825 1.1351e+11   62  174 1.0346e+11 1.1351e+11  9.71%   145 3277s
 28551  9849 1.1351e+11   80  100 1.0346e+11 1.1351e+11  9.71%   145 3280s
 28612  9889 1.1320e+11   72  173 1.0346e+11 1.1351e+11  9.71%   145 3285s
 28679  9924 1.1320e+11   76  138 1.0346e+11 1.1351e+11  9.71%   145 3290s
 28736  9945 1.1320e+11   74  151 1.0346e+11 1.1351e+11  9.71%   145 3295s
 28769  9960 1.1040e+11   81   80 1.0346e+11 1.1351e+11  9.71%   145 3301s
 28795  9966 infeasible  117      1.0346e+11 1.1351e+11  9.71%   146 3305s
 28844  9977 infeasible  115      1.0346e+11 1.1351e+11  9.71%   146 3310s
 28884  9999 1.1351e+11   80  101 1.0346e+11 1.1351e+11  9.71%   146 3315s
 28942 10037 1.1320e+11   64  139 1.0346e+11 1.1351e+11  9.71%   146 3320s
 28953 10042 1.1040e+11   69  110 1.0346e+11 1.1351e+11  9.71%   146 3330s
 28999 10062 1.1320e+11   80  133 1.0346e+11 1.1351e+11  9.71%   146 3336s
 29020 10067 1.1290e+11   71  198 1.0346e+11 1.1351e+11  9.71%   146 3340s
 29062 10077 1.1040e+11   77   90 1.0346e+11 1.1351e+11  9.71%   146 3345s
 29104 10096 1.1351e+11   78  122 1.0346e+11 1.1351e+11  9.71%   146 3350s
 29135 10113 1.1351e+11   62  210 1.0346e+11 1.1351e+11  9.71%   146 3355s
 29176 10144 1.1351e+11   85   97 1.0346e+11 1.1351e+11  9.71%   146 3360s
 29209 10165 1.1351e+11   86   99 1.0346e+11 1.1351e+11  9.71%   146 3365s
 29280 10202 1.1351e+11   61  130 1.0346e+11 1.1351e+11  9.71%   146 3370s
 29364 10247 1.1157e+11  111   92 1.0346e+11 1.1351e+11  9.71%   146 3375s
 29431 10266 1.1351e+11   61  206 1.0346e+11 1.1351e+11  9.71%   147 3382s
 29462 10297 1.1351e+11   85  109 1.0346e+11 1.1351e+11  9.71%   146 3385s
 29517 10338 1.1351e+11   94  108 1.0346e+11 1.1351e+11  9.71%   147 3390s
 29579 10359 infeasible   69      1.0346e+11 1.1351e+11  9.71%   147 3395s
 29604 10369 1.1320e+11   56  143 1.0346e+11 1.1351e+11  9.71%   147 3400s
 29663 10415 1.1320e+11  115  135 1.0346e+11 1.1351e+11  9.71%   147 3407s
 29692 10430 infeasible  131      1.0346e+11 1.1351e+11  9.71%   147 3410s
 29742 10452 infeasible   78      1.0346e+11 1.1351e+11  9.71%   147 3415s
 29771 10463 1.1351e+11  105  116 1.0346e+11 1.1351e+11  9.71%   147 3420s
 29834 10498 1.1320e+11  112  126 1.0346e+11 1.1351e+11  9.71%   147 3425s
 29907 10509 infeasible  117      1.0346e+11 1.1351e+11  9.71%   147 3430s
 29952 10542 1.1351e+11   83  127 1.0346e+11 1.1351e+11  9.71%   147 3435s
 29990 10560 1.1351e+11   70  133 1.0346e+11 1.1351e+11  9.71%   147 3440s
 30047 10601 1.1196e+11   69  170 1.0346e+11 1.1351e+11  9.71%   147 3445s
 30101 10635 1.1320e+11   63  127 1.0346e+11 1.1351e+11  9.71%   148 3452s
 30117 10635 infeasible  111      1.0346e+11 1.1351e+11  9.71%   148 3455s
 30145 10659 1.1320e+11   61  125 1.0346e+11 1.1351e+11  9.71%   148 3460s
 30212 10694 1.1262e+11  113  132 1.0346e+11 1.1351e+11  9.71%   148 3465s
 30278 10725 infeasible  140      1.0346e+11 1.1351e+11  9.71%   148 3470s
 30288 10729 1.1351e+11   61  195 1.0346e+11 1.1351e+11  9.71%   148 3475s
 30314 10755 1.1114e+11   82  174 1.0346e+11 1.1351e+11  9.71%   148 3480s
 30324 10760 1.1186e+11   86  119 1.0346e+11 1.1351e+11  9.71%   148 3490s
 30356 10776 infeasible   77      1.0346e+11 1.1351e+11  9.71%   148 3495s
 30382 10786 1.1320e+11   58  126 1.0346e+11 1.1351e+11  9.71%   148 3501s
 30429 10805 infeasible  124      1.0346e+11 1.1351e+11  9.71%   148 3505s
 30472 10806 1.1351e+11   55  182 1.0346e+11 1.1351e+11  9.71%   149 3510s
 30484 10818 1.1351e+11   62  167 1.0346e+11 1.1351e+11  9.71%   149 3515s
 30500 10834 1.1351e+11   70   76 1.0346e+11 1.1351e+11  9.71%   149 3520s
 30540 10856 1.1351e+11   70   58 1.0346e+11 1.1351e+11  9.71%   149 3525s
 30562 10876 1.1157e+11   83   79 1.0346e+11 1.1351e+11  9.71%   149 3530s
 30606 10910 1.1320e+11   77   95 1.0346e+11 1.1351e+11  9.71%   149 3537s
 30629 10917 1.1351e+11   66  107 1.0346e+11 1.1351e+11  9.71%   149 3540s
 30697 10958 infeasible   79      1.0346e+11 1.1351e+11  9.71%   149 3545s
 30752 10996 1.1188e+11   73   98 1.0346e+11 1.1351e+11  9.71%   149 3551s
 30779 11005 1.1351e+11   68   77 1.0346e+11 1.1351e+11  9.71%   149 3555s
 30838 11038 1.1351e+11   71   98 1.0346e+11 1.1351e+11  9.71%   149 3560s
 30884 11077 1.1157e+11  101   86 1.0346e+11 1.1351e+11  9.71%   149 3565s
 30928 11095 1.1071e+11   92   63 1.0346e+11 1.1351e+11  9.71%   149 3570s
 30961 11099 1.1342e+11  110  325 1.0346e+11 1.1351e+11  9.71%   150 3575s
 30989 11112 1.1351e+11   60   59 1.0346e+11 1.1351e+11  9.71%   150 3580s
 31021 11131 1.1351e+11   70  101 1.0346e+11 1.1351e+11  9.71%   150 3585s
 31075 11158 1.1351e+11   55  167 1.0346e+11 1.1351e+11  9.71%   150 3590s
 31108 11189 1.1157e+11   79  117 1.0346e+11 1.1351e+11  9.71%   150 3595s

Cutting planes:
  Learned: 51
  Gomory: 63
  Lift-and-project: 9
  Cover: 440
  Implied bound: 139
  Projected implied bound: 2
  Clique: 83
  MIR: 126
  Flow cover: 493
  GUB cover: 24
  Inf proof: 120
  Zero half: 7
  RLT: 53
  Relax-and-lift: 259

Explored 31143 nodes (4752577 simplex iterations) in 3599.56 seconds (1731.26 work units)
Thread count was 1 (of 28 available processors)

Solution count 10: 1.03462e+11 1.00658e+11 9.94877e+10 ... 8.5466e+10

Time limit reached
Best objective 1.034620350000e+11, best bound 1.135093800000e+11, gap 9.7111%

User-callback calls 1637934, time in user-callback 0.98 sec