Gurobi Optimizer version 12.0.3 build v12.0.3rc0 (linux64 - "Oracle Linux Server 9.4")

CPU model: Intel(R) Xeon(R) CPU E5-2660 v4 @ 2.00GHz, instruction set [SSE2|AVX|AVX2]
Thread count: 28 physical cores, 28 logical processors, using up to 1 threads

Non-default parameters:
TimeLimit  3599.479078584
SoftMemLimit  16
NumericFocus  1
Threads  1

Academic license 2690100 - for non-commercial use only - registered to ju___@uclm.es
Optimize a model with 9683 rows, 2436 columns and 33412 nonzeros
Model fingerprint: 0x5fb6551f
Variable types: 56 continuous, 2380 integer (2380 binary)
Coefficient statistics:
  Matrix range     [1e+00, 3e+13]
  Objective range  [9e+08, 7e+09]
  Bounds range     [1e+03, 1e+04]
  RHS range        [1e+00, 2e+14]
Warning: Model contains large matrix coefficient range
Warning: Model contains large objective coefficients
Warning: Model contains large rhs
Found heuristic solution: objective -0.0000000
Presolve removed 1608 rows and 0 columns
Presolve time: 0.17s
Presolved: 8075 rows, 2436 columns, 30052 nonzeros
Variable types: 56 continuous, 2380 integer (2380 binary)

Root relaxation: objective 1.009236e+11, 838 iterations, 0.03 seconds (0.01 work units)

    Nodes    |    Current Node    |     Objective Bounds      |     Work
 Expl Unexpl |  Obj  Depth IntInf | Incumbent    BestBd   Gap | It/Node Time

     0     0 1.0092e+11    0   52   -0.00000 1.0092e+11      -     -    0s
H    0     0                    7.110000e+09 1.0092e+11  1319%     -    0s
H    0     0                    2.453400e+10 1.0092e+11   311%     -    0s
H    0     0                    2.457600e+10 1.0092e+11   311%     -    0s
H    0     0                    2.466000e+10 1.0092e+11   309%     -    0s
     0     0 1.0047e+11    0   54 2.4660e+10 1.0047e+11   307%     -    0s
H    0     0                    3.492000e+10 1.0047e+11   188%     -    0s
     0     0 1.0047e+11    0  228 3.4920e+10 1.0047e+11   188%     -    0s
     0     0 1.0047e+11    0  206 3.4920e+10 1.0047e+11   188%     -    0s
     0     0 1.0047e+11    0   20 3.4920e+10 1.0047e+11   188%     -    0s
H    0     0                    3.845160e+10 1.0047e+11   161%     -    0s
     0     0 1.0047e+11    0   16 3.8452e+10 1.0047e+11   161%     -    0s
     0     0 1.0047e+11    0   12 3.8452e+10 1.0047e+11   161%     -    1s
     0     0 1.0047e+11    0   13 3.8452e+10 1.0047e+11   161%     -    1s
     0     0 1.0047e+11    0   26 3.8452e+10 1.0047e+11   161%     -    1s
     0     0 1.0047e+11    0   26 3.8452e+10 1.0047e+11   161%     -    1s
     0     0 1.0047e+11    0    9 3.8452e+10 1.0047e+11   161%     -    1s
H    0     0                    3.974400e+10 1.0047e+11   153%     -    1s
H    0     0                    4.325400e+10 1.0047e+11   132%     -    1s
     0     0 1.0047e+11    0    9 4.3254e+10 1.0047e+11   132%     -    1s
     0     0 1.0047e+11    0    6 4.3254e+10 1.0047e+11   132%     -    1s
     0     0 1.0047e+11    0   30 4.3254e+10 1.0047e+11   132%     -    1s
     0     0 1.0047e+11    0   12 4.3254e+10 1.0047e+11   132%     -    1s
     0     0 1.0047e+11    0   14 4.3254e+10 1.0047e+11   132%     -    1s
     0     0 1.0047e+11    0   14 4.3254e+10 1.0047e+11   132%     -    1s
     0     0 1.0047e+11    0    9 4.3254e+10 1.0047e+11   132%     -    2s
     0     2 1.0047e+11    0    9 4.3254e+10 1.0047e+11   132%     -    2s
H   26    23                    5.712840e+10 1.0047e+11  75.9%  55.3    2s
H   78    62                    6.274440e+10 1.0047e+11  60.1%  61.7    3s
H  104    66                    6.625440e+10 1.0047e+11  51.6%  52.2    3s
H  130    84                    6.985440e+10 1.0047e+11  43.8%  46.2    3s
H  260   109                    7.075440e+10 1.0047e+11  42.0%  36.3    4s
   300   119 1.0047e+11  163  237 7.0754e+10 1.0047e+11  42.0%  33.4    5s
H  420   171                    7.637040e+10 1.0047e+11  31.6%  27.3    6s
H  600   326                    8.198640e+10 1.0047e+11  22.5%  25.7    8s
   731   398 1.0047e+11  145    9 8.1986e+10 1.0047e+11  22.5%  27.3   10s
   755   416 1.0047e+11   12   12 8.1986e+10 1.0047e+11  22.5%  50.7   15s
   922   520 1.0047e+11  141   65 8.1986e+10 1.0047e+11  22.5%  46.2   20s
  1121   611 1.0047e+11  124  121 8.1986e+10 1.0047e+11  22.5%  44.3   25s
  1272   677 1.0047e+11   63   69 8.1986e+10 1.0047e+11  22.5%  43.0   30s
  1426   773 1.0047e+11  183  109 8.1986e+10 1.0047e+11  22.5%  41.4   35s
  1678   886 1.0047e+11  135   81 8.1986e+10 1.0047e+11  22.5%  40.1   40s
H 1731   880                    8.369640e+10 1.0047e+11  20.0%  40.3   41s
  1944   989 1.0047e+11   47  107 8.3696e+10 1.0047e+11  20.0%  37.8   45s
  2325  1309 1.0047e+11  147  103 8.3696e+10 1.0047e+11  20.0%  35.8   50s
* 2424  1376             206    9.111240e+10 1.0047e+11  10.3%  36.5   54s
  2455  1395 1.0047e+11   38   56 9.1112e+10 1.0047e+11  10.3%  36.2   55s
  2816  1717 1.0047e+11  138   97 9.1112e+10 1.0047e+11  10.3%  34.5   60s
  3212  2043 1.0047e+11  153  128 9.1112e+10 1.0047e+11  10.3%  33.3   65s
  3619  2406 1.0047e+11  148  143 9.1112e+10 1.0047e+11  10.3%  32.1   70s
H 3710  2454                    9.441720e+10 1.0047e+11  6.41%  31.9   71s
  3911  2641 1.0047e+11   64  158 9.4417e+10 1.0047e+11  6.41%  31.3   75s
  4224  2925 1.0047e+11   90  124 9.4417e+10 1.0047e+11  6.41%  31.5   80s
  4470  3120 1.0047e+11   85  139 9.4417e+10 1.0047e+11  6.41%  32.0   85s
  4673  3292 9.9497e+10  221   98 9.4417e+10 1.0047e+11  6.41%  31.9   90s
  4930  3507     cutoff  192      9.4417e+10 1.0047e+11  6.41%  32.0   95s
  5271  3791 1.0047e+11   18   54 9.4417e+10 1.0047e+11  6.41%  31.7  100s
  5585  4061 1.0047e+11   89  146 9.4417e+10 1.0047e+11  6.41%  31.0  105s
  5829  4275 1.0047e+11   63  123 9.4417e+10 1.0047e+11  6.41%  30.8  110s
  6152  4571 1.0047e+11  140   72 9.4417e+10 1.0047e+11  6.41%  30.1  115s
  6674  5023 1.0047e+11  172  101 9.4417e+10 1.0047e+11  6.41%  29.3  120s
  7004  5309 9.6568e+10  228   33 9.4417e+10 1.0047e+11  6.41%  29.0  126s
  7226  5506 1.0047e+11  105   65 9.4417e+10 1.0047e+11  6.41%  28.7  130s
  7668  5905 1.0047e+11  218  102 9.4417e+10 1.0047e+11  6.41%  27.9  135s
H 7698  5803                    9.702720e+10 1.0047e+11  3.55%  27.9  135s
  7940  5993 infeasible  183      9.7027e+10 1.0047e+11  3.55%  27.8  140s
  8397  6392 1.0047e+11  217   43 9.7027e+10 1.0047e+11  3.55%  27.3  145s
  8614  6547 1.0047e+11   79  105 9.7027e+10 1.0047e+11  3.55%  27.1  150s
  8902  6797 1.0047e+11  152   92 9.7027e+10 1.0047e+11  3.55%  26.9  155s
  9248  7037 1.0047e+11  195   89 9.7027e+10 1.0047e+11  3.55%  26.7  160s
  9653  7395 1.0047e+11  192   50 9.7027e+10 1.0047e+11  3.55%  26.4  165s
  9812  7482 1.0047e+11   78  110 9.7027e+10 1.0047e+11  3.55%  26.5  170s
 10164  7732 1.0047e+11   49  105 9.7027e+10 1.0047e+11  3.55%  26.4  175s
 10214  7777 1.0047e+11   68   15 9.7027e+10 1.0047e+11  3.55%  26.3  180s
 10295  7830 1.0047e+11   55  131 9.7027e+10 1.0047e+11  3.55%  28.5  185s
 10452  7892 1.0047e+11   84  176 9.7027e+10 1.0047e+11  3.55%  28.8  190s
 10611  7871 1.0047e+11   24   27 9.7027e+10 1.0047e+11  3.55%  28.8  195s
H10800  7208                    1.004736e+11 1.0047e+11  0.00%  28.5  199s

Cutting planes:
  Learned: 2
  Gomory: 3
  Cover: 38
  Implied bound: 19
  Clique: 68
  MIR: 7
  Flow cover: 35
  GUB cover: 16
  RLT: 2
  Relax-and-lift: 63

Explored 10801 nodes (320722 simplex iterations) in 199.82 seconds (97.78 work units)
Thread count was 1 (of 28 available processors)

Solution count 10: 1.00474e+11 9.70272e+10 9.44172e+10 ... 6.62544e+10

Optimal solution found (tolerance 1.00e-04)
Best objective 1.004736000000e+11, best bound 1.004736000000e+11, gap 0.0000%

User-callback calls 114866, time in user-callback 0.08 sec