Gurobi Optimizer version 12.0.3 build v12.0.3rc0 (linux64 - "Oracle Linux Server 9.4")

CPU model: Intel(R) Xeon(R) CPU E5-2660 v4 @ 2.00GHz, instruction set [SSE2|AVX|AVX2]
Thread count: 28 physical cores, 28 logical processors, using up to 1 threads

Non-default parameters:
TimeLimit  3599.476963778
SoftMemLimit  16
NumericFocus  1
Threads  1

Academic license 2690100 - for non-commercial use only - registered to ju___@uclm.es
Optimize a model with 8344 rows, 2106 columns and 28794 nonzeros
Model fingerprint: 0xba58cd0e
Variable types: 52 continuous, 2054 integer (2054 binary)
Coefficient statistics:
  Matrix range     [1e+00, 2e+13]
  Objective range  [2e+09, 6e+09]
  Bounds range     [1e+03, 1e+04]
  RHS range        [1e+00, 2e+14]
Warning: Model contains large matrix coefficient range
Warning: Model contains large objective coefficients
Warning: Model contains large rhs
Found heuristic solution: objective -0.0000000
Presolve removed 1395 rows and 0 columns
Presolve time: 0.15s
Presolved: 6949 rows, 2106 columns, 25866 nonzeros
Variable types: 52 continuous, 2054 integer (2054 binary)

Root relaxation: objective 9.608880e+10, 872 iterations, 0.03 seconds (0.01 work units)

    Nodes    |    Current Node    |     Objective Bounds      |     Work
 Expl Unexpl |  Obj  Depth IntInf | Incumbent    BestBd   Gap | It/Node Time

     0     0 9.6089e+10    0   11   -0.00000 9.6089e+10      -     -    0s
H    0     0                    1.610760e+10 9.6089e+10   497%     -    0s
     0     0 9.6089e+10    0   75 1.6108e+10 9.6089e+10   497%     -    0s
H    0     0                    7.126080e+10 9.6089e+10  34.8%     -    0s
H    0     0                    7.851480e+10 9.6089e+10  22.4%     -    0s
     0     0 9.6089e+10    0   84 7.8515e+10 9.6089e+10  22.4%     -    0s
     0     0 9.6089e+10    0    8 7.8515e+10 9.6089e+10  22.4%     -    0s
     0     0 9.6089e+10    0   11 7.8515e+10 9.6089e+10  22.4%     -    0s
     0     0 9.6089e+10    0   14 7.8515e+10 9.6089e+10  22.4%     -    0s
     0     0 9.6089e+10    0   14 7.8515e+10 9.6089e+10  22.4%     -    0s
     0     0 9.6089e+10    0   11 7.8515e+10 9.6089e+10  22.4%     -    0s
     0     0 9.6089e+10    0   11 7.8515e+10 9.6089e+10  22.4%     -    1s
     0     0 9.6089e+10    0    8 7.8515e+10 9.6089e+10  22.4%     -    1s
H    0     0                    8.545320e+10 9.6089e+10  12.4%     -    1s
H    0     0                    8.555040e+10 9.6089e+10  12.3%     -    1s
     0     0 9.6089e+10    0    4 8.5550e+10 9.6089e+10  12.3%     -    1s
     0     0 9.6089e+10    0    8 8.5550e+10 9.6089e+10  12.3%     -    1s
     0     0 9.6089e+10    0   10 8.5550e+10 9.6089e+10  12.3%     -    1s
     0     0 9.6089e+10    0    6 8.5550e+10 9.6089e+10  12.3%     -    1s
     0     2 9.6089e+10    0    6 8.5550e+10 9.6089e+10  12.3%     -    1s
H   78    55                    8.915040e+10 9.6089e+10  7.78%  37.2    2s
   371   182 9.6089e+10   71  232 8.9150e+10 9.6089e+10  7.78%  20.4    5s
H  796   320                    9.257040e+10 9.6089e+10  3.80%  25.9    7s
H  796   314                    9.266880e+10 9.6089e+10  3.69%  25.9    8s
   857   371 9.6089e+10    7    2 9.2669e+10 9.6089e+10  3.69%  24.7   10s
  1008   474 9.6089e+10  109  308 9.2669e+10 9.6089e+10  3.69%  18.0   15s
  1326   628 infeasible  154      9.2669e+10 9.6089e+10  3.69%  21.3   20s
  1503   544 9.6089e+10  136  146 9.2669e+10 9.6089e+10  3.69%  34.6   25s
  1607   573 infeasible  183      9.2669e+10 9.6089e+10  3.69%  40.1   30s
  1669   580 9.4289e+10  155  126 9.2669e+10 9.6089e+10  3.69%  42.7   35s
  1804   660 9.6089e+10  103  211 9.2669e+10 9.6089e+10  3.69%  43.3   40s
  1977   761 infeasible  185      9.2669e+10 9.6089e+10  3.69%  44.8   45s
  2240   926 9.6089e+10  156   76 9.2669e+10 9.6089e+10  3.69%  44.7   50s
  2511   929 9.6089e+10  155   34 9.2669e+10 9.6089e+10  3.69%  44.8   55s
  2715  1091 9.6089e+10  149  172 9.2669e+10 9.6089e+10  3.69%  45.4   60s
  2837  1127 9.6089e+10  168   87 9.2669e+10 9.6089e+10  3.69%  47.1   65s
  2939  1123 9.6089e+10  167  166 9.2669e+10 9.6089e+10  3.69%  49.4   70s
  3013  1139 infeasible  183      9.2669e+10 9.6089e+10  3.69%  50.9   75s
  3152  1122 infeasible  172      9.2669e+10 9.6089e+10  3.69%  53.4   80s
  3265  1125 9.6089e+10  173  149 9.2669e+10 9.6089e+10  3.69%  54.0   86s
  3357  1121 9.6089e+10  173  124 9.2669e+10 9.6089e+10  3.69%  54.8   90s
  3518  1150 9.6089e+10  185   77 9.2669e+10 9.6089e+10  3.69%  55.9   95s
  3718  1140 infeasible  184      9.2669e+10 9.6089e+10  3.69%  57.2  100s
  3885  1147 9.6089e+10  185   81 9.2669e+10 9.6089e+10  3.69%  58.1  105s
  4062  1128 9.6089e+10  172   44 9.2669e+10 9.6089e+10  3.69%  59.6  110s
  4165  1115 infeasible  171      9.2669e+10 9.6089e+10  3.69%  61.3  115s
  4234  1118 9.6089e+10  167   99 9.2669e+10 9.6089e+10  3.69%  63.2  120s
  4361  1113 9.6089e+10  161  175 9.2669e+10 9.6089e+10  3.69%  64.5  125s
  4430  1112 9.6089e+10  156  239 9.2669e+10 9.6089e+10  3.69%  65.5  132s
  4499  1121 infeasible  173      9.2669e+10 9.6089e+10  3.69%  65.9  135s
  4632  1134 infeasible  182      9.2669e+10 9.6089e+10  3.69%  66.9  140s
  4728  1126 9.6089e+10  178  146 9.2669e+10 9.6089e+10  3.69%  68.3  146s
  4801  1111 9.6089e+10  157  204 9.2669e+10 9.6089e+10  3.69%  69.9  150s
  4871  1115 9.6089e+10  158  209 9.2669e+10 9.6089e+10  3.69%  70.9  155s
  4979  1122 9.6089e+10  169  149 9.2669e+10 9.6089e+10  3.69%  71.4  160s
  5069  1114 9.6089e+10  162  196 9.2669e+10 9.6089e+10  3.69%  71.6  165s
  5179  1120 9.6089e+10  169  154 9.2669e+10 9.6089e+10  3.69%  72.1  170s
  5287  1110 9.6089e+10  164  128 9.2669e+10 9.6089e+10  3.69%  72.5  175s
  5390  1109 infeasible  169      9.2669e+10 9.6089e+10  3.69%  72.8  180s
  5572  1109 9.6089e+10  163   96 9.2669e+10 9.6089e+10  3.69%  72.5  185s
  5605  1108 infeasible  165      9.2669e+10 9.6089e+10  3.69%  72.6  190s
  5695  1112 9.6089e+10  159  216 9.2669e+10 9.6089e+10  3.69%  73.7  195s
  5806  1103 infeasible  166      9.2669e+10 9.6089e+10  3.69%  74.2  200s
  5916  1113 infeasible  166      9.2669e+10 9.6089e+10  3.69%  75.3  205s
  6053  1106 9.6089e+10  156  222 9.2669e+10 9.6089e+10  3.69%  75.6  210s
  6114  1107 9.6089e+10  159  215 9.2669e+10 9.6089e+10  3.69%  76.2  215s
  6189  1106 infeasible  159      9.2669e+10 9.6089e+10  3.69%  76.7  220s
  6269  1112 9.6089e+10  161  167 9.2669e+10 9.6089e+10  3.69%  77.8  225s
  6380  1121 infeasible  178      9.2669e+10 9.6089e+10  3.69%  77.8  230s
  6537  1114 infeasible  170      9.2669e+10 9.6089e+10  3.69%  77.7  235s
  6582  1121 9.6089e+10  174   57 9.2669e+10 9.6089e+10  3.69%  77.9  240s
  6735  1114 9.6089e+10  168   78 9.2669e+10 9.6089e+10  3.69%  77.8  245s
  6902  1139 infeasible  172      9.2669e+10 9.6089e+10  3.69%  76.8  250s
  7126  1119 9.6089e+10  174   75 9.2669e+10 9.6089e+10  3.69%  75.6  255s
  7310  1119 infeasible  179      9.2669e+10 9.6089e+10  3.69%  74.7  260s
  7530  1123 9.6089e+10  174  101 9.2669e+10 9.6089e+10  3.69%  74.0  265s
  7695  1112 9.6089e+10  166   80 9.2669e+10 9.6089e+10  3.69%  73.7  270s
  7802  1125 9.6089e+10  168   90 9.2669e+10 9.6089e+10  3.69%  73.5  275s
  7988  1127 9.6089e+10  167  140 9.2669e+10 9.6089e+10  3.69%  73.2  281s
  8165  1132 infeasible  183      9.2669e+10 9.6089e+10  3.69%  72.5  285s
  8368  1129 9.6089e+10  174   56 9.2669e+10 9.6089e+10  3.69%  71.7  290s
  8499  1112 9.6089e+10  161  237 9.2669e+10 9.6089e+10  3.69%  71.7  295s
  8692  1131 9.6089e+10  181   56 9.2669e+10 9.6089e+10  3.69%  71.3  300s
  8835  1135 9.6089e+10  179   54 9.2669e+10 9.6089e+10  3.69%  70.7  305s
  9074  1128 9.6089e+10  182   62 9.2669e+10 9.6089e+10  3.69%  69.7  310s
  9241  1129 infeasible  181      9.2669e+10 9.6089e+10  3.69%  69.5  315s
  9446  1134 infeasible  180      9.2669e+10 9.6089e+10  3.69%  68.8  320s
  9631  1115 infeasible  170      9.2669e+10 9.6089e+10  3.69%  68.6  325s
  9673  1115 9.6089e+10  165  132 9.2669e+10 9.6089e+10  3.69%  68.6  330s
  9894  1124 infeasible  185      9.2669e+10 9.6089e+10  3.69%  68.1  335s
 10086  1120 9.6089e+10  170   52 9.2669e+10 9.6089e+10  3.69%  67.7  340s
 10201  1115 9.6089e+10  165  181 9.2669e+10 9.6089e+10  3.69%  67.7  345s
 10381  1117 infeasible  169      9.2669e+10 9.6089e+10  3.69%  67.5  350s
 10502  1112 infeasible  174      9.2669e+10 9.6089e+10  3.69%  67.7  355s
 10676  1126 infeasible  177      9.2669e+10 9.6089e+10  3.69%  67.4  360s
 10836  1120 9.6089e+10  176   71 9.2669e+10 9.6089e+10  3.69%  67.0  365s
 11032  1122 9.6089e+10  179   55 9.2669e+10 9.6089e+10  3.69%  66.5  370s
 11176  1116 9.6089e+10  170   93 9.2669e+10 9.6089e+10  3.69%  66.4  376s
 11275  1111 9.6089e+10  161  224 9.2669e+10 9.6089e+10  3.69%  66.5  380s
 11390  1124 9.6089e+10  168  147 9.2669e+10 9.6089e+10  3.69%  66.3  399s
 11407  1125 infeasible  174      9.2669e+10 9.6089e+10  3.69%  66.3  400s
 11494  1136 infeasible  174      9.2669e+10 9.6089e+10  3.69%  66.3  405s
 11655  1133 infeasible  175      9.2669e+10 9.6089e+10  3.69%  66.0  410s
 11865  1135 9.6089e+10  185   30 9.2669e+10 9.6089e+10  3.69%  65.4  416s
 12000  1142 9.6089e+10  183   63 9.2669e+10 9.6089e+10  3.69%  65.1  420s
 12192  1134 9.6089e+10  181   61 9.2669e+10 9.6089e+10  3.69%  64.8  425s
 12356  1126 9.6089e+10  181   47 9.2669e+10 9.6089e+10  3.69%  64.6  430s
 12568  1124 9.6089e+10  177   57 9.2669e+10 9.6089e+10  3.69%  64.3  435s
 12772  1116 9.6089e+10  171   64 9.2669e+10 9.6089e+10  3.69%  64.2  440s
 12903  1129 9.6089e+10  177   38 9.2669e+10 9.6089e+10  3.69%  63.8  445s
 13088  1128 9.6089e+10  176   81 9.2669e+10 9.6089e+10  3.69%  63.5  450s
 13156  1130 9.6089e+10  178   83 9.2669e+10 9.6089e+10  3.69%  63.4  457s
 13198  1128 9.6089e+10  177   56 9.2669e+10 9.6089e+10  3.69%  63.3  460s
 13383  1116 9.6089e+10  172   79 9.2669e+10 9.6089e+10  3.69%  63.2  465s
 13538  1119 infeasible  170      9.2669e+10 9.6089e+10  3.69%  63.1  470s
 13723  1118 9.6089e+10  178   61 9.2669e+10 9.6089e+10  3.69%  63.0  475s
 13782  1119 9.6089e+10  174   75 9.2669e+10 9.6089e+10  3.69%  63.0  480s
 13939  1112 infeasible  176      9.2669e+10 9.6089e+10  3.69%  63.1  485s
 14074  1111 9.6089e+10  169  122 9.2669e+10 9.6089e+10  3.69%  63.0  490s
 14248  1109 9.6089e+10  160  356 9.2669e+10 9.6089e+10  3.69%  63.0  495s
 14430  1129 infeasible  174      9.2669e+10 9.6089e+10  3.69%  63.0  500s
 14579  1122 infeasible  176      9.2669e+10 9.6089e+10  3.69%  62.9  505s
 14792  1119 9.6089e+10  172   46 9.2669e+10 9.6089e+10  3.69%  62.7  510s
 14930  1125 infeasible  172      9.2669e+10 9.6089e+10  3.69%  62.7  515s
 15015  1128 9.6089e+10  162  206 9.2669e+10 9.6089e+10  3.69%  62.8  520s
 15148  1137 9.6089e+10  169  101 9.2669e+10 9.6089e+10  3.69%  62.7  525s
 15341  1128 9.6089e+10  170   76 9.2669e+10 9.6089e+10  3.69%  62.6  530s
 15441  1129 9.6089e+10  170   55 9.2669e+10 9.6089e+10  3.69%  62.7  535s
 15596  1128 infeasible  174      9.2669e+10 9.6089e+10  3.69%  62.5  540s
 15739  1129 9.6089e+10  175   25 9.2669e+10 9.6089e+10  3.69%  62.6  545s
 15962  1126 infeasible  172      9.2669e+10 9.6089e+10  3.69%  62.4  550s
 16158  1120 infeasible  171      9.2669e+10 9.6089e+10  3.69%  62.1  555s
 16356  1116 9.6089e+10  176   76 9.2669e+10 9.6089e+10  3.69%  62.0  560s
 16454  1120 infeasible  171      9.2669e+10 9.6089e+10  3.69%  62.0  565s
 16623  1115 9.6089e+10  167   91 9.2669e+10 9.6089e+10  3.69%  62.1  570s
 16775  1116 9.6089e+10  174   75 9.2669e+10 9.6089e+10  3.69%  62.0  575s
 16831  1116 9.6089e+10  170   70 9.2669e+10 9.6089e+10  3.69%  62.2  580s
 16943  1112 9.6089e+10  169   82 9.2669e+10 9.6089e+10  3.69%  62.3  585s
 17098  1113 infeasible  171      9.2669e+10 9.6089e+10  3.69%  62.5  590s
 17213  1128 infeasible  167      9.2669e+10 9.6089e+10  3.69%  62.8  595s
 17353  1126 9.6089e+10  164   88 9.2669e+10 9.6089e+10  3.69%  62.7  600s
 17537  1126 9.6089e+10  164   69 9.2669e+10 9.6089e+10  3.69%  62.5  606s
 17691  1128 infeasible  171      9.2669e+10 9.6089e+10  3.69%  62.4  610s
 17852  1131 9.6089e+10  169   87 9.2669e+10 9.6089e+10  3.69%  62.3  615s
 17995  1124 9.6089e+10  166   56 9.2669e+10 9.6089e+10  3.69%  62.3  622s
 18078  1133 9.6089e+10  167  132 9.2669e+10 9.6089e+10  3.69%  62.3  625s
 18202  1143 9.6089e+10  175   56 9.2669e+10 9.6089e+10  3.69%  62.4  630s
 18386  1133 9.6089e+10  168   92 9.2669e+10 9.6089e+10  3.69%  62.5  635s
 18509  1132 9.6089e+10  170   85 9.2669e+10 9.6089e+10  3.69%  62.5  640s
 18686  1131 9.6089e+10  171   63 9.2669e+10 9.6089e+10  3.69%  62.4  645s
 18917  1160 infeasible  172      9.2669e+10 9.6089e+10  3.69%  62.2  650s
 19087  1172 9.6089e+10  181   52 9.2669e+10 9.6089e+10  3.69%  61.9  655s
 19350  1159 9.6089e+10  174   57 9.2669e+10 9.6089e+10  3.69%  61.6  660s
 19463  1160 9.6089e+10  182   30 9.2669e+10 9.6089e+10  3.69%  61.4  665s
 19718  1159 9.6089e+10  189   15 9.2669e+10 9.6089e+10  3.69%  61.0  670s
 19948  1143 infeasible  177      9.2669e+10 9.6089e+10  3.69%  60.7  675s
 20182  1149 9.6089e+10  180   50 9.2669e+10 9.6089e+10  3.69%  60.5  680s
 20387  1140 infeasible  182      9.2669e+10 9.6089e+10  3.69%  60.3  685s
 20613  1150 infeasible  178      9.2669e+10 9.6089e+10  3.69%  60.1  690s
 20785  1156 9.6089e+10  180   69 9.2669e+10 9.6089e+10  3.69%  60.0  696s
 20823  1146 infeasible  174      9.2669e+10 9.6089e+10  3.69%  60.0  700s
 21044  1167 9.6089e+10  183   47 9.2669e+10 9.6089e+10  3.69%  59.8  705s
 21245  1160 infeasible  184      9.2669e+10 9.6089e+10  3.69%  59.6  710s
 21485  1154 infeasible  175      9.2669e+10 9.6089e+10  3.69%  59.4  715s
 21684  1149 infeasible  179      9.2669e+10 9.6089e+10  3.69%  59.2  720s
 21847  1142 infeasible  175      9.2669e+10 9.6089e+10  3.69%  59.1  725s
 22041  1144 9.6089e+10  173   67 9.2669e+10 9.6089e+10  3.69%  59.1  731s
 22244  1143 infeasible  172      9.2669e+10 9.6089e+10  3.69%  58.9  735s
 22384  1135 9.6089e+10  167   94 9.2669e+10 9.6089e+10  3.69%  58.9  741s
 22554  1139 infeasible  177      9.2669e+10 9.6089e+10  3.69%  58.7  745s
 22777  1156 9.6089e+10  173   86 9.2669e+10 9.6089e+10  3.69%  58.5  750s
 22942  1163 9.6089e+10  172  103 9.2669e+10 9.6089e+10  3.69%  58.5  755s
 23035  1160 infeasible  183      9.2669e+10 9.6089e+10  3.69%  58.5  760s
 23192  1166 9.6089e+10  176   68 9.2669e+10 9.6089e+10  3.69%  58.6  765s
 23314  1170 9.6089e+10  182   57 9.2669e+10 9.6089e+10  3.69%  58.6  771s
 23438  1164 9.6089e+10  175   66 9.2669e+10 9.6089e+10  3.69%  58.6  775s
 23558  1158 9.6089e+10  172   53 9.2669e+10 9.6089e+10  3.69%  58.6  780s
 23754  1148 9.6089e+10  168  124 9.2669e+10 9.6089e+10  3.69%  58.6  785s
 23960  1168 infeasible  173      9.2669e+10 9.6089e+10  3.69%  58.5  790s
 24086  1170 infeasible  184      9.2669e+10 9.6089e+10  3.69%  58.5  795s
 24283  1183 9.6089e+10  190   40 9.2669e+10 9.6089e+10  3.69%  58.4  800s
 24437  1171 infeasible  178      9.2669e+10 9.6089e+10  3.69%  58.5  805s
 24599  1171 9.6089e+10  173   67 9.2669e+10 9.6089e+10  3.69%  58.6  810s
 24692  1164 infeasible  178      9.2669e+10 9.6089e+10  3.69%  58.6  815s
 24819  1175 9.6089e+10  181   65 9.2669e+10 9.6089e+10  3.69%  58.6  820s
 24997  1173 infeasible  177      9.2669e+10 9.6089e+10  3.69%  58.6  825s
 25186  1176 9.6089e+10  180   80 9.2669e+10 9.6089e+10  3.69%  58.6  830s
 25283  1177 infeasible  177      9.2669e+10 9.6089e+10  3.69%  58.6  835s
 25462  1172 infeasible  173      9.2669e+10 9.6089e+10  3.69%  58.5  840s
 25586  1175 9.6089e+10  177   49 9.2669e+10 9.6089e+10  3.69%  58.6  845s
 25732  1179 9.6089e+10  184   49 9.2669e+10 9.6089e+10  3.69%  58.4  851s
 25906  1165 9.6089e+10  180   76 9.2669e+10 9.6089e+10  3.69%  58.3  855s
 26130  1173 infeasible  178      9.2669e+10 9.6089e+10  3.69%  58.2  860s
 26183  1188 9.6089e+10  179   52 9.2669e+10 9.6089e+10  3.69%  58.2  865s
 26428  1183 infeasible  180      9.2669e+10 9.6089e+10  3.69%  58.0  870s
 26611  1174 9.6089e+10  179   80 9.2669e+10 9.6089e+10  3.69%  58.0  875s
 26695  1182 9.6089e+10  181   66 9.2669e+10 9.6089e+10  3.69%  58.0  880s
 26826  1173 infeasible  176      9.2669e+10 9.6089e+10  3.69%  58.0  885s
 27006  1175 infeasible  177      9.2669e+10 9.6089e+10  3.69%  58.0  890s
 27186  1175 9.6089e+10  177   74 9.2669e+10 9.6089e+10  3.69%  58.0  896s
 27344  1181 9.6089e+10  179   40 9.2669e+10 9.6089e+10  3.69%  58.0  900s
 27527  1188 9.6089e+10  182   67 9.2669e+10 9.6089e+10  3.69%  57.9  905s
 27712  1193 9.6089e+10  190   33 9.2669e+10 9.6089e+10  3.69%  57.9  910s
 27864  1203 9.6089e+10  187   44 9.2669e+10 9.6089e+10  3.69%  57.8  915s
 28058  1195 9.6089e+10  180   88 9.2669e+10 9.6089e+10  3.69%  57.7  920s
 28269  1190 infeasible  181      9.2669e+10 9.6089e+10  3.69%  57.6  925s
 28450  1177 9.6089e+10  178   51 9.2669e+10 9.6089e+10  3.69%  57.5  932s
 28483  1178 9.6089e+10  175   85 9.2669e+10 9.6089e+10  3.69%  57.5  935s
 28660  1169 infeasible  175      9.2669e+10 9.6089e+10  3.69%  57.5  940s
 28844  1177 9.6089e+10  182   25 9.2669e+10 9.6089e+10  3.69%  57.6  945s
 29003  1164 9.6089e+10  170   96 9.2669e+10 9.6089e+10  3.69%  57.6  950s
 29185  1176 infeasible  183      9.2669e+10 9.6089e+10  3.69%  57.6  955s
 29311  1172 9.6089e+10  180   46 9.2669e+10 9.6089e+10  3.69%  57.6  960s
 29518  1171 9.6089e+10  175   62 9.2669e+10 9.6089e+10  3.69%  57.5  965s
 29739  1172 infeasible  180      9.2669e+10 9.6089e+10  3.69%  57.5  970s
 29827  1170 9.6089e+10  174   61 9.2669e+10 9.6089e+10  3.69%  57.5  977s
 29938  1165 infeasible  177      9.2669e+10 9.6089e+10  3.69%  57.5  980s
 30137  1172 infeasible  184      9.2669e+10 9.6089e+10  3.69%  57.5  985s
 30336  1167 9.6089e+10  181   66 9.2669e+10 9.6089e+10  3.69%  57.5  990s
 30506  1169 infeasible  179      9.2669e+10 9.6089e+10  3.69%  57.4  995s
 30664  1163 9.6089e+10  172   72 9.2669e+10 9.6089e+10  3.69%  57.3 1000s
 30879  1182 infeasible  185      9.2669e+10 9.6089e+10  3.69%  57.3 1005s
 31017  1176 9.6089e+10  187   72 9.2669e+10 9.6089e+10  3.69%  57.2 1011s
 31155  1168 infeasible  180      9.2669e+10 9.6089e+10  3.69%  57.2 1015s
 31358  1169 9.6089e+10  176   81 9.2669e+10 9.6089e+10  3.69%  57.2 1020s
 31475  1172 9.6089e+10  179   49 9.2669e+10 9.6089e+10  3.69%  57.1 1025s
 31613  1174 9.6089e+10  183   52 9.2669e+10 9.6089e+10  3.69%  57.2 1030s
 31753  1164 9.6089e+10  171   67 9.2669e+10 9.6089e+10  3.69%  57.1 1035s
 31918  1174 9.6089e+10  179   30 9.2669e+10 9.6089e+10  3.69%  57.1 1040s
 32137  1167 infeasible  183      9.2669e+10 9.6089e+10  3.69%  57.1 1045s
 32364  1170 infeasible  190      9.2669e+10 9.6089e+10  3.69%  57.0 1050s
 32580  1168 9.6089e+10  182   71 9.2669e+10 9.6089e+10  3.69%  56.9 1055s
 32749  1167 9.6089e+10  170  122 9.2669e+10 9.6089e+10  3.69%  56.8 1060s
 32901  1181 9.6089e+10  180   98 9.2669e+10 9.6089e+10  3.69%  56.7 1065s
 33105  1181 9.6089e+10  177   75 9.2669e+10 9.6089e+10  3.69%  56.7 1070s
 33217  1177 infeasible  175      9.2669e+10 9.6089e+10  3.69%  56.6 1075s
 33331  1173 9.6089e+10  181   59 9.2669e+10 9.6089e+10  3.69%  56.6 1080s
 33524  1170 infeasible  188      9.2669e+10 9.6089e+10  3.69%  56.6 1085s
 33720  1170 9.6089e+10  182   63 9.2669e+10 9.6089e+10  3.69%  56.5 1092s
 33827  1169 9.6089e+10  182   64 9.2669e+10 9.6089e+10  3.69%  56.4 1095s
 34067  1167 infeasible  179      9.2669e+10 9.6089e+10  3.69%  56.4 1100s
 34288  1174 9.6089e+10  189   28 9.2669e+10 9.6089e+10  3.69%  56.4 1105s
 34490  1164 9.6089e+10  178   75 9.2669e+10 9.6089e+10  3.69%  56.4 1110s
 34622  1164 9.6089e+10  169  119 9.2669e+10 9.6089e+10  3.69%  56.3 1115s
 34824  1168 9.6089e+10  183   54 9.2669e+10 9.6089e+10  3.69%  56.2 1120s
 35005  1165 infeasible  174      9.2669e+10 9.6089e+10  3.69%  56.2 1125s
 35060  1162 9.6089e+10  173  101 9.2669e+10 9.6089e+10  3.69%  56.2 1130s
 35175  1161 infeasible  177      9.2669e+10 9.6089e+10  3.69%  56.2 1135s
 35324  1158 9.6089e+10  183   29 9.2669e+10 9.6089e+10  3.69%  56.1 1140s
 35573  1148 9.6089e+10  166  170 9.2669e+10 9.6089e+10  3.69%  56.1 1145s
 35654  1155 9.6089e+10  178   82 9.2669e+10 9.6089e+10  3.69%  56.1 1150s
 35813  1148 infeasible  171      9.2669e+10 9.6089e+10  3.69%  56.0 1155s
 35990  1159 9.6089e+10  176   50 9.2669e+10 9.6089e+10  3.69%  56.1 1160s
 36119  1162 infeasible  176      9.2669e+10 9.6089e+10  3.69%  56.1 1165s
 36282  1159 9.6089e+10  181   40 9.2669e+10 9.6089e+10  3.69%  56.1 1170s
 36459  1160 9.6089e+10  178   79 9.2669e+10 9.6089e+10  3.69%  56.0 1175s
 36636  1155 9.6089e+10  172   69 9.2669e+10 9.6089e+10  3.69%  56.1 1181s
 36789  1162 9.6089e+10  167  127 9.2669e+10 9.6089e+10  3.69%  56.1 1185s
 36930  1165 9.6089e+10  175   63 9.2669e+10 9.6089e+10  3.69%  56.1 1190s
 37027  1170 9.6089e+10  182   34 9.2669e+10 9.6089e+10  3.69%  56.1 1195s
 37183  1166 9.6089e+10  177   69 9.2669e+10 9.6089e+10  3.69%  56.0 1200s
 37429  1160 9.6089e+10  177   55 9.2669e+10 9.6089e+10  3.69%  55.9 1206s
 37595  1172 infeasible  181      9.2669e+10 9.6089e+10  3.69%  55.8 1210s
 37822  1155 infeasible  178      9.2669e+10 9.6089e+10  3.69%  55.8 1215s
 38017  1162 9.6089e+10  172   58 9.2669e+10 9.6089e+10  3.69%  55.7 1220s
 38174  1169 9.6089e+10  175   63 9.2669e+10 9.6089e+10  3.69%  55.7 1225s
 38350  1167 infeasible  180      9.2669e+10 9.6089e+10  3.69%  55.7 1230s
 38415  1166 9.6089e+10  175   72 9.2669e+10 9.6089e+10  3.69%  55.7 1235s
 38609  1168 9.6089e+10  170   98 9.2669e+10 9.6089e+10  3.69%  55.7 1240s
 38826  1173 9.6089e+10  184   51 9.2669e+10 9.6089e+10  3.69%  55.6 1246s
 38955  1166 9.6089e+10  173   72 9.2669e+10 9.6089e+10  3.69%  55.7 1250s
 39118  1171 9.6089e+10  178   80 9.2669e+10 9.6089e+10  3.69%  55.7 1255s
 39201  1162 9.6089e+10  169  101 9.2669e+10 9.6089e+10  3.69%  55.7 1260s
 39397  1158 9.6089e+10  170   64 9.2669e+10 9.6089e+10  3.69%  55.7 1265s
 39502  1167 infeasible  175      9.2669e+10 9.6089e+10  3.69%  55.8 1270s
 39587  1168 infeasible  182      9.2669e+10 9.6089e+10  3.69%  55.8 1275s
 39743  1168 9.6089e+10  183   64 9.2669e+10 9.6089e+10  3.69%  55.9 1282s
 39826  1157 infeasible  174      9.2669e+10 9.6089e+10  3.69%  55.9 1285s
 40025  1154 9.6089e+10  169   57 9.2669e+10 9.6089e+10  3.69%  55.9 1290s
 40222  1149 infeasible  183      9.2669e+10 9.6089e+10  3.69%  56.0 1295s
 40383  1138 9.6089e+10  176   61 9.2669e+10 9.6089e+10  3.69%  55.9 1300s
 40658  1133 9.6089e+10  170   60 9.2669e+10 9.6089e+10  3.69%  55.7 1305s
 40912  1143 9.6089e+10  181   31 9.2669e+10 9.6089e+10  3.69%  55.6 1311s
 41079  1140 9.6089e+10  174   57 9.2669e+10 9.6089e+10  3.69%  55.5 1315s
 41267  1136 9.6089e+10  170  118 9.2669e+10 9.6089e+10  3.69%  55.5 1320s
 41401  1132 9.6089e+10  169   86 9.2669e+10 9.6089e+10  3.69%  55.5 1325s
 41449  1150 9.6089e+10  174   80 9.2669e+10 9.6089e+10  3.69%  55.5 1330s
 41560  1143 9.6089e+10  175  139 9.2669e+10 9.6089e+10  3.69%  55.6 1335s
 41689  1146 infeasible  178      9.2669e+10 9.6089e+10  3.69%  55.7 1340s
 41761  1154 infeasible  179      9.2669e+10 9.6089e+10  3.69%  55.7 1345s
 41949  1150 9.6089e+10  175   63 9.2669e+10 9.6089e+10  3.69%  55.8 1350s
 42096  1143 9.6089e+10  168   65 9.2669e+10 9.6089e+10  3.69%  55.9 1355s
 42233  1154 infeasible  176      9.2669e+10 9.6089e+10  3.69%  55.9 1360s
 42385  1140 infeasible  168      9.2669e+10 9.6089e+10  3.69%  55.9 1365s
 42555  1142 9.6089e+10  168  211 9.2669e+10 9.6089e+10  3.69%  55.9 1371s
 42669  1154 infeasible  173      9.2669e+10 9.6089e+10  3.69%  55.9 1375s
 42808  1151 infeasible  179      9.2669e+10 9.6089e+10  3.69%  56.0 1380s
 43016  1147 9.6089e+10  177   47 9.2669e+10 9.6089e+10  3.69%  56.0 1385s
 43176  1139 9.6089e+10  173   91 9.2669e+10 9.6089e+10  3.69%  56.0 1390s
 43289  1150 9.6089e+10  168   97 9.2669e+10 9.6089e+10  3.69%  56.1 1395s
 43375  1154 9.6089e+10  174   95 9.2669e+10 9.6089e+10  3.69%  56.2 1400s
 43494  1161 infeasible  171      9.2669e+10 9.6089e+10  3.69%  56.3 1405s
 43619  1154 9.6089e+10  173  139 9.2669e+10 9.6089e+10  3.69%  56.4 1411s
 43672  1149 9.6089e+10  172  184 9.2669e+10 9.6089e+10  3.69%  56.5 1417s
 43741  1154 infeasible  173      9.2669e+10 9.6089e+10  3.69%  56.6 1420s
 43834  1155 infeasible  180      9.2669e+10 9.6089e+10  3.69%  56.7 1425s
 44005  1152 9.6089e+10  173  127 9.2669e+10 9.6089e+10  3.69%  56.7 1430s
 44159  1144 9.6089e+10  164  190 9.2669e+10 9.6089e+10  3.69%  56.8 1435s
 44264  1147 9.6089e+10  164  145 9.2669e+10 9.6089e+10  3.69%  56.9 1440s
 44386  1139 9.6089e+10  181  175 9.2669e+10 9.6089e+10  3.69%  57.0 1445s
 44451  1146 9.6089e+10  168   98 9.2669e+10 9.6089e+10  3.69%  57.1 1450s
 44578  1133 infeasible  171      9.2669e+10 9.6089e+10  3.69%  57.2 1455s
 44651  1134 9.6089e+10  174   98 9.2669e+10 9.6089e+10  3.69%  57.3 1460s
 44839  1136 infeasible  177      9.2669e+10 9.6089e+10  3.69%  57.2 1465s
 44944  1145 9.6089e+10  184   61 9.2669e+10 9.6089e+10  3.69%  57.2 1470s
 45046  1147 infeasible  186      9.2669e+10 9.6089e+10  3.69%  57.2 1475s
 45248  1141 infeasible  179      9.2669e+10 9.6089e+10  3.69%  57.1 1480s
 45432  1133 9.6089e+10  170  113 9.2669e+10 9.6089e+10  3.69%  57.1 1485s
 45558  1135 9.6089e+10  173   56 9.2669e+10 9.6089e+10  3.69%  57.0 1490s
 45747  1128 infeasible  175      9.2669e+10 9.6089e+10  3.69%  57.0 1495s
 45887  1136 9.6089e+10  175   64 9.2669e+10 9.6089e+10  3.69%  57.0 1500s
 46060  1133 9.6089e+10  161  267 9.2669e+10 9.6089e+10  3.69%  57.1 1505s
 46217  1150 9.6089e+10  175   28 9.2669e+10 9.6089e+10  3.69%  57.1 1510s
 46338  1139 9.6089e+10  171   53 9.2669e+10 9.6089e+10  3.69%  57.2 1515s
 46443  1150 infeasible  173      9.2669e+10 9.6089e+10  3.69%  57.2 1520s
 46581  1140 9.6089e+10  180   86 9.2669e+10 9.6089e+10  3.69%  57.2 1525s
 46803  1138 infeasible  171      9.2669e+10 9.6089e+10  3.69%  57.2 1530s
 46985  1132 9.6089e+10  163  132 9.2669e+10 9.6089e+10  3.69%  57.2 1535s
 47112  1167 9.6089e+10  179   62 9.2669e+10 9.6089e+10  3.69%  57.2 1540s
 47280  1163 9.6089e+10  171   55 9.2669e+10 9.6089e+10  3.69%  57.2 1545s
 47467  1156 infeasible  181      9.2669e+10 9.6089e+10  3.69%  57.3 1550s
 47651  1170 9.6089e+10  177   27 9.2669e+10 9.6089e+10  3.69%  57.3 1555s
 47776  1165 9.6089e+10  174   58 9.2669e+10 9.6089e+10  3.69%  57.4 1560s
 47832  1165 9.6089e+10  175   30 9.2669e+10 9.6089e+10  3.69%  57.4 1565s
 47979  1158 9.6089e+10  170   70 9.2669e+10 9.6089e+10  3.69%  57.4 1570s
 48143  1166 9.6089e+10  176   83 9.2669e+10 9.6089e+10  3.69%  57.4 1575s
 48325  1158 9.6089e+10  180   58 9.2669e+10 9.6089e+10  3.69%  57.4 1580s
 48450  1159 9.6089e+10  178   46 9.2669e+10 9.6089e+10  3.69%  57.4 1585s
 48631  1140 infeasible  172      9.2669e+10 9.6089e+10  3.69%  57.5 1590s
 48853  1144 9.6089e+10  173   81 9.2669e+10 9.6089e+10  3.69%  57.5 1595s
 49033  1138 9.6089e+10  165  110 9.2669e+10 9.6089e+10  3.69%  57.4 1600s
 49145  1142 9.6089e+10  171   80 9.2669e+10 9.6089e+10  3.69%  57.5 1605s
 49295  1130 9.6089e+10  162  148 9.2669e+10 9.6089e+10  3.69%  57.6 1610s
 49438  1135 9.6089e+10  168   76 9.2669e+10 9.6089e+10  3.69%  57.6 1615s
 49541  1138 9.6089e+10  171   98 9.2669e+10 9.6089e+10  3.69%  57.6 1620s
 49729  1144 9.6089e+10  163  152 9.2669e+10 9.6089e+10  3.69%  57.6 1626s
 49875  1150 9.6089e+10  173   31 9.2669e+10 9.6089e+10  3.69%  57.6 1630s
 49959  1132 infeasible  171      9.2669e+10 9.6089e+10  3.69%  57.7 1635s
 50156  1127 infeasible  174      9.2669e+10 9.6089e+10  3.69%  57.7 1640s
 50357  1126 infeasible  179      9.2669e+10 9.6089e+10  3.69%  57.7 1645s
 50459  1136 9.6089e+10  164  249 9.2669e+10 9.6089e+10  3.69%  57.8 1651s
 50571  1144 infeasible  186      9.2669e+10 9.6089e+10  3.69%  57.9 1655s
 50723  1150 9.6089e+10  175   44 9.2669e+10 9.6089e+10  3.69%  57.9 1660s
 50941  1164 9.6089e+10  184   57 9.2669e+10 9.6089e+10  3.69%  57.8 1665s
 51183  1144 9.6089e+10  171   58 9.2669e+10 9.6089e+10  3.69%  57.8 1670s
 51256  1147 9.6089e+10  184   53 9.2669e+10 9.6089e+10  3.69%  57.7 1676s
 51344  1133 infeasible  171      9.2669e+10 9.6089e+10  3.69%  57.8 1680s
 51489  1134 9.6089e+10  169   53 9.2669e+10 9.6089e+10  3.69%  58.0 1685s
 51581  1130 infeasible  174      9.2669e+10 9.6089e+10  3.69%  58.0 1690s
 51743  1142 9.6089e+10  167   65 9.2669e+10 9.6089e+10  3.69%  58.1 1695s
 51937  1168 9.6089e+10  186   57 9.2669e+10 9.6089e+10  3.69%  58.1 1700s
 52097  1164 9.6089e+10  183   56 9.2669e+10 9.6089e+10  3.69%  58.1 1705s
 52256  1161 infeasible  176      9.2669e+10 9.6089e+10  3.69%  58.1 1710s
 52455  1158 infeasible  180      9.2669e+10 9.6089e+10  3.69%  58.1 1715s
 52572  1149 9.6089e+10  179   47 9.2669e+10 9.6089e+10  3.69%  58.1 1720s
 52750  1151 9.6089e+10  188   80 9.2669e+10 9.6089e+10  3.69%  58.2 1725s
 52880  1141 9.6089e+10  170   87 9.2669e+10 9.6089e+10  3.69%  58.3 1730s
 53044  1155 9.6089e+10  184   59 9.2669e+10 9.6089e+10  3.69%  58.3 1735s
 53166  1151 infeasible  175      9.2669e+10 9.6089e+10  3.69%  58.2 1740s
 53276  1149 9.6089e+10  175   77 9.2669e+10 9.6089e+10  3.69%  58.3 1745s
 53496  1157 infeasible  189      9.2669e+10 9.6089e+10  3.69%  58.3 1750s
 53686  1147 9.6089e+10  173   63 9.2669e+10 9.6089e+10  3.69%  58.3 1756s
 53817  1130 9.6089e+10  170   76 9.2669e+10 9.6089e+10  3.69%  58.4 1760s
 53991  1148 infeasible  175      9.2669e+10 9.6089e+10  3.69%  58.4 1765s
 54156  1151 infeasible  172      9.2669e+10 9.6089e+10  3.69%  58.4 1770s
 54293  1158 infeasible  174      9.2669e+10 9.6089e+10  3.69%  58.3 1775s
 54495  1156 9.6089e+10  182   73 9.2669e+10 9.6089e+10  3.69%  58.3 1780s
 54597  1150 9.6089e+10  176   95 9.2669e+10 9.6089e+10  3.69%  58.3 1785s
 54713  1150 9.6089e+10  174   54 9.2669e+10 9.6089e+10  3.69%  58.3 1790s
 54936  1149 9.6089e+10  169  103 9.2669e+10 9.6089e+10  3.69%  58.2 1795s
 55110  1149 infeasible  176      9.2669e+10 9.6089e+10  3.69%  58.2 1800s
 55209  1156 infeasible  170      9.2669e+10 9.6089e+10  3.69%  58.3 1805s
 55440  1159 9.6089e+10  193   59 9.2669e+10 9.6089e+10  3.69%  58.4 1810s
 55641  1155 9.6089e+10  184   57 9.2669e+10 9.6089e+10  3.69%  58.4 1815s
 55720  1154 9.6089e+10  177   76 9.2669e+10 9.6089e+10  3.69%  58.5 1820s
 55867  1147 9.6089e+10  180   71 9.2669e+10 9.6089e+10  3.69%  58.5 1825s
 56000  1146 9.6089e+10  165  210 9.2669e+10 9.6089e+10  3.69%  58.6 1830s
 56059  1145 9.6089e+10  166  149 9.2669e+10 9.6089e+10  3.69%  58.7 1835s
 56157  1139 9.6089e+10  165  246 9.2669e+10 9.6089e+10  3.69%  58.8 1840s
 56263  1139 infeasible  171      9.2669e+10 9.6089e+10  3.69%  58.9 1845s
 56390  1142 9.6089e+10  174   74 9.2669e+10 9.6089e+10  3.69%  58.9 1851s
 56473  1137 9.6089e+10  164  149 9.2669e+10 9.6089e+10  3.69%  59.0 1855s
 56638  1154 9.6089e+10  176   94 9.2669e+10 9.6089e+10  3.69%  59.0 1860s
 56796  1138 infeasible  170      9.2669e+10 9.6089e+10  3.69%  59.0 1865s
 57011  1137 infeasible  174      9.2669e+10 9.6089e+10  3.69%  59.0 1870s
 57163  1129 infeasible  177      9.2669e+10 9.6089e+10  3.69%  59.0 1875s
 57278  1128 9.6089e+10  163  237 9.2669e+10 9.6089e+10  3.69%  59.0 1880s
 57425  1143 9.6089e+10  176   52 9.2669e+10 9.6089e+10  3.69%  59.0 1885s
 57573  1145 9.6089e+10  175   70 9.2669e+10 9.6089e+10  3.69%  59.0 1890s
 57747  1139 9.6089e+10  175   81 9.2669e+10 9.6089e+10  3.69%  58.9 1895s
 57873  1141 9.6089e+10  177   75 9.2669e+10 9.6089e+10  3.69%  58.9 1900s
 58071  1145 infeasible  183      9.2669e+10 9.6089e+10  3.69%  58.9 1905s
 58116  1142 9.6089e+10  176   59 9.2669e+10 9.6089e+10  3.69%  58.9 1910s
 58290  1142 9.6089e+10  175   79 9.2669e+10 9.6089e+10  3.69%  58.9 1915s
 58464  1142 9.6089e+10  175   77 9.2669e+10 9.6089e+10  3.69%  58.9 1921s
 58620  1145 9.6089e+10  178   48 9.2669e+10 9.6089e+10  3.69%  58.8 1925s
 58815  1140 infeasible  175      9.2669e+10 9.6089e+10  3.69%  58.8 1930s
 58936  1137 infeasible  181      9.2669e+10 9.6089e+10  3.69%  58.8 1935s
 59150  1147 9.6089e+10  183   48 9.2669e+10 9.6089e+10  3.69%  58.8 1940s
 59361  1140 9.6089e+10  178   57 9.2669e+10 9.6089e+10  3.69%  58.7 1945s
 59498  1137 9.6089e+10  172  108 9.2669e+10 9.6089e+10  3.69%  58.7 1950s
 59698  1139 9.6089e+10  177   74 9.2669e+10 9.6089e+10  3.69%  58.6 1955s
 59798  1139 9.6089e+10  175   81 9.2669e+10 9.6089e+10  3.69%  58.6 1960s
 59898  1137 9.6089e+10  176   68 9.2669e+10 9.6089e+10  3.69%  58.6 1965s
 60111  1140 9.6089e+10  179   71 9.2669e+10 9.6089e+10  3.69%  58.5 1970s
 60294  1135 9.6089e+10  174   74 9.2669e+10 9.6089e+10  3.69%  58.5 1977s
 60396  1131 infeasible  177      9.2669e+10 9.6089e+10  3.69%  58.4 1980s
 60601  1146 9.6089e+10  178   72 9.2669e+10 9.6089e+10  3.69%  58.4 1985s
 60829  1138 infeasible  183      9.2669e+10 9.6089e+10  3.69%  58.3 1990s
 60958  1143 9.6089e+10  182   20 9.2669e+10 9.6089e+10  3.69%  58.3 1995s
 61175  1130 infeasible  177      9.2669e+10 9.6089e+10  3.69%  58.3 2000s
 61302  1139 9.6089e+10  172   30 9.2669e+10 9.6089e+10  3.69%  58.3 2005s
 61434  1135 infeasible  170      9.2669e+10 9.6089e+10  3.69%  58.2 2010s
 61565  1142 9.6089e+10  178   26 9.2669e+10 9.6089e+10  3.69%  58.2 2015s
 61791  1138 9.6089e+10  175   70 9.2669e+10 9.6089e+10  3.69%  58.2 2020s
 61990  1143 9.6089e+10  176   45 9.2669e+10 9.6089e+10  3.69%  58.1 2025s
 62166  1139 9.6089e+10  183   46 9.2669e+10 9.6089e+10  3.69%  58.1 2031s
 62331  1131 9.6089e+10  180   43 9.2669e+10 9.6089e+10  3.69%  58.1 2035s
 62449  1135 9.6089e+10  170   89 9.2669e+10 9.6089e+10  3.69%  58.1 2040s
 62585  1133 9.6089e+10  168   95 9.2669e+10 9.6089e+10  3.69%  58.0 2045s
 62762  1136 infeasible  177      9.2669e+10 9.6089e+10  3.69%  58.0 2050s
 62893  1131 9.6089e+10  180   54 9.2669e+10 9.6089e+10  3.69%  58.1 2055s
 63049  1139 infeasible  173      9.2669e+10 9.6089e+10  3.69%  58.1 2060s
 63073  1139 9.6089e+10  172  108 9.2669e+10 9.6089e+10  3.69%  58.1 2065s
 63192  1140 infeasible  170      9.2669e+10 9.6089e+10  3.69%  58.1 2070s
 63300  1136 infeasible  168      9.2669e+10 9.6089e+10  3.69%  58.2 2075s
 63422  1142 infeasible  170      9.2669e+10 9.6089e+10  3.69%  58.3 2080s
 63597  1131 9.6089e+10  168  102 9.2669e+10 9.6089e+10  3.69%  58.3 2085s
 63733  1127 infeasible  170      9.2669e+10 9.6089e+10  3.69%  58.2 2090s
 63934  1136 9.6089e+10  173   72 9.2669e+10 9.6089e+10  3.69%  58.2 2095s
 64081  1125 infeasible  175      9.2669e+10 9.6089e+10  3.69%  58.2 2100s
 64198  1136 9.6089e+10  172   43 9.2669e+10 9.6089e+10  3.69%  58.2 2105s
 64275  1141 infeasible  177      9.2669e+10 9.6089e+10  3.69%  58.2 2110s
 64453  1135 9.6089e+10  175   79 9.2669e+10 9.6089e+10  3.69%  58.2 2115s
 64609  1133 infeasible  175      9.2669e+10 9.6089e+10  3.69%  58.1 2120s
 64788  1132 infeasible  171      9.2669e+10 9.6089e+10  3.69%  58.1 2125s
 64918  1138 infeasible  180      9.2669e+10 9.6089e+10  3.69%  58.1 2130s
 65144  1142 9.6089e+10  178   62 9.2669e+10 9.6089e+10  3.69%  58.1 2135s
 65324  1136 9.6089e+10  175   42 9.2669e+10 9.6089e+10  3.69%  58.0 2140s
 65511  1135 9.6089e+10  180   46 9.2669e+10 9.6089e+10  3.69%  58.0 2146s
 65663  1129 infeasible  179      9.2669e+10 9.6089e+10  3.69%  58.0 2150s
 65815  1138 9.6089e+10  183   39 9.2669e+10 9.6089e+10  3.69%  57.9 2155s
 65992  1133 9.6089e+10  172   91 9.2669e+10 9.6089e+10  3.69%  57.8 2160s
 66217  1136 9.6089e+10  172   93 9.2669e+10 9.6089e+10  3.69%  57.8 2165s
 66483  1138 9.6089e+10  177   52 9.2669e+10 9.6089e+10  3.69%  57.7 2170s
 66675  1129 9.6089e+10  176   56 9.2669e+10 9.6089e+10  3.69%  57.6 2175s
 66845  1133 9.6089e+10  166  204 9.2669e+10 9.6089e+10  3.69%  57.6 2180s
 66887  1127 9.6089e+10  161  216 9.2669e+10 9.6089e+10  3.69%  57.7 2186s
 66957  1128 9.6089e+10  168   30 9.2669e+10 9.6089e+10  3.69%  57.7 2191s
 67004  1131 9.6089e+10  161  188 9.2669e+10 9.6089e+10  3.69%  57.7 2195s
 67186  1137 9.6089e+10  172   61 9.2669e+10 9.6089e+10  3.69%  57.7 2200s
 67339  1150 infeasible  174      9.2669e+10 9.6089e+10  3.69%  57.8 2205s
 67482  1151 9.6089e+10  179   83 9.2669e+10 9.6089e+10  3.69%  57.8 2211s
 67620  1159 9.6089e+10  179   36 9.2669e+10 9.6089e+10  3.69%  57.7 2215s
 67804  1141 infeasible  177      9.2669e+10 9.6089e+10  3.69%  57.8 2220s
 68003  1146 9.6089e+10  180   86 9.2669e+10 9.6089e+10  3.69%  57.7 2225s
 68154  1139 9.6089e+10  171  119 9.2669e+10 9.6089e+10  3.69%  57.7 2230s
 68385  1136 9.6089e+10  171  111 9.2669e+10 9.6089e+10  3.69%  57.6 2235s
 68445  1134 9.6089e+10  174   54 9.2669e+10 9.6089e+10  3.69%  57.6 2240s
 68632  1143 infeasible  177      9.2669e+10 9.6089e+10  3.69%  57.6 2245s
 68767  1144 9.6089e+10  175   58 9.2669e+10 9.6089e+10  3.69%  57.5 2250s
 68962  1141 infeasible  176      9.2669e+10 9.6089e+10  3.69%  57.5 2255s
 69154  1137 infeasible  184      9.2669e+10 9.6089e+10  3.69%  57.5 2260s
 69308  1133 infeasible  175      9.2669e+10 9.6089e+10  3.69%  57.5 2265s
 69429  1135 9.6089e+10  179   86 9.2669e+10 9.6089e+10  3.69%  57.5 2270s
 69571  1135 9.6089e+10  172   68 9.2669e+10 9.6089e+10  3.69%  57.5 2275s
 69758  1144 9.6089e+10  183   65 9.2669e+10 9.6089e+10  3.69%  57.4 2280s
 69983  1135 9.6089e+10  172   88 9.2669e+10 9.6089e+10  3.69%  57.3 2285s
 70120  1132 infeasible  168      9.2669e+10 9.6089e+10  3.69%  57.3 2290s
 70210  1139 9.6089e+10  175   65 9.2669e+10 9.6089e+10  3.69%  57.3 2295s
 70390  1141 9.6089e+10  177   83 9.2669e+10 9.6089e+10  3.69%  57.3 2300s
 70597  1142 9.6089e+10  176   54 9.2669e+10 9.6089e+10  3.69%  57.2 2306s
 70732  1139 9.6089e+10  172   51 9.2669e+10 9.6089e+10  3.69%  57.2 2310s
 70973  1158 infeasible  181      9.2669e+10 9.6089e+10  3.69%  57.2 2315s
 71180  1157 9.6089e+10  177   52 9.2669e+10 9.6089e+10  3.69%  57.1 2321s
 71328  1159 9.6089e+10  175   84 9.2669e+10 9.6089e+10  3.69%  57.1 2325s
 71553  1156 9.6089e+10  178   37 9.2669e+10 9.6089e+10  3.69%  57.0 2330s
 71686  1151 infeasible  173      9.2669e+10 9.6089e+10  3.69%  57.0 2335s
 71854  1137 9.6089e+10  177   85 9.2669e+10 9.6089e+10  3.69%  57.0 2340s
 71916  1137 9.6089e+10  178   46 9.2669e+10 9.6089e+10  3.69%  57.0 2345s
 72113  1134 infeasible  174      9.2669e+10 9.6089e+10  3.69%  57.0 2350s
 72276  1151 9.6089e+10  167   85 9.2669e+10 9.6089e+10  3.69%  56.9 2355s
 72494  1139 9.6089e+10  178   53 9.2669e+10 9.6089e+10  3.69%  56.9 2360s
 72692  1137 infeasible  182      9.2669e+10 9.6089e+10  3.69%  56.9 2365s
 72869  1138 9.6089e+10  180   89 9.2669e+10 9.6089e+10  3.69%  56.8 2370s
 72993  1134 9.6089e+10  174   49 9.2669e+10 9.6089e+10  3.69%  56.8 2375s
 73192  1135 9.6089e+10  171   42 9.2669e+10 9.6089e+10  3.69%  56.8 2380s
 73269  1130 9.6089e+10  167  114 9.2669e+10 9.6089e+10  3.69%  56.7 2386s
 73426  1137 9.6089e+10  177   90 9.2669e+10 9.6089e+10  3.69%  56.7 2390s
 73597  1132 infeasible  179      9.2669e+10 9.6089e+10  3.69%  56.7 2395s
 73743  1128 9.6089e+10  162   78 9.2669e+10 9.6089e+10  3.69%  56.7 2400s
 73950  1125 infeasible  165      9.2669e+10 9.6089e+10  3.69%  56.7 2405s
 74155  1132 9.6089e+10  177   52 9.2669e+10 9.6089e+10  3.69%  56.6 2410s
 74236  1127 infeasible  163      9.2669e+10 9.6089e+10  3.69%  56.7 2415s
 74372  1129 9.6089e+10  171  103 9.2669e+10 9.6089e+10  3.69%  56.8 2420s
 74424  1129 9.6089e+10  172  109 9.2669e+10 9.6089e+10  3.69%  56.8 2425s
 74513  1132 9.6089e+10  172  160 9.2669e+10 9.6089e+10  3.69%  56.9 2430s
 74591  1122 9.6089e+10  167  215 9.2669e+10 9.6089e+10  3.69%  57.0 2435s
 74713  1126 9.6089e+10  164  253 9.2669e+10 9.6089e+10  3.69%  57.0 2440s
 74732  1127 infeasible  172      9.2669e+10 9.6089e+10  3.69%  57.0 2445s
 74824  1125 9.6089e+10  169  240 9.2669e+10 9.6089e+10  3.69%  57.2 2450s
 74934  1121 9.6089e+10  164   84 9.2669e+10 9.6089e+10  3.69%  57.2 2455s
 75072  1113 infeasible  171      9.2669e+10 9.6089e+10  3.69%  57.3 2460s
 75143  1108 9.6089e+10  158  311 9.2669e+10 9.6089e+10  3.69%  57.4 2465s
 75203  1124 9.6089e+10  176   78 9.2669e+10 9.6089e+10  3.69%  57.4 2470s
 75285  1112 infeasible  160      9.2669e+10 9.6089e+10  3.69%  57.5 2475s
 75355  1112 9.6089e+10  164  294 9.2669e+10 9.6089e+10  3.69%  57.6 2480s
 75480  1111 9.6089e+10  175   73 9.2669e+10 9.6089e+10  3.69%  57.7 2485s
 75534  1111 9.6089e+10  165  107 9.2669e+10 9.6089e+10  3.69%  57.7 2491s
 75639  1112 infeasible  166      9.2669e+10 9.6089e+10  3.69%  57.7 2495s
 75692  1113 9.6089e+10  169  242 9.2669e+10 9.6089e+10  3.69%  57.8 2500s
 75825  1120 infeasible  179      9.2669e+10 9.6089e+10  3.69%  57.8 2505s
 75937  1114 9.6089e+10  170  117 9.2669e+10 9.6089e+10  3.69%  57.9 2510s
 76053  1108 9.6089e+10  164   95 9.2669e+10 9.6089e+10  3.69%  57.9 2515s
 76148  1111 9.6089e+10  166  194 9.2669e+10 9.6089e+10  3.69%  58.0 2520s
 76265  1112 9.6089e+10  166   52 9.2669e+10 9.6089e+10  3.69%  58.0 2525s
 76406  1111 9.6089e+10  165   73 9.2669e+10 9.6089e+10  3.69%  58.0 2530s
 76545  1116 9.6089e+10  174  104 9.2669e+10 9.6089e+10  3.69%  58.0 2535s
 76626  1121 9.6089e+10  182   98 9.2669e+10 9.6089e+10  3.69%  58.1 2540s
 76742  1119 9.6089e+10  184   82 9.2669e+10 9.6089e+10  3.69%  58.1 2545s
 76797  1114 9.6089e+10  175  245 9.2669e+10 9.6089e+10  3.69%  58.1 2550s
 76895  1112 9.6089e+10  166  205 9.2669e+10 9.6089e+10  3.69%  58.2 2555s
 77077  1116 9.6089e+10  178   58 9.2669e+10 9.6089e+10  3.69%  58.2 2560s
 77207  1128 9.6089e+10  164  144 9.2669e+10 9.6089e+10  3.69%  58.3 2565s
 77289  1136 9.6089e+10  167   71 9.2669e+10 9.6089e+10  3.69%  58.3 2570s
 77452  1137 infeasible  183      9.2669e+10 9.6089e+10  3.69%  58.3 2575s
 77486  1131 9.6089e+10  173   79 9.2669e+10 9.6089e+10  3.69%  58.4 2581s
 77574  1137 infeasible  169      9.2669e+10 9.6089e+10  3.69%  58.4 2585s
 77718  1135 9.6089e+10  170   72 9.2669e+10 9.6089e+10  3.69%  58.4 2590s
 77812  1135 9.6089e+10  178   94 9.2669e+10 9.6089e+10  3.69%  58.5 2595s
 77967  1132 9.6089e+10  179   27 9.2669e+10 9.6089e+10  3.69%  58.5 2600s
 78090  1129 9.6089e+10  167  148 9.2669e+10 9.6089e+10  3.69%  58.6 2605s
 78244  1137 9.6089e+10  167  222 9.2669e+10 9.6089e+10  3.69%  58.6 2610s
 78355  1130 infeasible  175      9.2669e+10 9.6089e+10  3.69%  58.6 2615s
 78492  1141 9.6089e+10  172   36 9.2669e+10 9.6089e+10  3.69%  58.6 2620s
 78649  1136 9.6089e+10  182   56 9.2669e+10 9.6089e+10  3.69%  58.6 2625s
 78769  1132 infeasible  174      9.2669e+10 9.6089e+10  3.69%  58.6 2630s
 78884  1131 9.6089e+10  176   63 9.2669e+10 9.6089e+10  3.69%  58.6 2637s
 78931  1128 9.6089e+10  167   82 9.2669e+10 9.6089e+10  3.69%  58.6 2640s
 79043  1132 infeasible  173      9.2669e+10 9.6089e+10  3.69%  58.6 2645s
 79136  1135 infeasible  178      9.2669e+10 9.6089e+10  3.69%  58.7 2650s
 79205  1128 9.6089e+10  165  100 9.2669e+10 9.6089e+10  3.69%  58.7 2655s
 79391  1134 9.6089e+10  181   36 9.2669e+10 9.6089e+10  3.69%  58.8 2660s
 79585  1140 9.6089e+10  173   95 9.2669e+10 9.6089e+10  3.69%  58.8 2665s
 79762  1143 9.6089e+10  173   62 9.2669e+10 9.6089e+10  3.69%  58.8 2671s
 79907  1126 9.6089e+10  170   99 9.2669e+10 9.6089e+10  3.69%  58.8 2675s
 80077  1132 9.6089e+10  162  328 9.2669e+10 9.6089e+10  3.69%  58.8 2680s
 80255  1136 9.6089e+10  167   99 9.2669e+10 9.6089e+10  3.69%  58.8 2685s
 80342  1143 9.6089e+10  178   44 9.2669e+10 9.6089e+10  3.69%  58.8 2691s
 80453  1138 9.6089e+10  181   57 9.2669e+10 9.6089e+10  3.69%  58.8 2695s
 80604  1138 9.6089e+10  177   60 9.2669e+10 9.6089e+10  3.69%  58.8 2700s
 80763  1134 infeasible  176      9.2669e+10 9.6089e+10  3.69%  58.8 2705s
 80794  1125 9.6089e+10  162  218 9.2669e+10 9.6089e+10  3.69%  58.9 2710s
 80945  1136 9.6089e+10  169   89 9.2669e+10 9.6089e+10  3.69%  59.0 2715s
 81145  1142 9.6089e+10  175   54 9.2669e+10 9.6089e+10  3.69%  58.9 2720s
 81315  1132 9.6089e+10  171   59 9.2669e+10 9.6089e+10  3.69%  58.9 2725s
 81482  1133 infeasible  176      9.2669e+10 9.6089e+10  3.69%  58.9 2730s
 81643  1128 9.6089e+10  169   54 9.2669e+10 9.6089e+10  3.69%  58.8 2735s
 81778  1133 9.6089e+10  173   72 9.2669e+10 9.6089e+10  3.69%  58.8 2740s
 81970  1131 9.6089e+10  168  187 9.2669e+10 9.6089e+10  3.69%  58.8 2745s
 82055  1150 9.6089e+10  177   83 9.2669e+10 9.6089e+10  3.69%  58.8 2751s
 82210  1147 infeasible  177      9.2669e+10 9.6089e+10  3.69%  58.8 2755s
 82350  1147 infeasible  182      9.2669e+10 9.6089e+10  3.69%  58.8 2760s
 82549  1152 infeasible  182      9.2669e+10 9.6089e+10  3.69%  58.8 2765s
 82682  1145 infeasible  179      9.2669e+10 9.6089e+10  3.69%  58.8 2770s
 82892  1137 infeasible  171      9.2669e+10 9.6089e+10  3.69%  58.8 2775s
 83087  1148 9.6089e+10  184   57 9.2669e+10 9.6089e+10  3.69%  58.7 2780s
 83245  1130 infeasible  171      9.2669e+10 9.6089e+10  3.69%  58.7 2785s
 83375  1150 infeasible  192      9.2669e+10 9.6089e+10  3.69%  58.7 2790s
 83509  1134 infeasible  178      9.2669e+10 9.6089e+10  3.69%  58.8 2795s
 83576  1129 infeasible  173      9.2669e+10 9.6089e+10  3.69%  58.8 2800s
 83698  1143 9.6089e+10  181   63 9.2669e+10 9.6089e+10  3.69%  58.8 2806s
 83853  1146 9.6089e+10  178   56 9.2669e+10 9.6089e+10  3.69%  58.8 2810s
 84042  1141 9.6089e+10  182   63 9.2669e+10 9.6089e+10  3.69%  58.8 2815s
 84210  1145 infeasible  195      9.2669e+10 9.6089e+10  3.69%  58.7 2820s
 84377  1146 infeasible  183      9.2669e+10 9.6089e+10  3.69%  58.7 2825s
 84577  1140 9.6089e+10  175   97 9.2669e+10 9.6089e+10  3.69%  58.7 2830s
 84668  1139 9.6089e+10  180   87 9.2669e+10 9.6089e+10  3.69%  58.6 2835s
 84895  1142 9.6089e+10  181   82 9.2669e+10 9.6089e+10  3.69%  58.6 2840s
 85059  1132 infeasible  184      9.2669e+10 9.6089e+10  3.69%  58.6 2845s
 85248  1137 9.6089e+10  180   59 9.2669e+10 9.6089e+10  3.69%  58.5 2851s
 85300  1137 infeasible  185      9.2669e+10 9.6089e+10  3.69%  58.5 2855s
 85509  1141 infeasible  179      9.2669e+10 9.6089e+10  3.69%  58.5 2860s
 85657  1141 9.6089e+10  181   77 9.2669e+10 9.6089e+10  3.69%  58.5 2865s
 85752  1146 9.6089e+10  181   75 9.2669e+10 9.6089e+10  3.69%  58.5 2870s
 85918  1150 9.6089e+10  180  113 9.2669e+10 9.6089e+10  3.69%  58.5 2875s
 86040  1152 9.6089e+10  172  103 9.2669e+10 9.6089e+10  3.69%  58.5 2880s
 86126  1144 9.6089e+10  177  173 9.2669e+10 9.6089e+10  3.69%  58.6 2885s
 86247  1139 9.6089e+10  172  146 9.2669e+10 9.6089e+10  3.69%  58.6 2890s
 86332  1144 9.6089e+10  180   39 9.2669e+10 9.6089e+10  3.69%  58.6 2895s
 86437  1147 infeasible  181      9.2669e+10 9.6089e+10  3.69%  58.6 2900s
 86643  1147 infeasible  182      9.2669e+10 9.6089e+10  3.69%  58.6 2905s
 86780  1142 infeasible  190      9.2669e+10 9.6089e+10  3.69%  58.5 2910s
 86901  1151 9.6089e+10  182   56 9.2669e+10 9.6089e+10  3.69%  58.5 2915s
 87118  1156 9.6089e+10  191   48 9.2669e+10 9.6089e+10  3.69%  58.5 2920s
 87210  1150 9.6089e+10  175  125 9.2669e+10 9.6089e+10  3.69%  58.5 2925s
 87370  1154 9.6089e+10  182   93 9.2669e+10 9.6089e+10  3.69%  58.5 2930s
 87495  1159 9.6089e+10  192   80 9.2669e+10 9.6089e+10  3.69%  58.5 2935s
 87685  1157 infeasible  190      9.2669e+10 9.6089e+10  3.69%  58.4 2940s
 87839  1155 infeasible  180      9.2669e+10 9.6089e+10  3.69%  58.4 2945s
 88005  1147 9.6089e+10  184   31 9.2669e+10 9.6089e+10  3.69%  58.4 2950s
 88129  1149 infeasible  185      9.2669e+10 9.6089e+10  3.69%  58.4 2955s
 88290  1150 9.6089e+10  176   67 9.2669e+10 9.6089e+10  3.69%  58.4 2960s
 88419  1149 infeasible  182      9.2669e+10 9.6089e+10  3.69%  58.4 2965s
 88627  1157 9.6089e+10  195   48 9.2669e+10 9.6089e+10  3.69%  58.4 2970s
 88776  1154 9.6089e+10  181  101 9.2669e+10 9.6089e+10  3.69%  58.3 2976s
 88920  1164 9.6089e+10  190   88 9.2669e+10 9.6089e+10  3.69%  58.3 2980s
 89040  1154 9.6089e+10  193   74 9.2669e+10 9.6089e+10  3.69%  58.3 2985s
 89214  1150 infeasible  191      9.2669e+10 9.6089e+10  3.69%  58.3 2990s
 89382  1144 9.6089e+10  184   50 9.2669e+10 9.6089e+10  3.69%  58.3 2995s
 89519  1141 9.6089e+10  183   79 9.2669e+10 9.6089e+10  3.69%  58.3 3003s
 89573  1139 9.6089e+10  176   77 9.2669e+10 9.6089e+10  3.69%  58.3 3005s
 89686  1132 infeasible  178      9.2669e+10 9.6089e+10  3.69%  58.3 3010s
 89836  1124 9.6089e+10  167  155 9.2669e+10 9.6089e+10  3.69%  58.4 3015s
 89932  1128 infeasible  178      9.2669e+10 9.6089e+10  3.69%  58.4 3020s
 90147  1143 infeasible  190      9.2669e+10 9.6089e+10  3.69%  58.4 3025s
 90358  1138 9.6089e+10  189   56 9.2669e+10 9.6089e+10  3.69%  58.3 3030s
 90510  1158 9.6089e+10  186   69 9.2669e+10 9.6089e+10  3.69%  58.3 3035s
 90718  1138 infeasible  181      9.2669e+10 9.6089e+10  3.69%  58.2 3040s
 90834  1134 infeasible  190      9.2669e+10 9.6089e+10  3.69%  58.2 3045s
 91030  1128 9.6089e+10  159  218 9.2669e+10 9.6089e+10  3.69%  58.2 3050s
 91106  1148 9.6089e+10  180   48 9.2669e+10 9.6089e+10  3.69%  58.2 3055s
 91281  1139 infeasible  178      9.2669e+10 9.6089e+10  3.69%  58.2 3060s
 91427  1153 9.6089e+10  174   70 9.2669e+10 9.6089e+10  3.69%  58.2 3065s
 91593  1147 9.6089e+10  176   75 9.2669e+10 9.6089e+10  3.69%  58.2 3071s
 91667  1137 infeasible  175      9.2669e+10 9.6089e+10  3.69%  58.2 3075s
 91851  1139 9.6089e+10  178   64 9.2669e+10 9.6089e+10  3.69%  58.1 3080s
 92046  1144 infeasible  175      9.2669e+10 9.6089e+10  3.69%  58.1 3085s
 92162  1144 infeasible  178      9.2669e+10 9.6089e+10  3.69%  58.1 3090s
 92361  1149 9.6089e+10  183   39 9.2669e+10 9.6089e+10  3.69%  58.1 3095s
 92514  1142 9.6089e+10  181   35 9.2669e+10 9.6089e+10  3.69%  58.1 3100s
 92684  1136 9.6089e+10  170   49 9.2669e+10 9.6089e+10  3.69%  58.1 3105s
 92771  1145 9.6089e+10  177   77 9.2669e+10 9.6089e+10  3.69%  58.1 3110s
 92853  1141 infeasible  184      9.2669e+10 9.6089e+10  3.69%  58.2 3115s
 92952  1150 infeasible  177      9.2669e+10 9.6089e+10  3.69%  58.3 3120s
 93014  1142 9.6089e+10  179  101 9.2669e+10 9.6089e+10  3.69%  58.3 3125s
 93045  1141 9.6089e+10  175  163 9.2669e+10 9.6089e+10  3.69%  58.4 3130s
 93135  1143 infeasible  178      9.2669e+10 9.6089e+10  3.69%  58.4 3135s
 93289  1139 9.6089e+10  172  188 9.2669e+10 9.6089e+10  3.69%  58.5 3142s
 93343  1147 9.6089e+10  177  139 9.2669e+10 9.6089e+10  3.69%  58.5 3145s
 93426  1152 infeasible  187      9.2669e+10 9.6089e+10  3.69%  58.6 3150s
 93505  1145 infeasible  179      9.2669e+10 9.6089e+10  3.69%  58.7 3155s
 93624  1146 9.6089e+10  181   70 9.2669e+10 9.6089e+10  3.69%  58.8 3160s
 93700  1152 9.6089e+10  178   99 9.2669e+10 9.6089e+10  3.69%  58.8 3165s
 93764  1140 9.6089e+10  178  164 9.2669e+10 9.6089e+10  3.69%  58.9 3171s
 93832  1144 infeasible  185      9.2669e+10 9.6089e+10  3.69%  58.9 3175s
 93931  1145 9.6089e+10  174  206 9.2669e+10 9.6089e+10  3.69%  59.0 3180s
 94028  1150 9.6089e+10  168   65 9.2669e+10 9.6089e+10  3.69%  59.1 3185s
 94125  1159 9.6089e+10  176  131 9.2669e+10 9.6089e+10  3.69%  59.1 3190s
 94267  1155 9.6089e+10  178  110 9.2669e+10 9.6089e+10  3.69%  59.1 3195s
 94383  1147 9.6089e+10  167  234 9.2669e+10 9.6089e+10  3.69%  59.2 3200s
 94437  1155 9.6089e+10  170   96 9.2669e+10 9.6089e+10  3.69%  59.2 3206s
 94536  1148 9.6089e+10  170  244 9.2669e+10 9.6089e+10  3.69%  59.2 3210s
 94691  1161 infeasible  183      9.2669e+10 9.6089e+10  3.69%  59.3 3215s
 94847  1163 9.6089e+10  184   65 9.2669e+10 9.6089e+10  3.69%  59.2 3220s
 95050  1164 9.6089e+10  182   90 9.2669e+10 9.6089e+10  3.69%  59.2 3225s
 95206  1146 infeasible  174      9.2669e+10 9.6089e+10  3.69%  59.2 3230s
 95254  1158 9.6089e+10  181  155 9.2669e+10 9.6089e+10  3.69%  59.2 3235s
 95364  1154 9.6089e+10  172  199 9.2669e+10 9.6089e+10  3.69%  59.3 3240s
 95480  1150 9.6089e+10  178   66 9.2669e+10 9.6089e+10  3.69%  59.3 3245s
 95675  1151 9.6089e+10  174   45 9.2669e+10 9.6089e+10  3.69%  59.3 3250s
 95822  1146 9.6089e+10  169  117 9.2669e+10 9.6089e+10  3.69%  59.3 3255s
 95951  1165 9.6089e+10  177   53 9.2669e+10 9.6089e+10  3.69%  59.3 3260s
 96093  1159 9.6089e+10  175   46 9.2669e+10 9.6089e+10  3.69%  59.3 3265s
 96208  1152 9.6089e+10  178   48 9.2669e+10 9.6089e+10  3.69%  59.2 3270s
 96384  1136 9.6089e+10  173  102 9.2669e+10 9.6089e+10  3.69%  59.3 3276s
 96474  1138 infeasible  170      9.2669e+10 9.6089e+10  3.69%  59.3 3280s
 96617  1139 9.6089e+10  168  215 9.2669e+10 9.6089e+10  3.69%  59.3 3287s
 96686  1148 infeasible  191      9.2669e+10 9.6089e+10  3.69%  59.4 3290s
 96852  1138 infeasible  185      9.2669e+10 9.6089e+10  3.69%  59.3 3295s
 97000  1144 infeasible  181      9.2669e+10 9.6089e+10  3.69%  59.4 3300s
 97109  1143 9.6089e+10  170   88 9.2669e+10 9.6089e+10  3.69%  59.4 3305s
 97181  1137 9.6089e+10  172  193 9.2669e+10 9.6089e+10  3.69%  59.5 3310s
 97220  1146 9.6089e+10  180  120 9.2669e+10 9.6089e+10  3.69%  59.5 3315s
 97366  1150 infeasible  196      9.2669e+10 9.6089e+10  3.69%  59.5 3320s
 97447  1141 9.6089e+10  176  127 9.2669e+10 9.6089e+10  3.69%  59.6 3325s
 97556  1136 9.6089e+10  172  207 9.2669e+10 9.6089e+10  3.69%  59.7 3330s
 97660  1144 9.6089e+10  179  137 9.2669e+10 9.6089e+10  3.69%  59.7 3335s
 97719  1137 9.6089e+10  170  210 9.2669e+10 9.6089e+10  3.69%  59.7 3340s
 97788  1138 9.6089e+10  173  160 9.2669e+10 9.6089e+10  3.69%  59.8 3345s
 97878  1138 9.6089e+10  173  152 9.2669e+10 9.6089e+10  3.69%  59.9 3350s
 98022  1136 9.6089e+10  177  105 9.2669e+10 9.6089e+10  3.69%  59.9 3355s
 98148  1142 infeasible  177      9.2669e+10 9.6089e+10  3.69%  59.9 3360s
 98230  1150 9.6089e+10  175  110 9.2669e+10 9.6089e+10  3.69%  59.9 3365s
 98419  1149 9.6089e+10  172   94 9.2669e+10 9.6089e+10  3.69%  59.9 3370s
 98567  1145 9.6089e+10  172  132 9.2669e+10 9.6089e+10  3.69%  59.9 3375s
 98705  1145 9.6089e+10  170   31 9.2669e+10 9.6089e+10  3.69%  60.0 3380s
 98752  1158 9.6089e+10  179  112 9.2669e+10 9.6089e+10  3.69%  60.0 3385s
 98810  1146 9.6089e+10  178  107 9.2669e+10 9.6089e+10  3.69%  60.0 3390s
 98972  1146 9.6089e+10  173  148 9.2669e+10 9.6089e+10  3.69%  60.0 3395s
 99086  1156 infeasible  179      9.2669e+10 9.6089e+10  3.69%  60.1 3400s
 99211  1153 9.6089e+10  180   95 9.2669e+10 9.6089e+10  3.69%  60.1 3405s
 99322  1142 9.6089e+10  171  148 9.2669e+10 9.6089e+10  3.69%  60.1 3410s
 99479  1149 9.6089e+10  184   83 9.2669e+10 9.6089e+10  3.69%  60.1 3415s
 99564  1146 infeasible  178      9.2669e+10 9.6089e+10  3.69%  60.1 3420s
 99659  1163 9.6089e+10  186  105 9.2669e+10 9.6089e+10  3.69%  60.2 3425s
 99806  1148 infeasible  187      9.2669e+10 9.6089e+10  3.69%  60.2 3430s
 99896  1144 9.6089e+10  172  182 9.2669e+10 9.6089e+10  3.69%  60.2 3436s
 99911  1149 9.6089e+10  179   56 9.2669e+10 9.6089e+10  3.69%  60.2 3440s
 100030  1156 9.6089e+10  182  104 9.2669e+10 9.6089e+10  3.69%  60.2 3445s
 100195  1151 9.6089e+10  179  120 9.2669e+10 9.6089e+10  3.69%  60.3 3450s
 100334  1154 infeasible  182      9.2669e+10 9.6089e+10  3.69%  60.3 3455s
 100425  1147 9.6089e+10  176  176 9.2669e+10 9.6089e+10  3.69%  60.3 3460s
 100533  1153 9.6089e+10  179  130 9.2669e+10 9.6089e+10  3.69%  60.3 3465s
 100633  1143 9.6089e+10  174  149 9.2669e+10 9.6089e+10  3.69%  60.4 3470s
 100766  1152 infeasible  184      9.2669e+10 9.6089e+10  3.69%  60.4 3475s
 100826  1146 9.6089e+10  183  113 9.2669e+10 9.6089e+10  3.69%  60.4 3480s
 100960  1150 9.6089e+10  188   73 9.2669e+10 9.6089e+10  3.69%  60.5 3485s
 101053  1141 9.6089e+10  172  148 9.2669e+10 9.6089e+10  3.69%  60.5 3491s
 101086  1140 infeasible  180      9.2669e+10 9.6089e+10  3.69%  60.5 3495s
 101249  1141 infeasible  177      9.2669e+10 9.6089e+10  3.69%  60.5 3500s
 101383  1147 9.6089e+10  177  102 9.2669e+10 9.6089e+10  3.69%  60.6 3505s
 101477  1135 infeasible  170      9.2669e+10 9.6089e+10  3.69%  60.6 3510s
 101551  1135 9.6089e+10  162  286 9.2669e+10 9.6089e+10  3.69%  60.7 3515s
 101642  1140 infeasible  173      9.2669e+10 9.6089e+10  3.69%  60.7 3520s
 101807  1153 9.6089e+10  173  205 9.2669e+10 9.6089e+10  3.69%  60.7 3525s
 101923  1161 infeasible  179      9.2669e+10 9.6089e+10  3.69%  60.7 3530s
 102020  1160 infeasible  178      9.2669e+10 9.6089e+10  3.69%  60.7 3535s
 102125  1159 infeasible  174      9.2669e+10 9.6089e+10  3.69%  60.7 3540s
 102222  1162 9.6089e+10  181  101 9.2669e+10 9.6089e+10  3.69%  60.8 3545s
 102310  1150 infeasible  174      9.2669e+10 9.6089e+10  3.69%  60.9 3550s
 102364  1150 infeasible  177      9.2669e+10 9.6089e+10  3.69%  60.9 3555s
 102518  1144 9.6089e+10  173  173 9.2669e+10 9.6089e+10  3.69%  60.9 3560s
 102611  1141 9.6089e+10  171  257 9.2669e+10 9.6089e+10  3.69%  61.0 3569s
 102622  1146 9.6089e+10  175  199 9.2669e+10 9.6089e+10  3.69%  61.0 3570s
 102686  1148 9.6089e+10  179  181 9.2669e+10 9.6089e+10  3.69%  61.0 3576s
 102785  1145 9.6089e+10  177   96 9.2669e+10 9.6089e+10  3.69%  61.1 3580s
 102877  1143 infeasible  180      9.2669e+10 9.6089e+10  3.69%  61.1 3585s
 102966  1146 9.6089e+10  174  196 9.2669e+10 9.6089e+10  3.69%  61.2 3590s
 103064  1140 9.6089e+10  174  217 9.2669e+10 9.6089e+10  3.69%  61.2 3595s

Cutting planes:
  Learned: 502
  Gomory: 59
  Lift-and-project: 6
  Cover: 4347
  Implied bound: 1027
  Projected implied bound: 1
  Clique: 71
  MIR: 86
  Flow cover: 790
  GUB cover: 11
  Inf proof: 1417
  Zero half: 1
  RLT: 125
  Relax-and-lift: 214

Explored 103141 nodes (6350386 simplex iterations) in 3599.48 seconds (1748.83 work units)
Thread count was 1 (of 28 available processors)

Solution count 9: 9.26688e+10 9.25704e+10 8.91504e+10 ... -0

Time limit reached
Best objective 9.266880000000e+10, best bound 9.608880000000e+10, gap 3.6906%

User-callback calls 1875198, time in user-callback 1.25 sec