Gurobi Optimizer version 12.0.3 build v12.0.3rc0 (linux64 - "Oracle Linux Server 9.4")

CPU model: Intel(R) Xeon(R) CPU E5-2660 v4 @ 2.00GHz, instruction set [SSE2|AVX|AVX2]
Thread count: 28 physical cores, 28 logical processors, using up to 1 threads

Non-default parameters:
TimeLimit  3599.755036106
SoftMemLimit  16
NumericFocus  1
Threads  1

Academic license 2690100 - for non-commercial use only - registered to ju___@uclm.es
Optimize a model with 2406 rows, 630 columns and 8302 nonzeros
Model fingerprint: 0x5d445135
Variable types: 28 continuous, 602 integer (602 binary)
Coefficient statistics:
  Matrix range     [1e+00, 3e+13]
  Objective range  [7e+09, 7e+09]
  Bounds range     [1e+03, 1e+04]
  RHS range        [1e+00, 2e+14]
Warning: Model contains large matrix coefficient range
Warning: Model contains large objective coefficients
Warning: Model contains large rhs
Found heuristic solution: objective -0.0000000
Presolve removed 505 rows and 0 columns
Presolve time: 0.06s
Presolved: 1901 rows, 630 columns, 7146 nonzeros
Variable types: 28 continuous, 602 integer (602 binary)

Root relaxation: objective 9.376500e+10, 413 iterations, 0.01 seconds (0.00 work units)

    Nodes    |    Current Node    |     Objective Bounds      |     Work
 Expl Unexpl |  Obj  Depth IntInf | Incumbent    BestBd   Gap | It/Node Time

     0     0 9.3765e+10    0    4   -0.00000 9.3765e+10      -     -    0s
H    0     0                    2.009250e+10 9.3765e+10   367%     -    0s
     0     0 9.3765e+10    0    7 2.0092e+10 9.3765e+10   367%     -    0s
     0     0 9.3765e+10    0    4 2.0092e+10 9.3765e+10   367%     -    0s
H    0     0                    4.018500e+10 9.3765e+10   133%     -    0s
     0     0 9.3765e+10    0    4 4.0185e+10 9.3765e+10   133%     -    0s
     0     0 9.3765e+10    0    4 4.0185e+10 9.3765e+10   133%     -    0s
H    0     0                    4.688250e+10 9.3765e+10   100%     -    0s
     0     0 9.3765e+10    0   10 4.6882e+10 9.3765e+10   100%     -    0s
     0     0 9.3765e+10    0   14 4.6882e+10 9.3765e+10   100%     -    0s
     0     0 9.3765e+10    0    2 4.6882e+10 9.3765e+10   100%     -    0s
     0     0 9.3765e+10    0    5 4.6882e+10 9.3765e+10   100%     -    0s
H    0     0                    5.358000e+10 9.3765e+10  75.0%     -    0s
     0     0 9.3765e+10    0    8 5.3580e+10 9.3765e+10  75.0%     -    0s
H    0     0                    8.037000e+10 9.3765e+10  16.7%     -    0s
     0     0 9.3765e+10    0    5 8.0370e+10 9.3765e+10  16.7%     -    0s
     0     0 9.3765e+10    0    4 8.0370e+10 9.3765e+10  16.7%     -    0s
     0     2 9.3765e+10    0    4 8.0370e+10 9.3765e+10  16.7%     -    0s
H   52    34                    8.706750e+10 9.3765e+10  7.69%  15.5    0s
  2022   189 9.3765e+10   55   36 8.7068e+10 9.3765e+10  7.69%  10.9    5s
  3780   312 9.3765e+10   40   56 8.7068e+10 9.3765e+10  7.69%   3.2   10s
  4409   495 9.3765e+10   44   31 8.7068e+10 9.3765e+10  7.69%   7.5   15s
* 4483     5              41    9.376500e+10 9.3765e+10  0.00%   8.0   15s

Cutting planes:
  Learned: 83
  Gomory: 19
  Lift-and-project: 8
  Cover: 192
  Implied bound: 134
  Clique: 17
  MIR: 19
  StrongCG: 1
  Flow cover: 121
  GUB cover: 6
  Inf proof: 68
  Zero half: 1
  RLT: 16
  Relax-and-lift: 24

Explored 4484 nodes (75122 simplex iterations) in 15.47 seconds (7.12 work units)
Thread count was 1 (of 28 available processors)

Solution count 8: 9.3765e+10 8.70675e+10 8.037e+10 ... -0

Optimal solution found (tolerance 1.00e-04)
Best objective 9.376500000000e+10, best bound 9.376500000000e+10, gap 0.0000%

User-callback calls 18361, time in user-callback 0.01 sec