Gurobi Optimizer version 12.0.3 build v12.0.3rc0 (linux64 - "Oracle Linux Server 9.4")

CPU model: Intel(R) Xeon(R) CPU E5-2660 v4 @ 2.00GHz, instruction set [SSE2|AVX|AVX2]
Thread count: 28 physical cores, 28 logical processors, using up to 1 threads

Non-default parameters:
TimeLimit  3599.866545201
SoftMemLimit  16
NumericFocus  1
Threads  1

Academic license 2690100 - for non-commercial use only - registered to ju___@uclm.es
Optimize a model with 1761 rows, 468 columns and 6080 nonzeros
Model fingerprint: 0x2ac5676d
Variable types: 24 continuous, 444 integer (444 binary)
Coefficient statistics:
  Matrix range     [1e+00, 2e+13]
  Objective range  [5e+09, 7e+09]
  Bounds range     [1e+03, 1e+04]
  RHS range        [1e+00, 2e+14]
Warning: Model contains large matrix coefficient range
Warning: Model contains large objective coefficients
Warning: Model contains large rhs
Found heuristic solution: objective -0.0000000
Presolve removed 351 rows and 0 columns
Presolve time: 0.05s
Presolved: 1410 rows, 468 columns, 6216 nonzeros
Variable types: 24 continuous, 444 integer (444 binary)

Root relaxation: objective 7.175520e+10, 264 iterations, 0.00 seconds (0.00 work units)

    Nodes    |    Current Node    |     Objective Bounds      |     Work
 Expl Unexpl |  Obj  Depth IntInf | Incumbent    BestBd   Gap | It/Node Time

     0     0 7.1755e+10    0    5   -0.00000 7.1755e+10      -     -    0s
H    0     0                    2.551680e+10 7.1755e+10   181%     -    0s
     0     0 7.1755e+10    0   10 2.5517e+10 7.1755e+10   181%     -    0s
     0     0 7.1755e+10    0    8 2.5517e+10 7.1755e+10   181%     -    0s
H    0     0                    3.765600e+10 7.1755e+10  90.6%     -    0s
H    0     0                    4.474080e+10 7.1755e+10  60.4%     -    0s
     0     0 7.1755e+10    0   10 4.4741e+10 7.1755e+10  60.4%     -    0s
     0     0 7.1755e+10    0   13 4.4741e+10 7.1755e+10  60.4%     -    0s
H    0     0                    4.940640e+10 7.1755e+10  45.2%     -    0s
     0     0 7.1755e+10    0   12 4.9406e+10 7.1755e+10  45.2%     -    0s
     0     0 7.1755e+10    0    4 4.9406e+10 7.1755e+10  45.2%     -    0s
     0     0 7.1755e+10    0    4 4.9406e+10 7.1755e+10  45.2%     -    0s
H    0     0                    6.670080e+10 7.1755e+10  7.58%     -    0s
     0     2 7.1755e+10    0    4 6.6701e+10 7.1755e+10  7.58%     -    0s
H  182     0                    7.175520e+10 7.1755e+10  0.00%  13.3    0s

Cutting planes:
  Learned: 2
  Gomory: 2
  Cover: 37
  Implied bound: 20
  Clique: 1
  Flow cover: 5
  GUB cover: 1
  RLT: 1
  Relax-and-lift: 6

Explored 183 nodes (3592 simplex iterations) in 0.72 seconds (0.32 work units)
Thread count was 1 (of 28 available processors)

Solution count 7: 7.17552e+10 6.67008e+10 4.94064e+10 ... -0

Optimal solution found (tolerance 1.00e-04)
Best objective 7.175520000000e+10, best bound 7.175520000000e+10, gap 0.0000%

User-callback calls 1361, time in user-callback 0.00 sec