Gurobi Optimizer version 12.0.3 build v12.0.3rc0 (linux64 - "Oracle Linux Server 9.4")

CPU model: Intel(R) Xeon(R) CPU E5-2660 v4 @ 2.00GHz, instruction set [SSE2|AVX|AVX2]
Thread count: 28 physical cores, 28 logical processors, using up to 1 threads

Non-default parameters:
TimeLimit  3599.686240054
SoftMemLimit  16
NumericFocus  1
Threads  1

Academic license 2690100 - for non-commercial use only - registered to ju___@uclm.es
Optimize a model with 2398 rows, 630 columns and 8286 nonzeros
Model fingerprint: 0xaf0af246
Variable types: 28 continuous, 602 integer (602 binary)
Coefficient statistics:
  Matrix range     [1e+00, 3e+13]
  Objective range  [9e+08, 2e+10]
  Bounds range     [3e+02, 1e+04]
  RHS range        [1e+00, 2e+14]
Warning: Model contains large matrix coefficient range
Warning: Model contains large objective coefficients
Warning: Model contains large rhs
Found heuristic solution: objective -0.0000000
Presolve removed 796 rows and 97 columns
Presolve time: 0.05s
Presolved: 1602 rows, 533 columns, 5852 nonzeros
Variable types: 24 continuous, 509 integer (509 binary)

Root relaxation: objective 9.139855e+10, 268 iterations, 0.00 seconds (0.00 work units)

    Nodes    |    Current Node    |     Objective Bounds      |     Work
 Expl Unexpl |  Obj  Depth IntInf | Incumbent    BestBd   Gap | It/Node Time

     0     0 9.1399e+10    0   17   -0.00000 9.1399e+10      -     -    0s
H    0     0                    7.232729e+10 9.1399e+10  26.4%     -    0s
     0     0 8.9089e+10    0  101 7.2327e+10 8.9089e+10  23.2%     -    0s
     0     0 8.9089e+10    0   88 7.2327e+10 8.9089e+10  23.2%     -    0s
     0     0 8.8765e+10    0   84 7.2327e+10 8.8765e+10  22.7%     -    0s
     0     0 8.8664e+10    0   98 7.2327e+10 8.8664e+10  22.6%     -    0s
     0     0 8.8664e+10    0   92 7.2327e+10 8.8664e+10  22.6%     -    0s
     0     0 8.8530e+10    0   43 7.2327e+10 8.8530e+10  22.4%     -    0s
     0     0 8.8530e+10    0   17 7.2327e+10 8.8530e+10  22.4%     -    0s
     0     0 8.8530e+10    0   23 7.2327e+10 8.8530e+10  22.4%     -    0s
     0     0 8.8530e+10    0    6 7.2327e+10 8.8530e+10  22.4%     -    0s
H    0     0                    7.351039e+10 8.8530e+10  20.4%     -    0s
     0     0 8.8530e+10    0   10 7.3510e+10 8.8530e+10  20.4%     -    0s
     0     0 8.8530e+10    0   12 7.3510e+10 8.8530e+10  20.4%     -    0s
     0     0 8.8530e+10    0   11 7.3510e+10 8.8530e+10  20.4%     -    0s
     0     0 8.8530e+10    0   11 7.3510e+10 8.8530e+10  20.4%     -    0s
     0     2 8.8530e+10    0    4 7.3510e+10 8.8530e+10  20.4%     -    0s
H  104    40                    7.675039e+10 8.8530e+10  15.3%  12.9    0s
H  132    46                    7.948968e+10 8.8530e+10  11.4%  12.7    0s
H  185    62                    8.038968e+10 8.8530e+10  10.1%  12.1    0s
*  205    52              93    8.114959e+10 8.8530e+10  9.09%  11.6    0s
H  650   307                    8.298888e+10 8.8530e+10  6.68%  11.5    1s
  1164   457 infeasible   54      8.2989e+10 8.8530e+10  6.68%  17.4    5s
* 1178   416              59    8.487720e+10 8.8530e+10  4.30%  17.5    5s
  2171   460 infeasible   58      8.4877e+10 8.8530e+10  4.30%  20.1   10s
  3097   767 8.7899e+10   56   38 8.4877e+10 8.8530e+10  4.30%  21.1   15s
H 3111   646                    8.699928e+10 8.8530e+10  1.76%  21.1   15s
  4153   804 8.8530e+10   58   16 8.6999e+10 8.8530e+10  1.76%  21.6   20s
* 5044   671              80    8.789928e+10 8.8530e+10  0.72%  22.1   24s
  5106   678 8.8530e+10   47    3 8.7899e+10 8.8530e+10  0.72%  22.2   25s
  6330   771 8.8530e+10   48   25 8.7899e+10 8.8530e+10  0.72%  22.0   30s
  7801  1002 8.8530e+10   50   36 8.7899e+10 8.8530e+10  0.72%  21.4   35s
  9284  1536 infeasible   58      8.7899e+10 8.8530e+10  0.72%  21.2   40s
 10593  1835 8.8530e+10   49   23 8.7899e+10 8.8530e+10  0.72%  21.5   45s
 12112  2344 8.8530e+10   62   15 8.7899e+10 8.8530e+10  0.72%  21.2   50s
 13565  2645 infeasible   66      8.7899e+10 8.8530e+10  0.72%  21.2   55s
 15092  2942 8.8530e+10   60   19 8.7899e+10 8.8530e+10  0.72%  21.3   60s
 15967  2847 8.8530e+10   74   22 8.7899e+10 8.8530e+10  0.72%  21.6   65s
 16595  2654 8.8530e+10   61   26 8.7899e+10 8.8530e+10  0.72%  22.3   70s
 17353  2405 8.8530e+10   70   11 8.7899e+10 8.8530e+10  0.72%  23.4   75s
 17960  2237 8.8530e+10   68   22 8.7899e+10 8.8530e+10  0.72%  24.2   80s
 18619  2024 infeasible   76      8.7899e+10 8.8530e+10  0.72%  24.8   85s
 19272  1811 8.8530e+10   80    3 8.7899e+10 8.8530e+10  0.72%  25.2   90s
 19930  1628 8.8530e+10   79    9 8.7899e+10 8.8530e+10  0.72%  25.7   95s
 20404  1479 8.8530e+10   68   39 8.7899e+10 8.8530e+10  0.72%  26.0  101s
 20843  1354 infeasible   69      8.7899e+10 8.8530e+10  0.72%  26.4  105s
 21427  1173 infeasible   68      8.7899e+10 8.8530e+10  0.72%  26.8  110s
 22052   963 8.8530e+10   73    6 8.7899e+10 8.8530e+10  0.72%  27.2  115s
 22753   744 8.8530e+10   66   31 8.7899e+10 8.8530e+10  0.72%  27.3  120s
 23225   620 8.8530e+10   65   17 8.7899e+10 8.8530e+10  0.72%  27.5  125s
 23865   447 8.8530e+10   75   19 8.7899e+10 8.8530e+10  0.72%  27.9  130s
 24406   330 8.8530e+10   80   21 8.7899e+10 8.8530e+10  0.72%  28.3  135s
 24714   318 infeasible   77      8.7899e+10 8.8530e+10  0.72%  28.5  140s
 25392   312 8.8530e+10   74   18 8.7899e+10 8.8530e+10  0.72%  29.0  145s
 25889   305 8.8530e+10   69    8 8.7899e+10 8.8530e+10  0.72%  29.2  150s
 26575   318 infeasible   83      8.7899e+10 8.8530e+10  0.72%  29.4  155s
 27074   308 8.8530e+10   68   13 8.7899e+10 8.8530e+10  0.72%  29.6  160s
 27627   302 infeasible   66      8.7899e+10 8.8530e+10  0.72%  30.0  165s
 28008   311 infeasible   79      8.7899e+10 8.8530e+10  0.72%  30.2  170s
 28656   320 infeasible   87      8.7899e+10 8.8530e+10  0.72%  30.6  175s
 29085   316 8.8530e+10   83   12 8.7899e+10 8.8530e+10  0.72%  30.8  180s
 29546   346 8.8530e+10   74   20 8.7899e+10 8.8530e+10  0.72%  31.1  185s
 29981   368 8.8530e+10   76   18 8.7899e+10 8.8530e+10  0.72%  31.3  190s
 30474   351 infeasible   70      8.7899e+10 8.8530e+10  0.72%  31.5  195s
 31124   364 8.8530e+10   81    9 8.7899e+10 8.8530e+10  0.72%  31.6  200s
 31639   368 8.8530e+10   69   27 8.7899e+10 8.8530e+10  0.72%  31.7  206s
 32105   381 8.8530e+10   65    6 8.7899e+10 8.8530e+10  0.72%  31.8  210s
 32605   509 infeasible   75      8.7899e+10 8.8530e+10  0.72%  31.9  215s
 32930   540 8.8530e+10   81   39 8.7899e+10 8.8530e+10  0.72%  32.0  220s
 33432   547 infeasible   72      8.7899e+10 8.8530e+10  0.72%  32.1  225s
 34085   577 infeasible   79      8.7899e+10 8.8530e+10  0.72%  32.2  230s
 34547   583 infeasible   84      8.7899e+10 8.8530e+10  0.72%  32.2  235s
 35235   587 8.8530e+10   73   10 8.7899e+10 8.8530e+10  0.72%  32.3  241s
 35609   638 8.8530e+10   67   16 8.7899e+10 8.8530e+10  0.72%  32.4  245s
 36264   704 infeasible   83      8.7899e+10 8.8530e+10  0.72%  32.4  250s
 36785   701 infeasible   84      8.7899e+10 8.8530e+10  0.72%  32.3  255s
 37431   722 8.8530e+10   78   25 8.7899e+10 8.8530e+10  0.72%  32.3  260s
 37898   769 8.8530e+10   82   21 8.7899e+10 8.8530e+10  0.72%  32.3  265s
 38480   826 8.8530e+10   76   16 8.7899e+10 8.8530e+10  0.72%  32.5  270s
 38984   931 8.8530e+10   66   42 8.7899e+10 8.8530e+10  0.72%  32.5  275s
 39338  1030 infeasible   87      8.7899e+10 8.8530e+10  0.72%  32.6  280s
 40023  1029 8.8530e+10   83   27 8.7899e+10 8.8530e+10  0.72%  32.7  285s
 40497  1026 8.8530e+10   81   33 8.7899e+10 8.8530e+10  0.72%  32.8  290s
 40984  1018 infeasible   85      8.7899e+10 8.8530e+10  0.72%  32.8  295s
 41363  1040 8.8530e+10   71   42 8.7899e+10 8.8530e+10  0.72%  32.9  300s
 41887  1043 8.8530e+10   77   21 8.7899e+10 8.8530e+10  0.72%  33.0  305s
 42531  1027 infeasible   85      8.7899e+10 8.8530e+10  0.72%  33.1  310s
 42821  1041 8.8530e+10   85   11 8.7899e+10 8.8530e+10  0.72%  33.2  315s
 43477  1058 infeasible   77      8.7899e+10 8.8530e+10  0.72%  33.2  320s
 43967  1060 8.8530e+10   82   10 8.7899e+10 8.8530e+10  0.72%  33.2  325s
 44414  1080 infeasible   86      8.7899e+10 8.8530e+10  0.72%  33.3  330s
 44963  1085 8.8530e+10   80   23 8.7899e+10 8.8530e+10  0.72%  33.3  335s
 45348  1092 8.8530e+10   80   24 8.7899e+10 8.8530e+10  0.72%  33.4  340s
 45959  1100 8.8530e+10   81   14 8.7899e+10 8.8530e+10  0.72%  33.4  346s
 46262  1100 8.8530e+10   85   25 8.7899e+10 8.8530e+10  0.72%  33.4  350s
 46859  1163 infeasible   77      8.7899e+10 8.8530e+10  0.72%  33.5  355s
 47215  1254 infeasible   75      8.7899e+10 8.8530e+10  0.72%  33.6  360s
 47799  1248 8.8530e+10   72   16 8.7899e+10 8.8530e+10  0.72%  33.6  365s
 48407  1266 8.8530e+10   68   55 8.7899e+10 8.8530e+10  0.72%  33.6  370s
 48747  1311 8.8530e+10   81   25 8.7899e+10 8.8530e+10  0.72%  33.6  375s
 49304  1308 8.8530e+10   80   33 8.7899e+10 8.8530e+10  0.72%  33.7  380s
 49671  1345 8.8530e+10   79   13 8.7899e+10 8.8530e+10  0.72%  33.8  385s
 49966  1334 infeasible   76      8.7899e+10 8.8530e+10  0.72%  33.9  390s
 50415  1367 8.8530e+10   85   23 8.7899e+10 8.8530e+10  0.72%  34.0  395s
 50853  1351 8.8530e+10   81   27 8.7899e+10 8.8530e+10  0.72%  34.0  400s
 51111  1355 infeasible   82      8.7899e+10 8.8530e+10  0.72%  34.1  405s
 51680  1461 8.8530e+10   84    6 8.7899e+10 8.8530e+10  0.72%  34.2  410s
 52233  1500 8.8530e+10   86   22 8.7899e+10 8.8530e+10  0.72%  34.2  415s
 52707  1492 8.8530e+10   67   31 8.7899e+10 8.8530e+10  0.72%  34.3  420s
 53017  1484 8.8530e+10   75   39 8.7899e+10 8.8530e+10  0.72%  34.3  425s
 53524  1497 8.8530e+10   76   32 8.7899e+10 8.8530e+10  0.72%  34.4  430s
 54109  1495 8.8530e+10   78   27 8.7899e+10 8.8530e+10  0.72%  34.5  435s
 54439  1514 infeasible   94      8.7899e+10 8.8530e+10  0.72%  34.5  440s
 55105  1499 8.8530e+10   85   10 8.7899e+10 8.8530e+10  0.72%  34.5  445s
 55698  1568 8.8530e+10   71   14 8.7899e+10 8.8530e+10  0.72%  34.6  451s
 56076  1568 infeasible   74      8.7899e+10 8.8530e+10  0.72%  34.7  455s
 56462  1604 8.8530e+10   73   27 8.7899e+10 8.8530e+10  0.72%  34.7  460s
 57056  1624 infeasible   82      8.7899e+10 8.8530e+10  0.72%  34.8  465s
 57510  1650 8.8530e+10   71   20 8.7899e+10 8.8530e+10  0.72%  34.8  470s
 57950  1644 infeasible   73      8.7899e+10 8.8530e+10  0.72%  34.9  475s
 58349  1668 infeasible   76      8.7899e+10 8.8530e+10  0.72%  34.9  480s
 58856  1745 8.8530e+10   76   22 8.7899e+10 8.8530e+10  0.72%  35.0  485s
 59346  1801 8.8530e+10   79   24 8.7899e+10 8.8530e+10  0.72%  35.0  490s
 59824  1809 infeasible   83      8.7899e+10 8.8530e+10  0.72%  35.0  495s
 60157  1805 infeasible   84      8.7899e+10 8.8530e+10  0.72%  35.1  500s
 60729  1831 8.8530e+10   79   12 8.7899e+10 8.8530e+10  0.72%  35.1  505s
 61184  1865 8.8530e+10   82   27 8.7899e+10 8.8530e+10  0.72%  35.1  510s
 61676  1863 8.8530e+10   76   25 8.7899e+10 8.8530e+10  0.72%  35.1  515s
 62245  1895 8.8530e+10   77   10 8.7899e+10 8.8530e+10  0.72%  35.2  521s
 62503  1889 8.8260e+10   86   33 8.7899e+10 8.8530e+10  0.72%  35.2  525s
 63072  1902     cutoff   79      8.7899e+10 8.8530e+10  0.72%  35.3  530s
 63501  1909 8.8530e+10   78    4 8.7899e+10 8.8530e+10  0.72%  35.3  535s
 64046  1939 8.8260e+10   81    6 8.7899e+10 8.8530e+10  0.72%  35.4  540s
 64347  1953 8.8530e+10   83   25 8.7899e+10 8.8530e+10  0.72%  35.4  545s
 64900  1947 infeasible   79      8.7899e+10 8.8530e+10  0.72%  35.4  550s
 65352  1917 8.8530e+10   75   20 8.7899e+10 8.8530e+10  0.72%  35.4  555s
 65844  1987 8.8530e+10   71   21 8.7899e+10 8.8530e+10  0.72%  35.5  560s
 66344  1992 8.8530e+10   68   13 8.7899e+10 8.8530e+10  0.72%  35.5  565s
 66861  2019 8.8260e+10   78   13 8.7899e+10 8.8530e+10  0.72%  35.5  570s
 67224  2055 8.8117e+10   80   13 8.7899e+10 8.8530e+10  0.72%  35.5  575s
 67785  2054     cutoff   89      8.7899e+10 8.8530e+10  0.72%  35.5  580s
 68092  2047 8.8530e+10   74   33 8.7899e+10 8.8530e+10  0.72%  35.5  585s
 68613  2113 8.8530e+10   80   14 8.7899e+10 8.8530e+10  0.72%  35.5  590s
 69170  2125 8.8117e+10   80    5 8.7899e+10 8.8530e+10  0.72%  35.5  595s
 69732  2132 8.8530e+10   80   11 8.7899e+10 8.8530e+10  0.72%  35.5  602s
 69989  2129 infeasible   75      8.7899e+10 8.8530e+10  0.72%  35.5  605s
 70580  2134 8.8530e+10   78    8 8.7899e+10 8.8530e+10  0.72%  35.5  610s
 71162  2161 infeasible   82      8.7899e+10 8.8530e+10  0.72%  35.5  615s
 71746  2206 infeasible   93      8.7899e+10 8.8530e+10  0.72%  35.5  620s
 72196  2189 8.8530e+10   81   28 8.7899e+10 8.8530e+10  0.72%  35.5  625s
 72568  2211 infeasible   80      8.7899e+10 8.8530e+10  0.72%  35.5  630s
 73142  2199 8.8530e+10   72   25 8.7899e+10 8.8530e+10  0.72%  35.6  635s
 73462  2219 8.8530e+10   87   16 8.7899e+10 8.8530e+10  0.72%  35.6  640s
 74126  2202     cutoff   80      8.7899e+10 8.8530e+10  0.72%  35.6  645s
 74660  2195 8.8530e+10   75   30 8.7899e+10 8.8530e+10  0.72%  35.6  650s
 75169  2218 infeasible   85      8.7899e+10 8.8530e+10  0.72%  35.6  655s
 75447  2222 infeasible   73      8.7899e+10 8.8530e+10  0.72%  35.6  660s
 76048  2199 8.8530e+10   73   30 8.7899e+10 8.8530e+10  0.72%  35.6  665s
 76465  2200 8.8530e+10   78   21 8.7899e+10 8.8530e+10  0.72%  35.7  671s
 76912  2239     cutoff   95      8.7899e+10 8.8530e+10  0.72%  35.7  675s
 77463  2273 8.8530e+10   89    3 8.7899e+10 8.8530e+10  0.72%  35.7  680s
 77860  2267 8.8530e+10   79   13 8.7899e+10 8.8530e+10  0.72%  35.7  685s
 78322  2266 8.8530e+10   70   29 8.7899e+10 8.8530e+10  0.72%  35.7  690s
 78426  2294 8.8530e+10   68   17 8.7899e+10 8.8530e+10  0.72%  35.7  695s
 78963  2296 infeasible   73      8.7899e+10 8.8530e+10  0.72%  35.8  700s
 79268  2299     cutoff   71      8.7899e+10 8.8530e+10  0.72%  35.8  705s
 79881  2374 8.8530e+10   63   36 8.7899e+10 8.8530e+10  0.72%  35.8  710s
 80256  2366 infeasible   71      8.7899e+10 8.8530e+10  0.72%  35.8  715s
 80819  2363 infeasible   67      8.7899e+10 8.8530e+10  0.72%  35.8  720s
 81251  2375 8.8530e+10   79   16 8.7899e+10 8.8530e+10  0.72%  35.9  725s
 81484  2374 8.8530e+10   79   28 8.7899e+10 8.8530e+10  0.72%  35.9  730s
 82002  2387     cutoff   76      8.7899e+10 8.8530e+10  0.72%  35.9  735s
 82516  2427 8.8260e+10   80   28 8.7899e+10 8.8530e+10  0.72%  36.0  740s
 82906  2455 8.8530e+10   81   15 8.7899e+10 8.8530e+10  0.72%  36.0  745s
 83320  2443 8.8530e+10   69   17 8.7899e+10 8.8530e+10  0.72%  36.0  750s
 83754  2475 8.8530e+10   78   14 8.7899e+10 8.8530e+10  0.72%  36.1  755s
 84237  2458 infeasible   72      8.7899e+10 8.8530e+10  0.72%  36.1  760s
 84561  2453 8.8530e+10   82   22 8.7899e+10 8.8530e+10  0.72%  36.1  765s
 85146  2457 8.8530e+10   80   31 8.7899e+10 8.8530e+10  0.72%  36.2  770s
 85542  2455 infeasible   83      8.7899e+10 8.8530e+10  0.72%  36.2  775s
 85978  2449 8.8530e+10   80   19 8.7899e+10 8.8530e+10  0.72%  36.2  781s
 86324  2449 8.8530e+10   82   26 8.7899e+10 8.8530e+10  0.72%  36.2  785s
 86849  2455 8.8530e+10   79   11 8.7899e+10 8.8530e+10  0.72%  36.3  790s
 87329  2442 8.8530e+10   71   21 8.7899e+10 8.8530e+10  0.72%  36.3  795s
 87783  2440 8.8260e+10   72   10 8.7899e+10 8.8530e+10  0.72%  36.3  800s
 88078  2452 8.8530e+10   68   15 8.7899e+10 8.8530e+10  0.72%  36.3  805s
 88569  2470 infeasible   73      8.7899e+10 8.8530e+10  0.72%  36.4  810s
 89024  2452 infeasible   73      8.7899e+10 8.8530e+10  0.72%  36.4  815s
 89340  2475 8.8530e+10   78    9 8.7899e+10 8.8530e+10  0.72%  36.4  820s
 89830  2466 infeasible   64      8.7899e+10 8.8530e+10  0.72%  36.5  825s
 90049  2470 8.8530e+10   72   34 8.7899e+10 8.8530e+10  0.72%  36.5  830s
 90501  2502 infeasible   77      8.7899e+10 8.8530e+10  0.72%  36.5  835s
 91038  2547 8.8530e+10   74   19 8.7899e+10 8.8530e+10  0.72%  36.5  840s
 91576  2562     cutoff   72      8.7899e+10 8.8530e+10  0.72%  36.6  845s
 92119  2581 infeasible   73      8.7899e+10 8.8530e+10  0.72%  36.6  850s
 92449  2607 infeasible   78      8.7899e+10 8.8530e+10  0.72%  36.6  855s
 92916  2632 8.8530e+10   74   22 8.7899e+10 8.8530e+10  0.72%  36.6  860s
 93405  2608 infeasible   80      8.7899e+10 8.8530e+10  0.72%  36.6  865s
 93755  2634 8.8530e+10   75   32 8.7899e+10 8.8530e+10  0.72%  36.6  870s
 94200  2635 8.8530e+10   72   10 8.7899e+10 8.8530e+10  0.72%  36.6  875s
 94651  2653 8.8260e+10   76   12 8.7899e+10 8.8530e+10  0.72%  36.7  880s
 95129  2684 8.8530e+10   65   38 8.7899e+10 8.8530e+10  0.72%  36.7  885s
 95469  2700 infeasible   73      8.7899e+10 8.8530e+10  0.72%  36.7  890s
 95974  2705 8.8530e+10   65   20 8.7899e+10 8.8530e+10  0.72%  36.7  895s
 96318  2759 8.8260e+10   75   12 8.7899e+10 8.8530e+10  0.72%  36.7  900s
 96764  2786 8.8530e+10   81   25 8.7899e+10 8.8530e+10  0.72%  36.8  905s
 97144  2788 8.8530e+10   70   17 8.7899e+10 8.8530e+10  0.72%  36.8  911s
 97561  2814 infeasible   82      8.7899e+10 8.8530e+10  0.72%  36.8  915s
 98079  2837 8.8530e+10   72   39 8.7899e+10 8.8530e+10  0.72%  36.8  920s
 98557  2827 8.8530e+10   78   22 8.7899e+10 8.8530e+10  0.72%  36.8  925s
 98833  2839 8.8530e+10   79   23 8.7899e+10 8.8530e+10  0.72%  36.8  930s
 99409  2857 8.8530e+10   86   31 8.7899e+10 8.8530e+10  0.72%  36.8  935s
 99914  2853 8.8530e+10   91   13 8.7899e+10 8.8530e+10  0.72%  36.8  940s
 100188  2845 8.8530e+10   87   29 8.7899e+10 8.8530e+10  0.72%  36.8  945s
 100782  2867 8.8530e+10   84   26 8.7899e+10 8.8530e+10  0.72%  36.8  950s
 101371  2905 infeasible   70      8.7899e+10 8.8530e+10  0.72%  36.8  955s
 101842  2897 8.8530e+10   77    6 8.7899e+10 8.8530e+10  0.72%  36.8  960s
 102260  2915 8.8530e+10   75   13 8.7899e+10 8.8530e+10  0.72%  36.8  965s
 102731  2909     cutoff   91      8.7899e+10 8.8530e+10  0.72%  36.8  970s
 103052  2971 infeasible   87      8.7899e+10 8.8530e+10  0.72%  36.8  975s
 103616  2953 8.8530e+10   78   21 8.7899e+10 8.8530e+10  0.72%  36.8  980s
 103879  2962 8.8530e+10   79   36 8.7899e+10 8.8530e+10  0.72%  36.8  985s
 104298  2957 8.8530e+10   80   17 8.7899e+10 8.8530e+10  0.72%  36.8  990s
 104872  2970 8.8530e+10   77    6 8.7899e+10 8.8530e+10  0.72%  36.8  995s
 105443  2949 8.8530e+10   79   11 8.7899e+10 8.8530e+10  0.72%  36.8 1000s
 105918  2936 infeasible   75      8.7899e+10 8.8530e+10  0.72%  36.8 1005s
 106277  2946 infeasible   77      8.7899e+10 8.8530e+10  0.72%  36.8 1010s
 106794  2933 8.8530e+10   76   24 8.7899e+10 8.8530e+10  0.72%  36.8 1016s
 107117  2933 infeasible   76      8.7899e+10 8.8530e+10  0.72%  36.8 1020s
 107702  2928 infeasible   75      8.7899e+10 8.8530e+10  0.72%  36.8 1025s
 107998  2937 8.8530e+10   77    6 8.7899e+10 8.8530e+10  0.72%  36.8 1030s
 108578  2942 infeasible   81      8.7899e+10 8.8530e+10  0.72%  36.8 1035s
 109134  2934 8.8530e+10   83    8 8.7899e+10 8.8530e+10  0.72%  36.8 1040s
 109500  2944 8.8530e+10   84   11 8.7899e+10 8.8530e+10  0.72%  36.7 1045s
 110073  2946 8.8530e+10   84    6 8.7899e+10 8.8530e+10  0.72%  36.7 1050s
 110549  2936 infeasible   89      8.7899e+10 8.8530e+10  0.72%  36.7 1055s
 111025  2952 8.8530e+10   76   31 8.7899e+10 8.8530e+10  0.72%  36.7 1061s
 111376  2950 8.8530e+10   75   38 8.7899e+10 8.8530e+10  0.72%  36.7 1065s
 111969  2933 8.8530e+10   81   20 8.7899e+10 8.8530e+10  0.72%  36.7 1070s
 112287  2927 8.8530e+10   67   17 8.7899e+10 8.8530e+10  0.72%  36.7 1075s
 112890  2942 infeasible   82      8.7899e+10 8.8530e+10  0.72%  36.7 1080s
 113289  2929 infeasible   86      8.7899e+10 8.8530e+10  0.72%  36.7 1085s
 113835  2944 8.8530e+10   83   29 8.7899e+10 8.8530e+10  0.72%  36.7 1091s
 113917  2932 8.8530e+10   78   22 8.7899e+10 8.8530e+10  0.72%  36.7 1095s
 114339  2944 8.8530e+10   85   33 8.7899e+10 8.8530e+10  0.72%  36.7 1100s
 114940  2937 8.8530e+10   76   24 8.7899e+10 8.8530e+10  0.72%  36.7 1105s
 115448  2937 infeasible   79      8.7899e+10 8.8530e+10  0.72%  36.7 1110s
 115698  2947 8.8530e+10   86   15 8.7899e+10 8.8530e+10  0.72%  36.6 1115s
 116285  2927 8.8530e+10   74   20 8.7899e+10 8.8530e+10  0.72%  36.6 1120s
 116765  2927 infeasible   70      8.7899e+10 8.8530e+10  0.72%  36.7 1125s
 117033  2931 8.8530e+10   76    9 8.7899e+10 8.8530e+10  0.72%  36.7 1130s
 117469  2920 infeasible   77      8.7899e+10 8.8530e+10  0.72%  36.7 1135s
 117855  2936 8.8530e+10   75   24 8.7899e+10 8.8530e+10  0.72%  36.7 1140s
 118367  2927 8.8530e+10   71   10 8.7899e+10 8.8530e+10  0.72%  36.7 1145s
 118541  2916 8.8530e+10   74   17 8.7899e+10 8.8530e+10  0.72%  36.7 1150s
 119038  2919 infeasible   77      8.7899e+10 8.8530e+10  0.72%  36.7 1155s
 119496  2903 infeasible   70      8.7899e+10 8.8530e+10  0.72%  36.8 1160s
 120054  2916 8.8530e+10   79   13 8.7899e+10 8.8530e+10  0.72%  36.8 1165s
 120514  2922 infeasible   85      8.7899e+10 8.8530e+10  0.72%  36.8 1170s
 120851  2915 infeasible   78      8.7899e+10 8.8530e+10  0.72%  36.8 1175s
 121393  2915 8.8530e+10   80   26 8.7899e+10 8.8530e+10  0.72%  36.8 1180s
 121634  2916 infeasible   88      8.7899e+10 8.8530e+10  0.72%  36.8 1185s
 122174  2908 8.8530e+10   68   13 8.7899e+10 8.8530e+10  0.72%  36.8 1190s
 122724  2921     cutoff   85      8.7899e+10 8.8530e+10  0.72%  36.8 1195s
 122975  2922 8.8530e+10   84   21 8.7899e+10 8.8530e+10  0.72%  36.8 1200s
 123478  2931 infeasible   77      8.7899e+10 8.8530e+10  0.72%  36.8 1205s
 123990  2935 infeasible   80      8.7899e+10 8.8530e+10  0.72%  36.8 1210s
 124345  2936 infeasible   82      8.7899e+10 8.8530e+10  0.72%  36.9 1215s
 124639  2940 8.8530e+10   80   25 8.7899e+10 8.8530e+10  0.72%  36.9 1220s
 125206  2939 8.8530e+10   74   12 8.7899e+10 8.8530e+10  0.72%  36.9 1225s
 125683  2928 8.8530e+10   71   34 8.7899e+10 8.8530e+10  0.72%  36.9 1230s
 125956  2919 8.8530e+10   64   61 8.7899e+10 8.8530e+10  0.72%  36.9 1235s
 126459  2947 infeasible   88      8.7899e+10 8.8530e+10  0.72%  36.9 1240s
 126952  2947 8.8530e+10   76    7 8.7899e+10 8.8530e+10  0.72%  36.9 1248s
 127092  2941 infeasible   78      8.7899e+10 8.8530e+10  0.72%  36.9 1250s
 127625  2966 infeasible   68      8.7899e+10 8.8530e+10  0.72%  36.9 1255s
 128198  3003 8.8530e+10   84   16 8.7899e+10 8.8530e+10  0.72%  36.9 1260s
 128714  3025 infeasible   81      8.7899e+10 8.8530e+10  0.72%  36.9 1265s
 129263  3010 infeasible   92      8.7899e+10 8.8530e+10  0.72%  36.9 1270s
 129706  3006 8.8530e+10   89   14 8.7899e+10 8.8530e+10  0.72%  36.8 1275s
 129914  3009 8.8530e+10   83   21 8.7899e+10 8.8530e+10  0.72%  36.8 1280s
 130465  2991 8.8530e+10   81   10 8.7899e+10 8.8530e+10  0.72%  36.8 1285s
 131033  3021 8.8530e+10   75   35 8.7899e+10 8.8530e+10  0.72%  36.8 1290s
 131545  2996 8.8530e+10   82   16 8.7899e+10 8.8530e+10  0.72%  36.8 1295s
 132143  2996 8.8530e+10   92   11 8.7899e+10 8.8530e+10  0.72%  36.8 1300s
 132469  3019 8.8530e+10   82   29 8.7899e+10 8.8530e+10  0.72%  36.8 1306s
 132934  3012 8.8530e+10   76   21 8.7899e+10 8.8530e+10  0.72%  36.8 1310s
 133471  3015 8.8530e+10   89   12 8.7899e+10 8.8530e+10  0.72%  36.8 1315s
 134050  3006 infeasible   92      8.7899e+10 8.8530e+10  0.72%  36.8 1320s
 134298  2981 8.8530e+10   73   24 8.7899e+10 8.8530e+10  0.72%  36.7 1325s
 134868  2983 8.8530e+10   75   13 8.7899e+10 8.8530e+10  0.72%  36.7 1330s
 135369  3040 infeasible   94      8.7899e+10 8.8530e+10  0.72%  36.7 1335s
 135743  3016 8.8530e+10   83   13 8.7899e+10 8.8530e+10  0.72%  36.7 1340s
 136293  3001 8.8530e+10   80   12 8.7899e+10 8.8530e+10  0.72%  36.7 1345s
 136545  2995 8.8530e+10   79   29 8.7899e+10 8.8530e+10  0.72%  36.7 1350s
 137029  2986 infeasible   75      8.7899e+10 8.8530e+10  0.72%  36.7 1355s
 137565  2990 8.8530e+10   83   23 8.7899e+10 8.8530e+10  0.72%  36.7 1360s
 137872  2977 infeasible   73      8.7899e+10 8.8530e+10  0.72%  36.7 1365s
 138337  3022 8.8530e+10   74   43 8.7899e+10 8.8530e+10  0.72%  36.7 1370s
 138857  3012 infeasible   84      8.7899e+10 8.8530e+10  0.72%  36.7 1375s
 139134  3004 8.8530e+10   79   25 8.7899e+10 8.8530e+10  0.72%  36.7 1380s
 139597  2975 8.8530e+10   70   43 8.7899e+10 8.8530e+10  0.72%  36.8 1385s
 140046  2994 8.8530e+10   71   49 8.7899e+10 8.8530e+10  0.72%  36.8 1391s
 140405  3002 infeasible   79      8.7899e+10 8.8530e+10  0.72%  36.8 1395s
 140894  2997 infeasible   83      8.7899e+10 8.8530e+10  0.72%  36.8 1400s
 141159  2983 8.8530e+10   81   25 8.7899e+10 8.8530e+10  0.72%  36.8 1405s
 141692  2994 infeasible   83      8.7899e+10 8.8530e+10  0.72%  36.8 1410s
 142003  2981 8.8530e+10   88   10 8.7899e+10 8.8530e+10  0.72%  36.8 1415s
 142076  2976 infeasible   93      8.7899e+10 8.8530e+10  0.72%  36.8 1420s
 142458  2968 8.8530e+10   71   25 8.7899e+10 8.8530e+10  0.72%  36.8 1425s
 142948  2995 8.8530e+10   86   30 8.7899e+10 8.8530e+10  0.72%  36.8 1430s
 143508  2991 8.8530e+10   90    9 8.7899e+10 8.8530e+10  0.72%  36.8 1435s
 143753  2986 infeasible   89      8.7899e+10 8.8530e+10  0.72%  36.8 1440s
 144159  2972 infeasible   79      8.7899e+10 8.8530e+10  0.72%  36.8 1445s
 144607  2966 8.8530e+10   76   20 8.7899e+10 8.8530e+10  0.72%  36.8 1450s
 144872  2970 infeasible   80      8.7899e+10 8.8530e+10  0.72%  36.8 1455s
 145376  2959 8.8530e+10   81   19 8.7899e+10 8.8530e+10  0.72%  36.8 1460s
 145835  2939 8.8530e+10   73   38 8.7899e+10 8.8530e+10  0.72%  36.8 1465s
 146184  2938 infeasible   76      8.7899e+10 8.8530e+10  0.72%  36.8 1470s
 146599  2935 8.8530e+10   74   18 8.7899e+10 8.8530e+10  0.72%  36.8 1475s
 146927  2930 infeasible   82      8.7899e+10 8.8530e+10  0.72%  36.8 1480s
 147413  2943 8.8530e+10   84   14 8.7899e+10 8.8530e+10  0.72%  36.8 1485s
 147792  2934 8.8530e+10   78   14 8.7899e+10 8.8530e+10  0.72%  36.8 1490s
 148242  2946 infeasible   86      8.7899e+10 8.8530e+10  0.72%  36.8 1495s
 148487  2941 8.8530e+10   72   27 8.7899e+10 8.8530e+10  0.72%  36.8 1500s
 148935  2948 infeasible   85      8.7899e+10 8.8530e+10  0.72%  36.8 1505s
 149305  2947 8.8530e+10   73   24 8.7899e+10 8.8530e+10  0.72%  36.8 1510s
 149663  2965 8.8530e+10   82   18 8.7899e+10 8.8530e+10  0.72%  36.8 1515s
 150126  2947 8.8530e+10   81   20 8.7899e+10 8.8530e+10  0.72%  36.8 1520s
 150544  2947 8.8530e+10   86    9 8.7899e+10 8.8530e+10  0.72%  36.9 1525s
 150845  2944 8.8530e+10   81   28 8.7899e+10 8.8530e+10  0.72%  36.9 1530s
 151158  2937 8.8530e+10   70   19 8.7899e+10 8.8530e+10  0.72%  36.9 1535s
 151737  2932 8.8530e+10   77   14 8.7899e+10 8.8530e+10  0.72%  36.9 1540s
 152089  2928 8.8530e+10   79   14 8.7899e+10 8.8530e+10  0.72%  36.9 1545s
 152625  2932 infeasible   85      8.7899e+10 8.8530e+10  0.72%  36.9 1550s
 152957  2946 8.8530e+10   75   34 8.7899e+10 8.8530e+10  0.72%  36.9 1555s
 153297  2944 infeasible   79      8.7899e+10 8.8530e+10  0.72%  36.9 1560s
 153592  2935 8.8530e+10   86   22 8.7899e+10 8.8530e+10  0.72%  37.0 1566s
 153890  2937 infeasible   79      8.7899e+10 8.8530e+10  0.72%  37.0 1570s
 154353  2944 infeasible   81      8.7899e+10 8.8530e+10  0.72%  37.0 1575s
 154766  2939 8.8530e+10   78   24 8.7899e+10 8.8530e+10  0.72%  37.0 1580s
 155176  2935 8.8530e+10   73   49 8.7899e+10 8.8530e+10  0.72%  37.0 1585s
 155402  2928 8.8530e+10   73   18 8.7899e+10 8.8530e+10  0.72%  37.0 1590s
 155890  2931 8.8530e+10   78   11 8.7899e+10 8.8530e+10  0.72%  37.1 1595s
 156363  2926 8.8530e+10   82   18 8.7899e+10 8.8530e+10  0.72%  37.1 1602s
 156588  2927 8.8530e+10   70   24 8.7899e+10 8.8530e+10  0.72%  37.1 1605s
 157111  2977     cutoff   84      8.7899e+10 8.8530e+10  0.72%  37.1 1610s
 157632  3009 8.8530e+10   77   16 8.7899e+10 8.8530e+10  0.72%  37.1 1615s
 158058  3029 8.8530e+10   80    8 8.7899e+10 8.8530e+10  0.72%  37.1 1620s
 158654  3022 infeasible   84      8.7899e+10 8.8530e+10  0.72%  37.0 1625s
 159019  3003 8.8530e+10   78   16 8.7899e+10 8.8530e+10  0.72%  37.0 1630s
 159567  3012 infeasible   86      8.7899e+10 8.8530e+10  0.72%  37.0 1635s
 160151  2987 infeasible   78      8.7899e+10 8.8530e+10  0.72%  37.0 1640s
 160592  3004 8.8530e+10   84   29 8.7899e+10 8.8530e+10  0.72%  37.0 1645s
 160951  3010 8.8530e+10   92    8 8.7899e+10 8.8530e+10  0.72%  36.9 1651s
 161373  3016 8.8530e+10   90   11 8.7899e+10 8.8530e+10  0.72%  36.9 1655s
 161960  2986 8.8530e+10   79   25 8.7899e+10 8.8530e+10  0.72%  36.9 1660s
 162533  3001 infeasible   87      8.7899e+10 8.8530e+10  0.72%  36.9 1665s
 163032  3005 8.8530e+10   89    6 8.7899e+10 8.8530e+10  0.72%  36.8 1670s
 163432  2996 8.8530e+10   87   16 8.7899e+10 8.8530e+10  0.72%  36.8 1675s
 163923  2996 infeasible   85      8.7899e+10 8.8530e+10  0.72%  36.8 1680s
 164508  2979 8.8530e+10   89   13 8.7899e+10 8.8530e+10  0.72%  36.8 1685s
 164888  2989 8.8530e+10   85    7 8.7899e+10 8.8530e+10  0.72%  36.8 1690s
 165295  3015 8.8530e+10   92    5 8.7899e+10 8.8530e+10  0.72%  36.8 1695s
 165782  3024 8.8530e+10   92   17 8.7899e+10 8.8530e+10  0.72%  36.7 1700s
 166429  3022 infeasible   93      8.7899e+10 8.8530e+10  0.72%  36.7 1705s
 166741  3006 8.8530e+10   85   13 8.7899e+10 8.8530e+10  0.72%  36.7 1710s
 167275  3004 8.8530e+10   86   13 8.7899e+10 8.8530e+10  0.72%  36.7 1715s
 167821  3014 8.8530e+10   90   20 8.7899e+10 8.8530e+10  0.72%  36.6 1720s
 168464  3004 infeasible   88      8.7899e+10 8.8530e+10  0.72%  36.6 1725s
 168796  2985 8.8530e+10   87    5 8.7899e+10 8.8530e+10  0.72%  36.6 1730s
 169338  2975 8.8530e+10   83   18 8.7899e+10 8.8530e+10  0.72%  36.6 1735s
 169847  2991 8.8530e+10   86    8 8.7899e+10 8.8530e+10  0.72%  36.6 1740s
 170266  2993 8.8530e+10   88   21 8.7899e+10 8.8530e+10  0.72%  36.5 1746s
 170679  2986 8.8530e+10   87   12 8.7899e+10 8.8530e+10  0.72%  36.5 1750s
 171224  2969 8.8530e+10   84   15 8.7899e+10 8.8530e+10  0.72%  36.5 1755s
 171779  2998 8.8530e+10   84    9 8.7899e+10 8.8530e+10  0.72%  36.5 1760s
 172084  3003 infeasible   88      8.7899e+10 8.8530e+10  0.72%  36.5 1765s
 172645  2996 8.8530e+10   81   26 8.7899e+10 8.8530e+10  0.72%  36.5 1770s
 173277  3017 infeasible   88      8.7899e+10 8.8530e+10  0.72%  36.4 1775s
 173725  2983 infeasible   86      8.7899e+10 8.8530e+10  0.72%  36.4 1780s
 174141  2997 8.8530e+10   84    7 8.7899e+10 8.8530e+10  0.72%  36.4 1785s
 174626  3007 infeasible   87      8.7899e+10 8.8530e+10  0.72%  36.4 1790s
 175253  2991 8.8530e+10   88   17 8.7899e+10 8.8530e+10  0.72%  36.4 1795s
 175499  2990 8.8530e+10   90   10 8.7899e+10 8.8530e+10  0.72%  36.4 1800s
 175968  2956 infeasible   84      8.7899e+10 8.8530e+10  0.72%  36.3 1805s
 176523  2973 8.8530e+10   83   10 8.7899e+10 8.8530e+10  0.72%  36.3 1810s
 177071  2969 8.8530e+10   86    8 8.7899e+10 8.8530e+10  0.72%  36.3 1815s
 177546  2968 8.8530e+10   59   26 8.7899e+10 8.8530e+10  0.72%  36.3 1823s
 177642  2977 infeasible   80      8.7899e+10 8.8530e+10  0.72%  36.3 1825s
 178081  3008 8.8260e+10   77   37 8.7899e+10 8.8530e+10  0.72%  36.3 1830s
 178583  3036 infeasible   79      8.7899e+10 8.8530e+10  0.72%  36.3 1835s
 179025  3048 infeasible   75      8.7899e+10 8.8530e+10  0.72%  36.4 1840s
 179454  3064 8.8530e+10   75   13 8.7899e+10 8.8530e+10  0.72%  36.4 1845s
 179819  3071 8.8530e+10   74    5 8.7899e+10 8.8530e+10  0.72%  36.4 1850s
 180109  3077 8.8530e+10   77   15 8.7899e+10 8.8530e+10  0.72%  36.4 1855s
 180531  3093 8.8530e+10   70   31 8.7899e+10 8.8530e+10  0.72%  36.4 1860s
 181037  3144 infeasible   76      8.7899e+10 8.8530e+10  0.72%  36.4 1865s
 181435  3160 8.8530e+10   74   41 8.7899e+10 8.8530e+10  0.72%  36.4 1871s
 181727  3170 infeasible   79      8.7899e+10 8.8530e+10  0.72%  36.4 1875s
 182166  3140 8.8530e+10   80   16 8.7899e+10 8.8530e+10  0.72%  36.4 1880s
 182542  3163 8.8530e+10   70   23 8.7899e+10 8.8530e+10  0.72%  36.5 1886s
 182728  3176     cutoff   71      8.7899e+10 8.8530e+10  0.72%  36.5 1890s
 183221  3197 infeasible   81      8.7899e+10 8.8530e+10  0.72%  36.5 1895s
 183659  3226 8.8260e+10   84   25 8.7899e+10 8.8530e+10  0.72%  36.5 1900s
 183956  3234 8.8530e+10   67   30 8.7899e+10 8.8530e+10  0.72%  36.5 1905s
 184383  3273 8.8530e+10   80   42 8.7899e+10 8.8530e+10  0.72%  36.6 1910s
 184740  3298 8.8530e+10   82    6 8.7899e+10 8.8530e+10  0.72%  36.6 1915s
 184920  3317 8.8260e+10   79   35 8.7899e+10 8.8530e+10  0.72%  36.6 1920s
 185298  3337 8.8530e+10   82   23 8.7899e+10 8.8530e+10  0.72%  36.6 1925s
 185725  3339 infeasible   81      8.7899e+10 8.8530e+10  0.72%  36.6 1930s
 186043  3329 8.8530e+10   73   33 8.7899e+10 8.8530e+10  0.72%  36.6 1935s
 186306  3351 8.8530e+10   74   25 8.7899e+10 8.8530e+10  0.72%  36.6 1940s
 186600  3352 8.8530e+10   77   42 8.7899e+10 8.8530e+10  0.72%  36.6 1945s
 187113  3342 8.8530e+10   68   11 8.7899e+10 8.8530e+10  0.72%  36.7 1950s
 187568  3427 8.8530e+10   68   33 8.7899e+10 8.8530e+10  0.72%  36.7 1955s
 187903  3435 8.8530e+10   73   19 8.7899e+10 8.8530e+10  0.72%  36.7 1963s
 188007  3427 8.8530e+10   71   25 8.7899e+10 8.8530e+10  0.72%  36.7 1965s
 188528  3439 infeasible   75      8.7899e+10 8.8530e+10  0.72%  36.7 1970s
 188990  3447 8.8530e+10   74   17 8.7899e+10 8.8530e+10  0.72%  36.7 1975s
 189510  3458 8.8530e+10   76    5 8.7899e+10 8.8530e+10  0.72%  36.7 1980s
 190028  3441 infeasible   74      8.7899e+10 8.8530e+10  0.72%  36.7 1985s
 190427  3440 8.8530e+10   78   23 8.7899e+10 8.8530e+10  0.72%  36.7 1990s
 190559  3440 8.8530e+10   74   10 8.7899e+10 8.8530e+10  0.72%  36.7 1995s
 191086  3446 infeasible   80      8.7899e+10 8.8530e+10  0.72%  36.8 2000s
 191558  3461 infeasible   72      8.7899e+10 8.8530e+10  0.72%  36.8 2005s
 191843  3475 8.8530e+10   80   12 8.7899e+10 8.8530e+10  0.72%  36.8 2010s
 192325  3479 8.8117e+10   85    6 8.7899e+10 8.8530e+10  0.72%  36.8 2015s
 192731  3541 8.8117e+10   85    4 8.7899e+10 8.8530e+10  0.72%  36.8 2020s
 192849  3549 8.8530e+10   73   20 8.7899e+10 8.8530e+10  0.72%  36.8 2025s
 193296  3572 8.8530e+10   76    5 8.7899e+10 8.8530e+10  0.72%  36.8 2033s
 193362  3566 8.8530e+10   68   41 8.7899e+10 8.8530e+10  0.72%  36.8 2035s
 193808  3552 infeasible   75      8.7899e+10 8.8530e+10  0.72%  36.8 2040s
 194332  3588 8.8117e+10   83   15 8.7899e+10 8.8530e+10  0.72%  36.8 2045s
 194636  3602 infeasible   87      8.7899e+10 8.8530e+10  0.72%  36.8 2050s
 195069  3605 8.8530e+10   85   20 8.7899e+10 8.8530e+10  0.72%  36.8 2055s
 195253  3577 8.8530e+10   77   12 8.7899e+10 8.8530e+10  0.72%  36.8 2060s
 195716  3580 infeasible   85      8.7899e+10 8.8530e+10  0.72%  36.9 2065s
 196201  3561 8.8117e+10   77   19 8.7899e+10 8.8530e+10  0.72%  36.9 2070s
 196576  3609 8.8530e+10   79   16 8.7899e+10 8.8530e+10  0.72%  36.9 2077s
 196872  3585 infeasible   76      8.7899e+10 8.8530e+10  0.72%  36.9 2080s
 197292  3566 infeasible   76      8.7899e+10 8.8530e+10  0.72%  36.9 2085s
 197786  3562 8.8530e+10   77   18 8.7899e+10 8.8530e+10  0.72%  36.9 2090s
 198282  3575 infeasible   83      8.7899e+10 8.8530e+10  0.72%  36.9 2095s
 198466  3569 8.8530e+10   87   22 8.7899e+10 8.8530e+10  0.72%  36.9 2100s
 198988  3552 infeasible   81      8.7899e+10 8.8530e+10  0.72%  36.9 2105s
 199404  3597     cutoff   87      8.7899e+10 8.8530e+10  0.72%  36.9 2110s
 199682  3630 8.8117e+10   78   17 8.7899e+10 8.8530e+10  0.72%  37.0 2115s
 200205  3705 8.8117e+10   84   30 8.7899e+10 8.8530e+10  0.72%  37.0 2120s
 200570  3746     cutoff   87      8.7899e+10 8.8530e+10  0.72%  37.0 2125s
 200907  3761 8.8530e+10   78   24 8.7899e+10 8.8530e+10  0.72%  37.0 2130s
 201276  3744 8.8530e+10   75   36 8.7899e+10 8.8530e+10  0.72%  37.0 2135s
 201544  3756 8.8117e+10   82   42 8.7899e+10 8.8530e+10  0.72%  37.0 2140s
 201958  3802 infeasible   79      8.7899e+10 8.8530e+10  0.72%  37.1 2145s
 202198  3818     cutoff   78      8.7899e+10 8.8530e+10  0.72%  37.1 2150s
 202642  3869 infeasible   87      8.7899e+10 8.8530e+10  0.72%  37.1 2155s
 203013  3911 8.8117e+10   81   39 8.7899e+10 8.8530e+10  0.72%  37.1 2160s
 203186  3989 8.8530e+10   75   19 8.7899e+10 8.8530e+10  0.72%  37.1 2165s
 203543  4015 infeasible   80      8.7899e+10 8.8530e+10  0.72%  37.1 2170s
 203946  4022 8.8530e+10   83   20 8.7899e+10 8.8530e+10  0.72%  37.1 2175s
 204449  3998 infeasible   80      8.7899e+10 8.8530e+10  0.72%  37.1 2180s
 204923  3976 8.8530e+10   76   22 8.7899e+10 8.8530e+10  0.72%  37.2 2185s
 205249  3984 8.8530e+10   69   53 8.7899e+10 8.8530e+10  0.72%  37.2 2190s
 205640  4049 infeasible   79      8.7899e+10 8.8530e+10  0.72%  37.2 2195s
 206107  4092     cutoff   90      8.7899e+10 8.8530e+10  0.72%  37.2 2200s
 206353  4066 infeasible   82      8.7899e+10 8.8530e+10  0.72%  37.2 2205s
 206790  4079 8.8530e+10   78   26 8.7899e+10 8.8530e+10  0.72%  37.2 2210s
 207277  4067 infeasible   85      8.7899e+10 8.8530e+10  0.72%  37.2 2215s
 207689  4057 8.8530e+10   80   31 8.7899e+10 8.8530e+10  0.72%  37.2 2220s
 207955  4053 8.8530e+10   80   29 8.7899e+10 8.8530e+10  0.72%  37.2 2225s
 208453  4051 infeasible   79      8.7899e+10 8.8530e+10  0.72%  37.3 2230s
 208751  4042 8.8530e+10   83    9 8.7899e+10 8.8530e+10  0.72%  37.3 2235s
 209330  4042 8.8530e+10   78   24 8.7899e+10 8.8530e+10  0.72%  37.2 2240s
 209633  4046 8.8530e+10   77   31 8.7899e+10 8.8530e+10  0.72%  37.3 2245s
 210107  4038 infeasible   84      8.7899e+10 8.8530e+10  0.72%  37.3 2250s
 210561  4019 8.8530e+10   78   20 8.7899e+10 8.8530e+10  0.72%  37.3 2255s
 210722  4060 8.8530e+10   80   17 8.7899e+10 8.8530e+10  0.72%  37.3 2260s
 211217  4054 8.8530e+10   77   40 8.7899e+10 8.8530e+10  0.72%  37.3 2265s
 211654  4040 8.8117e+10   88    5 8.7899e+10 8.8530e+10  0.72%  37.3 2270s
 212168  4084 8.8530e+10   88   17 8.7899e+10 8.8530e+10  0.72%  37.3 2275s
 212365  4064 8.8530e+10   83   31 8.7899e+10 8.8530e+10  0.72%  37.3 2281s
 212613  4031 infeasible   81      8.7899e+10 8.8530e+10  0.72%  37.3 2285s
 213106  4045 infeasible   77      8.7899e+10 8.8530e+10  0.72%  37.3 2290s
 213605  4045 infeasible   84      8.7899e+10 8.8530e+10  0.72%  37.3 2295s
 214065  4039 8.8530e+10   80   29 8.7899e+10 8.8530e+10  0.72%  37.4 2300s
 214263  4050 8.8530e+10   84   25 8.7899e+10 8.8530e+10  0.72%  37.4 2305s
 214737  4035 8.8530e+10   73   29 8.7899e+10 8.8530e+10  0.72%  37.4 2310s
 215238  4043 infeasible   81      8.7899e+10 8.8530e+10  0.72%  37.4 2315s
 215590  4040 infeasible   79      8.7899e+10 8.8530e+10  0.72%  37.4 2320s
 216073  4031 infeasible   85      8.7899e+10 8.8530e+10  0.72%  37.4 2325s
 216450  4023 infeasible   77      8.7899e+10 8.8530e+10  0.72%  37.4 2330s
 216926  4060 8.8530e+10   79   12 8.7899e+10 8.8530e+10  0.72%  37.4 2335s
 217269  4044 8.8530e+10   80   18 8.7899e+10 8.8530e+10  0.72%  37.4 2340s
 217807  4073 8.8530e+10   87   16 8.7899e+10 8.8530e+10  0.72%  37.4 2345s
 218049  4071 8.8530e+10   79   23 8.7899e+10 8.8530e+10  0.72%  37.4 2350s
 218524  4053 infeasible   88      8.7899e+10 8.8530e+10  0.72%  37.4 2355s
 219053  4107 infeasible   78      8.7899e+10 8.8530e+10  0.72%  37.4 2360s
 219627  4095 infeasible   87      8.7899e+10 8.8530e+10  0.72%  37.4 2365s
 219988  4076 8.8530e+10   90   15 8.7899e+10 8.8530e+10  0.72%  37.4 2370s
 220402  4037 8.8530e+10   78   39 8.7899e+10 8.8530e+10  0.72%  37.4 2375s
 220814  4088 infeasible   82      8.7899e+10 8.8530e+10  0.72%  37.4 2380s
 221282  4093 8.8530e+10   89   10 8.7899e+10 8.8530e+10  0.72%  37.4 2385s
 221678  4088 8.8530e+10   89   10 8.7899e+10 8.8530e+10  0.72%  37.3 2390s
 222200  4082 8.8530e+10   92   22 8.7899e+10 8.8530e+10  0.72%  37.3 2395s
 222594  4113 infeasible   87      8.7899e+10 8.8530e+10  0.72%  37.4 2400s
 222965  4096 infeasible   83      8.7899e+10 8.8530e+10  0.72%  37.3 2405s
 223310  4089 8.8530e+10   84    8 8.7899e+10 8.8530e+10  0.72%  37.3 2410s
 223836  4059 8.8530e+10   74   23 8.7899e+10 8.8530e+10  0.72%  37.3 2415s
 223982  4073 8.8530e+10   83   13 8.7899e+10 8.8530e+10  0.72%  37.3 2420s
 224464  4064 infeasible   87      8.7899e+10 8.8530e+10  0.72%  37.3 2425s
 224980  4064 infeasible   92      8.7899e+10 8.8530e+10  0.72%  37.3 2430s
 225461  4070 8.8530e+10   82    9 8.7899e+10 8.8530e+10  0.72%  37.3 2435s
 225997  4063 8.8530e+10   87   41 8.7899e+10 8.8530e+10  0.72%  37.3 2440s
 226280  4074 infeasible   92      8.7899e+10 8.8530e+10  0.72%  37.3 2445s
 226832  4080 infeasible   91      8.7899e+10 8.8530e+10  0.72%  37.3 2450s
 227122  4055 8.8530e+10   85   18 8.7899e+10 8.8530e+10  0.72%  37.3 2455s
 227590  4071 8.8530e+10   83   13 8.7899e+10 8.8530e+10  0.72%  37.3 2460s
 228135  4058 8.8530e+10   89   23 8.7899e+10 8.8530e+10  0.72%  37.3 2467s
 228348  4095 8.8530e+10   88   23 8.7899e+10 8.8530e+10  0.72%  37.3 2470s
 228865  4076 8.8530e+10   88   20 8.7899e+10 8.8530e+10  0.72%  37.3 2475s
 229326  4054 8.8530e+10   77   28 8.7899e+10 8.8530e+10  0.72%  37.3 2480s
 229740  4072 8.8530e+10   86   30 8.7899e+10 8.8530e+10  0.72%  37.3 2485s
 230225  4081 infeasible   91      8.7899e+10 8.8530e+10  0.72%  37.3 2490s
 230483  4104 8.8530e+10   90    8 8.7899e+10 8.8530e+10  0.72%  37.3 2495s
 230976  4089 infeasible   89      8.7899e+10 8.8530e+10  0.72%  37.3 2500s
 231356  4098 8.8530e+10   84   14 8.7899e+10 8.8530e+10  0.72%  37.3 2505s
 231868  4100 8.8530e+10   86   20 8.7899e+10 8.8530e+10  0.72%  37.3 2510s
 232186  4076 infeasible   87      8.7899e+10 8.8530e+10  0.72%  37.3 2515s
 232653  4072 8.8530e+10   82   31 8.7899e+10 8.8530e+10  0.72%  37.3 2520s
 233059  4079 8.8530e+10   89   14 8.7899e+10 8.8530e+10  0.72%  37.3 2527s
 233262  4053 8.8530e+10   91   11 8.7899e+10 8.8530e+10  0.72%  37.3 2530s
 233710  4057 8.8530e+10   83   21 8.7899e+10 8.8530e+10  0.72%  37.4 2535s
 234188  4072 infeasible   84      8.7899e+10 8.8530e+10  0.72%  37.4 2540s
 234583  4059 8.8530e+10   88   19 8.7899e+10 8.8530e+10  0.72%  37.4 2545s
 234942  4067 8.8530e+10   84   15 8.7899e+10 8.8530e+10  0.72%  37.4 2550s
 235429  4089 8.8530e+10   86   27 8.7899e+10 8.8530e+10  0.72%  37.4 2555s
 235652  4096 infeasible   92      8.7899e+10 8.8530e+10  0.72%  37.4 2560s
 236126  4119 8.8530e+10   95   12 8.7899e+10 8.8530e+10  0.72%  37.4 2565s
 236618  4116 infeasible   96      8.7899e+10 8.8530e+10  0.72%  37.4 2570s
 236991  4106 8.8530e+10   85   20 8.7899e+10 8.8530e+10  0.72%  37.4 2575s
 237478  4113 infeasible   93      8.7899e+10 8.8530e+10  0.72%  37.4 2580s
 237854  4107 infeasible   89      8.7899e+10 8.8530e+10  0.72%  37.4 2585s
 238289  4091 8.8530e+10   81   36 8.7899e+10 8.8530e+10  0.72%  37.4 2590s
 238692  4095 8.8530e+10   93    9 8.7899e+10 8.8530e+10  0.72%  37.4 2595s
 239085  4094 8.8530e+10   79   47 8.7899e+10 8.8530e+10  0.72%  37.4 2602s
 239271  4096 infeasible   90      8.7899e+10 8.8530e+10  0.72%  37.4 2605s
 239775  4093 infeasible   88      8.7899e+10 8.8530e+10  0.72%  37.4 2610s
 240303  4101 infeasible   95      8.7899e+10 8.8530e+10  0.72%  37.4 2615s
 240741  4097 infeasible   88      8.7899e+10 8.8530e+10  0.72%  37.4 2620s
 240988  4103 8.8530e+10   88   22 8.7899e+10 8.8530e+10  0.72%  37.4 2625s
 241394  4101 8.8530e+10   88   23 8.7899e+10 8.8530e+10  0.72%  37.4 2630s
 241826  4081 8.8530e+10   91    5 8.7899e+10 8.8530e+10  0.72%  37.4 2635s
 242274  4084 8.8530e+10   88   40 8.7899e+10 8.8530e+10  0.72%  37.4 2640s
 242616  4093 8.8530e+10   85   34 8.7899e+10 8.8530e+10  0.72%  37.4 2645s
 243072  4064 infeasible   81      8.7899e+10 8.8530e+10  0.72%  37.4 2650s
 243407  4059 8.8530e+10   90    5 8.7899e+10 8.8530e+10  0.72%  37.5 2657s
 243648  4052 infeasible   86      8.7899e+10 8.8530e+10  0.72%  37.4 2660s
 244143  4052 8.8530e+10   82   10 8.7899e+10 8.8530e+10  0.72%  37.4 2665s
 244729  4053 8.8530e+10   93   22 8.7899e+10 8.8530e+10  0.72%  37.4 2670s
 245231  4051 8.8530e+10   89   11 8.7899e+10 8.8530e+10  0.72%  37.4 2675s
 245474  4047 8.8530e+10   82   24 8.7899e+10 8.8530e+10  0.72%  37.4 2680s
 245978  4065 8.8530e+10   77   11 8.7899e+10 8.8530e+10  0.72%  37.4 2685s
 246512  4061 infeasible   93      8.7899e+10 8.8530e+10  0.72%  37.5 2690s
 246780  4043 infeasible   89      8.7899e+10 8.8530e+10  0.72%  37.5 2695s
 247251  4051 8.8530e+10   82   37 8.7899e+10 8.8530e+10  0.72%  37.5 2700s
 247680  4068 infeasible   82      8.7899e+10 8.8530e+10  0.72%  37.5 2705s
 248150  4056 8.8530e+10   84    6 8.7899e+10 8.8530e+10  0.72%  37.5 2710s
 248369  4038 infeasible   82      8.7899e+10 8.8530e+10  0.72%  37.5 2715s
 248920  4054 8.8530e+10   78   37 8.7899e+10 8.8530e+10  0.72%  37.5 2720s
 249168  4058 8.8530e+10   84   16 8.7899e+10 8.8530e+10  0.72%  37.5 2725s
 249358  4030 8.8530e+10   75   29 8.7899e+10 8.8530e+10  0.72%  37.5 2730s
 249934  4091 infeasible   83      8.7899e+10 8.8530e+10  0.72%  37.4 2735s
 250299  4112 infeasible   93      8.7899e+10 8.8530e+10  0.72%  37.4 2740s
 250796  4117 8.8530e+10   86   18 8.7899e+10 8.8530e+10  0.72%  37.4 2745s
 251250  4144 8.8530e+10   86   14 8.7899e+10 8.8530e+10  0.72%  37.4 2750s
 251413  4135 8.8530e+10   83   20 8.7899e+10 8.8530e+10  0.72%  37.4 2755s
 251895  4121 8.8530e+10   87   18 8.7899e+10 8.8530e+10  0.72%  37.4 2760s
 252356  4109 8.8530e+10   77    8 8.7899e+10 8.8530e+10  0.72%  37.4 2765s
 252873  4107 8.8530e+10   88   12 8.7899e+10 8.8530e+10  0.72%  37.4 2770s
 253422  4107 8.8530e+10   92    7 8.7899e+10 8.8530e+10  0.72%  37.4 2775s
 253916  4121 infeasible   88      8.7899e+10 8.8530e+10  0.72%  37.4 2780s
 254259  4100 8.8530e+10   90   11 8.7899e+10 8.8530e+10  0.72%  37.4 2785s
 254747  4107 8.8530e+10   82   24 8.7899e+10 8.8530e+10  0.72%  37.4 2790s
 255236  4092 8.8530e+10   84   27 8.7899e+10 8.8530e+10  0.72%  37.4 2796s
 255516  4089 8.8117e+10   78   33 8.7899e+10 8.8530e+10  0.72%  37.4 2800s
 256025  4194 8.8530e+10   75   22 8.7899e+10 8.8530e+10  0.72%  37.4 2805s
 256517  4178 8.8530e+10   87   10 8.7899e+10 8.8530e+10  0.72%  37.4 2810s
 256815  4173 infeasible   86      8.7899e+10 8.8530e+10  0.72%  37.4 2815s
 257377  4184 8.8530e+10   92    5 8.7899e+10 8.8530e+10  0.72%  37.4 2820s
 257693  4167 8.8530e+10   81   22 8.7899e+10 8.8530e+10  0.72%  37.4 2825s
 258212  4187 8.8530e+10   81   10 8.7899e+10 8.8530e+10  0.72%  37.4 2830s
 258359  4198 8.8530e+10   89    6 8.7899e+10 8.8530e+10  0.72%  37.4 2835s
 258796  4190 infeasible   90      8.7899e+10 8.8530e+10  0.72%  37.4 2840s
 259272  4186 infeasible   82      8.7899e+10 8.8530e+10  0.72%  37.4 2845s
 259770  4191 8.8530e+10   80   37 8.7899e+10 8.8530e+10  0.72%  37.4 2850s
 260199  4189 8.8530e+10   77   26 8.7899e+10 8.8530e+10  0.72%  37.4 2855s
 260534  4187 8.8530e+10   87   43 8.7899e+10 8.8530e+10  0.72%  37.4 2860s
 260683  4184 8.8530e+10   89   23 8.7899e+10 8.8530e+10  0.72%  37.4 2865s
 261146  4165 8.8530e+10   84   34 8.7899e+10 8.8530e+10  0.72%  37.4 2870s
 261613  4170 8.8530e+10   96   13 8.7899e+10 8.8530e+10  0.72%  37.4 2875s
 262127  4169 infeasible   92      8.7899e+10 8.8530e+10  0.72%  37.4 2880s
 262663  4153 infeasible   77      8.7899e+10 8.8530e+10  0.72%  37.4 2885s
 262858  4161 infeasible   84      8.7899e+10 8.8530e+10  0.72%  37.4 2890s
 263332  4161 8.8530e+10   84    8 8.7899e+10 8.8530e+10  0.72%  37.4 2895s
 263753  4209 infeasible   71      8.7899e+10 8.8530e+10  0.72%  37.5 2900s
 264039  4222     cutoff   76      8.7899e+10 8.8530e+10  0.72%  37.5 2905s
 264317  4227 8.8530e+10   70   14 8.7899e+10 8.8530e+10  0.72%  37.5 2912s
 264545  4280 8.8530e+10   72    9 8.7899e+10 8.8530e+10  0.72%  37.5 2915s
 264967  4336 8.8530e+10   69   39 8.7899e+10 8.8530e+10  0.72%  37.5 2920s
 265375  4356     cutoff   86      8.7899e+10 8.8530e+10  0.72%  37.5 2925s
 265817  4380 8.8117e+10   71   25 8.7899e+10 8.8530e+10  0.72%  37.6 2930s
 266274  4398 8.8530e+10   85   10 8.7899e+10 8.8530e+10  0.72%  37.6 2937s
 266492  4384 8.8260e+10   72   24 8.7899e+10 8.8530e+10  0.72%  37.6 2940s
 267033  4394 infeasible   83      8.7899e+10 8.8530e+10  0.72%  37.5 2945s
 267588  4379 8.8260e+10   73   13 8.7899e+10 8.8530e+10  0.72%  37.5 2950s
 267913  4414 8.8530e+10   88   26 8.7899e+10 8.8530e+10  0.72%  37.5 2956s
 268303  4390 infeasible   81      8.7899e+10 8.8530e+10  0.72%  37.5 2960s
 268885  4418 infeasible   81      8.7899e+10 8.8530e+10  0.72%  37.5 2965s
 269422  4394 8.8530e+10   87   12 8.7899e+10 8.8530e+10  0.72%  37.5 2970s
 269858  4402 8.8530e+10   86   12 8.7899e+10 8.8530e+10  0.72%  37.5 2976s
 270251  4398 8.8530e+10   89   17 8.7899e+10 8.8530e+10  0.72%  37.5 2980s
 270849  4396 infeasible   86      8.7899e+10 8.8530e+10  0.72%  37.5 2985s
 271378  4388 8.8530e+10   87   12 8.7899e+10 8.8530e+10  0.72%  37.5 2990s
 271564  4389 8.8530e+10   80   10 8.7899e+10 8.8530e+10  0.72%  37.5 2995s
 272069  4394 infeasible   81      8.7899e+10 8.8530e+10  0.72%  37.5 3000s
 272652  4409 8.8530e+10   83    9 8.7899e+10 8.8530e+10  0.72%  37.4 3005s
 273169  4394 8.8530e+10   80   11 8.7899e+10 8.8530e+10  0.72%  37.4 3010s
 273389  4399 8.8530e+10   76   21 8.7899e+10 8.8530e+10  0.72%  37.4 3015s
 273866  4391 infeasible   82      8.7899e+10 8.8530e+10  0.72%  37.4 3020s
 274507  4386 8.8530e+10   75   33 8.7899e+10 8.8530e+10  0.72%  37.4 3025s
 274929  4392 8.8530e+10   82   21 8.7899e+10 8.8530e+10  0.72%  37.4 3032s
 275193  4406 8.8530e+10   86    5 8.7899e+10 8.8530e+10  0.72%  37.4 3035s
 275749  4396 8.8530e+10   87   14 8.7899e+10 8.8530e+10  0.72%  37.4 3040s
 276350  4394 infeasible   86      8.7899e+10 8.8530e+10  0.72%  37.4 3045s
 276909  4394 infeasible   86      8.7899e+10 8.8530e+10  0.72%  37.4 3050s
 277212  4409 8.8530e+10   85    9 8.7899e+10 8.8530e+10  0.72%  37.4 3055s
 277753  4388 infeasible   87      8.7899e+10 8.8530e+10  0.72%  37.4 3060s
 278295  4419 8.8530e+10   87   13 8.7899e+10 8.8530e+10  0.72%  37.4 3067s
 278474  4412 infeasible   87      8.7899e+10 8.8530e+10  0.72%  37.4 3070s
 279135  4419 8.8530e+10   85   12 8.7899e+10 8.8530e+10  0.72%  37.4 3075s
 279708  4426 infeasible   85      8.7899e+10 8.8530e+10  0.72%  37.3 3080s
 280202  4410 8.8530e+10   80   12 8.7899e+10 8.8530e+10  0.72%  37.3 3085s
 280416  4404 8.8530e+10   82   31 8.7899e+10 8.8530e+10  0.72%  37.3 3090s
 280853  4406 infeasible   81      8.7899e+10 8.8530e+10  0.72%  37.3 3095s
 281433  4421 8.8530e+10   87    4 8.7899e+10 8.8530e+10  0.72%  37.3 3100s
 281963  4398 8.8530e+10   75   18 8.7899e+10 8.8530e+10  0.72%  37.3 3105s
 282475  4387 infeasible   81      8.7899e+10 8.8530e+10  0.72%  37.3 3110s
 282923  4395 8.8530e+10   80   30 8.7899e+10 8.8530e+10  0.72%  37.3 3115s
 283187  4388 8.8530e+10   76   30 8.7899e+10 8.8530e+10  0.72%  37.3 3120s
 283593  4395 infeasible   76      8.7899e+10 8.8530e+10  0.72%  37.3 3125s
 284112  4392 8.8530e+10   81   24 8.7899e+10 8.8530e+10  0.72%  37.3 3130s
 284699  4414 8.8530e+10   85   29 8.7899e+10 8.8530e+10  0.72%  37.3 3135s
 284902  4415 8.8530e+10   83   18 8.7899e+10 8.8530e+10  0.72%  37.3 3140s
 285512  4420 infeasible   86      8.7899e+10 8.8530e+10  0.72%  37.3 3145s
 286029  4409 infeasible   90      8.7899e+10 8.8530e+10  0.72%  37.3 3150s
 286582  4400 8.8530e+10   80   13 8.7899e+10 8.8530e+10  0.72%  37.3 3155s
 286696  4405 8.8530e+10   81   35 8.7899e+10 8.8530e+10  0.72%  37.3 3160s
 287131  4407 8.8530e+10   77   16 8.7899e+10 8.8530e+10  0.72%  37.2 3165s
 287738  4416 infeasible   86      8.7899e+10 8.8530e+10  0.72%  37.2 3170s
 288258  4392 infeasible   86      8.7899e+10 8.8530e+10  0.72%  37.2 3175s
 288824  4396 infeasible   83      8.7899e+10 8.8530e+10  0.72%  37.2 3180s
 289334  4393 infeasible   78      8.7899e+10 8.8530e+10  0.72%  37.2 3185s
 289500  4398 8.8530e+10   81    7 8.7899e+10 8.8530e+10  0.72%  37.2 3190s
 290101  4399 infeasible   77      8.7899e+10 8.8530e+10  0.72%  37.2 3195s
 290672  4399 8.8530e+10   83   16 8.7899e+10 8.8530e+10  0.72%  37.2 3200s
 291230  4386 infeasible   79      8.7899e+10 8.8530e+10  0.72%  37.2 3205s
 291405  4410 8.8530e+10   86   13 8.7899e+10 8.8530e+10  0.72%  37.2 3210s
 291964  4413 infeasible   84      8.7899e+10 8.8530e+10  0.72%  37.2 3215s
 292485  4394 8.8530e+10   82    9 8.7899e+10 8.8530e+10  0.72%  37.2 3220s
 292904  4406 8.8530e+10   85   13 8.7899e+10 8.8530e+10  0.72%  37.2 3227s
 293057  4401 infeasible   76      8.7899e+10 8.8530e+10  0.72%  37.2 3230s
 293617  4427 infeasible   86      8.7899e+10 8.8530e+10  0.72%  37.2 3235s
 294187  4424 infeasible   88      8.7899e+10 8.8530e+10  0.72%  37.1 3240s
 294688  4414 infeasible   87      8.7899e+10 8.8530e+10  0.72%  37.1 3245s
 295129  4410 8.8530e+10   81   23 8.7899e+10 8.8530e+10  0.72%  37.1 3252s
 295360  4406 infeasible   79      8.7899e+10 8.8530e+10  0.72%  37.1 3255s
 295803  4418 infeasible   80      8.7899e+10 8.8530e+10  0.72%  37.1 3260s
 296424  4425 8.8530e+10   83    8 8.7899e+10 8.8530e+10  0.72%  37.1 3265s
 296963  4428 8.8530e+10   83   28 8.7899e+10 8.8530e+10  0.72%  37.1 3272s
 297193  4420 8.8530e+10   78   27 8.7899e+10 8.8530e+10  0.72%  37.1 3275s
 297720  4417 8.8530e+10   84    7 8.7899e+10 8.8530e+10  0.72%  37.1 3280s
 298084  4431 8.8530e+10   86   10 8.7899e+10 8.8530e+10  0.72%  37.1 3285s
 298238  4427 infeasible   87      8.7899e+10 8.8530e+10  0.72%  37.1 3290s
 298780  4428 8.8530e+10   91    8 8.7899e+10 8.8530e+10  0.72%  37.1 3295s
 299346  4418 8.8530e+10   77   30 8.7899e+10 8.8530e+10  0.72%  37.1 3300s
 299821  4429 8.8530e+10   87   13 8.7899e+10 8.8530e+10  0.72%  37.1 3305s
 300280  4418 8.8530e+10   83   17 8.7899e+10 8.8530e+10  0.72%  37.1 3310s
 300705  4406 8.8530e+10   80   28 8.7899e+10 8.8530e+10  0.72%  37.1 3315s
 301210  4415 8.8530e+10   81   28 8.7899e+10 8.8530e+10  0.72%  37.1 3320s
 301699  4405 8.8530e+10   87   20 8.7899e+10 8.8530e+10  0.72%  37.0 3325s
 302032  4408 8.8530e+10   81   33 8.7899e+10 8.8530e+10  0.72%  37.0 3330s
 302404  4403 8.8530e+10   90   16 8.7899e+10 8.8530e+10  0.72%  37.0 3335s
 302927  4388 8.8530e+10   79    6 8.7899e+10 8.8530e+10  0.72%  37.0 3340s
 303383  4386 8.8530e+10   80   12 8.7899e+10 8.8530e+10  0.72%  37.0 3345s
 303741  4375 8.8260e+10   75   38 8.7899e+10 8.8530e+10  0.72%  37.0 3350s
 304249  4417 8.8530e+10   80   32 8.7899e+10 8.8530e+10  0.72%  37.0 3355s
 304501  4407 infeasible   79      8.7899e+10 8.8530e+10  0.72%  37.0 3360s
 305033  4428 8.8530e+10   75    9 8.7899e+10 8.8530e+10  0.72%  37.0 3365s
 305361  4420 8.8530e+10   73   23 8.7899e+10 8.8530e+10  0.72%  37.1 3370s
 305727  4416 infeasible   84      8.7899e+10 8.8530e+10  0.72%  37.1 3375s
 306260  4422 infeasible   81      8.7899e+10 8.8530e+10  0.72%  37.1 3380s
 306445  4407 8.8530e+10   76   36 8.7899e+10 8.8530e+10  0.72%  37.1 3385s
 306792  4420 infeasible   78      8.7899e+10 8.8530e+10  0.72%  37.1 3390s
 307180  4406 infeasible   80      8.7899e+10 8.8530e+10  0.72%  37.1 3395s
 307620  4426 infeasible   81      8.7899e+10 8.8530e+10  0.72%  37.1 3400s
 308019  4405 infeasible   80      8.7899e+10 8.8530e+10  0.72%  37.1 3405s
 308392  4427     cutoff   76      8.7899e+10 8.8530e+10  0.72%  37.1 3410s
 308796  4429 8.8530e+10   87    6 8.7899e+10 8.8530e+10  0.72%  37.1 3415s
 309235  4421 8.8530e+10   77   23 8.7899e+10 8.8530e+10  0.72%  37.1 3420s
 309694  4429 8.8530e+10   77   25 8.7899e+10 8.8530e+10  0.72%  37.1 3425s
 310228  4443 8.8530e+10   82   19 8.7899e+10 8.8530e+10  0.72%  37.1 3431s
 310555  4438 8.8530e+10   82   10 8.7899e+10 8.8530e+10  0.72%  37.1 3435s
 311006  4457 8.8530e+10   74   10 8.7899e+10 8.8530e+10  0.72%  37.1 3440s
 311275  4491 8.8530e+10   71   31 8.7899e+10 8.8530e+10  0.72%  37.1 3445s
 311720  4514 8.8260e+10   84    4 8.7899e+10 8.8530e+10  0.72%  37.1 3450s
 312205  4604 8.8486e+10   83   41 8.7899e+10 8.8530e+10  0.72%  37.1 3455s
 312601  4664 8.8530e+10   72   35 8.7899e+10 8.8530e+10  0.72%  37.1 3460s
 313039  4703 8.8530e+10   79   24 8.7899e+10 8.8530e+10  0.72%  37.1 3465s
 313475  4698 8.8530e+10   73   25 8.7899e+10 8.8530e+10  0.72%  37.2 3470s
 313719  4692 infeasible   87      8.7899e+10 8.8530e+10  0.72%  37.2 3475s
 314193  4728 8.8260e+10   84   10 8.7899e+10 8.8530e+10  0.72%  37.2 3480s
 314662  4714 8.8530e+10   78    5 8.7899e+10 8.8530e+10  0.72%  37.2 3485s
 314843  4703 infeasible   77      8.7899e+10 8.8530e+10  0.72%  37.2 3490s
 315314  4725 8.8530e+10   85   20 8.7899e+10 8.8530e+10  0.72%  37.2 3495s
 315836  4715 8.8530e+10   87   18 8.7899e+10 8.8530e+10  0.72%  37.2 3500s
 316095  4720 8.8530e+10   90   13 8.7899e+10 8.8530e+10  0.72%  37.2 3505s
 316479  4722 infeasible   92      8.7899e+10 8.8530e+10  0.72%  37.2 3510s
 317017  4720 8.8530e+10   89   12 8.7899e+10 8.8530e+10  0.72%  37.2 3515s
 317501  4725 8.8530e+10   85   21 8.7899e+10 8.8530e+10  0.72%  37.2 3520s
 318052  4728 8.8530e+10   88   14 8.7899e+10 8.8530e+10  0.72%  37.2 3525s
 318336  4723 8.8530e+10   87   26 8.7899e+10 8.8530e+10  0.72%  37.2 3530s
 318896  4721 infeasible   86      8.7899e+10 8.8530e+10  0.72%  37.2 3535s
 319358  4721 infeasible   82      8.7899e+10 8.8530e+10  0.72%  37.2 3540s
 319622  4719 8.8530e+10   76   11 8.7899e+10 8.8530e+10  0.72%  37.2 3545s
 320148  4719 8.8530e+10   70   25 8.7899e+10 8.8530e+10  0.72%  37.2 3550s
 320657  4736 8.8530e+10   74   20 8.7899e+10 8.8530e+10  0.72%  37.2 3555s
 321051  4755 8.8530e+10   71   28 8.7899e+10 8.8530e+10  0.72%  37.2 3560s
 321417  4782 8.8530e+10   78    8 8.7899e+10 8.8530e+10  0.72%  37.2 3566s
 321686  4777 infeasible   78      8.7899e+10 8.8530e+10  0.72%  37.2 3570s
 322242  4782 8.8530e+10   73   10 8.7899e+10 8.8530e+10  0.72%  37.2 3575s
 322777  4820     cutoff   78      8.7899e+10 8.8530e+10  0.72%  37.2 3580s
 323148  4820 8.8260e+10   80    8 8.7899e+10 8.8530e+10  0.72%  37.2 3585s
 323600  4880 8.8530e+10   72   29 8.7899e+10 8.8530e+10  0.72%  37.2 3591s
 324002  4893 infeasible   79      8.7899e+10 8.8530e+10  0.72%  37.2 3595s

Cutting planes:
  Learned: 49
  Gomory: 28
  Lift-and-project: 34
  Cover: 956
  Implied bound: 220
  Clique: 3
  MIR: 880
  Mixing: 96
  StrongCG: 35
  Flow cover: 3171
  GUB cover: 4
  Inf proof: 907
  RLT: 31
  Relax-and-lift: 93
  BQP: 4
  PSD: 5

Explored 324451 nodes (12061453 simplex iterations) in 3599.69 seconds (2108.21 work units)
Thread count was 1 (of 28 available processors)

Solution count 10: 8.78993e+10 8.69993e+10 8.48772e+10 ... 7.23273e+10

Time limit reached
Best objective 8.789928075000e+10, best bound 8.852958900000e+10, gap 0.7171%

User-callback calls 2013004, time in user-callback 1.08 sec