Gurobi Optimizer version 12.0.3 build v12.0.3rc0 (linux64 - "Oracle Linux Server 9.4")

CPU model: Intel(R) Xeon(R) CPU E5-2660 v4 @ 2.00GHz, instruction set [SSE2|AVX|AVX2]
Thread count: 28 physical cores, 28 logical processors, using up to 1 threads

Non-default parameters:
TimeLimit  3599.854751381
SoftMemLimit  16
NumericFocus  1
Threads  1

Academic license 2690100 - for non-commercial use only - registered to ju___@uclm.es
Optimize a model with 2408 rows, 630 columns and 8306 nonzeros
Model fingerprint: 0x4f7d402b
Variable types: 28 continuous, 602 integer (602 binary)
Coefficient statistics:
  Matrix range     [1e+00, 2e+13]
  Objective range  [2e+08, 8e+09]
  Bounds range     [1e+03, 1e+04]
  RHS range        [1e+00, 2e+14]
Warning: Model contains large matrix coefficient range
Warning: Model contains large objective coefficients
Warning: Model contains large rhs
Found heuristic solution: objective -0.0000000
Presolve removed 499 rows and 2 columns
Presolve time: 0.06s
Presolved: 1909 rows, 628 columns, 7061 nonzeros
Variable types: 28 continuous, 600 integer (600 binary)

Root relaxation: objective 7.399674e+10, 335 iterations, 0.01 seconds (0.01 work units)

    Nodes    |    Current Node    |     Objective Bounds      |     Work
 Expl Unexpl |  Obj  Depth IntInf | Incumbent    BestBd   Gap | It/Node Time

     0     0 7.3997e+10    0   26   -0.00000 7.3997e+10      -     -    0s
     0     0 7.3997e+10    0   24   -0.00000 7.3997e+10      -     -    0s
H    0     0                    5.155200e+10 7.3997e+10  43.5%     -    0s
     0     0 7.3440e+10    0   41 5.1552e+10 7.3440e+10  42.5%     -    0s
     0     0 7.3440e+10    0   38 5.1552e+10 7.3440e+10  42.5%     -    0s
     0     0 7.3440e+10    0   18 5.1552e+10 7.3440e+10  42.5%     -    0s
H    0     0                    7.344000e+10 7.3440e+10  0.00%     -    0s
     0     0 7.3440e+10    0   16 7.3440e+10 7.3440e+10  0.00%     -    0s

Cutting planes:
  Gomory: 6
  Cover: 14
  Implied bound: 12
  Clique: 8
  Flow cover: 19
  GUB cover: 1
  Zero half: 1
  RLT: 1
  Relax-and-lift: 13

Explored 1 nodes (1502 simplex iterations) in 0.20 seconds (0.11 work units)
Thread count was 1 (of 28 available processors)

Solution count 3: 7.344e+10 5.1552e+10 -0 

Optimal solution found (tolerance 1.00e-04)
Best objective 7.344000000000e+10, best bound 7.344000000000e+10, gap 0.0000%

User-callback calls 587, time in user-callback 0.00 sec