Gurobi Optimizer version 12.0.3 build v12.0.3rc0 (linux64 - "Oracle Linux Server 9.4")

CPU model: Intel(R) Xeon(R) CPU E5-2660 v4 @ 2.00GHz, instruction set [SSE2|AVX|AVX2]
Thread count: 28 physical cores, 28 logical processors, using up to 1 threads

Non-default parameters:
TimeLimit  3599.346481088
SoftMemLimit  16
NumericFocus  1
Threads  1

Academic license 2690100 - for non-commercial use only - registered to ju___@uclm.es
Optimize a model with 4446 rows, 1140 columns and 15342 nonzeros
Model fingerprint: 0x26e7b824
Variable types: 38 continuous, 1102 integer (1102 binary)
Coefficient statistics:
  Matrix range     [1e+00, 2e+13]
  Objective range  [1e+09, 6e+09]
  Bounds range     [1e+03, 1e+04]
  RHS range        [1e+00, 2e+14]
Warning: Model contains large matrix coefficient range
Warning: Model contains large objective coefficients
Warning: Model contains large rhs
Found heuristic solution: objective -0.0000000
Presolve removed 838 rows and 0 columns
Presolve time: 0.09s
Presolved: 3608 rows, 1140 columns, 13547 nonzeros
Variable types: 38 continuous, 1102 integer (1102 binary)

Root relaxation: objective 8.972706e+10, 415 iterations, 0.01 seconds (0.01 work units)

    Nodes    |    Current Node    |     Objective Bounds      |     Work
 Expl Unexpl |  Obj  Depth IntInf | Incumbent    BestBd   Gap | It/Node Time

     0     0 8.9727e+10    0   30   -0.00000 8.9727e+10      -     -    0s
H    0     0                    2.511066e+10 8.9727e+10   257%     -    0s
     0     0 8.9727e+10    0   44 2.5111e+10 8.9727e+10   257%     -    0s
     0     0 8.9727e+10    0   43 2.5111e+10 8.9727e+10   257%     -    0s
H    0     0                    4.158426e+10 8.9364e+10   115%     -    0s
H    0     0                    4.498626e+10 8.9364e+10  98.6%     -    0s
     0     0 8.9306e+10    0   43 4.4986e+10 8.9306e+10  98.5%     -    0s
     0     0 8.8957e+10    0    6 4.4986e+10 8.8957e+10  97.7%     -    0s
     0     0 8.8957e+10    0    6 4.4986e+10 8.8957e+10  97.7%     -    0s
H    0     0                    4.610226e+10 8.8957e+10  93.0%     -    0s
     0     0 8.8957e+10    0   17 4.6102e+10 8.8957e+10  93.0%     -    0s
     0     0 8.8957e+10    0   17 4.6102e+10 8.8957e+10  93.0%     -    0s
     0     0 8.8957e+10    0   15 4.6102e+10 8.8957e+10  93.0%     -    0s
     0     0 8.8957e+10    0    6 4.6102e+10 8.8957e+10  93.0%     -    0s
H    0     0                    5.145906e+10 8.8957e+10  72.9%     -    0s
     0     0 8.8957e+10    0   10 5.1459e+10 8.8957e+10  72.9%     -    0s
     0     0 8.8957e+10    0    9 5.1459e+10 8.8957e+10  72.9%     -    0s
     0     0 8.8957e+10    0    9 5.1459e+10 8.8957e+10  72.9%     -    0s
     0     2 8.8957e+10    0    9 5.1459e+10 8.8957e+10  72.9%     -    0s
H   52    39                    5.681586e+10 8.8957e+10  56.6%  27.2    0s
H   79    58                    6.217266e+10 8.8957e+10  43.1%  21.2    0s
H  105    62                    6.559266e+10 8.8957e+10  35.6%  17.8    1s
H  106    62                    7.177026e+10 8.8957e+10  23.9%  17.8    1s
H  106    62                    7.712706e+10 8.8957e+10  15.3%  17.8    1s
H  106    62                    8.248386e+10 8.8957e+10  7.85%  17.8    1s
H  137    73                    8.359986e+10 8.8957e+10  6.41%  16.2    1s
   708   417 8.8957e+10   29    9 8.3600e+10 8.8957e+10  6.41%  14.4    5s
  1052   522 8.8957e+10   56   21 8.3600e+10 8.8957e+10  6.41%  25.5   10s
  1478   547 8.8957e+10   44   57 8.3600e+10 8.8957e+10  6.41%  25.0   15s
  1848   642 8.8957e+10   39   91 8.3600e+10 8.8957e+10  6.41%  27.6   20s
  2273   823 8.8957e+10   56   62 8.3600e+10 8.8957e+10  6.41%  29.3   25s
  2611   975 infeasible  108      8.3600e+10 8.8957e+10  6.41%  29.8   30s
  2940  1134 8.8957e+10   61   34 8.3600e+10 8.8957e+10  6.41%  30.7   35s
  3460  1504 8.8957e+10   49   47 8.3600e+10 8.8957e+10  6.41%  30.6   40s
  3958  1888 8.8957e+10   48   32 8.3600e+10 8.8957e+10  6.41%  29.6   45s
  4351  2102 8.8957e+10   52   79 8.3600e+10 8.8957e+10  6.41%  30.3   50s
  4710  2259 8.8957e+10   70   27 8.3600e+10 8.8957e+10  6.41%  31.2   55s
H 4857  2064                    8.607960e+10 8.8957e+10  3.34%  32.0   57s
  5065  2121 8.8957e+10   52   48 8.6080e+10 8.8957e+10  3.34%  33.0   60s
  5411  2233 8.8957e+10   74   27 8.6080e+10 8.8957e+10  3.34%  33.3   65s
  5869  2292     cutoff   82      8.6080e+10 8.8957e+10  3.34%  34.5   70s
  6185  2366 infeasible   95      8.6080e+10 8.8957e+10  3.34%  35.1   75s
  6661  2527 8.8957e+10   97   25 8.6080e+10 8.8957e+10  3.34%  35.9   80s
  7142  2742 infeasible   86      8.6080e+10 8.8957e+10  3.34%  36.3   85s
  7524  2825 8.8957e+10   52   43 8.6080e+10 8.8957e+10  3.34%  36.7   90s
  7925  2926 8.8957e+10   95   17 8.6080e+10 8.8957e+10  3.34%  37.5   95s
  8232  3030     cutoff   62      8.6080e+10 8.8957e+10  3.34%  38.0  100s
  8670  3263 8.8957e+10   52   59 8.6080e+10 8.8957e+10  3.34%  38.4  105s
* 8909  3095              74    8.784066e+10 8.8957e+10  1.27%  38.9  109s
  8925  3095 8.8957e+10   57   51 8.7841e+10 8.8957e+10  1.27%  38.9  110s
  9335  3165 8.8957e+10   73   33 8.7841e+10 8.8957e+10  1.27%  38.5  115s
  9855  3236 8.8957e+10   70   17 8.7841e+10 8.8957e+10  1.27%  37.9  120s
 10212  3250 8.8957e+10   33    6 8.7841e+10 8.8957e+10  1.27%  37.4  125s
 10509  3435 8.8384e+10  169  105 8.7841e+10 8.8957e+10  1.27%  38.1  130s
 10935  3507 8.8957e+10   65   29 8.7841e+10 8.8957e+10  1.27%  37.6  135s
 11251  3404 infeasible   69      8.7841e+10 8.8957e+10  1.27%  37.4  140s
 11771  3305 8.8957e+10   91   30 8.7841e+10 8.8957e+10  1.27%  36.8  145s
 12174  3177 8.8957e+10   95   33 8.7841e+10 8.8957e+10  1.27%  36.5  150s
 12538  3052 8.8957e+10   91   18 8.7841e+10 8.8957e+10  1.27%  36.4  155s
 12938  2910 8.8957e+10   89   46 8.7841e+10 8.8957e+10  1.27%  36.0  160s
 13398  2763 infeasible   86      8.7841e+10 8.8957e+10  1.27%  35.8  165s
 13757  2642 8.8957e+10   85   24 8.7841e+10 8.8957e+10  1.27%  35.7  170s
 14265  2469 infeasible   95      8.7841e+10 8.8957e+10  1.27%  35.3  175s
 14777  2298 8.8957e+10   90   18 8.7841e+10 8.8957e+10  1.27%  35.0  180s
 15277  2144 infeasible   98      8.7841e+10 8.8957e+10  1.27%  34.6  185s
 15766  1976 infeasible   93      8.7841e+10 8.8957e+10  1.27%  34.2  190s
 16271  1801 8.8957e+10   87   46 8.7841e+10 8.8957e+10  1.27%  33.8  195s
 16467  1749 8.8957e+10   62    9 8.7841e+10 8.8957e+10  1.27%  33.6  212s
 16476  1755 8.8957e+10   59    4 8.7841e+10 8.8957e+10  1.27%  33.6  215s
 16692  1873 8.8957e+10   93   54 8.7841e+10 8.8957e+10  1.27%  33.2  220s
 17049  2007 8.8957e+10   97   56 8.7841e+10 8.8957e+10  1.27%  33.4  225s
 17219  2078 8.8957e+10   81   91 8.7841e+10 8.8957e+10  1.27%  33.5  230s
 17507  2158     cutoff  128      8.7841e+10 8.8957e+10  1.27%  33.7  235s
 17761  2241 8.8957e+10   72  146 8.7841e+10 8.8957e+10  1.27%  33.8  241s
 18022  2336     cutoff  114      8.7841e+10 8.8957e+10  1.27%  33.9  245s
 18278  2393 8.8957e+10   93   46 8.7841e+10 8.8957e+10  1.27%  34.1  250s
 18517  2317 8.8957e+10   96   54 8.7841e+10 8.8957e+10  1.27%  34.4  255s
 18751  2237 8.8957e+10   92   14 8.7841e+10 8.8957e+10  1.27%  34.7  260s
 18989  2144 8.8957e+10   85   51 8.7841e+10 8.8957e+10  1.27%  35.2  265s
 19248  2055 8.8957e+10   84   92 8.7841e+10 8.8957e+10  1.27%  35.6  271s
 19476  1991 8.8957e+10   92   49 8.7841e+10 8.8957e+10  1.27%  35.9  275s
 19693  1924 8.8957e+10   99   10 8.7841e+10 8.8957e+10  1.27%  36.2  280s
 20063  1812 8.8957e+10   93   29 8.7841e+10 8.8957e+10  1.27%  36.5  285s
 20372  1712 infeasible   92      8.7841e+10 8.8957e+10  1.27%  36.7  290s
 20688  1609 8.8957e+10   95   29 8.7841e+10 8.8957e+10  1.27%  37.1  295s
 20859  1555 8.8957e+10  102   22 8.7841e+10 8.8957e+10  1.27%  37.3  300s
 21094  1458 8.8957e+10   91   16 8.7841e+10 8.8957e+10  1.27%  37.5  305s
 21309  1411 8.8957e+10   92   11 8.7841e+10 8.8957e+10  1.27%  37.6  310s
 21722  1313 infeasible  116      8.7841e+10 8.8957e+10  1.27%  37.7  315s
 21980  1308 infeasible  105      8.7841e+10 8.8957e+10  1.27%  37.8  320s
 22206  1298 8.8957e+10  110   33 8.7841e+10 8.8957e+10  1.27%  38.0  325s
 22485  1297 infeasible  114      8.7841e+10 8.8957e+10  1.27%  38.1  330s
 22902  1301 8.8957e+10  106   12 8.7841e+10 8.8957e+10  1.27%  38.2  335s
 23243  1298     cutoff  117      8.7841e+10 8.8957e+10  1.27%  38.3  340s
 23546  1334 8.8957e+10   97   24 8.7841e+10 8.8957e+10  1.27%  38.4  345s
 23788  1324 infeasible   91      8.7841e+10 8.8957e+10  1.27%  38.6  350s
 24102  1340 infeasible   96      8.7841e+10 8.8957e+10  1.27%  38.8  355s
 24300  1335 8.8957e+10   96   54 8.7841e+10 8.8957e+10  1.27%  38.8  361s
 24587  1319 8.8957e+10   87   39 8.7841e+10 8.8957e+10  1.27%  38.8  365s
 24916  1333 infeasible   94      8.7841e+10 8.8957e+10  1.27%  38.9  370s
 25223  1330 8.8957e+10   97   19 8.7841e+10 8.8957e+10  1.27%  38.9  375s
 25617  1318 8.8957e+10   94   17 8.7841e+10 8.8957e+10  1.27%  38.9  380s
 25897  1320 8.8957e+10   88   21 8.7841e+10 8.8957e+10  1.27%  38.9  385s
 26220  1329 infeasible   87      8.7841e+10 8.8957e+10  1.27%  39.1  390s
 26331  1327 8.8957e+10   85   10 8.7841e+10 8.8957e+10  1.27%  39.2  395s
 26645  1341 8.8957e+10   93   28 8.7841e+10 8.8957e+10  1.27%  39.4  400s
 26856  1340 infeasible   98      8.7841e+10 8.8957e+10  1.27%  39.5  405s
 27201  1349 8.8957e+10  101   47 8.7841e+10 8.8957e+10  1.27%  39.6  410s
 27442  1344 8.8957e+10   95   54 8.7841e+10 8.8957e+10  1.27%  39.7  415s
 27750  1348 8.8957e+10  101   54 8.7841e+10 8.8957e+10  1.27%  39.8  420s
 28083  1337 8.8957e+10   96   32 8.7841e+10 8.8957e+10  1.27%  40.0  425s
 28232  1340 8.8957e+10  101   15 8.7841e+10 8.8957e+10  1.27%  40.1  431s
 28443  1345 8.8957e+10   92   32 8.7841e+10 8.8957e+10  1.27%  40.3  435s
 28701  1343 8.8957e+10   85   60 8.7841e+10 8.8957e+10  1.27%  40.4  440s
 28998  1334 infeasible   94      8.7841e+10 8.8957e+10  1.27%  40.6  445s
 29306  1339 8.8957e+10  100   16 8.7841e+10 8.8957e+10  1.27%  40.7  450s
 29585  1334 8.8957e+10   93   25 8.7841e+10 8.8957e+10  1.27%  40.9  455s
 29913  1341 infeasible   96      8.7841e+10 8.8957e+10  1.27%  41.0  460s
 30138  1328 8.8957e+10   95   43 8.7841e+10 8.8957e+10  1.27%  41.2  465s
 30428  1328 8.8957e+10   91   31 8.7841e+10 8.8957e+10  1.27%  41.3  472s
 30539  1329 infeasible   89      8.7841e+10 8.8957e+10  1.27%  41.3  475s
 30885  1335 8.8957e+10   93   52 8.7841e+10 8.8957e+10  1.27%  41.4  480s
 31113  1335 8.8957e+10   92   49 8.7841e+10 8.8957e+10  1.27%  41.5  485s
 31432  1336 8.8957e+10   95   23 8.7841e+10 8.8957e+10  1.27%  41.7  490s
 31664  1336 8.8957e+10   94   37 8.7841e+10 8.8957e+10  1.27%  41.8  495s
 31999  1332 8.8957e+10   89   37 8.7841e+10 8.8957e+10  1.27%  41.9  500s
 32308  1325 8.8957e+10   88   16 8.7841e+10 8.8957e+10  1.27%  42.0  505s
 32505  1318 infeasible   94      8.7841e+10 8.8957e+10  1.27%  42.1  510s
 32798  1319 8.8957e+10   91   43 8.7841e+10 8.8957e+10  1.27%  42.2  517s
 32998  1319 infeasible   99      8.7841e+10 8.8957e+10  1.27%  42.2  520s
 33260  1328 infeasible   95      8.7841e+10 8.8957e+10  1.27%  42.2  525s
 33622  1317 8.8957e+10   98   51 8.7841e+10 8.8957e+10  1.27%  42.3  530s
 33860  1310 8.8957e+10   84   62 8.7841e+10 8.8957e+10  1.27%  42.4  535s
 34213  1333 infeasible   96      8.7841e+10 8.8957e+10  1.27%  42.4  540s
 34477  1317 infeasible   93      8.7841e+10 8.8957e+10  1.27%  42.4  545s
 34793  1333 8.8957e+10   90   38 8.7841e+10 8.8957e+10  1.27%  42.5  550s
 35051  1333 8.8957e+10  100   26 8.7841e+10 8.8957e+10  1.27%  42.6  555s
 35232  1338 8.8957e+10   98   32 8.7841e+10 8.8957e+10  1.27%  42.7  562s
 35305  1333 8.8957e+10   94   27 8.7841e+10 8.8957e+10  1.27%  42.8  565s
 35614  1332 infeasible   97      8.7841e+10 8.8957e+10  1.27%  43.0  570s
 35832  1332 8.8957e+10   90   39 8.7841e+10 8.8957e+10  1.27%  43.2  575s
 36032  1336 8.8957e+10   91   73 8.7841e+10 8.8957e+10  1.27%  43.3  580s
 36332  1332 infeasible  100      8.7841e+10 8.8957e+10  1.27%  43.4  585s
 36637  1335 infeasible   90      8.7841e+10 8.8957e+10  1.27%  43.6  590s
 36861  1331 8.8957e+10   94   53 8.7841e+10 8.8957e+10  1.27%  43.6  595s
 37137  1330 infeasible   92      8.7841e+10 8.8957e+10  1.27%  43.7  600s
 37189  1326 infeasible   88      8.7841e+10 8.8957e+10  1.27%  43.7  605s
 37385  1332 8.8957e+10   99   56 8.7841e+10 8.8957e+10  1.27%  43.8  610s
 37683  1328 8.8957e+10   92   93 8.7841e+10 8.8957e+10  1.27%  44.0  615s
 37929  1326 8.8957e+10   89   45 8.7841e+10 8.8957e+10  1.27%  44.1  620s
 38092  1335 8.8957e+10   93   13 8.7841e+10 8.8957e+10  1.27%  44.3  625s
 38352  1339     cutoff  105      8.7841e+10 8.8957e+10  1.27%  44.5  630s
 38657  1332     cutoff   95      8.7841e+10 8.8957e+10  1.27%  44.7  635s
 38886  1329 8.8957e+10   89   58 8.7841e+10 8.8957e+10  1.27%  44.8  640s
 39162  1321 infeasible   91      8.7841e+10 8.8957e+10  1.27%  44.9  645s
 39366  1321 8.8957e+10   87   76 8.7841e+10 8.8957e+10  1.27%  45.1  650s
 39538  1335 infeasible   93      8.7841e+10 8.8957e+10  1.27%  45.2  655s
 39849  1334 8.8957e+10   92   52 8.7841e+10 8.8957e+10  1.27%  45.3  660s
 39861  1342 8.8957e+10   98   35 8.7841e+10 8.8957e+10  1.27%  45.3  665s
 40103  1334 infeasible  102      8.7841e+10 8.8957e+10  1.27%  45.5  670s
 40296  1333 8.8957e+10   99   49 8.7841e+10 8.8957e+10  1.27%  45.5  675s
 40588  1339 infeasible   99      8.7841e+10 8.8957e+10  1.27%  45.6  680s
 40846  1328 8.8957e+10   91   44 8.7841e+10 8.8957e+10  1.27%  45.8  685s
 41081  1337 8.8957e+10   94   21 8.7841e+10 8.8957e+10  1.27%  45.8  690s
 41391  1335 infeasible   91      8.7841e+10 8.8957e+10  1.27%  45.9  695s
 41717  1335 8.8957e+10   95   20 8.7841e+10 8.8957e+10  1.27%  45.8  700s
 41963  1325 8.8957e+10   93   22 8.7841e+10 8.8957e+10  1.27%  45.9  705s
 42093  1323 8.8957e+10   92   19 8.7841e+10 8.8957e+10  1.27%  45.9  711s
 42283  1333 8.8957e+10   89   63 8.7841e+10 8.8957e+10  1.27%  46.1  715s
 42598  1368 8.8957e+10  107   14 8.7841e+10 8.8957e+10  1.27%  46.2  720s
 42843  1347 8.8957e+10   89   76 8.7841e+10 8.8957e+10  1.27%  46.3  725s
 43130  1370 infeasible  100      8.7841e+10 8.8957e+10  1.27%  46.4  730s
 43363  1370 8.8957e+10   97   51 8.7841e+10 8.8957e+10  1.27%  46.4  735s
 43706  1351 8.8957e+10   94   44 8.7841e+10 8.8957e+10  1.27%  46.5  740s
 43886  1349 8.8957e+10   94   13 8.7841e+10 8.8957e+10  1.27%  46.5  748s
 43966  1347 8.8957e+10   92   34 8.7841e+10 8.8957e+10  1.27%  46.6  750s
 44241  1352 8.8957e+10   97   45 8.7841e+10 8.8957e+10  1.27%  46.7  755s
 44504  1353 8.8957e+10   99   24 8.7841e+10 8.8957e+10  1.27%  46.8  760s
 44769  1368 8.8957e+10  102   30 8.7841e+10 8.8957e+10  1.27%  46.9  765s
 44994  1349 8.8957e+10   91   34 8.7841e+10 8.8957e+10  1.27%  47.1  770s
 45252  1351     cutoff  103      8.7841e+10 8.8957e+10  1.27%  47.2  775s
 45515  1350 8.8957e+10   92   40 8.7841e+10 8.8957e+10  1.27%  47.3  780s
 45713  1342 8.8957e+10   86   59 8.7841e+10 8.8957e+10  1.27%  47.4  785s
 45997  1362 8.8957e+10   95   28 8.7841e+10 8.8957e+10  1.27%  47.5  790s
 46275  1360     cutoff  103      8.7841e+10 8.8957e+10  1.27%  47.7  795s
 46373  1354 8.8957e+10   99   25 8.7841e+10 8.8957e+10  1.27%  47.8  800s
 46531  1360     cutoff   99      8.7841e+10 8.8957e+10  1.27%  47.9  805s
 46802  1359 8.8957e+10  103    8 8.7841e+10 8.8957e+10  1.27%  48.1  810s
 47065  1412 8.8957e+10  104   53 8.7841e+10 8.8957e+10  1.27%  48.1  815s
 47164  1401 8.8957e+10   90   79 8.7841e+10 8.8957e+10  1.27%  48.2  821s
 47344  1403 8.8957e+10   88   69 8.7841e+10 8.8957e+10  1.27%  48.3  825s
 47563  1406 8.8957e+10   91   90 8.7841e+10 8.8957e+10  1.27%  48.4  830s
 47624  1415 8.8957e+10   96   38 8.7841e+10 8.8957e+10  1.27%  48.5  836s
 47802  1403 8.8957e+10   99   47 8.7841e+10 8.8957e+10  1.27%  48.6  840s
 48031  1406 8.8957e+10   93   83 8.7841e+10 8.8957e+10  1.27%  48.7  845s
 48235  1404 infeasible   97      8.7841e+10 8.8957e+10  1.27%  48.8  850s
 48406  1405 8.8957e+10   97   87 8.7841e+10 8.8957e+10  1.27%  48.9  855s
 48688  1409 infeasible  100      8.7841e+10 8.8957e+10  1.27%  49.0  860s
 48830  1405 infeasible   91      8.7841e+10 8.8957e+10  1.27%  49.1  865s
 49040  1411 8.8957e+10   92   70 8.7841e+10 8.8957e+10  1.27%  49.2  870s
 49147  1418 8.8957e+10  100   68 8.7841e+10 8.8957e+10  1.27%  49.3  876s
 49224  1419 8.8957e+10   96   91 8.7841e+10 8.8957e+10  1.27%  49.4  880s
 49422  1415 infeasible  105      8.7841e+10 8.8957e+10  1.27%  49.5  885s
 49663  1410 infeasible  102      8.7841e+10 8.8957e+10  1.27%  49.6  890s
 49892  1407 8.8957e+10   96   48 8.7841e+10 8.8957e+10  1.27%  49.7  895s
 50033  1394 infeasible   97      8.7841e+10 8.8957e+10  1.27%  49.8  900s
 50324  1407 8.8957e+10   95   40 8.7841e+10 8.8957e+10  1.27%  49.8  905s
 50684  1402 8.8957e+10   97   18 8.7841e+10 8.8957e+10  1.27%  49.7  910s
 50896  1393 8.8957e+10   88   58 8.7841e+10 8.8957e+10  1.27%  49.7  915s
 51200  1397 8.8957e+10   95   32 8.7841e+10 8.8957e+10  1.27%  49.7  920s
 51405  1406 8.8957e+10  110   46 8.7841e+10 8.8957e+10  1.27%  49.7  926s
 51542  1405     cutoff   98      8.7841e+10 8.8957e+10  1.27%  49.8  930s
 51738  1397 8.8957e+10   90   91 8.7841e+10 8.8957e+10  1.27%  50.0  935s
 51929  1395 8.8957e+10   90   84 8.7841e+10 8.8957e+10  1.27%  50.1  943s
 52026  1406 infeasible  103      8.7841e+10 8.8957e+10  1.27%  50.2  945s
 52161  1405 8.8957e+10  105   62 8.7841e+10 8.8957e+10  1.27%  50.2  950s
 52384  1410 8.8957e+10   94   29 8.7841e+10 8.8957e+10  1.27%  50.3  955s
 52712  1398 8.8957e+10  106   16 8.7841e+10 8.8957e+10  1.27%  50.3  960s
 52918  1392 8.8957e+10   93    6 8.7841e+10 8.8957e+10  1.27%  50.3  965s
 53199  1405 infeasible  104      8.7841e+10 8.8957e+10  1.27%  50.3  970s
 53503  1416 infeasible  108      8.7841e+10 8.8957e+10  1.27%  50.3  975s
 53729  1408 8.8957e+10   98   73 8.7841e+10 8.8957e+10  1.27%  50.3  980s
 53986  1399 8.8957e+10  100   42 8.7841e+10 8.8957e+10  1.27%  50.3  985s
 54263  1411 8.8957e+10  101   26 8.7841e+10 8.8957e+10  1.27%  50.3  990s
 54414  1414 8.8957e+10  110   22 8.7841e+10 8.8957e+10  1.27%  50.3  996s
 54520  1401 8.8957e+10   97   84 8.7841e+10 8.8957e+10  1.27%  50.4 1000s
 54809  1426 8.8957e+10  106   37 8.7841e+10 8.8957e+10  1.27%  50.4 1005s
 54943  1416 8.8957e+10   96   69 8.7841e+10 8.8957e+10  1.27%  50.4 1010s
 55152  1411 8.8957e+10   93   87 8.7841e+10 8.8957e+10  1.27%  50.6 1015s
 55347  1416 8.8957e+10   94   50 8.7841e+10 8.8957e+10  1.27%  50.7 1020s
 55516  1432 8.8957e+10   93   59 8.7841e+10 8.8957e+10  1.27%  50.8 1025s
 55806  1487 infeasible  105      8.7841e+10 8.8957e+10  1.27%  50.7 1030s
 56062  1475 8.8957e+10   91   27 8.7841e+10 8.8957e+10  1.27%  50.8 1035s
 56245  1478 8.8957e+10  102   14 8.7841e+10 8.8957e+10  1.27%  50.8 1040s
 56275  1474 infeasible  100      8.7841e+10 8.8957e+10  1.27%  50.8 1045s
 56565  1480 8.8957e+10   93   28 8.7841e+10 8.8957e+10  1.27%  50.8 1050s
 56724  1475 infeasible   94      8.7841e+10 8.8957e+10  1.27%  50.9 1055s
 57033  1472 infeasible  101      8.7841e+10 8.8957e+10  1.27%  50.9 1060s
 57256  1479 8.8957e+10   92   11 8.7841e+10 8.8957e+10  1.27%  51.0 1066s
 57458  1489 8.8957e+10   97   17 8.7841e+10 8.8957e+10  1.27%  51.0 1070s
 57748  1493 8.8957e+10   93   41 8.7841e+10 8.8957e+10  1.27%  51.0 1075s
 57969  1494 8.8957e+10   97   24 8.7841e+10 8.8957e+10  1.27%  51.1 1081s
 58125  1490 infeasible   97      8.7841e+10 8.8957e+10  1.27%  51.1 1085s
 58421  1476 8.8957e+10   92   21 8.7841e+10 8.8957e+10  1.27%  51.2 1090s
 58678  1477 infeasible  102      8.7841e+10 8.8957e+10  1.27%  51.3 1095s
 58746  1475 8.8957e+10   91   38 8.7841e+10 8.8957e+10  1.27%  51.3 1102s
 58903  1474 infeasible   97      8.7841e+10 8.8957e+10  1.27%  51.3 1105s
 59130  1479 8.8957e+10   86   57 8.7841e+10 8.8957e+10  1.27%  51.4 1111s
 59335  1502 8.8957e+10  100   34 8.7841e+10 8.8957e+10  1.27%  51.4 1115s
 59607  1496 8.8957e+10   97   16 8.7841e+10 8.8957e+10  1.27%  51.5 1120s
 59830  1503 8.8957e+10   92   21 8.7841e+10 8.8957e+10  1.27%  51.5 1126s
 59982  1505 8.8957e+10   95   36 8.7841e+10 8.8957e+10  1.27%  51.5 1130s
 60192  1503 8.8957e+10   95   25 8.7841e+10 8.8957e+10  1.27%  51.6 1135s
 60367  1484 8.8957e+10   88   41 8.7841e+10 8.8957e+10  1.27%  51.6 1140s
 60637  1483 8.8957e+10   97   24 8.7841e+10 8.8957e+10  1.27%  51.7 1145s
 60923  1495 8.8957e+10  102   10 8.7841e+10 8.8957e+10  1.27%  51.7 1153s
 60927  1493 8.8957e+10   96   21 8.7841e+10 8.8957e+10  1.27%  51.7 1156s
 61121  1483 8.8957e+10   96   14 8.7841e+10 8.8957e+10  1.27%  51.7 1160s
 61403  1483 8.8957e+10  100   22 8.7841e+10 8.8957e+10  1.27%  51.8 1165s
 61687  1489 8.8957e+10   94   13 8.7841e+10 8.8957e+10  1.27%  51.8 1171s
 61856  1476 infeasible   92      8.7841e+10 8.8957e+10  1.27%  51.9 1175s
 62111  1489 infeasible   96      8.7841e+10 8.8957e+10  1.27%  52.0 1180s
 62274  1482 infeasible  100      8.7841e+10 8.8957e+10  1.27%  52.0 1185s
 62527  1490 infeasible  100      8.7841e+10 8.8957e+10  1.27%  52.1 1190s
 62717  1484 8.8957e+10   97   49 8.7841e+10 8.8957e+10  1.27%  52.1 1195s
 62965  1482 infeasible   95      8.7841e+10 8.8957e+10  1.27%  52.2 1200s
 63037  1468 8.8957e+10   83   40 8.7841e+10 8.8957e+10  1.27%  52.3 1206s
 63128  1481 infeasible   92      8.7841e+10 8.8957e+10  1.27%  52.3 1210s
 63387  1468 8.8957e+10   92   23 8.7841e+10 8.8957e+10  1.27%  52.4 1215s
 63532  1473 infeasible   98      8.7841e+10 8.8957e+10  1.27%  52.4 1220s
 63776  1481 infeasible   95      8.7841e+10 8.8957e+10  1.27%  52.5 1225s
 64012  1473 8.8957e+10   90   22 8.7841e+10 8.8957e+10  1.27%  52.6 1230s
 64187  1470 infeasible   94      8.7841e+10 8.8957e+10  1.27%  52.6 1235s
 64435  1472 infeasible   89      8.7841e+10 8.8957e+10  1.27%  52.7 1240s
 64582  1467 infeasible   88      8.7841e+10 8.8957e+10  1.27%  52.7 1245s
 64874  1469 infeasible   93      8.7841e+10 8.8957e+10  1.27%  52.7 1250s
 65135  1475 8.8957e+10   90   44 8.7841e+10 8.8957e+10  1.27%  52.8 1255s
 65292  1472 8.8957e+10   94   22 8.7841e+10 8.8957e+10  1.27%  52.8 1260s
 65509  1477 8.8957e+10   84   88 8.7841e+10 8.8957e+10  1.27%  52.9 1269s
 65557  1499 8.8957e+10   99   32 8.7841e+10 8.8957e+10  1.27%  52.9 1270s
 65743  1479 8.8957e+10   92   68 8.7841e+10 8.8957e+10  1.27%  53.0 1275s
 65991  1485 infeasible   93      8.7841e+10 8.8957e+10  1.27%  53.1 1280s
 66144  1474 infeasible   86      8.7841e+10 8.8957e+10  1.27%  53.1 1285s
 66431  1479 8.8957e+10   90   24 8.7841e+10 8.8957e+10  1.27%  53.2 1290s
 66601  1475 8.8957e+10   88   44 8.7841e+10 8.8957e+10  1.27%  53.2 1295s
 66880  1472 8.8957e+10   91   43 8.7841e+10 8.8957e+10  1.27%  53.2 1300s
 67151  1489 8.8957e+10   91   66 8.7841e+10 8.8957e+10  1.27%  53.3 1305s
 67315  1487 8.8957e+10   99   12 8.7841e+10 8.8957e+10  1.27%  53.3 1310s
 67588  1466 8.8957e+10   85   70 8.7841e+10 8.8957e+10  1.27%  53.4 1315s
 67767  1471 8.8957e+10   90   69 8.7841e+10 8.8957e+10  1.27%  53.4 1320s
 67981  1465 8.8957e+10   94   23 8.7841e+10 8.8957e+10  1.27%  53.3 1326s
 68207  1479 infeasible   90      8.7841e+10 8.8957e+10  1.27%  53.3 1330s
 68357  1473 infeasible   93      8.7841e+10 8.8957e+10  1.27%  53.4 1335s
 68592  1484 8.8957e+10   92   52 8.7841e+10 8.8957e+10  1.27%  53.5 1340s
 68737  1487 8.8957e+10   97   34 8.7841e+10 8.8957e+10  1.27%  53.6 1345s
 69022  1476 infeasible   91      8.7841e+10 8.8957e+10  1.27%  53.6 1350s
 69235  1477 8.8957e+10   91   74 8.7841e+10 8.8957e+10  1.27%  53.7 1355s
 69356  1472 infeasible   93      8.7841e+10 8.8957e+10  1.27%  53.8 1360s
 69646  1472 8.8957e+10   91   52 8.7841e+10 8.8957e+10  1.27%  53.8 1365s
 69808  1478 8.8957e+10   98   11 8.7841e+10 8.8957e+10  1.27%  53.8 1374s
 69864  1480 8.8957e+10   92    8 8.7841e+10 8.8957e+10  1.27%  53.8 1375s
 70180  1470 8.8957e+10   86   64 8.7841e+10 8.8957e+10  1.27%  53.8 1380s
 70209  1471 8.8957e+10   93   30 8.7841e+10 8.8957e+10  1.27%  53.8 1385s
 70472  1470 infeasible   94      8.7841e+10 8.8957e+10  1.27%  53.8 1390s
 70714  1468 8.8957e+10   86   36 8.7841e+10 8.8957e+10  1.27%  53.9 1395s
 70861  1487 8.8957e+10   98   17 8.7841e+10 8.8957e+10  1.27%  53.9 1400s
 71118  1477 8.8957e+10   99   44 8.7841e+10 8.8957e+10  1.27%  54.0 1405s
 71447  1474 8.8957e+10   96   26 8.7841e+10 8.8957e+10  1.27%  54.0 1411s
 71629  1468 8.8957e+10   95   20 8.7841e+10 8.8957e+10  1.27%  54.0 1415s
 71865  1485 8.8957e+10   98   25 8.7841e+10 8.8957e+10  1.27%  54.1 1420s
 72069  1498 infeasible  108      8.7841e+10 8.8957e+10  1.27%  54.1 1425s
 72158  1491 8.8957e+10  105   18 8.7841e+10 8.8957e+10  1.27%  54.1 1431s
 72292  1485 8.8957e+10  102    6 8.7841e+10 8.8957e+10  1.27%  54.1 1435s
 72570  1483 infeasible  105      8.7841e+10 8.8957e+10  1.27%  54.2 1440s
 72702  1477 8.8957e+10   95   47 8.7841e+10 8.8957e+10  1.27%  54.2 1445s
 72950  1489 infeasible   97      8.7841e+10 8.8957e+10  1.27%  54.3 1450s
 73211  1482 8.8957e+10   90   38 8.7841e+10 8.8957e+10  1.27%  54.3 1455s
 73432  1475 8.8957e+10   97   38 8.7841e+10 8.8957e+10  1.27%  54.4 1460s
 73618  1482 8.8957e+10   98   56 8.7841e+10 8.8957e+10  1.27%  54.4 1465s
 73882  1468 infeasible   87      8.7841e+10 8.8957e+10  1.27%  54.5 1470s
 74143  1473 infeasible   90      8.7841e+10 8.8957e+10  1.27%  54.5 1475s
 74312  1470 8.8957e+10   89   25 8.7841e+10 8.8957e+10  1.27%  54.5 1480s
 74574  1478 infeasible   99      8.7841e+10 8.8957e+10  1.27%  54.6 1485s
 74677  1471 8.8957e+10   93   28 8.7841e+10 8.8957e+10  1.27%  54.7 1493s
 74778  1476 8.8957e+10   94   13 8.7841e+10 8.8957e+10  1.27%  54.7 1495s
 75014  1476 infeasible  100      8.7841e+10 8.8957e+10  1.27%  54.7 1500s
 75256  1466 infeasible   93      8.7841e+10 8.8957e+10  1.27%  54.7 1505s
 75443  1479 8.8957e+10   93   27 8.7841e+10 8.8957e+10  1.27%  54.7 1510s
 75662  1468 8.8957e+10   93   38 8.7841e+10 8.8957e+10  1.27%  54.8 1515s
 75837  1475 8.8957e+10   92   32 8.7841e+10 8.8957e+10  1.27%  54.9 1520s
 75979  1475 infeasible   95      8.7841e+10 8.8957e+10  1.27%  54.9 1525s
 76246  1474 infeasible   87      8.7841e+10 8.8957e+10  1.27%  55.0 1530s
 76506  1464 8.8957e+10   85   62 8.7841e+10 8.8957e+10  1.27%  55.1 1535s
 76666  1464 infeasible   91      8.7841e+10 8.8957e+10  1.27%  55.1 1540s
 76935  1473 infeasible   90      8.7841e+10 8.8957e+10  1.27%  55.2 1545s
 77128  1492 infeasible   95      8.7841e+10 8.8957e+10  1.27%  55.2 1550s
 77172  1484 8.8957e+10   83   33 8.7841e+10 8.8957e+10  1.27%  55.2 1555s
 77400  1478 8.8957e+10   82   71 8.7841e+10 8.8957e+10  1.27%  55.3 1560s
 77567  1469 8.8957e+10   91   34 8.7841e+10 8.8957e+10  1.27%  55.4 1565s
 77770  1481 8.8957e+10   88   39 8.7841e+10 8.8957e+10  1.27%  55.4 1570s
 78035  1477 infeasible   97      8.7841e+10 8.8957e+10  1.27%  55.4 1575s
 78287  1472 8.8957e+10   85   62 8.7841e+10 8.8957e+10  1.27%  55.4 1581s
 78489  1476 infeasible   92      8.7841e+10 8.8957e+10  1.27%  55.4 1585s
 78752  1486 8.8957e+10   84   61 8.7841e+10 8.8957e+10  1.27%  55.5 1590s
 78975  1491 8.8957e+10   90   60 8.7841e+10 8.8957e+10  1.27%  55.5 1597s
 79109  1487 8.8957e+10   87   49 8.7841e+10 8.8957e+10  1.27%  55.6 1600s
 79393  1493 8.8957e+10   92   19 8.7841e+10 8.8957e+10  1.27%  55.6 1605s
 79547  1501 8.8957e+10   94   25 8.7841e+10 8.8957e+10  1.27%  55.6 1610s
 79689  1491 8.8957e+10   95   40 8.7841e+10 8.8957e+10  1.27%  55.6 1615s
 79935  1489 8.8957e+10   83   32 8.7841e+10 8.8957e+10  1.27%  55.7 1620s
 80143  1481 infeasible   94      8.7841e+10 8.8957e+10  1.27%  55.7 1625s
 80304  1475 infeasible   99      8.7841e+10 8.8957e+10  1.27%  55.8 1630s
 80599  1478 8.8957e+10   98   60 8.7841e+10 8.8957e+10  1.27%  55.8 1635s
 80882  1476 infeasible   99      8.7841e+10 8.8957e+10  1.27%  55.8 1640s
 81021  1477 8.8957e+10   97   36 8.7841e+10 8.8957e+10  1.27%  55.8 1645s
 81323  1487 8.8957e+10  101   26 8.7841e+10 8.8957e+10  1.27%  55.8 1650s
 81365  1493 8.8957e+10  101   35 8.7841e+10 8.8957e+10  1.27%  55.8 1655s
 81579  1475 8.8957e+10   92   46 8.7841e+10 8.8957e+10  1.27%  55.8 1660s
 81865  1483 8.8957e+10   96   18 8.7841e+10 8.8957e+10  1.27%  55.9 1665s
 82008  1472 infeasible   98      8.7841e+10 8.8957e+10  1.27%  55.9 1670s
 82271  1467 8.8957e+10   97   24 8.7841e+10 8.8957e+10  1.27%  56.0 1675s
 82554  1468 8.8957e+10   96   32 8.7841e+10 8.8957e+10  1.27%  56.0 1680s
 82751  1479 8.8957e+10   89   46 8.7841e+10 8.8957e+10  1.27%  56.0 1685s
 83001  1493 8.8957e+10  100   64 8.7841e+10 8.8957e+10  1.27%  56.1 1690s
 83140  1482 8.8957e+10   93   53 8.7841e+10 8.8957e+10  1.27%  56.2 1695s
 83382  1478 8.8957e+10   99   84 8.7841e+10 8.8957e+10  1.27%  56.3 1700s
 83526  1470 infeasible   88      8.7841e+10 8.8957e+10  1.27%  56.3 1705s
 83563  1497 8.8957e+10  104   34 8.7841e+10 8.8957e+10  1.27%  56.3 1710s
 83774  1504 8.8957e+10   86   47 8.7841e+10 8.8957e+10  1.27%  56.3 1715s
 83999  1507 8.8957e+10   91   19 8.7841e+10 8.8957e+10  1.27%  56.3 1720s
 84195  1507 8.8957e+10   96   25 8.7841e+10 8.8957e+10  1.27%  56.4 1725s
 84396  1512 infeasible   98      8.7841e+10 8.8957e+10  1.27%  56.4 1730s
 84538  1498 8.8957e+10   92   19 8.7841e+10 8.8957e+10  1.27%  56.4 1735s
 84812  1500 8.8957e+10   88   45 8.7841e+10 8.8957e+10  1.27%  56.4 1740s
 85078  1494 8.8957e+10  100   74 8.7841e+10 8.8957e+10  1.27%  56.4 1746s
 85266  1490 infeasible  109      8.7841e+10 8.8957e+10  1.27%  56.5 1750s
 85464  1480 infeasible   92      8.7841e+10 8.8957e+10  1.27%  56.6 1755s
 85600  1489 8.8957e+10   89   63 8.7841e+10 8.8957e+10  1.27%  56.6 1760s
 85795  1482 8.8957e+10   93   36 8.7841e+10 8.8957e+10  1.27%  56.7 1765s
 85908  1479 8.8957e+10   93   59 8.7841e+10 8.8957e+10  1.27%  56.7 1771s
 85980  1483 infeasible   95      8.7841e+10 8.8957e+10  1.27%  56.7 1775s
 86150  1485 8.8957e+10   95   25 8.7841e+10 8.8957e+10  1.27%  56.8 1780s
 86352  1495 infeasible  103      8.7841e+10 8.8957e+10  1.27%  56.9 1785s
 86574  1491 infeasible   97      8.7841e+10 8.8957e+10  1.27%  57.0 1790s
 86683  1482 8.8957e+10   94   38 8.7841e+10 8.8957e+10  1.27%  57.0 1795s
 86906  1493 8.8957e+10   91   57 8.7841e+10 8.8957e+10  1.27%  57.1 1800s
 87098  1491 infeasible   98      8.7841e+10 8.8957e+10  1.27%  57.1 1805s
 87335  1488 8.8957e+10   91   86 8.7841e+10 8.8957e+10  1.27%  57.2 1810s
 87491  1490 infeasible   93      8.7841e+10 8.8957e+10  1.27%  57.2 1815s
 87708  1501 8.8957e+10   90   69 8.7841e+10 8.8957e+10  1.27%  57.3 1820s
 87868  1501 8.8957e+10   99   47 8.7841e+10 8.8957e+10  1.27%  57.3 1825s
 88125  1492 8.8957e+10   94   70 8.7841e+10 8.8957e+10  1.27%  57.3 1830s
 88241  1490 8.8957e+10   92   45 8.7841e+10 8.8957e+10  1.27%  57.3 1837s
 88243  1492 8.8957e+10   94   35 8.7841e+10 8.8957e+10  1.27%  57.3 1840s
 88453  1488 infeasible   94      8.7841e+10 8.8957e+10  1.27%  57.4 1845s
 88613  1508 infeasible  100      8.7841e+10 8.8957e+10  1.27%  57.4 1850s
 88800  1511 8.8957e+10   92   32 8.7841e+10 8.8957e+10  1.27%  57.5 1855s
 88962  1519 infeasible  102      8.7841e+10 8.8957e+10  1.27%  57.6 1860s
 89138  1505 8.8957e+10  102   76 8.7841e+10 8.8957e+10  1.27%  57.6 1866s
 89321  1506 infeasible  107      8.7841e+10 8.8957e+10  1.27%  57.7 1870s
 89574  1500 8.8957e+10   94   71 8.7841e+10 8.8957e+10  1.27%  57.7 1875s
 89744  1506 8.8957e+10   94   51 8.7841e+10 8.8957e+10  1.27%  57.8 1880s
 89914  1508 infeasible   97      8.7841e+10 8.8957e+10  1.27%  57.8 1885s
 90185  1507 8.8957e+10   92   35 8.7841e+10 8.8957e+10  1.27%  57.8 1890s
 90322  1506 8.8957e+10   99   30 8.7841e+10 8.8957e+10  1.27%  57.8 1895s
 90390  1506 8.8957e+10   94   51 8.7841e+10 8.8957e+10  1.27%  57.8 1900s
 90558  1500 8.8957e+10  102   24 8.7841e+10 8.8957e+10  1.27%  57.9 1905s
 90702  1502 8.8957e+10   93   13 8.7841e+10 8.8957e+10  1.27%  57.9 1910s
 90906  1486 infeasible   92      8.7841e+10 8.8957e+10  1.27%  58.0 1915s
 91111  1493 8.8957e+10   95   85 8.7841e+10 8.8957e+10  1.27%  58.1 1920s
 91279  1507 8.8957e+10   98   49 8.7841e+10 8.8957e+10  1.27%  58.1 1925s
 91449  1509 infeasible  107      8.7841e+10 8.8957e+10  1.27%  58.1 1930s
 91692  1518 infeasible  109      8.7841e+10 8.8957e+10  1.27%  58.2 1935s
 91855  1501 8.8957e+10   97   23 8.7841e+10 8.8957e+10  1.27%  58.3 1940s
 92054  1502 infeasible  105      8.7841e+10 8.8957e+10  1.27%  58.3 1945s
 92091  1493 8.8957e+10   90   85 8.7841e+10 8.8957e+10  1.27%  58.3 1950s
 92234  1498 8.8957e+10   97   28 8.7841e+10 8.8957e+10  1.27%  58.4 1955s
 92460  1494 8.8957e+10   98   36 8.7841e+10 8.8957e+10  1.27%  58.4 1960s
 92711  1491 8.8957e+10   98   46 8.7841e+10 8.8957e+10  1.27%  58.4 1965s
 92887  1489 infeasible   95      8.7841e+10 8.8957e+10  1.27%  58.4 1970s
 93140  1486 8.8957e+10   89   58 8.7841e+10 8.8957e+10  1.27%  58.4 1977s
 93283  1503 8.8957e+10  100   29 8.7841e+10 8.8957e+10  1.27%  58.4 1980s
 93566  1522 infeasible  107      8.7841e+10 8.8957e+10  1.27%  58.4 1985s
 93802  1513 infeasible  106      8.7841e+10 8.8957e+10  1.27%  58.4 1990s
 93974  1507 8.8957e+10  101   25 8.7841e+10 8.8957e+10  1.27%  58.4 1999s
 94000  1503 infeasible  103      8.7841e+10 8.8957e+10  1.27%  58.4 2000s
 94190  1499 infeasible  103      8.7841e+10 8.8957e+10  1.27%  58.4 2005s
 94436  1501 infeasible   97      8.7841e+10 8.8957e+10  1.27%  58.5 2010s
 94599  1498 infeasible  104      8.7841e+10 8.8957e+10  1.27%  58.5 2015s
 94889  1500 infeasible  101      8.7841e+10 8.8957e+10  1.27%  58.5 2020s
 95138  1501 infeasible  100      8.7841e+10 8.8957e+10  1.27%  58.5 2025s
 95323  1510 8.8957e+10   95   62 8.7841e+10 8.8957e+10  1.27%  58.5 2031s
 95494  1506 infeasible  103      8.7841e+10 8.8957e+10  1.27%  58.5 2035s
 95768  1496 infeasible   99      8.7841e+10 8.8957e+10  1.27%  58.5 2040s
 95960  1500 8.8957e+10   95   43 8.7841e+10 8.8957e+10  1.27%  58.6 2045s
 96157  1515 infeasible  111      8.7841e+10 8.8957e+10  1.27%  58.6 2050s
 96317  1499 8.8957e+10   92  105 8.7841e+10 8.8957e+10  1.27%  58.6 2058s
 96318  1500 8.8957e+10   93   41 8.7841e+10 8.8957e+10  1.27%  58.6 2060s
 96536  1494 infeasible   99      8.7841e+10 8.8957e+10  1.27%  58.6 2065s
 96795  1511 8.8957e+10  102   22 8.7841e+10 8.8957e+10  1.27%  58.7 2070s
 96931  1507 8.8957e+10   97   53 8.7841e+10 8.8957e+10  1.27%  58.7 2075s
 97200  1492 infeasible   97      8.7841e+10 8.8957e+10  1.27%  58.7 2080s
 97418  1502 8.8957e+10   94   51 8.7841e+10 8.8957e+10  1.27%  58.7 2085s
 97599  1495 8.8957e+10   96   64 8.7841e+10 8.8957e+10  1.27%  58.7 2090s
 97852  1500 8.8957e+10   94   18 8.7841e+10 8.8957e+10  1.27%  58.7 2095s
 98146  1502 8.8957e+10  103   39 8.7841e+10 8.8957e+10  1.27%  58.7 2100s
 98322  1500 infeasible   91      8.7841e+10 8.8957e+10  1.27%  58.7 2105s
 98565  1485 infeasible   94      8.7841e+10 8.8957e+10  1.27%  58.7 2110s
 98776  1500 8.8957e+10  108   90 8.7841e+10 8.8957e+10  1.27%  58.7 2116s
 98821  1507 8.8957e+10  111   68 8.7841e+10 8.8957e+10  1.27%  58.8 2121s
 98967  1503 8.8957e+10  106   44 8.7841e+10 8.8957e+10  1.27%  58.8 2125s
 99188  1503 8.8957e+10  104   13 8.7841e+10 8.8957e+10  1.27%  58.8 2130s
 99391  1500 infeasible   99      8.7841e+10 8.8957e+10  1.27%  58.8 2135s
 99517  1502 8.8957e+10  111    6 8.7841e+10 8.8957e+10  1.27%  58.8 2141s
 99692  1491 infeasible   98      8.7841e+10 8.8957e+10  1.27%  58.9 2145s
 99837  1482 8.8957e+10   87   81 8.7841e+10 8.8957e+10  1.27%  58.9 2150s
 100013  1484 8.8957e+10   94   96 8.7841e+10 8.8957e+10  1.27%  59.0 2155s
 100205  1484 8.8957e+10   96   56 8.7841e+10 8.8957e+10  1.27%  59.1 2160s
 100383  1494 infeasible   99      8.7841e+10 8.8957e+10  1.27%  59.1 2165s
 100527  1488 infeasible  108      8.7841e+10 8.8957e+10  1.27%  59.2 2170s
 100699  1474 8.8957e+10   87   89 8.7841e+10 8.8957e+10  1.27%  59.3 2175s
 100858  1491 8.8957e+10   99   60 8.7841e+10 8.8957e+10  1.27%  59.3 2182s
 100882  1491 8.8957e+10   94   75 8.7841e+10 8.8957e+10  1.27%  59.3 2185s
 101100  1485 8.8957e+10   88   90 8.7841e+10 8.8957e+10  1.27%  59.3 2190s
 101293  1482 infeasible  103      8.7841e+10 8.8957e+10  1.27%  59.3 2195s
 101526  1476 8.8957e+10   90   80 8.7841e+10 8.8957e+10  1.27%  59.4 2202s
 101645  1477 8.8957e+10   93   84 8.7841e+10 8.8957e+10  1.27%  59.4 2205s
 101840  1486 8.8957e+10   92  128 8.7841e+10 8.8957e+10  1.27%  59.5 2210s
 102021  1497 8.8957e+10   89   52 8.7841e+10 8.8957e+10  1.27%  59.6 2215s
 102180  1506 8.8957e+10   91   53 8.7841e+10 8.8957e+10  1.27%  59.6 2220s
 102440  1502 infeasible  101      8.7841e+10 8.8957e+10  1.27%  59.6 2225s
 102461  1503 8.8957e+10   96   62 8.7841e+10 8.8957e+10  1.27%  59.6 2230s
 102626  1502 8.8957e+10   99   26 8.7841e+10 8.8957e+10  1.27%  59.6 2235s
 102879  1515 8.8957e+10   93   56 8.7841e+10 8.8957e+10  1.27%  59.6 2240s
 103115  1497 8.8957e+10   88   42 8.7841e+10 8.8957e+10  1.27%  59.6 2245s
 103289  1501 infeasible   96      8.7841e+10 8.8957e+10  1.27%  59.6 2250s
 103543  1497 8.8957e+10   91   40 8.7841e+10 8.8957e+10  1.27%  59.6 2255s
 103763  1489 infeasible   94      8.7841e+10 8.8957e+10  1.27%  59.6 2260s
 103914  1496 infeasible   97      8.7841e+10 8.8957e+10  1.27%  59.6 2265s
 104161  1481 8.8957e+10   92   51 8.7841e+10 8.8957e+10  1.27%  59.7 2270s
 104325  1485 8.8957e+10   92   62 8.7841e+10 8.8957e+10  1.27%  59.7 2275s
 104436  1480 infeasible   93      8.7841e+10 8.8957e+10  1.27%  59.7 2280s
 104666  1478 infeasible   90      8.7841e+10 8.8957e+10  1.27%  59.7 2285s
 104696  1474 8.8957e+10   87   67 8.7841e+10 8.8957e+10  1.27%  59.7 2290s
 104836  1488 8.8957e+10   96   17 8.7841e+10 8.8957e+10  1.27%  59.7 2295s
 105075  1493 infeasible  101      8.7841e+10 8.8957e+10  1.27%  59.7 2300s
 105332  1482 8.8957e+10   95   42 8.7841e+10 8.8957e+10  1.27%  59.7 2305s
 105469  1479 8.8957e+10   89   60 8.7841e+10 8.8957e+10  1.27%  59.8 2310s
 105732  1474 infeasible   94      8.7841e+10 8.8957e+10  1.27%  59.8 2315s
 105979  1473 infeasible   94      8.7841e+10 8.8957e+10  1.27%  59.8 2320s
 106069  1473 8.8957e+10   91   73 8.7841e+10 8.8957e+10  1.27%  59.8 2325s
 106314  1474 infeasible   93      8.7841e+10 8.8957e+10  1.27%  59.9 2330s
 106530  1490 infeasible  100      8.7841e+10 8.8957e+10  1.27%  59.9 2335s
 106733  1516 8.8957e+10   99   38 8.7841e+10 8.8957e+10  1.27%  59.9 2340s
 106874  1499 infeasible  109      8.7841e+10 8.8957e+10  1.27%  60.0 2345s
 106928  1487 8.8957e+10   97   39 8.7841e+10 8.8957e+10  1.27%  60.0 2350s
 107038  1499 8.8957e+10  104   25 8.7841e+10 8.8957e+10  1.27%  60.0 2355s
 107251  1496 8.8957e+10  100   56 8.7841e+10 8.8957e+10  1.27%  60.1 2360s
 107467  1495 infeasible  107      8.7841e+10 8.8957e+10  1.27%  60.1 2365s
 107599  1499 8.8957e+10   95   68 8.7841e+10 8.8957e+10  1.27%  60.1 2370s
 107782  1500 8.8957e+10  100   67 8.7841e+10 8.8957e+10  1.27%  60.2 2375s
 107934  1492 8.8957e+10  105   39 8.7841e+10 8.8957e+10  1.27%  60.2 2380s
 108149  1511 8.8957e+10  109   29 8.7841e+10 8.8957e+10  1.27%  60.3 2385s
 108281  1503 infeasible  105      8.7841e+10 8.8957e+10  1.27%  60.3 2390s
 108497  1507 8.8957e+10  101   14 8.7841e+10 8.8957e+10  1.27%  60.4 2395s
 108621  1489 8.8957e+10  104   35 8.7841e+10 8.8957e+10  1.27%  60.4 2400s
 108626  1488 8.8957e+10   97   50 8.7841e+10 8.8957e+10  1.27%  60.4 2406s
 108781  1499 infeasible  105      8.7841e+10 8.8957e+10  1.27%  60.4 2410s
 108997  1497 8.8957e+10   98   23 8.7841e+10 8.8957e+10  1.27%  60.4 2415s
 109129  1499 infeasible  102      8.7841e+10 8.8957e+10  1.27%  60.5 2420s
 109380  1496 infeasible  114      8.7841e+10 8.8957e+10  1.27%  60.5 2425s
 109650  1495 8.8957e+10   96   23 8.7841e+10 8.8957e+10  1.27%  60.4 2431s
 109841  1492 infeasible   98      8.7841e+10 8.8957e+10  1.27%  60.4 2435s
 110059  1500 8.8957e+10   99   22 8.7841e+10 8.8957e+10  1.27%  60.5 2440s
 110269  1508 infeasible  101      8.7841e+10 8.8957e+10  1.27%  60.5 2445s
 110427  1520 infeasible  105      8.7841e+10 8.8957e+10  1.27%  60.5 2450s
 110653  1512 infeasible  109      8.7841e+10 8.8957e+10  1.27%  60.5 2455s
 110772  1511 8.8957e+10  102   54 8.7841e+10 8.8957e+10  1.27%  60.6 2460s
 110922  1517 8.8957e+10  102   73 8.7841e+10 8.8957e+10  1.27%  60.6 2467s
 111030  1516 8.8957e+10  103   48 8.7841e+10 8.8957e+10  1.27%  60.6 2470s
 111208  1520 8.8957e+10  103   37 8.7841e+10 8.8957e+10  1.27%  60.7 2475s
 111415  1515 8.8957e+10  106   16 8.7841e+10 8.8957e+10  1.27%  60.8 2480s
 111586  1512 8.8957e+10  103   20 8.7841e+10 8.8957e+10  1.27%  60.8 2485s
 111818  1520 infeasible  113      8.7841e+10 8.8957e+10  1.27%  60.8 2490s
 111926  1516 infeasible  108      8.7841e+10 8.8957e+10  1.27%  60.9 2495s
 112120  1508 infeasible  103      8.7841e+10 8.8957e+10  1.27%  61.0 2500s
 112315  1507 8.8957e+10   99   12 8.7841e+10 8.8957e+10  1.27%  61.0 2505s
 112473  1515 8.8957e+10  102   36 8.7841e+10 8.8957e+10  1.27%  61.1 2513s
 112474  1516 8.8957e+10  103   24 8.7841e+10 8.8957e+10  1.27%  61.1 2516s
 112639  1509 infeasible  104      8.7841e+10 8.8957e+10  1.27%  61.1 2520s
 112840  1516 8.8957e+10  100   22 8.7841e+10 8.8957e+10  1.27%  61.2 2525s
 113030  1510 infeasible  105      8.7841e+10 8.8957e+10  1.27%  61.3 2530s
 113160  1514 8.8957e+10  109   12 8.7841e+10 8.8957e+10  1.27%  61.3 2535s
 113394  1508 8.8957e+10  102   50 8.7841e+10 8.8957e+10  1.27%  61.4 2540s
 113619  1501 8.8957e+10   99   76 8.7841e+10 8.8957e+10  1.27%  61.5 2545s
 113729  1496 infeasible   99      8.7841e+10 8.8957e+10  1.27%  61.5 2550s
 113929  1520 8.8957e+10  101   50 8.7841e+10 8.8957e+10  1.27%  61.5 2555s
 114133  1510 infeasible  100      8.7841e+10 8.8957e+10  1.27%  61.6 2560s
 114190  1523 8.8957e+10   99   29 8.7841e+10 8.8957e+10  1.27%  61.6 2567s
 114316  1523 8.8957e+10  100   29 8.7841e+10 8.8957e+10  1.27%  61.6 2571s
 114415  1508 8.8957e+10   97   69 8.7841e+10 8.8957e+10  1.27%  61.7 2575s
 114636  1511 infeasible  106      8.7841e+10 8.8957e+10  1.27%  61.7 2580s
 114863  1513 infeasible  101      8.7841e+10 8.8957e+10  1.27%  61.7 2585s
 115043  1513 8.8957e+10  100   40 8.7841e+10 8.8957e+10  1.27%  61.7 2590s
 115321  1509 infeasible  105      8.7841e+10 8.8957e+10  1.27%  61.6 2595s
 115436  1508 infeasible   99      8.7841e+10 8.8957e+10  1.27%  61.7 2600s
 115693  1517 8.8957e+10  109   14 8.7841e+10 8.8957e+10  1.27%  61.7 2605s
 115877  1509 8.8957e+10   98   38 8.7841e+10 8.8957e+10  1.27%  61.7 2610s
 116064  1518 8.8957e+10  102   55 8.7841e+10 8.8957e+10  1.27%  61.8 2616s
 116172  1530 8.8957e+10  101   46 8.7841e+10 8.8957e+10  1.27%  61.8 2620s
 116230  1526 8.8957e+10   99   33 8.7841e+10 8.8957e+10  1.27%  61.9 2626s
 116350  1517 8.8957e+10  101   75 8.7841e+10 8.8957e+10  1.27%  61.9 2631s
 116500  1511 infeasible  102      8.7841e+10 8.8957e+10  1.27%  62.0 2635s
 116734  1521 8.8957e+10   98   15 8.7841e+10 8.8957e+10  1.27%  62.0 2640s
 116879  1520 8.8957e+10   93   22 8.7841e+10 8.8957e+10  1.27%  62.0 2645s
 117108  1519 infeasible  103      8.7841e+10 8.8957e+10  1.27%  62.1 2650s
 117278  1514 8.8957e+10  102   31 8.7841e+10 8.8957e+10  1.27%  62.1 2655s
 117419  1513 8.8957e+10  102   72 8.7841e+10 8.8957e+10  1.27%  62.2 2660s
 117606  1508 infeasible  100      8.7841e+10 8.8957e+10  1.27%  62.2 2665s
 117809  1531 8.8957e+10  105   81 8.7841e+10 8.8957e+10  1.27%  62.3 2670s
 117971  1517 8.8957e+10  111   53 8.7841e+10 8.8957e+10  1.27%  62.4 2676s
 118098  1516 8.8957e+10  101   32 8.7841e+10 8.8957e+10  1.27%  62.5 2680s
 118151  1513 8.8957e+10  105   37 8.7841e+10 8.8957e+10  1.27%  62.5 2686s
 118196  1514 8.8957e+10  101   28 8.7841e+10 8.8957e+10  1.27%  62.5 2690s
 118402  1518 8.8957e+10  104   60 8.7841e+10 8.8957e+10  1.27%  62.6 2695s
 118549  1507 8.8957e+10  106   28 8.7841e+10 8.8957e+10  1.27%  62.7 2700s
 118720  1508 infeasible  107      8.7841e+10 8.8957e+10  1.27%  62.7 2705s
 118892  1512 8.8957e+10   98   16 8.7841e+10 8.8957e+10  1.27%  62.8 2710s
 119038  1524 infeasible  113      8.7841e+10 8.8957e+10  1.27%  62.9 2715s
 119260  1518 infeasible  103      8.7841e+10 8.8957e+10  1.27%  62.9 2720s
 119384  1508 8.8957e+10   96   32 8.7841e+10 8.8957e+10  1.27%  63.0 2725s
 119570  1493 8.8957e+10  100   59 8.7841e+10 8.8957e+10  1.27%  63.0 2730s
 119619  1492 8.8957e+10   95   82 8.7841e+10 8.8957e+10  1.27%  63.0 2735s
 119712  1489 infeasible   96      8.7841e+10 8.8957e+10  1.27%  63.0 2740s
 119956  1490 infeasible  104      8.7841e+10 8.8957e+10  1.27%  63.1 2745s
 120201  1491 8.8957e+10   99   39 8.7841e+10 8.8957e+10  1.27%  63.1 2750s
 120366  1516 infeasible   90      8.7841e+10 8.8957e+10  1.27%  63.1 2755s
 120527  1515 infeasible   99      8.7841e+10 8.8957e+10  1.27%  63.1 2760s
 120697  1513 8.8957e+10   97   36 8.7841e+10 8.8957e+10  1.27%  63.2 2766s
 120850  1510 infeasible   99      8.7841e+10 8.8957e+10  1.27%  63.2 2770s
 121076  1504 8.8957e+10  102   31 8.7841e+10 8.8957e+10  1.27%  63.2 2775s
 121218  1510 8.8957e+10  108   29 8.7841e+10 8.8957e+10  1.27%  63.3 2783s
 121277  1507 infeasible  104      8.7841e+10 8.8957e+10  1.27%  63.3 2785s
 121417  1501 infeasible  110      8.7841e+10 8.8957e+10  1.27%  63.3 2790s
 121562  1502 8.8957e+10  104   59 8.7841e+10 8.8957e+10  1.27%  63.3 2795s
 121810  1504 infeasible   99      8.7841e+10 8.8957e+10  1.27%  63.3 2800s
 122041  1501 8.8957e+10  101   34 8.7841e+10 8.8957e+10  1.27%  63.3 2805s
 122255  1499 8.8957e+10   99   63 8.7841e+10 8.8957e+10  1.27%  63.3 2810s
 122447  1497 infeasible  100      8.7841e+10 8.8957e+10  1.27%  63.4 2815s
 122579  1501 8.8957e+10  101   70 8.7841e+10 8.8957e+10  1.27%  63.4 2820s
 122793  1521 infeasible  111      8.7841e+10 8.8957e+10  1.27%  63.4 2825s
 123002  1514 infeasible  113      8.7841e+10 8.8957e+10  1.27%  63.5 2830s
 123160  1522 8.8957e+10  116   19 8.7841e+10 8.8957e+10  1.27%  63.5 2836s
 123213  1521 8.8957e+10  118   25 8.7841e+10 8.8957e+10  1.27%  63.6 2841s
 123353  1516 8.8957e+10  110   53 8.7841e+10 8.8957e+10  1.27%  63.6 2846s
 123476  1507 infeasible  107      8.7841e+10 8.8957e+10  1.27%  63.7 2850s
 123630  1495 8.8957e+10   96   49 8.7841e+10 8.8957e+10  1.27%  63.7 2855s
 123737  1498 infeasible  103      8.7841e+10 8.8957e+10  1.27%  63.8 2860s
 123906  1499 infeasible  107      8.7841e+10 8.8957e+10  1.27%  63.8 2865s
 124025  1500 8.8957e+10  104   80 8.7841e+10 8.8957e+10  1.27%  63.9 2871s
 124160  1492 infeasible  102      8.7841e+10 8.8957e+10  1.27%  63.9 2875s
 124337  1499 infeasible   99      8.7841e+10 8.8957e+10  1.27%  64.0 2880s
 124561  1493 8.8957e+10   96   61 8.7841e+10 8.8957e+10  1.27%  64.0 2885s
 124748  1500 8.8957e+10  102   37 8.7841e+10 8.8957e+10  1.27%  64.0 2890s
 124852  1500 8.8957e+10  108   23 8.7841e+10 8.8957e+10  1.27%  64.0 2895s
 124949  1495 8.8957e+10  104   27 8.7841e+10 8.8957e+10  1.27%  64.0 2901s
 125094  1492 8.8957e+10  104   50 8.7841e+10 8.8957e+10  1.27%  64.0 2905s
 125308  1500 infeasible  110      8.7841e+10 8.8957e+10  1.27%  64.0 2910s
 125396  1492 infeasible  106      8.7841e+10 8.8957e+10  1.27%  64.0 2915s
 125549  1496 infeasible   97      8.7841e+10 8.8957e+10  1.27%  64.1 2920s
 125747  1499 infeasible  102      8.7841e+10 8.8957e+10  1.27%  64.1 2925s
 125930  1494 infeasible  107      8.7841e+10 8.8957e+10  1.27%  64.2 2930s
 126082  1494 8.8957e+10  105   14 8.7841e+10 8.8957e+10  1.27%  64.2 2935s
 126292  1496 8.8957e+10   99    6 8.7841e+10 8.8957e+10  1.27%  64.2 2940s
 126505  1489 infeasible  104      8.7841e+10 8.8957e+10  1.27%  64.2 2945s
 126676  1490 8.8957e+10   97   69 8.7841e+10 8.8957e+10  1.27%  64.2 2950s
 126829  1507 infeasible  100      8.7841e+10 8.8957e+10  1.27%  64.2 2955s
 126983  1491 8.8957e+10  101   62 8.7841e+10 8.8957e+10  1.27%  64.2 2963s
 127065  1493 8.8957e+10  107   22 8.7841e+10 8.8957e+10  1.27%  64.2 2965s
 127163  1488 infeasible   96      8.7841e+10 8.8957e+10  1.27%  64.2 2970s
 127375  1488 8.8957e+10   97   32 8.7841e+10 8.8957e+10  1.27%  64.2 2975s
 127606  1485 8.8957e+10  100   54 8.7841e+10 8.8957e+10  1.27%  64.2 2980s
 127768  1495 8.8957e+10   98   44 8.7841e+10 8.8957e+10  1.27%  64.3 2986s
 127912  1495 infeasible   95      8.7841e+10 8.8957e+10  1.27%  64.3 2990s
 128052  1493 infeasible   93      8.7841e+10 8.8957e+10  1.27%  64.3 2995s
 128242  1493 8.8957e+10   98   27 8.7841e+10 8.8957e+10  1.27%  64.3 3000s
 128460  1509 8.8957e+10  104   17 8.7841e+10 8.8957e+10  1.27%  64.3 3005s
 128705  1494 8.8957e+10  101   23 8.7841e+10 8.8957e+10  1.27%  64.3 3010s
 128863  1504 8.8957e+10  100   26 8.7841e+10 8.8957e+10  1.27%  64.3 3015s
 128969  1498 8.8957e+10   92   28 8.7841e+10 8.8957e+10  1.27%  64.3 3021s
 129050  1510 infeasible  107      8.7841e+10 8.8957e+10  1.27%  64.3 3025s
 129227  1491 infeasible  107      8.7841e+10 8.8957e+10  1.27%  64.4 3030s
 129342  1494 8.8957e+10   93   25 8.7841e+10 8.8957e+10  1.27%  64.4 3035s
 129557  1495 infeasible  102      8.7841e+10 8.8957e+10  1.27%  64.4 3040s
 129776  1496 8.8957e+10  102   34 8.7841e+10 8.8957e+10  1.27%  64.4 3045s
 129905  1495 8.8957e+10   92   44 8.7841e+10 8.8957e+10  1.27%  64.4 3050s
 130169  1492 8.8957e+10   99   13 8.7841e+10 8.8957e+10  1.27%  64.4 3055s
 130301  1504 8.8957e+10   97   14 8.7841e+10 8.8957e+10  1.27%  64.4 3060s
 130427  1490 8.8957e+10   91   33 8.7841e+10 8.8957e+10  1.27%  64.4 3066s
 130533  1495 8.8957e+10   97   25 8.7841e+10 8.8957e+10  1.27%  64.4 3071s
 130698  1488 infeasible   97      8.7841e+10 8.8957e+10  1.27%  64.4 3075s
 130913  1491 8.8957e+10   97   13 8.7841e+10 8.8957e+10  1.27%  64.4 3080s
 131150  1492 8.8957e+10   98   26 8.7841e+10 8.8957e+10  1.27%  64.4 3086s
 131309  1497 infeasible  107      8.7841e+10 8.8957e+10  1.27%  64.4 3090s
 131562  1494 8.8957e+10  104   22 8.7841e+10 8.8957e+10  1.27%  64.4 3095s
 131761  1485 8.8957e+10   94   50 8.7841e+10 8.8957e+10  1.27%  64.4 3100s
 131947  1485 8.8957e+10   92   23 8.7841e+10 8.8957e+10  1.27%  64.5 3107s
 132053  1477 infeasible   88      8.7841e+10 8.8957e+10  1.27%  64.5 3110s
 132234  1500 8.8957e+10   91   30 8.7841e+10 8.8957e+10  1.27%  64.5 3115s
 132251  1497 infeasible   92      8.7841e+10 8.8957e+10  1.27%  64.5 3120s
 132337  1499 infeasible  100      8.7841e+10 8.8957e+10  1.27%  64.6 3125s
 132573  1488 8.8957e+10   91   26 8.7841e+10 8.8957e+10  1.27%  64.6 3130s
 132780  1500 infeasible   97      8.7841e+10 8.8957e+10  1.27%  64.6 3135s
 132948  1496 infeasible   97      8.7841e+10 8.8957e+10  1.27%  64.6 3140s
 133193  1489 infeasible   94      8.7841e+10 8.8957e+10  1.27%  64.6 3145s
 133280  1496 8.8957e+10   94   39 8.7841e+10 8.8957e+10  1.27%  64.6 3150s
 133510  1492 8.8957e+10   97   38 8.7841e+10 8.8957e+10  1.27%  64.6 3155s
 133712  1498 infeasible  103      8.7841e+10 8.8957e+10  1.27%  64.6 3160s
 133895  1489 8.8957e+10   89  123 8.7841e+10 8.8957e+10  1.27%  64.7 3165s
 134069  1491 8.8957e+10   95   39 8.7841e+10 8.8957e+10  1.27%  64.7 3170s
 134240  1484 8.8957e+10   92   56 8.7841e+10 8.8957e+10  1.27%  64.7 3176s
 134279  1487 8.8957e+10   90   69 8.7841e+10 8.8957e+10  1.27%  64.7 3180s
 134465  1479 infeasible   90      8.7841e+10 8.8957e+10  1.27%  64.7 3185s
 134677  1519 infeasible  113      8.7841e+10 8.8957e+10  1.27%  64.7 3190s
 134763  1511 infeasible  113      8.7841e+10 8.8957e+10  1.27%  64.8 3195s
 134991  1529 infeasible  111      8.7841e+10 8.8957e+10  1.27%  64.8 3200s
 135209  1527 8.8957e+10  105   31 8.7841e+10 8.8957e+10  1.27%  64.9 3205s
 135275  1531 8.8957e+10  104   21 8.7841e+10 8.8957e+10  1.27%  64.9 3211s
 135363  1517 8.8957e+10   98   18 8.7841e+10 8.8957e+10  1.27%  64.9 3215s
 135603  1529 8.8957e+10  109   20 8.7841e+10 8.8957e+10  1.27%  64.9 3220s
 135820  1522 8.8957e+10  102   17 8.7841e+10 8.8957e+10  1.27%  64.9 3225s
 136022  1534 8.8957e+10  109   12 8.7841e+10 8.8957e+10  1.27%  64.8 3230s
 136184  1528 infeasible  114      8.7841e+10 8.8957e+10  1.27%  64.8 3235s
 136397  1523 8.8957e+10   98   16 8.7841e+10 8.8957e+10  1.27%  64.9 3240s
 136478  1522 8.8957e+10  104   29 8.7841e+10 8.8957e+10  1.27%  64.9 3246s
 136616  1518 infeasible  110      8.7841e+10 8.8957e+10  1.27%  64.9 3250s
 136809  1525 8.8957e+10  110   21 8.7841e+10 8.8957e+10  1.27%  65.0 3255s
 136991  1517 8.8957e+10  105   47 8.7841e+10 8.8957e+10  1.27%  65.0 3260s
 137204  1506 infeasible  102      8.7841e+10 8.8957e+10  1.27%  65.0 3265s
 137249  1503 8.8957e+10  101   43 8.7841e+10 8.8957e+10  1.27%  65.0 3270s
 137318  1524 infeasible  104      8.7841e+10 8.8957e+10  1.27%  65.0 3275s
 137544  1536 infeasible  110      8.7841e+10 8.8957e+10  1.27%  65.0 3280s
 137746  1524 infeasible  104      8.7841e+10 8.8957e+10  1.27%  65.1 3285s
 137925  1521 8.8957e+10  101   30 8.7841e+10 8.8957e+10  1.27%  65.1 3290s
 138125  1517 8.8957e+10   98   22 8.7841e+10 8.8957e+10  1.27%  65.1 3296s
 138269  1519 infeasible  103      8.7841e+10 8.8957e+10  1.27%  65.2 3300s
 138419  1507 8.8957e+10  100   20 8.7841e+10 8.8957e+10  1.27%  65.2 3305s
 138576  1502 8.8957e+10   97   20 8.7841e+10 8.8957e+10  1.27%  65.2 3310s
 138813  1511 8.8957e+10   99    4 8.7841e+10 8.8957e+10  1.27%  65.2 3315s
 138921  1529 8.8957e+10  105   53 8.7841e+10 8.8957e+10  1.27%  65.2 3320s
 138964  1524 infeasible  102      8.7841e+10 8.8957e+10  1.27%  65.3 3325s
 139193  1531 8.8957e+10  103   68 8.7841e+10 8.8957e+10  1.27%  65.3 3330s
 139398  1516 infeasible   96      8.7841e+10 8.8957e+10  1.27%  65.3 3335s
 139544  1522 8.8957e+10   97   39 8.7841e+10 8.8957e+10  1.27%  65.3 3340s
 139716  1522 8.8957e+10  101   52 8.7841e+10 8.8957e+10  1.27%  65.3 3345s
 139837  1527 8.8957e+10  108   13 8.7841e+10 8.8957e+10  1.27%  65.3 3350s
 140024  1514 8.8957e+10   95   52 8.7841e+10 8.8957e+10  1.27%  65.3 3355s
 140158  1514 8.8957e+10   97   34 8.7841e+10 8.8957e+10  1.27%  65.3 3362s
 140244  1522 infeasible   95      8.7841e+10 8.8957e+10  1.27%  65.4 3365s
 140374  1524 8.8957e+10  100    9 8.7841e+10 8.8957e+10  1.27%  65.4 3370s
 140594  1524 8.8957e+10  104   26 8.7841e+10 8.8957e+10  1.27%  65.4 3375s
 140796  1516 8.8957e+10  101   39 8.7841e+10 8.8957e+10  1.27%  65.4 3382s
 140935  1539 infeasible  113      8.7841e+10 8.8957e+10  1.27%  65.4 3385s
 141171  1537 infeasible  112      8.7841e+10 8.8957e+10  1.27%  65.5 3390s
 141385  1529 8.8957e+10  112   19 8.7841e+10 8.8957e+10  1.27%  65.5 3395s
 141456  1528 infeasible  108      8.7841e+10 8.8957e+10  1.27%  65.5 3400s
 141683  1520 infeasible  105      8.7841e+10 8.8957e+10  1.27%  65.6 3405s
 141893  1518 infeasible   97      8.7841e+10 8.8957e+10  1.27%  65.6 3410s
 142097  1516 infeasible   97      8.7841e+10 8.8957e+10  1.27%  65.6 3415s
 142135  1512 8.8957e+10   92   90 8.7841e+10 8.8957e+10  1.27%  65.7 3420s
 142158  1511 infeasible   92      8.7841e+10 8.8957e+10  1.27%  65.7 3425s
 142362  1507 infeasible  104      8.7841e+10 8.8957e+10  1.27%  65.7 3430s
 142571  1524 infeasible  102      8.7841e+10 8.8957e+10  1.27%  65.7 3435s
 142773  1526 infeasible   99      8.7841e+10 8.8957e+10  1.27%  65.7 3440s
 142873  1520 infeasible  105      8.7841e+10 8.8957e+10  1.27%  65.7 3445s
 143081  1516 8.8957e+10   98   43 8.7841e+10 8.8957e+10  1.27%  65.8 3450s
 143308  1511 8.8957e+10  103   61 8.7841e+10 8.8957e+10  1.27%  65.8 3455s
 143403  1508 8.8957e+10  101   50 8.7841e+10 8.8957e+10  1.27%  65.8 3460s
 143480  1513 infeasible  107      8.7841e+10 8.8957e+10  1.27%  65.8 3465s
 143656  1521 infeasible  115      8.7841e+10 8.8957e+10  1.27%  65.9 3470s
 143810  1509 8.8957e+10  102  111 8.7841e+10 8.8957e+10  1.27%  65.9 3478s
 143812  1511 8.8957e+10  104   74 8.7841e+10 8.8957e+10  1.27%  65.9 3481s
 143980  1505 8.8957e+10  104   79 8.7841e+10 8.8957e+10  1.27%  65.9 3485s
 144186  1513 infeasible   99      8.7841e+10 8.8957e+10  1.27%  65.9 3490s
 144337  1502 infeasible   98      8.7841e+10 8.8957e+10  1.27%  66.0 3495s
 144523  1512 8.8957e+10  103   30 8.7841e+10 8.8957e+10  1.27%  66.0 3500s
 144657  1506 8.8957e+10  102   16 8.7841e+10 8.8957e+10  1.27%  66.0 3505s
 144865  1508 8.8957e+10   99   43 8.7841e+10 8.8957e+10  1.27%  66.0 3510s
 145072  1513 8.8957e+10  101   20 8.7841e+10 8.8957e+10  1.27%  66.0 3515s
 145246  1503 8.8957e+10   95   25 8.7841e+10 8.8957e+10  1.27%  66.0 3522s
 145247  1504 8.8957e+10   96   22 8.7841e+10 8.8957e+10  1.27%  66.0 3527s
 145351  1500 8.8957e+10   94   91 8.7841e+10 8.8957e+10  1.27%  66.0 3530s
 145505  1502 8.8957e+10   99  128 8.7841e+10 8.8957e+10  1.27%  66.1 3535s
 145727  1504 8.8957e+10  105   17 8.7841e+10 8.8957e+10  1.27%  66.1 3540s
 145844  1493 8.8957e+10   86   52 8.7841e+10 8.8957e+10  1.27%  66.1 3545s
 146003  1516 infeasible  108      8.7841e+10 8.8957e+10  1.27%  66.1 3550s
 146194  1509 8.8957e+10   92   29 8.7841e+10 8.8957e+10  1.27%  66.2 3555s
 146302  1504 8.8957e+10   91   42 8.7841e+10 8.8957e+10  1.27%  66.2 3560s
 146430  1510 infeasible   98      8.7841e+10 8.8957e+10  1.27%  66.2 3565s
 146530  1508 infeasible  106      8.7841e+10 8.8957e+10  1.27%  66.3 3570s
 146725  1525 infeasible  104      8.7841e+10 8.8957e+10  1.27%  66.3 3575s
 146861  1511 8.8957e+10   99   17 8.7841e+10 8.8957e+10  1.27%  66.3 3583s
 146862  1512 8.8957e+10  100   13 8.7841e+10 8.8957e+10  1.27%  66.3 3585s
 147066  1504 infeasible  101      8.7841e+10 8.8957e+10  1.27%  66.3 3590s
 147181  1517 8.8957e+10  102   39 8.7841e+10 8.8957e+10  1.27%  66.4 3595s

Cutting planes:
  Learned: 179
  Gomory: 65
  Lift-and-project: 34
  Cover: 2553
  Implied bound: 712
  Projected implied bound: 9
  Clique: 74
  MIR: 1155
  Mixing: 163
  StrongCG: 30
  Flow cover: 5005
  GUB cover: 8
  Inf proof: 1508
  RLT: 117
  Relax-and-lift: 257
  BQP: 47
  PSD: 29

Explored 147334 nodes (9793007 simplex iterations) in 3599.35 seconds (2089.10 work units)
Thread count was 1 (of 28 available processors)

Solution count 10: 8.78407e+10 8.60796e+10 8.35999e+10 ... 5.14591e+10

Time limit reached
Best objective 8.784065772000e+10, best bound 8.895665772000e+10, gap 1.2705%

User-callback calls 1499577, time in user-callback 0.89 sec