Gurobi Optimizer version 12.0.3 build v12.0.3rc0 (linux64 - "Oracle Linux Server 9.4")

CPU model: Intel(R) Xeon(R) CPU E5-2660 v4 @ 2.00GHz, instruction set [SSE2|AVX|AVX2]
Thread count: 28 physical cores, 28 logical processors, using up to 1 threads

Non-default parameters:
TimeLimit  3599.573718986
SoftMemLimit  16
NumericFocus  1
Threads  1

Academic license 2690100 - for non-commercial use only - registered to ju___@uclm.es
Optimize a model with 5451 rows, 1386 columns and 18788 nonzeros
Model fingerprint: 0x067f69ca
Variable types: 42 continuous, 1344 integer (1344 binary)
Coefficient statistics:
  Matrix range     [1e+00, 8e+13]
  Objective range  [1e+09, 9e+09]
  Bounds range     [1e+03, 1e+04]
  RHS range        [1e+00, 2e+14]
Warning: Model contains large matrix coefficient range
Warning: Model contains large objective coefficients
Warning: Model contains large rhs
Found heuristic solution: objective -0.0000000
Presolve removed 1999 rows and 278 columns
Presolve time: 0.18s
Presolved: 3452 rows, 1108 columns, 11278 nonzeros
Variable types: 42 continuous, 1066 integer (1066 binary)

Root relaxation: objective 8.373984e+10, 473 iterations, 0.01 seconds (0.01 work units)

    Nodes    |    Current Node    |     Objective Bounds      |     Work
 Expl Unexpl |  Obj  Depth IntInf | Incumbent    BestBd   Gap | It/Node Time

     0     0 8.3740e+10    0    6   -0.00000 8.3740e+10      -     -    0s
H    0     0                    2.377728e+10 8.3740e+10   252%     -    0s
     0     0 8.3740e+10    0   18 2.3777e+10 8.3740e+10   252%     -    0s
H    0     0                    8.373984e+10 8.3740e+10  0.00%     -    0s
     0     0 8.3740e+10    0    2 8.3740e+10 8.3740e+10  0.00%     -    0s

Cutting planes:
  Gomory: 4
  Cover: 7
  Implied bound: 8
  Clique: 26
  MIR: 2
  Flow cover: 28
  RLT: 4
  Relax-and-lift: 8

Explored 1 nodes (1807 simplex iterations) in 0.36 seconds (0.21 work units)
Thread count was 1 (of 28 available processors)

Solution count 3: 8.37398e+10 2.37773e+10 -0 

Optimal solution found (tolerance 1.00e-04)
Best objective 8.373984000000e+10, best bound 8.373984000000e+10, gap 0.0000%

User-callback calls 590, time in user-callback 0.00 sec