Gurobi Optimizer version 12.0.3 build v12.0.3rc0 (linux64 - "Oracle Linux Server 9.4")

CPU model: Intel(R) Xeon(R) CPU E5-2660 v4 @ 2.00GHz, instruction set [SSE2|AVX|AVX2]
Thread count: 28 physical cores, 28 logical processors, using up to 1 threads

Non-default parameters:
TimeLimit  3599.795993013
SoftMemLimit  16
NumericFocus  1
Threads  1

Academic license 2690100 - for non-commercial use only - registered to ju___@uclm.es
Optimize a model with 2065 rows, 546 columns and 7136 nonzeros
Model fingerprint: 0xbcd5811f
Variable types: 26 continuous, 520 integer (520 binary)
Coefficient statistics:
  Matrix range     [1e+00, 3e+13]
  Objective range  [9e+08, 2e+10]
  Bounds range     [3e+02, 1e+04]
  RHS range        [1e+00, 2e+14]
Warning: Model contains large matrix coefficient range
Warning: Model contains large objective coefficients
Warning: Model contains large rhs
Found heuristic solution: objective -0.0000000
Presolve removed 788 rows and 108 columns
Presolve time: 0.05s
Presolved: 1277 rows, 438 columns, 4642 nonzeros
Variable types: 21 continuous, 417 integer (417 binary)

Root relaxation: objective 9.014666e+10, 133 iterations, 0.00 seconds (0.00 work units)

    Nodes    |    Current Node    |     Objective Bounds      |     Work
 Expl Unexpl |  Obj  Depth IntInf | Incumbent    BestBd   Gap | It/Node Time

     0     0 9.0147e+10    0   26   -0.00000 9.0147e+10      -     -    0s
     0     0 9.0147e+10    0   25   -0.00000 9.0147e+10      -     -    0s
H    0     0                    9.270000e+09 9.0147e+10   872%     -    0s
     0     0 8.7506e+10    0   59 9.2700e+09 8.7506e+10   844%     -    0s
     0     0 8.7506e+10    0   54 9.2700e+09 8.7506e+10   844%     -    0s
H    0     0                    7.109640e+10 8.7481e+10  23.0%     -    0s
     0     0 8.7190e+10    0  104 7.1096e+10 8.7190e+10  22.6%     -    0s
     0     0 8.7190e+10    0   97 7.1096e+10 8.7190e+10  22.6%     -    0s
H    0     0                    7.253640e+10 8.7190e+10  20.2%     -    0s
     0     0 8.7190e+10    0   90 7.2536e+10 8.7190e+10  20.2%     -    0s
     0     0 8.7162e+10    0  109 7.2536e+10 8.7162e+10  20.2%     -    0s
H    0     0                    7.402680e+10 8.7155e+10  17.7%     -    0s
     0     0 8.7078e+10    0   60 7.4027e+10 8.7078e+10  17.6%     -    0s
     0     0 8.7078e+10    0   61 7.4027e+10 8.7078e+10  17.6%     -    0s
     0     0 8.7078e+10    0   72 7.4027e+10 8.7078e+10  17.6%     -    0s
H    0     0                    7.492680e+10 8.7078e+10  16.2%     -    0s
     0     0 8.7078e+10    0   73 7.4927e+10 8.7078e+10  16.2%     -    0s
     0     0 8.7078e+10    0   59 7.4927e+10 8.7078e+10  16.2%     -    0s
H    0     0                    8.252609e+10 8.7078e+10  5.52%     -    0s
     0     0 8.7078e+10    0   59 8.2526e+10 8.7078e+10  5.52%     -    0s
     0     0 8.7078e+10    0    8 8.2526e+10 8.7078e+10  5.52%     -    0s
     0     0 8.7078e+10    0   17 8.2526e+10 8.7078e+10  5.52%     -    0s
     0     0 8.7078e+10    0    6 8.2526e+10 8.7078e+10  5.52%     -    0s
     0     0 8.7078e+10    0    6 8.2526e+10 8.7078e+10  5.52%     -    0s
     0     0 8.7078e+10    0    4 8.2526e+10 8.7078e+10  5.52%     -    0s
     0     0 8.7078e+10    0    7 8.2526e+10 8.7078e+10  5.52%     -    0s
     0     0 8.7078e+10    0    8 8.2526e+10 8.7078e+10  5.52%     -    0s
     0     0 8.7078e+10    0   17 8.2526e+10 8.7078e+10  5.52%     -    0s
     0     0 8.7078e+10    0    8 8.2526e+10 8.7078e+10  5.52%     -    0s
     0     2 8.7078e+10    0    7 8.2526e+10 8.7078e+10  5.52%     -    0s
H  104    64                    8.266848e+10 8.7078e+10  5.33%   9.7    0s
H  554   318                    8.563848e+10 8.7078e+10  1.68%   9.4    1s
H  752   399                    8.626879e+10 8.7078e+10  0.94%  15.1    2s
H 1038   374                    8.707848e+10 8.7078e+10  0.00%  18.8    4s

Cutting planes:
  Learned: 3
  Gomory: 2
  Lift-and-project: 2
  Cover: 6
  Implied bound: 2
  Clique: 3
  MIR: 3
  StrongCG: 1
  Flow cover: 13
  RLT: 3
  BQP: 1

Explored 1039 nodes (21908 simplex iterations) in 4.27 seconds (1.80 work units)
Thread count was 1 (of 28 available processors)

Solution count 10: 8.70785e+10 8.62688e+10 8.56385e+10 ... 9.27e+09

Optimal solution found (tolerance 1.00e-04)
Best objective 8.707848075000e+10, best bound 8.707848075000e+10, gap 0.0000%

User-callback calls 5187, time in user-callback 0.00 sec