Gurobi Optimizer version 12.0.3 build v12.0.3rc0 (linux64 - "Oracle Linux Server 9.4")

CPU model: Intel(R) Xeon(R) CPU E5-2660 v4 @ 2.00GHz, instruction set [SSE2|AVX|AVX2]
Thread count: 28 physical cores, 28 logical processors, using up to 1 threads

Non-default parameters:
TimeLimit  3593.862376723
SoftMemLimit  16
NumericFocus  1
Threads  1

Academic license 2690100 - for non-commercial use only - registered to ju___@uclm.es
Optimize a model with 14696 rows, 3570 columns and 50706 nonzeros
Model fingerprint: 0x4171e2bd
Variable types: 68 continuous, 3502 integer (3502 binary)
Coefficient statistics:
  Matrix range     [1e+00, 3e+13]
  Objective range  [5e+08, 4e+09]
  Bounds range     [1e+03, 1e+04]
  RHS range        [1e+00, 2e+14]
Warning: Model contains large matrix coefficient range
Warning: Model contains large objective coefficients
Warning: Model contains large rhs
Found heuristic solution: objective -0.0000000
Presolve removed 5013 rows and 736 columns
Presolve time: 0.24s
Presolved: 9683 rows, 2834 columns, 35306 nonzeros
Variable types: 68 continuous, 2766 integer (2766 binary)

Root relaxation: objective 7.953778e+10, 1237 iterations, 0.05 seconds (0.04 work units)

    Nodes    |    Current Node    |     Objective Bounds      |     Work
 Expl Unexpl |  Obj  Depth IntInf | Incumbent    BestBd   Gap | It/Node Time

     0     0 7.9538e+10    0  410   -0.00000 7.9538e+10      -     -    0s
     0     0 7.9538e+10    0  428   -0.00000 7.9538e+10      -     -    1s
     0     0 7.9538e+10    0  384   -0.00000 7.9538e+10      -     -    1s
     0     0 7.9538e+10    0  360   -0.00000 7.9538e+10      -     -    1s
H    0     0                    3.388643e+09 7.9538e+10  2247%     -    1s
H    0     0                    1.481259e+10 7.9538e+10   437%     -    1s
H    0     0                    1.508864e+10 7.9538e+10   427%     -    1s
     0     0 7.9538e+10    0  690 1.5089e+10 7.9538e+10   427%     -    1s
     0     0 7.9538e+10    0  672 1.5089e+10 7.9538e+10   427%     -    1s
     0     0 7.9538e+10    0  523 1.5089e+10 7.9538e+10   427%     -    2s
     0     0 7.9538e+10    0  495 1.5089e+10 7.9538e+10   427%     -    2s
H    0     0                    3.368729e+10 7.9538e+10   136%     -    2s
     0     0 7.9538e+10    0  364 3.3687e+10 7.9538e+10   136%     -    2s
     0     0 7.9538e+10    0  509 3.3687e+10 7.9538e+10   136%     -    3s
     0     0 7.9538e+10    0  489 3.3687e+10 7.9538e+10   136%     -    3s
     0     0 7.9538e+10    0  459 3.3687e+10 7.9538e+10   136%     -    3s
     0     0 7.9538e+10    0  400 3.3687e+10 7.9538e+10   136%     -    3s
     0     0 7.9538e+10    0  391 3.3687e+10 7.9538e+10   136%     -    3s
     0     0 7.9538e+10    0  144 3.3687e+10 7.9538e+10   136%     -    4s
     0     0 7.9538e+10    0   93 3.3687e+10 7.9538e+10   136%     -    4s
     0     0 7.9538e+10    0   99 3.3687e+10 7.9538e+10   136%     -    4s
     0     0 7.9538e+10    0   99 3.3687e+10 7.9538e+10   136%     -    4s
     0     0 7.9538e+10    0   70 3.3687e+10 7.9538e+10   136%     -    4s
     0     0 7.9538e+10    0   68 3.3687e+10 7.9538e+10   136%     -    4s
     0     0 7.9538e+10    0   76 3.3687e+10 7.9538e+10   136%     -    5s
     0     0 7.9538e+10    0   85 3.3687e+10 7.9538e+10   136%     -    5s
     0     0 7.9538e+10    0   84 3.3687e+10 7.9538e+10   136%     -    5s
     0     0 7.9538e+10    0   85 3.3687e+10 7.9538e+10   136%     -    5s
     0     0 7.9538e+10    0   83 3.3687e+10 7.9538e+10   136%     -    5s
H    0     0                    3.602729e+10 7.9538e+10   121%     -    6s
H    0     0                    3.704259e+10 7.9538e+10   115%     -    6s
     0     2 7.9538e+10    0   83 3.7043e+10 7.9538e+10   115%     -    7s
H  254    77                    4.305571e+10 7.9538e+10  84.7%  70.9    9s
   265    86 7.9538e+10  136  187 4.3056e+10 7.9538e+10  84.7%  74.9   10s
H  321   102                    5.330965e+10 7.9538e+10  49.2%  77.9   11s
   573   228 7.7361e+10  124  237 5.3310e+10 7.9538e+10  49.2%  64.1   15s
H  600   239                    5.447965e+10 7.9538e+10  46.0%  62.5   15s
H  600   239                    5.564965e+10 7.9538e+10  42.9%  62.5   15s
H  657   252                    5.681965e+10 7.9538e+10  40.0%  64.4   17s
H  673   260                    6.032965e+10 7.9538e+10  31.8%  63.7   17s
   711   288 7.9538e+10   21   18 6.0330e+10 7.9538e+10  31.8%  68.0   20s
H  792   344                    6.210913e+10 7.9538e+10  28.1%  78.9   24s
   799   351 7.9538e+10   14  428 6.2109e+10 7.9538e+10  28.1%  81.5   25s
H  818   345                    7.134778e+10 7.9538e+10  11.5%  80.7   25s
H  916   390                    7.385089e+10 7.9538e+10  7.70%  74.9   28s
H  916   375                    7.485778e+10 7.9538e+10  6.25%  74.9   28s
   957   401 7.7361e+10  150  329 7.4858e+10 7.9538e+10  6.25%  74.2   30s
  1163   496 7.9538e+10  121  228 7.4858e+10 7.9538e+10  6.25%  66.3   35s
H 1305   505                    7.719778e+10 7.9538e+10  3.03%  61.5   39s
  1330   524 7.9538e+10   45  117 7.7198e+10 7.9538e+10  3.03%  61.1   40s
  1564   641 7.9538e+10   93  297 7.7198e+10 7.9538e+10  3.03%  55.6   45s
  1668   711 7.7816e+10  193  167 7.7198e+10 7.9538e+10  3.03%  53.9   50s
  1921   920 7.8652e+10  182  238 7.7198e+10 7.9538e+10  3.03%  49.4   55s
  2015   988 7.9538e+10   62  278 7.7198e+10 7.9538e+10  3.03%  50.6   60s
  2163  1111 7.9538e+10   75  346 7.7198e+10 7.9538e+10  3.03%  49.2   65s
  2594  1453 7.8368e+10  193  208 7.7198e+10 7.9538e+10  3.03%  44.9   70s
  2797  1601 7.8496e+10  158  277 7.7198e+10 7.9538e+10  3.03%  44.6   75s
  3142  1853 infeasible  100      7.7198e+10 7.9538e+10  3.03%  43.1   80s
  3387  2000     cutoff   91      7.7198e+10 7.9538e+10  3.03%  45.9   85s
  3502  2087 7.8375e+10   97  353 7.7198e+10 7.9538e+10  3.03%  46.8   90s
  3765  2264 7.8496e+10  115  271 7.7198e+10 7.9538e+10  3.03%  46.6   95s
  4122  2554 7.7361e+10  138  144 7.7198e+10 7.9538e+10  3.03%  46.7  100s
  4331  2711     cutoff  125      7.7198e+10 7.9538e+10  3.03%  47.5  105s
  4397  2731 7.7326e+10   94  279 7.7198e+10 7.9538e+10  3.03%  49.0  110s
  4500  2801 7.8374e+10   98  306 7.7198e+10 7.9538e+10  3.03%  49.6  115s
  4911  3111 7.9538e+10  161  299 7.7198e+10 7.9538e+10  3.03%  48.1  120s
  5109  3257 7.9538e+10  130  227 7.7198e+10 7.9538e+10  3.03%  48.4  125s
  5295  3363 7.9538e+10   82  331 7.7198e+10 7.9538e+10  3.03%  49.3  130s
  5428  3446 7.8496e+10   84  275 7.7198e+10 7.9538e+10  3.03%  49.9  135s
  5571  3510 7.8496e+10   78  265 7.7198e+10 7.9538e+10  3.03%  50.5  140s
  5888  3733 7.9538e+10  127  225 7.7198e+10 7.9538e+10  3.03%  49.6  145s
  6177  3921 7.9538e+10   79  275 7.7198e+10 7.9538e+10  3.03%  48.7  150s
  6370  4036     cutoff   73      7.7198e+10 7.9538e+10  3.03%  49.7  155s
  6596  4133 7.9538e+10   82  271 7.7198e+10 7.9538e+10  3.03%  49.6  161s
  6633  4146 7.8206e+10   85  307 7.7198e+10 7.9538e+10  3.03%  49.7  165s
  6750  4189 7.8496e+10   84  284 7.7198e+10 7.9538e+10  3.03%  50.4  170s
  6905  4241 infeasible  117      7.7198e+10 7.9538e+10  3.03%  50.7  175s
  7141  4364 7.7361e+10  159  175 7.7198e+10 7.9538e+10  3.03%  51.0  181s
  7405  4527 7.9538e+10   66  228 7.7198e+10 7.9538e+10  3.03%  50.2  185s
  7530  4554 7.8230e+10   74  326 7.7198e+10 7.9538e+10  3.03%  50.9  190s
  7616  4578 7.9538e+10   71  332 7.7198e+10 7.9538e+10  3.03%  51.6  195s
  7742  4630 7.7632e+10   85  302 7.7198e+10 7.9538e+10  3.03%  52.1  200s
H 7766  4041                    7.736089e+10 7.9538e+10  2.81%  52.0  200s
  7982  4176 7.9538e+10  110  269 7.7361e+10 7.9538e+10  2.81%  51.6  205s
  8110  4215 7.9451e+10   86  301 7.7361e+10 7.9538e+10  2.81%  51.8  210s
  8270  4264 7.9217e+10  124  301 7.7361e+10 7.9538e+10  2.81%  52.4  215s
  8501  4337 7.9538e+10   72  287 7.7361e+10 7.9538e+10  2.81%  52.8  220s
  8748  4473 7.7632e+10   81  335 7.7361e+10 7.9538e+10  2.81%  52.6  226s
  8866  4520 7.9400e+10   69  306 7.7361e+10 7.9538e+10  2.81%  52.8  230s
  9030  4559 7.8368e+10   55  458 7.7361e+10 7.9538e+10  2.81%  53.7  235s
  9248  4631     cutoff   52      7.7361e+10 7.9538e+10  2.81%  54.8  240s
  9341  4682 7.9538e+10   80  345 7.7361e+10 7.9538e+10  2.81%  55.1  245s
  9525  4762 7.9538e+10   79  228 7.7361e+10 7.9538e+10  2.81%  55.1  250s
  9817  4918 infeasible   68      7.7361e+10 7.9538e+10  2.81%  54.7  255s
 10044  5022 7.9538e+10   73  273 7.7361e+10 7.9538e+10  2.81%  54.6  260s
 10203  5102 7.9538e+10   54   83 7.7361e+10 7.9538e+10  2.81%  54.8  265s
 10296  5147 7.9538e+10   43  205 7.7361e+10 7.9538e+10  2.81%  56.0  270s
 10427  5158 7.9538e+10   50  337 7.7361e+10 7.9538e+10  2.81%  57.1  275s
 10521  5169 7.7816e+10   67  289 7.7361e+10 7.9538e+10  2.81%  57.6  280s
 10647  5184 7.9538e+10   52  220 7.7361e+10 7.9538e+10  2.81%  57.9  285s
 10781  5259 7.8985e+10  113  317 7.7361e+10 7.9538e+10  2.81%  59.1  290s
 10951  5334 7.9538e+10  106  204 7.7361e+10 7.9538e+10  2.81%  59.3  295s
 11056  5367 7.9538e+10   71  361 7.7361e+10 7.9538e+10  2.81%  59.7  300s
 11167  5388 7.7816e+10   59  370 7.7361e+10 7.9538e+10  2.81%  60.1  305s
 11247  5376 7.9538e+10   54  348 7.7361e+10 7.9538e+10  2.81%  60.6  310s
 11297  5391 7.9538e+10   87  219 7.7361e+10 7.9538e+10  2.81%  60.8  316s
 11351  5409 7.8200e+10  129  235 7.7361e+10 7.9538e+10  2.81%  60.9  324s
 11357  5405 7.9538e+10   66  239 7.7361e+10 7.9538e+10  2.81%  61.0  325s
 11487  5433 7.9538e+10   75  159 7.7361e+10 7.9538e+10  2.81%  61.3  330s
 11591  5484 infeasible   73      7.7361e+10 7.9538e+10  2.81%  61.1  335s
 11693  5466 7.7595e+10   61  299 7.7361e+10 7.9538e+10  2.81%  61.5  340s
 11749  5477 7.8368e+10  151  152 7.7361e+10 7.9538e+10  2.81%  61.8  345s
 11891  5496 7.9538e+10   56  284 7.7361e+10 7.9538e+10  2.81%  62.2  350s
 12077  5526 7.9538e+10   59  313 7.7361e+10 7.9538e+10  2.81%  62.3  355s
 12245  5526 7.8170e+10   79  333 7.7361e+10 7.9538e+10  2.81%  62.5  360s
 12412  5438 7.9538e+10   83  283 7.7361e+10 7.9538e+10  2.81%  62.9  365s
 12502  5406 7.7595e+10   72  353 7.7361e+10 7.9538e+10  2.81%  63.2  370s
 12662  5342 7.7595e+10   73  345 7.7361e+10 7.9538e+10  2.81%  63.6  375s
 12806  5291 7.9538e+10   68  430 7.7361e+10 7.9538e+10  2.81%  64.3  380s
 12894  5250 7.7595e+10   60  387 7.7361e+10 7.9538e+10  2.81%  64.9  385s
 13015  5238 7.9538e+10   61  338 7.7361e+10 7.9538e+10  2.81%  65.5  390s
 13055  5228 7.9538e+10   55  387 7.7361e+10 7.9538e+10  2.81%  65.6  395s
 13207  5217 7.9098e+10   57  443 7.7361e+10 7.9538e+10  2.81%  66.0  400s
 13436  5196     cutoff   75      7.7361e+10 7.9538e+10  2.81%  66.2  405s
 13535  5172 7.9538e+10   50  219 7.7361e+10 7.9538e+10  2.81%  66.7  410s
 13766  5245     cutoff  111      7.7361e+10 7.9538e+10  2.81%  66.4  415s
 13947  5183 7.8170e+10   62  375 7.7361e+10 7.9538e+10  2.81%  67.2  420s
 14092  5140 7.9538e+10   58  288 7.7361e+10 7.9538e+10  2.81%  67.6  425s
 14244  5092 7.9538e+10   55  333 7.7361e+10 7.9538e+10  2.81%  68.1  430s
 14365  5108 7.7816e+10   56  295 7.7361e+10 7.9538e+10  2.81%  68.3  435s
 14393  5092 7.9538e+10   51  371 7.7361e+10 7.9538e+10  2.81%  68.4  440s
 14524  5097 7.9538e+10   62  265 7.7361e+10 7.9538e+10  2.81%  68.7  445s
 14732  5141 7.9538e+10   49  435 7.7361e+10 7.9538e+10  2.81%  68.6  450s
 14930  5097 7.9538e+10   61  264 7.7361e+10 7.9538e+10  2.81%  68.5  455s
 15176  5007 7.9098e+10   47  460 7.7361e+10 7.9538e+10  2.81%  68.7  460s
 15304  4983 7.9538e+10   73   83 7.7361e+10 7.9538e+10  2.81%  68.8  537s
 15309  4986 7.8368e+10   70   61 7.7361e+10 7.9538e+10  2.81%  68.8  543s
 15310  4987 7.8344e+10  102   65 7.7361e+10 7.9538e+10  2.81%  68.8  547s
 15311  4988 7.9538e+10   57  122 7.7361e+10 7.9538e+10  2.81%  68.8  551s
 15313  4989 7.8652e+10   28   54 7.7361e+10 7.9538e+10  2.81%  68.8  557s
 15314  4990 7.8120e+10   76   54 7.7361e+10 7.9538e+10  2.81%  68.8  561s
 15315  4990 7.9538e+10   67   48 7.7361e+10 7.9538e+10  2.81%  68.8  565s
 15317  4992 7.8368e+10  100   20 7.7361e+10 7.9538e+10  2.81%  68.7  571s
 15319  4993 7.9538e+10   84    8 7.7361e+10 7.9538e+10  2.81%  68.7  581s
 15321  4994 7.9538e+10   53   14 7.7361e+10 7.9538e+10  2.81%  68.7  588s
 15322  4995 7.8825e+10   61   12 7.7361e+10 7.9538e+10  2.81%  68.7  591s
 15324  4996 7.8496e+10   60   17 7.7361e+10 7.9538e+10  2.81%  68.7  596s
 15326  4998 7.9147e+10   99   18 7.7361e+10 7.9538e+10  2.81%  68.7  602s
 15327  4998 7.7595e+10   59   14 7.7361e+10 7.9538e+10  2.81%  68.7  605s
 15394  5045 7.9538e+10   82  268 7.7361e+10 7.9538e+10  2.81%  70.3  610s
 15432  5070 7.9538e+10  104  256 7.7361e+10 7.9538e+10  2.81%  70.5  615s
 15484  5094 7.9538e+10  131  269 7.7361e+10 7.9538e+10  2.81%  70.4  620s
 15575  5120 7.9538e+10  136  236 7.7361e+10 7.9538e+10  2.81%  70.5  625s
 15668  5154 7.9538e+10   77   96 7.7361e+10 7.9538e+10  2.81%  70.5  630s
 15737  5172 7.9538e+10   47  222 7.7361e+10 7.9538e+10  2.81%  70.5  635s
 15769  5193 7.9538e+10   68  104 7.7361e+10 7.9538e+10  2.81%  70.4  640s
 15872  5232 7.9538e+10  120   88 7.7361e+10 7.9538e+10  2.81%  70.2  645s
 15979  5277 7.8652e+10  102  129 7.7361e+10 7.9538e+10  2.81%  70.3  650s
 16156  5308 7.8652e+10  196   27 7.7361e+10 7.9538e+10  2.81%  69.8  655s
 16287  5333 7.8368e+10  118  204 7.7361e+10 7.9538e+10  2.81%  69.6  661s
 16314  5333 7.8368e+10  134  168 7.7361e+10 7.9538e+10  2.81%  69.6  666s
 16381  5352 7.8368e+10  168  197 7.7361e+10 7.9538e+10  2.81%  69.5  670s
 16508  5412 7.9538e+10  160   61 7.7361e+10 7.9538e+10  2.81%  69.4  676s
 16572  5411 7.9538e+10  188   48 7.7361e+10 7.9538e+10  2.81%  69.2  680s
 16646  5376 7.9538e+10  173   58 7.7361e+10 7.9538e+10  2.81%  69.0  685s
 16848  5311 7.9538e+10  182   50 7.7361e+10 7.9538e+10  2.81%  68.3  692s
 16896  5307 7.9538e+10  181   59 7.7361e+10 7.9538e+10  2.81%  68.2  695s
 17114  5383 7.9538e+10  150  113 7.7361e+10 7.9538e+10  2.81%  67.6  700s
 17236  5430 infeasible  120      7.7361e+10 7.9538e+10  2.81%  67.4  705s
 17438  5533 7.9538e+10  125  146 7.7361e+10 7.9538e+10  2.81%  66.9  710s
 17538  5552     cutoff  188      7.7361e+10 7.9538e+10  2.81%  66.8  715s
 17734  5656 7.9538e+10  175   77 7.7361e+10 7.9538e+10  2.81%  66.5  720s
 17891  5712 infeasible  204      7.7361e+10 7.9538e+10  2.81%  66.1  725s
 18065  5789 7.7758e+10  216   62 7.7361e+10 7.9538e+10  2.81%  65.9  730s
 18191  5820     cutoff  205      7.7361e+10 7.9538e+10  2.81%  65.8  735s
 18361  5880 7.7794e+10  206  179 7.7361e+10 7.9538e+10  2.81%  65.6  740s
 18450  5911 7.8652e+10   92   81 7.7361e+10 7.9538e+10  2.81%  65.5  746s
 18533  5964 7.9538e+10  149   46 7.7361e+10 7.9538e+10  2.81%  65.4  750s
 18695  6022 7.8807e+10  177   74 7.7361e+10 7.9538e+10  2.81%  65.2  755s
 18848  6066 7.9538e+10   71  206 7.7361e+10 7.9538e+10  2.81%  65.0  760s
 19024  6090 7.8368e+10  202   27 7.7361e+10 7.9538e+10  2.81%  64.7  765s
 19251  6136 7.9538e+10  178   41 7.7361e+10 7.9538e+10  2.81%  64.2  770s
 19469  6157 7.9538e+10  158   34 7.7361e+10 7.9538e+10  2.81%  63.8  775s
 19722  6151 7.8496e+10  142   93 7.7361e+10 7.9538e+10  2.81%  63.4  780s
 19840  6196 infeasible  196      7.7361e+10 7.9538e+10  2.81%  63.4  785s
 20072  6217 7.9538e+10  164   25 7.7361e+10 7.9538e+10  2.81%  62.9  790s
 20161  6201 infeasible  150      7.7361e+10 7.9538e+10  2.81%  62.8  795s
 20300  6207 7.8496e+10  139   85 7.7361e+10 7.9538e+10  2.81%  62.6  800s
 20445  6211 7.9538e+10  142  191 7.7361e+10 7.9538e+10  2.81%  62.3  805s
 20641  6248 7.7588e+10  226   97 7.7361e+10 7.9538e+10  2.81%  62.2  810s
 20783  6256 7.8368e+10  144   32 7.7361e+10 7.9538e+10  2.81%  62.0  816s
 20887  6274 infeasible  146      7.7361e+10 7.9538e+10  2.81%  61.9  820s
 21064  6319 7.9538e+10  139   48 7.7361e+10 7.9538e+10  2.81%  61.7  825s
 21240  6345 7.9538e+10  128  116 7.7361e+10 7.9538e+10  2.81%  61.5  830s
 21404  6387 7.9538e+10   90  209 7.7361e+10 7.9538e+10  2.81%  61.3  835s
 21506  6453 7.9538e+10  151  122 7.7361e+10 7.9538e+10  2.81%  61.2  840s
 21649  6498 7.9449e+10  213   63 7.7361e+10 7.9538e+10  2.81%  61.0  845s
 21757  6513 7.9538e+10  121   54 7.7361e+10 7.9538e+10  2.81%  61.0  850s
 21955  6568 infeasible  226      7.7361e+10 7.9538e+10  2.81%  60.7  855s
 22120  6634 7.9538e+10  116   51 7.7361e+10 7.9538e+10  2.81%  60.5  860s
 22347  6734 infeasible  202      7.7361e+10 7.9538e+10  2.81%  60.1  865s
 22513  6778 7.8496e+10  138  108 7.7361e+10 7.9538e+10  2.81%  59.9  870s
 22800  6844 7.9538e+10  173  130 7.7361e+10 7.9538e+10  2.81%  59.5  875s
 22908  6850 7.8368e+10  184   98 7.7361e+10 7.9538e+10  2.81%  59.5  880s
 23043  6856 7.9538e+10  175   71 7.7361e+10 7.9538e+10  2.81%  59.6  887s
 23104  6870 7.7637e+10  177   46 7.7361e+10 7.9538e+10  2.81%  59.7  890s
 23344  6868 7.7482e+10  203  126 7.7361e+10 7.9538e+10  2.81%  59.5  895s
 23487  6861 7.8494e+10  186  100 7.7361e+10 7.9538e+10  2.81%  59.4  900s
 23647  6848 7.9538e+10  194  134 7.7361e+10 7.9538e+10  2.81%  59.4  905s
 23830  6869 7.8368e+10  195   96 7.7361e+10 7.9538e+10  2.81%  59.3  910s
 23905  6870 7.9538e+10  183  156 7.7361e+10 7.9538e+10  2.81%  59.4  915s
 24068  6884 7.9538e+10  172   94 7.7361e+10 7.9538e+10  2.81%  59.4  920s
 24261  6901 7.7509e+10  195  142 7.7361e+10 7.9538e+10  2.81%  59.3  925s
 24410  6928 7.8368e+10  181   50 7.7361e+10 7.9538e+10  2.81%  59.1  930s
 24516  6940 7.9538e+10  167  107 7.7361e+10 7.9538e+10  2.81%  59.0  935s
 24703  6984 7.8807e+10  192   42 7.7361e+10 7.9538e+10  2.81%  58.9  940s
 24874  7000 7.7637e+10  204   28 7.7361e+10 7.9538e+10  2.81%  58.7  945s
 25047  7042 7.9538e+10  173   98 7.7361e+10 7.9538e+10  2.81%  58.5  950s
 25208  7039 infeasible  206      7.7361e+10 7.9538e+10  2.81%  58.4  955s
 25424  7017 7.7913e+10  191   58 7.7361e+10 7.9538e+10  2.81%  58.3  960s
 25505  7014 7.7637e+10  184   53 7.7361e+10 7.9538e+10  2.81%  58.2  965s
 25657  6998 7.9538e+10  124   45 7.7361e+10 7.9538e+10  2.81%  58.1  970s
 25874  7016 7.8807e+10  170   50 7.7361e+10 7.9538e+10  2.81%  57.9  975s
 26049  7035 7.8807e+10  169   51 7.7361e+10 7.9538e+10  2.81%  57.7  980s
 26319  7077 7.8807e+10  168   49 7.7361e+10 7.9538e+10  2.81%  57.4  985s
 26538  7098 7.9538e+10  162  117 7.7361e+10 7.9538e+10  2.81%  57.2  990s
 26845  7125 7.7474e+10  188   44 7.7361e+10 7.9538e+10  2.81%  56.9  997s
 26911  7143 7.8368e+10  144   42 7.7361e+10 7.9538e+10  2.81%  56.8 1000s
 27174  7192 7.7637e+10  192   25 7.7361e+10 7.9538e+10  2.81%  56.5 1005s
 27349  7236 7.8760e+10  166  109 7.7361e+10 7.9538e+10  2.81%  56.4 1010s
 27537  7265 7.8461e+10  184  163 7.7361e+10 7.9538e+10  2.81%  56.3 1015s
 27676  7295 7.8492e+10  173   72 7.7361e+10 7.9538e+10  2.81%  56.4 1020s
 27965  7331 7.9538e+10  152  157 7.7361e+10 7.9538e+10  2.81%  56.1 1025s
 28169  7369 7.9538e+10  158   94 7.7361e+10 7.9538e+10  2.81%  56.0 1030s
 28329  7426 7.8618e+10  196  144 7.7361e+10 7.9538e+10  2.81%  55.9 1035s
 28386  7419 7.8496e+10  109  212 7.7361e+10 7.9538e+10  2.81%  56.0 1042s
 28442  7443 7.8496e+10  161   93 7.7361e+10 7.9538e+10  2.81%  56.0 1045s
 28661  7497 7.7482e+10  211   17 7.7361e+10 7.9538e+10  2.81%  55.7 1050s
 28880  7549 7.9538e+10  113   99 7.7361e+10 7.9538e+10  2.81%  55.5 1055s
 29027  7565 7.9538e+10  154   48 7.7361e+10 7.9538e+10  2.81%  55.4 1060s
 29303  7658 7.9538e+10  120   46 7.7361e+10 7.9538e+10  2.81%  55.2 1065s
 29431  7692 7.9538e+10  161   76 7.7361e+10 7.9538e+10  2.81%  55.4 1070s
 29677  7763 7.8679e+10  184   84 7.7361e+10 7.9538e+10  2.81%  55.2 1075s
 29799  7780 infeasible  130      7.7361e+10 7.9538e+10  2.81%  55.2 1080s
 30012  7834 7.8368e+10  168  128 7.7361e+10 7.9538e+10  2.81%  55.2 1085s
 30329  7950 7.9538e+10  132   62 7.7361e+10 7.9538e+10  2.81%  54.9 1090s
 30596  8123 7.9538e+10  144   57 7.7361e+10 7.9538e+10  2.81%  54.7 1095s
 30897  8327 7.9538e+10  138   48 7.7361e+10 7.9538e+10  2.81%  54.4 1100s
 31140  8470 7.9538e+10  109   38 7.7361e+10 7.9538e+10  2.81%  54.1 1105s
 31363  8629 7.7637e+10  155   58 7.7361e+10 7.9538e+10  2.81%  54.0 1110s
 31566  8739 7.7948e+10  155   64 7.7361e+10 7.9538e+10  2.81%  53.9 1115s
 31909  8982 7.9538e+10  143   37 7.7361e+10 7.9538e+10  2.81%  53.5 1120s
 32256  9204 7.9538e+10  138   31 7.7361e+10 7.9538e+10  2.81%  53.2 1125s
 32440  9325 infeasible  179      7.7361e+10 7.9538e+10  2.81%  53.1 1130s
 32773  9529 7.9538e+10  119   32 7.7361e+10 7.9538e+10  2.81%  52.9 1135s
 32891  9620 7.8807e+10  184   16 7.7361e+10 7.9538e+10  2.81%  52.8 1141s
 33094  9773 7.9538e+10  108   57 7.7361e+10 7.9538e+10  2.81%  52.6 1145s
 33416  9979 7.8793e+10  114  149 7.7361e+10 7.9538e+10  2.81%  52.3 1151s
 33617 10073 7.8807e+10  158   50 7.7361e+10 7.9538e+10  2.81%  52.2 1155s
 33990 10253 7.8807e+10  164   28 7.7361e+10 7.9538e+10  2.81%  51.9 1160s
 34253 10363 infeasible  158      7.7361e+10 7.9538e+10  2.81%  51.7 1165s
 34689 10600 7.9538e+10  131   78 7.7361e+10 7.9538e+10  2.81%  51.3 1170s
 34917 10673 7.9538e+10  170   31 7.7361e+10 7.9538e+10  2.81%  51.2 1175s
 35289 10769 7.9538e+10  146   52 7.7361e+10 7.9538e+10  2.81%  50.9 1180s
 35599 10905 7.9492e+10  189   99 7.7361e+10 7.9538e+10  2.81%  50.7 1185s
 35891 11046 7.9538e+10  138   68 7.7361e+10 7.9538e+10  2.81%  50.4 1190s
 36195 11179 7.9538e+10  134   40 7.7361e+10 7.9538e+10  2.81%  50.1 1195s
 36619 11427 7.8368e+10  160   38 7.7361e+10 7.9538e+10  2.81%  49.8 1200s
 36897 11550 7.9485e+10  139   99 7.7361e+10 7.9538e+10  2.81%  49.6 1205s
 37035 11586 7.8432e+10  137  165 7.7361e+10 7.9538e+10  2.81%  49.6 1210s
 37272 11695 7.7637e+10  173   43 7.7361e+10 7.9538e+10  2.81%  49.4 1215s
 37485 11740 7.9538e+10  101   46 7.7361e+10 7.9538e+10  2.81%  49.4 1220s
 37756 11897 7.9538e+10  124   62 7.7361e+10 7.9538e+10  2.81%  49.3 1225s
 38082 12074 7.8496e+10  118  110 7.7361e+10 7.9538e+10  2.81%  49.1 1230s
 38332 12226 7.9538e+10  127   73 7.7361e+10 7.9538e+10  2.81%  48.9 1235s
 38616 12363 7.9538e+10   99   59 7.7361e+10 7.9538e+10  2.81%  48.8 1240s
 38889 12525 7.9538e+10  103   69 7.7361e+10 7.9538e+10  2.81%  48.7 1245s
 39112 12664 7.9538e+10  144   72 7.7361e+10 7.9538e+10  2.81%  48.6 1250s
 39189 12699 7.9538e+10  151  137 7.7361e+10 7.9538e+10  2.81%  48.6 1257s
 39242 12714 infeasible  172      7.7361e+10 7.9538e+10  2.81%  48.6 1260s
 39396 12771 7.8652e+10  168   57 7.7361e+10 7.9538e+10  2.81%  48.6 1265s
 39583 12861 7.8496e+10  154  110 7.7361e+10 7.9538e+10  2.81%  48.6 1270s
 39824 12978 7.7482e+10  168   58 7.7361e+10 7.9538e+10  2.81%  48.6 1275s
 40078 13132     cutoff  173      7.7361e+10 7.9538e+10  2.81%  48.6 1280s
 40254 13197 7.9538e+10  135  111 7.7361e+10 7.9538e+10  2.81%  48.6 1285s
 40599 13363 7.8496e+10  149  199 7.7361e+10 7.9538e+10  2.81%  48.5 1290s
 40808 13464 7.9538e+10  146   43 7.7361e+10 7.9538e+10  2.81%  48.4 1295s
 41098 13584 7.7637e+10  161   25 7.7361e+10 7.9538e+10  2.81%  48.2 1300s
 41337 13710 7.8807e+10  127   47 7.7361e+10 7.9538e+10  2.81%  48.3 1305s
 41502 13800 7.8368e+10  144   42 7.7361e+10 7.9538e+10  2.81%  48.3 1310s
 41747 13939 7.7482e+10  166   26 7.7361e+10 7.9538e+10  2.81%  48.2 1315s
 41982 14072 7.9373e+10  125  106 7.7361e+10 7.9538e+10  2.81%  48.1 1320s
 42211 14198 7.7482e+10  154   41 7.7361e+10 7.9538e+10  2.81%  48.1 1325s
 42464 14349 7.9538e+10  115  148 7.7361e+10 7.9538e+10  2.81%  48.1 1330s
 42685 14497 7.9538e+10  113   52 7.7361e+10 7.9538e+10  2.81%  48.0 1335s
 42981 14677 7.8524e+10  126   92 7.7361e+10 7.9538e+10  2.81%  47.9 1340s
 43205 14795 7.9508e+10  118  136 7.7361e+10 7.9538e+10  2.81%  47.8 1345s
 43521 15023 infeasible  191      7.7361e+10 7.9538e+10  2.81%  47.7 1350s
 43761 15197 7.9538e+10  151   80 7.7361e+10 7.9538e+10  2.81%  47.5 1355s
 44027 15386 7.9476e+10  138  207 7.7361e+10 7.9538e+10  2.81%  47.4 1360s
 44305 15573 7.9538e+10  145   91 7.7361e+10 7.9538e+10  2.81%  47.4 1368s
 44321 15577 7.9538e+10  149  225 7.7361e+10 7.9538e+10  2.81%  47.4 1370s
 44489 15672 7.8329e+10  155   68 7.7361e+10 7.9538e+10  2.81%  47.4 1375s
 44795 15797 7.8368e+10  137   72 7.7361e+10 7.9538e+10  2.81%  47.2 1380s
 45008 15924 7.8368e+10  172   20 7.7361e+10 7.9538e+10  2.81%  47.1 1385s
 45269 16065 7.8464e+10  136  249 7.7361e+10 7.9538e+10  2.81%  47.0 1390s
 45541 16197 7.9538e+10  150   50 7.7361e+10 7.9538e+10  2.81%  46.9 1395s
 45836 16307 7.9133e+10  151  119 7.7361e+10 7.9538e+10  2.81%  46.8 1400s
 46092 16408 7.9538e+10  147   34 7.7361e+10 7.9538e+10  2.81%  46.7 1405s
 46444 16511 7.8368e+10  174   38 7.7361e+10 7.9538e+10  2.81%  46.5 1410s
 46803 16623 7.8496e+10  145   83 7.7361e+10 7.9538e+10  2.81%  46.4 1415s
 47080 16721 7.9538e+10  142   41 7.7361e+10 7.9538e+10  2.81%  46.2 1420s
 47493 16854 7.8368e+10  187   44 7.7361e+10 7.9538e+10  2.81%  46.0 1425s
 47560 16870 infeasible  145      7.7361e+10 7.9538e+10  2.81%  46.0 1430s
 47728 16941 7.9492e+10  150  149 7.7361e+10 7.9538e+10  2.81%  45.9 1435s
 48045 17035 7.9538e+10  146   40 7.7361e+10 7.9538e+10  2.81%  45.8 1440s
 48320 17143 7.9538e+10  169   26 7.7361e+10 7.9538e+10  2.81%  45.8 1445s
 48608 17264 7.8496e+10  151   95 7.7361e+10 7.9538e+10  2.81%  45.8 1450s
 48808 17340 7.8368e+10  160   46 7.7361e+10 7.9538e+10  2.81%  45.7 1455s
 49166 17421 7.9538e+10  171   85 7.7361e+10 7.9538e+10  2.81%  45.6 1460s
 49471 17521 7.9538e+10  139   59 7.7361e+10 7.9538e+10  2.81%  45.5 1465s
 49790 17646 7.9277e+10  152  213 7.7361e+10 7.9538e+10  2.81%  45.4 1470s
 49941 17672 7.9538e+10  130   47 7.7361e+10 7.9538e+10  2.81%  45.3 1476s
 50018 17702 7.8464e+10  142  231 7.7361e+10 7.9538e+10  2.81%  45.3 1480s
 50211 17770 7.8464e+10  138  259 7.7361e+10 7.9538e+10  2.81%  45.3 1485s
 50495 17870 7.8368e+10  161   56 7.7361e+10 7.9538e+10  2.81%  45.2 1490s
 50801 17948 7.9538e+10  139   46 7.7361e+10 7.9538e+10  2.81%  45.1 1495s
 50958 17997 7.8496e+10  151   88 7.7361e+10 7.9538e+10  2.81%  45.1 1500s
 51289 18166 7.9538e+10  154   34 7.7361e+10 7.9538e+10  2.81%  45.0 1505s
 51638 18271 7.9495e+10  158  159 7.7361e+10 7.9538e+10  2.81%  44.9 1510s
 51867 18351 7.7637e+10  149   40 7.7361e+10 7.9538e+10  2.81%  44.8 1515s
 52134 18449 7.9538e+10  136   51 7.7361e+10 7.9538e+10  2.81%  44.7 1520s
 52405 18556 7.8496e+10  131  282 7.7361e+10 7.9538e+10  2.81%  44.7 1525s
 52644 18650 7.8464e+10  136  248 7.7361e+10 7.9538e+10  2.81%  44.8 1530s
 52784 18680 7.8368e+10  140  159 7.7361e+10 7.9538e+10  2.81%  44.8 1535s
 53153 18816 7.8496e+10  139  139 7.7361e+10 7.9538e+10  2.81%  44.7 1540s
 53510 18877 infeasible  153      7.7361e+10 7.9538e+10  2.81%  44.6 1545s
 53678 18904 7.8368e+10  156   15 7.7361e+10 7.9538e+10  2.81%  44.5 1550s
 53806 18904 7.8368e+10  128   43 7.7361e+10 7.9538e+10  2.81%  44.5 1555s
 54069 18978 7.8368e+10  184   18 7.7361e+10 7.9538e+10  2.81%  44.5 1560s
 54239 19034 7.9538e+10  146   27 7.7361e+10 7.9538e+10  2.81%  44.4 1565s
 54518 19097 7.9538e+10  144   38 7.7361e+10 7.9538e+10  2.81%  44.4 1570s
 54769 19208 7.9538e+10  160   18 7.7361e+10 7.9538e+10  2.81%  44.3 1575s
 55037 19291 7.9538e+10  135   25 7.7361e+10 7.9538e+10  2.81%  44.2 1580s
 55258 19313 7.9538e+10  154   86 7.7361e+10 7.9538e+10  2.81%  44.1 1585s
 55512 19441 7.8464e+10  141  235 7.7361e+10 7.9538e+10  2.81%  44.0 1590s
 55774 19545 7.9418e+10  137  167 7.7361e+10 7.9538e+10  2.81%  44.0 1595s
 56096 19701 7.9538e+10  167   35 7.7361e+10 7.9538e+10  2.81%  43.8 1600s
 56331 19814 7.9538e+10  162   99 7.7361e+10 7.9538e+10  2.81%  43.8 1605s
 56698 19974 7.9489e+10  149  136 7.7361e+10 7.9538e+10  2.81%  43.7 1610s
 56962 20100 7.9538e+10  131   60 7.7361e+10 7.9538e+10  2.81%  43.7 1615s
 57114 20188 7.8368e+10  179   22 7.7361e+10 7.9538e+10  2.81%  43.6 1620s
 57281 20276 infeasible  167      7.7361e+10 7.9538e+10  2.81%  43.6 1625s
 57581 20434 7.9538e+10  162   23 7.7361e+10 7.9538e+10  2.81%  43.5 1631s
 57825 20552 7.8496e+10  149   98 7.7361e+10 7.9538e+10  2.81%  43.5 1635s
 58098 20674 7.9538e+10  135  124 7.7361e+10 7.9538e+10  2.81%  43.4 1640s
 58365 20801 7.8496e+10  132  185 7.7361e+10 7.9538e+10  2.81%  43.4 1645s
 58721 20964 7.9538e+10  142   40 7.7361e+10 7.9538e+10  2.81%  43.3 1650s
 59015 21120 infeasible  149      7.7361e+10 7.9538e+10  2.81%  43.3 1655s
 59329 21258 7.9538e+10  122   51 7.7361e+10 7.9538e+10  2.81%  43.2 1660s
 59547 21323 infeasible  141      7.7361e+10 7.9538e+10  2.81%  43.2 1665s
 59552 21322 7.9538e+10  141   43 7.7361e+10 7.9538e+10  2.81%  43.2 1671s
 59839 21349 7.9538e+10  164   25 7.7361e+10 7.9538e+10  2.81%  43.0 1675s
 60126 21401 7.9538e+10  136  105 7.7361e+10 7.9538e+10  2.81%  42.9 1680s
 60428 21493 7.9538e+10  133   42 7.7361e+10 7.9538e+10  2.81%  42.8 1685s
 60682 21571 7.9538e+10  132   36 7.7361e+10 7.9538e+10  2.81%  42.7 1690s
 60956 21675 infeasible  124      7.7361e+10 7.9538e+10  2.81%  42.6 1695s
 61148 21763 7.9441e+10  152   53 7.7361e+10 7.9538e+10  2.81%  42.6 1700s
 61466 21858 7.9538e+10  100   58 7.7361e+10 7.9538e+10  2.81%  42.5 1705s
 61783 22038 infeasible  148      7.7361e+10 7.9538e+10  2.81%  42.4 1710s
 62051 22119 7.9538e+10  128   21 7.7361e+10 7.9538e+10  2.81%  42.3 1715s
 62297 22166 7.9538e+10  125   18 7.7361e+10 7.9538e+10  2.81%  42.3 1720s
 62472 22240 7.9538e+10  146  109 7.7361e+10 7.9538e+10  2.81%  42.3 1725s
 62673 22378 infeasible  116      7.7361e+10 7.9538e+10  2.81%  42.3 1730s
 62912 22441 7.9538e+10  128   20 7.7361e+10 7.9538e+10  2.81%  42.2 1735s
 63046 22487 7.9538e+10  119   48 7.7361e+10 7.9538e+10  2.81%  42.2 1740s
 63278 22571 7.8453e+10  126  181 7.7361e+10 7.9538e+10  2.81%  42.2 1745s
 63413 22632 7.9538e+10   99   65 7.7361e+10 7.9538e+10  2.81%  42.2 1750s
 63602 22733 7.9538e+10  105   37 7.7361e+10 7.9538e+10  2.81%  42.2 1755s
 63662 22774 7.9538e+10  105   37 7.7361e+10 7.9538e+10  2.81%  42.2 1760s
 63887 22903 7.9538e+10  121   43 7.7361e+10 7.9538e+10  2.81%  42.2 1765s
 64132 23044 7.7637e+10  161  177 7.7361e+10 7.9538e+10  2.81%  42.1 1770s
 64318 23126 7.9491e+10  132   84 7.7361e+10 7.9538e+10  2.81%  42.1 1775s
 64556 23236 7.9538e+10  114  198 7.7361e+10 7.9538e+10  2.81%  42.1 1780s
 64755 23343 7.9479e+10  152  185 7.7361e+10 7.9538e+10  2.81%  42.1 1785s
 65044 23448 7.8496e+10  141  215 7.7361e+10 7.9538e+10  2.81%  42.1 1790s
 65213 23497 7.8368e+10  146  137 7.7361e+10 7.9538e+10  2.81%  42.2 1795s
 65484 23653 7.9485e+10  168  132 7.7361e+10 7.9538e+10  2.81%  42.2 1800s
 65556 23686 7.9538e+10  125   58 7.7361e+10 7.9538e+10  2.81%  42.2 1805s
 65642 23715 7.7637e+10  142  198 7.7361e+10 7.9538e+10  2.81%  42.2 1810s
 65871 23802 7.9538e+10  131  148 7.7361e+10 7.9538e+10  2.81%  42.2 1816s
 66045 23889 7.9538e+10  115   40 7.7361e+10 7.9538e+10  2.81%  42.2 1820s
 66336 24009 infeasible  139      7.7361e+10 7.9538e+10  2.81%  42.2 1825s
 66703 24166 7.9538e+10  111   80 7.7361e+10 7.9538e+10  2.81%  42.1 1830s
 66985 24243 7.7637e+10  121   80 7.7361e+10 7.9538e+10  2.81%  42.1 1835s
 67141 24295 7.7482e+10  184  109 7.7361e+10 7.9538e+10  2.81%  42.1 1840s
 67350 24420 7.7637e+10  173   68 7.7361e+10 7.9538e+10  2.81%  42.1 1845s
 67587 24531 7.9538e+10  150   30 7.7361e+10 7.9538e+10  2.81%  42.0 1854s
 67588 24532 7.9538e+10  150   39 7.7361e+10 7.9538e+10  2.81%  42.0 1855s
 67820 24621 7.7482e+10  196   72 7.7361e+10 7.9538e+10  2.81%  42.0 1860s
 68064 24721 7.9538e+10  121   56 7.7361e+10 7.9538e+10  2.81%  41.9 1865s
 68300 24792 7.9538e+10  151   31 7.7361e+10 7.9538e+10  2.81%  41.9 1870s
 68549 24913 7.8652e+10  183   59 7.7361e+10 7.9538e+10  2.81%  41.8 1875s
 68789 25052 7.9538e+10  146   27 7.7361e+10 7.9538e+10  2.81%  41.8 1880s
 69013 25190 7.9538e+10  109   44 7.7361e+10 7.9538e+10  2.81%  41.7 1885s
 69270 25318 7.8652e+10  186   47 7.7361e+10 7.9538e+10  2.81%  41.7 1890s
 69484 25389 7.7639e+10  170  124 7.7361e+10 7.9538e+10  2.81%  41.7 1895s
 69756 25525     cutoff  194      7.7361e+10 7.9538e+10  2.81%  41.7 1900s
 69985 25621 7.9538e+10  147   43 7.7361e+10 7.9538e+10  2.81%  41.7 1905s
 70242 25773 7.9538e+10  146   41 7.7361e+10 7.9538e+10  2.81%  41.7 1910s
 70589 25973 7.9538e+10   86   69 7.7361e+10 7.9538e+10  2.81%  41.6 1915s
 70849 26124 7.9538e+10  129   74 7.7361e+10 7.9538e+10  2.81%  41.6 1920s
 70971 26193 7.8303e+10  145  174 7.7361e+10 7.9538e+10  2.81%  41.6 1926s
 71065 26240 7.8807e+10  128   55 7.7361e+10 7.9538e+10  2.81%  41.6 1930s
 71275 26355 7.9538e+10  105   26 7.7361e+10 7.9538e+10  2.81%  41.5 1935s
 71484 26482 7.9538e+10   97   67 7.7361e+10 7.9538e+10  2.81%  41.5 1940s
 71761 26675 infeasible  116      7.7361e+10 7.9538e+10  2.81%  41.4 1945s
 71956 26790 7.9538e+10   92   45 7.7361e+10 7.9538e+10  2.81%  41.4 1950s
 72187 26951 7.9538e+10   88   53 7.7361e+10 7.9538e+10  2.81%  41.4 1955s
 72416 27113 7.7637e+10  163   69 7.7361e+10 7.9538e+10  2.81%  41.4 1960s
 72691 27303 7.9042e+10  140  175 7.7361e+10 7.9538e+10  2.81%  41.3 1965s
 72970 27483 7.9538e+10   78   59 7.7361e+10 7.9538e+10  2.81%  41.3 1970s
 73217 27609 7.9538e+10   79   47 7.7361e+10 7.9538e+10  2.81%  41.3 1975s
 73444 27708 7.8368e+10  173   16 7.7361e+10 7.9538e+10  2.81%  41.3 1980s
 73733 27888 7.8368e+10  180   17 7.7361e+10 7.9538e+10  2.81%  41.2 1985s
 73959 27984 7.9538e+10   85   64 7.7361e+10 7.9538e+10  2.81%  41.2 1994s
 73983 28008 7.9538e+10  108   58 7.7361e+10 7.9538e+10  2.81%  41.2 1995s
 74119 28090 7.9538e+10  146  125 7.7361e+10 7.9538e+10  2.81%  41.2 2000s
 74347 28177 7.7948e+10  155  129 7.7361e+10 7.9538e+10  2.81%  41.2 2005s
 74578 28294 7.9538e+10  140  148 7.7361e+10 7.9538e+10  2.81%  41.2 2010s
 74843 28424 7.9538e+10   75   67 7.7361e+10 7.9538e+10  2.81%  41.1 2015s
 75102 28600 7.7948e+10  140  162 7.7361e+10 7.9538e+10  2.81%  41.1 2020s
 75402 28775 7.7794e+10  183  113 7.7361e+10 7.9538e+10  2.81%  41.0 2025s
 75641 28906 7.9538e+10   91   51 7.7361e+10 7.9538e+10  2.81%  41.0 2030s
 75846 29023 infeasible  148      7.7361e+10 7.9538e+10  2.81%  41.0 2035s
 76014 29100 7.8589e+10  165  161 7.7361e+10 7.9538e+10  2.81%  41.0 2040s
 76238 29220 7.9538e+10  131   61 7.7361e+10 7.9538e+10  2.81%  41.0 2045s
 76515 29386 7.9531e+10  167  176 7.7361e+10 7.9538e+10  2.81%  41.0 2050s
 76672 29467 7.9538e+10  144   42 7.7361e+10 7.9538e+10  2.81%  41.0 2055s
 76967 29599 7.9428e+10  141  213 7.7361e+10 7.9538e+10  2.81%  41.0 2060s
 77227 29736 7.9538e+10  133   73 7.7361e+10 7.9538e+10  2.81%  40.9 2065s
 77490 29819 7.8368e+10  153   39 7.7361e+10 7.9538e+10  2.81%  40.9 2070s
 77994 29877 infeasible  143      7.7361e+10 7.9538e+10  2.81%  40.8 2075s
 78079 29918 7.7637e+10  142  197 7.7361e+10 7.9538e+10  2.81%  40.8 2084s
 78091 29926 7.9538e+10  133   70 7.7361e+10 7.9538e+10  2.81%  40.8 2085s
 78262 30009 7.9538e+10  147   40 7.7361e+10 7.9538e+10  2.81%  40.8 2090s
 78406 30088 7.9538e+10  102  185 7.7361e+10 7.9538e+10  2.81%  40.8 2095s
 78656 30200 7.8807e+10  153   72 7.7361e+10 7.9538e+10  2.81%  40.8 2100s
 78839 30290 7.8524e+10  193  103 7.7361e+10 7.9538e+10  2.81%  40.8 2105s
 79059 30350 7.9538e+10  177   49 7.7361e+10 7.9538e+10  2.81%  40.8 2110s
 79264 30432 7.8496e+10  174   87 7.7361e+10 7.9538e+10  2.81%  40.8 2115s
 79518 30546 7.7482e+10  175  120 7.7361e+10 7.9538e+10  2.81%  40.8 2120s
 79748 30651 7.8605e+10  169  129 7.7361e+10 7.9538e+10  2.81%  40.9 2125s
 79914 30742 7.9538e+10  166  168 7.7361e+10 7.9538e+10  2.81%  40.9 2130s
 80172 30838 7.7482e+10  181   44 7.7361e+10 7.9538e+10  2.81%  40.9 2135s
 80396 30897 7.7482e+10  188   63 7.7361e+10 7.9538e+10  2.81%  40.9 2140s
 80631 30994 7.8368e+10  174   58 7.7361e+10 7.9538e+10  2.81%  40.9 2145s
 80842 31035 7.9494e+10  186  156 7.7361e+10 7.9538e+10  2.81%  40.9 2150s
 81094 31127 7.9490e+10  184  116 7.7361e+10 7.9538e+10  2.81%  41.0 2155s
 81306 31190 7.7482e+10  179  107 7.7361e+10 7.9538e+10  2.81%  41.0 2160s
 81513 31248 7.7482e+10  192   75 7.7361e+10 7.9538e+10  2.81%  41.0 2165s
 81724 31296 7.8494e+10  178  148 7.7361e+10 7.9538e+10  2.81%  41.0 2170s
 82050 31394 infeasible  195      7.7361e+10 7.9538e+10  2.81%  41.0 2175s
 82307 31465 7.8494e+10  187   74 7.7361e+10 7.9538e+10  2.81%  41.0 2180s
 82521 31520 7.9538e+10  187   39 7.7361e+10 7.9538e+10  2.81%  41.0 2185s
 82761 31578 7.8368e+10  191   25 7.7361e+10 7.9538e+10  2.81%  41.0 2190s
 82941 31623 7.7482e+10  191   51 7.7361e+10 7.9538e+10  2.81%  41.1 2195s
 83197 31692 7.8986e+10  186  140 7.7361e+10 7.9538e+10  2.81%  41.1 2206s
 83276 31711 7.8646e+10  185  121 7.7361e+10 7.9538e+10  2.81%  41.1 2210s
 83400 31756 7.8496e+10  172  163 7.7361e+10 7.9538e+10  2.81%  41.1 2215s
 83547 31816 7.8652e+10  187   61 7.7361e+10 7.9538e+10  2.81%  41.1 2220s
 83746 31886 7.8518e+10  184  159 7.7361e+10 7.9538e+10  2.81%  41.2 2225s
 83931 31948 7.7482e+10  196   48 7.7361e+10 7.9538e+10  2.81%  41.2 2230s
 84128 31982 7.7482e+10  200   31 7.7361e+10 7.9538e+10  2.81%  41.2 2235s
 84388 32020 7.8643e+10  186  129 7.7361e+10 7.9538e+10  2.81%  41.2 2240s
 84614 32034 7.8652e+10  180  170 7.7361e+10 7.9538e+10  2.81%  41.2 2245s
 84762 32052 infeasible  193      7.7361e+10 7.9538e+10  2.81%  41.2 2250s
 84926 32087 7.8496e+10  178  190 7.7361e+10 7.9538e+10  2.81%  41.2 2255s
 85038 32106 infeasible  177      7.7361e+10 7.9538e+10  2.81%  41.3 2260s
 85299 32189 7.7482e+10  207   34 7.7361e+10 7.9538e+10  2.81%  41.3 2265s
 85563 32268 7.8368e+10  230   12 7.7361e+10 7.9538e+10  2.81%  41.3 2270s
 85838 32354 7.7482e+10  200   58 7.7361e+10 7.9538e+10  2.81%  41.3 2275s
 86096 32395 7.7482e+10  203   68 7.7361e+10 7.9538e+10  2.81%  41.3 2280s
 86451 32472 7.9538e+10  178   46 7.7361e+10 7.9538e+10  2.81%  41.2 2285s
 86717 32577 7.9538e+10  171   54 7.7361e+10 7.9538e+10  2.81%  41.2 2290s
 86895 32658 7.8368e+10  204   36 7.7361e+10 7.9538e+10  2.81%  41.2 2295s
 87110 32715 7.7911e+10  192  214 7.7361e+10 7.9538e+10  2.81%  41.2 2300s
 87379 32793 7.9538e+10  182  114 7.7361e+10 7.9538e+10  2.81%  41.2 2305s
 87570 32809 7.8652e+10  188   44 7.7361e+10 7.9538e+10  2.81%  41.3 2310s
 87812 32875 7.8368e+10  203   75 7.7361e+10 7.9538e+10  2.81%  41.3 2315s
 88065 32943 7.8245e+10  187  230 7.7361e+10 7.9538e+10  2.81%  41.3 2320s
 88289 32998 7.8646e+10  188  131 7.7361e+10 7.9538e+10  2.81%  41.3 2325s
 88547 33070 7.8496e+10  194   96 7.7361e+10 7.9538e+10  2.81%  41.3 2330s
 88565 33077 7.9282e+10  179  190 7.7361e+10 7.9538e+10  2.81%  41.3 2335s
 88666 33110     cutoff  213      7.7361e+10 7.9538e+10  2.81%  41.3 2340s
 88863 33154 infeasible  189      7.7361e+10 7.9538e+10  2.81%  41.3 2345s
 89048 33184 7.8489e+10  185   32 7.7361e+10 7.9538e+10  2.81%  41.3 2350s
 89263 33246 7.8325e+10  198   79 7.7361e+10 7.9538e+10  2.81%  41.3 2355s
 89509 33314 infeasible  154      7.7361e+10 7.9538e+10  2.81%  41.3 2360s
 89677 33379 7.8652e+10  198   83 7.7361e+10 7.9538e+10  2.81%  41.3 2365s
 89932 33473 7.7476e+10  196  105 7.7361e+10 7.9538e+10  2.81%  41.3 2370s
 90205 33543 7.8652e+10  183   43 7.7361e+10 7.9538e+10  2.81%  41.3 2375s
 90405 33653 7.9474e+10  176  119 7.7361e+10 7.9538e+10  2.81%  41.3 2380s
 90590 33765 infeasible  159      7.7361e+10 7.9538e+10  2.81%  41.3 2385s
 90878 33891 7.9538e+10  145   75 7.7361e+10 7.9538e+10  2.81%  41.3 2390s
 91065 34003 7.8807e+10  114  171 7.7361e+10 7.9538e+10  2.81%  41.3 2395s
 91319 34183 7.9538e+10  102  264 7.7361e+10 7.9538e+10  2.81%  41.2 2400s
 91529 34285 7.9538e+10  115  137 7.7361e+10 7.9538e+10  2.81%  41.2 2405s
 91731 34432 7.9538e+10  170  103 7.7361e+10 7.9538e+10  2.81%  41.2 2410s
 91971 34499 7.7482e+10  189   60 7.7361e+10 7.9538e+10  2.81%  41.2 2415s
 92118 34562 7.7482e+10  188   54 7.7361e+10 7.9538e+10  2.81%  41.2 2420s
 92142 34575 7.7482e+10  202   17 7.7361e+10 7.9538e+10  2.81%  41.2 2427s
 92189 34594 7.8368e+10  185   37 7.7361e+10 7.9538e+10  2.81%  41.2 2430s
 92448 34707 7.8038e+10  187  198 7.7361e+10 7.9538e+10  2.81%  41.3 2435s
 92700 34829 7.9495e+10  179  131 7.7361e+10 7.9538e+10  2.81%  41.3 2441s
 92826 34893 7.7482e+10  179   45 7.7361e+10 7.9538e+10  2.81%  41.3 2445s
 93005 34966 7.8647e+10  190  136 7.7361e+10 7.9538e+10  2.81%  41.3 2450s
 93165 35052 7.8368e+10  180  199 7.7361e+10 7.9538e+10  2.81%  41.3 2455s
 93431 35159 7.8652e+10  176  223 7.7361e+10 7.9538e+10  2.81%  41.3 2461s
 93636 35186 7.8652e+10  169   65 7.7361e+10 7.9538e+10  2.81%  41.4 2465s
 93846 35286 infeasible  160      7.7361e+10 7.9538e+10  2.81%  41.3 2470s
 94073 35345 7.7439e+10  169  251 7.7361e+10 7.9538e+10  2.81%  41.4 2475s
 94273 35415 7.7482e+10  155  150 7.7361e+10 7.9538e+10  2.81%  41.4 2480s
 94528 35553 7.8565e+10  173  162 7.7361e+10 7.9538e+10  2.81%  41.5 2485s
 94679 35638 7.8524e+10  186  141 7.7361e+10 7.9538e+10  2.81%  41.5 2490s
 94979 35744 7.7482e+10  158  159 7.7361e+10 7.9538e+10  2.81%  41.5 2495s
 95159 35824 infeasible  155      7.7361e+10 7.9538e+10  2.81%  41.5 2500s
 95419 35925 7.7482e+10  186   48 7.7361e+10 7.9538e+10  2.81%  41.5 2506s
 95595 35989 7.9538e+10  116  129 7.7361e+10 7.9538e+10  2.81%  41.5 2510s
 95947 36135 7.8496e+10  136  116 7.7361e+10 7.9538e+10  2.81%  41.5 2515s
 96159 36245 7.8807e+10  119  168 7.7361e+10 7.9538e+10  2.81%  41.5 2520s
 96420 36393 7.9538e+10  147   74 7.7361e+10 7.9538e+10  2.81%  41.4 2526s
 96642 36496 7.9538e+10  108   70 7.7361e+10 7.9538e+10  2.81%  41.5 2530s
 96919 36637 7.9538e+10  128   53 7.7361e+10 7.9538e+10  2.81%  41.4 2535s
 97218 36748 7.9538e+10  140  252 7.7361e+10 7.9538e+10  2.81%  41.4 2540s
 97302 36804 7.9538e+10  154  159 7.7361e+10 7.9538e+10  2.81%  41.4 2548s
 97357 36820 7.9538e+10  102   59 7.7361e+10 7.9538e+10  2.81%  41.4 2550s
 97552 36934 7.9538e+10  136   35 7.7361e+10 7.9538e+10  2.81%  41.4 2555s
 97762 37058 7.9538e+10  107   48 7.7361e+10 7.9538e+10  2.81%  41.3 2560s
 98001 37200 7.9538e+10  101   54 7.7361e+10 7.9538e+10  2.81%  41.3 2565s
 98291 37345 7.9538e+10   97   71 7.7361e+10 7.9538e+10  2.81%  41.3 2570s
 98604 37540 7.9538e+10  161   57 7.7361e+10 7.9538e+10  2.81%  41.2 2575s
 98806 37668 7.8807e+10  152   27 7.7361e+10 7.9538e+10  2.81%  41.2 2580s
 99225 37901 7.9538e+10   80   57 7.7361e+10 7.9538e+10  2.81%  41.1 2586s
 99458 38011 7.9458e+10  107  123 7.7361e+10 7.9538e+10  2.81%  41.1 2590s
 99798 38206 7.8605e+10  188   99 7.7361e+10 7.9538e+10  2.81%  41.0 2595s
 100076 38373 7.9538e+10  101   39 7.7361e+10 7.9538e+10  2.81%  41.0 2600s
 100427 38531 7.9538e+10  122   43 7.7361e+10 7.9538e+10  2.81%  40.9 2605s
 100831 38765 7.8170e+10  113  195 7.7361e+10 7.9538e+10  2.81%  40.8 2610s
 101216 38818 7.9538e+10  166   57 7.7361e+10 7.9538e+10  2.81%  40.7 2615s
 101442 38872 7.8605e+10  183  125 7.7361e+10 7.9538e+10  2.81%  40.7 2620s
 101828 38959 7.8652e+10  181   55 7.7361e+10 7.9538e+10  2.81%  40.7 2625s
 102056 39053 7.7604e+10  204   10 7.7361e+10 7.9538e+10  2.81%  40.6 2630s
 102381 39159 7.9439e+10  133   74 7.7361e+10 7.9538e+10  2.81%  40.6 2635s
 102781 39205 7.9538e+10  147   72 7.7361e+10 7.9538e+10  2.81%  40.5 2640s
 103089 39264 7.8368e+10  154   43 7.7361e+10 7.9538e+10  2.81%  40.5 2645s
 103431 39331 7.9538e+10  139   48 7.7361e+10 7.9538e+10  2.81%  40.4 2650s
 103765 39424 7.9538e+10  177   51 7.7361e+10 7.9538e+10  2.81%  40.3 2655s
 103838 39462 7.8652e+10  188   68 7.7361e+10 7.9538e+10  2.81%  40.3 2661s
 103924 39481 7.9538e+10  109   68 7.7361e+10 7.9538e+10  2.81%  40.4 2665s
 104068 39575 7.9538e+10  141  123 7.7361e+10 7.9538e+10  2.81%  40.3 2670s
 104295 39670 7.8368e+10  170   23 7.7361e+10 7.9538e+10  2.81%  40.3 2675s
 104491 39775 7.8807e+10  112   69 7.7361e+10 7.9538e+10  2.81%  40.3 2680s
 104744 39874 7.9538e+10  129   90 7.7361e+10 7.9538e+10  2.81%  40.3 2685s
 105111 40027 7.9538e+10  127  149 7.7361e+10 7.9538e+10  2.81%  40.2 2690s
 105264 40108 7.8807e+10  129   78 7.7361e+10 7.9538e+10  2.81%  40.2 2695s
 105469 40175 7.9538e+10  143   63 7.7361e+10 7.9538e+10  2.81%  40.2 2700s
 105730 40308 7.8807e+10  119   95 7.7361e+10 7.9538e+10  2.81%  40.2 2705s
 105834 40380 7.8807e+10  148   57 7.7361e+10 7.9538e+10  2.81%  40.2 2710s
 106091 40484 7.9487e+10  157  141 7.7361e+10 7.9538e+10  2.81%  40.2 2715s
 106342 40613 7.8807e+10  122  238 7.7361e+10 7.9538e+10  2.81%  40.2 2720s
 106629 40743 7.9538e+10  112  134 7.7361e+10 7.9538e+10  2.81%  40.2 2725s
 106844 40893 7.9538e+10   93  276 7.7361e+10 7.9538e+10  2.81%  40.2 2730s
 107121 41110 7.8496e+10  151   93 7.7361e+10 7.9538e+10  2.81%  40.1 2735s
 107255 41199 7.8496e+10  154  129 7.7361e+10 7.9538e+10  2.81%  40.1 2740s
 107508 41384 7.8807e+10  196   38 7.7361e+10 7.9538e+10  2.81%  40.1 2745s
 107691 41490 7.8807e+10  140   55 7.7361e+10 7.9538e+10  2.81%  40.1 2750s
 107850 41582 7.9538e+10  148   75 7.7361e+10 7.9538e+10  2.81%  40.1 2757s
 107932 41624 7.8496e+10  134  116 7.7361e+10 7.9538e+10  2.81%  40.1 2760s
 108075 41727 7.8807e+10  135   66 7.7361e+10 7.9538e+10  2.81%  40.1 2765s
 108259 41849 7.9538e+10  181   63 7.7361e+10 7.9538e+10  2.81%  40.1 2770s
 108476 41975 7.9538e+10  138  125 7.7361e+10 7.9538e+10  2.81%  40.1 2775s
 108689 42105 7.9538e+10  167   74 7.7361e+10 7.9538e+10  2.81%  40.1 2780s
 108984 42289 infeasible  137      7.7361e+10 7.9538e+10  2.81%  40.1 2785s
 109193 42394 7.8496e+10  147  248 7.7361e+10 7.9538e+10  2.81%  40.1 2790s
 109445 42580 7.9538e+10  143  238 7.7361e+10 7.9538e+10  2.81%  40.1 2795s
 109690 42781 7.9538e+10  128   79 7.7361e+10 7.9538e+10  2.81%  40.1 2800s
 109940 42909 7.8496e+10  161  169 7.7361e+10 7.9538e+10  2.81%  40.1 2805s
 110124 43034 7.9538e+10  137   90 7.7361e+10 7.9538e+10  2.81%  40.1 2810s
 110343 43184 7.9538e+10  164   40 7.7361e+10 7.9538e+10  2.81%  40.1 2815s
 110632 43340 7.9538e+10  133  101 7.7361e+10 7.9538e+10  2.81%  40.1 2820s
 110873 43439 7.7637e+10  164   69 7.7361e+10 7.9538e+10  2.81%  40.0 2825s
 111087 43569 7.7435e+10  166  188 7.7361e+10 7.9538e+10  2.81%  40.0 2830s
 111385 43760 7.9538e+10  103  181 7.7361e+10 7.9538e+10  2.81%  40.0 2835s
 111631 43900 7.8755e+10  167  195 7.7361e+10 7.9538e+10  2.81%  40.0 2840s
 111634 43899 7.8755e+10  166  200 7.7361e+10 7.9538e+10  2.81%  40.0 2845s
 111747 43999 7.8807e+10  121  130 7.7361e+10 7.9538e+10  2.81%  40.0 2850s
 111890 44086 7.8368e+10  195   65 7.7361e+10 7.9538e+10  2.81%  40.0 2855s
 112139 44215 7.9538e+10  155   24 7.7361e+10 7.9538e+10  2.81%  40.0 2860s
 112348 44279 7.8368e+10  144  146 7.7361e+10 7.9538e+10  2.81%  40.0 2865s
 112684 44430 7.8496e+10  164  119 7.7361e+10 7.9538e+10  2.81%  40.0 2870s
 112897 44522 7.8368e+10  192   10 7.7361e+10 7.9538e+10  2.81%  40.0 2875s
 113191 44665 7.9538e+10  157   42 7.7361e+10 7.9538e+10  2.81%  39.9 2880s
 113388 44775 7.9538e+10  134   25 7.7361e+10 7.9538e+10  2.81%  39.9 2885s
 113789 44960 7.9538e+10  147   67 7.7361e+10 7.9538e+10  2.81%  39.9 2890s
 114022 45056 7.9538e+10  136   91 7.7361e+10 7.9538e+10  2.81%  39.8 2895s
 114425 45269 7.9538e+10  136   76 7.7361e+10 7.9538e+10  2.81%  39.8 2900s
 114661 45381 7.8652e+10  152   36 7.7361e+10 7.9538e+10  2.81%  39.8 2905s
 115038 45585 infeasible  148      7.7361e+10 7.9538e+10  2.81%  39.8 2910s
 115236 45715 7.9538e+10  138   78 7.7361e+10 7.9538e+10  2.81%  39.8 2915s
 115623 45899 7.8652e+10  151   17 7.7361e+10 7.9538e+10  2.81%  39.7 2920s
 115626 45898 7.8652e+10  151   17 7.7361e+10 7.9538e+10  2.81%  39.7 2926s
 115738 45967 7.8524e+10  164   97 7.7361e+10 7.9538e+10  2.81%  39.7 2930s
 115979 46087 7.7482e+10  142   75 7.7361e+10 7.9538e+10  2.81%  39.7 2935s
 116212 46212 7.9538e+10  181   36 7.7361e+10 7.9538e+10  2.81%  39.7 2940s
 116453 46326 7.9538e+10  130   45 7.7361e+10 7.9538e+10  2.81%  39.6 2945s
 116698 46433 7.8368e+10  189   31 7.7361e+10 7.9538e+10  2.81%  39.6 2950s
 116959 46564 7.8496e+10  131   91 7.7361e+10 7.9538e+10  2.81%  39.6 2955s
 117284 46759 7.9538e+10  117  115 7.7361e+10 7.9538e+10  2.81%  39.6 2960s
 117491 46855 infeasible  137      7.7361e+10 7.9538e+10  2.81%  39.6 2965s
 117839 47055 7.9538e+10   98  181 7.7361e+10 7.9538e+10  2.81%  39.5 2970s
 118055 47117 7.9538e+10  113   59 7.7361e+10 7.9538e+10  2.81%  39.5 2975s
 118409 47284 7.9538e+10  101   66 7.7361e+10 7.9538e+10  2.81%  39.5 2980s
 118676 47399 7.9538e+10  112  131 7.7361e+10 7.9538e+10  2.81%  39.5 2985s
 118914 47511 7.9538e+10   82  392 7.7361e+10 7.9538e+10  2.81%  39.5 2990s
 119175 47643 7.9538e+10  123   54 7.7361e+10 7.9538e+10  2.81%  39.5 2995s
 119405 47738 7.9538e+10  110   52 7.7361e+10 7.9538e+10  2.81%  39.5 3000s
 119675 47866 7.7637e+10  197   30 7.7361e+10 7.9538e+10  2.81%  39.5 3005s
 119996 47947 7.7963e+10  184  252 7.7361e+10 7.9538e+10  2.81%  39.4 3010s
 120281 48025 7.9538e+10  115   57 7.7361e+10 7.9538e+10  2.81%  39.4 3015s
 120362 48032 7.8714e+10  217  114 7.7361e+10 7.9538e+10  2.81%  39.4 3022s
 120399 48047 7.8759e+10  178  103 7.7361e+10 7.9538e+10  2.81%  39.4 3025s
 120605 48134 7.9538e+10  120  115 7.7361e+10 7.9538e+10  2.81%  39.4 3030s
 120840 48259 7.9538e+10  142   28 7.7361e+10 7.9538e+10  2.81%  39.4 3035s
 121061 48325 7.9538e+10  108   62 7.7361e+10 7.9538e+10  2.81%  39.4 3041s
 121360 48412 7.9538e+10  208  125 7.7361e+10 7.9538e+10  2.81%  39.3 3045s
 121548 48498 7.9538e+10  133   42 7.7361e+10 7.9538e+10  2.81%  39.3 3050s
 121810 48625 7.8496e+10  112  198 7.7361e+10 7.9538e+10  2.81%  39.3 3055s
 121999 48761 7.8368e+10  107  177 7.7361e+10 7.9538e+10  2.81%  39.3 3060s
 122355 48941 infeasible   79      7.7361e+10 7.9538e+10  2.81%  39.3 3065s
 122549 49002 7.8368e+10  182   51 7.7361e+10 7.9538e+10  2.81%  39.3 3070s
 122812 49160 7.9538e+10   56  133 7.7361e+10 7.9538e+10  2.81%  39.2 3075s
 123079 49303 infeasible  112      7.7361e+10 7.9538e+10  2.81%  39.2 3080s
 123362 49410 7.7637e+10  174  141 7.7361e+10 7.9538e+10  2.81%  39.2 3085s
 123657 49496 7.7637e+10  183   30 7.7361e+10 7.9538e+10  2.81%  39.2 3090s
 124007 49618 7.9538e+10  131   65 7.7361e+10 7.9538e+10  2.81%  39.1 3095s
 124365 49765 7.9505e+10  143  114 7.7361e+10 7.9538e+10  2.81%  39.1 3100s
 124598 49864 7.9538e+10  133   52 7.7361e+10 7.9538e+10  2.81%  39.1 3105s
 124929 50014 7.8807e+10  141   87 7.7361e+10 7.9538e+10  2.81%  39.1 3110s
 125187 50123 7.7482e+10  167  136 7.7361e+10 7.9538e+10  2.81%  39.0 3115s
 125525 50226 7.9538e+10  151   86 7.7361e+10 7.9538e+10  2.81%  39.1 3120s
 125751 50293 7.9517e+10  139  186 7.7361e+10 7.9538e+10  2.81%  39.1 3125s
 125961 50393 7.8496e+10   82  349 7.7361e+10 7.9538e+10  2.81%  39.1 3130s
 126265 50539 7.8807e+10  140   48 7.7361e+10 7.9538e+10  2.81%  39.0 3135s
 126389 50575 7.9538e+10  137   50 7.7361e+10 7.9538e+10  2.81%  39.0 3141s
 126497 50606 infeasible  140      7.7361e+10 7.9538e+10  2.81%  39.0 3145s
 126744 50675 7.8652e+10  147   47 7.7361e+10 7.9538e+10  2.81%  39.0 3150s
 126915 50723 7.8494e+10  205   93 7.7361e+10 7.9538e+10  2.81%  39.1 3155s
 127159 50771 7.9538e+10  145   57 7.7361e+10 7.9538e+10  2.81%  39.1 3160s
 127378 50827 7.9538e+10  147   47 7.7361e+10 7.9538e+10  2.81%  39.1 3165s
 127688 50994 7.9489e+10  158   91 7.7361e+10 7.9538e+10  2.81%  39.1 3170s
 127931 51082 7.8464e+10  141  265 7.7361e+10 7.9538e+10  2.81%  39.1 3175s
 128141 51187 7.9538e+10  145   83 7.7361e+10 7.9538e+10  2.81%  39.1 3180s
 128357 51279 7.9538e+10  125  100 7.7361e+10 7.9538e+10  2.81%  39.1 3185s
 128663 51446 7.9504e+10  143  196 7.7361e+10 7.9538e+10  2.81%  39.1 3190s
 128867 51531 infeasible  150      7.7361e+10 7.9538e+10  2.81%  39.1 3195s
 129115 51634 7.9494e+10  136  198 7.7361e+10 7.9538e+10  2.81%  39.1 3200s
 129478 51799 7.9538e+10  137   39 7.7361e+10 7.9538e+10  2.81%  39.1 3205s
 129784 51989 7.9538e+10  129   69 7.7361e+10 7.9538e+10  2.81%  39.0 3210s
 129933 52075 7.8368e+10  221  164 7.7361e+10 7.9538e+10  2.81%  39.1 3215s
 130214 52169 7.9538e+10  135   34 7.7361e+10 7.9538e+10  2.81%  39.0 3220s
 130329 52202 7.8368e+10  174   16 7.7361e+10 7.9538e+10  2.81%  39.0 3225s
 130496 52255 7.9538e+10  130   38 7.7361e+10 7.9538e+10  2.81%  39.0 3230s
 130716 52298 7.9538e+10  126   38 7.7361e+10 7.9538e+10  2.81%  39.0 3235s
 131091 52393 7.9538e+10  133   91 7.7361e+10 7.9538e+10  2.81%  39.0 3240s
 131402 52529 infeasible  154      7.7361e+10 7.9538e+10  2.81%  38.9 3245s
 131613 52598 7.9538e+10  188  123 7.7361e+10 7.9538e+10  2.81%  38.9 3250s
 131881 52719 7.9538e+10  119   67 7.7361e+10 7.9538e+10  2.81%  38.9 3255s
 132190 52867 7.9538e+10  157   58 7.7361e+10 7.9538e+10  2.81%  38.9 3261s
 132485 52975 7.9538e+10  134   62 7.7361e+10 7.9538e+10  2.81%  38.9 3265s
 132714 53080 7.9538e+10  131  137 7.7361e+10 7.9538e+10  2.81%  38.9 3270s
 132866 53154 7.8368e+10  201   54 7.7361e+10 7.9538e+10  2.81%  38.9 3276s
 133021 53216 7.9538e+10  113   51 7.7361e+10 7.9538e+10  2.81%  38.9 3287s
 133068 53253 infeasible  143      7.7361e+10 7.9538e+10  2.81%  38.9 3290s
 133247 53353 7.8679e+10  137  123 7.7361e+10 7.9538e+10  2.81%  38.9 3295s
 133472 53450 7.9538e+10  119   61 7.7361e+10 7.9538e+10  2.81%  38.8 3300s
 133643 53539 infeasible  165      7.7361e+10 7.9538e+10  2.81%  38.8 3305s
 133788 53598 7.9538e+10  127   55 7.7361e+10 7.9538e+10  2.81%  38.8 3310s
 134123 53702 7.8496e+10  145   95 7.7361e+10 7.9538e+10  2.81%  38.9 3315s
 134329 53817 7.8496e+10  131  190 7.7361e+10 7.9538e+10  2.81%  38.9 3320s
 134585 53963 7.7637e+10  183   24 7.7361e+10 7.9538e+10  2.81%  38.9 3325s
 134907 54075 7.8368e+10  147  159 7.7361e+10 7.9538e+10  2.81%  38.8 3330s
 135161 54160 7.9538e+10  117   49 7.7361e+10 7.9538e+10  2.81%  38.8 3335s
 135529 54351 7.8496e+10  106  294 7.7361e+10 7.9538e+10  2.81%  38.8 3340s
 135731 54470 7.8807e+10  229   53 7.7361e+10 7.9538e+10  2.81%  38.8 3345s
 135911 54539 7.9538e+10  121  121 7.7361e+10 7.9538e+10  2.81%  38.8 3350s
 136316 54743 infeasible  152      7.7361e+10 7.9538e+10  2.81%  38.8 3355s
 136581 54855 7.9538e+10  129  105 7.7361e+10 7.9538e+10  2.81%  38.7 3360s
 136815 54933 7.8496e+10  186  108 7.7361e+10 7.9538e+10  2.81%  38.7 3365s
 137176 55081 7.9538e+10  122   51 7.7361e+10 7.9538e+10  2.81%  38.7 3370s
 137439 55199 7.9538e+10  117   69 7.7361e+10 7.9538e+10  2.81%  38.7 3375s
 137678 55305 7.9538e+10  116   49 7.7361e+10 7.9538e+10  2.81%  38.7 3380s
 137876 55392 7.8524e+10  192  106 7.7361e+10 7.9538e+10  2.81%  38.7 3385s
 138125 55507 7.7637e+10  186   24 7.7361e+10 7.9538e+10  2.81%  38.7 3390s
 138496 55637 7.8368e+10  165   28 7.7361e+10 7.9538e+10  2.81%  38.7 3395s
 138794 55747 7.9499e+10  197  134 7.7361e+10 7.9538e+10  2.81%  38.6 3400s
 139191 55858 7.9538e+10  132   26 7.7361e+10 7.9538e+10  2.81%  38.6 3405s
 139562 55981 7.9538e+10   69  135 7.7361e+10 7.9538e+10  2.81%  38.5 3410s
 139789 56126 7.9538e+10   60   91 7.7361e+10 7.9538e+10  2.81%  38.5 3415s
 139989 56249 7.9538e+10  171  114 7.7361e+10 7.9538e+10  2.81%  38.5 3420s
 140299 56344 7.9538e+10  127   53 7.7361e+10 7.9538e+10  2.81%  38.5 3425s
 140582 56435 infeasible  120      7.7361e+10 7.9538e+10  2.81%  38.5 3430s
 140813 56523 7.8807e+10  140  114 7.7361e+10 7.9538e+10  2.81%  38.5 3435s
 141024 56597 7.8524e+10  127  122 7.7361e+10 7.9538e+10  2.81%  38.5 3440s
 141406 56724 7.8464e+10  128  221 7.7361e+10 7.9538e+10  2.81%  38.5 3445s
 141534 56756 7.8368e+10  143   49 7.7361e+10 7.9538e+10  2.81%  38.5 3453s
 141640 56808 7.9538e+10   98   60 7.7361e+10 7.9538e+10  2.81%  38.5 3455s
 141870 56929 7.8807e+10  125  161 7.7361e+10 7.9538e+10  2.81%  38.5 3460s
 142018 56992 infeasible  136      7.7361e+10 7.9538e+10  2.81%  38.5 3465s
 142413 57184 7.9538e+10  120   65 7.7361e+10 7.9538e+10  2.81%  38.4 3470s
 142696 57281 7.9538e+10   92  129 7.7361e+10 7.9538e+10  2.81%  38.4 3475s
 142880 57398 7.8652e+10  149   46 7.7361e+10 7.9538e+10  2.81%  38.4 3480s
 143174 57533 infeasible  131      7.7361e+10 7.9538e+10  2.81%  38.4 3485s
 143422 57686 7.8368e+10  131   62 7.7361e+10 7.9538e+10  2.81%  38.4 3490s
 143630 57772 7.8368e+10  196   35 7.7361e+10 7.9538e+10  2.81%  38.4 3495s
 143934 57937 7.9538e+10  124  113 7.7361e+10 7.9538e+10  2.81%  38.4 3500s
 144291 58183 7.9098e+10  122  169 7.7361e+10 7.9538e+10  2.81%  38.4 3505s
 144489 58319 7.9538e+10  122   59 7.7361e+10 7.9538e+10  2.81%  38.4 3510s
 144789 58471 infeasible  182      7.7361e+10 7.9538e+10  2.81%  38.3 3515s
 145148 58721 7.9538e+10  128   42 7.7361e+10 7.9538e+10  2.81%  38.3 3520s
 145446 58908 7.8368e+10  137   75 7.7361e+10 7.9538e+10  2.81%  38.3 3525s
 145623 59027 7.9538e+10  175   73 7.7361e+10 7.9538e+10  2.81%  38.3 3530s
 145900 59144 7.9538e+10  112   47 7.7361e+10 7.9538e+10  2.81%  38.3 3535s
 146001 59177 7.9538e+10  177   64 7.7361e+10 7.9538e+10  2.81%  38.3 3540s
 146127 59234 7.9538e+10  179  144 7.7361e+10 7.9538e+10  2.81%  38.3 3545s
 146317 59286 7.8648e+10  103  252 7.7361e+10 7.9538e+10  2.81%  38.3 3550s
 146555 59340 7.8368e+10  191   81 7.7361e+10 7.9538e+10  2.81%  38.3 3555s
 146741 59375 7.9491e+10  189  142 7.7361e+10 7.9538e+10  2.81%  38.3 3560s
 146981 59453 7.9538e+10  177   87 7.7361e+10 7.9538e+10  2.81%  38.3 3565s
 147142 59511 7.7637e+10  174  200 7.7361e+10 7.9538e+10  2.81%  38.3 3570s
 147393 59617 7.9538e+10  201   19 7.7361e+10 7.9538e+10  2.81%  38.3 3575s
 147630 59649 7.9538e+10  198   73 7.7361e+10 7.9538e+10  2.81%  38.3 3580s
 147834 59691 7.8679e+10  194  110 7.7361e+10 7.9538e+10  2.81%  38.3 3585s
 148056 59728 7.9504e+10  183  166 7.7361e+10 7.9538e+10  2.81%  38.3 3590s

Cutting planes:
  Gomory: 12
  Cover: 28
  Implied bound: 20
  Projected implied bound: 21
  Clique: 12
  MIR: 4
  Flow cover: 42
  GUB cover: 2
  RLT: 9
  Relax-and-lift: 11

Explored 148219 nodes (5710343 simplex iterations) in 3593.87 seconds (1763.36 work units)
Thread count was 1 (of 28 available processors)

Solution count 10: 7.73609e+10 7.71978e+10 7.48578e+10 ... 5.44797e+10

Time limit reached
Best objective 7.736088996000e+10, best bound 7.953777666000e+10, gap 2.8139%

User-callback calls 1954280, time in user-callback 1.24 sec