Gurobi Optimizer version 12.0.3 build v12.0.3rc0 (linux64 - "Oracle Linux Server 9.4")

CPU model: Intel(R) Xeon(R) CPU E5-2660 v4 @ 2.00GHz, instruction set [SSE2|AVX|AVX2]
Thread count: 28 physical cores, 28 logical processors, using up to 1 threads

Non-default parameters:
TimeLimit  3599.282157958
SoftMemLimit  16
NumericFocus  1
Threads  1

Academic license 2690100 - for non-commercial use only - registered to ju___@uclm.es
Optimize a model with 17147 rows, 4218 columns and 59082 nonzeros
Model fingerprint: 0xc15f3c3a
Variable types: 74 continuous, 4144 integer (4144 binary)
Coefficient statistics:
  Matrix range     [1e+00, 4e+13]
  Objective range  [3e+08, 4e+09]
  Bounds range     [1e+03, 1e+04]
  RHS range        [1e+00, 2e+14]
Warning: Model contains large matrix coefficient range
Warning: Model contains large objective coefficients
Warning: Model contains large rhs
Found heuristic solution: objective -0.0000000
Presolve removed 4121 rows and 382 columns
Presolve time: 0.37s
Presolved: 13026 rows, 3836 columns, 46870 nonzeros
Variable types: 74 continuous, 3762 integer (3762 binary)

Root relaxation: objective 6.879802e+10, 1666 iterations, 0.05 seconds (0.03 work units)

    Nodes    |    Current Node    |     Objective Bounds      |     Work
 Expl Unexpl |  Obj  Depth IntInf | Incumbent    BestBd   Gap | It/Node Time

     0     0 6.8798e+10    0   19   -0.00000 6.8798e+10      -     -    0s
H    0     0                    1.063905e+10 6.8798e+10   547%     -    0s
     0     0 6.8798e+10    0  537 1.0639e+10 6.8798e+10   547%     -    1s
     0     0 6.8798e+10    0  510 1.0639e+10 6.8798e+10   547%     -    1s
H    0     0                    1.160169e+10 6.8798e+10   493%     -    1s
     0     0 6.8798e+10    0  538 1.1602e+10 6.8798e+10   493%     -    1s
     0     0 6.8798e+10    0   19 1.1602e+10 6.8798e+10   493%     -    1s
     0     0 6.8798e+10    0   18 1.1602e+10 6.8798e+10   493%     -    2s
     0     0 6.8798e+10    0   18 1.1602e+10 6.8798e+10   493%     -    2s
     0     0 6.8798e+10    0   18 1.1602e+10 6.8798e+10   493%     -    2s
     0     0 6.8798e+10    0   15 1.1602e+10 6.8798e+10   493%     -    2s
     0     0 6.8798e+10    0    8 1.1602e+10 6.8798e+10   493%     -    2s
     0     0 6.8798e+10    0   18 1.1602e+10 6.8798e+10   493%     -    2s
     0     0 6.8798e+10    0   18 1.1602e+10 6.8798e+10   493%     -    3s
     0     0 6.8798e+10    0   18 1.1602e+10 6.8798e+10   493%     -    3s
     0     2 6.8798e+10    0   18 1.1602e+10 6.8798e+10   493%     -    3s
H   26    22                    2.446631e+10 6.8798e+10   181%   127    4s
H   27    23                    2.510387e+10 6.8798e+10   174%   123    4s
    52    42 6.8798e+10   29   85 2.5104e+10 6.8798e+10   174%  89.0    5s
H  406   278                    3.689902e+10 6.8798e+10  86.4%  48.8    9s
   422   290 6.8798e+10  109  410 3.6899e+10 6.8798e+10  86.4%  49.1   10s
H  559   381                    4.040902e+10 6.8798e+10  70.3%  50.9   12s
H  622   413                    4.121542e+10 6.8798e+10  66.9%  58.0   13s
   649   419 6.8798e+10    4   40 4.1215e+10 6.8798e+10  66.9%  57.4   15s
H  650   418                    4.391542e+10 6.8798e+10  56.7%  57.3   15s
H  662   431                    4.472182e+10 6.8798e+10  53.8%  57.6   15s
H  667   413                    4.823182e+10 6.8798e+10  42.6%  57.2   20s
H  667   392                    4.957582e+10 6.8798e+10  38.8%  57.2   20s
H  671   374                    5.091982e+10 6.8798e+10  35.1%  56.8   22s
   678   379 6.8798e+10  182   21 5.0920e+10 6.8798e+10  35.1%  56.3   25s
H  679   361                    5.199502e+10 6.8798e+10  32.3%  56.2   26s
H  684   345                    5.496502e+10 6.8798e+10  25.2%   120   29s
   697   356 6.8798e+10   18   90 5.4965e+10 6.8798e+10  25.2%   120   30s
   788   411 6.8798e+10   74  391 5.4965e+10 6.8798e+10  25.2%   115   35s
   862   454 6.8798e+10  120  351 5.4965e+10 6.8798e+10  25.2%   109   40s
   941   490 6.8798e+10   40  404 5.4965e+10 6.8798e+10  25.2%   107   45s
   998   528 6.8798e+10   80  524 5.4965e+10 6.8798e+10  25.2%   106   50s
  1112   581 infeasible  149      5.4965e+10 6.8798e+10  25.2%   101   55s
  1167   616 6.8798e+10   59  397 5.4965e+10 6.8798e+10  25.2%  99.1   60s
  1288   686 6.8798e+10  134  370 5.4965e+10 6.8798e+10  25.2%  95.2   65s
H 1345   696                    5.847502e+10 6.8798e+10  17.7%  94.6   68s
  1365   703 6.8798e+10  179  339 5.8475e+10 6.8798e+10  17.7%  94.6   70s
  1441   688 6.8798e+10   20  567 5.8475e+10 6.8798e+10  17.7%  99.0   75s
  1566   771 6.8798e+10  136  316 5.8475e+10 6.8798e+10  17.7%  93.1   80s
  1684   853 6.5288e+10  250  329 5.8475e+10 6.8798e+10  17.7%  90.0   85s
  1747   862 6.5288e+10  260  218 5.8475e+10 6.8798e+10  17.7%  96.1   90s
  1850   947 6.8798e+10   95  287 5.8475e+10 6.8798e+10  17.7%  93.9   95s
  1960  1056 6.7513e+10  184  286 5.8475e+10 6.8798e+10  17.7%  92.8  100s
  2097  1192 6.8798e+10  316  278 5.8475e+10 6.8798e+10  17.7%  89.4  105s
  2195  1244 6.8798e+10   35  356 5.8475e+10 6.8798e+10  17.7%  88.5  110s
  2216  1265 6.8798e+10   51  429 5.8475e+10 6.8798e+10  17.7%  88.3  115s
  2380  1429 6.8798e+10  209  363 5.8475e+10 6.8798e+10  17.7%  86.1  120s
  2547  1595 6.8373e+10  363  215 5.8475e+10 6.8798e+10  17.7%  82.8  125s
  2649  1682 6.6043e+10  451  182 5.8475e+10 6.8798e+10  17.7%  81.0  131s
H 2693  1637                    6.198502e+10 6.8798e+10  11.0%  81.3  135s
  2767  1709 infeasible  115      6.1985e+10 6.8798e+10  11.0%  81.8  140s
  2929  1861 6.6098e+10  257   61 6.1985e+10 6.8798e+10  11.0%  78.8  145s
  3006  1906 6.8798e+10   99  235 6.1985e+10 6.8798e+10  11.0%  79.3  150s
  3069  1969 6.8798e+10  162  209 6.1985e+10 6.8798e+10  11.0%  78.4  158s
  3097  1997 6.8798e+10  189  195 6.1985e+10 6.8798e+10  11.0%  77.8  160s
  3193  2073 6.8798e+10   97  276 6.1985e+10 6.8798e+10  11.0%  77.8  165s
  3360  2230 6.8798e+10  261  164 6.1985e+10 6.8798e+10  11.0%  75.3  170s
  3439  2292 6.7623e+10  327   85 6.1985e+10 6.8798e+10  11.0%  75.1  176s
  3478  2303 6.8798e+10   80  337 6.1985e+10 6.8798e+10  11.0%  76.8  180s
  3628  2440 6.8798e+10  206  256 6.1985e+10 6.8798e+10  11.0%  75.1  185s
H 3693  2437                    6.585382e+10 6.8798e+10  4.47%  74.9  188s
H 3693  2385                    6.612262e+10 6.8798e+10  4.05%  74.9  189s
H 3693  2385                    6.622258e+10 6.8798e+10  3.89%  74.9  189s
H 3693  2347                    6.666022e+10 6.8798e+10  3.21%  74.9  189s
  3706  2362 6.8798e+10  246  143 6.6660e+10 6.8798e+10  3.21%  74.8  190s
  3767  2361 infeasible  248      6.6660e+10 6.8798e+10  3.21%  74.7  195s
  3863  2389 6.8798e+10  281  155 6.6660e+10 6.8798e+10  3.21%  75.1  200s
  3933  2367 6.8798e+10  254  128 6.6660e+10 6.8798e+10  3.21%  77.4  205s
  3992  2390 6.8798e+10  261  126 6.6660e+10 6.8798e+10  3.21%  78.7  211s
  4038  2372 infeasible  252      6.6660e+10 6.8798e+10  3.21%  81.0  215s
  4068  2366 6.8798e+10  255  133 6.6660e+10 6.8798e+10  3.21%  82.0  220s
  4139  2375 infeasible  263      6.6660e+10 6.8798e+10  3.21%  82.7  225s
  4213  2361 infeasible  257      6.6660e+10 6.8798e+10  3.21%  83.2  230s
  4230  2362 6.8798e+10  249  106 6.6660e+10 6.8798e+10  3.21%  84.0  235s
  4292  2372 6.8798e+10  258  128 6.6660e+10 6.8798e+10  3.21%  85.3  240s
  4347  2375 infeasible  245      6.6660e+10 6.8798e+10  3.21%  87.0  245s
  4434  2462 6.8798e+10  196  165 6.6660e+10 6.8798e+10  3.21%  86.6  251s
  4465  2493 6.8798e+10  227  189 6.6660e+10 6.8798e+10  3.21%  86.1  255s
  4561  2557 6.8798e+10  137  253 6.6660e+10 6.8798e+10  3.21%  86.0  260s
  4662  2650 6.8798e+10  222  257 6.6660e+10 6.8798e+10  3.21%  85.5  265s
  4744  2720 6.8798e+10  194  332 6.6660e+10 6.8798e+10  3.21%  85.2  270s
  4795  2759 6.8798e+10  287  147 6.6660e+10 6.8798e+10  3.21%  85.2  276s
  4845  2756 infeasible  292      6.6660e+10 6.8798e+10  3.21%  85.3  280s
  4876  2761 infeasible  289      6.6660e+10 6.8798e+10  3.21%  85.5  285s
  4970  2769 infeasible  306      6.6660e+10 6.8798e+10  3.21%  85.3  290s
  5045  2798 6.8798e+10  177  261 6.6660e+10 6.8798e+10  3.21%  85.6  295s
  5074  2825 6.8798e+10  198  195 6.6660e+10 6.8798e+10  3.21%  85.4  300s
  5104  2853 6.8798e+10  173   25 6.6660e+10 6.8798e+10  3.21%  85.0  305s
  5114  2860 6.8798e+10   77  522 6.6660e+10 6.8798e+10  3.21%  84.8  310s
  5123  2866 6.8798e+10  151   25 6.6660e+10 6.8798e+10  3.21%  84.7  315s
  5144  2882 6.8798e+10   32  502 6.6660e+10 6.8798e+10  3.21%  95.8  320s
  5221  2929 6.8798e+10   70  301 6.6660e+10 6.8798e+10  3.21%  95.2  325s
  5272  2959 6.8798e+10   95  271 6.6660e+10 6.8798e+10  3.21%  95.6  330s
  5339  2970 6.8798e+10   32  503 6.6660e+10 6.8798e+10  3.21%  96.6  335s
  5422  3015 6.8798e+10   75  394 6.6660e+10 6.8798e+10  3.21%  97.0  340s
  5517  2939 6.8798e+10   50  465 6.6660e+10 6.8798e+10  3.21%  99.4  345s
H 5538  2807                    6.729778e+10 6.8798e+10  2.23%  99.1  347s
  5566  2827 6.8798e+10   96  522 6.7298e+10 6.8798e+10  2.23%   100  350s
  5628  2869 6.8798e+10  158  416 6.7298e+10 6.8798e+10  2.23%  98.9  355s
  5674  2899 6.8798e+10  204  357 6.7298e+10 6.8798e+10  2.23%  98.3  360s
  5721  2931 6.8798e+10  251  297 6.7298e+10 6.8798e+10  2.23%  97.7  365s
  5755  2953 6.8798e+10  285  291 6.7298e+10 6.8798e+10  2.23%  97.2  372s
  5791  2977 6.8798e+10  321  364 6.7298e+10 6.8798e+10  2.23%  96.9  375s
  5861  3004 6.8798e+10   47  682 6.7298e+10 6.8798e+10  2.23%  97.1  380s
  5961  3071 6.8798e+10  147  368 6.7298e+10 6.8798e+10  2.23%  96.1  385s
  6063  3139 6.8798e+10  246  285 6.7298e+10 6.8798e+10  2.23%  94.8  390s
  6076  3147 6.8798e+10  259  288 6.7298e+10 6.8798e+10  2.23%  94.7  395s
  6146  3194 6.8798e+10  327  267 6.7298e+10 6.8798e+10  2.23%  94.0  400s
  6165  3207 6.8798e+10  340  260 6.7298e+10 6.8798e+10  2.23%  94.3  405s
  6225  3233 6.8798e+10   51  475 6.7298e+10 6.8798e+10  2.23%  94.5  410s
  6309  3289 6.8798e+10  134  408 6.7298e+10 6.8798e+10  2.23%  93.5  415s
  6384  3339 6.8798e+10  206  373 6.7298e+10 6.8798e+10  2.23%  92.8  420s
  6513  3425 6.8798e+10  333  247 6.7298e+10 6.8798e+10  2.23%  91.2  425s
H 6538  3302                    6.756658e+10 6.8798e+10  1.82%  90.9  426s
H 6538  3172                    6.783538e+10 6.8798e+10  1.42%  90.9  426s
  6619  3228 6.8798e+10  438  198 6.7835e+10 6.8798e+10  1.42%  90.0  430s
  6671  3261 6.8798e+10  490  158 6.7835e+10 6.8798e+10  1.42%  89.5  435s
  6737  3219 infeasible  475      6.7835e+10 6.8798e+10  1.42%  90.4  440s
  6803  3227 6.8798e+10  469  251 6.7835e+10 6.8798e+10  1.42%  90.8  445s
  6885  3234 6.8160e+10  507  113 6.7835e+10 6.8798e+10  1.42%  90.7  450s
  6942  3268 6.8798e+10   79  406 6.7835e+10 6.8798e+10  1.42%  91.0  457s
  6969  3286 6.8798e+10  106  400 6.7835e+10 6.8798e+10  1.42%  90.7  462s
  6994  3302 6.8798e+10  129  380 6.7835e+10 6.8798e+10  1.42%  90.5  465s
  7077  3358 6.8798e+10  209  389 6.7835e+10 6.8798e+10  1.42%  89.9  470s
  7138  3398 6.8798e+10  269  277 6.7835e+10 6.8798e+10  1.42%  89.4  475s
  7213  3422 6.8798e+10   31  652 6.7835e+10 6.8798e+10  1.42%  89.2  480s
  7303  3482 6.8798e+10  120  375 6.7835e+10 6.8798e+10  1.42%  88.7  485s
  7461  3588 6.8798e+10  275  356 6.7835e+10 6.8798e+10  1.42%  87.4  490s
  7467  3592 6.8798e+10  281  351 6.7835e+10 6.8798e+10  1.42%  87.3  495s
  7567  3658 6.8798e+10  381  165 6.7835e+10 6.8798e+10  1.42%  86.4  500s
  7645  3679 6.8798e+10   56  480 6.7835e+10 6.8798e+10  1.42%  86.5  505s
  7734  3739 6.8798e+10  144  322 6.7835e+10 6.8798e+10  1.42%  85.7  513s
  7763  3758 6.8798e+10  173  300 6.7835e+10 6.8798e+10  1.42%  85.4  515s
  7886  3838 6.8798e+10  291  151 6.7835e+10 6.8798e+10  1.42%  84.4  520s
  7976  3871 6.8798e+10  106  298 6.7835e+10 6.8798e+10  1.42%  84.4  525s
  8097  3918 infeasible  198      6.7835e+10 6.8798e+10  1.42%  83.9  530s
  8137  3902 6.8798e+10   91  227 6.7835e+10 6.8798e+10  1.42%  85.2  535s
  8162  3919 6.8798e+10  116  158 6.7835e+10 6.8798e+10  1.42%  85.1  542s
  8207  3933 6.8798e+10  205  122 6.7835e+10 6.8798e+10  1.42%  85.1  545s
  8265  3896 6.8798e+10  192  143 6.7835e+10 6.8798e+10  1.42%  86.4  550s
  8301  3862 6.8798e+10  107  189 6.7835e+10 6.8798e+10  1.42%  88.2  555s
  8353  3842 6.8798e+10  107  177 6.7835e+10 6.8798e+10  1.42%  89.5  560s
  8381  3829 infeasible  106      6.7835e+10 6.8798e+10  1.42%  90.9  565s
  8427  3810 6.8798e+10   97  186 6.7835e+10 6.8798e+10  1.42%  92.1  570s
  8513  3840 infeasible  130      6.7835e+10 6.8798e+10  1.42%  92.0  575s
  8530  3833 6.8798e+10  128  112 6.7835e+10 6.8798e+10  1.42%  91.9  580s
  8593  3810 infeasible  132      6.7835e+10 6.8798e+10  1.42%  92.4  585s
  8661  3776 6.8798e+10  112  203 6.7835e+10 6.8798e+10  1.42%  92.9  590s
  8779  3778 infeasible  141      6.7835e+10 6.8798e+10  1.42%  92.4  595s
  8843  3717 6.8798e+10  119  102 6.7835e+10 6.8798e+10  1.42%  93.3  600s
  8906  3699 6.8798e+10  118  123 6.7835e+10 6.8798e+10  1.42%  93.4  607s
  8976  3705 6.8798e+10  153   88 6.7835e+10 6.8798e+10  1.42%  93.2  613s
  9012  3708 infeasible  170      6.7835e+10 6.8798e+10  1.42%  92.9  615s
  9095  3693 6.8798e+10  123  355 6.7835e+10 6.8798e+10  1.42%  93.1  620s
  9144  3726 6.8798e+10  149  365 6.7835e+10 6.8798e+10  1.42%  94.4  625s
  9288  3604 6.8798e+10  159  100 6.7835e+10 6.8798e+10  1.42%  94.4  630s
  9387  3560 6.8798e+10  146   88 6.7835e+10 6.8798e+10  1.42%  94.2  635s
  9436  3528 6.8798e+10  127  146 6.7835e+10 6.8798e+10  1.42%  94.5  643s
  9453  3518 6.8798e+10  122  127 6.7835e+10 6.8798e+10  1.42%  94.6  645s
  9484  3500 infeasible  115      6.7835e+10 6.8798e+10  1.42%  94.7  650s
  9574  3488 infeasible  135      6.7835e+10 6.8798e+10  1.42%  94.8  655s
  9621  3456 6.8798e+10  110   98 6.7835e+10 6.8798e+10  1.42%  95.3  660s
  9716  3433 6.8798e+10  125   86 6.7835e+10 6.8798e+10  1.42%  95.4  665s
  9821  3399 infeasible  138      6.7835e+10 6.8798e+10  1.42%  95.0  670s
  9932  3357 infeasible  132      6.7835e+10 6.8798e+10  1.42%  94.7  675s
  9965  3345 infeasible  132      6.7835e+10 6.8798e+10  1.42%  94.7  680s
 10078  3300 infeasible  122      6.7835e+10 6.8798e+10  1.42%  94.3  685s
 10158  3280 6.8798e+10  122   84 6.7835e+10 6.8798e+10  1.42%  94.3  698s
 10179  3270 6.8798e+10  122  113 6.7835e+10 6.8798e+10  1.42%  94.4  700s
 10234  3262 6.8798e+10  118   93 6.7835e+10 6.8798e+10  1.42%  94.7  710s
 10302  3230 6.8798e+10  111  131 6.7835e+10 6.8798e+10  1.42%  94.9  715s
 10364  3201 6.8798e+10  110  127 6.7835e+10 6.8798e+10  1.42%  95.4  720s
 10445  3185 infeasible  126      6.7835e+10 6.8798e+10  1.42%  95.7  725s
 10519  3162 6.8798e+10  115   68 6.7835e+10 6.8798e+10  1.42%  96.0  730s
 10604  3146 6.8798e+10  114  105 6.7835e+10 6.8798e+10  1.42%  95.8  735s
 10680  3103 infeasible  119      6.7835e+10 6.8798e+10  1.42%  95.8  740s
 10774  3063 6.8798e+10  106  134 6.7835e+10 6.8798e+10  1.42%  95.9  745s
 10843  3045 infeasible  110      6.7835e+10 6.8798e+10  1.42%  96.0  750s
 10898  3030 infeasible  118      6.7835e+10 6.8798e+10  1.42%  95.9  755s
 10984  3015 infeasible  123      6.7835e+10 6.8798e+10  1.42%  95.8  760s
 11088  2971 infeasible  115      6.7835e+10 6.8798e+10  1.42%  95.6  765s
 11162  2940 infeasible  106      6.7835e+10 6.8798e+10  1.42%  95.7  770s
 11226  2920 6.8798e+10  112  115 6.7835e+10 6.8798e+10  1.42%  95.7  777s
 11277  2913 infeasible  126      6.7835e+10 6.8798e+10  1.42%  95.6  780s
 11390  2866 infeasible  117      6.7835e+10 6.8798e+10  1.42%  95.4  785s
 11481  2829 6.8798e+10  104  156 6.7835e+10 6.8798e+10  1.42%  95.4  790s
 11577  2840 infeasible  113      6.7835e+10 6.8798e+10  1.42%  95.2  795s
 11684  2817 infeasible  133      6.7835e+10 6.8798e+10  1.42%  95.2  800s
 11766  2773 infeasible  113      6.7835e+10 6.8798e+10  1.42%  95.5  805s
 11814  2753 6.8798e+10  108  107 6.7835e+10 6.8798e+10  1.42%  95.6  811s
 11850  2709 infeasible  110      6.7835e+10 6.8798e+10  1.42%  96.1  815s
 11930  2676 infeasible  112      6.7835e+10 6.8798e+10  1.42%  96.2  820s
 12019  2647 infeasible  111      6.7835e+10 6.8798e+10  1.42%  96.4  825s
 12107  2626 infeasible  105      6.7835e+10 6.8798e+10  1.42%  96.3  830s
 12172  2595 6.8798e+10  104  138 6.7835e+10 6.8798e+10  1.42%  96.4  838s
 12173  2596 6.8798e+10  105  123 6.7835e+10 6.8798e+10  1.42%  96.4  843s
 12199  2587 infeasible  110      6.7835e+10 6.8798e+10  1.42%  96.4  845s
 12275  2564 infeasible  117      6.7835e+10 6.8798e+10  1.42%  96.6  850s
 12373  2529 6.8798e+10   96  202 6.7835e+10 6.8798e+10  1.42%  96.7  855s
 12462  2503 6.8798e+10  104  143 6.7835e+10 6.8798e+10  1.42%  96.6  860s
 12528  2490 6.8798e+10   99  176 6.7835e+10 6.8798e+10  1.42%  96.9  865s
 12559  2489 6.8798e+10  104   65 6.7835e+10 6.8798e+10  1.42%  97.1  871s
 12621  2485 6.8798e+10  104  113 6.7835e+10 6.8798e+10  1.42%  97.2  875s
 12683  2493 6.8798e+10  106  120 6.7835e+10 6.8798e+10  1.42%  97.4  880s
 12747  2493 infeasible  108      6.7835e+10 6.8798e+10  1.42%  97.6  885s
 12839  2525 6.8798e+10  106  150 6.7835e+10 6.8798e+10  1.42%  97.4  890s
 12873  2505 6.8798e+10  121  128 6.7835e+10 6.8798e+10  1.42%  97.7  897s
 12888  2504 6.8798e+10  122  117 6.7835e+10 6.8798e+10  1.42%  97.7  904s
 12901  2499 6.8798e+10  115  113 6.7835e+10 6.8798e+10  1.42%  97.8  905s
 12987  2485 infeasible  107      6.7835e+10 6.8798e+10  1.42%  97.7  910s
 13072  2492 6.8798e+10  104  126 6.7835e+10 6.8798e+10  1.42%  97.5  915s
 13137  2491 6.8798e+10   97  152 6.7835e+10 6.8798e+10  1.42%  97.7  920s
 13211  2494 6.8798e+10  104  123 6.7835e+10 6.8798e+10  1.42%  97.9  925s
 13265  2492 6.8798e+10  108  133 6.7835e+10 6.8798e+10  1.42%  97.8  931s
 13316  2487 6.8798e+10  102  108 6.7835e+10 6.8798e+10  1.42%  98.0  935s
 13399  2506 infeasible  100      6.7835e+10 6.8798e+10  1.42%  98.0  940s
 13477  2524 6.8798e+10  118  110 6.7835e+10 6.8798e+10  1.42%  98.3  945s
 13532  2503 infeasible  105      6.7835e+10 6.8798e+10  1.42%  99.1  950s
 13609  2492 6.8798e+10  110   67 6.7835e+10 6.8798e+10  1.42%  99.3  955s
 13687  2482 6.8798e+10   99  121 6.7835e+10 6.8798e+10  1.42%  99.4  961s
 13745  2490 6.8798e+10  104  130 6.7835e+10 6.8798e+10  1.42%  99.4  965s
 13841  2509 infeasible  110      6.7835e+10 6.8798e+10  1.42%  99.3  970s
 13905  2495 infeasible  113      6.7835e+10 6.8798e+10  1.42%   100  975s
 13947  2489 6.8798e+10  105  113 6.7835e+10 6.8798e+10  1.42%   100  980s
 13960  2490 6.8798e+10  108  113 6.7835e+10 6.8798e+10  1.42%   100  988s
 13972  2490 6.8798e+10  106  116 6.7835e+10 6.8798e+10  1.42%   100  990s
 14032  2490 6.8798e+10   97  175 6.7835e+10 6.8798e+10  1.42%   100  995s
 14099  2507 6.8798e+10  101  153 6.7835e+10 6.8798e+10  1.42%   100 1000s
 14129  2504 6.8798e+10  102  147 6.7835e+10 6.8798e+10  1.42%   100 1005s
 14212  2502 infeasible  116      6.7835e+10 6.8798e+10  1.42%   100 1010s
 14291  2495 6.8798e+10  106  143 6.7835e+10 6.8798e+10  1.42%   101 1015s
 14366  2498 6.8798e+10  105  133 6.7835e+10 6.8798e+10  1.42%   101 1020s
 14456  2504 infeasible  126      6.7835e+10 6.8798e+10  1.42%   101 1025s
 14528  2510 6.8798e+10  202  483 6.7835e+10 6.8798e+10  1.42%   101 1030s
 14574  2556 6.8798e+10  246  237 6.7835e+10 6.8798e+10  1.42%   101 1035s
 14637  2617 6.8798e+10  306  155 6.7835e+10 6.8798e+10  1.42%   101 1040s
 14685  2633 6.8798e+10  328  137 6.7835e+10 6.8798e+10  1.42%   101 1048s
 14699  2647 6.8798e+10  342  129 6.7835e+10 6.8798e+10  1.42%   101 1050s
 14748  2623 6.8798e+10  317  113 6.7835e+10 6.8798e+10  1.42%   101 1055s
 14842  2636 6.8160e+10  332  104 6.7835e+10 6.8798e+10  1.42%   101 1060s
 14907  2671 6.8798e+10  221  492 6.7835e+10 6.8798e+10  1.42%   101 1065s
 14955  2719 6.8798e+10  258  345 6.7835e+10 6.8798e+10  1.42%   101 1070s
 15008  2772 6.8798e+10  291  245 6.7835e+10 6.8798e+10  1.42%   101 1075s
 15042  2804 6.8798e+10  310  210 6.7835e+10 6.8798e+10  1.42%   101 1080s
 15115  2855 6.8798e+10  344  137 6.7835e+10 6.8798e+10  1.42%   100 1090s
 15173  2865 6.8798e+10  354  142 6.7835e+10 6.8798e+10  1.42%   100 1098s
 15210  2862 infeasible  354      6.7835e+10 6.8798e+10  1.42%   100 1100s
 15302  2897 6.8798e+10   63  260 6.7835e+10 6.8798e+10  1.42%   100 1105s
 15408  3003 6.8798e+10  165  202 6.7835e+10 6.8798e+10  1.42%   100 1110s
 15489  3053 6.8798e+10   42  529 6.7835e+10 6.8798e+10  1.42%  99.3 1115s
 15589  3153 6.8798e+10  130  270 6.7835e+10 6.8798e+10  1.42%  98.9 1120s
 15632  3195 6.8798e+10  304   18 6.7835e+10 6.8798e+10  1.42%  98.8 1135s
 15644  3203 6.8798e+10  191  483 6.7835e+10 6.8798e+10  1.42%  98.7 1140s
 15654  3210 6.8798e+10   82   24 6.7835e+10 6.8798e+10  1.42%  98.7 1146s
 15681  3230 6.8798e+10   48   70 6.7835e+10 6.8798e+10  1.42%   102 1150s
 15770  3285 6.8798e+10   92  242 6.7835e+10 6.8798e+10  1.42%   102 1155s
 15856  3296 6.8798e+10   40  525 6.7835e+10 6.8798e+10  1.42%   102 1160s
 15943  3354 6.8798e+10   85  445 6.7835e+10 6.8798e+10  1.42%   102 1165s
 16063  3434 6.8798e+10  145  360 6.7835e+10 6.8798e+10  1.42%   102 1170s
 16186  3505 6.8798e+10  207  350 6.7835e+10 6.8798e+10  1.42%   102 1175s
 16224  3527 6.8798e+10  227  345 6.7835e+10 6.8798e+10  1.42%   102 1180s
 16297  3516 6.8798e+10  237  281 6.7835e+10 6.8798e+10  1.42%   102 1186s
 16304  3519 6.8798e+10  242  259 6.7835e+10 6.8798e+10  1.42%   102 1190s
 16351  3506 6.8798e+10  247  226 6.7835e+10 6.8798e+10  1.42%   102 1197s
 16398  3532 infeasible  292      6.7835e+10 6.8798e+10  1.42%   102 1200s
 16480  3564 infeasible  313      6.7835e+10 6.8798e+10  1.42%   101 1205s
 16567  3538 6.8798e+10  317  104 6.7835e+10 6.8798e+10  1.42%   101 1212s
 16633  3502 infeasible  300      6.7835e+10 6.8798e+10  1.42%   101 1215s
 16678  3478 infeasible  294      6.7835e+10 6.8798e+10  1.42%   102 1220s
 16717  3476 infeasible  304      6.7835e+10 6.8798e+10  1.42%   103 1225s
 16763  3467 infeasible  304      6.7835e+10 6.8798e+10  1.42%   103 1230s
 16788  3452 6.8798e+10  293  244 6.7835e+10 6.8798e+10  1.42%   103 1237s
 16796  3445 infeasible  290      6.7835e+10 6.8798e+10  1.42%   104 1240s
 16835  3431 6.8798e+10  290  185 6.7835e+10 6.8798e+10  1.42%   104 1245s
 16865  3401 infeasible  280      6.7835e+10 6.8798e+10  1.42%   105 1250s
 16899  3398 6.8798e+10  290   72 6.7835e+10 6.8798e+10  1.42%   105 1259s
 16906  3396 6.8798e+10  294   67 6.7835e+10 6.8798e+10  1.42%   105 1260s
 16964  3369 infeasible  283      6.7835e+10 6.8798e+10  1.42%   105 1265s
 16985  3367 6.8798e+10  287   93 6.7835e+10 6.8798e+10  1.42%   105 1270s
 17023  3344 6.8798e+10  273  299 6.7835e+10 6.8798e+10  1.42%   106 1275s
 17064  3330 6.8798e+10  274  137 6.7835e+10 6.8798e+10  1.42%   106 1280s
 17129  3315 infeasible  288      6.7835e+10 6.8798e+10  1.42%   107 1285s
 17165  3287 infeasible  264      6.7835e+10 6.8798e+10  1.42%   107 1290s
 17187  3282 6.8798e+10  265   86 6.7835e+10 6.8798e+10  1.42%   108 1296s
 17218  3266 6.8798e+10  259  300 6.7835e+10 6.8798e+10  1.42%   108 1300s
 17282  3251 infeasible  270      6.7835e+10 6.8798e+10  1.42%   109 1305s
 17353  3232 6.8798e+10  276   42 6.7835e+10 6.8798e+10  1.42%   109 1310s
 17443  3216 infeasible  284      6.7835e+10 6.8798e+10  1.42%   108 1315s
 17478  3198 6.8798e+10  278   69 6.7835e+10 6.8798e+10  1.42%   108 1320s
 17538  3168 6.8798e+10  273   66 6.7835e+10 6.8798e+10  1.42%   109 1325s
 17611  3164 6.8798e+10  268   94 6.7835e+10 6.8798e+10  1.42%   108 1330s
 17698  3162 infeasible  286      6.7835e+10 6.8798e+10  1.42%   108 1335s
 17767  3114 infeasible  274      6.7835e+10 6.8798e+10  1.42%   109 1340s
 17793  3110 6.8798e+10  279   98 6.7835e+10 6.8798e+10  1.42%   109 1345s
 17846  3081 6.8798e+10  273   71 6.7835e+10 6.8798e+10  1.42%   109 1350s
 17938  3046 6.8798e+10  271   70 6.7835e+10 6.8798e+10  1.42%   108 1355s
 18019  3016 infeasible  273      6.7835e+10 6.8798e+10  1.42%   108 1360s
 18111  3008 infeasible  286      6.7835e+10 6.8798e+10  1.42%   108 1365s
 18144  2990 6.8798e+10  276   72 6.7835e+10 6.8798e+10  1.42%   108 1370s
 18246  2948 infeasible  275      6.7835e+10 6.8798e+10  1.42%   108 1375s
 18292  2936 6.8798e+10  283   60 6.7835e+10 6.8798e+10  1.42%   108 1380s
 18353  2905 6.8798e+10  272   93 6.7835e+10 6.8798e+10  1.42%   108 1385s
 18434  2883 6.8798e+10  278   82 6.7835e+10 6.8798e+10  1.42%   108 1393s
 18463  2874 infeasible  279      6.7835e+10 6.8798e+10  1.42%   108 1395s
 18543  2850 6.8798e+10  281   54 6.7835e+10 6.8798e+10  1.42%   107 1400s
 18630  2824 6.8798e+10  285   66 6.7835e+10 6.8798e+10  1.42%   107 1405s
 18722  2789 6.8798e+10  284   59 6.7835e+10 6.8798e+10  1.42%   107 1410s
 18793  2762 6.8798e+10  276  128 6.7835e+10 6.8798e+10  1.42%   107 1415s
 18876  2724 infeasible  270      6.7835e+10 6.8798e+10  1.42%   107 1420s
 18882  2720 6.8798e+10  268   89 6.7835e+10 6.8798e+10  1.42%   107 1429s
 18885  2722 6.8798e+10  271   67 6.7835e+10 6.8798e+10  1.42%   107 1430s
 18903  2712 6.8798e+10  271  143 6.7835e+10 6.8798e+10  1.42%   107 1435s
 18962  2693 infeasible  276      6.7835e+10 6.8798e+10  1.42%   107 1440s
 19029  2676 6.8798e+10  269  111 6.7835e+10 6.8798e+10  1.42%   107 1448s
 19047  2672 infeasible  277      6.7835e+10 6.8798e+10  1.42%   107 1450s
 19109  2663 6.8798e+10  276   72 6.7835e+10 6.8798e+10  1.42%   107 1455s
 19194  2638 6.8798e+10  290   73 6.7835e+10 6.8798e+10  1.42%   107 1460s
 19277  2587 6.8160e+10  282   71 6.7835e+10 6.8798e+10  1.42%   108 1465s
 19386  2546 infeasible  279      6.7835e+10 6.8798e+10  1.42%   107 1470s
 19443  2550 6.8798e+10  270   96 6.7835e+10 6.8798e+10  1.42%   107 1475s
 19489  2530 infeasible  274      6.7835e+10 6.8798e+10  1.42%   108 1480s
 19555  2508 6.8798e+10  274   70 6.7835e+10 6.8798e+10  1.42%   108 1485s
 19617  2480 6.8798e+10  265  202 6.7835e+10 6.8798e+10  1.42%   108 1490s
 19672  2460 6.8798e+10  263  199 6.7835e+10 6.8798e+10  1.42%   108 1495s
 19676  2459 6.8798e+10  264  194 6.7835e+10 6.8798e+10  1.42%   108 1501s
 19714  2442 6.8798e+10  265  186 6.7835e+10 6.8798e+10  1.42%   108 1505s
 19775  2421 6.8798e+10  267  154 6.7835e+10 6.8798e+10  1.42%   108 1510s
 19827  2400 6.8798e+10  266  213 6.7835e+10 6.8798e+10  1.42%   109 1515s
 19856  2385 6.8798e+10  257  348 6.7835e+10 6.8798e+10  1.42%   109 1522s
 19875  2382 infeasible  265      6.7835e+10 6.8798e+10  1.42%   109 1525s
 19913  2371 6.8798e+10  258  141 6.7835e+10 6.8798e+10  1.42%   109 1530s
 19955  2357 6.8798e+10  265  238 6.7835e+10 6.8798e+10  1.42%   110 1535s
 19995  2342 6.8798e+10  263  217 6.7835e+10 6.8798e+10  1.42%   110 1540s
 20036  2329 6.8798e+10  266  135 6.7835e+10 6.8798e+10  1.42%   110 1545s
 20070  2312 infeasible  262      6.7835e+10 6.8798e+10  1.42%   111 1550s
 20112  2304 6.8798e+10  260  137 6.7835e+10 6.8798e+10  1.42%   111 1557s
 20141  2299 6.8798e+10  262  270 6.7835e+10 6.8798e+10  1.42%   111 1560s
 20200  2276 6.8798e+10  261  163 6.7835e+10 6.8798e+10  1.42%   111 1565s
 20253  2256 6.8798e+10  263   77 6.7835e+10 6.8798e+10  1.42%   112 1570s
 20307  2236 infeasible  261      6.7835e+10 6.8798e+10  1.42%   112 1575s
 20369  2213 infeasible  268      6.7835e+10 6.8798e+10  1.42%   112 1580s
 20378  2215 6.8798e+10  262  100 6.7835e+10 6.8798e+10  1.42%   112 1586s
 20415  2200 6.8798e+10  262  106 6.7835e+10 6.8798e+10  1.42%   112 1590s
 20462  2179 6.8798e+10  253  280 6.7835e+10 6.8798e+10  1.42%   112 1595s
 20499  2170 6.8798e+10  258  157 6.7835e+10 6.8798e+10  1.42%   112 1602s
 20524  2164 6.8798e+10  261  140 6.7835e+10 6.8798e+10  1.42%   113 1605s
 20605  2166 6.8160e+10  288   57 6.7835e+10 6.8798e+10  1.42%   112 1610s
 20667  2188 6.8798e+10   49  413 6.7835e+10 6.8798e+10  1.42%   113 1615s
 20732  2231 6.8798e+10   76  212 6.7835e+10 6.8798e+10  1.42%   113 1747s
 20769  2256 6.8798e+10   93  239 6.7835e+10 6.8798e+10  1.42%   113 1750s
 20835  2296 6.8798e+10  118  141 6.7835e+10 6.8798e+10  1.42%   112 1763s
 20850  2302 6.8798e+10  122  180 6.7835e+10 6.8798e+10  1.42%   112 1765s
 20902  2318 6.8798e+10   41  726 6.7835e+10 6.8798e+10  1.42%   112 1770s
 20962  2358 6.8798e+10   99  211 6.7835e+10 6.8798e+10  1.42%   112 1775s
 21054  2420 6.8798e+10  189  154 6.7835e+10 6.8798e+10  1.42%   112 1780s
 21081  2438 6.8798e+10  216  151 6.7835e+10 6.8798e+10  1.42%   112 1786s
 21161  2491 6.8798e+10  295  136 6.7835e+10 6.8798e+10  1.42%   111 1790s
 21253  2548 infeasible  379      6.7835e+10 6.8798e+10  1.42%   111 1795s
 21310  2544 6.8798e+10   49   75 6.7835e+10 6.8798e+10  1.42%   111 1800s
 21440  2631 6.8798e+10  175  137 6.7835e+10 6.8798e+10  1.42%   110 1805s
 21558  2710 6.8798e+10  292  159 6.7835e+10 6.8798e+10  1.42%   110 1810s
 21589  2730 6.8798e+10  322  144 6.7835e+10 6.8798e+10  1.42%   110 1815s
 21668  2723 6.8798e+10  342  136 6.7835e+10 6.8798e+10  1.42%   110 1820s
 21732  2737 6.8798e+10  355  114 6.7835e+10 6.8798e+10  1.42%   110 1825s
 21796  2735 6.8798e+10   54  588 6.7835e+10 6.8798e+10  1.42%   110 1830s
 21862  2779 6.8798e+10  120  249 6.7835e+10 6.8798e+10  1.42%   110 1835s
 21932  2826 6.8798e+10  190  254 6.7835e+10 6.8798e+10  1.42%   109 1840s
 21990  2865 6.8798e+10  248  252 6.7835e+10 6.8798e+10  1.42%   109 1845s
 22057  2909 6.8798e+10  315  186 6.7835e+10 6.8798e+10  1.42%   109 1850s
 22095  2933 6.8798e+10  352  181 6.7835e+10 6.8798e+10  1.42%   109 1855s
 22154  2946 6.8798e+10   84  372 6.7835e+10 6.8798e+10  1.42%   109 1860s
 22216  2987 6.8798e+10  142  291 6.7835e+10 6.8798e+10  1.42%   108 1868s
 22239  3003 6.8798e+10  165  278 6.7835e+10 6.8798e+10  1.42%   108 1870s
 22315  3053 6.8798e+10  237  224 6.7835e+10 6.8798e+10  1.42%   108 1875s
 22382  3082 6.8798e+10  291   75 6.7835e+10 6.8798e+10  1.42%   108 1880s
 22459  3051 6.8798e+10  286   74 6.7835e+10 6.8798e+10  1.42%   108 1885s
 22563  3025 6.8798e+10  292   54 6.7835e+10 6.8798e+10  1.42%   107 1890s
 22640  2986 infeasible  291      6.7835e+10 6.8798e+10  1.42%   107 1895s
 22709  2970 6.8798e+10  291   53 6.7835e+10 6.8798e+10  1.42%   107 1900s
 22733  2948 6.8798e+10  276   84 6.7835e+10 6.8798e+10  1.42%   107 1905s
 22734  2949 6.8798e+10  277   77 6.7835e+10 6.8798e+10  1.42%   107 1910s
 22797  2939 6.8260e+10  292   37 6.7835e+10 6.8798e+10  1.42%   107 1915s
 22858  2949 6.8798e+10  128  417 6.7835e+10 6.8798e+10  1.42%   108 1920s
 22909  2983 6.8798e+10  151  326 6.7835e+10 6.8798e+10  1.42%   108 1925s
 22938  3003 6.8798e+10  163  362 6.7835e+10 6.8798e+10  1.42%   108 1930s
 22988  3036 6.8798e+10  190  187 6.7835e+10 6.8798e+10  1.42%   108 1935s
 23032  3055 6.8798e+10  208  169 6.7835e+10 6.8798e+10  1.42%   108 1940s
 23040  3057 6.8798e+10  213  143 6.7835e+10 6.8798e+10  1.42%   108 1945s
 23098  3039 infeasible  231      6.7835e+10 6.8798e+10  1.42%   108 1950s
 23144  3028 6.8798e+10  225  110 6.7835e+10 6.8798e+10  1.42%   108 1955s
 23198  3002 infeasible  216      6.7835e+10 6.8798e+10  1.42%   108 1960s
 23224  2985 6.8798e+10  208  109 6.7835e+10 6.8798e+10  1.42%   108 1965s
 23286  2989 6.8798e+10  202  241 6.7835e+10 6.8798e+10  1.42%   108 1970s
 23342  2986 6.8798e+10  217  171 6.7835e+10 6.8798e+10  1.42%   108 1975s
 23425  2983 6.8798e+10  237   82 6.7835e+10 6.8798e+10  1.42%   108 1980s
 23500  2961 infeasible  234      6.7835e+10 6.8798e+10  1.42%   108 1985s
 23505  2957 infeasible  229      6.7835e+10 6.8798e+10  1.42%   108 1990s
 23557  2937 infeasible  225      6.7835e+10 6.8798e+10  1.42%   108 1995s
 23630  2922 6.8798e+10  234  102 6.7835e+10 6.8798e+10  1.42%   108 2000s
 23672  2888 6.8798e+10  231  122 6.7835e+10 6.8798e+10  1.42%   108 2005s
 23714  2868 infeasible  227      6.7835e+10 6.8798e+10  1.42%   108 2010s
 23746  2859 6.8798e+10  231   90 6.7835e+10 6.8798e+10  1.42%   108 2023s
 23749  2857 6.8798e+10  231   92 6.7835e+10 6.8798e+10  1.42%   108 2027s
 23779  2847 6.8798e+10  226  171 6.7835e+10 6.8798e+10  1.42%   108 2030s
 23857  2829 infeasible  236      6.7835e+10 6.8798e+10  1.42%   108 2035s
 23927  2802 infeasible  235      6.7835e+10 6.8798e+10  1.42%   108 2040s
 24002  2786 6.8798e+10  246  104 6.7835e+10 6.8798e+10  1.42%   108 2045s
 24079  2753 6.8798e+10  238  104 6.7835e+10 6.8798e+10  1.42%   108 2050s
 24157  2729 6.8798e+10  241   72 6.7835e+10 6.8798e+10  1.42%   108 2055s
 24195  2721 6.8798e+10  244   63 6.7835e+10 6.8798e+10  1.42%   107 2060s
 24250  2691 6.8798e+10  235  111 6.7835e+10 6.8798e+10  1.42%   107 2065s
 24323  2686 infeasible  230      6.7835e+10 6.8798e+10  1.42%   107 2070s
 24374  2656 6.8798e+10  243  120 6.7835e+10 6.8798e+10  1.42%   107 2075s
 24451  2637 6.8798e+10  250   91 6.7835e+10 6.8798e+10  1.42%   107 2080s
 24509  2614 6.8798e+10  247  106 6.7835e+10 6.8798e+10  1.42%   107 2088s
 24531  2609 6.8798e+10  248   81 6.7835e+10 6.8798e+10  1.42%   107 2090s
 24585  2581 infeasible  242      6.7835e+10 6.8798e+10  1.42%   107 2095s
 24643  2561 infeasible  237      6.7835e+10 6.8798e+10  1.42%   107 2100s
 24716  2532 6.8798e+10  233   94 6.7835e+10 6.8798e+10  1.42%   107 2105s
 24771  2513 6.8798e+10  227  120 6.7835e+10 6.8798e+10  1.42%   107 2110s
 24818  2510 6.8798e+10  233  125 6.7835e+10 6.8798e+10  1.42%   107 2115s
 24838  2501 6.8798e+10  226  129 6.7835e+10 6.8798e+10  1.42%   107 2120s
 24886  2491 6.8798e+10  233  109 6.7835e+10 6.8798e+10  1.42%   107 2125s
 24915  2481 6.8798e+10  237   89 6.7835e+10 6.8798e+10  1.42%   107 2132s
 24945  2467 6.8798e+10  229  130 6.7835e+10 6.8798e+10  1.42%   107 2135s
 25001  2446 6.8798e+10  228  135 6.7835e+10 6.8798e+10  1.42%   107 2140s
 25043  2424 infeasible  228      6.7835e+10 6.8798e+10  1.42%   107 2145s
 25050  2425 6.8798e+10  231   97 6.7835e+10 6.8798e+10  1.42%   107 2150s
 25096  2407 6.8798e+10  229  117 6.7835e+10 6.8798e+10  1.42%   107 2155s
 25146  2391 6.8798e+10  222  131 6.7835e+10 6.8798e+10  1.42%   107 2160s
 25199  2366 6.8798e+10  219  149 6.7835e+10 6.8798e+10  1.42%   107 2165s
 25218  2361 6.8798e+10  222  157 6.7835e+10 6.8798e+10  1.42%   107 2171s
 25260  2359 6.8798e+10  228  101 6.7835e+10 6.8798e+10  1.42%   107 2175s
 25320  2350 infeasible  233      6.7835e+10 6.8798e+10  1.42%   107 2180s
 25344  2348 6.8798e+10  226  116 6.7835e+10 6.8798e+10  1.42%   107 2188s
 25360  2348 6.8798e+10  227  105 6.7835e+10 6.8798e+10  1.42%   107 2190s
 25420  2362 6.8798e+10  233   97 6.7835e+10 6.8798e+10  1.42%   107 2195s
 25483  2355 infeasible  237      6.7835e+10 6.8798e+10  1.42%   107 2200s
 25540  2348 infeasible  228      6.7835e+10 6.8798e+10  1.42%   107 2205s
 25593  2349 infeasible  228      6.7835e+10 6.8798e+10  1.42%   107 2210s
 25646  2342 infeasible  229      6.7835e+10 6.8798e+10  1.42%   107 2215s
 25716  2348 6.8798e+10  229  121 6.7835e+10 6.8798e+10  1.42%   107 2220s
 25762  2344 infeasible  221      6.7835e+10 6.8798e+10  1.42%   107 2225s
 25799  2339 6.8798e+10  216  180 6.7835e+10 6.8798e+10  1.42%   107 2234s
 25806  2340 infeasible  220      6.7835e+10 6.8798e+10  1.42%   107 2235s
 25842  2340 6.8798e+10  224  145 6.7835e+10 6.8798e+10  1.42%   107 2242s
 25863  2335 infeasible  223      6.7835e+10 6.8798e+10  1.42%   107 2245s
 25907  2351 6.8798e+10  217  141 6.7835e+10 6.8798e+10  1.42%   107 2250s
 25946  2360 6.8798e+10  221  140 6.7835e+10 6.8798e+10  1.42%   107 2255s
 25992  2344 6.8798e+10  219  119 6.7835e+10 6.8798e+10  1.42%   108 2260s
 26038  2340 infeasible  225      6.7835e+10 6.8798e+10  1.42%   108 2265s
 26108  2354 infeasible  227      6.7835e+10 6.8798e+10  1.42%   108 2270s
 26141  2355 6.8798e+10  230   58 6.7835e+10 6.8798e+10  1.42%   108 2276s
 26191  2345 6.8798e+10  216  211 6.7835e+10 6.8798e+10  1.42%   107 2280s
 26249  2345 infeasible  220      6.7835e+10 6.8798e+10  1.42%   108 2285s
 26343  2357 6.8798e+10  229   51 6.7835e+10 6.8798e+10  1.42%   107 2290s
 26405  2359 6.8798e+10  220  111 6.7835e+10 6.8798e+10  1.42%   107 2295s
 26419  2369 6.8798e+10  229   69 6.7835e+10 6.8798e+10  1.42%   107 2305s
 26432  2368 6.8798e+10  218  148 6.7835e+10 6.8798e+10  1.42%   107 2310s
 26482  2366 infeasible  222      6.7835e+10 6.8798e+10  1.42%   107 2315s
 26559  2361 6.8798e+10  238   50 6.7835e+10 6.8798e+10  1.42%   107 2320s
 26630  2360 6.8798e+10  226  172 6.7835e+10 6.8798e+10  1.42%   107 2325s
 26682  2358 6.8798e+10  229  100 6.7835e+10 6.8798e+10  1.42%   107 2330s
 26736  2356 infeasible  226      6.7835e+10 6.8798e+10  1.42%   107 2335s
 26805  2347 6.8798e+10  224  123 6.7835e+10 6.8798e+10  1.42%   107 2340s
 26865  2347 infeasible  230      6.7835e+10 6.8798e+10  1.42%   107 2345s
 26889  2343 6.8798e+10  222  132 6.7835e+10 6.8798e+10  1.42%   107 2351s
 26919  2341 6.8798e+10  223  100 6.7835e+10 6.8798e+10  1.42%   107 2355s
 26974  2334 6.8798e+10  214  136 6.7835e+10 6.8798e+10  1.42%   107 2360s
 27030  2332 6.8798e+10  214  156 6.7835e+10 6.8798e+10  1.42%   107 2365s
 27082  2340 6.8798e+10  217  128 6.7835e+10 6.8798e+10  1.42%   107 2370s
 27137  2341 6.8798e+10  215  172 6.7835e+10 6.8798e+10  1.42%   107 2375s
 27183  2343 infeasible  225      6.7835e+10 6.8798e+10  1.42%   108 2380s
 27219  2341 6.8798e+10  219  142 6.7835e+10 6.8798e+10  1.42%   108 2388s
 27240  2342 6.8798e+10  222  128 6.7835e+10 6.8798e+10  1.42%   108 2390s
 27288  2340 6.8798e+10  220  135 6.7835e+10 6.8798e+10  1.42%   108 2395s
 27334  2338 6.8798e+10  217  137 6.7835e+10 6.8798e+10  1.42%   108 2400s
 27377  2339 6.8798e+10  215  154 6.7835e+10 6.8798e+10  1.42%   108 2405s
 27425  2341 6.8798e+10  220  119 6.7835e+10 6.8798e+10  1.42%   108 2410s
 27478  2342 infeasible  221      6.7835e+10 6.8798e+10  1.42%   108 2415s
 27528  2344 6.8798e+10  223  143 6.7835e+10 6.8798e+10  1.42%   108 2424s
 27534  2342 6.8798e+10  225  111 6.7835e+10 6.8798e+10  1.42%   108 2425s
 27584  2334 infeasible  222      6.7835e+10 6.8798e+10  1.42%   108 2430s
 27628  2338 6.8798e+10  221  152 6.7835e+10 6.8798e+10  1.42%   108 2438s
 27648  2336 6.8798e+10  217  156 6.7835e+10 6.8798e+10  1.42%   108 2440s
 27688  2336 6.8798e+10  220  101 6.7835e+10 6.8798e+10  1.42%   108 2445s
 27739  2345 infeasible  225      6.7835e+10 6.8798e+10  1.42%   108 2450s
 27809  2341 infeasible  221      6.7835e+10 6.8798e+10  1.42%   108 2455s
 27850  2338 infeasible  224      6.7835e+10 6.8798e+10  1.42%   108 2460s
 27887  2341 6.8798e+10  224  163 6.7835e+10 6.8798e+10  1.42%   108 2465s
 27926  2334 6.8798e+10  214  188 6.7835e+10 6.8798e+10  1.42%   108 2470s
H27937  2337                    6.810418e+10 6.8798e+10  1.02%   108 2473s
 27957  2343 6.8798e+10  216  144 6.8104e+10 6.8798e+10  1.02%   108 2475s
 28000  2344 6.8798e+10  215  104 6.8104e+10 6.8798e+10  1.02%   108 2480s
 28025  2347 6.8798e+10  221   80 6.8104e+10 6.8798e+10  1.02%   108 2485s
 28058  2340 6.8798e+10  216  232 6.8104e+10 6.8798e+10  1.02%   108 2491s
 28086  2340 infeasible  220      6.8104e+10 6.8798e+10  1.02%   108 2495s
 28127  2345 6.8798e+10  217  168 6.8104e+10 6.8798e+10  1.02%   109 2500s
 28179  2341 infeasible  222      6.8104e+10 6.8798e+10  1.02%   109 2505s
 28185  2343 6.8798e+10  219  137 6.8104e+10 6.8798e+10  1.02%   109 2511s
 28230  2348 6.8798e+10  227  134 6.8104e+10 6.8798e+10  1.02%   109 2515s
 28283  2349 6.8798e+10  226  167 6.8104e+10 6.8798e+10  1.02%   109 2520s
 28338  2340 infeasible  226      6.8104e+10 6.8798e+10  1.02%   109 2525s
 28410  2350 infeasible  232      6.8104e+10 6.8798e+10  1.02%   109 2530s
 28455  2343 6.8798e+10  220  148 6.8104e+10 6.8798e+10  1.02%   109 2535s
 28509  2353 6.8798e+10  226   82 6.8104e+10 6.8798e+10  1.02%   109 2540s
 28558  2352 infeasible  220      6.8104e+10 6.8798e+10  1.02%   109 2545s
 28622  2354 infeasible  220      6.8104e+10 6.8798e+10  1.02%   109 2550s
 28668  2346 infeasible  219      6.8104e+10 6.8798e+10  1.02%   109 2555s
 28695  2343 6.8798e+10  223  123 6.8104e+10 6.8798e+10  1.02%   109 2562s
 28697  2343 6.8798e+10  224   99 6.8104e+10 6.8798e+10  1.02%   109 2571s
 28726  2338 infeasible  220      6.8104e+10 6.8798e+10  1.02%   109 2575s
 28768  2342 6.8798e+10  225   78 6.8104e+10 6.8798e+10  1.02%   109 2580s
 28816  2346 infeasible  218      6.8104e+10 6.8798e+10  1.02%   109 2585s
 28861  2345 infeasible  220      6.8104e+10 6.8798e+10  1.02%   109 2590s
 28909  2347 6.8798e+10  212  158 6.8104e+10 6.8798e+10  1.02%   109 2595s
 28942  2344 6.8798e+10  219  127 6.8104e+10 6.8798e+10  1.02%   109 2600s
 28996  2334 6.8798e+10  216  185 6.8104e+10 6.8798e+10  1.02%   109 2605s
 29032  2334 infeasible  217      6.8104e+10 6.8798e+10  1.02%   109 2610s
 29088  2352 6.8798e+10  224  113 6.8104e+10 6.8798e+10  1.02%   109 2615s
 29128  2342 6.8798e+10  219  150 6.8104e+10 6.8798e+10  1.02%   109 2620s
 29163  2343 infeasible  223      6.8104e+10 6.8798e+10  1.02%   109 2625s
 29180  2340 6.8798e+10  218  152 6.8104e+10 6.8798e+10  1.02%   109 2631s
 29209  2341 infeasible  220      6.8104e+10 6.8798e+10  1.02%   109 2635s
 29260  2340 6.8798e+10  220  124 6.8104e+10 6.8798e+10  1.02%   109 2640s
 29313  2335 infeasible  226      6.8104e+10 6.8798e+10  1.02%   109 2645s
 29364  2338 6.8798e+10  218  189 6.8104e+10 6.8798e+10  1.02%   109 2650s
 29427  2347 infeasible  221      6.8104e+10 6.8798e+10  1.02%   109 2655s
 29476  2342 6.8798e+10  225  170 6.8104e+10 6.8798e+10  1.02%   109 2660s
 29530  2352 infeasible  226      6.8104e+10 6.8798e+10  1.02%   109 2665s
 29599  2351 6.8798e+10  227  152 6.8104e+10 6.8798e+10  1.02%   109 2670s
 29664  2370 6.8798e+10  251   80 6.8104e+10 6.8798e+10  1.02%   109 2675s
 29689  2377 6.8798e+10  253  101 6.8104e+10 6.8798e+10  1.02%   109 2680s
 29759  2365 6.8798e+10  242   90 6.8104e+10 6.8798e+10  1.02%   109 2685s
 29825  2351 infeasible  242      6.8104e+10 6.8798e+10  1.02%   109 2690s
 29896  2368 infeasible  236      6.8104e+10 6.8798e+10  1.02%   109 2695s
 29958  2358 6.8798e+10  245   88 6.8104e+10 6.8798e+10  1.02%   109 2700s
 29981  2353 6.8160e+10  246   76 6.8104e+10 6.8798e+10  1.02%   109 2708s
 29985  2351 6.8798e+10  242  126 6.8104e+10 6.8798e+10  1.02%   109 2711s
 30030  2346 6.8798e+10  232  121 6.8104e+10 6.8798e+10  1.02%   109 2715s
 30091  2353 6.8798e+10  242   99 6.8104e+10 6.8798e+10  1.02%   109 2720s
 30155  2345 infeasible  236      6.8104e+10 6.8798e+10  1.02%   109 2725s
 30218  2346 6.8798e+10  234  175 6.8104e+10 6.8798e+10  1.02%   109 2730s
 30233  2355 infeasible  238      6.8104e+10 6.8798e+10  1.02%   109 2735s
 30283  2337 infeasible  230      6.8104e+10 6.8798e+10  1.02%   109 2740s
 30331  2337 6.8798e+10  225  147 6.8104e+10 6.8798e+10  1.02%   109 2745s
 30396  2368 infeasible  247      6.8104e+10 6.8798e+10  1.02%   109 2750s
 30454  2362 6.8798e+10  240  108 6.8104e+10 6.8798e+10  1.02%   109 2755s
 30500  2348 6.8798e+10  228  127 6.8104e+10 6.8798e+10  1.02%   109 2760s
 30555  2349 infeasible  236      6.8104e+10 6.8798e+10  1.02%   109 2765s
 30577  2341 infeasible  225      6.8104e+10 6.8798e+10  1.02%   109 2770s
 30630  2330 6.8798e+10  213  156 6.8104e+10 6.8798e+10  1.02%   109 2775s
 30681  2335 infeasible  217      6.8104e+10 6.8798e+10  1.02%   109 2780s
 30736  2328 6.8798e+10  213  202 6.8104e+10 6.8798e+10  1.02%   109 2788s
 30753  2331 infeasible  222      6.8104e+10 6.8798e+10  1.02%   109 2790s
 30766  2332 6.8798e+10  220  116 6.8104e+10 6.8798e+10  1.02%   109 2795s
 30801  2335 infeasible  216      6.8104e+10 6.8798e+10  1.02%   109 2800s
 30844  2336 6.8798e+10  217  180 6.8104e+10 6.8798e+10  1.02%   109 2805s
 30884  2332 infeasible  215      6.8104e+10 6.8798e+10  1.02%   109 2810s
 30938  2342 infeasible  217      6.8104e+10 6.8798e+10  1.02%   109 2815s
 30979  2343 6.8798e+10  219  118 6.8104e+10 6.8798e+10  1.02%   109 2823s
 30988  2336 infeasible  214      6.8104e+10 6.8798e+10  1.02%   109 2825s
 31043  2333 6.8798e+10  227  169 6.8104e+10 6.8798e+10  1.02%   109 2830s
 31095  2331 6.8798e+10  224  113 6.8104e+10 6.8798e+10  1.02%   109 2835s
 31146  2330 6.8798e+10  210  132 6.8104e+10 6.8798e+10  1.02%   109 2840s
 31203  2345 infeasible  219      6.8104e+10 6.8798e+10  1.02%   109 2845s
 31262  2338 infeasible  223      6.8104e+10 6.8798e+10  1.02%   109 2850s
 31296  2340 6.8798e+10  225   93 6.8104e+10 6.8798e+10  1.02%   109 2862s
 31310  2346 6.8798e+10  230   83 6.8104e+10 6.8798e+10  1.02%   109 2865s
 31370  2328 infeasible  212      6.8104e+10 6.8798e+10  1.02%   109 2870s
 31393  2327 6.8798e+10  208  207 6.8104e+10 6.8798e+10  1.02%   109 2877s
 31413  2331 6.8798e+10  205  209 6.8104e+10 6.8798e+10  1.02%   109 2880s
 31472  2336 infeasible  215      6.8104e+10 6.8798e+10  1.02%   109 2885s
 31530  2334 6.8798e+10  211  158 6.8104e+10 6.8798e+10  1.02%   110 2890s
 31576  2336 infeasible  211      6.8104e+10 6.8798e+10  1.02%   110 2895s
 31620  2336 infeasible  215      6.8104e+10 6.8798e+10  1.02%   110 2900s
 31669  2339 6.8798e+10  215  202 6.8104e+10 6.8798e+10  1.02%   110 2905s
 31728  2350 6.8798e+10  220  187 6.8104e+10 6.8798e+10  1.02%   110 2910s
 31768  2340 infeasible  223      6.8104e+10 6.8798e+10  1.02%   110 2915s
 31806  2336 infeasible  220      6.8104e+10 6.8798e+10  1.02%   110 2920s
 31866  2340 infeasible  216      6.8104e+10 6.8798e+10  1.02%   110 2925s
 31903  2337 infeasible  221      6.8104e+10 6.8798e+10  1.02%   110 2930s
 31945  2341 6.8798e+10  214  160 6.8104e+10 6.8798e+10  1.02%   110 2935s
 31957  2341 6.8798e+10  216  103 6.8104e+10 6.8798e+10  1.02%   110 2940s
 32007  2335 infeasible  221      6.8104e+10 6.8798e+10  1.02%   110 2945s
 32058  2330 infeasible  212      6.8104e+10 6.8798e+10  1.02%   110 2950s
 32103  2333 infeasible  210      6.8104e+10 6.8798e+10  1.02%   110 2955s
 32145  2335 6.8798e+10  215  144 6.8104e+10 6.8798e+10  1.02%   110 2960s
 32193  2331 6.8798e+10  219  141 6.8104e+10 6.8798e+10  1.02%   110 2965s
 32229  2329 6.8798e+10  215  140 6.8104e+10 6.8798e+10  1.02%   110 2970s
 32274  2330 infeasible  219      6.8104e+10 6.8798e+10  1.02%   110 2975s
 32280  2328 6.8798e+10  209  211 6.8104e+10 6.8798e+10  1.02%   110 2981s
 32337  2343 6.8798e+10  215  178 6.8104e+10 6.8798e+10  1.02%   110 2985s
 32397  2340 6.8798e+10  219   85 6.8104e+10 6.8798e+10  1.02%   110 2990s
 32471  2348 6.8798e+10  219  260 6.8104e+10 6.8798e+10  1.02%   110 2995s
 32578  2453 6.8798e+10  322  146 6.8104e+10 6.8798e+10  1.02%   110 3000s
 32588  2463 6.8798e+10  332  127 6.8104e+10 6.8798e+10  1.02%   110 3005s
 32655  2516 6.8798e+10  234  209 6.8104e+10 6.8798e+10  1.02%   110 3010s
 32766  2627 6.8798e+10  334  128 6.8104e+10 6.8798e+10  1.02%   109 3015s
 32841  2632 infeasible  347      6.8104e+10 6.8798e+10  1.02%   109 3020s
 32911  2634 6.8798e+10  341  134 6.8104e+10 6.8798e+10  1.02%   109 3025s
 32962  2627 6.8798e+10  337  151 6.8104e+10 6.8798e+10  1.02%   109 3030s
 33026  2627 6.8798e+10  337  128 6.8104e+10 6.8798e+10  1.02%   109 3035s
 33049  2632 6.8798e+10  343  134 6.8104e+10 6.8798e+10  1.02%   109 3040s
 33113  2636 infeasible  353      6.8104e+10 6.8798e+10  1.02%   109 3045s
 33166  2623 6.8798e+10  336  163 6.8104e+10 6.8798e+10  1.02%   109 3050s
 33220  2637 6.8798e+10  334  134 6.8104e+10 6.8798e+10  1.02%   109 3055s
 33282  2641 infeasible  341      6.8104e+10 6.8798e+10  1.02%   109 3060s
 33343  2638 6.8798e+10  335  133 6.8104e+10 6.8798e+10  1.02%   109 3065s
 33383  2626 6.8798e+10  341  137 6.8104e+10 6.8798e+10  1.02%   110 3070s
 33445  2622 infeasible  339      6.8104e+10 6.8798e+10  1.02%   110 3075s
 33481  2628 6.8798e+10  334  148 6.8104e+10 6.8798e+10  1.02%   110 3084s
 33485  2626 6.8798e+10  338  178 6.8104e+10 6.8798e+10  1.02%   110 3085s
 33513  2630 6.8798e+10  346  114 6.8104e+10 6.8798e+10  1.02%   110 3095s
 33569  2638 infeasible  354      6.8104e+10 6.8798e+10  1.02%   110 3100s
 33596  2621 infeasible  339      6.8104e+10 6.8798e+10  1.02%   110 3105s
 33649  2636 infeasible  349      6.8104e+10 6.8798e+10  1.02%   110 3110s
 33701  2622 infeasible  337      6.8104e+10 6.8798e+10  1.02%   110 3115s
 33760  2621 6.8798e+10  341  123 6.8104e+10 6.8798e+10  1.02%   110 3120s
 33812  2615 infeasible  327      6.8104e+10 6.8798e+10  1.02%   110 3125s
 33838  2623 6.8798e+10  331  124 6.8104e+10 6.8798e+10  1.02%   110 3131s
 33872  2617 6.8798e+10  328  149 6.8104e+10 6.8798e+10  1.02%   111 3135s
 33931  2616 6.8798e+10  337  116 6.8104e+10 6.8798e+10  1.02%   111 3140s
 33985  2614 infeasible  323      6.8104e+10 6.8798e+10  1.02%   111 3145s
 34066  2613 infeasible  332      6.8104e+10 6.8798e+10  1.02%   111 3150s
 34144  2615 6.8798e+10  323  125 6.8104e+10 6.8798e+10  1.02%   111 3155s
 34187  2614 6.8798e+10  326  150 6.8104e+10 6.8798e+10  1.02%   111 3164s
 34190  2611 infeasible  323      6.8104e+10 6.8798e+10  1.02%   111 3165s
 34249  2616 infeasible  325      6.8104e+10 6.8798e+10  1.02%   111 3170s
 34295  2628 6.8798e+10  341  109 6.8104e+10 6.8798e+10  1.02%   111 3175s
 34358  2645 infeasible  341      6.8104e+10 6.8798e+10  1.02%   111 3180s
 34416  2625 infeasible  318      6.8104e+10 6.8798e+10  1.02%   111 3185s
 34473  2628 6.8798e+10  321  153 6.8104e+10 6.8798e+10  1.02%   111 3190s
 34525  2626 infeasible  323      6.8104e+10 6.8798e+10  1.02%   111 3195s
 34533  2626 6.8798e+10  319  169 6.8104e+10 6.8798e+10  1.02%   111 3200s
 34603  2618 infeasible  338      6.8104e+10 6.8798e+10  1.02%   111 3205s
 34652  2615 6.8798e+10  332  126 6.8104e+10 6.8798e+10  1.02%   111 3216s
 34695  2618 6.8798e+10  331  149 6.8104e+10 6.8798e+10  1.02%   111 3220s
 34765  2632 6.8798e+10  348  108 6.8104e+10 6.8798e+10  1.02%   111 3225s
 34833  2616 6.8798e+10  331  137 6.8104e+10 6.8798e+10  1.02%   111 3230s
 34887  2636 6.8798e+10  337  134 6.8104e+10 6.8798e+10  1.02%   111 3236s
 34932  2633 6.8798e+10  338  145 6.8104e+10 6.8798e+10  1.02%   111 3240s
 35008  2623 6.8798e+10  341  106 6.8104e+10 6.8798e+10  1.02%   111 3245s
 35069  2612 infeasible  332      6.8104e+10 6.8798e+10  1.02%   111 3250s
 35139  2612 infeasible  331      6.8104e+10 6.8798e+10  1.02%   111 3255s
 35207  2634 infeasible  348      6.8104e+10 6.8798e+10  1.02%   111 3260s
 35262  2629 6.8798e+10  344  149 6.8104e+10 6.8798e+10  1.02%   111 3265s
 35277  2624 6.8798e+10  339  154 6.8104e+10 6.8798e+10  1.02%   111 3270s
 35320  2613 6.8798e+10  328  190 6.8104e+10 6.8798e+10  1.02%   111 3275s
 35379  2610 6.8798e+10  323  146 6.8104e+10 6.8798e+10  1.02%   111 3280s
 35442  2615 infeasible  335      6.8104e+10 6.8798e+10  1.02%   111 3285s
 35522  2615 6.8798e+10  328  117 6.8104e+10 6.8798e+10  1.02%   111 3290s
 35598  2611 6.8798e+10  331  106 6.8104e+10 6.8798e+10  1.02%   111 3295s
 35648  2613 6.8798e+10  324  160 6.8104e+10 6.8798e+10  1.02%   111 3300s
 35703  2620 6.8798e+10  315  163 6.8104e+10 6.8798e+10  1.02%   111 3305s
 35709  2620 6.8798e+10  318  152 6.8104e+10 6.8798e+10  1.02%   111 3310s
 35780  2633 6.8798e+10  320  154 6.8104e+10 6.8798e+10  1.02%   111 3315s
 35847  2640 6.8798e+10  328  187 6.8104e+10 6.8798e+10  1.02%   111 3320s
 35910  2639 infeasible  329      6.8104e+10 6.8798e+10  1.02%   111 3325s
 35921  2638 6.8798e+10  325  155 6.8104e+10 6.8798e+10  1.02%   111 3334s
 35929  2636 6.8798e+10  326  162 6.8104e+10 6.8798e+10  1.02%   111 3335s
 35979  2632 6.8798e+10  322  137 6.8104e+10 6.8798e+10  1.02%   111 3340s
 36029  2632 6.8798e+10  324  178 6.8104e+10 6.8798e+10  1.02%   111 3349s
 36043  2632 6.8798e+10  323  112 6.8104e+10 6.8798e+10  1.02%   111 3350s
 36092  2633 infeasible  326      6.8104e+10 6.8798e+10  1.02%   111 3355s
 36153  2636 infeasible  328      6.8104e+10 6.8798e+10  1.02%   111 3360s
 36202  2639 6.8798e+10  333  135 6.8104e+10 6.8798e+10  1.02%   111 3365s
 36260  2629 infeasible  324      6.8104e+10 6.8798e+10  1.02%   111 3370s
 36309  2628 6.8798e+10  324  184 6.8104e+10 6.8798e+10  1.02%   111 3375s
 36390  2635 infeasible  325      6.8104e+10 6.8798e+10  1.02%   111 3380s
 36446  2625 6.8798e+10  327  119 6.8104e+10 6.8798e+10  1.02%   111 3385s
 36492  2627 6.8798e+10  325  139 6.8104e+10 6.8798e+10  1.02%   111 3392s
 36523  2628 infeasible  331      6.8104e+10 6.8798e+10  1.02%   111 3395s
 36592  2633 infeasible  337      6.8104e+10 6.8798e+10  1.02%   111 3400s
 36662  2631 infeasible  337      6.8104e+10 6.8798e+10  1.02%   111 3405s
 36741  2630 infeasible  339      6.8104e+10 6.8798e+10  1.02%   111 3410s
 36800  2629 6.8798e+10  326  120 6.8104e+10 6.8798e+10  1.02%   111 3415s
 36853  2638 6.8798e+10  332  150 6.8104e+10 6.8798e+10  1.02%   111 3420s
 36911  2624 infeasible  328      6.8104e+10 6.8798e+10  1.02%   111 3425s
 36958  2623 6.8798e+10  321  170 6.8104e+10 6.8798e+10  1.02%   111 3430s
 37010  2621 infeasible  325      6.8104e+10 6.8798e+10  1.02%   111 3435s
 37061  2630 6.8798e+10  329  108 6.8104e+10 6.8798e+10  1.02%   111 3440s
 37117  2626 infeasible  326      6.8104e+10 6.8798e+10  1.02%   111 3445s
 37137  2620 6.8798e+10  326  176 6.8104e+10 6.8798e+10  1.02%   112 3456s
 37160  2621 6.8798e+10  326  161 6.8104e+10 6.8798e+10  1.02%   112 3464s
 37168  2623 6.8798e+10  328  158 6.8104e+10 6.8798e+10  1.02%   111 3465s
 37232  2615 6.8798e+10  330  142 6.8104e+10 6.8798e+10  1.02%   111 3470s
 37298  2609 infeasible  326      6.8104e+10 6.8798e+10  1.02%   111 3475s
 37366  2611 infeasible  338      6.8104e+10 6.8798e+10  1.02%   112 3480s
 37419  2608 infeasible  332      6.8104e+10 6.8798e+10  1.02%   112 3485s
 37475  2614 6.8798e+10  334  131 6.8104e+10 6.8798e+10  1.02%   112 3490s
 37527  2612 infeasible  323      6.8104e+10 6.8798e+10  1.02%   112 3495s
 37584  2615 6.8798e+10  321  149 6.8104e+10 6.8798e+10  1.02%   112 3504s
 37592  2613 infeasible  324      6.8104e+10 6.8798e+10  1.02%   112 3505s
 37640  2615 6.8798e+10  322  179 6.8104e+10 6.8798e+10  1.02%   112 3510s
 37702  2621 infeasible  328      6.8104e+10 6.8798e+10  1.02%   112 3515s
 37750  2621 6.8798e+10  325  173 6.8104e+10 6.8798e+10  1.02%   112 3520s
 37795  2616 6.8798e+10  319  148 6.8104e+10 6.8798e+10  1.02%   112 3525s
 37836  2617 6.8798e+10  318  157 6.8104e+10 6.8798e+10  1.02%   112 3530s
 37891  2616 6.8798e+10  321  128 6.8104e+10 6.8798e+10  1.02%   112 3535s
 37931  2614 infeasible  325      6.8104e+10 6.8798e+10  1.02%   112 3540s
 37987  2606 6.8798e+10  318  127 6.8104e+10 6.8798e+10  1.02%   112 3545s
 38041  2628 infeasible  319      6.8104e+10 6.8798e+10  1.02%   113 3550s
 38104  2629 6.8798e+10  327  172 6.8104e+10 6.8798e+10  1.02%   113 3555s
 38136  2629 6.8798e+10  329  188 6.8104e+10 6.8798e+10  1.02%   113 3560s
 38202  2623 infeasible  317      6.8104e+10 6.8798e+10  1.02%   113 3565s
 38267  2630 6.8798e+10  316  205 6.8104e+10 6.8798e+10  1.02%   113 3570s
 38328  2637 6.8798e+10  325  164 6.8104e+10 6.8798e+10  1.02%   113 3579s
 38342  2639 6.8798e+10  328  145 6.8104e+10 6.8798e+10  1.02%   113 3580s
 38388  2647 6.8798e+10  325  172 6.8104e+10 6.8798e+10  1.02%   113 3589s
 38393  2650 6.8798e+10  329  163 6.8104e+10 6.8798e+10  1.02%   113 3590s
 38436  2643 infeasible  325      6.8104e+10 6.8798e+10  1.02%   113 3595s

Cutting planes:
  Learned: 352
  Gomory: 221
  Lift-and-project: 2
  Cover: 8438
  Implied bound: 2204
  Projected implied bound: 28
  Clique: 158
  MIR: 345
  Mixing: 2
  StrongCG: 30
  Flow cover: 3010
  GUB cover: 81
  Inf proof: 766
  Zero half: 3
  RLT: 495
  Relax-and-lift: 772
  BQP: 1

Explored 38489 nodes (4360784 simplex iterations) in 3599.30 seconds (1822.92 work units)
Thread count was 1 (of 28 available processors)

Solution count 10: 6.81042e+10 6.78354e+10 6.75666e+10 ... 5.8475e+10

Time limit reached
Best objective 6.810417960000e+10, best bound 6.879801720000e+10, gap 1.0188%

User-callback calls 1440977, time in user-callback 0.95 sec