Gurobi Optimizer version 12.0.3 build v12.0.3rc0 (linux64 - "Oracle Linux Server 9.4")

CPU model: Intel(R) Xeon(R) CPU E5-2660 v4 @ 2.00GHz, instruction set [SSE2|AVX|AVX2]
Thread count: 28 physical cores, 28 logical processors, using up to 1 threads

Non-default parameters:
TimeLimit  3599.716581789
SoftMemLimit  16
NumericFocus  1
Threads  1

Academic license 2690100 - for non-commercial use only - registered to ju___@uclm.es
Optimize a model with 7274 rows, 1800 columns and 25169 nonzeros
Model fingerprint: 0xef974a7e
Variable types: 48 continuous, 1752 integer (1752 binary)
Coefficient statistics:
  Matrix range     [1e+00, 3e+13]
  Objective range  [7e+08, 3e+09]
  Bounds range     [1e+03, 1e+04]
  RHS range        [1e+00, 2e+14]
Warning: Model contains large matrix coefficient range
Warning: Model contains large objective coefficients
Warning: Model contains large rhs
Found heuristic solution: objective -0.0000000
Presolve removed 3429 rows and 558 columns
Presolve time: 0.21s
Presolved: 3845 rows, 1242 columns, 12874 nonzeros
Variable types: 48 continuous, 1194 integer (1194 binary)

Root relaxation: objective 3.191474e+10, 823 iterations, 0.03 seconds (0.02 work units)

    Nodes    |    Current Node    |     Objective Bounds      |     Work
 Expl Unexpl |  Obj  Depth IntInf | Incumbent    BestBd   Gap | It/Node Time

     0     0 3.1915e+10    0    4   -0.00000 3.1915e+10      -     -    0s
H    0     0                    1.332314e+10 3.1915e+10   140%     -    0s
     0     0 3.1915e+10    0   20 1.3323e+10 3.1915e+10   140%     -    0s
     0     0 3.1915e+10    0   19 1.3323e+10 3.1915e+10   140%     -    0s
H    0     0                    1.684726e+10 3.1915e+10  89.4%     -    0s
     0     0 3.1915e+10    0   10 1.6847e+10 3.1915e+10  89.4%     -    0s
     0     0 3.1915e+10    0    6 1.6847e+10 3.1915e+10  89.4%     -    0s
H    0     0                    3.191474e+10 3.1915e+10  0.00%     -    0s
     0     0 3.1915e+10    0    4 3.1915e+10 3.1915e+10  0.00%     -    0s

Cutting planes:
  Cover: 3
  Implied bound: 9
  MIR: 16
  Flow cover: 43
  RLT: 2
  Relax-and-lift: 4

Explored 1 nodes (4930 simplex iterations) in 0.74 seconds (0.42 work units)
Thread count was 1 (of 28 available processors)

Solution count 4: 3.19147e+10 1.68473e+10 1.33231e+10 -0 

Optimal solution found (tolerance 1.00e-04)
Best objective 3.191474328000e+10, best bound 3.191474328000e+10, gap 0.0000%

User-callback calls 675, time in user-callback 0.00 sec