Gurobi Optimizer version 12.0.3 build v12.0.3rc0 (linux64 - "Oracle Linux Server 9.4")

CPU model: Intel(R) Xeon(R) CPU E5-2660 v4 @ 2.00GHz, instruction set [SSE2|AVX|AVX2]
Thread count: 28 physical cores, 28 logical processors, using up to 1 threads

Non-default parameters:
TimeLimit  3599.678299168
SoftMemLimit  16
NumericFocus  1
Threads  1

Academic license 2690100 - for non-commercial use only - registered to ju___@uclm.es
Optimize a model with 10690 rows, 2610 columns and 37131 nonzeros
Model fingerprint: 0x66af1ca1
Variable types: 58 continuous, 2552 integer (2552 binary)
Coefficient statistics:
  Matrix range     [1e+00, 4e+13]
  Objective range  [5e+08, 4e+09]
  Bounds range     [1e+03, 1e+04]
  RHS range        [1e+00, 2e+14]
Warning: Model contains large matrix coefficient range
Warning: Model contains large objective coefficients
Warning: Model contains large rhs
Found heuristic solution: objective -0.0000000
Presolve removed 3929 rows and 534 columns
Presolve time: 0.17s
Presolved: 6761 rows, 2076 columns, 25064 nonzeros
Variable types: 59 continuous, 2017 integer (2014 binary)

Root relaxation: objective 7.582171e+10, 1077 iterations, 0.04 seconds (0.02 work units)

    Nodes    |    Current Node    |     Objective Bounds      |     Work
 Expl Unexpl |  Obj  Depth IntInf | Incumbent    BestBd   Gap | It/Node Time

     0     0 7.5822e+10    0   35   -0.00000 7.5822e+10      -     -    0s
H    0     0                    5.634746e+09 7.5822e+10  1246%     -    0s
H    0     0                    1.082832e+10 7.5822e+10   600%     -    0s
     0     0 7.5822e+10    0   98 1.0828e+10 7.5822e+10   600%     -    0s
     0     0 7.5822e+10    0   95 1.0828e+10 7.5822e+10   600%     -    0s
     0     0 7.5822e+10    0   91 1.0828e+10 7.5822e+10   600%     -    0s
     0     0 7.5822e+10    0   26 1.0828e+10 7.5822e+10   600%     -    0s
H    0     0                    2.249201e+10 7.5822e+10   237%     -    0s
H    0     0                    2.536907e+10 7.5822e+10   199%     -    0s
     0     0 7.5822e+10    0   29 2.5369e+10 7.5822e+10   199%     -    0s
     0     0 7.5822e+10    0   21 2.5369e+10 7.5822e+10   199%     -    1s
     0     0 7.5822e+10    0   21 2.5369e+10 7.5822e+10   199%     -    1s
     0     0 7.5822e+10    0   28 2.5369e+10 7.5822e+10   199%     -    1s
     0     0 7.5822e+10    0  349 2.5369e+10 7.5822e+10   199%     -    1s
     0     0 7.5822e+10    0  339 2.5369e+10 7.5822e+10   199%     -    1s
     0     0 7.5822e+10    0  246 2.5369e+10 7.5822e+10   199%     -    1s
     0     0 7.5822e+10    0  289 2.5369e+10 7.5822e+10   199%     -    1s
     0     0 7.5822e+10    0  285 2.5369e+10 7.5822e+10   199%     -    1s
     0     0 7.5822e+10    0   25 2.5369e+10 7.5822e+10   199%     -    1s
     0     0 7.5822e+10    0   25 2.5369e+10 7.5822e+10   199%     -    1s
     0     0 7.5822e+10    0   30 2.5369e+10 7.5822e+10   199%     -    1s
     0     0 7.5822e+10    0   25 2.5369e+10 7.5822e+10   199%     -    1s
     0     0 7.5822e+10    0   43 2.5369e+10 7.5822e+10   199%     -    2s
     0     0 7.5822e+10    0   26 2.5369e+10 7.5822e+10   199%     -    2s
     0     0 7.5822e+10    0   26 2.5369e+10 7.5822e+10   199%     -    2s
     0     2 7.5822e+10    0   21 2.5369e+10 7.5822e+10   199%     -    2s
H   26    18                    3.111466e+10 7.5822e+10   144%   131    2s
H   79    35                    3.462466e+10 7.5822e+10   119%   112    3s
H  105    40                    4.119066e+10 7.5822e+10  84.1%  92.1    3s
H  132    58                    4.236066e+10 7.5822e+10  79.0%  76.8    3s
H  282   135                    4.353066e+10 7.5822e+10  74.2%  52.0    4s
   285   139 7.5822e+10   37  350 4.3531e+10 7.5822e+10  74.2%  51.5    5s
H  420   198                    4.704066e+10 7.5822e+10  61.2%  55.5    6s
H  600   277                    6.178171e+10 7.5822e+10  22.7%  49.5    7s
   717   368 7.5822e+10   10   26 6.1782e+10 7.5822e+10  22.7%  53.0   10s
   737   381 7.5523e+10   77   49 6.1782e+10 7.5822e+10  22.7%  51.6   15s
   877   437 7.5523e+10   45  145 6.1782e+10 7.5822e+10  22.7%  83.2   20s
H  925   435                    6.412171e+10 7.5822e+10  18.2%  82.6   22s
  1022   453 7.5822e+10   15  430 6.4122e+10 7.5822e+10  18.2%  80.5   25s
  1183   491 7.5822e+10   28  119 6.4122e+10 7.5822e+10  18.2%  80.0   30s
H 1230   494                    6.763171e+10 7.5822e+10  12.1%  78.2   31s
  1315   522 7.4634e+10   47  219 6.7632e+10 7.5822e+10  12.1%  79.8   35s
  1405   561 7.5822e+10   64   68 6.7632e+10 7.5822e+10  12.1%  77.0   40s
  1561   553 infeasible   34      6.7632e+10 7.5822e+10  12.1%  77.1   45s
  1814   615 7.5822e+10   66   88 6.7632e+10 7.5822e+10  12.1%  74.9   51s
  1982   625 7.4634e+10   76   96 6.7632e+10 7.5822e+10  12.1%  76.8   55s
  2124   706 7.5113e+10   77  116 6.7632e+10 7.5822e+10  12.1%  74.3   60s
  2360   864 7.2128e+10   78  133 6.7632e+10 7.5822e+10  12.1%  70.5   65s
  2621  1023 7.5822e+10   64   43 6.7632e+10 7.5822e+10  12.1%  67.0   70s
  2863  1180 7.5121e+10   71   50 6.7632e+10 7.5822e+10  12.1%  64.9   75s
  3224  1397 7.1611e+10   83   54 6.7632e+10 7.5822e+10  12.1%  63.0   80s
  3494  1499 infeasible   65      6.7632e+10 7.5822e+10  12.1%  62.6   85s
  3717  1646 7.4613e+10   68   94 6.7632e+10 7.5822e+10  12.1%  62.5   90s
  3887  1746 7.3937e+10   66   92 6.7632e+10 7.5822e+10  12.1%  62.8   95s
  4147  1859 7.5822e+10   47   67 6.7632e+10 7.5822e+10  12.1%  62.6  100s
  4352  1975 7.5822e+10   57  190 6.7632e+10 7.5822e+10  12.1%  62.9  105s
  4558  2085 7.5822e+10   63   59 6.7632e+10 7.5822e+10  12.1%  63.0  110s
  4801  2174 7.3482e+10   82   68 6.7632e+10 7.5822e+10  12.1%  63.0  117s
  4925  2211 7.4696e+10   83   91 6.7632e+10 7.5822e+10  12.1%  62.7  120s
  5077  2231 7.5822e+10   62   97 6.7632e+10 7.5822e+10  12.1%  63.3  125s
  5166  2274 7.5822e+10   45   93 6.7632e+10 7.5822e+10  12.1%  64.2  130s
  5338  2362 7.5822e+10   57  254 6.7632e+10 7.5822e+10  12.1%  64.5  135s
  5611  2498 6.9271e+10   96   27 6.7632e+10 7.5822e+10  12.1%  62.9  140s
  5875  2628 7.5822e+10   70   55 6.7632e+10 7.5822e+10  12.1%  62.3  145s
  6073  2738 7.5822e+10   66  102 6.7632e+10 7.5822e+10  12.1%  62.4  150s
  6333  2820 7.5822e+10   69   59 6.7632e+10 7.5822e+10  12.1%  61.8  155s
  6507  2856 7.5822e+10   62   95 6.7632e+10 7.5822e+10  12.1%  61.5  160s
  6686  2889 7.5822e+10   54   91 6.7632e+10 7.5822e+10  12.1%  61.3  165s
  6912  2941 7.5822e+10   69   67 6.7632e+10 7.5822e+10  12.1%  60.7  170s
  7090  3049 7.5121e+10   77   63 6.7632e+10 7.5822e+10  12.1%  61.1  175s
  7316  3175 7.5822e+10   64  159 6.7632e+10 7.5822e+10  12.1%  61.0  180s
  7452  3269 7.5822e+10   58  106 6.7632e+10 7.5822e+10  12.1%  61.5  185s
  7662  3396 7.5822e+10   46   68 6.7632e+10 7.5822e+10  12.1%  62.2  190s
  7805  3470 7.1193e+10   86   75 6.7632e+10 7.5822e+10  12.1%  62.6  195s
  7965  3524 7.5822e+10   62   73 6.7632e+10 7.5822e+10  12.1%  63.0  200s
  8232  3619 7.0724e+10  101   41 6.7632e+10 7.5822e+10  12.1%  62.9  205s
  8478  3719 7.5822e+10   68   62 6.7632e+10 7.5822e+10  12.1%  62.7  210s
  8595  3785 7.5822e+10   67  145 6.7632e+10 7.5822e+10  12.1%  63.1  216s
  8686  3842 7.5822e+10   44   50 6.7632e+10 7.5822e+10  12.1%  63.1  220s
  8854  3936 7.5523e+10   81  138 6.7632e+10 7.5822e+10  12.1%  63.5  225s
  9109  4060 7.4406e+10   65  151 6.7632e+10 7.5822e+10  12.1%  63.5  230s
  9318  4099 infeasible   72      6.7632e+10 7.5822e+10  12.1%  64.2  235s
  9618  4138 7.5822e+10   65   49 6.7632e+10 7.5822e+10  12.1%  64.1  240s
  9784  4208 7.5822e+10   62  180 6.7632e+10 7.5822e+10  12.1%  64.2  245s
 10012  4256 7.5822e+10   58  101 6.7632e+10 7.5822e+10  12.1%  64.4  250s
 10177  4322 7.2312e+10   80   47 6.7632e+10 7.5822e+10  12.1%  64.8  255s
 10212  4350 7.5822e+10   77   25 6.7632e+10 7.5822e+10  12.1%  64.7  260s
 10284  4372 7.5822e+10   32  266 6.7632e+10 7.5822e+10  12.1%  67.6  265s
 10388  4418 7.5822e+10   84   53 6.7632e+10 7.5822e+10  12.1%  68.0  270s
 10544  4452 7.5803e+10   84  163 6.7632e+10 7.5822e+10  12.1%  68.4  275s
 10619  4470 7.4611e+10   80  274 6.7632e+10 7.5822e+10  12.1%  68.8  280s
 10731  4497 7.5822e+10   40   86 6.7632e+10 7.5822e+10  12.1%  69.2  285s
 10852  4552 7.5822e+10   77  169 6.7632e+10 7.5822e+10  12.1%  69.5  290s
 10937  4538 7.5822e+10   55  349 6.7632e+10 7.5822e+10  12.1%  69.4  295s
 11019  4587 7.5822e+10  100   61 6.7632e+10 7.5822e+10  12.1%  69.3  300s
 11212  4619 7.5822e+10   98   81 6.7632e+10 7.5822e+10  12.1%  69.3  305s
 11385  4668 7.5822e+10  123  105 6.7632e+10 7.5822e+10  12.1%  69.2  311s
 11513  4698 7.5822e+10  124  113 6.7632e+10 7.5822e+10  12.1%  69.1  315s
 11626  4712 7.5822e+10   92   92 6.7632e+10 7.5822e+10  12.1%  69.2  320s
 11706  4705 7.5822e+10  114  189 6.7632e+10 7.5822e+10  12.1%  69.7  325s
 11863  4684 7.5822e+10   74   84 6.7632e+10 7.5822e+10  12.1%  69.7  330s
 12061  4744 7.5822e+10  105   69 6.7632e+10 7.5822e+10  12.1%  69.5  335s
 12230  4779 7.5822e+10   59  171 6.7632e+10 7.5822e+10  12.1%  69.3  340s
 12419  4805 7.5822e+10   96   81 6.7632e+10 7.5822e+10  12.1%  69.0  345s
 12653  4760 7.5822e+10   87  158 6.7632e+10 7.5822e+10  12.1%  69.1  351s
 12845  4725 7.5822e+10   95  107 6.7632e+10 7.5822e+10  12.1%  68.9  357s
 12923  4711 7.5822e+10  100   78 6.7632e+10 7.5822e+10  12.1%  69.2  360s
 13116  4659 7.5822e+10   91  105 6.7632e+10 7.5822e+10  12.1%  69.3  365s
 13352  4579 infeasible   98      6.7632e+10 7.5822e+10  12.1%  69.6  370s
 13578  4498 infeasible   97      6.7632e+10 7.5822e+10  12.1%  69.7  375s
 13663  4467 infeasible   95      6.7632e+10 7.5822e+10  12.1%  70.0  380s
 13880  4385 7.5822e+10  104   85 6.7632e+10 7.5822e+10  12.1%  70.5  385s
 14052  4331 7.5822e+10  100   93 6.7632e+10 7.5822e+10  12.1%  71.1  391s
 14180  4292 7.5822e+10  100   74 6.7632e+10 7.5822e+10  12.1%  71.5  395s
 14349  4225 7.5822e+10  100   94 6.7632e+10 7.5822e+10  12.1%  72.4  400s
 14474  4182 7.5822e+10   95  117 6.7632e+10 7.5822e+10  12.1%  72.9  405s
 14532  4165 7.5822e+10  101   82 6.7632e+10 7.5822e+10  12.1%  73.2  410s
 14641  4136 7.5822e+10  103  118 6.7632e+10 7.5822e+10  12.1%  73.7  415s
 14808  4073 7.5822e+10  102   77 6.7632e+10 7.5822e+10  12.1%  74.3  420s
 14971  4009 7.5822e+10   93  107 6.7632e+10 7.5822e+10  12.1%  74.9  425s
 15082  3991 7.5822e+10   99   71 6.7632e+10 7.5822e+10  12.1%  75.3  430s
 15246  3921 7.5822e+10   97   67 6.7632e+10 7.5822e+10  12.1%  75.7  435s
 15387  3871 7.5822e+10   95  117 6.7632e+10 7.5822e+10  12.1%  76.0  440s
 15474  3855 infeasible  100      6.7632e+10 7.5822e+10  12.1%  76.3  474s
 15487  3844 7.5822e+10   93   48 6.7632e+10 7.5822e+10  12.1%  76.4  475s
 15620  3814 7.5822e+10  102   43 6.7632e+10 7.5822e+10  12.1%  76.7  480s
 15849  3724 7.5822e+10   95   49 6.7632e+10 7.5822e+10  12.1%  76.9  485s
 15966  3686 7.5822e+10   89   96 6.7632e+10 7.5822e+10  12.1%  77.0  492s
 16067  3664 7.5822e+10   90   69 6.7632e+10 7.5822e+10  12.1%  77.0  495s
 16310  3592 7.5822e+10   83   95 6.7632e+10 7.5822e+10  12.1%  77.1  500s
 16493  3579 7.5822e+10   75  150 6.7632e+10 7.5822e+10  12.1%  77.1  505s
 16749  3610 7.5822e+10  121  159 6.7632e+10 7.5822e+10  12.1%  76.7  510s
 16876  3623 infeasible  105      6.7632e+10 7.5822e+10  12.1%  76.8  515s
 17088  3678 7.5822e+10   63  127 6.7632e+10 7.5822e+10  12.1%  76.7  520s
 17309  3656 7.5822e+10   99   72 6.7632e+10 7.5822e+10  12.1%  76.6  525s
 17488  3603 7.5822e+10  100  105 6.7632e+10 7.5822e+10  12.1%  76.7  530s
 17548  3623 7.5822e+10   90   45 6.7632e+10 7.5822e+10  12.1%  76.7  535s
 17680  3638 infeasible  117      6.7632e+10 7.5822e+10  12.1%  76.7  540s
 17836  3632 7.5822e+10  104  101 6.7632e+10 7.5822e+10  12.1%  77.0  545s
 17963  3586 7.5822e+10  102   78 6.7632e+10 7.5822e+10  12.1%  77.1  550s
 18170  3526 infeasible  101      6.7632e+10 7.5822e+10  12.1%  77.4  555s
 18381  3501 7.5822e+10   97   71 6.7632e+10 7.5822e+10  12.1%  77.6  560s
 18531  3531 7.5822e+10   84   91 6.7632e+10 7.5822e+10  12.1%  77.6  565s
 18685  3550 7.5822e+10   76  115 6.7632e+10 7.5822e+10  12.1%  78.0  570s
 18889  3536 7.5822e+10   97   81 6.7632e+10 7.5822e+10  12.1%  78.1  575s
 19079  3487 infeasible   99      6.7632e+10 7.5822e+10  12.1%  78.1  580s
 19165  3475 7.5822e+10   92  145 6.7632e+10 7.5822e+10  12.1%  78.2  586s
 19221  3464 7.5089e+10   88   84 6.7632e+10 7.5822e+10  12.1%  78.4  590s
 19382  3452 7.5822e+10   85  143 6.7632e+10 7.5822e+10  12.1%  78.4  596s
 19555  3446 infeasible   87      6.7632e+10 7.5822e+10  12.1%  78.5  600s
 19726  3447 7.5095e+10   92   60 6.7632e+10 7.5822e+10  12.1%  78.4  605s
 19938  3458 7.5121e+10   95   60 6.7632e+10 7.5822e+10  12.1%  78.4  610s
 20058  3455 infeasible   95      6.7632e+10 7.5822e+10  12.1%  78.5  615s
 20209  3459 7.5822e+10   80  102 6.7632e+10 7.5822e+10  12.1%  78.7  620s
 20351  3428 7.5822e+10   78  135 6.7632e+10 7.5822e+10  12.1%  78.9  625s
 20495  3374 infeasible   77      6.7632e+10 7.5822e+10  12.1%  79.3  630s
 20602  3369 7.5822e+10   69   74 6.7632e+10 7.5822e+10  12.1%  79.5  635s
 20779  3375 7.5822e+10   71   69 6.7632e+10 7.5822e+10  12.1%  79.5  641s
 20901  3378 infeasible   78      6.7632e+10 7.5822e+10  12.1%  79.7  645s
 21094  3437 7.5822e+10   73   75 6.7632e+10 7.5822e+10  12.1%  79.8  650s
 21136  3443 7.5822e+10   90  165 6.7632e+10 7.5822e+10  12.1%  79.7  655s
 21260  3447 7.5822e+10   75   82 6.7632e+10 7.5822e+10  12.1%  79.7  660s
 21449  3508 7.5822e+10   93   47 6.7632e+10 7.5822e+10  12.1%  79.6  665s
 21578  3522 7.5822e+10   68   74 6.7632e+10 7.5822e+10  12.1%  79.7  670s
 21750  3558 7.5822e+10   58  132 6.7632e+10 7.5822e+10  12.1%  79.8  675s
 21899  3607 7.5822e+10   68   92 6.7632e+10 7.5822e+10  12.1%  79.7  680s
 22116  3573 infeasible   82      6.7632e+10 7.5822e+10  12.1%  79.6  685s
 22252  3520 7.5822e+10   83  105 6.7632e+10 7.5822e+10  12.1%  79.8  690s
 22489  3440 infeasible  102      6.7632e+10 7.5822e+10  12.1%  79.8  695s
 22622  3400 7.5822e+10   99  128 6.7632e+10 7.5822e+10  12.1%  80.1  700s
 22789  3334 7.5822e+10  100   82 6.7632e+10 7.5822e+10  12.1%  80.2  705s
 23021  3251 7.5822e+10   79   91 6.7632e+10 7.5822e+10  12.1%  80.3  710s
 23161  3197 7.5822e+10   68  131 6.7632e+10 7.5822e+10  12.1%  80.4  718s
 23217  3218 7.5822e+10  104   57 6.7632e+10 7.5822e+10  12.1%  80.2  721s
 23441  3160 7.5822e+10   98  102 6.7632e+10 7.5822e+10  12.1%  80.3  725s
 23627  3155 7.5822e+10   98   95 6.7632e+10 7.5822e+10  12.1%  80.2  730s
 23850  3156 infeasible   78      6.7632e+10 7.5822e+10  12.1%  80.3  735s
 24001  3149 7.5822e+10   69  179 6.7632e+10 7.5822e+10  12.1%  80.4  740s
 24195  3168 infeasible   79      6.7632e+10 7.5822e+10  12.1%  80.6  745s
 24320  3167 7.5822e+10   81  121 6.7632e+10 7.5822e+10  12.1%  80.9  751s
 24417  3170 7.5822e+10   83   66 6.7632e+10 7.5822e+10  12.1%  81.2  755s
 24609  3172 7.5822e+10   77   92 6.7632e+10 7.5822e+10  12.1%  81.4  760s
 24807  3164 7.5822e+10   75  101 6.7632e+10 7.5822e+10  12.1%  81.6  765s
 24952  3169 7.5822e+10   80   93 6.7632e+10 7.5822e+10  12.1%  81.7  770s
 25087  3196 7.5822e+10   83  128 6.7632e+10 7.5822e+10  12.1%  81.7  775s
 25243  3250 infeasible   85      6.7632e+10 7.5822e+10  12.1%  81.9  780s
 25417  3310 7.5822e+10   77  140 6.7632e+10 7.5822e+10  12.1%  82.0  785s
 25458  3328 7.5822e+10   34  168 6.7632e+10 7.5822e+10  12.1%  82.1  790s
 25567  3376 7.5822e+10  103   43 6.7632e+10 7.5822e+10  12.1%  82.0  795s
 25705  3384 7.5822e+10   88  112 6.7632e+10 7.5822e+10  12.1%  82.1  800s
 25913  3383 7.5822e+10   87   93 6.7632e+10 7.5822e+10  12.1%  82.2  805s
 26110  3393 7.5822e+10   95   82 6.7632e+10 7.5822e+10  12.1%  82.3  811s
 26249  3448 infeasible   92      6.7632e+10 7.5822e+10  12.1%  82.4  815s
 26384  3506 7.5822e+10   75   85 6.7632e+10 7.5822e+10  12.1%  82.4  820s
 26560  3598 7.5822e+10   91   86 6.7632e+10 7.5822e+10  12.1%  82.6  825s
 26732  3678 7.3482e+10  101   15 6.7632e+10 7.5822e+10  12.1%  82.6  830s
 26870  3745 7.5822e+10   76  153 6.7632e+10 7.5822e+10  12.1%  82.6  835s
 27047  3838 7.5822e+10   80  115 6.7632e+10 7.5822e+10  12.1%  82.6  840s
 27200  3896 7.5822e+10   77   78 6.7632e+10 7.5822e+10  12.1%  82.8  845s
 27263  3938 7.5822e+10   90   56 6.7632e+10 7.5822e+10  12.1%  82.8  851s
 27349  3963 7.5822e+10  100   61 6.7632e+10 7.5822e+10  12.1%  83.0  855s
 27494  3982 7.5822e+10   89  103 6.7632e+10 7.5822e+10  12.1%  83.1  860s
 27655  3987 7.5822e+10   90   82 6.7632e+10 7.5822e+10  12.1%  83.3  865s
 27847  3976 7.5822e+10  102   73 6.7632e+10 7.5822e+10  12.1%  83.3  870s
 28029  3981 7.5822e+10   85  100 6.7632e+10 7.5822e+10  12.1%  83.3  875s
 28192  4006 7.5822e+10   99  113 6.7632e+10 7.5822e+10  12.1%  83.4  880s
 28307  3988 infeasible   99      6.7632e+10 7.5822e+10  12.1%  83.6  885s
 28514  3995 infeasible   93      6.7632e+10 7.5822e+10  12.1%  83.7  890s
 28591  3996 7.5822e+10   90   60 6.7632e+10 7.5822e+10  12.1%  83.7  895s
 28716  3996 7.5822e+10   89   93 6.7632e+10 7.5822e+10  12.1%  83.9  901s
 28838  4002 7.5822e+10   93  118 6.7632e+10 7.5822e+10  12.1%  84.0  905s
 28977  3999 7.4652e+10   92   89 6.7632e+10 7.5822e+10  12.1%  84.2  910s
 29139  4018 7.5822e+10   86   94 6.7632e+10 7.5822e+10  12.1%  84.3  915s
 29268  4039 7.4652e+10  103   72 6.7632e+10 7.5822e+10  12.1%  84.6  920s
 29423  4038 7.5822e+10   92  119 6.7632e+10 7.5822e+10  12.1%  84.8  925s
 29563  4052 7.5822e+10  102   59 6.7632e+10 7.5822e+10  12.1%  84.9  930s
 29684  4047 7.5822e+10   95   75 6.7632e+10 7.5822e+10  12.1%  85.2  935s
 29869  4061 7.5822e+10   85   86 6.7632e+10 7.5822e+10  12.1%  85.3  940s
 29980  4076 7.5822e+10   90   91 6.7632e+10 7.5822e+10  12.1%  85.4  948s
 29981  4077 7.5822e+10   91   86 6.7632e+10 7.5822e+10  12.1%  85.4  950s
 30184  4075 7.4652e+10   91   53 6.7632e+10 7.5822e+10  12.1%  85.5  955s
 30380  4110 7.5822e+10  100  119 6.7632e+10 7.5822e+10  12.1%  85.6  960s
 30520  4121 7.4652e+10   92   49 6.7632e+10 7.5822e+10  12.1%  85.7  965s
 30718  4112 7.5822e+10   98   87 6.7632e+10 7.5822e+10  12.1%  85.8  970s
 30853  4108 7.5822e+10   99   35 6.7632e+10 7.5822e+10  12.1%  85.9  975s
 31087  4103 7.5822e+10  100   46 6.7632e+10 7.5822e+10  12.1%  85.9  980s
 31271  4090 7.5822e+10   93   78 6.7632e+10 7.5822e+10  12.1%  86.0  985s
 31427  4089 7.5822e+10   98  121 6.7632e+10 7.5822e+10  12.1%  86.1  990s
 31618  4115 7.5822e+10   92   69 6.7632e+10 7.5822e+10  12.1%  86.1  995s
 31791  4104 infeasible   98      6.7632e+10 7.5822e+10  12.1%  86.2 1000s
 31963  4102 7.4652e+10   94   48 6.7632e+10 7.5822e+10  12.1%  86.4 1005s
 32112  4118 7.5822e+10   92   53 6.7632e+10 7.5822e+10  12.1%  86.6 1010s
 32288  4136 7.5822e+10  100   62 6.7632e+10 7.5822e+10  12.1%  86.6 1015s
 32365  4117 7.5822e+10   93   98 6.7632e+10 7.5822e+10  12.1%  86.6 1020s
 32538  4120 7.5822e+10  100   37 6.7632e+10 7.5822e+10  12.1%  86.7 1025s
 32711  4119 7.4652e+10   97   52 6.7632e+10 7.5822e+10  12.1%  86.9 1030s
 32887  4114 7.4652e+10   96   33 6.7632e+10 7.5822e+10  12.1%  86.9 1035s
 33068  4134 7.5822e+10   89   60 6.7632e+10 7.5822e+10  12.1%  87.0 1040s
 33160  4145 7.5822e+10   96   64 6.7632e+10 7.5822e+10  12.1%  87.1 1045s
 33277  4154 7.5822e+10   98   61 6.7632e+10 7.5822e+10  12.1%  87.1 1050s
 33413  4148 infeasible  103      6.7632e+10 7.5822e+10  12.1%  87.3 1055s
 33595  4158 7.5822e+10   90  121 6.7632e+10 7.5822e+10  12.1%  87.5 1061s
 33773  4164 7.5822e+10   98   72 6.7632e+10 7.5822e+10  12.1%  87.4 1065s
 33959  4163 7.5822e+10   95   81 6.7632e+10 7.5822e+10  12.1%  87.6 1070s
 34085  4186 7.5822e+10   95   57 6.7632e+10 7.5822e+10  12.1%  87.6 1075s
 34298  4231 7.5822e+10  106   43 6.7632e+10 7.5822e+10  12.1%  87.6 1080s
 34477  4295 7.5822e+10  100   89 6.7632e+10 7.5822e+10  12.1%  87.6 1085s
 34641  4291 7.5822e+10   96  125 6.7632e+10 7.5822e+10  12.1%  87.6 1093s
 34648  4292 7.5822e+10   98   84 6.7632e+10 7.5822e+10  12.1%  87.6 1095s
 34792  4290 7.5822e+10  100   77 6.7632e+10 7.5822e+10  12.1%  87.7 1100s
 34951  4319 7.5822e+10   87  120 6.7632e+10 7.5822e+10  12.1%  87.9 1105s
 35118  4335 7.5822e+10   96   67 6.7632e+10 7.5822e+10  12.1%  88.1 1110s
 35253  4346 infeasible   97      6.7632e+10 7.5822e+10  12.1%  88.2 1115s
 35359  4344 7.5822e+10   90   86 6.7632e+10 7.5822e+10  12.1%  88.4 1120s
 35536  4383 7.5822e+10   95   78 6.7632e+10 7.5822e+10  12.1%  88.5 1125s
 35689  4405 7.5822e+10   93   97 6.7632e+10 7.5822e+10  12.1%  88.6 1130s
 35797  4444 infeasible   96      6.7632e+10 7.5822e+10  12.1%  88.7 1135s
 35981  4477 infeasible   88      6.7632e+10 7.5822e+10  12.1%  88.8 1140s
 36107  4482 infeasible   91      6.7632e+10 7.5822e+10  12.1%  88.8 1145s
 36244  4480 7.5822e+10   84   96 6.7632e+10 7.5822e+10  12.1%  89.1 1150s
 36379  4483 7.5822e+10   91   60 6.7632e+10 7.5822e+10  12.1%  89.2 1156s
 36530  4474 7.5822e+10   87  122 6.7632e+10 7.5822e+10  12.1%  89.3 1160s
 36649  4469 7.5822e+10   88   67 6.7632e+10 7.5822e+10  12.1%  89.4 1168s
 36674  4470 7.5822e+10   86   73 6.7632e+10 7.5822e+10  12.1%  89.5 1170s
 36795  4463 7.5822e+10   83  107 6.7632e+10 7.5822e+10  12.1%  89.6 1175s
 36940  4480 7.5822e+10   96   62 6.7632e+10 7.5822e+10  12.1%  89.7 1180s
 37129  4483 7.5822e+10   86   95 6.7632e+10 7.5822e+10  12.1%  89.6 1185s
 37305  4505 infeasible   88      6.7632e+10 7.5822e+10  12.1%  89.7 1190s
 37451  4550 7.5822e+10   98  103 6.7632e+10 7.5822e+10  12.1%  89.7 1195s
 37600  4583 infeasible   96      6.7632e+10 7.5822e+10  12.1%  89.8 1200s
 37713  4620 infeasible   94      6.7632e+10 7.5822e+10  12.1%  89.9 1205s
 37804  4623 7.5822e+10   80  100 6.7632e+10 7.5822e+10  12.1%  90.0 1210s
 37954  4642 7.5822e+10   77  157 6.7632e+10 7.5822e+10  12.1%  90.3 1215s
 38112  4692 infeasible  104      6.7632e+10 7.5822e+10  12.1%  90.3 1220s
 38320  4696 7.5822e+10   97   83 6.7632e+10 7.5822e+10  12.1%  90.3 1225s
 38493  4686 7.5822e+10   87  126 6.7632e+10 7.5822e+10  12.1%  90.3 1230s
 38647  4704 7.5822e+10   86  106 6.7632e+10 7.5822e+10  12.1%  90.4 1235s
 38795  4739 7.5822e+10   96   61 6.7632e+10 7.5822e+10  12.1%  90.3 1240s
 38961  4769 7.5822e+10  102   54 6.7632e+10 7.5822e+10  12.1%  90.3 1245s
 39173  4790 7.5822e+10   99   42 6.7632e+10 7.5822e+10  12.1%  90.3 1250s
 39338  4845 7.5822e+10   84   87 6.7632e+10 7.5822e+10  12.1%  90.2 1255s
 39432  4888 7.5121e+10  108   72 6.7632e+10 7.5822e+10  12.1%  90.2 1260s
 39535  4909 infeasible   91      6.7632e+10 7.5822e+10  12.1%  90.3 1265s
 39627  4923 7.5822e+10   83   95 6.7632e+10 7.5822e+10  12.1%  90.4 1270s
 39779  4933 7.5822e+10   81   80 6.7632e+10 7.5822e+10  12.1%  90.6 1275s
 39933  4987 infeasible  103      6.7632e+10 7.5822e+10  12.1%  90.7 1280s
 40024  4980 7.5822e+10   73   82 6.7632e+10 7.5822e+10  12.1%  90.8 1285s
 40168  5083 7.5822e+10   91   59 6.7632e+10 7.5822e+10  12.1%  90.9 1290s
 40353  5133 7.5822e+10   78  138 6.7632e+10 7.5822e+10  12.1%  90.9 1296s
 40512  5148 infeasible   95      6.7632e+10 7.5822e+10  12.1%  91.0 1300s
 40627  5155 7.5822e+10   80   94 6.7632e+10 7.5822e+10  12.1%  91.1 1308s
 40675  5156 7.5822e+10   90   83 6.7632e+10 7.5822e+10  12.1%  91.2 1310s
 40746  5160 7.5822e+10   89   90 6.7632e+10 7.5822e+10  12.1%  91.3 1315s
 40907  5203 7.5822e+10   80   71 6.7632e+10 7.5822e+10  12.1%  91.3 1320s
 41080  5236 7.5822e+10  105   53 6.7632e+10 7.5822e+10  12.1%  91.2 1325s
 41342  5245 7.5822e+10  108   49 6.7632e+10 7.5822e+10  12.1%  90.9 1330s
 41487  5265 7.5822e+10   70  170 6.7632e+10 7.5822e+10  12.1%  90.9 1335s
 41625  5307 infeasible   90      6.7632e+10 7.5822e+10  12.1%  91.0 1340s
 41808  5374 7.5822e+10   79   53 6.7632e+10 7.5822e+10  12.1%  91.0 1345s
 41965  5428 7.5822e+10   72   74 6.7632e+10 7.5822e+10  12.1%  91.0 1350s
 42087  5479 infeasible   93      6.7632e+10 7.5822e+10  12.1%  91.0 1355s
 42259  5563 7.5822e+10   83   85 6.7632e+10 7.5822e+10  12.1%  91.0 1360s
 42393  5577 7.5822e+10   86  180 6.7632e+10 7.5822e+10  12.1%  91.1 1365s
 42562  5606 7.5822e+10   89   90 6.7632e+10 7.5822e+10  12.1%  91.2 1370s
 42718  5660 7.5822e+10   80  115 6.7632e+10 7.5822e+10  12.1%  91.1 1376s
 42853  5671 infeasible  101      6.7632e+10 7.5822e+10  12.1%  91.1 1380s
 43025  5682 7.5822e+10  109   94 6.7632e+10 7.5822e+10  12.1%  91.0 1385s
 43191  5683 7.5822e+10  111  164 6.7632e+10 7.5822e+10  12.1%  91.0 1390s
 43413  5679 7.5822e+10  112   85 6.7632e+10 7.5822e+10  12.1%  90.9 1395s
 43649  5673 7.5822e+10  104   52 6.7632e+10 7.5822e+10  12.1%  90.6 1400s
 43959  5679 7.5822e+10  109   87 6.7632e+10 7.5822e+10  12.1%  90.3 1405s
 44081  5685 7.5822e+10   86   70 6.7632e+10 7.5822e+10  12.1%  90.3 1412s
 44161  5695 7.5822e+10   64  137 6.7632e+10 7.5822e+10  12.1%  90.3 1415s
 44271  5747 7.5822e+10  101  115 6.7632e+10 7.5822e+10  12.1%  90.3 1421s
 44385  5807 7.5822e+10   57  119 6.7632e+10 7.5822e+10  12.1%  90.3 1425s
 44591  5921 7.5822e+10   67   85 6.7632e+10 7.5822e+10  12.1%  90.3 1430s
 44730  5974 7.5822e+10   97  123 6.7632e+10 7.5822e+10  12.1%  90.3 1435s
 44853  5981 7.5822e+10   84   81 6.7632e+10 7.5822e+10  12.1%  90.3 1440s
 45069  6026 7.5822e+10   77   82 6.7632e+10 7.5822e+10  12.1%  90.2 1445s
 45185  6069 7.5822e+10  107   66 6.7632e+10 7.5822e+10  12.1%  90.3 1450s
 45362  6078 infeasible   71      6.7632e+10 7.5822e+10  12.1%  90.4 1455s
 45541  6150 7.5822e+10   74   94 6.7632e+10 7.5822e+10  12.1%  90.3 1460s
 45744  6229 7.5822e+10   84  172 6.7632e+10 7.5822e+10  12.1%  90.3 1465s
 45774  6238 7.5822e+10   96  114 6.7632e+10 7.5822e+10  12.1%  90.3 1470s
 45974  6305 7.5822e+10   89   68 6.7632e+10 7.5822e+10  12.1%  90.2 1475s
 46080  6305 7.5822e+10   89  119 6.7632e+10 7.5822e+10  12.1%  90.2 1480s
 46251  6327 7.5822e+10  101   47 6.7632e+10 7.5822e+10  12.1%  90.3 1485s
 46465  6337 7.5822e+10  102  128 6.7632e+10 7.5822e+10  12.1%  90.3 1490s
 46583  6353 7.5822e+10  100   80 6.7632e+10 7.5822e+10  12.1%  90.3 1495s
 46773  6385 7.5822e+10  108   79 6.7632e+10 7.5822e+10  12.1%  90.5 1500s
 46952  6428 infeasible   88      6.7632e+10 7.5822e+10  12.1%  90.5 1505s
 47085  6463 7.5822e+10   81   58 6.7632e+10 7.5822e+10  12.1%  90.6 1510s
 47153  6487 infeasible   80      6.7632e+10 7.5822e+10  12.1%  90.6 1515s
 47396  6547 7.5822e+10   95  111 6.7632e+10 7.5822e+10  12.1%  90.5 1520s
 47541  6613 7.5822e+10   82   70 6.7632e+10 7.5822e+10  12.1%  90.6 1526s
 47723  6680 infeasible  103      6.7632e+10 7.5822e+10  12.1%  90.5 1530s
 47890  6700 7.5822e+10   82   72 6.7632e+10 7.5822e+10  12.1%  90.6 1539s
 47893  6699 7.5822e+10   82   74 6.7632e+10 7.5822e+10  12.1%  90.7 1540s
 48044  6700 7.5822e+10   83   92 6.7632e+10 7.5822e+10  12.1%  90.7 1546s
 48172  6758 7.5822e+10   71  104 6.7632e+10 7.5822e+10  12.1%  90.7 1550s
 48311  6807 infeasible  103      6.7632e+10 7.5822e+10  12.1%  90.8 1555s
 48456  6809 7.5822e+10  100  106 6.7632e+10 7.5822e+10  12.1%  90.8 1560s
 48552  6821 7.5822e+10  103  117 6.7632e+10 7.5822e+10  12.1%  90.9 1565s
 48645  6813 7.5822e+10  100  124 6.7632e+10 7.5822e+10  12.1%  91.1 1570s
 48795  6839 7.5822e+10   94   94 6.7632e+10 7.5822e+10  12.1%  91.2 1575s
 48946  6878 7.5822e+10   78  111 6.7632e+10 7.5822e+10  12.1%  91.3 1580s
 49050  6905 infeasible   99      6.7632e+10 7.5822e+10  12.1%  91.3 1585s
 49198  6939 7.5822e+10   85   70 6.7632e+10 7.5822e+10  12.1%  91.5 1590s
 49316  7001 7.5822e+10   80  159 6.7632e+10 7.5822e+10  12.1%  91.6 1595s
 49370  7015 7.5822e+10   87  107 6.7632e+10 7.5822e+10  12.1%  91.6 1601s
 49439  7050 7.5822e+10   99  106 6.7632e+10 7.5822e+10  12.1%  91.6 1605s
 49583  7089 7.5822e+10  105   93 6.7632e+10 7.5822e+10  12.1%  91.6 1610s
 49786  7110 7.5822e+10   93   68 6.7632e+10 7.5822e+10  12.1%  91.7 1615s
 49898  7142 7.5822e+10   71  105 6.7632e+10 7.5822e+10  12.1%  91.8 1620s
 50007  7179 7.5822e+10   68  165 6.7632e+10 7.5822e+10  12.1%  91.9 1626s
 50096  7186 7.5822e+10   71  124 6.7632e+10 7.5822e+10  12.1%  92.0 1630s
 50234  7214 7.5822e+10   93  104 6.7632e+10 7.5822e+10  12.1%  92.2 1635s
 50343  7241 infeasible   87      6.7632e+10 7.5822e+10  12.1%  92.3 1640s
 50480  7276 7.5822e+10   82   87 6.7632e+10 7.5822e+10  12.1%  92.4 1645s
H50638  7298                    6.997171e+10 7.5822e+10  8.36%  92.3 1649s
 50638  7300 7.3482e+10   96   23 6.9972e+10 7.5822e+10  8.36%  92.3 1650s
 50758  7344 7.3933e+10  102   71 6.9972e+10 7.5822e+10  8.36%  92.3 1655s
 50919  7392 7.5822e+10   96  127 6.9972e+10 7.5822e+10  8.36%  92.3 1660s
 51034  7408 7.5822e+10   84  117 6.9972e+10 7.5822e+10  8.36%  92.4 1665s
 51105  7398 infeasible   85      6.9972e+10 7.5822e+10  8.36%  92.5 1670s
 51198  7396 7.5822e+10   86   59 6.9972e+10 7.5822e+10  8.36%  92.6 1675s
 51293  7389 infeasible  102      6.9972e+10 7.5822e+10  8.36%  92.7 1680s
 51461  7409 7.5822e+10   96   61 6.9972e+10 7.5822e+10  8.36%  92.9 1685s
 51633  7405 7.5822e+10   93   63 6.9972e+10 7.5822e+10  8.36%  92.9 1690s
 51779  7383 infeasible   91      6.9972e+10 7.5822e+10  8.36%  93.0 1695s
 51812  7372 7.5822e+10   82   85 6.9972e+10 7.5822e+10  8.36%  93.0 1700s
 51906  7406 7.5822e+10   91   90 6.9972e+10 7.5822e+10  8.36%  93.0 1705s
 52076  7445 infeasible  102      6.9972e+10 7.5822e+10  8.36%  93.1 1710s
 52254  7431 7.5822e+10   95   58 6.9972e+10 7.5822e+10  8.36%  93.1 1715s
 52404  7423 7.5822e+10   91   95 6.9972e+10 7.5822e+10  8.36%  93.2 1720s
 52529  7418 infeasible   89      6.9972e+10 7.5822e+10  8.36%  93.3 1725s
 52678  7418 7.5822e+10   87   89 6.9972e+10 7.5822e+10  8.36%  93.3 1730s
 52818  7408 7.5822e+10   91   83 6.9972e+10 7.5822e+10  8.36%  93.4 1735s
 52949  7423 infeasible  102      6.9972e+10 7.5822e+10  8.36%  93.5 1740s
 53083  7438 7.5822e+10   89  123 6.9972e+10 7.5822e+10  8.36%  93.5 1745s
 53263  7442 infeasible   98      6.9972e+10 7.5822e+10  8.36%  93.6 1750s
 53438  7451 infeasible   96      6.9972e+10 7.5822e+10  8.36%  93.6 1755s
 53631  7448 7.5822e+10   95  105 6.9972e+10 7.5822e+10  8.36%  93.6 1760s
 53702  7437 7.5822e+10  103   85 6.9972e+10 7.5822e+10  8.36%  93.7 1765s
 53825  7430 infeasible   96      6.9972e+10 7.5822e+10  8.36%  93.7 1770s
 53989  7420 7.5822e+10   90   93 6.9972e+10 7.5822e+10  8.36%  93.7 1775s
 54167  7407 infeasible   95      6.9972e+10 7.5822e+10  8.36%  93.8 1780s
 54332  7445 7.5822e+10   97   55 6.9972e+10 7.5822e+10  8.36%  93.8 1785s
 54435  7432 7.5822e+10   97   69 6.9972e+10 7.5822e+10  8.36%  93.9 1790s
 54613  7446 infeasible  102      6.9972e+10 7.5822e+10  8.36%  94.0 1795s
 54776  7428 7.5822e+10  100   85 6.9972e+10 7.5822e+10  8.36%  94.1 1800s
 54922  7436 7.5822e+10   97   87 6.9972e+10 7.5822e+10  8.36%  94.2 1805s
 55016  7438 7.5822e+10  100   89 6.9972e+10 7.5822e+10  8.36%  94.2 1810s
 55164  7449 infeasible   99      6.9972e+10 7.5822e+10  8.36%  94.2 1815s
 55347  7433 infeasible  100      6.9972e+10 7.5822e+10  8.36%  94.2 1820s
 55527  7433 7.5822e+10   97   69 6.9972e+10 7.5822e+10  8.36%  94.2 1825s
 55666  7428 7.5822e+10  100   90 6.9972e+10 7.5822e+10  8.36%  94.3 1830s
 55872  7413 7.5822e+10   91   90 6.9972e+10 7.5822e+10  8.36%  94.3 1835s
 56010  7417 infeasible  100      6.9972e+10 7.5822e+10  8.36%  94.4 1840s
 56182  7421 7.5822e+10   96   60 6.9972e+10 7.5822e+10  8.36%  94.4 1848s
 56222  7423 7.5822e+10  101   59 6.9972e+10 7.5822e+10  8.36%  94.5 1850s
 56354  7413 infeasible  100      6.9972e+10 7.5822e+10  8.36%  94.5 1855s
 56494  7405 infeasible   91      6.9972e+10 7.5822e+10  8.36%  94.6 1860s
 56646  7431 7.5822e+10   90   70 6.9972e+10 7.5822e+10  8.36%  94.6 1865s
 56794  7433 7.5822e+10   98   52 6.9972e+10 7.5822e+10  8.36%  94.7 1870s
 56952  7423 7.5822e+10   98   75 6.9972e+10 7.5822e+10  8.36%  94.8 1875s
 57087  7420 7.5822e+10   94  103 6.9972e+10 7.5822e+10  8.36%  94.8 1880s
 57270  7438 7.5822e+10   98   69 6.9972e+10 7.5822e+10  8.36%  94.9 1885s
 57448  7429 7.5822e+10   97   72 6.9972e+10 7.5822e+10  8.36%  94.9 1890s
 57611  7417 7.5822e+10   99   68 6.9972e+10 7.5822e+10  8.36%  95.0 1895s
 57779  7412 7.5822e+10   93   78 6.9972e+10 7.5822e+10  8.36%  95.0 1900s
 57998  7412 infeasible   99      6.9972e+10 7.5822e+10  8.36%  94.9 1905s
 58148  7394 7.5822e+10   86  121 6.9972e+10 7.5822e+10  8.36%  95.0 1910s
 58195  7408 7.5822e+10   96  164 6.9972e+10 7.5822e+10  8.36%  95.0 1917s
 58245  7421 7.5822e+10   80   88 6.9972e+10 7.5822e+10  8.36%  95.0 1920s
 58333  7461 7.5822e+10   89   83 6.9972e+10 7.5822e+10  8.36%  95.0 1925s
 58470  7502 7.5822e+10   95   90 6.9972e+10 7.5822e+10  8.36%  95.1 1930s
 58590  7483 7.5822e+10   94   76 6.9972e+10 7.5822e+10  8.36%  95.2 1935s
 58702  7502 7.5822e+10   99  168 6.9972e+10 7.5822e+10  8.36%  95.3 1940s
 58838  7517 infeasible  109      6.9972e+10 7.5822e+10  8.36%  95.4 1945s
 58950  7497 7.5822e+10  101  154 6.9972e+10 7.5822e+10  8.36%  95.5 1950s
 59040  7490 7.5822e+10   94  122 6.9972e+10 7.5822e+10  8.36%  95.6 1955s
 59172  7520 7.5822e+10   92  104 6.9972e+10 7.5822e+10  8.36%  95.7 1960s
 59294  7527 7.5822e+10   97  122 6.9972e+10 7.5822e+10  8.36%  95.7 1965s
 59420  7519 7.5822e+10   99  130 6.9972e+10 7.5822e+10  8.36%  95.8 1970s
 59604  7537 7.5822e+10   95  226 6.9972e+10 7.5822e+10  8.36%  95.8 1975s
 59744  7545 7.3951e+10  104   57 6.9972e+10 7.5822e+10  8.36%  95.8 1980s
 59825  7548 7.5822e+10  108   75 6.9972e+10 7.5822e+10  8.36%  95.9 1985s
 60062  7569 7.5822e+10  107   52 6.9972e+10 7.5822e+10  8.36%  95.8 1990s
 60210  7557 7.3482e+10  108   18 6.9972e+10 7.5822e+10  8.36%  95.8 1995s
 60339  7550 7.5822e+10  102   63 6.9972e+10 7.5822e+10  8.36%  95.8 2002s
 60398  7548 7.5798e+10  102  139 6.9972e+10 7.5822e+10  8.36%  95.8 2005s
 60538  7566 7.5822e+10   97   76 6.9972e+10 7.5822e+10  8.36%  95.8 2010s
 60623  7590 7.5822e+10  103  118 6.9972e+10 7.5822e+10  8.36%  95.9 2015s
 60784  7592 7.5822e+10  104   99 6.9972e+10 7.5822e+10  8.36%  95.9 2020s
 60904  7579 infeasible  108      6.9972e+10 7.5822e+10  8.36%  96.0 2025s
 61046  7586 7.3482e+10  103   45 6.9972e+10 7.5822e+10  8.36%  96.0 2030s
 61166  7583 7.3482e+10   97   39 6.9972e+10 7.5822e+10  8.36%  96.1 2035s
 61287  7595 7.5121e+10  104   97 6.9972e+10 7.5822e+10  8.36%  96.1 2040s
 61401  7627 7.5802e+10   93  144 6.9972e+10 7.5822e+10  8.36%  96.1 2045s
 61427  7643 7.5059e+10  109   86 6.9972e+10 7.5822e+10  8.36%  96.1 2050s
 61608  7686 7.5822e+10  102   46 6.9972e+10 7.5822e+10  8.36%  96.0 2055s
 61755  7707 7.5822e+10  101   73 6.9972e+10 7.5822e+10  8.36%  96.0 2060s
 61900  7682 7.5822e+10  105  106 6.9972e+10 7.5822e+10  8.36%  96.0 2065s
 62077  7695 7.5104e+10  114  114 6.9972e+10 7.5822e+10  8.36%  95.9 2070s
 62257  7692 infeasible   99      6.9972e+10 7.5822e+10  8.36%  95.9 2075s
 62423  7696 infeasible  100      6.9972e+10 7.5822e+10  8.36%  96.0 2080s
 62548  7685 7.5822e+10  101  117 6.9972e+10 7.5822e+10  8.36%  96.0 2085s
 62722  7683 7.5822e+10   99   75 6.9972e+10 7.5822e+10  8.36%  96.1 2090s
 62893  7670 7.5822e+10  101  126 6.9972e+10 7.5822e+10  8.36%  96.1 2095s
 63000  7687 7.5080e+10  104   90 6.9972e+10 7.5822e+10  8.36%  96.1 2100s
 63065  7690 7.5822e+10  103   59 6.9972e+10 7.5822e+10  8.36%  96.1 2105s
 63153  7693 7.5822e+10  104   67 6.9972e+10 7.5822e+10  8.36%  96.1 2111s
 63272  7689 infeasible  102      6.9972e+10 7.5822e+10  8.36%  96.1 2115s
 63441  7685 7.5822e+10  102  108 6.9972e+10 7.5822e+10  8.36%  96.0 2120s
 63577  7693 7.5822e+10   99  153 6.9972e+10 7.5822e+10  8.36%  96.0 2125s
 63688  7708 7.5121e+10  104   99 6.9972e+10 7.5822e+10  8.36%  96.1 2130s
 63849  7717 infeasible  102      6.9972e+10 7.5822e+10  8.36%  96.0 2135s
 64042  7716 7.5822e+10   92  157 6.9972e+10 7.5822e+10  8.36%  96.1 2140s
 64185  7750 7.5822e+10   97  157 6.9972e+10 7.5822e+10  8.36%  96.1 2145s
 64352  7776 7.5807e+10  103  120 6.9972e+10 7.5822e+10  8.36%  96.1 2150s
 64536  7797 7.5822e+10  106   82 6.9972e+10 7.5822e+10  8.36%  96.0 2155s
 64691  7798 infeasible  107      6.9972e+10 7.5822e+10  8.36%  96.0 2160s
 64784  7795 7.5822e+10  104   48 6.9972e+10 7.5822e+10  8.36%  96.1 2167s
 64838  7797 7.5822e+10  106  104 6.9972e+10 7.5822e+10  8.36%  96.1 2170s
 64968  7795 7.5822e+10  102   48 6.9972e+10 7.5822e+10  8.36%  96.1 2175s
 65079  7781 7.5822e+10  105   83 6.9972e+10 7.5822e+10  8.36%  96.2 2180s
 65259  7793 7.5822e+10  103   49 6.9972e+10 7.5822e+10  8.36%  96.2 2185s
 65378  7812 7.5121e+10  104   97 6.9972e+10 7.5822e+10  8.36%  96.2 2190s
 65530  7803 7.5822e+10  104  124 6.9972e+10 7.5822e+10  8.36%  96.2 2195s
 65712  7805 7.5822e+10  103   89 6.9972e+10 7.5822e+10  8.36%  96.2 2201s
 65813  7808 infeasible  102      6.9972e+10 7.5822e+10  8.36%  96.3 2205s
 65928  7821 7.5822e+10   96  101 6.9972e+10 7.5822e+10  8.36%  96.4 2210s
 66072  7852 7.3482e+10  101   51 6.9972e+10 7.5822e+10  8.36%  96.4 2215s
 66193  7836 7.5822e+10   96  138 6.9972e+10 7.5822e+10  8.36%  96.5 2220s
 66347  7840 7.5822e+10  100  126 6.9972e+10 7.5822e+10  8.36%  96.5 2225s
 66469  7842 7.5822e+10  100  111 6.9972e+10 7.5822e+10  8.36%  96.5 2230s
 66615  7839 7.5822e+10   98   51 6.9972e+10 7.5822e+10  8.36%  96.5 2235s
 66655  7850 7.5600e+10  104  142 6.9972e+10 7.5822e+10  8.36%  96.5 2240s
 66804  7848 7.5822e+10  102  136 6.9972e+10 7.5822e+10  8.36%  96.6 2245s
 66952  7862 infeasible  108      6.9972e+10 7.5822e+10  8.36%  96.6 2250s
 67078  7839 7.5822e+10   94  126 6.9972e+10 7.5822e+10  8.36%  96.7 2255s
 67252  7873 7.3482e+10  117   24 6.9972e+10 7.5822e+10  8.36%  96.6 2260s
 67362  7863 7.5822e+10  100  107 6.9972e+10 7.5822e+10  8.36%  96.7 2265s
 67494  7861 infeasible   95      6.9972e+10 7.5822e+10  8.36%  96.7 2270s
 67615  7860 7.5822e+10   89   91 6.9972e+10 7.5822e+10  8.36%  96.7 2275s
 67713  7894 7.5774e+10  107  112 6.9972e+10 7.5822e+10  8.36%  96.8 2280s
 67766  7901 7.5822e+10   90  126 6.9972e+10 7.5822e+10  8.36%  96.9 2285s
 67857  7927 7.5706e+10  101  134 6.9972e+10 7.5822e+10  8.36%  96.9 2290s
 67974  7930 7.5822e+10   96  160 6.9972e+10 7.5822e+10  8.36%  97.0 2295s
 68119  7916 7.5822e+10   90  139 6.9972e+10 7.5822e+10  8.36%  97.1 2300s
 68199  7929 7.5822e+10   87  132 6.9972e+10 7.5822e+10  8.36%  97.2 2305s
 68223  7937 7.4652e+10   97   61 6.9972e+10 7.5822e+10  8.36%  97.2 2310s
 68265  7935 7.5822e+10   92   85 6.9972e+10 7.5822e+10  8.36%  97.3 2315s
 68343  7925 infeasible   95      6.9972e+10 7.5822e+10  8.36%  97.5 2320s
 68457  7937 7.5822e+10  101   92 6.9972e+10 7.5822e+10  8.36%  97.6 2326s
 68554  7958 7.5822e+10   94  124 6.9972e+10 7.5822e+10  8.36%  97.6 2330s
 68659  7935 7.5822e+10   93  150 6.9972e+10 7.5822e+10  8.36%  97.7 2335s
 68748  7919 infeasible   90      6.9972e+10 7.5822e+10  8.36%  97.8 2340s
 68795  7916 7.5706e+10   95  142 6.9972e+10 7.5822e+10  8.36%  97.9 2345s
 68875  7924 7.5822e+10   93   86 6.9972e+10 7.5822e+10  8.36%  98.0 2350s
 68994  7925 7.5822e+10   89   97 6.9972e+10 7.5822e+10  8.36%  98.0 2355s
 69110  7907 infeasible   94      6.9972e+10 7.5822e+10  8.36%  98.1 2360s
 69194  7898 7.5822e+10   90   84 6.9972e+10 7.5822e+10  8.36%  98.2 2365s
 69204  7898 7.5822e+10   91   79 6.9972e+10 7.5822e+10  8.36%  98.2 2370s
 69310  7895 7.5822e+10   99   56 6.9972e+10 7.5822e+10  8.36%  98.3 2375s
 69400  7873 7.5822e+10   86  121 6.9972e+10 7.5822e+10  8.36%  98.4 2380s
 69523  7894 7.4652e+10   92   60 6.9972e+10 7.5822e+10  8.36%  98.5 2385s
 69595  7886 7.5822e+10   92   64 6.9972e+10 7.5822e+10  8.36%  98.6 2390s
 69699  7883 7.5822e+10   88   59 6.9972e+10 7.5822e+10  8.36%  98.7 2395s
 69785  7873 infeasible   92      6.9972e+10 7.5822e+10  8.36%  98.8 2400s
 69929  7917 7.5822e+10  104   57 6.9972e+10 7.5822e+10  8.36%  98.8 2405s
 70098  7948 7.3482e+10  103   75 6.9972e+10 7.5822e+10  8.36%  98.9 2411s
 70199  7959 7.5822e+10  108  168 6.9972e+10 7.5822e+10  8.36%  99.0 2415s
 70283  7936 7.5822e+10  104  134 6.9972e+10 7.5822e+10  8.36%  99.1 2420s
 70363  7938 7.5822e+10  104  194 6.9972e+10 7.5822e+10  8.36%  99.2 2425s
 70475  7944 7.5822e+10  104   61 6.9972e+10 7.5822e+10  8.36%  99.4 2430s
 70530  7939 7.5822e+10  104   65 6.9972e+10 7.5822e+10  8.36%  99.4 2435s
 70595  7942 7.5822e+10  101   57 6.9972e+10 7.5822e+10  8.36%   100 2440s
 70708  7961 7.5822e+10  106   56 6.9972e+10 7.5822e+10  8.36%   100 2445s
 70787  7970 7.5822e+10   94  148 6.9972e+10 7.5822e+10  8.36%   100 2450s
 70893  7947 7.5822e+10   97  138 6.9972e+10 7.5822e+10  8.36%   100 2455s
 70976  7954 7.3482e+10   99   66 6.9972e+10 7.5822e+10  8.36%   100 2460s
 71004  7942 7.5049e+10   98   88 6.9972e+10 7.5822e+10  8.36%   100 2465s
 71068  7948 7.5822e+10   99  132 6.9972e+10 7.5822e+10  8.36%   100 2470s
 71185  7942 infeasible  104      6.9972e+10 7.5822e+10  8.36%   100 2475s
 71289  7937 7.5822e+10  105   55 6.9972e+10 7.5822e+10  8.36%   100 2480s
 71395  7942 infeasible   97      6.9972e+10 7.5822e+10  8.36%   100 2485s
 71508  7952 7.5822e+10   94   65 6.9972e+10 7.5822e+10  8.36%   101 2490s
 71591  7949 infeasible   98      6.9972e+10 7.5822e+10  8.36%   101 2495s
 71673  7934 7.5822e+10   95  161 6.9972e+10 7.5822e+10  8.36%   101 2500s
 71758  7937 7.5822e+10   95  113 6.9972e+10 7.5822e+10  8.36%   101 2505s
 71848  7951 7.5822e+10  108  142 6.9972e+10 7.5822e+10  8.36%   101 2513s
 71876  7943 infeasible   95      6.9972e+10 7.5822e+10  8.36%   101 2515s
 71956  7930 7.5822e+10   86   74 6.9972e+10 7.5822e+10  8.36%   101 2520s
 72085  7937 infeasible   92      6.9972e+10 7.5822e+10  8.36%   101 2525s
 72162  7928 infeasible   94      6.9972e+10 7.5822e+10  8.36%   101 2530s
 72279  7931 7.5822e+10   96  149 6.9972e+10 7.5822e+10  8.36%   101 2535s
 72421  7925 7.5822e+10   94   71 6.9972e+10 7.5822e+10  8.36%   101 2540s
 72538  7924 7.5822e+10   93   91 6.9972e+10 7.5822e+10  8.36%   101 2545s
 72686  7931 7.5822e+10   86   81 6.9972e+10 7.5822e+10  8.36%   102 2550s
 72790  7937 7.5822e+10   87  107 6.9972e+10 7.5822e+10  8.36%   102 2555s
 72968  7949 7.5822e+10   93   65 6.9972e+10 7.5822e+10  8.36%   102 2560s
 73139  7940 7.5822e+10   92   50 6.9972e+10 7.5822e+10  8.36%   102 2565s
 73277  7948 infeasible   97      6.9972e+10 7.5822e+10  8.36%   102 2570s
 73451  7937 7.5822e+10   92   63 6.9972e+10 7.5822e+10  8.36%   102 2575s
 73568  7955 7.5822e+10   96   84 6.9972e+10 7.5822e+10  8.36%   102 2580s
 73723  7940 7.5822e+10   91  102 6.9972e+10 7.5822e+10  8.36%   102 2585s
 73906  7945 7.5822e+10   95   63 6.9972e+10 7.5822e+10  8.36%   102 2590s
 74116  7950 7.5822e+10   89   56 6.9972e+10 7.5822e+10  8.36%   102 2595s
 74268  7934 7.5822e+10   92   53 6.9972e+10 7.5822e+10  8.36%   102 2600s
 74478  7936 7.5822e+10   96   56 6.9972e+10 7.5822e+10  8.36%   102 2605s
 74517  7936 7.5822e+10   90   65 6.9972e+10 7.5822e+10  8.36%   102 2611s
 74597  7938 infeasible  100      6.9972e+10 7.5822e+10  8.36%   102 2615s
 74747  7942 7.5822e+10   94   69 6.9972e+10 7.5822e+10  8.36%   102 2620s
 74888  7940 7.5822e+10   93   86 6.9972e+10 7.5822e+10  8.36%   102 2625s
 75046  7933 7.5822e+10   89   73 6.9972e+10 7.5822e+10  8.36%   102 2630s
 75224  7953 7.5822e+10   90   89 6.9972e+10 7.5822e+10  8.36%   102 2635s
 75405  7939 7.5822e+10   95   89 6.9972e+10 7.5822e+10  8.36%   102 2640s
 75557  7945 7.5822e+10   93   63 6.9972e+10 7.5822e+10  8.36%   102 2645s
 75732  7952 7.5822e+10   89   61 6.9972e+10 7.5822e+10  8.36%   102 2650s
 75874  7935 infeasible   92      6.9972e+10 7.5822e+10  8.36%   102 2655s
 75959  7936 infeasible   99      6.9972e+10 7.5822e+10  8.36%   102 2660s
 76115  7940 7.5822e+10   92   67 6.9972e+10 7.5822e+10  8.36%   102 2665s
 76345  7926 7.5822e+10   94   63 6.9972e+10 7.5822e+10  8.36%   102 2670s
 76473  7944 7.5822e+10   95  112 6.9972e+10 7.5822e+10  8.36%   102 2678s
 76507  7945 7.5121e+10   96  111 6.9972e+10 7.5822e+10  8.36%   102 2680s
 76611  7943 7.5822e+10   99  102 6.9972e+10 7.5822e+10  8.36%   102 2685s
 76692  7927 7.5121e+10   92   87 6.9972e+10 7.5822e+10  8.36%   102 2690s
 76834  7951 7.5822e+10   89   82 6.9972e+10 7.5822e+10  8.36%   102 2695s
 76935  7960 infeasible   93      6.9972e+10 7.5822e+10  8.36%   102 2700s
 77045  7938 7.5822e+10   89   65 6.9972e+10 7.5822e+10  8.36%   102 2705s
 77217  7951 infeasible   94      6.9972e+10 7.5822e+10  8.36%   102 2710s
 77324  7958 infeasible   93      6.9972e+10 7.5822e+10  8.36%   102 2715s
 77468  7968 7.5822e+10   94   51 6.9972e+10 7.5822e+10  8.36%   102 2720s
 77576  7974 infeasible  100      6.9972e+10 7.5822e+10  8.36%   102 2725s
 77670  7973 7.5822e+10  102   67 6.9972e+10 7.5822e+10  8.36%   102 2730s
 77793  7960 infeasible   96      6.9972e+10 7.5822e+10  8.36%   102 2735s
 77866  7953 7.5822e+10   93   85 6.9972e+10 7.5822e+10  8.36%   102 2740s
 77960  7950 7.5121e+10   99  109 6.9972e+10 7.5822e+10  8.36%   102 2745s
 78101  7977 infeasible   97      6.9972e+10 7.5822e+10  8.36%   103 2750s
 78195  7973 7.5822e+10   93   96 6.9972e+10 7.5822e+10  8.36%   103 2755s
 78326  7984 infeasible  110      6.9972e+10 7.5822e+10  8.36%   103 2760s
 78374  7976 7.5822e+10   88  104 6.9972e+10 7.5822e+10  8.36%   103 2766s
 78428  7972 7.5822e+10   91   80 6.9972e+10 7.5822e+10  8.36%   103 2770s
 78521  7973 7.5822e+10   91   84 6.9972e+10 7.5822e+10  8.36%   103 2776s
 78601  7969 infeasible   97      6.9972e+10 7.5822e+10  8.36%   103 2780s
 78724  7957 infeasible  100      6.9972e+10 7.5822e+10  8.36%   103 2785s
 78823  7970 7.5822e+10   97  139 6.9972e+10 7.5822e+10  8.36%   103 2790s
 78915  7966 7.5822e+10  104  133 6.9972e+10 7.5822e+10  8.36%   103 2795s
 79009  7972 7.5822e+10   94  162 6.9972e+10 7.5822e+10  8.36%   103 2801s
 79101  7962 7.5822e+10   91   52 6.9972e+10 7.5822e+10  8.36%   104 2805s
 79195  7980 7.5822e+10  100  137 6.9972e+10 7.5822e+10  8.36%   104 2810s
 79291  7970 infeasible   99      6.9972e+10 7.5822e+10  8.36%   104 2815s
 79366  7973 7.5822e+10  103   62 6.9972e+10 7.5822e+10  8.36%   104 2820s
 79504  7967 7.5121e+10   90  120 6.9972e+10 7.5822e+10  8.36%   104 2825s
 79593  7958 7.5822e+10   81  136 6.9972e+10 7.5822e+10  8.36%   104 2830s
 79694  7977 7.5822e+10   86  180 6.9972e+10 7.5822e+10  8.36%   104 2835s
 79760  7979 7.5822e+10   87   89 6.9972e+10 7.5822e+10  8.36%   104 2840s
 79861  7978 7.5822e+10   94  145 6.9972e+10 7.5822e+10  8.36%   104 2846s
 79952  7968 infeasible   90      6.9972e+10 7.5822e+10  8.36%   104 2850s
 79985  7975 7.5822e+10   92  170 6.9972e+10 7.5822e+10  8.36%   104 2855s
 80062  7979 7.5822e+10   96  101 6.9972e+10 7.5822e+10  8.36%   104 2860s
 80143  7978 7.5822e+10   87  206 6.9972e+10 7.5822e+10  8.36%   105 2865s
 80232  7979 7.5822e+10   84  102 6.9972e+10 7.5822e+10  8.36%   105 2870s
 80390  8019 infeasible   95      6.9972e+10 7.5822e+10  8.36%   105 2875s
 80479  8036 7.5744e+10   97  121 6.9972e+10 7.5822e+10  8.36%   105 2880s
 80620  8037 7.5822e+10   89   80 6.9972e+10 7.5822e+10  8.36%   105 2885s
 80731  8048 7.5822e+10   96  175 6.9972e+10 7.5822e+10  8.36%   105 2890s
 80820  8061 infeasible   92      6.9972e+10 7.5822e+10  8.36%   105 2895s
 80888  8065 infeasible  105      6.9972e+10 7.5822e+10  8.36%   105 2900s
 80972  8064 7.5822e+10   98  137 6.9972e+10 7.5822e+10  8.36%   105 2905s
 81128  8073 7.5822e+10   92   65 6.9972e+10 7.5822e+10  8.36%   105 2910s
 81243  8082 infeasible  104      6.9972e+10 7.5822e+10  8.36%   105 2915s
 81365  8082 infeasible  111      6.9972e+10 7.5822e+10  8.36%   105 2920s
 81465  8081 7.3482e+10   96   51 6.9972e+10 7.5822e+10  8.36%   105 2925s
 81576  8075 7.4652e+10   98   62 6.9972e+10 7.5822e+10  8.36%   105 2930s
 81637  8073 7.5822e+10  100   78 6.9972e+10 7.5822e+10  8.36%   105 2936s
 81745  8082 infeasible  104      6.9972e+10 7.5822e+10  8.36%   105 2940s
 81898  8093 infeasible  100      6.9972e+10 7.5822e+10  8.36%   105 2945s
 82024  8079 infeasible  100      6.9972e+10 7.5822e+10  8.36%   105 2950s
 82149  8090 infeasible   98      6.9972e+10 7.5822e+10  8.36%   105 2955s
 82318  8087 infeasible  103      6.9972e+10 7.5822e+10  8.36%   105 2960s
 82405  8082 7.5822e+10  101   52 6.9972e+10 7.5822e+10  8.36%   105 2965s
 82519  8112 infeasible   96      6.9972e+10 7.5822e+10  8.36%   105 2970s
 82689  8108 7.5822e+10   98  146 6.9972e+10 7.5822e+10  8.36%   106 2975s
 82812  8128 7.5121e+10  100  109 6.9972e+10 7.5822e+10  8.36%   106 2980s
 82916  8141 7.5822e+10  104  113 6.9972e+10 7.5822e+10  8.36%   106 2985s
 83065  8145 7.3482e+10  103   36 6.9972e+10 7.5822e+10  8.36%   106 2990s
 83202  8139 7.5822e+10  105   43 6.9972e+10 7.5822e+10  8.36%   106 2995s
 83347  8135 7.5822e+10  106   62 6.9972e+10 7.5822e+10  8.36%   106 3002s
 83390  8128 7.5822e+10  101  171 6.9972e+10 7.5822e+10  8.36%   106 3005s
 83519  8137 7.5822e+10   99  151 6.9972e+10 7.5822e+10  8.36%   106 3010s
 83662  8132 7.5822e+10  100   59 6.9972e+10 7.5822e+10  8.36%   106 3015s
 83819  8126 7.5822e+10  102   66 6.9972e+10 7.5822e+10  8.36%   106 3020s
 83962  8137 7.5822e+10  106  111 6.9972e+10 7.5822e+10  8.36%   106 3025s
 84090  8115 7.3482e+10   92   73 6.9972e+10 7.5822e+10  8.36%   106 3030s
 84218  8125 7.5822e+10   93  168 6.9972e+10 7.5822e+10  8.36%   106 3035s
 84309  8116 infeasible   95      6.9972e+10 7.5822e+10  8.36%   106 3040s
 84403  8129 7.5822e+10  104   69 6.9972e+10 7.5822e+10  8.36%   106 3045s
 84554  8111 infeasible   94      6.9972e+10 7.5822e+10  8.36%   106 3050s
 84594  8112 7.5822e+10   93   53 6.9972e+10 7.5822e+10  8.36%   106 3055s
 84690  8132 7.5822e+10   96  204 6.9972e+10 7.5822e+10  8.36%   106 3060s
 84821  8146 7.5822e+10  103  109 6.9972e+10 7.5822e+10  8.36%   106 3065s
 84962  8133 7.5822e+10   95  162 6.9972e+10 7.5822e+10  8.36%   106 3070s
 85059  8120 7.5822e+10   90   76 6.9972e+10 7.5822e+10  8.36%   106 3075s
 85193  8158 infeasible   99      6.9972e+10 7.5822e+10  8.36%   106 3080s
 85266  8163 7.5822e+10   96  140 6.9972e+10 7.5822e+10  8.36%   106 3088s
 85301  8164 7.5822e+10   98   76 6.9972e+10 7.5822e+10  8.36%   106 3090s
 85439  8177 7.5822e+10  107  136 6.9972e+10 7.5822e+10  8.36%   106 3095s
 85563  8166 7.5822e+10  103  120 6.9972e+10 7.5822e+10  8.36%   106 3100s
 85683  8156 infeasible  103      6.9972e+10 7.5822e+10  8.36%   107 3105s
 85790  8157 7.5822e+10  100   61 6.9972e+10 7.5822e+10  8.36%   107 3110s
 85932  8159 infeasible   93      6.9972e+10 7.5822e+10  8.36%   107 3115s
 86018  8153 7.5822e+10   97  132 6.9972e+10 7.5822e+10  8.36%   107 3120s
 86161  8156 7.5822e+10   96  105 6.9972e+10 7.5822e+10  8.36%   107 3125s
 86291  8185 7.5822e+10  106  127 6.9972e+10 7.5822e+10  8.36%   107 3130s
 86410  8172 7.5822e+10   97  177 6.9972e+10 7.5822e+10  8.36%   107 3135s
 86483  8169 7.5822e+10   95   79 6.9972e+10 7.5822e+10  8.36%   107 3140s
 86520  8175 7.5822e+10   99  149 6.9972e+10 7.5822e+10  8.36%   107 3145s
 86635  8185 7.5822e+10  108   61 6.9972e+10 7.5822e+10  8.36%   107 3150s
 86727  8172 infeasible   95      6.9972e+10 7.5822e+10  8.36%   107 3155s
 86864  8169 infeasible   98      6.9972e+10 7.5822e+10  8.36%   107 3160s
 86958  8187 7.5121e+10  101   70 6.9972e+10 7.5822e+10  8.36%   107 3165s
 87089  8202 7.5822e+10  104  129 6.9972e+10 7.5822e+10  8.36%   107 3170s
 87239  8184 7.5822e+10   98  126 6.9972e+10 7.5822e+10  8.36%   107 3175s
 87341  8190 7.5822e+10   98   50 6.9972e+10 7.5822e+10  8.36%   107 3180s
 87501  8174 7.5121e+10   99   95 6.9972e+10 7.5822e+10  8.36%   107 3185s
 87622  8193 7.5822e+10  101  131 6.9972e+10 7.5822e+10  8.36%   107 3190s
 87744  8169 7.3482e+10   92   59 6.9972e+10 7.5822e+10  8.36%   107 3195s
 87833  8176 7.5822e+10   98   67 6.9972e+10 7.5822e+10  8.36%   107 3201s
 87890  8173 7.3482e+10  101   54 6.9972e+10 7.5822e+10  8.36%   107 3205s
 87966  8169 7.5121e+10   94   78 6.9972e+10 7.5822e+10  8.36%   107 3210s
 88108  8177 7.5822e+10   96   59 6.9972e+10 7.5822e+10  8.36%   107 3215s
 88245  8185 infeasible  108      6.9972e+10 7.5822e+10  8.36%   108 3220s
 88346  8175 infeasible  105      6.9972e+10 7.5822e+10  8.36%   108 3225s
 88490  8174 7.5822e+10   94  143 6.9972e+10 7.5822e+10  8.36%   108 3230s
 88589  8199 infeasible  108      6.9972e+10 7.5822e+10  8.36%   108 3235s
 88755  8195 7.5822e+10  102   63 6.9972e+10 7.5822e+10  8.36%   108 3240s
 88903  8214 7.5822e+10   86   80 6.9972e+10 7.5822e+10  8.36%   108 3245s
 89045  8231 7.5822e+10   97  150 6.9972e+10 7.5822e+10  8.36%   108 3250s
 89200  8246 7.5822e+10  107  122 6.9972e+10 7.5822e+10  8.36%   108 3258s
 89228  8240 7.5822e+10  101   67 6.9972e+10 7.5822e+10  8.36%   108 3260s
 89345  8269 7.5822e+10   98   72 6.9972e+10 7.5822e+10  8.36%   108 3265s
 89443  8295 7.5822e+10   99   67 6.9972e+10 7.5822e+10  8.36%   108 3270s
 89597  8318 7.3482e+10  101   11 6.9972e+10 7.5822e+10  8.36%   108 3275s
 89698  8322 7.5822e+10   91  153 6.9972e+10 7.5822e+10  8.36%   108 3280s
 89830  8333 7.5822e+10   96   64 6.9972e+10 7.5822e+10  8.36%   108 3285s
 89953  8332 7.5822e+10  100  120 6.9972e+10 7.5822e+10  8.36%   108 3290s
 90075  8333 7.5822e+10   98   86 6.9972e+10 7.5822e+10  8.36%   108 3295s
 90226  8365 7.5822e+10  101   78 6.9972e+10 7.5822e+10  8.36%   108 3301s
 90321  8360 infeasible  108      6.9972e+10 7.5822e+10  8.36%   108 3305s
 90442  8361 7.5822e+10   89   73 6.9972e+10 7.5822e+10  8.36%   108 3310s
 90589  8360 7.5822e+10   89   65 6.9972e+10 7.5822e+10  8.36%   108 3315s
 90721  8378 7.5822e+10   92   57 6.9972e+10 7.5822e+10  8.36%   108 3320s
 90794  8371 7.5822e+10  100  125 6.9972e+10 7.5822e+10  8.36%   108 3325s
 90904  8393 7.5822e+10   85   82 6.9972e+10 7.5822e+10  8.36%   108 3330s
 91079  8400 7.5822e+10   90   79 6.9972e+10 7.5822e+10  8.36%   108 3335s
 91206  8407 7.5822e+10   93   70 6.9972e+10 7.5822e+10  8.36%   108 3340s
 91371  8408 7.5822e+10  101   67 6.9972e+10 7.5822e+10  8.36%   108 3345s
 91468  8389 7.5822e+10   89   81 6.9972e+10 7.5822e+10  8.36%   108 3351s
 91513  8396 infeasible   95      6.9972e+10 7.5822e+10  8.36%   108 3355s
 91723  8386 7.5822e+10   90   67 6.9972e+10 7.5822e+10  8.36%   108 3360s
 91889  8398 7.5822e+10   93   76 6.9972e+10 7.5822e+10  8.36%   108 3365s
 92041  8373 infeasible   89      6.9972e+10 7.5822e+10  8.36%   108 3370s
 92163  8365 7.5822e+10   91   70 6.9972e+10 7.5822e+10  8.36%   108 3375s
 92312  8366 7.5822e+10   98   75 6.9972e+10 7.5822e+10  8.36%   108 3380s
 92445  8367 7.5822e+10   95  179 6.9972e+10 7.5822e+10  8.36%   108 3385s
 92552  8382 7.5822e+10   87   97 6.9972e+10 7.5822e+10  8.36%   108 3393s
 92575  8381 7.5822e+10   89   72 6.9972e+10 7.5822e+10  8.36%   108 3395s
 92706  8374 7.5822e+10   90   74 6.9972e+10 7.5822e+10  8.36%   108 3400s
 92827  8377 infeasible  104      6.9972e+10 7.5822e+10  8.36%   108 3405s
 92935  8369 7.5822e+10   88   65 6.9972e+10 7.5822e+10  8.36%   109 3411s
 93016  8381 7.5822e+10   95  216 6.9972e+10 7.5822e+10  8.36%   109 3415s
 93120  8385 infeasible   98      6.9972e+10 7.5822e+10  8.36%   109 3420s
 93220  8387 7.4652e+10  102   70 6.9972e+10 7.5822e+10  8.36%   109 3425s
 93336  8373 7.5822e+10   92  138 6.9972e+10 7.5822e+10  8.36%   109 3430s
 93430  8370 7.5822e+10   90   97 6.9972e+10 7.5822e+10  8.36%   109 3435s
 93532  8375 infeasible   92      6.9972e+10 7.5822e+10  8.36%   109 3440s
 93646  8361 7.5822e+10   93  178 6.9972e+10 7.5822e+10  8.36%   109 3445s
 93678  8371 7.5822e+10  101  111 6.9972e+10 7.5822e+10  8.36%   109 3451s
 93750  8379 7.5822e+10  100  116 6.9972e+10 7.5822e+10  8.36%   109 3455s
 93863  8391 7.5822e+10   84   75 6.9972e+10 7.5822e+10  8.36%   109 3460s
 93946  8395 7.5822e+10   93  106 6.9972e+10 7.5822e+10  8.36%   109 3465s
 94079  8410 7.5822e+10   91  117 6.9972e+10 7.5822e+10  8.36%   109 3470s
 94161  8424 7.5822e+10   93  114 6.9972e+10 7.5822e+10  8.36%   109 3475s
 94284  8418 7.5822e+10   96  136 6.9972e+10 7.5822e+10  8.36%   109 3480s
 94409  8424 7.5822e+10   93  113 6.9972e+10 7.5822e+10  8.36%   109 3485s
 94498  8425 7.5822e+10   85  144 6.9972e+10 7.5822e+10  8.36%   109 3490s
 94643  8437 infeasible   94      6.9972e+10 7.5822e+10  8.36%   110 3495s
 94784  8456 infeasible  101      6.9972e+10 7.5822e+10  8.36%   110 3500s
 94897  8445 infeasible   91      6.9972e+10 7.5822e+10  8.36%   110 3505s
 95022  8464 7.5822e+10   97   79 6.9972e+10 7.5822e+10  8.36%   110 3510s
 95157  8475 7.5822e+10   88   61 6.9972e+10 7.5822e+10  8.36%   110 3515s
 95235  8482 7.5822e+10   77  120 6.9972e+10 7.5822e+10  8.36%   110 3523s
 95258  8491 7.5822e+10   95  125 6.9972e+10 7.5822e+10  8.36%   110 3525s
 95410  8528 7.3482e+10  109   29 6.9972e+10 7.5822e+10  8.36%   110 3530s
 95582  8542 infeasible   91      6.9972e+10 7.5822e+10  8.36%   110 3535s
 95684  8551 infeasible   95      6.9972e+10 7.5822e+10  8.36%   110 3540s
 95841  8561 7.5822e+10  101   72 6.9972e+10 7.5822e+10  8.36%   110 3545s
 95990  8578 7.5822e+10  106   75 6.9972e+10 7.5822e+10  8.36%   110 3550s
 96160  8616 7.5822e+10   81  151 6.9972e+10 7.5822e+10  8.36%   110 3555s
 96283  8654 infeasible   92      6.9972e+10 7.5822e+10  8.36%   110 3560s
 96389  8666 7.5822e+10   94   48 6.9972e+10 7.5822e+10  8.36%   110 3566s
 96480  8693 7.5822e+10   93   56 6.9972e+10 7.5822e+10  8.36%   110 3570s
 96574  8718 7.5822e+10   86  101 6.9972e+10 7.5822e+10  8.36%   110 3575s
 96719  8743 infeasible   90      6.9972e+10 7.5822e+10  8.36%   110 3580s
 96833  8766 7.5822e+10   88  108 6.9972e+10 7.5822e+10  8.36%   110 3586s
 96834  8767 7.5822e+10   89  111 6.9972e+10 7.5822e+10  8.36%   110 3590s
 96971  8802 7.5822e+10   89   52 6.9972e+10 7.5822e+10  8.36%   110 3596s

Cutting planes:
  Learned: 148
  Gomory: 417
  Lift-and-project: 88
  Cover: 4592
  Implied bound: 836
  Projected implied bound: 75
  Clique: 68
  MIR: 729
  Mixing: 1
  StrongCG: 13
  Flow cover: 2405
  GUB cover: 107
  Inf proof: 623
  Zero half: 19
  RLT: 265
  Relax-and-lift: 587
  BQP: 2

Explored 97066 nodes (10669110 simplex iterations) in 3599.69 seconds (1994.88 work units)
Thread count was 1 (of 28 available processors)

Solution count 10: 6.99717e+10 6.76317e+10 6.41217e+10 ... 4.11907e+10

Time limit reached
Best objective 6.997171104000e+10, best bound 7.582171104000e+10, gap 8.3605%

User-callback calls 1507602, time in user-callback 0.95 sec