Gurobi Optimizer version 12.0.3 build v12.0.3rc0 (linux64 - "Oracle Linux Server 9.4")

CPU model: Intel(R) Xeon(R) CPU E5-2660 v4 @ 2.00GHz, instruction set [SSE2|AVX|AVX2]
Thread count: 28 physical cores, 28 logical processors, using up to 1 threads

Non-default parameters:
TimeLimit  3599.65391091
SoftMemLimit  16
NumericFocus  1
Threads  1

Academic license 2690100 - for non-commercial use only - registered to ju___@uclm.es
Optimize a model with 10641 rows, 2610 columns and 36774 nonzeros
Model fingerprint: 0xef896cfb
Variable types: 58 continuous, 2552 integer (2552 binary)
Coefficient statistics:
  Matrix range     [1e+00, 3e+13]
  Objective range  [7e+08, 3e+09]
  Bounds range     [1e+03, 1e+04]
  RHS range        [1e+00, 2e+14]
Warning: Model contains large matrix coefficient range
Warning: Model contains large objective coefficients
Warning: Model contains large rhs
Found heuristic solution: objective -0.0000000
Presolve removed 4919 rows and 779 columns
Presolve time: 0.32s
Presolved: 5722 rows, 1831 columns, 19047 nonzeros
Variable types: 59 continuous, 1772 integer (1771 binary)

Root relaxation: objective 3.777808e+10, 1123 iterations, 0.04 seconds (0.02 work units)

    Nodes    |    Current Node    |     Objective Bounds      |     Work
 Expl Unexpl |  Obj  Depth IntInf | Incumbent    BestBd   Gap | It/Node Time

     0     0 3.7778e+10    0   17   -0.00000 3.7778e+10      -     -    0s
H    0     0                    9.117179e+09 3.7778e+10   314%     -    0s
     0     0 3.7778e+10    0  526 9.1172e+09 3.7778e+10   314%     -    0s
     0     0 3.7778e+10    0  258 9.1172e+09 3.7778e+10   314%     -    0s
     0     0 3.7778e+10    0  284 9.1172e+09 3.7778e+10   314%     -    0s
     0     0 3.7778e+10    0   21 9.1172e+09 3.7778e+10   314%     -    1s
     0     0 3.7778e+10    0   20 9.1172e+09 3.7778e+10   314%     -    1s
H    0     0                    2.235256e+10 3.7778e+10  69.0%     -    1s
     0     0 3.7778e+10    0   23 2.2353e+10 3.7778e+10  69.0%     -    1s
     0     0 3.7778e+10    0   54 2.2353e+10 3.7778e+10  69.0%     -    1s
     0     0 3.7778e+10    0   16 2.2353e+10 3.7778e+10  69.0%     -    1s
     0     0 3.7778e+10    0   20 2.2353e+10 3.7778e+10  69.0%     -    1s
     0     0 3.7778e+10    0   34 2.2353e+10 3.7778e+10  69.0%     -    1s
     0     0 3.7778e+10    0   51 2.2353e+10 3.7778e+10  69.0%     -    1s
     0     0 3.7778e+10    0   32 2.2353e+10 3.7778e+10  69.0%     -    1s
     0     2 3.7778e+10    0   26 2.2353e+10 3.7778e+10  69.0%     -    2s
H   78    47                    2.499088e+10 3.7778e+10  51.2%  40.8    2s
H  105    57                    2.570128e+10 3.7778e+10  47.0%  44.2    2s
H  132    60                    2.641168e+10 3.7778e+10  43.0%  36.6    2s
H  158    85                    2.712208e+10 3.7778e+10  39.3%  43.7    3s
H  305   167                    2.783248e+10 3.7778e+10  35.7%  56.4    4s
H  354   209                    2.925328e+10 3.7778e+10  29.1%  60.4    4s
   388   241 3.7778e+10   78  163 2.9253e+10 3.7778e+10  29.1%  63.4    5s
H  409   247                    3.067408e+10 3.7778e+10  23.2%  63.4    5s
H  483   292                    3.138448e+10 3.7778e+10  20.4%  65.2    5s
H  519   321                    3.209488e+10 3.7778e+10  17.7%  64.2    6s
H  634   345                    3.280528e+10 3.7778e+10  15.2%  57.3    6s
H  712   396                    3.351568e+10 3.7778e+10  12.7%  53.8    9s
   717   399 3.7720e+10   17   12 3.3516e+10 3.7778e+10  12.7%  53.4   10s
H  722   383                    3.422608e+10 3.7778e+10  10.4%  53.0   10s
H  881   431                    3.564688e+10 3.7778e+10  5.98%  73.2   15s
  1030   439 infeasible   99      3.5647e+10 3.7778e+10  5.98%  75.3   20s
  1141   436 3.7778e+10  112  137 3.5647e+10 3.7778e+10  5.98%  91.6   25s
  1248   417 3.7778e+10  121  188 3.5647e+10 3.7778e+10  5.98%  95.3   30s
  1373   397 3.7778e+10   31   45 3.5647e+10 3.7778e+10  5.98%   101   35s
  1541   482 3.7778e+10   53   95 3.5647e+10 3.7778e+10  5.98%  94.0   40s
H 1603   472                    3.706768e+10 3.7778e+10  1.92%  91.7   41s
  1736   494 3.7778e+10   91   42 3.7068e+10 3.7778e+10  1.92%  88.6   45s
  1835   495 3.7778e+10   69   95 3.7068e+10 3.7778e+10  1.92%  88.5   50s
  2139   488 infeasible  103      3.7068e+10 3.7778e+10  1.92%  84.6   55s
  2322   476 infeasible   91      3.7068e+10 3.7778e+10  1.92%  84.7   60s
  2518   485 3.7778e+10   93   58 3.7068e+10 3.7778e+10  1.92%  83.6   65s
  2711   494 infeasible   93      3.7068e+10 3.7778e+10  1.92%  82.4   70s
  2870   497 3.7778e+10   96   71 3.7068e+10 3.7778e+10  1.92%  82.9   75s
  3049   490 3.7778e+10  103   22 3.7068e+10 3.7778e+10  1.92%  83.0   80s
  3304   474 3.7778e+10   92   40 3.7068e+10 3.7778e+10  1.92%  82.7   85s
  3465   485 3.7778e+10   92   18 3.7068e+10 3.7778e+10  1.92%  82.8   90s
  3636   477 3.7778e+10   91   57 3.7068e+10 3.7778e+10  1.92%  83.1   95s
  3751   474 3.7778e+10   88   70 3.7068e+10 3.7778e+10  1.92%  83.1  100s
  4040   487 infeasible   96      3.7068e+10 3.7778e+10  1.92%  81.9  105s
  4233   493 infeasible   94      3.7068e+10 3.7778e+10  1.92%  81.3  110s
  4582   491 3.7778e+10   88   44 3.7068e+10 3.7778e+10  1.92%  79.7  115s
  4804   481 infeasible   88      3.7068e+10 3.7778e+10  1.92%  79.3  120s
  4890   486 3.7778e+10   90   52 3.7068e+10 3.7778e+10  1.92%  79.2  125s
  5131   467 infeasible   83      3.7068e+10 3.7778e+10  1.92%  78.9  130s
  5335   481 3.7778e+10   93   38 3.7068e+10 3.7778e+10  1.92%  78.2  135s
  5462   539 3.7778e+10   33   40 3.7068e+10 3.7778e+10  1.92%  73.4  140s
  5662   616 3.7778e+10   47   98 3.7068e+10 3.7778e+10  1.92%  72.8  145s
H 5854   326                    3.777808e+10 3.7778e+10  0.00%  72.3  149s

Cutting planes:
  Learned: 21
  Gomory: 39
  Lift-and-project: 4
  Cover: 250
  Implied bound: 88
  Clique: 44
  MIR: 15
  Flow cover: 134
  Inf proof: 12
  Zero half: 1
  RLT: 151
  Relax-and-lift: 43
  BQP: 22
  PSD: 2

Explored 5855 nodes (472583 simplex iterations) in 149.58 seconds (75.03 work units)
Thread count was 1 (of 28 available processors)

Solution count 10: 3.77781e+10 3.70677e+10 3.56469e+10 ... 2.92533e+10

Optimal solution found (tolerance 1.00e-04)
Best objective 3.777807912000e+10, best bound 3.777807912000e+10, gap 0.0000%

User-callback calls 76950, time in user-callback 0.06 sec