Gurobi Optimizer version 12.0.3 build v12.0.3rc0 (linux64 - "Oracle Linux Server 9.4")

CPU model: Intel(R) Xeon(R) CPU E5-2660 v4 @ 2.00GHz, instruction set [SSE2|AVX|AVX2]
Thread count: 28 physical cores, 28 logical processors, using up to 1 threads

Non-default parameters:
TimeLimit  3588.315403803
SoftMemLimit  16
NumericFocus  1
Threads  1

Academic license 2690100 - for non-commercial use only - registered to ju___@uclm.es
Optimize a model with 20165 rows, 4920 columns and 69468 nonzeros
Model fingerprint: 0xd4fb6b82
Variable types: 80 continuous, 4840 integer (4840 binary)
Coefficient statistics:
  Matrix range     [1e+00, 4e+13]
  Objective range  [2e+08, 4e+09]
  Bounds range     [1e+03, 1e+04]
  RHS range        [1e+00, 2e+14]
Warning: Model contains large matrix coefficient range
Warning: Model contains large objective coefficients
Warning: Model contains large rhs
Found heuristic solution: objective -0.0000000
Presolve removed 5628 rows and 690 columns
Presolve time: 0.40s
Presolved: 14537 rows, 4230 columns, 51146 nonzeros
Variable types: 80 continuous, 4150 integer (4150 binary)

Root relaxation: objective 7.235892e+10, 2008 iterations, 0.07 seconds (0.04 work units)

    Nodes    |    Current Node    |     Objective Bounds      |     Work
 Expl Unexpl |  Obj  Depth IntInf | Incumbent    BestBd   Gap | It/Node Time

     0     0 7.2359e+10    0   20   -0.00000 7.2359e+10      -     -    0s
H    0     0                    2.970000e+09 7.2359e+10  2336%     -    1s
H    0     0                    7.020000e+09 7.2359e+10   931%     -    1s
H    0     0                    1.052967e+10 7.2359e+10   587%     -    1s
H    0     0                    1.053000e+10 7.2359e+10   587%     -    1s
H    0     0                    1.062000e+10 7.2359e+10   581%     -    1s
     0     0 7.2359e+10    0  183 1.0620e+10 7.2359e+10   581%     -    1s
H    0     0                    3.303947e+10 7.2359e+10   119%     -    1s
     0     0 7.2359e+10    0  362 3.3039e+10 7.2359e+10   119%     -    1s
     0     0 7.2359e+10    0   41 3.3039e+10 7.2359e+10   119%     -    1s
     0     0 7.2359e+10    0  371 3.3039e+10 7.2359e+10   119%     -    2s
     0     0 7.2359e+10    0   61 3.3039e+10 7.2359e+10   119%     -    2s
     0     0 7.2359e+10    0   59 3.3039e+10 7.2359e+10   119%     -    2s
     0     0 7.2359e+10    0   36 3.3039e+10 7.2359e+10   119%     -    2s
     0     0 7.2359e+10    0   40 3.3039e+10 7.2359e+10   119%     -    2s
     0     0 7.2359e+10    0   24 3.3039e+10 7.2359e+10   119%     -    3s
     0     0 7.2359e+10    0   28 3.3039e+10 7.2359e+10   119%     -    3s
     0     0 7.2359e+10    0   39 3.3039e+10 7.2359e+10   119%     -    3s
     0     0 7.2359e+10    0   35 3.3039e+10 7.2359e+10   119%     -    3s
H    0     0                    4.401709e+10 7.2359e+10  64.4%     -    4s
     0     2 7.2359e+10    0   22 4.4017e+10 7.2359e+10  64.4%     -    4s
H   26    26                    4.455469e+10 7.2359e+10  62.4%  52.8    4s
    36    38 7.2359e+10   31  573 4.4555e+10 7.2359e+10  62.4%  55.0    5s
H   52    52                    4.589869e+10 7.2359e+10  57.6%  66.7    5s
H   52    52                    4.724269e+10 7.2359e+10  53.2%  66.7    5s
H  104    86                    5.075269e+10 7.2359e+10  42.6%  41.5    6s
H  130   108                    5.129029e+10 7.2359e+10  41.1%  45.9    6s
H  157   130                    5.192785e+10 7.2359e+10  39.3%  45.4    7s
H  157   130                    5.235289e+10 7.2359e+10  38.2%  45.4    7s
H  183   153                    5.477209e+10 7.2359e+10  32.1%  49.4    7s
H  235   196                    5.828209e+10 7.2359e+10  24.2%  55.9    8s
H  272   219                    5.962609e+10 7.2359e+10  21.4%  54.5    9s
   313   254 7.2359e+10   49  514 5.9626e+10 7.2359e+10  21.4%  54.3   10s
   509   417 7.2359e+10  185  559 5.9626e+10 7.2359e+10  21.4%  85.5   15s
   587   470 7.2359e+10   53   23 5.9626e+10 7.2359e+10  21.4%   102   20s
   597   477 7.2359e+10   35   15 5.9626e+10 7.2359e+10  21.4%   100   25s
   604   481 7.2359e+10  174  586 5.9626e+10 7.2359e+10  21.4%  99.0   30s
   616   490 7.2359e+10   20   70 5.9626e+10 7.2359e+10  21.4%   185   35s
   715   554 7.2359e+10   85  389 5.9626e+10 7.2359e+10  21.4%   168   40s
   770   591 7.2359e+10  117  382 5.9626e+10 7.2359e+10  21.4%   162   45s
   801   610 7.2359e+10  135  244 5.9626e+10 7.2359e+10  21.4%   161   50s
   844   627 infeasible  160      5.9626e+10 7.2359e+10  21.4%   160   55s
   918   669 7.2359e+10   71  438 5.9626e+10 7.2359e+10  21.4%   155   60s
  1025   734 7.2359e+10  130  552 5.9626e+10 7.2359e+10  21.4%   148   65s
  1095   778 7.2359e+10  172  323 5.9626e+10 7.2359e+10  21.4%   145   70s
  1137   773 infeasible  182      5.9626e+10 7.2359e+10  21.4%   145   75s
  1207   749 6.9389e+10  191  394 5.9626e+10 7.2359e+10  21.4%   146   80s
  1253   780 6.9389e+10  237  303 5.9626e+10 7.2359e+10  21.4%   143   86s
  1274   794 6.5699e+10  251  429 5.9626e+10 7.2359e+10  21.4%   144   90s
  1334   834 6.9119e+10  307  146 5.9626e+10 7.2359e+10  21.4%   143   98s
  1352   844 6.5592e+10  320  194 5.9626e+10 7.2359e+10  21.4%   142  100s
  1361   848 6.4825e+10  321  182 5.9626e+10 7.2359e+10  21.4%   142  105s
  1362   849 6.2099e+10  322  141 5.9626e+10 7.2359e+10  21.4%   142  110s
  1418   870 6.4546e+10  362   74 5.9626e+10 7.2359e+10  21.4%   139  115s
  1456   887 6.9389e+10  188  263 5.9626e+10 7.2359e+10  21.4%   140  120s
  1507   909 6.5879e+10  220  170 5.9626e+10 7.2359e+10  21.4%   139  125s
  1559   930 7.2359e+10   58  389 5.9626e+10 7.2359e+10  21.4%   136  130s
H 1583   919                    6.047616e+10 7.2359e+10  19.6%   135  131s
H 1583   896                    6.090120e+10 7.2359e+10  18.8%   135  131s
  1702   977 7.2359e+10  201  328 6.0901e+10 7.2359e+10  18.8%   127  135s
  1870  1088 6.2189e+10  369  244 6.0901e+10 7.2359e+10  18.8%   118  140s
H 2004  1189                    6.197640e+10 7.2359e+10  16.8%   112  144s
  2010  1185 7.2359e+10   20  639 6.1976e+10 7.2359e+10  16.8%   112  148s
  2020  1195 7.2359e+10   28  403 6.1976e+10 7.2359e+10  16.8%   113  150s
  2190  1365 7.2359e+10  189  331 6.1976e+10 7.2359e+10  16.8%   107  155s
  2332  1487 7.2359e+10   54  292 6.1976e+10 7.2359e+10  16.8%   104  160s
  2493  1643 7.2359e+10  142  334 6.1976e+10 7.2359e+10  16.8%   103  165s
  2554  1699 7.2359e+10  180  437 6.1976e+10 7.2359e+10  16.8%   103  170s
  2571  1712 infeasible  183      6.1976e+10 7.2359e+10  16.8%   106  175s
  2674  1801 7.2359e+10  126  272 6.1976e+10 7.2359e+10  16.8%   105  180s
  2738  1865 7.2359e+10  180  334 6.1976e+10 7.2359e+10  16.8%   104  187s
  2780  1907 7.2359e+10  219  231 6.1976e+10 7.2359e+10  16.8%   103  190s
  2900  2018 7.2356e+10  324  205 6.1976e+10 7.2359e+10  16.8%   101  195s
  2988  2091 6.6759e+10  390  218 6.1976e+10 7.2359e+10  16.8%  99.3  200s
  3074  2147 7.2359e+10   85  442 6.1976e+10 7.2359e+10  16.8%  98.7  205s
  3235  2305 7.2359e+10  222  336 6.1976e+10 7.2359e+10  16.8%  96.7  210s
  3250  2318 7.2359e+10  225  330 6.1976e+10 7.2359e+10  16.8%  97.4  215s
  3289  2337 7.2359e+10   98  495 6.1976e+10 7.2359e+10  16.8%   100  220s
  3403  2449 7.2359e+10  208  194 6.1976e+10 7.2359e+10  16.8%  97.6  225s
  3499  2539 7.2359e+10  289  184 6.1976e+10 7.2359e+10  16.8%  96.8  230s
  3508  2546 6.8849e+10  290  192 6.1976e+10 7.2359e+10  16.8%  97.1  235s
  3572  2578 7.2359e+10   72  297 6.1976e+10 7.2359e+10  16.8%  97.8  240s
  3726  2731 6.8759e+10  226  251 6.1976e+10 7.2359e+10  16.8%  95.3  245s
  3879  2862 infeasible  365      6.1976e+10 7.2359e+10  16.8%  92.8  250s
  3971  2888 7.2359e+10   58  392 6.1976e+10 7.2359e+10  16.8%  92.6  255s
  4025  2936 7.1721e+10  100  660 6.1976e+10 7.2359e+10  16.8%  92.5  266s
  4068  2979 7.1721e+10  138  256 6.1976e+10 7.2359e+10  16.8%  91.8  270s
  4128  3037 7.1721e+10  191  237 6.1976e+10 7.2359e+10  16.8%  90.8  275s
  4276  3183 7.1721e+10  334  174 6.1976e+10 7.2359e+10  16.8%  88.8  280s
  4389  3274 6.9389e+10  168  238 6.1976e+10 7.2359e+10  16.8%  88.6  285s
  4528  3399 infeasible  285      6.1976e+10 7.2359e+10  16.8%  87.3  290s
  4560  3425 7.2359e+10   62  637 6.1976e+10 7.2359e+10  16.8%  90.3  297s
  4581  3446 7.2359e+10   68  443 6.1976e+10 7.2359e+10  16.8%  91.4  300s
  4679  3524 7.2359e+10   47  478 6.1976e+10 7.2359e+10  16.8%  91.1  305s
  4821  3663 7.2359e+10  174  220 6.1976e+10 7.2359e+10  16.8%  89.8  310s
  4894  3715 7.2359e+10  220  328 6.1976e+10 7.2359e+10  16.8%  90.6  315s
  4931  3752 7.2359e+10  248  191 6.1976e+10 7.2359e+10  16.8%  90.7  320s
  4981  3772 infeasible  269      6.1976e+10 7.2359e+10  16.8%  90.5  325s
  5044  3809 7.2359e+10  222  194 6.1976e+10 7.2359e+10  16.8%  90.3  330s
  5055  3820 6.8849e+10  233  172 6.1976e+10 7.2359e+10  16.8%  90.2  335s
  5096  3826 7.2359e+10   66  485 6.1976e+10 7.2359e+10  16.8%  91.9  340s
  5166  3896 7.2359e+10  135  372 6.1976e+10 7.2359e+10  16.8%  91.1  345s
  5314  4038 7.2359e+10  270  231 6.1976e+10 7.2359e+10  16.8%  89.6  350s
  5358  4075 7.0746e+10  299  104 6.1976e+10 7.2359e+10  16.8%  90.1  355s
  5420  4131 7.0209e+10  339   57 6.1976e+10 7.2359e+10  16.8%  89.7  360s
  5483  4156 7.2359e+10  108  299 6.1976e+10 7.2359e+10  16.8%  90.2  365s
  5501  4174 7.2359e+10  126  267 6.1976e+10 7.2359e+10  16.8%  90.0  370s
  5535  4208 7.2359e+10  160  212 6.1976e+10 7.2359e+10  16.8%  89.7  377s
  5590  4263 7.2359e+10  215  210 6.1976e+10 7.2359e+10  16.8%  89.2  380s
  5663  4320 7.2359e+10   47  549 6.1976e+10 7.2359e+10  16.8%  89.4  385s
  5763  4415 7.2359e+10  140  327 6.1976e+10 7.2359e+10  16.8%  88.5  390s
  5888  4532 7.2359e+10  252  220 6.1976e+10 7.2359e+10  16.8%  87.3  395s
  5974  4591 7.2352e+10  334  168 6.1976e+10 7.2359e+10  16.8%  86.8  400s
  5978  4595 7.2359e+10  330  122 6.1976e+10 7.2359e+10  16.8%  86.8  405s
  6017  4632 6.7778e+10  357  123 6.1976e+10 7.2359e+10  16.8%  86.8  410s
  6083  4672 7.2359e+10   52  330 6.1976e+10 7.2359e+10  16.8%  86.9  415s
  6255  4844 6.8759e+10  224  292 6.1976e+10 7.2359e+10  16.8%  85.2  420s
  6394  4966 6.5159e+10  349  210 6.1976e+10 7.2359e+10  16.8%  84.1  425s
  6449  4992 6.8221e+10  335   65 6.1976e+10 7.2359e+10  16.8%  84.3  430s
* 6486  4644             354    6.672108e+10 7.2359e+10  8.45%  84.1  432s
H 6493  4630                    6.714612e+10 7.2359e+10  7.76%  84.1  432s
  6532  4669 7.0052e+10  300   58 6.7146e+10 7.2359e+10  7.76%  84.0  435s
  6612  4712 7.0746e+10  285  128 6.7146e+10 7.2359e+10  7.76%  83.9  440s
  6645  4734 7.0746e+10  297  128 6.7146e+10 7.2359e+10  7.76%  84.3  447s
  6682  4755 6.9402e+10  325   87 6.7146e+10 7.2359e+10  7.76%  84.1  453s
  6708  4767 infeasible  338      6.7146e+10 7.2359e+10  7.76%  83.9  455s
  6791  4822 6.7158e+10  301  246 6.7146e+10 7.2359e+10  7.76%  83.8  460s
  6853  4844 6.9274e+10  285  295 6.7146e+10 7.2359e+10  7.76%  84.2  465s
  6934  4864 7.0646e+10  251  139 6.7146e+10 7.2359e+10  7.76%  84.3  470s
  6981  4885 7.2359e+10  238  220 6.7146e+10 7.2359e+10  7.76%  84.4  477s
  6997  4884 7.2359e+10  236  240 6.7146e+10 7.2359e+10  7.76%  85.2  480s
  7066  4919 7.2359e+10  267  164 6.7146e+10 7.2359e+10  7.76%  85.8  485s
  7133  4945 infeasible  251      6.7146e+10 7.2359e+10  7.76%  86.2  490s
  7187  4967 7.1284e+10  266  153 6.7146e+10 7.2359e+10  7.76%  86.7  495s
  7245  4985 7.2359e+10  242  149 6.7146e+10 7.2359e+10  7.76%  87.2  500s
  7259  4996 7.0646e+10  252  121 6.7146e+10 7.2359e+10  7.76%  87.1  509s
  7260  4997 7.1284e+10  251  130 6.7146e+10 7.2359e+10  7.76%  87.1  513s
  7289  5022 7.1284e+10  267  116 6.7146e+10 7.2359e+10  7.76%  87.0  515s
  7372  5091 7.2359e+10  280  137 6.7146e+10 7.2359e+10  7.76%  86.8  520s
  7459  5126 7.2359e+10  227  223 6.7146e+10 7.2359e+10  7.76%  86.9  525s
  7509  5170 7.2359e+10  260  154 6.7146e+10 7.2359e+10  7.76%  87.2  530s
  7579  5212 7.2359e+10  246  130 6.7146e+10 7.2359e+10  7.76%  87.4  535s
  7636  5245 7.2359e+10  225  208 6.7146e+10 7.2359e+10  7.76%  87.4  543s
  7659  5268 7.2359e+10  245  178 6.7146e+10 7.2359e+10  7.76%  87.5  545s
  7714  5300 infeasible  265      6.7146e+10 7.2359e+10  7.76%  88.0  550s
  7783  5341 6.8314e+10  273  119 6.7146e+10 7.2359e+10  7.76%  88.2  555s
  7842  5383 7.2359e+10  268  129 6.7146e+10 7.2359e+10  7.76%  88.4  560s
  7925  5445 6.8759e+10  317   85 6.7146e+10 7.2359e+10  7.76%  88.2  565s
  7986  5467 7.0363e+10  234  242 6.7146e+10 7.2359e+10  7.76%  88.8  570s
  8055  5491 7.1284e+10  235  144 6.7146e+10 7.2359e+10  7.76%  89.3  575s
  8070  5504 infeasible  249      6.7146e+10 7.2359e+10  7.76%  89.2  580s
  8127  5521 7.2359e+10  231  157 6.7146e+10 7.2359e+10  7.76%  89.7  585s
  8191  5579 7.1284e+10  286  110 6.7146e+10 7.2359e+10  7.76%  89.5  590s
  8256  5605 7.2359e+10  224  167 6.7146e+10 7.2359e+10  7.76%  89.9  595s
  8338  5667 infeasible  233      6.7146e+10 7.2359e+10  7.76%  90.0  600s
  8409  5706 7.2359e+10  228  147 6.7146e+10 7.2359e+10  7.76%  90.0  605s
  8447  5725 7.2359e+10  219  287 6.7146e+10 7.2359e+10  7.76%  90.0  612s
  8492  5766 7.2359e+10  254  116 6.7146e+10 7.2359e+10  7.76%  89.9  615s
  8562  5802 7.2359e+10  243  134 6.7146e+10 7.2359e+10  7.76%  89.8  620s
  8624  5836 7.2359e+10  242  129 6.7146e+10 7.2359e+10  7.76%  90.0  625s
  8670  5862 7.2359e+10  220  154 6.7146e+10 7.2359e+10  7.76%  90.4  634s
  8675  5867 7.2359e+10  225  138 6.7146e+10 7.2359e+10  7.76%  90.4  635s
  8773  5937 7.2359e+10  238  143 6.7146e+10 7.2359e+10  7.76%  90.2  640s
  8834  5980 6.9389e+10  266  132 6.7146e+10 7.2359e+10  7.76%  90.4  645s
  8873  5993 7.2359e+10  209  213 6.7146e+10 7.2359e+10  7.76%  90.8  653s
  8887  6005 7.2359e+10  220  166 6.7146e+10 7.2359e+10  7.76%  90.9  655s
  8963  6049 infeasible  270      6.7146e+10 7.2359e+10  7.76%  90.9  660s
  9008  6092 7.0221e+10  231   93 6.7146e+10 7.2359e+10  7.76%  91.2  665s
  9075  6121 infeasible  233      6.7146e+10 7.2359e+10  7.76%  91.3  670s
  9158  6192 infeasible  262      6.7146e+10 7.2359e+10  7.76%  91.2  675s
  9213  6219 7.0741e+10  294  190 6.7146e+10 7.2359e+10  7.76%  91.3  680s
  9304  6281 6.8665e+10  350   51 6.7146e+10 7.2359e+10  7.76%  90.8  685s
* 9341  6176             360    6.812700e+10 7.2359e+10  6.21%  90.6  686s
  9390  6193 6.8211e+10  214  112 6.8127e+10 7.2359e+10  6.21%  90.8  690s
  9440  6217 7.2359e+10  213  138 6.8127e+10 7.2359e+10  6.21%  90.9  695s
  9488  6227 7.2359e+10  190  256 6.8127e+10 7.2359e+10  6.21%  91.1  705s
  9541  6274 7.1934e+10  222  114 6.8127e+10 7.2359e+10  6.21%  91.0  710s
H 9560  5750                    6.876456e+10 7.2359e+10  5.23%  91.1  716s
  9608  5768 7.1934e+10  219  177 6.8765e+10 7.2359e+10  5.23%  91.2  720s
  9693  5809 7.2359e+10  192  173 6.8765e+10 7.2359e+10  5.23%  91.0  725s
  9758  5861 6.9389e+10  218  140 6.8765e+10 7.2359e+10  5.23%  91.1  730s
  9831  5910 7.1284e+10  201  153 6.8765e+10 7.2359e+10  5.23%  91.1  735s
  9903  5953 7.2359e+10  115  245 6.8765e+10 7.2359e+10  5.23%  91.2  740s
  9995  6041 7.2359e+10  205  165 6.8765e+10 7.2359e+10  5.23%  90.6  745s
 10090  6118 7.2359e+10   89  313 6.8765e+10 7.2359e+10  5.23%  90.3  750s
 10120  6146 7.2359e+10  114  239 6.8765e+10 7.2359e+10  5.23%  90.1  758s
 10149  6175 7.2359e+10  139  236 6.8765e+10 7.2359e+10  5.23%  90.0  760s
 10203  6226 7.2359e+10  258   35 6.8765e+10 7.2359e+10  5.23%  90.0  769s
 10205  6227 7.2359e+10   95   26 6.8765e+10 7.2359e+10  5.23%  89.9  770s
 10212  6232 7.2359e+10  272   16 6.8765e+10 7.2359e+10  5.23%  89.9  775s
 10223  6239 6.9389e+10  223   37 6.8765e+10 7.2359e+10  5.23%  89.8  780s
 10254  6262 7.2359e+10   42  323 6.8765e+10 7.2359e+10  5.23%  94.3  785s
 10338  6304 7.2359e+10   83  317 6.8765e+10 7.2359e+10  5.23%  94.1  790s
 10416  6322 infeasible  121      6.8765e+10 7.2359e+10  5.23%  94.0  795s
 10499  6364 7.2359e+10   75  380 6.8765e+10 7.2359e+10  5.23%  93.7  800s
 10601  6419 7.2359e+10   84  343 6.8765e+10 7.2359e+10  5.23%  93.4  806s
 10685  6441 7.2359e+10  128  276 6.8765e+10 7.2359e+10  5.23%  93.1  810s
 10739  6447 7.2359e+10   41  490 6.8765e+10 7.2359e+10  5.23%  93.8  817s
 10766  6465 7.2359e+10   57  493 6.8765e+10 7.2359e+10  5.23%  93.7  822s
 10805  6481 7.2359e+10   75  424 6.8765e+10 7.2359e+10  5.23%  93.6  825s
 10831  6494 7.2359e+10   89  451 6.8765e+10 7.2359e+10  5.23%  93.6  831s
 10849  6500 7.2359e+10   98  385 6.8765e+10 7.2359e+10  5.23%  93.7  835s
 10925  6522 infeasible  137      6.8765e+10 7.2359e+10  5.23%  93.7  840s
 10988  6554 7.2359e+10   81  428 6.8765e+10 7.2359e+10  5.23%  94.0  845s
 11055  6596 7.2359e+10  119  364 6.8765e+10 7.2359e+10  5.23%  94.0  850s
 11119  6622 infeasible  151      6.8765e+10 7.2359e+10  5.23%  94.1  855s
 11177  6622 7.2359e+10  173  244 6.8765e+10 7.2359e+10  5.23%  94.0  863s
 11200  6618 7.2359e+10  179  168 6.8765e+10 7.2359e+10  5.23%  94.1  865s
 11236  6584 infeasible  154      6.8765e+10 7.2359e+10  5.23%  96.0  870s
 11325  6643 7.2359e+10  127  337 6.8765e+10 7.2359e+10  5.23%  95.6  875s
 11437  6717 7.2359e+10  235  265 6.8765e+10 7.2359e+10  5.23%  94.8  880s
 11454  6728 7.2359e+10  251  287 6.8765e+10 7.2359e+10  5.23%  94.7  885s
 11538  6782 7.2359e+10  331  166 6.8765e+10 7.2359e+10  5.23%  94.2  890s
 11620  6820 7.2359e+10  381  115 6.8765e+10 7.2359e+10  5.23%  93.8  895s
 11732  6840 7.2359e+10  123  210 6.8765e+10 7.2359e+10  5.23%  93.6  900s
 11794  6860 7.2359e+10  152  151 6.8765e+10 7.2359e+10  5.23%  93.3  905s
 11894  6840 7.2359e+10  160  163 6.8765e+10 7.2359e+10  5.23%  93.1  910s
 11929  6854 7.2359e+10   87  303 6.8765e+10 7.2359e+10  5.23%  93.3  916s
 11974  6884 7.2359e+10  130  290 6.8765e+10 7.2359e+10  5.23%  93.2  920s
 12058  6939 7.2359e+10  211  212 6.8765e+10 7.2359e+10  5.23%  92.8  925s
 12157  7003 7.2359e+10  310  164 6.8765e+10 7.2359e+10  5.23%  92.3  930s
 12173  7012 7.2359e+10  326  174 6.8765e+10 7.2359e+10  5.23%  92.2  936s
 12187  7022 7.2359e+10  338  176 6.8765e+10 7.2359e+10  5.23%  92.2  940s
 12265  7047 7.2359e+10  385  113 6.8765e+10 7.2359e+10  5.23%  91.9  945s
 12340  7034 7.2359e+10   68  384 6.8765e+10 7.2359e+10  5.23%  92.1  950s
 12404  7076 7.2359e+10  122  516 6.8765e+10 7.2359e+10  5.23%  92.3  955s
 12460  7112 7.2359e+10  154  306 6.8765e+10 7.2359e+10  5.23%  92.5  960s
 12492  7133 7.2359e+10  162  332 6.8765e+10 7.2359e+10  5.23%  92.4  965s
 12537  7159 7.2359e+10  172  299 6.8765e+10 7.2359e+10  5.23%  92.3  970s
 12602  7196 7.2359e+10  194  283 6.8765e+10 7.2359e+10  5.23%  92.2  975s
 12660  7229 7.1721e+10  207  151 6.8765e+10 7.2359e+10  5.23%  92.2  980s
 12716  7230 7.2359e+10  136  313 6.8765e+10 7.2359e+10  5.23%  92.4  985s
 12742  7242 7.2359e+10   60  400 6.8765e+10 7.2359e+10  5.23%  92.6  991s
 12819  7293 7.2359e+10  137  366 6.8765e+10 7.2359e+10  5.23%  92.1  995s
 12961  7387 7.2359e+10  275  227 6.8765e+10 7.2359e+10  5.23%  91.3 1000s
 13065  7454 7.2359e+10  375  187 6.8765e+10 7.2359e+10  5.23%  90.8 1005s
 13131  7496 7.2359e+10  437  126 6.8765e+10 7.2359e+10  5.23%  90.6 1010s
 13190  7499 7.2359e+10   40  538 6.8765e+10 7.2359e+10  5.23%  90.6 1015s
 13205  7509 7.2359e+10   54  403 6.8765e+10 7.2359e+10  5.23%  90.6 1020s
 13278  7557 7.2359e+10  123  363 6.8765e+10 7.2359e+10  5.23%  90.4 1029s
 13287  7563 7.2359e+10  131  356 6.8765e+10 7.2359e+10  5.23%  90.3 1030s
 13390  7624 7.2359e+10  224  302 6.8765e+10 7.2359e+10  5.23%  89.8 1035s
 13503  7654 7.2359e+10  291   90 6.8765e+10 7.2359e+10  5.23%  89.4 1040s
 13540  7632 7.2359e+10  281  125 6.8765e+10 7.2359e+10  5.23%  90.1 1045s
 13598  7627 6.8849e+10  298   54 6.8765e+10 7.2359e+10  5.23%  90.2 1050s
 13634  7624 7.2359e+10  367  133 6.8765e+10 7.2359e+10  5.23%  90.4 1055s
 13696  7628 7.0209e+10  365  112 6.8765e+10 7.2359e+10  5.23%  90.6 1060s
 13749  7621 7.2359e+10  135  325 6.8765e+10 7.2359e+10  5.23%  90.7 1067s
 13750  7622 7.2359e+10  136  310 6.8765e+10 7.2359e+10  5.23%  90.8 1071s
 13780  7626 7.2359e+10   50  478 6.8765e+10 7.2359e+10  5.23%  91.0 1075s
 13872  7687 7.2359e+10  129  264 6.8765e+10 7.2359e+10  5.23%  90.7 1080s
 13958  7742 7.2359e+10  213  214 6.8765e+10 7.2359e+10  5.23%  90.2 1085s
 14028  7779 infeasible  275      6.8765e+10 7.2359e+10  5.23%  89.9 1090s
 14097  7757 7.2359e+10  269  173 6.8765e+10 7.2359e+10  5.23%  90.0 1095s
 14170  7800 7.2359e+10  312  210 6.8765e+10 7.2359e+10  5.23%  90.0 1100s
 14215  7812 7.2359e+10  330  164 6.8765e+10 7.2359e+10  5.23%  90.1 1106s
 14265  7821 7.2359e+10  339  166 6.8765e+10 7.2359e+10  5.23%  90.1 1110s
 14339  7834 7.2359e+10  307  245 6.8765e+10 7.2359e+10  5.23%  90.1 1123s
 14354  7844 7.2359e+10  321  155 6.8765e+10 7.2359e+10  5.23%  90.1 1125s
 14414  7866 infeasible  368      6.8765e+10 7.2359e+10  5.23%  89.9 1130s
 14439  7866 7.2359e+10  281  222 6.8765e+10 7.2359e+10  5.23%  90.0 1135s
 14530  7921 7.1284e+10  349  199 6.8765e+10 7.2359e+10  5.23%  89.6 1140s
 14602  7931 7.2359e+10  268  289 6.8765e+10 7.2359e+10  5.23%  89.6 1145s
 14712  7993 7.2359e+10  362  107 6.8765e+10 7.2359e+10  5.23%  89.2 1150s
 14820  8044 7.2359e+10  320  218 6.8765e+10 7.2359e+10  5.23%  89.0 1155s
 14875  8075 7.2359e+10  335  187 6.8765e+10 7.2359e+10  5.23%  88.9 1160s
 14931  8072 7.2359e+10  346  145 6.8765e+10 7.2359e+10  5.23%  88.9 1165s
 14992  8055 7.2359e+10  351  106 6.8765e+10 7.2359e+10  5.23%  88.9 1170s
 15064  8047 7.2359e+10  354  107 6.8765e+10 7.2359e+10  5.23%  89.0 1175s
 15148  8040 7.2359e+10  275  208 6.8765e+10 7.2359e+10  5.23%  88.9 1180s
 15210  8069 7.2359e+10  311  146 6.8765e+10 7.2359e+10  5.23%  88.8 1187s
 15237  8083 7.2359e+10  320  143 6.8765e+10 7.2359e+10  5.23%  88.8 1190s
 15277  8105 7.2350e+10  331  173 6.8765e+10 7.2359e+10  5.23%  88.8 1195s
 15303  8107 infeasible  337      6.8765e+10 7.2359e+10  5.23%  88.7 1355s
 15373  8117 7.2359e+10  289  266 6.8765e+10 7.2359e+10  5.23%  88.7 1360s
 15449  8137 7.0859e+10  332  149 6.8765e+10 7.2359e+10  5.23%  88.6 1365s
 15525  8152 7.0321e+10  363  115 6.8765e+10 7.2359e+10  5.23%  88.3 1370s
 15622  8196 7.2228e+10  338  190 6.8765e+10 7.2359e+10  5.23%  88.1 1376s
 15654  8202 7.2228e+10  342  189 6.8765e+10 7.2359e+10  5.23%  88.3 1380s
 15706  8214 7.1284e+10  289  244 6.8765e+10 7.2359e+10  5.23%  88.3 1385s
 15732  8229 7.1284e+10  314  255 6.8765e+10 7.2359e+10  5.23%  88.2 1390s
 15780  8249 6.9940e+10  353  185 6.8765e+10 7.2359e+10  5.23%  88.0 1395s
 15872  8274 7.2359e+10  295  194 6.8765e+10 7.2359e+10  5.23%  87.8 1400s
 15958  8314 6.9940e+10  348  112 6.8765e+10 7.2359e+10  5.23%  87.6 1405s
 16042  8324 7.2359e+10  285  190 6.8765e+10 7.2359e+10  5.23%  87.5 1410s
 16056  8333 7.2359e+10  293  190 6.8765e+10 7.2359e+10  5.23%  87.4 1415s
 16110  8364 7.2359e+10  337  108 6.8765e+10 7.2359e+10  5.23%  87.3 1420s
 16183  8387 7.1284e+10  289  184 6.8765e+10 7.2359e+10  5.23%  87.3 1425s
 16222  8403 7.1284e+10  321   98 6.8765e+10 7.2359e+10  5.23%  87.2 1430s
 16304  8423 7.2359e+10  289  195 6.8765e+10 7.2359e+10  5.23%  87.1 1435s
 16393  8471 7.1015e+10  349  131 6.8765e+10 7.2359e+10  5.23%  87.0 1440s
 16468  8505 7.2359e+10  119  251 6.8765e+10 7.2359e+10  5.23%  87.1 1449s
 16477  8510 7.2359e+10  128  210 6.8765e+10 7.2359e+10  5.23%  87.1 1450s
 16565  8564 7.2359e+10  209  283 6.8765e+10 7.2359e+10  5.23%  86.9 1455s
 16660  8554 7.2359e+10  259  210 6.8765e+10 7.2359e+10  5.23%  86.9 1460s
 16760  8596 infeasible  342      6.8765e+10 7.2359e+10  5.23%  86.6 1465s
 16827  8581 6.8865e+10  345   41 6.8765e+10 7.2359e+10  5.23%  86.7 1470s
 16843  8575 7.1553e+10  331   54 6.8765e+10 7.2359e+10  5.23%  86.8 1475s
 16914  8563 infeasible  335      6.8765e+10 7.2359e+10  5.23%  86.8 1480s
 16953  8549 7.2359e+10  334   85 6.8765e+10 7.2359e+10  5.23%  86.9 1485s
 16992  8534 infeasible  329      6.8765e+10 7.2359e+10  5.23%  87.3 1490s
 17056  8515 7.1553e+10  325  114 6.8765e+10 7.2359e+10  5.23%  87.6 1495s
 17119  8525 7.2359e+10  274  193 6.8765e+10 7.2359e+10  5.23%  87.7 1500s
 17181  8559 7.2359e+10  321  178 6.8765e+10 7.2359e+10  5.23%  87.6 1505s
 17229  8563 7.2359e+10  253  229 6.8765e+10 7.2359e+10  5.23%  87.6 1510s
 17256  8581 7.2359e+10  270  237 6.8765e+10 7.2359e+10  5.23%  87.6 1515s
 17335  8627 7.2359e+10  320  113 6.8765e+10 7.2359e+10  5.23%  87.5 1520s
 17412  8638 7.2359e+10  331  132 6.8765e+10 7.2359e+10  5.23%  87.4 1525s
 17481  8663 6.9402e+10  371  115 6.8765e+10 7.2359e+10  5.23%  87.3 1530s
 17533  8666 7.1015e+10  337   83 6.8765e+10 7.2359e+10  5.23%  87.4 1545s
 17551  8654 infeasible  338      6.8765e+10 7.2359e+10  5.23%  87.4 1550s
 17594  8662 7.0615e+10  339  166 6.8765e+10 7.2359e+10  5.23%  87.6 1555s
 17653  8651 infeasible  331      6.8765e+10 7.2359e+10  5.23%  87.8 1560s
 17689  8659 7.1821e+10  337  101 6.8765e+10 7.2359e+10  5.23%  87.9 1566s
 17729  8658 7.2359e+10  322  109 6.8765e+10 7.2359e+10  5.23%  88.0 1570s
 17788  8677 7.1015e+10  357   92 6.8765e+10 7.2359e+10  5.23%  88.0 1575s
 17848  8676 7.2359e+10  322  114 6.8765e+10 7.2359e+10  5.23%  88.2 1580s
 17929  8668 7.2359e+10  133  387 6.8765e+10 7.2359e+10  5.23%  88.3 1586s
 17931  8669 7.2359e+10  135  265 6.8765e+10 7.2359e+10  5.23%  88.4 1590s
 17978  8670 7.1284e+10  272  256 6.8765e+10 7.2359e+10  5.23%  88.5 1595s
 18046  8702 6.9940e+10  332   86 6.8765e+10 7.2359e+10  5.23%  88.3 1600s
 18127  8727 7.2359e+10  289  175 6.8765e+10 7.2359e+10  5.23%  88.3 1605s
 18195  8739 7.1284e+10  322   81 6.8765e+10 7.2359e+10  5.23%  88.3 1610s
 18248  8738 7.0477e+10  327   87 6.8765e+10 7.2359e+10  5.23%  88.4 1615s
 18320  8730 7.1821e+10  322  123 6.8765e+10 7.2359e+10  5.23%  88.4 1620s
 18347  8732 7.2359e+10  312  192 6.8765e+10 7.2359e+10  5.23%  88.4 1625s
 18387  8751 7.1553e+10  325  103 6.8765e+10 7.2359e+10  5.23%  88.6 1630s
 18468  8777 7.2359e+10  267  197 6.8765e+10 7.2359e+10  5.23%  88.4 1635s
 18549  8831 7.1284e+10  334  109 6.8765e+10 7.2359e+10  5.23%  88.2 1640s
 18621  8839 7.2359e+10  266  231 6.8765e+10 7.2359e+10  5.23%  88.2 1645s
 18661  8858 7.2359e+10  292  124 6.8765e+10 7.2359e+10  5.23%  88.1 1650s
 18748  8896 7.2320e+10  345  151 6.8765e+10 7.2359e+10  5.23%  87.8 1655s
 18831  8911 7.2359e+10  318  144 6.8765e+10 7.2359e+10  5.23%  87.7 1660s
 18904  8918 7.2359e+10  309  184 6.8765e+10 7.2359e+10  5.23%  87.7 1665s
 18947  8922 7.2359e+10  312  141 6.8765e+10 7.2359e+10  5.23%  87.8 1670s
 18998  8934 7.1821e+10  339   81 6.8765e+10 7.2359e+10  5.23%  87.7 1677s
 19030  8934 infeasible  350      6.8765e+10 7.2359e+10  5.23%  87.7 1680s
 19071  8920 7.2359e+10   60  498 6.8765e+10 7.2359e+10  5.23%  88.0 1685s
 19150  8973 7.2359e+10  132  224 6.8765e+10 7.2359e+10  5.23%  87.9 1690s
 19224  9022 7.2359e+10  198  190 6.8765e+10 7.2359e+10  5.23%  87.8 1695s
 19245  9036 7.2359e+10  216  200 6.8765e+10 7.2359e+10  5.23%  87.8 1701s
 19276  9048 6.9389e+10  232  157 6.8765e+10 7.2359e+10  5.23%  87.8 1705s
 19285  9048 7.2359e+10  232  142 6.8765e+10 7.2359e+10  5.23%  87.8 1710s
 19331  9048 7.1660e+10  255  269 6.8765e+10 7.2359e+10  5.23%  88.0 1715s
 19429  9106 7.1284e+10  333  108 6.8765e+10 7.2359e+10  5.23%  87.7 1720s
 19501  9126 7.1284e+10  324  178 6.8765e+10 7.2359e+10  5.23%  87.7 1725s
 19563  9136 7.2359e+10  312  145 6.8765e+10 7.2359e+10  5.23%  87.7 1730s
 19603  9158 7.1821e+10  333  132 6.8765e+10 7.2359e+10  5.23%  87.7 1735s
 19632  9165 infeasible  346      6.8765e+10 7.2359e+10  5.23%  87.8 1740s
 19649  9156 7.2359e+10  240  277 6.8765e+10 7.2359e+10  5.23%  87.8 1747s
 19690  9184 7.2359e+10  271  181 6.8765e+10 7.2359e+10  5.23%  87.7 1750s
 19756  9222 7.2359e+10  311  122 6.8765e+10 7.2359e+10  5.23%  87.6 1755s
 19824  9235 7.1284e+10  250  223 6.8765e+10 7.2359e+10  5.23%  87.5 1760s
 19895  9276 7.1284e+10  298  105 6.8765e+10 7.2359e+10  5.23%  87.4 1765s
 19972  9301 7.0746e+10  353   66 6.8765e+10 7.2359e+10  5.23%  87.2 1774s
 19987  9289 infeasible  339      6.8765e+10 7.2359e+10  5.23%  87.2 1775s
 20057  9305     cutoff  352      6.8765e+10 7.2359e+10  5.23%  87.2 1780s
 20126  9305 7.2359e+10  301  164 6.8765e+10 7.2359e+10  5.23%  87.2 1785s
 20181  9318 7.2359e+10  301  241 6.8765e+10 7.2359e+10  5.23%  87.2 1792s
 20213  9333 7.1284e+10  317  121 6.8765e+10 7.2359e+10  5.23%  87.2 1795s
 20274  9324 7.2359e+10  134  335 6.8765e+10 7.2359e+10  5.23%  87.4 1800s
 20348  9345 infeasible  289      6.8765e+10 7.2359e+10  5.23%  87.4 1805s
 20404  9377 7.2359e+10  282  144 6.8765e+10 7.2359e+10  5.23%  87.3 1810s
 20481  9404 7.1284e+10  337  125 6.8765e+10 7.2359e+10  5.23%  87.1 1815s
 20526  9422 7.2359e+10  320  116 6.8765e+10 7.2359e+10  5.23%  87.1 1822s
 20577  9428 infeasible  353      6.8765e+10 7.2359e+10  5.23%  87.1 1825s
 20641  9383 7.1284e+10  322  116 6.8765e+10 7.2359e+10  5.23%  87.4 1830s
 20699  9394 7.2359e+10  304  148 6.8765e+10 7.2359e+10  5.23%  87.6 1835s
 20709  9401 7.2350e+10  310  172 6.8765e+10 7.2359e+10  5.23%  87.6 1844s
 20717  9404 7.2359e+10  314  125 6.8765e+10 7.2359e+10  5.23%  87.7 1845s
 20786  9410 7.2359e+10  311  144 6.8765e+10 7.2359e+10  5.23%  87.7 1850s
 20834  9413 7.1015e+10  358  148 6.8765e+10 7.2359e+10  5.23%  87.8 1855s
 20868  9416 6.9940e+10  369  118 6.8765e+10 7.2359e+10  5.23%  87.8 1861s
 20918  9432 7.2359e+10  269  198 6.8765e+10 7.2359e+10  5.23%  87.9 1865s
 20964  9461 7.1284e+10  289  185 6.8765e+10 7.2359e+10  5.23%  87.9 1870s
 21025  9477 7.0746e+10  331  103 6.8765e+10 7.2359e+10  5.23%  87.9 1878s
 21043  9478 7.2261e+10  303  182 6.8765e+10 7.2359e+10  5.23%  88.0 1880s
 21113  9494 7.2359e+10  236  284 6.8765e+10 7.2359e+10  5.23%  87.9 1885s
 21190  9544 7.2359e+10  302  116 6.8765e+10 7.2359e+10  5.23%  87.7 1890s
 21267  9569 7.2359e+10  303  159 6.8765e+10 7.2359e+10  5.23%  87.7 1895s
 21327  9589 infeasible  335      6.8765e+10 7.2359e+10  5.23%  87.7 1900s
 21385  9585 7.2359e+10  303  123 6.8765e+10 7.2359e+10  5.23%  87.7 1906s
 21436  9599 7.2359e+10  331   88 6.8765e+10 7.2359e+10  5.23%  87.6 1910s
 21490  9594 7.2359e+10   57  678 6.8765e+10 7.2359e+10  5.23%  87.9 1915s
 21554  9635 7.2359e+10  118  251 6.8765e+10 7.2359e+10  5.23%  87.9 1920s
 21642  9692 7.2359e+10  196  146 6.8765e+10 7.2359e+10  5.23%  87.7 1925s
 21669  9700 7.2359e+10  212  138 6.8765e+10 7.2359e+10  5.23%  87.7 1930s
 21713  9695 7.2359e+10  140  241 6.8765e+10 7.2359e+10  5.23%  87.9 1935s
 21791  9694 7.2359e+10  290  206 6.8765e+10 7.2359e+10  5.23%  87.9 1940s
 21841  9702 infeasible  313      6.8765e+10 7.2359e+10  5.23%  88.1 1945s
 21919  9742 7.2359e+10  277  138 6.8765e+10 7.2359e+10  5.23%  88.1 1953s
 21921  9743 7.2359e+10  279  146 6.8765e+10 7.2359e+10  5.23%  88.0 1959s
 21928  9747 7.1284e+10  285  140 6.8765e+10 7.2359e+10  5.23%  88.0 1960s
 21936  9752 7.1284e+10  287  164 6.8765e+10 7.2359e+10  5.23%  88.0 1968s
 21949  9759 7.2359e+10  294  163 6.8765e+10 7.2359e+10  5.23%  88.0 1970s
 21974  9771 7.2359e+10  313  141 6.8765e+10 7.2359e+10  5.23%  88.0 1976s
 22011  9786 infeasible  335      6.8765e+10 7.2359e+10  5.23%  88.0 1980s
 22064  9777 infeasible  304      6.8765e+10 7.2359e+10  5.23%  88.1 1985s
 22124  9781 7.2359e+10  355  188 6.8765e+10 7.2359e+10  5.23%  88.1 1990s
 22141  9780 7.1015e+10  359  150 6.8765e+10 7.2359e+10  5.23%  88.1 1995s
 22200  9771 infeasible  368      6.8765e+10 7.2359e+10  5.23%  88.1 2000s
 22266  9760 7.1015e+10  385  104 6.8765e+10 7.2359e+10  5.23%  88.0 2005s
 22322  9766 infeasible  317      6.8765e+10 7.2359e+10  5.23%  88.2 2010s
 22374  9773 7.1553e+10  308   90 6.8765e+10 7.2359e+10  5.23%  88.2 2015s
 22436  9794 7.2359e+10  258  135 6.8765e+10 7.2359e+10  5.23%  88.2 2022s
 22469  9809 7.2359e+10  272  130 6.8765e+10 7.2359e+10  5.23%  88.1 2025s
 22540  9841 infeasible  316      6.8765e+10 7.2359e+10  5.23%  88.1 2030s
 22601  9864 7.2359e+10  322   51 6.8765e+10 7.2359e+10  5.23%  88.2 2035s
 22665  9852 7.2359e+10  131  493 6.8765e+10 7.2359e+10  5.23%  88.4 2040s
 22672  9849 7.2359e+10  354  171 6.8765e+10 7.2359e+10  5.23%  88.6 2048s
 22691  9849 7.1015e+10  358  125 6.8765e+10 7.2359e+10  5.23%  88.6 2050s
 22765  9866 7.1284e+10  276  239 6.8765e+10 7.2359e+10  5.23%  88.5 2055s
 22819  9880 7.2359e+10  299  125 6.8765e+10 7.2359e+10  5.23%  88.6 2060s
 22877  9888 7.2359e+10  293  175 6.8765e+10 7.2359e+10  5.23%  88.6 2065s
 22931  9904 7.2359e+10  233  256 6.8765e+10 7.2359e+10  5.23%  88.7 2070s
 22950  9917 7.2359e+10  240  216 6.8765e+10 7.2359e+10  5.23%  88.8 2079s
 22956  9921 7.2359e+10  241  216 6.8765e+10 7.2359e+10  5.23%  88.8 2080s
 23018  9958 7.1284e+10  259  174 6.8765e+10 7.2359e+10  5.23%  88.7 2085s
 23087  9988 7.1284e+10  276  128 6.8765e+10 7.2359e+10  5.23%  88.6 2090s
 23155  9982 7.2359e+10  289  242 6.8765e+10 7.2359e+10  5.23%  88.6 2098s
 23173  9990 infeasible  301      6.8765e+10 7.2359e+10  5.23%  88.6 2100s
 23237  9994 infeasible  331      6.8765e+10 7.2359e+10  5.23%  88.5 2105s
 23295  9993 7.2359e+10  353  181 6.8765e+10 7.2359e+10  5.23%  88.7 2110s
 23354  9980 infeasible  297      6.8765e+10 7.2359e+10  5.23%  88.8 2115s
 23408 10006 7.0646e+10  313   98 6.8765e+10 7.2359e+10  5.23%  88.8 2120s
 23443 10002 7.1553e+10  285   94 6.8765e+10 7.2359e+10  5.23%  89.0 2125s
 23499  9999 infeasible  305      6.8765e+10 7.2359e+10  5.23%  89.1 2130s
 23545 10004 6.9402e+10  309   81 6.8765e+10 7.2359e+10  5.23%  89.1 2136s
 23586 10017 7.2359e+10   78  221 6.8765e+10 7.2359e+10  5.23%  89.3 2140s
 23672 10071 7.2359e+10  147  221 6.8765e+10 7.2359e+10  5.23%  89.2 2145s
 23738 10080 6.9940e+10  356  115 6.8765e+10 7.2359e+10  5.23%  89.1 2150s
 23781 10070 7.0209e+10  299   81 6.8765e+10 7.2359e+10  5.23%  89.3 2155s
 23818 10065 7.1284e+10  302  163 6.8765e+10 7.2359e+10  5.23%  89.3 2160s
 23880 10069 7.1284e+10  302  157 6.8765e+10 7.2359e+10  5.23%  89.3 2165s
 23939 10071 7.1821e+10  302  106 6.8765e+10 7.2359e+10  5.23%  89.3 2170s
 23961 10062 7.1821e+10  303   84 6.8765e+10 7.2359e+10  5.23%  89.3 2175s
 23983 10064 7.2359e+10  294  101 6.8765e+10 7.2359e+10  5.23%  89.3 2187s
 24009 10064 7.0955e+10  299  129 6.8765e+10 7.2359e+10  5.23%  89.3 2190s
 24072 10072 7.2359e+10  304  143 6.8765e+10 7.2359e+10  5.23%  89.3 2195s
 24138 10089 7.1821e+10  301  127 6.8765e+10 7.2359e+10  5.23%  89.3 2202s
 24162 10084 7.1491e+10  296  170 6.8765e+10 7.2359e+10  5.23%  89.3 2205s
 24220 10099 7.1284e+10  296  137 6.8765e+10 7.2359e+10  5.23%  89.4 2210s
 24267 10110 7.1284e+10  304  134 6.8765e+10 7.2359e+10  5.23%  89.5 2215s
 24332 10127 7.0746e+10  317   69 6.8765e+10 7.2359e+10  5.23%  89.4 2220s
 24405 10110 infeasible  314      6.8765e+10 7.2359e+10  5.23%  89.3 2225s
 24450 10098 7.2359e+10  293  142 6.8765e+10 7.2359e+10  5.23%  89.3 2231s
 24484 10099 7.2355e+10  290  166 6.8765e+10 7.2359e+10  5.23%  89.3 2235s
 24538 10099 infeasible  301      6.8765e+10 7.2359e+10  5.23%  89.4 2240s
 24608 10096 7.2359e+10  305   81 6.8765e+10 7.2359e+10  5.23%  89.5 2245s
 24685 10105 7.0377e+10  307   78 6.8765e+10 7.2359e+10  5.23%  89.5 2250s
 24703 10094 7.1284e+10  304  205 6.8765e+10 7.2359e+10  5.23%  89.6 2256s
 24742 10108 6.9940e+10  326   89 6.8765e+10 7.2359e+10  5.23%  89.6 2260s
 24810 10122 7.1284e+10  307  153 6.8765e+10 7.2359e+10  5.23%  89.5 2265s
 24860 10134 7.2359e+10  302  183 6.8765e+10 7.2359e+10  5.23%  89.5 2270s
 24936 10123 infeasible  293      6.8765e+10 7.2359e+10  5.23%  89.5 2275s
 25010 10121 7.2359e+10  304  154 6.8765e+10 7.2359e+10  5.23%  89.4 2280s
 25081 10128 7.2359e+10  289  181 6.8765e+10 7.2359e+10  5.23%  89.4 2285s
 25137 10134 7.1284e+10  301  128 6.8765e+10 7.2359e+10  5.23%  89.5 2290s
 25194 10134 6.9671e+10  312   73 6.8765e+10 7.2359e+10  5.23%  89.4 2295s
 25236 10134 7.2359e+10  296  187 6.8765e+10 7.2359e+10  5.23%  89.4 2300s
 25283 10149 7.2359e+10  294  167 6.8765e+10 7.2359e+10  5.23%  89.4 2305s
 25345 10149 6.9798e+10  301  287 6.8765e+10 7.2359e+10  5.23%  89.4 2310s
 25394 10155 7.2350e+10  298  206 6.8765e+10 7.2359e+10  5.23%  89.4 2318s
 25405 10160 7.2359e+10  299  126 6.8765e+10 7.2359e+10  5.23%  89.4 2320s
 25471 10182 7.2359e+10  295  162 6.8765e+10 7.2359e+10  5.23%  89.4 2325s
 25510 10191 7.1284e+10  314   80 6.8765e+10 7.2359e+10  5.23%  89.4 2330s
 25571 10198 7.0634e+10  302  234 6.8765e+10 7.2359e+10  5.23%  89.4 2335s
 25631 10203 7.1284e+10  302  141 6.8765e+10 7.2359e+10  5.23%  89.5 2340s
 25675 10215 7.1284e+10  313  141 6.8765e+10 7.2359e+10  5.23%  89.6 2345s
 25691 10211 7.1284e+10  316  146 6.8765e+10 7.2359e+10  5.23%  89.6 2352s
 25692 10212 7.1284e+10  317  146 6.8765e+10 7.2359e+10  5.23%  89.6 2358s
 25709 10215 7.1284e+10  300  166 6.8765e+10 7.2359e+10  5.23%  89.6 2360s
 25761 10228     cutoff  327      6.8765e+10 7.2359e+10  5.23%  89.6 2365s
 25813 10221 7.1821e+10  302  120 6.8765e+10 7.2359e+10  5.23%  89.7 2370s
 25871 10205 infeasible  310      6.8765e+10 7.2359e+10  5.23%  89.8 2375s
 25919 10204 7.1015e+10  312  110 6.8765e+10 7.2359e+10  5.23%  89.9 2380s
 25986 10195 7.2359e+10  306  139 6.8765e+10 7.2359e+10  5.23%  89.9 2385s
 26057 10196 7.1015e+10  308  127 6.8765e+10 7.2359e+10  5.23%  89.9 2390s
 26130 10207 7.0733e+10  307  236 6.8765e+10 7.2359e+10  5.23%  89.8 2398s
 26150 10202 7.0746e+10  309  129 6.8765e+10 7.2359e+10  5.23%  89.9 2400s
 26197 10192 7.2359e+10  302  116 6.8765e+10 7.2359e+10  5.23%  89.9 2405s
 26260 10200 7.1015e+10  307  108 6.8765e+10 7.2359e+10  5.23%  90.0 2410s
 26299 10192 7.2359e+10  139  294 6.8765e+10 7.2359e+10  5.23%  90.1 2415s
 26370 10160 7.2359e+10  228  264 6.8765e+10 7.2359e+10  5.23%  90.3 2423s
 26387 10171 7.2359e+10  243  189 6.8765e+10 7.2359e+10  5.23%  90.3 2425s
 26450 10205 infeasible  288      6.8765e+10 7.2359e+10  5.23%  90.2 2430s
 26532 10212 7.2359e+10  281  284 6.8765e+10 7.2359e+10  5.23%  90.1 2435s
 26571 10232 7.0209e+10  311  104 6.8765e+10 7.2359e+10  5.23%  90.1 2442s
 26600 10245 infeasible  333      6.8765e+10 7.2359e+10  5.23%  90.0 2445s
 26674 10268 7.0477e+10  307   94 6.8765e+10 7.2359e+10  5.23%  90.0 2450s
 26732 10270 7.2359e+10  230  346 6.8765e+10 7.2359e+10  5.23%  90.1 2455s
 26780 10302 7.2359e+10  258  188 6.8765e+10 7.2359e+10  5.23%  90.0 2461s
 26825 10332 7.2359e+10  283  191 6.8765e+10 7.2359e+10  5.23%  90.0 2465s
 26856 10349 7.0746e+10  302  123 6.8765e+10 7.2359e+10  5.23%  90.0 2470s
 26917 10358 7.1821e+10  287  170 6.8765e+10 7.2359e+10  5.23%  90.0 2475s
 26939 10372 7.2358e+10  300  197 6.8765e+10 7.2359e+10  5.23%  90.0 2480s
 26971 10383 6.9396e+10  310  245 6.8765e+10 7.2359e+10  5.23%  90.0 2485s
 27040 10380 6.9840e+10  300   66 6.8765e+10 7.2359e+10  5.23%  90.0 2490s
 27098 10410 7.2359e+10  265  220 6.8765e+10 7.2359e+10  5.23%  90.0 2495s
 27184 10452 7.1015e+10  315  134 6.8765e+10 7.2359e+10  5.23%  89.8 2500s
 27206 10448 7.2359e+10  277  294 6.8765e+10 7.2359e+10  5.23%  89.8 2506s
 27207 10449 7.2359e+10  278  218 6.8765e+10 7.2359e+10  5.23%  89.8 2517s
 27237 10469 7.2359e+10  302  170 6.8765e+10 7.2359e+10  5.23%  89.8 2520s
 27300 10473 7.2359e+10  290  199 6.8765e+10 7.2359e+10  5.23%  89.8 2525s
 27367 10510 7.2359e+10  342   80 6.8765e+10 7.2359e+10  5.23%  89.7 2530s
 27442 10516 7.2359e+10  230  240 6.8765e+10 7.2359e+10  5.23%  89.7 2535s
 27511 10558 7.2359e+10  287  162 6.8765e+10 7.2359e+10  5.23%  89.6 2540s
 27569 10572 7.2359e+10  281  223 6.8765e+10 7.2359e+10  5.23%  89.6 2545s
 27590 10582 7.1284e+10  293  163 6.8765e+10 7.2359e+10  5.23%  89.6 2550s
 27646 10596 7.2359e+10  303  149 6.8765e+10 7.2359e+10  5.23%  89.6 2555s
 27681 10592 7.2359e+10  130  471 6.8765e+10 7.2359e+10  5.23%  89.8 2560s
 27728 10591 7.2359e+10  226  350 6.8765e+10 7.2359e+10  5.23%  90.0 2565s
 27774 10618 7.2359e+10  256  229 6.8765e+10 7.2359e+10  5.23%  90.0 2570s
 27815 10623 7.2359e+10  287  198 6.8765e+10 7.2359e+10  5.23%  90.0 2575s
H27843 10084                    6.973980e+10 7.2359e+10  3.76%  90.0 2578s
 27863 10081 infeasible  265      6.9740e+10 7.2359e+10  3.76%  90.1 2580s
 27912 10083 7.1284e+10  295   65 6.9740e+10 7.2359e+10  3.76%  90.2 2585s
 27953 10072 7.2359e+10  262  145 6.9740e+10 7.2359e+10  3.76%  90.3 2590s
 28012 10108 7.2359e+10  264  159 6.9740e+10 7.2359e+10  3.76%  90.2 2595s
 28039 10133 7.2359e+10  286  161 6.9740e+10 7.2359e+10  3.76%  90.2 2600s
 28096 10185 7.1284e+10  315  104 6.9740e+10 7.2359e+10  3.76%  90.1 2605s
 28165 10214 7.1284e+10  298  136 6.9740e+10 7.2359e+10  3.76%  90.1 2610s
 28227 10250 7.2359e+10  289  173 6.9740e+10 7.2359e+10  3.76%  90.1 2615s
 28307 10312 7.1284e+10  339  109 6.9740e+10 7.2359e+10  3.76%  90.0 2620s
 28333 10315 7.2359e+10  138  300 6.9740e+10 7.2359e+10  3.76%  90.0 2626s
 28385 10367 7.2359e+10  185  155 6.9740e+10 7.2359e+10  3.76%  89.9 2630s
 28518 10388 7.2359e+10  122  235 6.9740e+10 7.2359e+10  3.76%  89.8 2635s
 28584 10448 7.2359e+10  142  153 6.9740e+10 7.2359e+10  3.76%  89.7 2640s
 28681 10529 7.2359e+10  172  161 6.9740e+10 7.2359e+10  3.76%  89.5 2645s
 28738 10580 7.2359e+10  211  148 6.9740e+10 7.2359e+10  3.76%  89.5 2650s
 28784 10560 7.2359e+10  201  181 6.9740e+10 7.2359e+10  3.76%  89.8 2655s
 28816 10552 infeasible  196      6.9740e+10 7.2359e+10  3.76%  90.1 2660s
 28835 10551 7.2359e+10  193  169 6.9740e+10 7.2359e+10  3.76%  90.0 2666s
 28879 10563 7.2359e+10  207  125 6.9740e+10 7.2359e+10  3.76%  90.0 2673s
 28892 10556 infeasible  201      6.9740e+10 7.2359e+10  3.76%  90.1 2675s
 28928 10546 7.2359e+10  189  211 6.9740e+10 7.2359e+10  3.76%  90.3 2680s
 28996 10562 7.2359e+10  203  108 6.9740e+10 7.2359e+10  3.76%  90.3 2685s
 29048 10548 infeasible  196      6.9740e+10 7.2359e+10  3.76%  90.3 2690s
 29105 10551 infeasible  204      6.9740e+10 7.2359e+10  3.76%  90.4 2695s
 29165 10553 7.2359e+10  201  194 6.9740e+10 7.2359e+10  3.76%  90.4 2700s
 29207 10559 7.2359e+10  215  152 6.9740e+10 7.2359e+10  3.76%  90.4 2707s
 29222 10548 7.2359e+10  198  198 6.9740e+10 7.2359e+10  3.76%  90.5 2710s
 29279 10567 7.2359e+10  208  129 6.9740e+10 7.2359e+10  3.76%  90.5 2715s
 29332 10544 infeasible  196      6.9740e+10 7.2359e+10  3.76%  90.6 2720s
 29389 10547 7.2359e+10   97  234 6.9740e+10 7.2359e+10  3.76%  90.7 2725s
 29471 10615 7.2359e+10  148  185 6.9740e+10 7.2359e+10  3.76%  90.6 2730s
 29561 10685 7.2359e+10  138  184 6.9740e+10 7.2359e+10  3.76%  90.6 2735s
 29636 10740 7.2359e+10  191  150 6.9740e+10 7.2359e+10  3.76%  90.6 2740s
 29660 10748 7.2359e+10  204  137 6.9740e+10 7.2359e+10  3.76%  90.7 2753s
 29672 10752 7.2359e+10  210  176 6.9740e+10 7.2359e+10  3.76%  90.7 2755s
 29680 10748 7.2359e+10   92  263 6.9740e+10 7.2359e+10  3.76%  90.8 2761s
 29742 10810 7.2359e+10  139  236 6.9740e+10 7.2359e+10  3.76%  90.8 2765s
 29830 10888 7.2359e+10  211  128 6.9740e+10 7.2359e+10  3.76%  90.6 2770s
 29919 10855 7.2359e+10  185  154 6.9740e+10 7.2359e+10  3.76%  90.6 2775s
 29977 10887 infeasible  208      6.9740e+10 7.2359e+10  3.76%  90.6 2780s
 30024 10892 infeasible  191      6.9740e+10 7.2359e+10  3.76%  90.7 2785s
 30065 10895 infeasible  196      6.9740e+10 7.2359e+10  3.76%  90.9 2790s
 30102 10894 7.2359e+10  189  155 6.9740e+10 7.2359e+10  3.76%  91.1 2795s
 30105 10897 7.2359e+10  192  151 6.9740e+10 7.2359e+10  3.76%  91.1 2800s
 30149 10905 7.2359e+10  202  151 6.9740e+10 7.2359e+10  3.76%  91.1 2805s
 30195 10916 infeasible  215      6.9740e+10 7.2359e+10  3.76%  91.2 2810s
 30249 10914 infeasible  219      6.9740e+10 7.2359e+10  3.76%  91.2 2815s
 30288 10907 infeasible  207      6.9740e+10 7.2359e+10  3.76%  91.4 2820s
 30349 10910 7.2359e+10  216  119 6.9740e+10 7.2359e+10  3.76%  91.4 2825s
 30426 10948 infeasible  119      6.9740e+10 7.2359e+10  3.76%  91.4 2830s
 30531 11051 7.2359e+10  204  167 6.9740e+10 7.2359e+10  3.76%  91.2 2835s
 30570 11086 7.2359e+10  230  178 6.9740e+10 7.2359e+10  3.76%  91.1 2842s
 30588 11084 7.2359e+10   89  634 6.9740e+10 7.2359e+10  3.76%  91.3 2846s
 30607 11100 7.1284e+10  338   35 6.9740e+10 7.2359e+10  3.76%  91.3 2858s
 30611 11103 7.0321e+10  347  161 6.9740e+10 7.2359e+10  3.76%  91.3 2860s
 30622 11110 7.1284e+10  302   25 6.9740e+10 7.2359e+10  3.76%  91.2 2865s
 30631 11118 7.2359e+10   42   26 6.9740e+10 7.2359e+10  3.76%  92.7 2873s
 30668 11141 7.2359e+10   61  396 6.9740e+10 7.2359e+10  3.76%  92.7 2875s
 30730 11176 7.2359e+10   91  283 6.9740e+10 7.2359e+10  3.76%  92.7 2880s
 30780 11195 7.2359e+10   53  484 6.9740e+10 7.2359e+10  3.76%  92.7 2885s
 30877 11239 7.2359e+10  101  309 6.9740e+10 7.2359e+10  3.76%  92.6 2890s
 30979 11226 7.2359e+10  129  198 6.9740e+10 7.2359e+10  3.76%  92.5 2895s
 31017 11217 infeasible  135      6.9740e+10 7.2359e+10  3.76%  92.5 2900s
 31059 11231 7.2359e+10  153  160 6.9740e+10 7.2359e+10  3.76%  92.5 2905s
 31110 11227 7.2359e+10  168   92 6.9740e+10 7.2359e+10  3.76%  92.6 2912s
 31136 11215 7.2359e+10  164   97 6.9740e+10 7.2359e+10  3.76%  92.8 2915s
 31166 11199 7.2359e+10  158  187 6.9740e+10 7.2359e+10  3.76%  92.9 2921s
 31185 11189 infeasible  158      6.9740e+10 7.2359e+10  3.76%  93.0 2925s
 31265 11157 7.2359e+10  149  105 6.9740e+10 7.2359e+10  3.76%  93.2 2930s
 31329 11145 7.2359e+10  146   87 6.9740e+10 7.2359e+10  3.76%  93.5 2935s
 31390 11122 infeasible  155      6.9740e+10 7.2359e+10  3.76%  93.5 2940s
 31527 11065 infeasible  151      6.9740e+10 7.2359e+10  3.76%  93.3 2945s
 31561 11050 7.2359e+10  143   94 6.9740e+10 7.2359e+10  3.76%  93.4 2950s
 31643 11035 7.2359e+10  147   66 6.9740e+10 7.2359e+10  3.76%  93.4 2955s
 31740 11003 infeasible  152      6.9740e+10 7.2359e+10  3.76%  93.4 2960s
 31800 10989 7.2359e+10  144  165 6.9740e+10 7.2359e+10  3.76%  93.6 2965s
 31842 10987 7.2359e+10  162  125 6.9740e+10 7.2359e+10  3.76%  93.6 2971s
 31880 10990 7.2359e+10  181   59 6.9740e+10 7.2359e+10  3.76%  93.5 2975s
 32014 10959 7.2359e+10  186   50 6.9740e+10 7.2359e+10  3.76%  93.4 2980s
 32148 10915 7.2359e+10   45  532 6.9740e+10 7.2359e+10  3.76%  93.3 2985s
 32227 10968 7.2359e+10  118  411 6.9740e+10 7.2359e+10  3.76%  93.3 2990s
 32306 11021 7.2359e+10  195  329 6.9740e+10 7.2359e+10  3.76%  93.1 2995s
 32318 11029 7.2359e+10  207  370 6.9740e+10 7.2359e+10  3.76%  93.0 3001s
 32373 11065 7.2359e+10  262  257 6.9740e+10 7.2359e+10  3.76%  92.9 3005s
 32402 11085 7.2359e+10  289  218 6.9740e+10 7.2359e+10  3.76%  92.8 3010s
 32478 11113 7.2359e+10   75  120 6.9740e+10 7.2359e+10  3.76%  92.8 3015s
 32578 11180 7.2359e+10  169  225 6.9740e+10 7.2359e+10  3.76%  92.7 3020s
 32657 11233 7.2359e+10  247  307 6.9740e+10 7.2359e+10  3.76%  92.5 3026s
 32708 11267 7.2359e+10  296  271 6.9740e+10 7.2359e+10  3.76%  92.3 3030s
 32796 11325 7.2359e+10  381  156 6.9740e+10 7.2359e+10  3.76%  92.1 3035s
 32864 11337 7.2359e+10   62  482 6.9740e+10 7.2359e+10  3.76%  92.2 3040s
 32945 11391 7.2359e+10  143  383 6.9740e+10 7.2359e+10  3.76%  92.0 3045s
 33027 11445 7.2359e+10  224  316 6.9740e+10 7.2359e+10  3.76%  91.8 3050s
 33064 11470 7.2359e+10  261  280 6.9740e+10 7.2359e+10  3.76%  91.7 3055s
 33150 11527 7.2359e+10  345  253 6.9740e+10 7.2359e+10  3.76%  91.5 3060s
 33232 11582 7.2359e+10  427  228 6.9740e+10 7.2359e+10  3.76%  91.3 3065s
 33290 11609 7.0919e+10  474  188 6.9740e+10 7.2359e+10  3.76%  91.2 3070s
 33345 11641 7.0916e+10  510  139 6.9740e+10 7.2359e+10  3.76%  91.1 3075s
 33386 11650 7.0494e+10  528  104 6.9740e+10 7.2359e+10  3.76%  91.0 3080s
 33412 11649 7.2359e+10   67  481 6.9740e+10 7.2359e+10  3.76%  91.2 3085s
 33479 11694 7.2359e+10  131  455 6.9740e+10 7.2359e+10  3.76%  91.1 3090s
 33566 11748 7.2359e+10  208  298 6.9740e+10 7.2359e+10  3.76%  90.9 3095s
 33629 11790 7.2359e+10  271  231 6.9740e+10 7.2359e+10  3.76%  90.8 3105s
 33685 11823 7.2359e+10  322  174 6.9740e+10 7.2359e+10  3.76%  90.7 3110s
 33710 11828 7.2359e+10   82  418 6.9740e+10 7.2359e+10  3.76%  90.7 3115s
 33761 11862 7.2359e+10  100  255 6.9740e+10 7.2359e+10  3.76%  90.7 3120s
 33813 11886 7.2359e+10  121  250 6.9740e+10 7.2359e+10  3.76%  90.7 3125s
 33880 11837 infeasible  112      6.9740e+10 7.2359e+10  3.76%  91.1 3130s
 33939 11843 infeasible  112      6.9740e+10 7.2359e+10  3.76%  91.2 3135s
 34014 11849 7.2359e+10  147  179 6.9740e+10 7.2359e+10  3.76%  91.2 3140s
 34080 11815 7.2359e+10  132  170 6.9740e+10 7.2359e+10  3.76%  91.4 3145s
 34114 11822 7.2359e+10  130  143 6.9740e+10 7.2359e+10  3.76%  91.4 3150s
 34178 11823 infeasible  152      6.9740e+10 7.2359e+10  3.76%  91.4 3155s
 34245 11835 7.2359e+10   75  351 6.9740e+10 7.2359e+10  3.76%  91.4 3160s
 34249 11838 7.2359e+10   79  353 6.9740e+10 7.2359e+10  3.76%  91.4 3170s
 34277 11857 7.2359e+10  102  309 6.9740e+10 7.2359e+10  3.76%  91.3 3175s
 34342 11900 7.2359e+10  127  339 6.9740e+10 7.2359e+10  3.76%  91.4 3180s
 34410 11945 7.2359e+10  155  307 6.9740e+10 7.2359e+10  3.76%  91.4 3185s
 34469 11981 7.2359e+10  173  207 6.9740e+10 7.2359e+10  3.76%  91.4 3190s
 34520 12015 7.2359e+10  191  166 6.9740e+10 7.2359e+10  3.76%  91.4 3195s
 34552 12030 7.2359e+10  197  179 6.9740e+10 7.2359e+10  3.76%  91.4 3202s
 34580 12045 7.2359e+10  207  154 6.9740e+10 7.2359e+10  3.76%  91.4 3205s
 34651 12021 7.2359e+10  144  120 6.9740e+10 7.2359e+10  3.76%  91.5 3210s
 34740 12029 infeasible  184      6.9740e+10 7.2359e+10  3.76%  91.4 3215s
 34817 12028 infeasible  161      6.9740e+10 7.2359e+10  3.76%  91.3 3220s
 34822 12027 7.2359e+10  245  303 6.9740e+10 7.2359e+10  3.76%  91.3 3225s
 34885 12069 7.2359e+10  300  162 6.9740e+10 7.2359e+10  3.76%  91.3 3230s
 34947 12050 7.2359e+10  307  111 6.9740e+10 7.2359e+10  3.76%  91.3 3235s
 35024 12045 7.2359e+10  244  271 6.9740e+10 7.2359e+10  3.76%  91.3 3240s
 35086 12086 7.2359e+10  306  152 6.9740e+10 7.2359e+10  3.76%  91.2 3245s
 35145 12083 infeasible  328      6.9740e+10 7.2359e+10  3.76%  91.2 3250s
 35174 12103 7.2359e+10  129  425 6.9740e+10 7.2359e+10  3.76%  91.4 3255s
 35227 12138 7.2359e+10  145  300 6.9740e+10 7.2359e+10  3.76%  91.4 3260s
 35244 12147 7.2359e+10  152  252 6.9740e+10 7.2359e+10  3.76%  91.4 3265s
 35287 12176 7.2359e+10  161  240 6.9740e+10 7.2359e+10  3.76%  91.4 3270s
 35340 12203 7.2359e+10  179  200 6.9740e+10 7.2359e+10  3.76%  91.3 3275s
 35396 12191 7.2359e+10  193  162 6.9740e+10 7.2359e+10  3.76%  91.3 3280s
 35435 12171 7.2359e+10  183  167 6.9740e+10 7.2359e+10  3.76%  91.5 3285s
 35466 12177 7.2359e+10  203  129 6.9740e+10 7.2359e+10  3.76%  91.5 3291s
 35500 12172 7.2359e+10  189  166 6.9740e+10 7.2359e+10  3.76%  91.5 3295s
 35570 12139 infeasible  183      6.9740e+10 7.2359e+10  3.76%  91.4 3300s
 35605 12104 infeasible  177      6.9740e+10 7.2359e+10  3.76%  91.6 3305s
 35629 12094 7.2359e+10  178  211 6.9740e+10 7.2359e+10  3.76%  91.8 3313s
 35645 12087 7.2359e+10  178  240 6.9740e+10 7.2359e+10  3.76%  91.8 3315s
 35677 12100 7.2359e+10  198  156 6.9740e+10 7.2359e+10  3.76%  91.8 3320s
 35711 12077 infeasible  190      6.9740e+10 7.2359e+10  3.76%  91.9 3325s
 35774 12057 infeasible  197      6.9740e+10 7.2359e+10  3.76%  91.9 3330s
 35811 12027 infeasible  177      6.9740e+10 7.2359e+10  3.76%  92.0 3335s
 35853 12017 7.2359e+10  177  199 6.9740e+10 7.2359e+10  3.76%  92.0 3342s
 35876 12007 infeasible  178      6.9740e+10 7.2359e+10  3.76%  92.0 3345s
 35916 11989 7.2359e+10  174  225 6.9740e+10 7.2359e+10  3.76%  92.1 3350s
 35955 11989 7.2359e+10  189  170 6.9740e+10 7.2359e+10  3.76%  92.2 3355s
 36017 11975 infeasible  196      6.9740e+10 7.2359e+10  3.76%  92.2 3360s
 36072 11941 7.0919e+10  182  205 6.9740e+10 7.2359e+10  3.76%  92.3 3365s
 36134 11921 infeasible  187      6.9740e+10 7.2359e+10  3.76%  92.3 3370s
 36140 11921 7.2359e+10  178  110 6.9740e+10 7.2359e+10  3.76%  92.3 3375s
 36156 11913 7.2359e+10  177  124 6.9740e+10 7.2359e+10  3.76%  92.2 3381s
 36205 11904 7.0919e+10  186  116 6.9740e+10 7.2359e+10  3.76%  92.2 3385s
 36270 11915 7.2359e+10  135  303 6.9740e+10 7.2359e+10  3.76%  92.2 3390s
 36341 11963 7.2359e+10  191  196 6.9740e+10 7.2359e+10  3.76%  92.1 3395s
 36397 12000 7.2359e+10  212  236 6.9740e+10 7.2359e+10  3.76%  92.1 3400s
 36448 12018 7.2359e+10  226  177 6.9740e+10 7.2359e+10  3.76%  92.1 3405s
 36463 12026 7.2359e+10  231  191 6.9740e+10 7.2359e+10  3.76%  92.1 3410s
 36502 12042 infeasible  248      6.9740e+10 7.2359e+10  3.76%  92.0 3415s
 36543 12035 7.2359e+10  124  431 6.9740e+10 7.2359e+10  3.76%  92.1 3420s
 36609 12079 7.2359e+10  188  321 6.9740e+10 7.2359e+10  3.76%  92.0 3425s
 36674 12123 7.2359e+10  253  244 6.9740e+10 7.2359e+10  3.76%  91.9 3430s
 36701 12141 7.2359e+10  279  226 6.9740e+10 7.2359e+10  3.76%  91.8 3436s
 36737 12165 7.2359e+10  315  191 6.9740e+10 7.2359e+10  3.76%  91.8 3440s
 36786 12177 7.2359e+10  347  151 6.9740e+10 7.2359e+10  3.76%  91.7 3445s
 36789 12179 7.2359e+10  350  146 6.9740e+10 7.2359e+10  3.76%  91.7 3455s
 36845 12189 7.2359e+10  150  258 6.9740e+10 7.2359e+10  3.76%  91.8 3460s
 36895 12220 7.2359e+10  195  333 6.9740e+10 7.2359e+10  3.76%  91.7 3471s
 36949 12254 7.2359e+10  247  296 6.9740e+10 7.2359e+10  3.76%  91.6 3475s
 37017 12297 7.2359e+10  314  185 6.9740e+10 7.2359e+10  3.76%  91.5 3480s
 37074 12321 7.0209e+10  358  114 6.9740e+10 7.2359e+10  3.76%  91.5 3485s
 37150 12333 7.2359e+10  183  125 6.9740e+10 7.2359e+10  3.76%  91.4 3490s
 37244 12380 7.2359e+10  184  241 6.9740e+10 7.2359e+10  3.76%  91.3 3495s
 37312 12409 7.2359e+10  211  104 6.9740e+10 7.2359e+10  3.76%  91.2 3500s
 37397 12404 infeasible  255      6.9740e+10 7.2359e+10  3.76%  91.2 3505s
 37469 12426 infeasible  262      6.9740e+10 7.2359e+10  3.76%  91.1 3510s
 37560 12440 7.2359e+10  166  182 6.9740e+10 7.2359e+10  3.76%  91.0 3515s
 37637 12490 7.2359e+10  238   84 6.9740e+10 7.2359e+10  3.76%  90.9 3522s
 37681 12503 7.2359e+10  161  211 6.9740e+10 7.2359e+10  3.76%  90.9 3525s
 37775 12554 7.2359e+10  242  123 6.9740e+10 7.2359e+10  3.76%  90.7 3530s
 37877 12522 infeasible  253      6.9740e+10 7.2359e+10  3.76%  90.6 3535s
 37943 12498 7.2359e+10  247   97 6.9740e+10 7.2359e+10  3.76%  90.6 3540s
 38026 12477 infeasible  240      6.9740e+10 7.2359e+10  3.76%  90.6 3545s
 38080 12471 7.2359e+10  260   79 6.9740e+10 7.2359e+10  3.76%  90.5 3550s
 38170 12433 7.2359e+10  250  100 6.9740e+10 7.2359e+10  3.76%  90.5 3555s
 38252 12436 7.2359e+10  165  245 6.9740e+10 7.2359e+10  3.76%  90.4 3560s
 38320 12481 7.2359e+10  222  149 6.9740e+10 7.2359e+10  3.76%  90.3 3565s
 38372 12476 infeasible  240      6.9740e+10 7.2359e+10  3.76%  90.3 3570s
 38425 12461 infeasible  249      6.9740e+10 7.2359e+10  3.76%  90.4 3575s
 38475 12490 7.2359e+10  152  284 6.9740e+10 7.2359e+10  3.76%  90.4 3580s
 38522 12522 7.2359e+10  164  315 6.9740e+10 7.2359e+10  3.76%  90.3 3588s

Cutting planes:
  Learned: 232
  Gomory: 215
  Lift-and-project: 32
  Cover: 7559
  Implied bound: 1794
  Projected implied bound: 55
  Clique: 94
  MIR: 226
  Mixing: 1
  StrongCG: 5
  Flow cover: 2205
  GUB cover: 99
  Inf proof: 224
  RLT: 417
  Relax-and-lift: 453

Explored 38523 nodes (3505484 simplex iterations) in 3588.33 seconds (1848.65 work units)
Thread count was 1 (of 28 available processors)

Solution count 10: 6.97398e+10 6.87646e+10 6.8127e+10 ... 5.82821e+10

Time limit reached
Best objective 6.973980480000e+10, best bound 7.235891760000e+10, gap 3.7555%

User-callback calls 1473415, time in user-callback 0.93 sec