Gurobi Optimizer version 12.0.3 build v12.0.3rc0 (linux64 - "Oracle Linux Server 9.4")

CPU model: Intel(R) Xeon(R) CPU E5-2660 v4 @ 2.00GHz, instruction set [SSE2|AVX|AVX2]
Thread count: 28 physical cores, 28 logical processors, using up to 1 threads

Non-default parameters:
TimeLimit  3599.652639538
SoftMemLimit  16
NumericFocus  1
Threads  1

Academic license 2690100 - for non-commercial use only - registered to ju___@uclm.es
Optimize a model with 8599 rows, 2106 columns and 29853 nonzeros
Model fingerprint: 0x2255c981
Variable types: 52 continuous, 2054 integer (2054 binary)
Coefficient statistics:
  Matrix range     [1e+00, 4e+13]
  Objective range  [5e+08, 4e+09]
  Bounds range     [1e+03, 1e+04]
  RHS range        [1e+00, 2e+14]
Warning: Model contains large matrix coefficient range
Warning: Model contains large objective coefficients
Warning: Model contains large rhs
Found heuristic solution: objective -0.0000000
Presolve removed 3134 rows and 466 columns
Presolve time: 0.13s
Presolved: 5465 rows, 1640 columns, 19997 nonzeros
Variable types: 52 continuous, 1588 integer (1588 binary)

Root relaxation: objective 6.120003e+10, 967 iterations, 0.03 seconds (0.02 work units)

    Nodes    |    Current Node    |     Objective Bounds      |     Work
 Expl Unexpl |  Obj  Depth IntInf | Incumbent    BestBd   Gap | It/Node Time

     0     0 6.1200e+10    0   17   -0.00000 6.1200e+10      -     -    0s
     0     0 6.1200e+10    0   17   -0.00000 6.1200e+10      -     -    0s
H    0     0                    1.126096e+10 6.1200e+10   443%     -    0s
     0     0 6.1200e+10    0  247 1.1261e+10 6.1200e+10   443%     -    0s
     0     0 6.1200e+10    0  261 1.1261e+10 6.1200e+10   443%     -    0s
     0     0 6.1200e+10    0  238 1.1261e+10 6.1200e+10   443%     -    0s
     0     0 6.1200e+10    0   13 1.1261e+10 6.1200e+10   443%     -    0s
H    0     0                    2.121760e+10 6.1200e+10   188%     -    0s
     0     0 6.1200e+10    0   13 2.1218e+10 6.1200e+10   188%     -    0s
     0     0 6.1200e+10    0   31 2.1218e+10 6.1200e+10   188%     -    0s
     0     0 6.1200e+10    0   27 2.1218e+10 6.1200e+10   188%     -    0s
     0     0 6.1200e+10    0   22 2.1218e+10 6.1200e+10   188%     -    0s
     0     0 6.1200e+10    0   30 2.1218e+10 6.1200e+10   188%     -    0s
     0     0 6.1200e+10    0   10 2.1218e+10 6.1200e+10   188%     -    1s
     0     0 6.1200e+10    0   21 2.1218e+10 6.1200e+10   188%     -    1s
     0     0 6.1200e+10    0    8 2.1218e+10 6.1200e+10   188%     -    1s
     0     0 6.1200e+10    0   10 2.1218e+10 6.1200e+10   188%     -    1s
     0     0 6.1200e+10    0   16 2.1218e+10 6.1200e+10   188%     -    1s
H    0     0                    4.461760e+10 6.1200e+10  37.2%     -    1s
     0     0 6.1200e+10    0   44 4.4618e+10 6.1200e+10  37.2%     -    1s
     0     0 6.1200e+10    0   42 4.4618e+10 6.1200e+10  37.2%     -    1s
     0     0 6.1200e+10    0   20 4.4618e+10 6.1200e+10  37.2%     -    1s
     0     0 6.1200e+10    0   11 4.4618e+10 6.1200e+10  37.2%     -    1s
H    0     0                    5.301003e+10 6.1200e+10  15.4%     -    1s
H    0     0                    5.418003e+10 6.1200e+10  13.0%     -    1s
     0     2 6.1200e+10    0   11 5.4180e+10 6.1200e+10  13.0%     -    1s
H   53    34                    5.535003e+10 6.1200e+10  10.6%  66.0    2s
   468   267 5.8860e+10   45  300 5.5350e+10 6.1200e+10  10.6%  51.6    5s
   685   434 6.1200e+10    9   13 5.5350e+10 6.1200e+10  10.6%  47.1   10s
   884   486 infeasible   75      5.5350e+10 6.1200e+10  10.6%  63.2   15s
  1152   562 6.1200e+10   28   92 5.5350e+10 6.1200e+10  10.6%  59.2   20s
H 1296   589                    5.652003e+10 6.1200e+10  8.28%  60.1   24s
  1303   588 6.1200e+10   24  324 5.6520e+10 6.1200e+10  8.28%  60.8   25s
H 1470   594                    5.769003e+10 6.1200e+10  6.08%  57.9   29s
  1471   597 6.1200e+10   43   85 5.7690e+10 6.1200e+10  6.08%  57.8   31s
H 1650   583                    5.886003e+10 6.1200e+10  3.98%  59.4   35s
  1993   543 6.1200e+10   86  156 5.8860e+10 6.1200e+10  3.98%  60.9   40s
  2267   707 6.1200e+10   66   30 5.8860e+10 6.1200e+10  3.98%  58.3   45s
  2634   744 6.0731e+10  111   22 5.8860e+10 6.1200e+10  3.98%  59.2   50s
  2941   768 6.1200e+10   52   72 5.8860e+10 6.1200e+10  3.98%  60.2   55s
  3364   768 6.1200e+10   55   48 5.8860e+10 6.1200e+10  3.98%  60.7   60s
  3770   765 infeasible   57      5.8860e+10 6.1200e+10  3.98%  61.7   65s
  4170   786 6.1200e+10   59   69 5.8860e+10 6.1200e+10  3.98%  62.6   70s
  4527   772 infeasible   66      5.8860e+10 6.1200e+10  3.98%  63.4   75s
  4915   771 6.1200e+10   50   68 5.8860e+10 6.1200e+10  3.98%  63.3   80s
  5226   770 6.1200e+10   50   65 5.8860e+10 6.1200e+10  3.98%  64.4   85s
  5409   792 6.1200e+10   38   23 5.8860e+10 6.1200e+10  3.98%  64.9   90s
H 5503   801                    5.956108e+10 6.1200e+10  2.75%  62.5   94s
  5533   799 6.1200e+10   26  207 5.9561e+10 6.1200e+10  2.75%  62.5   95s
  5679   785 6.0030e+10   53  187 5.9561e+10 6.1200e+10  2.75%  63.1  100s
  5807   839 6.1200e+10   63   89 5.9561e+10 6.1200e+10  2.75%  63.2  105s
  5916   858 6.1200e+10   30  186 5.9561e+10 6.1200e+10  2.75%  63.9  110s
  6044   860 infeasible   77      5.9561e+10 6.1200e+10  2.75%  64.3  115s
  6179   872 6.1200e+10   62   47 5.9561e+10 6.1200e+10  2.75%  64.7  120s
  6379   798 infeasible   67      5.9561e+10 6.1200e+10  2.75%  65.5  125s
  6522   746 6.1200e+10   62   52 5.9561e+10 6.1200e+10  2.75%  66.4  130s
  6703   681 6.1200e+10   58   55 5.9561e+10 6.1200e+10  2.75%  66.3  135s
  6909   625 6.1200e+10   40  171 5.9561e+10 6.1200e+10  2.75%  66.0  140s
  7037   671 6.1200e+10  117   30 5.9561e+10 6.1200e+10  2.75%  65.7  145s
  7242   583 6.1200e+10   59  113 5.9561e+10 6.1200e+10  2.75%  66.7  150s
  7392   577 infeasible   71      5.9561e+10 6.1200e+10  2.75%  67.4  155s
  7570   599 infeasible   70      5.9561e+10 6.1200e+10  2.75%  67.8  160s
  7756   557 6.1200e+10   68  104 5.9561e+10 6.1200e+10  2.75%  68.6  165s
  7895   568 6.1200e+10   74   60 5.9561e+10 6.1200e+10  2.75%  68.8  170s
  8096   565 6.1200e+10   71   88 5.9561e+10 6.1200e+10  2.75%  69.5  175s
  8265   610 infeasible   91      5.9561e+10 6.1200e+10  2.75%  69.7  180s
  8523   635 infeasible   70      5.9561e+10 6.1200e+10  2.75%  70.0  185s
  8626   637 6.1200e+10   70   71 5.9561e+10 6.1200e+10  2.75%  70.4  190s
  8742   630 6.1200e+10   70   54 5.9561e+10 6.1200e+10  2.75%  71.0  195s
  8940   674 infeasible   56      5.9561e+10 6.1200e+10  2.75%  71.9  200s
  9087   703 infeasible   70      5.9561e+10 6.1200e+10  2.75%  72.1  205s
  9291   820 6.1200e+10   63   85 5.9561e+10 6.1200e+10  2.75%  72.0  210s
  9494   819 6.1200e+10   66   91 5.9561e+10 6.1200e+10  2.75%  72.5  215s
  9650   819 6.1200e+10   62   78 5.9561e+10 6.1200e+10  2.75%  73.2  220s
  9820   831 6.1200e+10   71   82 5.9561e+10 6.1200e+10  2.75%  73.8  225s
  9960   835 6.1200e+10   68   64 5.9561e+10 6.1200e+10  2.75%  74.0  230s
 10173   867 infeasible  118      5.9561e+10 6.1200e+10  2.75%  74.4  235s
 10290   895 6.1200e+10   72   79 5.9561e+10 6.1200e+10  2.75%  74.3  240s
 10488   963 infeasible   78      5.9561e+10 6.1200e+10  2.75%  74.7  245s
 10635   961 infeasible   79      5.9561e+10 6.1200e+10  2.75%  75.3  250s
 10782   966 infeasible   80      5.9561e+10 6.1200e+10  2.75%  75.5  255s
 10843   961 6.1200e+10   72   81 5.9561e+10 6.1200e+10  2.75%  75.8  260s
 11023  1026 6.1200e+10   80   38 5.9561e+10 6.1200e+10  2.75%  75.8  265s
 11172  1045 6.1200e+10   71   57 5.9561e+10 6.1200e+10  2.75%  76.4  270s
 11340  1062 6.1200e+10   67   76 5.9561e+10 6.1200e+10  2.75%  77.0  275s
 11499  1067 6.1200e+10   66   81 5.9561e+10 6.1200e+10  2.75%  77.4  280s
 11657  1115 6.1120e+10   66  118 5.9561e+10 6.1200e+10  2.75%  77.8  286s
 11680  1120 6.1200e+10   63   96 5.9561e+10 6.1200e+10  2.75%  77.8  290s
 11840  1177 infeasible   69      5.9561e+10 6.1200e+10  2.75%  78.1  295s
 12039  1215 6.0030e+10   75   42 5.9561e+10 6.1200e+10  2.75%  78.3  300s
 12218  1263 6.1200e+10   56  121 5.9561e+10 6.1200e+10  2.75%  78.3  306s
 12335  1298 6.1158e+10   63   76 5.9561e+10 6.1200e+10  2.75%  78.5  310s
 12544  1297 6.1200e+10   61   98 5.9561e+10 6.1200e+10  2.75%  79.0  315s
 12682  1339 6.1200e+10   56  109 5.9561e+10 6.1200e+10  2.75%  79.2  320s
 12902  1432 6.1047e+10   76   51 5.9561e+10 6.1200e+10  2.75%  79.0  325s
 13099  1430 6.0030e+10  105   35 5.9561e+10 6.1200e+10  2.75%  78.9  330s
 13334  1445 6.0731e+10  116   33 5.9561e+10 6.1200e+10  2.75%  78.9  335s
 13440  1481 6.1200e+10   72   61 5.9561e+10 6.1200e+10  2.75%  78.8  340s
 13622  1533 infeasible   87      5.9561e+10 6.1200e+10  2.75%  78.7  345s
 13740  1583 6.1200e+10   70   41 5.9561e+10 6.1200e+10  2.75%  78.9  350s
 13959  1677 infeasible   75      5.9561e+10 6.1200e+10  2.75%  78.8  355s
 14108  1762 6.1200e+10   90   47 5.9561e+10 6.1200e+10  2.75%  78.9  360s
 14220  1793 6.1200e+10   43  141 5.9561e+10 6.1200e+10  2.75%  79.0  368s
 14299  1832 6.1200e+10   59  117 5.9561e+10 6.1200e+10  2.75%  78.9  370s
 14456  1926 6.1200e+10   38  115 5.9561e+10 6.1200e+10  2.75%  78.8  376s
 14579  2001 6.1200e+10   50   90 5.9561e+10 6.1200e+10  2.75%  78.9  380s
 14797  2059 6.1199e+10   68   82 5.9561e+10 6.1200e+10  2.75%  78.9  385s
 15042  2117 6.0030e+10   70   23 5.9561e+10 6.1200e+10  2.75%  78.8  390s
 15238  2150 infeasible   63      5.9561e+10 6.1200e+10  2.75%  78.8  395s
 15445  2175 6.1200e+10   61   86 5.9561e+10 6.1200e+10  2.75%  79.0  400s
 15603  2194 6.1200e+10   62   58 5.9561e+10 6.1200e+10  2.75%  79.2  435s
 15755  2269 6.1200e+10   62   55 5.9561e+10 6.1200e+10  2.75%  79.3  440s
 15895  2348 6.1200e+10   67   57 5.9561e+10 6.1200e+10  2.75%  79.5  445s
 15970  2346 6.0659e+10   66  122 5.9561e+10 6.1200e+10  2.75%  80.0  450s
 16133  2410 6.1200e+10   42  145 5.9561e+10 6.1200e+10  2.75%  80.2  455s
 16321  2465 6.1200e+10   52   67 5.9561e+10 6.1200e+10  2.75%  80.4  461s
 16488  2514 6.1200e+10   65   66 5.9561e+10 6.1200e+10  2.75%  80.4  465s
 16649  2528 6.1200e+10   65   57 5.9561e+10 6.1200e+10  2.75%  80.7  470s
 16763  2524 6.0030e+10   63   46 5.9561e+10 6.1200e+10  2.75%  81.1  476s
 16835  2523 6.1200e+10   44   99 5.9561e+10 6.1200e+10  2.75%  81.2  480s
 17022  2578 6.1200e+10   50   86 5.9561e+10 6.1200e+10  2.75%  81.3  485s
 17150  2603 6.1200e+10   65   70 5.9561e+10 6.1200e+10  2.75%  81.3  490s
 17320  2654 6.0731e+10   67   30 5.9561e+10 6.1200e+10  2.75%  81.4  495s
 17527  2719 6.1129e+10   58  147 5.9561e+10 6.1200e+10  2.75%  81.4  500s
 17697  2749 6.1171e+10   53  149 5.9561e+10 6.1200e+10  2.75%  81.6  505s
 17784  2764 6.1200e+10   52   98 5.9561e+10 6.1200e+10  2.75%  81.6  511s
 17865  2795 6.0731e+10   69   27 5.9561e+10 6.1200e+10  2.75%  81.7  515s
 17977  2848 6.1200e+10   64   50 5.9561e+10 6.1200e+10  2.75%  81.7  520s
 18170  2964 6.1200e+10   58   91 5.9561e+10 6.1200e+10  2.75%  81.8  525s
 18276  3016 6.0028e+10   69   87 5.9561e+10 6.1200e+10  2.75%  81.8  530s
 18458  3106 6.1200e+10   43  158 5.9561e+10 6.1200e+10  2.75%  81.9  535s
 18524  3156 6.1200e+10   67   59 5.9561e+10 6.1200e+10  2.75%  81.9  540s
 18646  3198 6.1200e+10   75   58 5.9561e+10 6.1200e+10  2.75%  81.9  545s
 18769  3208 6.1200e+10   95  136 5.9561e+10 6.1200e+10  2.75%  82.2  550s
 18904  3266 6.1200e+10   77   58 5.9561e+10 6.1200e+10  2.75%  82.1  555s
 19074  3295 infeasible   80      5.9561e+10 6.1200e+10  2.75%  82.2  560s
 19188  3317 6.1200e+10   57   68 5.9561e+10 6.1200e+10  2.75%  82.5  565s
 19361  3372 6.1200e+10   41  122 5.9561e+10 6.1200e+10  2.75%  82.6  570s
 19463  3436 6.1200e+10   37  140 5.9561e+10 6.1200e+10  2.75%  82.6  575s
 19679  3506 infeasible   77      5.9561e+10 6.1200e+10  2.75%  82.3  580s
 19827  3506 6.1200e+10   78   58 5.9561e+10 6.1200e+10  2.75%  82.4  585s
 19945  3504 6.1200e+10   69   78 5.9561e+10 6.1200e+10  2.75%  82.5  590s
 20070  3488 6.1200e+10   58   80 5.9561e+10 6.1200e+10  2.75%  82.7  595s
 20263  3499 6.1200e+10   72   58 5.9561e+10 6.1200e+10  2.75%  82.8  600s
 20386  3584 6.1200e+10   64   89 5.9561e+10 6.1200e+10  2.75%  82.8  605s
 20539  3637 6.1200e+10   66   84 5.9561e+10 6.1200e+10  2.75%  82.8  610s
 20709  3720 6.0575e+10   55  171 5.9561e+10 6.1200e+10  2.75%  82.7  615s
 20755  3724 6.1200e+10   64   50 5.9561e+10 6.1200e+10  2.75%  82.8  620s
 20832  3727 6.1200e+10   58   90 5.9561e+10 6.1200e+10  2.75%  82.9  626s
 20909  3744 infeasible   72      5.9561e+10 6.1200e+10  2.75%  82.8  630s
 21106  3784 6.1200e+10   59   70 5.9561e+10 6.1200e+10  2.75%  82.6  635s
 21287  3889 6.1200e+10   82   62 5.9561e+10 6.1200e+10  2.75%  82.5  640s
 21342  3912 6.1200e+10   48  122 5.9561e+10 6.1200e+10  2.75%  82.5  645s
 21538  4043 6.1200e+10   73   54 5.9561e+10 6.1200e+10  2.75%  82.4  650s
 21713  4097 6.0030e+10   74  118 5.9561e+10 6.1200e+10  2.75%  82.4  655s
 21856  4104 6.1200e+10   78   56 5.9561e+10 6.1200e+10  2.75%  82.6  660s
 22019  4111 6.0378e+10   74  152 5.9561e+10 6.1200e+10  2.75%  82.7  667s
 22084  4111 infeasible   71      5.9561e+10 6.1200e+10  2.75%  82.8  670s
 22180  4107 6.1200e+10   67   94 5.9561e+10 6.1200e+10  2.75%  82.8  675s
 22328  4114 6.1200e+10   67   74 5.9561e+10 6.1200e+10  2.75%  83.0  680s
 22497  4130 6.1189e+10   69  131 5.9561e+10 6.1200e+10  2.75%  83.0  685s
 22661  4139 infeasible   75      5.9561e+10 6.1200e+10  2.75%  83.1  690s
 22791  4145 infeasible   68      5.9561e+10 6.1200e+10  2.75%  83.1  695s
 22902  4160 6.1200e+10   73   78 5.9561e+10 6.1200e+10  2.75%  83.2  702s
 22964  4163 6.0030e+10   74  113 5.9561e+10 6.1200e+10  2.75%  83.3  705s
 23074  4185 6.1200e+10   69   86 5.9561e+10 6.1200e+10  2.75%  83.4  710s
 23244  4276 6.1200e+10   60  130 5.9561e+10 6.1200e+10  2.75%  83.4  715s
 23392  4349 6.1200e+10   66   59 5.9561e+10 6.1200e+10  2.75%  83.4  720s
 23565  4405 6.1194e+10   72   66 5.9561e+10 6.1200e+10  2.75%  83.4  725s
 23660  4425 infeasible   77      5.9561e+10 6.1200e+10  2.75%  83.5  730s
 23817  4482 infeasible   67      5.9561e+10 6.1200e+10  2.75%  83.7  735s
 24000  4526 6.1200e+10   83   73 5.9561e+10 6.1200e+10  2.75%  83.8  740s
 24055  4553 6.1087e+10   75   88 5.9561e+10 6.1200e+10  2.75%  83.7  745s
 24222  4639 6.1200e+10   66   91 5.9561e+10 6.1200e+10  2.75%  83.8  750s
 24346  4692 6.1200e+10   72  103 5.9561e+10 6.1200e+10  2.75%  83.8  755s
 24490  4751 6.1200e+10   63   82 5.9561e+10 6.1200e+10  2.75%  83.9  760s
 24631  4807 6.0912e+10   65  149 5.9561e+10 6.1200e+10  2.75%  84.0  765s
 24818  4894 6.0901e+10   65   93 5.9561e+10 6.1200e+10  2.75%  83.8  770s
 24918  4937 6.1200e+10   69   86 5.9561e+10 6.1200e+10  2.75%  83.9  775s
 25115  4972 6.1200e+10   60   95 5.9561e+10 6.1200e+10  2.75%  83.8  780s
 25272  5019 6.1200e+10   65   78 5.9561e+10 6.1200e+10  2.75%  83.9  786s
 25351  5021 6.1192e+10   73   84 5.9561e+10 6.1200e+10  2.75%  83.9  790s
 25515  5024 6.0030e+10   72   44 5.9561e+10 6.1200e+10  2.75%  84.1  795s
 25684  5055 infeasible   74      5.9561e+10 6.1200e+10  2.75%  84.2  800s
 25800  5084 6.1200e+10   58  108 5.9561e+10 6.1200e+10  2.75%  84.2  805s
 25949  5119 6.0030e+10   76   34 5.9561e+10 6.1200e+10  2.75%  84.4  810s
 26087  5187 6.1190e+10   70  101 5.9561e+10 6.1200e+10  2.75%  84.4  815s
 26305  5277 6.0701e+10   71   56 5.9561e+10 6.1200e+10  2.75%  84.3  820s
 26503  5328 infeasible   80      5.9561e+10 6.1200e+10  2.75%  84.2  825s
 26546  5324 6.0030e+10   68   52 5.9561e+10 6.1200e+10  2.75%  84.2  830s
 26657  5309 infeasible   58      5.9561e+10 6.1200e+10  2.75%  84.5  835s
 26794  5338 6.1200e+10   54  123 5.9561e+10 6.1200e+10  2.75%  84.4  840s
 27006  5404 6.1200e+10   57   64 5.9561e+10 6.1200e+10  2.75%  84.3  845s
 27208  5432 6.1200e+10   64   80 5.9561e+10 6.1200e+10  2.75%  84.3  850s
 27313  5431 6.1200e+10   70   60 5.9561e+10 6.1200e+10  2.75%  84.5  855s
 27503  5447 infeasible   54      5.9561e+10 6.1200e+10  2.75%  84.8  860s
 27663  5477 6.1200e+10   69   72 5.9561e+10 6.1200e+10  2.75%  85.0  866s
 27776  5502 6.1200e+10   76   68 5.9561e+10 6.1200e+10  2.75%  85.0  870s
 27904  5508 6.1200e+10   69   61 5.9561e+10 6.1200e+10  2.75%  85.0  875s
 27961  5521 6.1200e+10   69   63 5.9561e+10 6.1200e+10  2.75%  85.0  880s
 28103  5548 6.0030e+10   76   55 5.9561e+10 6.1200e+10  2.75%  85.1  885s
 28242  5545 infeasible   71      5.9561e+10 6.1200e+10  2.75%  85.3  890s
 28403  5555 6.1200e+10   69   76 5.9561e+10 6.1200e+10  2.75%  85.4  895s
 28482  5566 6.1200e+10   66   62 5.9561e+10 6.1200e+10  2.75%  85.5  900s
 28629  5610 6.1200e+10   63  117 5.9561e+10 6.1200e+10  2.75%  85.6  906s
 28736  5611 infeasible   62      5.9561e+10 6.1200e+10  2.75%  85.7  910s
 28923  5688 6.1200e+10   60   90 5.9561e+10 6.1200e+10  2.75%  85.7  915s
 29064  5748 6.1200e+10   54  121 5.9561e+10 6.1200e+10  2.75%  85.7  920s
 29183  5826 6.0985e+10   73  101 5.9561e+10 6.1200e+10  2.75%  85.8  925s
 29375  5856 infeasible   68      5.9561e+10 6.1200e+10  2.75%  85.8  930s
 29449  5891 6.1200e+10   78   79 5.9561e+10 6.1200e+10  2.75%  85.8  935s
 29609  5908     cutoff   81      5.9561e+10 6.1200e+10  2.75%  85.8  940s
 29790  5959 infeasible   63      5.9561e+10 6.1200e+10  2.75%  85.7  945s
 29973  5978 6.1200e+10   51  150 5.9561e+10 6.1200e+10  2.75%  85.8  950s
 30068  6053 6.1200e+10   76   88 5.9561e+10 6.1200e+10  2.75%  85.8  955s
 30178  6133 infeasible   73      5.9561e+10 6.1200e+10  2.75%  85.7  960s
 30268  6181 6.1200e+10   55   85 5.9561e+10 6.1200e+10  2.75%  85.7  965s
 30474  6254 6.1200e+10   60   82 5.9561e+10 6.1200e+10  2.75%  85.6  970s
 30695  6302 infeasible   76      5.9561e+10 6.1200e+10  2.75%  85.6  975s
 30879  6352 6.1200e+10   66   71 5.9561e+10 6.1200e+10  2.75%  85.6  980s
 31005  6388 6.1200e+10   59  114 5.9561e+10 6.1200e+10  2.75%  85.6  986s
 31149  6430 6.1200e+10   62   88 5.9561e+10 6.1200e+10  2.75%  85.7  990s
 31328  6515 6.0030e+10   80   44 5.9561e+10 6.1200e+10  2.75%  85.7  995s
 31463  6562 6.1200e+10   57   93 5.9561e+10 6.1200e+10  2.75%  85.8 1000s
 31583  6611 6.1200e+10   67   99 5.9561e+10 6.1200e+10  2.75%  85.8 1005s
 31721  6623 6.1200e+10   74   70 5.9561e+10 6.1200e+10  2.75%  85.8 1011s
 31851  6648 6.1200e+10   35  191 5.9561e+10 6.1200e+10  2.75%  85.9 1015s
 31965  6707 6.1200e+10   63   76 5.9561e+10 6.1200e+10  2.75%  85.9 1020s
 32065  6711 infeasible   63      5.9561e+10 6.1200e+10  2.75%  86.0 1025s
 32230  6812 6.1200e+10   53   90 5.9561e+10 6.1200e+10  2.75%  85.9 1030s
 32436  6886 6.1200e+10   65   69 5.9561e+10 6.1200e+10  2.75%  85.9 1035s
 32519  6912 infeasible   74      5.9561e+10 6.1200e+10  2.75%  85.9 1040s
 32698  6907 infeasible   64      5.9561e+10 6.1200e+10  2.75%  86.0 1045s
 32866  6931 6.1200e+10   41   99 5.9561e+10 6.1200e+10  2.75%  86.1 1051s
 32966  6985 6.1200e+10   59  125 5.9561e+10 6.1200e+10  2.75%  86.2 1055s
 33082  7016 6.1200e+10   52  126 5.9561e+10 6.1200e+10  2.75%  86.3 1061s
 33169  7039 6.1200e+10   48   88 5.9561e+10 6.1200e+10  2.75%  86.5 1065s
 33333  7101 6.1200e+10   68   94 5.9561e+10 6.1200e+10  2.75%  86.6 1070s
 33447  7148 6.1200e+10   66   76 5.9561e+10 6.1200e+10  2.75%  86.6 1075s
 33469  7144 6.1200e+10   70   80 5.9561e+10 6.1200e+10  2.75%  86.6 1080s
 33677  7156 infeasible   77      5.9561e+10 6.1200e+10  2.75%  86.5 1085s
 33849  7185 6.1200e+10   43   85 5.9561e+10 6.1200e+10  2.75%  86.5 1091s
 33948  7222 6.1200e+10   45   94 5.9561e+10 6.1200e+10  2.75%  86.5 1095s
 34120  7263 6.1200e+10   73   67 5.9561e+10 6.1200e+10  2.75%  86.6 1100s
 34278  7315 6.1200e+10   63   74 5.9561e+10 6.1200e+10  2.75%  86.6 1105s
 34447  7384 6.1200e+10   69   42 5.9561e+10 6.1200e+10  2.75%  86.6 1110s
 34651  7384 infeasible   67      5.9561e+10 6.1200e+10  2.75%  86.5 1115s
 34789  7418 6.1200e+10   46  103 5.9561e+10 6.1200e+10  2.75%  86.6 1120s
 34864  7451 6.0704e+10   66   76 5.9561e+10 6.1200e+10  2.75%  86.6 1126s
 35004  7513 infeasible   65      5.9561e+10 6.1200e+10  2.75%  86.6 1130s
 35145  7593 infeasible   75      5.9561e+10 6.1200e+10  2.75%  86.6 1135s
 35270  7658 6.1200e+10   59   99 5.9561e+10 6.1200e+10  2.75%  86.7 1140s
 35371  7716 6.0030e+10   66   94 5.9561e+10 6.1200e+10  2.75%  86.9 1145s
 35456  7765 infeasible   59      5.9561e+10 6.1200e+10  2.75%  86.8 1150s
 35502  7801 6.1200e+10   55  126 5.9561e+10 6.1200e+10  2.75%  86.8 1155s
 35610  7816 6.1200e+10   67  105 5.9561e+10 6.1200e+10  2.75%  87.0 1160s
 35735  7817 infeasible   71      5.9561e+10 6.1200e+10  2.75%  87.0 1165s
 35900  7863 infeasible   66      5.9561e+10 6.1200e+10  2.75%  87.0 1170s
 36000  7919 infeasible   63      5.9561e+10 6.1200e+10  2.75%  87.1 1175s
 36159  7966 infeasible   87      5.9561e+10 6.1200e+10  2.75%  87.1 1180s
 36321  7976 6.1200e+10   83   99 5.9561e+10 6.1200e+10  2.75%  87.1 1186s
 36428  7967 6.1200e+10   75   91 5.9561e+10 6.1200e+10  2.75%  87.1 1190s
 36634  7967 infeasible   84      5.9561e+10 6.1200e+10  2.75%  87.0 1195s
 36785  7970 6.1200e+10   79   74 5.9561e+10 6.1200e+10  2.75%  87.0 1201s
 36858  7967 6.1200e+10   81   66 5.9561e+10 6.1200e+10  2.75%  87.0 1205s
 37005  7964 6.1200e+10   76   90 5.9561e+10 6.1200e+10  2.75%  87.1 1210s
 37134  7957 infeasible   84      5.9561e+10 6.1200e+10  2.75%  87.1 1215s
 37286  7937 infeasible   73      5.9561e+10 6.1200e+10  2.75%  87.2 1220s
 37399  7948 infeasible   74      5.9561e+10 6.1200e+10  2.75%  87.2 1225s
 37476  7937 6.1200e+10   69   84 5.9561e+10 6.1200e+10  2.75%  87.3 1230s
 37566  7955 6.1200e+10   76   94 5.9561e+10 6.1200e+10  2.75%  87.4 1235s
 37689  7982 6.1200e+10   64   82 5.9561e+10 6.1200e+10  2.75%  87.6 1240s
 37790  8001 6.1200e+10   81   61 5.9561e+10 6.1200e+10  2.75%  87.6 1245s
 37926  8009 6.1200e+10   72  125 5.9561e+10 6.1200e+10  2.75%  87.7 1250s
 38090  8003 infeasible   81      5.9561e+10 6.1200e+10  2.75%  87.8 1255s
 38142  8027 6.1200e+10   71   46 5.9561e+10 6.1200e+10  2.75%  87.8 1260s
 38232  8029 infeasible   72      5.9561e+10 6.1200e+10  2.75%  87.9 1265s
 38416  8047 6.1200e+10   78   96 5.9561e+10 6.1200e+10  2.75%  87.9 1270s
 38577  8050 infeasible   75      5.9561e+10 6.1200e+10  2.75%  88.0 1275s
 38711  8032 6.1200e+10   74   72 5.9561e+10 6.1200e+10  2.75%  88.1 1280s
 38805  8032 6.1200e+10   77   68 5.9561e+10 6.1200e+10  2.75%  88.0 1285s
 38963  8030 infeasible   86      5.9561e+10 6.1200e+10  2.75%  88.1 1290s
 39115  8050 6.1200e+10   82   61 5.9561e+10 6.1200e+10  2.75%  88.2 1295s
 39301  8060 infeasible   82      5.9561e+10 6.1200e+10  2.75%  88.1 1300s
 39375  8056 infeasible   73      5.9561e+10 6.1200e+10  2.75%  88.1 1305s
 39500  8062 6.1200e+10   84   72 5.9561e+10 6.1200e+10  2.75%  88.1 1310s
 39682  8036 infeasible   82      5.9561e+10 6.1200e+10  2.75%  88.1 1315s
 39852  8041 infeasible   78      5.9561e+10 6.1200e+10  2.75%  88.1 1320s
 40023  8034 6.1200e+10   81   82 5.9561e+10 6.1200e+10  2.75%  88.0 1325s
 40189  8041 infeasible   73      5.9561e+10 6.1200e+10  2.75%  87.9 1330s
 40275  8023 6.1200e+10   78  104 5.9561e+10 6.1200e+10  2.75%  87.9 1335s
 40386  8036 6.1200e+10   75   62 5.9561e+10 6.1200e+10  2.75%  87.9 1340s
 40526  8028 6.1200e+10   78   68 5.9561e+10 6.1200e+10  2.75%  87.9 1345s
 40666  8018 6.1200e+10   81   78 5.9561e+10 6.1200e+10  2.75%  87.9 1350s
 40781  8009 6.1200e+10   86   65 5.9561e+10 6.1200e+10  2.75%  87.9 1355s
 40906  8010 6.1200e+10   74   69 5.9561e+10 6.1200e+10  2.75%  88.0 1360s
 41039  8023 6.1200e+10   78   79 5.9561e+10 6.1200e+10  2.75%  88.0 1365s
 41194  8012 6.1200e+10   84   89 5.9561e+10 6.1200e+10  2.75%  88.1 1370s
 41269  7975 infeasible   70      5.9561e+10 6.1200e+10  2.75%  88.3 1375s
 41371  7971 infeasible   66      5.9561e+10 6.1200e+10  2.75%  88.5 1380s
 41456  7968 infeasible   70      5.9561e+10 6.1200e+10  2.75%  88.5 1385s
 41603  7981 infeasible   78      5.9561e+10 6.1200e+10  2.75%  88.6 1390s
 41711  8001 6.1200e+10   70   76 5.9561e+10 6.1200e+10  2.75%  88.7 1395s
 41765  8005 infeasible   68      5.9561e+10 6.1200e+10  2.75%  88.7 1400s
 41908  8006 6.1200e+10   78   81 5.9561e+10 6.1200e+10  2.75%  88.7 1405s
 42028  8000 infeasible   78      5.9561e+10 6.1200e+10  2.75%  88.8 1410s
 42110  7994 6.1200e+10   72   93 5.9561e+10 6.1200e+10  2.75%  88.8 1415s
 42285  7991 infeasible   79      5.9561e+10 6.1200e+10  2.75%  88.8 1420s
 42424  7980 6.1200e+10   70  111 5.9561e+10 6.1200e+10  2.75%  89.0 1425s
 42548  7998 infeasible   70      5.9561e+10 6.1200e+10  2.75%  89.0 1430s
 42595  7995 infeasible   75      5.9561e+10 6.1200e+10  2.75%  89.1 1435s
 42715  7981 6.1200e+10   74  101 5.9561e+10 6.1200e+10  2.75%  89.3 1440s
 42854  7976 infeasible   68      5.9561e+10 6.1200e+10  2.75%  89.4 1445s
 43000  7976 infeasible   70      5.9561e+10 6.1200e+10  2.75%  89.5 1450s
 43126  7988 6.1200e+10   67   48 5.9561e+10 6.1200e+10  2.75%  89.5 1457s
 43157  7985 6.1200e+10   64  116 5.9561e+10 6.1200e+10  2.75%  89.5 1460s
 43294  7988 infeasible   67      5.9561e+10 6.1200e+10  2.75%  89.5 1465s
 43466  7976 infeasible   72      5.9561e+10 6.1200e+10  2.75%  89.6 1470s
 43625  7975 6.1200e+10   69   77 5.9561e+10 6.1200e+10  2.75%  89.6 1475s
 43737  7977 6.1200e+10   71   82 5.9561e+10 6.1200e+10  2.75%  89.7 1480s
 43858  7964 6.1200e+10   71   98 5.9561e+10 6.1200e+10  2.75%  89.9 1485s
 43931  7967 infeasible   73      5.9561e+10 6.1200e+10  2.75%  90.0 1490s
 44056  7958 6.1200e+10   67  140 5.9561e+10 6.1200e+10  2.75%  90.2 1495s
 44175  7949 infeasible   71      5.9561e+10 6.1200e+10  2.75%  90.4 1500s
 44225  7951 6.1200e+10   78   91 5.9561e+10 6.1200e+10  2.75%  90.5 1505s
 44278  7956 6.1200e+10   68   78 5.9561e+10 6.1200e+10  2.75%  90.5 1510s
 44407  7945 6.1200e+10   75  109 5.9561e+10 6.1200e+10  2.75%  90.6 1516s
 44496  7948 6.1200e+10   78   78 5.9561e+10 6.1200e+10  2.75%  90.6 1520s
 44598  7944 6.1200e+10   64  125 5.9561e+10 6.1200e+10  2.75%  90.7 1525s
 44721  7975 6.1200e+10   72   69 5.9561e+10 6.1200e+10  2.75%  90.8 1530s
 44855  7965 6.1200e+10   72   75 5.9561e+10 6.1200e+10  2.75%  90.9 1537s
 44909  7963 6.1200e+10   68   78 5.9561e+10 6.1200e+10  2.75%  90.9 1540s
 45033  7951 infeasible   68      5.9561e+10 6.1200e+10  2.75%  91.1 1545s
 45205  7985 6.1200e+10   79   70 5.9561e+10 6.1200e+10  2.75%  91.1 1550s
 45325  7969 6.1200e+10   73   50 5.9561e+10 6.1200e+10  2.75%  91.1 1555s
 45433  7961 6.1200e+10   65   55 5.9561e+10 6.1200e+10  2.75%  91.1 1560s
 45629  7991 6.1200e+10   68   79 5.9561e+10 6.1200e+10  2.75%  91.0 1565s
 45728  8002 6.1200e+10   75   60 5.9561e+10 6.1200e+10  2.75%  91.0 1570s
 45896  7996 infeasible   84      5.9561e+10 6.1200e+10  2.75%  91.1 1575s
 46003  7981 6.1200e+10   76   71 5.9561e+10 6.1200e+10  2.75%  91.0 1580s
 46142  7959 infeasible   74      5.9561e+10 6.1200e+10  2.75%  91.0 1585s
 46295  7956 infeasible   68      5.9561e+10 6.1200e+10  2.75%  91.0 1590s
 46421  7944 6.1200e+10   70   77 5.9561e+10 6.1200e+10  2.75%  91.0 1596s
 46510  7965 6.1200e+10   74   64 5.9561e+10 6.1200e+10  2.75%  91.0 1600s
 46657  7968 6.1200e+10   80   68 5.9561e+10 6.1200e+10  2.75%  91.1 1605s
 46799  7950 infeasible   75      5.9561e+10 6.1200e+10  2.75%  91.2 1610s
 46915  7944 6.1200e+10   72  120 5.9561e+10 6.1200e+10  2.75%  91.3 1615s
 47031  7944 infeasible   76      5.9561e+10 6.1200e+10  2.75%  91.3 1620s
 47088  7943 6.1200e+10   66  171 5.9561e+10 6.1200e+10  2.75%  91.3 1625s
 47110  7955 infeasible   72      5.9561e+10 6.1200e+10  2.75%  91.3 1630s
 47251  7990 6.1200e+10   74   99 5.9561e+10 6.1200e+10  2.75%  91.4 1635s
 47445  7988 infeasible   81      5.9561e+10 6.1200e+10  2.75%  91.3 1640s
 47589  7976 6.1200e+10   72   85 5.9561e+10 6.1200e+10  2.75%  91.4 1645s
 47737  7980 6.1200e+10   75  113 5.9561e+10 6.1200e+10  2.75%  91.4 1651s
 47824  7975 6.1200e+10   76   76 5.9561e+10 6.1200e+10  2.75%  91.5 1655s
 47977  7983 6.1200e+10   72   93 5.9561e+10 6.1200e+10  2.75%  91.5 1660s
 48174  7990 6.1200e+10   70   85 5.9561e+10 6.1200e+10  2.75%  91.4 1665s
 48321  7997 6.1200e+10   75   84 5.9561e+10 6.1200e+10  2.75%  91.5 1670s
 48382  8002 6.1200e+10   79   58 5.9561e+10 6.1200e+10  2.75%  91.5 1675s
 48488  8004 infeasible   77      5.9561e+10 6.1200e+10  2.75%  91.5 1680s
 48621  8005 6.1200e+10   76   87 5.9561e+10 6.1200e+10  2.75%  91.6 1685s
 48736  7992 6.1200e+10   78   95 5.9561e+10 6.1200e+10  2.75%  91.6 1691s
 48844  7984 6.1200e+10   75   99 5.9561e+10 6.1200e+10  2.75%  91.6 1695s
 49030  7986 infeasible   80      5.9561e+10 6.1200e+10  2.75%  91.6 1700s
 49214  7974 infeasible   69      5.9561e+10 6.1200e+10  2.75%  91.6 1705s
 49309  7966 6.1200e+10   78   79 5.9561e+10 6.1200e+10  2.75%  91.7 1711s
 49401  7974 infeasible   78      5.9561e+10 6.1200e+10  2.75%  91.7 1715s
 49566  7991 6.1200e+10   80   47 5.9561e+10 6.1200e+10  2.75%  91.7 1720s
 49619  7994 6.1200e+10   76   88 5.9561e+10 6.1200e+10  2.75%  91.8 1725s
 49775  7986 infeasible   79      5.9561e+10 6.1200e+10  2.75%  91.8 1730s
 49907  7978 6.1200e+10   78   77 5.9561e+10 6.1200e+10  2.75%  91.8 1735s
 50075  7988 infeasible   76      5.9561e+10 6.1200e+10  2.75%  91.8 1740s
 50151  7970 6.1200e+10   73   98 5.9561e+10 6.1200e+10  2.75%  91.8 1745s
 50299  8002 6.1200e+10   80   60 5.9561e+10 6.1200e+10  2.75%  91.9 1750s
 50456  7997 6.1200e+10   69   72 5.9561e+10 6.1200e+10  2.75%  91.9 1755s
 50530  7995 6.1200e+10   70  153 5.9561e+10 6.1200e+10  2.75%  91.9 1760s
 50713  7998 6.1200e+10   73   82 5.9561e+10 6.1200e+10  2.75%  91.9 1765s
 50866  7981 infeasible   69      5.9561e+10 6.1200e+10  2.75%  92.0 1770s
 50954  7991 6.1200e+10   69  142 5.9561e+10 6.1200e+10  2.75%  92.0 1777s
 51039  7998 6.1200e+10   73  100 5.9561e+10 6.1200e+10  2.75%  92.1 1780s
 51164  8001 6.1200e+10   70   95 5.9561e+10 6.1200e+10  2.75%  92.2 1786s
 51259  8012 6.1200e+10   72  100 5.9561e+10 6.1200e+10  2.75%  92.2 1790s
 51383  8002 6.1200e+10   80   75 5.9561e+10 6.1200e+10  2.75%  92.2 1795s
 51515  7980 infeasible   75      5.9561e+10 6.1200e+10  2.75%  92.3 1800s
 51610  7973 6.1200e+10   71   79 5.9561e+10 6.1200e+10  2.75%  92.4 1805s
 51758  7995 6.1200e+10   71   90 5.9561e+10 6.1200e+10  2.75%  92.4 1812s
 51829  7994 6.1200e+10   80   88 5.9561e+10 6.1200e+10  2.75%  92.5 1815s
 51991  7980 6.1200e+10   76   50 5.9561e+10 6.1200e+10  2.75%  92.5 1820s
 52133  7982 infeasible   74      5.9561e+10 6.1200e+10  2.75%  92.6 1825s
 52174  7983 6.1200e+10   76   69 5.9561e+10 6.1200e+10  2.75%  92.6 1830s
 52261  7976 6.1200e+10   76   91 5.9561e+10 6.1200e+10  2.75%  92.7 1835s
 52436  8007 6.1200e+10   80   54 5.9561e+10 6.1200e+10  2.75%  92.7 1840s
 52585  8010 6.1200e+10   83   76 5.9561e+10 6.1200e+10  2.75%  92.6 1845s
 52779  7996 6.1200e+10   85   77 5.9561e+10 6.1200e+10  2.75%  92.6 1850s
 52969  7994 6.1200e+10   82   89 5.9561e+10 6.1200e+10  2.75%  92.6 1857s
 53086  7993 infeasible   78      5.9561e+10 6.1200e+10  2.75%  92.6 1860s
 53283  8002 infeasible   82      5.9561e+10 6.1200e+10  2.75%  92.6 1865s
 53477  8004 6.1200e+10   72   94 5.9561e+10 6.1200e+10  2.75%  92.6 1870s
 53616  8007 infeasible   75      5.9561e+10 6.1200e+10  2.75%  92.6 1875s
 53686  8007 infeasible   76      5.9561e+10 6.1200e+10  2.75%  92.7 1880s
 53798  7979 6.1200e+10   78   69 5.9561e+10 6.1200e+10  2.75%  92.7 1885s
 53949  7968 6.1200e+10   75   79 5.9561e+10 6.1200e+10  2.75%  92.8 1890s
 54107  7964 6.1200e+10   74   89 5.9561e+10 6.1200e+10  2.75%  92.8 1897s
 54187  7962 infeasible   77      5.9561e+10 6.1200e+10  2.75%  92.8 1900s
 54326  7961 6.1200e+10   77   75 5.9561e+10 6.1200e+10  2.75%  92.9 1905s
 54491  7962 6.1200e+10   72   88 5.9561e+10 6.1200e+10  2.75%  92.9 1910s
 54616  7955 6.1200e+10   79   60 5.9561e+10 6.1200e+10  2.75%  92.9 1916s
 54737  7944 6.1200e+10   75   94 5.9561e+10 6.1200e+10  2.75%  93.0 1920s
 54789  7946 6.1200e+10   79   55 5.9561e+10 6.1200e+10  2.75%  93.0 1925s
 54933  7946 6.1200e+10   68  115 5.9561e+10 6.1200e+10  2.75%  93.1 1930s
 55013  7950 infeasible   73      5.9561e+10 6.1200e+10  2.75%  93.1 1935s
 55182  7948 6.1200e+10   72   73 5.9561e+10 6.1200e+10  2.75%  93.1 1940s
 55302  7934 6.1200e+10   75   97 5.9561e+10 6.1200e+10  2.75%  93.2 1945s
 55439  7965 6.1200e+10   67   82 5.9561e+10 6.1200e+10  2.75%  93.3 1950s
 55539  7965 6.1200e+10   68  120 5.9561e+10 6.1200e+10  2.75%  93.3 1955s
 55653  7961 infeasible   73      5.9561e+10 6.1200e+10  2.75%  93.4 1960s
 55763  7953 6.1200e+10   70  126 5.9561e+10 6.1200e+10  2.75%  93.6 1965s
 55880  7938 6.1200e+10   67   87 5.9561e+10 6.1200e+10  2.75%  93.7 1970s
 55958  7940 6.1200e+10   75   87 5.9561e+10 6.1200e+10  2.75%  93.7 1975s
 56095  7945 6.1200e+10   74   44 5.9561e+10 6.1200e+10  2.75%  93.8 1980s
 56116  7938 6.1200e+10   68   71 5.9561e+10 6.1200e+10  2.75%  93.8 1986s
 56164  7942 6.1200e+10   75   45 5.9561e+10 6.1200e+10  2.75%  93.8 1990s
 56314  7946 6.1200e+10   76   78 5.9561e+10 6.1200e+10  2.75%  93.9 1995s
 56468  7932 6.1200e+10   67  121 5.9561e+10 6.1200e+10  2.75%  93.9 2000s
 56598  7938 6.1200e+10   67  156 5.9561e+10 6.1200e+10  2.75%  93.9 2008s
 56642  7938 6.1200e+10   72   52 5.9561e+10 6.1200e+10  2.75%  93.9 2010s
 56823  7931 infeasible   79      5.9561e+10 6.1200e+10  2.75%  93.9 2015s
 57002  7994 6.1200e+10   68   99 5.9561e+10 6.1200e+10  2.75%  93.9 2020s
 57198  8012 6.1200e+10   81   93 5.9561e+10 6.1200e+10  2.75%  93.8 2025s
 57418  8016 6.1200e+10   80   93 5.9561e+10 6.1200e+10  2.75%  93.7 2030s
 57440  8018 6.1200e+10   81   75 5.9561e+10 6.1200e+10  2.75%  93.7 2035s
 57583  7999 infeasible   81      5.9561e+10 6.1200e+10  2.75%  93.7 2040s
 57757  7986 infeasible   79      5.9561e+10 6.1200e+10  2.75%  93.7 2045s
 57929  8020 6.1200e+10   74  101 5.9561e+10 6.1200e+10  2.75%  93.6 2050s
 58019  8018 6.1200e+10   69   73 5.9561e+10 6.1200e+10  2.75%  93.6 2056s
 58180  8027 infeasible   74      5.9561e+10 6.1200e+10  2.75%  93.5 2060s
 58338  8015 6.1200e+10   78   57 5.9561e+10 6.1200e+10  2.75%  93.5 2065s
 58518  7997 infeasible   72      5.9561e+10 6.1200e+10  2.75%  93.5 2070s
 58705  8003 6.1200e+10   71   79 5.9561e+10 6.1200e+10  2.75%  93.5 2075s
 58814  7985 6.1200e+10   73   85 5.9561e+10 6.1200e+10  2.75%  93.4 2080s
 58997  8012 6.1200e+10   74   42 5.9561e+10 6.1200e+10  2.75%  93.4 2085s
 59145  8000 infeasible   73      5.9561e+10 6.1200e+10  2.75%  93.3 2090s
 59312  7975 6.1200e+10   69   68 5.9561e+10 6.1200e+10  2.75%  93.3 2095s
 59374  7983 6.1200e+10   76   66 5.9561e+10 6.1200e+10  2.75%  93.3 2100s
 59448  7991 6.1200e+10   65   72 5.9561e+10 6.1200e+10  2.75%  93.3 2105s
 59641  8000 6.1200e+10   72   76 5.9561e+10 6.1200e+10  2.75%  93.2 2110s
 59847  8004 6.1200e+10   81   68 5.9561e+10 6.1200e+10  2.75%  93.2 2115s
 59983  7996 infeasible   76      5.9561e+10 6.1200e+10  2.75%  93.2 2120s
 60138  7975 6.1200e+10   72   60 5.9561e+10 6.1200e+10  2.75%  93.2 2125s
 60246  7973 6.1200e+10   72   61 5.9561e+10 6.1200e+10  2.75%  93.2 2130s
 60428  7961 6.1200e+10   73   83 5.9561e+10 6.1200e+10  2.75%  93.2 2135s
 60569  7958 infeasible   72      5.9561e+10 6.1200e+10  2.75%  93.3 2140s
 60700  7955 6.1200e+10   71   91 5.9561e+10 6.1200e+10  2.75%  93.4 2147s
 60755  7946 6.1200e+10   64  120 5.9561e+10 6.1200e+10  2.75%  93.4 2153s
 60816  7949 infeasible   76      5.9561e+10 6.1200e+10  2.75%  93.4 2155s
 61004  7951 infeasible   72      5.9561e+10 6.1200e+10  2.75%  93.3 2160s
 61143  7924 6.1200e+10   74  100 5.9561e+10 6.1200e+10  2.75%  93.4 2165s
 61204  7925 6.1200e+10   63  125 5.9561e+10 6.1200e+10  2.75%  93.4 2170s
 61323  7924 6.1200e+10   66   96 5.9561e+10 6.1200e+10  2.75%  93.5 2175s
 61465  7938 6.1200e+10   77   80 5.9561e+10 6.1200e+10  2.75%  93.5 2180s
 61673  7946 infeasible   82      5.9561e+10 6.1200e+10  2.75%  93.5 2185s
 61788  7933 infeasible   72      5.9561e+10 6.1200e+10  2.75%  93.4 2190s
 61977  7934 infeasible   75      5.9561e+10 6.1200e+10  2.75%  93.4 2195s
 62097  7930 infeasible   72      5.9561e+10 6.1200e+10  2.75%  93.4 2200s
 62225  7922 6.1200e+10   67   95 5.9561e+10 6.1200e+10  2.75%  93.4 2205s
 62358  7959 infeasible   65      5.9561e+10 6.1200e+10  2.75%  93.4 2210s
 62423  7964 6.1200e+10   69   73 5.9561e+10 6.1200e+10  2.75%  93.4 2215s
 62536  7973 infeasible   79      5.9561e+10 6.1200e+10  2.75%  93.3 2220s
 62692  7965 6.1200e+10   63   83 5.9561e+10 6.1200e+10  2.75%  93.4 2225s
 62872  7969 infeasible   70      5.9561e+10 6.1200e+10  2.75%  93.3 2230s
 63051  7968 infeasible   68      5.9561e+10 6.1200e+10  2.75%  93.3 2235s
 63140  7957 6.1200e+10   74   78 5.9561e+10 6.1200e+10  2.75%  93.3 2240s
 63253  7962 infeasible   87      5.9561e+10 6.1200e+10  2.75%  93.2 2245s
 63449  7978 infeasible   68      5.9561e+10 6.1200e+10  2.75%  93.2 2250s
 63546  7975 6.1200e+10   81   84 5.9561e+10 6.1200e+10  2.75%  93.2 2255s
 63733  7966 infeasible   72      5.9561e+10 6.1200e+10  2.75%  93.2 2260s
 63883  7942 infeasible   78      5.9561e+10 6.1200e+10  2.75%  93.3 2265s
 64017  7934 6.1200e+10   65   82 5.9561e+10 6.1200e+10  2.75%  93.3 2271s
 64020  7933 6.1200e+10   66   75 5.9561e+10 6.1200e+10  2.75%  93.3 2275s
 64188  7953 6.1200e+10   68   89 5.9561e+10 6.1200e+10  2.75%  93.3 2280s
 64340  7949 infeasible   79      5.9561e+10 6.1200e+10  2.75%  93.4 2285s
 64432  7941 6.1200e+10   74   77 5.9561e+10 6.1200e+10  2.75%  93.4 2290s
 64618  7953 infeasible   80      5.9561e+10 6.1200e+10  2.75%  93.4 2295s
 64751  7956 infeasible   68      5.9561e+10 6.1200e+10  2.75%  93.4 2300s
 64950  7935 6.1200e+10   63   87 5.9561e+10 6.1200e+10  2.75%  93.3 2305s
 65091  7960 6.1200e+10   79   42 5.9561e+10 6.1200e+10  2.75%  93.3 2310s
 65267  7936 infeasible   75      5.9561e+10 6.1200e+10  2.75%  93.3 2315s
 65355  7950 infeasible   69      5.9561e+10 6.1200e+10  2.75%  93.3 2320s
 65425  7950 infeasible   76      5.9561e+10 6.1200e+10  2.75%  93.4 2325s
 65571  7946 6.1200e+10   71   79 5.9561e+10 6.1200e+10  2.75%  93.4 2330s
 65651  7942 infeasible   79      5.9561e+10 6.1200e+10  2.75%  93.4 2335s
 65796  7927 6.1200e+10   75   69 5.9561e+10 6.1200e+10  2.75%  93.4 2340s
 65933  7938 6.1200e+10   74   70 5.9561e+10 6.1200e+10  2.75%  93.5 2345s
 66033  7934 6.1200e+10   67   93 5.9561e+10 6.1200e+10  2.75%  93.5 2350s
 66065  7930 6.1200e+10   62  115 5.9561e+10 6.1200e+10  2.75%  93.5 2355s
 66226  7931 6.1200e+10   65   82 5.9561e+10 6.1200e+10  2.75%  93.5 2360s
 66325  7922 6.1200e+10   67   80 5.9561e+10 6.1200e+10  2.75%  93.6 2367s
 66333  7918 infeasible   67      5.9561e+10 6.1200e+10  2.75%  93.6 2370s
 66484  7923 6.1200e+10   67   69 5.9561e+10 6.1200e+10  2.75%  93.6 2375s
 66625  7920 6.1200e+10   73   76 5.9561e+10 6.1200e+10  2.75%  93.7 2380s
 66732  7921 6.1200e+10   73  101 5.9561e+10 6.1200e+10  2.75%  93.7 2387s
 66801  7928 6.1200e+10   66   35 5.9561e+10 6.1200e+10  2.75%  93.7 2390s
 66948  7938 infeasible   79      5.9561e+10 6.1200e+10  2.75%  93.7 2395s
 67113  7937 infeasible   84      5.9561e+10 6.1200e+10  2.75%  93.8 2400s
 67265  7923 6.1200e+10   78   56 5.9561e+10 6.1200e+10  2.75%  93.8 2405s
 67407  7923 6.1200e+10   81   79 5.9561e+10 6.1200e+10  2.75%  93.8 2410s
 67457  7917 infeasible   79      5.9561e+10 6.1200e+10  2.75%  93.9 2415s
 67525  7917 6.1200e+10   78   58 5.9561e+10 6.1200e+10  2.75%  93.9 2420s
 67620  7920 6.1200e+10   80   95 5.9561e+10 6.1200e+10  2.75%  94.1 2425s
 67710  7920 6.1200e+10   78   68 5.9561e+10 6.1200e+10  2.75%  94.2 2430s
 67790  7926 6.1200e+10   74  111 5.9561e+10 6.1200e+10  2.75%  94.2 2435s
 67825  7925 6.1200e+10   78   92 5.9561e+10 6.1200e+10  2.75%  94.3 2440s
 67871  7929 6.1200e+10   74   84 5.9561e+10 6.1200e+10  2.75%  94.3 2445s
 67959  7925 6.1200e+10   84  139 5.9561e+10 6.1200e+10  2.75%  94.4 2450s
 68056  7908 6.1200e+10   77   89 5.9561e+10 6.1200e+10  2.75%  94.6 2455s
 68198  7896 infeasible   77      5.9561e+10 6.1200e+10  2.75%  94.6 2460s
 68323  7939 infeasible   70      5.9561e+10 6.1200e+10  2.75%  94.7 2465s
 68412  7959 infeasible   71      5.9561e+10 6.1200e+10  2.75%  94.7 2470s
 68517  8000 6.1200e+10   62  135 5.9561e+10 6.1200e+10  2.75%  94.7 2475s
 68646  8029 6.1200e+10   66  105 5.9561e+10 6.1200e+10  2.75%  94.7 2480s
 68774  8030 6.0030e+10   77   50 5.9561e+10 6.1200e+10  2.75%  94.8 2485s
 68805  8035 6.1200e+10   71   86 5.9561e+10 6.1200e+10  2.75%  94.8 2491s
 68919  8065 infeasible   73      5.9561e+10 6.1200e+10  2.75%  94.8 2495s
 69036  8074 6.1200e+10   78   57 5.9561e+10 6.1200e+10  2.75%  94.9 2500s
 69122  8075 infeasible   76      5.9561e+10 6.1200e+10  2.75%  94.9 2505s
 69232  8064 infeasible   75      5.9561e+10 6.1200e+10  2.75%  95.1 2510s
 69338  8077 6.1200e+10   79   75 5.9561e+10 6.1200e+10  2.75%  95.1 2515s
 69458  8081 infeasible   80      5.9561e+10 6.1200e+10  2.75%  95.1 2520s
 69557  8060 infeasible   67      5.9561e+10 6.1200e+10  2.75%  95.3 2525s
 69642  8079 infeasible   73      5.9561e+10 6.1200e+10  2.75%  95.3 2530s
 69770  8087 6.1200e+10   73   76 5.9561e+10 6.1200e+10  2.75%  95.4 2537s
 69825  8089 6.1200e+10   72   70 5.9561e+10 6.1200e+10  2.75%  95.4 2540s
 69923  8088 infeasible   77      5.9561e+10 6.1200e+10  2.75%  95.4 2545s
 70048  8095 infeasible   82      5.9561e+10 6.1200e+10  2.75%  95.4 2550s
 70182  8107 infeasible   82      5.9561e+10 6.1200e+10  2.75%  95.5 2555s
 70306  8109 6.1200e+10   78   64 5.9561e+10 6.1200e+10  2.75%  95.5 2560s
 70451  8100 infeasible   78      5.9561e+10 6.1200e+10  2.75%  95.5 2565s
 70588  8091 6.1200e+10   78   75 5.9561e+10 6.1200e+10  2.75%  95.5 2570s
 70703  8094 6.1200e+10   65  118 5.9561e+10 6.1200e+10  2.75%  95.5 2575s
 70790  8125 6.0030e+10   75   58 5.9561e+10 6.1200e+10  2.75%  95.6 2582s
 70840  8137 6.1200e+10   71  102 5.9561e+10 6.1200e+10  2.75%  95.5 2585s
 70983  8138 6.1183e+10   74  104 5.9561e+10 6.1200e+10  2.75%  95.5 2590s
 71114  8134 6.1200e+10   70  109 5.9561e+10 6.1200e+10  2.75%  95.6 2595s
 71188  8151 6.1198e+10   77  104 5.9561e+10 6.1200e+10  2.75%  95.6 2600s
 71322  8163 infeasible   77      5.9561e+10 6.1200e+10  2.75%  95.7 2605s
 71443  8153 6.1126e+10   76  100 5.9561e+10 6.1200e+10  2.75%  95.7 2610s
 71504  8159 infeasible   76      5.9561e+10 6.1200e+10  2.75%  95.7 2615s
 71652  8178 6.1131e+10   79   87 5.9561e+10 6.1200e+10  2.75%  95.8 2620s
 71781  8165 6.0030e+10   69   83 5.9561e+10 6.1200e+10  2.75%  95.8 2625s
 71834  8169 6.1200e+10   72   70 5.9561e+10 6.1200e+10  2.75%  95.8 2630s
 71956  8191 6.1133e+10   72  104 5.9561e+10 6.1200e+10  2.75%  95.8 2635s
 72053  8210 infeasible   70      5.9561e+10 6.1200e+10  2.75%  95.8 2640s
 72191  8215 infeasible   76      5.9561e+10 6.1200e+10  2.75%  95.9 2645s
 72303  8216 6.1135e+10   77   95 5.9561e+10 6.1200e+10  2.75%  95.9 2650s
 72427  8220 infeasible   75      5.9561e+10 6.1200e+10  2.75%  95.9 2655s
 72584  8239 infeasible   77      5.9561e+10 6.1200e+10  2.75%  96.0 2660s
 72678  8247 infeasible   74      5.9561e+10 6.1200e+10  2.75%  96.0 2665s
 72825  8258 6.1200e+10   78   70 5.9561e+10 6.1200e+10  2.75%  95.9 2670s
 72919  8283 6.0030e+10   75   52 5.9561e+10 6.1200e+10  2.75%  96.0 2676s
 72978  8282 6.1200e+10   64  133 5.9561e+10 6.1200e+10  2.75%  96.0 2683s
 73041  8289 6.1200e+10   72   92 5.9561e+10 6.1200e+10  2.75%  96.0 2685s
 73171  8279 infeasible   74      5.9561e+10 6.1200e+10  2.75%  96.0 2690s
 73286  8280 6.1200e+10   65  164 5.9561e+10 6.1200e+10  2.75%  96.1 2695s
 73412  8274 6.1200e+10   67  168 5.9561e+10 6.1200e+10  2.75%  96.1 2700s
 73512  8298 infeasible   76      5.9561e+10 6.1200e+10  2.75%  96.2 2705s
 73643  8305 6.1200e+10   70  117 5.9561e+10 6.1200e+10  2.75%  96.2 2710s
 73689  8297 infeasible   67      5.9561e+10 6.1200e+10  2.75%  96.3 2715s
 73852  8308 6.1200e+10   81   62 5.9561e+10 6.1200e+10  2.75%  96.2 2722s
 73921  8289 infeasible   73      5.9561e+10 6.1200e+10  2.75%  96.3 2725s
 74088  8296 6.1200e+10   68   99 5.9561e+10 6.1200e+10  2.75%  96.3 2730s
 74165  8289 6.1200e+10   70   79 5.9561e+10 6.1200e+10  2.75%  96.4 2735s
 74365  8303 infeasible   83      5.9561e+10 6.1200e+10  2.75%  96.3 2740s
 74547  8293 infeasible   72      5.9561e+10 6.1200e+10  2.75%  96.3 2745s
 74656  8310 6.1200e+10   76   83 5.9561e+10 6.1200e+10  2.75%  96.3 2750s
 74822  8312 infeasible   78      5.9561e+10 6.1200e+10  2.75%  96.3 2755s
 74923  8303 6.1200e+10   70   78 5.9561e+10 6.1200e+10  2.75%  96.3 2760s
 74988  8300 6.1200e+10   70   88 5.9561e+10 6.1200e+10  2.75%  96.3 2766s
 75122  8304 6.1200e+10   72   79 5.9561e+10 6.1200e+10  2.75%  96.2 2770s
 75282  8306 6.1200e+10   78   68 5.9561e+10 6.1200e+10  2.75%  96.3 2775s
 75411  8303 infeasible   77      5.9561e+10 6.1200e+10  2.75%  96.3 2780s
 75581  8289 infeasible   71      5.9561e+10 6.1200e+10  2.75%  96.3 2785s
 75757  8303 6.1200e+10   85   58 5.9561e+10 6.1200e+10  2.75%  96.3 2790s
 75935  8303 6.1200e+10   69   90 5.9561e+10 6.1200e+10  2.75%  96.3 2795s
 76041  8307 6.1200e+10   71   83 5.9561e+10 6.1200e+10  2.75%  96.2 2800s
 76226  8304 6.1200e+10   79   69 5.9561e+10 6.1200e+10  2.75%  96.2 2805s
 76311  8293 6.1200e+10   76   51 5.9561e+10 6.1200e+10  2.75%  96.2 2810s
 76419  8295 infeasible   78      5.9561e+10 6.1200e+10  2.75%  96.2 2815s
 76528  8290 6.1200e+10   64   87 5.9561e+10 6.1200e+10  2.75%  96.2 2820s
 76711  8293 infeasible   75      5.9561e+10 6.1200e+10  2.75%  96.2 2825s
 76862  8304 infeasible   78      5.9561e+10 6.1200e+10  2.75%  96.2 2830s
 77001  8307 6.1200e+10   75   74 5.9561e+10 6.1200e+10  2.75%  96.2 2836s
 77152  8300 6.1200e+10   82   42 5.9561e+10 6.1200e+10  2.75%  96.1 2840s
 77355  8295 infeasible   75      5.9561e+10 6.1200e+10  2.75%  96.1 2845s
 77537  8313 6.1200e+10   73   70 5.9561e+10 6.1200e+10  2.75%  96.0 2850s
 77649  8299 infeasible   75      5.9561e+10 6.1200e+10  2.75%  96.0 2855s
 77779  8303 6.1200e+10   76   77 5.9561e+10 6.1200e+10  2.75%  96.0 2860s
 77967  8307 6.1200e+10   79   53 5.9561e+10 6.1200e+10  2.75%  96.0 2865s
 78099  8305 6.1200e+10   77   57 5.9561e+10 6.1200e+10  2.75%  96.0 2870s
 78255  8295 infeasible   82      5.9561e+10 6.1200e+10  2.75%  96.0 2875s
 78399  8301 6.1200e+10   75   63 5.9561e+10 6.1200e+10  2.75%  96.0 2881s
 78416  8296 infeasible   70      5.9561e+10 6.1200e+10  2.75%  96.0 2885s
 78589  8299 6.1200e+10   71   93 5.9561e+10 6.1200e+10  2.75%  96.1 2890s
 78713  8295 infeasible   80      5.9561e+10 6.1200e+10  2.75%  96.1 2895s
 78879  8295 infeasible   74      5.9561e+10 6.1200e+10  2.75%  96.1 2900s
 78998  8300 6.1200e+10   72   63 5.9561e+10 6.1200e+10  2.75%  96.1 2905s
 79177  8301 6.1200e+10   74   74 5.9561e+10 6.1200e+10  2.75%  96.0 2910s
 79289  8299 6.1200e+10   76   73 5.9561e+10 6.1200e+10  2.75%  96.0 2915s
 79482  8300 infeasible   77      5.9561e+10 6.1200e+10  2.75%  96.0 2920s
 79693  8299 infeasible   83      5.9561e+10 6.1200e+10  2.75%  95.9 2925s
 79812  8298 6.1200e+10   76   61 5.9561e+10 6.1200e+10  2.75%  95.8 2931s
 79905  8291 infeasible   69      5.9561e+10 6.1200e+10  2.75%  95.8 2935s
 80057  8285 infeasible   77      5.9561e+10 6.1200e+10  2.75%  95.8 2940s
 80206  8280 infeasible   72      5.9561e+10 6.1200e+10  2.75%  95.8 2945s
 80303  8290 6.1200e+10   74   49 5.9561e+10 6.1200e+10  2.75%  95.8 2950s
 80403  8280 infeasible   63      5.9561e+10 6.1200e+10  2.75%  95.9 2955s
 80574  8275 6.1200e+10   72  125 5.9561e+10 6.1200e+10  2.75%  95.9 2960s
 80707  8290 6.1200e+10   78   70 5.9561e+10 6.1200e+10  2.75%  96.0 2966s
 80773  8280 6.1200e+10   72   68 5.9561e+10 6.1200e+10  2.75%  96.0 2970s
 80951  8292 6.1200e+10   82   41 5.9561e+10 6.1200e+10  2.75%  96.0 2975s
 81047  8281 6.0030e+10   74   72 5.9561e+10 6.1200e+10  2.75%  96.1 2980s
 81105  8304 6.1200e+10   77   72 5.9561e+10 6.1200e+10  2.75%  96.1 2985s
 81150  8308 6.1200e+10   69   97 5.9561e+10 6.1200e+10  2.75%  96.1 2990s
 81310  8352 infeasible   73      5.9561e+10 6.1200e+10  2.75%  96.1 2995s
 81453  8367 6.1200e+10   68   87 5.9561e+10 6.1200e+10  2.75%  96.1 3000s
 81568  8372 6.1200e+10   65   96 5.9561e+10 6.1200e+10  2.75%  96.1 3007s
 81647  8399 6.1200e+10   67   95 5.9561e+10 6.1200e+10  2.75%  96.1 3010s
 81822  8396 6.1200e+10   67   61 5.9561e+10 6.1200e+10  2.75%  96.1 3015s
 81946  8398 infeasible   73      5.9561e+10 6.1200e+10  2.75%  96.2 3020s
 82013  8401 6.1200e+10   76  124 5.9561e+10 6.1200e+10  2.75%  96.2 3028s
 82071  8401 infeasible   77      5.9561e+10 6.1200e+10  2.75%  96.2 3030s
 82194  8392 6.1200e+10   64  118 5.9561e+10 6.1200e+10  2.75%  96.3 3035s
 82355  8389 6.1200e+10   65   94 5.9561e+10 6.1200e+10  2.75%  96.3 3040s
 82495  8390 6.1200e+10   61  110 5.9561e+10 6.1200e+10  2.75%  96.4 3045s
 82632  8411 infeasible   70      5.9561e+10 6.1200e+10  2.75%  96.4 3050s
 82695  8434 infeasible   72      5.9561e+10 6.1200e+10  2.75%  96.4 3055s
 82741  8434 6.1200e+10   64  104 5.9561e+10 6.1200e+10  2.75%  96.4 3060s
 82931  8456 6.1200e+10   70   77 5.9561e+10 6.1200e+10  2.75%  96.3 3065s
 83045  8464 6.1200e+10   73   73 5.9561e+10 6.1200e+10  2.75%  96.4 3070s
 83167  8482 infeasible   81      5.9561e+10 6.1200e+10  2.75%  96.4 3075s
 83312  8473 infeasible   72      5.9561e+10 6.1200e+10  2.75%  96.4 3080s
 83371  8470 6.1200e+10   70  107 5.9561e+10 6.1200e+10  2.75%  96.4 3085s
 83499  8468 6.1200e+10   70  109 5.9561e+10 6.1200e+10  2.75%  96.4 3090s
 83662  8459 6.1200e+10   72   56 5.9561e+10 6.1200e+10  2.75%  96.4 3095s
 83798  8457 infeasible   73      5.9561e+10 6.1200e+10  2.75%  96.5 3100s
 83903  8458 6.1200e+10   73   71 5.9561e+10 6.1200e+10  2.75%  96.5 3105s
 83974  8449 6.1200e+10   72   97 5.9561e+10 6.1200e+10  2.75%  96.5 3110s
 84125  8456 6.1200e+10   79   87 5.9561e+10 6.1200e+10  2.75%  96.6 3115s
 84215  8452 infeasible   73      5.9561e+10 6.1200e+10  2.75%  96.6 3120s
 84322  8451 6.1200e+10   80   37 5.9561e+10 6.1200e+10  2.75%  96.6 3125s
 84417  8442 6.1200e+10   69   59 5.9561e+10 6.1200e+10  2.75%  96.6 3130s
 84501  8448 6.1200e+10   72   58 5.9561e+10 6.1200e+10  2.75%  96.6 3136s
 84599  8448 infeasible   78      5.9561e+10 6.1200e+10  2.75%  96.6 3140s
 84651  8442 infeasible   78      5.9561e+10 6.1200e+10  2.75%  96.6 3145s
 84822  8455 6.1200e+10   80   62 5.9561e+10 6.1200e+10  2.75%  96.6 3150s
 84948  8429 infeasible   74      5.9561e+10 6.1200e+10  2.75%  96.7 3155s
 85036  8429 6.1200e+10   67  107 5.9561e+10 6.1200e+10  2.75%  96.8 3160s
 85144  8431 6.1112e+10   72  105 5.9561e+10 6.1200e+10  2.75%  96.8 3165s
 85251  8432 6.1200e+10   72   77 5.9561e+10 6.1200e+10  2.75%  96.9 3170s
 85353  8441 6.1200e+10   71   67 5.9561e+10 6.1200e+10  2.75%  96.9 3175s
 85486  8442 6.1200e+10   67   88 5.9561e+10 6.1200e+10  2.75%  97.0 3181s
 85608  8436 infeasible   74      5.9561e+10 6.1200e+10  2.75%  97.0 3185s
 85729  8439 6.1199e+10   71  128 5.9561e+10 6.1200e+10  2.75%  97.1 3190s
 85798  8463 6.1200e+10   67   48 5.9561e+10 6.1200e+10  2.75%  97.1 3195s
 85864  8474 6.1200e+10   63  113 5.9561e+10 6.1200e+10  2.75%  97.1 3200s
 86019  8498 6.1200e+10   64   91 5.9561e+10 6.1200e+10  2.75%  97.1 3205s
 86131  8550 infeasible   78      5.9561e+10 6.1200e+10  2.75%  97.1 3210s
 86293  8599 6.1200e+10   59  128 5.9561e+10 6.1200e+10  2.75%  97.1 3215s
 86384  8606 6.1200e+10   68  112 5.9561e+10 6.1200e+10  2.75%  97.1 3220s
 86526  8610 6.1200e+10   70   64 5.9561e+10 6.1200e+10  2.75%  97.1 3225s
 86690  8604 infeasible   74      5.9561e+10 6.1200e+10  2.75%  97.1 3230s
 86821  8607 6.0731e+10   69   42 5.9561e+10 6.1200e+10  2.75%  97.1 3235s
 86838  8606 6.1200e+10   66   70 5.9561e+10 6.1200e+10  2.75%  97.1 3240s
 86989  8671 infeasible   68      5.9561e+10 6.1200e+10  2.75%  97.1 3245s
 87105  8691 6.1200e+10   68   83 5.9561e+10 6.1200e+10  2.75%  97.1 3250s
 87294  8698 infeasible   79      5.9561e+10 6.1200e+10  2.75%  97.0 3255s
 87419  8756 6.1200e+10   65   52 5.9561e+10 6.1200e+10  2.75%  97.1 3260s
 87509  8780 6.1200e+10   75   89 5.9561e+10 6.1200e+10  2.75%  97.1 3265s
 87644  8848 6.1200e+10   67  121 5.9561e+10 6.1200e+10  2.75%  97.1 3270s
 87758  8897 6.1200e+10   62  108 5.9561e+10 6.1200e+10  2.75%  97.1 3275s
 87883  8932 infeasible   69      5.9561e+10 6.1200e+10  2.75%  97.2 3280s
 87958  8944 6.1200e+10   63  136 5.9561e+10 6.1200e+10  2.75%  97.2 3285s
 87986  8959 6.1169e+10   78   68 5.9561e+10 6.1200e+10  2.75%  97.2 3290s
 88104  8964 6.1197e+10   78  127 5.9561e+10 6.1200e+10  2.75%  97.3 3295s
 88214  8972 infeasible   80      5.9561e+10 6.1200e+10  2.75%  97.4 3300s
 88347  8987 6.1200e+10   76   76 5.9561e+10 6.1200e+10  2.75%  97.4 3305s
 88460  8978 6.1200e+10   63  144 5.9561e+10 6.1200e+10  2.75%  97.5 3310s
 88546  8984 6.1200e+10   68  117 5.9561e+10 6.1200e+10  2.75%  97.5 3315s
 88652  8986 6.1200e+10   71  103 5.9561e+10 6.1200e+10  2.75%  97.6 3320s
 88743  8985 6.1200e+10   72   64 5.9561e+10 6.1200e+10  2.75%  97.7 3325s
 88782  8986 infeasible   73      5.9561e+10 6.1200e+10  2.75%  97.7 3330s
 88884  8976 infeasible   67      5.9561e+10 6.1200e+10  2.75%  97.8 3335s
 88969  8975 6.1200e+10   73  126 5.9561e+10 6.1200e+10  2.75%  97.9 3340s
 89050  8975 6.1200e+10   69   93 5.9561e+10 6.1200e+10  2.75%  98.0 3345s
 89123  8979 6.0030e+10   82   45 5.9561e+10 6.1200e+10  2.75%  98.1 3352s
 89155  8984 6.1200e+10   55  166 5.9561e+10 6.1200e+10  2.75%  98.1 3355s
 89259  9014 infeasible   66      5.9561e+10 6.1200e+10  2.75%  98.2 3360s
 89371  9031 6.1200e+10   65  102 5.9561e+10 6.1200e+10  2.75%  98.2 3365s
 89513  9041 6.1200e+10   66   65 5.9561e+10 6.1200e+10  2.75%  98.2 3371s
 89687  9045 infeasible   78      5.9561e+10 6.1200e+10  2.75%  98.1 3375s
 89847  9041 infeasible   71      5.9561e+10 6.1200e+10  2.75%  98.2 3380s
 89975  9053 infeasible   76      5.9561e+10 6.1200e+10  2.75%  98.2 3385s
 90125  9041 infeasible   72      5.9561e+10 6.1200e+10  2.75%  98.2 3390s
 90261  9055 6.1200e+10   79   66 5.9561e+10 6.1200e+10  2.75%  98.2 3395s
 90341  9051 6.1200e+10   78   73 5.9561e+10 6.1200e+10  2.75%  98.2 3400s
 90477  9047 6.1200e+10   75   58 5.9561e+10 6.1200e+10  2.75%  98.3 3407s
 90566  9050 6.1200e+10   73   80 5.9561e+10 6.1200e+10  2.75%  98.2 3410s
 90696  9040 6.1200e+10   71   95 5.9561e+10 6.1200e+10  2.75%  98.3 3415s
 90833  9047 infeasible   77      5.9561e+10 6.1200e+10  2.75%  98.3 3420s
 91006  9044 6.1200e+10   69   77 5.9561e+10 6.1200e+10  2.75%  98.3 3425s
 91105  9047 6.1200e+10   76   69 5.9561e+10 6.1200e+10  2.75%  98.3 3430s
 91250  9042 infeasible   66      5.9561e+10 6.1200e+10  2.75%  98.3 3435s
 91420  9056 6.1200e+10   82   37 5.9561e+10 6.1200e+10  2.75%  98.3 3440s
 91580  9046 infeasible   72      5.9561e+10 6.1200e+10  2.75%  98.3 3445s
 91735  9047 6.1200e+10   69   97 5.9561e+10 6.1200e+10  2.75%  98.3 3450s
 91766  9044 6.1200e+10   73   69 5.9561e+10 6.1200e+10  2.75%  98.3 3457s
 91851  9043 infeasible   71      5.9561e+10 6.1200e+10  2.75%  98.3 3460s
 92023  9043 infeasible   77      5.9561e+10 6.1200e+10  2.75%  98.4 3465s
 92167  9041 6.1200e+10   73   78 5.9561e+10 6.1200e+10  2.75%  98.5 3472s
 92261  9047 infeasible   79      5.9561e+10 6.1200e+10  2.75%  98.5 3475s
 92433  9043 infeasible   75      5.9561e+10 6.1200e+10  2.75%  98.5 3480s
 92555  9039 6.1200e+10   75   91 5.9561e+10 6.1200e+10  2.75%  98.5 3485s
 92726  9048 infeasible   71      5.9561e+10 6.1200e+10  2.75%  98.5 3490s
 92846  9060 6.1200e+10   66  129 5.9561e+10 6.1200e+10  2.75%  98.6 3495s
 92885  9067 6.1200e+10   79   91 5.9561e+10 6.1200e+10  2.75%  98.6 3500s
 93023  9095 6.1200e+10   66  102 5.9561e+10 6.1200e+10  2.75%  98.6 3505s
 93204  9142 infeasible   72      5.9561e+10 6.1200e+10  2.75%  98.5 3510s
 93307  9155 6.1200e+10   75   81 5.9561e+10 6.1200e+10  2.75%  98.5 3515s
 93449  9163 6.1200e+10   66  102 5.9561e+10 6.1200e+10  2.75%  98.5 3520s
 93574  9160 infeasible   69      5.9561e+10 6.1200e+10  2.75%  98.5 3525s
 93685  9163 6.1200e+10   71   67 5.9561e+10 6.1200e+10  2.75%  98.5 3530s
 93817  9159 infeasible   70      5.9561e+10 6.1200e+10  2.75%  98.5 3535s
 93940  9156 6.1200e+10   69  117 5.9561e+10 6.1200e+10  2.75%  98.5 3540s
 94007  9169 6.1200e+10   80   67 5.9561e+10 6.1200e+10  2.75%  98.5 3545s
 94080  9180 6.1200e+10   74  102 5.9561e+10 6.1200e+10  2.75%  98.6 3551s
 94170  9182 infeasible   62      5.9561e+10 6.1200e+10  2.75%  98.6 3555s
 94283  9179 6.1200e+10   73   92 5.9561e+10 6.1200e+10  2.75%  98.7 3560s
 94343  9181 6.1200e+10   75   94 5.9561e+10 6.1200e+10  2.75%  98.7 3565s
 94462  9183 6.1186e+10   69   78 5.9561e+10 6.1200e+10  2.75%  98.7 3570s
 94600  9176 6.1200e+10   66  110 5.9561e+10 6.1200e+10  2.75%  98.8 3575s
 94724  9184 6.1200e+10   74   62 5.9561e+10 6.1200e+10  2.75%  98.8 3580s
 94765  9183 6.1200e+10   67  105 5.9561e+10 6.1200e+10  2.75%  98.9 3585s
 94887  9185 infeasible   80      5.9561e+10 6.1200e+10  2.75%  98.9 3590s
 94987  9177 6.1200e+10   70   85 5.9561e+10 6.1200e+10  2.75%  99.0 3595s

Cutting planes:
  Learned: 368
  Gomory: 317
  Lift-and-project: 18
  Cover: 4720
  Implied bound: 1099
  Projected implied bound: 7
  Clique: 226
  MIR: 499
  Mixing: 7
  StrongCG: 29
  Flow cover: 2433
  GUB cover: 21
  Inf proof: 2122
  Zero half: 12
  RLT: 384
  Relax-and-lift: 414
  BQP: 16

Explored 95098 nodes (9461831 simplex iterations) in 3599.66 seconds (1925.90 work units)
Thread count was 1 (of 28 available processors)

Solution count 10: 5.95611e+10 5.886e+10 5.769e+10 ... 1.1261e+10

Time limit reached
Best objective 5.956108092000e+10, best bound 6.120003402000e+10, gap 2.7517%

User-callback calls 1484873, time in user-callback 1.01 sec