Gurobi Optimizer version 12.0.3 build v12.0.3rc0 (linux64 - "Oracle Linux Server 9.4")

CPU model: Intel(R) Xeon(R) CPU E5-2660 v4 @ 2.00GHz, instruction set [SSE2|AVX|AVX2]
Thread count: 28 physical cores, 28 logical processors, using up to 1 threads

Non-default parameters:
TimeLimit  3599.592232394
SoftMemLimit  16
NumericFocus  1
Threads  1

Academic license 2690100 - for non-commercial use only - registered to ju___@uclm.es
Optimize a model with 9164 rows, 2268 columns and 31616 nonzeros
Model fingerprint: 0xc8cb6783
Variable types: 54 continuous, 2214 integer (2214 binary)
Coefficient statistics:
  Matrix range     [1e+00, 2e+13]
  Objective range  [1e+09, 6e+09]
  Bounds range     [1e+03, 1e+04]
  RHS range        [1e+00, 2e+14]
Warning: Model contains large matrix coefficient range
Warning: Model contains large objective coefficients
Warning: Model contains large rhs
Found heuristic solution: objective -0.0000000
Presolve removed 2641 rows and 324 columns
Presolve time: 0.15s
Presolved: 6523 rows, 1944 columns, 23885 nonzeros
Variable types: 54 continuous, 1890 integer (1890 binary)

Root relaxation: objective 8.432855e+10, 806 iterations, 0.02 seconds (0.01 work units)

    Nodes    |    Current Node    |     Objective Bounds      |     Work
 Expl Unexpl |  Obj  Depth IntInf | Incumbent    BestBd   Gap | It/Node Time

     0     0 8.4329e+10    0   45   -0.00000 8.4329e+10      -     -    0s
H    0     0                    1.116352e+10 8.4329e+10   655%     -    0s
     0     0 8.4313e+10    0  121 1.1164e+10 8.4313e+10   655%     -    0s
     0     0 8.4313e+10    0   97 1.1164e+10 8.4313e+10   655%     -    0s
     0     0 8.4313e+10    0  107 1.1164e+10 8.4313e+10   655%     -    0s
H    0     0                    2.982066e+10 8.4313e+10   183%     -    0s
     0     0 8.4313e+10    0  104 2.9821e+10 8.4313e+10   183%     -    0s
     0     0 8.4313e+10    0   10 2.9821e+10 8.4313e+10   183%     -    0s
     0     0 8.4313e+10    0   12 2.9821e+10 8.4313e+10   183%     -    0s
     0     0 8.4313e+10    0   10 2.9821e+10 8.4313e+10   183%     -    1s
     0     0 8.4313e+10    0    8 2.9821e+10 8.4313e+10   183%     -    1s
     0     0 8.4313e+10    0   15 2.9821e+10 8.4313e+10   183%     -    1s
     0     0 8.4313e+10    0   10 2.9821e+10 8.4313e+10   183%     -    1s
     0     0 8.4313e+10    0   10 2.9821e+10 8.4313e+10   183%     -    1s
H    0     0                    5.857284e+10 8.4313e+10  43.9%     -    1s
H    0     0                    7.113965e+10 8.4313e+10  18.5%     -    1s
H    0     0                    7.141570e+10 8.4313e+10  18.1%     -    1s
H    0     0                    7.492570e+10 8.4313e+10  12.5%     -    1s
     0     2 8.4313e+10    0   10 7.4926e+10 8.4313e+10  12.5%     -    1s
   452   293 8.4313e+10   77  212 7.4926e+10 8.4313e+10  12.5%  43.6    5s
   749   416 8.0642e+10   87   11 7.4926e+10 8.4313e+10  12.5%  33.6   10s
   979   519 8.4313e+10   37   23 7.4926e+10 8.4313e+10  12.5%  45.5   15s
  1315   594 8.4313e+10   69   93 7.4926e+10 8.4313e+10  12.5%  39.5   20s
  1497   693 8.1079e+10  229   36 7.4926e+10 8.4313e+10  12.5%  36.8   25s
H 1752   809                    7.579251e+10 8.4313e+10  11.2%  33.5   28s
  1878   843 8.4313e+10  140   50 7.5793e+10 8.4313e+10  11.2%  32.3   30s
  2140   770 8.4313e+10  113  134 7.5793e+10 8.4313e+10  11.2%  31.0   35s
  2576   966 8.4313e+10  119  138 7.5793e+10 8.4313e+10  11.2%  28.5   40s
  3038  1165 8.4313e+10  132   36 7.5793e+10 8.4313e+10  11.2%  26.8   45s
H 3041  1162                    7.685222e+10 8.4313e+10  9.71%  26.8   46s
  3467  1269 8.4313e+10  103   75 7.6852e+10 8.4313e+10  9.71%  25.9   50s
  3874  1510 8.2729e+10  126   65 7.6852e+10 8.4313e+10  9.71%  25.1   55s
  4439  1671 8.4313e+10  176   43 7.6852e+10 8.4313e+10  9.71%  24.1   60s
  4880  1860 8.4313e+10  190   69 7.6852e+10 8.4313e+10  9.71%  23.5   65s
  5389  2063 8.4313e+10  190   69 7.6852e+10 8.4313e+10  9.71%  22.8   70s
  5762  2138 8.2729e+10  175   62 7.6852e+10 8.4313e+10  9.71%  22.5   75s
  6357  2267 8.2729e+10  207   32 7.6852e+10 8.4313e+10  9.71%  22.4   80s
  7075  2373 8.4313e+10  162   72 7.6852e+10 8.4313e+10  9.71%  22.0   85s
  7434  2456 8.4313e+10  173   35 7.6852e+10 8.4313e+10  9.71%  21.8   90s
  8016  2467 8.4313e+10  171   56 7.6852e+10 8.4313e+10  9.71%  21.5   95s
  8710  2482 8.4313e+10  170   34 7.6852e+10 8.4313e+10  9.71%  21.5  100s
  9203  2580 7.7443e+10  200   26 7.6852e+10 8.4313e+10  9.71%  21.3  105s
  9603  2755 8.4313e+10  140   89 7.6852e+10 8.4313e+10  9.71%  21.4  110s
 10027  2940 8.4313e+10  164   40 7.6852e+10 8.4313e+10  9.71%  21.3  115s
 10212  3024 8.4313e+10  122   12 7.6852e+10 8.4313e+10  9.71%  21.2  120s
 10341  3076 8.1079e+10   81   49 7.6852e+10 8.4313e+10  9.71%  22.9  125s
 10667  3181 8.4313e+10   35  146 7.6852e+10 8.4313e+10  9.71%  23.0  130s
 10891  3264 8.4313e+10   56   97 7.6852e+10 8.4313e+10  9.71%  23.1  135s
 11110  3375 8.4313e+10   90  146 7.6852e+10 8.4313e+10  9.71%  23.1  140s
 11379  3499 8.4203e+10  142  147 7.6852e+10 8.4313e+10  9.71%  23.0  145s
 11762  3673 8.4313e+10  127   69 7.6852e+10 8.4313e+10  9.71%  22.9  150s
 12158  3804 8.4313e+10   57   77 7.6852e+10 8.4313e+10  9.71%  22.9  155s
 12636  4026 8.4313e+10  125  109 7.6852e+10 8.4313e+10  9.71%  22.8  160s
 12997  4176 8.4313e+10  158  105 7.6852e+10 8.4313e+10  9.71%  22.9  165s
 13562  4430 8.4313e+10   67   80 7.6852e+10 8.4313e+10  9.71%  22.8  170s
 14083  4687 8.2139e+10  218   50 7.6852e+10 8.4313e+10  9.71%  22.6  175s
 14667  4982 8.4313e+10  169   64 7.6852e+10 8.4313e+10  9.71%  22.4  180s
 15185  5202 8.4313e+10   63  109 7.6852e+10 8.4313e+10  9.71%  22.3  185s
 15304  5251 8.4313e+10  116   10 7.6852e+10 8.4313e+10  9.71%  22.2  218s
 15310  5255 8.2729e+10  152    8 7.6852e+10 8.4313e+10  9.71%  22.2  221s
 15314  5258 8.4313e+10   48   10 7.6852e+10 8.4313e+10  9.71%  22.2  225s
 15318  5260 8.4203e+10  138   19 7.6852e+10 8.4313e+10  9.71%  22.2  230s
 15322  5263 8.4313e+10  154   52 7.6852e+10 8.4313e+10  9.71%  22.2  235s
 15325  5265 8.1863e+10  135   11 7.6852e+10 8.4313e+10  9.71%  22.2  240s
H15326  5002                    7.843570e+10 8.4313e+10  7.49%  23.2  241s
 15456  5078 8.1863e+10  132  151 7.8436e+10 8.4313e+10  7.49%  23.2  245s
 15672  5164 8.1863e+10  151   79 7.8436e+10 8.4313e+10  7.49%  23.2  250s
 15956  5298 8.4313e+10  102  112 7.8436e+10 8.4313e+10  7.49%  23.2  255s
 16148  5393 8.4313e+10   93   98 7.8436e+10 8.4313e+10  7.49%  23.2  260s
 16269  5447 8.4313e+10  175   37 7.8436e+10 8.4313e+10  7.49%  23.1  265s
 16511  5550 8.4313e+10  107  100 7.8436e+10 8.4313e+10  7.49%  23.0  270s
 16664  5628 8.1863e+10  206   62 7.8436e+10 8.4313e+10  7.49%  23.1  275s
 16955  5733 8.4313e+10  145   33 7.8436e+10 8.4313e+10  7.49%  23.1  280s
 17325  5898 8.4286e+10  210  109 7.8436e+10 8.4313e+10  7.49%  23.1  285s
 17591  6028 8.2139e+10  250   37 7.8436e+10 8.4313e+10  7.49%  23.2  290s
 17871  6128 7.8629e+10  251   48 7.8436e+10 8.4313e+10  7.49%  23.3  295s
 18163  6234 8.1863e+10  184  114 7.8436e+10 8.4313e+10  7.49%  23.3  300s
 18404  6348 8.4203e+10  207   96 7.8436e+10 8.4313e+10  7.49%  23.3  305s
 18754  6433 8.4313e+10  193   62 7.8436e+10 8.4313e+10  7.49%  23.4  310s
 19173  6530 8.1863e+10  179   83 7.8436e+10 8.4313e+10  7.49%  23.6  315s
 19755  6750 8.4312e+10  180  139 7.8436e+10 8.4313e+10  7.49%  23.3  320s
 20024  6826 8.4313e+10  209   34 7.8436e+10 8.4313e+10  7.49%  23.4  325s
 20448  6981 8.4203e+10  206   73 7.8436e+10 8.4313e+10  7.49%  23.4  330s
 20926  7139 8.3143e+10  194   72 7.8436e+10 8.4313e+10  7.49%  23.4  335s
 21290  7302 8.1863e+10  238   42 7.8436e+10 8.4313e+10  7.49%  23.3  340s
 21761  7435 8.4203e+10  225   42 7.8436e+10 8.4313e+10  7.49%  23.4  345s
 22142  7402 8.1848e+10  212   77 7.8436e+10 8.4313e+10  7.49%  23.5  350s
 22554  7443 8.1848e+10  205   70 7.8436e+10 8.4313e+10  7.49%  23.7  356s
 22876  7525 8.4313e+10  178   71 7.8436e+10 8.4313e+10  7.49%  23.8  360s
 23415  7639 8.1824e+10  180  117 7.8436e+10 8.4313e+10  7.49%  23.9  365s
 23867  7720 8.4313e+10  170  109 7.8436e+10 8.4313e+10  7.49%  24.0  370s
 24294  7854 8.1863e+10  171   80 7.8436e+10 8.4313e+10  7.49%  24.0  375s
 24885  8054 8.4313e+10  193   42 7.8436e+10 8.4313e+10  7.49%  24.0  380s
H24916  7138                    8.166965e+10 8.4313e+10  3.24%  24.0  381s
 25164  7211 8.4313e+10  125   96 8.1670e+10 8.4313e+10  3.24%  24.0  385s
 25511  7379 8.4313e+10   65   15 8.1670e+10 8.4313e+10  3.24%  23.9  390s
 25515  7382 8.4313e+10  109   18 8.1670e+10 8.4313e+10  3.24%  23.9  396s
 25518  7384 8.4313e+10  155   20 8.1670e+10 8.4313e+10  3.24%  23.9  400s
 25522  7387 8.4313e+10  211   52 8.1670e+10 8.4313e+10  3.24%  23.8  406s
 25525  7389 8.4313e+10  167   16 8.1670e+10 8.4313e+10  3.24%  23.8  410s
 25530  7394 8.4313e+10   44   10 8.1670e+10 8.4313e+10  3.24%  24.5  415s
 25686  7453 8.4313e+10   80   96 8.1670e+10 8.4313e+10  3.24%  24.6  420s
 25908  7525 8.3628e+10  102   99 8.1670e+10 8.4313e+10  3.24%  24.6  425s
 26141  7549 8.4313e+10  111   77 8.1670e+10 8.4313e+10  3.24%  24.7  430s
 26324  7626 8.4313e+10  194   94 8.1670e+10 8.4313e+10  3.24%  24.6  435s
 26451  7690 8.4313e+10  141  103 8.1670e+10 8.4313e+10  3.24%  24.6  440s
 26560  7762 8.4313e+10  250   57 8.1670e+10 8.4313e+10  3.24%  24.6  445s
 26760  7781 8.3628e+10  111   75 8.1670e+10 8.4313e+10  3.24%  24.7  450s
 26995  7687 8.4313e+10  202   95 8.1670e+10 8.4313e+10  3.24%  24.7  455s
 27160  7713 8.4313e+10  211   70 8.1670e+10 8.4313e+10  3.24%  24.9  460s
 27290  7748 8.4313e+10   90   87 8.1670e+10 8.4313e+10  3.24%  24.9  465s
 27535  7788 8.2729e+10  199  109 8.1670e+10 8.4313e+10  3.24%  25.1  470s
 27791  7867 8.4313e+10   93   66 8.1670e+10 8.4313e+10  3.24%  25.1  475s
 28009  7910 8.4296e+10  239  145 8.1670e+10 8.4313e+10  3.24%  25.2  480s
 28438  7924 8.4313e+10   97   71 8.1670e+10 8.4313e+10  3.24%  25.2  485s
 28773  8001 8.4313e+10   89   88 8.1670e+10 8.4313e+10  3.24%  25.2  490s
 29137  8038 8.3628e+10   90   92 8.1670e+10 8.4313e+10  3.24%  25.3  495s
 29488  8087 8.4313e+10   93   54 8.1670e+10 8.4313e+10  3.24%  25.4  500s
 29756  8107 8.4168e+10  158   79 8.1670e+10 8.4313e+10  3.24%  25.4  505s
 30307  8020 8.4313e+10  102   59 8.1670e+10 8.4313e+10  3.24%  25.4  510s
 30754  8067 8.4203e+10  116   56 8.1670e+10 8.4313e+10  3.24%  25.3  515s
 31082  7962 8.2139e+10  139   69 8.1670e+10 8.4313e+10  3.24%  25.5  520s
 31413  7958 8.4052e+10  134  110 8.1670e+10 8.4313e+10  3.24%  25.6  525s
 31773  7984 infeasible  193      8.1670e+10 8.4313e+10  3.24%  25.7  530s
 32198  8075 8.2139e+10  156   52 8.1670e+10 8.4313e+10  3.24%  25.8  535s
 32611  8116 8.4203e+10  124   72 8.1670e+10 8.4313e+10  3.24%  25.8  540s
 32917  8168 8.4313e+10  109   79 8.1670e+10 8.4313e+10  3.24%  25.8  545s
 33515  8231 8.4313e+10  150   30 8.1670e+10 8.4313e+10  3.24%  25.7  550s
 33954  8380 8.4313e+10  111   60 8.1670e+10 8.4313e+10  3.24%  25.7  555s
 34331  8437 8.3394e+10  218  102 8.1670e+10 8.4313e+10  3.24%  25.7  560s
 34604  8427 8.4295e+10  126  112 8.1670e+10 8.4313e+10  3.24%  25.8  565s
 35069  8409 8.3523e+10  138   72 8.1670e+10 8.4313e+10  3.24%  25.7  570s
 35707  8200 8.4313e+10  142   32 8.1670e+10 8.4313e+10  3.24%  25.6  575s
 36128  8021 8.3523e+10  130   58 8.1670e+10 8.4313e+10  3.24%  25.6  580s
 36718  7834 8.4313e+10  140   56 8.1670e+10 8.4313e+10  3.24%  25.6  585s
 37026  7747 8.4313e+10  151   37 8.1670e+10 8.4313e+10  3.24%  25.6  590s
 37343  7751 8.4313e+10  119   48 8.1670e+10 8.4313e+10  3.24%  25.5  595s
 37825  7778 8.4313e+10  116   83 8.1670e+10 8.4313e+10  3.24%  25.5  601s
 38053  7779 8.4313e+10  142   27 8.1670e+10 8.4313e+10  3.24%  25.4  605s
 38640  7722 8.4287e+10  204  152 8.1670e+10 8.4313e+10  3.24%  25.4  610s
 39029  7710 8.1863e+10  213   93 8.1670e+10 8.4313e+10  3.24%  25.6  615s
 39427  7748 8.4211e+10  220  120 8.1670e+10 8.4313e+10  3.24%  25.7  620s
 39653  7781 8.4313e+10  209   89 8.1670e+10 8.4313e+10  3.24%  25.8  625s
 40184  7817 8.4313e+10  124   60 8.1670e+10 8.4313e+10  3.24%  25.9  630s
 40699  7888 8.4313e+10  161   19 8.1670e+10 8.4313e+10  3.24%  25.8  635s
 41040  7905 8.4313e+10  136   63 8.1670e+10 8.4313e+10  3.24%  25.9  640s
 41594  7900 8.4313e+10  114   73 8.1670e+10 8.4313e+10  3.24%  25.9  645s
 41884  7944 8.4313e+10  184  104 8.1670e+10 8.4313e+10  3.24%  25.9  650s
 42072  7925 infeasible  238      8.1670e+10 8.4313e+10  3.24%  26.0  655s
 42446  7902 8.4313e+10   52   82 8.1670e+10 8.4313e+10  3.24%  26.1  660s
 42955  8092 8.4313e+10   94   53 8.1670e+10 8.4313e+10  3.24%  26.1  665s
 43404  8062 8.4027e+10  200  109 8.1670e+10 8.4313e+10  3.24%  26.1  670s
 43758  8023 8.4285e+10  182  146 8.1670e+10 8.4313e+10  3.24%  26.2  675s
 44155  7960 infeasible  215      8.1670e+10 8.4313e+10  3.24%  26.4  680s
 44499  7968 8.4313e+10  133   62 8.1670e+10 8.4313e+10  3.24%  26.5  686s
 44752  7957 8.4313e+10  116   70 8.1670e+10 8.4313e+10  3.24%  26.6  690s
 45193  8032 8.4313e+10  205   55 8.1670e+10 8.4313e+10  3.24%  26.6  695s
 45631  8130 infeasible  139      8.1670e+10 8.4313e+10  3.24%  26.6  700s
 46099  8201 8.4313e+10  125   67 8.1670e+10 8.4313e+10  3.24%  26.6  705s
 46355  8220 8.3576e+10  177  118 8.1670e+10 8.4313e+10  3.24%  26.6  710s
 46686  8214     cutoff  118      8.1670e+10 8.4313e+10  3.24%  26.7  715s
 47231  8111 8.4313e+10  141   45 8.1670e+10 8.4313e+10  3.24%  26.6  720s
 47801  7954 8.4313e+10  137   41 8.1670e+10 8.4313e+10  3.24%  26.5  725s
 48292  8007 8.1863e+10  154   35 8.1670e+10 8.4313e+10  3.24%  26.5  730s
 48770  8127 8.3217e+10  135   64 8.1670e+10 8.4313e+10  3.24%  26.4  735s
 49187  8205 8.1863e+10  153   90 8.1670e+10 8.4313e+10  3.24%  26.4  740s
 49728  8300 8.4313e+10  129   51 8.1670e+10 8.4313e+10  3.24%  26.3  745s
 50294  8367 8.4313e+10  131   33 8.1670e+10 8.4313e+10  3.24%  26.3  750s
 50885  8394 8.4313e+10  120   57 8.1670e+10 8.4313e+10  3.24%  26.2  755s
 51198  8428 8.1736e+10  138   49 8.1670e+10 8.4313e+10  3.24%  26.3  760s
 51622  8578 8.4313e+10  113   61 8.1670e+10 8.4313e+10  3.24%  26.4  765s
 51885  8700 8.4313e+10  122   36 8.1670e+10 8.4313e+10  3.24%  26.3  770s
 52255  8850 8.3346e+10  114   69 8.1670e+10 8.4313e+10  3.24%  26.4  775s
 52654  9005 8.4313e+10  213   50 8.1670e+10 8.4313e+10  3.24%  26.5  780s
 53095  9043 8.4313e+10  113   71 8.1670e+10 8.4313e+10  3.24%  26.4  785s
 53561  9153 8.4313e+10  148   25 8.1670e+10 8.4313e+10  3.24%  26.4  790s
 53806  9221 8.4313e+10  104   86 8.1670e+10 8.4313e+10  3.24%  26.4  795s
 54217  9391 8.4313e+10  143   30 8.1670e+10 8.4313e+10  3.24%  26.5  800s
 54809  9536 8.1850e+10  151   63 8.1670e+10 8.4313e+10  3.24%  26.4  805s
 55287  9718 8.1863e+10  150   59 8.1670e+10 8.4313e+10  3.24%  26.4  810s
 55673  9877 8.4313e+10  121   39 8.1670e+10 8.4313e+10  3.24%  26.4  815s
 56027 10054 8.1863e+10  134   50 8.1670e+10 8.4313e+10  3.24%  26.5  820s
 56270 10194 8.4313e+10   95   78 8.1670e+10 8.4313e+10  3.24%  26.5  825s
 56531 10316 8.4313e+10  125   46 8.1670e+10 8.4313e+10  3.24%  26.5  830s
 56975 10524 8.4313e+10   90   87 8.1670e+10 8.4313e+10  3.24%  26.5  835s
 57324 10744 8.4295e+10  240  113 8.1670e+10 8.4313e+10  3.24%  26.5  840s
 57730 10921 8.4313e+10  121   49 8.1670e+10 8.4313e+10  3.24%  26.5  845s
 58127 11087 8.2413e+10  208   94 8.1670e+10 8.4313e+10  3.24%  26.5  851s
 58442 11250 8.3576e+10  107  106 8.1670e+10 8.4313e+10  3.24%  26.5  855s
 58784 11399 8.4282e+10  216  160 8.1670e+10 8.4313e+10  3.24%  26.6  860s
 59176 11495 8.4313e+10  176   40 8.1670e+10 8.4313e+10  3.24%  26.6  865s
 59561 11571 8.4091e+10  172  144 8.1670e+10 8.4313e+10  3.24%  26.7  870s
 59996 11769 8.4313e+10  179   67 8.1670e+10 8.4313e+10  3.24%  26.7  875s
 60379 11925 8.4313e+10  153   94 8.1670e+10 8.4313e+10  3.24%  26.7  880s
 60698 12071 8.2729e+10  157   85 8.1670e+10 8.4313e+10  3.24%  26.8  885s
 60956 12184 8.4110e+10  239  115 8.1670e+10 8.4313e+10  3.24%  26.9  890s
 61348 12330 8.4313e+10  127   55 8.1670e+10 8.4313e+10  3.24%  26.9  895s
 61811 12528 8.4313e+10  107   69 8.1670e+10 8.4313e+10  3.24%  26.9  900s
 62278 12646 8.4313e+10   91   77 8.1670e+10 8.4313e+10  3.24%  26.9  905s
 62742 12864 8.4203e+10  119   64 8.1670e+10 8.4313e+10  3.24%  26.9  910s
 63186 13074 8.4313e+10   97   79 8.1670e+10 8.4313e+10  3.24%  26.9  915s
 63574 13288 8.2729e+10  182   53 8.1670e+10 8.4313e+10  3.24%  26.9  921s
 63848 13424 8.4313e+10   80   70 8.1670e+10 8.4313e+10  3.24%  26.9  925s
 64339 13748 8.4313e+10  169   65 8.1670e+10 8.4313e+10  3.24%  26.8  930s
 64887 14050 8.2729e+10  151   50 8.1670e+10 8.4313e+10  3.24%  26.8  935s
 65356 14306 infeasible  185      8.1670e+10 8.4313e+10  3.24%  26.7  940s
 65789 14470 8.3737e+10  162  167 8.1670e+10 8.4313e+10  3.24%  26.7  945s
 66005 14553 8.4313e+10  122   70 8.1670e+10 8.4313e+10  3.24%  26.8  950s
 66313 14701 8.2729e+10  133   67 8.1670e+10 8.4313e+10  3.24%  26.8  955s
 66605 14860 8.4313e+10  157   71 8.1670e+10 8.4313e+10  3.24%  26.9  960s
 67024 14892 8.3073e+10  161  125 8.1670e+10 8.4313e+10  3.24%  27.0  965s
 67332 15028 8.4313e+10  152   89 8.1670e+10 8.4313e+10  3.24%  27.1  970s
 67750 15149 8.4313e+10  137   74 8.1670e+10 8.4313e+10  3.24%  27.1  975s
 68165 15346 8.1863e+10  153   73 8.1670e+10 8.4313e+10  3.24%  27.2  981s
 68355 15381 8.1863e+10  150   80 8.1670e+10 8.4313e+10  3.24%  27.3  985s
 68732 15508 8.4289e+10  149  121 8.1670e+10 8.4313e+10  3.24%  27.3  990s
 69194 15692 8.1863e+10  156   70 8.1670e+10 8.4313e+10  3.24%  27.3  995s
 69641 15836 8.4291e+10  152  133 8.1670e+10 8.4313e+10  3.24%  27.4 1000s
 70136 15953 8.1863e+10  163   47 8.1670e+10 8.4313e+10  3.24%  27.4 1005s
 70705 16081 8.1863e+10  162   61 8.1670e+10 8.4313e+10  3.24%  27.4 1010s
 71176 16206 8.1863e+10  162   64 8.1670e+10 8.4313e+10  3.24%  27.4 1015s
 71310 16235 8.1863e+10  160   52 8.1670e+10 8.4313e+10  3.24%  27.4 1020s
 71767 16327 8.1863e+10  173   38 8.1670e+10 8.4313e+10  3.24%  27.5 1025s
 72227 16458 8.4313e+10  149   92 8.1670e+10 8.4313e+10  3.24%  27.5 1030s
 72737 16593 infeasible  162      8.1670e+10 8.4313e+10  3.24%  27.6 1035s
 73101 16712 8.1863e+10  157   49 8.1670e+10 8.4313e+10  3.24%  27.7 1040s
 73480 16828 8.2139e+10  140   73 8.1670e+10 8.4313e+10  3.24%  27.7 1045s
 73846 16953 8.1863e+10  156   58 8.1670e+10 8.4313e+10  3.24%  27.8 1050s
 74374 17150 8.4313e+10  147   73 8.1670e+10 8.4313e+10  3.24%  27.9 1055s
 74760 17337 8.2139e+10  169   66 8.1670e+10 8.4313e+10  3.24%  28.0 1060s
 74903 17375 8.4138e+10  140  163 8.1670e+10 8.4313e+10  3.24%  28.0 1065s
 75299 17494 8.4297e+10  137  180 8.1670e+10 8.4313e+10  3.24%  28.1 1070s
 75694 17610 8.4187e+10  136  167 8.1670e+10 8.4313e+10  3.24%  28.2 1075s
 76054 17734 8.4313e+10  150   74 8.1670e+10 8.4313e+10  3.24%  28.3 1080s
 76390 17824 infeasible  152      8.1670e+10 8.4313e+10  3.24%  28.4 1085s
 76699 17946 8.4313e+10  141  101 8.1670e+10 8.4313e+10  3.24%  28.5 1090s
 76902 18019 8.4313e+10  168   76 8.1670e+10 8.4313e+10  3.24%  28.6 1095s
 77189 18134 8.4313e+10  154   81 8.1670e+10 8.4313e+10  3.24%  28.7 1100s
 77560 18235 8.2729e+10  148   53 8.1670e+10 8.4313e+10  3.24%  28.8 1105s
 77949 18425 8.2139e+10  145   79 8.1670e+10 8.4313e+10  3.24%  28.9 1110s
 78337 18613 8.4107e+10  139  150 8.1670e+10 8.4313e+10  3.24%  28.9 1115s
 78608 18678 8.3048e+10  153  152 8.1670e+10 8.4313e+10  3.24%  29.0 1120s
 79027 18888 8.4302e+10  154  163 8.1670e+10 8.4313e+10  3.24%  29.1 1125s
 79248 19021 8.4227e+10  143  179 8.1670e+10 8.4313e+10  3.24%  29.2 1131s
 79380 19074 8.4230e+10  143  179 8.1670e+10 8.4313e+10  3.24%  29.3 1135s
 79736 19230 8.4293e+10  136  165 8.1670e+10 8.4313e+10  3.24%  29.3 1140s
 80012 19427 infeasible  162      8.1670e+10 8.4313e+10  3.24%  29.4 1145s
 80353 19558 8.4313e+10  159   92 8.1670e+10 8.4313e+10  3.24%  29.5 1150s
 80699 19776 8.1863e+10  163   61 8.1670e+10 8.4313e+10  3.24%  29.5 1155s
 81134 19996 8.2729e+10  178   31 8.1670e+10 8.4313e+10  3.24%  29.5 1160s
 81488 20138 8.2729e+10  235   48 8.1670e+10 8.4313e+10  3.24%  29.6 1165s
 81548 20160 8.1863e+10  135   74 8.1670e+10 8.4313e+10  3.24%  29.6 1170s
 81863 20370 8.4300e+10  154  147 8.1670e+10 8.4313e+10  3.24%  29.6 1175s
 82227 20570 8.4313e+10  170   62 8.1670e+10 8.4313e+10  3.24%  29.6 1180s
 82672 20841 8.4299e+10  145  147 8.1670e+10 8.4313e+10  3.24%  29.6 1185s
 83056 21066 8.4290e+10  157  111 8.1670e+10 8.4313e+10  3.24%  29.7 1190s
 83425 21280 8.2729e+10  233   60 8.1670e+10 8.4313e+10  3.24%  29.7 1195s
 83803 21485 8.4313e+10  126   62 8.1670e+10 8.4313e+10  3.24%  29.7 1200s
 84234 21728 8.4198e+10  225  107 8.1670e+10 8.4313e+10  3.24%  29.8 1205s
 84464 21815 8.4313e+10  146   70 8.1670e+10 8.4313e+10  3.24%  29.8 1211s
 84668 21861 8.2729e+10  113   66 8.1670e+10 8.4313e+10  3.24%  29.9 1215s
 85072 22109 8.2139e+10  193   98 8.1670e+10 8.4313e+10  3.24%  29.9 1220s
 85487 22287 8.3576e+10  119   76 8.1670e+10 8.4313e+10  3.24%  29.9 1225s
 85828 22443 8.4313e+10  220   63 8.1670e+10 8.4313e+10  3.24%  29.9 1230s
 86299 22737 8.4313e+10  144   58 8.1670e+10 8.4313e+10  3.24%  29.9 1235s
 86713 22968 infeasible  175      8.1670e+10 8.4313e+10  3.24%  29.9 1240s
 87097 23085 8.4313e+10  128   63 8.1670e+10 8.4313e+10  3.24%  29.9 1245s
 87500 23249 8.4313e+10  225   77 8.1670e+10 8.4313e+10  3.24%  30.0 1250s
 87940 23515 8.4181e+10  139  126 8.1670e+10 8.4313e+10  3.24%  30.0 1255s
 88055 23580 8.4313e+10  166  110 8.1670e+10 8.4313e+10  3.24%  30.0 1260s
 88551 23810 8.4313e+10  136   89 8.1670e+10 8.4313e+10  3.24%  30.0 1265s
 88908 24029 8.4313e+10  188   33 8.1670e+10 8.4313e+10  3.24%  30.0 1270s
 89363 24300 8.2729e+10  125   73 8.1670e+10 8.4313e+10  3.24%  30.0 1275s
 89742 24539 8.1863e+10  176   18 8.1670e+10 8.4313e+10  3.24%  30.0 1280s
 90209 24724 8.4313e+10  103   78 8.1670e+10 8.4313e+10  3.24%  30.0 1285s
 90651 24904 8.4107e+10  159  154 8.1670e+10 8.4313e+10  3.24%  30.0 1290s
 90870 25021 8.3264e+10  155   62 8.1670e+10 8.4313e+10  3.24%  30.0 1296s
 91195 25257 8.2729e+10  103   66 8.1670e+10 8.4313e+10  3.24%  30.0 1300s
 91572 25491 8.4313e+10  138   47 8.1670e+10 8.4313e+10  3.24%  30.0 1305s
 91990 25731 8.4313e+10  133   65 8.1670e+10 8.4313e+10  3.24%  30.0 1310s
 92373 25930 8.1863e+10  151   36 8.1670e+10 8.4313e+10  3.24%  30.0 1315s
 92778 26136 8.1863e+10  157   37 8.1670e+10 8.4313e+10  3.24%  30.0 1320s
 93160 26349 8.4313e+10  179   31 8.1670e+10 8.4313e+10  3.24%  30.1 1325s
 93539 26488 8.4313e+10   86   86 8.1670e+10 8.4313e+10  3.24%  30.1 1330s
 94027 26762 8.4313e+10  121   45 8.1670e+10 8.4313e+10  3.24%  30.1 1335s
 94216 26885 8.4313e+10  166   79 8.1670e+10 8.4313e+10  3.24%  30.1 1340s
 94524 27001 8.4313e+10  214   60 8.1670e+10 8.4313e+10  3.24%  30.1 1345s
 94921 27210 8.4313e+10  150   59 8.1670e+10 8.4313e+10  3.24%  30.1 1350s
 95422 27472 8.4313e+10  182   31 8.1670e+10 8.4313e+10  3.24%  30.1 1355s
 95879 27726 8.4313e+10  120   69 8.1670e+10 8.4313e+10  3.24%  30.0 1360s
 96303 27950 infeasible  109      8.1670e+10 8.4313e+10  3.24%  30.0 1365s
 96755 28200 8.4313e+10   98   70 8.1670e+10 8.4313e+10  3.24%  30.0 1370s
 97198 28464 8.4313e+10   89   86 8.1670e+10 8.4313e+10  3.24%  30.0 1375s
 97669 28721 8.1863e+10  263   29 8.1670e+10 8.4313e+10  3.24%  30.0 1380s
 97889 28873 8.4313e+10  157   28 8.1670e+10 8.4313e+10  3.24%  30.0 1385s
 98329 29023 8.2139e+10  241   52 8.1670e+10 8.4313e+10  3.24%  30.0 1390s
 98735 29178 infeasible  138      8.1670e+10 8.4313e+10  3.24%  30.0 1395s
 99174 29308 8.4313e+10  194   55 8.1670e+10 8.4313e+10  3.24%  29.9 1400s
 99773 29413 8.4313e+10  123   44 8.1670e+10 8.4313e+10  3.24%  29.9 1405s
 100171 29408 8.3576e+10  114   81 8.1670e+10 8.4313e+10  3.24%  29.8 1410s
 100423 29454 8.4313e+10  236   54 8.1670e+10 8.4313e+10  3.24%  29.9 1416s
 100648 29498 8.4171e+10  247  111 8.1670e+10 8.4313e+10  3.24%  29.9 1420s
 100956 29587 8.4190e+10  221  104 8.1670e+10 8.4313e+10  3.24%  30.0 1425s
 101410 29766 8.4190e+10  220  100 8.1670e+10 8.4313e+10  3.24%  30.0 1430s
 101817 29910 8.1863e+10  225   71 8.1670e+10 8.4313e+10  3.24%  30.1 1435s
 102196 29996 8.1863e+10  228   47 8.1670e+10 8.4313e+10  3.24%  30.1 1440s
 102541 30034 8.2729e+10  240   58 8.1670e+10 8.4313e+10  3.24%  30.2 1445s
 103047 30093 8.1863e+10  236   64 8.1670e+10 8.4313e+10  3.24%  30.3 1450s
 103482 30148 8.4190e+10  228  118 8.1670e+10 8.4313e+10  3.24%  30.3 1455s
 103748 30174 infeasible  227      8.1670e+10 8.4313e+10  3.24%  30.3 1460s
 104038 30250 8.3372e+10  221  162 8.1670e+10 8.4313e+10  3.24%  30.3 1465s
 104470 30347 8.3372e+10  223  153 8.1670e+10 8.4313e+10  3.24%  30.4 1470s
 104712 30335 8.4294e+10  230  118 8.1670e+10 8.4313e+10  3.24%  30.6 1475s
 105100 30349 infeasible  227      8.1670e+10 8.4313e+10  3.24%  30.6 1480s
 105398 30441 8.4313e+10  223   56 8.1670e+10 8.4313e+10  3.24%  30.7 1485s
 105793 30540 8.1863e+10  239   36 8.1670e+10 8.4313e+10  3.24%  30.7 1490s
 105967 30562 8.2729e+10  225   70 8.1670e+10 8.4313e+10  3.24%  30.8 1495s
 106295 30676 8.4189e+10  221  158 8.1670e+10 8.4313e+10  3.24%  30.8 1500s
 106712 30777 8.2729e+10  221   76 8.1670e+10 8.4313e+10  3.24%  30.8 1505s
 107121 30825 8.1863e+10  235   47 8.1670e+10 8.4313e+10  3.24%  30.9 1510s
 107473 30855 8.2413e+10  234   85 8.1670e+10 8.4313e+10  3.24%  31.0 1515s
 107770 30889 8.4313e+10  225   75 8.1670e+10 8.4313e+10  3.24%  31.0 1520s
 108235 30980 infeasible  243      8.1670e+10 8.4313e+10  3.24%  31.1 1525s
 108501 31044 8.4189e+10  227  143 8.1670e+10 8.4313e+10  3.24%  31.1 1531s
 108746 31078 8.4313e+10  225   52 8.1670e+10 8.4313e+10  3.24%  31.2 1535s
 109062 31101 8.1863e+10  227  115 8.1670e+10 8.4313e+10  3.24%  31.2 1540s
 109359 31195 8.4313e+10  218   48 8.1670e+10 8.4313e+10  3.24%  31.3 1545s
 109757 31280 8.2130e+10  225  117 8.1670e+10 8.4313e+10  3.24%  31.3 1550s
 110130 31324 8.2729e+10  243   80 8.1670e+10 8.4313e+10  3.24%  31.4 1555s
 110623 31430 8.2729e+10  230   48 8.1670e+10 8.4313e+10  3.24%  31.4 1560s
 111169 31524 8.1863e+10  237   56 8.1670e+10 8.4313e+10  3.24%  31.4 1565s
 111305 31550 8.4313e+10  211   55 8.1670e+10 8.4313e+10  3.24%  31.4 1570s
 111653 31657 8.2130e+10  221  115 8.1670e+10 8.4313e+10  3.24%  31.4 1575s
 112073 31747 8.2507e+10  218  140 8.1670e+10 8.4313e+10  3.24%  31.4 1580s
 112340 31792 8.4313e+10  151   90 8.1670e+10 8.4313e+10  3.24%  31.4 1585s
 112718 32029 8.1863e+10  242   23 8.1670e+10 8.4313e+10  3.24%  31.4 1590s
 113052 32214 8.1863e+10  204   43 8.1670e+10 8.4313e+10  3.24%  31.4 1595s
 113529 32462 8.4313e+10  198   44 8.1670e+10 8.4313e+10  3.24%  31.4 1600s
 113889 32652 8.4313e+10  178   62 8.1670e+10 8.4313e+10  3.24%  31.4 1605s
 114244 32828 8.4313e+10  183   74 8.1670e+10 8.4313e+10  3.24%  31.4 1610s
 114527 33005 8.1863e+10  214   30 8.1670e+10 8.4313e+10  3.24%  31.4 1615s
 114836 33105 8.4313e+10  186   49 8.1670e+10 8.4313e+10  3.24%  31.4 1620s
 115179 33237 8.4313e+10  180   78 8.1670e+10 8.4313e+10  3.24%  31.5 1625s
 115606 33410 8.4313e+10  163   88 8.1670e+10 8.4313e+10  3.24%  31.5 1630s
 115996 33581 8.1863e+10  194   50 8.1670e+10 8.4313e+10  3.24%  31.5 1635s
 116453 33783 infeasible  201      8.1670e+10 8.4313e+10  3.24%  31.5 1640s
 116809 33960 8.4313e+10  179   65 8.1670e+10 8.4313e+10  3.24%  31.5 1645s
 117172 34088 8.4290e+10  179  137 8.1670e+10 8.4313e+10  3.24%  31.5 1650s
 117251 34120 8.4313e+10  166   69 8.1670e+10 8.4313e+10  3.24%  31.5 1655s
 117648 34325 infeasible  183      8.1670e+10 8.4313e+10  3.24%  31.5 1660s
 118017 34531 8.4313e+10  172   86 8.1670e+10 8.4313e+10  3.24%  31.6 1665s
 118448 34730 8.4198e+10  190  143 8.1670e+10 8.4313e+10  3.24%  31.6 1670s
 118813 34894 8.4313e+10  180   60 8.1670e+10 8.4313e+10  3.24%  31.6 1675s
 119239 35135 8.2139e+10  195   85 8.1670e+10 8.4313e+10  3.24%  31.6 1680s
 119587 35295 8.4313e+10  179   80 8.1670e+10 8.4313e+10  3.24%  31.6 1685s
 120102 35381 8.4313e+10  191   46 8.1670e+10 8.4313e+10  3.24%  31.6 1690s
 120608 35536 8.4287e+10  190  114 8.1670e+10 8.4313e+10  3.24%  31.6 1695s
 121047 35734 8.4313e+10  190   54 8.1670e+10 8.4313e+10  3.24%  31.6 1700s
 121264 35846 8.1863e+10  199   59 8.1670e+10 8.4313e+10  3.24%  31.6 1705s
 121531 35983 8.4313e+10  175   48 8.1670e+10 8.4313e+10  3.24%  31.6 1710s
 121959 36202 8.1863e+10  220   24 8.1670e+10 8.4313e+10  3.24%  31.6 1715s
 122334 36369 8.4313e+10  160  132 8.1670e+10 8.4313e+10  3.24%  31.6 1720s
 122649 36545 8.4313e+10  191   71 8.1670e+10 8.4313e+10  3.24%  31.7 1725s
 123148 36767 8.4288e+10  188  115 8.1670e+10 8.4313e+10  3.24%  31.7 1730s
 123517 36949 8.2139e+10  198   81 8.1670e+10 8.4313e+10  3.24%  31.7 1735s
 123871 37177 8.4313e+10  179   70 8.1670e+10 8.4313e+10  3.24%  31.7 1740s
 124250 37417 8.1863e+10  200   71 8.1670e+10 8.4313e+10  3.24%  31.7 1745s
 124623 37605 8.2729e+10  213   75 8.1670e+10 8.4313e+10  3.24%  31.8 1752s
 124786 37692 8.1863e+10  187   56 8.1670e+10 8.4313e+10  3.24%  31.8 1755s
 125170 37845 8.1850e+10  187   91 8.1670e+10 8.4313e+10  3.24%  31.8 1760s
 125498 38045 infeasible  217      8.1670e+10 8.4313e+10  3.24%  31.8 1765s
 125894 38237 8.1863e+10  194   43 8.1670e+10 8.4313e+10  3.24%  31.8 1770s
 126321 38404 infeasible  178      8.1670e+10 8.4313e+10  3.24%  31.8 1775s
 126685 38560 8.4313e+10  159  123 8.1670e+10 8.4313e+10  3.24%  31.8 1780s
 127057 38727 8.4313e+10  184   66 8.1670e+10 8.4313e+10  3.24%  31.9 1785s
 127490 38949 8.4313e+10  159  102 8.1670e+10 8.4313e+10  3.24%  31.8 1790s
 127525 38982 8.4313e+10  189   34 8.1670e+10 8.4313e+10  3.24%  31.8 1795s
 127877 39142 8.1863e+10  203   44 8.1670e+10 8.4313e+10  3.24%  31.9 1800s
 128314 39327 8.1863e+10  183   70 8.1670e+10 8.4313e+10  3.24%  31.9 1805s
 128699 39562 8.4213e+10  195  107 8.1670e+10 8.4313e+10  3.24%  31.9 1810s
 129075 39770 8.4313e+10  165  111 8.1670e+10 8.4313e+10  3.24%  31.9 1815s
 129424 39984 8.1863e+10  213   57 8.1670e+10 8.4313e+10  3.24%  31.9 1820s
 129771 40174 8.4313e+10  162  104 8.1670e+10 8.4313e+10  3.24%  31.9 1825s
 130225 40282 infeasible  162      8.1670e+10 8.4313e+10  3.24%  31.9 1830s
 130554 40416 8.4313e+10  190   39 8.1670e+10 8.4313e+10  3.24%  31.9 1835s
 130910 40597 8.4286e+10  186  128 8.1670e+10 8.4313e+10  3.24%  32.0 1840s
 131142 40696 8.4277e+10  175  162 8.1670e+10 8.4313e+10  3.24%  32.0 1846s
 131364 40811 infeasible  197      8.1670e+10 8.4313e+10  3.24%  32.0 1850s
 131774 41003 8.4203e+10  179   75 8.1670e+10 8.4313e+10  3.24%  32.0 1855s
 132182 41166 8.1863e+10  229   33 8.1670e+10 8.4313e+10  3.24%  32.0 1860s
 132629 41370 infeasible  211      8.1670e+10 8.4313e+10  3.24%  32.0 1865s
 133021 41535 8.2127e+10  194  135 8.1670e+10 8.4313e+10  3.24%  32.1 1870s
 133484 41749 8.4287e+10  172  173 8.1670e+10 8.4313e+10  3.24%  32.1 1875s
 133860 41938 8.1863e+10  196   60 8.1670e+10 8.4313e+10  3.24%  32.1 1882s
 133911 41964 8.4220e+10  200  127 8.1670e+10 8.4313e+10  3.24%  32.1 1885s
 134311 42185 8.1863e+10  194   58 8.1670e+10 8.4313e+10  3.24%  32.2 1890s
 134636 42379 8.4218e+10  172  139 8.1670e+10 8.4313e+10  3.24%  32.2 1895s
 135101 42634 8.4313e+10  166   68 8.1670e+10 8.4313e+10  3.24%  32.2 1900s
 135509 42857 8.4313e+10  170   73 8.1670e+10 8.4313e+10  3.24%  32.2 1905s
 135899 43044 8.1863e+10  188   56 8.1670e+10 8.4313e+10  3.24%  32.2 1910s
 136386 43247 8.1863e+10  183   71 8.1670e+10 8.4313e+10  3.24%  32.2 1915s
 136672 43414 8.1863e+10  180  124 8.1670e+10 8.4313e+10  3.24%  32.2 1920s
 136994 43553 8.4313e+10  170  104 8.1670e+10 8.4313e+10  3.24%  32.3 1925s
 137422 43733 8.4313e+10  134   44 8.1670e+10 8.4313e+10  3.24%  32.3 1930s
 137487 43749 8.3264e+10  135   56 8.1670e+10 8.4313e+10  3.24%  32.3 1935s
 137884 43940 infeasible  149      8.1670e+10 8.4313e+10  3.24%  32.3 1940s
 138267 44139 8.4313e+10   81   88 8.1670e+10 8.4313e+10  3.24%  32.3 1945s
 138700 44372 8.4313e+10  131   50 8.1670e+10 8.4313e+10  3.24%  32.3 1950s
 139160 44384 8.4313e+10  163   90 8.1670e+10 8.4313e+10  3.24%  32.2 1955s
 139609 44603 8.4313e+10  125   45 8.1670e+10 8.4313e+10  3.24%  32.2 1960s
 140114 44678 8.4313e+10  129   53 8.1670e+10 8.4313e+10  3.24%  32.2 1965s
 140536 44744 8.4313e+10  120   69 8.1670e+10 8.4313e+10  3.24%  32.2 1970s
 141064 44793 8.4313e+10  117   59 8.1670e+10 8.4313e+10  3.24%  32.1 1975s
 141380 44784 8.4313e+10  104   55 8.1670e+10 8.4313e+10  3.24%  32.1 1981s
 141756 44785 8.4313e+10  217   48 8.1670e+10 8.4313e+10  3.24%  32.1 1985s
 142307 44812 8.4313e+10  135   50 8.1670e+10 8.4313e+10  3.24%  32.0 1990s
 142787 44803 infeasible  129      8.1670e+10 8.4313e+10  3.24%  32.0 1995s
 143286 44813 infeasible  129      8.1670e+10 8.4313e+10  3.24%  31.9 2000s
 143880 44812 8.4313e+10  139   37 8.1670e+10 8.4313e+10  3.24%  31.8 2005s
 144396 44825 8.4313e+10  140   52 8.1670e+10 8.4313e+10  3.24%  31.8 2010s
 145032 44826 8.4313e+10  145   49 8.1670e+10 8.4313e+10  3.24%  31.7 2015s
 145103 44817 infeasible  143      8.1670e+10 8.4313e+10  3.24%  31.7 2020s
 145597 44803 infeasible  129      8.1670e+10 8.4313e+10  3.24%  31.6 2025s
 146152 44811 8.4313e+10  133   40 8.1670e+10 8.4313e+10  3.24%  31.6 2030s
 146681 44820 8.4313e+10  141   28 8.1670e+10 8.4313e+10  3.24%  31.5 2035s
 147213 44805 infeasible  132      8.1670e+10 8.4313e+10  3.24%  31.4 2040s
 147683 44917 8.4313e+10  135   67 8.1670e+10 8.4313e+10  3.24%  31.4 2045s
 148061 45020 8.2139e+10  142   48 8.1670e+10 8.4313e+10  3.24%  31.4 2050s
 148547 45112 8.4313e+10  109   54 8.1670e+10 8.4313e+10  3.24%  31.4 2055s
 149112 45453 8.4313e+10  110   58 8.1670e+10 8.4313e+10  3.24%  31.3 2060s
 149560 45681 8.4313e+10  108   55 8.1670e+10 8.4313e+10  3.24%  31.3 2065s
 150129 45960 8.4313e+10   86   66 8.1670e+10 8.4313e+10  3.24%  31.2 2070s
 150509 46084 8.4313e+10  174   28 8.1670e+10 8.4313e+10  3.24%  31.2 2076s
 150867 46250 8.4313e+10  140   64 8.1670e+10 8.4313e+10  3.24%  31.2 2080s
 151313 46551 8.4313e+10  110   61 8.1670e+10 8.4313e+10  3.24%  31.1 2085s
 151810 46668 8.4313e+10   88   65 8.1670e+10 8.4313e+10  3.24%  31.1 2090s
 152178 46805 8.4313e+10  103   57 8.1670e+10 8.4313e+10  3.24%  31.1 2095s
 152581 47093 8.4313e+10  112   62 8.1670e+10 8.4313e+10  3.24%  31.1 2100s
 153023 47367 8.2729e+10  172   59 8.1670e+10 8.4313e+10  3.24%  31.1 2105s
 153396 47635 8.4313e+10  115   78 8.1670e+10 8.4313e+10  3.24%  31.0 2110s
 153853 47909 8.4313e+10  127   45 8.1670e+10 8.4313e+10  3.24%  31.0 2115s
 154377 48322 8.4313e+10   89   73 8.1670e+10 8.4313e+10  3.24%  31.0 2120s
 154631 48526 8.4313e+10  117   49 8.1670e+10 8.4313e+10  3.24%  30.9 2125s
 154950 48781 8.4313e+10  121   74 8.1670e+10 8.4313e+10  3.24%  30.9 2130s
 155451 49146 8.4313e+10   64   76 8.1670e+10 8.4313e+10  3.24%  30.9 2135s
 156085 49515 8.4313e+10   65   70 8.1670e+10 8.4313e+10  3.24%  30.8 2140s
 156512 49712 8.4313e+10  144   60 8.1670e+10 8.4313e+10  3.24%  30.8 2145s
 156996 49830 8.4313e+10  104   64 8.1670e+10 8.4313e+10  3.24%  30.8 2150s
 157324 49906 8.4313e+10  222   53 8.1670e+10 8.4313e+10  3.24%  30.9 2155s
 157623 50059 8.4313e+10   52   55 8.1670e+10 8.4313e+10  3.24%  30.9 2160s
 158131 50478 8.2729e+10  134   62 8.1670e+10 8.4313e+10  3.24%  30.9 2165s
 158216 50536 8.4313e+10   95   77 8.1670e+10 8.4313e+10  3.24%  30.9 2170s
 158543 50766 8.4313e+10  175   90 8.1670e+10 8.4313e+10  3.24%  30.9 2175s
 158854 50850 8.4313e+10   83   70 8.1670e+10 8.4313e+10  3.24%  30.9 2180s
 159402 51155 infeasible  144      8.1670e+10 8.4313e+10  3.24%  30.9 2185s
 159857 51471 8.4313e+10  151   40 8.1670e+10 8.4313e+10  3.24%  30.8 2190s
 160237 51668 8.4313e+10   73   81 8.1670e+10 8.4313e+10  3.24%  30.8 2195s
 160715 51993 8.4313e+10   64  105 8.1670e+10 8.4313e+10  3.24%  30.8 2200s
 161094 52182 8.3470e+10   71  108 8.1670e+10 8.4313e+10  3.24%  30.8 2205s
 161525 52481 8.4313e+10   67   74 8.1670e+10 8.4313e+10  3.24%  30.8 2210s
 161926 52693 8.4313e+10  119   51 8.1670e+10 8.4313e+10  3.24%  30.8 2215s
 162072 52725 8.4313e+10  100   62 8.1670e+10 8.4313e+10  3.24%  30.8 2220s
 162316 52839 8.2139e+10  136   53 8.1670e+10 8.4313e+10  3.24%  30.8 2225s
 162661 53007 8.2139e+10  135   30 8.1670e+10 8.4313e+10  3.24%  30.8 2230s
 163095 53255 8.1863e+10  186   57 8.1670e+10 8.4313e+10  3.24%  30.8 2235s
 163439 53415 8.4313e+10  123   56 8.1670e+10 8.4313e+10  3.24%  30.8 2240s
 163916 53710 8.3282e+10  127   67 8.1670e+10 8.4313e+10  3.24%  30.8 2245s
 164435 54021 8.4313e+10   90   62 8.1670e+10 8.4313e+10  3.24%  30.8 2250s
 164822 54290 8.4313e+10  101   46 8.1670e+10 8.4313e+10  3.24%  30.8 2255s
 165312 54562 8.4313e+10   63   61 8.1670e+10 8.4313e+10  3.24%  30.8 2260s
 165755 54904 8.4313e+10   80   71 8.1670e+10 8.4313e+10  3.24%  30.8 2265s
 166270 55228 8.4313e+10   80   38 8.1670e+10 8.4313e+10  3.24%  30.8 2270s
 166639 55320 8.4313e+10  113   47 8.1670e+10 8.4313e+10  3.24%  30.8 2276s
 166849 55442 8.4313e+10  141   44 8.1670e+10 8.4313e+10  3.24%  30.8 2280s
 167375 55606 infeasible  140      8.1670e+10 8.4313e+10  3.24%  30.7 2285s
 167801 55707 8.4313e+10  152   49 8.1670e+10 8.4313e+10  3.24%  30.7 2290s
 168220 55871 8.4313e+10  134   87 8.1670e+10 8.4313e+10  3.24%  30.7 2295s
 168596 56015 8.1863e+10  153   64 8.1670e+10 8.4313e+10  3.24%  30.7 2300s
 169087 56313 8.4313e+10  162   31 8.1670e+10 8.4313e+10  3.24%  30.7 2305s
 169482 56449 8.4313e+10  158   37 8.1670e+10 8.4313e+10  3.24%  30.7 2310s
 169858 56652 8.4313e+10  148   60 8.1670e+10 8.4313e+10  3.24%  30.7 2315s
 169972 56679 8.4313e+10  115   73 8.1670e+10 8.4313e+10  3.24%  30.7 2320s
 170364 56852 8.4313e+10  114   83 8.1670e+10 8.4313e+10  3.24%  30.7 2325s
 170685 57003 8.3282e+10  113   95 8.1670e+10 8.4313e+10  3.24%  30.7 2330s
 171113 57211 8.4313e+10  124   74 8.1670e+10 8.4313e+10  3.24%  30.7 2335s
 171614 57487 8.4313e+10  146   53 8.1670e+10 8.4313e+10  3.24%  30.7 2340s
 171990 57699 8.4313e+10  121   93 8.1670e+10 8.4313e+10  3.24%  30.6 2345s
 172564 57902 8.4313e+10  145   54 8.1670e+10 8.4313e+10  3.24%  30.6 2350s
 173015 57957 8.4313e+10  182   16 8.1670e+10 8.4313e+10  3.24%  30.6 2355s
 173678 57905 8.4313e+10  164   32 8.1670e+10 8.4313e+10  3.24%  30.5 2360s
 174318 58022 8.4313e+10  180   10 8.1670e+10 8.4313e+10  3.24%  30.5 2365s
 174789 58052 8.4313e+10  189   15 8.1670e+10 8.4313e+10  3.24%  30.4 2372s
 175037 58012 8.4313e+10  159   23 8.1670e+10 8.4313e+10  3.24%  30.4 2375s
 175936 58052 infeasible  219      8.1670e+10 8.4313e+10  3.24%  30.3 2380s
 176734 58009 8.4313e+10  173   19 8.1670e+10 8.4313e+10  3.24%  30.3 2385s
 177563 58021 8.4313e+10  190    9 8.1670e+10 8.4313e+10  3.24%  30.2 2390s
 178390 58013 8.4313e+10  172   23 8.1670e+10 8.4313e+10  3.24%  30.1 2395s
 178988 57952 8.4313e+10  188   20 8.1670e+10 8.4313e+10  3.24%  30.1 2400s
 179766 57963 8.4313e+10  179   24 8.1670e+10 8.4313e+10  3.24%  30.0 2405s
 180301 57975 infeasible  180      8.1670e+10 8.4313e+10  3.24%  30.0 2410s
 180917 57940 8.4313e+10  180   15 8.1670e+10 8.4313e+10  3.24%  30.0 2415s
 181552 57977 8.4313e+10  155   26 8.1670e+10 8.4313e+10  3.24%  29.9 2420s
 181745 57958 8.4313e+10  169   27 8.1670e+10 8.4313e+10  3.24%  29.9 2425s
 182442 57963 8.4313e+10  169   23 8.1670e+10 8.4313e+10  3.24%  29.8 2430s
 183077 57919 8.4313e+10  178   19 8.1670e+10 8.4313e+10  3.24%  29.8 2435s
 183512 58091 8.4286e+10  127  182 8.1670e+10 8.4313e+10  3.24%  29.8 2440s
 183910 58272 infeasible  149      8.1670e+10 8.4313e+10  3.24%  29.8 2445s
 184407 58436 8.4313e+10  142   68 8.1670e+10 8.4313e+10  3.24%  29.8 2450s
 184880 58635 8.4313e+10  153   46 8.1670e+10 8.4313e+10  3.24%  29.8 2455s
 185575 58754 8.4313e+10  164   40 8.1670e+10 8.4313e+10  3.24%  29.7 2460s
 186284 58842 8.4313e+10  164   19 8.1670e+10 8.4313e+10  3.24%  29.6 2465s
 187098 58819 8.4313e+10  157   44 8.1670e+10 8.4313e+10  3.24%  29.6 2470s
 187748 58790 8.4313e+10  152   30 8.1670e+10 8.4313e+10  3.24%  29.5 2475s
 187905 58776 8.4313e+10  149   35 8.1670e+10 8.4313e+10  3.24%  29.5 2480s
 188424 58789 8.4313e+10  160   38 8.1670e+10 8.4313e+10  3.24%  29.5 2485s
 189015 58881 8.4313e+10  187   19 8.1670e+10 8.4313e+10  3.24%  29.4 2490s
 189591 58862 infeasible  158      8.1670e+10 8.4313e+10  3.24%  29.4 2495s
 190340 58886 8.4227e+10  171   89 8.1670e+10 8.4313e+10  3.24%  29.4 2500s
 191060 58906 8.4313e+10  161   52 8.1670e+10 8.4313e+10  3.24%  29.3 2505s
 191816 58894 infeasible  167      8.1670e+10 8.4313e+10  3.24%  29.2 2510s
 192356 58921 infeasible  175      8.1670e+10 8.4313e+10  3.24%  29.2 2515s
 193064 58963 8.1863e+10  213   11 8.1670e+10 8.4313e+10  3.24%  29.2 2520s
 193775 59083 8.4313e+10  168   45 8.1670e+10 8.4313e+10  3.24%  29.1 2525s
 194434 59183 8.4313e+10  181   27 8.1670e+10 8.4313e+10  3.24%  29.1 2530s
 195199 59160 8.4313e+10  172   43 8.1670e+10 8.4313e+10  3.24%  29.0 2535s
 195828 59158 infeasible  170      8.1670e+10 8.4313e+10  3.24%  29.0 2540s
 195981 59168 8.4313e+10  175   29 8.1670e+10 8.4313e+10  3.24%  29.0 2545s
 196658 59166 8.4313e+10  170   50 8.1670e+10 8.4313e+10  3.24%  28.9 2550s
 197308 59136 8.4313e+10  166   46 8.1670e+10 8.4313e+10  3.24%  28.9 2555s
 197975 59179 8.4313e+10  168   39 8.1670e+10 8.4313e+10  3.24%  28.8 2560s
 198850 59135 8.4313e+10  174   22 8.1670e+10 8.4313e+10  3.24%  28.8 2565s
 199406 59178 8.4313e+10  160   44 8.1670e+10 8.4313e+10  3.24%  28.7 2570s
 200049 59156 8.4313e+10  158   70 8.1670e+10 8.4313e+10  3.24%  28.7 2575s
 200654 59253 8.4286e+10  168   97 8.1670e+10 8.4313e+10  3.24%  28.7 2580s
 201340 59411 8.4313e+10  164   30 8.1670e+10 8.4313e+10  3.24%  28.6 2585s
 201980 59425 8.2136e+10  163   98 8.1670e+10 8.4313e+10  3.24%  28.6 2590s
 202703 59592 8.2139e+10  169   30 8.1670e+10 8.4313e+10  3.24%  28.5 2595s
 203230 59662 infeasible  166      8.1670e+10 8.4313e+10  3.24%  28.5 2600s
 203850 59708 8.1863e+10  184   35 8.1670e+10 8.4313e+10  3.24%  28.5 2608s
 203967 59737 8.4313e+10  172   24 8.1670e+10 8.4313e+10  3.24%  28.5 2610s
 204636 59745 8.4313e+10  165   33 8.1670e+10 8.4313e+10  3.24%  28.4 2615s
 205256 59754 8.2139e+10  169   28 8.1670e+10 8.4313e+10  3.24%  28.4 2620s
 205865 59866 8.4313e+10  164   41 8.1670e+10 8.4313e+10  3.24%  28.4 2625s
 206540 59933 8.1863e+10  166   34 8.1670e+10 8.4313e+10  3.24%  28.3 2630s
 207187 60001 8.4218e+10  157   92 8.1670e+10 8.4313e+10  3.24%  28.3 2635s
 207831 60021 8.4313e+10  164   24 8.1670e+10 8.4313e+10  3.24%  28.3 2640s
 208522 60018 8.4313e+10  161   40 8.1670e+10 8.4313e+10  3.24%  28.2 2645s
 208984 60116 8.2139e+10  160   39 8.1670e+10 8.4313e+10  3.24%  28.2 2650s
 209735 60142 8.4313e+10  165   33 8.1670e+10 8.4313e+10  3.24%  28.1 2655s
 210050 60183 8.4313e+10  176   27 8.1670e+10 8.4313e+10  3.24%  28.1 2662s
 210464 60131 8.4313e+10  169   28 8.1670e+10 8.4313e+10  3.24%  28.1 2665s
 211037 60145 infeasible  158      8.1670e+10 8.4313e+10  3.24%  28.1 2670s
 211524 60217 8.4313e+10  166   30 8.1670e+10 8.4313e+10  3.24%  28.0 2675s
 212317 60230 8.4313e+10  161   43 8.1670e+10 8.4313e+10  3.24%  28.0 2680s
 212987 60199 8.4313e+10  158   67 8.1670e+10 8.4313e+10  3.24%  28.0 2685s
 213678 60182 8.4313e+10  137  101 8.1670e+10 8.4313e+10  3.24%  27.9 2690s
 214284 60348 8.4313e+10  147   73 8.1670e+10 8.4313e+10  3.24%  27.9 2695s
 214838 60428 infeasible  162      8.1670e+10 8.4313e+10  3.24%  27.9 2700s
 215484 60494 8.2139e+10  163   36 8.1670e+10 8.4313e+10  3.24%  27.9 2705s
 216248 60498 8.4313e+10  168   24 8.1670e+10 8.4313e+10  3.24%  27.8 2710s
 216872 60545 8.4313e+10  164   30 8.1670e+10 8.4313e+10  3.24%  27.8 2715s
 217461 60579 8.2139e+10  168   56 8.1670e+10 8.4313e+10  3.24%  27.8 2720s
 217701 60587 8.2139e+10  173   40 8.1670e+10 8.4313e+10  3.24%  27.8 2726s
 217976 60606 8.4227e+10  159  113 8.1670e+10 8.4313e+10  3.24%  27.8 2730s
 218458 60652 8.2139e+10  170   31 8.1670e+10 8.4313e+10  3.24%  27.7 2735s
 218983 60680 8.4313e+10  155   55 8.1670e+10 8.4313e+10  3.24%  27.7 2740s
 219689 60766 8.4313e+10  156   42 8.1670e+10 8.4313e+10  3.24%  27.7 2745s
 220267 60785 8.4313e+10  160   42 8.1670e+10 8.4313e+10  3.24%  27.7 2750s
 220833 60771 infeasible  148      8.1670e+10 8.4313e+10  3.24%  27.6 2755s
 221456 60906 8.4313e+10  158   37 8.1670e+10 8.4313e+10  3.24%  27.6 2760s
 222095 60875 8.4313e+10  166   33 8.1670e+10 8.4313e+10  3.24%  27.6 2765s
 222842 60856 8.4313e+10  149   56 8.1670e+10 8.4313e+10  3.24%  27.5 2770s
 223406 60907 8.2139e+10  161   47 8.1670e+10 8.4313e+10  3.24%  27.5 2775s
 224126 60907 8.4313e+10  153   47 8.1670e+10 8.4313e+10  3.24%  27.5 2780s
 224239 60936 8.4313e+10  153   51 8.1670e+10 8.4313e+10  3.24%  27.5 2785s
 224636 61010 8.4313e+10  156   53 8.1670e+10 8.4313e+10  3.24%  27.5 2790s
 225079 61019 8.4287e+10  162  103 8.1670e+10 8.4313e+10  3.24%  27.5 2795s
 225709 61055 infeasible  159      8.1670e+10 8.4313e+10  3.24%  27.4 2800s
 226327 61082 infeasible  162      8.1670e+10 8.4313e+10  3.24%  27.4 2805s
 226837 61142 infeasible  151      8.1670e+10 8.4313e+10  3.24%  27.4 2810s
 227360 61207 8.2139e+10  172   26 8.1670e+10 8.4313e+10  3.24%  27.4 2815s
 228036 61266 8.2139e+10  162   68 8.1670e+10 8.4313e+10  3.24%  27.4 2820s
 228544 61359 8.4313e+10  155   72 8.1670e+10 8.4313e+10  3.24%  27.4 2825s
 229264 61479 8.2139e+10  150   63 8.1670e+10 8.4313e+10  3.24%  27.3 2830s
 229802 61607 8.2139e+10  157   61 8.1670e+10 8.4313e+10  3.24%  27.3 2835s
 230368 61708 8.4313e+10  157   46 8.1670e+10 8.4313e+10  3.24%  27.3 2840s
 231143 61791 8.4313e+10  158   31 8.1670e+10 8.4313e+10  3.24%  27.3 2845s
 231236 61790 8.4313e+10  140   80 8.1670e+10 8.4313e+10  3.24%  27.3 2850s
 231612 61895 8.4313e+10  143   89 8.1670e+10 8.4313e+10  3.24%  27.3 2855s
 232268 61972 8.4313e+10  152   62 8.1670e+10 8.4313e+10  3.24%  27.2 2860s
 232799 62059 infeasible  169      8.1670e+10 8.4313e+10  3.24%  27.2 2865s
 233355 62041 8.4313e+10  165   47 8.1670e+10 8.4313e+10  3.24%  27.2 2870s
 233865 62031 8.2139e+10  171   53 8.1670e+10 8.4313e+10  3.24%  27.2 2875s
 234534 62042 8.4313e+10  146   52 8.1670e+10 8.4313e+10  3.24%  27.2 2880s
 235165 62087 8.2139e+10  157   71 8.1670e+10 8.4313e+10  3.24%  27.2 2885s
 235583 62130 infeasible  164      8.1670e+10 8.4313e+10  3.24%  27.2 2890s
 236117 62113 8.4313e+10  162   53 8.1670e+10 8.4313e+10  3.24%  27.2 2895s
 236814 62122 8.4313e+10  151   50 8.1670e+10 8.4313e+10  3.24%  27.1 2900s
 237374 62143 8.4313e+10  139  104 8.1670e+10 8.4313e+10  3.24%  27.1 2905s
 237781 62171 8.4313e+10  154   40 8.1670e+10 8.4313e+10  3.24%  27.1 2911s
 237938 62194 8.4313e+10  162   46 8.1670e+10 8.4313e+10  3.24%  27.1 2915s
 238398 62199 8.4313e+10  163   64 8.1670e+10 8.4313e+10  3.24%  27.1 2920s
 238903 62219 8.2139e+10  148   85 8.1670e+10 8.4313e+10  3.24%  27.1 2925s
 239321 62200 8.4313e+10  145   69 8.1670e+10 8.4313e+10  3.24%  27.1 2930s
 239976 62309 8.4313e+10  150   64 8.1670e+10 8.4313e+10  3.24%  27.1 2935s
 240524 62395 8.2139e+10  149   65 8.1670e+10 8.4313e+10  3.24%  27.1 2940s
 241212 62401 infeasible  170      8.1670e+10 8.4313e+10  3.24%  27.0 2945s
 241826 62474 8.2139e+10  165   50 8.1670e+10 8.4313e+10  3.24%  27.0 2950s
 242448 62532 infeasible  158      8.1670e+10 8.4313e+10  3.24%  27.0 2955s
 243245 62520 8.4313e+10  165   53 8.1670e+10 8.4313e+10  3.24%  27.0 2960s
 243828 62636 8.2139e+10  165   32 8.1670e+10 8.4313e+10  3.24%  26.9 2965s
 244408 62661 8.4313e+10  159   45 8.1670e+10 8.4313e+10  3.24%  26.9 2970s
 244899 62710 8.4313e+10  166   44 8.1670e+10 8.4313e+10  3.24%  26.9 2977s
 245040 62707 8.4286e+10  176  108 8.1670e+10 8.4313e+10  3.24%  26.9 2980s
 245496 62734 8.4313e+10  160   40 8.1670e+10 8.4313e+10  3.24%  26.9 2985s
 246148 62901 8.4313e+10  158   42 8.1670e+10 8.4313e+10  3.24%  26.9 2990s
 246768 62996 8.4313e+10  165   42 8.1670e+10 8.4313e+10  3.24%  26.9 2995s
 247338 63025 infeasible  164      8.1670e+10 8.4313e+10  3.24%  26.9 3000s
 248028 63055 8.2139e+10  155   45 8.1670e+10 8.4313e+10  3.24%  26.8 3005s
 248460 63106 infeasible  152      8.1670e+10 8.4313e+10  3.24%  26.9 3010s
 248946 63229 infeasible  176      8.1670e+10 8.4313e+10  3.24%  26.9 3015s
 249632 63341 8.2139e+10  169   44 8.1670e+10 8.4313e+10  3.24%  26.8 3020s
 250199 63396 8.4313e+10  161   58 8.1670e+10 8.4313e+10  3.24%  26.8 3025s
 250634 63429 8.2139e+10  175   32 8.1670e+10 8.4313e+10  3.24%  26.8 3032s
 250922 63438 8.4313e+10  161   52 8.1670e+10 8.4313e+10  3.24%  26.8 3035s
 251257 63478 8.2139e+10  166   60 8.1670e+10 8.4313e+10  3.24%  26.8 3040s
 252004 63532 8.4313e+10  159   48 8.1670e+10 8.4313e+10  3.24%  26.8 3045s
 252692 63533 8.2139e+10  164   52 8.1670e+10 8.4313e+10  3.24%  26.8 3050s
 253203 63586 infeasible  177      8.1670e+10 8.4313e+10  3.24%  26.7 3055s
 253933 63601 8.4313e+10  164   39 8.1670e+10 8.4313e+10  3.24%  26.7 3060s
 254541 63609 8.2139e+10  187   16 8.1670e+10 8.4313e+10  3.24%  26.7 3065s
 255091 63666 8.4313e+10  164   60 8.1670e+10 8.4313e+10  3.24%  26.7 3070s
 255646 63689 infeasible  165      8.1670e+10 8.4313e+10  3.24%  26.7 3075s
 256068 63712 8.2139e+10  161   57 8.1670e+10 8.4313e+10  3.24%  26.7 3082s
 256301 63745 8.4313e+10  154   77 8.1670e+10 8.4313e+10  3.24%  26.7 3085s
 256847 63813 8.4313e+10  151   40 8.1670e+10 8.4313e+10  3.24%  26.6 3090s
 257656 63837 8.4313e+10  156   47 8.1670e+10 8.4313e+10  3.24%  26.6 3095s
 258260 63881 8.4313e+10  163   64 8.1670e+10 8.4313e+10  3.24%  26.6 3100s
 258902 63907 8.4313e+10  160   48 8.1670e+10 8.4313e+10  3.24%  26.6 3105s
 259516 63939 8.4313e+10  162   32 8.1670e+10 8.4313e+10  3.24%  26.6 3110s
 260105 63953 8.2139e+10  160   70 8.1670e+10 8.4313e+10  3.24%  26.5 3115s
 260768 64035 8.4313e+10  165   39 8.1670e+10 8.4313e+10  3.24%  26.5 3120s
 261398 63997 8.2139e+10  159   58 8.1670e+10 8.4313e+10  3.24%  26.5 3125s
 262214 64112 8.4313e+10  163   44 8.1670e+10 8.4313e+10  3.24%  26.5 3130s
 262797 64103 8.4313e+10  170   39 8.1670e+10 8.4313e+10  3.24%  26.4 3135s
 263042 64084 8.4313e+10  152   57 8.1670e+10 8.4313e+10  3.24%  26.4 3140s
 263702 64107 8.4313e+10  158   59 8.1670e+10 8.4313e+10  3.24%  26.4 3145s
 264318 64120 8.4313e+10  167   34 8.1670e+10 8.4313e+10  3.24%  26.4 3150s
 265111 64146 8.4313e+10  164   62 8.1670e+10 8.4313e+10  3.24%  26.3 3155s
 265587 64146 8.2139e+10  161   69 8.1670e+10 8.4313e+10  3.24%  26.3 3160s
 266314 64139 8.4313e+10  164   51 8.1670e+10 8.4313e+10  3.24%  26.3 3165s
 266859 64187 8.4313e+10  164   22 8.1670e+10 8.4313e+10  3.24%  26.3 3170s
 267501 64191 8.4313e+10  171   26 8.1670e+10 8.4313e+10  3.24%  26.3 3175s
 268268 64204 8.4313e+10  162   40 8.1670e+10 8.4313e+10  3.24%  26.3 3181s
 268323 64192 8.4313e+10  161   50 8.1670e+10 8.4313e+10  3.24%  26.3 3185s
 268701 64190 8.4313e+10  159   57 8.1670e+10 8.4313e+10  3.24%  26.3 3190s
 269396 64215 8.2139e+10  159   59 8.1670e+10 8.4313e+10  3.24%  26.2 3195s
 270020 64199 8.4313e+10  159   47 8.1670e+10 8.4313e+10  3.24%  26.2 3200s
 270591 64260 8.3947e+10  159  102 8.1670e+10 8.4313e+10  3.24%  26.2 3205s
 271277 64270 8.4313e+10  160   39 8.1670e+10 8.4313e+10  3.24%  26.2 3210s
 271917 64298 8.4313e+10  152   45 8.1670e+10 8.4313e+10  3.24%  26.2 3215s
 272569 64350 8.1863e+10  172   42 8.1670e+10 8.4313e+10  3.24%  26.2 3220s
 273290 64375 8.4313e+10  156   62 8.1670e+10 8.4313e+10  3.24%  26.1 3225s
 273775 64438 8.2139e+10  163   53 8.1670e+10 8.4313e+10  3.24%  26.1 3230s
 274436 64524 8.4313e+10  169   37 8.1670e+10 8.4313e+10  3.24%  26.1 3235s
 275110 64551 8.4313e+10  168   51 8.1670e+10 8.4313e+10  3.24%  26.1 3240s
 275734 64558 infeasible  176      8.1670e+10 8.4313e+10  3.24%  26.1 3245s
 276174 64531 8.4313e+10  169   20 8.1670e+10 8.4313e+10  3.24%  26.1 3253s
 276250 64540 8.4313e+10  151   47 8.1670e+10 8.4313e+10  3.24%  26.1 3255s
 276756 64590 8.2139e+10  175   59 8.1670e+10 8.4313e+10  3.24%  26.1 3260s
 277243 64669 8.4313e+10  144   68 8.1670e+10 8.4313e+10  3.24%  26.1 3265s
 277906 64722 8.4313e+10  166   52 8.1670e+10 8.4313e+10  3.24%  26.0 3270s
 278455 64795 8.4313e+10  159   56 8.1670e+10 8.4313e+10  3.24%  26.0 3275s
 279123 64827 8.4313e+10  168   36 8.1670e+10 8.4313e+10  3.24%  26.0 3280s
 279723 64804 8.4313e+10  164   44 8.1670e+10 8.4313e+10  3.24%  26.0 3285s
 280472 64850 infeasible  164      8.1670e+10 8.4313e+10  3.24%  26.0 3290s
 281055 64884 8.4313e+10  168   76 8.1670e+10 8.4313e+10  3.24%  26.0 3295s
 281702 64849 8.4313e+10  152   54 8.1670e+10 8.4313e+10  3.24%  26.0 3300s
 282298 64939 infeasible  164      8.1670e+10 8.4313e+10  3.24%  26.0 3305s
 282865 64991 8.4313e+10  157   78 8.1670e+10 8.4313e+10  3.24%  26.0 3310s
 283478 65044 8.3004e+10  143  136 8.1670e+10 8.4313e+10  3.24%  25.9 3315s
 283740 65066 8.4313e+10  154   39 8.1670e+10 8.4313e+10  3.24%  25.9 3320s
 284399 65087 8.4313e+10  158   42 8.1670e+10 8.4313e+10  3.24%  25.9 3325s
 284901 65077 infeasible  165      8.1670e+10 8.4313e+10  3.24%  25.9 3330s
 285618 65089 8.4313e+10  156   28 8.1670e+10 8.4313e+10  3.24%  25.9 3335s
 286254 65098 8.4313e+10  158   32 8.1670e+10 8.4313e+10  3.24%  25.9 3340s
 286857 65108 8.4313e+10  158   28 8.1670e+10 8.4313e+10  3.24%  25.9 3345s
 287415 65136 8.4313e+10  150   79 8.1670e+10 8.4313e+10  3.24%  25.9 3350s
 287954 65167 8.2139e+10  165   58 8.1670e+10 8.4313e+10  3.24%  25.9 3355s
 288271 65173 8.4313e+10  149   56 8.1670e+10 8.4313e+10  3.24%  25.9 3360s
 288659 65217 8.2139e+10  164   62 8.1670e+10 8.4313e+10  3.24%  25.9 3365s
 289093 65232 8.4313e+10  154   55 8.1670e+10 8.4313e+10  3.24%  25.9 3370s
 289626 65210 8.4313e+10  164   38 8.1670e+10 8.4313e+10  3.24%  25.8 3375s
 290324 65349 8.1863e+10  164   38 8.1670e+10 8.4313e+10  3.24%  25.8 3380s
 290949 65340 8.4313e+10  152   48 8.1670e+10 8.4313e+10  3.24%  25.8 3385s
 291656 65376 8.2139e+10  156   43 8.1670e+10 8.4313e+10  3.24%  25.8 3390s
 292138 65416 8.4313e+10  150   58 8.1670e+10 8.4313e+10  3.24%  25.8 3395s
 292669 65499 8.2139e+10  160   98 8.1670e+10 8.4313e+10  3.24%  25.8 3400s
 293145 65537 8.4313e+10  147   73 8.1670e+10 8.4313e+10  3.24%  25.8 3405s
 293697 65582 8.4313e+10  159   54 8.1670e+10 8.4313e+10  3.24%  25.8 3412s
 294003 65625 8.4286e+10  158  109 8.1670e+10 8.4313e+10  3.24%  25.8 3415s
 294583 65716 8.4313e+10  147   53 8.1670e+10 8.4313e+10  3.24%  25.8 3420s
 295150 65810 8.1863e+10  164   45 8.1670e+10 8.4313e+10  3.24%  25.8 3425s
 295731 65985 8.4313e+10  138   86 8.1670e+10 8.4313e+10  3.24%  25.8 3430s
 296188 66094 8.4313e+10  135   81 8.1670e+10 8.4313e+10  3.24%  25.8 3435s
 296727 66263 8.4313e+10  136   75 8.1670e+10 8.4313e+10  3.24%  25.8 3440s
 297216 66401 8.4313e+10  134  118 8.1670e+10 8.4313e+10  3.24%  25.8 3445s
 297818 66673 8.4313e+10  128   96 8.1670e+10 8.4313e+10  3.24%  25.8 3450s
 298389 66930 8.2139e+10  207   24 8.1670e+10 8.4313e+10  3.24%  25.8 3455s
 298585 67022 8.4313e+10  146   66 8.1670e+10 8.4313e+10  3.24%  25.8 3461s
 298876 67077 8.4313e+10  135   94 8.1670e+10 8.4313e+10  3.24%  25.8 3465s
 299389 67274 8.2139e+10  166   53 8.1670e+10 8.4313e+10  3.24%  25.8 3470s
 299761 67396 8.4313e+10  127  110 8.1670e+10 8.4313e+10  3.24%  25.8 3475s
 300023 67487 8.4286e+10  134  157 8.1670e+10 8.4313e+10  3.24%  25.8 3480s
 300507 67594 8.4313e+10  139   66 8.1670e+10 8.4313e+10  3.24%  25.8 3485s
 301048 67814 8.2139e+10  148   65 8.1670e+10 8.4313e+10  3.24%  25.8 3490s
 301492 67919 8.4313e+10  140   81 8.1670e+10 8.4313e+10  3.24%  25.8 3495s
 301956 68103 8.4313e+10  140   52 8.1670e+10 8.4313e+10  3.24%  25.8 3500s
 302460 68203 8.4313e+10  134  125 8.1670e+10 8.4313e+10  3.24%  25.8 3505s
 302843 68348 8.4286e+10  135  172 8.1670e+10 8.4313e+10  3.24%  25.8 3510s
 303331 68552 8.1863e+10  157   49 8.1670e+10 8.4313e+10  3.24%  25.8 3515s
 303508 68592 infeasible  155      8.1670e+10 8.4313e+10  3.24%  25.8 3520s
 304008 68680 8.4313e+10  146   52 8.1670e+10 8.4313e+10  3.24%  25.8 3525s
 304495 68816 infeasible  151      8.1670e+10 8.4313e+10  3.24%  25.8 3530s
 304958 68993 8.3282e+10  128   86 8.1670e+10 8.4313e+10  3.24%  25.8 3535s
 305349 69098     cutoff  167      8.1670e+10 8.4313e+10  3.24%  25.8 3540s
 305850 69266 8.4313e+10  126   78 8.1670e+10 8.4313e+10  3.24%  25.8 3545s
 306196 69359 8.4313e+10  115   95 8.1670e+10 8.4313e+10  3.24%  25.8 3550s
 306710 69463 8.4313e+10  146   60 8.1670e+10 8.4313e+10  3.24%  25.8 3555s
 307111 69587 8.4313e+10  142   72 8.1670e+10 8.4313e+10  3.24%  25.8 3560s
 307455 69704 8.4313e+10  176   31 8.1670e+10 8.4313e+10  3.24%  25.8 3567s
 307644 69739 8.4313e+10  151   65 8.1670e+10 8.4313e+10  3.24%  25.8 3570s
 308106 69863 infeasible  141      8.1670e+10 8.4313e+10  3.24%  25.8 3575s
 308550 69990 infeasible  155      8.1670e+10 8.4313e+10  3.24%  25.8 3580s
 309012 70149 8.4313e+10  152   50 8.1670e+10 8.4313e+10  3.24%  25.8 3585s
 309629 70140 8.4313e+10  161   36 8.1670e+10 8.4313e+10  3.24%  25.8 3590s
 310278 70227 8.1863e+10  150   60 8.1670e+10 8.4313e+10  3.24%  25.8 3595s

Cutting planes:
  Learned: 47
  Gomory: 49
  Lift-and-project: 2
  Cover: 825
  Implied bound: 86
  Projected implied bound: 4
  Clique: 14
  MIR: 35
  Mixing: 6
  StrongCG: 1
  Flow cover: 409
  GUB cover: 7
  Inf proof: 118
  RLT: 23
  Relax-and-lift: 13

Explored 310758 nodes (8024729 simplex iterations) in 3599.60 seconds (1865.24 work units)
Thread count was 1 (of 28 available processors)

Solution count 10: 8.16696e+10 7.84357e+10 7.68522e+10 ... 1.11635e+10

Time limit reached
Best objective 8.166964680000e+10, best bound 8.431283700000e+10, gap 3.2364%

User-callback calls 2198223, time in user-callback 1.20 sec