Gurobi Optimizer version 12.0.3 build v12.0.3rc0 (linux64 - "Oracle Linux Server 9.4")

CPU model: Intel(R) Xeon(R) CPU E5-2660 v4 @ 2.00GHz, instruction set [SSE2|AVX|AVX2]
Thread count: 28 physical cores, 28 logical processors, using up to 1 threads

Non-default parameters:
TimeLimit  3599.803233548
SoftMemLimit  16
NumericFocus  1
Threads  1

Academic license 2690100 - for non-commercial use only - registered to ju___@uclm.es
Optimize a model with 3549 rows, 918 columns and 12256 nonzeros
Model fingerprint: 0x18802c29
Variable types: 34 continuous, 884 integer (884 binary)
Coefficient statistics:
  Matrix range     [1e+00, 2e+13]
  Objective range  [1e+09, 7e+09]
  Bounds range     [1e+03, 1e+04]
  RHS range        [1e+00, 2e+14]
Warning: Model contains large matrix coefficient range
Warning: Model contains large objective coefficients
Warning: Model contains large rhs
Found heuristic solution: objective -0.0000000
Presolve removed 621 rows and 0 columns
Presolve time: 0.07s
Presolved: 2928 rows, 918 columns, 10917 nonzeros
Variable types: 34 continuous, 884 integer (884 binary)

Root relaxation: objective 9.338400e+10, 317 iterations, 0.01 seconds (0.01 work units)

    Nodes    |    Current Node    |     Objective Bounds      |     Work
 Expl Unexpl |  Obj  Depth IntInf | Incumbent    BestBd   Gap | It/Node Time

     0     0 9.3384e+10    0   22   -0.00000 9.3384e+10      -     -    0s
H    0     0                    1.733400e+10 9.3384e+10   439%     -    0s
     0     0 9.3384e+10    0   45 1.7334e+10 9.3384e+10   439%     -    0s
H    0     0                    6.582600e+10 9.3298e+10  41.7%     -    0s
H    0     0                    7.273800e+10 9.3298e+10  28.3%     -    0s
H    0     0                    7.965000e+10 9.3298e+10  17.1%     -    0s
     0     0 9.2664e+10    0   32 7.9650e+10 9.2664e+10  16.3%     -    0s
     0     0 9.1242e+10    0   12 7.9650e+10 9.1242e+10  14.6%     -    0s
H    0     0                    8.656200e+10 9.1242e+10  5.41%     -    0s
     0     0 9.1242e+10    0   20 8.6562e+10 9.1242e+10  5.41%     -    0s
     0     0 9.1242e+10    0    8 8.6562e+10 9.1242e+10  5.41%     -    0s
     0     0 9.1242e+10    0   18 8.6562e+10 9.1242e+10  5.41%     -    0s
     0     0 9.1242e+10    0   20 8.6562e+10 9.1242e+10  5.41%     -    0s
     0     0 9.1242e+10    0    8 8.6562e+10 9.1242e+10  5.41%     -    0s
     0     0 9.1242e+10    0   18 8.6562e+10 9.1242e+10  5.41%     -    0s
     0     0 9.1242e+10    0   18 8.6562e+10 9.1242e+10  5.41%     -    0s
     0     0 9.1242e+10    0   14 8.6562e+10 9.1242e+10  5.41%     -    0s
     0     0 9.1242e+10    0   11 8.6562e+10 9.1242e+10  5.41%     -    0s
     0     2 9.1242e+10    0   11 8.6562e+10 9.1242e+10  5.41%     -    0s
H   52    34                    8.773200e+10 9.1242e+10  4.00%  29.5    0s
H  896   270                    9.001800e+10 9.1242e+10  1.36%  19.8    4s
H  896   257                    9.007200e+10 9.1242e+10  1.30%  19.8    4s
   899   259 9.1242e+10   14    8 9.0072e+10 9.1242e+10  1.30%  19.7    5s
  1332   273 9.1242e+10   70   47 9.0072e+10 9.1242e+10  1.30%  25.5   10s
  1845   155 infeasible   74      9.0072e+10 9.1242e+10  1.30%  24.9   15s
  2262   149 9.1242e+10   72   21 9.0072e+10 9.1242e+10  1.30%  25.6   20s
  2608   145 9.1242e+10   64   28 9.0072e+10 9.1242e+10  1.30%  26.8   25s
  3144   177 9.1242e+10   78   16 9.0072e+10 9.1242e+10  1.30%  26.5   30s
  3591   148 9.1242e+10   68   24 9.0072e+10 9.1242e+10  1.30%  27.3   35s
* 3787     3              72    9.124200e+10 9.1242e+10  0.00%  27.5   37s

Cutting planes:
  Learned: 1
  Gomory: 2
  Lift-and-project: 1
  Cover: 29
  Implied bound: 26
  Clique: 5
  MIR: 3
  Flow cover: 61
  Inf proof: 3
  Relax-and-lift: 31

Explored 3788 nodes (108262 simplex iterations) in 37.61 seconds (16.65 work units)
Thread count was 1 (of 28 available processors)

Solution count 10: 9.1242e+10 9.0072e+10 9.0018e+10 ... -0

Optimal solution found (tolerance 1.00e-04)
Best objective 9.124200000000e+10, best bound 9.124200000000e+10, gap 0.0000%

User-callback calls 31611, time in user-callback 0.02 sec