Gurobi Optimizer version 12.0.3 build v12.0.3rc0 (linux64 - "Oracle Linux Server 9.4")

CPU model: Intel(R) Xeon(R) CPU E5-2660 v4 @ 2.00GHz, instruction set [SSE2|AVX|AVX2]
Thread count: 28 physical cores, 28 logical processors, using up to 1 threads

Non-default parameters:
TimeLimit  3599.734382253
SoftMemLimit  16
NumericFocus  1
Threads  1

Academic license 2690100 - for non-commercial use only - registered to ju___@uclm.es
Optimize a model with 4516 rows, 1140 columns and 15570 nonzeros
Model fingerprint: 0xf1a5bd4a
Variable types: 38 continuous, 1102 integer (1102 binary)
Coefficient statistics:
  Matrix range     [1e+00, 4e+13]
  Objective range  [1e+09, 1e+10]
  Bounds range     [7e+02, 1e+04]
  RHS range        [1e+00, 2e+14]
Warning: Model contains large matrix coefficient range
Warning: Model contains large objective coefficients
Warning: Model contains large rhs
Found heuristic solution: objective -0.0000000
Presolve removed 1773 rows and 258 columns
Presolve time: 0.10s
Presolved: 2743 rows, 882 columns, 10177 nonzeros
Variable types: 34 continuous, 848 integer (848 binary)

Root relaxation: objective 7.628394e+10, 408 iterations, 0.01 seconds (0.01 work units)

    Nodes    |    Current Node    |     Objective Bounds      |     Work
 Expl Unexpl |  Obj  Depth IntInf | Incumbent    BestBd   Gap | It/Node Time

     0     0 7.6284e+10    0   31   -0.00000 7.6284e+10      -     -    0s
     0     0 7.6284e+10    0   35   -0.00000 7.6284e+10      -     -    0s
     0     0 7.6284e+10    0   33   -0.00000 7.6284e+10      -     -    0s
H    0     0                    2.894400e+10 7.6284e+10   164%     -    0s
     0     0 7.5992e+10    0   46 2.8944e+10 7.5992e+10   163%     -    0s
H    0     0                    3.376800e+10 7.5959e+10   125%     -    0s
     0     0 7.5917e+10    0   61 3.3768e+10 7.5917e+10   125%     -    0s
     0     0 7.5917e+10    0   61 3.3768e+10 7.5917e+10   125%     -    0s
     0     0 7.5756e+10    0   72 3.3768e+10 7.5756e+10   124%     -    0s
     0     0 7.5756e+10    0   64 3.3768e+10 7.5756e+10   124%     -    0s
H    0     0                    4.022438e+10 7.5551e+10  87.8%     -    0s
     0     0 7.5551e+10    0   69 4.0224e+10 7.5551e+10  87.8%     -    0s
     0     0 7.5551e+10    0   36 4.0224e+10 7.5551e+10  87.8%     -    0s
     0     0 7.5551e+10    0   29 4.0224e+10 7.5551e+10  87.8%     -    0s
     0     0 7.5551e+10    0   33 4.0224e+10 7.5551e+10  87.8%     -    0s
     0     0 7.5551e+10    0   30 4.0224e+10 7.5551e+10  87.8%     -    0s
     0     0 7.5551e+10    0   33 4.0224e+10 7.5551e+10  87.8%     -    0s
H    0     0                    4.662118e+10 7.5551e+10  62.1%     -    0s
     0     0 7.5551e+10    0   33 4.6621e+10 7.5551e+10  62.1%     -    0s
     0     0 7.5551e+10    0    8 4.6621e+10 7.5551e+10  62.1%     -    0s
     0     0 7.5551e+10    0   10 4.6621e+10 7.5551e+10  62.1%     -    0s
     0     0 7.5551e+10    0   10 4.6621e+10 7.5551e+10  62.1%     -    0s
     0     0 7.5551e+10    0    6 4.6621e+10 7.5551e+10  62.1%     -    0s
H    0     0                    4.896118e+10 7.5551e+10  54.3%     -    0s
H    0     0                    7.002118e+10 7.5551e+10  7.90%     -    0s
     0     2 7.5551e+10    0    6 7.0021e+10 7.5551e+10  7.90%     -    0s
H  497   196                    7.266437e+10 7.5551e+10  3.97%  11.9    2s
   855   390 7.5551e+10   35   16 7.2664e+10 7.5551e+10  3.97%  16.7    5s
H  904   370                    7.321877e+10 7.5551e+10  3.19%  16.8    5s
  1654   213 7.5551e+10   48   45 7.3219e+10 7.5551e+10  3.19%  17.1   10s
  2473   348 7.5551e+10   72   45 7.3219e+10 7.5551e+10  3.19%  17.3   15s
  3305   417 7.5551e+10   59   18 7.3219e+10 7.5551e+10  3.19%  18.6   20s
  4402   441 7.5551e+10   62   22 7.3219e+10 7.5551e+10  3.19%  18.7   25s
  5453   404 infeasible   60      7.3219e+10 7.5551e+10  3.19%  19.5   30s
  6176   444 7.5551e+10   56   58 7.3219e+10 7.5551e+10  3.19%  20.2   35s
  6802   544 7.3986e+10   59   31 7.3219e+10 7.5551e+10  3.19%  20.1   40s
  7837   797 7.3986e+10   72   12 7.3219e+10 7.5551e+10  3.19%  20.2   45s
  8793   997 7.5551e+10   53   14 7.3219e+10 7.5551e+10  3.19%  20.2   50s
  9712  1134 7.5551e+10   61    8 7.3219e+10 7.5551e+10  3.19%  20.2   55s
 10982  1492 7.5551e+10   54   23 7.3219e+10 7.5551e+10  3.19%  20.0   60s
 12346  1769 7.3363e+10   60   12 7.3219e+10 7.5551e+10  3.19%  19.5   65s
 13520  1937 7.5551e+10   60   12 7.3219e+10 7.5551e+10  3.19%  19.4   70s
 14639  2086 7.5551e+10   45   30 7.3219e+10 7.5551e+10  3.19%  19.6   75s
 15782  2293 7.5551e+10   52   29 7.3219e+10 7.5551e+10  3.19%  19.7   80s
 16435  2378 7.5551e+10   45   82 7.3219e+10 7.5551e+10  3.19%  20.1   85s
 16917  2448 7.5551e+10   59   23 7.3219e+10 7.5551e+10  3.19%  20.3   90s
 17165  2473 7.5508e+10   67   53 7.3219e+10 7.5551e+10  3.19%  20.5   95s
 17798  2435 7.5551e+10   76   37 7.3219e+10 7.5551e+10  3.19%  20.8  100s
 18391  2492 7.5551e+10   53  111 7.3219e+10 7.5551e+10  3.19%  21.2  105s
 18659  2594 7.5551e+10   57   42 7.3219e+10 7.5551e+10  3.19%  21.5  110s
 19246  2465 7.5551e+10   75   33 7.3219e+10 7.5551e+10  3.19%  22.0  115s
 19589  2340 infeasible   69      7.3219e+10 7.5551e+10  3.19%  22.4  120s
 20120  2397 7.3363e+10   91   22 7.3219e+10 7.5551e+10  3.19%  22.8  125s
 20589  2411 7.4912e+10   96   53 7.3219e+10 7.5551e+10  3.19%  23.2  130s
 20961  2423 7.5551e+10   74   25 7.3219e+10 7.5551e+10  3.19%  23.5  135s
 21187  2398 7.5551e+10   66   64 7.3219e+10 7.5551e+10  3.19%  23.7  145s
 21597  2307 infeasible   73      7.3219e+10 7.5551e+10  3.19%  24.1  150s
 21868  2202 7.5551e+10   52   93 7.3219e+10 7.5551e+10  3.19%  24.6  155s
 22395  2252 7.5551e+10   74   42 7.3219e+10 7.5551e+10  3.19%  24.8  160s
 22833  2219 7.3363e+10   88    9 7.3219e+10 7.5551e+10  3.19%  25.0  165s
 23295  2263 7.5551e+10   79   19 7.3219e+10 7.5551e+10  3.19%  25.2  170s
 23743  2345 7.5551e+10   76   26 7.3219e+10 7.5551e+10  3.19%  25.5  175s
 24141  2383 7.5551e+10   70   34 7.3219e+10 7.5551e+10  3.19%  25.7  180s
 24580  2449 infeasible   61      7.3219e+10 7.5551e+10  3.19%  25.9  185s
 25060  2584 7.5551e+10   89   36 7.3219e+10 7.5551e+10  3.19%  26.2  190s
 25243  2627 infeasible   88      7.3219e+10 7.5551e+10  3.19%  26.3  195s
 25616  2719 7.5551e+10   85   32 7.3219e+10 7.5551e+10  3.19%  26.6  200s
 26127  2874 7.5551e+10   82   30 7.3219e+10 7.5551e+10  3.19%  27.0  205s
 26429  2926 7.5551e+10   63   51 7.3219e+10 7.5551e+10  3.19%  27.2  210s
 26867  3107 7.5551e+10   80   67 7.3219e+10 7.5551e+10  3.19%  27.5  216s
 27041  3121 7.5551e+10   77   88 7.3219e+10 7.5551e+10  3.19%  27.7  220s
 27541  3302 7.4230e+10   59   15 7.3219e+10 7.5551e+10  3.19%  28.0  225s
 27727  3332 7.5551e+10   71   28 7.3219e+10 7.5551e+10  3.19%  28.1  230s
 28167  3490 7.5551e+10   52   43 7.3219e+10 7.5551e+10  3.19%  28.3  235s
 28697  3592 7.5551e+10   61   61 7.3219e+10 7.5551e+10  3.19%  28.6  240s
 29016  3713 7.3363e+10   69   13 7.3219e+10 7.5551e+10  3.19%  28.6  245s
 29627  3860 7.3363e+10   82   13 7.3219e+10 7.5551e+10  3.19%  28.6  250s
 29901  3894 7.3986e+10   76   14 7.3219e+10 7.5551e+10  3.19%  28.7  255s
 30343  3972 infeasible   89      7.3219e+10 7.5551e+10  3.19%  28.7  260s
 30872  4003 infeasible   78      7.3219e+10 7.5551e+10  3.19%  28.8  265s
 31233  4059 7.3363e+10   82   10 7.3219e+10 7.5551e+10  3.19%  28.8  270s
 31723  4110 7.3363e+10   73   18 7.3219e+10 7.5551e+10  3.19%  28.8  275s
 32321  4236 infeasible   73      7.3219e+10 7.5551e+10  3.19%  28.9  280s
 32575  4228 7.5551e+10   66   26 7.3219e+10 7.5551e+10  3.19%  28.9  286s
 32973  4248 7.5551e+10   74   34 7.3219e+10 7.5551e+10  3.19%  29.0  290s
 33410  4420 infeasible   72      7.3219e+10 7.5551e+10  3.19%  29.2  295s
 33862  4625 infeasible   77      7.3219e+10 7.5551e+10  3.19%  29.4  300s
 34068  4703 7.5551e+10   62   41 7.3219e+10 7.5551e+10  3.19%  29.5  305s
 34334  4812 infeasible   77      7.3219e+10 7.5551e+10  3.19%  29.7  310s
 34798  4947 7.3363e+10   65   34 7.3219e+10 7.5551e+10  3.19%  29.9  315s
 35109  5035 7.3363e+10   75   55 7.3219e+10 7.5551e+10  3.19%  29.9  321s
 35395  5157 7.5551e+10   60   35 7.3219e+10 7.5551e+10  3.19%  30.0  325s
 35824  5270 infeasible   77      7.3219e+10 7.5551e+10  3.19%  30.1  330s
 36162  5304 7.5551e+10   69   34 7.3219e+10 7.5551e+10  3.19%  30.3  335s
 36640  5465 7.5551e+10   64   62 7.3219e+10 7.5551e+10  3.19%  30.5  340s
 36864  5543 7.5551e+10   71   11 7.3219e+10 7.5551e+10  3.19%  30.6  345s
 37347  5744 7.5551e+10   62   64 7.3219e+10 7.5551e+10  3.19%  30.7  350s
 37658  5881 7.5551e+10   69   21 7.3219e+10 7.5551e+10  3.19%  30.8  357s
 37799  5953 7.5551e+10   56  107 7.3219e+10 7.5551e+10  3.19%  30.8  360s
 38324  6140 7.5255e+10   85   57 7.3219e+10 7.5551e+10  3.19%  30.9  365s
 38898  6307 7.5551e+10   71   28 7.3219e+10 7.5551e+10  3.19%  30.9  370s
 39081  6338 7.3363e+10   95    9 7.3219e+10 7.5551e+10  3.19%  31.0  375s
 39461  6386 7.5551e+10   58   30 7.3219e+10 7.5551e+10  3.19%  31.2  380s
 39891  6507 7.5551e+10   58   46 7.3219e+10 7.5551e+10  3.19%  31.3  385s
 40276  6607 7.5551e+10   71   12 7.3219e+10 7.5551e+10  3.19%  31.4  390s
 40542  6639 7.5551e+10   53   36 7.3219e+10 7.5551e+10  3.19%  31.5  395s
 40950  6703 infeasible   71      7.3219e+10 7.5551e+10  3.19%  31.7  400s
 41094  6699 7.5551e+10   69   24 7.3219e+10 7.5551e+10  3.19%  31.7  405s
 41517  6794 7.5551e+10   62   67 7.3219e+10 7.5551e+10  3.19%  31.9  410s
 41819  6908 7.5551e+10   56   65 7.3219e+10 7.5551e+10  3.19%  32.0  415s
 42120  6963 7.5551e+10   75   52 7.3219e+10 7.5551e+10  3.19%  32.0  420s
 42473  7023 infeasible   95      7.3219e+10 7.5551e+10  3.19%  32.1  425s
 42757  7052 7.5551e+10   74   33 7.3219e+10 7.5551e+10  3.19%  32.1  430s
 43200  7127 7.3986e+10   76   18 7.3219e+10 7.5551e+10  3.19%  32.1  435s
 43623  7174 7.3363e+10   79   19 7.3219e+10 7.5551e+10  3.19%  32.2  440s
 44048  7316 7.3363e+10   75   32 7.3219e+10 7.5551e+10  3.19%  32.2  447s
 44236  7378 7.5222e+10   81   54 7.3219e+10 7.5551e+10  3.19%  32.2  450s
 44707  7483 7.5551e+10   66   16 7.3219e+10 7.5551e+10  3.19%  32.3  455s
 45035  7502 infeasible   78      7.3219e+10 7.5551e+10  3.19%  32.4  460s
 45293  7587 7.3363e+10   81   11 7.3219e+10 7.5551e+10  3.19%  32.4  465s
 45849  7723 7.3363e+10   76   32 7.3219e+10 7.5551e+10  3.19%  32.4  470s
 46209  7778 7.3834e+10   80   21 7.3219e+10 7.5551e+10  3.19%  32.4  475s
 46692  7892 7.3986e+10   79   10 7.3219e+10 7.5551e+10  3.19%  32.4  480s
 46971  7938 7.5551e+10   62   42 7.3219e+10 7.5551e+10  3.19%  32.5  485s
 47357  8040 7.3363e+10   83   35 7.3219e+10 7.5551e+10  3.19%  32.5  490s
 47572  8098 7.5551e+10   71   21 7.3219e+10 7.5551e+10  3.19%  32.5  495s
 48009  8161 infeasible   69      7.3219e+10 7.5551e+10  3.19%  32.5  500s
 48349  8256 infeasible   82      7.3219e+10 7.5551e+10  3.19%  32.6  505s
 48758  8365 7.4624e+10   76   70 7.3219e+10 7.5551e+10  3.19%  32.7  510s
 49020  8443 7.3834e+10   79   14 7.3219e+10 7.5551e+10  3.19%  32.7  515s
 49407  8520 infeasible   96      7.3219e+10 7.5551e+10  3.19%  32.8  520s
 49686  8603 7.3363e+10   83    9 7.3219e+10 7.5551e+10  3.19%  32.9  525s
 50047  8666 7.5551e+10   77   10 7.3219e+10 7.5551e+10  3.19%  33.0  530s
 50225  8738 7.3986e+10   68   28 7.3219e+10 7.5551e+10  3.19%  33.0  535s
 50587  8850 7.5551e+10   75   16 7.3219e+10 7.5551e+10  3.19%  33.0  540s
 51047  9001 7.5132e+10   79   69 7.3219e+10 7.5551e+10  3.19%  33.0  545s
 51357  9035 7.5551e+10   71   59 7.3219e+10 7.5551e+10  3.19%  33.1  551s
 51639  9104 infeasible   69      7.3219e+10 7.5551e+10  3.19%  33.2  555s
 52087  9201 infeasible   54      7.3219e+10 7.5551e+10  3.19%  33.3  560s
 52305  9254 7.5551e+10   83   42 7.3219e+10 7.5551e+10  3.19%  33.3  565s
 52695  9341 7.3363e+10   95    4 7.3219e+10 7.5551e+10  3.19%  33.4  570s
 53012  9370 7.5551e+10   71   32 7.3219e+10 7.5551e+10  3.19%  33.4  575s
 53531  9372 7.5551e+10   74   30 7.3219e+10 7.5551e+10  3.19%  33.4  580s
 53805  9412 7.5551e+10   77   13 7.3219e+10 7.5551e+10  3.19%  33.5  585s
 54134  9425 infeasible   74      7.3219e+10 7.5551e+10  3.19%  33.5  590s
 54452  9474 7.5048e+10   69   55 7.3219e+10 7.5551e+10  3.19%  33.7  595s
 54846  9506 7.5551e+10   73   42 7.3219e+10 7.5551e+10  3.19%  33.7  601s
 55147  9526 7.5551e+10   71   23 7.3219e+10 7.5551e+10  3.19%  33.8  605s
 55462  9578 7.3986e+10   75   19 7.3219e+10 7.5551e+10  3.19%  33.9  610s
 55509  9591 7.5551e+10   73   22 7.3219e+10 7.5551e+10  3.19%  33.9  615s
 55876  9666 7.3363e+10   76   11 7.3219e+10 7.5551e+10  3.19%  34.0  620s
 56198  9713 7.5551e+10   43   49 7.3219e+10 7.5551e+10  3.19%  34.1  625s
 56365  9760 7.5551e+10   66   59 7.3219e+10 7.5551e+10  3.19%  34.1  630s
 56739  9867 infeasible   69      7.3219e+10 7.5551e+10  3.19%  34.2  635s
 57111 10041 infeasible   56      7.3219e+10 7.5551e+10  3.19%  34.2  640s
 57583 10265 infeasible   65      7.3219e+10 7.5551e+10  3.19%  34.2  645s
 57863 10420 7.5551e+10   69   54 7.3219e+10 7.5551e+10  3.19%  34.3  651s
 58244 10570 7.3363e+10   79    8 7.3219e+10 7.5551e+10  3.19%  34.3  655s
 58642 10638 infeasible   69      7.3219e+10 7.5551e+10  3.19%  34.4  660s
 58772 10630 7.5551e+10   55   37 7.3219e+10 7.5551e+10  3.19%  34.5  666s
 59087 10714 infeasible   58      7.3219e+10 7.5551e+10  3.19%  34.5  670s
 59456 10785 7.3363e+10   71   16 7.3219e+10 7.5551e+10  3.19%  34.5  675s
 59949 10897 7.5551e+10   78   36 7.3219e+10 7.5551e+10  3.19%  34.6  680s
 60366 11014 7.5551e+10   58   36 7.3219e+10 7.5551e+10  3.19%  34.6  685s
 60720 11098 7.5551e+10   67   28 7.3219e+10 7.5551e+10  3.19%  34.6  691s
 61052 11183 7.3363e+10   78   49 7.3219e+10 7.5551e+10  3.19%  34.7  695s
 61500 11312 7.5551e+10   65   75 7.3219e+10 7.5551e+10  3.19%  34.7  700s
 61813 11398 7.3363e+10   77   26 7.3219e+10 7.5551e+10  3.19%  34.8  705s
 61972 11412 7.5551e+10   54   41 7.3219e+10 7.5551e+10  3.19%  34.8  710s
 62412 11515 7.5551e+10   62   35 7.3219e+10 7.5551e+10  3.19%  34.8  715s
 62803 11558 7.5551e+10   62   52 7.3219e+10 7.5551e+10  3.19%  34.9  720s
 62877 11573 7.5551e+10   68   32 7.3219e+10 7.5551e+10  3.19%  34.9  725s
 63390 11665 7.3363e+10   73   15 7.3219e+10 7.5551e+10  3.19%  34.9  730s
 63770 11737 infeasible   55      7.3219e+10 7.5551e+10  3.19%  34.9  735s
 64257 11884 7.5551e+10   59   35 7.3219e+10 7.5551e+10  3.19%  34.9  740s
 64530 11973 7.5551e+10   81   50 7.3219e+10 7.5551e+10  3.19%  35.0  746s
 64854 12036 7.5551e+10   66   20 7.3219e+10 7.5551e+10  3.19%  35.0  750s
 65257 12158 7.5551e+10   77   32 7.3219e+10 7.5551e+10  3.19%  35.1  755s
 65511 12184 7.5148e+10   60   52 7.3219e+10 7.5551e+10  3.19%  35.2  760s
 65847 12249 7.5048e+10   70   50 7.3219e+10 7.5551e+10  3.19%  35.2  765s
 66051 12299 infeasible   73      7.3219e+10 7.5551e+10  3.19%  35.3  770s
 66564 12434 infeasible   82      7.3219e+10 7.5551e+10  3.19%  35.2  775s
 66882 12489 7.4230e+10   65   27 7.3219e+10 7.5551e+10  3.19%  35.3  780s
 67211 12533 7.5551e+10   83    8 7.3219e+10 7.5551e+10  3.19%  35.4  785s
 67541 12563 7.3363e+10   86   38 7.3219e+10 7.5551e+10  3.19%  35.4  790s
 67825 12636 infeasible   80      7.3219e+10 7.5551e+10  3.19%  35.4  795s
 68088 12709 7.5492e+10   68   97 7.3219e+10 7.5551e+10  3.19%  35.5  800s
 68406 12751 7.5551e+10   69   57 7.3219e+10 7.5551e+10  3.19%  35.6  805s
 68639 12751 infeasible   75      7.3219e+10 7.5551e+10  3.19%  35.6  810s
 69052 12783 7.3363e+10   83   10 7.3219e+10 7.5551e+10  3.19%  35.6  815s
 69444 12850 infeasible   70      7.3219e+10 7.5551e+10  3.19%  35.6  820s
 69806 12917 7.5551e+10   65   25 7.3219e+10 7.5551e+10  3.19%  35.6  825s
 70208 13015 7.5551e+10   67   27 7.3219e+10 7.5551e+10  3.19%  35.6  830s
 70411 13062 7.5551e+10   62   76 7.3219e+10 7.5551e+10  3.19%  35.6  836s
 70598 13091 7.5551e+10   64   50 7.3219e+10 7.5551e+10  3.19%  35.7  840s
 70931 13156 7.5551e+10   74   51 7.3219e+10 7.5551e+10  3.19%  35.7  845s
 71316 13234 7.5551e+10   71   13 7.3219e+10 7.5551e+10  3.19%  35.8  850s
 71612 13300 7.5289e+10   70   76 7.3219e+10 7.5551e+10  3.19%  35.9  855s
 71932 13379 7.3363e+10   70   13 7.3219e+10 7.5551e+10  3.19%  35.9  860s
 72243 13462 7.3363e+10   77   10 7.3219e+10 7.5551e+10  3.19%  36.0  865s
 72594 13570 7.5551e+10   68   56 7.3219e+10 7.5551e+10  3.19%  36.0  872s
 72842 13617 infeasible   77      7.3219e+10 7.5551e+10  3.19%  35.9  875s
 73208 13689 7.3363e+10   78   16 7.3219e+10 7.5551e+10  3.19%  36.0  880s
 73689 13794 infeasible   75      7.3219e+10 7.5551e+10  3.19%  36.0  885s
 74151 13876 7.5551e+10   61   38 7.3219e+10 7.5551e+10  3.19%  36.0  890s
 74383 13916 infeasible   68      7.3219e+10 7.5551e+10  3.19%  36.0  895s
 74802 14012 7.5551e+10   72   14 7.3219e+10 7.5551e+10  3.19%  36.0  900s
 75254 14103 7.3363e+10   82    9 7.3219e+10 7.5551e+10  3.19%  36.0  905s
 75451 14099 7.5551e+10   68   63 7.3219e+10 7.5551e+10  3.19%  36.0  910s
 75807 14114 7.5341e+10   69   65 7.3219e+10 7.5551e+10  3.19%  36.0  915s
 76236 14203 7.5551e+10   67   34 7.3219e+10 7.5551e+10  3.19%  36.1  920s
 76450 14221 7.5551e+10   67   68 7.3219e+10 7.5551e+10  3.19%  36.1  925s
 76794 14324 infeasible   68      7.3219e+10 7.5551e+10  3.19%  36.1  930s
 77142 14395 7.3363e+10   70   32 7.3219e+10 7.5551e+10  3.19%  36.2  935s
 77299 14429 7.5551e+10   68    6 7.3219e+10 7.5551e+10  3.19%  36.2  946s
 77603 14449 7.5551e+10   53   35 7.3219e+10 7.5551e+10  3.19%  36.1  950s
 77908 14521 7.5551e+10   77   23 7.3219e+10 7.5551e+10  3.19%  36.1  955s
 78362 14362 7.5551e+10   95   24 7.3219e+10 7.5551e+10  3.19%  36.1  960s
 78847 14208 7.5551e+10   87   18 7.3219e+10 7.5551e+10  3.19%  36.1  965s
 79307 14126 7.5551e+10   68   29 7.3219e+10 7.5551e+10  3.19%  36.1  970s
 79640 14102 infeasible   87      7.3219e+10 7.5551e+10  3.19%  36.1  975s
 79987 13973 7.5551e+10   71   27 7.3219e+10 7.5551e+10  3.19%  36.2  980s
 80379 13870 7.5551e+10   73   34 7.3219e+10 7.5551e+10  3.19%  36.2  985s
 80786 13710 7.5551e+10   78   20 7.3219e+10 7.5551e+10  3.19%  36.3  990s
 80935 13678 7.5551e+10   71   27 7.3219e+10 7.5551e+10  3.19%  36.3  995s
 81303 13551 7.5551e+10   87   20 7.3219e+10 7.5551e+10  3.19%  36.3 1000s
 81759 13384 7.3363e+10   86   23 7.3219e+10 7.5551e+10  3.19%  36.4 1005s
 82098 13278 7.5551e+10   68   13 7.3219e+10 7.5551e+10  3.19%  36.5 1010s
 82209 13231 7.5551e+10   79   35 7.3219e+10 7.5551e+10  3.19%  36.5 1015s
 82540 13229 7.5551e+10   69   79 7.3219e+10 7.5551e+10  3.19%  36.5 1020s
 83110 13123 infeasible   85      7.3219e+10 7.5551e+10  3.19%  36.5 1025s
 83472 13082 7.3986e+10  103   17 7.3219e+10 7.5551e+10  3.19%  36.5 1030s
 83964 13089 7.5551e+10   82   13 7.3219e+10 7.5551e+10  3.19%  36.5 1037s
 84250 13105 7.3363e+10   92   12 7.3219e+10 7.5551e+10  3.19%  36.5 1040s
 84682 13047 7.3986e+10   91   16 7.3219e+10 7.5551e+10  3.19%  36.6 1045s
 85130 12968 7.5551e+10   93   23 7.3219e+10 7.5551e+10  3.19%  36.6 1050s
 85620 12975 7.5551e+10   71   60 7.3219e+10 7.5551e+10  3.19%  36.6 1057s
 85882 13034 7.5551e+10   77   32 7.3219e+10 7.5551e+10  3.19%  36.5 1060s
 86309 13126 7.3363e+10   99    7 7.3219e+10 7.5551e+10  3.19%  36.5 1065s
 86879 12987 7.5551e+10   81   48 7.3219e+10 7.5551e+10  3.19%  36.5 1070s
 87378 12834 7.5551e+10   95   16 7.3219e+10 7.5551e+10  3.19%  36.5 1075s
 87739 12723 7.5551e+10   89   42 7.3219e+10 7.5551e+10  3.19%  36.6 1080s
 88015 12639 7.5551e+10   84   20 7.3219e+10 7.5551e+10  3.19%  36.6 1085s
 88458 12475 infeasible   85      7.3219e+10 7.5551e+10  3.19%  36.6 1090s
 89003 12359 infeasible   79      7.3219e+10 7.5551e+10  3.19%  36.7 1095s
 89252 12291 infeasible   86      7.3219e+10 7.5551e+10  3.19%  36.7 1100s
 89809 12096 infeasible   88      7.3219e+10 7.5551e+10  3.19%  36.7 1105s
 90102 12022 infeasible   96      7.3219e+10 7.5551e+10  3.19%  36.7 1110s
 90424 11911 infeasible   90      7.3219e+10 7.5551e+10  3.19%  36.8 1115s
 90858 11756 infeasible   91      7.3219e+10 7.5551e+10  3.19%  36.8 1120s
 91020 11709 7.5551e+10   79   28 7.3219e+10 7.5551e+10  3.19%  36.9 1125s
 91409 11577 infeasible   90      7.3219e+10 7.5551e+10  3.19%  36.9 1130s
 91875 11445 7.5551e+10   84   24 7.3219e+10 7.5551e+10  3.19%  37.0 1135s
 92253 11325 7.5551e+10   80   59 7.3219e+10 7.5551e+10  3.19%  37.0 1140s
 92477 11240 infeasible   83      7.3219e+10 7.5551e+10  3.19%  37.0 1145s
 92823 11124 infeasible   92      7.3219e+10 7.5551e+10  3.19%  37.1 1150s
 93311 10954 7.5551e+10   92   45 7.3219e+10 7.5551e+10  3.19%  37.1 1155s
 93489 10917 7.5551e+10   88   42 7.3219e+10 7.5551e+10  3.19%  37.1 1160s
 93800 10800 infeasible   82      7.3219e+10 7.5551e+10  3.19%  37.2 1165s
 94162 10663 7.5551e+10   79   34 7.3219e+10 7.5551e+10  3.19%  37.2 1170s
 94502 10549 infeasible   87      7.3219e+10 7.5551e+10  3.19%  37.3 1175s
 94746 10459 infeasible   87      7.3219e+10 7.5551e+10  3.19%  37.3 1180s
 95179 10324 7.5551e+10   87   32 7.3219e+10 7.5551e+10  3.19%  37.3 1185s
 95523 10231 7.5551e+10   96   12 7.3219e+10 7.5551e+10  3.19%  37.4 1190s
 95827 10106 7.5551e+10   84    7 7.3219e+10 7.5551e+10  3.19%  37.4 1195s
 96229  9976 7.5366e+10   91   56 7.3219e+10 7.5551e+10  3.19%  37.4 1200s
 96443  9902 7.5551e+10   81   37 7.3219e+10 7.5551e+10  3.19%  37.5 1205s
 96822  9825 7.5551e+10   85   30 7.3219e+10 7.5551e+10  3.19%  37.5 1210s
 97300  9791 7.3986e+10   92   75 7.3219e+10 7.5551e+10  3.19%  37.5 1215s
 97547  9789 infeasible  112      7.3219e+10 7.5551e+10  3.19%  37.5 1220s
 97943  9768 7.3986e+10   96   34 7.3219e+10 7.5551e+10  3.19%  37.6 1225s
 98356  9694 infeasible   79      7.3219e+10 7.5551e+10  3.19%  37.6 1230s
 98461  9689 7.3986e+10  100   27 7.3219e+10 7.5551e+10  3.19%  37.6 1235s
 98930  9667 7.5551e+10   76   68 7.3219e+10 7.5551e+10  3.19%  37.6 1240s
 99295  9623 infeasible   91      7.3219e+10 7.5551e+10  3.19%  37.7 1245s
 99740  9469 infeasible   89      7.3219e+10 7.5551e+10  3.19%  37.7 1250s
 99918  9407 7.5551e+10   92   30 7.3219e+10 7.5551e+10  3.19%  37.7 1255s
 100306  9310 7.5551e+10   77   52 7.3219e+10 7.5551e+10  3.19%  37.8 1260s
 100755  9258 7.5551e+10   86   28 7.3219e+10 7.5551e+10  3.19%  37.8 1265s
 101150  9194 7.5551e+10   84   18 7.3219e+10 7.5551e+10  3.19%  37.8 1270s
 101447  9166 7.5551e+10   91   20 7.3219e+10 7.5551e+10  3.19%  37.9 1276s
 101664  9081 7.5551e+10   81   44 7.3219e+10 7.5551e+10  3.19%  37.9 1280s
 102154  9064 7.3363e+10   88   22 7.3219e+10 7.5551e+10  3.19%  37.9 1285s
 102549  9046 7.5551e+10   84   30 7.3219e+10 7.5551e+10  3.19%  37.9 1290s
 103016  9081 7.3363e+10   85   11 7.3219e+10 7.5551e+10  3.19%  37.9 1295s
 103419  9006 7.5551e+10   83   15 7.3219e+10 7.5551e+10  3.19%  38.0 1300s
 103654  8956 7.5551e+10   84   16 7.3219e+10 7.5551e+10  3.19%  38.0 1305s
 104052  8877 infeasible   83      7.3219e+10 7.5551e+10  3.19%  38.0 1310s
 104508  8850 7.3363e+10   86   25 7.3219e+10 7.5551e+10  3.19%  38.0 1315s
 104744  8833 infeasible   87      7.3219e+10 7.5551e+10  3.19%  38.0 1320s
 105253  8760 7.3363e+10   89   38 7.3219e+10 7.5551e+10  3.19%  37.9 1325s
 105780  8696 infeasible   90      7.3219e+10 7.5551e+10  3.19%  37.9 1330s
 106129  8648 7.3363e+10   84   18 7.3219e+10 7.5551e+10  3.19%  37.9 1335s
 106527  8603     cutoff   98      7.3219e+10 7.5551e+10  3.19%  37.8 1340s
 106978  8529 7.3363e+10   78   29 7.3219e+10 7.5551e+10  3.19%  37.8 1345s
 107167  8526 7.5551e+10   74   56 7.3219e+10 7.5551e+10  3.19%  37.8 1350s
 107532  8465 infeasible   82      7.3219e+10 7.5551e+10  3.19%  37.8 1355s
 107917  8395 7.3358e+10   90   37 7.3219e+10 7.5551e+10  3.19%  37.8 1360s
 108347  8320 7.5551e+10   79   50 7.3219e+10 7.5551e+10  3.19%  37.8 1365s
 108393  8309 infeasible   75      7.3219e+10 7.5551e+10  3.19%  37.9 1370s
 108910  8349 7.5551e+10   59  103 7.3219e+10 7.5551e+10  3.19%  37.8 1375s
 109385  8412 7.5551e+10   61   31 7.3219e+10 7.5551e+10  3.19%  37.8 1380s
 109796  8466 7.5391e+10   77   54 7.3219e+10 7.5551e+10  3.19%  37.8 1385s
 110120  8411 7.5551e+10   91   35 7.3219e+10 7.5551e+10  3.19%  37.8 1392s
 110271  8368 7.5551e+10   93   30 7.3219e+10 7.5551e+10  3.19%  37.9 1396s
 110529  8319 7.3363e+10   99   55 7.3219e+10 7.5551e+10  3.19%  37.9 1400s
 110969  8275 infeasible   84      7.3219e+10 7.5551e+10  3.19%  37.9 1405s
 111414  8249 7.3363e+10   85    8 7.3219e+10 7.5551e+10  3.19%  37.9 1410s
 111626  8226 infeasible   85      7.3219e+10 7.5551e+10  3.19%  37.9 1415s
 111977  8186 infeasible   84      7.3219e+10 7.5551e+10  3.19%  37.9 1420s
 112450  8136 7.5551e+10   72   74 7.3219e+10 7.5551e+10  3.19%  37.9 1425s
 112818  8118 infeasible   82      7.3219e+10 7.5551e+10  3.19%  37.9 1430s
 113248  8147 7.5551e+10   63   41 7.3219e+10 7.5551e+10  3.19%  37.9 1435s
 113491  8104 7.5551e+10   59   27 7.3219e+10 7.5551e+10  3.19%  37.9 1440s
 113843  8082 7.5551e+10   66   64 7.3219e+10 7.5551e+10  3.19%  37.9 1445s
 114379  8140 7.5551e+10   73   13 7.3219e+10 7.5551e+10  3.19%  37.9 1450s
 114861  8167 7.5551e+10   75   13 7.3219e+10 7.5551e+10  3.19%  37.9 1457s
 115046  8199 infeasible   92      7.3219e+10 7.5551e+10  3.19%  37.9 1460s
 115544  8133 7.5551e+10   74   53 7.3219e+10 7.5551e+10  3.19%  37.9 1465s
 115924  8075 7.3363e+10   84   23 7.3219e+10 7.5551e+10  3.19%  37.9 1470s
 116121  8070 7.5551e+10   81   34 7.3219e+10 7.5551e+10  3.19%  37.9 1476s
 116433  7978 7.3363e+10  103   17 7.3219e+10 7.5551e+10  3.19%  38.0 1480s
 116803  7985 7.3363e+10   86   23 7.3219e+10 7.5551e+10  3.19%  38.0 1485s
 117360  7928 7.3363e+10   92    9 7.3219e+10 7.5551e+10  3.19%  37.9 1490s
 117850  7840 7.5551e+10   72   35 7.3219e+10 7.5551e+10  3.19%  37.9 1495s
 117992  7823 7.3834e+10   87    8 7.3219e+10 7.5551e+10  3.19%  37.9 1500s
 118434  7757 7.3986e+10   75   16 7.3219e+10 7.5551e+10  3.19%  37.9 1505s
 118921  7711 7.3978e+10   88   45 7.3219e+10 7.5551e+10  3.19%  37.9 1510s
 119374  7676 7.3363e+10   95   21 7.3219e+10 7.5551e+10  3.19%  37.8 1515s
 119833  7640 7.5551e+10   93   16 7.3219e+10 7.5551e+10  3.19%  37.8 1520s
 120397  7577 7.3363e+10   99   12 7.3219e+10 7.5551e+10  3.19%  37.7 1525s
 120640  7519 7.4610e+10   94   65 7.3219e+10 7.5551e+10  3.19%  37.7 1530s
 121120  7599 7.5551e+10   87   26 7.3219e+10 7.5551e+10  3.19%  37.7 1535s
 121343  7623 7.3363e+10   94   14 7.3219e+10 7.5551e+10  3.19%  37.7 1540s
 121707  7677 7.5551e+10   87   59 7.3219e+10 7.5551e+10  3.19%  37.8 1545s
 122198  7795 7.5551e+10   92   16 7.3219e+10 7.5551e+10  3.19%  37.7 1550s
 122564  7863 7.5551e+10   89   32 7.3219e+10 7.5551e+10  3.19%  37.7 1555s
 122950  7931 7.5551e+10   91   33 7.3219e+10 7.5551e+10  3.19%  37.7 1560s
 123158  7965 7.3363e+10   91   23 7.3219e+10 7.5551e+10  3.19%  37.7 1565s
 123702  8092 7.5551e+10   87   32 7.3219e+10 7.5551e+10  3.19%  37.7 1570s
 124108  8188 7.5551e+10   88   52 7.3219e+10 7.5551e+10  3.19%  37.7 1575s
 124499  8298 7.3363e+10   94   30 7.3219e+10 7.5551e+10  3.19%  37.7 1580s
 124903  8374 7.3986e+10   84   23 7.3219e+10 7.5551e+10  3.19%  37.7 1585s
 125012  8393 7.5551e+10   78   50 7.3219e+10 7.5551e+10  3.19%  37.7 1590s
 125515  8563 7.5551e+10   72   68 7.3219e+10 7.5551e+10  3.19%  37.7 1595s
 125943  8737 7.5437e+10   82   56 7.3219e+10 7.5551e+10  3.19%  37.7 1600s
 126185  8785 7.5551e+10   85   53 7.3219e+10 7.5551e+10  3.19%  37.7 1605s
 126527  8876 7.5551e+10   64   50 7.3219e+10 7.5551e+10  3.19%  37.7 1610s
 126914  8953 7.3363e+10   71   26 7.3219e+10 7.5551e+10  3.19%  37.7 1615s
 127348  9005 7.5551e+10   72   24 7.3219e+10 7.5551e+10  3.19%  37.8 1620s
 127617  9007 7.5551e+10   85   29 7.3219e+10 7.5551e+10  3.19%  37.8 1627s
 127826  9028 7.5551e+10   83   40 7.3219e+10 7.5551e+10  3.19%  37.8 1630s
 128214  9023 7.5551e+10   86   49 7.3219e+10 7.5551e+10  3.19%  37.8 1635s
 128649  9040 7.5551e+10   81   24 7.3219e+10 7.5551e+10  3.19%  37.8 1640s
 128953  9129 7.3363e+10   88   62 7.3219e+10 7.5551e+10  3.19%  37.8 1646s
 129187  9171 7.3986e+10   80   26 7.3219e+10 7.5551e+10  3.19%  37.9 1650s
 129497  9242 7.5551e+10   83   28 7.3219e+10 7.5551e+10  3.19%  37.9 1655s
 129891  9332 7.5551e+10   84   27 7.3219e+10 7.5551e+10  3.19%  37.9 1660s
 130095  9369 7.3363e+10   90    9 7.3219e+10 7.5551e+10  3.19%  38.0 1666s
 130404  9462 7.3363e+10   95    7 7.3219e+10 7.5551e+10  3.19%  38.0 1670s
 130723  9520 infeasible   84      7.3219e+10 7.5551e+10  3.19%  38.0 1675s
 131151  9628 7.3363e+10   91   16 7.3219e+10 7.5551e+10  3.19%  38.0 1680s
 131616  9753 7.3363e+10   86    9 7.3219e+10 7.5551e+10  3.19%  38.0 1685s
 131709  9778     cutoff   96      7.3219e+10 7.5551e+10  3.19%  38.0 1690s
 132173  9837 infeasible   70      7.3219e+10 7.5551e+10  3.19%  38.0 1695s
 132634  9847 7.5551e+10   74   14 7.3219e+10 7.5551e+10  3.19%  38.0 1700s
 132996  9840 7.5551e+10   74   47 7.3219e+10 7.5551e+10  3.19%  38.0 1705s
 133183  9842 7.5551e+10   72   41 7.3219e+10 7.5551e+10  3.19%  38.1 1710s
 133570  9843 7.5551e+10   68   25 7.3219e+10 7.5551e+10  3.19%  38.1 1715s
 133992  9843 7.5551e+10   66   23 7.3219e+10 7.5551e+10  3.19%  38.1 1720s
 134257  9892 7.5551e+10   84   26 7.3219e+10 7.5551e+10  3.19%  38.1 1725s
 134707  9972 7.5551e+10   74   28 7.3219e+10 7.5551e+10  3.19%  38.1 1730s
 134921 10045 7.5551e+10   84   29 7.3219e+10 7.5551e+10  3.19%  38.1 1735s
 135397 10146 infeasible   89      7.3219e+10 7.5551e+10  3.19%  38.1 1740s
 135798 10249 7.3363e+10   81    6 7.3219e+10 7.5551e+10  3.19%  38.1 1745s
 136095 10307 7.3363e+10   76   22 7.3219e+10 7.5551e+10  3.19%  38.1 1750s
 136542 10453 7.5551e+10   71   37 7.3219e+10 7.5551e+10  3.19%  38.1 1755s
 136976 10639 infeasible   80      7.3219e+10 7.5551e+10  3.19%  38.1 1760s
 137117 10630 7.5551e+10   71   26 7.3219e+10 7.5551e+10  3.19%  38.1 1765s
 137471 10669 infeasible   75      7.3219e+10 7.5551e+10  3.19%  38.1 1770s
 137963 10765 7.5551e+10   79   13 7.3219e+10 7.5551e+10  3.19%  38.1 1775s
 138352 10765 infeasible   82      7.3219e+10 7.5551e+10  3.19%  38.2 1780s
 138479 10779 7.5551e+10   89   28 7.3219e+10 7.5551e+10  3.19%  38.2 1785s
 138796 10879 7.3834e+10   94   10 7.3219e+10 7.5551e+10  3.19%  38.2 1790s
 139236 11046 7.5551e+10   63   29 7.3219e+10 7.5551e+10  3.19%  38.2 1795s
 139660 11145 7.5551e+10   80   17 7.3219e+10 7.5551e+10  3.19%  38.2 1800s
 140091 11292 7.3363e+10   85   10 7.3219e+10 7.5551e+10  3.19%  38.2 1806s
 140277 11357 7.5026e+10   75   44 7.3219e+10 7.5551e+10  3.19%  38.2 1810s
 140707 11454 7.5551e+10   84   54 7.3219e+10 7.5551e+10  3.19%  38.2 1815s
 141007 11507 7.3363e+10   75   19 7.3219e+10 7.5551e+10  3.19%  38.2 1820s
 141193 11570 7.5551e+10   92   16 7.3219e+10 7.5551e+10  3.19%  38.2 1825s
 141629 11711 7.5551e+10   73   18 7.3219e+10 7.5551e+10  3.19%  38.2 1830s
 141984 11758 7.5551e+10   65   35 7.3219e+10 7.5551e+10  3.19%  38.2 1835s
 142417 11832 7.5427e+10   69   64 7.3219e+10 7.5551e+10  3.19%  38.2 1840s
 142592 11896 7.5551e+10   82   23 7.3219e+10 7.5551e+10  3.19%  38.2 1845s
 142961 11998 infeasible   92      7.3219e+10 7.5551e+10  3.19%  38.2 1850s
 143434 12143 7.5551e+10   65   28 7.3219e+10 7.5551e+10  3.19%  38.2 1855s
 143682 12189 7.5551e+10   84   26 7.3219e+10 7.5551e+10  3.19%  38.3 1862s
 143934 12276 7.5551e+10   73   33 7.3219e+10 7.5551e+10  3.19%  38.3 1865s
 144330 12324 infeasible   78      7.3219e+10 7.5551e+10  3.19%  38.3 1870s
 144476 12339 7.5551e+10   83   26 7.3219e+10 7.5551e+10  3.19%  38.3 1875s
 144899 12448 7.3363e+10   86   14 7.3219e+10 7.5551e+10  3.19%  38.3 1880s
 145298 12543 7.3363e+10   82   17 7.3219e+10 7.5551e+10  3.19%  38.3 1885s
 145751 12664 7.5551e+10   81   17 7.3219e+10 7.5551e+10  3.19%  38.2 1890s
 146040 12738 7.5048e+10   89   50 7.3219e+10 7.5551e+10  3.19%  38.2 1895s
 146596 12916 7.3363e+10   91   13 7.3219e+10 7.5551e+10  3.19%  38.2 1900s
 146898 12985 7.3363e+10   88   19 7.3219e+10 7.5551e+10  3.19%  38.1 1905s
 147335 13099 7.5551e+10   77   18 7.3219e+10 7.5551e+10  3.19%  38.1 1910s
 147883 13283 7.3363e+10   91    8 7.3219e+10 7.5551e+10  3.19%  38.1 1915s
 148082 13347 infeasible   93      7.3219e+10 7.5551e+10  3.19%  38.0 1920s
 148653 13480 7.5551e+10   84   17 7.3219e+10 7.5551e+10  3.19%  38.0 1925s
 149192 13659 7.3363e+10   93   10 7.3219e+10 7.5551e+10  3.19%  38.0 1930s
 149394 13718 7.3363e+10   81   13 7.3219e+10 7.5551e+10  3.19%  37.9 1935s
 149987 13903 infeasible   75      7.3219e+10 7.5551e+10  3.19%  37.9 1940s
 150346 13984 7.5551e+10   84   37 7.3219e+10 7.5551e+10  3.19%  37.9 1946s
 150556 14034 7.3363e+10   86   14 7.3219e+10 7.5551e+10  3.19%  37.9 1950s
 151099 14183 7.3363e+10   81   30 7.3219e+10 7.5551e+10  3.19%  37.8 1955s
 151670 14360 7.3363e+10   89   12 7.3219e+10 7.5551e+10  3.19%  37.8 1960s
 152016 14464 7.3363e+10   88   16 7.3219e+10 7.5551e+10  3.19%  37.7 1966s
 152467 14575 7.3363e+10   92   14 7.3219e+10 7.5551e+10  3.19%  37.7 1970s
 153038 14745 7.3363e+10  108    6 7.3219e+10 7.5551e+10  3.19%  37.7 1975s
 153398 14866 7.3363e+10   93    8 7.3219e+10 7.5551e+10  3.19%  37.6 1981s
 153737 14957 7.5048e+10   74   53 7.3219e+10 7.5551e+10  3.19%  37.6 1985s
 154218 15045 7.3363e+10   75   48 7.3219e+10 7.5551e+10  3.19%  37.6 1990s
 154497 15136 7.3363e+10   80   49 7.3219e+10 7.5551e+10  3.19%  37.6 1995s
 154825 15162 7.4663e+10   74   86 7.3219e+10 7.5551e+10  3.19%  37.6 2001s
 155150 15159 7.5551e+10   79   17 7.3219e+10 7.5551e+10  3.19%  37.6 2005s
 155486 15201 7.5551e+10   80   36 7.3219e+10 7.5551e+10  3.19%  37.6 2010s
 155877 15277 7.5551e+10   72   34 7.3219e+10 7.5551e+10  3.19%  37.6 2016s
 156158 15316 infeasible   79      7.3219e+10 7.5551e+10  3.19%  37.7 2020s
 156498 15366 7.5551e+10   72   25 7.3219e+10 7.5551e+10  3.19%  37.7 2025s
 156841 15419 infeasible   82      7.3219e+10 7.5551e+10  3.19%  37.7 2030s
 157212 15516 7.3363e+10   90    8 7.3219e+10 7.5551e+10  3.19%  37.7 2035s
 157554 15555 7.5551e+10   73   59 7.3219e+10 7.5551e+10  3.19%  37.7 2040s
 157831 15630 7.3363e+10   87   11 7.3219e+10 7.5551e+10  3.19%  37.7 2045s
 158396 15800 7.5551e+10   78   25 7.3219e+10 7.5551e+10  3.19%  37.6 2050s
 158595 15893 7.3363e+10   91    6 7.3219e+10 7.5551e+10  3.19%  37.6 2055s
 159057 16039 7.5551e+10   72   36 7.3219e+10 7.5551e+10  3.19%  37.6 2060s
 159610 16233 7.3363e+10   80   28 7.3219e+10 7.5551e+10  3.19%  37.5 2065s
 160015 16350 7.3363e+10   78   13 7.3219e+10 7.5551e+10  3.19%  37.5 2070s
 160284 16420 infeasible   90      7.3219e+10 7.5551e+10  3.19%  37.5 2075s
 160773 16508 7.5551e+10   75   22 7.3219e+10 7.5551e+10  3.19%  37.5 2080s
 161185 16612 infeasible   80      7.3219e+10 7.5551e+10  3.19%  37.5 2085s
 161510 16746 7.3362e+10   92   51 7.3219e+10 7.5551e+10  3.19%  37.5 2090s
 161910 16842 7.5551e+10   73   19 7.3219e+10 7.5551e+10  3.19%  37.5 2095s
 162061 16918 7.5551e+10   68   27 7.3219e+10 7.5551e+10  3.19%  37.5 2100s
 162496 17119 7.5551e+10   66   61 7.3219e+10 7.5551e+10  3.19%  37.5 2105s
 162816 17162 7.5551e+10   72   53 7.3219e+10 7.5551e+10  3.19%  37.5 2110s
 163133 17183 7.5551e+10   80   23 7.3219e+10 7.5551e+10  3.19%  37.5 2115s
 163428 17174 7.5551e+10   78   54 7.3219e+10 7.5551e+10  3.19%  37.6 2120s
 163564 17180 7.5551e+10   78   22 7.3219e+10 7.5551e+10  3.19%  37.6 2125s
 163848 17169 infeasible   80      7.3219e+10 7.5551e+10  3.19%  37.6 2130s
 164272 17233 7.5551e+10   68   54 7.3219e+10 7.5551e+10  3.19%  37.6 2135s
 164656 17248 7.5551e+10   77   28 7.3219e+10 7.5551e+10  3.19%  37.6 2140s
 164967 17320 7.5551e+10   65   39 7.3219e+10 7.5551e+10  3.19%  37.6 2147s
 165146 17331 7.5551e+10   61   55 7.3219e+10 7.5551e+10  3.19%  37.7 2150s
 165539 17530 7.3363e+10   92    6 7.3219e+10 7.5551e+10  3.19%  37.7 2155s
 165909 17665 7.5551e+10   69   35 7.3219e+10 7.5551e+10  3.19%  37.7 2160s
 166179 17693 7.5551e+10   60   50 7.3219e+10 7.5551e+10  3.19%  37.7 2165s
 166547 17786 infeasible   86      7.3219e+10 7.5551e+10  3.19%  37.7 2170s
 166705 17820     cutoff   86      7.3219e+10 7.5551e+10  3.19%  37.7 2175s
 167202 17997 7.5551e+10   67   30 7.3219e+10 7.5551e+10  3.19%  37.7 2180s
 167565 18139 7.5551e+10   72   24 7.3219e+10 7.5551e+10  3.19%  37.7 2185s
 167983 18212 infeasible   81      7.3219e+10 7.5551e+10  3.19%  37.7 2190s
 168107 18222 7.5551e+10   83   26 7.3219e+10 7.5551e+10  3.19%  37.7 2195s
 168432 18259 7.3363e+10   87   30 7.3219e+10 7.5551e+10  3.19%  37.7 2200s
 168826 18322 7.3363e+10   85   31 7.3219e+10 7.5551e+10  3.19%  37.7 2205s
 169247 18454 7.5551e+10   74   82 7.3219e+10 7.5551e+10  3.19%  37.7 2210s
 169472 18538 7.5551e+10   68   39 7.3219e+10 7.5551e+10  3.19%  37.7 2215s
 169854 18605 7.5551e+10   76   60 7.3219e+10 7.5551e+10  3.19%  37.7 2220s
 170239 18633 7.5551e+10   75   15 7.3219e+10 7.5551e+10  3.19%  37.7 2225s
 170402 18654 infeasible   79      7.3219e+10 7.5551e+10  3.19%  37.7 2230s
 170731 18662 infeasible   86      7.3219e+10 7.5551e+10  3.19%  37.7 2235s
 171029 18682 7.3363e+10   92   14 7.3219e+10 7.5551e+10  3.19%  37.7 2241s
 171311 18752 7.5551e+10   86   29 7.3219e+10 7.5551e+10  3.19%  37.8 2245s
 171693 18898 7.5551e+10   77   16 7.3219e+10 7.5551e+10  3.19%  37.8 2250s
 171901 18965 7.5551e+10   76   19 7.3219e+10 7.5551e+10  3.19%  37.8 2255s
 172235 18984 infeasible   73      7.3219e+10 7.5551e+10  3.19%  37.8 2260s
 172517 19029 infeasible   81      7.3219e+10 7.5551e+10  3.19%  37.8 2265s
 172967 19188 7.3363e+10   90   22 7.3219e+10 7.5551e+10  3.19%  37.8 2270s
 173277 19305 7.3363e+10   93   29 7.3219e+10 7.5551e+10  3.19%  37.8 2275s
 173608 19388 7.3363e+10   80   16 7.3219e+10 7.5551e+10  3.19%  37.8 2280s
 173761 19420 7.5551e+10   77   45 7.3219e+10 7.5551e+10  3.19%  37.8 2285s
 174172 19548 7.5551e+10   70   58 7.3219e+10 7.5551e+10  3.19%  37.8 2290s
 174602 19713 7.5551e+10   65   53 7.3219e+10 7.5551e+10  3.19%  37.8 2295s
 175015 19867 7.3363e+10   82   28 7.3219e+10 7.5551e+10  3.19%  37.8 2300s
 175172 19899 7.5551e+10   77   11 7.3219e+10 7.5551e+10  3.19%  37.8 2305s
 175582 20001 7.5551e+10   83   38 7.3219e+10 7.5551e+10  3.19%  37.8 2310s
 175802 20038 7.5551e+10   68   44 7.3219e+10 7.5551e+10  3.19%  37.8 2315s
 176175 20183 7.5551e+10   62   72 7.3219e+10 7.5551e+10  3.19%  37.8 2320s
 176674 20398 infeasible   86      7.3219e+10 7.5551e+10  3.19%  37.8 2325s
 176909 20480 7.5551e+10   66   14 7.3219e+10 7.5551e+10  3.19%  37.8 2331s
 177224 20586 7.3363e+10   80   16 7.3219e+10 7.5551e+10  3.19%  37.7 2335s
 177637 20695 7.5551e+10   76   27 7.3219e+10 7.5551e+10  3.19%  37.7 2340s
 178123 20824 7.3363e+10   91    4 7.3219e+10 7.5551e+10  3.19%  37.7 2345s
 178344 20886 7.5551e+10   72   32 7.3219e+10 7.5551e+10  3.19%  37.7 2352s
 178462 20886 7.5551e+10   72   22 7.3219e+10 7.5551e+10  3.19%  37.7 2356s
 178778 21014 infeasible   77      7.3219e+10 7.5551e+10  3.19%  37.7 2360s
 179145 21139 7.5551e+10   80   60 7.3219e+10 7.5551e+10  3.19%  37.7 2365s
 179411 21165 infeasible   95      7.3219e+10 7.5551e+10  3.19%  37.7 2370s
 179686 21202 7.5551e+10   78   41 7.3219e+10 7.5551e+10  3.19%  37.7 2376s
 179982 21278 7.3363e+10   93   10 7.3219e+10 7.5551e+10  3.19%  37.8 2380s
 180371 21312 infeasible   87      7.3219e+10 7.5551e+10  3.19%  37.8 2385s
 180696 21323 infeasible   82      7.3219e+10 7.5551e+10  3.19%  37.8 2390s
 180925 21321 7.5551e+10   83   28 7.3219e+10 7.5551e+10  3.19%  37.8 2395s
 181325 21320 7.5551e+10   88   43 7.3219e+10 7.5551e+10  3.19%  37.8 2400s
 181680 21319 7.5551e+10   83   34 7.3219e+10 7.5551e+10  3.19%  37.8 2405s
 181789 21324 infeasible   85      7.3219e+10 7.5551e+10  3.19%  37.8 2410s
 182176 21325 7.5551e+10   86   38 7.3219e+10 7.5551e+10  3.19%  37.8 2415s
 182569 21312 7.5551e+10   78   39 7.3219e+10 7.5551e+10  3.19%  37.8 2420s
 182857 21322 infeasible   81      7.3219e+10 7.5551e+10  3.19%  37.8 2425s
 183136 21317 infeasible   79      7.3219e+10 7.5551e+10  3.19%  37.9 2430s
 183345 21314 7.5551e+10   76   57 7.3219e+10 7.5551e+10  3.19%  37.9 2436s
 183567 21322 infeasible   87      7.3219e+10 7.5551e+10  3.19%  37.9 2440s
 183925 21318 7.5551e+10   82   44 7.3219e+10 7.5551e+10  3.19%  37.9 2445s
 184141 21313 7.5551e+10   84   56 7.3219e+10 7.5551e+10  3.19%  37.9 2450s
 184388 21325 7.5551e+10   80   42 7.3219e+10 7.5551e+10  3.19%  38.0 2455s
 184696 21316 infeasible   85      7.3219e+10 7.5551e+10  3.19%  38.0 2460s
 184992 21328 7.5551e+10   86   19 7.3219e+10 7.5551e+10  3.19%  38.0 2465s
 185187 21323 7.5551e+10   82   52 7.3219e+10 7.5551e+10  3.19%  38.0 2470s
 185497 21323 7.5551e+10   82   44 7.3219e+10 7.5551e+10  3.19%  38.1 2476s
 185749 21338 infeasible   83      7.3219e+10 7.5551e+10  3.19%  38.1 2480s
 185948 21319 7.5551e+10   79   43 7.3219e+10 7.5551e+10  3.19%  38.1 2487s
 186092 21321 7.5551e+10   80   18 7.3219e+10 7.5551e+10  3.19%  38.1 2490s
 186354 21315 7.5551e+10   82   52 7.3219e+10 7.5551e+10  3.19%  38.1 2495s
 186683 21312 infeasible   86      7.3219e+10 7.5551e+10  3.19%  38.2 2500s
 187022 21305 7.5551e+10   79   21 7.3219e+10 7.5551e+10  3.19%  38.2 2505s
 187356 21299 7.5551e+10   76   24 7.3219e+10 7.5551e+10  3.19%  38.2 2510s
 187484 21299 7.5551e+10   72   35 7.3219e+10 7.5551e+10  3.19%  38.2 2515s
 187792 21336 7.5551e+10   84   16 7.3219e+10 7.5551e+10  3.19%  38.2 2520s
 188131 21328 7.5551e+10   73   53 7.3219e+10 7.5551e+10  3.19%  38.3 2525s
 188396 21334 7.5551e+10   82   35 7.3219e+10 7.5551e+10  3.19%  38.3 2530s
 188635 21337 7.5551e+10   83   21 7.3219e+10 7.5551e+10  3.19%  38.3 2535s
 188770 21331 7.5551e+10   78   42 7.3219e+10 7.5551e+10  3.19%  38.3 2540s
 189031 21370 7.5551e+10   81   15 7.3219e+10 7.5551e+10  3.19%  38.3 2545s
 189384 21368 7.5551e+10   79   43 7.3219e+10 7.5551e+10  3.19%  38.4 2550s
 189665 21365 infeasible   81      7.3219e+10 7.5551e+10  3.19%  38.4 2555s
 190042 21373 infeasible   81      7.3219e+10 7.5551e+10  3.19%  38.4 2560s
 190268 21373 infeasible   80      7.3219e+10 7.5551e+10  3.19%  38.4 2565s
 190513 21359 7.5551e+10   82   30 7.3219e+10 7.5551e+10  3.19%  38.4 2570s
 190878 21352 7.5551e+10   85   42 7.3219e+10 7.5551e+10  3.19%  38.4 2575s
 191007 21360 7.5551e+10   75   48 7.3219e+10 7.5551e+10  3.19%  38.4 2580s
 191379 21369 7.5551e+10   85   37 7.3219e+10 7.5551e+10  3.19%  38.4 2585s
 191755 21367 7.5551e+10   80   50 7.3219e+10 7.5551e+10  3.19%  38.4 2590s
 191890 21373 7.5551e+10   79   56 7.3219e+10 7.5551e+10  3.19%  38.5 2595s
 192128 21377 7.5551e+10   86   40 7.3219e+10 7.5551e+10  3.19%  38.5 2600s
 192473 21377 infeasible   86      7.3219e+10 7.5551e+10  3.19%  38.5 2605s
 192741 21368 7.5551e+10   89   19 7.3219e+10 7.5551e+10  3.19%  38.5 2610s
 192938 21351 7.5551e+10   83   18 7.3219e+10 7.5551e+10  3.19%  38.5 2616s
 193263 21356 infeasible   84      7.3219e+10 7.5551e+10  3.19%  38.5 2620s
 193519 21353 infeasible   83      7.3219e+10 7.5551e+10  3.19%  38.6 2625s
 193953 21360 7.5551e+10   78   37 7.3219e+10 7.5551e+10  3.19%  38.6 2630s
 194092 21368 7.5551e+10   80   43 7.3219e+10 7.5551e+10  3.19%  38.6 2635s
 194376 21362 7.5551e+10   75   31 7.3219e+10 7.5551e+10  3.19%  38.6 2640s
 194715 21361 7.5551e+10   77   50 7.3219e+10 7.5551e+10  3.19%  38.6 2645s
 194996 21349 7.5551e+10   78   50 7.3219e+10 7.5551e+10  3.19%  38.6 2650s
 195287 21359 infeasible   73      7.3219e+10 7.5551e+10  3.19%  38.6 2655s
 195538 21379 7.5551e+10   81   34 7.3219e+10 7.5551e+10  3.19%  38.6 2661s
 195797 21378 infeasible   79      7.3219e+10 7.5551e+10  3.19%  38.6 2665s
 196142 21381 7.5551e+10   80   36 7.3219e+10 7.5551e+10  3.19%  38.6 2670s
 196477 21371 7.5551e+10   84   13 7.3219e+10 7.5551e+10  3.19%  38.7 2675s
 196668 21364 infeasible   87      7.3219e+10 7.5551e+10  3.19%  38.7 2680s
 196998 21373 infeasible   82      7.3219e+10 7.5551e+10  3.19%  38.7 2685s
 197368 21367 infeasible   86      7.3219e+10 7.5551e+10  3.19%  38.7 2690s
 197510 21379 7.5551e+10   76   27 7.3219e+10 7.5551e+10  3.19%  38.7 2696s
 197777 21432 7.3272e+10   92   35 7.3219e+10 7.5551e+10  3.19%  38.7 2700s
 198155 21515 7.5515e+10   76   81 7.3219e+10 7.5551e+10  3.19%  38.7 2705s
 198586 21653 7.3363e+10   81   17 7.3219e+10 7.5551e+10  3.19%  38.7 2710s
 198808 21751 7.5551e+10   64   53 7.3219e+10 7.5551e+10  3.19%  38.7 2717s
 199048 21787 7.5551e+10   78   35 7.3219e+10 7.5551e+10  3.19%  38.7 2720s
 199430 21885 7.3363e+10   85   14 7.3219e+10 7.5551e+10  3.19%  38.7 2725s
 199786 22042 7.5551e+10   67   27 7.3219e+10 7.5551e+10  3.19%  38.7 2730s
 200187 22185 7.5551e+10   69   31 7.3219e+10 7.5551e+10  3.19%  38.7 2735s
 200441 22241 7.5551e+10   77   41 7.3219e+10 7.5551e+10  3.19%  38.7 2742s
 200639 22275 7.5551e+10   66   24 7.3219e+10 7.5551e+10  3.19%  38.7 2745s
 200966 22288 infeasible   83      7.3219e+10 7.5551e+10  3.19%  38.7 2750s
 201369 22332 7.3363e+10   84    8 7.3219e+10 7.5551e+10  3.19%  38.7 2755s
 201806 22479 infeasible   69      7.3219e+10 7.5551e+10  3.19%  38.7 2760s
 201907 22488 7.5551e+10   67   52 7.3219e+10 7.5551e+10  3.19%  38.7 2765s
 202215 22473 7.5551e+10   67   45 7.3219e+10 7.5551e+10  3.19%  38.7 2770s
 202674 22571 7.5048e+10   93   42 7.3219e+10 7.5551e+10  3.19%  38.7 2775s
 203027 22685 7.5551e+10   77   23 7.3219e+10 7.5551e+10  3.19%  38.7 2780s
 203290 22760 7.5551e+10   79   27 7.3219e+10 7.5551e+10  3.19%  38.7 2785s
 203620 22867 7.3363e+10   74   38 7.3219e+10 7.5551e+10  3.19%  38.7 2790s
 203991 23030 7.5198e+10   76   56 7.3219e+10 7.5551e+10  3.19%  38.7 2795s
 204236 23048 7.5551e+10   80   37 7.3219e+10 7.5551e+10  3.19%  38.7 2800s
 204631 23148 7.5551e+10   72   29 7.3219e+10 7.5551e+10  3.19%  38.6 2805s
 205006 23227 7.5551e+10   83   23 7.3219e+10 7.5551e+10  3.19%  38.7 2810s
 205362 23361 infeasible   94      7.3219e+10 7.5551e+10  3.19%  38.6 2815s
 205480 23397 infeasible   88      7.3219e+10 7.5551e+10  3.19%  38.6 2820s
 205870 23510 7.3363e+10   87    9 7.3219e+10 7.5551e+10  3.19%  38.6 2825s
 206222 23571 7.3986e+10   82   17 7.3219e+10 7.5551e+10  3.19%  38.6 2830s
 206603 23642 7.3363e+10   90   15 7.3219e+10 7.5551e+10  3.19%  38.6 2835s
 206970 23721 7.3363e+10   94    7 7.3219e+10 7.5551e+10  3.19%  38.6 2840s
 207232 23782 7.5551e+10   80   63 7.3219e+10 7.5551e+10  3.19%  38.6 2845s
 207467 23807 7.3363e+10   78   21 7.3219e+10 7.5551e+10  3.19%  38.6 2850s
 207820 23920 7.5551e+10   81   13 7.3219e+10 7.5551e+10  3.19%  38.6 2855s
 208240 24010 7.3363e+10   86   12 7.3219e+10 7.5551e+10  3.19%  38.6 2860s
 208499 24104 7.5551e+10   85   37 7.3219e+10 7.5551e+10  3.19%  38.6 2865s
 208885 24216 7.3363e+10   78   23 7.3219e+10 7.5551e+10  3.19%  38.6 2870s
 209194 24299 7.3363e+10   82   29 7.3219e+10 7.5551e+10  3.19%  38.6 2876s
 209483 24363 7.3363e+10   83   14 7.3219e+10 7.5551e+10  3.19%  38.6 2880s
 209832 24464 7.3363e+10   90    7 7.3219e+10 7.5551e+10  3.19%  38.6 2885s
 210252 24560 7.3363e+10   91   14 7.3219e+10 7.5551e+10  3.19%  38.5 2890s
 210578 24632 7.3363e+10   90   11 7.3219e+10 7.5551e+10  3.19%  38.5 2896s
 210893 24676 infeasible   83      7.3219e+10 7.5551e+10  3.19%  38.5 2900s
 211262 24799 7.3363e+10   83   36 7.3219e+10 7.5551e+10  3.19%  38.5 2905s
 211643 24860 7.3363e+10   91   19 7.3219e+10 7.5551e+10  3.19%  38.5 2912s
 211747 24881 7.5551e+10   84   21 7.3219e+10 7.5551e+10  3.19%  38.5 2917s
 211866 24905 7.5132e+10   89   43 7.3219e+10 7.5551e+10  3.19%  38.5 2920s
 212303 24990 7.5551e+10   80   55 7.3219e+10 7.5551e+10  3.19%  38.5 2925s
 212679 25083 7.4202e+10   85   58 7.3219e+10 7.5551e+10  3.19%  38.5 2930s
 212865 25136 7.3363e+10   92   10 7.3219e+10 7.5551e+10  3.19%  38.5 2935s
 213157 25197 7.5551e+10   87   25 7.3219e+10 7.5551e+10  3.19%  38.4 2940s
 213521 25245 7.5551e+10   84   19 7.3219e+10 7.5551e+10  3.19%  38.4 2945s
 213933 25379 infeasible   93      7.3219e+10 7.5551e+10  3.19%  38.4 2950s
 214117 25431 7.3363e+10   85   30 7.3219e+10 7.5551e+10  3.19%  38.4 2955s
 214493 25512 7.3363e+10   94    6 7.3219e+10 7.5551e+10  3.19%  38.4 2960s
 214710 25545     cutoff   92      7.3219e+10 7.5551e+10  3.19%  38.4 2965s
 215065 25593 7.3363e+10  101    5 7.3219e+10 7.5551e+10  3.19%  38.4 2970s
 215456 25631 7.5551e+10   83   25 7.3219e+10 7.5551e+10  3.19%  38.4 2975s
 215642 25658 7.5048e+10   85   57 7.3219e+10 7.5551e+10  3.19%  38.4 2980s
 215883 25668 7.3363e+10   81   26 7.3219e+10 7.5551e+10  3.19%  38.4 2985s
 216294 25763 infeasible   86      7.3219e+10 7.5551e+10  3.19%  38.5 2990s
 216554 25836 7.3363e+10   81   15 7.3219e+10 7.5551e+10  3.19%  38.4 2995s
 216811 25879 infeasible   82      7.3219e+10 7.5551e+10  3.19%  38.4 3000s
 217182 25941 7.5551e+10   76   35 7.3219e+10 7.5551e+10  3.19%  38.4 3005s
 217402 25973 7.3363e+10   82   16 7.3219e+10 7.5551e+10  3.19%  38.4 3010s
 217717 26054 7.5551e+10   80   25 7.3219e+10 7.5551e+10  3.19%  38.5 3015s
 218063 26140 7.3296e+10  101   35 7.3219e+10 7.5551e+10  3.19%  38.5 3020s
 218223 26173 7.5551e+10   78   19 7.3219e+10 7.5551e+10  3.19%  38.5 3026s
 218448 26241 7.3363e+10   90    7 7.3219e+10 7.5551e+10  3.19%  38.5 3030s
 218911 26334 7.5551e+10   78   28 7.3219e+10 7.5551e+10  3.19%  38.4 3035s
 219177 26345 infeasible   87      7.3219e+10 7.5551e+10  3.19%  38.5 3040s
 219486 26402 7.5312e+10   83   52 7.3219e+10 7.5551e+10  3.19%  38.5 3045s
 219656 26406 7.5551e+10   78   41 7.3219e+10 7.5551e+10  3.19%  38.5 3050s
 220010 26428 infeasible   84      7.3219e+10 7.5551e+10  3.19%  38.5 3055s
 220353 26487 7.3363e+10   87   24 7.3219e+10 7.5551e+10  3.19%  38.5 3060s
 220507 26480 7.5551e+10   83   36 7.3219e+10 7.5551e+10  3.19%  38.5 3065s
 220817 26543 7.3363e+10   81   31 7.3219e+10 7.5551e+10  3.19%  38.5 3070s
 221109 26604 7.5551e+10   79   42 7.3219e+10 7.5551e+10  3.19%  38.6 3075s
 221549 26694 infeasible   87      7.3219e+10 7.5551e+10  3.19%  38.6 3080s
 221589 26706 7.5551e+10   86   16 7.3219e+10 7.5551e+10  3.19%  38.6 3085s
 221939 26764 7.5551e+10   88   22 7.3219e+10 7.5551e+10  3.19%  38.6 3090s
 222279 26805 7.3363e+10   89   22 7.3219e+10 7.5551e+10  3.19%  38.6 3095s
 222563 26853 7.3363e+10  100   15 7.3219e+10 7.5551e+10  3.19%  38.6 3100s
 222850 26846 7.5551e+10   84   18 7.3219e+10 7.5551e+10  3.19%  38.6 3105s
 222943 26857 7.5551e+10   81   33 7.3219e+10 7.5551e+10  3.19%  38.6 3110s
 223258 26861 7.5070e+10   82   59 7.3219e+10 7.5551e+10  3.19%  38.7 3115s
 223526 26883 7.5551e+10   80   35 7.3219e+10 7.5551e+10  3.19%  38.7 3120s
 223917 26935 infeasible   83      7.3219e+10 7.5551e+10  3.19%  38.7 3125s
 224299 26974 7.3359e+10   86   55 7.3219e+10 7.5551e+10  3.19%  38.7 3130s
 224513 27009 infeasible   81      7.3219e+10 7.5551e+10  3.19%  38.7 3135s
 224810 27031 7.5401e+10   83   77 7.3219e+10 7.5551e+10  3.19%  38.7 3140s
 225111 27050 infeasible   83      7.3219e+10 7.5551e+10  3.19%  38.7 3145s
 225215 27071 7.5551e+10   82   18 7.3219e+10 7.5551e+10  3.19%  38.7 3150s
 225555 27130 infeasible   81      7.3219e+10 7.5551e+10  3.19%  38.7 3155s
 225871 27218 7.3363e+10   86   21 7.3219e+10 7.5551e+10  3.19%  38.7 3160s
 226275 27289 7.5397e+10   75   75 7.3219e+10 7.5551e+10  3.19%  38.7 3165s
 226601 27348 7.5551e+10   74   32 7.3219e+10 7.5551e+10  3.19%  38.7 3172s
 226687 27395 infeasible   76      7.3219e+10 7.5551e+10  3.19%  38.7 3175s
 227084 27522 7.5551e+10   82   27 7.3219e+10 7.5551e+10  3.19%  38.7 3180s
 227513 27655 7.5551e+10   85   30 7.3219e+10 7.5551e+10  3.19%  38.7 3185s
 227895 27729 infeasible   91      7.3219e+10 7.5551e+10  3.19%  38.7 3190s
 228144 27808 7.3363e+10   94   12 7.3219e+10 7.5551e+10  3.19%  38.7 3195s
 228462 27863 7.3363e+10   91   10 7.3219e+10 7.5551e+10  3.19%  38.7 3200s
 228712 27913 7.3363e+10   95   12 7.3219e+10 7.5551e+10  3.19%  38.7 3205s
 229027 27989 7.3363e+10   95   12 7.3219e+10 7.5551e+10  3.19%  38.7 3210s
 229484 28085 7.3363e+10   88   17 7.3219e+10 7.5551e+10  3.19%  38.6 3215s
 229902 28172 7.3363e+10   82   53 7.3219e+10 7.5551e+10  3.19%  38.6 3220s
 230169 28235 7.5551e+10   83   44 7.3219e+10 7.5551e+10  3.19%  38.6 3225s
 230472 28296 7.5551e+10   88   29 7.3219e+10 7.5551e+10  3.19%  38.6 3230s
 230658 28348 7.5551e+10   77   30 7.3219e+10 7.5551e+10  3.19%  38.6 3236s
 231014 28457 7.3363e+10   97    8 7.3219e+10 7.5551e+10  3.19%  38.6 3240s
 231365 28536 7.3363e+10   79   23 7.3219e+10 7.5551e+10  3.19%  38.6 3245s
 231873 28678     cutoff   95      7.3219e+10 7.5551e+10  3.19%  38.6 3250s
 232384 28821 7.3363e+10   84   35 7.3219e+10 7.5551e+10  3.19%  38.5 3256s
 232540 28852 infeasible   88      7.3219e+10 7.5551e+10  3.19%  38.5 3260s
 232997 28967 7.3363e+10   86   16 7.3219e+10 7.5551e+10  3.19%  38.5 3265s
 233258 29044 7.3363e+10   91    6 7.3219e+10 7.5551e+10  3.19%  38.5 3270s
 233585 29115 7.3363e+10   89   16 7.3219e+10 7.5551e+10  3.19%  38.5 3275s
 233959 29189 7.3363e+10   99   14 7.3219e+10 7.5551e+10  3.19%  38.5 3280s
 234012 29192     cutoff   94      7.3219e+10 7.5551e+10  3.19%  38.5 3285s
 234425 29254     cutoff  102      7.3219e+10 7.5551e+10  3.19%  38.5 3290s
 234780 29351 7.5551e+10   84   38 7.3219e+10 7.5551e+10  3.19%  38.5 3295s
 235238 29434 7.3363e+10   92   14 7.3219e+10 7.5551e+10  3.19%  38.5 3300s
 235678 29506 infeasible   87      7.3219e+10 7.5551e+10  3.19%  38.5 3305s
 235825 29529 7.5048e+10   89   48 7.3219e+10 7.5551e+10  3.19%  38.5 3310s
 236252 29647 7.3363e+10   88   20 7.3219e+10 7.5551e+10  3.19%  38.5 3315s
 236693 29732 infeasible   90      7.3219e+10 7.5551e+10  3.19%  38.5 3320s
 236837 29768 7.3363e+10   99    6 7.3219e+10 7.5551e+10  3.19%  38.5 3325s
 237239 29874 7.3363e+10   90   35 7.3219e+10 7.5551e+10  3.19%  38.5 3330s
 237608 29927 7.5551e+10   93   23 7.3219e+10 7.5551e+10  3.19%  38.4 3335s
 237951 30004 7.3363e+10   84   30 7.3219e+10 7.5551e+10  3.19%  38.4 3340s
 238324 30090 7.3363e+10   95    6 7.3219e+10 7.5551e+10  3.19%  38.4 3345s
 238744 30198 infeasible   80      7.3219e+10 7.5551e+10  3.19%  38.4 3350s
 239037 30289 7.3363e+10   95   13 7.3219e+10 7.5551e+10  3.19%  38.4 3355s
 239471 30403 infeasible   96      7.3219e+10 7.5551e+10  3.19%  38.4 3360s
 239673 30448 infeasible   84      7.3219e+10 7.5551e+10  3.19%  38.4 3365s
 240035 30512 7.3363e+10   87   31 7.3219e+10 7.5551e+10  3.19%  38.4 3370s
 240247 30562 7.3363e+10   86   26 7.3219e+10 7.5551e+10  3.19%  38.4 3376s
 240527 30627 7.5551e+10   78   28 7.3219e+10 7.5551e+10  3.19%  38.4 3380s
 240960 30714 infeasible   88      7.3219e+10 7.5551e+10  3.19%  38.4 3385s
 241274 30713 7.5551e+10   79   19 7.3219e+10 7.5551e+10  3.19%  38.4 3390s
 241679 30732 7.3363e+10   91   11 7.3219e+10 7.5551e+10  3.19%  38.4 3398s
 241841 30739 7.5551e+10   75   51 7.3219e+10 7.5551e+10  3.19%  38.4 3400s
 242229 30815 7.5070e+10   79   46 7.3219e+10 7.5551e+10  3.19%  38.4 3405s
 242755 30886 7.5551e+10   86   18 7.3219e+10 7.5551e+10  3.19%  38.4 3410s
 243199 30967 7.5551e+10   79   16 7.3219e+10 7.5551e+10  3.19%  38.3 3415s
 243344 30983 7.5551e+10   74   46 7.3219e+10 7.5551e+10  3.19%  38.3 3420s
 243717 31056 7.3986e+10   90   15 7.3219e+10 7.5551e+10  3.19%  38.3 3425s
 244133 31158 infeasible   92      7.3219e+10 7.5551e+10  3.19%  38.3 3430s
 244478 31220 infeasible   79      7.3219e+10 7.5551e+10  3.19%  38.3 3435s
 244754 31228 infeasible   83      7.3219e+10 7.5551e+10  3.19%  38.3 3440s
 245175 31347 infeasible   95      7.3219e+10 7.5551e+10  3.19%  38.3 3445s
 245243 31352 7.5551e+10   94   49 7.3219e+10 7.5551e+10  3.19%  38.3 3450s
 245654 31456 infeasible   97      7.3219e+10 7.5551e+10  3.19%  38.3 3455s
 246011 31518 7.3363e+10   96   28 7.3219e+10 7.5551e+10  3.19%  38.3 3460s
 246324 31568 7.3363e+10   93   24 7.3219e+10 7.5551e+10  3.19%  38.3 3465s
 246770 31668 7.3363e+10  104   10 7.3219e+10 7.5551e+10  3.19%  38.3 3470s
 247122 31737 infeasible   90      7.3219e+10 7.5551e+10  3.19%  38.3 3475s
 247285 31748 7.5551e+10   91   45 7.3219e+10 7.5551e+10  3.19%  38.3 3480s
 247590 31765 7.3360e+10  100   40 7.3219e+10 7.5551e+10  3.19%  38.3 3485s
 248036 31858 7.3363e+10  100    8 7.3219e+10 7.5551e+10  3.19%  38.3 3490s
 248172 31898 7.3363e+10   98   23 7.3219e+10 7.5551e+10  3.19%  38.3 3495s
 248496 31935 infeasible   97      7.3219e+10 7.5551e+10  3.19%  38.3 3500s
 248971 32045 7.3363e+10   97   17 7.3219e+10 7.5551e+10  3.19%  38.3 3505s
 249359 32129 7.5551e+10   87   41 7.3219e+10 7.5551e+10  3.19%  38.3 3510s
 249579 32176 7.3363e+10   86   31 7.3219e+10 7.5551e+10  3.19%  38.3 3515s
 249883 32240 7.5551e+10   86   34 7.3219e+10 7.5551e+10  3.19%  38.3 3520s
 250339 32325 7.3363e+10   95   12 7.3219e+10 7.5551e+10  3.19%  38.3 3525s
 250599 32361 7.5551e+10   91   29 7.3219e+10 7.5551e+10  3.19%  38.3 3530s
 250876 32395 7.5409e+10   78   70 7.3219e+10 7.5551e+10  3.19%  38.3 3535s
 251280 32548 7.5551e+10   91   23 7.3219e+10 7.5551e+10  3.19%  38.3 3542s
 251476 32593 7.3363e+10   92   24 7.3219e+10 7.5551e+10  3.19%  38.2 3545s
 251814 32649 7.5551e+10   87   34 7.3219e+10 7.5551e+10  3.19%  38.2 3550s
 252222 32680 infeasible   93      7.3219e+10 7.5551e+10  3.19%  38.2 3555s
 252474 32740 infeasible   81      7.3219e+10 7.5551e+10  3.19%  38.2 3560s
 252865 32795 7.3986e+10   84   10 7.3219e+10 7.5551e+10  3.19%  38.2 3565s
 253085 32816 7.5551e+10   74   34 7.3219e+10 7.5551e+10  3.19%  38.2 3572s
 253119 32826 7.5551e+10   72   58 7.3219e+10 7.5551e+10  3.19%  38.2 3577s
 253343 32903 infeasible   72      7.3219e+10 7.5551e+10  3.19%  38.2 3580s
 253704 33057 7.5551e+10   80   22 7.3219e+10 7.5551e+10  3.19%  38.2 3585s
 254139 33182 7.5551e+10   80   50 7.3219e+10 7.5551e+10  3.19%  38.2 3590s
 254448 33263 7.5435e+10   85   55 7.3219e+10 7.5551e+10  3.19%  38.2 3595s

Cutting planes:
  Learned: 32
  Gomory: 36
  Lift-and-project: 5
  Cover: 3475
  Implied bound: 465
  Projected implied bound: 8
  Clique: 20
  MIR: 1354
  Mixing: 65
  StrongCG: 29
  Flow cover: 4080
  GUB cover: 14
  Inf proof: 386
  Zero half: 1
  RLT: 33
  Relax-and-lift: 110
  BQP: 1

Explored 254744 nodes (9756800 simplex iterations) in 3599.74 seconds (2129.04 work units)
Thread count was 1 (of 28 available processors)

Solution count 9: 7.32188e+10 7.26644e+10 7.00212e+10 ... -0

Time limit reached
Best objective 7.321877010000e+10, best bound 7.555117500000e+10, gap 3.1855%

User-callback calls 1667812, time in user-callback 0.95 sec