Gurobi Optimizer version 12.0.3 build v12.0.3rc0 (linux64 - "Oracle Linux Server 9.4")

CPU model: Intel(R) Xeon(R) CPU E5-2660 v4 @ 2.00GHz, instruction set [SSE2|AVX|AVX2]
Thread count: 28 physical cores, 28 logical processors, using up to 1 threads

Non-default parameters:
TimeLimit  3599.685361974
SoftMemLimit  16
NumericFocus  1
Threads  1

Academic license 2690100 - for non-commercial use only - registered to ju___@uclm.es
Optimize a model with 9950 rows, 2436 columns and 34467 nonzeros
Model fingerprint: 0xbcf400e0
Variable types: 56 continuous, 2380 integer (2380 binary)
Coefficient statistics:
  Matrix range     [1e+00, 7e+13]
  Objective range  [1e+09, 4e+09]
  Bounds range     [1e+03, 1e+04]
  RHS range        [1e+00, 2e+14]
Warning: Model contains large matrix coefficient range
Warning: Model contains large objective coefficients
Warning: Model contains large rhs
Found heuristic solution: objective -0.0000000
Presolve removed 3431 rows and 498 columns
Presolve time: 0.17s
Presolved: 6519 rows, 1938 columns, 24002 nonzeros
Variable types: 56 continuous, 1882 integer (1882 binary)

Root relaxation: objective 8.634780e+10, 1020 iterations, 0.04 seconds (0.02 work units)

    Nodes    |    Current Node    |     Objective Bounds      |     Work
 Expl Unexpl |  Obj  Depth IntInf | Incumbent    BestBd   Gap | It/Node Time

     0     0 8.6348e+10    0  130   -0.00000 8.6348e+10      -     -    0s
     0     0 8.6348e+10    0  115   -0.00000 8.6348e+10      -     -    0s
H    0     0                    2.393520e+10 8.6348e+10   261%     -    0s
     0     0 8.6348e+10    0  315 2.3935e+10 8.6348e+10   261%     -    0s
     0     0 8.6348e+10    0  309 2.3935e+10 8.6348e+10   261%     -    0s
     0     0 8.6348e+10    0  405 2.3935e+10 8.6348e+10   261%     -    0s
     0     0 8.6348e+10    0  202 2.3935e+10 8.6348e+10   261%     -    1s
     0     0 8.6348e+10    0  190 2.3935e+10 8.6348e+10   261%     -    1s
     0     0 8.6348e+10    0  193 2.3935e+10 8.6348e+10   261%     -    1s
     0     0 8.6348e+10    0   18 2.3935e+10 8.6348e+10   261%     -    1s
     0     0 8.6348e+10    0   23 2.3935e+10 8.6348e+10   261%     -    1s
     0     0 8.6348e+10    0    8 2.3935e+10 8.6348e+10   261%     -    1s
H    0     0                    3.354150e+10 8.6348e+10   157%     -    1s
     0     0 8.6348e+10    0    8 3.3542e+10 8.6348e+10   157%     -    1s
     0     0 8.6348e+10    0   12 3.3542e+10 8.6348e+10   157%     -    1s
     0     0 8.6348e+10    0   15 3.3542e+10 8.6348e+10   157%     -    1s
     0     0 8.6348e+10    0   14 3.3542e+10 8.6348e+10   157%     -    1s
     0     0 8.6348e+10    0   12 3.3542e+10 8.6348e+10   157%     -    1s
     0     0 8.6348e+10    0   12 3.3542e+10 8.6348e+10   157%     -    1s
H    0     0                    6.879780e+10 8.6348e+10  25.5%     -    2s
     0     2 8.6348e+10    0   12 6.8798e+10 8.6348e+10  25.5%     -    2s
H   26    18                    7.221780e+10 8.6348e+10  19.6%  61.7    2s
H  130    62                    7.581780e+10 8.6348e+10  13.9%  50.1    3s
H  319   188                    7.932780e+10 8.6348e+10  8.85%  52.6    5s
H  555   219                    8.283780e+10 8.6348e+10  4.24%  60.2    7s
   690   354 8.6348e+10  151  201 8.2838e+10 8.6348e+10  4.24%  51.5   10s
   737   393 8.6348e+10   73   70 8.2838e+10 8.6348e+10  4.24%  48.8   15s
   882   473 8.6348e+10   49  124 8.2838e+10 8.6348e+10  4.24%  71.7   20s
  1040   545 8.4556e+10   95  203 8.2838e+10 8.6348e+10  4.24%  69.3   25s
  1262   507 8.6348e+10   70  182 8.2838e+10 8.6348e+10  4.24%  65.3   30s
  1393   578 8.6348e+10   93   71 8.2838e+10 8.6348e+10  4.24%  63.2   35s
  1551   650 8.6348e+10  102   72 8.2838e+10 8.6348e+10  4.24%  59.9   40s
  1677   708 8.3097e+10  183   25 8.2838e+10 8.6348e+10  4.24%  58.8   45s
  1939   819 infeasible   66      8.2838e+10 8.6348e+10  4.24%  56.4   50s
  2141   938 8.6348e+10  112   46 8.2838e+10 8.6348e+10  4.24%  55.1   55s
  2340  1035 8.6348e+10   70   53 8.2838e+10 8.6348e+10  4.24%  54.9   60s
  2519  1121 8.4195e+10   72   92 8.2838e+10 8.6348e+10  4.24%  54.3   65s
  2789  1299 8.4869e+10   99   86 8.2838e+10 8.6348e+10  4.24%  53.2   70s
  2932  1350 8.4807e+10  112   79 8.2838e+10 8.6348e+10  4.24%  53.4   75s
  3079  1407 8.5773e+10   62  122 8.2838e+10 8.6348e+10  4.24%  53.9   80s
  3189  1465 8.6348e+10   53   90 8.2838e+10 8.6348e+10  4.24%  53.8   86s
  3319  1542 8.4503e+10  120   69 8.2838e+10 8.6348e+10  4.24%  54.8   90s
  3459  1592 8.4807e+10  116   58 8.2838e+10 8.6348e+10  4.24%  54.9   95s
  3567  1632 8.6329e+10  121  115 8.2838e+10 8.6348e+10  4.24%  56.1  100s
  3772  1724 8.6348e+10   63   79 8.2838e+10 8.6348e+10  4.24%  55.9  105s
  3853  1761 8.6348e+10   80   94 8.2838e+10 8.6348e+10  4.24%  57.1  110s
  4048  1901 8.3637e+10  138   13 8.2838e+10 8.6348e+10  4.24%  56.6  115s
  4186  1970 8.6348e+10  121   45 8.2838e+10 8.6348e+10  4.24%  56.9  120s
  4327  2036 8.6348e+10  113   78 8.2838e+10 8.6348e+10  4.24%  57.4  125s
  4499  2155 8.6067e+10  103   37 8.2838e+10 8.6348e+10  4.24%  56.9  131s
  4563  2194 8.6348e+10  102   92 8.2838e+10 8.6348e+10  4.24%  56.9  135s
  4734  2274     cutoff  134      8.2838e+10 8.6348e+10  4.24%  57.1  140s
  4953  2337 8.6054e+10  123  113 8.2838e+10 8.6348e+10  4.24%  56.8  145s
  5075  2400 8.6348e+10  109   81 8.2838e+10 8.6348e+10  4.24%  56.8  150s
  5153  2427 8.6348e+10  111   87 8.2838e+10 8.6348e+10  4.24%  57.1  155s
  5205  2450 8.6296e+10  109  183 8.2838e+10 8.6348e+10  4.24%  57.1  160s
  5338  2531 8.6067e+10  127   32 8.2838e+10 8.6348e+10  4.24%  57.6  165s
  5417  2552 8.6348e+10   78  143 8.2838e+10 8.6348e+10  4.24%  58.6  170s
  5629  2710 8.4807e+10  124   51 8.2838e+10 8.6348e+10  4.24%  58.0  175s
  5768  2783 8.6348e+10  120   53 8.2838e+10 8.6348e+10  4.24%  57.7  180s
  5931  2887 8.6345e+10  108  125 8.2838e+10 8.6348e+10  4.24%  58.1  185s
  6126  3018 8.6348e+10  107   63 8.2838e+10 8.6348e+10  4.24%  57.9  190s
  6309  3130 8.2928e+10  117   56 8.2838e+10 8.6348e+10  4.24%  57.9  195s
  6349  3158 8.6067e+10  115   80 8.2838e+10 8.6348e+10  4.24%  58.1  200s
  6493  3239 8.6348e+10   95   72 8.2838e+10 8.6348e+10  4.24%  57.9  205s
  6679  3371 8.6348e+10  101   54 8.2838e+10 8.6348e+10  4.24%  57.3  210s
  6853  3485 8.6348e+10  108   67 8.2838e+10 8.6348e+10  4.24%  57.0  215s
  6961  3551 8.6348e+10  110   65 8.2838e+10 8.6348e+10  4.24%  57.3  220s
  7114  3642 8.6348e+10   95  106 8.2838e+10 8.6348e+10  4.24%  57.3  225s
  7245  3731 8.6348e+10   87  105 8.2838e+10 8.6348e+10  4.24%  57.3  230s
  7412  3852 8.6348e+10   75  137 8.2838e+10 8.6348e+10  4.24%  57.0  236s
  7542  3934 8.3637e+10  126   44 8.2838e+10 8.6348e+10  4.24%  56.7  240s
  7664  3967 8.4357e+10  125   46 8.2838e+10 8.6348e+10  4.24%  57.2  245s
  7804  4025 8.6343e+10  121  117 8.2838e+10 8.6348e+10  4.24%  57.1  250s
  7948  4087 8.4638e+10  126   86 8.2838e+10 8.6348e+10  4.24%  57.2  255s
  8106  4158 8.6067e+10  125   36 8.2838e+10 8.6348e+10  4.24%  57.1  262s
  8206  4209 8.4271e+10  123  110 8.2838e+10 8.6348e+10  4.24%  56.9  265s
  8414  4320 8.6065e+10  139  100 8.2838e+10 8.6348e+10  4.24%  56.6  270s
  8549  4379 8.3561e+10  142  110 8.2838e+10 8.6348e+10  4.24%  56.8  275s
H 8576  4389                    8.292780e+10 8.6348e+10  4.12%  56.8  275s
H 8603  4181                    8.409780e+10 8.6348e+10  2.68%  56.8  276s
  8687  4216     cutoff  138      8.4098e+10 8.6348e+10  2.68%  57.0  280s
  8837  4283 8.6067e+10  135   61 8.4098e+10 8.6348e+10  2.68%  57.1  285s
  9019  4336 8.6348e+10  124   45 8.4098e+10 8.6348e+10  2.68%  57.0  290s
  9200  4427 8.6348e+10  122   55 8.4098e+10 8.6348e+10  2.68%  57.0  295s
  9382  4515 infeasible  134      8.4098e+10 8.6348e+10  2.68%  57.1  300s
  9480  4564 8.6067e+10  120  132 8.4098e+10 8.6348e+10  2.68%  57.0  305s
  9591  4615 8.6067e+10  132   46 8.4098e+10 8.6348e+10  2.68%  57.0  310s
  9763  4712 8.6067e+10  141   39 8.4098e+10 8.6348e+10  2.68%  57.1  315s
  9916  4757 8.6067e+10  124   49 8.4098e+10 8.6348e+10  2.68%  57.2  320s
 10087  4808 8.6348e+10  124   40 8.4098e+10 8.6348e+10  2.68%  57.4  325s
 10203  4851 8.6348e+10   65   12 8.4098e+10 8.6348e+10  2.68%  57.5  330s
 10254  4885 8.6348e+10   44   74 8.4098e+10 8.6348e+10  2.68%  59.3  335s
 10465  4952 8.4807e+10   44  282 8.4098e+10 8.6348e+10  2.68%  58.8  340s
 10629  5000 8.6348e+10   75   82 8.4098e+10 8.6348e+10  2.68%  58.6  345s
 10755  5039 8.6067e+10   79   60 8.4098e+10 8.6348e+10  2.68%  58.3  350s
 10933  5065 8.4807e+10   75   64 8.4098e+10 8.6348e+10  2.68%  58.0  355s
 11156  5103 8.6348e+10   62   73 8.4098e+10 8.6348e+10  2.68%  57.6  360s
 11376  5138 8.6348e+10   62  126 8.4098e+10 8.6348e+10  2.68%  57.3  365s
 11493  5136 8.6348e+10   93   73 8.4098e+10 8.6348e+10  2.68%  57.2  370s
 11709  5154 8.6348e+10   75   69 8.4098e+10 8.6348e+10  2.68%  57.0  375s
 11933  5158 8.4717e+10   90   52 8.4098e+10 8.6348e+10  2.68%  56.6  380s
 12143  5221 8.6348e+10   76   36 8.4098e+10 8.6348e+10  2.68%  56.2  385s
 12449  5275 8.6348e+10   88   49 8.4098e+10 8.6348e+10  2.68%  55.5  390s
 12601  5306 8.6348e+10   89   57 8.4098e+10 8.6348e+10  2.68%  55.3  395s
 12898  5330 8.6348e+10   77   71 8.4098e+10 8.6348e+10  2.68%  54.7  400s
 13134  5376 8.4651e+10  100   30 8.4098e+10 8.6348e+10  2.68%  54.3  405s
 13443  5358 8.6348e+10   70   61 8.4098e+10 8.6348e+10  2.68%  53.9  410s
 13644  5394 8.6294e+10   93   79 8.4098e+10 8.6348e+10  2.68%  53.8  415s
 13874  5428 8.6348e+10   79   39 8.4098e+10 8.6348e+10  2.68%  53.5  420s
 14095  5444 8.4717e+10   87   56 8.4098e+10 8.6348e+10  2.68%  53.2  425s
 14299  5435 8.6348e+10  100   67 8.4098e+10 8.6348e+10  2.68%  53.2  430s
 14505  5466 8.6348e+10   78   62 8.4098e+10 8.6348e+10  2.68%  53.0  435s
 14710  5433 8.6296e+10   80  117 8.4098e+10 8.6348e+10  2.68%  52.8  440s
 14980  5445 infeasible   86      8.4098e+10 8.6348e+10  2.68%  52.6  445s
 15059  5459 8.5178e+10   94   49 8.4098e+10 8.6348e+10  2.68%  52.6  450s
 15272  5484 8.6348e+10   74   55 8.4098e+10 8.6348e+10  2.68%  52.6  456s
 15303  5478 8.4717e+10   86   57 8.4098e+10 8.6348e+10  2.68%  52.6  500s
 15542  5492 8.6348e+10   63  110 8.4098e+10 8.6348e+10  2.68%  52.4  505s
 15795  5536 8.6348e+10   78   51 8.4098e+10 8.6348e+10  2.68%  52.1  510s
 16058  5558 infeasible  112      8.4098e+10 8.6348e+10  2.68%  51.7  515s
 16384  5516     cutoff   97      8.4098e+10 8.6348e+10  2.68%  51.2  520s
 16684  5594 8.6348e+10   70   47 8.4098e+10 8.6348e+10  2.68%  50.9  525s
 16791  5617 8.6348e+10   57   36 8.4098e+10 8.6348e+10  2.68%  50.8  530s
 17028  5681 infeasible   96      8.4098e+10 8.6348e+10  2.68%  50.5  535s
 17316  5650 8.5854e+10  108  124 8.4098e+10 8.6348e+10  2.68%  50.2  540s
 17575  5632 8.4807e+10  108   85 8.4098e+10 8.6348e+10  2.68%  50.3  545s
 17792  5676 8.6348e+10   82   79 8.4098e+10 8.6348e+10  2.68%  50.1  550s
 18004  5634 8.6348e+10   81   74 8.4098e+10 8.6348e+10  2.68%  50.2  555s
 18186  5637 8.6348e+10   79   52 8.4098e+10 8.6348e+10  2.68%  50.4  560s
 18378  5640 8.6348e+10   76   35 8.4098e+10 8.6348e+10  2.68%  50.6  565s
 18613  5673 8.6348e+10   91   36 8.4098e+10 8.6348e+10  2.68%  50.6  570s
 18884  5616     cutoff   87      8.4098e+10 8.6348e+10  2.68%  50.4  575s
 19067  5665 8.5977e+10  103   27 8.4098e+10 8.6348e+10  2.68%  50.4  580s
 19201  5699 8.4247e+10   84   82 8.4098e+10 8.6348e+10  2.68%  50.4  585s
 19360  5739 8.6348e+10   91   59 8.4098e+10 8.6348e+10  2.68%  50.4  590s
 19579  5780 infeasible   95      8.4098e+10 8.6348e+10  2.68%  50.5  595s
 19770  5778 8.6348e+10   87   49 8.4098e+10 8.6348e+10  2.68%  50.6  600s
 19980  5752 infeasible   89      8.4098e+10 8.6348e+10  2.68%  50.6  605s
 20204  5707 infeasible   88      8.4098e+10 8.6348e+10  2.68%  50.7  610s
 20410  5654 8.4651e+10   96   10 8.4098e+10 8.6348e+10  2.68%  50.9  615s
 20550  5608 8.6271e+10   90  116 8.4098e+10 8.6348e+10  2.68%  51.0  623s
 20657  5570 infeasible   95      8.4098e+10 8.6348e+10  2.68%  51.0  625s
 20901  5586 8.4651e+10  103   12 8.4098e+10 8.6348e+10  2.68%  50.9  631s
 20967  5580 8.6302e+10   80  138 8.4098e+10 8.6348e+10  2.68%  50.9  635s
 21227  5563 8.6348e+10   85   45 8.4098e+10 8.6348e+10  2.68%  51.0  640s
 21363  5553 8.4651e+10   96   26 8.4098e+10 8.6348e+10  2.68%  51.2  645s
 21621  5540 8.6348e+10   80   63 8.4098e+10 8.6348e+10  2.68%  51.2  650s
 21829  5590 8.4651e+10   82   36 8.4098e+10 8.6348e+10  2.68%  51.2  655s
 22096  5577 8.6322e+10   94  119 8.4098e+10 8.6348e+10  2.68%  51.1  660s
 22354  5582 8.6348e+10   73   68 8.4098e+10 8.6348e+10  2.68%  51.0  665s
 22588  5576 8.6348e+10   95   28 8.4098e+10 8.6348e+10  2.68%  51.0  670s
 22715  5582 8.6348e+10   72   78 8.4098e+10 8.6348e+10  2.68%  51.0  675s
 22909  5593 8.6298e+10   82  107 8.4098e+10 8.6348e+10  2.68%  50.9  680s
 23143  5584 8.6348e+10   81   37 8.4098e+10 8.6348e+10  2.68%  51.0  685s
 23364  5634 8.6348e+10   95   53 8.4098e+10 8.6348e+10  2.68%  50.9  690s
 23566  5679 8.6290e+10   87   80 8.4098e+10 8.6348e+10  2.68%  50.9  695s
 23774  5717 8.6291e+10  109   82 8.4098e+10 8.6348e+10  2.68%  50.9  700s
 23957  5771 8.6348e+10   83   57 8.4098e+10 8.6348e+10  2.68%  50.9  708s
 23986  5776 8.4651e+10   76   78 8.4098e+10 8.6348e+10  2.68%  50.9  710s
 24262  5866 infeasible   95      8.4098e+10 8.6348e+10  2.68%  50.7  715s
 24485  5883 8.6348e+10   61  115 8.4098e+10 8.6348e+10  2.68%  50.6  720s
 24672  5918 8.4608e+10   91   78 8.4098e+10 8.6348e+10  2.68%  50.6  725s
 24834  5955 8.6348e+10   81   56 8.4098e+10 8.6348e+10  2.68%  50.6  730s
 25065  6007 8.6348e+10   71   80 8.4098e+10 8.6348e+10  2.68%  50.6  735s
 25253  6104 8.4807e+10   87   58 8.4098e+10 8.6348e+10  2.68%  50.6  740s
 25478  6203 8.6348e+10   65  113 8.4098e+10 8.6348e+10  2.68%  50.6  746s
 25613  6282 8.4717e+10   87   28 8.4098e+10 8.6348e+10  2.68%  50.6  750s
 25809  6388 8.6348e+10   84   53 8.4098e+10 8.6348e+10  2.68%  50.7  755s
 26007  6482 8.5977e+10   77   35 8.4098e+10 8.6348e+10  2.68%  50.7  760s
 26146  6572 8.6348e+10   49  190 8.4098e+10 8.6348e+10  2.68%  50.7  765s
H26249  4731                    8.489700e+10 8.6348e+10  1.71%  50.7  771s
 26376  4789 8.6348e+10   68   59 8.4897e+10 8.6348e+10  1.71%  50.7  775s
 26607  4898 8.6348e+10   68   67 8.4897e+10 8.6348e+10  1.71%  50.5  780s
 26855  4996 infeasible   80      8.4897e+10 8.6348e+10  1.71%  50.4  785s
 26997  5002 8.6348e+10   71   75 8.4897e+10 8.6348e+10  1.71%  50.5  790s
 27196  5011 8.6348e+10   74   81 8.4897e+10 8.6348e+10  1.71%  50.5  795s
 27369  5052 8.6335e+10   89  112 8.4897e+10 8.6348e+10  1.71%  50.5  800s
 27628  5127 infeasible   84      8.4897e+10 8.6348e+10  1.71%  50.4  805s
 27815  5185 infeasible   79      8.4897e+10 8.6348e+10  1.71%  50.4  810s
 27989  5204 8.6348e+10   84   61 8.4897e+10 8.6348e+10  1.71%  50.4  815s
 28178  5247 8.6348e+10   87   32 8.4897e+10 8.6348e+10  1.71%  50.5  820s
 28260  5245 8.5759e+10   85   81 8.4897e+10 8.6348e+10  1.71%  50.5  825s
 28500  5294 8.6335e+10   81   87 8.4897e+10 8.6348e+10  1.71%  50.4  830s
 28735  5421 8.6348e+10  103   21 8.4897e+10 8.6348e+10  1.71%  50.3  835s
 28907  5460 8.6348e+10   69   79 8.4897e+10 8.6348e+10  1.71%  50.3  840s
 29226  5512 8.6348e+10   98   11 8.4897e+10 8.6348e+10  1.71%  50.0  845s
 29490  5523 8.5759e+10   87   66 8.4897e+10 8.6348e+10  1.71%  49.8  850s
 29642  5557 8.6348e+10   42  111 8.4897e+10 8.6348e+10  1.71%  49.9  855s
 29847  5655 infeasible   72      8.4897e+10 8.6348e+10  1.71%  49.8  860s
 30022  5649 8.6348e+10   64   61 8.4897e+10 8.6348e+10  1.71%  49.7  865s
 30172  5688 8.6067e+10   75   66 8.4897e+10 8.6348e+10  1.71%  49.7  870s
 30437  5700 infeasible   90      8.4897e+10 8.6348e+10  1.71%  49.6  875s
 30607  5723 8.6348e+10   84   12 8.4897e+10 8.6348e+10  1.71%  49.5  882s
 30628  5737 8.6348e+10   71   14 8.4897e+10 8.6348e+10  1.71%  49.5  885s
 30787  5792 8.6348e+10   50   84 8.4897e+10 8.6348e+10  1.71%  50.0  890s
 30945  5866 8.6348e+10  109  102 8.4897e+10 8.6348e+10  1.71%  50.0  895s
 31128  5802 infeasible  105      8.4897e+10 8.6348e+10  1.71%  50.0  900s
 31230  5766 8.6348e+10  110   91 8.4897e+10 8.6348e+10  1.71%  50.0  905s
 31433  5690 8.6348e+10  107   75 8.4897e+10 8.6348e+10  1.71%  49.8  910s
 31661  5622 infeasible  117      8.4897e+10 8.6348e+10  1.71%  49.7  915s
 31890  5548 infeasible  118      8.4897e+10 8.6348e+10  1.71%  49.5  920s
 32077  5473 infeasible  109      8.4897e+10 8.6348e+10  1.71%  49.4  925s
 32263  5425 8.6348e+10  115   45 8.4897e+10 8.6348e+10  1.71%  49.4  930s
 32441  5510 8.6348e+10  101   89 8.4897e+10 8.6348e+10  1.71%  49.2  935s
 32590  5571 8.6348e+10   65  197 8.4897e+10 8.6348e+10  1.71%  49.1  940s
 32808  5689 8.6348e+10  152   59 8.4897e+10 8.6348e+10  1.71%  48.9  945s
 33028  5782 8.6348e+10   72   41 8.4897e+10 8.6348e+10  1.71%  48.8  950s
 33231  5879 8.6067e+10   91  101 8.4897e+10 8.6348e+10  1.71%  48.7  955s
 33400  5937 8.6348e+10  115   77 8.4897e+10 8.6348e+10  1.71%  48.6  960s
 33647  6022 8.6348e+10   96  107 8.4897e+10 8.6348e+10  1.71%  48.4  965s
 33872  6076 8.5977e+10  157   72 8.4897e+10 8.6348e+10  1.71%  48.3  970s
 34084  6132 8.6348e+10  115   75 8.4897e+10 8.6348e+10  1.71%  48.2  975s
 34366  6212 8.6348e+10  113   68 8.4897e+10 8.6348e+10  1.71%  48.0  980s
 34637  6149 8.6348e+10  128   44 8.4897e+10 8.6348e+10  1.71%  47.8  985s
 34947  6051 infeasible  133      8.4897e+10 8.6348e+10  1.71%  47.7  990s
 35193  5947 8.6348e+10  126   72 8.4897e+10 8.6348e+10  1.71%  47.6  995s
 35455  5868 8.6348e+10  127   35 8.4897e+10 8.6348e+10  1.71%  47.5 1000s
 35707  5774 infeasible  131      8.4897e+10 8.6348e+10  1.71%  47.3 1005s
 35984  5693 8.6348e+10  123   48 8.4897e+10 8.6348e+10  1.71%  47.2 1011s
 36134  5663 8.6348e+10  125   42 8.4897e+10 8.6348e+10  1.71%  47.2 1015s
 36350  5581 infeasible  128      8.4897e+10 8.6348e+10  1.71%  47.1 1020s
 36564  5515 8.6348e+10  129   37 8.4897e+10 8.6348e+10  1.71%  47.1 1025s
 36775  5426 8.6348e+10  119   74 8.4897e+10 8.6348e+10  1.71%  47.1 1030s
 37043  5333 infeasible  131      8.4897e+10 8.6348e+10  1.71%  47.0 1035s
 37219  5276 infeasible  130      8.4897e+10 8.6348e+10  1.71%  46.9 1040s
 37488  5185 infeasible  130      8.4897e+10 8.6348e+10  1.71%  46.8 1045s
 37751  5093 8.6348e+10  127   64 8.4897e+10 8.6348e+10  1.71%  46.7 1050s
 37983  5015 infeasible  125      8.4897e+10 8.6348e+10  1.71%  46.6 1055s
 38194  4942 infeasible  124      8.4897e+10 8.6348e+10  1.71%  46.5 1060s
 38442  4855 8.6348e+10  116   55 8.4897e+10 8.6348e+10  1.71%  46.4 1065s
 38729  4769 8.6348e+10  125   38 8.4897e+10 8.6348e+10  1.71%  46.3 1070s
 39075  4655 8.6348e+10  122   40 8.4897e+10 8.6348e+10  1.71%  46.1 1075s
 39340  4568 8.6348e+10  129   31 8.4897e+10 8.6348e+10  1.71%  46.0 1081s
 39539  4497 infeasible  129      8.4897e+10 8.6348e+10  1.71%  45.9 1085s
 39800  4415 8.6348e+10  122   38 8.4897e+10 8.6348e+10  1.71%  45.8 1090s
 40224  4287 8.6348e+10  133   25 8.4897e+10 8.6348e+10  1.71%  45.6 1095s
 40729  4120 8.6348e+10  131   27 8.4897e+10 8.6348e+10  1.71%  45.2 1100s
 41092  3978 8.6348e+10  117   52 8.4897e+10 8.6348e+10  1.71%  45.0 1106s
 41279  3919 8.6348e+10  118   66 8.4897e+10 8.6348e+10  1.71%  44.9 1110s
 41575  3828 infeasible  128      8.4897e+10 8.6348e+10  1.71%  44.8 1115s
 41815  3750 8.6348e+10  128   59 8.4897e+10 8.6348e+10  1.71%  44.7 1120s
 42056  3661 infeasible  124      8.4897e+10 8.6348e+10  1.71%  44.6 1125s
 42369  3573 8.6348e+10  129   54 8.4897e+10 8.6348e+10  1.71%  44.5 1130s
 42563  3491 8.6348e+10  124   54 8.4897e+10 8.6348e+10  1.71%  44.4 1135s
 42941  3369 infeasible  124      8.4897e+10 8.6348e+10  1.71%  44.1 1140s
 43259  3257 infeasible  135      8.4897e+10 8.6348e+10  1.71%  44.0 1145s
 43567  3174 8.6348e+10  123   36 8.4897e+10 8.6348e+10  1.71%  43.8 1150s
 43902  3049 8.6348e+10  123   58 8.4897e+10 8.6348e+10  1.71%  43.7 1156s
 44185  2940 8.6348e+10  120   51 8.4897e+10 8.6348e+10  1.71%  43.5 1160s
 44399  2881 8.6348e+10  134   43 8.4897e+10 8.6348e+10  1.71%  43.5 1165s
 44619  2811 8.6348e+10  116   52 8.4897e+10 8.6348e+10  1.71%  43.4 1170s
 44917  2714 8.6348e+10  125   56 8.4897e+10 8.6348e+10  1.71%  43.3 1175s
 45138  2653 8.6348e+10  125   39 8.4897e+10 8.6348e+10  1.71%  43.2 1180s
 45303  2587 infeasible  124      8.4897e+10 8.6348e+10  1.71%  43.2 1185s
 45563  2489 infeasible  130      8.4897e+10 8.6348e+10  1.71%  43.1 1190s
 45818  2389 8.6348e+10  116   78 8.4897e+10 8.6348e+10  1.71%  43.1 1195s
 46060  2310 8.6348e+10  123   41 8.4897e+10 8.6348e+10  1.71%  43.0 1200s
 46263  2257 8.6348e+10  128   36 8.4897e+10 8.6348e+10  1.71%  42.9 1205s
 46522  2158 infeasible  117      8.4897e+10 8.6348e+10  1.71%  42.8 1210s
 46705  2098 8.6348e+10  115   91 8.4897e+10 8.6348e+10  1.71%  42.8 1215s
 46914  2037 8.6348e+10  117   57 8.4897e+10 8.6348e+10  1.71%  42.8 1220s
 47145  1971 8.6348e+10  132   49 8.4897e+10 8.6348e+10  1.71%  42.7 1225s
 47330  1925 8.6348e+10  123   61 8.4897e+10 8.6348e+10  1.71%  42.7 1230s
 47588  1835 8.6348e+10  119   57 8.4897e+10 8.6348e+10  1.71%  42.6 1235s
 47869  1758 infeasible  120      8.4897e+10 8.6348e+10  1.71%  42.6 1240s
 48150  1759 8.6348e+10  122   54 8.4897e+10 8.6348e+10  1.71%  42.5 1245s
 48476  1749 infeasible  123      8.4897e+10 8.6348e+10  1.71%  42.4 1250s
 48663  1752 infeasible  131      8.4897e+10 8.6348e+10  1.71%  42.4 1255s
 49014  1769 8.6348e+10  147   34 8.4897e+10 8.6348e+10  1.71%  42.3 1260s
 49400  1767 8.6348e+10  125   49 8.4897e+10 8.6348e+10  1.71%  42.2 1265s
 49735  1742 infeasible  121      8.4897e+10 8.6348e+10  1.71%  42.1 1270s
 49968  1753 8.6348e+10  123   47 8.4897e+10 8.6348e+10  1.71%  42.1 1275s
 50296  1757 infeasible  125      8.4897e+10 8.6348e+10  1.71%  42.0 1280s
 50586  1759 8.6348e+10  124   45 8.4897e+10 8.6348e+10  1.71%  42.0 1286s
 50836  1759 8.6348e+10  127   56 8.4897e+10 8.6348e+10  1.71%  41.9 1290s
 51156  1757 infeasible  128      8.4897e+10 8.6348e+10  1.71%  41.8 1295s
 51443  1746 8.6348e+10  120   68 8.4897e+10 8.6348e+10  1.71%  41.7 1300s
 51768  1759 8.6348e+10  128   51 8.4897e+10 8.6348e+10  1.71%  41.7 1305s
 52044  1745 infeasible  120      8.4897e+10 8.6348e+10  1.71%  41.6 1310s
 52287  1750 8.6348e+10  123   28 8.4897e+10 8.6348e+10  1.71%  41.6 1315s
 52384  1747 8.6348e+10  121   54 8.4897e+10 8.6348e+10  1.71%  41.6 1320s
 52709  1750 8.6348e+10  122   70 8.4897e+10 8.6348e+10  1.71%  41.5 1325s
 53003  1746 infeasible  125      8.4897e+10 8.6348e+10  1.71%  41.5 1330s
 53339  1758 infeasible  128      8.4897e+10 8.6348e+10  1.71%  41.4 1335s
 53551  1760 8.6348e+10  130   49 8.4897e+10 8.6348e+10  1.71%  41.4 1340s
 53782  1753 8.6348e+10  126   38 8.4897e+10 8.6348e+10  1.71%  41.4 1345s
 53965  1760 8.6348e+10  127   59 8.4897e+10 8.6348e+10  1.71%  41.4 1350s
 54243  1756 infeasible  130      8.4897e+10 8.6348e+10  1.71%  41.3 1355s
 54495  1770 infeasible  128      8.4897e+10 8.6348e+10  1.71%  41.3 1360s
 54759  1754 infeasible  129      8.4897e+10 8.6348e+10  1.71%  41.3 1365s
 55000  1753 8.6348e+10  130   73 8.4897e+10 8.6348e+10  1.71%  41.3 1370s
 55177  1746 8.6348e+10  119   66 8.4897e+10 8.6348e+10  1.71%  41.3 1375s
 55413  1766 infeasible  139      8.4897e+10 8.6348e+10  1.71%  41.2 1380s
 55724  1761 infeasible  131      8.4897e+10 8.6348e+10  1.71%  41.2 1385s
 56064  1765 infeasible  136      8.4897e+10 8.6348e+10  1.71%  41.1 1390s
 56262  1763 8.6348e+10  131   44 8.4897e+10 8.6348e+10  1.71%  41.1 1395s
 56547  1764 8.6348e+10  133   45 8.4897e+10 8.6348e+10  1.71%  41.0 1400s
 56792  1757 8.6348e+10  121   45 8.4897e+10 8.6348e+10  1.71%  41.0 1405s
 57040  1749 8.6348e+10  126   39 8.4897e+10 8.6348e+10  1.71%  41.0 1410s
 57405  1754 8.6348e+10  123   51 8.4897e+10 8.6348e+10  1.71%  40.9 1415s
 57767  1754 infeasible  133      8.4897e+10 8.6348e+10  1.71%  40.8 1420s
 58028  1755 8.6348e+10  123   60 8.4897e+10 8.6348e+10  1.71%  40.8 1425s
 58331  1752 8.6348e+10  114   50 8.4897e+10 8.6348e+10  1.71%  40.7 1430s
 58562  1773 8.6348e+10  126   20 8.4897e+10 8.6348e+10  1.71%  40.7 1436s
 58744  1771 infeasible  127      8.4897e+10 8.6348e+10  1.71%  40.7 1440s
 59002  1769 8.6348e+10  129   37 8.4897e+10 8.6348e+10  1.71%  40.7 1445s
 59298  1777 8.6348e+10  127   51 8.4897e+10 8.6348e+10  1.71%  40.7 1450s
 59555  1776 infeasible  127      8.4897e+10 8.6348e+10  1.71%  40.7 1455s
 59787  1772 8.6348e+10  123   44 8.4897e+10 8.6348e+10  1.71%  40.6 1460s
 60052  1793 8.6348e+10  130   46 8.4897e+10 8.6348e+10  1.71%  40.6 1465s
 60316  1787 8.6348e+10  130   38 8.4897e+10 8.6348e+10  1.71%  40.6 1470s
 60577  1788 8.6348e+10  128   45 8.4897e+10 8.6348e+10  1.71%  40.6 1475s
 60877  1776 8.6348e+10  131   36 8.4897e+10 8.6348e+10  1.71%  40.5 1480s
 61084  1767 8.6348e+10  127   34 8.4897e+10 8.6348e+10  1.71%  40.5 1485s
 61305  1786 infeasible  132      8.4897e+10 8.6348e+10  1.71%  40.5 1490s
 61596  1783 8.6348e+10  126   52 8.4897e+10 8.6348e+10  1.71%  40.5 1495s
 61890  1781 8.6348e+10  128   36 8.4897e+10 8.6348e+10  1.71%  40.5 1500s
 62184  1783 infeasible  129      8.4897e+10 8.6348e+10  1.71%  40.4 1505s
 62531  1774 infeasible  126      8.4897e+10 8.6348e+10  1.71%  40.4 1510s
 62797  1776 8.6348e+10  129   47 8.4897e+10 8.6348e+10  1.71%  40.4 1515s
 62960  1775 8.6348e+10  129   38 8.4897e+10 8.6348e+10  1.71%  40.3 1520s
 63201  1766 8.6348e+10  116   74 8.4897e+10 8.6348e+10  1.71%  40.3 1525s
 63462  1745 infeasible  122      8.4897e+10 8.6348e+10  1.71%  40.3 1530s
 63703  1724 8.6348e+10  121   66 8.4897e+10 8.6348e+10  1.71%  40.3 1535s
 63911  1730 8.6348e+10  129   54 8.4897e+10 8.6348e+10  1.71%  40.3 1540s
 64037  1720 8.6348e+10  119   97 8.4897e+10 8.6348e+10  1.71%  40.3 1545s
 64230  1733 8.6348e+10  131   58 8.4897e+10 8.6348e+10  1.71%  40.3 1550s
 64441  1734 8.6348e+10  129   52 8.4897e+10 8.6348e+10  1.71%  40.3 1555s
 64669  1728 8.6348e+10  126   60 8.4897e+10 8.6348e+10  1.71%  40.3 1560s
 64904  1725 infeasible  129      8.4897e+10 8.6348e+10  1.71%  40.3 1565s
 65105  1718 infeasible  126      8.4897e+10 8.6348e+10  1.71%  40.3 1570s
 65319  1732 8.6348e+10  120   55 8.4897e+10 8.6348e+10  1.71%  40.3 1575s
 65538  1725 8.6348e+10  124   37 8.4897e+10 8.6348e+10  1.71%  40.4 1582s
 65635  1734 8.6348e+10  120   37 8.4897e+10 8.6348e+10  1.71%  40.4 1585s
 65878  1727 8.6348e+10  116   57 8.4897e+10 8.6348e+10  1.71%  40.4 1590s
 66123  1730 infeasible  128      8.4897e+10 8.6348e+10  1.71%  40.4 1595s
 66367  1732 8.6348e+10  126   27 8.4897e+10 8.6348e+10  1.71%  40.4 1600s
 66634  1733 8.6348e+10  118   72 8.4897e+10 8.6348e+10  1.71%  40.3 1605s
 66915  1724 8.6348e+10  119   45 8.4897e+10 8.6348e+10  1.71%  40.3 1610s
 67182  1731 8.6348e+10  125   39 8.4897e+10 8.6348e+10  1.71%  40.2 1615s
 67479  1736 8.6348e+10  123   49 8.4897e+10 8.6348e+10  1.71%  40.2 1620s
 67632  1731 8.6348e+10  119   77 8.4897e+10 8.6348e+10  1.71%  40.2 1625s
 67871  1724 infeasible  125      8.4897e+10 8.6348e+10  1.71%  40.2 1630s
 68189  1728 8.6348e+10  126   58 8.4897e+10 8.6348e+10  1.71%  40.2 1635s
 68479  1722 8.6348e+10  121   44 8.4897e+10 8.6348e+10  1.71%  40.2 1640s
 68789  1726 infeasible  129      8.4897e+10 8.6348e+10  1.71%  40.2 1645s
 69131  1734 8.6348e+10  123   54 8.4897e+10 8.6348e+10  1.71%  40.1 1650s
 69280  1731 8.6348e+10  126   39 8.4897e+10 8.6348e+10  1.71%  40.1 1655s
 69582  1729 8.6348e+10  119   36 8.4897e+10 8.6348e+10  1.71%  40.0 1660s
 69912  1723 infeasible  125      8.4897e+10 8.6348e+10  1.71%  40.0 1665s
 70271  1732 8.6348e+10  125   39 8.4897e+10 8.6348e+10  1.71%  39.9 1670s
 70635  1736 8.6348e+10  135   41 8.4897e+10 8.6348e+10  1.71%  39.9 1675s
 70969  1726 infeasible  133      8.4897e+10 8.6348e+10  1.71%  39.8 1680s
 71269  1728 infeasible  122      8.4897e+10 8.6348e+10  1.71%  39.8 1685s
 71542  1735 8.6348e+10  115   66 8.4897e+10 8.6348e+10  1.71%  39.8 1692s
 71706  1731 8.6348e+10  123   20 8.4897e+10 8.6348e+10  1.71%  39.8 1695s
 72053  1736 8.6348e+10  127   22 8.4897e+10 8.6348e+10  1.71%  39.7 1700s
 72369  1744 infeasible  133      8.4897e+10 8.6348e+10  1.71%  39.7 1705s
 72682  1737 8.6348e+10  121   59 8.4897e+10 8.6348e+10  1.71%  39.6 1710s
 72872  1723 8.6348e+10  116   98 8.4897e+10 8.6348e+10  1.71%  39.6 1715s
 73152  1747 infeasible  128      8.4897e+10 8.6348e+10  1.71%  39.6 1720s
 73448  1755 infeasible  134      8.4897e+10 8.6348e+10  1.71%  39.6 1725s
 73681  1744 8.6348e+10  126   47 8.4897e+10 8.6348e+10  1.71%  39.6 1731s
 73804  1749 infeasible  121      8.4897e+10 8.6348e+10  1.71%  39.6 1735s
 74165  1758 8.6348e+10  125   80 8.4897e+10 8.6348e+10  1.71%  39.5 1740s
 74439  1750 8.6348e+10  121   45 8.4897e+10 8.6348e+10  1.71%  39.5 1745s
 74738  1737 8.6348e+10  122   56 8.4897e+10 8.6348e+10  1.71%  39.5 1750s
 75055  1746 8.6348e+10  130   36 8.4897e+10 8.6348e+10  1.71%  39.5 1755s
 75324  1741 8.6348e+10  125   37 8.4897e+10 8.6348e+10  1.71%  39.5 1760s
 75580  1725 8.6348e+10  117   86 8.4897e+10 8.6348e+10  1.71%  39.5 1765s
 75874  1721 infeasible  121      8.4897e+10 8.6348e+10  1.71%  39.5 1770s
 76171  1728 8.6348e+10  115   62 8.4897e+10 8.6348e+10  1.71%  39.4 1775s
 76404  1727 infeasible  120      8.4897e+10 8.6348e+10  1.71%  39.4 1780s
 76537  1724 infeasible  115      8.4897e+10 8.6348e+10  1.71%  39.4 1785s
 76768  1733 8.6348e+10  120   82 8.4897e+10 8.6348e+10  1.71%  39.4 1790s
 77026  1735 8.6348e+10  121   52 8.4897e+10 8.6348e+10  1.71%  39.4 1795s
 77328  1735 infeasible  130      8.4897e+10 8.6348e+10  1.71%  39.4 1800s
 77647  1738 8.6348e+10  129   37 8.4897e+10 8.6348e+10  1.71%  39.3 1805s
 77924  1741 infeasible  131      8.4897e+10 8.6348e+10  1.71%  39.3 1810s
 78095  1744 8.6348e+10  119   48 8.4897e+10 8.6348e+10  1.71%  39.3 1815s
 78357  1748 8.6348e+10  122   35 8.4897e+10 8.6348e+10  1.71%  39.3 1820s
 78682  1735 infeasible  123      8.4897e+10 8.6348e+10  1.71%  39.2 1825s
 79032  1727 8.6348e+10  119   52 8.4897e+10 8.6348e+10  1.71%  39.2 1830s
 79347  1734 8.6348e+10  118   66 8.4897e+10 8.6348e+10  1.71%  39.1 1835s
 79631  1732 8.6348e+10  120   48 8.4897e+10 8.6348e+10  1.71%  39.1 1840s
 79930  1727 8.6348e+10  119   77 8.4897e+10 8.6348e+10  1.71%  39.1 1845s
 80184  1727 8.6348e+10  116   42 8.4897e+10 8.6348e+10  1.71%  39.0 1850s
 80477  1742 8.6348e+10  130   34 8.4897e+10 8.6348e+10  1.71%  39.0 1857s
 80618  1731 infeasible  126      8.4897e+10 8.6348e+10  1.71%  39.0 1860s
 80910  1737 8.6348e+10  117   51 8.4897e+10 8.6348e+10  1.71%  38.9 1865s
 81211  1728 8.6348e+10  113   54 8.4897e+10 8.6348e+10  1.71%  38.9 1870s
 81524  1741 infeasible  121      8.4897e+10 8.6348e+10  1.71%  38.9 1875s
 81788  1727 8.6348e+10  115   54 8.4897e+10 8.6348e+10  1.71%  38.9 1880s
 82064  1733 8.6348e+10  117   73 8.4897e+10 8.6348e+10  1.71%  38.9 1885s
 82372  1733 8.6348e+10  115   68 8.4897e+10 8.6348e+10  1.71%  38.8 1890s
 82709  1748 8.6348e+10  118   48 8.4897e+10 8.6348e+10  1.71%  38.8 1895s
 82820  1745 8.6348e+10  117   34 8.4897e+10 8.6348e+10  1.71%  38.8 1900s
 83112  1737 8.6348e+10  121   44 8.4897e+10 8.6348e+10  1.71%  38.8 1905s
 83391  1758 infeasible  124      8.4897e+10 8.6348e+10  1.71%  38.8 1910s
 83691  1772 8.6348e+10  125   24 8.4897e+10 8.6348e+10  1.71%  38.7 1915s
 84006  1769 infeasible  124      8.4897e+10 8.6348e+10  1.71%  38.7 1920s
 84364  1747 8.6348e+10  116   67 8.4897e+10 8.6348e+10  1.71%  38.6 1925s
 84613  1762 infeasible  123      8.4897e+10 8.6348e+10  1.71%  38.6 1930s
 84855  1758 infeasible  124      8.4897e+10 8.6348e+10  1.71%  38.6 1935s
 85173  1754 8.6348e+10  126   51 8.4897e+10 8.6348e+10  1.71%  38.6 1942s
 85319  1750 8.6348e+10  120   63 8.4897e+10 8.6348e+10  1.71%  38.6 1945s
 85600  1751 infeasible  121      8.4897e+10 8.6348e+10  1.71%  38.6 1950s
 85962  1751 8.6348e+10  125   42 8.4897e+10 8.6348e+10  1.71%  38.6 1955s
 86261  1742 infeasible  118      8.4897e+10 8.6348e+10  1.71%  38.5 1960s
 86699  1746 8.6348e+10  124   49 8.4897e+10 8.6348e+10  1.71%  38.5 1965s
 87031  1734 8.6348e+10  122   58 8.4897e+10 8.6348e+10  1.71%  38.4 1970s
 87398  1723 8.6348e+10  117   58 8.4897e+10 8.6348e+10  1.71%  38.4 1975s
 87682  1755 8.6348e+10  115   56 8.4897e+10 8.6348e+10  1.71%  38.3 1980s
 88088  1759 8.6348e+10  120   60 8.4897e+10 8.6348e+10  1.71%  38.3 1985s
 88256  1739 8.6348e+10  119   48 8.4897e+10 8.6348e+10  1.71%  38.2 1990s
 88660  1751 8.6348e+10  126   50 8.4897e+10 8.6348e+10  1.71%  38.2 1995s
 88935  1738 infeasible  122      8.4897e+10 8.6348e+10  1.71%  38.1 2000s
 89272  1745 infeasible  128      8.4897e+10 8.6348e+10  1.71%  38.1 2005s
 89572  1749 infeasible  121      8.4897e+10 8.6348e+10  1.71%  38.1 2010s
 89852  1743 infeasible  122      8.4897e+10 8.6348e+10  1.71%  38.1 2015s
 90386  1743 8.6348e+10  123   20 8.4897e+10 8.6348e+10  1.71%  37.9 2020s
 90785  1728 infeasible  122      8.4897e+10 8.6348e+10  1.71%  37.9 2025s
 90948  1725 infeasible  118      8.4897e+10 8.6348e+10  1.71%  37.9 2030s
 91241  1716 8.6348e+10  114   59 8.4897e+10 8.6348e+10  1.71%  37.9 2035s
 91558  1721 infeasible  121      8.4897e+10 8.6348e+10  1.71%  37.8 2040s
 91859  1726 infeasible  121      8.4897e+10 8.6348e+10  1.71%  37.8 2045s
 92133  1732 8.6348e+10  121   40 8.4897e+10 8.6348e+10  1.71%  37.8 2050s
 92427  1734 8.6348e+10  121   38 8.4897e+10 8.6348e+10  1.71%  37.8 2055s
 92688  1719 infeasible  124      8.4897e+10 8.6348e+10  1.71%  37.8 2060s
 92987  1716 8.6348e+10  116   59 8.4897e+10 8.6348e+10  1.71%  37.8 2065s
 93119  1718 8.6348e+10  118   42 8.4897e+10 8.6348e+10  1.71%  37.8 2070s
 93385  1718 infeasible  122      8.4897e+10 8.6348e+10  1.71%  37.8 2075s
 93690  1731 8.6348e+10  126   46 8.4897e+10 8.6348e+10  1.71%  37.8 2080s
 93956  1719 infeasible  120      8.4897e+10 8.6348e+10  1.71%  37.8 2085s
 94233  1742 infeasible  128      8.4897e+10 8.6348e+10  1.71%  37.7 2090s
 94638  1731 infeasible  123      8.4897e+10 8.6348e+10  1.71%  37.7 2095s
 94966  1725 8.6348e+10  127   33 8.4897e+10 8.6348e+10  1.71%  37.7 2100s
 95292  1717 8.6348e+10  121   37 8.4897e+10 8.6348e+10  1.71%  37.6 2105s
 95576  1733 8.6348e+10  112   76 8.4897e+10 8.6348e+10  1.71%  37.6 2110s
 95780  1763 8.6348e+10  115   64 8.4897e+10 8.6348e+10  1.71%  37.6 2115s
 95892  1765 8.6348e+10  116   53 8.4897e+10 8.6348e+10  1.71%  37.6 2120s
 96104  1767 8.6348e+10  121   39 8.4897e+10 8.6348e+10  1.71%  37.6 2125s
 96459  1770 8.6348e+10  124   55 8.4897e+10 8.6348e+10  1.71%  37.5 2130s
 96819  1762 8.6348e+10  117   51 8.4897e+10 8.6348e+10  1.71%  37.5 2135s
 97105  1760 8.6348e+10  121   63 8.4897e+10 8.6348e+10  1.71%  37.4 2140s
 97440  1763 8.6348e+10  125   42 8.4897e+10 8.6348e+10  1.71%  37.4 2145s
 97780  1749 infeasible  115      8.4897e+10 8.6348e+10  1.71%  37.3 2150s
 98076  1747 8.6348e+10  119   73 8.4897e+10 8.6348e+10  1.71%  37.3 2155s
 98322  1749 8.6348e+10  111   83 8.4897e+10 8.6348e+10  1.71%  37.3 2160s
 98653  1750 8.6348e+10  116   62 8.4897e+10 8.6348e+10  1.71%  37.3 2165s
 98957  1754 8.6348e+10  118   49 8.4897e+10 8.6348e+10  1.71%  37.2 2170s
 99113  1746 8.6348e+10  114   70 8.4897e+10 8.6348e+10  1.71%  37.2 2175s
 99432  1745 8.6348e+10  112   67 8.4897e+10 8.6348e+10  1.71%  37.2 2180s
 99716  1759 8.6348e+10  123   32 8.4897e+10 8.6348e+10  1.71%  37.2 2185s
 99999  1750 8.6348e+10  111   68 8.4897e+10 8.6348e+10  1.71%  37.2 2190s
 100225  1754 8.6348e+10  120   50 8.4897e+10 8.6348e+10  1.71%  37.2 2195s
 100480  1739 8.6348e+10  113   69 8.4897e+10 8.6348e+10  1.71%  37.2 2200s
 100796  1743 8.6348e+10  122   35 8.4897e+10 8.6348e+10  1.71%  37.1 2207s
 100966  1743 8.6348e+10  126   44 8.4897e+10 8.6348e+10  1.71%  37.1 2210s
 101336  1735 infeasible  125      8.4897e+10 8.6348e+10  1.71%  37.1 2215s
 101680  1761 infeasible  122      8.4897e+10 8.6348e+10  1.71%  37.0 2220s
 102013  1728 infeasible  120      8.4897e+10 8.6348e+10  1.71%  37.0 2225s
 102298  1725 infeasible  114      8.4897e+10 8.6348e+10  1.71%  37.0 2230s
 102557  1734 infeasible  115      8.4897e+10 8.6348e+10  1.71%  37.0 2235s
 102839  1734 8.6348e+10  125   26 8.4897e+10 8.6348e+10  1.71%  37.0 2240s
 103138  1733 8.6348e+10  116   34 8.4897e+10 8.6348e+10  1.71%  36.9 2245s
 103367  1728 8.6348e+10  113   58 8.4897e+10 8.6348e+10  1.71%  36.9 2250s
 103643  1722 8.6348e+10  128   25 8.4897e+10 8.6348e+10  1.71%  36.9 2256s
 103886  1727 8.6348e+10  128   50 8.4897e+10 8.6348e+10  1.71%  36.9 2260s
 104212  1723 8.6348e+10  130   34 8.4897e+10 8.6348e+10  1.71%  36.9 2265s
 104570  1709 8.6348e+10  115   59 8.4897e+10 8.6348e+10  1.71%  36.9 2270s
 104950  1709 infeasible  120      8.4897e+10 8.6348e+10  1.71%  36.8 2275s
 105237  1714 8.6348e+10  116   42 8.4897e+10 8.6348e+10  1.71%  36.8 2280s
 105452  1729 infeasible  116      8.4897e+10 8.6348e+10  1.71%  36.8 2285s
 105577  1718 8.6348e+10  110   76 8.4897e+10 8.6348e+10  1.71%  36.8 2290s
 105780  1727 8.6348e+10  118   43 8.4897e+10 8.6348e+10  1.71%  36.8 2295s
 106072  1735 infeasible  123      8.4897e+10 8.6348e+10  1.71%  36.8 2300s
 106331  1732 8.6348e+10  122   71 8.4897e+10 8.6348e+10  1.71%  36.8 2305s
 106577  1730 infeasible  120      8.4897e+10 8.6348e+10  1.71%  36.8 2310s
 106822  1721 8.6348e+10  121   47 8.4897e+10 8.6348e+10  1.71%  36.8 2315s
 107131  1720 8.6348e+10  114   64 8.4897e+10 8.6348e+10  1.71%  36.8 2320s
 107401  1732 infeasible  124      8.4897e+10 8.6348e+10  1.71%  36.8 2325s
 107652  1725 8.6348e+10  118   49 8.4897e+10 8.6348e+10  1.71%  36.8 2330s
 107926  1732 8.6348e+10  122   36 8.4897e+10 8.6348e+10  1.71%  36.8 2335s
 108246  1740 8.6348e+10  125   38 8.4897e+10 8.6348e+10  1.71%  36.8 2340s
 108365  1731 infeasible  124      8.4897e+10 8.6348e+10  1.71%  36.8 2345s
 108609  1723 infeasible  118      8.4897e+10 8.6348e+10  1.71%  36.8 2350s
 108952  1724 8.6348e+10  115   42 8.4897e+10 8.6348e+10  1.71%  36.7 2355s
 109281  1725 8.6348e+10  112   56 8.4897e+10 8.6348e+10  1.71%  36.7 2360s
 109672  1724 8.6348e+10  118   35 8.4897e+10 8.6348e+10  1.71%  36.7 2365s
 110043  1713 infeasible  115      8.4897e+10 8.6348e+10  1.71%  36.6 2370s
 110331  1727 8.6348e+10  118   54 8.4897e+10 8.6348e+10  1.71%  36.6 2375s
 110581  1727 infeasible  121      8.4897e+10 8.6348e+10  1.71%  36.6 2380s
 110862  1728 infeasible  118      8.4897e+10 8.6348e+10  1.71%  36.6 2385s
 110950  1726 8.6348e+10  118   57 8.4897e+10 8.6348e+10  1.71%  36.6 2390s
 111191  1725 8.6348e+10  115   69 8.4897e+10 8.6348e+10  1.71%  36.6 2395s
 111436  1724 8.6348e+10  118   84 8.4897e+10 8.6348e+10  1.71%  36.7 2400s
 111710  1718 8.6348e+10  114   65 8.4897e+10 8.6348e+10  1.71%  36.7 2405s
 112010  1728 infeasible  121      8.4897e+10 8.6348e+10  1.71%  36.6 2410s
 112326  1724 infeasible  122      8.4897e+10 8.6348e+10  1.71%  36.6 2415s
 112702  1726 infeasible  116      8.4897e+10 8.6348e+10  1.71%  36.6 2420s
 112943  1723 8.6348e+10  112   60 8.4897e+10 8.6348e+10  1.71%  36.6 2425s
 113185  1715 infeasible  121      8.4897e+10 8.6348e+10  1.71%  36.6 2430s
 113492  1716 8.6348e+10  114   57 8.4897e+10 8.6348e+10  1.71%  36.6 2435s
 113603  1711 infeasible  112      8.4897e+10 8.6348e+10  1.71%  36.6 2440s
 113772  1720 8.6348e+10  109   63 8.4897e+10 8.6348e+10  1.71%  36.6 2445s
 113995  1725 infeasible  110      8.4897e+10 8.6348e+10  1.71%  36.6 2450s
 114250  1732 8.6348e+10  118   37 8.4897e+10 8.6348e+10  1.71%  36.6 2455s
 114540  1730 8.6348e+10  116   46 8.4897e+10 8.6348e+10  1.71%  36.6 2460s
 114852  1744 8.6348e+10  127   28 8.4897e+10 8.6348e+10  1.71%  36.5 2465s
 115124  1730 infeasible  119      8.4897e+10 8.6348e+10  1.71%  36.5 2470s
 115402  1734 8.6348e+10  113   52 8.4897e+10 8.6348e+10  1.71%  36.5 2475s
 115644  1732 8.6348e+10  120   47 8.4897e+10 8.6348e+10  1.71%  36.5 2480s
 115936  1732 infeasible  119      8.4897e+10 8.6348e+10  1.71%  36.5 2485s
 116086  1730 8.6348e+10  116   52 8.4897e+10 8.6348e+10  1.71%  36.5 2492s
 116183  1733 8.6348e+10  117   54 8.4897e+10 8.6348e+10  1.71%  36.5 2495s
 116442  1722 8.6348e+10  113   74 8.4897e+10 8.6348e+10  1.71%  36.5 2500s
 116665  1721 8.6348e+10  113   81 8.4897e+10 8.6348e+10  1.71%  36.6 2505s
 116908  1720 8.6348e+10  115   41 8.4897e+10 8.6348e+10  1.71%  36.6 2510s
 117212  1706 infeasible  115      8.4897e+10 8.6348e+10  1.71%  36.5 2515s
 117487  1711 infeasible  118      8.4897e+10 8.6348e+10  1.71%  36.5 2520s
 117732  1728 8.6348e+10  111   76 8.4897e+10 8.6348e+10  1.71%  36.5 2525s
 117984  1734 infeasible  120      8.4897e+10 8.6348e+10  1.71%  36.5 2530s
 118211  1729 infeasible  119      8.4897e+10 8.6348e+10  1.71%  36.5 2535s
 118617  1731 8.6348e+10  114   72 8.4897e+10 8.6348e+10  1.71%  36.5 2540s
 118758  1732 8.6348e+10  118   67 8.4897e+10 8.6348e+10  1.71%  36.4 2545s
 119116  1738 8.6348e+10  118   66 8.4897e+10 8.6348e+10  1.71%  36.4 2550s
 119387  1737 infeasible  122      8.4897e+10 8.6348e+10  1.71%  36.4 2555s
 119696  1748 8.6348e+10  121   41 8.4897e+10 8.6348e+10  1.71%  36.4 2560s
 119977  1743 8.6348e+10  120   57 8.4897e+10 8.6348e+10  1.71%  36.4 2565s
 120270  1744 8.6348e+10  119   23 8.4897e+10 8.6348e+10  1.71%  36.3 2570s
 120579  1755 8.6348e+10  121   39 8.4897e+10 8.6348e+10  1.71%  36.3 2575s
 120943  1753 infeasible  123      8.4897e+10 8.6348e+10  1.71%  36.3 2580s
 121246  1752 8.6348e+10  118   62 8.4897e+10 8.6348e+10  1.71%  36.3 2585s
 121368  1742 8.6348e+10  122   33 8.4897e+10 8.6348e+10  1.71%  36.3 2590s
 121666  1738 8.6348e+10  121   49 8.4897e+10 8.6348e+10  1.71%  36.2 2595s
 122010  1736 8.6348e+10  117   53 8.4897e+10 8.6348e+10  1.71%  36.2 2600s
 122300  1740 8.6348e+10  117   56 8.4897e+10 8.6348e+10  1.71%  36.2 2605s
 122629  1745 8.6348e+10  122   44 8.4897e+10 8.6348e+10  1.71%  36.2 2610s
 122994  1736 8.6348e+10  126   32 8.4897e+10 8.6348e+10  1.71%  36.1 2615s
 123280  1730 infeasible  119      8.4897e+10 8.6348e+10  1.71%  36.1 2620s
 123555  1737 8.6348e+10  116   74 8.4897e+10 8.6348e+10  1.71%  36.1 2625s
 123850  1730 8.6348e+10  117   58 8.4897e+10 8.6348e+10  1.71%  36.1 2630s
 124012  1746 infeasible  117      8.4897e+10 8.6348e+10  1.71%  36.1 2635s
 124296  1752 8.6348e+10  111   64 8.4897e+10 8.6348e+10  1.71%  36.1 2640s
 124590  1760 infeasible  123      8.4897e+10 8.6348e+10  1.71%  36.1 2645s
 124982  1766 8.6348e+10  123   35 8.4897e+10 8.6348e+10  1.71%  36.0 2650s
 125319  1757 8.6348e+10  112   65 8.4897e+10 8.6348e+10  1.71%  36.0 2655s
 125649  1749 infeasible  118      8.4897e+10 8.6348e+10  1.71%  36.0 2660s
 125747  1753 8.6348e+10  113   53 8.4897e+10 8.6348e+10  1.71%  36.0 2665s
 125990  1752 8.6348e+10  115   58 8.4897e+10 8.6348e+10  1.71%  36.0 2670s
 126328  1738 8.6348e+10  117   61 8.4897e+10 8.6348e+10  1.71%  36.0 2675s
 126620  1732 8.6348e+10  116   59 8.4897e+10 8.6348e+10  1.71%  36.0 2680s
 126865  1751 8.6348e+10  125   38 8.4897e+10 8.6348e+10  1.71%  36.0 2685s
 127139  1731 8.6348e+10  110   92 8.4897e+10 8.6348e+10  1.71%  36.0 2690s
 127436  1758 8.6348e+10  123   26 8.4897e+10 8.6348e+10  1.71%  36.0 2695s
 127723  1747 infeasible  118      8.4897e+10 8.6348e+10  1.71%  36.0 2700s
 128123  1741 8.6348e+10  139   29 8.4897e+10 8.6348e+10  1.71%  35.9 2707s
 128214  1790 8.6067e+10  113   64 8.4897e+10 8.6348e+10  1.71%  35.9 2710s
 128333  1877 8.6348e+10   99   54 8.4897e+10 8.6348e+10  1.71%  35.9 2715s
 128562  1974 8.6348e+10   61  304 8.4897e+10 8.6348e+10  1.71%  36.0 2720s
 128773  2145 8.6348e+10  116   91 8.4897e+10 8.6348e+10  1.71%  35.9 2725s
 128988  2253 8.6348e+10  116   59 8.4897e+10 8.6348e+10  1.71%  35.9 2730s
 129191  2382 8.6094e+10  138   77 8.4897e+10 8.6348e+10  1.71%  36.0 2735s
 129325  2417 8.6348e+10  111   73 8.4897e+10 8.6348e+10  1.71%  36.0 2740s
 129569  2495 8.6067e+10  132   58 8.4897e+10 8.6348e+10  1.71%  36.0 2745s
 129782  2604 8.5482e+10  138  119 8.4897e+10 8.6348e+10  1.71%  36.0 2750s
 129961  2673 8.6348e+10  113   61 8.4897e+10 8.6348e+10  1.71%  36.0 2755s
 130024  2664 8.6067e+10  103  115 8.4897e+10 8.6348e+10  1.71%  36.0 2760s
 130113  2701 8.6348e+10  106   57 8.4897e+10 8.6348e+10  1.71%  36.0 2765s
 130299  2798 8.6348e+10  110   23 8.4897e+10 8.6348e+10  1.71%  36.1 2770s
 130499  2880 8.6348e+10   96  121 8.4897e+10 8.6348e+10  1.71%  36.1 2775s
 130696  2978     cutoff  125      8.4897e+10 8.6348e+10  1.71%  36.1 2780s
 130909  3103 8.6348e+10  103   89 8.4897e+10 8.6348e+10  1.71%  36.1 2785s
 131100  3184 8.6348e+10  127   46 8.4897e+10 8.6348e+10  1.71%  36.1 2790s
 131312  3296 8.6348e+10  110   70 8.4897e+10 8.6348e+10  1.71%  36.1 2795s
 131470  3388 8.6348e+10  107   49 8.4897e+10 8.6348e+10  1.71%  36.1 2800s
 131582  3460 infeasible  138      8.4897e+10 8.6348e+10  1.71%  36.1 2805s
 131780  3576 infeasible  123      8.4897e+10 8.6348e+10  1.71%  36.1 2810s
 132021  3707 8.6348e+10   76   97 8.4897e+10 8.6348e+10  1.71%  36.1 2815s
 132184  3785 infeasible  110      8.4897e+10 8.6348e+10  1.71%  36.1 2820s
 132314  3815 8.6348e+10  109  132 8.4897e+10 8.6348e+10  1.71%  36.2 2825s
 132520  3921 8.5977e+10  117   28 8.4897e+10 8.6348e+10  1.71%  36.2 2830s
 132766  4015 8.6348e+10  105   44 8.4897e+10 8.6348e+10  1.71%  36.2 2835s
 132869  4082 8.6348e+10   81  167 8.4897e+10 8.6348e+10  1.71%  36.2 2840s
 133097  4207 8.6348e+10   84  116 8.4897e+10 8.6348e+10  1.71%  36.2 2845s
 133312  4344 8.6348e+10  101  108 8.4897e+10 8.6348e+10  1.71%  36.2 2850s
 133507  4435 8.6067e+10  133   11 8.4897e+10 8.6348e+10  1.71%  36.2 2855s
 133710  4525 8.6348e+10  122   57 8.4897e+10 8.6348e+10  1.71%  36.2 2860s
 133893  4650 8.6348e+10   97  116 8.4897e+10 8.6348e+10  1.71%  36.2 2865s
 134059  4760 8.6348e+10   99  145 8.4897e+10 8.6348e+10  1.71%  36.2 2870s
 134303  4908 8.6348e+10  114   40 8.4897e+10 8.6348e+10  1.71%  36.2 2875s
 134427  4990 8.6348e+10   97  143 8.4897e+10 8.6348e+10  1.71%  36.1 2880s
 134590  5065 8.6067e+10  114   44 8.4897e+10 8.6348e+10  1.71%  36.1 2885s
 134816  5111 8.6348e+10  103   49 8.4897e+10 8.6348e+10  1.71%  36.1 2890s
 135013  5210 8.6348e+10  101   58 8.4897e+10 8.6348e+10  1.71%  36.2 2895s
 135182  5304 8.6348e+10   90   99 8.4897e+10 8.6348e+10  1.71%  36.2 2900s
 135386  5409 8.6348e+10  122   18 8.4897e+10 8.6348e+10  1.71%  36.2 2905s
 135639  5452 infeasible  125      8.4897e+10 8.6348e+10  1.71%  36.2 2910s
 135903  5444 infeasible  118      8.4897e+10 8.6348e+10  1.71%  36.2 2915s
 136134  5447 8.6348e+10  116   43 8.4897e+10 8.6348e+10  1.71%  36.2 2920s
 136467  5448 8.6348e+10  114   42 8.4897e+10 8.6348e+10  1.71%  36.2 2925s
 136652  5455 8.6348e+10  122   51 8.4897e+10 8.6348e+10  1.71%  36.2 2931s
 136859  5454 infeasible  125      8.4897e+10 8.6348e+10  1.71%  36.2 2935s
 137096  5455 8.6348e+10  118   76 8.4897e+10 8.6348e+10  1.71%  36.2 2940s
 137241  5500 8.6348e+10   87   80 8.4897e+10 8.6348e+10  1.71%  36.2 2945s
 137448  5632 8.6348e+10  116   40 8.4897e+10 8.6348e+10  1.71%  36.2 2950s
 137739  5764 8.6067e+10   86   87 8.4897e+10 8.6348e+10  1.71%  36.2 2955s
 137967  5904     cutoff  113      8.4897e+10 8.6348e+10  1.71%  36.2 2960s
 138188  6033 8.6348e+10  101  117 8.4897e+10 8.6348e+10  1.71%  36.2 2965s
 138338  6084 8.6348e+10   82  101 8.4897e+10 8.6348e+10  1.71%  36.2 2970s
 138531  6179 8.6348e+10  109   66 8.4897e+10 8.6348e+10  1.71%  36.2 2975s
 138746  6317 8.6348e+10  110  156 8.4897e+10 8.6348e+10  1.71%  36.2 2980s
 139014  6409 8.6348e+10   74  180 8.4897e+10 8.6348e+10  1.71%  36.2 2985s
 139259  6506 8.6348e+10   96   46 8.4897e+10 8.6348e+10  1.71%  36.2 2990s
 139510  6645 8.6348e+10   64  240 8.4897e+10 8.6348e+10  1.71%  36.2 2995s
 139689  6760 8.6348e+10  101   66 8.4897e+10 8.6348e+10  1.71%  36.2 3000s
 139858  6879 8.6067e+10  112   85 8.4897e+10 8.6348e+10  1.71%  36.2 3005s
 140056  6965 8.6348e+10   96   45 8.4897e+10 8.6348e+10  1.71%  36.2 3012s
 140170  7020 8.6348e+10   87   30 8.4897e+10 8.6348e+10  1.71%  36.2 3015s
 140385  7100 infeasible   90      8.4897e+10 8.6348e+10  1.71%  36.2 3020s
 140598  7233 8.6348e+10  106   30 8.4897e+10 8.6348e+10  1.71%  36.2 3025s
 140790  7335 8.6348e+10   84   90 8.4897e+10 8.6348e+10  1.71%  36.2 3030s
 141021  7486     cutoff  124      8.4897e+10 8.6348e+10  1.71%  36.2 3035s
 141213  7613 8.6348e+10  108   59 8.4897e+10 8.6348e+10  1.71%  36.2 3040s
 141389  7724 8.6348e+10   95  136 8.4897e+10 8.6348e+10  1.71%  36.2 3045s
 141669  7838 8.6348e+10  100   25 8.4897e+10 8.6348e+10  1.71%  36.2 3050s
 141884  7941 8.6348e+10   84  138 8.4897e+10 8.6348e+10  1.71%  36.2 3055s
 142087  8071 8.6348e+10   84  132 8.4897e+10 8.6348e+10  1.71%  36.2 3060s
 142282  8187 8.6348e+10   91   50 8.4897e+10 8.6348e+10  1.71%  36.2 3065s
 142420  8237 8.6348e+10   96   43 8.4897e+10 8.6348e+10  1.71%  36.2 3070s
 142635  8324 8.6348e+10   95   48 8.4897e+10 8.6348e+10  1.71%  36.2 3075s
 142863  8380 8.6348e+10   99   28 8.4897e+10 8.6348e+10  1.71%  36.3 3080s
 143101  8508 8.6094e+10  127   66 8.4897e+10 8.6348e+10  1.71%  36.3 3085s
 143299  8596 8.6067e+10  126   24 8.4897e+10 8.6348e+10  1.71%  36.3 3090s
 143524  8688 8.6067e+10  108   47 8.4897e+10 8.6348e+10  1.71%  36.3 3095s
 143717  8760 8.6067e+10   99   87 8.4897e+10 8.6348e+10  1.71%  36.3 3100s
 143914  8870 8.6348e+10  118   25 8.4897e+10 8.6348e+10  1.71%  36.3 3105s
 144139  8918 8.6067e+10  104  129 8.4897e+10 8.6348e+10  1.71%  36.3 3110s
 144227  8964     cutoff  127      8.4897e+10 8.6348e+10  1.71%  36.3 3115s
 144423  9029 infeasible  129      8.4897e+10 8.6348e+10  1.71%  36.3 3120s
 144604  9092 8.6348e+10   99   46 8.4897e+10 8.6348e+10  1.71%  36.4 3125s
 144756  9184 8.6348e+10  103   42 8.4897e+10 8.6348e+10  1.71%  36.4 3130s
 144978  9282 8.6348e+10   92  110 8.4897e+10 8.6348e+10  1.71%  36.4 3135s
 145210  9356 8.6067e+10  116   34 8.4897e+10 8.6348e+10  1.71%  36.4 3140s
 145396  9461 8.6348e+10   95  111 8.4897e+10 8.6348e+10  1.71%  36.4 3145s
 145579  9494 8.6348e+10  103   65 8.4897e+10 8.6348e+10  1.71%  36.4 3150s
 145749  9536 8.6067e+10  106   53 8.4897e+10 8.6348e+10  1.71%  36.5 3155s
 145980  9561 8.6348e+10   96   29 8.4897e+10 8.6348e+10  1.71%  36.5 3160s
 146169  9550 8.6348e+10  109   40 8.4897e+10 8.6348e+10  1.71%  36.5 3166s
 146350  9566 infeasible   93      8.4897e+10 8.6348e+10  1.71%  36.5 3170s
 146558  9612 8.6348e+10   92   53 8.4897e+10 8.6348e+10  1.71%  36.5 3175s
 146798  9684 8.6348e+10  111   16 8.4897e+10 8.6348e+10  1.71%  36.5 3180s
 146992  9729     cutoff  103      8.4897e+10 8.6348e+10  1.71%  36.6 3185s
 147229  9820 8.6348e+10   94   34 8.4897e+10 8.6348e+10  1.71%  36.6 3190s
 147476  9918 8.6348e+10  102   21 8.4897e+10 8.6348e+10  1.71%  36.6 3195s
 147559  9953 8.6348e+10   96   34 8.4897e+10 8.6348e+10  1.71%  36.6 3200s
 147741 10025 8.6348e+10  105   32 8.4897e+10 8.6348e+10  1.71%  36.7 3205s
 147920 10100 8.6067e+10  107   51 8.4897e+10 8.6348e+10  1.71%  36.7 3210s
 148171 10223 8.6067e+10  116   37 8.4897e+10 8.6348e+10  1.71%  36.7 3215s
 148394 10300 8.6348e+10   94   45 8.4897e+10 8.6348e+10  1.71%  36.7 3220s
 148606 10412 8.6348e+10   85   95 8.4897e+10 8.6348e+10  1.71%  36.7 3225s
 148845 10525     cutoff   99      8.4897e+10 8.6348e+10  1.71%  36.7 3230s
 149055 10663 8.6067e+10  113   30 8.4897e+10 8.6348e+10  1.71%  36.7 3235s
 149167 10719 8.6067e+10  106   14 8.4897e+10 8.6348e+10  1.71%  36.7 3240s
 149350 10801 8.6067e+10  100  111 8.4897e+10 8.6348e+10  1.71%  36.8 3245s
 149588 10927 8.6067e+10  111   47 8.4897e+10 8.6348e+10  1.71%  36.8 3250s
 149793 11015 8.6064e+10  108  118 8.4897e+10 8.6348e+10  1.71%  36.8 3255s
 149995 11094 infeasible  106      8.4897e+10 8.6348e+10  1.71%  36.8 3260s
 150248 11215 8.6348e+10   90  106 8.4897e+10 8.6348e+10  1.71%  36.8 3265s
 150471 11342 8.6348e+10   88   69 8.4897e+10 8.6348e+10  1.71%  36.8 3270s
 150569 11400 8.6348e+10  103   35 8.4897e+10 8.6348e+10  1.71%  36.8 3275s
 150756 11515 8.6067e+10   89   76 8.4897e+10 8.6348e+10  1.71%  36.8 3280s
 151005 11643 infeasible   98      8.4897e+10 8.6348e+10  1.71%  36.8 3285s
 151215 11808 8.6348e+10  108   24 8.4897e+10 8.6348e+10  1.71%  36.8 3290s
 151434 11872 8.6029e+10   93  101 8.4897e+10 8.6348e+10  1.71%  36.8 3295s
 151671 11926 8.6348e+10   69  172 8.4897e+10 8.6348e+10  1.71%  36.8 3300s
 151863 12002 8.6348e+10   95   46 8.4897e+10 8.6348e+10  1.71%  36.9 3305s
 152070 12083     cutoff   92      8.4897e+10 8.6348e+10  1.71%  36.9 3310s
 152299 12180 8.6348e+10  105   85 8.4897e+10 8.6348e+10  1.71%  36.9 3317s
 152351 12196 8.6348e+10   89   40 8.4897e+10 8.6348e+10  1.71%  36.9 3320s
 152566 12273     cutoff  111      8.4897e+10 8.6348e+10  1.71%  37.0 3325s
 152776 12366 8.5287e+10   88  114 8.4897e+10 8.6348e+10  1.71%  37.0 3330s
 152947 12453 8.6348e+10   80   42 8.4897e+10 8.6348e+10  1.71%  37.0 3335s
 153188 12586 8.5977e+10  112   22 8.4897e+10 8.6348e+10  1.71%  37.0 3340s
 153442 12673     cutoff  102      8.4897e+10 8.6348e+10  1.71%  37.0 3345s
 153646 12761     cutoff  103      8.4897e+10 8.6348e+10  1.71%  37.0 3350s
 153827 12838 8.6348e+10  110   27 8.4897e+10 8.6348e+10  1.71%  37.0 3355s
 154055 12947 8.6067e+10  102   68 8.4897e+10 8.6348e+10  1.71%  37.0 3360s
 154273 13037     cutoff   96      8.4897e+10 8.6348e+10  1.71%  37.0 3365s
 154414 13109 8.6022e+10  118   98 8.4897e+10 8.6348e+10  1.71%  37.1 3371s
 154568 13191 8.6348e+10   97   61 8.4897e+10 8.6348e+10  1.71%  37.1 3375s
 154795 13332 8.6348e+10   86   47 8.4897e+10 8.6348e+10  1.71%  37.1 3380s
 155062 13459 8.6348e+10   94   58 8.4897e+10 8.6348e+10  1.71%  37.1 3385s
 155280 13571 8.6348e+10   95  123 8.4897e+10 8.6348e+10  1.71%  37.1 3390s
 155463 13691 8.6348e+10   87  135 8.4897e+10 8.6348e+10  1.71%  37.1 3395s
 155679 13840 8.5178e+10   98   68 8.4897e+10 8.6348e+10  1.71%  37.1 3400s
 155911 13996 8.6348e+10   83   58 8.4897e+10 8.6348e+10  1.71%  37.1 3405s
 156108 14107 8.6348e+10   77   70 8.4897e+10 8.6348e+10  1.71%  37.1 3410s
 156342 14214 8.5977e+10  116   30 8.4897e+10 8.6348e+10  1.71%  37.1 3415s
 156586 14336 8.6348e+10   84   55 8.4897e+10 8.6348e+10  1.71%  37.1 3420s
 156668 14374 8.6348e+10  102   44 8.4897e+10 8.6348e+10  1.71%  37.1 3425s
 156914 14537 8.6348e+10  107   46 8.4897e+10 8.6348e+10  1.71%  37.1 3430s
 157108 14672 8.6348e+10  100   37 8.4897e+10 8.6348e+10  1.71%  37.1 3435s
 157345 14762 8.6348e+10   94   59 8.4897e+10 8.6348e+10  1.71%  37.1 3440s
 157570 14862 8.6067e+10   75   99 8.4897e+10 8.6348e+10  1.71%  37.1 3445s
 157840 14953 8.6348e+10  109   93 8.4897e+10 8.6348e+10  1.71%  37.1 3450s
 158075 15082 8.6348e+10  105   13 8.4897e+10 8.6348e+10  1.71%  37.1 3455s
 158253 15192 8.6348e+10   95   26 8.4897e+10 8.6348e+10  1.71%  37.1 3460s
 158471 15315 8.6348e+10   92  116 8.4897e+10 8.6348e+10  1.71%  37.1 3465s
 158757 15489 8.6067e+10  113   23 8.4897e+10 8.6348e+10  1.71%  37.1 3472s
 158816 15514 infeasible  107      8.4897e+10 8.6348e+10  1.71%  37.1 3475s
 158983 15617 8.6348e+10   63  108 8.4897e+10 8.6348e+10  1.71%  37.1 3480s
 159208 15739 8.6348e+10   90  111 8.4897e+10 8.6348e+10  1.71%  37.1 3485s
 159394 15870 infeasible  107      8.4897e+10 8.6348e+10  1.71%  37.1 3490s
 159599 15978 8.5979e+10  114   63 8.4897e+10 8.6348e+10  1.71%  37.1 3495s
 159825 16044     cutoff  107      8.4897e+10 8.6348e+10  1.71%  37.1 3500s
 160027 16109 8.6348e+10   86  139 8.4897e+10 8.6348e+10  1.71%  37.1 3505s
 160211 16184 8.6059e+10  114  149 8.4897e+10 8.6348e+10  1.71%  37.2 3510s
 160437 16245     cutoff  108      8.4897e+10 8.6348e+10  1.71%  37.2 3515s
 160634 16294 8.6348e+10  113   28 8.4897e+10 8.6348e+10  1.71%  37.2 3520s
 160753 16321 8.6348e+10  102   43 8.4897e+10 8.6348e+10  1.71%  37.2 3525s
 160944 16372 8.6067e+10  111   47 8.4897e+10 8.6348e+10  1.71%  37.2 3530s
 161121 16401 8.6094e+10  105   79 8.4897e+10 8.6348e+10  1.71%  37.3 3535s
 161350 16420     cutoff  115      8.4897e+10 8.6348e+10  1.71%  37.3 3540s
 161570 16452 infeasible  100      8.4897e+10 8.6348e+10  1.71%  37.3 3545s
 161750 16514 8.6348e+10   91   54 8.4897e+10 8.6348e+10  1.71%  37.4 3550s
 161963 16597 8.6348e+10  106   34 8.4897e+10 8.6348e+10  1.71%  37.4 3555s
 162140 16638 8.6348e+10   95   51 8.4897e+10 8.6348e+10  1.71%  37.4 3560s
 162300 16701 8.6348e+10  107   95 8.4897e+10 8.6348e+10  1.71%  37.4 3565s
 162427 16727 8.5482e+10  111   99 8.4897e+10 8.6348e+10  1.71%  37.5 3570s
 162616 16812     cutoff  111      8.4897e+10 8.6348e+10  1.71%  37.5 3575s
 162839 16872 8.6348e+10   98   92 8.4897e+10 8.6348e+10  1.71%  37.5 3580s
 163049 16982 8.6067e+10  116   55 8.4897e+10 8.6348e+10  1.71%  37.5 3585s
 163245 17047 8.6348e+10  105   26 8.4897e+10 8.6348e+10  1.71%  37.5 3590s
 163437 17112 8.6348e+10   95   69 8.4897e+10 8.6348e+10  1.71%  37.5 3595s

Cutting planes:
  Learned: 2
  Gomory: 6
  Cover: 35
  Implied bound: 17
  Projected implied bound: 1
  Clique: 14
  MIR: 3
  Flow cover: 42
  GUB cover: 12
  Zero half: 1
  RLT: 14
  Relax-and-lift: 15

Explored 163604 nodes (6154489 simplex iterations) in 3599.69 seconds (1561.60 work units)
Thread count was 1 (of 28 available processors)

Solution count 10: 8.4897e+10 8.40978e+10 8.29278e+10 ... 2.39352e+10

Time limit reached
Best objective 8.489700000000e+10, best bound 8.634780000000e+10, gap 1.7089%

User-callback calls 2347222, time in user-callback 1.43 sec