Gurobi Optimizer version 12.0.3 build v12.0.3rc0 (linux64 - "Oracle Linux Server 9.4")

CPU model: Intel(R) Xeon(R) CPU E5-2660 v4 @ 2.00GHz, instruction set [SSE2|AVX|AVX2]
Thread count: 28 physical cores, 28 logical processors, using up to 1 threads

Non-default parameters:
TimeLimit  3599.771594928
SoftMemLimit  16
NumericFocus  1
Threads  1

Academic license 2690100 - for non-commercial use only - registered to ju___@uclm.es
Optimize a model with 7245 rows, 1800 columns and 25052 nonzeros
Model fingerprint: 0x7bb7cb5d
Variable types: 48 continuous, 1752 integer (1752 binary)
Coefficient statistics:
  Matrix range     [1e+00, 2e+13]
  Objective range  [2e+09, 5e+09]
  Bounds range     [1e+03, 1e+04]
  RHS range        [1e+00, 2e+14]
Warning: Model contains large matrix coefficient range
Warning: Model contains large objective coefficients
Warning: Model contains large rhs
Found heuristic solution: objective -0.0000000
Presolve removed 2136 rows and 256 columns
Presolve time: 0.11s
Presolved: 5109 rows, 1544 columns, 18774 nonzeros
Variable types: 48 continuous, 1496 integer (1496 binary)

Root relaxation: objective 9.066600e+10, 787 iterations, 0.02 seconds (0.01 work units)

    Nodes    |    Current Node    |     Objective Bounds      |     Work
 Expl Unexpl |  Obj  Depth IntInf | Incumbent    BestBd   Gap | It/Node Time

     0     0 9.0666e+10    0   36   -0.00000 9.0666e+10      -     -    0s
H    0     0                    1.071360e+10 9.0666e+10   746%     -    0s
     0     0 8.8794e+10    0  104 1.0714e+10 8.8794e+10   729%     -    0s
     0     0 8.8794e+10    0   99 1.0714e+10 8.8794e+10   729%     -    0s
     0     0 8.8794e+10    0  143 1.0714e+10 8.8794e+10   729%     -    0s
     0     0 8.8794e+10    0  149 1.0714e+10 8.8794e+10   729%     -    0s
H    0     0                    3.362040e+10 8.8794e+10   164%     -    0s
     0     0 8.8794e+10    0  149 3.3620e+10 8.8794e+10   164%     -    0s
     0     0 8.8794e+10    0    6 3.3620e+10 8.8794e+10   164%     -    0s
H    0     0                    6.588720e+10 8.8794e+10  34.8%     -    0s
H    0     0                    7.475400e+10 8.8794e+10  18.8%     -    0s
     0     0 8.8794e+10    0    6 7.4754e+10 8.8794e+10  18.8%     -    0s
     0     0 8.8794e+10    0    8 7.4754e+10 8.8794e+10  18.8%     -    0s
     0     0 8.8794e+10    0    8 7.4754e+10 8.8794e+10  18.8%     -    0s
     0     0 8.8794e+10    0    8 7.4754e+10 8.8794e+10  18.8%     -    0s
     0     0 8.8794e+10    0    8 7.4754e+10 8.8794e+10  18.8%     -    0s
     0     2 8.8794e+10    0    8 7.4754e+10 8.8794e+10  18.8%     -    0s
H   79    53                    7.826400e+10 8.8794e+10  13.5%  39.5    1s
H  157    81                    8.177400e+10 8.8794e+10  8.58%  29.4    1s
   708   340 8.8794e+10   95  142 8.1774e+10 8.8794e+10  8.58%  27.6    5s
H  837   416                    8.411400e+10 8.8794e+10  5.56%  42.1    9s
   855   424 8.8794e+10   86  115 8.4114e+10 8.8794e+10  5.56%  41.9   10s
  1183   571 8.8794e+10   84  114 8.4114e+10 8.8794e+10  5.56%  36.2   15s
H 1473   115                    8.879400e+10 8.8794e+10  0.00%  33.6   19s

Cutting planes:
  Gomory: 1
  Cover: 33
  Implied bound: 4
  Clique: 30
  MIR: 2
  Mixing: 1
  Flow cover: 13
  GUB cover: 1
  Zero half: 1
  RLT: 2
  Relax-and-lift: 9

Explored 1474 nodes (56067 simplex iterations) in 19.03 seconds (9.20 work units)
Thread count was 1 (of 28 available processors)

Solution count 10: 8.8794e+10 8.4114e+10 8.1774e+10 ... -0

Optimal solution found (tolerance 1.00e-04)
Best objective 8.879400000000e+10, best bound 8.879400000000e+10, gap 0.0000%

User-callback calls 12134, time in user-callback 0.01 sec