Gurobi Optimizer version 12.0.3 build v12.0.3rc0 (linux64 - "Oracle Linux Server 9.4")

CPU model: Intel(R) Xeon(R) CPU E5-2660 v4 @ 2.00GHz, instruction set [SSE2|AVX|AVX2]
Thread count: 28 physical cores, 28 logical processors, using up to 1 threads

Non-default parameters:
TimeLimit  3586.695960717
SoftMemLimit  16
NumericFocus  1
Threads  1

Academic license 2690100 - for non-commercial use only - registered to ju___@uclm.es
Optimize a model with 19184 rows, 4680 columns and 66096 nonzeros
Model fingerprint: 0xfd017499
Variable types: 78 continuous, 4602 integer (4602 binary)
Coefficient statistics:
  Matrix range     [1e+00, 4e+13]
  Objective range  [3e+08, 4e+09]
  Bounds range     [1e+03, 1e+04]
  RHS range        [1e+00, 2e+14]
Warning: Model contains large matrix coefficient range
Warning: Model contains large objective coefficients
Warning: Model contains large rhs
Found heuristic solution: objective -0.0000000
Presolve removed 5481 rows and 690 columns
Presolve time: 0.39s
Presolved: 13703 rows, 3990 columns, 48548 nonzeros
Variable types: 78 continuous, 3912 integer (3912 binary)

Root relaxation: objective 6.969071e+10, 1854 iterations, 0.07 seconds (0.04 work units)

    Nodes    |    Current Node    |     Objective Bounds      |     Work
 Expl Unexpl |  Obj  Depth IntInf | Incumbent    BestBd   Gap | It/Node Time

     0     0 6.9691e+10    0   34   -0.00000 6.9691e+10      -     -    0s
     0     0 6.9691e+10    0   34   -0.00000 6.9691e+10      -     -    0s
H    0     0                    1.133640e+10 6.9691e+10   515%     -    0s
     0     0 6.9691e+10    0  337 1.1336e+10 6.9691e+10   515%     -    1s
H    0     0                    1.493640e+10 6.9691e+10   367%     -    1s
     0     0 6.9691e+10    0  333 1.4936e+10 6.9691e+10   367%     -    1s
     0     0 6.9691e+10    0   30 1.4936e+10 6.9691e+10   367%     -    1s
     0     0 6.9691e+10    0   26 1.4936e+10 6.9691e+10   367%     -    1s
     0     0 6.9691e+10    0   27 1.4936e+10 6.9691e+10   367%     -    2s
     0     0 6.9691e+10    0   27 1.4936e+10 6.9691e+10   367%     -    2s
     0     0 6.9691e+10    0   52 1.4936e+10 6.9691e+10   367%     -    2s
     0     0 6.9691e+10    0   24 1.4936e+10 6.9691e+10   367%     -    2s
     0     0 6.9691e+10    0  165 1.4936e+10 6.9691e+10   367%     -    2s
     0     0 6.9691e+10    0   14 1.4936e+10 6.9691e+10   367%     -    3s
     0     0 6.9691e+10    0   30 1.4936e+10 6.9691e+10   367%     -    3s
     0     0 6.9691e+10    0   17 1.4936e+10 6.9691e+10   367%     -    3s
H    0     0                    1.844640e+10 6.9691e+10   278%     -    3s
     0     0 6.9691e+10    0   97 1.8446e+10 6.9691e+10   278%     -    3s
     0     0 6.9691e+10    0   19 1.8446e+10 6.9691e+10   278%     -    3s
     0     0 6.9691e+10    0   23 1.8446e+10 6.9691e+10   278%     -    4s
     0     0 6.9691e+10    0   41 1.8446e+10 6.9691e+10   278%     -    4s
     0     0 6.9691e+10    0   33 1.8446e+10 6.9691e+10   278%     -    4s
H    0     0                    2.555640e+10 6.9691e+10   173%     -    4s
H    0     0                    3.850836e+10 6.9691e+10  81.0%     -    4s
H    0     0                    4.000859e+10 6.9691e+10  74.2%     -    4s
H    0     0                    4.022111e+10 6.9691e+10  73.3%     -    4s
H    0     0                    4.027464e+10 6.9691e+10  73.0%     -    4s
     0     2 6.9691e+10    0   33 4.0275e+10 6.9691e+10  73.0%     -    4s
     3     5 6.9691e+10    2  455 4.0275e+10 6.9691e+10  73.0%   450    5s
H   26    26                    4.108104e+10 6.9691e+10  69.6%   123    5s
H   52    51                    4.350419e+10 6.9691e+10  60.2%  72.1    5s
H  104    98                    4.538579e+10 6.9691e+10  53.6%  67.8    6s
   327   297 6.8250e+10  212  517 4.5386e+10 6.9691e+10  53.6%  64.7   10s
H  540   477                    4.565459e+10 6.9691e+10  52.6%  56.7   13s
H  548   486                    5.023979e+10 6.9691e+10  38.7%  55.9   13s
H  548   486                    5.066483e+10 6.9691e+10  37.6%  55.9   13s
   551   488 6.9653e+10  175   30 5.0665e+10 6.9691e+10  37.6%  55.6   15s
H  553   465                    5.130239e+10 6.9691e+10  35.8%  55.4   16s
   561   470 6.8516e+10  249   28 5.1302e+10 6.9691e+10  35.8%  54.6   20s
H  561   446                    5.193994e+10 6.9691e+10  34.2%  54.6   20s
H  565   426                    5.274634e+10 6.9691e+10  32.1%  54.2   23s
   571   432 6.9691e+10   13   94 5.2746e+10 6.9691e+10  32.1%   120   25s
H  596   425                    5.547480e+10 6.9691e+10  25.6%   117   26s
H  622   422                    5.655000e+10 6.9691e+10  23.2%   116   27s
   683   464 6.9691e+10   84  490 5.6550e+10 6.9691e+10  23.2%   109   30s
   785   525 6.9691e+10  147  314 5.6550e+10 6.9691e+10  23.2%  99.4   35s
   840   552 6.9691e+10  177  200 5.6550e+10 6.9691e+10  23.2%  97.1   40s
H  875   523                    5.735640e+10 6.9691e+10  21.5%  98.0   43s
   906   545 6.9691e+10   48  438 5.7356e+10 6.9691e+10  21.5%  95.5   45s
H  914   529                    5.799396e+10 6.9691e+10  20.2%  95.0   46s
   993   584 6.9691e+10   98  367 5.7994e+10 6.9691e+10  20.2%  92.4   50s
  1096   635 6.9691e+10  159  390 5.7994e+10 6.9691e+10  20.2%  92.6   55s
H 1113   625                    5.880036e+10 6.9691e+10  18.5%  92.9   58s
  1139   644 6.9691e+10  182  367 5.8800e+10 6.9691e+10  18.5%  91.8   61s
  1193   673 6.7891e+10  214  310 5.8800e+10 6.9691e+10  18.5%  92.8   66s
H 1220   670                    6.204036e+10 6.9691e+10  12.3%  95.8   70s
  1274   679 6.9691e+10  108  436 6.2040e+10 6.9691e+10  12.3%  98.9   76s
  1301   697 6.9691e+10  131  348 6.2040e+10 6.9691e+10  12.3%  99.1   80s
  1434   758 6.9691e+10   50  332 6.2040e+10 6.9691e+10  12.3%  96.2   85s
  1564   854 6.9691e+10  147  350 6.2040e+10 6.9691e+10  12.3%  93.9   90s
  1663   949 6.9691e+10  179  341 6.2040e+10 6.9691e+10  12.3%  93.8   95s
  1811  1054 6.9691e+10  234  257 6.2040e+10 6.9691e+10  12.3%  91.0  100s
  1834  1057 6.7905e+10  242  191 6.2040e+10 6.9691e+10  12.3%  91.5  105s
  1919  1116 6.7905e+10  258  178 6.2040e+10 6.9691e+10  12.3%  90.9  110s
  2002  1168 6.9691e+10   46  259 6.2040e+10 6.9691e+10  12.3%  92.0  116s
  2149  1314 6.9691e+10  158  356 6.2040e+10 6.9691e+10  12.3%  89.7  120s
H 2220  1378                    6.257796e+10 6.9691e+10  11.4%  89.1  122s
  2298  1441 6.9691e+10   43  301 6.2578e+10 6.9691e+10  11.4%  89.0  125s
  2480  1618 6.6962e+10  165  304 6.2578e+10 6.9691e+10  11.4%  88.6  130s
  2570  1695 6.6962e+10  204  268 6.2578e+10 6.9691e+10  11.4%  88.2  135s
  2595  1718 6.6962e+10  211  254 6.2578e+10 6.9691e+10  11.4%  88.8  140s
  2682  1769 6.9691e+10   35  594 6.2578e+10 6.9691e+10  11.4%  90.0  145s
  2813  1900 6.9691e+10  142  376 6.2578e+10 6.9691e+10  11.4%  89.1  150s
  2952  2027 6.9691e+10  219  274 6.2578e+10 6.9691e+10  11.4%  88.0  155s
  3007  2074 6.9691e+10  238  259 6.2578e+10 6.9691e+10  11.4%  88.1  160s
  3082  2119 6.9691e+10   54  683 6.2578e+10 6.9691e+10  11.4%  89.8  165s
  3105  2142 6.9691e+10   77  477 6.2578e+10 6.9691e+10  11.4%  89.7  170s
  3274  2308 6.7891e+10  237  209 6.2578e+10 6.9691e+10  11.4%  86.3  175s
  3332  2366 6.9691e+10  289  156 6.2578e+10 6.9691e+10  11.4%  85.2  180s
  3418  2411 6.6091e+10  278  138 6.2578e+10 6.9691e+10  11.4%  84.3  185s
  3486  2439 6.9691e+10   94  610 6.2578e+10 6.9691e+10  11.4%  85.6  190s
  3620  2562 6.8616e+10  189  202 6.2578e+10 6.9691e+10  11.4%  84.2  195s
  3708  2617 6.9691e+10   17  601 6.2578e+10 6.9691e+10  11.4%  84.5  200s
  3723  2632 6.9691e+10   32  321 6.2578e+10 6.9691e+10  11.4%  84.6  205s
  3880  2784 6.6962e+10  180  232 6.2578e+10 6.9691e+10  11.4%  83.1  210s
  3994  2890 6.3377e+10  283  124 6.2578e+10 6.9691e+10  11.4%  82.1  215s
  4053  2925 6.9691e+10  197  350 6.2578e+10 6.9691e+10  11.4%  82.8  220s
  4106  2975 6.4381e+10  249  162 6.2578e+10 6.9691e+10  11.4%  82.6  225s
  4158  3014 6.9691e+10  215  336 6.2578e+10 6.9691e+10  11.4%  82.9  230s
  4177  3033 6.9691e+10  231  301 6.2578e+10 6.9691e+10  11.4%  82.7  236s
  4217  3063 6.9691e+10  259  260 6.2578e+10 6.9691e+10  11.4%  82.9  240s
  4271  3103 6.4651e+10  286  119 6.2578e+10 6.9691e+10  11.4%  83.3  245s
  4293  3106 6.9691e+10  222  291 6.2578e+10 6.9691e+10  11.4%  84.0  250s
  4329  3122 6.7905e+10  228  194 6.2578e+10 6.9691e+10  11.4%  85.0  255s
  4409  3153 infeasible  248      6.2578e+10 6.9691e+10  11.4%  85.4  260s
  4466  3198 6.9691e+10  270  181 6.2578e+10 6.9691e+10  11.4%  85.7  265s
  4545  3245 6.9691e+10  230  248 6.2578e+10 6.9691e+10  11.4%  85.5  270s
  4562  3260 6.6091e+10  246  176 6.2578e+10 6.9691e+10  11.4%  85.3  275s
  4618  3296 6.9691e+10  245  175 6.2578e+10 6.9691e+10  11.4%  85.5  280s
  4690  3344 6.9691e+10  261  180 6.2578e+10 6.9691e+10  11.4%  85.5  285s
  4747  3368 6.9691e+10  225  248 6.2578e+10 6.9691e+10  11.4%  86.4  290s
  4826  3435 6.5553e+10  276  100 6.2578e+10 6.9691e+10  11.4%  86.4  295s
  4864  3453 6.9691e+10   34  363 6.2578e+10 6.9691e+10  11.4%  87.3  301s
  4903  3492 6.9691e+10   70  271 6.2578e+10 6.9691e+10  11.4%  86.8  305s
  5004  3593 6.9691e+10  146  314 6.2578e+10 6.9691e+10  11.4%  86.4  310s
  5101  3666 6.9691e+10  198  249 6.2578e+10 6.9691e+10  11.4%  85.9  315s
  5164  3695 6.9691e+10  190  493 6.2578e+10 6.9691e+10  11.4%  86.3  320s
  5192  3723 6.7891e+10  212  301 6.2578e+10 6.9691e+10  11.4%  86.7  325s
  5297  3818 6.3306e+10  303   96 6.2578e+10 6.9691e+10  11.4%  86.4  330s
  5362  3862 6.9691e+10  252  185 6.2578e+10 6.9691e+10  11.4%  86.7  335s
  5463  3938 6.9691e+10  228  218 6.2578e+10 6.9691e+10  11.4%  86.1  342s
  5466  3941 6.9691e+10  231  213 6.2578e+10 6.9691e+10  11.4%  86.1  345s
  5542  3996 6.9691e+10  219  236 6.2578e+10 6.9691e+10  11.4%  86.2  350s
  5585  4032 6.6091e+10  230  145 6.2578e+10 6.9691e+10  11.4%  86.8  355s
  5705  4087 6.9691e+10  234  240 6.2578e+10 6.9691e+10  11.4%  86.1  360s
  5723  4103 6.9691e+10  243  241 6.2578e+10 6.9691e+10  11.4%  86.2  365s
  5769  4143 6.3753e+10  275   88 6.2578e+10 6.9691e+10  11.4%  86.1  370s
  5810  4168 6.7891e+10  203  292 6.2578e+10 6.9691e+10  11.4%  86.1  376s
  5842  4188 6.9691e+10  217  299 6.2578e+10 6.9691e+10  11.4%  86.6  380s
  5896  4242 6.7268e+10  253  112 6.2578e+10 6.9691e+10  11.4%  87.0  385s
  5984  4301 6.6091e+10  242  196 6.2578e+10 6.9691e+10  11.4%  86.7  390s
  6071  4342 6.9691e+10  222  318 6.2578e+10 6.9691e+10  11.4%  86.5  395s
  6100  4361 6.6091e+10  238  121 6.2578e+10 6.9691e+10  11.4%  86.8  402s
  6136  4379 6.9691e+10  236  200 6.2578e+10 6.9691e+10  11.4%  87.2  405s
  6212  4433 6.6180e+10  244  225 6.2578e+10 6.9691e+10  11.4%  87.0  410s
  6264  4476 6.4291e+10  262   76 6.2578e+10 6.9691e+10  11.4%  87.6  415s
  6344  4507 6.4291e+10  245  134 6.2578e+10 6.9691e+10  11.4%  87.6  420s
  6415  4567 6.2581e+10  299   96 6.2578e+10 6.9691e+10  11.4%  87.0  429s
  6422  4562     cutoff  299      6.2578e+10 6.9691e+10  11.4%  87.0  430s
  6490  4589 6.6091e+10  241  216 6.2578e+10 6.9691e+10  11.4%  87.5  435s
  6512  4599 infeasible  251      6.2578e+10 6.9691e+10  11.4%  87.5  440s
  6574  4629 6.4291e+10  269  121 6.2578e+10 6.9691e+10  11.4%  87.3  445s
  6669  4682 infeasible  287      6.2578e+10 6.9691e+10  11.4%  86.8  450s
  6786  4739 infeasible  243      6.2578e+10 6.9691e+10  11.4%  86.9  455s
  6862  4780     cutoff  255      6.2578e+10 6.9691e+10  11.4%  86.9  460s
  6927  4835 6.9691e+10  285  148 6.2578e+10 6.9691e+10  11.4%  86.8  465s
  6995  4879 6.6091e+10  250  125 6.2578e+10 6.9691e+10  11.4%  87.0  470s
  7039  4885 6.9691e+10  234  237 6.2578e+10 6.9691e+10  11.4%  87.2  478s
  7067  4913 6.9691e+10  262  163 6.2578e+10 6.9691e+10  11.4%  87.1  480s
  7129  4959 6.2581e+10  300   99 6.2578e+10 6.9691e+10  11.4%  87.2  485s
  7193  5009 6.6181e+10  280  157 6.2578e+10 6.9691e+10  11.4%  87.2  490s
  7275  5046 6.4291e+10  252  132 6.2578e+10 6.9691e+10  11.4%  87.4  495s
  7340  5087 6.9691e+10  224  236 6.2578e+10 6.9691e+10  11.4%  87.9  500s
  7437  5163 infeasible  249      6.2578e+10 6.9691e+10  11.4%  87.7  505s
  7509  5211 6.6091e+10  258  142 6.2578e+10 6.9691e+10  11.4%  87.8  510s
  7555  5225 infeasible  235      6.2578e+10 6.9691e+10  11.4%  88.2  515s
  7591  5229 6.9691e+10  228  215 6.2578e+10 6.9691e+10  11.4%  88.2  522s
  7626  5261 6.2581e+10  257  133 6.2578e+10 6.9691e+10  11.4%  88.2  525s
  7708  5314 6.9691e+10  101  411 6.2578e+10 6.9691e+10  11.4%  88.6  530s
  7821  5427 6.7891e+10  214  221 6.2578e+10 6.9691e+10  11.4%  87.7  539s
  7840  5446 6.7891e+10  233  202 6.2578e+10 6.9691e+10  11.4%  87.6  540s
  7973  5549 6.3216e+10  341  117 6.2578e+10 6.9691e+10  11.4%  86.5  545s
  8006  5578 6.9691e+10   40  350 6.2578e+10 6.9691e+10  11.4%  87.1  550s
  8129  5701 6.9691e+10  142  253 6.2578e+10 6.9691e+10  11.4%  86.7  555s
  8153  5723 6.9691e+10  158  259 6.2578e+10 6.9691e+10  11.4%  87.1  560s
  8219  5761 6.9691e+10  202  135 6.2578e+10 6.9691e+10  11.4%  87.3  565s
  8270  5786 6.7891e+10  203  254 6.2578e+10 6.9691e+10  11.4%  87.8  570s
  8332  5834 6.7905e+10  218  142 6.2578e+10 6.9691e+10  11.4%  88.2  575s
  8405  5890 6.7268e+10  268   99 6.2578e+10 6.9691e+10  11.4%  87.9  580s
  8474  5920 6.6091e+10  219  152 6.2578e+10 6.9691e+10  11.4%  88.2  587s
  8530  5968 6.6012e+10  259  175 6.2578e+10 6.9691e+10  11.4%  87.8  590s
  8566  5970 6.9691e+10  191  396 6.2578e+10 6.9691e+10  11.4%  88.4  597s
  8609  6010 infeasible  226      6.2578e+10 6.9691e+10  11.4%  88.2  600s
  8719  6096 6.9691e+10  235  249 6.2578e+10 6.9691e+10  11.4%  87.8  605s
  8778  6125 6.9691e+10  220  326 6.2578e+10 6.9691e+10  11.4%  88.1  617s
  8808  6154 6.2581e+10  244  168 6.2578e+10 6.9691e+10  11.4%  88.3  620s
  8840  6159 6.9691e+10  221  258 6.2578e+10 6.9691e+10  11.4%  89.0  625s
  8892  6208 6.5453e+10  251  132 6.2578e+10 6.9691e+10  11.4%  89.2  630s
  8960  6232 6.6091e+10  225  171 6.2578e+10 6.9691e+10  11.4%  89.4  635s
  9007  6253 infeasible  247      6.2578e+10 6.9691e+10  11.4%  89.9  640s
  9079  6290 6.7891e+10  196  328 6.2578e+10 6.9691e+10  11.4%  90.2  645s
  9184  6377 6.9691e+10  215  221 6.2578e+10 6.9691e+10  11.4%  90.2  650s
  9260  6441 6.3758e+10  264  104 6.2578e+10 6.9691e+10  11.4%  90.2  655s
  9269  6440 6.3758e+10  266  100 6.2578e+10 6.9691e+10  11.4%  90.1  661s
  9307  6454 6.2581e+10  232  144 6.2578e+10 6.9691e+10  11.4%  90.6  665s
  9359  6496 infeasible  268      6.2578e+10 6.9691e+10  11.4%  90.7  670s
  9404  6509 6.9691e+10  220  339 6.2578e+10 6.9691e+10  11.4%  91.1  683s
  9414  6519 6.9691e+10  230  277 6.2578e+10 6.9691e+10  11.4%  91.2  685s
  9457  6562 6.6091e+10  260  148 6.2578e+10 6.9691e+10  11.4%  91.2  690s
  9530  6607 6.9691e+10  215  280 6.2578e+10 6.9691e+10  11.4%  91.1  695s
  9576  6653 6.6091e+10  250  146 6.2578e+10 6.9691e+10  11.4%  91.2  700s
  9660  6727 6.6091e+10  296  131 6.2578e+10 6.9691e+10  11.4%  91.1  705s
  9722  6765 6.7891e+10  221  207 6.2578e+10 6.9691e+10  11.4%  91.3  710s
  9820  6845 6.9691e+10  212  214 6.2578e+10 6.9691e+10  11.4%  91.3  716s
  9863  6866 6.3653e+10  237  105 6.2578e+10 6.9691e+10  11.4%  91.5  720s
  9918  6892 6.6010e+10  232  186 6.2578e+10 6.9691e+10  11.4%  91.9  725s
  9980  6918 6.5553e+10  231  119 6.2578e+10 6.9691e+10  11.4%  92.2  730s
 10031  6931 6.9691e+10  220  217 6.2578e+10 6.9691e+10  11.4%  92.5  735s
 10058  6944 6.9691e+10  220  232 6.2578e+10 6.9691e+10  11.4%  92.6  744s
 10059  6945 6.9691e+10  221  262 6.2578e+10 6.9691e+10  11.4%  92.6  749s
 10067  6953 6.9691e+10  229  204 6.2578e+10 6.9691e+10  11.4%  92.6  750s
 10148  7000 6.4291e+10  257  114 6.2578e+10 6.9691e+10  11.4%  92.3  755s
 10202  7018 6.9691e+10   74  232 6.2578e+10 6.9691e+10  11.4%  92.5  882s
 10293  7109 6.9691e+10  145  312 6.2578e+10 6.9691e+10  11.4%  92.0  885s
 10374  7182 6.9691e+10  201  131 6.2578e+10 6.9691e+10  11.4%  91.8  890s
 10434  7202 6.9691e+10   93  552 6.2578e+10 6.9691e+10  11.4%  92.3  896s
 10506  7274 6.9691e+10  150  299 6.2578e+10 6.9691e+10  11.4%  92.3  900s
 10596  7362 6.9691e+10  230  178 6.2578e+10 6.9691e+10  11.4%  91.8  905s
 10677  7395 infeasible  185      6.2578e+10 6.9691e+10  11.4%  91.8  910s
 10715  7409 6.9691e+10  231  137 6.2578e+10 6.9691e+10  11.4%  92.5  917s
 10763  7439 6.2595e+10  253   93 6.2578e+10 6.9691e+10  11.4%  92.5  920s
 10842  7489 6.6091e+10  243  159 6.2578e+10 6.9691e+10  11.4%  92.5  925s
 10906  7521 6.6091e+10  249  147 6.2578e+10 6.9691e+10  11.4%  92.5  930s
 10932  7525 6.9691e+10  211  256 6.2578e+10 6.9691e+10  11.4%  92.8  935s
 10971  7562 6.7905e+10  237  164 6.2578e+10 6.9691e+10  11.4%  92.9  940s
 11027  7598 6.6091e+10  243  169 6.2578e+10 6.9691e+10  11.4%  93.2  945s
 11084  7637 6.7891e+10  206  260 6.2578e+10 6.9691e+10  11.4%  93.4  950s
 11151  7686 infeasible  243      6.2578e+10 6.9691e+10  11.4%  93.4  955s
 11169  7682 6.6091e+10  215  248 6.2578e+10 6.9691e+10  11.4%  93.6  961s
 11170  7683 6.6091e+10  216  223 6.2578e+10 6.9691e+10  11.4%  93.6  970s
 11223  7716 6.9691e+10  218  200 6.2578e+10 6.9691e+10  11.4%  93.8  975s
 11276  7745 6.6091e+10  220  204 6.2578e+10 6.9691e+10  11.4%  94.2  980s
 11382  7827 6.9691e+10  176  194 6.2578e+10 6.9691e+10  11.4%  93.9  985s
 11451  7881 6.7891e+10  222  195 6.2578e+10 6.9691e+10  11.4%  93.9  990s
 11524  7923 6.7253e+10  248  123 6.2578e+10 6.9691e+10  11.4%  93.9  996s
 11567  7943 6.2581e+10  227  161 6.2578e+10 6.9691e+10  11.4%  94.1 1000s
 11637  7961 6.7905e+10  214  161 6.2578e+10 6.9691e+10  11.4%  94.2 1005s
 11692  7990 6.6091e+10  216  253 6.2578e+10 6.9691e+10  11.4%  94.4 1010s
 11715  8013 6.6091e+10  224  202 6.2578e+10 6.9691e+10  11.4%  94.4 1015s
 11766  8053 6.6091e+10  235  172 6.2578e+10 6.9691e+10  11.4%  94.4 1020s
 11851  8065 6.6091e+10  213  283 6.2578e+10 6.9691e+10  11.4%  94.6 1025s
 11925  8121 6.3753e+10  268   93 6.2578e+10 6.9691e+10  11.4%  94.3 1030s
 11990  8164 6.7905e+10  241  136 6.2578e+10 6.9691e+10  11.4%  94.3 1035s
 12075  8227 6.6023e+10  226  219 6.2578e+10 6.9691e+10  11.4%  94.1 1040s
 12099  8227 6.6091e+10  211  303 6.2578e+10 6.9691e+10  11.4%  94.1 1049s
 12109  8237 6.6091e+10  218  235 6.2578e+10 6.9691e+10  11.4%  94.1 1050s
 12172  8259 infeasible  245      6.2578e+10 6.9691e+10  11.4%  94.2 1055s
 12218  8292 6.7891e+10  243  147 6.2578e+10 6.9691e+10  11.4%  94.5 1060s
 12275  8343 6.7891e+10  292  139 6.2578e+10 6.9691e+10  11.4%  94.4 1065s
 12313  8358 6.6091e+10  214  240 6.2578e+10 6.9691e+10  11.4%  94.7 1070s
 12379  8396 6.2581e+10  253  102 6.2578e+10 6.9691e+10  11.4%  94.6 1075s
 12457  8443 6.9691e+10  211  192 6.2578e+10 6.9691e+10  11.4%  94.6 1080s
 12502  8470 6.9691e+10   96  417 6.2578e+10 6.9691e+10  11.4%  94.9 1085s
 12605  8573 6.8616e+10  199  188 6.2578e+10 6.9691e+10  11.4%  94.5 1090s
 12655  8618 6.6816e+10  245  150 6.2578e+10 6.9691e+10  11.4%  94.2 1097s
 12697  8644 6.6816e+10  275   70 6.2578e+10 6.9691e+10  11.4%  94.1 1100s
 12740  8667 6.9691e+10  198  336 6.2578e+10 6.9691e+10  11.4%  94.4 1105s
 12777  8699 6.7891e+10  221  212 6.2578e+10 6.9691e+10  11.4%  94.3 1112s
 12826  8745 6.4381e+10  261  159 6.2578e+10 6.9691e+10  11.4%  94.0 1115s
 12893  8746 6.9691e+10  207  230 6.2578e+10 6.9691e+10  11.4%  94.4 1120s
 12945  8790 6.5553e+10  234  253 6.2578e+10 6.9691e+10  11.4%  94.5 1125s
 13026  8831 6.9691e+10  206  318 6.2578e+10 6.9691e+10  11.4%  94.3 1130s
 13097  8899 6.9691e+10  257  180 6.2578e+10 6.9691e+10  11.4%  94.1 1135s
 13163  8942 6.9691e+10  210  315 6.2578e+10 6.9691e+10  11.4%  94.1 1140s
 13172  8948 6.9691e+10  217  249 6.2578e+10 6.9691e+10  11.4%  94.1 1146s
 13223  8986 6.4291e+10  260   99 6.2578e+10 6.9691e+10  11.4%  94.0 1150s
 13300  9021 6.7891e+10  191  278 6.2578e+10 6.9691e+10  11.4%  94.1 1155s
 13332  9051 6.7891e+10  215  376 6.2578e+10 6.9691e+10  11.4%  94.1 1163s
 13351  9068 6.7891e+10  230  211 6.2578e+10 6.9691e+10  11.4%  94.1 1165s
 13423  9138 6.7891e+10  293  165 6.2578e+10 6.9691e+10  11.4%  93.8 1170s
 13465  9154 6.9691e+10  209  245 6.2578e+10 6.9691e+10  11.4%  94.3 1175s
 13526  9206 6.6091e+10  235  173 6.2578e+10 6.9691e+10  11.4%  94.3 1180s
 13596  9252 6.6181e+10  222  182 6.2578e+10 6.9691e+10  11.4%  94.2 1185s
 13657  9288 6.7891e+10  217  191 6.2578e+10 6.9691e+10  11.4%  94.4 1194s
 13663  9294 6.7891e+10  222  178 6.2578e+10 6.9691e+10  11.4%  94.4 1195s
 13735  9317 6.9691e+10  202  325 6.2578e+10 6.9691e+10  11.4%  94.5 1200s
 13794  9339 6.9691e+10  203  393 6.2578e+10 6.9691e+10  11.4%  94.6 1205s
 13872  9411 6.7891e+10  254  161 6.2578e+10 6.9691e+10  11.4%  94.4 1210s
 13942  9447 6.7891e+10  177  193 6.2578e+10 6.9691e+10  11.4%  94.4 1215s
 14018  9465 6.9691e+10  180  496 6.2578e+10 6.9691e+10  11.4%  94.5 1220s
 14020  9467 6.9691e+10  182  399 6.2578e+10 6.9691e+10  11.4%  94.6 1227s
 14035  9482 6.9691e+10  191  334 6.2578e+10 6.9691e+10  11.4%  94.6 1230s
 14088  9517 6.9691e+10  210  269 6.2578e+10 6.9691e+10  11.4%  94.8 1235s
 14116  9539 infeasible  227      6.2578e+10 6.9691e+10  11.4%  95.1 1240s
 14166  9567 6.9691e+10  210  283 6.2578e+10 6.9691e+10  11.4%  95.3 1245s
 14228  9623 6.9691e+10  240  193 6.2578e+10 6.9691e+10  11.4%  95.4 1250s
 14236  9631 6.5553e+10  245  134 6.2578e+10 6.9691e+10  11.4%  95.4 1258s
 14263  9654 6.5553e+10  256  100 6.2578e+10 6.9691e+10  11.4%  95.3 1260s
 14332  9693 6.3753e+10  296   85 6.2578e+10 6.9691e+10  11.4%  95.2 1265s
 14372  9714 6.9691e+10  208  249 6.2578e+10 6.9691e+10  11.4%  95.3 1272s
 14412  9750 6.9691e+10  238  153 6.2578e+10 6.9691e+10  11.4%  95.2 1275s
 14464  9778 6.4291e+10  234  172 6.2578e+10 6.9691e+10  11.4%  95.6 1280s
 14521  9817 6.9691e+10  225  214 6.2578e+10 6.9691e+10  11.4%  95.7 1285s
 14564  9848 6.6091e+10  243  158 6.2578e+10 6.9691e+10  11.4%  95.9 1290s
 14579  9861 6.5553e+10  254   81 6.2578e+10 6.9691e+10  11.4%  96.0 1295s
 14604  9882 6.5553e+10  270   59 6.2578e+10 6.9691e+10  11.4%  95.8 1300s
 14653  9889 6.9691e+10  209  294 6.2578e+10 6.9691e+10  11.4%  96.5 1306s
 14701  9915 infeasible  238      6.2578e+10 6.9691e+10  11.4%  96.4 1310s
 14704  9914 6.9691e+10  195  381 6.2578e+10 6.9691e+10  11.4%  96.6 1318s
 14729  9937 6.9691e+10  202  326 6.2578e+10 6.9691e+10  11.4%  96.6 1320s
 14774  9980 infeasible  213      6.2578e+10 6.9691e+10  11.4%  96.5 1325s
 14837 10015 6.6181e+10  230  114 6.2578e+10 6.9691e+10  11.4%  96.4 1330s
 14882 10028 6.7891e+10  222  185 6.2578e+10 6.9691e+10  11.4%  96.7 1335s
 14936 10064 6.9691e+10  215  258 6.2578e+10 6.9691e+10  11.4%  96.9 1340s
 14978 10106 6.6091e+10  250  153 6.2578e+10 6.9691e+10  11.4%  96.9 1345s
 15046 10167 6.4568e+10  292   86 6.2578e+10 6.9691e+10  11.4%  96.8 1350s
 15130 10210 6.4291e+10  250   70 6.2578e+10 6.9691e+10  11.4%  96.8 1355s
 15152 10213 6.6173e+10  260  300 6.2578e+10 6.9691e+10  11.4%  96.7 1365s
 15153 10214 6.6091e+10  261  190 6.2578e+10 6.9691e+10  11.4%  96.7 1371s
 15179 10238 6.2581e+10  273  149 6.2578e+10 6.9691e+10  11.4%  96.8 1375s
 15235 10259 6.4291e+10  278  103 6.2578e+10 6.9691e+10  11.4%  96.9 1380s
 15331 10341 6.9691e+10  110  157 6.2578e+10 6.9691e+10  11.4%  96.6 1385s
 15429 10430 6.9691e+10  185  164 6.2578e+10 6.9691e+10  11.4%  96.5 1390s
 15522 10501 6.9691e+10  112  190 6.2578e+10 6.9691e+10  11.4%  96.3 1395s
 15627 10600 infeasible  196      6.2578e+10 6.9691e+10  11.4%  96.0 1400s
 15693 10631 6.9691e+10  115  363 6.2578e+10 6.9691e+10  11.4%  96.1 1405s
 15786 10724 6.8616e+10  198  176 6.2578e+10 6.9691e+10  11.4%  95.9 1410s
 15851 10777 6.9691e+10  243  135 6.2578e+10 6.9691e+10  11.4%  95.7 1415s
 15875 10779 6.9691e+10  181  340 6.2578e+10 6.9691e+10  11.4%  95.9 1422s
 15911 10813 6.7891e+10  216  233 6.2578e+10 6.9691e+10  11.4%  95.9 1425s
 15983 10859 6.9691e+10  217  177 6.2578e+10 6.9691e+10  11.4%  95.8 1430s
 16084 10921 6.3652e+10  267   47 6.2578e+10 6.9691e+10  11.4%  95.5 1435s
*16094 10696             272    6.303000e+10 6.9691e+10  10.6%  95.5 1435s
 16139 10733 6.9691e+10  226  190 6.3030e+10 6.9691e+10  10.6%  95.6 1440s
 16218 10781 infeasible  265      6.3030e+10 6.9691e+10  10.6%  95.7 1445s
 16300 10807 6.9691e+10  199  315 6.3030e+10 6.9691e+10  10.6%  95.7 1453s
 16315 10822 6.9691e+10  211  256 6.3030e+10 6.9691e+10  10.6%  95.7 1455s
 16378 10873 6.6091e+10  246  149 6.3030e+10 6.9691e+10  10.6%  95.6 1460s
 16440 10896 6.7891e+10  210  239 6.3030e+10 6.9691e+10  10.6%  95.8 1465s
 16499 10931 6.9691e+10  205  334 6.3030e+10 6.9691e+10  10.6%  95.8 1470s
 16560 10962 6.7891e+10  223  172 6.3030e+10 6.9691e+10  10.6%  95.8 1475s
 16582 10960 6.9691e+10  194  229 6.3030e+10 6.9691e+10  10.6%  96.0 1483s
 16609 10985 6.9691e+10  220  147 6.3030e+10 6.9691e+10  10.6%  95.9 1485s
 16657 11011 6.7891e+10  223  183 6.3030e+10 6.9691e+10  10.6%  95.9 1490s
 16727 11039 6.4291e+10  258   71 6.3030e+10 6.9691e+10  10.6%  95.8 1495s
 16782 11044 6.9691e+10  181  507 6.3030e+10 6.9691e+10  10.6%  96.1 1500s
 16825 11061 6.9631e+10  216  216 6.3030e+10 6.9691e+10  10.6%  96.3 1505s
 16887 11111 6.9691e+10  238  199 6.3030e+10 6.9691e+10  10.6%  96.4 1510s
 16940 11131 6.6091e+10  253  167 6.3030e+10 6.9691e+10  10.6%  96.4 1515s
 17008 11150     cutoff  256      6.3030e+10 6.9691e+10  10.6%  96.5 1520s
 17032 11152 6.9691e+10  190  315 6.3030e+10 6.9691e+10  10.6%  96.6 1525s
 17048 11168 6.9691e+10  204  266 6.3030e+10 6.9691e+10  10.6%  96.6 1531s
 17092 11208 6.9691e+10  232  200 6.3030e+10 6.9691e+10  10.6%  96.5 1535s
 17156 11252 6.9691e+10  268  159 6.3030e+10 6.9691e+10  10.6%  96.4 1540s
 17220 11260 infeasible  264      6.3030e+10 6.9691e+10  10.6%  96.5 1545s
 17225 11261 6.9691e+10  273  140 6.3030e+10 6.9691e+10  10.6%  96.5 1550s
 17276 11276 infeasible  260      6.3030e+10 6.9691e+10  10.6%  96.6 1555s
 17332 11287 infeasible  252      6.3030e+10 6.9691e+10  10.6%  96.9 1560s
 17377 11306 6.6091e+10  263  120 6.3030e+10 6.9691e+10  10.6%  97.1 1565s
 17432 11335 6.6181e+10  219  181 6.3030e+10 6.9691e+10  10.6%  97.2 1570s
 17503 11345 infeasible  254      6.3030e+10 6.9691e+10  10.6%  97.4 1575s
 17544 11354 6.4291e+10  252  115 6.3030e+10 6.9691e+10  10.6%  97.5 1582s
 17572 11376 6.9691e+10  196  164 6.3030e+10 6.9691e+10  10.6%  97.5 1585s
 17651 11429 6.9691e+10  179  515 6.3030e+10 6.9691e+10  10.6%  97.3 1590s
 17652 11430 6.9691e+10  180  422 6.3030e+10 6.9691e+10  10.6%  97.3 1598s
 17665 11443 6.9691e+10  193  293 6.3030e+10 6.9691e+10  10.6%  97.4 1600s
 17729 11503 6.5162e+10  255  168 6.3030e+10 6.9691e+10  10.6%  97.2 1605s
 17795 11544 6.9631e+10  221  173 6.3030e+10 6.9691e+10  10.6%  97.2 1610s
H17808 11277                    6.366756e+10 6.9691e+10  9.46%  97.1 1611s
 17835 11304 6.9691e+10  210  199 6.3668e+10 6.9691e+10  9.46%  97.3 1616s
 17879 11324 6.6091e+10  252  111 6.3668e+10 6.9691e+10  9.46%  97.4 1620s
 17946 11375 6.9691e+10  229  219 6.3668e+10 6.9691e+10  9.46%  97.5 1625s
 17993 11417 6.6091e+10  257  140 6.3668e+10 6.9691e+10  9.46%  97.3 1630s
 18054 11455 6.6091e+10  246  141 6.3668e+10 6.9691e+10  9.46%  97.3 1635s
 18129 11495 6.6091e+10  233  152 6.3668e+10 6.9691e+10  9.46%  97.1 1643s
 18153 11513 6.5016e+10  241  112 6.3668e+10 6.9691e+10  9.46%  97.1 1645s
 18245 11550 6.6091e+10  248  138 6.3668e+10 6.9691e+10  9.46%  97.0 1650s
 18309 11580 6.9053e+10  232  161 6.3668e+10 6.9691e+10  9.46%  97.2 1655s
 18369 11606 6.5553e+10  200  167 6.3668e+10 6.9691e+10  9.46%  97.2 1660s
 18438 11623 6.5553e+10  249  157 6.3668e+10 6.9691e+10  9.46%  97.3 1665s
 18498 11653 6.9691e+10  216  226 6.3668e+10 6.9691e+10  9.46%  97.4 1670s
 18557 11693 6.9691e+10  255  109 6.3668e+10 6.9691e+10  9.46%  97.3 1679s
 18571 11703 6.9691e+10  262   75 6.3668e+10 6.9691e+10  9.46%  97.2 1680s
 18647 11704 infeasible  258      6.3668e+10 6.9691e+10  9.46%  97.3 1685s
 18699 11754 6.6091e+10  246  157 6.3668e+10 6.9691e+10  9.46%  97.5 1690s
 18778 11781 6.9691e+10  178  543 6.3668e+10 6.9691e+10  9.46%  97.4 1695s
 18831 11818 6.8486e+10  216  246 6.3668e+10 6.9691e+10  9.46%  97.6 1700s
 18879 11858 6.9053e+10  242  141 6.3668e+10 6.9691e+10  9.46%  97.5 1705s
 18938 11873 6.9389e+10  234  267 6.3668e+10 6.9691e+10  9.46%  97.6 1710s
 18941 11876 6.6091e+10  237  192 6.3668e+10 6.9691e+10  9.46%  97.6 1720s
 18963 11882 6.9691e+10  182  495 6.3668e+10 6.9691e+10  9.46%  97.8 1725s
 19015 11895 infeasible  248      6.3668e+10 6.9691e+10  9.46%  97.9 1730s
 19076 11908 infeasible  251      6.3668e+10 6.9691e+10  9.46%  98.0 1735s
 19148 11946 6.9691e+10  241  135 6.3668e+10 6.9691e+10  9.46%  98.1 1740s
 19236 11999     cutoff  282      6.3668e+10 6.9691e+10  9.46%  97.9 1745s
 19255 12014 6.9691e+10  196  256 6.3668e+10 6.9691e+10  9.46%  98.1 1750s
 19339 12075 6.9389e+10  231  283 6.3668e+10 6.9691e+10  9.46%  98.0 1755s
 19404 12109 6.4291e+10  244  158 6.3668e+10 6.9691e+10  9.46%  98.0 1760s
 19499 12130 6.4291e+10  268  106 6.3668e+10 6.9691e+10  9.46%  97.8 1767s
 19542 12145 6.9691e+10  185  319 6.3668e+10 6.9691e+10  9.46%  97.8 1770s
 19601 12204 6.9691e+10  200  268 6.3668e+10 6.9691e+10  9.46%  97.8 1775s
 19641 12234 infeasible  205      6.3668e+10 6.9691e+10  9.46%  97.9 1780s
 19674 12253 6.9691e+10  212  180 6.3668e+10 6.9691e+10  9.46%  97.9 1787s
 19702 12271 6.9691e+10  216  203 6.3668e+10 6.9691e+10  9.46%  97.8 1790s
 19751 12296 infeasible  226      6.3668e+10 6.9691e+10  9.46%  97.8 1795s
 19799 12323 infeasible  255      6.3668e+10 6.9691e+10  9.46%  97.9 1800s
 19851 12351 6.9691e+10  242  162 6.3668e+10 6.9691e+10  9.46%  98.1 1805s
 19905 12391 6.9691e+10  129  302 6.3668e+10 6.9691e+10  9.46%  98.3 1810s
 19972 12458 6.6181e+10  181  219 6.3668e+10 6.9691e+10  9.46%  98.1 1815s
 20003 12489 6.9691e+10  201  183 6.3668e+10 6.9691e+10  9.46%  98.1 1821s
 20045 12531 6.6181e+10  221  160 6.3668e+10 6.9691e+10  9.46%  98.0 1825s
 20105 12554 6.9691e+10  243  180 6.3668e+10 6.9691e+10  9.46%  98.0 1830s
 20167 12572 6.9691e+10  178  461 6.3668e+10 6.9691e+10  9.46%  98.4 1835s
 20226 12629 6.7891e+10  219  181 6.3668e+10 6.9691e+10  9.46%  98.3 1840s
 20260 12663 6.7466e+10  237  142 6.3668e+10 6.9691e+10  9.46%  98.3 1845s
 20286 12659 6.9691e+10  207  354 6.3668e+10 6.9691e+10  9.46%  98.4 1853s
 20302 12675 6.9691e+10  223  187 6.3668e+10 6.9691e+10  9.46%  98.4 1855s
 20343 12702 6.9691e+10  198  280 6.3668e+10 6.9691e+10  9.46%  98.5 1860s
 20376 12735 6.9691e+10  227  203 6.3668e+10 6.9691e+10  9.46%  98.4 1865s
 20404 12761 6.6091e+10  240  161 6.3668e+10 6.9691e+10  9.46%  98.4 1870s
 20473 12795 6.9579e+10  229  284 6.3668e+10 6.9691e+10  9.46%  98.4 1875s
 20520 12833 6.6091e+10  252  159 6.3668e+10 6.9691e+10  9.46%  98.5 1880s
 20564 12861 6.9691e+10  209  190 6.3668e+10 6.9691e+10  9.46%  98.6 1887s
 20614 12911 6.9691e+10  248  153 6.3668e+10 6.9691e+10  9.46%  98.5 1890s
 20682 12931 6.9691e+10  205  365 6.3668e+10 6.9691e+10  9.46%  98.6 1895s
 20737 12985 6.9691e+10  215  238 6.3668e+10 6.9691e+10  9.46%  98.8 1900s
 20797 13040 6.9053e+10  228  170 6.3668e+10 6.9691e+10  9.46%  98.9 1905s
 20855 13068 6.9691e+10  181  350 6.3668e+10 6.9691e+10  9.46%  99.1 1914s
 20858 13069 infeasible  183      6.3668e+10 6.9691e+10  9.46%  99.2 1915s
 20910 13105 6.9691e+10  193  349 6.3668e+10 6.9691e+10  9.46%  99.2 1920s
 20979 13130 6.9691e+10  223  209 6.3668e+10 6.9691e+10  9.46%  99.1 1925s
 20991 13138 6.9691e+10  186  316 6.3668e+10 6.9691e+10  9.46%  99.3 1934s
 20994 13140 6.9691e+10  185  330 6.3668e+10 6.9691e+10  9.46%  99.3 1935s
 21024 13148 6.9691e+10  182  473 6.3668e+10 6.9691e+10  9.46%   100 1940s
 21074 13196 6.9691e+10  231  167 6.3668e+10 6.9691e+10  9.46%   100 1945s
 21119 13201 6.9691e+10  178  320 6.3668e+10 6.9691e+10  9.46%   100 1953s
 21136 13216 6.9691e+10  193  272 6.3668e+10 6.9691e+10  9.46%  99.5 1955s
 21216 13252 6.9691e+10  191  206 6.3668e+10 6.9691e+10  9.46%  99.4 1960s
 21285 13313 infeasible  235      6.3668e+10 6.9691e+10  9.46%  99.3 1965s
 21347 13347 6.9691e+10  176  430 6.3668e+10 6.9691e+10  9.46%  99.3 1970s
 21414 13408 6.9153e+10  236  112 6.3668e+10 6.9691e+10  9.46%  99.2 1975s
 21480 13428 6.7891e+10  189  140 6.3668e+10 6.9691e+10  9.46%  99.2 1980s
 21537 13451 6.9691e+10  197  270 6.3668e+10 6.9691e+10  9.46%  99.4 1985s
 21593 13495 6.9053e+10  221  188 6.3668e+10 6.9691e+10  9.46%  99.4 1990s
 21663 13565 6.7268e+10  291  114 6.3668e+10 6.9691e+10  9.46%  99.2 1995s
 21745 13630 6.9691e+10  207  200 6.3668e+10 6.9691e+10  9.46%  99.0 2000s
 21783 13667 6.9691e+10  235  182 6.3668e+10 6.9691e+10  9.46%  98.9 2005s
 21847 13715 6.9691e+10  276  114 6.3668e+10 6.9691e+10  9.46%  98.7 2010s
 21906 13752 6.7891e+10  216  191 6.3668e+10 6.9691e+10  9.46%  98.8 2015s
 21989 13817 6.9691e+10  174  413 6.3668e+10 6.9691e+10  9.46%  98.7 2020s
 22039 13860 6.9691e+10  207  225 6.3668e+10 6.9691e+10  9.46%  98.7 2028s
 22060 13859 6.9691e+10  209  236 6.3668e+10 6.9691e+10  9.46%  98.8 2030s
 22136 13909 infeasible  252      6.3668e+10 6.9691e+10  9.46%  98.9 2035s
 22169 13896 6.9691e+10  174  416 6.3668e+10 6.9691e+10  9.46%  99.2 2048s
 22170 13897 6.9691e+10  175  413 6.3668e+10 6.9691e+10  9.46%  99.2 2053s
 22195 13922 6.9691e+10  196  196 6.3668e+10 6.9691e+10  9.46%  99.2 2055s
 22256 13955 6.9691e+10  175  397 6.3668e+10 6.9691e+10  9.46%  99.4 2060s
 22366 14061 6.9691e+10  283  134 6.3668e+10 6.9691e+10  9.46%  99.0 2065s
 22425 14074 6.5016e+10  301  105 6.3668e+10 6.9691e+10  9.46%  99.1 2070s
 22472 14099 6.9691e+10  181  310 6.3668e+10 6.9691e+10  9.46%  99.2 2075s
 22534 14153 6.7891e+10  199  298 6.3668e+10 6.9691e+10  9.46%  99.2 2080s
 22575 14180 6.7891e+10  212  180 6.3668e+10 6.9691e+10  9.46%  99.1 2090s
 22622 14211 6.7891e+10  221  150 6.3668e+10 6.9691e+10  9.46%  99.0 2095s
 22689 14251 6.7891e+10  239  144 6.3668e+10 6.9691e+10  9.46%  98.9 2100s
 22741 14269 6.9691e+10  176  423 6.3668e+10 6.9691e+10  9.46%  99.0 2105s
 22824 14352 6.7891e+10  249  133 6.3668e+10 6.9691e+10  9.46%  98.8 2110s
 22910 14404 6.9691e+10  174  456 6.3668e+10 6.9691e+10  9.46%  98.7 2115s
 22999 14447 6.9691e+10  201  275 6.3668e+10 6.9691e+10  9.46%  98.6 2120s
 23052 14492 6.9691e+10  244  178 6.3668e+10 6.9691e+10  9.46%  98.6 2125s
 23100 14528 6.3743e+10  270  153 6.3668e+10 6.9691e+10  9.46%  98.6 2130s
 23150 14564 infeasible  194      6.3668e+10 6.9691e+10  9.46%  98.8 2135s
 23196 14572 6.9691e+10  170  396 6.3668e+10 6.9691e+10  9.46%  98.9 2140s
 23208 14584 6.9691e+10  181  296 6.3668e+10 6.9691e+10  9.46%  98.9 2145s
 23259 14625 6.9691e+10  222  156 6.3668e+10 6.9691e+10  9.46%  98.9 2150s
 23354 14684 6.9691e+10   88  227 6.3668e+10 6.9691e+10  9.46%  98.8 2155s
 23457 14784 6.9691e+10  174  283 6.3668e+10 6.9691e+10  9.46%  98.7 2160s
 23528 14841 6.6181e+10  211  167 6.3668e+10 6.9691e+10  9.46%  98.6 2165s
 23571 14836 6.9691e+10   89  510 6.3668e+10 6.9691e+10  9.46%  98.7 2173s
 23572 14837 6.9691e+10   90  456 6.3668e+10 6.9691e+10  9.46%  98.8 2178s
 23590 14855 6.9691e+10  108  344 6.3668e+10 6.9691e+10  9.46%  98.8 2180s
 23699 14964 6.8616e+10  186  201 6.3668e+10 6.9691e+10  9.46%  98.5 2185s
 23796 15053 6.8884e+10  254  162 6.3668e+10 6.9691e+10  9.46%  98.2 2190s
 23869 15084 infeasible  184      6.3668e+10 6.9691e+10  9.46%  98.1 2195s
 23923 15131 6.7891e+10  226  215 6.3668e+10 6.9691e+10  9.46%  98.2 2200s
 23982 15186 6.7891e+10  283  203 6.3668e+10 6.9691e+10  9.46%  98.1 2205s
 24029 15205 6.9053e+10  199  259 6.3668e+10 6.9691e+10  9.46%  98.1 2211s
 24096 15245 6.9691e+10  169  445 6.3668e+10 6.9691e+10  9.46%  98.1 2215s
 24140 15289 6.9691e+10  183  388 6.3668e+10 6.9691e+10  9.46%  98.1 2223s
 24148 15295 6.9691e+10  186  291 6.3668e+10 6.9691e+10  9.46%  98.1 2225s
 24168 15313 6.9153e+10  190  154 6.3668e+10 6.9691e+10  9.46%  98.1 2232s
 24196 15329 6.7353e+10  192  127 6.3668e+10 6.9691e+10  9.46%  98.1 2235s
 24254 15369 6.9691e+10  204  204 6.3668e+10 6.9691e+10  9.46%  98.2 2240s
 24310 15422 6.6181e+10  242  144 6.3668e+10 6.9691e+10  9.46%  98.1 2245s
 24378 15466 6.9691e+10  222  177 6.3668e+10 6.9691e+10  9.46%  98.2 2250s
 24431 15499 6.9691e+10  176  367 6.3668e+10 6.9691e+10  9.46%  98.2 2255s
 24476 15530 6.9691e+10  177  395 6.3668e+10 6.9691e+10  9.46%  98.3 2264s
 24483 15537 6.9691e+10  184  280 6.3668e+10 6.9691e+10  9.46%  98.3 2265s
 24539 15557 6.9691e+10  197  389 6.3668e+10 6.9691e+10  9.46%  98.5 2271s
 24576 15589 6.9691e+10  220  220 6.3668e+10 6.9691e+10  9.46%  98.6 2275s
 24616 15627 6.7891e+10  244  150 6.3668e+10 6.9691e+10  9.46%  98.7 2280s
 24674 15648 6.9691e+10  184  263 6.3668e+10 6.9691e+10  9.46%  98.8 2285s
 24689 15663 6.9691e+10  193  265 6.3668e+10 6.9691e+10  9.46%  98.8 2292s
 24690 15664 6.9691e+10  191  238 6.3668e+10 6.9691e+10  9.46%  98.8 2296s
 24728 15698 6.9691e+10  216  168 6.3668e+10 6.9691e+10  9.46%  98.9 2300s
 24809 15758 6.7891e+10  263   77 6.3668e+10 6.9691e+10  9.46%  98.7 2305s
 24882 15809 6.9691e+10  208  213 6.3668e+10 6.9691e+10  9.46%  98.7 2310s
 24936 15833 6.9691e+10  196  314 6.3668e+10 6.9691e+10  9.46%  98.8 2319s
 24938 15835 6.9691e+10  197  327 6.3668e+10 6.9691e+10  9.46%  98.8 2320s
 24993 15876 6.5453e+10  231  132 6.3668e+10 6.9691e+10  9.46%  98.9 2325s
 25065 15912 6.9691e+10  184  280 6.3668e+10 6.9691e+10  9.46%  98.9 2330s
 25132 15975 infeasible  234      6.3668e+10 6.9691e+10  9.46%  98.8 2335s
 25173 16001 6.5643e+10  263  103 6.3668e+10 6.9691e+10  9.46%  98.7 2341s
 25238 16027 6.9691e+10  167  485 6.3668e+10 6.9691e+10  9.46%  98.7 2345s
 25301 16054 6.9691e+10  181  326 6.3668e+10 6.9691e+10  9.46%  98.7 2350s
 25367 16093 6.9691e+10  176  292 6.3668e+10 6.9691e+10  9.46%  98.7 2355s
 25450 16130 6.9691e+10  169  451 6.3668e+10 6.9691e+10  9.46%  98.6 2360s
 25497 16175 6.7891e+10  204  108 6.3668e+10 6.9691e+10  9.46%  98.7 2370s
 25499 16175 6.7891e+10  204  130 6.3668e+10 6.9691e+10  9.46%  98.7 2380s
 25532 16189 6.9691e+10  183  293 6.3668e+10 6.9691e+10  9.46%  98.7 2385s
 25603 16224 6.9691e+10  171  390 6.3668e+10 6.9691e+10  9.46%  98.7 2390s
 25663 16264 6.9691e+10  184  252 6.3668e+10 6.9691e+10  9.46%  98.6 2395s
 25730 16315 6.9691e+10  176  275 6.3668e+10 6.9691e+10  9.46%  98.6 2400s
 25794 16367 6.7891e+10  217  117 6.3668e+10 6.9691e+10  9.46%  98.6 2405s
 25868 16413 6.9691e+10  183  274 6.3668e+10 6.9691e+10  9.46%  98.5 2410s
 25917 16456 6.9691e+10  224  157 6.3668e+10 6.9691e+10  9.46%  98.3 2418s
 25933 16460 6.9691e+10  189  256 6.3668e+10 6.9691e+10  9.46%  98.4 2420s
 25999 16494 6.9153e+10  194  132 6.3668e+10 6.9691e+10  9.46%  98.4 2425s
 26063 16538 6.9153e+10  212  160 6.3668e+10 6.9691e+10  9.46%  98.3 2430s
 26153 16570 6.9691e+10  175  328 6.3668e+10 6.9691e+10  9.46%  98.2 2435s
 26232 16595 6.6091e+10  199  175 6.3668e+10 6.9691e+10  9.46%  98.2 2440s
 26327 16650 6.9691e+10  204  140 6.3668e+10 6.9691e+10  9.46%  98.1 2445s
 26356 16677 6.9691e+10  224  125 6.3668e+10 6.9691e+10  9.46%  98.0 2452s
 26390 16695 6.9691e+10  191  131 6.3668e+10 6.9691e+10  9.46%  98.0 2455s
 26458 16737 6.9691e+10  206  155 6.3668e+10 6.9691e+10  9.46%  98.1 2460s
 26547 16786 6.7891e+10  253   61 6.3668e+10 6.9691e+10  9.46%  97.9 2465s
 26622 16809 infeasible  215      6.3668e+10 6.9691e+10  9.46%  97.8 2470s
H26679 13186                    6.627791e+10 6.9691e+10  5.15%  97.9 2474s
 26685 13182 6.7891e+10  216  138 6.6278e+10 6.9691e+10  5.15%  97.9 2475s
 26746 13197 6.7891e+10  232  124 6.6278e+10 6.9691e+10  5.15%  98.0 2480s
 26797 13204 6.7891e+10  211  160 6.6278e+10 6.9691e+10  5.15%  98.0 2485s
 26862 13235 6.7891e+10  226   92 6.6278e+10 6.9691e+10  5.15%  98.0 2490s
 26922 13255 6.7891e+10  226   88 6.6278e+10 6.9691e+10  5.15%  97.9 2495s
 26979 13282 6.9691e+10  187  198 6.6278e+10 6.9691e+10  5.15%  97.8 2501s
 26993 13296 6.7891e+10  201  129 6.6278e+10 6.9691e+10  5.15%  97.8 2507s
 27020 13303 6.9691e+10  206  211 6.6278e+10 6.9691e+10  5.15%  97.8 2510s
 27088 13303 6.9691e+10  209  160 6.6278e+10 6.9691e+10  5.15%  97.9 2515s
 27161 13326 6.9691e+10  195  160 6.6278e+10 6.9691e+10  5.15%  97.9 2520s
 27181 13340 infeasible  206      6.6278e+10 6.9691e+10  5.15%  97.9 2525s
 27239 13354 6.9691e+10  222  105 6.6278e+10 6.9691e+10  5.15%  98.0 2530s
 27296 13365 6.7891e+10  218   95 6.6278e+10 6.9691e+10  5.15%  98.0 2535s
 27352 13383 infeasible  239      6.6278e+10 6.9691e+10  5.15%  98.2 2540s
 27398 13389 6.9691e+10  237  100 6.6278e+10 6.9691e+10  5.15%  98.2 2545s
 27464 13395 infeasible  227      6.6278e+10 6.9691e+10  5.15%  98.2 2550s
 27520 13399 6.9691e+10  225  129 6.6278e+10 6.9691e+10  5.15%  98.3 2555s
 27590 13395 6.9691e+10  226  128 6.6278e+10 6.9691e+10  5.15%  98.2 2560s
 27634 13393 6.9691e+10  218  151 6.6278e+10 6.9691e+10  5.15%  98.3 2571s
 27642 13393 6.9691e+10  218  174 6.6278e+10 6.9691e+10  5.15%  98.4 2575s
 27739 13450 6.9691e+10  270   96 6.6278e+10 6.9691e+10  5.15%  98.2 2580s
 27824 13481 6.9691e+10  206  164 6.6278e+10 6.9691e+10  5.15%  98.1 2585s
 27870 13497 6.7891e+10  222   90 6.6278e+10 6.9691e+10  5.15%  98.1 2590s
 27935 13505 6.9691e+10  202  186 6.6278e+10 6.9691e+10  5.15%  98.1 2595s
 27983 13523 6.9691e+10  197  130 6.6278e+10 6.9691e+10  5.15%  98.1 2600s
 28056 13528 6.9691e+10  194  208 6.6278e+10 6.9691e+10  5.15%  98.1 2605s
 28100 13542 6.9691e+10  212  149 6.6278e+10 6.9691e+10  5.15%  98.2 2610s
 28133 13559 6.9691e+10  211  189 6.6278e+10 6.9691e+10  5.15%  98.3 2615s
 28209 13577 6.9691e+10  224  104 6.6278e+10 6.9691e+10  5.15%  98.2 2620s
 28246 13592 6.9153e+10  231  128 6.6278e+10 6.9691e+10  5.15%  98.3 2625s
 28287 13587 6.8616e+10  233  134 6.6278e+10 6.9691e+10  5.15%  98.3 2630s
 28342 13620 infeasible  202      6.6278e+10 6.9691e+10  5.15%  98.4 2635s
 28402 13628 6.8078e+10  233  107 6.6278e+10 6.9691e+10  5.15%  98.4 2640s
 28441 13645 6.9691e+10  189  204 6.6278e+10 6.9691e+10  5.15%  98.4 2645s
 28519 13680 6.7891e+10  209  159 6.6278e+10 6.9691e+10  5.15%  98.4 2650s
 28594 13711 6.9691e+10  188  159 6.6278e+10 6.9691e+10  5.15%  98.3 2655s
 28627 13722 6.7891e+10  212  121 6.6278e+10 6.9691e+10  5.15%  98.4 2660s
 28715 13754 infeasible  214      6.6278e+10 6.9691e+10  5.15%  98.4 2665s
 28734 13757 6.9691e+10  219  125 6.6278e+10 6.9691e+10  5.15%  98.4 2671s
 28778 13765 6.7891e+10  213  105 6.6278e+10 6.9691e+10  5.15%  98.4 2675s
 28822 13766 6.7891e+10  203  106 6.6278e+10 6.9691e+10  5.15%  98.4 2680s
 28848 13776 6.9691e+10  212  165 6.6278e+10 6.9691e+10  5.15%  98.5 2685s
 28913 13804 6.7891e+10  204  137 6.6278e+10 6.9691e+10  5.15%  98.5 2690s
 28983 13815 6.9691e+10  232  144 6.6278e+10 6.9691e+10  5.15%  98.5 2695s
 29040 13830 6.7891e+10  213  114 6.6278e+10 6.9691e+10  5.15%  98.5 2700s
 29089 13849 infeasible  218      6.6278e+10 6.9691e+10  5.15%  98.6 2705s
 29117 13869 infeasible  205      6.6278e+10 6.9691e+10  5.15%  98.6 2710s
 29212 13897 6.9691e+10  216  168 6.6278e+10 6.9691e+10  5.15%  98.5 2715s
 29268 13921 6.9691e+10  189  215 6.6278e+10 6.9691e+10  5.15%  98.5 2720s
 29316 13931 6.9691e+10  204  131 6.6278e+10 6.9691e+10  5.15%  98.6 2727s
 29344 13923 6.9691e+10  194  147 6.6278e+10 6.9691e+10  5.15%  98.7 2730s
 29379 13928 6.9691e+10  191  293 6.6278e+10 6.9691e+10  5.15%  98.8 2739s
 29381 13930 6.9691e+10  192  184 6.6278e+10 6.9691e+10  5.15%  98.8 2740s
 29430 13955 6.9691e+10  219  114 6.6278e+10 6.9691e+10  5.15%  98.9 2746s
 29473 13946 infeasible  216      6.6278e+10 6.9691e+10  5.15%  99.0 2750s
 29532 13953 6.9691e+10  212  160 6.6278e+10 6.9691e+10  5.15%  99.0 2755s
 29562 13955 6.9691e+10  216  134 6.6278e+10 6.9691e+10  5.15%  99.1 2760s
 29602 13945 6.9691e+10  208  122 6.6278e+10 6.9691e+10  5.15%  99.3 2765s
 29661 13956 6.9691e+10  221  118 6.6278e+10 6.9691e+10  5.15%  99.3 2770s
 29689 13944 6.9691e+10  204  177 6.6278e+10 6.9691e+10  5.15%  99.4 2776s
 29724 13953 infeasible  218      6.6278e+10 6.9691e+10  5.15%   100 2780s
 29781 13950 6.9691e+10  182  238 6.6278e+10 6.9691e+10  5.15%   100 2785s
 29846 13999 infeasible  223      6.6278e+10 6.9691e+10  5.15%   100 2790s
 29876 14013 infeasible  245      6.6278e+10 6.9691e+10  5.15%   100 2795s
 29927 13998 infeasible  228      6.6278e+10 6.9691e+10  5.15%   100 2800s
 29983 13994 6.9691e+10  219  171 6.6278e+10 6.9691e+10  5.15%   100 2805s
 30024 13985 6.9691e+10  219  128 6.6278e+10 6.9691e+10  5.15%   100 2810s
 30081 13992 6.9691e+10  216  165 6.6278e+10 6.9691e+10  5.15%   100 2815s
 30104 14001 6.9691e+10  221  177 6.6278e+10 6.9691e+10  5.15%   100 2820s
 30114 14001 6.9691e+10  224  154 6.6278e+10 6.9691e+10  5.15%   100 2825s
 30170 14007 6.9691e+10  220  203 6.6278e+10 6.9691e+10  5.15%   100 2830s
 30218 14007 6.9691e+10  223  156 6.6278e+10 6.9691e+10  5.15%   100 2836s
 30276 14031 6.8616e+10  247   90 6.6278e+10 6.9691e+10  5.15%   100 2840s
 30354 14049 6.9691e+10  197  196 6.6278e+10 6.9691e+10  5.15%   100 2845s
 30415 14076 infeasible  227      6.6278e+10 6.9691e+10  5.15%   100 2850s
H30453 14099                    6.654671e+10 6.9691e+10  4.72%   100 2853s
 30474 14116 6.7891e+10  240   71 6.6547e+10 6.9691e+10  4.72%   100 2855s
 30512 14128 6.9153e+10  218  134 6.6547e+10 6.9691e+10  4.72%   100 2860s
 30564 14134 infeasible  211      6.6547e+10 6.9691e+10  4.72%   100 2865s
 30607 14136 6.9691e+10  195   33 6.6547e+10 6.9691e+10  4.72%   101 2880s
 30620 14145 6.9691e+10  217   28 6.6547e+10 6.9691e+10  4.72%   101 2885s
 30629 14151 6.7891e+10  200   24 6.6547e+10 6.9691e+10  4.72%   101 2890s
 30657 14171 6.9691e+10   37  417 6.6547e+10 6.9691e+10  4.72%   102 2895s
 30727 14203 6.9691e+10   71  351 6.6547e+10 6.9691e+10  4.72%   102 2900s
 30787 14221 6.9691e+10  100  288 6.6547e+10 6.9691e+10  4.72%   102 2905s
 30916 14279 6.9691e+10   83  371 6.6547e+10 6.9691e+10  4.72%   102 2910s
 31008 14311 infeasible  126      6.6547e+10 6.9691e+10  4.72%   102 2915s
 31046 14319 6.9691e+10  148  292 6.6547e+10 6.9691e+10  4.72%   102 2920s
 31092 14337 6.9691e+10  121  314 6.6547e+10 6.9691e+10  4.72%   102 2925s
 31164 14353 6.9691e+10  153   96 6.6547e+10 6.9691e+10  4.72%   102 2930s
 31183 14342 6.9691e+10  148  120 6.6547e+10 6.9691e+10  4.72%   102 2937s
 31218 14315 infeasible  141      6.6547e+10 6.9691e+10  4.72%   102 2940s
 31322 14299 6.9691e+10  164   86 6.6547e+10 6.9691e+10  4.72%   102 2945s
 31386 14281 6.9691e+10  151   91 6.6547e+10 6.9691e+10  4.72%   102 2950s
 31503 14238 6.9691e+10  138  148 6.6547e+10 6.9691e+10  4.72%   102 2955s
 31622 14216 6.9691e+10  164  130 6.6547e+10 6.9691e+10  4.72%   102 2960s
 31693 14201 6.9691e+10  164   93 6.6547e+10 6.9691e+10  4.72%   102 2965s
 31790 14165 6.9691e+10  171  114 6.6547e+10 6.9691e+10  4.72%   102 2970s
 31869 14103 6.9691e+10  150   94 6.6547e+10 6.9691e+10  4.72%   102 2976s
 31922 14079 6.9691e+10  141  135 6.6547e+10 6.9691e+10  4.72%   102 2980s
 31965 14063 6.9691e+10  138  125 6.6547e+10 6.9691e+10  4.72%   102 2985s
 32070 14047 6.9691e+10  149  113 6.6547e+10 6.9691e+10  4.72%   102 2990s
 32169 14023 6.9691e+10  149  118 6.6547e+10 6.9691e+10  4.72%   102 2995s
 32234 13989 infeasible  147      6.6547e+10 6.9691e+10  4.72%   102 3000s
 32261 13985 6.9691e+10  152  116 6.6547e+10 6.9691e+10  4.72%   102 3005s
 32346 13959 6.9691e+10  156   85 6.6547e+10 6.9691e+10  4.72%   102 3010s
 32393 13947 6.9691e+10  152  108 6.6547e+10 6.9691e+10  4.72%   102 3015s
 32482 13902 6.9691e+10  141  131 6.6547e+10 6.9691e+10  4.72%   102 3020s
 32555 13871 infeasible  139      6.6547e+10 6.9691e+10  4.72%   102 3025s
 32635 13852 infeasible  140      6.6547e+10 6.9691e+10  4.72%   102 3030s
 32715 13837 6.9691e+10  143   95 6.6547e+10 6.9691e+10  4.72%   102 3036s
 32787 13803 infeasible  146      6.6547e+10 6.9691e+10  4.72%   102 3040s
 32861 13765 6.9691e+10  138  142 6.6547e+10 6.9691e+10  4.72%   102 3045s
 32945 13739 6.9691e+10  132  166 6.6547e+10 6.9691e+10  4.72%   102 3050s
 33000 13732 6.9691e+10  149   73 6.6547e+10 6.9691e+10  4.72%   102 3055s
 33057 13702 6.9691e+10  140   94 6.6547e+10 6.9691e+10  4.72%   102 3060s
 33155 13680 infeasible  150      6.6547e+10 6.9691e+10  4.72%   102 3065s
 33249 13656 infeasible  142      6.6547e+10 6.9691e+10  4.72%   102 3070s
 33319 13629 6.9691e+10  154  105 6.6547e+10 6.9691e+10  4.72%   102 3075s
 33416 13610 6.9691e+10  165   98 6.6547e+10 6.9691e+10  4.72%   102 3080s
 33504 13568 6.9691e+10  159   99 6.6547e+10 6.9691e+10  4.72%   102 3085s
 33580 13537 6.9691e+10  146  105 6.6547e+10 6.9691e+10  4.72%   102 3093s
 33619 13529 infeasible  159      6.6547e+10 6.9691e+10  4.72%   102 3095s
 33671 13500 6.9691e+10  141  143 6.6547e+10 6.9691e+10  4.72%   102 3100s
 33760 13465 6.9691e+10  139   87 6.6547e+10 6.9691e+10  4.72%   102 3105s
 33840 13434 6.9691e+10  136  185 6.6547e+10 6.9691e+10  4.72%   102 3110s
 33905 13416 6.9691e+10  139   80 6.6547e+10 6.9691e+10  4.72%   102 3115s
 33941 13410 6.9691e+10  142  114 6.6547e+10 6.9691e+10  4.72%   102 3120s
 34046 13382 infeasible  147      6.6547e+10 6.9691e+10  4.72%   102 3125s
 34108 13377 6.9691e+10  151  110 6.6547e+10 6.9691e+10  4.72%   102 3132s
 34158 13353 6.9691e+10  148   95 6.6547e+10 6.9691e+10  4.72%   102 3135s
 34214 13311 6.9691e+10  136  141 6.6547e+10 6.9691e+10  4.72%   102 3141s
 34287 13297 6.9691e+10  154  108 6.6547e+10 6.9691e+10  4.72%   102 3145s
 34375 13276 6.9691e+10  138  137 6.6547e+10 6.9691e+10  4.72%   102 3150s
 34418 13279 infeasible  158      6.6547e+10 6.9691e+10  4.72%   102 3155s
 34523 13231 infeasible  151      6.6547e+10 6.9691e+10  4.72%   102 3160s
 34589 13207 6.9691e+10  144  108 6.6547e+10 6.9691e+10  4.72%   102 3165s
 34695 13161 6.9691e+10  137  136 6.6547e+10 6.9691e+10  4.72%   102 3170s
 34736 13167 infeasible  145      6.6547e+10 6.9691e+10  4.72%   102 3175s
 34832 13133 6.9691e+10  146  106 6.6547e+10 6.9691e+10  4.72%   102 3180s
 34910 13127 6.9691e+10  158   87 6.6547e+10 6.9691e+10  4.72%   102 3185s
 34994 13086 infeasible  152      6.6547e+10 6.9691e+10  4.72%   102 3190s
 35012 13082 6.9691e+10  152  140 6.6547e+10 6.9691e+10  4.72%   102 3197s
 35064 13070 6.9691e+10  162   87 6.6547e+10 6.9691e+10  4.72%   102 3200s
 35170 13029 infeasible  163      6.6547e+10 6.9691e+10  4.72%   102 3205s
 35272 13016 6.9691e+10  156  113 6.6547e+10 6.9691e+10  4.72%   102 3210s
 35402 12969 6.9691e+10  175   69 6.6547e+10 6.9691e+10  4.72%   102 3215s
 35478 12931 infeasible  167      6.6547e+10 6.9691e+10  4.72%   102 3220s
 35600 12909 6.9691e+10  152  101 6.6547e+10 6.9691e+10  4.72%   102 3225s
 35714 12851 infeasible  162      6.6547e+10 6.9691e+10  4.72%   102 3230s
 35758 12828 6.9691e+10  150  119 6.6547e+10 6.9691e+10  4.72%   102 3235s
 35855 12791 6.9691e+10  151  114 6.6547e+10 6.9691e+10  4.72%   102 3240s
 35941 12760 6.9691e+10  149  109 6.6547e+10 6.9691e+10  4.72%   102 3245s
 36028 12753 6.9691e+10  154  105 6.6547e+10 6.9691e+10  4.72%   102 3252s
 36061 12745 6.9691e+10   41  417 6.6547e+10 6.9691e+10  4.72%   102 3255s
 36095 12768 6.9691e+10   74  359 6.6547e+10 6.9691e+10  4.72%   102 3260s
 36190 12831 6.9691e+10  158  304 6.6547e+10 6.9691e+10  4.72%   102 3265s
 36273 12885 6.9691e+10  233  193 6.6547e+10 6.9691e+10  4.72%   101 3270s
 36370 12946 infeasible  314      6.6547e+10 6.9691e+10  4.72%   101 3275s
 36431 12977 6.9691e+10   74  262 6.6547e+10 6.9691e+10  4.72%   101 3280s
 36526 13038 6.9691e+10  155  223 6.6547e+10 6.9691e+10  4.72%   101 3285s
 36586 13077 6.9691e+10  211  221 6.6547e+10 6.9691e+10  4.72%   101 3295s
 36622 13101 6.9691e+10  243  190 6.6547e+10 6.9691e+10  4.72%   101 3300s
 36696 13148 6.9691e+10  294  201 6.6547e+10 6.9691e+10  4.72%   101 3305s
 36788 13145 6.9691e+10  323  145 6.6547e+10 6.9691e+10  4.72%   101 3311s
 36840 13149 6.9691e+10  317  163 6.6547e+10 6.9691e+10  4.72%   101 3315s
 36914 13184 6.9691e+10   84  209 6.6547e+10 6.9691e+10  4.72%   101 3320s
 37003 13243 6.9691e+10  173  283 6.6547e+10 6.9691e+10  4.72%   100 3325s
 37052 13276 6.9691e+10  222  291 6.6547e+10 6.9691e+10  4.72%   100 3330s
 37144 13336 6.9691e+10  314  184 6.6547e+10 6.9691e+10  4.72%   100 3335s
 37218 13346 infeasible  354      6.6547e+10 6.9691e+10  4.72%   100 3340s
 37249 13349 6.9691e+10  357  146 6.6547e+10 6.9691e+10  4.72%   100 3345s
 37338 13332 6.9691e+10  374  109 6.6547e+10 6.9691e+10  4.72%   100 3350s
 37415 13308 6.9691e+10  370  154 6.6547e+10 6.9691e+10  4.72%   100 3355s
 37484 13294 6.9691e+10   66  330 6.6547e+10 6.9691e+10  4.72%   100 3360s
 37570 13349 6.9691e+10  150  214 6.6547e+10 6.9691e+10  4.72%   100 3365s
 37624 13371 6.9691e+10   32  463 6.6547e+10 6.9691e+10  4.72%   100 3374s
 37636 13379 6.9691e+10   44  310 6.6547e+10 6.9691e+10  4.72%   100 3375s
 37707 13424 6.9691e+10  101  242 6.6547e+10 6.9691e+10  4.72%   100 3380s
 37714 13429 6.9691e+10  105  236 6.6547e+10 6.9691e+10  4.72%   100 3386s
 37744 13449 6.9691e+10  114  213 6.6547e+10 6.9691e+10  4.72%   100 3390s
 37816 13493 6.9691e+10  148  183 6.6547e+10 6.9691e+10  4.72%   100 3395s
 37881 13524 6.9691e+10  175  136 6.6547e+10 6.9691e+10  4.72%   100 3400s
 37922 13527 6.9691e+10  108  225 6.6547e+10 6.9691e+10  4.72%   100 3406s
 37996 13576 6.9691e+10  171  164 6.6547e+10 6.9691e+10  4.72%   100 3410s
 38078 13603 6.9691e+10  133  222 6.6547e+10 6.9691e+10  4.72%   100 3415s
 38168 13637 6.9691e+10  202  113 6.6547e+10 6.9691e+10  4.72%   100 3420s
 38254 13604 6.9691e+10  174  161 6.6547e+10 6.9691e+10  4.72%   100 3425s
 38280 13597 infeasible  182      6.6547e+10 6.9691e+10  4.72%   100 3430s
 38360 13571 6.9691e+10  199   87 6.6547e+10 6.9691e+10  4.72%   100 3435s
 38434 13522 infeasible  177      6.6547e+10 6.9691e+10  4.72%   100 3440s
 38489 13501 6.9691e+10  171  124 6.6547e+10 6.9691e+10  4.72%   100 3445s
 38504 13493 6.9691e+10  166  169 6.6547e+10 6.9691e+10  4.72%   100 3450s
 38589 13477 infeasible  169      6.6547e+10 6.9691e+10  4.72%   100 3455s
 38668 13448 6.9691e+10  183  128 6.6547e+10 6.9691e+10  4.72%   100 3460s
 38739 13421 6.9691e+10  181  165 6.6547e+10 6.9691e+10  4.72%   100 3465s
 38767 13404 6.9691e+10  167  156 6.6547e+10 6.9691e+10  4.72%   100 3472s
 38769 13403 6.9691e+10  168  171 6.6547e+10 6.9691e+10  4.72%   100 3476s
 38829 13395 6.9691e+10  162  199 6.6547e+10 6.9691e+10  4.72%   100 3480s
 38883 13359 infeasible  162      6.6547e+10 6.9691e+10  4.72%   100 3485s
 38949 13359 6.9691e+10  188  124 6.6547e+10 6.9691e+10  4.72%   100 3490s
 39040 13342 infeasible  210      6.6547e+10 6.9691e+10  4.72%   100 3495s
 39072 13311 6.9691e+10  180  170 6.6547e+10 6.9691e+10  4.72%   101 3500s
 39089 13303 6.9691e+10  176  108 6.6547e+10 6.9691e+10  4.72%   101 3505s
 39157 13274 infeasible  172      6.6547e+10 6.9691e+10  4.72%   101 3510s
 39220 13254 infeasible  172      6.6547e+10 6.9691e+10  4.72%   101 3515s
 39313 13252 6.9691e+10  190   92 6.6547e+10 6.9691e+10  4.72%   101 3520s
 39382 13214 6.9691e+10  179  111 6.6547e+10 6.9691e+10  4.72%   101 3532s
 39383 13215 6.9691e+10  180  110 6.6547e+10 6.9691e+10  4.72%   101 3535s
 39465 13205 infeasible  198      6.6547e+10 6.9691e+10  4.72%   101 3540s
 39529 13186 6.9691e+10  188  105 6.6547e+10 6.9691e+10  4.72%   101 3547s
 39574 13170 infeasible  193      6.6547e+10 6.9691e+10  4.72%   101 3550s
 39643 13138 infeasible  192      6.6547e+10 6.9691e+10  4.72%   101 3555s
 39725 13117 infeasible  199      6.6547e+10 6.9691e+10  4.72%   101 3560s
 39785 13073 6.9691e+10  167  114 6.6547e+10 6.9691e+10  4.72%   101 3565s
 39848 13069 6.9691e+10  187   78 6.6547e+10 6.9691e+10  4.72%   101 3570s
 39945 13019 infeasible  173      6.6547e+10 6.9691e+10  4.72%   101 3575s
 40023 12997 infeasible  171      6.6547e+10 6.9691e+10  4.72%   101 3580s
 40073 12987 6.9691e+10  171  103 6.6547e+10 6.9691e+10  4.72%   101 3585s

Cutting planes:
  Learned: 194
  Gomory: 211
  Lift-and-project: 50
  Cover: 6441
  Implied bound: 1347
  Projected implied bound: 38
  Clique: 115
  MIR: 222
  Mixing: 3
  StrongCG: 5
  Flow cover: 1824
  GUB cover: 91
  Inf proof: 227
  RLT: 378
  Relax-and-lift: 437
  BQP: 1

Explored 40106 nodes (4060303 simplex iterations) in 3586.70 seconds (2014.15 work units)
Thread count was 1 (of 28 available processors)

Solution count 10: 6.65467e+10 6.62779e+10 6.36676e+10 ... 5.655e+10

Time limit reached
Best objective 6.654671160000e+10, best bound 6.969071160000e+10, gap 4.7245%

User-callback calls 1546882, time in user-callback 0.91 sec