Gurobi Optimizer version 12.0.3 build v12.0.3rc0 (linux64 - "Oracle Linux Server 9.4")

CPU model: Intel(R) Xeon(R) CPU E5-2660 v4 @ 2.00GHz, instruction set [SSE2|AVX|AVX2]
Thread count: 28 physical cores, 28 logical processors, using up to 1 threads

Non-default parameters:
TimeLimit  3599.659026371
SoftMemLimit  16
NumericFocus  1
Threads  1

Academic license 2690100 - for non-commercial use only - registered to ju___@uclm.es
Optimize a model with 9254 rows, 2268 columns and 32050 nonzeros
Model fingerprint: 0x5c52f7df
Variable types: 54 continuous, 2214 integer (2214 binary)
Coefficient statistics:
  Matrix range     [1e+00, 7e+13]
  Objective range  [1e+09, 5e+09]
  Bounds range     [1e+03, 1e+04]
  RHS range        [1e+00, 2e+14]
Warning: Model contains large matrix coefficient range
Warning: Model contains large objective coefficients
Warning: Model contains large rhs
Found heuristic solution: objective -0.0000000
Presolve removed 3228 rows and 472 columns
Presolve time: 0.15s
Presolved: 6026 rows, 1796 columns, 22163 nonzeros
Variable types: 54 continuous, 1742 integer (1742 binary)

Root relaxation: objective 8.653320e+10, 823 iterations, 0.02 seconds (0.01 work units)

    Nodes    |    Current Node    |     Objective Bounds      |     Work
 Expl Unexpl |  Obj  Depth IntInf | Incumbent    BestBd   Gap | It/Node Time

     0     0 8.6533e+10    0   46   -0.00000 8.6533e+10      -     -    0s
H    0     0                    1.068630e+10 8.6533e+10   710%     -    0s
     0     0 8.6533e+10    0   78 1.0686e+10 8.6533e+10   710%     -    0s
     0     0 8.6533e+10    0   75 1.0686e+10 8.6533e+10   710%     -    0s
     0     0 8.6533e+10    0   91 1.0686e+10 8.6533e+10   710%     -    0s
H    0     0                    1.749510e+10 8.6533e+10   395%     -    0s
H    0     0                    2.482770e+10 8.6533e+10   249%     -    0s
     0     0 8.6086e+10    0   89 2.4828e+10 8.6086e+10   247%     -    0s
     0     0 8.6086e+10    0   91 2.4828e+10 8.6086e+10   247%     -    0s
     0     0 8.6086e+10    0   47 2.4828e+10 8.6086e+10   247%     -    0s
     0     0 8.6086e+10    0   50 2.4828e+10 8.6086e+10   247%     -    0s
H    0     0                    2.955980e+10 8.6086e+10   191%     -    0s
     0     0 8.5231e+10    0   20 2.9560e+10 8.5231e+10   188%     -    0s
     0     0 8.5231e+10    0   32 2.9560e+10 8.5231e+10   188%     -    0s
     0     0 8.5231e+10    0   30 2.9560e+10 8.5231e+10   188%     -    0s
     0     0 8.5231e+10    0   28 2.9560e+10 8.5231e+10   188%     -    0s
     0     0 8.5231e+10    0   10 2.9560e+10 8.5231e+10   188%     -    0s
H    0     0                    7.301520e+10 8.5231e+10  16.7%     -    0s
     0     0 8.5231e+10    0    9 7.3015e+10 8.5231e+10  16.7%     -    1s
     0     0 8.5231e+10    0    9 7.3015e+10 8.5231e+10  16.7%     -    1s
     0     0 8.5231e+10    0   12 7.3015e+10 8.5231e+10  16.7%     -    1s
     0     0 8.5231e+10    0   12 7.3015e+10 8.5231e+10  16.7%     -    1s
     0     0 8.5231e+10    0    9 7.3015e+10 8.5231e+10  16.7%     -    1s
     0     0 8.5231e+10    0   10 7.3015e+10 8.5231e+10  16.7%     -    1s
     0     0 8.5231e+10    0   15 7.3015e+10 8.5231e+10  16.7%     -    1s
     0     0 8.5231e+10    0   15 7.3015e+10 8.5231e+10  16.7%     -    1s
     0     2 8.5231e+10    0    8 7.3015e+10 8.5231e+10  16.7%     -    1s
H  156    88                    7.418520e+10 8.5231e+10  14.9%  21.4    2s
H  244   106                    7.814520e+10 8.5231e+10  9.07%  18.0    3s
   483   263 8.5231e+10   46   52 7.8145e+10 8.5231e+10  9.07%  29.5    5s
H  654   352                    7.947150e+10 8.5231e+10  7.25%  27.9    7s
   735   411 8.5231e+10   77   15 7.9472e+10 8.5231e+10  7.25%  25.9   10s
   848   466 8.1632e+10   22   19 7.9472e+10 8.5231e+10  7.25%  45.8   15s
H  939   421                    8.181150e+10 8.5231e+10  4.18%  44.9   16s
  1057   488 8.3648e+10  113   67 8.1812e+10 8.5231e+10  4.18%  43.0   20s
  1299   593 8.2982e+10   86   52 8.1812e+10 8.5231e+10  4.18%  40.5   25s
* 1510   648             113    8.202270e+10 8.5231e+10  3.91%  38.1   28s
  1573   680 8.2944e+10   87  100 8.2023e+10 8.5231e+10  3.91%  37.4   30s
  1864   712 8.5231e+10  102   38 8.2023e+10 8.5231e+10  3.91%  35.3   35s
  2152   813 8.5126e+10  122   67 8.2023e+10 8.5231e+10  3.91%  33.2   40s
  2434   926 8.5231e+10   91   44 8.2023e+10 8.5231e+10  3.91%  32.4   45s
  2743  1061 8.3193e+10   85   66 8.2023e+10 8.5231e+10  3.91%  31.2   50s
  2994  1174 8.5231e+10   69  100 8.2023e+10 8.5231e+10  3.91%  31.3   55s
  3186  1267 8.5231e+10   96   26 8.2023e+10 8.5231e+10  3.91%  31.8   60s
  3404  1320 8.5231e+10  104   32 8.2023e+10 8.5231e+10  3.91%  31.7   65s
  3643  1390 infeasible  101      8.2023e+10 8.5231e+10  3.91%  31.9   70s
  3916  1454 infeasible   95      8.2023e+10 8.5231e+10  3.91%  32.6   75s
  4262  1643 8.5231e+10  167   38 8.2023e+10 8.5231e+10  3.91%  32.6   80s
H 4388  1404                    8.310270e+10 8.5231e+10  2.56%  32.7   83s
  4527  1498 8.5231e+10   83   45 8.3103e+10 8.5231e+10  2.56%  32.7   85s
  4769  1551 infeasible   92      8.3103e+10 8.5231e+10  2.56%  32.5   90s
  5102  1703 8.5231e+10   83   15 8.3103e+10 8.5231e+10  2.56%  32.4   95s
  5123  1717 8.5231e+10   72    7 8.3103e+10 8.5231e+10  2.56%  32.2  100s
  5317  1787 8.5231e+10   28   20 8.3103e+10 8.5231e+10  2.56%  35.7  105s
  5477  1842 8.5231e+10   60   76 8.3103e+10 8.5231e+10  2.56%  36.3  110s
  5639  1893 8.5231e+10   75   35 8.3103e+10 8.5231e+10  2.56%  35.9  115s
  5797  1925 8.5231e+10   94  127 8.3103e+10 8.5231e+10  2.56%  35.8  120s
  6046  1998 8.5231e+10   90   47 8.3103e+10 8.5231e+10  2.56%  35.6  125s
  6317  1976 8.5231e+10   77   34 8.3103e+10 8.5231e+10  2.56%  35.6  130s
  6535  1940 8.5231e+10   47   55 8.3103e+10 8.5231e+10  2.56%  36.3  135s
  6742  2035 8.5231e+10   73   83 8.3103e+10 8.5231e+10  2.56%  36.0  140s
  6882  2017 8.5186e+10   73  128 8.3103e+10 8.5231e+10  2.56%  36.4  145s
  7125  2000 8.5231e+10  112   70 8.3103e+10 8.5231e+10  2.56%  36.8  150s
  7360  2039 8.5231e+10   78   57 8.3103e+10 8.5231e+10  2.56%  36.8  155s
  7560  1985 infeasible  113      8.3103e+10 8.5231e+10  2.56%  36.7  160s
  7811  1890 infeasible   97      8.3103e+10 8.5231e+10  2.56%  36.7  165s
  8056  1798 8.5231e+10   84   53 8.3103e+10 8.5231e+10  2.56%  36.6  170s
  8209  1741 8.5231e+10   80   66 8.3103e+10 8.5231e+10  2.56%  36.7  175s
  8467  1734 8.5231e+10  101   31 8.3103e+10 8.5231e+10  2.56%  36.8  180s
  8642  1669 8.5231e+10   89   43 8.3103e+10 8.5231e+10  2.56%  37.1  185s
  8815  1677 infeasible   86      8.3103e+10 8.5231e+10  2.56%  37.3  190s
  9008  1657 8.5231e+10   76   51 8.3103e+10 8.5231e+10  2.56%  37.7  195s
  9227  1605 8.5231e+10   95   78 8.3103e+10 8.5231e+10  2.56%  38.5  200s
  9415  1578 8.5188e+10   90  134 8.3103e+10 8.5231e+10  2.56%  39.2  205s
  9595  1573 8.5231e+10   95   67 8.3103e+10 8.5231e+10  2.56%  39.6  210s
  9818  1504 8.4961e+10   65  106 8.3103e+10 8.5231e+10  2.56%  40.0  215s
 10052  1446 8.5231e+10   84   50 8.3103e+10 8.5231e+10  2.56%  40.4  220s
 10260  1383 8.5231e+10   54   82 8.3103e+10 8.5231e+10  2.56%  40.8  225s
 10458  1420     cutoff   72      8.3103e+10 8.5231e+10  2.56%  41.3  230s
 10712  1524 8.5231e+10   98   70 8.3103e+10 8.5231e+10  2.56%  41.3  235s
 10932  1541     cutoff   81      8.3103e+10 8.5231e+10  2.56%  41.6  240s
 11138  1555 8.5231e+10   84   54 8.3103e+10 8.5231e+10  2.56%  42.0  245s
 11292  1561 8.5231e+10   86   36 8.3103e+10 8.5231e+10  2.56%  42.1  251s
 11535  1574 8.5231e+10   53  127 8.3103e+10 8.5231e+10  2.56%  42.0  255s
 11826  1708 8.5231e+10   78   59 8.3103e+10 8.5231e+10  2.56%  42.1  260s
 12097  1756     cutoff   69      8.3103e+10 8.5231e+10  2.56%  42.6  265s
 12305  1829 8.5231e+10   75   48 8.3103e+10 8.5231e+10  2.56%  42.5  270s
 12637  1888 8.5231e+10   69   27 8.3103e+10 8.5231e+10  2.56%  42.3  275s
 12973  1963 8.5231e+10   65   26 8.3103e+10 8.5231e+10  2.56%  42.0  280s
 13173  2015 8.5231e+10   58   46 8.3103e+10 8.5231e+10  2.56%  41.9  285s
 13445  2093 8.5231e+10   78   41 8.3103e+10 8.5231e+10  2.56%  42.3  290s
 13643  2099 8.5231e+10   64   67 8.3103e+10 8.5231e+10  2.56%  42.9  295s
 13935  2148 infeasible   90      8.3103e+10 8.5231e+10  2.56%  42.9  300s
 14163  2155 8.5231e+10   93   35 8.3103e+10 8.5231e+10  2.56%  42.9  305s
 14424  2144 8.5231e+10   79   67 8.3103e+10 8.5231e+10  2.56%  43.1  310s
 14608  2154 8.5231e+10   98   19 8.3103e+10 8.5231e+10  2.56%  43.1  315s
 14895  2157 8.5231e+10   94   38 8.3103e+10 8.5231e+10  2.56%  43.5  320s
 15137  2144 8.5231e+10   85   54 8.3103e+10 8.5231e+10  2.56%  43.8  325s
 15304  2162 8.5231e+10   66   15 8.3103e+10 8.5231e+10  2.56%  43.9  354s
 15307  2164 8.5231e+10   71    6 8.3103e+10 8.5231e+10  2.56%  43.9  355s
 15313  2168 8.5231e+10   72   12 8.3103e+10 8.5231e+10  2.56%  43.9  360s
 15317  2171 8.5231e+10   83   10 8.3103e+10 8.5231e+10  2.56%  43.9  365s
 15322  2174 8.5231e+10   56   18 8.3103e+10 8.5231e+10  2.56%  43.9  370s
 15325  2176 8.5231e+10   99    9 8.3103e+10 8.5231e+10  2.56%  43.9  375s
 15403  2220 8.5231e+10   90   77 8.3103e+10 8.5231e+10  2.56%  44.6  380s
 15510  2270 8.5231e+10   80   50 8.3103e+10 8.5231e+10  2.56%  44.5  385s
 15664  2336 8.5231e+10   69   55 8.3103e+10 8.5231e+10  2.56%  44.5  390s
 15793  2326 infeasible   93      8.3103e+10 8.5231e+10  2.56%  44.6  395s
 15951  2390 8.5231e+10  141   51 8.3103e+10 8.5231e+10  2.56%  44.6  400s
 16061  2413 8.5231e+10   85   47 8.3103e+10 8.5231e+10  2.56%  44.5  405s
 16260  2461 8.5231e+10  110   45 8.3103e+10 8.5231e+10  2.56%  44.3  410s
 16422  2509 8.5231e+10   92   55 8.3103e+10 8.5231e+10  2.56%  44.2  415s
 16548  2528 8.5231e+10  108   30 8.3103e+10 8.5231e+10  2.56%  44.1  420s
 16714  2576 8.4152e+10  127   69 8.3103e+10 8.5231e+10  2.56%  44.0  425s
 16947  2635 8.5126e+10   93   93 8.3103e+10 8.5231e+10  2.56%  44.0  430s
 17161  2674 8.5231e+10   89   42 8.3103e+10 8.5231e+10  2.56%  44.0  435s
 17514  2753 8.4052e+10  103   62 8.3103e+10 8.5231e+10  2.56%  43.7  440s
 17697  2753 8.4052e+10   95   57 8.3103e+10 8.5231e+10  2.56%  43.8  445s
 17949  2794 8.5231e+10   77   38 8.3103e+10 8.5231e+10  2.56%  43.8  450s
 18229  2897 8.5231e+10   90   54 8.3103e+10 8.5231e+10  2.56%  43.5  455s
 18438  2947 8.3522e+10  111   32 8.3103e+10 8.5231e+10  2.56%  43.4  460s
 18719  3013 8.5231e+10   61   66 8.3103e+10 8.5231e+10  2.56%  43.3  465s
 18847  3070 8.5231e+10   96   31 8.3103e+10 8.5231e+10  2.56%  43.2  470s
 19070  3086 8.3522e+10  101   20 8.3103e+10 8.5231e+10  2.56%  43.4  475s
 19257  3106 8.5080e+10  101   45 8.3103e+10 8.5231e+10  2.56%  43.4  480s
 19448  3149     cutoff   96      8.3103e+10 8.5231e+10  2.56%  43.5  485s
 19656  3215 8.5231e+10   92   24 8.3103e+10 8.5231e+10  2.56%  43.5  490s
 19844  3229 8.5231e+10   68   78 8.3103e+10 8.5231e+10  2.56%  43.6  495s
 20074  3260 8.5231e+10   99   42 8.3103e+10 8.5231e+10  2.56%  43.5  500s
 20365  3303 8.5231e+10   96  107 8.3103e+10 8.5231e+10  2.56%  43.6  505s
 20641  3357 infeasible   93      8.3103e+10 8.5231e+10  2.56%  43.5  510s
 20887  3408 8.4204e+10   95   59 8.3103e+10 8.5231e+10  2.56%  43.3  515s
 21141  3484 8.5231e+10   88   47 8.3103e+10 8.5231e+10  2.56%  43.3  520s
 21345  3493 infeasible   72      8.3103e+10 8.5231e+10  2.56%  43.3  525s
 21588  3570 8.4052e+10  118   42 8.3103e+10 8.5231e+10  2.56%  43.2  530s
 21888  3647 8.5231e+10   83   40 8.3103e+10 8.5231e+10  2.56%  43.1  535s
 22156  3824 8.5231e+10   73   51 8.3103e+10 8.5231e+10  2.56%  43.0  540s
 22332  3950 8.3517e+10  112  153 8.3103e+10 8.5231e+10  2.56%  42.9  545s
 22584  4106 8.5231e+10   86   53 8.3103e+10 8.5231e+10  2.56%  42.8  550s
 22896  4269 8.5231e+10   92   39 8.3103e+10 8.5231e+10  2.56%  42.7  555s
 23225  4430 8.5231e+10   80   30 8.3103e+10 8.5231e+10  2.56%  42.5  560s
 23523  4594 8.5231e+10   84   67 8.3103e+10 8.5231e+10  2.56%  42.4  565s
 23773  4746 8.5080e+10  119   27 8.3103e+10 8.5231e+10  2.56%  42.2  570s
 24041  4885 8.5120e+10   83  107 8.3103e+10 8.5231e+10  2.56%  42.1  575s
 24390  5015 infeasible  103      8.3103e+10 8.5231e+10  2.56%  42.2  580s
 24670  5128 8.5231e+10   98   34 8.3103e+10 8.5231e+10  2.56%  42.2  585s
 24853  5229 8.5229e+10   90   87 8.3103e+10 8.5231e+10  2.56%  42.2  590s
 25100  5365 8.5080e+10  100   39 8.3103e+10 8.5231e+10  2.56%  42.2  595s
 25404  5569 8.3522e+10   85   31 8.3103e+10 8.5231e+10  2.56%  42.2  600s
 25674  5697 infeasible  106      8.3103e+10 8.5231e+10  2.56%  42.1  605s
 25961  5811 8.5080e+10   88   41 8.3103e+10 8.5231e+10  2.56%  42.2  610s
 26221  5992 8.5132e+10  115  102 8.3103e+10 8.5231e+10  2.56%  42.1  615s
 26480  6129 8.5231e+10   77   54 8.3103e+10 8.5231e+10  2.56%  42.1  620s
 26791  6327 8.5231e+10  101   28 8.3103e+10 8.5231e+10  2.56%  42.1  625s
 27045  6511 infeasible  115      8.3103e+10 8.5231e+10  2.56%  42.0  630s
 27248  6598 8.5231e+10  107   46 8.3103e+10 8.5231e+10  2.56%  42.0  635s
 27486  6731 8.3509e+10  100  137 8.3103e+10 8.5231e+10  2.56%  42.0  640s
 27713  6806 8.5153e+10   95  114 8.3103e+10 8.5231e+10  2.56%  42.1  645s
 27979  6930 8.5231e+10   62   69 8.3103e+10 8.5231e+10  2.56%  42.2  650s
 28251  7109 8.5231e+10   77   56 8.3103e+10 8.5231e+10  2.56%  42.1  655s
 28490  7202 8.5231e+10   86   62 8.3103e+10 8.5231e+10  2.56%  42.0  660s
 28776  7364 8.5231e+10   84   29 8.3103e+10 8.5231e+10  2.56%  42.0  665s
 28918  7428 8.5231e+10   96   36 8.3103e+10 8.5231e+10  2.56%  42.0  670s
 29118  7547 8.5231e+10   78   39 8.3103e+10 8.5231e+10  2.56%  42.0  675s
 29351  7688 8.5231e+10   80   51 8.3103e+10 8.5231e+10  2.56%  42.0  680s
 29569  7843     cutoff   82      8.3103e+10 8.5231e+10  2.56%  41.9  685s
 29783  7957 8.5231e+10   81   28 8.3103e+10 8.5231e+10  2.56%  42.0  690s
 29990  8062 8.5227e+10   90  114 8.3103e+10 8.5231e+10  2.56%  42.1  695s
 30246  8167 8.4204e+10   98   45 8.3103e+10 8.5231e+10  2.56%  42.1  700s
 30427  8205 infeasible   89      8.3103e+10 8.5231e+10  2.56%  42.1  705s
 30740  8195 8.5231e+10   86   36 8.3103e+10 8.5231e+10  2.56%  42.1  710s
 31054  8222 8.5231e+10   82   51 8.3103e+10 8.5231e+10  2.56%  42.0  715s
 31277  8207 8.5231e+10   87   54 8.3103e+10 8.5231e+10  2.56%  42.1  720s
 31518  8224 8.5231e+10   89   26 8.3103e+10 8.5231e+10  2.56%  42.2  725s
 31768  8256 8.5231e+10   78   60 8.3103e+10 8.5231e+10  2.56%  42.3  730s
 32030  8259 8.5231e+10   92   47 8.3103e+10 8.5231e+10  2.56%  42.5  735s
 32177  8247 8.5231e+10   88   34 8.3103e+10 8.5231e+10  2.56%  42.7  740s
 32406  8252 8.5231e+10   86   54 8.3103e+10 8.5231e+10  2.56%  42.9  745s
 32611  8262 infeasible   82      8.3103e+10 8.5231e+10  2.56%  43.1  750s
 32885  8305 8.4033e+10  102  140 8.3103e+10 8.5231e+10  2.56%  43.2  755s
 33064  8357 8.4879e+10   98  129 8.3103e+10 8.5231e+10  2.56%  43.4  760s
 33231  8416 8.5231e+10   93   42 8.3103e+10 8.5231e+10  2.56%  43.6  765s
 33463  8518 8.5231e+10   71   76 8.3103e+10 8.5231e+10  2.56%  43.7  770s
 33774  8558 8.5231e+10   74  106 8.3103e+10 8.5231e+10  2.56%  43.6  775s
 33894  8572 8.5231e+10   90   66 8.3103e+10 8.5231e+10  2.56%  43.6  780s
 34132  8638 8.5231e+10   74   41 8.3103e+10 8.5231e+10  2.56%  43.7  785s
 34418  8700 8.5231e+10   74   50 8.3103e+10 8.5231e+10  2.56%  43.8  790s
 34670  8703 8.5231e+10   68   74 8.3103e+10 8.5231e+10  2.56%  43.8  795s
 34971  8714 8.5231e+10  101   42 8.3103e+10 8.5231e+10  2.56%  43.9  800s
 35203  8765 8.5231e+10   75   59 8.3103e+10 8.5231e+10  2.56%  44.1  805s
 35468  8808 8.5231e+10   95   63 8.3103e+10 8.5231e+10  2.56%  44.2  810s
 35665  8879 8.3432e+10   88   96 8.3103e+10 8.5231e+10  2.56%  44.3  815s
 35813  8966 8.5231e+10   86   36 8.3103e+10 8.5231e+10  2.56%  44.3  820s
 36021  9109 8.5231e+10  100   29 8.3103e+10 8.5231e+10  2.56%  44.4  825s
 36268  9239 8.5231e+10   78   44 8.3103e+10 8.5231e+10  2.56%  44.4  830s
 36548  9392 8.5134e+10  100   91 8.3103e+10 8.5231e+10  2.56%  44.4  835s
 36785  9477 8.5231e+10   78   32 8.3103e+10 8.5231e+10  2.56%  44.4  840s
 37116  9605 8.3952e+10   71   99 8.3103e+10 8.5231e+10  2.56%  44.3  845s
 37229  9616 8.5231e+10   65   71 8.3103e+10 8.5231e+10  2.56%  44.5  850s
 37430  9727 8.5226e+10  106   91 8.3103e+10 8.5231e+10  2.56%  44.6  855s
 37690  9794 8.5231e+10   82   60 8.3103e+10 8.5231e+10  2.56%  44.6  860s
 37916  9889 8.5231e+10   78   56 8.3103e+10 8.5231e+10  2.56%  44.7  865s
 38154 10043     cutoff  105      8.3103e+10 8.5231e+10  2.56%  44.7  870s
 38386 10162 8.5231e+10   61  102 8.3103e+10 8.5231e+10  2.56%  44.8  875s
 38535 10264 8.5231e+10   69   83 8.3103e+10 8.5231e+10  2.56%  44.8  881s
 38699 10369 8.5080e+10  111   49 8.3103e+10 8.5231e+10  2.56%  44.8  885s
 38904 10504 8.5231e+10   83   49 8.3103e+10 8.5231e+10  2.56%  44.8  890s
 39157 10692 8.5231e+10  104   49 8.3103e+10 8.5231e+10  2.56%  44.7  895s
 39449 10908 8.5231e+10  105   50 8.3103e+10 8.5231e+10  2.56%  44.6  900s
 39692 11080 8.5041e+10  143   76 8.3103e+10 8.5231e+10  2.56%  44.6  905s
 39907 11195 8.4204e+10  102   60 8.3103e+10 8.5231e+10  2.56%  44.6  910s
 40124 11252 8.5231e+10   82   70 8.3103e+10 8.5231e+10  2.56%  44.7  915s
 40341 11312 8.5231e+10   77   59 8.3103e+10 8.5231e+10  2.56%  44.8  920s
 40567 11400     cutoff   72      8.3103e+10 8.5231e+10  2.56%  44.9  925s
 40742 11461     cutoff   84      8.3103e+10 8.5231e+10  2.56%  45.0  930s
 40891 11512 infeasible   75      8.3103e+10 8.5231e+10  2.56%  45.1  935s
 41086 11601 8.5231e+10   84   51 8.3103e+10 8.5231e+10  2.56%  45.2  940s
 41332 11664 8.5231e+10   77   79 8.3103e+10 8.5231e+10  2.56%  45.3  945s
 41690 11889 8.5231e+10   75   48 8.3103e+10 8.5231e+10  2.56%  45.2  950s
 41971 11984 8.5231e+10   91   29 8.3103e+10 8.5231e+10  2.56%  45.2  955s
 42276 12027     cutoff   91      8.3103e+10 8.5231e+10  2.56%  45.3  960s
 42349 12064 infeasible   86      8.3103e+10 8.5231e+10  2.56%  45.3  965s
 42604 12148 8.5231e+10  100   35 8.3103e+10 8.5231e+10  2.56%  45.3  970s
 42901 12291 8.5231e+10  111   37 8.3103e+10 8.5231e+10  2.56%  45.2  975s
 43155 12426 8.5231e+10   90   42 8.3103e+10 8.5231e+10  2.56%  45.3  980s
 43360 12553     cutoff  103      8.3103e+10 8.5231e+10  2.56%  45.3  985s
 43617 12659 8.5222e+10  114  113 8.3103e+10 8.5231e+10  2.56%  45.3  990s
 43802 12767 8.5231e+10  102   62 8.3103e+10 8.5231e+10  2.56%  45.4  995s
 44121 12923 8.5230e+10  108  116 8.3103e+10 8.5231e+10  2.56%  45.3 1000s
 44433 13100 8.3522e+10   92   52 8.3103e+10 8.5231e+10  2.56%  45.3 1005s
 44568 13174 8.5231e+10   81   42 8.3103e+10 8.5231e+10  2.56%  45.3 1010s
 44775 13271 8.5231e+10  107   41 8.3103e+10 8.5231e+10  2.56%  45.3 1015s
 44997 13393 8.5231e+10   87   51 8.3103e+10 8.5231e+10  2.56%  45.3 1020s
 45229 13485 8.5231e+10   92   47 8.3103e+10 8.5231e+10  2.56%  45.3 1025s
 45495 13573 8.5231e+10   82   73 8.3103e+10 8.5231e+10  2.56%  45.4 1030s
 45732 13613 8.3522e+10   69  111 8.3103e+10 8.5231e+10  2.56%  45.5 1035s
 45938 13680 8.3522e+10   87   87 8.3103e+10 8.5231e+10  2.56%  45.6 1040s
 46185 13780 8.5231e+10   62   62 8.3103e+10 8.5231e+10  2.56%  45.7 1045s
 46316 13850 8.3522e+10  100   32 8.3103e+10 8.5231e+10  2.56%  45.8 1050s
 46567 13968 8.5231e+10   75   86 8.3103e+10 8.5231e+10  2.56%  45.8 1055s
 46855 14009 8.5231e+10  100   54 8.3103e+10 8.5231e+10  2.56%  45.7 1060s
 47098 14110 8.5231e+10   80   57 8.3103e+10 8.5231e+10  2.56%  45.7 1065s
 47222 14130 8.5204e+10  109   75 8.3103e+10 8.5231e+10  2.56%  45.8 1070s
 47416 14214 8.5231e+10  103   48 8.3103e+10 8.5231e+10  2.56%  45.8 1075s
 47617 14315 8.5231e+10  102   31 8.3103e+10 8.5231e+10  2.56%  45.9 1080s
 47940 14447 8.5231e+10   80   50 8.3103e+10 8.5231e+10  2.56%  45.9 1085s
 48280 14596 infeasible   73      8.3103e+10 8.5231e+10  2.56%  45.9 1090s
 48570 14611 8.5224e+10   90  169 8.3103e+10 8.5231e+10  2.56%  45.9 1095s
 48829 14636 8.5231e+10  112   35 8.3103e+10 8.5231e+10  2.56%  45.9 1100s
 49032 14685 8.4981e+10  107  102 8.3103e+10 8.5231e+10  2.56%  46.0 1105s
 49129 14686 8.4052e+10  109   68 8.3103e+10 8.5231e+10  2.56%  46.1 1110s
 49338 14735 8.5199e+10  101   81 8.3103e+10 8.5231e+10  2.56%  46.2 1115s
 49580 14821 8.5231e+10   76   58 8.3103e+10 8.5231e+10  2.56%  46.2 1120s
 49911 14936 8.5231e+10   94   33 8.3103e+10 8.5231e+10  2.56%  46.2 1125s
 50171 15039 8.5205e+10   95  133 8.3103e+10 8.5231e+10  2.56%  46.2 1130s
 50411 15131 8.5231e+10   83   65 8.3103e+10 8.5231e+10  2.56%  46.2 1135s
 50607 15190 8.5231e+10   99   45 8.3103e+10 8.5231e+10  2.56%  46.3 1140s
 50707 15239 8.5231e+10  106   34 8.3103e+10 8.5231e+10  2.56%  46.3 1145s
 50972 15363 8.5231e+10   64   52 8.3103e+10 8.5231e+10  2.56%  46.3 1150s
 51222 15529 8.5060e+10   89  143 8.3103e+10 8.5231e+10  2.56%  46.3 1155s
 51426 15651 8.5231e+10   84   32 8.3103e+10 8.5231e+10  2.56%  46.3 1160s
 51672 15777 8.5231e+10   95   50 8.3103e+10 8.5231e+10  2.56%  46.3 1165s
 51959 15832 8.4009e+10   99  141 8.3103e+10 8.5231e+10  2.56%  46.3 1170s
 52240 15876 8.4052e+10  119   51 8.3103e+10 8.5231e+10  2.56%  46.3 1175s
 52533 15906 8.5231e+10   96   53 8.3103e+10 8.5231e+10  2.56%  46.3 1181s
 52683 15942 8.4052e+10  106   59 8.3103e+10 8.5231e+10  2.56%  46.4 1185s
 52990 16012 8.5080e+10  102   39 8.3103e+10 8.5231e+10  2.56%  46.4 1190s
 53303 16061 8.5231e+10   99   28 8.3103e+10 8.5231e+10  2.56%  46.4 1195s
 53614 16149 8.5231e+10   93   33 8.3103e+10 8.5231e+10  2.56%  46.4 1200s
 53936 16234 8.4052e+10  112   11 8.3103e+10 8.5231e+10  2.56%  46.4 1205s
 54297 16292 8.5231e+10   94   28 8.3103e+10 8.5231e+10  2.56%  46.3 1210s
 54471 16350 8.4052e+10  112   16 8.3103e+10 8.5231e+10  2.56%  46.4 1215s
 54712 16420 8.4052e+10  102   54 8.3103e+10 8.5231e+10  2.56%  46.4 1220s
 55000 16436 infeasible   98      8.3103e+10 8.5231e+10  2.56%  46.4 1225s
 55248 16438 8.5231e+10   95   47 8.3103e+10 8.5231e+10  2.56%  46.6 1230s
 55526 16477 8.5080e+10   99   31 8.3103e+10 8.5231e+10  2.56%  46.6 1235s
 55819 16505 8.5231e+10   93   41 8.3103e+10 8.5231e+10  2.56%  46.6 1240s
 56104 16533 8.5231e+10   74   57 8.3103e+10 8.5231e+10  2.56%  46.7 1245s
 56350 16638 8.5231e+10   84   40 8.3103e+10 8.5231e+10  2.56%  46.7 1250s
 56639 16772 8.5231e+10  118   24 8.3103e+10 8.5231e+10  2.56%  46.6 1256s
 56775 16796 8.5228e+10   94  101 8.3103e+10 8.5231e+10  2.56%  46.7 1260s
 56974 16886 8.5231e+10   91   46 8.3103e+10 8.5231e+10  2.56%  46.8 1265s
 57163 16997 8.5231e+10   78  104 8.3103e+10 8.5231e+10  2.56%  46.8 1270s
 57426 17077 8.5231e+10  103   45 8.3103e+10 8.5231e+10  2.56%  46.9 1275s
 57591 17173 8.5231e+10   95   51 8.3103e+10 8.5231e+10  2.56%  46.9 1280s
 57839 17283 8.4204e+10   94   92 8.3103e+10 8.5231e+10  2.56%  46.9 1285s
 58103 17382 8.5231e+10   99   29 8.3103e+10 8.5231e+10  2.56%  47.0 1290s
 58208 17387 infeasible   92      8.3103e+10 8.5231e+10  2.56%  47.0 1295s
 58396 17424     cutoff   99      8.3103e+10 8.5231e+10  2.56%  47.1 1300s
 58655 17543 8.5231e+10   88   59 8.3103e+10 8.5231e+10  2.56%  47.1 1305s
 58865 17616 8.5231e+10   77   77 8.3103e+10 8.5231e+10  2.56%  47.2 1310s
 59108 17727 8.5231e+10   89   26 8.3103e+10 8.5231e+10  2.56%  47.2 1315s
 59375 17817     cutoff   98      8.3103e+10 8.5231e+10  2.56%  47.2 1320s
 59661 17860 infeasible  103      8.3103e+10 8.5231e+10  2.56%  47.4 1325s
 59886 17933 8.4052e+10  113   15 8.3103e+10 8.5231e+10  2.56%  47.5 1330s
 60192 18017 8.5231e+10  106   14 8.3103e+10 8.5231e+10  2.56%  47.5 1335s
 60378 18064 8.5118e+10   93  142 8.3103e+10 8.5231e+10  2.56%  47.6 1340s
 60618 18207 8.5231e+10   92   33 8.3103e+10 8.5231e+10  2.56%  47.7 1345s
 60844 18304 8.5231e+10   77   45 8.3103e+10 8.5231e+10  2.56%  47.8 1350s
 60965 18368 8.5231e+10   89   53 8.3103e+10 8.5231e+10  2.56%  47.8 1355s
 61143 18428 8.5231e+10   90   85 8.3103e+10 8.5231e+10  2.56%  47.8 1360s
 61395 18479 8.4204e+10   88   66 8.3103e+10 8.5231e+10  2.56%  47.9 1365s
 61666 18526 infeasible   88      8.3103e+10 8.5231e+10  2.56%  48.0 1370s
 61916 18571 infeasible   93      8.3103e+10 8.5231e+10  2.56%  48.1 1375s
 62170 18635 8.5231e+10   82   45 8.3103e+10 8.5231e+10  2.56%  48.1 1380s
 62382 18669 8.5231e+10   82   53 8.3103e+10 8.5231e+10  2.56%  48.2 1385s
 62681 18759     cutoff  123      8.3103e+10 8.5231e+10  2.56%  48.3 1390s
 62983 18823 8.5231e+10  106   39 8.3103e+10 8.5231e+10  2.56%  48.3 1395s
 63290 18905 8.5231e+10  120   38 8.3103e+10 8.5231e+10  2.56%  48.4 1400s
 63548 18954 8.5225e+10   88  126 8.3103e+10 8.5231e+10  2.56%  48.5 1405s
 63716 19046 8.5231e+10  116   24 8.3103e+10 8.5231e+10  2.56%  48.5 1411s
 63843 19059 8.5231e+10  100   23 8.3103e+10 8.5231e+10  2.56%  48.5 1415s
 64138 19117 8.5231e+10   95   46 8.3103e+10 8.5231e+10  2.56%  48.6 1420s
 64335 19201 8.5231e+10   83   47 8.3103e+10 8.5231e+10  2.56%  48.7 1425s
 64613 19333 8.5231e+10   96   43 8.3103e+10 8.5231e+10  2.56%  48.7 1430s
 64861 19408 infeasible  117      8.3103e+10 8.5231e+10  2.56%  48.7 1435s
 65081 19544     cutoff   86      8.3103e+10 8.5231e+10  2.56%  48.8 1440s
 65309 19669     cutoff   98      8.3103e+10 8.5231e+10  2.56%  48.8 1445s
 65567 19805 8.5231e+10   97   47 8.3103e+10 8.5231e+10  2.56%  48.8 1450s
 65777 19901 8.5226e+10   91  143 8.3103e+10 8.5231e+10  2.56%  48.9 1455s
 65886 19950 8.5231e+10   87   91 8.3103e+10 8.5231e+10  2.56%  49.0 1460s
 66110 20080 8.5231e+10   88   59 8.3103e+10 8.5231e+10  2.56%  49.0 1465s
 66284 20173 infeasible   99      8.3103e+10 8.5231e+10  2.56%  49.0 1470s
 66353 20208 8.5231e+10   83   64 8.3103e+10 8.5231e+10  2.56%  49.1 1475s
 66607 20339 8.5231e+10   91   50 8.3103e+10 8.5231e+10  2.56%  49.1 1480s
 66836 20347 8.5174e+10   97  101 8.3103e+10 8.5231e+10  2.56%  49.2 1485s
 67051 20433 8.3801e+10   89   77 8.3103e+10 8.5231e+10  2.56%  49.2 1490s
 67342 20436 8.5231e+10  106   29 8.3103e+10 8.5231e+10  2.56%  49.3 1495s
 67620 20463 8.4499e+10  100   85 8.3103e+10 8.5231e+10  2.56%  49.4 1500s
 67865 20528 8.4476e+10   99   80 8.3103e+10 8.5231e+10  2.56%  49.5 1505s
 68177 20597     cutoff   86      8.3103e+10 8.5231e+10  2.56%  49.6 1510s
 68356 20671 8.5231e+10   89   31 8.3103e+10 8.5231e+10  2.56%  49.6 1516s
 68486 20711 8.5231e+10   68   55 8.3103e+10 8.5231e+10  2.56%  49.6 1520s
 68731 20853 8.5231e+10   83   38 8.3103e+10 8.5231e+10  2.56%  49.7 1525s
 68966 20883 infeasible  106      8.3103e+10 8.5231e+10  2.56%  49.8 1530s
 69122 20883 8.5231e+10  104   68 8.3103e+10 8.5231e+10  2.56%  49.9 1535s
 69389 20932     cutoff  105      8.3103e+10 8.5231e+10  2.56%  50.0 1540s
 69648 20975 8.5231e+10   97   47 8.3103e+10 8.5231e+10  2.56%  50.0 1545s
 69833 21030     cutoff   96      8.3103e+10 8.5231e+10  2.56%  50.1 1550s
 70044 21109 8.5231e+10   99   44 8.3103e+10 8.5231e+10  2.56%  50.2 1555s
 70297 21181 8.5231e+10   91   16 8.3103e+10 8.5231e+10  2.56%  50.3 1560s
 70327 21187 8.5174e+10   90  102 8.3103e+10 8.5231e+10  2.56%  50.3 1565s
 70536 21190 8.5080e+10   94   65 8.3103e+10 8.5231e+10  2.56%  50.4 1570s
 70762 21269 infeasible   85      8.3103e+10 8.5231e+10  2.56%  50.4 1575s
 70973 21388 8.5231e+10   85   39 8.3103e+10 8.5231e+10  2.56%  50.4 1580s
 71180 21493 8.5231e+10   90   58 8.3103e+10 8.5231e+10  2.56%  50.5 1585s
 71380 21622 infeasible   77      8.3103e+10 8.5231e+10  2.56%  50.5 1590s
 71562 21674 8.5231e+10   84   62 8.3103e+10 8.5231e+10  2.56%  50.6 1595s
 71784 21757 8.5231e+10   63  195 8.3103e+10 8.5231e+10  2.56%  50.6 1600s
 71993 21892 8.5231e+10   95   47 8.3103e+10 8.5231e+10  2.56%  50.6 1605s
 72189 22010 8.5231e+10   89   56 8.3103e+10 8.5231e+10  2.56%  50.6 1610s
 72433 22091 8.5231e+10   89   16 8.3103e+10 8.5231e+10  2.56%  50.6 1615s
 72657 22097 8.5231e+10   82   56 8.3103e+10 8.5231e+10  2.56%  50.7 1620s
 72870 22147 infeasible   74      8.3103e+10 8.5231e+10  2.56%  50.8 1625s
 73107 22293 8.5231e+10   94   72 8.3103e+10 8.5231e+10  2.56%  50.8 1633s
 73154 22321 8.5231e+10   63   56 8.3103e+10 8.5231e+10  2.56%  50.8 1635s
 73349 22460 8.5231e+10   57  131 8.3103e+10 8.5231e+10  2.56%  50.8 1640s
 73550 22542 8.5231e+10   91   57 8.3103e+10 8.5231e+10  2.56%  50.8 1645s
 73838 22656 8.3522e+10  106   29 8.3103e+10 8.5231e+10  2.56%  50.8 1650s
 74053 22748 infeasible   83      8.3103e+10 8.5231e+10  2.56%  50.8 1655s
 74311 22851 8.5231e+10   99   45 8.3103e+10 8.5231e+10  2.56%  50.8 1660s
 74668 22898 8.3893e+10   90  116 8.3103e+10 8.5231e+10  2.56%  50.8 1665s
 75016 22937 8.5231e+10  107   21 8.3103e+10 8.5231e+10  2.56%  50.7 1670s
 75318 22966 8.5231e+10   83  113 8.3103e+10 8.5231e+10  2.56%  50.7 1675s
 75594 23088 8.5231e+10   76   65 8.3103e+10 8.5231e+10  2.56%  50.6 1680s
 75866 23220 8.5231e+10   88   43 8.3103e+10 8.5231e+10  2.56%  50.6 1685s
 76100 23363 8.3522e+10  135   13 8.3103e+10 8.5231e+10  2.56%  50.6 1691s
 76178 23405 8.5231e+10   83   69 8.3103e+10 8.5231e+10  2.56%  50.6 1695s
 76479 23582 8.5231e+10   97   23 8.3103e+10 8.5231e+10  2.56%  50.6 1700s
 76700 23641 8.5231e+10   73   46 8.3103e+10 8.5231e+10  2.56%  50.6 1705s
 76902 23754 8.3522e+10  104   46 8.3103e+10 8.5231e+10  2.56%  50.6 1710s
 77154 23863 8.5231e+10   85   48 8.3103e+10 8.5231e+10  2.56%  50.6 1715s
 77367 23996 8.5231e+10   60  120 8.3103e+10 8.5231e+10  2.56%  50.6 1720s
 77674 24098 8.4120e+10  100   85 8.3103e+10 8.5231e+10  2.56%  50.6 1725s
 77914 24146 8.5193e+10   96   98 8.3103e+10 8.5231e+10  2.56%  50.6 1730s
 78213 24168 8.5231e+10   91   34 8.3103e+10 8.5231e+10  2.56%  50.6 1735s
 78474 24213 8.5231e+10   97   42 8.3103e+10 8.5231e+10  2.56%  50.6 1740s
 78673 24262 8.5231e+10  114   48 8.3103e+10 8.5231e+10  2.56%  50.7 1745s
 78890 24278 8.5231e+10   83   57 8.3103e+10 8.5231e+10  2.56%  50.8 1752s
 78950 24281 8.5231e+10  111   66 8.3103e+10 8.5231e+10  2.56%  50.8 1755s
 79181 24296 infeasible  104      8.3103e+10 8.5231e+10  2.56%  50.9 1760s
 79438 24316 8.5231e+10  108   58 8.3103e+10 8.5231e+10  2.56%  50.9 1765s
 79723 24317 8.4938e+10   99   85 8.3103e+10 8.5231e+10  2.56%  51.0 1770s
 79977 24308 8.5231e+10   92   46 8.3103e+10 8.5231e+10  2.56%  51.1 1775s
 80229 24334 8.5231e+10   98   38 8.3103e+10 8.5231e+10  2.56%  51.1 1780s
 80460 24382 8.5231e+10   83   49 8.3103e+10 8.5231e+10  2.56%  51.2 1785s
 80663 24475 8.5231e+10   91   99 8.3103e+10 8.5231e+10  2.56%  51.2 1790s
 80880 24557     cutoff   94      8.3103e+10 8.5231e+10  2.56%  51.2 1795s
 81128 24638 infeasible  107      8.3103e+10 8.5231e+10  2.56%  51.2 1800s
 81417 24722 8.5231e+10   97   48 8.3103e+10 8.5231e+10  2.56%  51.2 1805s
 81635 24765 8.3522e+10  109   35 8.3103e+10 8.5231e+10  2.56%  51.2 1810s
 81702 24790 8.3522e+10   99   39 8.3103e+10 8.5231e+10  2.56%  51.2 1815s
 81950 24879 8.5231e+10   94   52 8.3103e+10 8.5231e+10  2.56%  51.3 1820s
 82208 24945 8.5231e+10  100   88 8.3103e+10 8.5231e+10  2.56%  51.3 1825s
 82450 24988 8.5069e+10  108  153 8.3103e+10 8.5231e+10  2.56%  51.3 1830s
 82666 25073 8.5231e+10  122   14 8.3103e+10 8.5231e+10  2.56%  51.3 1835s
 82930 25208 8.5231e+10   89   43 8.3103e+10 8.5231e+10  2.56%  51.3 1840s
 83235 25258 8.3522e+10   99   47 8.3103e+10 8.5231e+10  2.56%  51.3 1845s
 83476 25330 8.5231e+10   95  110 8.3103e+10 8.5231e+10  2.56%  51.4 1850s
 83646 25361 8.4911e+10   87  140 8.3103e+10 8.5231e+10  2.56%  51.4 1856s
 83750 25381 8.5231e+10   77   78 8.3103e+10 8.5231e+10  2.56%  51.4 1860s
 84000 25411 8.5080e+10  100   22 8.3103e+10 8.5231e+10  2.56%  51.5 1865s
 84220 25453 8.5231e+10   71   44 8.3103e+10 8.5231e+10  2.56%  51.6 1870s
 84408 25473 8.5231e+10  104   60 8.3103e+10 8.5231e+10  2.56%  51.6 1875s
 84662 25571 8.5231e+10   82   43 8.3103e+10 8.5231e+10  2.56%  51.6 1880s
 84903 25568 8.5231e+10   83   43 8.3103e+10 8.5231e+10  2.56%  51.6 1885s
 85136 25690 8.5231e+10   69   99 8.3103e+10 8.5231e+10  2.56%  51.6 1890s
 85367 25761 8.4204e+10  105   65 8.3103e+10 8.5231e+10  2.56%  51.7 1895s
 85628 25843 8.5231e+10  102   63 8.3103e+10 8.5231e+10  2.56%  51.6 1900s
 85651 25848 8.5231e+10   78   53 8.3103e+10 8.5231e+10  2.56%  51.6 1905s
 85869 25907 infeasible   95      8.3103e+10 8.5231e+10  2.56%  51.6 1910s
 86118 25964 8.5231e+10   69   45 8.3103e+10 8.5231e+10  2.56%  51.6 1915s
 86377 26111 8.3522e+10   99   45 8.3103e+10 8.5231e+10  2.56%  51.6 1920s
 86667 26227 8.4204e+10  104   31 8.3103e+10 8.5231e+10  2.56%  51.6 1925s
 86881 26303 8.5231e+10   98   60 8.3103e+10 8.5231e+10  2.56%  51.6 1930s
 87161 26416 8.5231e+10   79   59 8.3103e+10 8.5231e+10  2.56%  51.6 1935s
 87364 26501 8.5231e+10   93   50 8.3103e+10 8.5231e+10  2.56%  51.6 1940s
 87555 26572 8.4052e+10   90   69 8.3103e+10 8.5231e+10  2.56%  51.6 1945s
 87842 26728 8.3265e+10   98   95 8.3103e+10 8.5231e+10  2.56%  51.6 1950s
 88068 26822 8.3522e+10  100   31 8.3103e+10 8.5231e+10  2.56%  51.6 1955s
 88329 26920 8.5231e+10  105   44 8.3103e+10 8.5231e+10  2.56%  51.6 1960s
 88548 26994 8.5231e+10   70   57 8.3103e+10 8.5231e+10  2.56%  51.7 1965s
 88773 27129 8.4805e+10  116   82 8.3103e+10 8.5231e+10  2.56%  51.7 1970s
 88903 27195 8.5231e+10   81   43 8.3103e+10 8.5231e+10  2.56%  51.7 1975s
 89071 27280 8.4204e+10   86   42 8.3103e+10 8.5231e+10  2.56%  51.7 1980s
 89291 27422 8.4827e+10   90  124 8.3103e+10 8.5231e+10  2.56%  51.7 1985s
 89572 27460 8.5231e+10   97   29 8.3103e+10 8.5231e+10  2.56%  51.7 1990s
 89859 27508 8.3231e+10   89   57 8.3103e+10 8.5231e+10  2.56%  51.7 1995s
 90103 27547 8.5231e+10  100   40 8.3103e+10 8.5231e+10  2.56%  51.8 2000s
 90343 27587 8.5229e+10  103   76 8.3103e+10 8.5231e+10  2.56%  51.8 2005s
 90603 27635 8.5172e+10  106   97 8.3103e+10 8.5231e+10  2.56%  51.8 2010s
 90859 27735 8.5231e+10   96   54 8.3103e+10 8.5231e+10  2.56%  51.8 2015s
 91056 27789 8.5231e+10   95   26 8.3103e+10 8.5231e+10  2.56%  51.9 2020s
 91305 27874 8.5204e+10  110   68 8.3103e+10 8.5231e+10  2.56%  51.9 2025s
 91417 27906 8.5231e+10   94   58 8.3103e+10 8.5231e+10  2.56%  51.9 2030s
 91547 27905 8.5231e+10   97   45 8.3103e+10 8.5231e+10  2.56%  51.9 2035s
 91784 27926 8.3522e+10   96   48 8.3103e+10 8.5231e+10  2.56%  51.9 2040s
 92018 27975 8.5231e+10   88   51 8.3103e+10 8.5231e+10  2.56%  51.9 2045s
 92220 28014 8.5231e+10   89   62 8.3103e+10 8.5231e+10  2.56%  52.0 2050s
 92483 28076 infeasible   75      8.3103e+10 8.5231e+10  2.56%  52.0 2055s
 92697 28159 8.5231e+10   68   69 8.3103e+10 8.5231e+10  2.56%  52.0 2060s
 92978 28241 8.5227e+10  104   94 8.3103e+10 8.5231e+10  2.56%  52.1 2065s
 93237 28287 8.3521e+10   96   34 8.3103e+10 8.5231e+10  2.56%  52.1 2070s
 93458 28328 8.5231e+10   95   56 8.3103e+10 8.5231e+10  2.56%  52.1 2075s
 93753 28400 infeasible  102      8.3103e+10 8.5231e+10  2.56%  52.2 2080s
 93789 28394 8.3522e+10   97   31 8.3103e+10 8.5231e+10  2.56%  52.2 2085s
 94005 28441 infeasible   86      8.3103e+10 8.5231e+10  2.56%  52.2 2090s
 94261 28547 8.5231e+10   84   74 8.3103e+10 8.5231e+10  2.56%  52.3 2095s
 94501 28585 8.5231e+10   79   65 8.3103e+10 8.5231e+10  2.56%  52.3 2100s
 94768 28617 8.5231e+10   75   53 8.3103e+10 8.5231e+10  2.56%  52.3 2105s
 95023 28620 8.5231e+10   79   33 8.3103e+10 8.5231e+10  2.56%  52.4 2110s
 95229 28658 8.5231e+10   69   74 8.3103e+10 8.5231e+10  2.56%  52.4 2115s
 95477 28687 infeasible  105      8.3103e+10 8.5231e+10  2.56%  52.4 2120s
 95698 28749 infeasible   72      8.3103e+10 8.5231e+10  2.56%  52.5 2125s
 95974 28841 8.5231e+10   73  100 8.3103e+10 8.5231e+10  2.56%  52.5 2130s
 96211 28931 8.5004e+10   95  150 8.3103e+10 8.5231e+10  2.56%  52.5 2135s
 96448 29005 infeasible   89      8.3103e+10 8.5231e+10  2.56%  52.5 2140s
 96545 29053 8.5080e+10  101   47 8.3103e+10 8.5231e+10  2.56%  52.5 2145s
 96708 29120 8.4204e+10  108   16 8.3103e+10 8.5231e+10  2.56%  52.5 2150s
 96921 29200 8.5168e+10   90  102 8.3103e+10 8.5231e+10  2.56%  52.6 2155s
 97135 29272 8.5231e+10  101   32 8.3103e+10 8.5231e+10  2.56%  52.6 2160s
 97388 29373 8.5231e+10   92   34 8.3103e+10 8.5231e+10  2.56%  52.6 2165s
 97638 29490 8.5231e+10   83   63 8.3103e+10 8.5231e+10  2.56%  52.6 2170s
 97844 29571 8.5231e+10   85   41 8.3103e+10 8.5231e+10  2.56%  52.6 2175s
 98133 29659 8.5231e+10   88   68 8.3103e+10 8.5231e+10  2.56%  52.7 2180s
 98399 29729 8.5231e+10   94   50 8.3103e+10 8.5231e+10  2.56%  52.7 2185s
 98585 29759 8.5231e+10   91   32 8.3103e+10 8.5231e+10  2.56%  52.8 2190s
 98808 29825 infeasible   99      8.3103e+10 8.5231e+10  2.56%  52.8 2195s
 99034 29871 8.4204e+10  120   14 8.3103e+10 8.5231e+10  2.56%  52.8 2200s
 99258 29908 8.5231e+10   99   51 8.3103e+10 8.5231e+10  2.56%  52.9 2205s
 99406 29928 8.5213e+10  108  113 8.3103e+10 8.5231e+10  2.56%  52.9 2211s
 99502 29921 8.5138e+10  102  116 8.3103e+10 8.5231e+10  2.56%  53.0 2215s
 99668 29940 8.5216e+10  100  116 8.3103e+10 8.5231e+10  2.56%  53.1 2220s
 99906 30011 8.3522e+10  113  138 8.3103e+10 8.5231e+10  2.56%  53.1 2225s
 100106 30032 8.4405e+10  108  183 8.3103e+10 8.5231e+10  2.56%  53.2 2230s
 100332 30052 8.4396e+10  107  141 8.3103e+10 8.5231e+10  2.56%  53.3 2235s
 100528 30046 8.3447e+10  105  138 8.3103e+10 8.5231e+10  2.56%  53.3 2240s
 100774 30068 8.5164e+10  101  125 8.3103e+10 8.5231e+10  2.56%  53.4 2245s
 101024 30138 8.3522e+10  104   21 8.3103e+10 8.5231e+10  2.56%  53.4 2250s
 101303 30140 8.3522e+10  100   28 8.3103e+10 8.5231e+10  2.56%  53.4 2255s
 101617 30175 8.3522e+10  101   31 8.3103e+10 8.5231e+10  2.56%  53.4 2260s
 101869 30199 8.5231e+10  103   32 8.3103e+10 8.5231e+10  2.56%  53.4 2267s
 101948 30198 8.4204e+10  105   61 8.3103e+10 8.5231e+10  2.56%  53.5 2270s
 102225 30223 8.5231e+10  103   45 8.3103e+10 8.5231e+10  2.56%  53.4 2275s
 102566 30285 8.4204e+10  108   51 8.3103e+10 8.5231e+10  2.56%  53.4 2280s
 102819 30290 8.5231e+10  103   42 8.3103e+10 8.5231e+10  2.56%  53.4 2285s
 103085 30318 8.5231e+10  103   22 8.3103e+10 8.5231e+10  2.56%  53.4 2290s
 103341 30349     cutoff  105      8.3103e+10 8.5231e+10  2.56%  53.5 2295s
 103623 30383 8.3522e+10   95   59 8.3103e+10 8.5231e+10  2.56%  53.5 2300s
 103915 30416 8.5231e+10  103   44 8.3103e+10 8.5231e+10  2.56%  53.4 2305s
 104171 30407 8.3522e+10  107   18 8.3103e+10 8.5231e+10  2.56%  53.5 2310s
 104271 30407 8.4204e+10  118   16 8.3103e+10 8.5231e+10  2.56%  53.5 2315s
 104494 30444 8.3522e+10  103   43 8.3103e+10 8.5231e+10  2.56%  53.4 2320s
 104756 30430 8.5231e+10   94   68 8.3103e+10 8.5231e+10  2.56%  53.5 2325s
 105044 30479 8.5231e+10   91   41 8.3103e+10 8.5231e+10  2.56%  53.5 2330s
 105259 30527 8.5231e+10   95   64 8.3103e+10 8.5231e+10  2.56%  53.5 2335s
 105465 30574 8.5231e+10  108   54 8.3103e+10 8.5231e+10  2.56%  53.6 2340s
 105780 30610 8.5231e+10  101   25 8.3103e+10 8.5231e+10  2.56%  53.6 2345s
 106098 30647 8.4204e+10  109   46 8.3103e+10 8.5231e+10  2.56%  53.6 2350s
 106311 30677 8.5197e+10  109  125 8.3103e+10 8.5231e+10  2.56%  53.7 2355s
 106581 30676 8.5231e+10   95   69 8.3103e+10 8.5231e+10  2.56%  53.7 2360s
 106769 30695 8.5231e+10  107   47 8.3103e+10 8.5231e+10  2.56%  53.8 2365s
 106981 30738 8.5231e+10  113   40 8.3103e+10 8.5231e+10  2.56%  53.9 2370s
 107198 30765 8.5231e+10  114   53 8.3103e+10 8.5231e+10  2.56%  53.9 2375s
 107293 30786 8.4095e+10  120   68 8.3103e+10 8.5231e+10  2.56%  54.0 2381s
 107412 30771 8.3521e+10  106   32 8.3103e+10 8.5231e+10  2.56%  54.0 2385s
 107624 30791 8.5231e+10  106   58 8.3103e+10 8.5231e+10  2.56%  54.1 2390s
 107789 30798 8.5231e+10  104   49 8.3103e+10 8.5231e+10  2.56%  54.2 2395s
 107985 30807 8.5231e+10  100   59 8.3103e+10 8.5231e+10  2.56%  54.3 2400s
 108130 30829     cutoff  112      8.3103e+10 8.5231e+10  2.56%  54.3 2405s
 108299 30841 8.5231e+10   96   45 8.3103e+10 8.5231e+10  2.56%  54.4 2410s
 108561 30906 8.5231e+10   90   67 8.3103e+10 8.5231e+10  2.56%  54.5 2415s
 108849 30977 8.3926e+10  130   41 8.3103e+10 8.5231e+10  2.56%  54.5 2420s
 109154 31021 8.5231e+10   93   22 8.3103e+10 8.5231e+10  2.56%  54.5 2425s
 109408 31032     cutoff  105      8.3103e+10 8.5231e+10  2.56%  54.5 2430s
 109612 31042 8.3522e+10  105    8 8.3103e+10 8.5231e+10  2.56%  54.6 2435s
 109804 31073 8.5231e+10  100   32 8.3103e+10 8.5231e+10  2.56%  54.6 2440s
 109832 31071 8.5191e+10   99  110 8.3103e+10 8.5231e+10  2.56%  54.6 2445s
 110021 31091     cutoff   97      8.3103e+10 8.5231e+10  2.56%  54.7 2450s
 110265 31113 8.5231e+10   97   37 8.3103e+10 8.5231e+10  2.56%  54.7 2455s
 110575 31146 8.3522e+10   98   62 8.3103e+10 8.5231e+10  2.56%  54.8 2460s
 110811 31170     cutoff  103      8.3103e+10 8.5231e+10  2.56%  54.9 2465s
 111062 31209 8.3521e+10  106   32 8.3103e+10 8.5231e+10  2.56%  54.9 2470s
 111296 31207 8.5231e+10  101   49 8.3103e+10 8.5231e+10  2.56%  54.9 2475s
 111498 31201 8.4807e+10  105  114 8.3103e+10 8.5231e+10  2.56%  55.0 2480s
 111749 31217 8.5231e+10  100   39 8.3103e+10 8.5231e+10  2.56%  55.0 2485s
 112047 31272     cutoff   95      8.3103e+10 8.5231e+10  2.56%  55.0 2490s
 112309 31325 8.3780e+10  100  118 8.3103e+10 8.5231e+10  2.56%  55.0 2495s
 112609 31397 8.4204e+10  108   54 8.3103e+10 8.5231e+10  2.56%  55.0 2500s
 112874 31424     cutoff  109      8.3103e+10 8.5231e+10  2.56%  55.1 2505s
 113165 31458 8.5231e+10   98   41 8.3103e+10 8.5231e+10  2.56%  55.1 2510s
 113500 31507 8.4204e+10  104   20 8.3103e+10 8.5231e+10  2.56%  55.1 2515s
 113723 31534 8.4204e+10  109   41 8.3103e+10 8.5231e+10  2.56%  55.1 2522s
 113788 31546     cutoff  106      8.3103e+10 8.5231e+10  2.56%  55.1 2525s
 114112 31597 8.5231e+10  110   13 8.3103e+10 8.5231e+10  2.56%  55.1 2530s
 114382 31630 8.3522e+10  102   30 8.3103e+10 8.5231e+10  2.56%  55.1 2535s
 114610 31663 infeasible  113      8.3103e+10 8.5231e+10  2.56%  55.1 2540s
 114800 31682 8.4204e+10  110   31 8.3103e+10 8.5231e+10  2.56%  55.2 2545s
 115070 31740     cutoff   96      8.3103e+10 8.5231e+10  2.56%  55.2 2550s
 115317 31782 8.3522e+10  100   22 8.3103e+10 8.5231e+10  2.56%  55.2 2555s
 115617 31819 8.5231e+10   95   95 8.3103e+10 8.5231e+10  2.56%  55.2 2560s
 115842 31855 8.3522e+10   96   59 8.3103e+10 8.5231e+10  2.56%  55.2 2565s
 116108 31907 8.4633e+10  100   83 8.3103e+10 8.5231e+10  2.56%  55.2 2570s
 116365 31972 8.5231e+10  105   14 8.3103e+10 8.5231e+10  2.56%  55.3 2575s
 116642 32007 8.4204e+10  106   43 8.3103e+10 8.5231e+10  2.56%  55.3 2580s
 116899 32034 8.5231e+10   99   24 8.3103e+10 8.5231e+10  2.56%  55.3 2585s
 116997 32041 8.3522e+10  100   29 8.3103e+10 8.5231e+10  2.56%  55.3 2590s
 117166 32051 8.4204e+10  122   27 8.3103e+10 8.5231e+10  2.56%  55.3 2595s
 117443 32120 8.5231e+10   95   22 8.3103e+10 8.5231e+10  2.56%  55.3 2600s
 117703 32174     cutoff  113      8.3103e+10 8.5231e+10  2.56%  55.3 2605s
 118002 32215 infeasible  104      8.3103e+10 8.5231e+10  2.56%  55.4 2610s
 118247 32246 8.5231e+10  108   47 8.3103e+10 8.5231e+10  2.56%  55.4 2615s
 118472 32277 8.5231e+10  109   38 8.3103e+10 8.5231e+10  2.56%  55.4 2620s
 118739 32294 8.4204e+10  109   52 8.3103e+10 8.5231e+10  2.56%  55.4 2625s
 119009 32340 8.4864e+10  114  144 8.3103e+10 8.5231e+10  2.56%  55.4 2630s
 119262 32350 8.5231e+10  104   59 8.3103e+10 8.5231e+10  2.56%  55.4 2635s
 119493 32348     cutoff  110      8.3103e+10 8.5231e+10  2.56%  55.5 2640s
 119722 32359 8.5231e+10  102   48 8.3103e+10 8.5231e+10  2.56%  55.5 2645s
 120040 32450 8.4710e+10  117   85 8.3103e+10 8.5231e+10  2.56%  55.5 2650s
 120246 32473 8.4198e+10  117  120 8.3103e+10 8.5231e+10  2.56%  55.5 2659s
 120250 32471 8.4198e+10  116  123 8.3103e+10 8.5231e+10  2.56%  55.5 2660s
 120443 32465 8.5231e+10  109   35 8.3103e+10 8.5231e+10  2.56%  55.6 2665s
 120671 32482 infeasible  110      8.3103e+10 8.5231e+10  2.56%  55.6 2670s
 120908 32491 8.5231e+10  110   66 8.3103e+10 8.5231e+10  2.56%  55.7 2675s
 121160 32529 8.5194e+10  109  125 8.3103e+10 8.5231e+10  2.56%  55.7 2680s
 121420 32549 8.4579e+10  101  150 8.3103e+10 8.5231e+10  2.56%  55.7 2685s
 121643 32563 8.5231e+10   93   73 8.3103e+10 8.5231e+10  2.56%  55.8 2690s
 121881 32575 8.5231e+10   95   42 8.3103e+10 8.5231e+10  2.56%  55.9 2695s
 122131 32593 8.5231e+10   98   33 8.3103e+10 8.5231e+10  2.56%  55.9 2700s
 122372 32595 8.5231e+10   94   46 8.3103e+10 8.5231e+10  2.56%  56.0 2705s
 122631 32609 8.5231e+10  100   34 8.3103e+10 8.5231e+10  2.56%  56.0 2710s
 122886 32592 8.5231e+10   99   33 8.3103e+10 8.5231e+10  2.56%  56.0 2715s
 123129 32583 8.5231e+10   87   48 8.3103e+10 8.5231e+10  2.56%  56.0 2720s
 123381 32608     cutoff   95      8.3103e+10 8.5231e+10  2.56%  56.1 2725s
 123632 32620 8.5231e+10   98   26 8.3103e+10 8.5231e+10  2.56%  56.1 2730s
 123862 32621 8.5176e+10  101  107 8.3103e+10 8.5231e+10  2.56%  56.2 2735s
 124003 32614 8.3716e+10   99  131 8.3103e+10 8.5231e+10  2.56%  56.2 2742s
 124098 32636 8.5231e+10   98   61 8.3103e+10 8.5231e+10  2.56%  56.2 2745s
 124332 32616     cutoff   96      8.3103e+10 8.5231e+10  2.56%  56.3 2750s
 124575 32688 8.5231e+10   95   14 8.3103e+10 8.5231e+10  2.56%  56.3 2755s
 124870 32801 8.4204e+10  112   30 8.3103e+10 8.5231e+10  2.56%  56.3 2760s
 125050 32875 8.4204e+10   97   55 8.3103e+10 8.5231e+10  2.56%  56.3 2765s
 125384 32951 8.3184e+10  102   47 8.3103e+10 8.5231e+10  2.56%  56.3 2770s
 125630 33000 8.5231e+10   96   15 8.3103e+10 8.5231e+10  2.56%  56.3 2775s
 125817 33050 infeasible  106      8.3103e+10 8.5231e+10  2.56%  56.4 2780s
 126012 33087 8.5231e+10  106   19 8.3103e+10 8.5231e+10  2.56%  56.4 2785s
 126281 33132 8.5231e+10   93   41 8.3103e+10 8.5231e+10  2.56%  56.5 2790s
 126527 33180 8.5231e+10   94   44 8.3103e+10 8.5231e+10  2.56%  56.5 2795s
 126778 33221     cutoff   95      8.3103e+10 8.5231e+10  2.56%  56.5 2800s
 126906 33244 8.5231e+10   88   35 8.3103e+10 8.5231e+10  2.56%  56.5 2806s
 127032 33244 8.5231e+10   93   44 8.3103e+10 8.5231e+10  2.56%  56.5 2810s
 127284 33321 8.5231e+10   98   33 8.3103e+10 8.5231e+10  2.56%  56.5 2815s
 127560 33425 8.3522e+10  100   25 8.3103e+10 8.5231e+10  2.56%  56.5 2820s
 127846 33482 8.5231e+10   92   27 8.3103e+10 8.5231e+10  2.56%  56.5 2825s
 128144 33548 8.5208e+10   98   82 8.3103e+10 8.5231e+10  2.56%  56.5 2830s
 128396 33540 infeasible  104      8.3103e+10 8.5231e+10  2.56%  56.5 2835s
 128655 33559 infeasible   97      8.3103e+10 8.5231e+10  2.56%  56.6 2840s
 128932 33554 8.5231e+10   94   52 8.3103e+10 8.5231e+10  2.56%  56.6 2845s
 129188 33617 8.5231e+10   89   46 8.3103e+10 8.5231e+10  2.56%  56.5 2850s
 129402 33645 8.5231e+10  102   41 8.3103e+10 8.5231e+10  2.56%  56.6 2855s
 129646 33655 8.5231e+10   94   57 8.3103e+10 8.5231e+10  2.56%  56.6 2860s
 129848 33658 infeasible  100      8.3103e+10 8.5231e+10  2.56%  56.6 2865s
 130122 33658 8.5231e+10   94   38 8.3103e+10 8.5231e+10  2.56%  56.7 2870s
 130321 33719 8.5231e+10   83   31 8.3103e+10 8.5231e+10  2.56%  56.7 2878s
 130385 33732 8.5219e+10  101  101 8.3103e+10 8.5231e+10  2.56%  56.7 2880s
 130607 33744 8.5231e+10   95   38 8.3103e+10 8.5231e+10  2.56%  56.7 2885s
 130859 33750 8.5231e+10   80   64 8.3103e+10 8.5231e+10  2.56%  56.7 2890s
 131112 33761 8.5231e+10   94   28 8.3103e+10 8.5231e+10  2.56%  56.8 2895s
 131364 33769 8.5231e+10   79   60 8.3103e+10 8.5231e+10  2.56%  56.8 2900s
 131626 33765 infeasible   89      8.3103e+10 8.5231e+10  2.56%  56.8 2905s
 131869 33838 8.5231e+10   79   41 8.3103e+10 8.5231e+10  2.56%  56.9 2910s
 132139 33888 8.5231e+10   74   61 8.3103e+10 8.5231e+10  2.56%  56.9 2915s
 132392 33936 8.4476e+10  100   84 8.3103e+10 8.5231e+10  2.56%  56.9 2920s
 132626 33977 infeasible   79      8.3103e+10 8.5231e+10  2.56%  56.9 2925s
 132842 33973 8.5231e+10   96   41 8.3103e+10 8.5231e+10  2.56%  56.9 2930s
 133070 33974 8.5231e+10   77   51 8.3103e+10 8.5231e+10  2.56%  57.0 2935s
 133286 34033 infeasible   97      8.3103e+10 8.5231e+10  2.56%  57.0 2940s
 133355 34038 8.5212e+10   90   96 8.3103e+10 8.5231e+10  2.56%  57.0 2946s
 133479 34043 8.5231e+10   94   37 8.3103e+10 8.5231e+10  2.56%  57.0 2950s
 133691 34048 8.5146e+10   99   97 8.3103e+10 8.5231e+10  2.56%  57.1 2955s
 133915 34050 infeasible  103      8.3103e+10 8.5231e+10  2.56%  57.1 2960s
 134162 34053 8.5202e+10   99   92 8.3103e+10 8.5231e+10  2.56%  57.1 2965s
 134374 34051 8.4058e+10  100   87 8.3103e+10 8.5231e+10  2.56%  57.2 2970s
 134622 34154 infeasible   97      8.3103e+10 8.5231e+10  2.56%  57.2 2975s
 134823 34163 infeasible   97      8.3103e+10 8.5231e+10  2.56%  57.2 2980s
 135079 34182 8.5231e+10   91   61 8.3103e+10 8.5231e+10  2.56%  57.2 2985s
 135331 34180 8.5231e+10   94   46 8.3103e+10 8.5231e+10  2.56%  57.2 2990s
 135563 34164 8.5071e+10   96  128 8.3103e+10 8.5231e+10  2.56%  57.3 2995s
 135759 34175 8.5231e+10   92   34 8.3103e+10 8.5231e+10  2.56%  57.3 3000s
 135841 34173 8.5231e+10   93   24 8.3103e+10 8.5231e+10  2.56%  57.3 3005s
 136082 34166 infeasible   91      8.3103e+10 8.5231e+10  2.56%  57.3 3010s
 136272 34231 8.4499e+10  100   88 8.3103e+10 8.5231e+10  2.56%  57.3 3015s
 136528 34275 8.5181e+10   93  102 8.3103e+10 8.5231e+10  2.56%  57.3 3020s
 136839 34352 8.4204e+10  108   23 8.3103e+10 8.5231e+10  2.56%  57.3 3025s
 137028 34422 8.4957e+10   89  101 8.3103e+10 8.5231e+10  2.56%  57.4 3030s
 137295 34489 8.5231e+10   96   23 8.3103e+10 8.5231e+10  2.56%  57.3 3035s
 137525 34556 8.4204e+10   98   57 8.3103e+10 8.5231e+10  2.56%  57.3 3040s
 137732 34610 8.5231e+10   86   61 8.3103e+10 8.5231e+10  2.56%  57.3 3045s
 138012 34692 8.5231e+10   95   37 8.3103e+10 8.5231e+10  2.56%  57.3 3050s
 138219 34712 8.5231e+10   86   64 8.3103e+10 8.5231e+10  2.56%  57.3 3055s
 138364 34720 8.5231e+10   90   55 8.3103e+10 8.5231e+10  2.56%  57.3 3063s
 138413 34724 infeasible   83      8.3103e+10 8.5231e+10  2.56%  57.3 3065s
 138632 34757 8.5231e+10   71   57 8.3103e+10 8.5231e+10  2.56%  57.4 3070s
 138849 34845 8.5231e+10   77   49 8.3103e+10 8.5231e+10  2.56%  57.4 3075s
 139131 34861 8.5231e+10   75   68 8.3103e+10 8.5231e+10  2.56%  57.3 3080s
 139372 34862 8.5206e+10   74  102 8.3103e+10 8.5231e+10  2.56%  57.3 3085s
 139629 35003 8.5231e+10   76   46 8.3103e+10 8.5231e+10  2.56%  57.3 3090s
 139884 35013 8.5231e+10   83   50 8.3103e+10 8.5231e+10  2.56%  57.3 3095s
 140161 35062 8.5231e+10   70   64 8.3103e+10 8.5231e+10  2.56%  57.2 3100s
 140410 35138 infeasible   65      8.3103e+10 8.5231e+10  2.56%  57.2 3105s
 140690 35260 8.5231e+10   71   62 8.3103e+10 8.5231e+10  2.56%  57.2 3110s
 140914 35324     cutoff  112      8.3103e+10 8.5231e+10  2.56%  57.2 3115s
 141166 35422 8.5231e+10  105   22 8.3103e+10 8.5231e+10  2.56%  57.2 3120s
 141440 35487 8.5231e+10   96   70 8.3103e+10 8.5231e+10  2.56%  57.2 3125s
 141664 35543 8.5231e+10   82   62 8.3103e+10 8.5231e+10  2.56%  57.2 3130s
 141903 35626 8.5231e+10   87   55 8.3103e+10 8.5231e+10  2.56%  57.2 3135s
 142126 35726 8.5231e+10   93   45 8.3103e+10 8.5231e+10  2.56%  57.2 3140s
 142378 35827 8.5231e+10   85   40 8.3103e+10 8.5231e+10  2.56%  57.2 3145s
 142645 35908 8.5056e+10   96   52 8.3103e+10 8.5231e+10  2.56%  57.2 3150s
 142707 35944 8.5231e+10   84   41 8.3103e+10 8.5231e+10  2.56%  57.2 3155s
 142916 36036 8.5231e+10   89   43 8.3103e+10 8.5231e+10  2.56%  57.2 3160s
 143197 36156 8.5231e+10   96   55 8.3103e+10 8.5231e+10  2.56%  57.2 3165s
 143438 36240 8.5231e+10   91   57 8.3103e+10 8.5231e+10  2.56%  57.2 3170s
 143685 36338 8.5231e+10   69   61 8.3103e+10 8.5231e+10  2.56%  57.3 3175s
 143909 36464 8.5231e+10   87   31 8.3103e+10 8.5231e+10  2.56%  57.3 3180s
 144167 36588 8.4194e+10  107  127 8.3103e+10 8.5231e+10  2.56%  57.2 3185s
 144451 36713 8.4204e+10  108   50 8.3103e+10 8.5231e+10  2.56%  57.2 3190s
 144606 36795 8.5228e+10   85   97 8.3103e+10 8.5231e+10  2.56%  57.2 3195s
 144926 36977 8.4112e+10   88   46 8.3103e+10 8.5231e+10  2.56%  57.2 3200s
 145116 37090 8.5231e+10   90   18 8.3103e+10 8.5231e+10  2.56%  57.2 3205s
 145384 37121 8.5231e+10   79   48 8.3103e+10 8.5231e+10  2.56%  57.2 3210s
 145594 37173 8.3522e+10  101   46 8.3103e+10 8.5231e+10  2.56%  57.3 3217s
 145697 37197 8.5231e+10   94   35 8.3103e+10 8.5231e+10  2.56%  57.2 3220s
 145905 37223 8.4944e+10   95  130 8.3103e+10 8.5231e+10  2.56%  57.3 3225s
 146174 37308 8.5231e+10  101   21 8.3103e+10 8.5231e+10  2.56%  57.3 3230s
 146394 37365 8.3522e+10  100   28 8.3103e+10 8.5231e+10  2.56%  57.3 3235s
 146677 37443 8.5231e+10   80   50 8.3103e+10 8.5231e+10  2.56%  57.3 3240s
 146953 37506 8.5231e+10   98   33 8.3103e+10 8.5231e+10  2.56%  57.3 3245s
 147184 37567 8.5231e+10   85   48 8.3103e+10 8.5231e+10  2.56%  57.3 3250s
 147408 37636 8.4686e+10   96   76 8.3103e+10 8.5231e+10  2.56%  57.3 3255s
 147647 37700 8.5231e+10   89   37 8.3103e+10 8.5231e+10  2.56%  57.3 3260s
 147887 37810 8.5231e+10   87   34 8.3103e+10 8.5231e+10  2.56%  57.3 3265s
 148110 37892 8.5231e+10   86   19 8.3103e+10 8.5231e+10  2.56%  57.3 3270s
 148347 37926 8.5231e+10   82   50 8.3103e+10 8.5231e+10  2.56%  57.4 3275s
 148370 37938 8.3522e+10   91   32 8.3103e+10 8.5231e+10  2.56%  57.4 3280s
 148530 37974 8.5231e+10   85   85 8.3103e+10 8.5231e+10  2.56%  57.4 3285s
 148736 38032 8.5018e+10   86  159 8.3103e+10 8.5231e+10  2.56%  57.4 3290s
 148971 38094 8.5231e+10   91   36 8.3103e+10 8.5231e+10  2.56%  57.4 3295s
 149173 38183 8.5168e+10   80   80 8.3103e+10 8.5231e+10  2.56%  57.4 3300s
 149425 38291 8.3522e+10   87   32 8.3103e+10 8.5231e+10  2.56%  57.4 3305s
 149721 38359 8.5231e+10   77  122 8.3103e+10 8.5231e+10  2.56%  57.4 3310s
 149882 38364 8.5231e+10   77   49 8.3103e+10 8.5231e+10  2.56%  57.4 3315s
 150067 38367 8.5231e+10   83  108 8.3103e+10 8.5231e+10  2.56%  57.4 3320s
 150267 38359 8.5231e+10   80   46 8.3103e+10 8.5231e+10  2.56%  57.5 3325s
 150473 38372 8.5204e+10   85  116 8.3103e+10 8.5231e+10  2.56%  57.5 3330s
 150660 38377 8.5209e+10   86  141 8.3103e+10 8.5231e+10  2.56%  57.6 3335s
 150833 38375     cutoff   86      8.3103e+10 8.5231e+10  2.56%  57.6 3340s
 150973 38380 8.5231e+10   98   44 8.3103e+10 8.5231e+10  2.56%  57.6 3347s
 151030 38393 8.5231e+10   88   43 8.3103e+10 8.5231e+10  2.56%  57.7 3350s
 151259 38421 8.5231e+10   95   37 8.3103e+10 8.5231e+10  2.56%  57.7 3355s
 151447 38426 8.5231e+10   92   31 8.3103e+10 8.5231e+10  2.56%  57.7 3360s
 151751 38424 8.4370e+10   97  108 8.3103e+10 8.5231e+10  2.56%  57.8 3365s
 151982 38435 8.4751e+10  102   79 8.3103e+10 8.5231e+10  2.56%  57.8 3370s
 152196 38477     cutoff   96      8.3103e+10 8.5231e+10  2.56%  57.8 3375s
 152459 38478 8.5231e+10   95   41 8.3103e+10 8.5231e+10  2.56%  57.8 3380s
 152682 38473 infeasible   92      8.3103e+10 8.5231e+10  2.56%  57.8 3385s
 152950 38511 8.4938e+10   96  104 8.3103e+10 8.5231e+10  2.56%  57.8 3390s
 153105 38539 8.5231e+10   91   53 8.3103e+10 8.5231e+10  2.56%  57.8 3395s
 153322 38558 8.4459e+10  102  129 8.3103e+10 8.5231e+10  2.56%  57.9 3400s
 153538 38544 8.5231e+10  102   49 8.3103e+10 8.5231e+10  2.56%  57.9 3405s
 153760 38603 8.4431e+10  105  101 8.3103e+10 8.5231e+10  2.56%  58.0 3410s
 153888 38629 8.4616e+10   98  100 8.3103e+10 8.5231e+10  2.56%  58.0 3416s
 153979 38640 8.4052e+10  107   46 8.3103e+10 8.5231e+10  2.56%  58.0 3420s
 154157 38674 infeasible   97      8.3103e+10 8.5231e+10  2.56%  58.0 3425s
 154327 38692 8.5206e+10   97  113 8.3103e+10 8.5231e+10  2.56%  58.1 3430s
 154585 38800 8.5231e+10   99   33 8.3103e+10 8.5231e+10  2.56%  58.1 3435s
 154833 38857 8.3521e+10  110   32 8.3103e+10 8.5231e+10  2.56%  58.1 3440s
 155024 38882 8.5231e+10   93   53 8.3103e+10 8.5231e+10  2.56%  58.1 3445s
 155251 38935 8.5231e+10   94   45 8.3103e+10 8.5231e+10  2.56%  58.1 3450s
 155470 38992 infeasible  102      8.3103e+10 8.5231e+10  2.56%  58.2 3455s
 155691 39049 8.4728e+10  105   81 8.3103e+10 8.5231e+10  2.56%  58.2 3460s
 155924 39151 infeasible   93      8.3103e+10 8.5231e+10  2.56%  58.1 3465s
 156176 39206 8.5231e+10   85   47 8.3103e+10 8.5231e+10  2.56%  58.2 3470s
 156360 39273 8.5231e+10   75   34 8.3103e+10 8.5231e+10  2.56%  58.2 3475s
 156601 39370 8.5231e+10   92   36 8.3103e+10 8.5231e+10  2.56%  58.2 3480s
 156860 39394 infeasible   93      8.3103e+10 8.5231e+10  2.56%  58.2 3485s
 156967 39394 8.5231e+10   90   17 8.3103e+10 8.5231e+10  2.56%  58.2 3492s
 157035 39391 8.5231e+10   88   25 8.3103e+10 8.5231e+10  2.56%  58.2 3495s
 157278 39407 8.5231e+10   78   52 8.3103e+10 8.5231e+10  2.56%  58.2 3500s
 157565 39460 8.5231e+10   77  117 8.3103e+10 8.5231e+10  2.56%  58.2 3505s
 157861 39528 8.5231e+10   82   58 8.3103e+10 8.5231e+10  2.56%  58.2 3510s
 158072 39601 8.5231e+10  100   26 8.3103e+10 8.5231e+10  2.56%  58.2 3515s
 158215 39677 8.5231e+10   60   70 8.3103e+10 8.5231e+10  2.56%  58.3 3520s
 158510 39815 8.5231e+10   75  114 8.3103e+10 8.5231e+10  2.56%  58.3 3525s
 158725 39909 8.5231e+10   72   70 8.3103e+10 8.5231e+10  2.56%  58.2 3530s
 158966 39995 8.5231e+10   77   56 8.3103e+10 8.5231e+10  2.56%  58.2 3535s
 159217 40050 8.5231e+10   81   15 8.3103e+10 8.5231e+10  2.56%  58.3 3540s
 159475 40092 8.5231e+10   69   60 8.3103e+10 8.5231e+10  2.56%  58.2 3545s
 159714 40119 8.4981e+10   81  159 8.3103e+10 8.5231e+10  2.56%  58.3 3550s
 159924 40165 infeasible   91      8.3103e+10 8.5231e+10  2.56%  58.3 3555s
 160165 40250 infeasible   78      8.3103e+10 8.5231e+10  2.56%  58.3 3560s
 160408 40342 8.4204e+10  106   31 8.3103e+10 8.5231e+10  2.56%  58.3 3565s
 160636 40419 8.5231e+10   89   23 8.3103e+10 8.5231e+10  2.56%  58.3 3570s
 160878 40423 8.5231e+10   93   37 8.3103e+10 8.5231e+10  2.56%  58.3 3579s
 160889 40424 8.5231e+10   95   28 8.3103e+10 8.5231e+10  2.56%  58.3 3580s
 161056 40486 8.5231e+10   79   94 8.3103e+10 8.5231e+10  2.56%  58.3 3585s
 161315 40595 8.5231e+10  101   25 8.3103e+10 8.5231e+10  2.56%  58.3 3590s
 161590 40610 8.5231e+10  100   26 8.3103e+10 8.5231e+10  2.56%  58.3 3595s

Cutting planes:
  Learned: 33
  Gomory: 42
  Lift-and-project: 22
  Cover: 860
  Implied bound: 323
  Projected implied bound: 8
  Clique: 44
  MIR: 48
  Mixing: 7
  StrongCG: 1
  Flow cover: 357
  GUB cover: 16
  Inf proof: 210
  Zero half: 5
  RLT: 52
  Relax-and-lift: 77

Explored 161815 nodes (9452080 simplex iterations) in 3599.66 seconds (1652.18 work units)
Thread count was 1 (of 28 available processors)

Solution count 10: 8.31027e+10 8.20227e+10 8.18115e+10 ... 1.74951e+10

Time limit reached
Best objective 8.310270000000e+10, best bound 8.523150000000e+10, gap 2.5616%

User-callback calls 2112630, time in user-callback 1.53 sec