Gurobi Optimizer version 12.0.3 build v12.0.3rc0 (linux64 - "Oracle Linux Server 9.4")

CPU model: Intel(R) Xeon(R) CPU E5-2660 v4 @ 2.00GHz, instruction set [SSE2|AVX|AVX2]
Thread count: 28 physical cores, 28 logical processors, using up to 1 threads

Non-default parameters:
TimeLimit  3597.004286133
SoftMemLimit  16
NumericFocus  1
Threads  1

Academic license 2690100 - for non-commercial use only - registered to ju___@uclm.es
Optimize a model with 9869 rows, 2436 columns and 34040 nonzeros
Model fingerprint: 0x24b5d187
Variable types: 56 continuous, 2380 integer (2380 binary)
Coefficient statistics:
  Matrix range     [1e+00, 3e+13]
  Objective range  [6e+08, 5e+09]
  Bounds range     [1e+03, 1e+04]
  RHS range        [1e+00, 2e+14]
Warning: Model contains large matrix coefficient range
Warning: Model contains large objective coefficients
Warning: Model contains large rhs
Found heuristic solution: objective -0.0000000
Presolve removed 2903 rows and 372 columns
Presolve time: 0.17s
Presolved: 6966 rows, 2064 columns, 24678 nonzeros
Variable types: 56 continuous, 2008 integer (2008 binary)

Root relaxation: objective 7.662873e+10, 1128 iterations, 0.03 seconds (0.02 work units)

    Nodes    |    Current Node    |     Objective Bounds      |     Work
 Expl Unexpl |  Obj  Depth IntInf | Incumbent    BestBd   Gap | It/Node Time

     0     0 7.6629e+10    0   52   -0.00000 7.6629e+10      -     -    0s
     0     0 7.6629e+10    0   60   -0.00000 7.6629e+10      -     -    0s
H    0     0                    1.607040e+10 7.6629e+10   377%     -    0s
     0     0 7.6629e+10    0  163 1.6070e+10 7.6629e+10   377%     -    0s
     0     0 7.6629e+10    0  153 1.6070e+10 7.6629e+10   377%     -    0s
H    0     0                    4.017743e+10 7.6629e+10  90.7%     -    0s
H    0     0                    4.287743e+10 7.6629e+10  78.7%     -    0s
     0     0 7.6629e+10    0  169 4.2877e+10 7.6629e+10  78.7%     -    0s
     0     0 7.6629e+10    0  116 4.2877e+10 7.6629e+10  78.7%     -    0s
     0     0 7.6629e+10    0   58 4.2877e+10 7.6629e+10  78.7%     -    1s
     0     0 7.6629e+10    0   68 4.2877e+10 7.6629e+10  78.7%     -    1s
     0     0 7.6629e+10    0   74 4.2877e+10 7.6629e+10  78.7%     -    1s
     0     0 7.6629e+10    0   30 4.2877e+10 7.6629e+10  78.7%     -    1s
H    0     0                    4.467743e+10 7.6629e+10  71.5%     -    1s
     0     0 7.6629e+10    0   42 4.4677e+10 7.6629e+10  71.5%     -    1s
     0     0 7.6629e+10    0   50 4.4677e+10 7.6629e+10  71.5%     -    1s
     0     0 7.6629e+10    0   50 4.4677e+10 7.6629e+10  71.5%     -    1s
     0     0 7.6629e+10    0   22 4.4677e+10 7.6629e+10  71.5%     -    1s
     0     0 7.6629e+10    0   22 4.4677e+10 7.6629e+10  71.5%     -    1s
     0     0 7.6629e+10    0    8 4.4677e+10 7.6629e+10  71.5%     -    2s
     0     0 7.6629e+10    0   12 4.4677e+10 7.6629e+10  71.5%     -    2s
     0     0 7.6629e+10    0    8 4.4677e+10 7.6629e+10  71.5%     -    2s
     0     2 7.6629e+10    0    8 4.4677e+10 7.6629e+10  71.5%     -    2s
H   52    48                    4.737743e+10 7.6629e+10  61.7%   147    3s
H   78    74                    5.723423e+10 7.6629e+10  33.9%   131    3s
H  130   103                    5.808430e+10 7.6629e+10  31.9%  97.7    3s
H  251   158                    6.078430e+10 7.6629e+10  26.1%  79.4    4s
H  251   158                    6.163438e+10 7.6629e+10  24.3%  79.4    4s
   256   164 7.6629e+10  135  196 6.1634e+10 7.6629e+10  24.3%  79.8    5s
H  327   190                    7.059118e+10 7.6629e+10  8.55%  68.8    5s
   709   402 7.6629e+10   63   20 7.0591e+10 7.6629e+10  8.55%  61.4   10s
   776   443 7.6629e+10   52  167 7.0591e+10 7.6629e+10  8.55%  80.6   15s
   972   543 7.6629e+10  104   90 7.0591e+10 7.6629e+10  8.55%  71.6   20s
* 1024   529             131    7.212873e+10 7.6629e+10  6.24%  70.0   21s
  1126   587 7.6629e+10   90  228 7.2129e+10 7.6629e+10  6.24%  69.7   25s
  1273   650 7.6629e+10   71  139 7.2129e+10 7.6629e+10  6.24%  68.3   30s
  1381   702 7.6629e+10   41  182 7.2129e+10 7.6629e+10  6.24%  66.4   35s
  1574   765 7.6629e+10   39  219 7.2129e+10 7.6629e+10  6.24%  64.3   40s
  1722   820 7.3029e+10  140   75 7.2129e+10 7.6629e+10  6.24%  62.2   45s
  1929   905 7.6629e+10   93  203 7.2129e+10 7.6629e+10  6.24%  61.7   50s
  2216  1143 7.6629e+10  119   95 7.2129e+10 7.6629e+10  6.24%  58.6   55s
H 2284  1187                    7.392873e+10 7.6629e+10  3.65%  58.7   58s
  2340  1227 7.6629e+10   45  188 7.3929e+10 7.6629e+10  3.65%  58.7   60s
  2565  1391 7.6629e+10   95  150 7.3929e+10 7.6629e+10  3.65%  57.8   65s
  2676  1487 7.6629e+10  108   87 7.3929e+10 7.6629e+10  3.65%  57.4   70s
  2906  1597 infeasible  182      7.3929e+10 7.6629e+10  3.65%  57.4   75s
  3035  1597 infeasible  189      7.3929e+10 7.6629e+10  3.65%  57.5   80s
  3190  1597 7.6629e+10  174   60 7.3929e+10 7.6629e+10  3.65%  58.8   85s
  3268  1600 7.6629e+10  174   63 7.3929e+10 7.6629e+10  3.65%  60.6   90s
  3424  1678 7.6629e+10   71   74 7.3929e+10 7.6629e+10  3.65%  60.8   95s
  3608  1806 7.5729e+10  176  107 7.3929e+10 7.6629e+10  3.65%  60.2  100s
  3740  1821 7.5729e+10  137   83 7.3929e+10 7.6629e+10  3.65%  60.8  105s
  3820  1819 7.5729e+10   36  361 7.3929e+10 7.6629e+10  3.65%  62.0  110s
  3958  1934 7.5729e+10  127  101 7.3929e+10 7.6629e+10  3.65%  61.8  115s
  4033  1963 7.6629e+10  128  130 7.3929e+10 7.6629e+10  3.65%  62.5  120s
  4142  2000 7.5555e+10  134   84 7.3929e+10 7.6629e+10  3.65%  64.0  125s
  4292  2068 7.5729e+10  202   49 7.3929e+10 7.6629e+10  3.65%  64.3  130s
  4488  2208 infeasible  164      7.3929e+10 7.6629e+10  3.65%  63.1  135s
  4573  2227 7.6629e+10  181   43 7.3929e+10 7.6629e+10  3.65%  63.3  140s
  4722  2237 7.5729e+10  170   80 7.3929e+10 7.6629e+10  3.65%  64.0  145s
  4836  2248 7.5729e+10  174   69 7.3929e+10 7.6629e+10  3.65%  64.9  150s
  4957  2252 infeasible  165      7.3929e+10 7.6629e+10  3.65%  66.2  155s
  5056  2284 7.6629e+10  185   85 7.3929e+10 7.6629e+10  3.65%  66.5  160s
  5102  2297 7.6629e+10  123    8 7.3929e+10 7.6629e+10  3.65%  66.9  165s
  5124  2312 7.6629e+10   76   14 7.3929e+10 7.6629e+10  3.65%  66.6  170s
  5254  2360 7.6629e+10   27   49 7.3929e+10 7.6629e+10  3.65%  71.1  175s
  5395  2416 7.6629e+10   62  179 7.3929e+10 7.6629e+10  3.65%  71.9  180s
  5491  2443 7.6629e+10   51  224 7.3929e+10 7.6629e+10  3.65%  73.0  185s
  5591  2487 infeasible  102      7.3929e+10 7.6629e+10  3.65%  73.2  190s
  5684  2515 7.6629e+10   72  167 7.3929e+10 7.6629e+10  3.65%  73.1  195s
  5777  2530 7.6629e+10   62  135 7.3929e+10 7.6629e+10  3.65%  72.6  201s
  5922  2507 7.6629e+10   86   76 7.3929e+10 7.6629e+10  3.65%  72.2  205s
  6101  2541 7.5729e+10   79   68 7.3929e+10 7.6629e+10  3.65%  71.6  210s
  6176  2560 7.6629e+10   87  207 7.3929e+10 7.6629e+10  3.65%  71.7  215s
  6276  2604 7.5729e+10   93  122 7.3929e+10 7.6629e+10  3.65%  71.8  222s
  6351  2646 7.5729e+10  164   90 7.3929e+10 7.6629e+10  3.65%  71.2  226s
  6510  2728 7.5729e+10  188   99 7.3929e+10 7.6629e+10  3.65%  70.2  230s
  6738  2834 7.6629e+10  131   73 7.3929e+10 7.6629e+10  3.65%  69.1  235s
  6962  2908 7.6629e+10  121   49 7.3929e+10 7.6629e+10  3.65%  68.5  240s
  7139  2954 7.6629e+10   97   91 7.3929e+10 7.6629e+10  3.65%  68.1  245s
  7393  3014 7.6629e+10   88  104 7.3929e+10 7.6629e+10  3.65%  67.3  250s
  7594  3047 7.6629e+10  110   31 7.3929e+10 7.6629e+10  3.65%  66.6  255s
  7769  3050 7.6629e+10   82  157 7.3929e+10 7.6629e+10  3.65%  66.4  260s
  7912  3108 infeasible  120      7.3929e+10 7.6629e+10  3.65%  66.0  265s
  8125  3161 infeasible  100      7.3929e+10 7.6629e+10  3.65%  65.6  270s
  8237  3102 7.6629e+10  122   58 7.3929e+10 7.6629e+10  3.65%  65.5  275s
  8355  3097     cutoff  144      7.3929e+10 7.6629e+10  3.65%  66.2  280s
  8590  3195 7.6629e+10  123   95 7.3929e+10 7.6629e+10  3.65%  65.5  285s
  8666  3225 7.6629e+10   93   73 7.3929e+10 7.6629e+10  3.65%  65.3  291s
  8804  3269 infeasible  115      7.3929e+10 7.6629e+10  3.65%  64.8  295s
  8996  3229 7.6629e+10  105   88 7.3929e+10 7.6629e+10  3.65%  64.8  300s
  9181  3172 7.6629e+10  111   64 7.3929e+10 7.6629e+10  3.65%  64.9  305s
  9317  3143 7.5879e+10  129   54 7.3929e+10 7.6629e+10  3.65%  64.8  310s
  9483  3088 7.5879e+10  117   60 7.3929e+10 7.6629e+10  3.65%  64.9  315s
  9584  3053 7.6629e+10  132   66 7.3929e+10 7.6629e+10  3.65%  65.2  320s
  9670  3006 7.6629e+10  113   69 7.3929e+10 7.6629e+10  3.65%  65.5  325s
  9825  2964 7.6629e+10  114   63 7.3929e+10 7.6629e+10  3.65%  65.6  330s
  9956  2912 7.6533e+10  112  116 7.3929e+10 7.6629e+10  3.65%  65.6  335s
 10089  2881 7.6629e+10  111   43 7.3929e+10 7.6629e+10  3.65%  65.6  340s
 10202  2844 7.6629e+10  107   61 7.3929e+10 7.6629e+10  3.65%  65.4  345s
 10370  2797 7.6629e+10  123   53 7.3929e+10 7.6629e+10  3.65%  65.5  350s
 10526  2737 infeasible  115      7.3929e+10 7.6629e+10  3.65%  65.4  355s
 10682  2668 infeasible  109      7.3929e+10 7.6629e+10  3.65%  65.4  360s
 10803  2647 infeasible  125      7.3929e+10 7.6629e+10  3.65%  65.3  365s
 10885  2613 7.6629e+10  120   71 7.3929e+10 7.6629e+10  3.65%  65.2  370s
 10976  2582 7.6629e+10  112   95 7.3929e+10 7.6629e+10  3.65%  65.3  375s
 11120  2532 7.6629e+10  113   52 7.3929e+10 7.6629e+10  3.65%  65.2  380s
 11268  2504 7.6555e+10  133  145 7.3929e+10 7.6629e+10  3.65%  64.9  385s
 11437  2444 7.6629e+10  121   37 7.3929e+10 7.6629e+10  3.65%  64.9  390s
 11573  2405 7.6629e+10  115   93 7.3929e+10 7.6629e+10  3.65%  64.9  395s
 11723  2337 infeasible  117      7.3929e+10 7.6629e+10  3.65%  65.0  400s
 11827  2323 7.6629e+10   98   58 7.3929e+10 7.6629e+10  3.65%  65.0  405s
 11980  2289 7.6629e+10   99   97 7.3929e+10 7.6629e+10  3.65%  65.0  410s
 12140  2280 7.6629e+10  109   47 7.3929e+10 7.6629e+10  3.65%  64.9  416s
 12193  2277 7.6629e+10  101   40 7.3929e+10 7.6629e+10  3.65%  64.9  420s
 12366  2264 7.6629e+10  103  100 7.3929e+10 7.6629e+10  3.65%  64.8  425s
 12476  2260 7.6629e+10  103   52 7.3929e+10 7.6629e+10  3.65%  64.8  430s
 12631  2261 infeasible  108      7.3929e+10 7.6629e+10  3.65%  64.9  435s
 12723  2261 7.6629e+10   98   90 7.3929e+10 7.6629e+10  3.65%  64.8  440s
H12836  2272                    7.402858e+10 7.6629e+10  3.51%  64.8  445s
 12945  2265 7.6629e+10  114   55 7.4029e+10 7.6629e+10  3.51%  65.1  450s
 13054  2268 7.6629e+10   97   78 7.4029e+10 7.6629e+10  3.51%  65.3  455s
 13158  2256 infeasible  100      7.4029e+10 7.6629e+10  3.51%  65.6  460s
H13168  2254                    7.424110e+10 7.6629e+10  3.22%  65.6  461s
 13241  2259 7.6629e+10   97   64 7.4241e+10 7.6629e+10  3.22%  65.5  465s
 13367  2259 7.6629e+10  102   68 7.4241e+10 7.6629e+10  3.22%  65.4  470s
 13489  2247 7.6629e+10   98   68 7.4241e+10 7.6629e+10  3.22%  65.5  476s
 13616  2248 infeasible  105      7.4241e+10 7.6629e+10  3.22%  65.3  480s
 13779  2251 7.6629e+10  107   44 7.4241e+10 7.6629e+10  3.22%  65.4  485s
 13881  2251 7.6629e+10   99   59 7.4241e+10 7.6629e+10  3.22%  65.4  491s
 13968  2246 infeasible  108      7.4241e+10 7.6629e+10  3.22%  65.4  495s
 14137  2241 7.6629e+10   92   57 7.4241e+10 7.6629e+10  3.22%  65.4  500s
 14227  2245 7.6629e+10  103   69 7.4241e+10 7.6629e+10  3.22%  65.5  505s
 14361  2241 infeasible  107      7.4241e+10 7.6629e+10  3.22%  65.7  510s
 14508  2245 7.6629e+10   99   81 7.4241e+10 7.6629e+10  3.22%  65.8  515s
 14587  2248 infeasible  108      7.4241e+10 7.6629e+10  3.22%  65.8  520s
 14708  2241 infeasible   99      7.4241e+10 7.6629e+10  3.22%  66.0  525s
 14845  2250 infeasible  105      7.4241e+10 7.6629e+10  3.22%  66.2  530s
 14925  2246 7.6629e+10   99   50 7.4241e+10 7.6629e+10  3.22%  66.2  535s
 14976  2245 7.6629e+10  103   89 7.4241e+10 7.6629e+10  3.22%  66.3  540s
 15110  2247 7.6629e+10   98   82 7.4241e+10 7.6629e+10  3.22%  66.4  545s
 15277  2274 infeasible  116      7.4241e+10 7.6629e+10  3.22%  66.4  550s
 15303  2286 7.6629e+10  110   48 7.4241e+10 7.6629e+10  3.22%  66.3  598s
 15353  2272 7.6629e+10   94   99 7.4241e+10 7.6629e+10  3.22%  66.3  602s
 15448  2277 infeasible  105      7.4241e+10 7.6629e+10  3.22%  66.4  605s
 15585  2276 7.6629e+10  100   72 7.4241e+10 7.6629e+10  3.22%  66.5  610s
 15745  2308 infeasible   98      7.4241e+10 7.6629e+10  3.22%  66.6  615s
 15849  2274 7.6629e+10   95   68 7.4241e+10 7.6629e+10  3.22%  66.6  620s
 15952  2267 7.6629e+10   94   54 7.4241e+10 7.6629e+10  3.22%  66.7  626s
 16012  2245 infeasible   97      7.4241e+10 7.6629e+10  3.22%  66.8  630s
 16131  2244 infeasible  100      7.4241e+10 7.6629e+10  3.22%  66.9  635s
 16266  2243 infeasible  100      7.4241e+10 7.6629e+10  3.22%  67.1  640s
 16366  2239 infeasible   94      7.4241e+10 7.6629e+10  3.22%  67.1  645s
 16471  2244 infeasible   97      7.4241e+10 7.6629e+10  3.22%  67.1  650s
 16596  2239 7.6629e+10   95   73 7.4241e+10 7.6629e+10  3.22%  67.1  655s
 16706  2245 7.6629e+10   98   62 7.4241e+10 7.6629e+10  3.22%  67.1  660s
 16880  2259 7.6629e+10  117   58 7.4241e+10 7.6629e+10  3.22%  67.0  665s
 16910  2243 7.6629e+10   98   53 7.4241e+10 7.6629e+10  3.22%  67.0  670s
 16979  2252 7.6629e+10   96   68 7.4241e+10 7.6629e+10  3.22%  67.0  675s
 17168  2256 7.6629e+10   95   46 7.4241e+10 7.6629e+10  3.22%  66.8  680s
 17326  2251 7.6629e+10  100   69 7.4241e+10 7.6629e+10  3.22%  66.7  685s
 17508  2257 7.6629e+10  121   52 7.4241e+10 7.6629e+10  3.22%  66.6  690s
 17667  2248 infeasible  114      7.4241e+10 7.6629e+10  3.22%  66.6  695s
 17807  2244 infeasible  107      7.4241e+10 7.6629e+10  3.22%  66.6  700s
 17902  2249 infeasible  110      7.4241e+10 7.6629e+10  3.22%  66.7  705s
 18033  2236 7.6629e+10   89   74 7.4241e+10 7.6629e+10  3.22%  66.8  710s
 18226  2272 infeasible  101      7.4241e+10 7.6629e+10  3.22%  66.7  715s
 18354  2268 infeasible  101      7.4241e+10 7.6629e+10  3.22%  66.8  720s
 18559  2273 infeasible  104      7.4241e+10 7.6629e+10  3.22%  66.6  725s
 18643  2275 7.6629e+10  104   37 7.4241e+10 7.6629e+10  3.22%  66.7  730s
 18716  2280 7.6629e+10   99   51 7.4241e+10 7.6629e+10  3.22%  66.7  735s
 18821  2271 infeasible  104      7.4241e+10 7.6629e+10  3.22%  66.8  740s
 18969  2269 infeasible  100      7.4241e+10 7.6629e+10  3.22%  66.9  745s
 19094  2274 infeasible  103      7.4241e+10 7.6629e+10  3.22%  66.9  750s
 19184  2270 7.6629e+10   96   96 7.4241e+10 7.6629e+10  3.22%  67.0  755s
 19335  2279 7.6629e+10  101   70 7.4241e+10 7.6629e+10  3.22%  67.0  760s
 19483  2277 7.6629e+10   97   90 7.4241e+10 7.6629e+10  3.22%  67.1  765s
 19588  2278 infeasible  101      7.4241e+10 7.6629e+10  3.22%  67.1  770s
 19672  2270 7.6629e+10   97   92 7.4241e+10 7.6629e+10  3.22%  67.3  776s
 19777  2267 7.6629e+10   98   57 7.4241e+10 7.6629e+10  3.22%  67.3  781s
 19888  2280 7.6629e+10  103   64 7.4241e+10 7.6629e+10  3.22%  67.2  785s
 20065  2269 7.6629e+10   98   54 7.4241e+10 7.6629e+10  3.22%  67.1  790s
 20224  2276 7.6629e+10   98   47 7.4241e+10 7.6629e+10  3.22%  67.1  795s
 20370  2274 7.6629e+10   99   55 7.4241e+10 7.6629e+10  3.22%  67.1  800s
 20461  2285 7.6629e+10   95  100 7.4241e+10 7.6629e+10  3.22%  67.2  805s
 20620  2296 7.6629e+10  103   53 7.4241e+10 7.6629e+10  3.22%  67.2  810s
 20786  2286 infeasible  109      7.4241e+10 7.6629e+10  3.22%  67.2  815s
 20800  2288 7.6629e+10  101   61 7.4241e+10 7.6629e+10  3.22%  67.2  820s
 20888  2284 infeasible  105      7.4241e+10 7.6629e+10  3.22%  67.3  825s
 21032  2280 7.6629e+10   98   72 7.4241e+10 7.6629e+10  3.22%  67.4  831s
 21125  2281 7.6629e+10  100   93 7.4241e+10 7.6629e+10  3.22%  67.4  835s
 21304  2282 infeasible  105      7.4241e+10 7.6629e+10  3.22%  67.3  840s
 21451  2283 7.6629e+10   99   72 7.4241e+10 7.6629e+10  3.22%  67.2  846s
 21566  2278 7.6629e+10  101   62 7.4241e+10 7.6629e+10  3.22%  67.2  850s
 21743  2285 infeasible  106      7.4241e+10 7.6629e+10  3.22%  67.1  855s
 21910  2298 infeasible  105      7.4241e+10 7.6629e+10  3.22%  67.1  860s
 22053  2303 7.6629e+10  111   70 7.4241e+10 7.6629e+10  3.22%  67.1  865s
 22166  2304 7.6629e+10  109   67 7.4241e+10 7.6629e+10  3.22%  67.0  870s
 22366  2294 infeasible  118      7.4241e+10 7.6629e+10  3.22%  66.9  875s
 22527  2295 7.6629e+10  101   81 7.4241e+10 7.6629e+10  3.22%  66.8  880s
 22611  2295 7.6629e+10   99   59 7.4241e+10 7.6629e+10  3.22%  66.7  885s
 22709  2285 infeasible  107      7.4241e+10 7.6629e+10  3.22%  66.7  890s
 22861  2275 infeasible  102      7.4241e+10 7.6629e+10  3.22%  66.7  895s
 23028  2276 infeasible  105      7.4241e+10 7.6629e+10  3.22%  66.6  900s
 23131  2273 infeasible   98      7.4241e+10 7.6629e+10  3.22%  66.6  905s
 23294  2292 infeasible  104      7.4241e+10 7.6629e+10  3.22%  66.6  910s
 23468  2284 7.6629e+10  105   38 7.4241e+10 7.6629e+10  3.22%  66.6  915s
 23580  2282 7.6629e+10  105   54 7.4241e+10 7.6629e+10  3.22%  66.7  920s
 23636  2272 7.6629e+10   94   67 7.4241e+10 7.6629e+10  3.22%  66.8  925s
 23764  2266 infeasible  101      7.4241e+10 7.6629e+10  3.22%  66.8  930s
 23879  2311 7.6629e+10   61  108 7.4241e+10 7.6629e+10  3.22%  67.0  935s
 23998  2351 infeasible   98      7.4241e+10 7.6629e+10  3.22%  66.9  940s
 24115  2378 7.6629e+10  101   61 7.4241e+10 7.6629e+10  3.22%  67.0  945s
 24251  2378 7.6629e+10  105   38 7.4241e+10 7.6629e+10  3.22%  67.1  950s
 24392  2393 7.6629e+10  101  105 7.4241e+10 7.6629e+10  3.22%  67.2  956s
 24495  2403 7.5632e+10  123   81 7.4241e+10 7.6629e+10  3.22%  67.1  961s
 24604  2434 7.6629e+10   79  118 7.4241e+10 7.6629e+10  3.22%  67.1  965s
 24751  2441 infeasible   87      7.4241e+10 7.6629e+10  3.22%  67.1  970s
 24854  2454 infeasible   99      7.4241e+10 7.6629e+10  3.22%  67.2  975s
 24926  2484 7.6629e+10   70  153 7.4241e+10 7.6629e+10  3.22%  67.3  980s
 25066  2554 7.6629e+10   94  126 7.4241e+10 7.6629e+10  3.22%  67.2  985s
 25128  2548 7.6629e+10   88   84 7.4241e+10 7.6629e+10  3.22%  67.3  992s
 25170  2569 7.6629e+10   89   91 7.4241e+10 7.6629e+10  3.22%  67.2  995s
 25308  2572 infeasible   97      7.4241e+10 7.6629e+10  3.22%  67.3 1000s
 25418  2582 7.6629e+10  102   83 7.4241e+10 7.6629e+10  3.22%  67.4 1005s
 25507  2576 7.6629e+10   99   84 7.4241e+10 7.6629e+10  3.22%  67.4 1010s
 25529  2576 7.6629e+10   94   75 7.4241e+10 7.6629e+10  3.22%  67.4 1015s
 25616  2577 7.6629e+10   98   75 7.4241e+10 7.6629e+10  3.22%  67.5 1020s
 25707  2571 7.6629e+10   94   69 7.4241e+10 7.6629e+10  3.22%  67.6 1025s
 25847  2577 7.6629e+10  101   76 7.4241e+10 7.6629e+10  3.22%  67.6 1030s
 25987  2610 infeasible  103      7.4241e+10 7.6629e+10  3.22%  67.7 1035s
 26074  2607 7.6629e+10  107   43 7.4241e+10 7.6629e+10  3.22%  67.8 1041s
 26178  2601 7.6629e+10  101   87 7.4241e+10 7.6629e+10  3.22%  68.0 1045s
 26319  2599 7.6629e+10  102   91 7.4241e+10 7.6629e+10  3.22%  68.1 1050s
 26429  2599 7.6629e+10  105   94 7.4241e+10 7.6629e+10  3.22%  68.1 1056s
 26496  2628 7.6629e+10   98   73 7.4241e+10 7.6629e+10  3.22%  68.2 1060s
 26648  2658 7.6629e+10   41  136 7.4241e+10 7.6629e+10  3.22%  68.2 1065s
 26738  2700 infeasible  100      7.4241e+10 7.6629e+10  3.22%  68.1 1070s
 26871  2785 7.6629e+10   98   74 7.4241e+10 7.6629e+10  3.22%  68.1 1075s
*26915  2805             125    7.429103e+10 7.6629e+10  3.15%  68.1 1076s
 27010  2889 7.5729e+10  117   76 7.4291e+10 7.6629e+10  3.15%  68.0 1082s
 27027  2895 infeasible  125      7.4291e+10 7.6629e+10  3.15%  68.0 1085s
 27217  2969 7.6629e+10  111   49 7.4291e+10 7.6629e+10  3.15%  68.0 1090s
 27346  3008 7.6629e+10   95   64 7.4291e+10 7.6629e+10  3.15%  68.0 1095s
 27445  3019 7.6629e+10  110   59 7.4291e+10 7.6629e+10  3.15%  68.1 1100s
 27586  3034 7.6629e+10   85   75 7.4291e+10 7.6629e+10  3.15%  68.1 1105s
 27752  3109 7.6629e+10   91   64 7.4291e+10 7.6629e+10  3.15%  68.1 1111s
 27866  3113 infeasible  104      7.4291e+10 7.6629e+10  3.15%  68.2 1115s
 28017  3146 7.5729e+10   66   87 7.4291e+10 7.6629e+10  3.15%  68.3 1120s
 28158  3247 7.6629e+10   91   85 7.4291e+10 7.6629e+10  3.15%  68.3 1125s
 28213  3278 7.6629e+10   87   59 7.4291e+10 7.6629e+10  3.15%  68.3 1131s
 28282  3307 7.6629e+10   90   82 7.4291e+10 7.6629e+10  3.15%  68.3 1135s
 28429  3400 7.6629e+10  116   58 7.4291e+10 7.6629e+10  3.15%  68.2 1140s
 28516  3454 7.6629e+10   91   72 7.4291e+10 7.6629e+10  3.15%  68.2 1145s
 28718  3565 7.6629e+10   61  106 7.4291e+10 7.6629e+10  3.15%  68.2 1150s
 28913  3635 7.6629e+10   63  126 7.4291e+10 7.6629e+10  3.15%  68.0 1155s
 29043  3714 7.6629e+10   72  127 7.4291e+10 7.6629e+10  3.15%  68.1 1160s
 29158  3790 infeasible  111      7.4291e+10 7.6629e+10  3.15%  68.1 1165s
 29290  3831 7.6629e+10   65  116 7.4291e+10 7.6629e+10  3.15%  68.2 1170s
 29438  3931 7.5729e+10  105   36 7.4291e+10 7.6629e+10  3.15%  68.1 1175s
 29613  4046 7.6629e+10   56  169 7.4291e+10 7.6629e+10  3.15%  68.0 1180s
 29734  4119 7.6629e+10   61  123 7.4291e+10 7.6629e+10  3.15%  68.0 1185s
H29911  4160                    7.492858e+10 7.6629e+10  2.27%  68.0 1191s
 29957  4160 7.6629e+10   96  111 7.4929e+10 7.6629e+10  2.27%  68.1 1195s
 30113  4170 7.6629e+10  101  100 7.4929e+10 7.6629e+10  2.27%  68.2 1200s
 30222  4175 7.6629e+10  109   70 7.4929e+10 7.6629e+10  2.27%  68.2 1205s
 30375  4178 infeasible  110      7.4929e+10 7.6629e+10  2.27%  68.3 1210s
 30513  4220 7.6629e+10   72   93 7.4929e+10 7.6629e+10  2.27%  68.4 1216s
 30569  4240 7.6629e+10   86   67 7.4929e+10 7.6629e+10  2.27%  68.4 1220s
 30706  4288 infeasible   98      7.4929e+10 7.6629e+10  2.27%  68.5 1225s
 30837  4313 7.6629e+10   77   67 7.4929e+10 7.6629e+10  2.27%  68.5 1230s
 30935  4317 7.6629e+10   86   88 7.4929e+10 7.6629e+10  2.27%  68.5 1235s
 31103  4370 7.5729e+10   95   74 7.4929e+10 7.6629e+10  2.27%  68.5 1240s
 31227  4429 7.6379e+10   91   80 7.4929e+10 7.6629e+10  2.27%  68.5 1245s
 31242  4432 7.6629e+10   81  105 7.4929e+10 7.6629e+10  2.27%  68.5 1250s
 31381  4488     cutoff   99      7.4929e+10 7.6629e+10  2.27%  68.7 1255s
 31455  4526 7.6629e+10   91   54 7.4929e+10 7.6629e+10  2.27%  68.7 1260s
 31612  4612 7.5729e+10   79  102 7.4929e+10 7.6629e+10  2.27%  68.7 1265s
 31763  4659 infeasible   93      7.4929e+10 7.6629e+10  2.27%  68.7 1270s
 31901  4727 7.6629e+10   97   49 7.4929e+10 7.6629e+10  2.27%  68.7 1276s
 32006  4730 7.6629e+10  103  105 7.4929e+10 7.6629e+10  2.27%  68.7 1280s
 32089  4737 7.6629e+10   70  137 7.4929e+10 7.6629e+10  2.27%  68.6 1285s
 32226  4776 7.6629e+10  110   70 7.4929e+10 7.6629e+10  2.27%  68.6 1290s
 32348  4776 7.6629e+10  103   52 7.4929e+10 7.6629e+10  2.27%  68.8 1295s
 32502  4830 7.6629e+10   58  172 7.4929e+10 7.6629e+10  2.27%  68.9 1300s
 32637  4911 7.6629e+10   68  139 7.4929e+10 7.6629e+10  2.27%  68.8 1305s
 32702  4926 7.6629e+10   81  106 7.4929e+10 7.6629e+10  2.27%  68.9 1310s
 32793  4971 7.5729e+10   84   69 7.4929e+10 7.6629e+10  2.27%  68.9 1315s
 32944  5053 7.6629e+10   86  106 7.4929e+10 7.6629e+10  2.27%  68.9 1320s
 33094  5134 7.5729e+10  105   80 7.4929e+10 7.6629e+10  2.27%  68.8 1325s
 33202  5144 7.6629e+10   88   99 7.4929e+10 7.6629e+10  2.27%  68.9 1330s
 33385  5165 7.6629e+10   87   72 7.4929e+10 7.6629e+10  2.27%  68.8 1335s
 33510  5196 7.5729e+10   87   74 7.4929e+10 7.6629e+10  2.27%  68.8 1341s
 33619  5228 7.6629e+10   62  137 7.4929e+10 7.6629e+10  2.27%  68.9 1347s
 33692  5253 7.6629e+10   68  117 7.4929e+10 7.6629e+10  2.27%  68.9 1350s
 33849  5312 7.6629e+10   80   80 7.4929e+10 7.6629e+10  2.27%  68.9 1355s
 33937  5334 infeasible   97      7.4929e+10 7.6629e+10  2.27%  68.9 1360s
 34096  5398 7.5729e+10   82   56 7.4929e+10 7.6629e+10  2.27%  69.0 1365s
 34250  5458 7.6629e+10   88   83 7.4929e+10 7.6629e+10  2.27%  69.0 1371s
 34342  5502 7.6629e+10   73   77 7.4929e+10 7.6629e+10  2.27%  69.0 1375s
 34518  5596 7.5729e+10   81   79 7.4929e+10 7.6629e+10  2.27%  68.9 1380s
 34698  5676 7.5729e+10   89   81 7.4929e+10 7.6629e+10  2.27%  68.9 1385s
 34716  5684 infeasible   80      7.4929e+10 7.6629e+10  2.27%  68.9 1390s
 34854  5766 infeasible  128      7.4929e+10 7.6629e+10  2.27%  68.8 1395s
 34958  5786 7.6629e+10  106   62 7.4929e+10 7.6629e+10  2.27%  68.9 1400s
 35157  5828 7.6629e+10  113   55 7.4929e+10 7.6629e+10  2.27%  68.8 1405s
 35315  5927 7.6629e+10   81  151 7.4929e+10 7.6629e+10  2.27%  68.8 1410s
 35413  5962 7.6629e+10  102   73 7.4929e+10 7.6629e+10  2.27%  68.8 1416s
 35524  5971 7.6629e+10  107   37 7.4929e+10 7.6629e+10  2.27%  68.8 1420s
 35703  5956 7.6629e+10  104  100 7.4929e+10 7.6629e+10  2.27%  68.7 1425s
 35824  5957 7.6629e+10   89   77 7.4929e+10 7.6629e+10  2.27%  68.7 1430s
 35914  5975 infeasible  112      7.4929e+10 7.6629e+10  2.27%  68.7 1435s
 36057  5954 infeasible   92      7.4929e+10 7.6629e+10  2.27%  68.7 1440s
 36191  5955 infeasible   96      7.4929e+10 7.6629e+10  2.27%  68.7 1445s
 36278  5964 7.6629e+10  100   66 7.4929e+10 7.6629e+10  2.27%  68.7 1450s
 36403  5975 infeasible  109      7.4929e+10 7.6629e+10  2.27%  68.6 1455s
 36573  5981 7.6629e+10  108   29 7.4929e+10 7.6629e+10  2.27%  68.5 1460s
 36700  5956 infeasible   96      7.4929e+10 7.6629e+10  2.27%  68.6 1465s
 36831  5953 7.6629e+10  102  102 7.4929e+10 7.6629e+10  2.27%  68.6 1470s
 36886  5960 infeasible  100      7.4929e+10 7.6629e+10  2.27%  68.6 1475s
 36945  5945 infeasible   91      7.4929e+10 7.6629e+10  2.27%  68.6 1480s
 37114  5957 infeasible   96      7.4929e+10 7.6629e+10  2.27%  68.5 1485s
 37324  5955 infeasible   95      7.4929e+10 7.6629e+10  2.27%  68.4 1490s
 37455  5982 7.6629e+10  100  130 7.4929e+10 7.6629e+10  2.27%  68.4 1497s
 37514  5971 infeasible  100      7.4929e+10 7.6629e+10  2.27%  68.4 1500s
 37689  6012 infeasible  101      7.4929e+10 7.6629e+10  2.27%  68.4 1505s
 37849  6069 7.5729e+10   91   60 7.4929e+10 7.6629e+10  2.27%  68.4 1510s
 37944  6112 7.6629e+10  105   38 7.4929e+10 7.6629e+10  2.27%  68.4 1515s
 38025  6155 7.6629e+10   97   75 7.4929e+10 7.6629e+10  2.27%  68.4 1521s
 38107  6197 infeasible   97      7.4929e+10 7.6629e+10  2.27%  68.4 1525s
 38254  6226 7.6629e+10   84   98 7.4929e+10 7.6629e+10  2.27%  68.3 1530s
 38329  6276 infeasible  100      7.4929e+10 7.6629e+10  2.27%  68.3 1535s
 38467  6324 infeasible   86      7.4929e+10 7.6629e+10  2.27%  68.4 1540s
 38644  6426 7.6629e+10   72  113 7.4929e+10 7.6629e+10  2.27%  68.3 1545s
 38735  6485 7.6629e+10   88  108 7.4929e+10 7.6629e+10  2.27%  68.3 1550s
 38880  6538 7.6629e+10   82  119 7.4929e+10 7.6629e+10  2.27%  68.3 1555s
 39021  6590 7.6629e+10   91   64 7.4929e+10 7.6629e+10  2.27%  68.3 1560s
 39215  6714 7.6629e+10   92   65 7.4929e+10 7.6629e+10  2.27%  68.2 1565s
 39322  6741 7.6629e+10   88   83 7.4929e+10 7.6629e+10  2.27%  68.2 1570s
 39521  6852 7.6629e+10   79   48 7.4929e+10 7.6629e+10  2.27%  68.1 1575s
 39661  6896 7.6629e+10  109   56 7.4929e+10 7.6629e+10  2.27%  68.2 1582s
 39684  6895 7.6629e+10  114   32 7.4929e+10 7.6629e+10  2.27%  68.2 1585s
 39808  6937 7.6629e+10   81  114 7.4929e+10 7.6629e+10  2.27%  68.3 1590s
 39966  6960 7.6629e+10   74  152 7.4929e+10 7.6629e+10  2.27%  68.3 1595s
 40040  7004     cutoff  114      7.4929e+10 7.6629e+10  2.27%  68.3 1600s
 40173  7057 7.6629e+10  103   60 7.4929e+10 7.6629e+10  2.27%  68.4 1605s
 40336  7152 7.6629e+10   93   87 7.4929e+10 7.6629e+10  2.27%  68.4 1610s
 40498  7234 7.6629e+10   67  140 7.4929e+10 7.6629e+10  2.27%  68.4 1615s
 40557  7259 7.6629e+10  107   46 7.4929e+10 7.6629e+10  2.27%  68.3 1620s
 40694  7250 infeasible   83      7.4929e+10 7.6629e+10  2.27%  68.4 1625s
 40816  7301 infeasible   88      7.4929e+10 7.6629e+10  2.27%  68.5 1630s
 40910  7295 7.6629e+10  120   48 7.4929e+10 7.6629e+10  2.27%  68.6 1635s
 41041  7308 infeasible  112      7.4929e+10 7.6629e+10  2.27%  68.6 1640s
 41131  7304 7.6629e+10   75  108 7.4929e+10 7.6629e+10  2.27%  68.8 1648s
 41138  7311 7.6629e+10   82  110 7.4929e+10 7.6629e+10  2.27%  68.7 1650s
 41320  7413 7.6597e+10   88  114 7.4929e+10 7.6629e+10  2.27%  68.7 1655s
 41466  7497 7.6629e+10   73  108 7.4929e+10 7.6629e+10  2.27%  68.8 1660s
 41606  7577 7.6629e+10   95  124 7.4929e+10 7.6629e+10  2.27%  68.8 1665s
 41709  7622 7.6629e+10   63  141 7.4929e+10 7.6629e+10  2.27%  68.8 1670s
 41855  7677 7.6629e+10   60  173 7.4929e+10 7.6629e+10  2.27%  68.9 1675s
 41921  7735 7.5879e+10  104   10 7.4929e+10 7.6629e+10  2.27%  68.9 1680s
 42080  7792 7.6629e+10   83   79 7.4929e+10 7.6629e+10  2.27%  68.9 1685s
 42214  7882 7.6629e+10   96   73 7.4929e+10 7.6629e+10  2.27%  68.9 1690s
 42273  7902 7.6629e+10   82   91 7.4929e+10 7.6629e+10  2.27%  68.9 1696s
 42302  7913     cutoff   93      7.4929e+10 7.6629e+10  2.27%  68.9 1700s
 42400  7924 7.6629e+10   87   95 7.4929e+10 7.6629e+10  2.27%  68.9 1705s
 42489  7956 7.5729e+10   95   39 7.4929e+10 7.6629e+10  2.27%  68.9 1710s
 42641  7986     cutoff   94      7.4929e+10 7.6629e+10  2.27%  69.0 1715s
 42764  8003 7.6629e+10   94   56 7.4929e+10 7.6629e+10  2.27%  69.0 1721s
 42865  8016 7.5729e+10   93   46 7.4929e+10 7.6629e+10  2.27%  69.1 1725s
 42948  8028 7.6629e+10  100   56 7.4929e+10 7.6629e+10  2.27%  69.0 1730s
 43008  8040     cutoff  100      7.4929e+10 7.6629e+10  2.27%  69.1 1735s
 43133  8046     cutoff  117      7.4929e+10 7.6629e+10  2.27%  69.2 1740s
 43233  8066     cutoff  101      7.4929e+10 7.6629e+10  2.27%  69.2 1745s
 43366  8074 infeasible  104      7.4929e+10 7.6629e+10  2.27%  69.2 1750s
 43500  8081 7.5729e+10  107   42 7.4929e+10 7.6629e+10  2.27%  69.3 1755s
 43592  8092 7.6629e+10  102   36 7.4929e+10 7.6629e+10  2.27%  69.4 1760s
 43724  8093     cutoff  103      7.4929e+10 7.6629e+10  2.27%  69.5 1765s
 43827  8090 infeasible   99      7.4929e+10 7.6629e+10  2.27%  69.5 1770s
 43978  8117 7.6629e+10   91   63 7.4929e+10 7.6629e+10  2.27%  69.6 1775s
 44072  8134 7.5729e+10   98   66 7.4929e+10 7.6629e+10  2.27%  69.6 1782s
 44133  8150 7.5779e+10  101   35 7.4929e+10 7.6629e+10  2.27%  69.5 1785s
 44201  8151 7.5729e+10   98   37 7.4929e+10 7.6629e+10  2.27%  69.6 1790s
 44332  8162 7.6629e+10  104   37 7.4929e+10 7.6629e+10  2.27%  69.7 1796s
 44443  8174 7.5779e+10  104   39 7.4929e+10 7.6629e+10  2.27%  69.7 1800s
 44528  8165 7.5729e+10  103   57 7.4929e+10 7.6629e+10  2.27%  69.8 1805s
 44636  8172 7.5729e+10  103   38 7.4929e+10 7.6629e+10  2.27%  69.9 1810s
 44735  8167 7.6629e+10   96   59 7.4929e+10 7.6629e+10  2.27%  70.0 1815s
 44851  8195 infeasible  107      7.4929e+10 7.6629e+10  2.27%  70.0 1820s
 44928  8191 7.6629e+10  103   56 7.4929e+10 7.6629e+10  2.27%  70.1 1825s
 45074  8203     cutoff  106      7.4929e+10 7.6629e+10  2.27%  70.2 1830s
 45203  8235 7.5779e+10   96   36 7.4929e+10 7.6629e+10  2.27%  70.2 1835s
 45284  8245     cutoff  105      7.4929e+10 7.6629e+10  2.27%  70.3 1840s
 45333  8260 7.6629e+10  102   46 7.4929e+10 7.6629e+10  2.27%  70.3 1845s
 45398  8260 7.5647e+10  100   75 7.4929e+10 7.6629e+10  2.27%  70.4 1850s
 45550  8268 7.6629e+10   93  104 7.4929e+10 7.6629e+10  2.27%  70.4 1855s
 45714  8264 7.6629e+10   93   49 7.4929e+10 7.6629e+10  2.27%  70.4 1860s
 45815  8291     cutoff   95      7.4929e+10 7.6629e+10  2.27%  70.4 1865s
 45926  8327 7.6629e+10   92   70 7.4929e+10 7.6629e+10  2.27%  70.4 1870s
 46028  8361 infeasible  102      7.4929e+10 7.6629e+10  2.27%  70.4 1875s
 46149  8360 7.5779e+10   93   90 7.4929e+10 7.6629e+10  2.27%  70.5 1880s
 46195  8367 7.5879e+10   91   72 7.4929e+10 7.6629e+10  2.27%  70.5 1885s
 46306  8397 infeasible   90      7.4929e+10 7.6629e+10  2.27%  70.6 1890s
 46416  8407 7.6629e+10   84   89 7.4929e+10 7.6629e+10  2.27%  70.8 1895s
 46514  8425     cutoff  111      7.4929e+10 7.6629e+10  2.27%  70.8 1900s
 46596  8457 7.6629e+10   80  107 7.4929e+10 7.6629e+10  2.27%  70.8 1905s
 46710  8497 infeasible   91      7.4929e+10 7.6629e+10  2.27%  70.9 1910s
 46857  8538 7.6629e+10   82   75 7.4929e+10 7.6629e+10  2.27%  70.9 1915s
 46995  8585 infeasible   95      7.4929e+10 7.6629e+10  2.27%  70.9 1920s
 47000  8584 7.6629e+10   85  100 7.4929e+10 7.6629e+10  2.27%  70.9 1925s
 47065  8603 7.6629e+10   90   81 7.4929e+10 7.6629e+10  2.27%  71.0 1930s
 47200  8614 7.6629e+10   91   73 7.4929e+10 7.6629e+10  2.27%  71.0 1935s
 47324  8618 7.6629e+10   99   62 7.4929e+10 7.6629e+10  2.27%  71.0 1941s
 47429  8617 7.6629e+10   95  120 7.4929e+10 7.6629e+10  2.27%  71.0 1945s
 47533  8619 7.6629e+10   99   78 7.4929e+10 7.6629e+10  2.27%  71.1 1950s
 47637  8611 infeasible   95      7.4929e+10 7.6629e+10  2.27%  71.2 1955s
 47718  8610 infeasible   94      7.4929e+10 7.6629e+10  2.27%  71.3 1960s
 47857  8617 7.6629e+10   97   81 7.4929e+10 7.6629e+10  2.27%  71.2 1965s
 47998  8604 infeasible   94      7.4929e+10 7.6629e+10  2.27%  71.2 1970s
 48085  8607 infeasible   92      7.4929e+10 7.6629e+10  2.27%  71.2 1975s
 48199  8607 infeasible   91      7.4929e+10 7.6629e+10  2.27%  71.3 1980s
 48302  8628 7.6629e+10  102   54 7.4929e+10 7.6629e+10  2.27%  71.3 1986s
 48351  8629 7.6629e+10  104   54 7.4929e+10 7.6629e+10  2.27%  71.3 1990s
 48530  8664 7.6629e+10   90   58 7.4929e+10 7.6629e+10  2.27%  71.2 1995s
 48693  8725 7.6629e+10  125   43 7.4929e+10 7.6629e+10  2.27%  71.2 2002s
 48799  8725 infeasible  127      7.4929e+10 7.6629e+10  2.27%  71.1 2005s
 49038  8802 7.6629e+10   96   71 7.4929e+10 7.6629e+10  2.27%  71.0 2010s
 49186  8874 7.6629e+10   89  153 7.4929e+10 7.6629e+10  2.27%  71.0 2017s
 49269  8923 7.6629e+10  117   64 7.4929e+10 7.6629e+10  2.27%  71.0 2020s
 49350  8928 7.6629e+10  113   40 7.4929e+10 7.6629e+10  2.27%  71.0 2025s
 49497  8984 7.6629e+10   95  114 7.4929e+10 7.6629e+10  2.27%  71.0 2030s
 49639  9043 7.6629e+10   75  113 7.4929e+10 7.6629e+10  2.27%  71.0 2036s
 49744  9121 7.5729e+10   88   72 7.4929e+10 7.6629e+10  2.27%  71.0 2040s
 49897  9220 7.6629e+10  102  104 7.4929e+10 7.6629e+10  2.27%  70.9 2045s
 50006  9257 7.6629e+10   83   87 7.4929e+10 7.6629e+10  2.27%  70.9 2050s
 50032  9275 7.6629e+10   84  103 7.4929e+10 7.6629e+10  2.27%  70.9 2055s
 50135  9298 7.6629e+10  103   81 7.4929e+10 7.6629e+10  2.27%  71.0 2061s
 50235  9321 7.6629e+10   93   62 7.4929e+10 7.6629e+10  2.27%  71.0 2066s
 50347  9365 7.5729e+10  101   55 7.4929e+10 7.6629e+10  2.27%  70.9 2070s
 50450  9419 7.6629e+10   86   80 7.4929e+10 7.6629e+10  2.27%  70.9 2075s
 50606  9529 7.6629e+10   60  147 7.4929e+10 7.6629e+10  2.27%  70.9 2080s
 50657  9570 7.6629e+10   65  130 7.4929e+10 7.6629e+10  2.27%  71.0 2085s
 50817  9650 7.6629e+10   96   80 7.4929e+10 7.6629e+10  2.27%  70.9 2090s
 50988  9700 7.5729e+10  102   46 7.4929e+10 7.6629e+10  2.27%  70.9 2095s
 51119  9723 7.6629e+10   80  123 7.4929e+10 7.6629e+10  2.27%  70.9 2100s
 51252  9782     cutoff  104      7.4929e+10 7.6629e+10  2.27%  70.9 2105s
 51374  9806     cutoff   96      7.4929e+10 7.6629e+10  2.27%  70.9 2110s
 51418  9822 7.6629e+10   91   62 7.4929e+10 7.6629e+10  2.27%  70.9 2115s
 51501  9855 7.6629e+10   76  121 7.4929e+10 7.6629e+10  2.27%  70.9 2120s
 51656  9936 7.6590e+10   62  238 7.4929e+10 7.6629e+10  2.27%  71.0 2125s
 51774 10018 7.6629e+10   56  136 7.4929e+10 7.6629e+10  2.27%  71.0 2130s
 51870 10050 infeasible   79      7.4929e+10 7.6629e+10  2.27%  71.0 2135s
 52045 10078 7.6629e+10   98   39 7.4929e+10 7.6629e+10  2.27%  71.0 2140s
 52214 10075 7.6629e+10  100   39 7.4929e+10 7.6629e+10  2.27%  70.9 2145s
 52417 10076 7.6629e+10   99   39 7.4929e+10 7.6629e+10  2.27%  70.8 2150s
 52546 10083 infeasible   89      7.4929e+10 7.6629e+10  2.27%  70.8 2155s
 52707 10142 7.5879e+10  101   98 7.4929e+10 7.6629e+10  2.27%  70.8 2160s
H52735 10140                    7.514110e+10 7.6629e+10  1.98%  70.8 2162s
 52769 10136 7.6629e+10   97   63 7.5141e+10 7.6629e+10  1.98%  70.8 2165s
 52899 10158 7.5879e+10  103   50 7.5141e+10 7.6629e+10  1.98%  70.8 2170s
 53041 10177 7.5879e+10   97  147 7.5141e+10 7.6629e+10  1.98%  70.8 2175s
 53157 10183 7.5879e+10  108   50 7.5141e+10 7.6629e+10  1.98%  70.9 2180s
 53293 10211 7.6629e+10   97   56 7.5141e+10 7.6629e+10  1.98%  70.9 2185s
 53440 10246 7.5879e+10  104   39 7.5141e+10 7.6629e+10  1.98%  70.9 2190s
 53549 10290 7.5879e+10  105   51 7.5141e+10 7.6629e+10  1.98%  70.9 2197s
 53652 10341 7.6629e+10  100   72 7.5141e+10 7.6629e+10  1.98%  70.8 2200s
 53768 10377 7.6629e+10   97   38 7.5141e+10 7.6629e+10  1.98%  70.8 2205s
 53929 10426 7.6629e+10  128  100 7.5141e+10 7.6629e+10  1.98%  70.8 2210s
 54064 10480 7.6254e+10   94  138 7.5141e+10 7.6629e+10  1.98%  70.8 2215s
 54144 10502 7.6629e+10   50  186 7.5141e+10 7.6629e+10  1.98%  70.8 2220s
 54314 10568 7.6629e+10   95   68 7.5141e+10 7.6629e+10  1.98%  70.8 2225s
 54408 10612 infeasible   81      7.5141e+10 7.6629e+10  1.98%  70.8 2230s
 54560 10648 7.6629e+10  134   65 7.5141e+10 7.6629e+10  1.98%  70.8 2235s
 54659 10688 7.6129e+10  108   95 7.5141e+10 7.6629e+10  1.98%  70.8 2241s
 54715 10688 7.6629e+10  115  103 7.5141e+10 7.6629e+10  1.98%  70.8 2245s
 54860 10730 infeasible   92      7.5141e+10 7.6629e+10  1.98%  70.8 2250s
 54964 10748 7.5729e+10   84   62 7.5141e+10 7.6629e+10  1.98%  70.8 2255s
 55076 10807 7.6629e+10   49  213 7.5141e+10 7.6629e+10  1.98%  70.9 2260s
 55159 10882 7.6629e+10   78   92 7.5141e+10 7.6629e+10  1.98%  70.9 2265s
 55331 10894 infeasible  120      7.5141e+10 7.6629e+10  1.98%  70.8 2270s
 55419 10922 7.6629e+10  105   78 7.5141e+10 7.6629e+10  1.98%  70.9 2275s
 55553 10964 7.6629e+10   70  123 7.5141e+10 7.6629e+10  1.98%  70.9 2280s
 55711 11030 7.6629e+10   78   73 7.5141e+10 7.6629e+10  1.98%  70.9 2285s
 55761 11040 7.6629e+10   93   69 7.5141e+10 7.6629e+10  1.98%  70.9 2291s
 55814 11043 7.6629e+10   94   80 7.5141e+10 7.6629e+10  1.98%  70.9 2295s
 55923 11032 7.6629e+10   87   75 7.5141e+10 7.6629e+10  1.98%  71.0 2300s
 56070 11101 7.6379e+10   82   61 7.5141e+10 7.6629e+10  1.98%  71.0 2305s
 56173 11123 infeasible   93      7.5141e+10 7.6629e+10  1.98%  71.1 2310s
 56245 11127 7.6629e+10   92   82 7.5141e+10 7.6629e+10  1.98%  71.1 2315s
 56415 11167 7.6629e+10   74  106 7.5141e+10 7.6629e+10  1.98%  71.1 2320s
 56565 11251 7.6629e+10   83   91 7.5141e+10 7.6629e+10  1.98%  71.1 2325s
 56657 11262     cutoff   90      7.5141e+10 7.6629e+10  1.98%  71.1 2330s
 56757 11294 7.6629e+10  115   53 7.5141e+10 7.6629e+10  1.98%  71.2 2335s
 56913 11372     cutoff  105      7.5141e+10 7.6629e+10  1.98%  71.2 2340s
 57052 11397     cutoff  101      7.5141e+10 7.6629e+10  1.98%  71.2 2345s
 57133 11427 infeasible   92      7.5141e+10 7.6629e+10  1.98%  71.2 2350s
 57206 11428 infeasible  110      7.5141e+10 7.6629e+10  1.98%  71.2 2355s
 57361 11470 7.5765e+10  116  108 7.5141e+10 7.6629e+10  1.98%  71.2 2360s
 57428 11483 7.6629e+10  104   40 7.5141e+10 7.6629e+10  1.98%  71.2 2365s
 57591 11513 infeasible   83      7.5141e+10 7.6629e+10  1.98%  71.2 2370s
 57719 11541 7.6629e+10  103   67 7.5141e+10 7.6629e+10  1.98%  71.2 2376s
 57789 11553 7.6629e+10  106   38 7.5141e+10 7.6629e+10  1.98%  71.3 2381s
 57896 11561 infeasible  115      7.5141e+10 7.6629e+10  1.98%  71.3 2385s
 58031 11566 7.6629e+10  101   97 7.5141e+10 7.6629e+10  1.98%  71.3 2390s
 58126 11591 infeasible  114      7.5141e+10 7.6629e+10  1.98%  71.4 2395s
 58178 11609 7.6629e+10   89   84 7.5141e+10 7.6629e+10  1.98%  71.4 2401s
 58209 11614 7.6629e+10   95  122 7.5141e+10 7.6629e+10  1.98%  71.4 2405s
 58332 11684 infeasible  101      7.5141e+10 7.6629e+10  1.98%  71.3 2410s
 58501 11753 7.6629e+10   98   81 7.5141e+10 7.6629e+10  1.98%  71.3 2415s
 58667 11815 7.5729e+10   77   65 7.5141e+10 7.6629e+10  1.98%  71.3 2420s
 58800 11850 7.6629e+10  102   78 7.5141e+10 7.6629e+10  1.98%  71.3 2425s
 58939 11875 7.6629e+10  120   24 7.5141e+10 7.6629e+10  1.98%  71.3 2430s
 59022 11896 7.6629e+10   93  134 7.5141e+10 7.6629e+10  1.98%  71.4 2435s
 59155 11945 infeasible   94      7.5141e+10 7.6629e+10  1.98%  71.4 2440s
 59291 11969 infeasible  118      7.5141e+10 7.6629e+10  1.98%  71.4 2445s
 59378 12006 7.6629e+10  114   44 7.5141e+10 7.6629e+10  1.98%  71.4 2450s
 59504 12052 7.6629e+10  130   93 7.5141e+10 7.6629e+10  1.98%  71.3 2457s
 59567 12055 7.6629e+10  131   47 7.5141e+10 7.6629e+10  1.98%  71.4 2461s
 59654 12046 7.6629e+10  131   74 7.5141e+10 7.6629e+10  1.98%  71.4 2465s
 59809 12055 7.6629e+10  139   45 7.5141e+10 7.6629e+10  1.98%  71.4 2470s
 59927 12035 7.6629e+10  124   80 7.5141e+10 7.6629e+10  1.98%  71.4 2475s
 60017 12035 infeasible  129      7.5141e+10 7.6629e+10  1.98%  71.5 2480s
 60153 12040 infeasible  138      7.5141e+10 7.6629e+10  1.98%  71.5 2485s
 60257 12046 infeasible  126      7.5141e+10 7.6629e+10  1.98%  71.6 2490s
 60395 12041 infeasible  133      7.5141e+10 7.6629e+10  1.98%  71.6 2495s
 60517 12045 7.6629e+10  138   41 7.5141e+10 7.6629e+10  1.98%  71.6 2500s
 60632 12036 7.6629e+10  125   69 7.5141e+10 7.6629e+10  1.98%  71.6 2505s
 60675 12049 infeasible  135      7.5141e+10 7.6629e+10  1.98%  71.6 2510s
 60786 12085 7.6629e+10   81   81 7.5141e+10 7.6629e+10  1.98%  71.6 2515s
 60925 12174 7.6629e+10   72   96 7.5141e+10 7.6629e+10  1.98%  71.6 2520s
 61039 12216 7.6629e+10   94   88 7.5141e+10 7.6629e+10  1.98%  71.6 2525s
 61103 12251 7.6629e+10  113   53 7.5141e+10 7.6629e+10  1.98%  71.6 2530s
 61212 12282 7.6629e+10   78   95 7.5141e+10 7.6629e+10  1.98%  71.6 2535s
 61319 12307 7.6629e+10  103   91 7.5141e+10 7.6629e+10  1.98%  71.7 2540s
 61423 12303 7.6629e+10  105  111 7.5141e+10 7.6629e+10  1.98%  71.7 2546s
 61519 12305 7.6629e+10  109   87 7.5141e+10 7.6629e+10  1.98%  71.7 2550s
 61573 12305 7.6629e+10  110   57 7.5141e+10 7.6629e+10  1.98%  71.7 2555s
 61701 12319 infeasible  108      7.5141e+10 7.6629e+10  1.98%  71.6 2560s
 61785 12347 7.5724e+10  107   35 7.5141e+10 7.6629e+10  1.98%  71.7 2565s
 61912 12389 7.6629e+10   96  119 7.5141e+10 7.6629e+10  1.98%  71.7 2570s
 62030 12393 7.6629e+10   98   73 7.5141e+10 7.6629e+10  1.98%  71.7 2575s
 62101 12418 7.6629e+10   87  144 7.5141e+10 7.6629e+10  1.98%  71.8 2580s
 62212 12431 infeasible  104      7.5141e+10 7.6629e+10  1.98%  71.9 2585s
 62314 12443 7.5729e+10  117   16 7.5141e+10 7.6629e+10  1.98%  72.0 2590s
 62429 12447 infeasible  109      7.5141e+10 7.6629e+10  1.98%  72.0 2595s
 62565 12463 infeasible  116      7.5141e+10 7.6629e+10  1.98%  72.0 2600s
 62628 12468 7.6629e+10  115   55 7.5141e+10 7.6629e+10  1.98%  72.0 2605s
 62747 12487 infeasible  105      7.5141e+10 7.6629e+10  1.98%  72.0 2610s
 62814 12514 7.6629e+10  109    8 7.5141e+10 7.6629e+10  1.98%  72.0 2615s
 62957 12525 7.6629e+10   93  103 7.5141e+10 7.6629e+10  1.98%  72.1 2620s
 63068 12580 7.6629e+10   77  160 7.5141e+10 7.6629e+10  1.98%  72.2 2625s
 63142 12620 7.6629e+10   94   93 7.5141e+10 7.6629e+10  1.98%  72.2 2630s
 63279 12661 infeasible  113      7.5141e+10 7.6629e+10  1.98%  72.2 2635s
 63378 12700 7.6629e+10   98   62 7.5141e+10 7.6629e+10  1.98%  72.2 2640s
 63484 12740 7.6629e+10   86   61 7.5141e+10 7.6629e+10  1.98%  72.2 2646s
 63569 12752 7.6629e+10   71  175 7.5141e+10 7.6629e+10  1.98%  72.3 2650s
 63706 12813 7.6629e+10  104  115 7.5141e+10 7.6629e+10  1.98%  72.3 2658s
 63762 12829 infeasible   94      7.5141e+10 7.6629e+10  1.98%  72.3 2660s
 63912 12909 7.6629e+10   75  160 7.5141e+10 7.6629e+10  1.98%  72.3 2665s
 64061 12980     cutoff  104      7.5141e+10 7.6629e+10  1.98%  72.3 2670s
 64177 12992 7.6629e+10  103   88 7.5141e+10 7.6629e+10  1.98%  72.4 2675s
 64268 13007 infeasible  115      7.5141e+10 7.6629e+10  1.98%  72.4 2680s
 64321 13018 7.6629e+10  125   64 7.5141e+10 7.6629e+10  1.98%  72.4 2686s
 64417 13056 7.6629e+10   66   88 7.5141e+10 7.6629e+10  1.98%  72.3 2690s
 64551 13158 7.6629e+10   66   84 7.5141e+10 7.6629e+10  1.98%  72.3 2695s
 64659 13211 7.6629e+10   57  120 7.5141e+10 7.6629e+10  1.98%  72.3 2700s
 64727 13253 7.6629e+10   46  261 7.5141e+10 7.6629e+10  1.98%  72.3 2705s
 64870 13336 7.6629e+10  102   70 7.5141e+10 7.6629e+10  1.98%  72.3 2710s
 64968 13356 7.6629e+10  100   66 7.5141e+10 7.6629e+10  1.98%  72.3 2715s
 65094 13394 7.6629e+10  101   59 7.5141e+10 7.6629e+10  1.98%  72.3 2722s
 65168 13424 infeasible   91      7.5141e+10 7.6629e+10  1.98%  72.3 2725s
 65258 13478 7.6629e+10   78   84 7.5141e+10 7.6629e+10  1.98%  72.3 2730s
 65376 13518 infeasible   93      7.5141e+10 7.6629e+10  1.98%  72.3 2735s
 65498 13528 7.6629e+10   61  165 7.5141e+10 7.6629e+10  1.98%  72.4 2740s
 65589 13605 7.6629e+10   96   57 7.5141e+10 7.6629e+10  1.98%  72.3 2745s
 65666 13638 7.6629e+10   77   97 7.5141e+10 7.6629e+10  1.98%  72.4 2750s
 65812 13697 7.6629e+10   93   68 7.5141e+10 7.6629e+10  1.98%  72.4 2755s
 65945 13714 7.6629e+10  111   39 7.5141e+10 7.6629e+10  1.98%  72.3 2760s
 66067 13735 7.6254e+10  119  109 7.5141e+10 7.6629e+10  1.98%  72.4 2765s
 66168 13729 infeasible  113      7.5141e+10 7.6629e+10  1.98%  72.4 2770s
 66320 13733 infeasible  120      7.5141e+10 7.6629e+10  1.98%  72.4 2775s
 66449 13778 7.6629e+10   78   79 7.5141e+10 7.6629e+10  1.98%  72.4 2780s
 66517 13802 7.6629e+10   88  100 7.5141e+10 7.6629e+10  1.98%  72.4 2785s
 66637 13828 7.6629e+10   94   64 7.5141e+10 7.6629e+10  1.98%  72.5 2790s
 66674 13845 7.6629e+10   90  120 7.5141e+10 7.6629e+10  1.98%  72.5 2796s
 66752 13875 infeasible   89      7.5141e+10 7.6629e+10  1.98%  72.5 2800s
 66858 13871 7.6629e+10   92   63 7.5141e+10 7.6629e+10  1.98%  72.6 2805s
 67013 13888 7.6629e+10   94  115 7.5141e+10 7.6629e+10  1.98%  72.5 2810s
 67160 13917 7.6379e+10  110   43 7.5141e+10 7.6629e+10  1.98%  72.5 2816s
 67264 13958 infeasible   88      7.5141e+10 7.6629e+10  1.98%  72.5 2820s
 67417 13991 7.6629e+10   89  126 7.5141e+10 7.6629e+10  1.98%  72.5 2825s
 67528 13994 7.6629e+10   94   97 7.5141e+10 7.6629e+10  1.98%  72.5 2830s
 67584 13994 7.6629e+10   95   93 7.5141e+10 7.6629e+10  1.98%  72.6 2835s
 67633 14003 infeasible  105      7.5141e+10 7.6629e+10  1.98%  72.6 2840s
 67790 14068 7.6629e+10   71  116 7.5141e+10 7.6629e+10  1.98%  72.6 2845s
 67823 14098 7.6629e+10   78   84 7.5141e+10 7.6629e+10  1.98%  72.6 2850s
 67961 14155 7.6629e+10   77  124 7.5141e+10 7.6629e+10  1.98%  72.6 2855s
 68079 14212 7.6629e+10   72  131 7.5141e+10 7.6629e+10  1.98%  72.6 2860s
 68196 14233 7.6629e+10   93   99 7.5141e+10 7.6629e+10  1.98%  72.7 2865s
 68335 14288 7.6629e+10   92  135 7.5141e+10 7.6629e+10  1.98%  72.7 2870s
 68406 14303 7.6629e+10  103  102 7.5141e+10 7.6629e+10  1.98%  72.7 2879s
 68412 14307 7.5879e+10  106   66 7.5141e+10 7.6629e+10  1.98%  72.7 2880s
 68544 14323 7.6629e+10   85  152 7.5141e+10 7.6629e+10  1.98%  72.8 2885s
 68632 14347 7.6629e+10   86   89 7.5141e+10 7.6629e+10  1.98%  72.8 2890s
 68780 14368 7.6629e+10  108   59 7.5141e+10 7.6629e+10  1.98%  72.8 2895s
 68950 14406 infeasible   90      7.5141e+10 7.6629e+10  1.98%  72.7 2900s
 69083 14467 7.6629e+10  108   66 7.5141e+10 7.6629e+10  1.98%  72.7 2905s
 69168 14475 7.6629e+10  113   71 7.5141e+10 7.6629e+10  1.98%  72.7 2910s
 69342 14471 7.6629e+10  108   73 7.5141e+10 7.6629e+10  1.98%  72.7 2915s
 69526 14545 infeasible  107      7.5141e+10 7.6629e+10  1.98%  72.7 2920s
 69588 14580 7.6629e+10   88   81 7.5141e+10 7.6629e+10  1.98%  72.6 2925s
 69720 14610 7.6629e+10   91   75 7.5141e+10 7.6629e+10  1.98%  72.7 2930s
 69807 14642 7.6629e+10   95  108 7.5141e+10 7.6629e+10  1.98%  72.7 2935s
 69922 14687 7.6629e+10   89  116 7.5141e+10 7.6629e+10  1.98%  72.7 2940s
 69973 14716 7.6629e+10   65  183 7.5141e+10 7.6629e+10  1.98%  72.7 2945s
 70033 14738 7.6629e+10   83   69 7.5141e+10 7.6629e+10  1.98%  72.7 2950s
 70170 14747 infeasible  117      7.5141e+10 7.6629e+10  1.98%  72.7 2955s
 70266 14752 7.6629e+10  111   72 7.5141e+10 7.6629e+10  1.98%  72.7 2960s
 70397 14785 7.6629e+10   99  106 7.5141e+10 7.6629e+10  1.98%  72.7 2965s
 70466 14786 7.6629e+10  109   95 7.5141e+10 7.6629e+10  1.98%  72.7 2970s
 70605 14785 7.6629e+10   98   89 7.5141e+10 7.6629e+10  1.98%  72.7 2975s
 70736 14784 infeasible   98      7.5141e+10 7.6629e+10  1.98%  72.8 2980s
 70821 14783 7.6629e+10  104   63 7.5141e+10 7.6629e+10  1.98%  72.8 2986s
 70899 14779 infeasible   91      7.5141e+10 7.6629e+10  1.98%  72.8 2990s
 70960 14780 7.6629e+10   91  101 7.5141e+10 7.6629e+10  1.98%  72.9 2997s
 71012 14788 7.6629e+10   99   89 7.5141e+10 7.6629e+10  1.98%  72.9 3000s
 71111 14791 7.6629e+10  104  122 7.5141e+10 7.6629e+10  1.98%  72.9 3006s
 71190 14794 7.6629e+10   90   95 7.5141e+10 7.6629e+10  1.98%  73.0 3010s
 71336 14836 infeasible  118      7.5141e+10 7.6629e+10  1.98%  73.0 3015s
 71448 14835 7.6629e+10   91  133 7.5141e+10 7.6629e+10  1.98%  73.1 3020s
 71533 14839 infeasible  103      7.5141e+10 7.6629e+10  1.98%  73.1 3025s
 71653 14833 7.6629e+10   96   93 7.5141e+10 7.6629e+10  1.98%  73.1 3030s
 71766 14835 infeasible  102      7.5141e+10 7.6629e+10  1.98%  73.3 3035s
 71877 14855 infeasible   96      7.5141e+10 7.6629e+10  1.98%  73.3 3040s
 71955 14896 7.6629e+10  119   79 7.5141e+10 7.6629e+10  1.98%  73.3 3045s
 72109 14940 7.6629e+10  105   64 7.5141e+10 7.6629e+10  1.98%  73.2 3050s
 72231 14940 7.6629e+10   87   51 7.5141e+10 7.6629e+10  1.98%  73.2 3056s
 72261 14952 infeasible  106      7.5141e+10 7.6629e+10  1.98%  73.2 3060s
 72419 15009 7.6629e+10   83   83 7.5141e+10 7.6629e+10  1.98%  73.2 3065s
 72522 15024     cutoff  107      7.5141e+10 7.6629e+10  1.98%  73.3 3070s
 72666 15082     cutoff   93      7.5141e+10 7.6629e+10  1.98%  73.3 3075s
 72771 15125 7.6629e+10   89   78 7.5141e+10 7.6629e+10  1.98%  73.3 3080s
 72823 15127 infeasible   95      7.5141e+10 7.6629e+10  1.98%  73.3 3085s
 72951 15157 7.6629e+10   88   87 7.5141e+10 7.6629e+10  1.98%  73.3 3090s
 73043 15189 infeasible  102      7.5141e+10 7.6629e+10  1.98%  73.3 3095s
 73170 15222 7.6629e+10   98   72 7.5141e+10 7.6629e+10  1.98%  73.4 3100s
 73252 15254 7.6629e+10  104   56 7.5141e+10 7.6629e+10  1.98%  73.4 3105s
 73406 15321 infeasible  106      7.5141e+10 7.6629e+10  1.98%  73.3 3110s
 73410 15321 7.6629e+10   73  158 7.5141e+10 7.6629e+10  1.98%  73.4 3115s
 73512 15383 7.6629e+10   70  112 7.5141e+10 7.6629e+10  1.98%  73.3 3120s
 73698 15457 infeasible  105      7.5141e+10 7.6629e+10  1.98%  73.3 3125s
 73802 15491 7.6629e+10   95   74 7.5141e+10 7.6629e+10  1.98%  73.3 3130s
 73923 15524 7.6629e+10  109   68 7.5141e+10 7.6629e+10  1.98%  73.3 3135s
 74074 15556     cutoff  111      7.5141e+10 7.6629e+10  1.98%  73.3 3140s
 74194 15551 7.6629e+10  109   55 7.5141e+10 7.6629e+10  1.98%  73.3 3146s
 74309 15554     cutoff  109      7.5141e+10 7.6629e+10  1.98%  73.4 3150s
 74418 15563 7.5729e+10  117   25 7.5141e+10 7.6629e+10  1.98%  73.5 3155s
 74485 15544 7.6629e+10  108   72 7.5141e+10 7.6629e+10  1.98%  73.5 3160s
 74601 15561     cutoff  102      7.5141e+10 7.6629e+10  1.98%  73.6 3165s
 74649 15563 infeasible  108      7.5141e+10 7.6629e+10  1.98%  73.6 3170s
 74757 15568 7.6629e+10  108   36 7.5141e+10 7.6629e+10  1.98%  73.7 3175s
 74840 15581     cutoff  109      7.5141e+10 7.6629e+10  1.98%  73.7 3180s
 74947 15564 7.5779e+10  113   41 7.5141e+10 7.6629e+10  1.98%  73.8 3185s
 74999 15556 7.6629e+10  102   69 7.5141e+10 7.6629e+10  1.98%  73.9 3190s
 75085 15556 7.6629e+10  105   57 7.5141e+10 7.6629e+10  1.98%  73.9 3195s
 75149 15563 7.6629e+10  108   47 7.5141e+10 7.6629e+10  1.98%  73.9 3200s
 75277 15562 infeasible  119      7.5141e+10 7.6629e+10  1.98%  74.0 3205s
 75420 15578 infeasible  105      7.5141e+10 7.6629e+10  1.98%  74.0 3210s
 75486 15588 infeasible  116      7.5141e+10 7.6629e+10  1.98%  74.1 3215s
 75549 15578 7.5304e+10  115   78 7.5141e+10 7.6629e+10  1.98%  74.1 3220s
 75687 15574 7.6629e+10  118   76 7.5141e+10 7.6629e+10  1.98%  74.1 3226s
 75782 15567 infeasible  116      7.5141e+10 7.6629e+10  1.98%  74.1 3230s
 75885 15578 7.5729e+10  111   66 7.5141e+10 7.6629e+10  1.98%  74.2 3235s
 75925 15598 7.6629e+10  103  100 7.5141e+10 7.6629e+10  1.98%  74.2 3242s
 76021 15618 7.5729e+10  113   33 7.5141e+10 7.6629e+10  1.98%  74.2 3245s
 76136 15616 infeasible  117      7.5141e+10 7.6629e+10  1.98%  74.3 3250s
 76203 15621 7.5729e+10  114   62 7.5141e+10 7.6629e+10  1.98%  74.3 3255s
 76323 15615 7.6629e+10  113   27 7.5141e+10 7.6629e+10  1.98%  74.4 3260s
 76414 15628 7.5779e+10  120   29 7.5141e+10 7.6629e+10  1.98%  74.4 3265s
 76513 15631 7.6629e+10  108   57 7.5141e+10 7.6629e+10  1.98%  74.5 3272s
 76577 15636 infeasible  115      7.5141e+10 7.6629e+10  1.98%  74.5 3275s
 76672 15631 7.6629e+10  104   84 7.5141e+10 7.6629e+10  1.98%  74.6 3282s
 76710 15637 infeasible  116      7.5141e+10 7.6629e+10  1.98%  74.7 3285s
 76820 15642 7.6629e+10  108  114 7.5141e+10 7.6629e+10  1.98%  74.7 3291s
 76913 15643 7.6629e+10  112   74 7.5141e+10 7.6629e+10  1.98%  74.7 3295s
 77038 15642 7.6629e+10  116  108 7.5141e+10 7.6629e+10  1.98%  74.8 3300s
 77107 15633 infeasible  112      7.5141e+10 7.6629e+10  1.98%  74.8 3305s
 77192 15628 7.6629e+10  106  126 7.5141e+10 7.6629e+10  1.98%  74.8 3310s
 77315 15639 7.6629e+10  108   60 7.5141e+10 7.6629e+10  1.98%  74.9 3315s
 77421 15639 7.5729e+10  119   61 7.5141e+10 7.6629e+10  1.98%  74.9 3320s
 77494 15644 7.6629e+10  109   94 7.5141e+10 7.6629e+10  1.98%  74.9 3326s
 77597 15631 infeasible  104      7.5141e+10 7.6629e+10  1.98%  75.0 3330s
 77686 15640 7.6629e+10  103   82 7.5141e+10 7.6629e+10  1.98%  75.0 3335s
 77813 15667 infeasible  104      7.5141e+10 7.6629e+10  1.98%  75.0 3340s
 77898 15662     cutoff  105      7.5141e+10 7.6629e+10  1.98%  75.1 3345s
 77980 15663     cutoff  106      7.5141e+10 7.6629e+10  1.98%  75.2 3350s
 78039 15666 7.6629e+10  104   55 7.5141e+10 7.6629e+10  1.98%  75.2 3356s
 78079 15666 7.6629e+10  106   71 7.5141e+10 7.6629e+10  1.98%  75.2 3360s
 78153 15673 7.5729e+10  118   18 7.5141e+10 7.6629e+10  1.98%  75.3 3365s
 78283 15657 infeasible  110      7.5141e+10 7.6629e+10  1.98%  75.3 3370s
 78383 15653 7.6629e+10  105   80 7.5141e+10 7.6629e+10  1.98%  75.4 3375s
 78501 15673 infeasible  110      7.5141e+10 7.6629e+10  1.98%  75.4 3380s
 78624 15686 infeasible  111      7.5141e+10 7.6629e+10  1.98%  75.5 3385s
 78694 15679     cutoff  112      7.5141e+10 7.6629e+10  1.98%  75.6 3390s
 78827 15676 infeasible  113      7.5141e+10 7.6629e+10  1.98%  75.6 3395s
 78892 15695 infeasible  107      7.5141e+10 7.6629e+10  1.98%  75.6 3400s
 79019 15719 7.5679e+10  118   73 7.5141e+10 7.6629e+10  1.98%  75.7 3405s
 79135 15722 7.6629e+10  107  105 7.5141e+10 7.6629e+10  1.98%  75.8 3412s
 79172 15717 7.6629e+10  119   76 7.5141e+10 7.6629e+10  1.98%  75.8 3415s
 79245 15708 infeasible  120      7.5141e+10 7.6629e+10  1.98%  75.9 3420s
 79362 15702 infeasible  115      7.5141e+10 7.6629e+10  1.98%  76.0 3425s
 79471 15700 infeasible  112      7.5141e+10 7.6629e+10  1.98%  76.0 3430s
 79556 15717 7.5729e+10  107   31 7.5141e+10 7.6629e+10  1.98%  76.1 3435s
 79617 15718 infeasible  110      7.5141e+10 7.6629e+10  1.98%  76.1 3440s
 79696 15714 infeasible  113      7.5141e+10 7.6629e+10  1.98%  76.2 3445s
 79800 15703 7.6629e+10  112   78 7.5141e+10 7.6629e+10  1.98%  76.3 3450s
 79881 15704 infeasible  114      7.5141e+10 7.6629e+10  1.98%  76.4 3455s
 80001 15708 infeasible  130      7.5141e+10 7.6629e+10  1.98%  76.4 3460s
 80085 15700 7.6629e+10  123   58 7.5141e+10 7.6629e+10  1.98%  76.5 3465s
 80120 15697 7.6629e+10  119   63 7.5141e+10 7.6629e+10  1.98%  76.5 3470s
 80190 15691 7.6629e+10  107   66 7.5141e+10 7.6629e+10  1.98%  76.6 3475s
 80325 15711 7.6629e+10  109   72 7.5141e+10 7.6629e+10  1.98%  76.6 3480s
 80399 15708 7.6629e+10  106   75 7.5141e+10 7.6629e+10  1.98%  76.7 3485s
 80520 15707 infeasible  111      7.5141e+10 7.6629e+10  1.98%  76.7 3490s
 80615 15718 7.5729e+10  108   82 7.5141e+10 7.6629e+10  1.98%  76.8 3495s
 80698 15712 7.6629e+10  119   79 7.5141e+10 7.6629e+10  1.98%  76.9 3500s
 80801 15717 infeasible  118      7.5141e+10 7.6629e+10  1.98%  76.9 3505s
 80865 15709 infeasible  115      7.5141e+10 7.6629e+10  1.98%  77.0 3510s
 80980 15726 7.6629e+10  124   56 7.5141e+10 7.6629e+10  1.98%  77.0 3515s
 81075 15733 7.5729e+10  123  107 7.5141e+10 7.6629e+10  1.98%  77.1 3522s
 81112 15734 7.6629e+10  121   82 7.5141e+10 7.6629e+10  1.98%  77.1 3525s
 81192 15727 infeasible  120      7.5141e+10 7.6629e+10  1.98%  77.2 3530s
 81271 15722 7.6629e+10  120   87 7.5141e+10 7.6629e+10  1.98%  77.3 3535s
 81389 15725 7.6629e+10  121   56 7.5141e+10 7.6629e+10  1.98%  77.4 3540s
 81466 15726 7.6629e+10  120   81 7.5141e+10 7.6629e+10  1.98%  77.5 3545s
 81571 15729 infeasible  118      7.5141e+10 7.6629e+10  1.98%  77.5 3550s
 81681 15731 infeasible  116      7.5141e+10 7.6629e+10  1.98%  77.6 3555s
 81688 15728 7.6629e+10  125   81 7.5141e+10 7.6629e+10  1.98%  77.6 3561s
 81754 15718 7.6629e+10  114   77 7.5141e+10 7.6629e+10  1.98%  77.7 3565s
 81857 15717     cutoff  118      7.5141e+10 7.6629e+10  1.98%  77.8 3570s
 81971 15709 infeasible  124      7.5141e+10 7.6629e+10  1.98%  77.9 3575s
 82042 15704 infeasible  111      7.5141e+10 7.6629e+10  1.98%  77.9 3580s
 82150 15706     cutoff  124      7.5141e+10 7.6629e+10  1.98%  78.0 3585s
 82210 15710 7.6629e+10  124   59 7.5141e+10 7.6629e+10  1.98%  78.1 3590s
 82301 15697 7.6629e+10  109   76 7.5141e+10 7.6629e+10  1.98%  78.1 3597s

Cutting planes:
  Learned: 239
  Gomory: 189
  Lift-and-project: 38
  Cover: 6124
  Implied bound: 1487
  Projected implied bound: 77
  Clique: 143
  MIR: 317
  Mixing: 1
  StrongCG: 6
  Flow cover: 1667
  GUB cover: 62
  Inf proof: 1062
  Zero half: 4
  RLT: 233
  Relax-and-lift: 562
  BQP: 1

Explored 82302 nodes (6447227 simplex iterations) in 3597.01 seconds (1889.08 work units)
Thread count was 1 (of 28 available processors)

Solution count 10: 7.51411e+10 7.49286e+10 7.4291e+10 ... 6.07843e+10

Time limit reached
Best objective 7.514110080000e+10, best bound 7.662873240000e+10, gap 1.9798%

User-callback calls 1715408, time in user-callback 1.28 sec