Gurobi Optimizer version 12.0.3 build v12.0.3rc0 (linux64 - "Oracle Linux Server 9.4")

CPU model: Intel(R) Xeon(R) CPU E5-2660 v4 @ 2.00GHz, instruction set [SSE2|AVX|AVX2]
Thread count: 28 physical cores, 28 logical processors, using up to 1 threads

Non-default parameters:
TimeLimit  3598.981983142
SoftMemLimit  16
NumericFocus  1
Threads  1

Academic license 2690100 - for non-commercial use only - registered to ju___@uclm.es
Optimize a model with 1753 rows, 468 columns and 6064 nonzeros
Model fingerprint: 0xd072eec8
Variable types: 24 continuous, 444 integer (444 binary)
Coefficient statistics:
  Matrix range     [1e+00, 3e+13]
  Objective range  [2e+09, 1e+10]
  Bounds range     [1e+01, 1e+04]
  RHS range        [1e+00, 2e+14]
Warning: Model contains large matrix coefficient range
Warning: Model contains large objective coefficients
Warning: Model contains large rhs
Found heuristic solution: objective -0.0000000
Presolve removed 567 rows and 72 columns
Presolve time: 0.05s
Presolved: 1186 rows, 396 columns, 4901 nonzeros
Variable types: 21 continuous, 375 integer (375 binary)

Root relaxation: objective 6.002790e+10, 82 iterations, 0.00 seconds (0.00 work units)

    Nodes    |    Current Node    |     Objective Bounds      |     Work
 Expl Unexpl |  Obj  Depth IntInf | Incumbent    BestBd   Gap | It/Node Time

     0     0 6.0028e+10    0   12   -0.00000 6.0028e+10      -     -    0s
H    0     0                    1.305600e+10 6.0028e+10   360%     -    0s
H    0     0                    2.611200e+10 6.0028e+10   130%     -    0s
     0     0 6.0028e+10    0   22 2.6112e+10 6.0028e+10   130%     -    0s
H    0     0                    5.493799e+10 6.0028e+10  9.26%     -    0s
     0     0 5.9991e+10    0   49 5.4938e+10 5.9991e+10  9.20%     -    0s
     0     0 5.9988e+10    0   45 5.4938e+10 5.9988e+10  9.19%     -    0s
     0     0 5.9971e+10    0   23 5.4938e+10 5.9971e+10  9.16%     -    0s
     0     0 5.9971e+10    0   23 5.4938e+10 5.9971e+10  9.16%     -    0s
     0     0 5.9971e+10    0   17 5.4938e+10 5.9971e+10  9.16%     -    0s
     0     0 5.9971e+10    0   14 5.4938e+10 5.9971e+10  9.16%     -    0s
     0     0 5.9971e+10    0    4 5.4938e+10 5.9971e+10  9.16%     -    0s
     0     0 5.9971e+10    0    4 5.4938e+10 5.9971e+10  9.16%     -    0s
     0     0 5.9971e+10    0    5 5.4938e+10 5.9971e+10  9.16%     -    0s
     0     0 5.9971e+10    0    7 5.4938e+10 5.9971e+10  9.16%     -    0s
     0     0 5.9971e+10    0    8 5.4938e+10 5.9971e+10  9.16%     -    0s
     0     0 5.9971e+10    0    8 5.4938e+10 5.9971e+10  9.16%     -    0s
H    0     0                    5.997079e+10 5.9971e+10  0.00%     -    0s
     0     0 5.9971e+10    0    8 5.9971e+10 5.9971e+10  0.00%     -    0s

Cutting planes:
  Gomory: 1
  Cover: 14
  Implied bound: 7
  Clique: 7
  MIR: 17
  Flow cover: 16
  GUB cover: 1
  RLT: 5
  Relax-and-lift: 18

Explored 1 nodes (951 simplex iterations) in 0.25 seconds (0.12 work units)
Thread count was 1 (of 28 available processors)

Solution count 5: 5.99708e+10 5.4938e+10 2.6112e+10 ... -0

Optimal solution found (tolerance 1.00e-04)
Best objective 5.997079200000e+10, best bound 5.997079200000e+10, gap 0.0000%

User-callback calls 795, time in user-callback 0.00 sec