Gurobi Optimizer version 12.0.3 build v12.0.3rc0 (linux64 - "Oracle Linux Server 9.4")

CPU model: Intel(R) Xeon(R) CPU E5-2660 v4 @ 2.00GHz, instruction set [SSE2|AVX|AVX2]
Thread count: 28 physical cores, 28 logical processors, using up to 1 threads

Non-default parameters:
TimeLimit  3599.68070147
SoftMemLimit  16
NumericFocus  1
Threads  1

Academic license 2690100 - for non-commercial use only - registered to ju___@uclm.es
Optimize a model with 9139 rows, 2268 columns and 31547 nonzeros
Model fingerprint: 0x9d883976
Variable types: 54 continuous, 2214 integer (2214 binary)
Coefficient statistics:
  Matrix range     [1e+00, 2e+13]
  Objective range  [2e+09, 4e+09]
  Bounds range     [1e+03, 1e+04]
  RHS range        [1e+00, 2e+14]
Warning: Model contains large matrix coefficient range
Warning: Model contains large objective coefficients
Warning: Model contains large rhs
Found heuristic solution: objective -0.0000000
Presolve removed 2428 rows and 262 columns
Presolve time: 0.15s
Presolved: 6711 rows, 2006 columns, 24630 nonzeros
Variable types: 54 continuous, 1952 integer (1952 binary)

Root relaxation: objective 8.864300e+10, 883 iterations, 0.03 seconds (0.02 work units)

    Nodes    |    Current Node    |     Objective Bounds      |     Work
 Expl Unexpl |  Obj  Depth IntInf | Incumbent    BestBd   Gap | It/Node Time

     0     0 8.8643e+10    0   18   -0.00000 8.8643e+10      -     -    0s
H    0     0                    1.053000e+10 8.8643e+10   742%     -    0s
     0     0 8.8643e+10    0  192 1.0530e+10 8.8643e+10   742%     -    0s
     0     0 8.8643e+10    0  175 1.0530e+10 8.8643e+10   742%     -    0s
H    0     0                    1.404000e+10 8.8643e+10   531%     -    0s
     0     0 8.8643e+10    0  173 1.4040e+10 8.8643e+10   531%     -    0s
     0     0 8.8643e+10    0   16 1.4040e+10 8.8643e+10   531%     -    0s
H    0     0                    3.493800e+10 8.8643e+10   154%     -    0s
     0     0 8.8643e+10    0   18 3.4938e+10 8.8643e+10   154%     -    0s
     0     0 8.8643e+10    0    8 3.4938e+10 8.8643e+10   154%     -    0s
     0     0 8.8643e+10    0    6 3.4938e+10 8.8643e+10   154%     -    1s
     0     0 8.8643e+10    0    6 3.4938e+10 8.8643e+10   154%     -    1s
     0     0 8.8643e+10    0    7 3.4938e+10 8.8643e+10   154%     -    1s
     0     0 8.8643e+10    0   11 3.4938e+10 8.8643e+10   154%     -    1s
     0     0 8.8643e+10    0    6 3.4938e+10 8.8643e+10   154%     -    1s
     0     0 8.8643e+10    0    6 3.4938e+10 8.8643e+10   154%     -    1s
     0     0 8.8643e+10    0    6 3.4938e+10 8.8643e+10   154%     -    1s
     0     0 8.8643e+10    0    6 3.4938e+10 8.8643e+10   154%     -    1s
     0     2 8.8643e+10    0    6 3.4938e+10 8.8643e+10   154%     -    1s
H   26    18                    4.195800e+10 8.8643e+10   111%  35.3    2s
H   78    53                    4.897800e+10 8.8643e+10  81.0%  39.7    2s
H  104    69                    5.402900e+10 8.8643e+10  64.1%  42.4    2s
H  132    84                    5.753900e+10 8.8643e+10  54.1%  39.6    3s
H  251   103                    6.774500e+10 8.8643e+10  30.8%  35.2    3s
H  438   167                    7.125500e+10 8.8643e+10  24.4%  28.2    4s
H  463   176                    7.476500e+10 8.8643e+10  18.6%  27.4    4s
   470   185 8.8643e+10   16   40 7.4765e+10 8.8643e+10  18.6%  27.1    5s
H  631   336                    7.827500e+10 8.8643e+10  13.2%  27.5    6s
H  740   377                    8.178500e+10 8.8643e+10  8.39%  30.7    8s
   749   383 8.8643e+10  165    2 8.1785e+10 8.8643e+10  8.39%  30.3   10s
   923   487 8.8643e+10  130  122 8.1785e+10 8.8643e+10  8.39%  45.4   15s
  1198   601 8.8643e+10   29  173 8.1785e+10 8.8643e+10  8.39%  43.0   20s
H 1340   636                    8.529500e+10 8.8643e+10  3.93%  41.7   22s
H 1347   151                    8.864300e+10 8.8643e+10  0.00%  41.5   23s

Cutting planes:
  Learned: 4
  Gomory: 14
  Cover: 206
  Implied bound: 49
  Clique: 37
  MIR: 20
  StrongCG: 1
  Flow cover: 62
  GUB cover: 13
  Inf proof: 2
  RLT: 16
  Relax-and-lift: 31

Explored 1348 nodes (67587 simplex iterations) in 23.54 seconds (12.22 work units)
Thread count was 1 (of 28 available processors)

Solution count 10: 8.8643e+10 8.5295e+10 8.1785e+10 ... 4.8978e+10

Optimal solution found (tolerance 1.00e-04)
Best objective 8.864299620000e+10, best bound 8.864299620000e+10, gap 0.0000%

User-callback calls 12760, time in user-callback 0.01 sec