Gurobi Optimizer version 12.0.3 build v12.0.3rc0 (linux64 - "Oracle Linux Server 9.4")

CPU model: Intel(R) Xeon(R) CPU E5-2660 v4 @ 2.00GHz, instruction set [SSE2|AVX|AVX2]
Thread count: 28 physical cores, 28 logical processors, using up to 1 threads

Non-default parameters:
TimeLimit  3595.577934007
SoftMemLimit  16
NumericFocus  1
Threads  1

Academic license 2690100 - for non-commercial use only - registered to ju___@uclm.es
Optimize a model with 46192 rows, 11016 columns and 169442 nonzeros
Model fingerprint: 0x846faa89
Variable types: 116 continuous, 10900 integer (10900 binary)
Coefficient statistics:
  Matrix range     [1e+00, 1e+13]
  Objective range  [1e+09, 3e+09]
  Bounds range     [1e+03, 2e+04]
  RHS range        [1e+00, 2e+14]
Warning: Model contains large matrix coefficient range
Warning: Model contains large objective coefficients
Warning: Model contains large rhs

Loaded user MIP start with objective 1.11567e+11

Presolve removed 11662 rows and 380 columns
Presolve time: 1.46s
Presolved: 34530 rows, 10636 columns, 129846 nonzeros
Variable types: 116 continuous, 10520 integer (10520 binary)

Use crossover to convert LP symmetric solution to basic solution...

Root relaxation: objective 1.150784e+11, 3984 iterations, 0.63 seconds (0.56 work units)

    Nodes    |    Current Node    |     Objective Bounds      |     Work
 Expl Unexpl |  Obj  Depth IntInf | Incumbent    BestBd   Gap | It/Node Time

     0     0 1.1508e+11    0  463 1.1157e+11 1.1508e+11  3.15%     -    4s
     0     0 1.1478e+11    0 1205 1.1157e+11 1.1478e+11  2.88%     -   13s
     0     0 1.1367e+11    0  717 1.1157e+11 1.1367e+11  1.89%     -   14s
     0     0 1.1351e+11    0  824 1.1157e+11 1.1351e+11  1.74%     -   15s
     0     0 1.1351e+11    0  731 1.1157e+11 1.1351e+11  1.74%     -   15s
     0     0 1.1351e+11    0 1107 1.1157e+11 1.1351e+11  1.74%     -   17s
     0     0 1.1351e+11    0 1051 1.1157e+11 1.1351e+11  1.74%     -   18s
     0     0 1.1351e+11    0 1084 1.1157e+11 1.1351e+11  1.74%     -   19s
     0     0 1.1351e+11    0  948 1.1157e+11 1.1351e+11  1.74%     -   20s
     0     0 1.1351e+11    0  863 1.1157e+11 1.1351e+11  1.74%     -   24s
     0     0 1.1351e+11    0  806 1.1157e+11 1.1351e+11  1.74%     -   24s
     0     0 1.1351e+11    0  529 1.1157e+11 1.1351e+11  1.74%     -   27s
     0     0 1.1351e+11    0  460 1.1157e+11 1.1351e+11  1.74%     -   27s
     0     0 1.1351e+11    0  347 1.1157e+11 1.1351e+11  1.74%     -   29s
     0     0 1.1351e+11    0  291 1.1157e+11 1.1351e+11  1.74%     -   30s
     0     0 1.1351e+11    0   32 1.1157e+11 1.1351e+11  1.74%     -   32s
     0     0 1.1351e+11    0   46 1.1157e+11 1.1351e+11  1.74%     -   32s
     0     0 1.1351e+11    0   33 1.1157e+11 1.1351e+11  1.74%     -   33s
     0     0 1.1351e+11    0   41 1.1157e+11 1.1351e+11  1.74%     -   34s
     0     0 1.1351e+11    0   67 1.1157e+11 1.1351e+11  1.74%     -   35s
     0     0 1.1351e+11    0   73 1.1157e+11 1.1351e+11  1.74%     -   35s
     0     0 1.1351e+11    0   35 1.1157e+11 1.1351e+11  1.74%     -   36s
     0     0 1.1351e+11    0   30 1.1157e+11 1.1351e+11  1.74%     -   37s
     0     2 1.1351e+11    0   27 1.1157e+11 1.1351e+11  1.74%     -   53s
     8    10 1.1351e+11    4  853 1.1157e+11 1.1351e+11  1.74%   755   55s
    54    56 1.1351e+11   27  450 1.1157e+11 1.1351e+11  1.74%   161   60s
    98    92 1.1351e+11   50  439 1.1157e+11 1.1351e+11  1.74%   132   65s
   138   124 1.1351e+11   70  465 1.1157e+11 1.1351e+11  1.74%   134   70s
   215   173 1.1351e+11  109  431 1.1157e+11 1.1351e+11  1.74%   158   75s
   266   218 1.1351e+11  134  429 1.1157e+11 1.1351e+11  1.74%   180   80s
   306   248 1.1312e+11  156  543 1.1157e+11 1.1351e+11  1.74%   198   85s
   326   262 1.1317e+11  167  517 1.1157e+11 1.1351e+11  1.74%   202   93s
   346   273 1.1351e+11  178  425 1.1157e+11 1.1351e+11  1.74%   215   95s
   353   279 1.1351e+11  183  420 1.1157e+11 1.1351e+11  1.74%   215  102s
   388   305 1.1351e+11  212  446 1.1157e+11 1.1351e+11  1.74%   207  105s
   397   306 1.1351e+11  217  458 1.1157e+11 1.1351e+11  1.74%   206  111s
   431   313     cutoff   10      1.1157e+11 1.1351e+11  1.74%   226  115s
   452   326 1.1351e+11   11  655 1.1157e+11 1.1351e+11  1.74%   228  125s
   491   363 1.1351e+11   42  519 1.1157e+11 1.1351e+11  1.74%   215  130s
   589   449 1.1351e+11   98  509 1.1157e+11 1.1351e+11  1.74%   195  135s
   602   457 1.1325e+11  172   30 1.1157e+11 1.1351e+11  1.74%   191  144s
   604   458 1.1294e+11   12  703 1.1157e+11 1.1351e+11  1.74%   191  156s
   605   459 1.1351e+11   37  397 1.1157e+11 1.1351e+11  1.74%   190  162s
   612   465 1.1351e+11   92  767 1.1157e+11 1.1351e+11  1.74%   251  170s
   614   467 1.1351e+11   13  368 1.1157e+11 1.1351e+11  1.74%   250  175s
   617   469 1.1351e+11   56  101 1.1157e+11 1.1351e+11  1.74%   249  180s
   620   471 1.1351e+11  100  105 1.1157e+11 1.1351e+11  1.74%   248  185s
   623   473 1.1351e+11  185  441 1.1157e+11 1.1351e+11  1.74%   247  191s
   625   474 1.1351e+11  103  767 1.1157e+11 1.1351e+11  1.74%   246  199s
   626   475 1.1351e+11   84  691 1.1157e+11 1.1351e+11  1.74%   245  201s
   627   475 1.1351e+11  135  165 1.1157e+11 1.1351e+11  1.74%   245  205s
   631   478 1.1351e+11   31  547 1.1157e+11 1.1351e+11  1.74%   243  210s
   633   479 1.1351e+11   89  185 1.1157e+11 1.1351e+11  1.74%   243  222s
   640   484 1.1351e+11   29  575 1.1157e+11 1.1351e+11  1.74%   446  225s
   659   491 1.1351e+11   38  536 1.1157e+11 1.1351e+11  1.74%   436  234s
   664   490 1.1351e+11   41  550 1.1157e+11 1.1351e+11  1.74%   433  235s
   689   501 1.1351e+11   53  488 1.1157e+11 1.1351e+11  1.74%   420  240s
   713   517 1.1351e+11   65  407 1.1157e+11 1.1351e+11  1.74%   409  245s
   736   523 1.1351e+11   76  330 1.1157e+11 1.1351e+11  1.74%   400  250s
   763   531 1.1351e+11   89  339 1.1157e+11 1.1351e+11  1.74%   393  255s
   790   537 1.1351e+11  102  359 1.1157e+11 1.1351e+11  1.74%   385  260s
   815   545 1.1351e+11  114  266 1.1157e+11 1.1351e+11  1.74%   380  265s
   838   552 1.1351e+11  126  211 1.1157e+11 1.1351e+11  1.74%   376  270s
   871   551 infeasible  140      1.1157e+11 1.1351e+11  1.74%   370  275s
   917   545 1.1351e+11  142   84 1.1157e+11 1.1351e+11  1.74%   358  280s
   959   541 1.1351e+11  148  102 1.1157e+11 1.1351e+11  1.74%   347  287s
   988   542 1.1351e+11  161   89 1.1157e+11 1.1351e+11  1.74%   341  292s
  1027   522 1.1351e+11  160  104 1.1157e+11 1.1351e+11  1.74%   332  295s
  1067   491 infeasible  135      1.1157e+11 1.1351e+11  1.74%   325  300s
  1082   483 1.1351e+11  137  141 1.1157e+11 1.1351e+11  1.74%   324  305s
  1100   476 1.1351e+11  140  122 1.1157e+11 1.1351e+11  1.74%   321  311s
  1134   471 1.1351e+11  141  154 1.1157e+11 1.1351e+11  1.74%   315  315s
  1163   478 1.1351e+11  151  133 1.1157e+11 1.1351e+11  1.74%   311  320s
  1181   478 1.1351e+11  157  117 1.1157e+11 1.1351e+11  1.74%   307  326s
  1227   463 1.1351e+11  152  124 1.1157e+11 1.1351e+11  1.74%   299  330s
  1258   457 1.1351e+11  157   92 1.1157e+11 1.1351e+11  1.74%   294  337s
  1264   451 1.1351e+11  157  110 1.1157e+11 1.1351e+11  1.74%   293  346s
  1315   425 infeasible  153      1.1157e+11 1.1351e+11  1.74%   286  350s
  1363   397 1.1351e+11  147  138 1.1157e+11 1.1351e+11  1.74%   283  355s
  1419   370 1.1351e+11  138   70 1.1157e+11 1.1351e+11  1.74%   280  360s
  1453   385 1.1351e+11  105  421 1.1157e+11 1.1351e+11  1.74%   276  365s
  1497   408 1.1351e+11  144  286 1.1157e+11 1.1351e+11  1.74%   270  370s
  1534   433 1.1351e+11  181  182 1.1157e+11 1.1351e+11  1.74%   264  379s
  1538   436 1.1351e+11  185  164 1.1157e+11 1.1351e+11  1.74%   264  380s
  1592   472 1.1351e+11  239  130 1.1157e+11 1.1351e+11  1.74%   256  385s
  1634   500 1.1351e+11  280   87 1.1157e+11 1.1351e+11  1.74%   251  390s
  1698   491     cutoff  273      1.1157e+11 1.1351e+11  1.74%   244  395s
  1756   482 1.1351e+11  270  100 1.1157e+11 1.1351e+11  1.74%   239  400s
  1821   474 1.1351e+11  289   91 1.1157e+11 1.1351e+11  1.74%   235  405s
  1886   464 1.1351e+11  279   82 1.1157e+11 1.1351e+11  1.74%   231  410s
  1949   452 1.1351e+11  283   53 1.1157e+11 1.1351e+11  1.74%   226  415s
  2020   435 infeasible  279      1.1157e+11 1.1351e+11  1.74%   220  420s
  2088   413 1.1351e+11  272   87 1.1157e+11 1.1351e+11  1.74%   217  429s
  2092   416 1.1351e+11  275   58 1.1157e+11 1.1351e+11  1.74%   216  430s
  2183   418 1.1351e+11  278   49 1.1157e+11 1.1351e+11  1.74%   210  435s
  2274   399     cutoff  279      1.1157e+11 1.1351e+11  1.74%   204  440s
  2326   404 1.1351e+11  263   86 1.1157e+11 1.1351e+11  1.74%   202  445s
  2385   411 infeasible  271      1.1157e+11 1.1351e+11  1.74%   200  450s
  2468   414 infeasible  275      1.1157e+11 1.1351e+11  1.74%   197  455s
  2488   412 1.1351e+11  275   44 1.1157e+11 1.1351e+11  1.74%   196  461s
  2512   412 1.1351e+11  270   52 1.1157e+11 1.1351e+11  1.74%   195  468s
  2526   408 infeasible  268      1.1157e+11 1.1351e+11  1.74%   195  470s
  2570   414 infeasible  284      1.1157e+11 1.1351e+11  1.74%   195  475s
  2618   410 1.1351e+11  270  113 1.1157e+11 1.1351e+11  1.74%   195  480s
  2656   392     cutoff  272      1.1157e+11 1.1351e+11  1.74%   195  485s
  2707   389 1.1351e+11  262   89 1.1157e+11 1.1351e+11  1.74%   194  490s
  2749   373 infeasible  270      1.1157e+11 1.1351e+11  1.74%   194  495s
  2784   398 1.1351e+11  267  109 1.1157e+11 1.1351e+11  1.74%   193  504s
  2794   404 1.1351e+11  274  110 1.1157e+11 1.1351e+11  1.74%   192  505s
  2840   398 1.1351e+11  257   85 1.1157e+11 1.1351e+11  1.74%   190  510s
  2909   421 1.1351e+11  283   51 1.1157e+11 1.1351e+11  1.74%   187  515s
  2958   418 1.1351e+11  266   48 1.1157e+11 1.1351e+11  1.74%   185  528s
  2981   423 1.1351e+11  268   39 1.1157e+11 1.1351e+11  1.74%   184  530s
  3002   420 1.1351e+11  268   41 1.1157e+11 1.1351e+11  1.74%   184  541s
  3046   423 1.1351e+11  280   87 1.1157e+11 1.1351e+11  1.74%   182  545s
  3088   423 1.1351e+11  278   88 1.1157e+11 1.1351e+11  1.74%   181  551s
  3124   415 1.1351e+11  273   78 1.1157e+11 1.1351e+11  1.74%   180  555s
  3200   410 1.1351e+11  266   63 1.1157e+11 1.1351e+11  1.74%   177  560s
  3262   404     cutoff  263      1.1157e+11 1.1351e+11  1.74%   176  565s
  3330   398 infeasible  262      1.1157e+11 1.1351e+11  1.74%   174  570s
  3400   416 infeasible  277      1.1157e+11 1.1351e+11  1.74%   171  575s
  3450   401 1.1351e+11  255  100 1.1157e+11 1.1351e+11  1.74%   170  583s
  3479   406 infeasible  261      1.1157e+11 1.1351e+11  1.74%   169  585s
  3574   408 infeasible  260      1.1157e+11 1.1351e+11  1.74%   165  590s
  3636   400 infeasible  260      1.1157e+11 1.1351e+11  1.74%   164  595s
  3682   400 1.1351e+11  258   95 1.1157e+11 1.1351e+11  1.74%   163  600s
  3749   411 1.1351e+11  262   57 1.1157e+11 1.1351e+11  1.74%   161  605s
  3823   405 1.1351e+11  263   97 1.1157e+11 1.1351e+11  1.74%   160  610s
  3896   402 1.1351e+11  264   91 1.1157e+11 1.1351e+11  1.74%   158  615s
  3945   403 1.1351e+11  264  104 1.1157e+11 1.1351e+11  1.74%   157  623s
  3958   398 1.1351e+11  254  107 1.1157e+11 1.1351e+11  1.74%   156  625s
  4031   405 infeasible  258      1.1157e+11 1.1351e+11  1.74%   155  630s
  4107   399 1.1351e+11  261   95 1.1157e+11 1.1351e+11  1.74%   153  635s
  4160   398 1.1351e+11  261   99 1.1157e+11 1.1351e+11  1.74%   152  640s
  4235   406 1.1351e+11  262   58 1.1157e+11 1.1351e+11  1.74%   151  645s
  4313   394 1.1351e+11  259   88 1.1157e+11 1.1351e+11  1.74%   149  650s
  4370   381 1.1351e+11  264   70 1.1157e+11 1.1351e+11  1.74%   149  655s
  4413   372 1.1351e+11  249  107 1.1157e+11 1.1351e+11  1.74%   149  660s
  4435   370 1.1351e+11  272   57 1.1157e+11 1.1351e+11  1.74%   149  665s
  4482   381 1.1351e+11  256   51 1.1157e+11 1.1351e+11  1.74%   148  670s
  4549   375     cutoff  263      1.1157e+11 1.1351e+11  1.74%   147  675s
  4613   377 1.1351e+11  258   89 1.1157e+11 1.1351e+11  1.74%   146  680s
  4673   373 infeasible  258      1.1157e+11 1.1351e+11  1.74%   146  685s
  4731   373 1.1351e+11  256   62 1.1157e+11 1.1351e+11  1.74%   146  690s
  4772   366 1.1351e+11  247  143 1.1157e+11 1.1351e+11  1.74%   146  701s
  4796   370 1.1351e+11  251   89 1.1157e+11 1.1351e+11  1.74%   145  707s
  4824   375     cutoff  259      1.1157e+11 1.1351e+11  1.74%   145  710s
  4882   369 1.1351e+11  255   79 1.1157e+11 1.1351e+11  1.74%   145  715s
  4924   371 1.1351e+11  259   84 1.1157e+11 1.1351e+11  1.74%   144  724s
  4926   371 1.1351e+11  260   89 1.1157e+11 1.1351e+11  1.74%   144  728s
  4953   368 infeasible  260      1.1157e+11 1.1351e+11  1.74%   143  730s
  5018   371 1.1351e+11  255  105 1.1157e+11 1.1351e+11  1.74%   142  735s
  5082   371 1.1351e+11  253  100 1.1157e+11 1.1351e+11  1.74%   142  740s
  5144   377 1.1351e+11  258   66 1.1157e+11 1.1351e+11  1.74%   142  745s
  5205   372 infeasible  264      1.1157e+11 1.1351e+11  1.74%   141  750s
  5215   372 infeasible  262      1.1157e+11 1.1351e+11  1.74%   141  755s
  5271   376 1.1351e+11  254  107 1.1157e+11 1.1351e+11  1.74%   140  760s
  5318   379 1.1351e+11  255  118 1.1157e+11 1.1351e+11  1.74%   140  765s
  5375   374 1.1351e+11  256  101 1.1157e+11 1.1351e+11  1.74%   140  770s
  5435   370 1.1351e+11  275  109 1.1157e+11 1.1351e+11  1.74%   140  775s
  5478   370     cutoff  263      1.1157e+11 1.1351e+11  1.74%   140  780s
  5546   370 1.1351e+11  263   97 1.1157e+11 1.1351e+11  1.74%   139  785s
  5557   375 1.1351e+11  251   89 1.1157e+11 1.1351e+11  1.74%   139  790s
  5584   386 infeasible  256      1.1157e+11 1.1351e+11  1.74%   139  795s
  5659   373 infeasible  253      1.1157e+11 1.1351e+11  1.74%   138  800s
  5723   369 1.1351e+11  263   79 1.1157e+11 1.1351e+11  1.74%   137  810s
  5777   371 1.1351e+11  261   82 1.1157e+11 1.1351e+11  1.74%   137  815s
  5827   367 1.1351e+11  256  130 1.1157e+11 1.1351e+11  1.74%   137  820s
  5888   370 infeasible  258      1.1157e+11 1.1351e+11  1.74%   136  825s
  5934   376 1.1351e+11  239  144 1.1157e+11 1.1351e+11  1.74%   136  830s
  5949   383 1.1351e+11  245  127 1.1157e+11 1.1351e+11  1.74%   136  835s
  5998   382 1.1351e+11  263   59 1.1157e+11 1.1351e+11  1.74%   135  840s
  6057   379     cutoff  256      1.1157e+11 1.1351e+11  1.74%   135  845s
  6119   377 1.1351e+11  262  111 1.1157e+11 1.1351e+11  1.74%   135  850s
  6178   374 infeasible  257      1.1157e+11 1.1351e+11  1.74%   134  855s
  6226   364 1.1351e+11  252   98 1.1157e+11 1.1351e+11  1.74%   134  860s
  6304   364 1.1351e+11  253  126 1.1157e+11 1.1351e+11  1.74%   134  865s
  6340   366 1.1351e+11  274   91 1.1157e+11 1.1351e+11  1.74%   134  870s
  6394   366 infeasible  253      1.1157e+11 1.1351e+11  1.74%   133  875s
  6474   369     cutoff  256      1.1157e+11 1.1351e+11  1.74%   133  880s
  6508   375 1.1351e+11  249  141 1.1157e+11 1.1351e+11  1.74%   132  886s
  6533   382 1.1351e+11  259   91 1.1157e+11 1.1351e+11  1.74%   132  900s
  6603   382 1.1351e+11  255  120 1.1157e+11 1.1351e+11  1.74%   132  905s
  6658   395     cutoff  264      1.1157e+11 1.1351e+11  1.74%   132  910s
  6694   405     cutoff  269      1.1157e+11 1.1351e+11  1.74%   131  915s
  6771   414 1.1351e+11  275   52 1.1157e+11 1.1351e+11  1.74%   131  920s
  6815   408 1.1351e+11  270   61 1.1157e+11 1.1351e+11  1.74%   131  925s
  6888   405 infeasible  269      1.1157e+11 1.1351e+11  1.74%   130  930s
  6947   386 1.1351e+11  261   58 1.1157e+11 1.1351e+11  1.74%   130  935s
  7034   377 infeasible  260      1.1157e+11 1.1351e+11  1.74%   129  940s
  7126   411 1.1351e+11  279   47 1.1157e+11 1.1351e+11  1.74%   128  945s
  7222   397 1.1351e+11  273   44 1.1157e+11 1.1351e+11  1.74%   127  950s
  7268   383 1.1351e+11  260   63 1.1157e+11 1.1351e+11  1.74%   127  955s
  7340   378     cutoff  256      1.1157e+11 1.1351e+11  1.74%   126  960s
  7403   387 1.1351e+11  265   51 1.1157e+11 1.1351e+11  1.74%   126  965s
  7491   397 infeasible  279      1.1157e+11 1.1351e+11  1.74%   125  970s
  7575   389 1.1351e+11  269   66 1.1157e+11 1.1351e+11  1.74%   125  975s
  7619   395 1.1351e+11  270   76 1.1157e+11 1.1351e+11  1.74%   125  980s
  7691   401 1.1351e+11  290   37 1.1157e+11 1.1351e+11  1.74%   125  985s
  7759   388 1.1351e+11  265   75 1.1157e+11 1.1351e+11  1.74%   125  990s
  7836   407 1.1351e+11  287   55 1.1157e+11 1.1351e+11  1.74%   124  998s
  7861   398 infeasible  265      1.1157e+11 1.1351e+11  1.74%   124 1000s
  7931   394 infeasible  276      1.1157e+11 1.1351e+11  1.74%   124 1005s
  7992   387 1.1351e+11  263   63 1.1157e+11 1.1351e+11  1.74%   124 1010s
  8050   381     cutoff  260      1.1157e+11 1.1351e+11  1.74%   124 1015s
  8122   382 infeasible  242      1.1157e+11 1.1351e+11  1.74%   123 1020s
  8189   386 1.1351e+11  251   83 1.1157e+11 1.1351e+11  1.74%   123 1025s
  8221   382 1.1351e+11  245   87 1.1157e+11 1.1351e+11  1.74%   123 1032s
  8258   386     cutoff  267      1.1157e+11 1.1351e+11  1.74%   122 1035s
  8330   380 1.1351e+11  249  117 1.1157e+11 1.1351e+11  1.74%   122 1040s
  8396   386 1.1351e+11  255   88 1.1157e+11 1.1351e+11  1.74%   122 1045s
  8465   385 1.1351e+11  258   89 1.1157e+11 1.1351e+11  1.74%   121 1050s
  8535   389 1.1351e+11  260   76 1.1157e+11 1.1351e+11  1.74%   121 1055s
  8612   388 1.1351e+11  250   67 1.1157e+11 1.1351e+11  1.74%   121 1060s
  8694   394 1.1351e+11  258   61 1.1157e+11 1.1351e+11  1.74%   120 1065s
  8772   384 1.1351e+11  251  103 1.1157e+11 1.1351e+11  1.74%   120 1070s
  8841   384 1.1351e+11  253   80 1.1157e+11 1.1351e+11  1.74%   120 1075s
  8853   380 1.1351e+11  249   68 1.1157e+11 1.1351e+11  1.74%   119 1080s
  8856   381 1.1351e+11  251   62 1.1157e+11 1.1351e+11  1.74%   119 1089s
  8859   380 1.1351e+11  252   64 1.1157e+11 1.1351e+11  1.74%   119 1097s
  8898   379 infeasible  253      1.1157e+11 1.1351e+11  1.74%   119 1100s
  8971   384 1.1351e+11  260   58 1.1157e+11 1.1351e+11  1.74%   119 1105s
  9042   385 1.1351e+11  260   68 1.1157e+11 1.1351e+11  1.74%   119 1110s
  9055   382 1.1351e+11  259   68 1.1157e+11 1.1351e+11  1.74%   118 1115s
  9137   394     cutoff  273      1.1157e+11 1.1351e+11  1.74%   118 1120s
  9228   387     cutoff  266      1.1157e+11 1.1351e+11  1.74%   117 1125s
  9312   387 1.1351e+11  270   56 1.1157e+11 1.1351e+11  1.74%   117 1130s
  9402   383 1.1351e+11  259   47 1.1157e+11 1.1351e+11  1.74%   117 1135s
  9479   381 1.1351e+11  259   70 1.1157e+11 1.1351e+11  1.74%   116 1140s
  9547   380 1.1351e+11  259   88 1.1157e+11 1.1351e+11  1.74%   116 1145s
  9588   393 1.1351e+11  265   95 1.1157e+11 1.1351e+11  1.74%   116 1151s
  9633   396     cutoff  273      1.1157e+11 1.1351e+11  1.74%   116 1155s
  9689   393 1.1351e+11  271  105 1.1157e+11 1.1351e+11  1.74%   116 1160s
  9734   393 infeasible  280      1.1157e+11 1.1351e+11  1.74%   117 1165s
  9790   386 1.1351e+11  260   90 1.1157e+11 1.1351e+11  1.74%   117 1170s
  9806   381 1.1342e+11  272  131 1.1157e+11 1.1351e+11  1.74%   117 1175s
  9839   382 1.1351e+11  255   87 1.1157e+11 1.1351e+11  1.74%   117 1187s
  9862   381 1.1351e+11  260   67 1.1157e+11 1.1351e+11  1.74%   118 1190s
  9915   383 1.1351e+11  266   97 1.1157e+11 1.1351e+11  1.74%   117 1198s
  9942   376 infeasible  259      1.1157e+11 1.1351e+11  1.74%   117 1200s
  9943   377 1.1351e+11  257   74 1.1157e+11 1.1351e+11  1.74%   117 1208s
  9967   374     cutoff  255      1.1157e+11 1.1351e+11  1.74%   117 1210s
 10027   379 infeasible  255      1.1157e+11 1.1351e+11  1.74%   117 1215s
 10095   392 1.1351e+11  265   35 1.1157e+11 1.1351e+11  1.74%   117 1220s
 10166   384 infeasible  265      1.1157e+11 1.1351e+11  1.74%   116 1225s
 10191   385 1.1351e+11  264   64 1.1157e+11 1.1351e+11  1.74%   116 1230s
 10270   383 infeasible  260      1.1157e+11 1.1351e+11  1.74%   116 1235s
 10343   376 infeasible  268      1.1157e+11 1.1351e+11  1.74%   116 1240s
 10430   401 1.1351e+11  271   51 1.1157e+11 1.1351e+11  1.74%   115 1245s
 10520   384 infeasible  268      1.1157e+11 1.1351e+11  1.74%   115 1250s
 10599   379 1.1351e+11  255   61 1.1157e+11 1.1351e+11  1.74%   114 1255s
 10651   375 1.1351e+11  247  125 1.1157e+11 1.1351e+11  1.74%   114 1263s
 10667   379     cutoff  254      1.1157e+11 1.1351e+11  1.74%   114 1265s
 10727   375 1.1351e+11  245  125 1.1157e+11 1.1351e+11  1.74%   114 1270s
 10746   389 1.1351e+11  116   30 1.1157e+11 1.1351e+11  1.74%   114 1458s
 10748   390 1.1351e+11  132  433 1.1157e+11 1.1351e+11  1.74%   114 1464s
 10749   391 1.1351e+11   66  521 1.1157e+11 1.1351e+11  1.74%   114 1467s
 10752   393 1.1350e+11  162  350 1.1157e+11 1.1351e+11  1.74%   114 1473s
 10754   394 1.1351e+11  251  169 1.1157e+11 1.1351e+11  1.74%   114 1479s
 10755   395 1.1351e+11  167  198 1.1157e+11 1.1351e+11  1.74%   114 1480s
 10758   397 1.1351e+11  247  172 1.1157e+11 1.1351e+11  1.74%   114 1487s
 10760   398 1.1351e+11  141   69 1.1157e+11 1.1351e+11  1.74%   114 1494s
 10761   399 1.1351e+11  181  299 1.1157e+11 1.1351e+11  1.74%   114 1495s
 10763   400 1.1351e+11  117   58 1.1157e+11 1.1351e+11  1.74%   114 1500s
 10766   402 1.1351e+11   56  120 1.1157e+11 1.1351e+11  1.74%   114 1505s
 10768   404 1.1351e+11  255  140 1.1157e+11 1.1351e+11  1.74%   114 1510s
 10770   405 1.1351e+11  207   43 1.1157e+11 1.1351e+11  1.74%   114 1516s
 10772   406 1.1351e+11  223   28 1.1157e+11 1.1351e+11  1.74%   114 1525s
 10773   409 1.1351e+11   41   19 1.1157e+11 1.1351e+11  1.74%   123 1533s
 10783   412 1.1351e+11   47  537 1.1157e+11 1.1351e+11  1.74%   124 1535s
 10809   429 1.1351e+11   68  449 1.1157e+11 1.1351e+11  1.74%   124 1540s
 10831   444 1.1351e+11   82  573 1.1157e+11 1.1351e+11  1.74%   124 1545s
 10851   457 1.1351e+11   94  400 1.1157e+11 1.1351e+11  1.74%   124 1550s
 10877   474 1.1351e+11  108  400 1.1157e+11 1.1351e+11  1.74%   124 1555s
 10900   490 1.1351e+11  120  252 1.1157e+11 1.1351e+11  1.74%   123 1560s
 10930   506 1.1351e+11  138  216 1.1157e+11 1.1351e+11  1.74%   123 1565s
 10960   522 1.1351e+11  154  229 1.1157e+11 1.1351e+11  1.74%   123 1570s
 10986   537 1.1351e+11  169  206 1.1157e+11 1.1351e+11  1.74%   123 1575s
 11013   543 1.1351e+11  183  128 1.1157e+11 1.1351e+11  1.74%   123 1580s
 11032   550 1.1351e+11  192  105 1.1157e+11 1.1351e+11  1.74%   123 1585s
 11056   546 1.1351e+11   46  600 1.1157e+11 1.1351e+11  1.74%   123 1590s
 11079   561 1.1320e+11   67  579 1.1157e+11 1.1351e+11  1.74%   123 1595s
 11102   576 1.1320e+11   84  512 1.1157e+11 1.1351e+11  1.74%   123 1600s
 11125   592 1.1320e+11   95  516 1.1157e+11 1.1351e+11  1.74%   122 1605s
 11135   596 1.1320e+11  101  508 1.1157e+11 1.1351e+11  1.74%   122 1617s
 11150   606 1.1320e+11  111  457 1.1157e+11 1.1351e+11  1.74%   122 1620s
 11176   624 1.1320e+11  124  412 1.1157e+11 1.1351e+11  1.74%   122 1625s
 11179   626 1.1320e+11  125  411 1.1157e+11 1.1351e+11  1.74%   122 1630s
 11209   646 1.1320e+11  141  394 1.1157e+11 1.1351e+11  1.74%   122 1635s
 11233   662 1.1320e+11  154  333 1.1157e+11 1.1351e+11  1.74%   122 1644s
 11236   664 1.1320e+11  155  310 1.1157e+11 1.1351e+11  1.74%   122 1645s
 11260   672 1.1320e+11  167  258 1.1157e+11 1.1351e+11  1.74%   122 1650s
 11278   682 infeasible  176      1.1157e+11 1.1351e+11  1.74%   122 1655s
 11288   683 1.1320e+11  181  204 1.1157e+11 1.1351e+11  1.74%   122 1663s
 11294   687 1.1320e+11  185  195 1.1157e+11 1.1351e+11  1.74%   122 1665s
 11315   685 1.1320e+11  192  271 1.1157e+11 1.1351e+11  1.74%   122 1680s
 11336   683 1.1351e+11   54  483 1.1157e+11 1.1351e+11  1.74%   122 1685s
 11359   697 1.1320e+11   71  641 1.1157e+11 1.1351e+11  1.74%   122 1690s
 11381   709 1.1320e+11   86  456 1.1157e+11 1.1351e+11  1.74%   122 1695s
 11403   724 1.1320e+11  102  713 1.1157e+11 1.1351e+11  1.74%   122 1700s
 11421   730 1.1320e+11  111  405 1.1157e+11 1.1351e+11  1.74%   122 1705s
 11443   745 1.1320e+11  122  499 1.1157e+11 1.1351e+11  1.74%   122 1710s
 11462   757 1.1320e+11  132  443 1.1157e+11 1.1351e+11  1.74%   122 1715s
 11482   769 1.1320e+11  142  499 1.1157e+11 1.1351e+11  1.74%   122 1720s
 11504   783 1.1320e+11  154  405 1.1157e+11 1.1351e+11  1.74%   122 1725s
 11525   793 1.1320e+11  164  390 1.1157e+11 1.1351e+11  1.74%   122 1730s
 11545   807 1.1320e+11  174  384 1.1157e+11 1.1351e+11  1.74%   122 1742s
 11558   815 1.1320e+11  182  359 1.1157e+11 1.1351e+11  1.74%   122 1745s
 11578   829 1.1320e+11  192  352 1.1157e+11 1.1351e+11  1.74%   122 1750s
 11601   842 1.1320e+11  204  174 1.1157e+11 1.1351e+11  1.74%   122 1755s
 11624   841 1.1320e+11  213  151 1.1157e+11 1.1351e+11  1.74%   122 1760s
 11645   845 infeasible  224      1.1157e+11 1.1351e+11  1.74%   122 1765s
 11675   842 1.1351e+11   56  526 1.1157e+11 1.1351e+11  1.74%   122 1770s
 11698   854 1.1351e+11   74  556 1.1157e+11 1.1351e+11  1.74%   122 1775s
 11720   868 1.1320e+11   90  448 1.1157e+11 1.1351e+11  1.74%   122 1780s
 11723   868 1.1320e+11   91  452 1.1157e+11 1.1351e+11  1.74%   122 1786s
 11741   880 1.1320e+11  101  447 1.1157e+11 1.1351e+11  1.74%   122 1790s
 11753   888 1.1320e+11  107  432 1.1157e+11 1.1351e+11  1.74%   122 1798s
 11762   892 1.1320e+11  113  352 1.1157e+11 1.1351e+11  1.74%   122 1800s
 11785   905 1.1320e+11  125  327 1.1157e+11 1.1351e+11  1.74%   122 1805s
 11805   918 1.1320e+11  135  293 1.1157e+11 1.1351e+11  1.74%   122 1823s
 11812   923 1.1320e+11  138  262 1.1157e+11 1.1351e+11  1.74%   122 1825s
 11835   936 1.1320e+11  150  321 1.1157e+11 1.1351e+11  1.74%   122 1830s
 11855   948 1.1320e+11  161  251 1.1157e+11 1.1351e+11  1.74%   122 1835s
 11858   950 1.1320e+11  162  277 1.1157e+11 1.1351e+11  1.74%   122 1843s
 11864   954 1.1320e+11  165  252 1.1157e+11 1.1351e+11  1.74%   122 1845s
 11891   972 1.1320e+11  181  186 1.1157e+11 1.1351e+11  1.74%   122 1850s
 11915   976 1.1320e+11  193  143 1.1157e+11 1.1351e+11  1.74%   122 1855s
 11930   972 1.1320e+11   69  469 1.1157e+11 1.1351e+11  1.74%   122 1868s
 11938   978 1.1320e+11   75  426 1.1157e+11 1.1351e+11  1.74%   122 1870s
 11963   991 1.1320e+11   90  369 1.1157e+11 1.1351e+11  1.74%   121 1875s
 11985  1002 1.1320e+11  102  392 1.1157e+11 1.1351e+11  1.74%   121 1880s
 12010  1023 1.1320e+11  116  383 1.1157e+11 1.1351e+11  1.74%   121 1885s
 12038  1047 1.1320e+11  131  435 1.1157e+11 1.1351e+11  1.74%   121 1890s
 12064  1073 1.1320e+11  145  483 1.1157e+11 1.1351e+11  1.74%   121 1895s
 12083  1092 1.1320e+11  155  296 1.1157e+11 1.1351e+11  1.74%   121 1900s
 12103  1108 1.1320e+11  164  245 1.1157e+11 1.1351e+11  1.74%   121 1905s
 12118  1123 1.1320e+11  172  186 1.1157e+11 1.1351e+11  1.74%   121 1910s
 12142  1143 1.1320e+11  185  153 1.1157e+11 1.1351e+11  1.74%   121 1915s
 12147  1148 1.1320e+11  187  128 1.1157e+11 1.1351e+11  1.74%   121 1921s
 12165  1150 1.1320e+11  193  124 1.1157e+11 1.1351e+11  1.74%   121 1925s
 12200  1160 infeasible  209      1.1157e+11 1.1351e+11  1.74%   121 1930s
 12229  1163 1.1351e+11   90  408 1.1157e+11 1.1351e+11  1.74%   121 1935s
 12258  1192 1.1351e+11  107  402 1.1157e+11 1.1351e+11  1.74%   121 1940s
 12282  1216 1.1351e+11  120  349 1.1157e+11 1.1351e+11  1.74%   121 1945s
 12307  1235 1.1351e+11  133  239 1.1157e+11 1.1351e+11  1.74%   120 1950s
 12328  1254 1.1351e+11  146  208 1.1157e+11 1.1351e+11  1.74%   120 1955s
 12344  1266 1.1351e+11  155  187 1.1157e+11 1.1351e+11  1.74%   120 1963s
 12348  1270 1.1351e+11  157  187 1.1157e+11 1.1351e+11  1.74%   120 1965s
 12361  1283 1.1351e+11  164  207 1.1157e+11 1.1351e+11  1.74%   120 1977s
 12379  1287 1.1351e+11  128  231 1.1157e+11 1.1351e+11  1.74%   120 1980s
 12406  1310 1.1351e+11  147  232 1.1157e+11 1.1351e+11  1.74%   120 1985s
 12436  1334 1.1351e+11  155  156 1.1157e+11 1.1351e+11  1.74%   120 1990s
 12473  1371 1.1351e+11  161  193 1.1157e+11 1.1351e+11  1.74%   119 1995s
 12499  1392 1.1351e+11  167  161 1.1157e+11 1.1351e+11  1.74%   119 2000s
 12529  1417 1.1351e+11  177  127 1.1157e+11 1.1351e+11  1.74%   119 2005s
 12555  1437 1.1351e+11  185  129 1.1157e+11 1.1351e+11  1.74%   119 2010s
 12584  1456 1.1351e+11  203   95 1.1157e+11 1.1351e+11  1.74%   119 2020s
 12667  1468 1.1351e+11  129  220 1.1157e+11 1.1351e+11  1.74%   119 2025s
 12701  1498 1.1351e+11  157  238 1.1157e+11 1.1351e+11  1.74%   119 2030s
 12727  1524 1.1351e+11  172  259 1.1157e+11 1.1351e+11  1.74%   119 2035s
 12731  1528 1.1351e+11  172  176 1.1157e+11 1.1351e+11  1.74%   119 2042s
 12746  1543 1.1351e+11  177  149 1.1157e+11 1.1351e+11  1.74%   118 2045s
 12771  1568 1.1351e+11  183  209 1.1157e+11 1.1351e+11  1.74%   118 2050s
 12788  1585 1.1351e+11  192  163 1.1157e+11 1.1351e+11  1.74%   118 2064s
 12792  1589 1.1351e+11  194  142 1.1157e+11 1.1351e+11  1.74%   118 2065s
 12876  1638 1.1351e+11  219  121 1.1157e+11 1.1351e+11  1.74%   118 2070s
 12934  1666 1.1234e+11  246   85 1.1157e+11 1.1351e+11  1.74%   118 2078s
 12943  1665 1.1351e+11   87  584 1.1157e+11 1.1351e+11  1.74%   118 2080s
 12964  1684 1.1351e+11   99  391 1.1157e+11 1.1351e+11  1.74%   118 2085s
 12991  1703 1.1351e+11  113  292 1.1157e+11 1.1351e+11  1.74%   118 2090s
 13015  1725 1.1351e+11  122  291 1.1157e+11 1.1351e+11  1.74%   118 2095s
 13163  1848 1.1351e+11  199  163 1.1157e+11 1.1351e+11  1.74%   117 2100s
 13318  1924 1.1351e+11  122  286 1.1157e+11 1.1351e+11  1.74%   116 2105s
 13347  1953 1.1351e+11  149  184 1.1157e+11 1.1351e+11  1.74%   116 2110s
 13382  1988 1.1351e+11  179  182 1.1157e+11 1.1351e+11  1.74%   116 2115s
 13414  2020 1.1351e+11  187  244 1.1157e+11 1.1351e+11  1.74%   115 2120s
 13419  2025 1.1351e+11  192  178 1.1157e+11 1.1351e+11  1.74%   115 2125s
 13618  2153 1.1351e+11  121  274 1.1157e+11 1.1351e+11  1.74%   114 2130s
 13647  2182 1.1351e+11  141  215 1.1157e+11 1.1351e+11  1.74%   114 2135s
 13683  2218 1.1351e+11  175  193 1.1157e+11 1.1351e+11  1.74%   113 2140s
 13721  2256 1.1351e+11  204  130 1.1157e+11 1.1351e+11  1.74%   113 2145s
 13956  2443 1.1351e+11  289   90 1.1157e+11 1.1351e+11  1.74%   112 2150s
 13974  2435 1.1351e+11   67  433 1.1157e+11 1.1351e+11  1.74%   112 2160s
 13994  2455 1.1351e+11   84  492 1.1157e+11 1.1351e+11  1.74%   112 2165s
 14002  2463 1.1351e+11   89  342 1.1157e+11 1.1351e+11  1.74%   112 2173s
 14010  2471 1.1320e+11   94  325 1.1157e+11 1.1351e+11  1.74%   112 2175s
 14044  2499 1.1320e+11  123  337 1.1157e+11 1.1351e+11  1.74%   111 2180s
 14067  2522 1.1320e+11  138  305 1.1157e+11 1.1351e+11  1.74%   111 2185s
 14094  2549 1.1320e+11  159  228 1.1157e+11 1.1351e+11  1.74%   111 2190s
 14125  2574 infeasible  168      1.1157e+11 1.1351e+11  1.74%   111 2195s
 14153  2600 1.1320e+11  184  214 1.1157e+11 1.1351e+11  1.74%   111 2200s
 14194  2635 1.1320e+11  200  172 1.1157e+11 1.1351e+11  1.74%   111 2205s
 14221  2658 1.1320e+11  213  156 1.1157e+11 1.1351e+11  1.74%   111 2215s
 14251  2670 1.1320e+11  230  109 1.1157e+11 1.1351e+11  1.74%   110 2220s
 14285  2679 infeasible  245      1.1157e+11 1.1351e+11  1.74%   110 2225s
 14313  2695 1.1351e+11  103  457 1.1157e+11 1.1351e+11  1.74%   110 2230s
 14341  2721 1.1351e+11  123  291 1.1157e+11 1.1351e+11  1.74%   110 2235s
 14370  2744 1.1351e+11  145  257 1.1157e+11 1.1351e+11  1.74%   110 2240s
 14489  2852 1.1351e+11  248   97 1.1157e+11 1.1351e+11  1.74%   109 2245s
 14635  2969 1.1351e+11  247  133 1.1157e+11 1.1351e+11  1.74%   108 2250s
 14811  3083 1.1351e+11  282   77 1.1157e+11 1.1351e+11  1.74%   107 2255s
 14824  3082 1.1351e+11  281   87 1.1157e+11 1.1351e+11  1.74%   107 2261s
 14987  3198 1.1351e+11  252   76 1.1157e+11 1.1351e+11  1.74%   106 2265s
 15290  3355 1.1351e+11  206  150 1.1157e+11 1.1351e+11  1.74%   104 2270s
 15567  3513 1.1351e+11  289   99 1.1157e+11 1.1351e+11  1.74%   103 2275s
 15846  3652 infeasible  260      1.1157e+11 1.1351e+11  1.74%   101 2282s
 15932  3707 1.1351e+11  224  133 1.1157e+11 1.1351e+11  1.74%   101 2285s
 16192  3836 1.1351e+11  199  163 1.1157e+11 1.1351e+11  1.74%   100 2290s
 16468  3940 1.1351e+11  194  167 1.1157e+11 1.1351e+11  1.74%  98.2 2295s
 16585  3997 1.1351e+11  210  142 1.1157e+11 1.1351e+11  1.74%  97.8 2309s
 16586  3998 1.1351e+11  211  154 1.1157e+11 1.1351e+11  1.74%  97.8 2314s
 16591  4001 1.1351e+11  214  137 1.1157e+11 1.1351e+11  1.74%  97.7 2315s
 16658  4009 infeasible  205      1.1157e+11 1.1351e+11  1.74%  97.5 2320s
 16689  4026 1.1351e+11  221  113 1.1157e+11 1.1351e+11  1.74%  97.4 2325s
 16733  4046 1.1351e+11  193  147 1.1157e+11 1.1351e+11  1.74%  97.4 2330s
 16945  4147 1.1351e+11  231   98 1.1157e+11 1.1351e+11  1.74%  96.5 2335s
 17209  4268 1.1351e+11  250   89 1.1157e+11 1.1351e+11  1.74%  95.4 2340s
 17467  4252 1.1351e+11  230   94 1.1157e+11 1.1351e+11  1.74%  94.3 2345s
 17724  4268 1.1351e+11  213  134 1.1157e+11 1.1351e+11  1.74%  93.2 2350s
 17859  4254 1.1351e+11  218  111 1.1157e+11 1.1351e+11  1.74%  92.7 2359s
 17891  4252 1.1351e+11  211  123 1.1157e+11 1.1351e+11  1.74%  92.6 2360s
 18185  4324 infeasible  275      1.1157e+11 1.1351e+11  1.74%  91.4 2365s
 18450  4318 1.1351e+11  203  153 1.1157e+11 1.1351e+11  1.74%  90.5 2370s
 18701  4325 1.1351e+11  209  146 1.1157e+11 1.1351e+11  1.74%  89.7 2375s
 18949  4335 1.1351e+11  210  127 1.1157e+11 1.1351e+11  1.74%  89.0 2380s
 19206  4343 1.1351e+11  224  114 1.1157e+11 1.1351e+11  1.74%  88.3 2385s
 19520  4392 infeasible  243      1.1157e+11 1.1351e+11  1.74%  87.2 2390s
 19801  4409 1.1351e+11  205  127 1.1157e+11 1.1351e+11  1.74%  86.3 2395s
 20022  4432 1.1351e+11  211  132 1.1157e+11 1.1351e+11  1.74%  85.6 2400s
 20257  4514 1.1351e+11  255  117 1.1157e+11 1.1351e+11  1.74%  84.9 2405s
 20453  4598 1.1351e+11  197  147 1.1157e+11 1.1351e+11  1.74%  84.4 2410s
 20494  4604 1.1351e+11  229  110 1.1157e+11 1.1351e+11  1.74%  84.3 2415s
 20667  4659 1.1351e+11  249  132 1.1157e+11 1.1351e+11  1.74%  83.9 2420s
 20947  4805 1.1351e+11  306   68 1.1157e+11 1.1351e+11  1.74%  83.0 2427s
 21098  4795 1.1351e+11  280   93 1.1157e+11 1.1351e+11  1.74%  82.6 2430s
 21319  4819 infeasible  204      1.1157e+11 1.1351e+11  1.74%  82.3 2435s
 21358  4828 1.1351e+11  191  173 1.1157e+11 1.1351e+11  1.74%  82.3 2440s
 21580  4861 1.1351e+11  208  142 1.1157e+11 1.1351e+11  1.74%  81.9 2445s
 21829  4863 1.1351e+11  205  175 1.1157e+11 1.1351e+11  1.74%  81.2 2450s
 22060  4855 1.1351e+11  203  180 1.1157e+11 1.1351e+11  1.74%  80.7 2458s
 22152  4852 1.1351e+11  202  182 1.1157e+11 1.1351e+11  1.74%  80.5 2460s
 22374  4853 1.1351e+11  201  175 1.1157e+11 1.1351e+11  1.74%  80.1 2465s
 22624  4874 1.1351e+11  205  176 1.1157e+11 1.1351e+11  1.74%  79.5 2470s
 22693  4894 1.1351e+11  191  142 1.1157e+11 1.1351e+11  1.74%  79.7 2475s
 22884  4924 1.1351e+11  183  187 1.1157e+11 1.1351e+11  1.74%  79.4 2480s
 22987  4936 1.1351e+11  213  125 1.1157e+11 1.1351e+11  1.74%  79.3 2486s
 23063  4940 1.1257e+11  212  175 1.1157e+11 1.1351e+11  1.74%  79.5 2490s
 23124  4955 1.1351e+11  215  487 1.1157e+11 1.1351e+11  1.74%  79.6 2495s
 23154  4956 1.1350e+11  218  489 1.1157e+11 1.1351e+11  1.74%  79.7 2504s
 23169  4955 1.1351e+11  184  172 1.1157e+11 1.1351e+11  1.74%  79.6 2505s
 23188  4965 1.1351e+11  197  146 1.1157e+11 1.1351e+11  1.74%  79.6 2512s
 23240  4969 1.1351e+11  217  160 1.1157e+11 1.1351e+11  1.74%  79.5 2515s
 23430  5003 1.1351e+11  201  129 1.1157e+11 1.1351e+11  1.74%  79.3 2520s
 23566  5017 1.1351e+11  199  173 1.1157e+11 1.1351e+11  1.74%  79.1 2525s
 23649  5014 1.1351e+11  182  178 1.1157e+11 1.1351e+11  1.74%  79.1 2530s
 23874  5046 1.1351e+11  184  236 1.1157e+11 1.1351e+11  1.74%  78.7 2535s
 24040  5109 1.1351e+11  201  188 1.1157e+11 1.1351e+11  1.74%  78.4 2540s
 24058  5109 1.1351e+11  202  174 1.1157e+11 1.1351e+11  1.74%  78.5 2545s
 24160  5169 1.1351e+11  201  140 1.1157e+11 1.1351e+11  1.74%  78.4 2550s
 24221  5174 1.1351e+11  195  157 1.1157e+11 1.1351e+11  1.74%  78.4 2555s
 24243  5180 1.1351e+11  199  156 1.1157e+11 1.1351e+11  1.74%  78.5 2560s
 24253  5188 1.1351e+11  203  215 1.1157e+11 1.1351e+11  1.74%  78.5 2569s
 24257  5190 1.1351e+11  202  214 1.1157e+11 1.1351e+11  1.74%  78.5 2570s
 24392  5237 1.1351e+11  185  230 1.1157e+11 1.1351e+11  1.74%  78.3 2575s
 24473  5253 infeasible  196      1.1157e+11 1.1351e+11  1.74%  78.3 2580s
 24576  5251 1.1351e+11  211  163 1.1157e+11 1.1351e+11  1.74%  78.3 2585s
 24752  5251 1.1351e+11  188  145 1.1157e+11 1.1351e+11  1.74%  78.1 2590s
 24852  5284 1.1351e+11  195  153 1.1157e+11 1.1351e+11  1.74%  78.0 2595s
 24977  5303 1.1351e+11  205  251 1.1157e+11 1.1351e+11  1.74%  77.9 2600s
 25189  5342 infeasible  214      1.1157e+11 1.1351e+11  1.74%  77.7 2605s
 25420  5392 1.1351e+11  204  170 1.1157e+11 1.1351e+11  1.74%  77.4 2610s
 25639  5385 1.1351e+11  193  139 1.1157e+11 1.1351e+11  1.74%  77.1 2615s
 25861  5383 1.1351e+11  199  167 1.1157e+11 1.1351e+11  1.74%  76.7 2620s
 26044  5404 1.1351e+11  207  179 1.1157e+11 1.1351e+11  1.74%  76.5 2629s
 26048  5402 infeasible  206      1.1157e+11 1.1351e+11  1.74%  76.5 2632s
 26061  5405 1.1351e+11  203  126 1.1157e+11 1.1351e+11  1.74%  76.6 2635s
 26218  5457 1.1351e+11  192  137 1.1157e+11 1.1351e+11  1.74%  76.4 2640s
 26338  5478 1.1351e+11  198  159 1.1157e+11 1.1351e+11  1.74%  76.5 2645s
 26461  5514 1.1351e+11  246  113 1.1157e+11 1.1351e+11  1.74%  76.3 2661s
 26473  5512 1.1351e+11  210  148 1.1157e+11 1.1351e+11  1.74%  76.3 2668s
 26493  5508 infeasible  213      1.1157e+11 1.1351e+11  1.74%  76.3 2670s
 26550  5471 1.1351e+11  202  118 1.1157e+11 1.1351e+11  1.74%  76.4 2675s
 26595  5476 infeasible  211      1.1157e+11 1.1351e+11  1.74%  76.5 2680s
 26653  5468 1.1351e+11  199  127 1.1157e+11 1.1351e+11  1.74%  76.6 2685s
 26711  5478 infeasible  201      1.1157e+11 1.1351e+11  1.74%  76.6 2690s
 26778  5477 infeasible  203      1.1157e+11 1.1351e+11  1.74%  76.6 2695s
 26842  5471 1.1351e+11  203  120 1.1157e+11 1.1351e+11  1.74%  76.6 2700s
 26900  5481 1.1351e+11  202  143 1.1157e+11 1.1351e+11  1.74%  76.7 2705s
 26946  5479 1.1351e+11  205  134 1.1157e+11 1.1351e+11  1.74%  76.8 2710s
 26986  5477 1.1351e+11  201  202 1.1157e+11 1.1351e+11  1.74%  76.8 2715s
 27023  5482 infeasible  216      1.1157e+11 1.1351e+11  1.74%  76.9 2720s
 27075  5480 1.1351e+11  214  143 1.1157e+11 1.1351e+11  1.74%  76.9 2731s
 27100  5475 infeasible  210      1.1157e+11 1.1351e+11  1.74%  77.0 2735s
 27150  5477 1.1351e+11  207  119 1.1157e+11 1.1351e+11  1.74%  77.1 2740s
 27200  5473 1.1351e+11  199  129 1.1157e+11 1.1351e+11  1.74%  77.1 2745s
 27247  5470 infeasible  209      1.1157e+11 1.1351e+11  1.74%  77.2 2750s
 27286  5471 infeasible  209      1.1157e+11 1.1351e+11  1.74%  77.3 2755s
 27335  5471 infeasible  218      1.1157e+11 1.1351e+11  1.74%  77.4 2760s
 27373  5475 1.1351e+11  195  122 1.1157e+11 1.1351e+11  1.74%  77.5 2765s
 27426  5474 1.1351e+11  197  137 1.1157e+11 1.1351e+11  1.74%  77.6 2770s
 27490  5482 infeasible  207      1.1157e+11 1.1351e+11  1.74%  77.6 2775s
 27547  5477 infeasible  205      1.1157e+11 1.1351e+11  1.74%  77.7 2780s
 27586  5474 infeasible  206      1.1157e+11 1.1351e+11  1.74%  77.9 2785s
 27617  5477 1.1351e+11  202  118 1.1157e+11 1.1351e+11  1.74%  77.9 2793s
 27633  5475 infeasible  197      1.1157e+11 1.1351e+11  1.74%  77.9 2795s
 27682  5482 1.1351e+11  195  125 1.1157e+11 1.1351e+11  1.74%  77.9 2800s
 27726  5478 infeasible  207      1.1157e+11 1.1351e+11  1.74%  78.0 2805s
 27769  5469 1.1351e+11  197  114 1.1157e+11 1.1351e+11  1.74%  78.1 2810s
 27806  5474 1.1351e+11  202  136 1.1157e+11 1.1351e+11  1.74%  78.1 2815s
 27841  5469 infeasible  200      1.1157e+11 1.1351e+11  1.74%  78.2 2820s
 27873  5475 1.1351e+11  208  150 1.1157e+11 1.1351e+11  1.74%  78.3 2825s
 27917  5475 infeasible  205      1.1157e+11 1.1351e+11  1.74%  78.3 2830s
 27948  5474 1.1351e+11  204  121 1.1157e+11 1.1351e+11  1.74%  78.3 2835s
 27978  5474 1.1351e+11  206  117 1.1157e+11 1.1351e+11  1.74%  78.3 2841s
 28009  5467 1.1351e+11  197  138 1.1157e+11 1.1351e+11  1.74%  78.4 2845s
 28037  5465 1.1351e+11  198  137 1.1157e+11 1.1351e+11  1.74%  78.5 2850s
 28077  5461 infeasible  201      1.1157e+11 1.1351e+11  1.74%  78.6 2855s
 28107  5481 1.1351e+11  138  279 1.1157e+11 1.1351e+11  1.74%  78.6 2860s
 28127  5501 1.1351e+11  152  147 1.1157e+11 1.1351e+11  1.74%  78.6 2865s
 28142  5512 1.1351e+11  160  158 1.1157e+11 1.1351e+11  1.74%  78.6 2872s
 28145  5511 1.1351e+11  163  189 1.1157e+11 1.1351e+11  1.74%  78.6 2890s
 28171  5529 1.1351e+11  180  136 1.1157e+11 1.1351e+11  1.74%  78.6 2895s
 28211  5551 infeasible  194      1.1157e+11 1.1351e+11  1.74%  78.6 2900s
 28216  5548 1.1351e+11  189   99 1.1157e+11 1.1351e+11  1.74%  78.7 2906s
 28231  5543     cutoff   60      1.1157e+11 1.1351e+11  1.74%  78.8 2910s
 28254  5564 1.1351e+11   73  456 1.1157e+11 1.1351e+11  1.74%  78.9 2915s
 28279  5583 1.1320e+11   83  431 1.1157e+11 1.1351e+11  1.74%  79.0 2920s
 28306  5606 1.1320e+11   93  426 1.1157e+11 1.1351e+11  1.74%  79.0 2925s
 28336  5634 1.1320e+11  106  357 1.1157e+11 1.1351e+11  1.74%  79.0 2930s
 28365  5662 1.1320e+11  117  301 1.1157e+11 1.1351e+11  1.74%  79.0 2935s
 28408  5704 1.1320e+11  133  190 1.1157e+11 1.1351e+11  1.74%  79.1 2940s
 28445  5739 1.1320e+11  143  182 1.1157e+11 1.1351e+11  1.74%  79.2 2945s
 28511  5783 1.1320e+11  166  135 1.1157e+11 1.1351e+11  1.74%  79.3 2950s
 28557  5809 1.1320e+11  176  116 1.1157e+11 1.1351e+11  1.74%  79.4 2955s
 28586  5814 1.1320e+11  186   93 1.1157e+11 1.1351e+11  1.74%  79.4 2963s
 28613  5817 infeasible  193      1.1157e+11 1.1351e+11  1.74%  79.5 2965s
 28650  5844 1.1351e+11  191  154 1.1157e+11 1.1351e+11  1.74%  79.5 2970s
 28701  5865 1.1351e+11  189  154 1.1157e+11 1.1351e+11  1.74%  79.6 2975s
 28753  5863 infeasible  197      1.1157e+11 1.1351e+11  1.74%  79.7 2980s
 28805  5873 infeasible  186      1.1157e+11 1.1351e+11  1.74%  79.7 2985s
 28852  5896 infeasible  210      1.1157e+11 1.1351e+11  1.74%  79.7 2990s
 28907  5931 1.1351e+11  246   96 1.1157e+11 1.1351e+11  1.74%  79.7 2995s
 28981  5947 infeasible  190      1.1157e+11 1.1351e+11  1.74%  79.6 3000s
 29036  5948 1.1351e+11  189  145 1.1157e+11 1.1351e+11  1.74%  79.6 3005s
 29083  5952 1.1351e+11  188  153 1.1157e+11 1.1351e+11  1.74%  79.7 3010s
 29111  5952 1.1351e+11  197  137 1.1157e+11 1.1351e+11  1.74%  79.7 3017s
 29136  5949 1.1351e+11  187  148 1.1157e+11 1.1351e+11  1.74%  79.7 3020s
 29183  5967 1.1351e+11  206  127 1.1157e+11 1.1351e+11  1.74%  79.8 3025s
 29253  5971 1.1351e+11  191  131 1.1157e+11 1.1351e+11  1.74%  79.8 3030s
 29317  5975 1.1351e+11  198  163 1.1157e+11 1.1351e+11  1.74%  79.8 3035s
 29371  5981 1.1351e+11  200  143 1.1157e+11 1.1351e+11  1.74%  79.9 3040s
 29447  5969 1.1351e+11  200  108 1.1157e+11 1.1351e+11  1.74%  79.8 3045s
 29500  5995 1.1351e+11  208  198 1.1157e+11 1.1351e+11  1.74%  79.9 3051s
 29546  5993 infeasible  190      1.1157e+11 1.1351e+11  1.74%  79.9 3055s
 29557  5994 1.1351e+11  189  130 1.1157e+11 1.1351e+11  1.74%  79.9 3063s
 29580  5983 infeasible  210      1.1157e+11 1.1351e+11  1.74%  79.9 3065s
 29620  5991 1.1351e+11  213  205 1.1157e+11 1.1351e+11  1.74%  80.0 3070s
 29697  6002 1.1347e+11  225  431 1.1157e+11 1.1351e+11  1.74%  80.0 3075s
 29731  5982 1.1351e+11  209  107 1.1157e+11 1.1351e+11  1.74%  80.2 3080s
 29769  5974 infeasible  206      1.1157e+11 1.1351e+11  1.74%  80.2 3085s
 29820  5969 1.1351e+11  185  233 1.1157e+11 1.1351e+11  1.74%  80.3 3090s
 29868  5975 1.1351e+11  192  139 1.1157e+11 1.1351e+11  1.74%  80.3 3095s
 29918  5971 1.1351e+11  190  130 1.1157e+11 1.1351e+11  1.74%  80.3 3100s
 29993  5972 infeasible  194      1.1157e+11 1.1351e+11  1.74%  80.3 3105s
 30045  5968 1.1351e+11  185  133 1.1157e+11 1.1351e+11  1.74%  80.3 3110s
 30089  5968 infeasible  190      1.1157e+11 1.1351e+11  1.74%  80.3 3115s
 30145  5982 1.1351e+11  193  143 1.1157e+11 1.1351e+11  1.74%  80.3 3120s
 30178  5983 1.1351e+11  193  154 1.1157e+11 1.1351e+11  1.74%  80.4 3130s
 30218  5975 infeasible  192      1.1157e+11 1.1351e+11  1.74%  80.5 3135s
 30252  5975 1.1351e+11  191  150 1.1157e+11 1.1351e+11  1.74%  80.6 3140s
 30296  5977 1.1351e+11  188  150 1.1157e+11 1.1351e+11  1.74%  80.6 3145s
 30337  5974 1.1351e+11  192  121 1.1157e+11 1.1351e+11  1.74%  80.6 3150s
 30378  5973 1.1351e+11  193  174 1.1157e+11 1.1351e+11  1.74%  80.7 3155s
 30428  5979 infeasible  194      1.1157e+11 1.1351e+11  1.74%  80.7 3160s
 30479  5970 1.1351e+11  187  245 1.1157e+11 1.1351e+11  1.74%  80.8 3165s
 30519  5972 infeasible  194      1.1157e+11 1.1351e+11  1.74%  80.9 3170s
 30553  5976 1.1351e+11  194  144 1.1157e+11 1.1351e+11  1.74%  81.0 3175s
 30585  5972 infeasible  195      1.1157e+11 1.1351e+11  1.74%  81.1 3180s
 30604  5971 1.1351e+11  192  158 1.1157e+11 1.1351e+11  1.74%  81.2 3185s
 30626  5973 1.1351e+11  192  140 1.1157e+11 1.1351e+11  1.74%  81.2 3190s
 30645  5972 1.1351e+11  195  149 1.1157e+11 1.1351e+11  1.74%  81.3 3204s
 30654  5971 1.1351e+11  187  145 1.1157e+11 1.1351e+11  1.74%  81.3 3212s
 30693  5968 infeasible  189      1.1157e+11 1.1351e+11  1.74%  81.3 3215s
 30731  5964 1.1351e+11  180  146 1.1157e+11 1.1351e+11  1.74%  81.3 3220s
 30776  5973 1.1351e+11  187  160 1.1157e+11 1.1351e+11  1.74%  81.4 3225s
 30836  5977 1.1351e+11  186  137 1.1157e+11 1.1351e+11  1.74%  81.4 3230s
 30884  5997 1.1351e+11  191  115 1.1157e+11 1.1351e+11  1.74%  81.4 3235s
 30990  6009 1.1351e+11  205   93 1.1157e+11 1.1351e+11  1.74%  81.3 3240s
 31033  5994 infeasible  193      1.1157e+11 1.1351e+11  1.74%  81.4 3245s
 31073  5996 1.1351e+11  194  197 1.1157e+11 1.1351e+11  1.74%  81.5 3250s
 31142  6001 1.1351e+11  208  126 1.1157e+11 1.1351e+11  1.74%  81.5 3255s
 31178  6013 1.1351e+11  193  126 1.1157e+11 1.1351e+11  1.74%  81.5 3260s
 31249  5996 infeasible  209      1.1157e+11 1.1351e+11  1.74%  81.5 3265s
 31252  5995 1.1351e+11  197  138 1.1157e+11 1.1351e+11  1.74%  81.5 3270s
 31346  6008 1.1351e+11  214  111 1.1157e+11 1.1351e+11  1.74%  81.6 3275s
 31456  6018 infeasible  220      1.1157e+11 1.1351e+11  1.74%  81.5 3280s
 31550  5999 1.1351e+11  207  107 1.1157e+11 1.1351e+11  1.74%  81.5 3285s
 31647  6019 infeasible  232      1.1157e+11 1.1351e+11  1.74%  81.5 3290s
 31715  5999 1.1351e+11  206  109 1.1157e+11 1.1351e+11  1.74%  81.5 3295s
 31776  5990 1.1351e+11  195  135 1.1157e+11 1.1351e+11  1.74%  81.4 3300s
 31826  5978 infeasible  193      1.1157e+11 1.1351e+11  1.74%  81.5 3305s
 31872  5984 infeasible  194      1.1157e+11 1.1351e+11  1.74%  81.5 3310s
 31904  5982 1.1351e+11  191  136 1.1157e+11 1.1351e+11  1.74%  81.6 3315s
 31957  5975 1.1351e+11  184  136 1.1157e+11 1.1351e+11  1.74%  81.6 3320s
 31995  6003 1.1351e+11  194  140 1.1157e+11 1.1351e+11  1.74%  81.6 3325s
 32029  6007 1.1351e+11  199  146 1.1157e+11 1.1351e+11  1.74%  81.7 3330s
 32055  6011 1.1351e+11  189  132 1.1157e+11 1.1351e+11  1.74%  81.7 3336s
 32086  6008 infeasible  189      1.1157e+11 1.1351e+11  1.74%  81.7 3340s
 32144  6005 1.1351e+11  187  120 1.1157e+11 1.1351e+11  1.74%  81.7 3345s
 32205  6010 infeasible  190      1.1157e+11 1.1351e+11  1.74%  81.8 3350s
 32260  6001 1.1351e+11  200  216 1.1157e+11 1.1351e+11  1.74%  81.8 3355s
 32282  6017 1.1351e+11  207  195 1.1157e+11 1.1351e+11  1.74%  81.8 3360s
 32308  6005 infeasible  205      1.1157e+11 1.1351e+11  1.74%  81.8 3365s
 32334  6003 1.1351e+11  204  135 1.1157e+11 1.1351e+11  1.74%  81.9 3372s
 32352  6003 1.1351e+11  206  192 1.1157e+11 1.1351e+11  1.74%  81.9 3389s
 32355  6002 1.1351e+11  205  134 1.1157e+11 1.1351e+11  1.74%  81.9 3390s
 32390  6003 1.1351e+11  203  142 1.1157e+11 1.1351e+11  1.74%  81.9 3400s
 32410  6007 infeasible  210      1.1157e+11 1.1351e+11  1.74%  81.9 3405s
 32448  6007 1.1351e+11  208  119 1.1157e+11 1.1351e+11  1.74%  81.9 3410s
 32510  5999 1.1351e+11  204  143 1.1157e+11 1.1351e+11  1.74%  81.9 3415s
 32530  6011 1.1254e+11  209  300 1.1157e+11 1.1351e+11  1.74%  82.0 3420s
 32573  6002 infeasible  209      1.1157e+11 1.1351e+11  1.74%  82.1 3425s
 32616  5995 1.1351e+11  195  118 1.1157e+11 1.1351e+11  1.74%  82.1 3430s
 32677  5992 1.1351e+11  192  146 1.1157e+11 1.1351e+11  1.74%  82.0 3435s
 32743  5988 1.1351e+11  193  142 1.1157e+11 1.1351e+11  1.74%  82.1 3440s
 32782  5981 infeasible  196      1.1157e+11 1.1351e+11  1.74%  82.1 3445s
 32791  5980 1.1351e+11  194  127 1.1157e+11 1.1351e+11  1.74%  82.1 3451s
 32833  5976 infeasible  190      1.1157e+11 1.1351e+11  1.74%  82.2 3455s
 32887  5976 1.1351e+11  189  154 1.1157e+11 1.1351e+11  1.74%  82.2 3460s
 32938  5967 1.1351e+11  185  138 1.1157e+11 1.1351e+11  1.74%  82.3 3465s
 32995  5970 1.1351e+11  185  141 1.1157e+11 1.1351e+11  1.74%  82.3 3470s
 33051  5970 1.1351e+11  188  138 1.1157e+11 1.1351e+11  1.74%  82.4 3475s
 33111  5966 infeasible  188      1.1157e+11 1.1351e+11  1.74%  82.4 3480s
 33151  5972 infeasible  191      1.1157e+11 1.1351e+11  1.74%  82.5 3485s
 33197  5970 1.1351e+11  188  136 1.1157e+11 1.1351e+11  1.74%  82.6 3490s
 33233  5972 1.1351e+11  187  154 1.1157e+11 1.1351e+11  1.74%  82.6 3502s
 33256  5971 1.1351e+11  191  144 1.1157e+11 1.1351e+11  1.74%  82.7 3505s
 33309  5972 1.1351e+11  191  128 1.1157e+11 1.1351e+11  1.74%  82.7 3510s
 33349  5968 1.1351e+11  185  149 1.1157e+11 1.1351e+11  1.74%  82.8 3515s
 33401  5976 1.1351e+11  193  144 1.1157e+11 1.1351e+11  1.74%  82.9 3520s
 33461  5968 infeasible  192      1.1157e+11 1.1351e+11  1.74%  82.9 3525s
 33512  5971 1.1351e+11  185  142 1.1157e+11 1.1351e+11  1.74%  83.0 3530s
 33569  5970 1.1351e+11  186  155 1.1157e+11 1.1351e+11  1.74%  83.0 3535s
 33624  5967 infeasible  197      1.1157e+11 1.1351e+11  1.74%  83.1 3540s
 33665  5967 infeasible  189      1.1157e+11 1.1351e+11  1.74%  83.2 3545s
 33714  5964 1.1351e+11  182  138 1.1157e+11 1.1351e+11  1.74%  83.3 3550s
 33772  5966 1.1351e+11  182  140 1.1157e+11 1.1351e+11  1.74%  83.4 3555s
 33840  5988 infeasible  209      1.1157e+11 1.1351e+11  1.74%  83.4 3560s
 33877  5983 1.1351e+11  182  176 1.1157e+11 1.1351e+11  1.74%  83.5 3565s
 33886  5986 1.1351e+11  188  121 1.1157e+11 1.1351e+11  1.74%  83.5 3571s
 33908  5992 1.1351e+11  204  107 1.1157e+11 1.1351e+11  1.74%  83.5 3575s
 33997  6049 infeasible  250      1.1157e+11 1.1351e+11  1.74%  83.4 3580s
 34041  6047 infeasible  248      1.1157e+11 1.1351e+11  1.74%  83.6 3585s
 34127  6065 1.1351e+11  184  150 1.1157e+11 1.1351e+11  1.74%  83.5 3590s
 34187  6057 1.1351e+11  181  156 1.1157e+11 1.1351e+11  1.74%  83.6 3595s

Cutting planes:
  Learned: 35
  Gomory: 64
  Lift-and-project: 9
  Cover: 216
  Implied bound: 145
  Projected implied bound: 4
  Clique: 66
  MIR: 82
  Mixing: 5
  StrongCG: 1
  Flow cover: 457
  GUB cover: 5
  Inf proof: 12
  Zero half: 12
  RLT: 132
  Relax-and-lift: 141
  BQP: 4

Explored 34193 nodes (2950572 simplex iterations) in 3595.60 seconds (1796.53 work units)
Thread count was 1 (of 28 available processors)

Solution count 1: 1.11567e+11 

Time limit reached
Best objective 1.115667075000e+11, best bound 1.135093800000e+11, gap 1.7413%

User-callback calls 1226499, time in user-callback 1.06 sec