Gurobi Optimizer version 12.0.3 build v12.0.3rc0 (linux64 - "Oracle Linux Server 9.4")

CPU model: Intel(R) Xeon(R) CPU E5-2660 v4 @ 2.00GHz, instruction set [SSE2|AVX|AVX2]
Thread count: 28 physical cores, 28 logical processors, using up to 1 threads

Non-default parameters:
TimeLimit  3593.297702274
SoftMemLimit  16
NumericFocus  1
Threads  1

Academic license 2690100 - for non-commercial use only - registered to ju___@uclm.es
Optimize a model with 110678 rows, 24950 columns and 512065 nonzeros
Model fingerprint: 0x9876398c
Variable types: 168 continuous, 24782 integer (24782 binary)
Coefficient statistics:
  Matrix range     [1e+00, 5e+12]
  Objective range  [1e+09, 1e+09]
  Bounds range     [2e+03, 1e+04]
  RHS range        [1e+00, 2e+14]
Warning: Model contains large matrix coefficient range
Warning: Model contains large objective coefficients
Warning: Model contains large rhs

Loaded user MIP start with objective 9.711e+10

Presolve removed 54148 rows and 9487 columns (presolve time = 5s)...
Presolve removed 54148 rows and 9487 columns (presolve time = 10s)...
Presolve removed 54148 rows and 10802 columns (presolve time = 16s)...
Presolve removed 59259 rows and 10803 columns
Presolve time: 16.29s
Presolved: 51419 rows, 14147 columns, 166202 nonzeros
Variable types: 155 continuous, 13992 integer (13992 binary)
Root relaxation presolved: 51341 rows, 14135 columns, 164840 nonzeros


Root simplex log...

Iteration    Objective       Primal Inf.    Dual Inf.      Time
       0    9.8280000e+10   1.053969e+06   0.000000e+00     17s
    6646    9.8280000e+10   0.000000e+00   0.000000e+00     18s
    6646    9.8280000e+10   0.000000e+00   0.000000e+00     18s

Root relaxation: objective 9.828000e+10, 6646 iterations, 1.82 seconds (1.23 work units)
Total elapsed time = 22.46s (DegenMoves)

    Nodes    |    Current Node    |     Objective Bounds      |     Work
 Expl Unexpl |  Obj  Depth IntInf | Incumbent    BestBd   Gap | It/Node Time

     0     0 9.8280e+10    0  444 9.7110e+10 9.8280e+10  1.20%     -   32s
     0     0 9.8280e+10    0  444 9.7110e+10 9.8280e+10  1.20%     -   32s
     0     0 9.8280e+10    0  900 9.7110e+10 9.8280e+10  1.20%     -   61s
     0     0 9.8280e+10    0 1096 9.7110e+10 9.8280e+10  1.20%     -   74s
     0     0 9.8280e+10    0 1006 9.7110e+10 9.8280e+10  1.20%     -   78s
     0     0 9.8280e+10    0 1068 9.7110e+10 9.8280e+10  1.20%     -   81s
     0     0 9.8280e+10    0  479 9.7110e+10 9.8280e+10  1.20%     -  117s
     0     0 9.8280e+10    0 1306 9.7110e+10 9.8280e+10  1.20%     -  129s
     0     0 9.8280e+10    0  296 9.7110e+10 9.8280e+10  1.20%     -  185s
     0     0 9.8280e+10    0 1486 9.7110e+10 9.8280e+10  1.20%     -  199s
     0     0 9.8280e+10    0 1408 9.7110e+10 9.8280e+10  1.20%     -  200s
     0     0 9.8280e+10    0 1518 9.7110e+10 9.8280e+10  1.20%     -  237s
     0     0 9.8280e+10    0 1263 9.7110e+10 9.8280e+10  1.20%     -  247s
     0     0 9.8280e+10    0  858 9.7110e+10 9.8280e+10  1.20%     -  298s
     0     0 9.8280e+10    0 1207 9.7110e+10 9.8280e+10  1.20%     -  302s
     0     0 9.8280e+10    0 1205 9.7110e+10 9.8280e+10  1.20%     -  302s
     0     0 9.8280e+10    0 1392 9.7110e+10 9.8280e+10  1.20%     -  308s
     0     0 9.8280e+10    0 1423 9.7110e+10 9.8280e+10  1.20%     -  311s
     0     0 9.8280e+10    0 1417 9.7110e+10 9.8280e+10  1.20%     -  311s
     0     0 9.8280e+10    0 1111 9.7110e+10 9.8280e+10  1.20%     -  364s
     0     0 9.8280e+10    0 1295 9.7110e+10 9.8280e+10  1.20%     -  372s
     0     0 9.8280e+10    0  157 9.7110e+10 9.8280e+10  1.20%     -  393s
     0     0 9.8280e+10    0 1654 9.7110e+10 9.8280e+10  1.20%     -  408s
     0     0 9.8280e+10    0  703 9.7110e+10 9.8280e+10  1.20%     -  488s
     0     0 9.8280e+10    0  703 9.7110e+10 9.8280e+10  1.20%     -  502s
     0     2 9.8280e+10    0  703 9.7110e+10 9.8280e+10  1.20%     -  573s
     1     4 9.8280e+10    1 1497 9.7110e+10 9.8280e+10  1.20% 33768  580s
     3     3 9.8280e+10    2  981 9.7110e+10 9.8280e+10  1.20% 14135  586s
    10     6 9.8280e+10    6 1032 9.7110e+10 9.8280e+10  1.20%  4854  590s
    26    20 9.8280e+10   14  504 9.7110e+10 9.8280e+10  1.20%  1984  647s
    35    29 9.8280e+10   19  373 9.7110e+10 9.8280e+10  1.20%  1508  650s
    54    48 9.8280e+10   28  371 9.7110e+10 9.8280e+10  1.20%  1011  655s
    81    73 9.8280e+10   42  408 9.7110e+10 9.8280e+10  1.20%   715  660s
   103    95 9.8280e+10   53  355 9.7110e+10 9.8280e+10  1.20%   581  665s
   135   115 9.8280e+10   67  305 9.7110e+10 9.8280e+10  1.20%   451  673s
   152   126 9.8280e+10   75  288 9.7110e+10 9.8280e+10  1.20%   406  675s
   209   175 9.8280e+10  103  222 9.7110e+10 9.8280e+10  1.20%   311  680s
   216   180 9.8280e+10  106  188 9.7110e+10 9.8280e+10  1.20%   303  696s
   243   193 9.8280e+10  116  161 9.7110e+10 9.8280e+10  1.20%   271  709s
   257   191 9.8280e+10  116  165 9.7110e+10 9.8280e+10  1.20%   257  710s
   270   192 9.8280e+10  111  175 9.7110e+10 9.8280e+10  1.20%   251  718s
   290   202 9.8280e+10  118  171 9.7110e+10 9.8280e+10  1.20%   239  720s
   297   207 9.8280e+10  121  172 9.7110e+10 9.8280e+10  1.20%   234  727s
   300   210 9.8280e+10  123  186 9.7110e+10 9.8280e+10  1.20%   232  734s
   323   221 9.8280e+10  129  169 9.7110e+10 9.8280e+10  1.20%   217  735s
   324   222 9.8280e+10  130  156 9.7110e+10 9.8280e+10  1.20%   216  744s
   351   225 9.8280e+10  133  163 9.7110e+10 9.8280e+10  1.20%   200  750s
   378   228 9.8280e+10  137  159 9.7110e+10 9.8280e+10  1.20%   187  758s
   397   247 9.8280e+10  146  141 9.7110e+10 9.8280e+10  1.20%   178  765s
   405   243 9.8280e+10  145  149 9.7110e+10 9.8280e+10  1.20%   175  770s
   466   256 9.8280e+10  156  130 9.7110e+10 9.8280e+10  1.20%   153  779s
   493   255 9.8280e+10  156  136 9.7110e+10 9.8280e+10  1.20%   145  780s
   521   251 9.8280e+10  154  134 9.7110e+10 9.8280e+10  1.20%   138  787s
   576   244 9.8280e+10  144  153 9.7110e+10 9.8280e+10  1.20%   127  794s
   584   242 9.8280e+10  146  147 9.7110e+10 9.8280e+10  1.20%   126  795s
   603   241 9.8280e+10  150  142 9.7110e+10 9.8280e+10  1.20%   122  800s
   630   238 9.8280e+10  145  152 9.7110e+10 9.8280e+10  1.20%   118  806s
   723   223 9.8280e+10  133  168 9.7110e+10 9.8280e+10  1.20%   106  810s
   745   219 9.8280e+10  131  161 9.7110e+10 9.8280e+10  1.20%   104  817s
   800   216 9.8280e+10  118  173 9.7110e+10 9.8280e+10  1.20%  97.4  826s
   929   209 9.8280e+10  113  231 9.7110e+10 9.8280e+10  1.20%  89.3  830s
  1092   210 9.8280e+10  107  157 9.7110e+10 9.8280e+10  1.20%  84.1  835s
  1232   193 9.8280e+10  108  160 9.7110e+10 9.8280e+10  1.20%  80.9  840s
  1441   226 9.8280e+10  118  173 9.7110e+10 9.8280e+10  1.20%  72.8  845s
  1551   222 9.8280e+10  121  177 9.7110e+10 9.8280e+10  1.20%  68.8  853s
  1607   212 9.8280e+10  114  160 9.7110e+10 9.8280e+10  1.20%  67.6  855s
  1794   203 9.8280e+10   97  186 9.7110e+10 9.8280e+10  1.20%  64.7  860s
  1963   194 9.8280e+10  106  198 9.7110e+10 9.8280e+10  1.20%  62.3  865s
  2090   167 9.8280e+10  100  231 9.7110e+10 9.8280e+10  1.20%  65.2  870s
  2235   214 9.8280e+10  122  153 9.7110e+10 9.8280e+10  1.20%  66.5  875s
  2419   214 9.8280e+10  119  183 9.7110e+10 9.8280e+10  1.20%  65.5  880s
  2605   226 9.8280e+10  117  187 9.7110e+10 9.8280e+10  1.20%  63.6  885s
  2707   239 9.8280e+10   76  444 9.7110e+10 9.8280e+10  1.20%  63.0  966s
  2709   240 9.8280e+10  114  860 9.7110e+10 9.8280e+10  1.20%  62.9  996s
  2710   241 9.8280e+10   34 1245 9.7110e+10 9.8280e+10  1.20%  62.9 1016s
  2711   242 9.8280e+10   15 1183 9.7110e+10 9.8280e+10  1.20%  62.9 1026s
  2712   242 9.8280e+10   28  535 9.7110e+10 9.8280e+10  1.20%  62.8 1075s
  2713   243 9.8280e+10  111 1610 9.7110e+10 9.8280e+10  1.20%  62.8 1105s
  2714   244 9.8280e+10  119  866 9.7110e+10 9.8280e+10  1.20%  62.8 1142s
  2715   244 9.8280e+10   11 1212 9.7110e+10 9.8280e+10  1.20%  62.8 1153s
  2716   245 9.8280e+10   78  559 9.7110e+10 9.8280e+10  1.20%  62.7 1207s
  2717   246 9.8280e+10   34 1163 9.7110e+10 9.8280e+10  1.20%  62.7 1215s
  2718   246 9.8280e+10   46 1049 9.7110e+10 9.8280e+10  1.20%  62.7 1259s
  2719   247 9.8280e+10  126 1609 9.7110e+10 9.8280e+10  1.20%  62.7 1274s
  2720   248 9.8280e+10   52  858 9.7110e+10 9.8280e+10  1.20%  62.7 1316s
  2721   248 9.8280e+10   30 1339 9.7110e+10 9.8280e+10  1.20%  62.6 1331s
  2722   249 9.8280e+10   63 1540 9.7110e+10 9.8280e+10  1.20%  62.6 1381s
  2723   250 9.8280e+10  108 1467 9.7110e+10 9.8280e+10  1.20%  62.6 1392s
  2724   250 9.8280e+10   30 1377 9.7110e+10 9.8280e+10  1.20%  62.6 1439s
  2725   251 9.8280e+10   95 1297 9.7110e+10 9.8280e+10  1.20%  62.5 1449s
  2726   252 9.8280e+10   67 1491 9.7110e+10 9.8280e+10  1.20%  62.5 1494s
  2727   252 9.8280e+10   54 1499 9.7110e+10 9.8280e+10  1.20%  62.5 1509s
  2728   253 9.8280e+10   53  864 9.7110e+10 9.8280e+10  1.20%  62.5 1581s
  2729   254 9.8280e+10   50  769 9.7110e+10 9.8280e+10  1.20%  62.4 1595s
  2730   254 9.8280e+10  111  769 9.7110e+10 9.8280e+10  1.20%  62.4 1611s
  2731   257 9.8280e+10   16  589 9.7110e+10 9.8280e+10  1.20%   732 1697s
  2733   256 9.8280e+10   17  865 9.7110e+10 9.8280e+10  1.20%   734 1701s
  2737   257 9.8280e+10   19 1007 9.7110e+10 9.8280e+10  1.20%   736 1708s
  2738   258 9.8280e+10   19  712 9.7110e+10 9.8280e+10  1.20%   738 1712s
  2741   260 9.8280e+10   21 1138 9.7110e+10 9.8280e+10  1.20%   740 1717s
  2744   262 9.8280e+10   22  922 9.7110e+10 9.8280e+10  1.20%   740 1720s
  2750   266 9.8280e+10   25  629 9.7110e+10 9.8280e+10  1.20%   740 1725s
  2770   279 9.8280e+10   35  369 9.7110e+10 9.8280e+10  1.20%   737 1730s
  2784   288 9.8280e+10   42  329 9.7110e+10 9.8280e+10  1.20%   734 1741s
  2803   301 9.8280e+10   52  298 9.7110e+10 9.8280e+10  1.20%   729 1745s
  2811   306 9.8280e+10   56  270 9.7110e+10 9.8280e+10  1.20%   727 1754s
  2813   308 9.8280e+10   57  301 9.7110e+10 9.8280e+10  1.20%   727 1755s
  2827   317 9.8280e+10   64  292 9.7110e+10 9.8280e+10  1.20%   725 1760s
  2838   324 9.8280e+10   69  281 9.7110e+10 9.8280e+10  1.20%   722 1768s
  2847   330 9.8280e+10   74  285 9.7110e+10 9.8280e+10  1.20%   720 1770s
  2865   342 9.8280e+10   83  296 9.7110e+10 9.8280e+10  1.20%   716 1779s
  2869   345 9.8280e+10   85  298 9.7110e+10 9.8280e+10  1.20%   715 1780s
  2891   360 9.8280e+10   96  328 9.7110e+10 9.8280e+10  1.20%   710 1785s
  2892   360 9.8280e+10   96  277 9.7110e+10 9.8280e+10  1.20%   710 1791s
  2914   375 9.8280e+10  107  266 9.7110e+10 9.8280e+10  1.20%   705 1795s
  2946   386 9.8280e+10  120  221 9.7110e+10 9.8280e+10  1.20%   698 1803s
  2958   392 9.8280e+10  126  216 9.7110e+10 9.8280e+10  1.20%   696 1805s
  2973   392 9.8280e+10  133  217 9.7110e+10 9.8280e+10  1.20%   693 1813s
  2979   388 infeasible  135      9.7110e+10 9.8280e+10  1.20%   692 1815s
  2993   385 infeasible  142      9.7110e+10 9.8280e+10  1.20%   690 1820s
  3000   389 9.8280e+10  137  166 9.7110e+10 9.8280e+10  1.20%   689 1827s
  3009   385 9.8280e+10  137  171 9.7110e+10 9.8280e+10  1.20%   687 1830s
  3018   387 9.8280e+10  142  170 9.7110e+10 9.8280e+10  1.20%   686 1836s
  3028   390 9.8280e+10  146  150 9.7110e+10 9.8280e+10  1.20%   684 1840s
  3042   383 9.8280e+10  146  171 9.7110e+10 9.8280e+10  1.20%   682 1846s
  3054   385 9.8280e+10  150  150 9.7110e+10 9.8280e+10  1.20%   679 1853s
  3063   381 infeasible  152      9.7110e+10 9.8280e+10  1.20%   677 1855s
  3082   372 infeasible  147      9.7110e+10 9.8280e+10  1.20%   674 1860s
  3101   375 infeasible  156      9.7110e+10 9.8280e+10  1.20%   671 1865s
  3123   373 9.8280e+10  152  182 9.7110e+10 9.8280e+10  1.20%   667 1870s
  3135   367 9.8280e+10  153  141 9.7110e+10 9.8280e+10  1.20%   665 1876s
  3166   356 infeasible  149      9.7110e+10 9.8280e+10  1.20%   659 1880s
  3169   354 infeasible  148      9.7110e+10 9.8280e+10  1.20%   659 1885s
  3194   347 9.8280e+10  148  149 9.7110e+10 9.8280e+10  1.20%   655 1893s
  3204   339 infeasible  149      9.7110e+10 9.8280e+10  1.20%   653 1895s
  3221   339 9.8280e+10  147  153 9.7110e+10 9.8280e+10  1.20%   650 1903s
  3234   329 infeasible  156      9.7110e+10 9.8280e+10  1.20%   648 1905s
  3264   317 9.8280e+10  153  158 9.7110e+10 9.8280e+10  1.20%   644 1910s
  3295   302 9.8280e+10  138  174 9.7110e+10 9.8280e+10  1.20%   639 1915s
  3314   295 9.8280e+10  138  186 9.7110e+10 9.8280e+10  1.20%   637 1923s
  3319   292 9.8280e+10  137  175 9.7110e+10 9.8280e+10  1.20%   636 1925s
  3360   281 9.8280e+10  140  161 9.7110e+10 9.8280e+10  1.20%   629 1930s
  3391   278 infeasible  144      9.7110e+10 9.8280e+10  1.20%   625 1935s
  3406   268 9.8280e+10  149  203 9.7110e+10 9.8280e+10  1.20%   623 1943s
  3416   265 infeasible  153      9.7110e+10 9.8280e+10  1.20%   622 1945s
  3437   255 9.8280e+10  152  210 9.7110e+10 9.8280e+10  1.20%   620 1950s
  3465   235 infeasible  150      9.7110e+10 9.8280e+10  1.20%   616 1955s
  3494   227 9.8280e+10  148  209 9.7110e+10 9.8280e+10  1.20%   613 1963s
  3504   227 9.8280e+10  150  170 9.7110e+10 9.8280e+10  1.20%   612 1965s
  3521   222 9.8280e+10  150  195 9.7110e+10 9.8280e+10  1.20%   611 1971s
  3525   220 9.8280e+10  131  187 9.7110e+10 9.8280e+10  1.20%   610 1984s
  3527   222 9.8280e+10  133  184 9.7110e+10 9.8280e+10  1.20%   610 1985s
  3551   222 9.8280e+10  135  150 9.7110e+10 9.8280e+10  1.20%   607 1990s
  3579   232 9.8280e+10  148  128 9.7110e+10 9.8280e+10  1.20%   603 1997s
  3607   230 9.8280e+10  148  126 9.7110e+10 9.8280e+10  1.20%   599 2000s
  3645   222 9.8280e+10  135  172 9.7110e+10 9.8280e+10  1.20%   593 2005s
  3681   220 infeasible  135      9.7110e+10 9.8280e+10  1.20%   589 2010s
  3712   221 9.8280e+10  130  157 9.7110e+10 9.8280e+10  1.20%   586 2015s
  3718   221 9.8280e+10  132  158 9.7110e+10 9.8280e+10  1.20%   585 2020s
  3754   227 infeasible  137      9.7110e+10 9.8280e+10  1.20%   581 2025s
  3773   224 9.8280e+10  131  160 9.7110e+10 9.8280e+10  1.20%   580 2032s
  3787   220 infeasible  131      9.7110e+10 9.8280e+10  1.20%   579 2035s
  3801   222 9.8280e+10  133  222 9.7110e+10 9.8280e+10  1.20%   578 2040s
  3831   228 9.8280e+10  140  176 9.7110e+10 9.8280e+10  1.20%   575 2047s
  3852   220 infeasible  136      9.7110e+10 9.8280e+10  1.20%   573 2050s
  3862   228 infeasible  134      9.7110e+10 9.8280e+10  1.20%   572 2055s
  3887   221 9.8280e+10  127  198 9.7110e+10 9.8280e+10  1.20%   570 2063s
  3900   230 infeasible  139      9.7110e+10 9.8280e+10  1.20%   569 2065s
  3916   232 9.8280e+10  140  146 9.7110e+10 9.8280e+10  1.20%   567 2070s
  3941   223 9.8280e+10  131  196 9.7110e+10 9.8280e+10  1.20%   565 2078s
  3949   225 9.8280e+10  131  199 9.7110e+10 9.8280e+10  1.20%   564 2080s
  3977   225 9.8280e+10  128  208 9.7110e+10 9.8280e+10  1.20%   562 2085s
  4000   232 9.8280e+10  126  225 9.7110e+10 9.8280e+10  1.20%   561 2090s
  4027   241 9.8280e+10  125  187 9.7110e+10 9.8280e+10  1.20%   558 2098s
  4037   247 infeasible  131      9.7110e+10 9.8280e+10  1.20%   557 2100s
  4073   263 infeasible  141      9.7110e+10 9.8280e+10  1.20%   554 2105s
  4081   269 9.8280e+10  143  160 9.7110e+10 9.8280e+10  1.20%   554 2113s
  4089   273 9.8280e+10  144  187 9.7110e+10 9.8280e+10  1.20%   554 2115s
  4112   266 9.8280e+10  142  158 9.7110e+10 9.8280e+10  1.20%   554 2125s
  4141   257 infeasible  127      9.7110e+10 9.8280e+10  1.20%   553 2130s
  4165   263 9.8280e+10  137  201 9.7110e+10 9.8280e+10  1.20%   553 2135s
  4175   255 9.8280e+10  131  194 9.7110e+10 9.8280e+10  1.20%   552 2141s
  4202   270 9.8280e+10  141  158 9.7110e+10 9.8280e+10  1.20%   549 2148s
  4211   273 9.8280e+10  144  151 9.7110e+10 9.8280e+10  1.20%   548 2180s
  4230   286 9.8280e+10  152  135 9.7110e+10 9.8280e+10  1.20%   547 2187s
  4257   305 9.8280e+10  158  132 9.7110e+10 9.8280e+10  1.20%   544 2193s
  4271   319 9.8280e+10  161  129 9.7110e+10 9.8280e+10  1.20%   542 2195s
  4306   302 infeasible  159      9.7110e+10 9.8280e+10  1.20%   540 2200s
  4322   298 9.8280e+10  155  134 9.7110e+10 9.8280e+10  1.20%   540 2208s
  4329   295 9.8280e+10  158  161 9.7110e+10 9.8280e+10  1.20%   540 2210s
  4350   286 9.8280e+10  150  162 9.7110e+10 9.8280e+10  1.20%   540 2217s
  4364   280 9.8280e+10  148  191 9.7110e+10 9.8280e+10  1.20%   540 2220s
  4393   279 9.8280e+10  147  154 9.7110e+10 9.8280e+10  1.20%   539 2225s
  4406   274 9.8280e+10  145  187 9.7110e+10 9.8280e+10  1.20%   538 2232s
  4419   269 9.8280e+10  141  202 9.7110e+10 9.8280e+10  1.20%   538 2235s
  4439   262 infeasible  135      9.7110e+10 9.8280e+10  1.20%   537 2240s
  4463   262 infeasible  129      9.7110e+10 9.8280e+10  1.20%   537 2245s
  4488   261 9.8280e+10  128  196 9.7110e+10 9.8280e+10  1.20%   536 2254s
  4498   271 9.8280e+10  138  202 9.7110e+10 9.8280e+10  1.20%   535 2255s
  4531   268 infeasible  134      9.7110e+10 9.8280e+10  1.20%   533 2260s
  4545   264 9.8280e+10  142  186 9.7110e+10 9.8280e+10  1.20%   533 2266s
  4566   271 9.8280e+10  140  221 9.7110e+10 9.8280e+10  1.20%   531 2270s
  4573   276 9.8280e+10  146  188 9.7110e+10 9.8280e+10  1.20%   531 2275s
  4590   274 9.8280e+10  130  202 9.7110e+10 9.8280e+10  1.20%   531 2280s
  4614   266 infeasible  143      9.7110e+10 9.8280e+10  1.20%   531 2285s
  4635   265 9.8280e+10  130  200 9.7110e+10 9.8280e+10  1.20%   530 2291s
  4659   265 9.8280e+10  136  235 9.7110e+10 9.8280e+10  1.20%   529 2295s
  4687   267 9.8280e+10  138  170 9.7110e+10 9.8280e+10  1.20%   527 2300s
  4729   269 9.8280e+10  138  164 9.7110e+10 9.8280e+10  1.20%   523 2306s
  4766   268 infeasible  139      9.7110e+10 9.8280e+10  1.20%   520 2310s
  4807   261 9.8280e+10  126  173 9.7110e+10 9.8280e+10  1.20%   517 2315s
  4839   263 9.8280e+10  136  166 9.7110e+10 9.8280e+10  1.20%   516 2320s
  4870   274 9.8280e+10  143  162 9.7110e+10 9.8280e+10  1.20%   515 2329s
  4877   275 9.8280e+10  147  190 9.7110e+10 9.8280e+10  1.20%   514 2330s
  4914   270 infeasible  134      9.7110e+10 9.8280e+10  1.20%   512 2335s
  4924   270 9.8280e+10  144  163 9.7110e+10 9.8280e+10  1.20%   512 2342s
  4943   269 9.8280e+10  139  187 9.7110e+10 9.8280e+10  1.20%   511 2345s
  4975   271 infeasible  137      9.7110e+10 9.8280e+10  1.20%   510 2350s
  5004   270 9.8280e+10  136  184 9.7110e+10 9.8280e+10  1.20%   509 2355s
  5025   269 9.8280e+10  137  216 9.7110e+10 9.8280e+10  1.20%   509 2365s
  5052   264 infeasible  142      9.7110e+10 9.8280e+10  1.20%   507 2370s
  5101   267 infeasible  144      9.7110e+10 9.8280e+10  1.20%   504 2375s
  5131   267 9.8280e+10  137  213 9.7110e+10 9.8280e+10  1.20%   503 2380s
  5164   274 infeasible  152      9.7110e+10 9.8280e+10  1.20%   501 2385s
  5189   267 9.8280e+10  135  192 9.7110e+10 9.8280e+10  1.20%   501 2390s
  5226   274 infeasible  144      9.7110e+10 9.8280e+10  1.20%   499 2395s
  5243   265 infeasible  140      9.7110e+10 9.8280e+10  1.20%   500 2400s
  5266   270 infeasible  136      9.7110e+10 9.8280e+10  1.20%   499 2405s
  5285   267 9.8280e+10  131  205 9.7110e+10 9.8280e+10  1.20%   499 2412s
  5299   265 infeasible  129      9.7110e+10 9.8280e+10  1.20%   499 2415s
  5328   264 9.8280e+10  128  248 9.7110e+10 9.8280e+10  1.20%   498 2420s
  5351   279 9.8280e+10  141  182 9.7110e+10 9.8280e+10  1.20%   497 2425s
  5373   296 9.8280e+10   56  444 9.7110e+10 9.8280e+10  1.20%   495 2504s
  5375   297 9.8280e+10   64  206 9.7110e+10 9.8280e+10  1.20%   495 2516s
  5376   298 9.8280e+10   75 1364 9.7110e+10 9.8280e+10  1.20%   495 2530s
  5377   299 9.8280e+10   48 1435 9.7110e+10 9.8280e+10  1.20%   495 2535s
  5378   299 9.8280e+10   70  118 9.7110e+10 9.8280e+10  1.20%   495 2543s
  5380   301 9.8280e+10  132  287 9.7110e+10 9.8280e+10  1.20%   495 2557s
  5381   301 9.8280e+10   36 1118 9.7110e+10 9.8280e+10  1.20%   495 2561s
  5382   302 9.8280e+10   90  252 9.7110e+10 9.8280e+10  1.20%   495 2579s
  5383   303 9.8280e+10  115 1384 9.7110e+10 9.8280e+10  1.20%   495 2585s
  5384   303 9.8280e+10   79   65 9.7110e+10 9.8280e+10  1.20%   494 2606s
  5386   305 9.8280e+10  106  483 9.7110e+10 9.8280e+10  1.20%   494 2620s
  5388   306 9.8280e+10   28  337 9.7110e+10 9.8280e+10  1.20%   494 2641s
  5389   307 9.8280e+10  130 1368 9.7110e+10 9.8280e+10  1.20%   494 2647s
  5390   307 9.8280e+10  127  114 9.7110e+10 9.8280e+10  1.20%   494 2671s
  5391   308 9.8280e+10   64 1235 9.7110e+10 9.8280e+10  1.20%   494 2675s
  5392   309 9.8280e+10  148  127 9.7110e+10 9.8280e+10  1.20%   494 2698s
  5393   309 9.8280e+10  107 1107 9.7110e+10 9.8280e+10  1.20%   494 2701s
  5394   310 9.8280e+10   50  130 9.7110e+10 9.8280e+10  1.20%   494 2723s
  5395   311 9.8280e+10   82   81 9.7110e+10 9.8280e+10  1.20%   493 2728s
  5396   311 9.8280e+10  123   81 9.7110e+10 9.8280e+10  1.20%   493 2743s
  5398   315 9.8280e+10   29 1219 9.7110e+10 9.8280e+10  1.20%   585 2747s
  5402   317 9.8280e+10   31  556 9.7110e+10 9.8280e+10  1.20%   585 2750s
  5412   322 9.8280e+10   36  494 9.7110e+10 9.8280e+10  1.20%   586 2755s
  5422   329 9.8280e+10   41  440 9.7110e+10 9.8280e+10  1.20%   585 2781s
  5429   333 9.8280e+10   45  550 9.7110e+10 9.8280e+10  1.20%   584 2785s
  5440   341 9.8280e+10   50  484 9.7110e+10 9.8280e+10  1.20%   584 2790s
  5450   347 9.8280e+10   55  420 9.7110e+10 9.8280e+10  1.20%   583 2795s
  5468   359 9.8280e+10   64  392 9.7110e+10 9.8280e+10  1.20%   582 2800s
  5483   369 9.8280e+10   72  327 9.7110e+10 9.8280e+10  1.20%   580 2805s
  5500   381 9.8280e+10   80  325 9.7110e+10 9.8280e+10  1.20%   579 2810s
  5511   388 9.8280e+10   86  291 9.7110e+10 9.8280e+10  1.20%   577 2815s
  5524   397 9.8280e+10   92  269 9.7110e+10 9.8280e+10  1.20%   576 2820s
  5534   403 9.8280e+10   97  229 9.7110e+10 9.8280e+10  1.20%   575 2825s
  5565   410 9.8280e+10  111  220 9.7110e+10 9.8280e+10  1.20%   572 2830s
  5585   395 9.8280e+10  104  248 9.7110e+10 9.8280e+10  1.20%   572 2841s
  5612   401 9.8280e+10  115  200 9.7110e+10 9.8280e+10  1.20%   570 2854s
  5616   398 9.8280e+10  116  181 9.7110e+10 9.8280e+10  1.20%   569 2855s
  5640   392 9.8280e+10  121  184 9.7110e+10 9.8280e+10  1.20%   567 2872s
  5667   390 9.8280e+10  121  167 9.7110e+10 9.8280e+10  1.20%   565 2882s
  5688   372 9.8280e+10  111  198 9.7110e+10 9.8280e+10  1.20%   564 2885s
  5694   368 9.8280e+10  107  188 9.7110e+10 9.8280e+10  1.20%   564 2893s
  5702   365 9.8280e+10  108  252 9.7110e+10 9.8280e+10  1.20%   564 2895s
  5722   373 9.8280e+10  118  183 9.7110e+10 9.8280e+10  1.20%   562 2906s
  5752   349 9.8280e+10  111  220 9.7110e+10 9.8280e+10  1.20%   561 2910s
  5778   336 infeasible  105      9.7110e+10 9.8280e+10  1.20%   560 2915s
  5821   329 9.8280e+10  111  251 9.7110e+10 9.8280e+10  1.20%   557 2920s
  5855   315 infeasible  109      9.7110e+10 9.8280e+10  1.20%   556 2925s
  5907   326 9.8280e+10  126  192 9.7110e+10 9.8280e+10  1.20%   553 2959s
  5908   327 9.8280e+10  124  194 9.7110e+10 9.8280e+10  1.20%   553 2960s
  5935   315 9.8280e+10  123  191 9.7110e+10 9.8280e+10  1.20%   551 2970s
  5984   295 9.8280e+10  118  248 9.7110e+10 9.8280e+10  1.20%   548 2975s
  6034   293 infeasible  124      9.7110e+10 9.8280e+10  1.20%   545 2980s
  6079   269 infeasible  122      9.7110e+10 9.8280e+10  1.20%   542 2985s
  6114   244 infeasible  119      9.7110e+10 9.8280e+10  1.20%   541 2990s
  6140   231 9.8280e+10  104  264 9.7110e+10 9.8280e+10  1.20%   540 2995s
  6171   246 9.8280e+10  113  216 9.7110e+10 9.8280e+10  1.20%   538 3000s
  6174   246 9.8280e+10  114  190 9.7110e+10 9.8280e+10  1.20%   538 3007s
  6175   247 9.8280e+10  115  204 9.7110e+10 9.8280e+10  1.20%   538 3016s
  6224   229 infeasible  116      9.7110e+10 9.8280e+10  1.20%   535 3020s
  6269   203 9.8280e+10  112  242 9.7110e+10 9.8280e+10  1.20%   534 3025s
  6289   189 9.8280e+10  114  290 9.7110e+10 9.8280e+10  1.20%   535 3030s
  6311   175 infeasible  113      9.7110e+10 9.8280e+10  1.20%   534 3035s
  6332   170 9.8280e+10  107  267 9.7110e+10 9.8280e+10  1.20%   533 3040s
  6370   184 9.8280e+10  115  195 9.7110e+10 9.8280e+10  1.20%   531 3045s
  6405   181 9.8280e+10  107  330 9.7110e+10 9.8280e+10  1.20%   531 3050s
  6432   180 infeasible  108      9.7110e+10 9.8280e+10  1.20%   530 3055s
  6468   206 9.8280e+10  122  224 9.7110e+10 9.8280e+10  1.20%   527 3060s
  6515   216 infeasible  125      9.7110e+10 9.8280e+10  1.20%   525 3065s
  6529   216 9.8280e+10  106  226 9.7110e+10 9.8280e+10  1.20%   524 3079s
  6532   217 infeasible  109      9.7110e+10 9.8280e+10  1.20%   524 3080s
  6561   205 9.8280e+10  130  226 9.7110e+10 9.8280e+10  1.20%   523 3085s
  6601   212 infeasible  115      9.7110e+10 9.8280e+10  1.20%   521 3090s
  6642   205 9.8280e+10  109  188 9.7110e+10 9.8280e+10  1.20%   520 3095s
  6673   194 infeasible  105      9.7110e+10 9.8280e+10  1.20%   519 3100s
  6708   213 9.8280e+10  116  220 9.7110e+10 9.8280e+10  1.20%   517 3105s
  6750   201 infeasible  109      9.7110e+10 9.8280e+10  1.20%   515 3110s
  6776   189 infeasible  119      9.7110e+10 9.8280e+10  1.20%   515 3115s
  6801   188 9.8280e+10  104  232 9.7110e+10 9.8280e+10  1.20%   514 3120s
  6823   192 infeasible  106      9.7110e+10 9.8280e+10  1.20%   513 3125s
  6843   188 infeasible  103      9.7110e+10 9.8280e+10  1.20%   513 3130s
  6870   205 9.8280e+10  109  228 9.7110e+10 9.8280e+10  1.20%   512 3135s
  6936   219 infeasible  116      9.7110e+10 9.8280e+10  1.20%   508 3140s
  6948   209 9.8280e+10  109  204 9.7110e+10 9.8280e+10  1.20%   507 3155s
  6971   210 9.8280e+10  113  207 9.7110e+10 9.8280e+10  1.20%   507 3166s
  7003   230 9.8280e+10  121  217 9.7110e+10 9.8280e+10  1.20%   506 3170s
  7069   272 9.8280e+10  140  144 9.7110e+10 9.8280e+10  1.20%   502 3175s
  7143   346 9.8280e+10  148  150 9.7110e+10 9.8280e+10  1.20%   497 3180s
  7196   352 infeasible  148      9.7110e+10 9.8280e+10  1.20%   494 3185s
  7247   343 infeasible  148      9.7110e+10 9.8280e+10  1.20%   492 3190s
  7289   325 infeasible  148      9.7110e+10 9.8280e+10  1.20%   491 3195s
  7330   310 infeasible  149      9.7110e+10 9.8280e+10  1.20%   489 3200s
  7368   292 infeasible  150      9.7110e+10 9.8280e+10  1.20%   489 3205s
  7407   275 infeasible  152      9.7110e+10 9.8280e+10  1.20%   487 3210s
  7442   262 9.8280e+10  134  178 9.7110e+10 9.8280e+10  1.20%   486 3227s
  7465   263 9.8280e+10  131  183 9.7110e+10 9.8280e+10  1.20%   485 3230s
  7515   275 infeasible  141      9.7110e+10 9.8280e+10  1.20%   482 3235s
  7553   275 9.8280e+10  140  192 9.7110e+10 9.8280e+10  1.20%   480 3240s
  7600   274 infeasible  141      9.7110e+10 9.8280e+10  1.20%   478 3245s
  7655   273 infeasible  140      9.7110e+10 9.8280e+10  1.20%   475 3250s
  7698   270 infeasible  131      9.7110e+10 9.8280e+10  1.20%   474 3255s
  7740   270 9.8280e+10  124  208 9.7110e+10 9.8280e+10  1.20%   472 3260s
  7784   264 9.8280e+10  132  199 9.7110e+10 9.8280e+10  1.20%   471 3265s
  7831   265 infeasible  120      9.7110e+10 9.8280e+10  1.20%   469 3270s
  7872   266 9.8280e+10  128  182 9.7110e+10 9.8280e+10  1.20%   467 3275s
  7919   263 9.8280e+10  134  180 9.7110e+10 9.8280e+10  1.20%   466 3280s
  7964   254 infeasible  115      9.7110e+10 9.8280e+10  1.20%   464 3285s
  8005   251 9.8280e+10  128  205 9.7110e+10 9.8280e+10  1.20%   463 3290s
  8046   240 9.8280e+10  115  240 9.7110e+10 9.8280e+10  1.20%   462 3295s
  8087   235 infeasible  126      9.7110e+10 9.8280e+10  1.20%   460 3300s
  8131   231 infeasible  115      9.7110e+10 9.8280e+10  1.20%   459 3305s
  8173   225 9.8280e+10  112  224 9.7110e+10 9.8280e+10  1.20%   458 3310s
  8176   226 9.8280e+10  114  213 9.7110e+10 9.8280e+10  1.20%   458 3318s
  8190   226 9.8280e+10  117  230 9.7110e+10 9.8280e+10  1.20%   457 3320s
  8242   224 infeasible  116      9.7110e+10 9.8280e+10  1.20%   455 3325s
  8282   218 9.8280e+10  110  248 9.7110e+10 9.8280e+10  1.20%   454 3330s
  8329   217 9.8280e+10  111  260 9.7110e+10 9.8280e+10  1.20%   453 3335s
  8372   214 9.8280e+10  104  276 9.7110e+10 9.8280e+10  1.20%   452 3340s
  8435   221 infeasible  125      9.7110e+10 9.8280e+10  1.20%   450 3345s
  8486   222 9.8280e+10  115  201 9.7110e+10 9.8280e+10  1.20%   448 3350s
  8512   228 9.8280e+10  123  175 9.7110e+10 9.8280e+10  1.20%   447 3400s
  8513   229 9.8280e+10  124  180 9.7110e+10 9.8280e+10  1.20%   447 3406s
  8540   224 9.8280e+10  117  185 9.7110e+10 9.8280e+10  1.20%   445 3410s
  8576   230 infeasible  126      9.7110e+10 9.8280e+10  1.20%   444 3415s
  8628   218 9.8280e+10  115  205 9.7110e+10 9.8280e+10  1.20%   442 3420s
  8674   216 9.8280e+10  122  238 9.7110e+10 9.8280e+10  1.20%   440 3425s
  8697   219 9.8280e+10  107  257 9.7110e+10 9.8280e+10  1.20%   439 3430s
  8739   223 9.8280e+10  103  238 9.7110e+10 9.8280e+10  1.20%   438 3435s
  8784   234 9.8280e+10  121  165 9.7110e+10 9.8280e+10  1.20%   437 3440s
  8785   235 9.8280e+10  122  166 9.7110e+10 9.8280e+10  1.20%   436 3450s
  8829   239 infeasible  129      9.7110e+10 9.8280e+10  1.20%   435 3455s
  8873   231 9.8280e+10  123  179 9.7110e+10 9.8280e+10  1.20%   434 3460s
  8930   260 9.8280e+10  141  142 9.7110e+10 9.8280e+10  1.20%   432 3465s
  8991   237 9.8280e+10  129  172 9.7110e+10 9.8280e+10  1.20%   429 3470s
  9029   229 infeasible  115      9.7110e+10 9.8280e+10  1.20%   428 3475s
  9073   229 infeasible  110      9.7110e+10 9.8280e+10  1.20%   427 3480s
  9124   230 9.8280e+10  109  236 9.7110e+10 9.8280e+10  1.20%   425 3485s
  9167   227 9.8280e+10  109  200 9.7110e+10 9.8280e+10  1.20%   424 3490s
  9202   236 9.8280e+10  107  235 9.7110e+10 9.8280e+10  1.20%   423 3495s
  9256   252 9.8280e+10  121  169 9.7110e+10 9.8280e+10  1.20%   421 3500s
  9315   241 infeasible  119      9.7110e+10 9.8280e+10  1.20%   419 3505s
  9358   238 infeasible  115      9.7110e+10 9.8280e+10  1.20%   418 3510s
  9397   245 infeasible  125      9.7110e+10 9.8280e+10  1.20%   417 3515s
  9413   251 9.8280e+10  127  159 9.7110e+10 9.8280e+10  1.20%   416 3527s
  9434   238 9.8280e+10  111  231 9.7110e+10 9.8280e+10  1.20%   416 3530s
  9473   235 infeasible  113      9.7110e+10 9.8280e+10  1.20%   415 3535s
  9501   235 9.8280e+10   96  315 9.7110e+10 9.8280e+10  1.20%   414 3540s
  9541   257 infeasible  125      9.7110e+10 9.8280e+10  1.20%   413 3545s
  9591   247 infeasible  116      9.7110e+10 9.8280e+10  1.20%   412 3550s
  9638   248 9.8280e+10  111  169 9.7110e+10 9.8280e+10  1.20%   411 3555s
  9698   246 9.8280e+10  114  177 9.7110e+10 9.8280e+10  1.20%   409 3560s
  9746   246 infeasible  118      9.7110e+10 9.8280e+10  1.20%   407 3565s
  9794   248 9.8280e+10  116  161 9.7110e+10 9.8280e+10  1.20%   406 3570s
  9837   247 9.8280e+10  111  195 9.7110e+10 9.8280e+10  1.20%   405 3575s
  9875   247 infeasible  114      9.7110e+10 9.8280e+10  1.20%   404 3580s
  9913   247 9.8280e+10  112  173 9.7110e+10 9.8280e+10  1.20%   403 3585s
  9952   244 9.8280e+10  114  205 9.7110e+10 9.8280e+10  1.20%   402 3593s

Cutting planes:
  Learned: 7
  Gomory: 6
  Lift-and-project: 4
  Cover: 1594
  Implied bound: 431
  Projected implied bound: 1
  Clique: 241
  MIR: 85
  StrongCG: 4
  Flow cover: 1133
  Inf proof: 462
  Zero half: 63
  RLT: 143
  Relax-and-lift: 154

Explored 9953 nodes (4023090 simplex iterations) in 3593.33 seconds (2246.13 work units)
Thread count was 1 (of 28 available processors)

Solution count 1: 9.711e+10 

Time limit reached
Best objective 9.711000000000e+10, best bound 9.828000000000e+10, gap 1.2048%

User-callback calls 675250, time in user-callback 0.63 sec