Gurobi Optimizer version 12.0.3 build v12.0.3rc0 (linux64 - "Oracle Linux Server 9.4")

CPU model: Intel(R) Xeon(R) CPU E5-2660 v4 @ 2.00GHz, instruction set [SSE2|AVX|AVX2]
Thread count: 28 physical cores, 28 logical processors, using up to 1 threads

Non-default parameters:
TimeLimit  3592.574453711
SoftMemLimit  16
NumericFocus  1
Threads  1

Academic license 2690100 - for non-commercial use only - registered to ju___@uclm.es
Optimize a model with 108104 rows, 24985 columns and 488688 nonzeros
Model fingerprint: 0x81021309
Variable types: 170 continuous, 24815 integer (24815 binary)
Coefficient statistics:
  Matrix range     [1e+00, 8e+12]
  Objective range  [3e+08, 2e+09]
  Bounds range     [1e+03, 1e+04]
  RHS range        [1e+00, 2e+14]
Warning: Model contains large matrix coefficient range
Warning: Model contains large objective coefficients
Warning: Model contains large rhs

Loaded user MIP start with objective 9.5778e+10

Presolve removed 19192 rows and 313 columns
Presolve time: 3.52s
Presolved: 88912 rows, 24672 columns, 290659 nonzeros
Variable types: 170 continuous, 24502 integer (24502 binary)
Root relaxation presolved: 24671 rows, 113583 columns, 315325 nonzeros


Root simplex log...

Iteration    Objective       Primal Inf.    Dual Inf.      Time
    5990   -7.3167331e+39   4.664867e+32   9.365418e+11      5s
   15156    9.6088800e+10   0.000000e+00   0.000000e+00      9s
   15156    9.6088800e+10   0.000000e+00   0.000000e+00      9s
   15156    9.6088800e+10   0.000000e+00   0.000000e+00      9s

Root relaxation: objective 9.608880e+10, 15156 iterations, 5.04 seconds (5.13 work units)
Total elapsed time = 14.21s (DegenMoves)
Total elapsed time = 35.70s (DegenMoves)

    Nodes    |    Current Node    |     Objective Bounds      |     Work
 Expl Unexpl |  Obj  Depth IntInf | Incumbent    BestBd   Gap | It/Node Time

     0     0 9.6089e+10    0  122 9.5778e+10 9.6089e+10  0.32%     -   38s
     0     0 9.6089e+10    0 1434 9.5778e+10 9.6089e+10  0.32%     -   55s
H    0     0                    9.608880e+10 9.6089e+10  0.00%     -   55s
     0     0 9.6089e+10    0 1431 9.6089e+10 9.6089e+10  0.00%     -   55s

Cutting planes:
  Gomory: 3
  Cover: 33
  Implied bound: 11
  Clique: 30
  MIR: 12
  GUB cover: 2
  RLT: 6
  Relax-and-lift: 7

Explored 1 nodes (81165 simplex iterations) in 55.91 seconds (48.62 work units)
Thread count was 1 (of 28 available processors)

Solution count 2: 9.60888e+10 9.5778e+10 

Optimal solution found (tolerance 1.00e-04)
Best objective 9.608880000000e+10, best bound 9.608880000000e+10, gap 0.0000%

User-callback calls 6252, time in user-callback 0.01 sec