Gurobi Optimizer version 12.0.3 build v12.0.3rc0 (linux64 - "Oracle Linux Server 9.4")

CPU model: Intel(R) Xeon(R) CPU E5-2660 v4 @ 2.00GHz, instruction set [SSE2|AVX|AVX2]
Thread count: 28 physical cores, 28 logical processors, using up to 1 threads

Non-default parameters:
TimeLimit  3594.340904709
SoftMemLimit  16
NumericFocus  1
Threads  1

Academic license 2690100 - for non-commercial use only - registered to ju___@uclm.es
Optimize a model with 67849 rows, 15687 columns and 290232 nonzeros
Model fingerprint: 0xce36ffa5
Variable types: 134 continuous, 15553 integer (15553 binary)
Coefficient statistics:
  Matrix range     [1e+00, 6e+12]
  Objective range  [6e+08, 2e+09]
  Bounds range     [1e+03, 1e+04]
  RHS range        [1e+00, 2e+14]
Warning: Model contains large matrix coefficient range
Warning: Model contains large objective coefficients
Warning: Model contains large rhs

Loaded user MIP start with objective 9.6978e+10

Presolve removed 19925 rows and 1883 columns (presolve time = 5s)...
Presolve removed 19925 rows and 1883 columns (presolve time = 10s)...
Presolve removed 19925 rows and 4787 columns (presolve time = 16s)...
Presolve removed 28556 rows and 4792 columns
Presolve time: 16.23s
Presolved: 39293 rows, 10895 columns, 130809 nonzeros
Variable types: 130 continuous, 10765 integer (10765 binary)
Root relaxation presolved: 39293 rows, 10895 columns, 130809 nonzeros


Root simplex log...

Iteration    Objective       Primal Inf.    Dual Inf.      Time
       0    9.9865200e+10   1.902455e+04   0.000000e+00     17s
    5080    9.9865200e+10   0.000000e+00   0.000000e+00     18s

Root relaxation: objective 9.986520e+10, 5080 iterations, 1.48 seconds (1.22 work units)
Total elapsed time = 20.38s (DegenMoves)

    Nodes    |    Current Node    |     Objective Bounds      |     Work
 Expl Unexpl |  Obj  Depth IntInf | Incumbent    BestBd   Gap | It/Node Time

     0     0 9.9865e+10    0  519 9.6978e+10 9.9865e+10  2.98%     -   33s
     0     0 9.9865e+10    0  462 9.6978e+10 9.9865e+10  2.98%     -   33s
     0     0 9.9865e+10    0  386 9.6978e+10 9.9865e+10  2.98%     -   50s
     0     0 9.9865e+10    0  955 9.6978e+10 9.9865e+10  2.98%     -   69s
     0     0 9.9865e+10    0  936 9.6978e+10 9.9865e+10  2.98%     -   73s
     0     0 9.9865e+10    0  543 9.6978e+10 9.9865e+10  2.98%     -  104s
     0     0 9.9865e+10    0  645 9.6978e+10 9.9865e+10  2.98%     -  106s
     0     0 9.9865e+10    0  191 9.6978e+10 9.9865e+10  2.98%     -  123s
     0     0 9.9865e+10    0  340 9.6978e+10 9.9865e+10  2.98%     -  125s
     0     0 9.9865e+10    0  441 9.6978e+10 9.9865e+10  2.98%     -  134s
     0     0 9.9865e+10    0 1245 9.6978e+10 9.9865e+10  2.98%     -  141s
     0     0 9.9865e+10    0  506 9.6978e+10 9.9865e+10  2.98%     -  156s
     0     0 9.9865e+10    0  915 9.6978e+10 9.9865e+10  2.98%     -  163s
     0     0 9.9865e+10    0  792 9.6978e+10 9.9865e+10  2.98%     -  188s
     0     0 9.9865e+10    0 1113 9.6978e+10 9.9865e+10  2.98%     -  193s
     0     0 9.9865e+10    0 1159 9.6978e+10 9.9865e+10  2.98%     -  198s
     0     0 9.9865e+10    0 1080 9.6978e+10 9.9865e+10  2.98%     -  201s
     0     0 9.9865e+10    0  294 9.6978e+10 9.9865e+10  2.98%     -  220s
     0     0 9.9865e+10    0  143 9.6978e+10 9.9865e+10  2.98%     -  223s
     0     2 9.9865e+10    0  143 9.6978e+10 9.9865e+10  2.98%     -  230s
     3     5 9.9865e+10    2  678 9.6978e+10 9.9865e+10  2.98%  4542  236s
     8    10 9.9865e+10    4  731 9.6978e+10 9.9865e+10  2.98%  2985  240s
    23    25 9.9865e+10   12  466 9.6978e+10 9.9865e+10  2.98%  1448  245s
    26    28 9.9865e+10   13  460 9.6978e+10 9.9865e+10  2.98%  1312  265s
    38    40 9.9865e+10   19  450 9.6978e+10 9.9865e+10  2.98%  1094  270s
    59    59 9.9865e+10   30  365 9.6978e+10 9.9865e+10  2.98%   823  275s
   109    91 9.7525e+10   58  264 9.6978e+10 9.9865e+10  2.98%   533  280s
   156   122 9.9865e+10    9 1089 9.6978e+10 9.9865e+10  2.98%   447  287s
   164   130 9.9865e+10   15 1101 9.6978e+10 9.9865e+10  2.98%   472  291s
   165   131 9.9865e+10   16 1187 9.6978e+10 9.9865e+10  2.98%   519  299s
   168   134 9.9865e+10   17 1201 9.6978e+10 9.9865e+10  2.98%   556  302s
   171   137 9.9865e+10   19 1295 9.6978e+10 9.9865e+10  2.98%   616  306s
   176   142 9.9865e+10   21 1102 9.6978e+10 9.9865e+10  2.98%   656  310s
   205   155 9.9865e+10   38  389 9.6978e+10 9.9865e+10  2.98%   620  315s
   218   166 9.9865e+10   44  346 9.6978e+10 9.9865e+10  2.98%   591  332s
   245   189 9.9865e+10   57  326 9.6978e+10 9.9865e+10  2.98%   544  335s
   272   216 9.9865e+10   71  304 9.6978e+10 9.9865e+10  2.98%   514  340s
   299   242 9.9865e+10   84  348 9.6978e+10 9.9865e+10  2.98%   517  359s
   300   243 9.9865e+10   85  331 9.6978e+10 9.9865e+10  2.98%   515  364s
   302   241 infeasible   86      9.6978e+10 9.9865e+10  2.98%   515  365s
   323   247 9.8303e+10    5  970 9.6978e+10 9.9865e+10  2.98%   538  371s
   341   265 9.8764e+10   17  637 9.6978e+10 9.9865e+10  2.98%   543  375s
   353   273 9.8764e+10   23  702 9.6978e+10 9.9865e+10  2.98%   541  387s
   374   290 9.8764e+10   35  588 9.6978e+10 9.9865e+10  2.98%   532  390s
   397   311 9.8764e+10   49  423 9.6978e+10 9.9865e+10  2.98%   520  395s
   408   312 9.9865e+10    8  730 9.6978e+10 9.9865e+10  2.98%   521  421s
   426   330 9.8597e+10   20  718 9.6978e+10 9.9865e+10  2.98%   534  425s
   452   353 9.8597e+10   35  372 9.6978e+10 9.9865e+10  2.98%   526  447s
   484   383 9.8597e+10   52  361 9.6978e+10 9.9865e+10  2.98%   502  450s
   530   411 9.7525e+10   20  560 9.6978e+10 9.9865e+10  2.98%   488  455s
   570   431 9.8597e+10   33  388 9.6978e+10 9.9865e+10  2.98%   484  460s
   599   446 9.8303e+10   12 1471 9.6978e+10 9.9865e+10  2.98%   527  488s
   600   447 9.8303e+10   13 1650 9.6978e+10 9.9865e+10  2.98%   541  496s
   603   448 9.8303e+10   14 1496 9.6978e+10 9.9865e+10  2.98%   560  504s
   604   449 9.8303e+10   15 1460 9.6978e+10 9.9865e+10  2.98%   567  506s
   608   453 9.8227e+10   19  776 9.6978e+10 9.9865e+10  2.98%   573  510s
   611   455 9.9865e+10    4  462 9.6978e+10 9.9865e+10  2.98%   571  535s
   613   456 9.8597e+10   59  152 9.6978e+10 9.9865e+10  2.98%   569  552s
   614   457 9.8857e+10   46  839 9.6978e+10 9.8857e+10  1.94%   568  568s
   615   458 9.7525e+10   68  932 9.6978e+10 9.8857e+10  1.94%   567  602s
   616   458 9.8857e+10   25  963 9.6978e+10 9.8857e+10  1.94%   566  619s
   617   459 9.8597e+10   20  833 9.6978e+10 9.8855e+10  1.94%   565  635s
   618   460 9.8855e+10   14 1010 9.6978e+10 9.8855e+10  1.94%   564  653s
   619   460 9.8080e+10   27   66 9.6978e+10 9.8080e+10  1.14%   563  674s
   620   461 9.8080e+10   13  307 9.6978e+10 9.8080e+10  1.14%   562  676s
   621   462 9.8080e+10   28  703 9.6978e+10 9.8080e+10  1.14%   561  682s
   622   462 9.8080e+10   25  768 9.6978e+10 9.8080e+10  1.14%   560  691s
   623   463 9.8080e+10   24  370 9.6978e+10 9.8080e+10  1.14%   560  708s
   624   464 9.8080e+10   41  405 9.6978e+10 9.8080e+10  1.14%   559  711s
   625   464 9.8080e+10   59  216 9.6978e+10 9.8080e+10  1.14%   558  744s
   626   465 9.8080e+10   29  400 9.6978e+10 9.8080e+10  1.14%   557  750s
   627   466 9.8080e+10   34  591 9.6978e+10 9.8080e+10  1.14%   556  764s
   628   466 9.8080e+10   46  434 9.6978e+10 9.8080e+10  1.14%   555  767s
   629   467 9.8080e+10   28   42 9.6978e+10 9.8080e+10  1.14%   554  782s
   631   468 9.8080e+10   25  260 9.6978e+10 9.8080e+10  1.14%   552  805s
   632   469 9.8080e+10   29  684 9.6978e+10 9.8080e+10  1.14%   552  811s
   633   470 9.8080e+10   49  566 9.6978e+10 9.8080e+10  1.14%   551  824s
   636   473 9.8080e+10   63  462 9.6978e+10 9.8080e+10  1.14%  1234  827s
   638   474 9.8080e+10   20  248 9.6978e+10 9.8080e+10  1.14%  1230  846s
   639   475 9.8080e+10   24  432 9.6978e+10 9.8080e+10  1.14%  1228  851s
   641   476 9.8080e+10   34  933 9.6978e+10 9.8080e+10  1.14%  1224  869s
   642   477 9.8080e+10   79  991 9.6978e+10 9.8080e+10  1.14%  1222  886s
   643   478 9.7525e+10   47  359 9.6978e+10 9.8080e+10  1.14%  1220  918s
   644   478 9.8080e+10    5  637 9.6978e+10 9.8080e+10  1.14%  1218  922s
   645   479 9.8080e+10   25   60 9.6978e+10 9.8080e+10  1.14%  1216  944s
   646   480 9.8080e+10   10  310 9.6978e+10 9.8080e+10  1.14%  1215  946s
   647   480 9.8080e+10   19  223 9.6978e+10 9.8080e+10  1.14%  1213  954s
   648   481 9.8080e+10    6  475 9.6978e+10 9.8080e+10  1.14%  1211  957s
   649   482 9.8080e+10   71  174 9.6978e+10 9.8080e+10  1.14%  1209  977s
   650   482 9.8080e+10   39  330 9.6978e+10 9.8080e+10  1.14%  1207  980s
   651   483 9.8080e+10   23  127 9.6978e+10 9.8080e+10  1.14%  1205 1004s
   652   484 9.8080e+10    8  208 9.6978e+10 9.8080e+10  1.14%  1203 1007s
   653   484 9.8080e+10   36   54 9.6978e+10 9.8080e+10  1.14%  1201 1029s
   655   486 9.8080e+10   81  241 9.6978e+10 9.8080e+10  1.14%  1198 1049s
   656   486 9.8080e+10   44  356 9.6978e+10 9.8080e+10  1.14%  1196 1052s
   657   487 9.8080e+10   37  326 9.6978e+10 9.8080e+10  1.14%  1194 1061s
   658   488 9.8080e+10   69  306 9.6978e+10 9.8080e+10  1.14%  1192 1070s
   659   488 9.8080e+10   19  306 9.6978e+10 9.8080e+10  1.14%  1191 1085s
   660   491 9.8080e+10   25  207 9.6978e+10 9.8080e+10  1.14%  1826 1094s
   661   492 9.8080e+10   25  431 9.6978e+10 9.8080e+10  1.14%  1827 1096s
   664   494 9.8080e+10   27  407 9.6978e+10 9.8080e+10  1.14%  1829 1100s
   669   497 9.8080e+10   29  755 9.6978e+10 9.8080e+10  1.14%  1832 1105s
   680   504 9.8080e+10   35  384 9.6978e+10 9.8080e+10  1.14%  1811 1110s
   685   504 9.8080e+10   37  492 9.6978e+10 9.8080e+10  1.14%  1805 1127s
   691   508 9.8080e+10   40  408 9.6978e+10 9.8080e+10  1.14%  1794 1130s
   704   516 9.8080e+10   47  423 9.6978e+10 9.8080e+10  1.14%  1771 1135s
   729   529 9.8080e+10   59  472 9.6978e+10 9.8080e+10  1.14%  1717 1140s
   753   541 9.8080e+10   71  442 9.6978e+10 9.8080e+10  1.14%  1669 1145s
   770   550 9.8080e+10   79  426 9.6978e+10 9.8080e+10  1.14%  1640 1150s
   800   564 9.8080e+10   94  355 9.6978e+10 9.8080e+10  1.14%  1586 1155s
   824   556 9.8080e+10   26  794 9.6978e+10 9.8080e+10  1.14%  1549 1163s
   828   559 9.8080e+10   30  430 9.6978e+10 9.8080e+10  1.14%  1543 1165s
   834   563 9.8080e+10   33  449 9.6978e+10 9.8080e+10  1.14%  1544 1170s
   840   567 9.8080e+10   36  595 9.6978e+10 9.8080e+10  1.14%  1543 1175s
   844   570 9.8080e+10   38  503 9.6978e+10 9.8080e+10  1.14%  1544 1180s
   848   572 9.8080e+10   40  549 9.6978e+10 9.8080e+10  1.14%  1544 1185s
   851   574 9.8080e+10   41  548 9.6978e+10 9.8080e+10  1.14%  1546 1190s
   862   580 9.8080e+10   46  523 9.6978e+10 9.8080e+10  1.14%  1539 1195s
   878   590 9.8080e+10   54  554 9.6978e+10 9.8080e+10  1.14%  1521 1201s
   889   598 9.8080e+10   60  417 9.6978e+10 9.8080e+10  1.14%  1511 1205s
   905   608 9.8080e+10   68  542 9.6978e+10 9.8080e+10  1.14%  1495 1214s
   909   611 9.8080e+10   70  485 9.6978e+10 9.8080e+10  1.14%  1490 1215s
   931   606 9.8080e+10   73  401 9.6978e+10 9.8080e+10  1.14%  1466 1220s
   933   605 9.8080e+10   74  448 9.6978e+10 9.8080e+10  1.14%  1464 1231s
   947   613 9.8080e+10   82  433 9.6978e+10 9.8080e+10  1.14%  1449 1235s
   960   622 9.8080e+10   89  346 9.6978e+10 9.8080e+10  1.14%  1434 1240s
   979   635 9.8080e+10   98  429 9.6978e+10 9.8080e+10  1.14%  1414 1245s
   986   638 9.8080e+10  102  382 9.6978e+10 9.8080e+10  1.14%  1407 1266s
   987   639 9.8080e+10  102  348 9.6978e+10 9.8080e+10  1.14%  1406 1274s
   988   640 9.8080e+10  103  347 9.6978e+10 9.8080e+10  1.14%  1405 1275s
  1015   643 9.8080e+10   68  390 9.6978e+10 9.8080e+10  1.14%  1379 1282s
  1038   614 9.8080e+10   27  563 9.6978e+10 9.8080e+10  1.14%  1370 1286s
  1042   617 9.8080e+10   31  508 9.6978e+10 9.8080e+10  1.14%  1365 1292s
  1052   623 9.8080e+10   41  493 9.6978e+10 9.8080e+10  1.14%  1352 1295s
  1067   633 9.8080e+10   56  465 9.6978e+10 9.8080e+10  1.14%  1337 1300s
  1069   635 9.8080e+10   58  401 9.6978e+10 9.8080e+10  1.14%  1335 1327s
  1079   641 9.8080e+10   68  379 9.6978e+10 9.8080e+10  1.14%  1323 1330s
  1096   653 9.8080e+10   85  351 9.6978e+10 9.8080e+10  1.14%  1305 1360s
  1125   672 9.8080e+10  114  375 9.6978e+10 9.8080e+10  1.14%  1274 1365s
  1153   691 9.8080e+10  142  336 9.6978e+10 9.8080e+10  1.14%  1245 1370s
  1175   705 9.8080e+10  164  364 9.6978e+10 9.8080e+10  1.14%  1225 1375s
  1197   720 9.8080e+10  186  356 9.6978e+10 9.8080e+10  1.14%  1207 1380s
  1228   739 9.8080e+10  216  394 9.6978e+10 9.8080e+10  1.14%  1179 1385s
  1258   759 9.8080e+10  246  381 9.6978e+10 9.8080e+10  1.14%  1153 1390s
  1295   783 9.8080e+10  283  284 9.6978e+10 9.8080e+10  1.14%  1122 1395s
  1338   812 9.8080e+10  326  295 9.6978e+10 9.8080e+10  1.14%  1087 1400s
  1387   837 9.8080e+10  368  231 9.6978e+10 9.8080e+10  1.14%  1052 1405s
  1446   876 9.8080e+10  427  216 9.6978e+10 9.8080e+10  1.14%  1010 1410s
  1471   857 9.8014e+10  404  382 9.6978e+10 9.8080e+10  1.14%   999 1415s
  1485   850 9.7929e+10  414  385 9.6978e+10 9.8080e+10  1.14%   995 1420s
  1503   842 9.7929e+10  408  391 9.6978e+10 9.8080e+10  1.14%   988 1425s
  1523   839 9.7711e+10  416  257 9.6978e+10 9.8080e+10  1.14%   978 1430s
  1543   830 9.7929e+10  409  415 9.6978e+10 9.8080e+10  1.14%   971 1435s
  1562   823 9.7711e+10  415  285 9.6978e+10 9.8080e+10  1.14%   962 1440s
  1584   797     cutoff  397      9.6978e+10 9.8080e+10  1.14%   962 1445s
  1595   782     cutoff  369      9.6978e+10 9.8080e+10  1.14%   970 1450s
  1611   766 9.7711e+10  308  318 9.6978e+10 9.8080e+10  1.14%   974 1455s
  1638   770 9.7711e+10  325  316 9.6978e+10 9.8080e+10  1.14%   962 1460s
  1669   758 9.7711e+10  308  355 9.6978e+10 9.8080e+10  1.14%   946 1465s
  1691   758 9.7711e+10  321  300 9.6978e+10 9.8080e+10  1.14%   936 1470s
  1716   748 9.7711e+10  307  373 9.6978e+10 9.8080e+10  1.14%   926 1475s
  1753   739 9.7711e+10  313  263 9.6978e+10 9.8080e+10  1.14%   908 1480s
  1776   739 9.7711e+10  317  301 9.6978e+10 9.8080e+10  1.14%   899 1485s
  1802   737 9.7711e+10  314  319 9.6978e+10 9.8080e+10  1.14%   889 1490s
  1836   733 9.7711e+10  262  405 9.6978e+10 9.8080e+10  1.14%   876 1495s
  1881   737 9.7711e+10  285  277 9.6978e+10 9.8080e+10  1.14%   857 1500s
  1917   736 9.7711e+10  275  391 9.6978e+10 9.8080e+10  1.14%   846 1505s
  1946   742 9.7711e+10  292  343 9.6978e+10 9.8080e+10  1.14%   836 1510s
  1967   736 9.7711e+10  302  355 9.6978e+10 9.8080e+10  1.14%   829 1515s
  1984   733 9.7711e+10  283  373 9.6978e+10 9.8080e+10  1.14%   824 1520s
  2009   739 9.7711e+10  300  292 9.6978e+10 9.8080e+10  1.14%   816 1525s
  2050   738 9.7711e+10  292  370 9.6978e+10 9.8080e+10  1.14%   802 1530s
  2076   718     cutoff  314      9.6978e+10 9.8080e+10  1.14%   800 1535s
  2077   718 9.7929e+10  310  397 9.6978e+10 9.8080e+10  1.14%   801 1550s
  2103   717 9.7711e+10  323  361 9.6978e+10 9.8080e+10  1.14%   793 1555s
  2135   713 9.7711e+10  323  320 9.6978e+10 9.8080e+10  1.14%   783 1560s
  2149   716     cutoff  318      9.6978e+10 9.8080e+10  1.14%   780 1565s
  2195   729     cutoff  321      9.6978e+10 9.8080e+10  1.14%   767 1570s
  2211   739 9.7711e+10  330  265 9.6978e+10 9.8080e+10  1.14%   764 1575s
  2228   740 9.7711e+10  332  261 9.6978e+10 9.8080e+10  1.14%   759 1580s
  2262   747 9.7711e+10  319  282 9.6978e+10 9.8080e+10  1.14%   749 1585s
  2296   756 9.7711e+10  316  348 9.6978e+10 9.8080e+10  1.14%   740 1590s
  2341   766 9.7711e+10  263  423 9.6978e+10 9.8080e+10  1.14%   728 1595s
  2393   788 9.7711e+10  290  259 9.6978e+10 9.8080e+10  1.14%   714 1600s
  2433   813 9.7711e+10  310  288 9.6978e+10 9.8080e+10  1.14%   703 1605s
  2476   818     cutoff  281      9.6978e+10 9.8080e+10  1.14%   696 1610s
  2492   810 9.7911e+10  267  458 9.6978e+10 9.8080e+10  1.14%   698 1618s
  2499   805     cutoff  258      9.6978e+10 9.8080e+10  1.14%   700 1620s
  2521   789     cutoff  285      9.6978e+10 9.8080e+10  1.14%   703 1625s
  2528   792 9.7711e+10   88  435 9.6978e+10 9.8080e+10  1.14%   704 1630s
  2545   809 9.7711e+10  105  352 9.6978e+10 9.8080e+10  1.14%   701 1635s
  2564   824 9.7711e+10  120  386 9.6978e+10 9.8080e+10  1.14%   699 1640s
  2589   839 9.7711e+10  132  474 9.6978e+10 9.8080e+10  1.14%   695 1645s
  2618   844 9.7711e+10  145  324 9.6978e+10 9.8080e+10  1.14%   690 1650s
  2634   850 9.7711e+10  152  294 9.6978e+10 9.8080e+10  1.14%   687 1655s
  2668   866 9.7711e+10  217  371 9.6978e+10 9.8080e+10  1.14%   681 1660s
  2708   878 9.7929e+10  200  437 9.6978e+10 9.8080e+10  1.14%   674 1665s
  2732   893 9.7711e+10  217  403 9.6978e+10 9.8080e+10  1.14%   671 1670s
  2790   941 9.7711e+10  268  386 9.6978e+10 9.8080e+10  1.14%   658 1675s
  2827   943 9.7711e+10  202  393 9.6978e+10 9.8080e+10  1.14%   654 1680s
  2852   962 9.7711e+10  220  381 9.6978e+10 9.8080e+10  1.14%   650 1685s
  2886   984 9.7711e+10  245  308 9.6978e+10 9.8080e+10  1.14%   644 1696s
  2897   991 9.7711e+10  254  317 9.6978e+10 9.8080e+10  1.14%   642 1700s
  2921   999 9.7711e+10  264  309 9.6978e+10 9.8080e+10  1.14%   640 1705s
  2953  1000 9.7911e+10  202  480 9.6978e+10 9.8080e+10  1.14%   639 1710s
  2961  1002 9.7711e+10  206  406 9.6978e+10 9.8080e+10  1.14%   638 1715s
  3016  1043 9.7711e+10  236  468 9.6978e+10 9.8080e+10  1.14%   631 1720s
  3056  1054     cutoff  253      9.6978e+10 9.8080e+10  1.14%   626 1725s
  3123  1107 9.7711e+10  163  436 9.6978e+10 9.8080e+10  1.14%   616 1730s
  3157  1091 9.7937e+10   85  582 9.6978e+10 9.8080e+10  1.14%   618 1743s
  3166  1100 9.7711e+10   93  337 9.6978e+10 9.8080e+10  1.14%   617 1745s
  3213  1135 9.7711e+10  132  449 9.6978e+10 9.8080e+10  1.14%   610 1750s
  3248  1146 9.7711e+10  201  413 9.6978e+10 9.8080e+10  1.14%   607 1755s
  3330  1210 9.7711e+10  107  348 9.6978e+10 9.8080e+10  1.14%   595 1760s
  3404  1254     cutoff  357      9.6978e+10 9.8080e+10  1.14%   586 1765s
  3425  1233     cutoff  329      9.6978e+10 9.8080e+10  1.14%   592 1770s
  3437  1233 9.8080e+10   37  487 9.6978e+10 9.8080e+10  1.14%   592 1775s
  3458  1252 9.7549e+10   54  286 9.6978e+10 9.8080e+10  1.14%   592 1780s
  3501  1295 9.7549e+10   97  342 9.6978e+10 9.8080e+10  1.14%   587 1785s
  3542  1326 9.7549e+10  130  326 9.6978e+10 9.8080e+10  1.14%   583 1790s
  3560  1326 9.8080e+10   32  521 9.6978e+10 9.8080e+10  1.14%   582 1795s
  3566  1332 9.8033e+10   36  576 9.6978e+10 9.8080e+10  1.14%   583 1843s
  3567  1333 9.8080e+10   36  479 9.6978e+10 9.8080e+10  1.14%   583 1876s
  3579  1345 9.7868e+10   46  531 9.6978e+10 9.8080e+10  1.14%   583 1880s
  3588  1353 9.7439e+10   50  472 9.6978e+10 9.8080e+10  1.14%   584 1886s
  3601  1358 9.7439e+10   55  569 9.6978e+10 9.8080e+10  1.14%   584 1890s
  3605  1356 9.8080e+10   32  964 9.6978e+10 9.8080e+10  1.14%   585 1898s
  3608  1359 9.8080e+10   35  512 9.6978e+10 9.8080e+10  1.14%   585 1900s
  3621  1372 9.8080e+10   48  405 9.6978e+10 9.8080e+10  1.14%   584 1905s
  3638  1389 9.8080e+10   64  302 9.6978e+10 9.8080e+10  1.14%   583 1910s
  3647  1398 9.8080e+10   70  457 9.6978e+10 9.8080e+10  1.14%   583 1915s
  3672  1415 9.8080e+10   91  451 9.6978e+10 9.8080e+10  1.14%   582 1920s
  3685  1420 9.8080e+10   68  348 9.6978e+10 9.8080e+10  1.14%   582 1925s
  3723  1458 9.8080e+10  105  231 9.6978e+10 9.8080e+10  1.14%   577 1930s
  3769  1504 9.8080e+10  150  444 9.6978e+10 9.8080e+10  1.14%   572 1935s
  3804  1539 9.8080e+10  185  377 9.6978e+10 9.8080e+10  1.14%   567 1940s
  3860  1595 9.8080e+10  240  340 9.6978e+10 9.8080e+10  1.14%   562 1945s
  3941  1674 9.8080e+10  320  260 9.6978e+10 9.8080e+10  1.14%   551 1951s
  4048  1692 9.8080e+10  103  274 9.6978e+10 9.8080e+10  1.14%   537 1955s
  4106  1750 9.8080e+10  156  270 9.6978e+10 9.8080e+10  1.14%   531 1960s
  4178  1806     cutoff  186      9.6978e+10 9.8080e+10  1.14%   525 1965s
  4223  1827 9.8080e+10  140  411 9.6978e+10 9.8080e+10  1.14%   521 1970s
  4264  1854 9.8080e+10  134  347 9.6978e+10 9.8080e+10  1.14%   518 1975s
  4333  1923 9.8080e+10  200  423 9.6978e+10 9.8080e+10  1.14%   513 1980s
  4392  1958     cutoff  239      9.6978e+10 9.8080e+10  1.14%   508 1985s
  4419  1967 9.8080e+10  123  385 9.6978e+10 9.8080e+10  1.14%   508 1990s
  4436  1962 9.7787e+10  113  511 9.6978e+10 9.8080e+10  1.14%   510 1995s
  4471  1939     cutoff  124      9.6978e+10 9.8080e+10  1.14%   511 2000s
  4487  1935 9.7787e+10  120  518 9.6978e+10 9.8080e+10  1.14%   514 2005s
  4508  1932 9.7787e+10  116  480 9.6978e+10 9.8080e+10  1.14%   516 2010s
  4530  1926     cutoff  109      9.6978e+10 9.8080e+10  1.14%   518 2015s
  4559  1909 9.7787e+10  138  441 9.6978e+10 9.8080e+10  1.14%   521 2020s
  4587  1903 9.7787e+10  172  494 9.6978e+10 9.8080e+10  1.14%   522 2025s
  4612  1892     cutoff  137      9.6978e+10 9.8080e+10  1.14%   525 2030s
  4637  1891 9.7787e+10  126  457 9.6978e+10 9.8080e+10  1.14%   527 2035s
  4656  1884 9.7787e+10  121  484 9.6978e+10 9.8080e+10  1.14%   530 2040s
  4683  1869 9.7787e+10  144  483 9.6978e+10 9.8080e+10  1.14%   533 2045s
  4705  1863 9.7787e+10  115  504 9.6978e+10 9.8080e+10  1.14%   536 2050s
  4732  1852 9.7787e+10  126  583 9.6978e+10 9.8080e+10  1.14%   538 2055s
  4759  1843     cutoff  123      9.6978e+10 9.8080e+10  1.14%   540 2060s
  4778  1836 9.7787e+10  116  498 9.6978e+10 9.8080e+10  1.14%   543 2065s
  4795  1830 9.7787e+10  155  428 9.6978e+10 9.8080e+10  1.14%   546 2070s
  4819  1818     cutoff  107      9.6978e+10 9.8080e+10  1.14%   549 2075s
  4848  1804     cutoff  150      9.6978e+10 9.8080e+10  1.14%   552 2080s
  4869  1801 9.7787e+10  126  414 9.6978e+10 9.8080e+10  1.14%   553 2085s
  4890  1792 9.7787e+10  111  499 9.6978e+10 9.8080e+10  1.14%   556 2090s
  4917  1775     cutoff  151      9.6978e+10 9.8080e+10  1.14%   559 2095s
  4941  1766 9.7787e+10  134  477 9.6978e+10 9.8080e+10  1.14%   561 2100s
  4961  1762 9.7787e+10  125  388 9.6978e+10 9.8080e+10  1.14%   563 2105s
  4982  1751     cutoff  130      9.6978e+10 9.8080e+10  1.14%   565 2110s
  4999  1746     cutoff  134      9.6978e+10 9.8080e+10  1.14%   566 2115s
  5009  1746 9.8080e+10   63  439 9.6978e+10 9.8080e+10  1.14%   568 2120s
  5018  1742 9.8080e+10   31  664 9.6978e+10 9.8080e+10  1.14%   570 2128s
  5020  1744 9.8080e+10   33  388 9.6978e+10 9.8080e+10  1.14%   571 2130s
  5025  1749 9.8080e+10   36  397 9.6978e+10 9.8080e+10  1.14%   572 2135s
  5048  1772 9.8080e+10   58  366 9.6978e+10 9.8080e+10  1.14%   570 2140s
  5074  1796 9.8080e+10   83  306 9.6978e+10 9.8080e+10  1.14%   568 2145s
  5092  1802 9.7711e+10   39  436 9.6978e+10 9.8080e+10  1.14%   567 2150s
  5102  1809 9.8080e+10   39  462 9.6978e+10 9.8080e+10  1.14%   566 2258s
  5104  1810 9.7711e+10   92  254 9.6978e+10 9.8080e+10  1.14%   566 2276s
  5105  1811 9.7711e+10  148  422 9.6978e+10 9.8080e+10  1.14%   566 2280s
  5107  1812 9.8080e+10   33  782 9.6978e+10 9.8080e+10  1.14%   566 2295s
  5108  1813 9.7711e+10  265  749 9.6978e+10 9.8080e+10  1.14%   566 2301s
  5109  1814 9.7549e+10  118  112 9.6978e+10 9.8080e+10  1.14%   566 2320s
  5111  1815 9.7711e+10  159  114 9.6978e+10 9.8080e+10  1.14%   565 2329s
  5112  1816 9.7711e+10  317  216 9.6978e+10 9.8080e+10  1.14%   565 2331s
  5113  1816 9.8080e+10   35  207 9.6978e+10 9.8080e+10  1.14%   565 2335s
  5115  1818 9.7711e+10  231  381 9.6978e+10 9.8080e+10  1.14%   565 2358s
  5116  1818 9.7711e+10  250  422 9.6978e+10 9.8080e+10  1.14%   565 2361s
  5117  1819 9.7711e+10  309   61 9.6978e+10 9.8080e+10  1.14%   565 2374s
  5118  1820 9.7711e+10  320  220 9.6978e+10 9.8080e+10  1.14%   565 2377s
  5119  1820 9.8080e+10  164  243 9.6978e+10 9.8080e+10  1.14%   564 2386s
  5120  1821 9.7199e+10  107  506 9.6978e+10 9.8080e+10  1.14%   564 2390s
  5121  1822 9.8080e+10   77  307 9.6978e+10 9.8080e+10  1.14%   564 2412s
  5122  1822 9.8080e+10  191  760 9.6978e+10 9.8080e+10  1.14%   564 2418s
  5123  1823 9.7711e+10  321   54 9.6978e+10 9.8080e+10  1.14%   564 2438s
  5124  1824 9.7711e+10  288  420 9.6978e+10 9.8080e+10  1.14%   564 2441s
  5125  1824 9.7711e+10   94  137 9.6978e+10 9.8080e+10  1.14%   564 2457s
  5126  1825 9.8080e+10  231  136 9.6978e+10 9.8080e+10  1.14%   564 2461s
  5128  1828 9.8080e+10   40  178 9.6978e+10 9.8080e+10  1.14%   639 2472s
  5131  1830 9.8080e+10   41  444 9.6978e+10 9.8080e+10  1.14%   640 2475s
  5134  1832 9.8080e+10   43  578 9.6978e+10 9.8080e+10  1.14%   642 2480s
  5153  1845 9.8080e+10   52  288 9.6978e+10 9.8080e+10  1.14%   641 2493s
  5157  1848 9.8080e+10   54  634 9.6978e+10 9.8080e+10  1.14%   642 2495s
  5179  1860 9.8080e+10   65  458 9.6978e+10 9.8080e+10  1.14%   642 2500s
  5199  1874 9.8080e+10   75  336 9.6978e+10 9.8080e+10  1.14%   641 2505s
  5205  1878 9.8080e+10   78  302 9.6978e+10 9.8080e+10  1.14%   640 2515s
  5228  1893 9.8080e+10   89  298 9.6978e+10 9.8080e+10  1.14%   639 2520s
  5235  1898 9.8080e+10   93  321 9.6978e+10 9.8080e+10  1.14%   639 2525s
  5253  1908     cutoff  102      9.6978e+10 9.8080e+10  1.14%   638 2530s
  5271  1920 9.8080e+10  111  270 9.6978e+10 9.8080e+10  1.14%   638 2535s
  5295  1930 9.8080e+10  122  296 9.6978e+10 9.8080e+10  1.14%   636 2540s
  5304  1922 9.8080e+10   41  546 9.6978e+10 9.8080e+10  1.14%   636 2546s
  5306  1923 9.8080e+10   42  521 9.6978e+10 9.8080e+10  1.14%   636 2551s
  5309  1925 9.8080e+10   44  562 9.6978e+10 9.8080e+10  1.14%   637 2555s
  5319  1932 9.8080e+10   49  599 9.6978e+10 9.8080e+10  1.14%   637 2560s
  5335  1942 9.8080e+10   57  281 9.6978e+10 9.8080e+10  1.14%   637 2565s
  5344  1948 9.8080e+10   61  303 9.6978e+10 9.8080e+10  1.14%   637 2575s
  5365  1962 9.7560e+10   72  426 9.6978e+10 9.8080e+10  1.14%   635 2580s
  5387  1977 9.8080e+10   83  338 9.6978e+10 9.8080e+10  1.14%   634 2585s
  5406  1990 9.8080e+10   92  332 9.6978e+10 9.8080e+10  1.14%   632 2590s
  5425  2002 9.8080e+10  102  345 9.6978e+10 9.8080e+10  1.14%   631 2596s
  5443  2012 9.8080e+10  110  336 9.6978e+10 9.8080e+10  1.14%   630 2600s
  5452  2016 9.8080e+10  115  388 9.6978e+10 9.8080e+10  1.14%   630 2614s
  5458  2018 9.8080e+10  118  271 9.6978e+10 9.8080e+10  1.14%   630 2615s
  5480  2027 9.8080e+10  128  299 9.6978e+10 9.8080e+10  1.14%   628 2623s
  5498  2031 9.8080e+10  136  274 9.6978e+10 9.8080e+10  1.14%   627 2625s
  5507  2037 9.8080e+10  141  257 9.6978e+10 9.8080e+10  1.14%   626 2633s
  5527  2048 9.8080e+10  151  200 9.6978e+10 9.8080e+10  1.14%   624 2635s
  5570  2009     cutoff  140      9.6978e+10 9.8080e+10  1.14%   620 2640s
  5605  1962     cutoff  116      9.6978e+10 9.8080e+10  1.14%   619 2645s
  5634  1926 9.8080e+10  100  335 9.6978e+10 9.8080e+10  1.14%   618 2659s
  5637  1926 9.8080e+10  102  305 9.6978e+10 9.8080e+10  1.14%   618 2660s
  5676  1952 9.8080e+10  141  248 9.6978e+10 9.8080e+10  1.14%   613 2665s
  5686  1958 9.8080e+10  151  298 9.6978e+10 9.8080e+10  1.14%   612 2670s
  5716  1978 9.8080e+10  181  310 9.6978e+10 9.8080e+10  1.14%   609 2675s
  5752  1998 9.8080e+10  213  317 9.6978e+10 9.8080e+10  1.14%   606 2680s
  5791  2022 9.8080e+10  250  303 9.6978e+10 9.8080e+10  1.14%   602 2685s
  5829  2043     cutoff  285      9.6978e+10 9.8080e+10  1.14%   598 2690s
  5870  2060 9.8080e+10  135  256 9.6978e+10 9.8080e+10  1.14%   594 2695s
  5915  2041 9.7657e+10  135  424 9.6978e+10 9.8080e+10  1.14%   592 2700s
  5934  2022 9.8080e+10  120  340 9.6978e+10 9.8080e+10  1.14%   594 2705s
  5953  2015 9.7917e+10  119  471 9.6978e+10 9.8080e+10  1.14%   593 2710s
  5973  2017 9.7549e+10  123  481 9.6978e+10 9.8080e+10  1.14%   594 2715s
  5992  2004 9.8080e+10   42  417 9.6978e+10 9.8080e+10  1.14%   595 2737s
  5993  2005 9.8080e+10   43  434 9.6978e+10 9.8080e+10  1.14%   595 2761s
  6005  2013 9.8080e+10   55  282 9.6978e+10 9.8080e+10  1.14%   594 2765s
  6041  2037 9.8080e+10   91  292 9.6978e+10 9.8080e+10  1.14%   591 2770s
  6059  2042 9.8080e+10   44  773 9.6978e+10 9.8080e+10  1.14%   590 2779s
  6060  2043 9.8080e+10   45  598 9.6978e+10 9.8080e+10  1.14%   591 2782s
  6062  2044 9.8080e+10   47  514 9.6978e+10 9.8080e+10  1.14%   592 2788s
  6066  2047 9.8080e+10   51  493 9.6978e+10 9.8080e+10  1.14%   591 2790s
  6068  2048 9.8080e+10   53  539 9.6978e+10 9.8080e+10  1.14%   591 2795s
  6073  2051 9.8080e+10   58  675 9.6978e+10 9.8080e+10  1.14%   591 2800s
  6080  2054     cutoff   63      9.6978e+10 9.8080e+10  1.14%   592 2809s
  6081  2055 9.8080e+10   61  501 9.6978e+10 9.8080e+10  1.14%   592 2810s
  6090  2061 9.8080e+10   71  369 9.6978e+10 9.8080e+10  1.14%   592 2815s
  6099  2065 9.8080e+10   79  475 9.6978e+10 9.8080e+10  1.14%   592 2820s
  6117  2077 9.8080e+10   96  399 9.6978e+10 9.8080e+10  1.14%   591 2825s
  6152  2100 9.8080e+10  131  369 9.6978e+10 9.8080e+10  1.14%   587 2830s
  6187  2123 9.8080e+10  166  288 9.6978e+10 9.8080e+10  1.14%   584 2835s
  6221  2146 9.8080e+10  200  274 9.6978e+10 9.8080e+10  1.14%   581 2840s
  6252  2167 9.8080e+10  231  288 9.6978e+10 9.8080e+10  1.14%   579 2845s
  6293  2190 9.8080e+10  269  336 9.6978e+10 9.8080e+10  1.14%   575 2850s
  6352  2227 9.8080e+10  327  224 9.6978e+10 9.8080e+10  1.14%   570 2855s
  6466  2089     cutoff  229      9.6978e+10 9.8080e+10  1.14%   562 2860s
  6489  2059     cutoff  206      9.6978e+10 9.8080e+10  1.14%   563 2865s
  6526  2009     cutoff  169      9.6978e+10 9.8080e+10  1.14%   565 2870s
  6571  1949     cutoff  124      9.6978e+10 9.8080e+10  1.14%   567 2875s
  6606  1903     cutoff   89      9.6978e+10 9.8080e+10  1.14%   571 2880s
  6611  1898 9.8080e+10   85  530 9.6978e+10 9.8080e+10  1.14%   571 2892s
  6625  1907 9.8080e+10   99  429 9.6978e+10 9.8080e+10  1.14%   570 2895s
  6654  1927 9.8080e+10  124  334 9.6978e+10 9.8080e+10  1.14%   568 2900s
  6697  1950 9.8080e+10  163  241 9.6978e+10 9.8080e+10  1.14%   565 2905s
  6736  1956 9.8080e+10   84  497 9.6978e+10 9.8080e+10  1.14%   563 2910s
  6765  1976 9.8080e+10  113  308 9.6978e+10 9.8080e+10  1.14%   561 2915s
  6792  1994 9.8080e+10  140  291 9.6978e+10 9.8080e+10  1.14%   560 2920s
  6837  1986     cutoff  151      9.6978e+10 9.8080e+10  1.14%   559 2925s
  6872  1945 9.8080e+10  120  363 9.6978e+10 9.8080e+10  1.14%   561 2931s
  6890  1953 9.8080e+10  136  389 9.6978e+10 9.8080e+10  1.14%   561 2952s
  6896  1957 9.8080e+10  142  379 9.6978e+10 9.8080e+10  1.14%   560 2955s
  6918  1972 9.8080e+10  164  346 9.6978e+10 9.8080e+10  1.14%   559 2960s
  6958  1998 9.8080e+10  203  330 9.6978e+10 9.8080e+10  1.14%   556 2965s
  6986  2016 9.8080e+10  229  377 9.6978e+10 9.8080e+10  1.14%   554 2970s
  7013  2018 9.8080e+10  122  572 9.6978e+10 9.8080e+10  1.14%   553 2975s
  7046  2038 9.8080e+10  154  348 9.6978e+10 9.8080e+10  1.14%   551 2981s
  7082  2057 9.8080e+10  186  397 9.6978e+10 9.8080e+10  1.14%   549 2985s
  7134  2092 9.8080e+10  238  345 9.6978e+10 9.8080e+10  1.14%   545 2990s
  7190  2129 9.8080e+10  293  330 9.6978e+10 9.8080e+10  1.14%   541 2997s
  7210  2140 9.8080e+10  312  248 9.6978e+10 9.8080e+10  1.14%   540 3000s
  7279  2168 9.8080e+10  364  215 9.6978e+10 9.8080e+10  1.14%   535 3005s
  7352  2136     cutoff  359      9.6978e+10 9.8080e+10  1.14%   532 3010s
  7382  2104 9.8080e+10   50  370 9.6978e+10 9.8080e+10  1.14%   531 3048s
  7395  2113 9.8080e+10   63  284 9.6978e+10 9.8080e+10  1.14%   531 3050s
  7427  2134 9.8080e+10   95  312 9.6978e+10 9.8080e+10  1.14%   529 3055s
  7464  2144 9.8080e+10   56  501 9.6978e+10 9.8080e+10  1.14%   527 3061s
  7477  2152 9.8080e+10   68  426 9.6978e+10 9.8080e+10  1.14%   527 3065s
  7515  2172 9.8080e+10  100  336 9.6978e+10 9.8080e+10  1.14%   525 3070s
  7559  2201 9.8080e+10  142  316 9.6978e+10 9.8080e+10  1.14%   522 3075s
  7585  2192 infeasible   78      9.6978e+10 9.8080e+10  1.14%   522 3080s
  7615  2159     cutoff  125      9.6978e+10 9.8080e+10  1.14%   524 3085s
  7648  2117 9.7187e+10   92  442 9.6978e+10 9.8080e+10  1.14%   526 3090s
  7679  2112 9.7187e+10   94  375 9.6978e+10 9.8080e+10  1.14%   526 3095s
  7695  2105 9.8005e+10   93  488 9.6978e+10 9.8080e+10  1.14%   527 3100s
  7716  2093     cutoff   88      9.6978e+10 9.8080e+10  1.14%   528 3105s
  7734  2084 9.7187e+10   87  517 9.6978e+10 9.8080e+10  1.14%   529 3129s
  7735  2082     cutoff   88      9.6978e+10 9.8080e+10  1.14%   529 3130s
  7758  2072 9.7187e+10   83  575 9.6978e+10 9.8080e+10  1.14%   530 3135s
  7781  2056 9.7187e+10   76  582 9.6978e+10 9.8080e+10  1.14%   531 3140s
  7804  2037 9.8080e+10   85  442 9.6978e+10 9.8080e+10  1.14%   533 3145s
  7827  2036 9.8080e+10   67  446 9.6978e+10 9.8080e+10  1.14%   533 3150s
  7851  2027 9.7841e+10  105  522 9.6978e+10 9.8080e+10  1.14%   533 3155s
  7867  2020 9.7629e+10   86  317 9.6978e+10 9.8080e+10  1.14%   534 3160s
  7873  2023 9.7332e+10   92  263 9.6978e+10 9.8080e+10  1.14%   534 3174s
  7879  2027 9.7332e+10   98  238 9.6978e+10 9.8080e+10  1.14%   534 3175s
  7908  2008     cutoff   82      9.6978e+10 9.8080e+10  1.14%   534 3180s
  7942  2014 9.7495e+10  102  343 9.6978e+10 9.8080e+10  1.14%   532 3185s
  7970  2006 9.7025e+10   76  305 9.6978e+10 9.8080e+10  1.14%   532 3190s
  7991  2001 9.8080e+10   84  413 9.6978e+10 9.8080e+10  1.14%   533 3195s
  8025  1995 9.7495e+10   85  298 9.6978e+10 9.8080e+10  1.14%   532 3200s
  8050  1983 9.8080e+10  307  335 9.6978e+10 9.8080e+10  1.14%   532 3205s
  8086  1978 9.8080e+10   77  536 9.6978e+10 9.8080e+10  1.14%   531 3210s
  8114  1971     cutoff   91      9.6978e+10 9.8080e+10  1.14%   531 3215s
  8140  1961 9.8080e+10  303  332 9.6978e+10 9.8080e+10  1.14%   531 3220s
  8168  1947     cutoff  302      9.6978e+10 9.8080e+10  1.14%   530 3225s
  8193  1939     cutoff   79      9.6978e+10 9.8080e+10  1.14%   530 3230s
  8222  1919 9.8080e+10   81  474 9.6978e+10 9.8080e+10  1.14%   531 3235s
  8232  1915 9.8080e+10   55  635 9.6978e+10 9.8080e+10  1.14%   532 3240s
  8237  1916 9.7896e+10   59  447 9.6978e+10 9.8080e+10  1.14%   532 3245s
  8249  1909 9.8080e+10   57  423 9.6978e+10 9.8080e+10  1.14%   533 3253s
  8255  1909 9.7969e+10   59  373 9.6978e+10 9.8080e+10  1.14%   534 3255s
  8262  1902     cutoff   57      9.6978e+10 9.8080e+10  1.14%   535 3260s
  8289  1886     cutoff  293      9.6978e+10 9.8080e+10  1.14%   535 3265s
  8312  1872 9.7646e+10   84  344 9.6978e+10 9.8080e+10  1.14%   536 3270s
  8336  1858 9.8080e+10   63  611 9.6978e+10 9.8080e+10  1.14%   536 3275s
  8346  1853     cutoff   63      9.6978e+10 9.8080e+10  1.14%   537 3280s
  8360  1846 9.7560e+10   59  665 9.6978e+10 9.8080e+10  1.14%   538 3285s
  8366  1846 9.7424e+10   61  468 9.6978e+10 9.8080e+10  1.14%   539 3290s
  8375  1840     cutoff   59      9.6978e+10 9.8080e+10  1.14%   540 3295s
  8397  1843 9.7560e+10   71  386 9.6978e+10 9.8080e+10  1.14%   539 3300s
  8416  1833 9.8080e+10   68  543 9.6978e+10 9.8080e+10  1.14%   540 3306s
  8431  1827 9.8080e+10   70  384 9.6978e+10 9.8080e+10  1.14%   541 3310s
  8454  1817 9.7646e+10   72  380 9.6978e+10 9.8080e+10  1.14%   541 3341s
  8472  1809 9.8080e+10   66  558 9.6978e+10 9.8080e+10  1.14%   542 3345s
  8498  1786 infeasible  108      9.6978e+10 9.8080e+10  1.14%   544 3350s
  8506  1775 infeasible  100      9.6978e+10 9.8080e+10  1.14%   546 3358s
  8513  1768 infeasible   95      9.6978e+10 9.8080e+10  1.14%   547 3360s
  8531  1744     cutoff   77      9.6978e+10 9.8080e+10  1.14%   550 3365s
  8545  1735 9.7822e+10   71  656 9.6978e+10 9.8080e+10  1.14%   552 3370s
  8564  1722 9.7822e+10   64  600 9.6978e+10 9.8080e+10  1.14%   554 3375s
  8582  1706 9.7822e+10   54  650 9.6978e+10 9.8080e+10  1.14%   556 3380s
  8595  1697     cutoff   51      9.6978e+10 9.8080e+10  1.14%   557 3385s
  8625  1711 9.8080e+10   91  317 9.6978e+10 9.8080e+10  1.14%   556 3390s
  8667  1731 9.8080e+10  129  247 9.6978e+10 9.8080e+10  1.14%   554 3395s
  8722  1740 9.7896e+10  159  124 9.6978e+10 9.8080e+10  1.14%   551 3400s
  8737  1728 9.7494e+10   71  548 9.6978e+10 9.8080e+10  1.14%   552 3405s
  8784  1679 infeasible  118      9.6978e+10 9.8080e+10  1.14%   550 3410s
  8834  1651 9.7495e+10  104  375 9.6978e+10 9.8080e+10  1.14%   549 3415s
  8865  1634 9.7495e+10   96  368 9.6978e+10 9.8080e+10  1.14%   548 3429s
  8868  1632 9.7495e+10   95  403 9.6978e+10 9.8080e+10  1.14%   548 3430s
  8914  1602 9.7495e+10   81  287 9.6978e+10 9.8080e+10  1.14%   548 3435s
  8951  1579 9.7629e+10   68  473 9.6978e+10 9.8080e+10  1.14%   548 3440s
  8970  1565     cutoff   89      9.6978e+10 9.8080e+10  1.14%   550 3445s
  8984  1564 9.7794e+10   68  422 9.6978e+10 9.8080e+10  1.14%   550 3450s
  9008  1551 9.8080e+10   65  430 9.6978e+10 9.8080e+10  1.14%   550 3455s
  9028  1545 9.7300e+10  278  403 9.6978e+10 9.8080e+10  1.14%   551 3460s
  9051  1533     cutoff   69      9.6978e+10 9.8080e+10  1.14%   552 3465s
  9065  1528     cutoff   64      9.6978e+10 9.8080e+10  1.14%   552 3470s
  9088  1515 9.7857e+10   63  523 9.6978e+10 9.8080e+10  1.14%   553 3475s
  9105  1505 9.8080e+10   60  484 9.6978e+10 9.8080e+10  1.14%   555 3480s
  9121  1497 9.8080e+10   59  615 9.6978e+10 9.8080e+10  1.14%   555 3485s
  9143  1492 9.7300e+10  268  466 9.6978e+10 9.8080e+10  1.14%   556 3490s
  9161  1486 9.7712e+10   63  546 9.6978e+10 9.8080e+10  1.14%   557 3495s
  9183  1480 9.8080e+10   63  456 9.6978e+10 9.8080e+10  1.14%   557 3500s
  9200  1476     cutoff   65      9.6978e+10 9.8080e+10  1.14%   558 3505s
  9222  1467 9.8080e+10   57  611 9.6978e+10 9.8080e+10  1.14%   559 3513s
  9230  1467 9.7871e+10   59  452 9.6978e+10 9.8080e+10  1.14%   559 3515s
  9254  1453 9.8080e+10   47  930 9.6978e+10 9.8080e+10  1.14%   560 3586s
  9255  1454 9.8080e+10   48  797 9.6978e+10 9.8080e+10  1.14%   561 3594s

Cutting planes:
  Learned: 1
  Gomory: 5
  Lift-and-project: 3
  Cover: 564
  Implied bound: 296
  Clique: 66
  MIR: 37
  StrongCG: 5
  Flow cover: 384
  GUB cover: 7
  Inf proof: 12
  Zero half: 15
  RLT: 64
  Relax-and-lift: 40
  BQP: 3

Explored 9256 nodes (5602272 simplex iterations) in 3594.38 seconds (2197.41 work units)
Thread count was 1 (of 28 available processors)

Solution count 1: 9.6978e+10 

Time limit reached
Best objective 9.697800000000e+10, best bound 9.807960000000e+10, gap 1.1359%

User-callback calls 653789, time in user-callback 0.69 sec