Gurobi Optimizer version 12.0.3 build v12.0.3rc0 (linux64 - "Oracle Linux Server 9.4")

CPU model: Intel(R) Xeon(R) CPU E5-2660 v4 @ 2.00GHz, instruction set [SSE2|AVX|AVX2]
Thread count: 28 physical cores, 28 logical processors, using up to 1 threads

Non-default parameters:
TimeLimit  3599.194916738
SoftMemLimit  16
NumericFocus  1
Threads  1

Academic license 2690100 - for non-commercial use only - registered to ju___@uclm.es
Optimize a model with 2795 rows, 735 columns and 9510 nonzeros
Model fingerprint: 0xdb58889f
Variable types: 30 continuous, 705 integer (705 binary)
Coefficient statistics:
  Matrix range     [1e+00, 2e+13]
  Objective range  [3e+09, 7e+09]
  Bounds range     [1e+03, 1e+04]
  RHS range        [1e+00, 2e+14]
Warning: Model contains large matrix coefficient range
Warning: Model contains large objective coefficients
Warning: Model contains large rhs

Loaded user MIP start with objective 6.75216e+10

Presolve removed 515 rows and 17 columns
Presolve time: 0.07s
Presolved: 2280 rows, 718 columns, 8354 nonzeros
Variable types: 30 continuous, 688 integer (688 binary)

Root relaxation: objective 6.940800e+10, 412 iterations, 0.02 seconds (0.01 work units)

    Nodes    |    Current Node    |     Objective Bounds      |     Work
 Expl Unexpl |  Obj  Depth IntInf | Incumbent    BestBd   Gap | It/Node Time

     0     0 6.9408e+10    0   13 6.7522e+10 6.9408e+10  2.79%     -    0s
     0     0 6.9408e+10    0   32 6.7522e+10 6.9408e+10  2.79%     -    0s
     0     0 6.9408e+10    0   37 6.7522e+10 6.9408e+10  2.79%     -    0s
     0     0 6.9408e+10    0    8 6.7522e+10 6.9408e+10  2.79%     -    0s
     0     0 6.9408e+10    0   11 6.7522e+10 6.9408e+10  2.79%     -    0s
     0     0 6.9408e+10    0    9 6.7522e+10 6.9408e+10  2.79%     -    0s
     0     0 6.9408e+10    0    4 6.7522e+10 6.9408e+10  2.79%     -    0s
     0     0 6.9408e+10    0    4 6.7522e+10 6.9408e+10  2.79%     -    0s
     0     0 6.9408e+10    0    4 6.7522e+10 6.9408e+10  2.79%     -    0s
     0     0 6.9408e+10    0   12 6.7522e+10 6.9408e+10  2.79%     -    0s
     0     0 6.9408e+10    0    3 6.7522e+10 6.9408e+10  2.79%     -    0s
H    0     0                    6.940800e+10 6.9408e+10  0.00%     -    0s
     0     0 6.9408e+10    0    2 6.9408e+10 6.9408e+10  0.00%     -    0s

Cutting planes:
  Gomory: 1
  Cover: 5
  Implied bound: 2
  Flow cover: 7
  GUB cover: 1

Explored 1 nodes (5544 simplex iterations) in 0.57 seconds (0.29 work units)
Thread count was 1 (of 28 available processors)

Solution count 2: 6.9408e+10 6.75216e+10 

Optimal solution found (tolerance 1.00e-04)
Best objective 6.940800000000e+10, best bound 6.940800000000e+10, gap 0.0000%

User-callback calls 746, time in user-callback 0.00 sec