Gurobi Optimizer version 12.0.3 build v12.0.3rc0 (linux64 - "Oracle Linux Server 9.4")

CPU model: Intel(R) Xeon(R) CPU E5-2660 v4 @ 2.00GHz, instruction set [SSE2|AVX|AVX2]
Thread count: 28 physical cores, 28 logical processors, using up to 1 threads

Non-default parameters:
TimeLimit  3599.241926418
SoftMemLimit  16
NumericFocus  1
Threads  1

Academic license 2690100 - for non-commercial use only - registered to ju___@uclm.es
Optimize a model with 2795 rows, 735 columns and 9510 nonzeros
Model fingerprint: 0xd313cafa
Variable types: 30 continuous, 705 integer (705 binary)
Coefficient statistics:
  Matrix range     [1e+00, 2e+13]
  Objective range  [3e+09, 7e+09]
  Bounds range     [1e+03, 1e+04]
  RHS range        [1e+00, 2e+14]
Warning: Model contains large matrix coefficient range
Warning: Model contains large objective coefficients
Warning: Model contains large rhs

Loaded user MIP start with objective 5.8056e+10

Presolve removed 516 rows and 19 columns
Presolve time: 0.07s
Presolved: 2279 rows, 716 columns, 8265 nonzeros
Variable types: 30 continuous, 686 integer (686 binary)

Root relaxation: objective 5.807520e+10, 458 iterations, 0.02 seconds (0.01 work units)

    Nodes    |    Current Node    |     Objective Bounds      |     Work
 Expl Unexpl |  Obj  Depth IntInf | Incumbent    BestBd   Gap | It/Node Time

     0     0 5.8075e+10    0   21 5.8056e+10 5.8075e+10  0.03%     -    0s
     0     0 5.8075e+10    0   50 5.8056e+10 5.8075e+10  0.03%     -    0s
     0     0 5.8075e+10    0   49 5.8056e+10 5.8075e+10  0.03%     -    0s
H    0     0                    5.807520e+10 5.8075e+10  0.00%     -    0s
     0     0 5.8075e+10    0    2 5.8075e+10 5.8075e+10  0.00%     -    0s

Cutting planes:
  Learned: 7
  Gomory: 7
  Cover: 22
  Implied bound: 16
  Clique: 16
  MIR: 12
  Flow cover: 20
  GUB cover: 2
  Zero half: 1
  RLT: 7
  Relax-and-lift: 7
  PSD: 3

Explored 1 nodes (2191 simplex iterations) in 0.29 seconds (0.16 work units)
Thread count was 1 (of 28 available processors)

Solution count 2: 5.80752e+10 5.8056e+10 

Optimal solution found (tolerance 1.00e-04)
Best objective 5.807520000000e+10, best bound 5.807520000000e+10, gap 0.0000%

User-callback calls 619, time in user-callback 0.00 sec