Gurobi Optimizer version 12.0.3 build v12.0.3rc0 (linux64 - "Oracle Linux Server 9.4")

CPU model: Intel(R) Xeon(R) CPU E5-2660 v4 @ 2.00GHz, instruction set [SSE2|AVX|AVX2]
Thread count: 28 physical cores, 28 logical processors, using up to 1 threads

Non-default parameters:
TimeLimit  3599.347845679
SoftMemLimit  16
NumericFocus  1
Threads  1

Academic license 2690100 - for non-commercial use only - registered to ju___@uclm.es
Optimize a model with 1787 rows, 480 columns and 6060 nonzeros
Model fingerprint: 0x592722c2
Variable types: 24 continuous, 456 integer (456 binary)
Coefficient statistics:
  Matrix range     [1e+00, 2e+13]
  Objective range  [5e+09, 7e+09]
  Bounds range     [1e+03, 1e+04]
  RHS range        [1e+00, 2e+14]
Warning: Model contains large matrix coefficient range
Warning: Model contains large objective coefficients
Warning: Model contains large rhs

Loaded user MIP start with objective 7.04448e+10

Presolve removed 748 rows and 30 columns
Presolve time: 0.05s
Presolved: 1039 rows, 450 columns, 4450 nonzeros
Variable types: 24 continuous, 426 integer (426 binary)

Root relaxation: objective 7.125120e+10, 226 iterations, 0.00 seconds (0.00 work units)

    Nodes    |    Current Node    |     Objective Bounds      |     Work
 Expl Unexpl |  Obj  Depth IntInf | Incumbent    BestBd   Gap | It/Node Time

     0     0 7.1251e+10    0    2 7.0445e+10 7.1251e+10  1.14%     -    0s
H    0     0                    7.125120e+10 7.1251e+10  0.00%     -    0s
     0     0 7.1251e+10    0    2 7.1251e+10 7.1251e+10  0.00%     -    0s

Explored 1 nodes (668 simplex iterations) in 0.08 seconds (0.05 work units)
Thread count was 1 (of 28 available processors)

Solution count 2: 7.12512e+10 7.04448e+10 

Optimal solution found (tolerance 1.00e-04)
Best objective 7.125120000000e+10, best bound 7.125120000000e+10, gap 0.0000%

User-callback calls 567, time in user-callback 0.00 sec