Gurobi Optimizer version 12.0.3 build v12.0.3rc0 (linux64 - "Oracle Linux Server 9.4")

CPU model: Intel(R) Xeon(R) CPU E5-2660 v4 @ 2.00GHz, instruction set [SSE2|AVX|AVX2]
Thread count: 28 physical cores, 28 logical processors, using up to 1 threads

Non-default parameters:
TimeLimit  3592.750002523
SoftMemLimit  16
NumericFocus  1
Threads  1

Academic license 2690100 - for non-commercial use only - registered to ju___@uclm.es
Optimize a model with 114473 rows, 26353 columns and 448849 nonzeros
Model fingerprint: 0x4eb2f0c3
Variable types: 178 continuous, 26175 integer (26175 binary)
Coefficient statistics:
  Matrix range     [1e+00, 8e+12]
  Objective range  [3e+08, 1e+09]
  Bounds range     [1e+03, 1e+04]
  RHS range        [1e+00, 2e+14]
Warning: Model contains large matrix coefficient range
Warning: Model contains large objective coefficients
Warning: Model contains large rhs

Loaded user MIP start with objective 9.03125e+10

Presolve removed 50073 rows and 9868 columns (presolve time = 5s)...
Presolve removed 51277 rows and 10228 columns (presolve time = 10s)...
Presolve removed 52381 rows and 10605 columns
Presolve time: 11.96s
Presolved: 62092 rows, 15748 columns, 213784 nonzeros
Variable types: 166 continuous, 15582 integer (15582 binary)
Root relaxation presolved: 62092 rows, 15748 columns, 213784 nonzeros


Root simplex log...

Iteration    Objective       Primal Inf.    Dual Inf.      Time
       0    9.5262540e+10   4.754905e+04   0.000000e+00     13s
    8476    9.5211795e+10   7.092706e+05   0.000000e+00     15s
   15353    9.5172486e+10   0.000000e+00   0.000000e+00     18s

Root relaxation: objective 9.517249e+10, 15353 iterations, 5.41 seconds (4.38 work units)
Total elapsed time = 20.31s (DegenMoves)

    Nodes    |    Current Node    |     Objective Bounds      |     Work
 Expl Unexpl |  Obj  Depth IntInf | Incumbent    BestBd   Gap | It/Node Time

     0     0 9.5172e+10    0  501 9.0313e+10 9.5172e+10  5.38%     -   23s
     0     0 9.5172e+10    0  960 9.0313e+10 9.5172e+10  5.38%     -   34s
     0     0 9.5172e+10    0  832 9.0313e+10 9.5172e+10  5.38%     -   35s
     0     0 9.5172e+10    0  897 9.0313e+10 9.5172e+10  5.38%     -   45s
     0     0 9.5172e+10    0  937 9.0313e+10 9.5172e+10  5.38%     -   50s
     0     0 9.5172e+10    0 1016 9.0313e+10 9.5172e+10  5.38%     -   57s
     0     0 9.5172e+10    0 1001 9.0313e+10 9.5172e+10  5.38%     -   63s
     0     0 9.5172e+10    0  909 9.0313e+10 9.5172e+10  5.38%     -   72s
H    0     0                    9.031254e+10 9.5172e+10  5.38%     -   75s
     0     0 9.5172e+10    0 1026 9.0313e+10 9.5172e+10  5.38%     -   81s
     0     0 9.5067e+10    0  665 9.0313e+10 9.5067e+10  5.26%     -   93s
     0     0 9.5067e+10    0  860 9.0313e+10 9.5067e+10  5.26%     -   99s
     0     0 9.5067e+10    0  919 9.0313e+10 9.5067e+10  5.26%     -  107s
     0     0 9.5067e+10    0  788 9.0313e+10 9.5067e+10  5.26%     -  109s
     0     0 9.5067e+10    0 1053 9.0313e+10 9.5067e+10  5.26%     -  118s
     0     0 9.5067e+10    0 1091 9.0313e+10 9.5067e+10  5.26%     -  128s
     0     0 9.5067e+10    0  855 9.0313e+10 9.5067e+10  5.26%     -  138s
     0     0 9.5067e+10    0 1006 9.0313e+10 9.5067e+10  5.26%     -  144s
     0     0 9.5038e+10    0  932 9.0313e+10 9.5038e+10  5.23%     -  153s
     0     0 9.5038e+10    0 1053 9.0313e+10 9.5038e+10  5.23%     -  161s
     0     0 9.5038e+10    0 1011 9.0313e+10 9.5038e+10  5.23%     -  168s
     0     0 9.5038e+10    0 1017 9.0313e+10 9.5038e+10  5.23%     -  179s
     0     0 9.5038e+10    0  930 9.0313e+10 9.5038e+10  5.23%     -  190s
     0     0 9.5038e+10    0  845 9.0313e+10 9.5038e+10  5.23%     -  192s
     0     2 9.4804e+10    0  842 9.0313e+10 9.4804e+10  4.97%     -  210s
     7     9 9.4729e+10    4  746 9.0313e+10 9.4804e+10  4.97%  2030  215s
    26    28 9.2383e+10   19  388 9.0313e+10 9.4804e+10  4.97%   790  222s
    28    30 9.2383e+10   20  293 9.0313e+10 9.4804e+10  4.97%   767  225s
    63    65 9.2383e+10   37  438 9.0313e+10 9.4804e+10  4.97%   550  230s
    89    91 9.2383e+10   51  435 9.0313e+10 9.4804e+10  4.97%   505  235s
   113   109     cutoff   64      9.0313e+10 9.4804e+10  4.97%   562  240s
   138   134 9.2383e+10   77  418 9.0313e+10 9.4804e+10  4.97%   588  245s
   169   163 9.2383e+10   99  328 9.0313e+10 9.4804e+10  4.97%   534  250s
   198   191 9.2383e+10  115  347 9.0313e+10 9.4804e+10  4.97%   536  255s
   229   218 9.2383e+10  130  302 9.0313e+10 9.4804e+10  4.97%   498  260s
   274   243 9.2383e+10  156  236 9.0313e+10 9.4804e+10  4.97%   419  265s
   301   255 9.2383e+10  171  226 9.0313e+10 9.4804e+10  4.97%   383  275s
   304   254 9.2383e+10  172  227 9.0313e+10 9.4804e+10  4.97%   379  285s
   388   284 9.2383e+10  217  165 9.0313e+10 9.4804e+10  4.97%   308  290s
   433   316 9.1694e+10   31  355 9.0313e+10 9.4804e+10  4.97%   298  295s
   482   354 9.2383e+10   16  509 9.0313e+10 9.4804e+10  4.97%   289  300s
   532   404 9.2383e+10   50  422 9.0313e+10 9.4804e+10  4.97%   290  305s
   591   462 9.2383e+10   15  845 9.0313e+10 9.4804e+10  4.97%   284  332s
   593   463 9.2383e+10   52  686 9.0313e+10 9.4804e+10  4.97%   283  355s
   594   464 9.2383e+10   86  788 9.0313e+10 9.4804e+10  4.97%   283  380s
   595   465 9.2383e+10   30  999 9.0313e+10 9.4804e+10  4.97%   282  389s
   596   465 9.2383e+10   75  950 9.0313e+10 9.4804e+10  4.97%   282  392s
   597   466 9.2383e+10   79 1080 9.0313e+10 9.4804e+10  4.97%   282  400s
   598   467 9.4576e+10   18 1002 9.0313e+10 9.4804e+10  4.97%   281  405s
   599   467 9.4574e+10   27  942 9.0313e+10 9.4804e+10  4.97%   281  417s
   600   468 9.2383e+10   42  894 9.0313e+10 9.4804e+10  4.97%   280  423s
   601   469 9.2383e+10   13  922 9.0313e+10 9.4804e+10  4.97%   280  427s
   602   469 9.2383e+10   12  934 9.0313e+10 9.4804e+10  4.97%   279  442s
   603   470 9.2383e+10  109 1346 9.0313e+10 9.4804e+10  4.97%   279  459s
   604   471 9.2383e+10   94  934 9.0313e+10 9.4804e+10  4.97%   278  474s
   605   471 9.2383e+10   38 1418 9.0313e+10 9.4804e+10  4.97%   278  480s
   606   472 9.2383e+10   21 1167 9.0313e+10 9.4804e+10  4.97%   277  486s
   607   473 9.2383e+10   71  841 9.0313e+10 9.4804e+10  4.97%   277  501s
   608   473 9.2383e+10  146  938 9.0313e+10 9.4804e+10  4.97%   276  513s
   609   474 9.2383e+10  136 1058 9.0313e+10 9.4804e+10  4.97%   276  527s
   610   475 9.2383e+10   55 1162 9.0313e+10 9.4804e+10  4.97%   276  543s
   611   475 9.2383e+10   26 1149 9.0313e+10 9.4804e+10  4.97%   275  559s
   612   476 9.2383e+10  113 1034 9.0313e+10 9.4804e+10  4.97%   275  577s
   613   477 9.2383e+10   74 1034 9.0313e+10 9.4804e+10  4.97%   274  602s
   614   479 9.4804e+10   13  866 9.0313e+10 9.4804e+10  4.97%   684  620s
   620   483 9.4651e+10   19  575 9.0313e+10 9.4804e+10  4.97%   689  625s
   640   497 9.3121e+10   36  475 9.0313e+10 9.4804e+10  4.97%   679  636s
   667   515 9.3112e+10   57  447 9.0313e+10 9.4804e+10  4.97%   666  642s
   686   521 9.3006e+10   73  668 9.0313e+10 9.4804e+10  4.97%   652  645s
   701   527 9.3006e+10   81  431 9.0313e+10 9.4804e+10  4.97%   663  650s
   722   537 infeasible   93      9.0313e+10 9.4804e+10  4.97%   656  655s
   744   537 9.4804e+10   15  805 9.0313e+10 9.4804e+10  4.97%   656  661s
   757   546 9.4576e+10   27  425 9.0313e+10 9.4804e+10  4.97%   653  665s
   775   558 9.3121e+10   42  374 9.0313e+10 9.4804e+10  4.97%   640  674s
   776   558 9.3121e+10   43  364 9.0313e+10 9.4804e+10  4.97%   639  675s
   798   573 9.3117e+10   61  489 9.0313e+10 9.4804e+10  4.97%   632  680s
   817   586 9.3117e+10   74  368 9.0313e+10 9.4804e+10  4.97%   623  685s
H  829   566                    9.058254e+10 9.4804e+10  4.66%   618  688s
   838   573 9.3115e+10   90  346 9.0583e+10 9.4804e+10  4.66%   616  690s
   865   591 9.3115e+10  104  341 9.0583e+10 9.4804e+10  4.66%   612  695s
   902   603 9.1483e+10  124  401 9.0583e+10 9.4804e+10  4.66%   594  700s
   912   606 9.1483e+10  131  345 9.0583e+10 9.4804e+10  4.66%   587  711s
   936   608 infeasible  145      9.0583e+10 9.4804e+10  4.66%   578  715s
   946   611 9.4586e+10   23  549 9.0583e+10 9.4804e+10  4.66%   577  720s
   966   624 9.3121e+10   38  508 9.0583e+10 9.4804e+10  4.66%   575  731s
   997   645 9.3117e+10   66  356 9.0583e+10 9.4804e+10  4.66%   560  735s
  1030   654 9.3065e+10   88  363 9.0583e+10 9.4804e+10  4.66%   557  740s
  1059   670 9.3115e+10  109  360 9.0583e+10 9.4804e+10  4.66%   552  745s
  1097   675 9.4651e+10   22  471 9.0583e+10 9.4804e+10  4.66%   544  750s
  1119   690 9.3125e+10   40  409 9.0583e+10 9.4804e+10  4.66%   545  755s
  1130   697 9.3125e+10   47  431 9.0583e+10 9.4804e+10  4.66%   544  763s
  1135   701 9.3125e+10   50  403 9.0583e+10 9.4804e+10  4.66%   545  765s
  1156   715 9.3125e+10   63  400 9.0583e+10 9.4804e+10  4.66%   545  770s
  1183   733 9.3125e+10   77  419 9.0583e+10 9.4804e+10  4.66%   545  775s
  1212   752 9.2765e+10   93  375 9.0583e+10 9.4804e+10  4.66%   544  780s
  1246   753 9.4576e+10   27  420 9.0583e+10 9.4804e+10  4.66%   536  785s
  1264   765 9.3125e+10   41  459 9.0583e+10 9.4804e+10  4.66%   542  790s
  1287   778 9.3125e+10   61  448 9.0583e+10 9.4804e+10  4.66%   541  795s
  1312   794 9.3125e+10   74  377 9.0583e+10 9.4804e+10  4.66%   541  800s
  1332   807 9.3125e+10   85  406 9.0583e+10 9.4804e+10  4.66%   541  805s
  1358   818 9.2704e+10  102  321 9.0583e+10 9.4804e+10  4.66%   538  810s
  1390   827 9.3121e+10   32  414 9.0583e+10 9.4804e+10  4.66%   531  815s
  1416   836 9.4586e+10   25  420 9.0583e+10 9.4804e+10  4.66%   527  820s
  1445   855 9.3125e+10   49  302 9.0583e+10 9.4804e+10  4.66%   525  825s
  1463   867 9.3125e+10   58  645 9.0583e+10 9.4804e+10  4.66%   538  830s
  1480   879 9.3125e+10   67  622 9.0583e+10 9.4804e+10  4.66%   544  835s
  1498   891 9.3125e+10   79  567 9.0583e+10 9.4804e+10  4.66%   547  840s
  1504   895 9.2681e+10   84  400 9.0583e+10 9.4804e+10  4.66%   548  850s
  1534   888 9.2225e+10   88  482 9.0583e+10 9.4804e+10  4.66%   546  855s
  1558   898 9.3464e+10   33  463 9.0583e+10 9.4804e+10  4.66%   543  860s
  1608   929 9.3193e+10   64  312 9.0583e+10 9.4804e+10  4.66%   534  865s
  1657   954 9.3193e+10   92  348 9.0583e+10 9.4804e+10  4.66%   527  870s
  1677   956 9.4576e+10   25  477 9.0583e+10 9.4804e+10  4.66%   525  875s
  1703   971 9.4240e+10   35  529 9.0583e+10 9.4804e+10  4.66%   522  880s
  1753  1004 9.2299e+10   77  307 9.0583e+10 9.4804e+10  4.66%   512  885s
  1797  1030 9.2299e+10   98  344 9.0583e+10 9.4804e+10  4.66%   512  890s
  1828  1045 9.2299e+10  107  368 9.0583e+10 9.4804e+10  4.66%   511  895s
  1850  1059 9.2299e+10  109  364 9.0583e+10 9.4804e+10  4.66%   513  900s
  1877  1077 9.2299e+10  115  320 9.0583e+10 9.4804e+10  4.66%   516  905s
  1912  1097 9.2299e+10  136  293 9.0583e+10 9.4804e+10  4.66%   513  910s
  1940  1111 9.2299e+10  149  312 9.0583e+10 9.4804e+10  4.66%   511  915s
  1971  1127 9.2299e+10  163  299 9.0583e+10 9.4804e+10  4.66%   509  920s
  1999  1146 9.2299e+10  169  265 9.0583e+10 9.4804e+10  4.66%   506  925s
  2037  1178 9.2299e+10  179  248 9.0583e+10 9.4804e+10  4.66%   499  930s
  2083  1196 9.4804e+10   14  826 9.0583e+10 9.4804e+10  4.66%   491  936s
  2094  1206 9.4651e+10   24  518 9.0583e+10 9.4804e+10  4.66%   491  940s
  2107  1218 9.1630e+10   29  533 9.0583e+10 9.4804e+10  4.66%   498  945s
  2135  1237 9.3117e+10   51  319 9.0583e+10 9.4804e+10  4.66%   495  950s
  2167  1265 9.2994e+10   76  307 9.0583e+10 9.4804e+10  4.66%   490  956s
  2195  1293 9.2994e+10  104  354 9.0583e+10 9.4804e+10  4.66%   484  960s
  2232  1330 9.2994e+10  126  341 9.0583e+10 9.4804e+10  4.66%   478  965s
  2268  1366 9.2994e+10  137  275 9.0583e+10 9.4804e+10  4.66%   473  970s
  2290  1388 9.2994e+10  144  260 9.0583e+10 9.4804e+10  4.66%   472  975s
  2294  1392 9.2994e+10  146  266 9.0583e+10 9.4804e+10  4.66%   472 1004s
  2295  1393 9.2994e+10  145  254 9.0583e+10 9.4804e+10  4.66%   471 1007s
  2302  1400 9.2994e+10  147  266 9.0583e+10 9.4804e+10  4.66%   471 1010s
  2325  1421 9.2994e+10  152  300 9.0583e+10 9.4804e+10  4.66%   469 1015s
  2350  1446 9.2994e+10  159  250 9.0583e+10 9.4804e+10  4.66%   468 1020s
  2377  1473 9.2994e+10  166  216 9.0583e+10 9.4804e+10  4.66%   466 1025s
  2389  1485 9.2994e+10  170  248 9.0583e+10 9.4804e+10  4.66%   467 1034s
  2392  1488 9.2994e+10  170  213 9.0583e+10 9.4804e+10  4.66%   467 1035s
  2413  1509 9.2994e+10  178  209 9.0583e+10 9.4804e+10  4.66%   467 1040s
  2435  1527 9.2994e+10  187  211 9.0583e+10 9.4804e+10  4.66%   466 1045s
  2470  1561 9.2994e+10  195  230 9.0583e+10 9.4804e+10  4.66%   462 1050s
  2496  1583 9.2994e+10  198  225 9.0583e+10 9.4804e+10  4.66%   461 1055s
  2526  1599 9.4804e+10   15  779 9.0583e+10 9.4804e+10  4.66%   459 1061s
  2536  1609 9.2993e+10   23  473 9.0583e+10 9.4804e+10  4.66%   460 1065s
  2564  1637 9.2923e+10   44  405 9.0583e+10 9.4804e+10  4.66%   457 1070s
  2593  1666 9.2923e+10   64  329 9.0583e+10 9.4804e+10  4.66%   456 1075s
  2611  1684 9.2923e+10   73  458 9.0583e+10 9.4804e+10  4.66%   460 1080s
  2643  1716 9.2923e+10   96  401 9.0583e+10 9.4804e+10  4.66%   457 1085s
  2679  1750 9.2923e+10  113  440 9.0583e+10 9.4804e+10  4.66%   453 1090s
  2715  1762 9.4804e+10   18  470 9.0583e+10 9.4804e+10  4.66%   450 1095s
  2736  1783 9.4576e+10   27  426 9.0583e+10 9.4804e+10  4.66%   451 1100s
  2774  1821 9.2769e+10   55  289 9.0583e+10 9.4804e+10  4.66%   448 1105s
  2800  1821 9.3486e+10   23  469 9.0583e+10 9.4651e+10  4.49%   450 1110s
  2835  1852     cutoff   51      9.0583e+10 9.4651e+10  4.49%   448 1115s
  2872  1877 9.3464e+10   36  666 9.0583e+10 9.4651e+10  4.49%   445 1120s
  2902  1907 9.3402e+10   61  526 9.0583e+10 9.4651e+10  4.49%   443 1125s
  2921  1918 9.4651e+10   23  351 9.0583e+10 9.4651e+10  4.49%   441 1130s
  2957  1950 9.2383e+10   48  402 9.0583e+10 9.4651e+10  4.49%   440 1135s
  2958  1951 9.2383e+10   49  350 9.0583e+10 9.4651e+10  4.49%   440 1152s
  2972  1965 9.1307e+10   55  462 9.0583e+10 9.4651e+10  4.49%   440 1155s
  3015  2004 9.1097e+10   80  276 9.0583e+10 9.4651e+10  4.49%   435 1160s
  3102  2089 9.1097e+10  115  278 9.0583e+10 9.4651e+10  4.49%   426 1165s
  3169  2155 9.1097e+10  133  240 9.0583e+10 9.4651e+10  4.49%   419 1170s
  3200  2174 9.1097e+10  139  327 9.0583e+10 9.4651e+10  4.49%   416 1175s
  3254  2208 infeasible  155      9.0583e+10 9.4651e+10  4.49%   411 1180s
  3312  2260 9.1097e+10  168  198 9.0583e+10 9.4651e+10  4.49%   405 1185s
  3358  2290 9.1097e+10  178  171 9.0583e+10 9.4651e+10  4.49%   400 1190s
  3422  2340 9.0636e+10   29  572 9.0583e+10 9.4651e+10  4.49%   395 1195s
  3484  2400 9.0933e+10   86  231 9.0583e+10 9.4651e+10  4.49%   390 1200s
  3553  2469 9.0933e+10  155  271 9.0583e+10 9.4651e+10  4.49%   384 1205s
  3609  2513 9.4651e+10   19  446 9.0583e+10 9.4651e+10  4.49%   379 1210s
  3649  2552 9.2847e+10   49  268 9.0583e+10 9.4651e+10  4.49%   377 1215s
  3686  2582 9.2851e+10   43  350 9.0583e+10 9.4651e+10  4.49%   378 1220s
  3727  2611 9.3464e+10   30  364 9.0583e+10 9.4651e+10  4.49%   376 1225s
  3771  2643 9.1307e+10   44  317 9.0583e+10 9.4651e+10  4.49%   375 1230s
  3819  2677 9.2026e+10   27  355 9.0583e+10 9.4651e+10  4.49%   371 1235s
  3868  2721 9.1055e+10   60  241 9.0583e+10 9.4651e+10  4.49%   369 1240s
  3938  2765 9.4651e+10   26  443 9.0583e+10 9.4651e+10  4.49%   365 1245s
  3978  2797 9.1955e+10   41  385 9.0583e+10 9.4651e+10  4.49%   364 1250s
  4034  2850 9.1055e+10   89  308 9.0583e+10 9.4651e+10  4.49%   361 1255s
  4097  2913 9.1055e+10  150  292 9.0583e+10 9.4651e+10  4.49%   357 1260s
  4176  2989 9.1055e+10  227  245 9.0583e+10 9.4651e+10  4.49%   350 1265s
  4210  3008 9.2851e+10   35  343 9.0583e+10 9.4651e+10  4.49%   350 1270s
  4258  3035 9.4651e+10   25  489 9.0583e+10 9.4651e+10  4.49%   350 1275s
  4305  3066 9.0601e+10   42  282 9.0583e+10 9.4651e+10  4.49%   349 1280s
  4338  3087 9.3193e+10   39  379 9.0583e+10 9.4651e+10  4.49%   350 1285s
  4351  3090 9.3473e+10   26  391 9.0583e+10 9.4651e+10  4.49%   354 1290s
  4432  3171 9.2383e+10  107  313 9.0583e+10 9.4651e+10  4.49%   348 1295s
  4508  3246 9.2383e+10  183  283 9.0583e+10 9.4651e+10  4.49%   343 1300s
  4585  3310 9.3473e+10   27  372 9.0583e+10 9.4651e+10  4.49%   338 1305s
  4638  3359 9.1123e+10   64  351 9.0583e+10 9.4651e+10  4.49%   337 1310s
  4717  3438 9.2023e+10  139  306 9.0583e+10 9.4651e+10  4.49%   333 1315s
  4765  3476 9.1055e+10   45  284 9.0583e+10 9.4651e+10  4.49%   332 1320s
  4826  3537 9.1055e+10  104  305 9.0583e+10 9.4651e+10  4.49%   329 1325s
  4880  3571 9.3486e+10   23  389 9.0583e+10 9.4651e+10  4.49%   327 1330s
  4906  3597 9.2383e+10   44  298 9.0583e+10 9.4651e+10  4.49%   327 1335s
  4982  3673 9.2383e+10  118  290 9.0583e+10 9.4651e+10  4.49%   323 1340s
  5060  3744 9.1097e+10  181  291 9.0583e+10 9.4651e+10  4.49%   320 1345s
  5101  3775 9.1097e+10  214  281 9.0583e+10 9.4651e+10  4.49%   318 1359s
  5106  3780 9.1097e+10  219  317 9.0583e+10 9.4651e+10  4.49%   317 1360s
  5156  3814 9.2383e+10   30  429 9.0583e+10 9.4651e+10  4.49%   317 1365s
  5203  3843 9.4651e+10   22  662 9.0583e+10 9.4651e+10  4.49%   316 1370s
  5227  3864 9.1358e+10   35  475 9.0583e+10 9.4651e+10  4.49%   319 1375s
  5276  3899 9.4586e+10   26  436 9.0583e+10 9.4651e+10  4.49%   318 1380s
  5324  3934 9.4651e+10   23  606 9.0583e+10 9.4651e+10  4.49%   317 1385s
  5381  3981 9.3486e+10   27  389 9.0583e+10 9.4651e+10  4.49%   315 1390s
  5452  4052 9.2383e+10   96  292 9.0583e+10 9.4651e+10  4.49%   313 1395s
  5507  4105 9.1305e+10  139  291 9.0583e+10 9.4651e+10  4.49%   312 1400s
  5574  4140 9.4651e+10   23  453 9.0583e+10 9.4651e+10  4.49%   309 1405s
  5622  4179 9.1307e+10   59  300 9.0583e+10 9.4651e+10  4.49%   309 1410s
  5667  4215 9.1358e+10   35  475 9.0583e+10 9.4651e+10  4.49%   309 1415s
  5709  4241 9.3486e+10   27  364 9.0583e+10 9.4651e+10  4.49%   309 1420s
  5750  4264 9.2383e+10   32  285 9.0583e+10 9.4651e+10  4.49%   310 1425s
  5816  4323 9.1302e+10   90  337 9.0583e+10 9.4651e+10  4.49%   308 1430s
  5875  4369 9.1356e+10   38  287 9.0583e+10 9.4651e+10  4.49%   307 1435s
  5907  4397 9.1305e+10   64  253 9.0583e+10 9.4651e+10  4.49%   306 1464s
  5918  4406 9.1305e+10   73  253 9.0583e+10 9.4651e+10  4.49%   306 1465s
  5944  4412 9.4651e+10   27  558 9.0583e+10 9.4651e+10  4.49%   306 1470s
  5972  4430 9.2383e+10   25  545 9.0583e+10 9.4651e+10  4.49%   307 1475s
  6027  4479 9.1307e+10   66  284 9.0583e+10 9.4651e+10  4.49%   305 1480s
  6063  4494 9.2383e+10   37  450 9.0583e+10 9.4651e+10  4.49%   306 1485s
  6128  4545 9.2383e+10   22  411 9.0583e+10 9.4651e+10  4.49%   304 1490s
  6170  4579 9.1299e+10   55  345 9.0583e+10 9.4651e+10  4.49%   304 1495s
  6229  4620 9.2800e+10   29  501 9.0583e+10 9.4651e+10  4.49%   303 1500s
  6271  4652 9.2092e+10   21  465 9.0583e+10 9.4651e+10  4.49%   303 1505s
  6316  4673 9.2916e+10   31  467 9.0583e+10 9.4651e+10  4.49%   302 1510s
  6363  4720 9.2023e+10   73  296 9.0583e+10 9.4651e+10  4.49%   302 1515s
  6397  4743 9.4651e+10   23  547 9.0583e+10 9.4651e+10  4.49%   301 1520s
  6437  4778 9.2851e+10   51  331 9.0583e+10 9.4651e+10  4.49%   301 1525s
  6476  4806 9.1754e+10   36  420 9.0583e+10 9.4651e+10  4.49%   302 1530s
  6530  4835     cutoff   44      9.0583e+10 9.4651e+10  4.49%   301 1535s
  6579  4864 9.3117e+10   56  333 9.0583e+10 9.4651e+10  4.49%   300 1540s
  6651  4916 9.3473e+10   29  375 9.0583e+10 9.4651e+10  4.49%   298 1545s
  6692  4953 9.3117e+10   51  346 9.0583e+10 9.4651e+10  4.49%   297 1550s
  6729  4973 9.0908e+10   35  249 9.0583e+10 9.4651e+10  4.49%   297 1555s
  6751  4987 9.3146e+10   29  394 9.0583e+10 9.4651e+10  4.49%   297 1560s
  6796  5015 9.4651e+10   23  587 9.0583e+10 9.4651e+10  4.49%   297 1565s
  6823  5038 9.1307e+10   37  388 9.0583e+10 9.4651e+10  4.49%   299 1570s
  6866  5069 9.2933e+10   28  653 9.0583e+10 9.4651e+10  4.49%   299 1575s
  6907  5103 9.0775e+10   56  442 9.0583e+10 9.4651e+10  4.49%   298 1580s
  6929  5114 9.2923e+10   34  467 9.0583e+10 9.4651e+10  4.49%   299 1585s
  6975  5160 9.2923e+10   78  477 9.0583e+10 9.4651e+10  4.49%   298 1590s
  7013  5195 9.2923e+10  103  427 9.0583e+10 9.4651e+10  4.49%   298 1595s
  7042  5208 9.2383e+10   29  347 9.0583e+10 9.4651e+10  4.49%   299 1600s
  7122  5285 9.1097e+10  103  287 9.0583e+10 9.4651e+10  4.49%   297 1605s
  7208  5369 9.1097e+10  187  275 9.0583e+10 9.4651e+10  4.49%   294 1610s
  7305  5464 9.1097e+10  282  221 9.0583e+10 9.4651e+10  4.49%   290 1615s
  7348  5477 9.1097e+10  297  298 9.0583e+10 9.4651e+10  4.49%   290 1620s
  7376  5488 9.1358e+10   30  439 9.0583e+10 9.4651e+10  4.49%   290 1625s
  7419  5528 9.0994e+10   70  344 9.0583e+10 9.4651e+10  4.49%   290 1630s
  7508  5617 9.0994e+10  159  312 9.0583e+10 9.4651e+10  4.49%   287 1635s
  7536  5629 9.2383e+10   22  487 9.0583e+10 9.4651e+10  4.49%   287 1640s
  7569  5653 9.4651e+10   22  664 9.0583e+10 9.4651e+10  4.49%   286 1645s
  7593  5677 9.1358e+10   44  284 9.0583e+10 9.4651e+10  4.49%   286 1650s
  7647  5719 9.2072e+10   25  553 9.0583e+10 9.4651e+10  4.49%   286 1655s
  7692  5740 9.0653e+10   43  301 9.0583e+10 9.4651e+10  4.49%   286 1660s
  7719  5763 9.1307e+10   43  306 9.0583e+10 9.4651e+10  4.49%   287 1665s
  7747  5785 9.0994e+10   66  323 9.0583e+10 9.4651e+10  4.49%   286 1670s
  7775  5801 9.3125e+10   33  355 9.0583e+10 9.4651e+10  4.49%   286 1675s
  7820  5829 9.4651e+10   26  589 9.0583e+10 9.4651e+10  4.49%   286 1680s
  7856  5856     cutoff   45      9.0583e+10 9.4651e+10  4.49%   287 1685s
  7925  5922 9.1685e+10  111  261 9.0583e+10 9.4651e+10  4.49%   285 1690s
  7982  5964 9.0649e+10   63  252 9.0583e+10 9.4651e+10  4.49%   284 1695s
  8071  6053 9.0649e+10  152  280 9.0583e+10 9.4651e+10  4.49%   281 1700s
  8118  6085 9.3823e+10   27  530 9.0583e+10 9.4651e+10  4.49%   281 1705s
  8144  6103 9.4335e+10   24  648 9.0583e+10 9.4651e+10  4.49%   282 1710s
  8199  6145 9.2023e+10   76  384 9.0583e+10 9.4651e+10  4.49%   281 1715s
  8255  6184 9.0597e+10   57  267 9.0583e+10 9.4651e+10  4.49%   280 1720s
  8346  6272 9.0597e+10  143  359 9.0583e+10 9.4651e+10  4.49%   278 1725s
  8435  6360 9.0597e+10  232  277 9.0583e+10 9.4651e+10  4.49%   275 1730s
  8478  6389 9.4651e+10   26  467 9.0583e+10 9.4651e+10  4.49%   274 1735s
  8531  6437 9.3115e+10   67  293 9.0583e+10 9.4651e+10  4.49%   273 1740s
  8609  6500 9.2056e+10  134  311 9.0583e+10 9.4651e+10  4.49%   272 1745s
  8646  6526 9.3732e+10   35  432 9.0583e+10 9.4651e+10  4.49%   272 1750s
  8720  6596 9.1685e+10   96  283 9.0583e+10 9.4651e+10  4.49%   271 1755s
  8771  6631 9.0649e+10   38  415 9.0583e+10 9.4651e+10  4.49%   270 1760s
  8835  6681 infeasible   77      9.0583e+10 9.4651e+10  4.49%   270 1765s
  8879  6721 9.0597e+10  101  323 9.0583e+10 9.4651e+10  4.49%   270 1770s
  8940  6766 9.0597e+10  132  218 9.0583e+10 9.4651e+10  4.49%   269 1775s
  8990  6814 9.0597e+10  157  160 9.0583e+10 9.4651e+10  4.49%   268 1780s
  9046  6850 9.0597e+10  183  128 9.0583e+10 9.4651e+10  4.49%   266 1785s
  9099  6873 infeasible  202      9.0583e+10 9.4651e+10  4.49%   265 1790s
  9142  6880 9.2438e+10   28  445 9.0583e+10 9.4651e+10  4.49%   264 1795s
  9177  6915 9.1753e+10   54  348 9.0583e+10 9.4651e+10  4.49%   264 1800s
  9217  6943     cutoff   86      9.0583e+10 9.4651e+10  4.49%   264 1805s
  9243  6962 9.3121e+10   37  437 9.0583e+10 9.4651e+10  4.49%   264 1810s
  9272  6979 9.3468e+10   32  432 9.0583e+10 9.4651e+10  4.49%   263 1815s
  9301  7003 9.2846e+10   54  408 9.0583e+10 9.4651e+10  4.49%   263 1820s
  9308  7004     cutoff   56      9.0583e+10 9.4651e+10  4.49%   264 1825s
  9330  7016 9.3463e+10   32  436 9.0583e+10 9.4651e+10  4.49%   265 1830s
  9363  7041 9.3463e+10   30  449 9.0583e+10 9.4651e+10  4.49%   265 1835s
  9419  7083 9.4651e+10   24  758 9.0583e+10 9.4651e+10  4.49%   265 1841s
  9451  7111 9.1305e+10   53  466 9.0583e+10 9.4651e+10  4.49%   265 1845s
  9482  7129 9.1668e+10   37  369 9.0583e+10 9.4651e+10  4.49%   265 1850s
  9507  7144 9.4651e+10   24  628 9.0583e+10 9.4651e+10  4.49%   265 1855s
  9539  7168 9.2383e+10   44  387 9.0583e+10 9.4651e+10  4.49%   265 1860s
  9581  7200 9.3119e+10   29  326 9.0583e+10 9.4651e+10  4.49%   266 1865s
  9644  7241 9.2383e+10   22  484 9.0583e+10 9.4651e+10  4.49%   265 1870s
  9686  7269 9.4651e+10   25  689 9.0583e+10 9.4651e+10  4.49%   265 1875s
  9728  7305 9.1753e+10   42  379 9.0583e+10 9.4651e+10  4.49%   265 1880s
  9776  7342 9.0597e+10   63  243 9.0583e+10 9.4651e+10  4.49%   265 1885s
  9838  7391 9.1955e+10   30  396 9.0583e+10 9.4651e+10  4.49%   264 1890s
  9911  7462 9.1055e+10  100  320 9.0583e+10 9.4651e+10  4.49%   263 1895s
  9973  7524 9.1055e+10  156  270 9.0583e+10 9.4651e+10  4.49%   262 1900s
 10012  7536 9.4651e+10   21  749 9.0583e+10 9.4651e+10  4.49%   261 1905s
 10054  7578 9.2383e+10   63  293 9.0583e+10 9.4651e+10  4.49%   261 1910s
 10122  7628 9.2383e+10   24  492 9.0583e+10 9.4651e+10  4.49%   260 1915s
 10172  7676 9.0597e+10   69  283 9.0583e+10 9.4651e+10  4.49%   260 1920s
 10203  7706 9.2653e+10   33  845 9.0583e+10 9.4651e+10  4.49%   259 2305s
 10205  7707 9.2994e+10  164  772 9.0583e+10 9.4651e+10  4.49%   259 2332s
 10206  7708 9.1307e+10   71  478 9.0583e+10 9.4651e+10  4.49%   259 2396s
 10207  7709 9.2383e+10   30 1076 9.0583e+10 9.4651e+10  4.49%   259 2409s
 10208  7709 9.2056e+10  136 1097 9.0583e+10 9.4651e+10  4.49%   259 2413s
 10209  7710 9.2383e+10   54 1065 9.0583e+10 9.4651e+10  4.49%   259 2419s
 10210  7711 9.3125e+10   68  987 9.0583e+10 9.4651e+10  4.49%   259 2422s
 10211  7711 9.2383e+10   95  958 9.0583e+10 9.4651e+10  4.49%   259 2427s
 10212  7712 9.0933e+10   63  672 9.0583e+10 9.4651e+10  4.49%   259 2460s
 10213  7713 9.2383e+10   32  984 9.0583e+10 9.4651e+10  4.49%   259 2467s
 10214  7713 9.1305e+10   87  876 9.0583e+10 9.4651e+10  4.49%   259 2499s
 10215  7714 9.0597e+10  146 1149 9.0583e+10 9.4651e+10  4.49%   259 2539s
 10216  7715 9.1097e+10  163 1045 9.0583e+10 9.4651e+10  4.49%   259 2547s
 10217  7715 9.3468e+10   34 1277 9.0583e+10 9.4651e+10  4.49%   259 2554s
 10218  7716 9.3121e+10   39 1253 9.0583e+10 9.4651e+10  4.49%   258 2594s
 10219  7717 9.2299e+10  177 1003 9.0583e+10 9.4651e+10  4.49%   258 2649s
 10220  7717 9.2383e+10   47 1011 9.0583e+10 9.4651e+10  4.49%   258 2687s
 10221  7718 9.0597e+10   95  932 9.0583e+10 9.4651e+10  4.49%   258 2729s
 10222  7719 9.3193e+10   74  924 9.0583e+10 9.4651e+10  4.49%   258 2734s
 10223  7719 9.2774e+10   30  988 9.0583e+10 9.4651e+10  4.49%   258 2768s
 10224  7720 9.1097e+10  216  933 9.0583e+10 9.4651e+10  4.49%   258 2810s
 10225  7721 9.1097e+10  231 1045 9.0583e+10 9.4651e+10  4.49%   258 2855s
 10226  7721 9.1955e+10   35  933 9.0583e+10 9.4651e+10  4.49%   258 2895s
 10227  7722 9.2383e+10   27  933 9.0583e+10 9.4651e+10  4.49%   258 2937s
 10228  7723 9.2383e+10  215  965 9.0583e+10 9.4651e+10  4.49%   258 2984s
 10229  7723 9.1097e+10  112  987 9.0583e+10 9.4651e+10  4.49%   258 3021s
 10230  7724 9.1305e+10   79  965 9.0583e+10 9.4651e+10  4.49%   258 3044s
 10231  7725 9.3125e+10   79  940 9.0583e+10 9.4651e+10  4.49%   258 3052s
 10232  7725 9.1955e+10   32  947 9.0583e+10 9.4651e+10  4.49%   258 3068s
 10233  7726 9.1055e+10  159  941 9.0583e+10 9.4651e+10  4.49%   258 3078s
 10234  7727 9.0649e+10   89  941 9.0583e+10 9.4651e+10  4.49%   258 3088s
 10235  7729 9.4651e+10   28  857 9.0583e+10 9.4651e+10  4.49%   298 3102s
 10239  7732 9.4651e+10   32  466 9.0583e+10 9.4651e+10  4.49%   298 3105s
 10254  7742 9.3463e+10   43  400 9.0583e+10 9.4651e+10  4.49%   298 3110s
 10260  7746 9.3121e+10   47  337 9.0583e+10 9.4651e+10  4.49%   298 3116s
 10261  7747 9.3121e+10   48  315 9.0583e+10 9.4651e+10  4.49%   298 3124s
 10264  7749 9.3121e+10   50  344 9.0583e+10 9.4651e+10  4.49%   298 3125s
 10284  7757 9.3117e+10   65  313 9.0583e+10 9.4651e+10  4.49%   298 3130s
 10286  7755 9.3117e+10   66  311 9.0583e+10 9.4651e+10  4.49%   298 3144s
 10288  7756 9.3117e+10   68  313 9.0583e+10 9.4651e+10  4.49%   298 3168s
 10294  7754 9.3117e+10   72  311 9.0583e+10 9.4651e+10  4.49%   298 3170s
 10312  7754 9.3117e+10   83  315 9.0583e+10 9.4651e+10  4.49%   298 3193s
 10315  7754 9.3117e+10   85  312 9.0583e+10 9.4651e+10  4.49%   298 3195s
 10337  7756 9.4651e+10   34  514 9.0583e+10 9.4651e+10  4.49%   297 3200s
 10338  7757 9.4594e+10   35  752 9.0583e+10 9.4651e+10  4.49%   298 3223s
 10341  7759 9.4093e+10   37  541 9.0583e+10 9.4651e+10  4.49%   298 3225s
 10347  7763 9.3763e+10   42  551 9.0583e+10 9.4651e+10  4.49%   298 3230s
 10350  7765 9.3751e+10   44  450 9.0583e+10 9.4651e+10  4.49%   299 3236s
 10358  7770 9.3747e+10   50  381 9.0583e+10 9.4651e+10  4.49%   299 3240s
 10369  7778 9.3747e+10   56  469 9.0583e+10 9.4651e+10  4.49%   299 3253s
 10377  7780 9.3747e+10   60  401 9.0583e+10 9.4651e+10  4.49%   298 3256s
 10381  7781 9.3747e+10   62  471 9.0583e+10 9.4651e+10  4.49%   299 3260s
 10392  7788 9.3747e+10   69  371 9.0583e+10 9.4651e+10  4.49%   298 3265s
 10407  7798 9.3745e+10   79  454 9.0583e+10 9.4651e+10  4.49%   298 3270s
 10420  7799 9.4093e+10   36  498 9.0583e+10 9.4651e+10  4.49%   299 3275s
 10424  7801 9.4093e+10   39  447 9.0583e+10 9.4651e+10  4.49%   300 3280s
 10445  7815 9.3745e+10   54  277 9.0583e+10 9.4651e+10  4.49%   300 3285s
 10463  7827 9.3745e+10   67  274 9.0583e+10 9.4651e+10  4.49%   299 3290s
 10485  7842 9.2774e+10   82  282 9.0583e+10 9.4651e+10  4.49%   299 3295s
 10505  7847 9.0828e+10   92  371 9.0583e+10 9.4651e+10  4.49%   299 3301s
 10516  7844 9.4651e+10   32  949 9.0583e+10 9.4651e+10  4.49%   299 3306s
 10523  7848 9.4577e+10   38  549 9.0583e+10 9.4651e+10  4.49%   299 3310s
 10532  7854 9.3133e+10   43  476 9.0583e+10 9.4651e+10  4.49%   300 3330s
 10550  7858 9.4651e+10   31  946 9.0583e+10 9.4651e+10  4.49%   300 3337s
 10554  7861 9.4609e+10   35  706 9.0583e+10 9.4651e+10  4.49%   300 3340s
 10559  7864 9.4602e+10   39  829 9.0583e+10 9.4651e+10  4.49%   300 3346s
 10566  7869 9.4572e+10   45  546 9.0583e+10 9.4651e+10  4.49%   300 3350s
 10582  7878 9.2941e+10   54  442 9.0583e+10 9.4651e+10  4.49%   300 3355s
 10598  7885 9.2923e+10   68  506 9.0583e+10 9.4651e+10  4.49%   300 3360s
 10599  7886 9.2923e+10   68  428 9.0583e+10 9.4651e+10  4.49%   300 3372s
 10604  7889 9.2923e+10   73  457 9.0583e+10 9.4651e+10  4.49%   300 3375s
 10623  7889 9.4651e+10   30  831 9.0583e+10 9.4651e+10  4.49%   300 3382s
 10627  7892 9.4651e+10   34  551 9.0583e+10 9.4651e+10  4.49%   300 3385s
 10634  7896 9.4576e+10   40  617 9.0583e+10 9.4651e+10  4.49%   300 3390s
 10640  7900 9.2774e+10   44  505 9.0583e+10 9.4651e+10  4.49%   301 3397s
 10650  7905 9.2774e+10   50  394 9.0583e+10 9.4651e+10  4.49%   301 3400s
 10667  7916 9.2769e+10   63  368 9.0583e+10 9.4651e+10  4.49%   301 3405s
 10681  7926 9.2768e+10   72  414 9.0583e+10 9.4651e+10  4.49%   301 3410s
 10694  7934 9.2768e+10   84  407 9.0583e+10 9.4651e+10  4.49%   301 3418s
 10701  7935 9.2768e+10   88  378 9.0583e+10 9.4651e+10  4.49%   301 3420s
 10721  7946 9.2768e+10  104  379 9.0583e+10 9.4651e+10  4.49%   301 3427s
 10729  7942 9.4651e+10   35  604 9.0583e+10 9.4651e+10  4.49%   302 3430s
 10745  7952 9.2383e+10   47  379 9.0583e+10 9.4651e+10  4.49%   302 3435s
 10748  7954 9.3121e+10   49  412 9.0583e+10 9.4651e+10  4.49%   302 3442s
 10759  7962 9.2923e+10   57  334 9.0583e+10 9.4651e+10  4.49%   302 3445s
 10773  7957 9.2923e+10   58  492 9.0583e+10 9.4651e+10  4.49%   303 3451s
 10775  7956 9.2923e+10   59  432 9.0583e+10 9.4651e+10  4.49%   303 3456s
 10779  7953 9.2923e+10   58  447 9.0583e+10 9.4651e+10  4.49%   304 3461s
 10784  7950 9.4651e+10   35  661 9.0583e+10 9.4651e+10  4.49%   305 3465s
 10793  7956 9.3125e+10   41  511 9.0583e+10 9.4651e+10  4.49%   305 3470s
 10802  7962 9.3125e+10   46  424 9.0583e+10 9.4651e+10  4.49%   306 3479s
 10803  7963 9.3125e+10   47  471 9.0583e+10 9.4651e+10  4.49%   306 3480s
 10822  7976 9.2788e+10   60  393 9.0583e+10 9.4651e+10  4.49%   306 3485s
 10829  7980 9.3125e+10   66  430 9.0583e+10 9.4651e+10  4.49%   306 3492s
 10841  7986 9.3125e+10   73  399 9.0583e+10 9.4651e+10  4.49%   306 3495s
 10856  7995 9.2681e+10   84  406 9.0583e+10 9.4651e+10  4.49%   306 3511s
 10876  7995     cutoff   95      9.0583e+10 9.4651e+10  4.49%   306 3515s
 10883  7995 9.4093e+10   41  652 9.0583e+10 9.4651e+10  4.49%   307 3521s
 10887  7998 9.2721e+10   42  679 9.0583e+10 9.4651e+10  4.49%   308 3525s
 10898  8004 9.2653e+10   49  524 9.0583e+10 9.4651e+10  4.49%   308 3530s
 10907  8010 9.2653e+10   55  334 9.0583e+10 9.4651e+10  4.49%   309 3564s
 10908  8011 9.2653e+10   54  428 9.0583e+10 9.4651e+10  4.49%   309 3565s
 10910  8012 9.2653e+10   55  390 9.0583e+10 9.4651e+10  4.49%   309 3573s
 10916  8016 9.2653e+10   61  363 9.0583e+10 9.4651e+10  4.49%   309 3575s
 10937  8030 9.2653e+10   82  401 9.0583e+10 9.4651e+10  4.49%   308 3582s
 10945  8036 9.2653e+10   86  372 9.0583e+10 9.4651e+10  4.49%   308 3585s
 10965  8042 9.1213e+10  100  286 9.0583e+10 9.4651e+10  4.49%   308 3590s

Cutting planes:
  Learned: 12
  Gomory: 7
  Cover: 174
  Implied bound: 94
  Projected implied bound: 4
  Clique: 11
  MIR: 111
  StrongCG: 11
  Flow cover: 301
  GUB cover: 8
  Inf proof: 1
  Zero half: 182
  RLT: 211
  Relax-and-lift: 209
  PSD: 2

Explored 10980 nodes (3650390 simplex iterations) in 3592.77 seconds (2281.96 work units)
Thread count was 1 (of 28 available processors)

Solution count 5: 9.05825e+10 9.03125e+10 9.03125e+10 ... 9.03125e+10

Time limit reached
Best objective 9.058253958000e+10, best bound 9.465137168585e+10, gap 4.4919%

User-callback calls 658363, time in user-callback 0.56 sec