Gurobi Optimizer version 12.0.3 build v12.0.3rc0 (linux64 - "Oracle Linux Server 9.4")

CPU model: Intel(R) Xeon(R) CPU E5-2660 v4 @ 2.00GHz, instruction set [SSE2|AVX|AVX2]
Thread count: 28 physical cores, 28 logical processors, using up to 1 threads

Non-default parameters:
TimeLimit  3599.190240469
SoftMemLimit  16
NumericFocus  1
Threads  1

Academic license 2690100 - for non-commercial use only - registered to ju___@uclm.es
Optimize a model with 2434 rows, 644 columns and 8274 nonzeros
Model fingerprint: 0x1523d4e3
Variable types: 28 continuous, 616 integer (616 binary)
Coefficient statistics:
  Matrix range     [1e+00, 2e+13]
  Objective range  [3e+08, 7e+09]
  Bounds range     [1e+03, 1e+04]
  RHS range        [1e+00, 2e+14]
Warning: Model contains large matrix coefficient range
Warning: Model contains large objective coefficients
Warning: Model contains large rhs

Loaded user MIP start with objective 6.93312e+10

Presolve removed 456 rows and 18 columns
Presolve time: 0.05s
Presolved: 1978 rows, 626 columns, 7140 nonzeros
Variable types: 28 continuous, 598 integer (598 binary)

Root relaxation: objective 7.641600e+10, 367 iterations, 0.01 seconds (0.00 work units)

    Nodes    |    Current Node    |     Objective Bounds      |     Work
 Expl Unexpl |  Obj  Depth IntInf | Incumbent    BestBd   Gap | It/Node Time

     0     0 7.6416e+10    0    7 6.9331e+10 7.6416e+10  10.2%     -    0s
     0     0 7.6416e+10    0   16 6.9331e+10 7.6416e+10  10.2%     -    0s
     0     0 7.6416e+10    0    4 6.9331e+10 7.6416e+10  10.2%     -    0s
     0     0 7.6416e+10    0    6 6.9331e+10 7.6416e+10  10.2%     -    0s
     0     0 7.6416e+10    0    4 6.9331e+10 7.6416e+10  10.2%     -    0s
     0     0 7.6416e+10    0    7 6.9331e+10 7.6416e+10  10.2%     -    0s
     0     0 7.6416e+10    0    2 6.9331e+10 7.6416e+10  10.2%     -    0s
     0     0 7.6416e+10    0    2 6.9331e+10 7.6416e+10  10.2%     -    0s
H    0     0                    7.136160e+10 7.6416e+10  7.08%     -    0s
     0     0 7.6416e+10    0    2 7.1362e+10 7.6416e+10  7.08%     -    0s
     0     0 7.6416e+10    0    2 7.1362e+10 7.6416e+10  7.08%     -    0s
     0     2 7.6416e+10    0    2 7.1362e+10 7.6416e+10  7.08%     -    0s
H  629   335                    7.324800e+10 7.6416e+10  4.33%  14.2    2s
  1583   371 7.6416e+10   41    4 7.3248e+10 7.6416e+10  4.33%  11.0    5s
  2382   281 7.6416e+10   52    9 7.3248e+10 7.6416e+10  4.33%   9.6   10s
  3235   177 7.6416e+10   57   14 7.3248e+10 7.6416e+10  4.33%  15.6   15s
  3932   190 infeasible   63      7.3248e+10 7.6416e+10  4.33%  18.8   20s
  4814   199 infeasible   63      7.3248e+10 7.6416e+10  4.33%  21.8   25s
  5454   201 7.6416e+10   63   24 7.3248e+10 7.6416e+10  4.33%  23.6   30s
  6269   182 7.6416e+10   58   20 7.3248e+10 7.6416e+10  4.33%  24.7   35s
  6967   184 infeasible   62      7.3248e+10 7.6416e+10  4.33%  25.6   40s
  7809   169 7.6416e+10   47   16 7.3248e+10 7.6416e+10  4.33%  26.6   45s
  8565   189 7.6416e+10   67   18 7.3248e+10 7.6416e+10  4.33%  26.9   50s
  9263   182 7.6416e+10   47   19 7.3248e+10 7.6416e+10  4.33%  27.2   55s
 10110   207 infeasible   61      7.3248e+10 7.6416e+10  4.33%  27.6   60s
 10748   187 infeasible   53      7.3248e+10 7.6416e+10  4.33%  28.2   65s
 11102   193 7.6416e+10   63   15 7.3248e+10 7.6416e+10  4.33%  28.6   70s
 11773   178 7.6416e+10   46   38 7.3248e+10 7.6416e+10  4.33%  29.2   75s
 12344   183 infeasible   57      7.3248e+10 7.6416e+10  4.33%  29.8   80s
 12992   177 7.6416e+10   56   25 7.3248e+10 7.6416e+10  4.33%  30.1   85s
 13512   173 7.6416e+10   49    9 7.3248e+10 7.6416e+10  4.33%  30.0   90s
 14223   194 7.6416e+10   61   21 7.3248e+10 7.6416e+10  4.33%  30.3   95s
 14864   216 infeasible   67      7.3248e+10 7.6416e+10  4.33%  30.5  100s
 15567   229 7.6416e+10   63   28 7.3248e+10 7.6416e+10  4.33%  30.8  105s
 16059   231 infeasible   66      7.3248e+10 7.6416e+10  4.33%  31.1  110s
 16776   212 7.6416e+10   61   28 7.3248e+10 7.6416e+10  4.33%  31.4  115s
 17359   227 infeasible   73      7.3248e+10 7.6416e+10  4.33%  31.6  120s
 17843   225 7.6416e+10   66   37 7.3248e+10 7.6416e+10  4.33%  31.8  125s
 18520   210 7.6416e+10   62   31 7.3248e+10 7.6416e+10  4.33%  32.1  130s
 19080   220 7.6416e+10   66   20 7.3248e+10 7.6416e+10  4.33%  32.4  135s
 19581   219 infeasible   69      7.3248e+10 7.6416e+10  4.33%  32.6  140s
 20138   210 infeasible   66      7.3248e+10 7.6416e+10  4.33%  32.8  145s
 20731   219 infeasible   65      7.3248e+10 7.6416e+10  4.33%  33.0  150s
 21375   211 infeasible   73      7.3248e+10 7.6416e+10  4.33%  33.1  155s
 21996   200 7.6416e+10   59   35 7.3248e+10 7.6416e+10  4.33%  33.2  160s
 22567   205 infeasible   72      7.3248e+10 7.6416e+10  4.33%  33.3  165s
 23174   201 infeasible   58      7.3248e+10 7.6416e+10  4.33%  33.3  170s
 23730   213 infeasible   72      7.3248e+10 7.6416e+10  4.33%  33.5  175s
 24335   216 infeasible   66      7.3248e+10 7.6416e+10  4.33%  33.6  180s
 25036   201 7.6416e+10   62   17 7.3248e+10 7.6416e+10  4.33%  33.8  185s
 25555   214 7.6416e+10   64   54 7.3248e+10 7.6416e+10  4.33%  33.8  190s
 26171   198 infeasible   64      7.3248e+10 7.6416e+10  4.33%  33.9  195s
 26779   202 7.6416e+10   72   20 7.3248e+10 7.6416e+10  4.33%  33.9  200s
 27383   202 7.6416e+10   63   42 7.3248e+10 7.6416e+10  4.33%  34.1  205s
 28033   213 7.6416e+10   65   52 7.3248e+10 7.6416e+10  4.33%  34.1  210s
 28548   205 7.6416e+10   67   30 7.3248e+10 7.6416e+10  4.33%  34.1  215s
 29084   193 infeasible   65      7.3248e+10 7.6416e+10  4.33%  34.2  220s
 29823   204 infeasible   70      7.3248e+10 7.6416e+10  4.33%  34.1  225s
 30483   220 7.6416e+10   66   26 7.3248e+10 7.6416e+10  4.33%  34.1  230s
 30970   211 infeasible   68      7.3248e+10 7.6416e+10  4.33%  34.2  235s
 31611   201 infeasible   71      7.3248e+10 7.6416e+10  4.33%  34.1  240s
 32112   198 infeasible   60      7.3248e+10 7.6416e+10  4.33%  34.1  245s
 32823   201 infeasible   66      7.3248e+10 7.6416e+10  4.33%  34.1  250s
 33287   194 7.6416e+10   62   27 7.3248e+10 7.6416e+10  4.33%  34.2  255s
 34020   191 7.6416e+10   60   35 7.3248e+10 7.6416e+10  4.33%  34.3  260s
 34612   215 7.6416e+10   63   23 7.3248e+10 7.6416e+10  4.33%  34.3  265s
 35309   214 7.6416e+10   58   29 7.3248e+10 7.6416e+10  4.33%  34.3  270s
 35893   207 7.6416e+10   71    9 7.3248e+10 7.6416e+10  4.33%  34.4  275s
 36507   201 7.6416e+10   56   22 7.3248e+10 7.6416e+10  4.33%  34.4  280s
 37204   190 infeasible   64      7.3248e+10 7.6416e+10  4.33%  34.4  285s
 37705   195 7.6416e+10   64   16 7.3248e+10 7.6416e+10  4.33%  34.4  290s
 38506   204 infeasible   67      7.3248e+10 7.6416e+10  4.33%  34.4  295s
 39097   203 7.6416e+10   68   28 7.3248e+10 7.6416e+10  4.33%  34.3  300s
 39738   200 infeasible   68      7.3248e+10 7.6416e+10  4.33%  34.2  305s
 40434   206 7.6416e+10   63   19 7.3248e+10 7.6416e+10  4.33%  34.3  310s
 41095   206 7.6416e+10   61   30 7.3248e+10 7.6416e+10  4.33%  34.2  315s
 41665   192 7.6416e+10   64   20 7.3248e+10 7.6416e+10  4.33%  34.3  320s
 42188   193 7.6416e+10   65   38 7.3248e+10 7.6416e+10  4.33%  34.3  325s
 42857   210 infeasible   67      7.3248e+10 7.6416e+10  4.33%  34.3  330s
 43374   197 7.6416e+10   66   18 7.3248e+10 7.6416e+10  4.33%  34.3  335s
 43957   200 7.6416e+10   63   18 7.3248e+10 7.6416e+10  4.33%  34.4  340s
 44501   196 7.6416e+10   65   22 7.3248e+10 7.6416e+10  4.33%  34.4  345s
 45122   201 7.6416e+10   65   18 7.3248e+10 7.6416e+10  4.33%  34.5  350s
 45731   206 7.6416e+10   68   16 7.3248e+10 7.6416e+10  4.33%  34.5  355s
 46225   190 7.6416e+10   65   21 7.3248e+10 7.6416e+10  4.33%  34.5  360s
 46817   201 7.6416e+10   64   23 7.3248e+10 7.6416e+10  4.33%  34.6  365s
 47435   195 7.6416e+10   61   18 7.3248e+10 7.6416e+10  4.33%  34.6  370s
 47945   194 infeasible   60      7.3248e+10 7.6416e+10  4.33%  34.6  375s
 48546   188 7.6416e+10   54   29 7.3248e+10 7.6416e+10  4.33%  34.7  380s
 49220   194 7.6416e+10   57   13 7.3248e+10 7.6416e+10  4.33%  34.7  385s
 49805   211 infeasible   62      7.3248e+10 7.6416e+10  4.33%  34.7  390s
 50497   185 infeasible   61      7.3248e+10 7.6416e+10  4.33%  34.7  395s
 51077   187 infeasible   56      7.3248e+10 7.6416e+10  4.33%  34.7  400s
 51687   187 7.6416e+10   56   29 7.3248e+10 7.6416e+10  4.33%  34.7  405s
 52328   183 infeasible   57      7.3248e+10 7.6416e+10  4.33%  34.7  410s
 52934   199 infeasible   62      7.3248e+10 7.6416e+10  4.33%  34.7  415s
 53563   206 7.6416e+10   62   38 7.3248e+10 7.6416e+10  4.33%  34.7  420s
 54180   215 7.6416e+10   76   19 7.3248e+10 7.6416e+10  4.33%  34.7  425s
 54803   204 infeasible   65      7.3248e+10 7.6416e+10  4.33%  34.7  430s
 55349   206 7.6416e+10   57   15 7.3248e+10 7.6416e+10  4.33%  34.7  435s
 55857   194 infeasible   63      7.3248e+10 7.6416e+10  4.33%  34.7  440s
 56398   213 7.6416e+10   74   16 7.3248e+10 7.6416e+10  4.33%  34.7  445s
 57089   201 7.6416e+10   59   25 7.3248e+10 7.6416e+10  4.33%  34.7  450s
 57639   215 infeasible   71      7.3248e+10 7.6416e+10  4.33%  34.7  455s
 58375   217 7.6416e+10   66   18 7.3248e+10 7.6416e+10  4.33%  34.6  460s
 58868   196 7.6416e+10   54   28 7.3248e+10 7.6416e+10  4.33%  34.7  465s
 59462   204 7.6416e+10   59   36 7.3248e+10 7.6416e+10  4.33%  34.8  470s
 59943   207 infeasible   65      7.3248e+10 7.6416e+10  4.33%  34.9  475s
 60428   212 7.6416e+10   65   14 7.3248e+10 7.6416e+10  4.33%  35.0  480s
 60983   213 7.6416e+10   62   15 7.3248e+10 7.6416e+10  4.33%  35.0  485s
 61533   202 7.6416e+10   59   22 7.3248e+10 7.6416e+10  4.33%  35.0  490s
 62023   210 infeasible   72      7.3248e+10 7.6416e+10  4.33%  35.0  495s
 62602   203 infeasible   62      7.3248e+10 7.6416e+10  4.33%  35.1  500s
 63202   213 7.6416e+10   63   31 7.3248e+10 7.6416e+10  4.33%  35.1  505s
 63866   216 7.6416e+10   59   19 7.3248e+10 7.6416e+10  4.33%  35.0  510s
 64458   211 infeasible   66      7.3248e+10 7.6416e+10  4.33%  35.1  515s
 65032   203 7.6416e+10   58   30 7.3248e+10 7.6416e+10  4.33%  35.1  520s
 65513   222 7.6416e+10   58   44 7.3248e+10 7.6416e+10  4.33%  35.1  525s
 66059   233 7.6416e+10   71   23 7.3248e+10 7.6416e+10  4.33%  35.2  530s
 66705   247 infeasible   70      7.3248e+10 7.6416e+10  4.33%  35.2  535s
 67169   222 7.6416e+10   62   36 7.3248e+10 7.6416e+10  4.33%  35.2  540s
 67868   212 infeasible   60      7.3248e+10 7.6416e+10  4.33%  35.2  545s
 68354   220 7.6416e+10   72   28 7.3248e+10 7.6416e+10  4.33%  35.2  550s
 69050   218 infeasible   75      7.3248e+10 7.6416e+10  4.33%  35.3  555s
 69582   233 infeasible   75      7.3248e+10 7.6416e+10  4.33%  35.2  560s
 70154   211 7.6416e+10   66   41 7.3248e+10 7.6416e+10  4.33%  35.3  565s
 70705   218 7.6416e+10   68   32 7.3248e+10 7.6416e+10  4.33%  35.2  570s
 71224   221 infeasible   71      7.3248e+10 7.6416e+10  4.33%  35.2  575s
 71830   225 7.6416e+10   66   10 7.3248e+10 7.6416e+10  4.33%  35.3  580s
 72283   316 7.6416e+10   67   27 7.3248e+10 7.6416e+10  4.33%  35.2  585s
 72757   306 7.6416e+10   62   20 7.3248e+10 7.6416e+10  4.33%  35.3  590s
 73277   326 7.6416e+10   62   26 7.3248e+10 7.6416e+10  4.33%  35.4  595s
 73648   313 infeasible   72      7.3248e+10 7.6416e+10  4.33%  35.4  600s
 74059   316 7.6416e+10   76   22 7.3248e+10 7.6416e+10  4.33%  35.6  605s
 74443   312 infeasible   72      7.3248e+10 7.6416e+10  4.33%  35.6  610s
 74995   314 7.6416e+10   59   35 7.3248e+10 7.6416e+10  4.33%  35.8  615s
 75372   307 7.6416e+10   61   46 7.3248e+10 7.6416e+10  4.33%  35.9  620s
 75767   308 7.6416e+10   65   54 7.3248e+10 7.6416e+10  4.33%  36.0  625s
 76001   308 7.6416e+10   62   52 7.3248e+10 7.6416e+10  4.33%  36.1  630s
 76516   305 7.6416e+10   59   37 7.3248e+10 7.6416e+10  4.33%  36.2  635s
 76856   317 infeasible   64      7.3248e+10 7.6416e+10  4.33%  36.3  640s
 77228   325 7.6416e+10   69   16 7.3248e+10 7.6416e+10  4.33%  36.4  645s
 77643   300 infeasible   64      7.3248e+10 7.6416e+10  4.33%  36.5  650s
 78027   316 7.6416e+10   61   66 7.3248e+10 7.6416e+10  4.33%  36.6  655s
 78335   323 7.6416e+10   60   47 7.3248e+10 7.6416e+10  4.33%  36.7  660s
 78946   316 7.6416e+10   63   19 7.3248e+10 7.6416e+10  4.33%  36.8  665s
 79394   310 infeasible   59      7.3248e+10 7.6416e+10  4.33%  36.8  670s
 79743   315 infeasible   65      7.3248e+10 7.6416e+10  4.33%  36.9  675s
 80099   311 7.6416e+10   62   43 7.3248e+10 7.6416e+10  4.33%  37.1  680s
 80523   311 7.6416e+10   62   48 7.3248e+10 7.6416e+10  4.33%  37.2  685s
 80768   311 infeasible   61      7.3248e+10 7.6416e+10  4.33%  37.2  690s
 81167   318 7.6416e+10   64   25 7.3248e+10 7.6416e+10  4.33%  37.3  695s
 81624   315 7.6416e+10   60   43 7.3248e+10 7.6416e+10  4.33%  37.4  700s
 81949   305 infeasible   62      7.3248e+10 7.6416e+10  4.33%  37.5  705s
 82354   310 7.6416e+10   65   57 7.3248e+10 7.6416e+10  4.33%  37.6  710s
 82769   295 7.6416e+10   54   44 7.3248e+10 7.6416e+10  4.33%  37.7  715s
 83067   319 7.6416e+10   62   31 7.3248e+10 7.6416e+10  4.33%  37.7  720s
 83402   309 7.6416e+10   62   36 7.3248e+10 7.6416e+10  4.33%  37.8  725s
 83815   310 7.6416e+10   62   26 7.3248e+10 7.6416e+10  4.33%  38.0  730s
 84098   295 7.6416e+10   56   46 7.3248e+10 7.6416e+10  4.33%  38.1  735s
 84550   303 7.6416e+10   59   15 7.3248e+10 7.6416e+10  4.33%  38.1  740s
 84933   306 7.6416e+10   55   49 7.3248e+10 7.6416e+10  4.33%  38.2  745s
 85354   310 7.6416e+10   60   20 7.3248e+10 7.6416e+10  4.33%  38.2  750s
 85810   308 7.6416e+10   66   31 7.3248e+10 7.6416e+10  4.33%  38.3  755s
 86167   311 7.6416e+10   59   61 7.3248e+10 7.6416e+10  4.33%  38.4  760s
 86468   308 infeasible   65      7.3248e+10 7.6416e+10  4.33%  38.4  765s
 86855   307 7.6416e+10   64   38 7.3248e+10 7.6416e+10  4.33%  38.5  770s
 87253   307 7.6416e+10   65   49 7.3248e+10 7.6416e+10  4.33%  38.6  775s
 87637   302 infeasible   65      7.3248e+10 7.6416e+10  4.33%  38.7  780s
 87922   309 infeasible   61      7.3248e+10 7.6416e+10  4.33%  38.8  785s
 88312   305 infeasible   64      7.3248e+10 7.6416e+10  4.33%  38.9  790s
 88599   322 infeasible   65      7.3248e+10 7.6416e+10  4.33%  39.0  795s
 88923   314 infeasible   60      7.3248e+10 7.6416e+10  4.33%  39.1  800s
 89273   320 7.6416e+10   69   42 7.3248e+10 7.6416e+10  4.33%  39.3  805s
 89637   310 7.6416e+10   66   41 7.3248e+10 7.6416e+10  4.33%  39.4  810s
 89984   297 7.6416e+10   56   48 7.3248e+10 7.6416e+10  4.33%  39.4  816s
 90314   302 7.6416e+10   59   13 7.3248e+10 7.6416e+10  4.33%  39.5  820s
 90718   300 infeasible   59      7.3248e+10 7.6416e+10  4.33%  39.6  825s
 91182   301 7.6416e+10   65   20 7.3248e+10 7.6416e+10  4.33%  39.6  830s
 91518   305 7.6416e+10   53   37 7.3248e+10 7.6416e+10  4.33%  39.7  835s
 91953   306 infeasible   58      7.3248e+10 7.6416e+10  4.33%  39.8  840s
 92327   304 7.6416e+10   56   34 7.3248e+10 7.6416e+10  4.33%  39.8  845s
 92567   298 infeasible   55      7.3248e+10 7.6416e+10  4.33%  39.9  850s
 92945   298 infeasible   60      7.3248e+10 7.6416e+10  4.33%  40.0  855s
 93374   303 infeasible   48      7.3248e+10 7.6416e+10  4.33%  40.0  860s
 93744   301 7.6416e+10   50   42 7.3248e+10 7.6416e+10  4.33%  40.1  865s
 94088   295 infeasible   54      7.3248e+10 7.6416e+10  4.33%  40.1  870s
 94383   295 7.6416e+10   46   53 7.3248e+10 7.6416e+10  4.33%  40.2  875s
 94838   306 infeasible   63      7.3248e+10 7.6416e+10  4.33%  40.3  880s
 95153   305 7.6416e+10   54   44 7.3248e+10 7.6416e+10  4.33%  40.4  886s
 95454   302 7.6416e+10   58   53 7.3248e+10 7.6416e+10  4.33%  40.4  890s
 95833   311 7.6416e+10   63   42 7.3248e+10 7.6416e+10  4.33%  40.5  895s
 96134   300 7.6416e+10   59   43 7.3248e+10 7.6416e+10  4.33%  40.6  900s
 96396   316 7.6416e+10   56   55 7.3248e+10 7.6416e+10  4.33%  40.6  905s
 96779   307 7.6416e+10   60   30 7.3248e+10 7.6416e+10  4.33%  40.7  910s
 97046   310 infeasible   62      7.3248e+10 7.6416e+10  4.33%  40.8  915s
 97423   303 7.6416e+10   61   54 7.3248e+10 7.6416e+10  4.33%  40.9  920s
 97688   294 infeasible   57      7.3248e+10 7.6416e+10  4.33%  41.0  925s
 98065   307 infeasible   60      7.3248e+10 7.6416e+10  4.33%  41.1  930s
 98316   294 7.6416e+10   57   49 7.3248e+10 7.6416e+10  4.33%  41.1  935s
 98633   303 infeasible   55      7.3248e+10 7.6416e+10  4.33%  41.2  940s
 98904   302 7.6416e+10   58   38 7.3248e+10 7.6416e+10  4.33%  41.3  945s
 99268   302 7.6416e+10   53   32 7.3248e+10 7.6416e+10  4.33%  41.4  950s
 99674   316 7.6416e+10   64   24 7.3248e+10 7.6416e+10  4.33%  41.5  955s
 100016   308 infeasible   64      7.3248e+10 7.6416e+10  4.33%  41.5  960s
 100277   313 7.6416e+10   59   18 7.3248e+10 7.6416e+10  4.33%  41.6  965s
 100621   297 infeasible   54      7.3248e+10 7.6416e+10  4.33%  41.7  970s
 100976   300 7.6416e+10   55   47 7.3248e+10 7.6416e+10  4.33%  41.8  975s
 101262   308 7.6416e+10   57   53 7.3248e+10 7.6416e+10  4.33%  41.9  980s
 101593   293 infeasible   58      7.3248e+10 7.6416e+10  4.33%  42.0  985s
 101881   297 7.6416e+10   58   38 7.3248e+10 7.6416e+10  4.33%  42.0  990s
 102301   303 infeasible   62      7.3248e+10 7.6416e+10  4.33%  42.1  995s
 102714   326 7.6416e+10   75   17 7.3248e+10 7.6416e+10  4.33%  42.1 1000s
 103217   310 7.6416e+10   58   11 7.3248e+10 7.6416e+10  4.33%  42.1 1005s
 103528   313 7.6416e+10   61   44 7.3248e+10 7.6416e+10  4.33%  42.2 1010s
 103745   308 7.6416e+10   56   80 7.3248e+10 7.6416e+10  4.33%  42.3 1015s
 104087   312 7.6416e+10   57   30 7.3248e+10 7.6416e+10  4.33%  42.4 1020s
 104306   313 7.6416e+10   59   65 7.3248e+10 7.6416e+10  4.33%  42.5 1025s
 104615   324 7.6416e+10   63   20 7.3248e+10 7.6416e+10  4.33%  42.6 1030s
 104857   316 7.6416e+10   63   35 7.3248e+10 7.6416e+10  4.33%  42.7 1035s
 105205   310 7.6416e+10   64   48 7.3248e+10 7.6416e+10  4.33%  42.8 1040s
 105512   303 7.6416e+10   63   25 7.3248e+10 7.6416e+10  4.33%  42.9 1045s
 105872   320 7.6416e+10   67   13 7.3248e+10 7.6416e+10  4.33%  42.9 1050s
 106224   302 7.6416e+10   66   44 7.3248e+10 7.6416e+10  4.33%  43.0 1055s
 106497   313 7.6416e+10   65   14 7.3248e+10 7.6416e+10  4.33%  43.0 1060s
 106925   300 infeasible   56      7.3248e+10 7.6416e+10  4.33%  43.1 1065s
 107303   294 7.6416e+10   58   18 7.3248e+10 7.6416e+10  4.33%  43.1 1070s
 107640   315 7.6416e+10   58   35 7.3248e+10 7.6416e+10  4.33%  43.2 1075s
 107980   322 infeasible   60      7.3248e+10 7.6416e+10  4.33%  43.3 1080s
 108344   315 7.6416e+10   61   22 7.3248e+10 7.6416e+10  4.33%  43.3 1085s
 108690   313 infeasible   61      7.3248e+10 7.6416e+10  4.33%  43.4 1090s
 109011   314 infeasible   61      7.3248e+10 7.6416e+10  4.33%  43.4 1095s
 109244   322 7.6416e+10   61   42 7.3248e+10 7.6416e+10  4.33%  43.5 1100s
 109609   311 7.6416e+10   55   43 7.3248e+10 7.6416e+10  4.33%  43.6 1105s
 109923   315 7.6416e+10   58   20 7.3248e+10 7.6416e+10  4.33%  43.6 1110s
 110311   309 7.6416e+10   56   40 7.3248e+10 7.6416e+10  4.33%  43.6 1115s
 110701   313 infeasible   56      7.3248e+10 7.6416e+10  4.33%  43.7 1120s
 111035   301 infeasible   52      7.3248e+10 7.6416e+10  4.33%  43.7 1125s
 111343   297 7.6416e+10   59   68 7.3248e+10 7.6416e+10  4.33%  43.8 1130s
 111669   315 7.6416e+10   63   59 7.3248e+10 7.6416e+10  4.33%  43.9 1135s
 111979   305 infeasible   57      7.3248e+10 7.6416e+10  4.33%  43.9 1140s
 112233   304 7.6416e+10   57   47 7.3248e+10 7.6416e+10  4.33%  44.0 1145s
 112552   307 7.6416e+10   62   39 7.3248e+10 7.6416e+10  4.33%  44.1 1150s
 112885   312 infeasible   63      7.3248e+10 7.6416e+10  4.33%  44.1 1155s
 113251   298 7.6416e+10   53   36 7.3248e+10 7.6416e+10  4.33%  44.2 1160s
 113573   304 infeasible   58      7.3248e+10 7.6416e+10  4.33%  44.2 1165s
 113840   307 infeasible   54      7.3248e+10 7.6416e+10  4.33%  44.3 1170s
 114105   300 infeasible   53      7.3248e+10 7.6416e+10  4.33%  44.4 1175s
 114434   303 7.6416e+10   64   58 7.3248e+10 7.6416e+10  4.33%  44.5 1180s
 114683   298 7.6416e+10   54   51 7.3248e+10 7.6416e+10  4.33%  44.5 1185s
 115061   292 7.6416e+10   48   44 7.3248e+10 7.6416e+10  4.33%  44.6 1190s
 115292   297 infeasible   54      7.3248e+10 7.6416e+10  4.33%  44.6 1195s
 115644   289 infeasible   54      7.3248e+10 7.6416e+10  4.33%  44.7 1200s
 115887   296 7.6416e+10   54   75 7.3248e+10 7.6416e+10  4.33%  44.7 1205s
 116237   308 7.6416e+10   62   32 7.3248e+10 7.6416e+10  4.33%  44.8 1210s
 116528   309 7.6416e+10   65   34 7.3248e+10 7.6416e+10  4.33%  44.8 1215s
 116856   305 infeasible   59      7.3248e+10 7.6416e+10  4.33%  44.9 1220s
 117199   335 7.6416e+10   61   30 7.3248e+10 7.6416e+10  4.33%  45.0 1225s
 117526   338 7.6416e+10   62   47 7.3248e+10 7.6416e+10  4.33%  45.0 1230s
 117919   340 infeasible   58      7.3248e+10 7.6416e+10  4.33%  45.1 1235s
 118158   339 7.6416e+10   59   29 7.3248e+10 7.6416e+10  4.33%  45.1 1240s
 118555   342 7.6416e+10   62   32 7.3248e+10 7.6416e+10  4.33%  45.2 1245s
 118836   339 infeasible   57      7.3248e+10 7.6416e+10  4.33%  45.2 1250s
 119160   333 7.6416e+10   59   35 7.3248e+10 7.6416e+10  4.33%  45.3 1255s
 119496   333 7.6416e+10   57   29 7.3248e+10 7.6416e+10  4.33%  45.3 1260s
 119782   341 infeasible   61      7.3248e+10 7.6416e+10  4.33%  45.4 1265s
 120120   336 7.6416e+10   62   74 7.3248e+10 7.6416e+10  4.33%  45.4 1270s
 120474   347 7.6416e+10   63   33 7.3248e+10 7.6416e+10  4.33%  45.5 1275s
 120800   332 infeasible   54      7.3248e+10 7.6416e+10  4.33%  45.5 1280s
 121151   344 7.6416e+10   69   22 7.3248e+10 7.6416e+10  4.33%  45.6 1285s
 121484   341 7.6416e+10   64   27 7.3248e+10 7.6416e+10  4.33%  45.7 1290s
 121819   356 infeasible   68      7.3248e+10 7.6416e+10  4.33%  45.7 1295s
 122097   358 7.6416e+10   59   40 7.3248e+10 7.6416e+10  4.33%  45.7 1300s
 122510   365 infeasible   67      7.3248e+10 7.6416e+10  4.33%  45.8 1305s
 122812   357 7.6416e+10   62   30 7.3248e+10 7.6416e+10  4.33%  45.8 1310s
 123144   346 7.6416e+10   67   18 7.3248e+10 7.6416e+10  4.33%  45.9 1315s
 123447   339 7.6416e+10   56   26 7.3248e+10 7.6416e+10  4.33%  45.9 1320s
 123798   352 infeasible   67      7.3248e+10 7.6416e+10  4.33%  45.9 1325s
 124145   338 7.6416e+10   53   44 7.3248e+10 7.6416e+10  4.33%  46.0 1330s
 124493   340 7.6416e+10   59   26 7.3248e+10 7.6416e+10  4.33%  46.0 1335s
 124755   340 7.6416e+10   61   14 7.3248e+10 7.6416e+10  4.33%  46.1 1340s
 125090   349 7.6416e+10   67   13 7.3248e+10 7.6416e+10  4.33%  46.1 1345s
 125333   336 7.6416e+10   66   28 7.3248e+10 7.6416e+10  4.33%  46.2 1350s
 125692   347 7.6416e+10   63   25 7.3248e+10 7.6416e+10  4.33%  46.3 1355s
 125962   347 7.6416e+10   68   28 7.3248e+10 7.6416e+10  4.33%  46.3 1360s
 126303   350 7.6416e+10   72   11 7.3248e+10 7.6416e+10  4.33%  46.4 1365s
 126531   344 7.6416e+10   69   19 7.3248e+10 7.6416e+10  4.33%  46.4 1370s
 126908   341 7.6416e+10   69   33 7.3248e+10 7.6416e+10  4.33%  46.5 1376s
 127172   350 infeasible   59      7.3248e+10 7.6416e+10  4.33%  46.6 1380s
 127609   351 infeasible   66      7.3248e+10 7.6416e+10  4.33%  46.6 1385s
 127913   351 7.6416e+10   63   68 7.3248e+10 7.6416e+10  4.33%  46.6 1390s
 128168   348 7.6416e+10   57   28 7.3248e+10 7.6416e+10  4.33%  46.7 1396s
 128514   362 7.6416e+10   65   18 7.3248e+10 7.6416e+10  4.33%  46.7 1400s
 128804   353 infeasible   65      7.3248e+10 7.6416e+10  4.33%  46.8 1405s
 129084   345 infeasible   63      7.3248e+10 7.6416e+10  4.33%  46.9 1410s
 129332   347 7.6416e+10   61   19 7.3248e+10 7.6416e+10  4.33%  46.9 1415s
 129649   345 infeasible   60      7.3248e+10 7.6416e+10  4.33%  47.0 1420s
 129939   355 7.6416e+10   64   47 7.3248e+10 7.6416e+10  4.33%  47.0 1425s
 130246   343 7.6416e+10   59   48 7.3248e+10 7.6416e+10  4.33%  47.1 1430s
 130543   355 7.6416e+10   60   49 7.3248e+10 7.6416e+10  4.33%  47.1 1435s
 130891   356 infeasible   74      7.3248e+10 7.6416e+10  4.33%  47.1 1440s
 131169   352 7.6416e+10   60   28 7.3248e+10 7.6416e+10  4.33%  47.2 1445s
 131472   349 7.6416e+10   67   23 7.3248e+10 7.6416e+10  4.33%  47.2 1450s
 131899   346 7.6416e+10   55   24 7.3248e+10 7.6416e+10  4.33%  47.2 1456s
 132221   348 infeasible   61      7.3248e+10 7.6416e+10  4.33%  47.2 1460s
 132611   346 infeasible   64      7.3248e+10 7.6416e+10  4.33%  47.3 1465s
 132914   333 infeasible   58      7.3248e+10 7.6416e+10  4.33%  47.3 1470s
 133249   359 7.6416e+10   62   29 7.3248e+10 7.6416e+10  4.33%  47.4 1475s
 133503   357 7.6416e+10   64   42 7.3248e+10 7.6416e+10  4.33%  47.4 1480s
 133822   336 infeasible   61      7.3248e+10 7.6416e+10  4.33%  47.5 1485s
 134139   337 7.6416e+10   62   35 7.3248e+10 7.6416e+10  4.33%  47.5 1490s
 134391   353 infeasible   66      7.3248e+10 7.6416e+10  4.33%  47.6 1495s
 134689   343 infeasible   59      7.3248e+10 7.6416e+10  4.33%  47.7 1500s
 135009   351 7.6416e+10   65   44 7.3248e+10 7.6416e+10  4.33%  47.7 1505s
 135270   346 7.6416e+10   61   30 7.3248e+10 7.6416e+10  4.33%  47.8 1510s
 135501   333 infeasible   69      7.3248e+10 7.6416e+10  4.33%  47.8 1515s
 135943   339 infeasible   62      7.3248e+10 7.6416e+10  4.33%  47.8 1520s
 136119   345 7.6416e+10   72   34 7.3248e+10 7.6416e+10  4.33%  47.9 1525s
 136426   340 7.6416e+10   62   17 7.3248e+10 7.6416e+10  4.33%  47.9 1530s
 136645   335 7.6416e+10   60   37 7.3248e+10 7.6416e+10  4.33%  48.0 1535s
 136955   339 7.6416e+10   66   41 7.3248e+10 7.6416e+10  4.33%  48.0 1540s
 137262   340 infeasible   62      7.3248e+10 7.6416e+10  4.33%  48.0 1545s
 137499   329 7.6416e+10   55   82 7.3248e+10 7.6416e+10  4.33%  48.1 1550s
 137813   329 infeasible   62      7.3248e+10 7.6416e+10  4.33%  48.2 1555s
 138091   337 7.6416e+10   61   22 7.3248e+10 7.6416e+10  4.33%  48.2 1560s
 138540   336 7.6416e+10   59   38 7.3248e+10 7.6416e+10  4.33%  48.2 1565s
 138894   346 infeasible   68      7.3248e+10 7.6416e+10  4.33%  48.2 1570s
 139210   360 7.6416e+10   64   32 7.3248e+10 7.6416e+10  4.33%  48.2 1575s
 139532   360 infeasible   69      7.3248e+10 7.6416e+10  4.33%  48.2 1580s
 139767   351 7.6416e+10   62   38 7.3248e+10 7.6416e+10  4.33%  48.3 1585s
 140169   345 infeasible   66      7.3248e+10 7.6416e+10  4.33%  48.3 1590s
 140438   346 7.6416e+10   69   32 7.3248e+10 7.6416e+10  4.33%  48.3 1595s
 140736   365 7.6416e+10   69   43 7.3248e+10 7.6416e+10  4.33%  48.4 1600s
 141003   362 7.6416e+10   70   57 7.3248e+10 7.6416e+10  4.33%  48.4 1605s
 141307   358 7.6416e+10   63   47 7.3248e+10 7.6416e+10  4.33%  48.5 1610s
 141581   356 7.6416e+10   64   34 7.3248e+10 7.6416e+10  4.33%  48.5 1615s
 141915   344 infeasible   64      7.3248e+10 7.6416e+10  4.33%  48.5 1620s
 142197   350 infeasible   72      7.3248e+10 7.6416e+10  4.33%  48.6 1625s
 142479   350 7.6416e+10   63   34 7.3248e+10 7.6416e+10  4.33%  48.6 1630s
 142757   358 7.6416e+10   64   43 7.3248e+10 7.6416e+10  4.33%  48.7 1635s
 143132   342 7.6416e+10   59   50 7.3248e+10 7.6416e+10  4.33%  48.7 1640s
 143438   340 7.6416e+10   63   27 7.3248e+10 7.6416e+10  4.33%  48.7 1645s
 143749   343 7.6416e+10   62   13 7.3248e+10 7.6416e+10  4.33%  48.7 1650s
 144170   342 7.6416e+10   63    7 7.3248e+10 7.6416e+10  4.33%  48.7 1655s
 144473   350 infeasible   68      7.3248e+10 7.6416e+10  4.33%  48.7 1660s
 144888   335 7.6416e+10   63   40 7.3248e+10 7.6416e+10  4.33%  48.8 1665s
 145193   336 7.6416e+10   60   39 7.3248e+10 7.6416e+10  4.33%  48.8 1670s
 145614   343 7.6416e+10   62    7 7.3248e+10 7.6416e+10  4.33%  48.8 1675s
 145936   332 7.6416e+10   56   44 7.3248e+10 7.6416e+10  4.33%  48.8 1680s
 146256   336 infeasible   63      7.3248e+10 7.6416e+10  4.33%  48.8 1685s
 146505   337 7.6416e+10   64   33 7.3248e+10 7.6416e+10  4.33%  48.8 1690s
 146935   335 infeasible   66      7.3248e+10 7.6416e+10  4.33%  48.8 1695s
 147289   332 infeasible   67      7.3248e+10 7.6416e+10  4.33%  48.8 1700s
 147589   333 7.6416e+10   60   23 7.3248e+10 7.6416e+10  4.33%  48.9 1705s
 147986   338 7.6416e+10   55   29 7.3248e+10 7.6416e+10  4.33%  48.9 1710s
 148435   356 7.6416e+10   67   30 7.3248e+10 7.6416e+10  4.33%  48.9 1715s
 148726   357 7.6416e+10   67   17 7.3248e+10 7.6416e+10  4.33%  48.9 1720s
 149067   348 infeasible   65      7.3248e+10 7.6416e+10  4.33%  48.9 1725s
 149300   347 infeasible   71      7.3248e+10 7.6416e+10  4.33%  49.0 1730s
 149616   348 infeasible   68      7.3248e+10 7.6416e+10  4.33%  49.0 1735s
 149831   350 7.6416e+10   61   37 7.3248e+10 7.6416e+10  4.33%  49.1 1740s
 150231   339 7.6416e+10   61   52 7.3248e+10 7.6416e+10  4.33%  49.1 1745s
 150509   357 7.6416e+10   67   24 7.3248e+10 7.6416e+10  4.33%  49.1 1750s
 150837   347 infeasible   68      7.3248e+10 7.6416e+10  4.33%  49.2 1755s
 151115   341 7.6416e+10   59   51 7.3248e+10 7.6416e+10  4.33%  49.2 1760s
 151395   340 infeasible   68      7.3248e+10 7.6416e+10  4.33%  49.2 1765s
 151731   344 7.6416e+10   67   39 7.3248e+10 7.6416e+10  4.33%  49.3 1770s
 152048   343 infeasible   74      7.3248e+10 7.6416e+10  4.33%  49.3 1775s
 152314   335 7.6416e+10   66   33 7.3248e+10 7.6416e+10  4.33%  49.4 1780s
 152676   344 7.6416e+10   67   23 7.3248e+10 7.6416e+10  4.33%  49.4 1785s
 152973   340 7.6416e+10   58   45 7.3248e+10 7.6416e+10  4.33%  49.4 1790s
 153303   334 infeasible   60      7.3248e+10 7.6416e+10  4.33%  49.4 1795s
 153588   326 7.6416e+10   55   47 7.3248e+10 7.6416e+10  4.33%  49.5 1800s
 153835   333 7.6416e+10   58   16 7.3248e+10 7.6416e+10  4.33%  49.5 1805s
 154138   330 infeasible   61      7.3248e+10 7.6416e+10  4.33%  49.6 1810s
 154493   372 7.6416e+10   64   35 7.3248e+10 7.6416e+10  4.33%  49.6 1815s
 154789   362 7.6416e+10   65   33 7.3248e+10 7.6416e+10  4.33%  49.6 1820s
 155105   373 infeasible   71      7.3248e+10 7.6416e+10  4.33%  49.7 1825s
 155266   368 infeasible   68      7.3248e+10 7.6416e+10  4.33%  49.7 1830s
 155518   370 7.6416e+10   66   42 7.3248e+10 7.6416e+10  4.33%  49.7 1835s
 155844   362 infeasible   65      7.3248e+10 7.6416e+10  4.33%  49.8 1840s
 156179   363 7.6416e+10   57   25 7.3248e+10 7.6416e+10  4.33%  49.8 1845s
 156447   359 7.6416e+10   56   36 7.3248e+10 7.6416e+10  4.33%  49.8 1850s
 156767   355 infeasible   62      7.3248e+10 7.6416e+10  4.33%  49.9 1855s
 157019   351 7.6416e+10   55   35 7.3248e+10 7.6416e+10  4.33%  49.9 1860s
 157366   368 infeasible   71      7.3248e+10 7.6416e+10  4.33%  50.0 1865s
 157677   355 7.6416e+10   59   62 7.3248e+10 7.6416e+10  4.33%  50.0 1870s
 157996   362 7.6416e+10   70   46 7.3248e+10 7.6416e+10  4.33%  50.1 1875s
 158309   355 7.6416e+10   50   30 7.3248e+10 7.6416e+10  4.33%  50.1 1880s
 158575   355 7.6416e+10   61   41 7.3248e+10 7.6416e+10  4.33%  50.1 1885s
 158850   379 7.6416e+10   59   27 7.3248e+10 7.6416e+10  4.33%  50.2 1890s
 159190   363 infeasible   56      7.3248e+10 7.6416e+10  4.33%  50.2 1895s
 159519   369 7.6416e+10   60   31 7.3248e+10 7.6416e+10  4.33%  50.2 1900s
 159736   368 infeasible   57      7.3248e+10 7.6416e+10  4.33%  50.3 1905s
 160105   357 infeasible   60      7.3248e+10 7.6416e+10  4.33%  50.3 1910s
 160382   360 7.6416e+10   63   21 7.3248e+10 7.6416e+10  4.33%  50.3 1915s
 160733   362 7.6416e+10   52   16 7.3248e+10 7.6416e+10  4.33%  50.3 1920s
 161027   370 7.6416e+10   54   34 7.3248e+10 7.6416e+10  4.33%  50.4 1925s
 161321   373 7.6416e+10   67   42 7.3248e+10 7.6416e+10  4.33%  50.4 1930s
 161603   369 7.6416e+10   62   35 7.3248e+10 7.6416e+10  4.33%  50.5 1935s
 161899   373 7.6416e+10   71   27 7.3248e+10 7.6416e+10  4.33%  50.5 1940s
 162199   373 infeasible   67      7.3248e+10 7.6416e+10  4.33%  50.6 1945s
 162438   366 7.6416e+10   63   37 7.3248e+10 7.6416e+10  4.33%  50.6 1950s
 162761   373 infeasible   62      7.3248e+10 7.6416e+10  4.33%  50.6 1955s
 163087   372 infeasible   65      7.3248e+10 7.6416e+10  4.33%  50.6 1960s
 163372   369 infeasible   63      7.3248e+10 7.6416e+10  4.33%  50.7 1965s
 163761   374 7.6416e+10   59   20 7.3248e+10 7.6416e+10  4.33%  50.7 1970s
 163980   379 7.6416e+10   67   15 7.3248e+10 7.6416e+10  4.33%  50.7 1975s
 164348   365 infeasible   56      7.3248e+10 7.6416e+10  4.33%  50.8 1980s
 164661   359 infeasible   59      7.3248e+10 7.6416e+10  4.33%  50.8 1985s
 165019   356 infeasible   62      7.3248e+10 7.6416e+10  4.33%  50.8 1990s
 165265   380 7.6416e+10   73   21 7.3248e+10 7.6416e+10  4.33%  50.8 1995s
 165611   358 7.6416e+10   62   22 7.3248e+10 7.6416e+10  4.33%  50.9 2001s
 165842   357 infeasible   68      7.3248e+10 7.6416e+10  4.33%  50.9 2005s
 166194   373 infeasible   65      7.3248e+10 7.6416e+10  4.33%  50.9 2010s
 166495   373 infeasible   65      7.3248e+10 7.6416e+10  4.33%  50.9 2015s
 166761   369 infeasible   57      7.3248e+10 7.6416e+10  4.33%  51.0 2020s
 167095   386 7.6416e+10   66   21 7.3248e+10 7.6416e+10  4.33%  51.0 2025s
 167350   371 infeasible   59      7.3248e+10 7.6416e+10  4.33%  51.0 2030s
 167650   377 infeasible   61      7.3248e+10 7.6416e+10  4.33%  51.1 2035s
 167982   369 7.6416e+10   58   35 7.3248e+10 7.6416e+10  4.33%  51.1 2040s
 168292   365 7.6416e+10   69   26 7.3248e+10 7.6416e+10  4.33%  51.1 2045s
 168647   357 infeasible   64      7.3248e+10 7.6416e+10  4.33%  51.1 2050s
 168871   350 7.6416e+10   55   81 7.3248e+10 7.6416e+10  4.33%  51.2 2055s
 169248   342 7.6416e+10   55   41 7.3248e+10 7.6416e+10  4.33%  51.2 2060s
 169533   345 7.6416e+10   60   20 7.3248e+10 7.6416e+10  4.33%  51.2 2065s
 169863   335 infeasible   60      7.3248e+10 7.6416e+10  4.33%  51.3 2070s
 170149   340 infeasible   58      7.3248e+10 7.6416e+10  4.33%  51.3 2075s
 170484   330 infeasible   60      7.3248e+10 7.6416e+10  4.33%  51.3 2080s
 170779   327 7.6416e+10   53   37 7.3248e+10 7.6416e+10  4.33%  51.3 2085s
 171071   325 infeasible   57      7.3248e+10 7.6416e+10  4.33%  51.4 2090s
 171400   328 7.6416e+10   56   41 7.3248e+10 7.6416e+10  4.33%  51.4 2095s
 171531   325 infeasible   56      7.3248e+10 7.6416e+10  4.33%  51.4 2100s
 171864   328 7.6416e+10   56   35 7.3248e+10 7.6416e+10  4.33%  51.4 2105s
 172122   326 7.6416e+10   54   21 7.3248e+10 7.6416e+10  4.33%  51.5 2110s
 172468   336 infeasible   57      7.3248e+10 7.6416e+10  4.33%  51.5 2115s
 172652   328 7.6416e+10   52   44 7.3248e+10 7.6416e+10  4.33%  51.5 2120s
 173005   327 7.6416e+10   53   36 7.3248e+10 7.6416e+10  4.33%  51.6 2125s
 173303   335 infeasible   66      7.3248e+10 7.6416e+10  4.33%  51.6 2130s
 173614   332 infeasible   60      7.3248e+10 7.6416e+10  4.33%  51.6 2135s
 173934   328 7.6416e+10   56   47 7.3248e+10 7.6416e+10  4.33%  51.6 2140s
 174229   335 infeasible   59      7.3248e+10 7.6416e+10  4.33%  51.6 2145s
 174552   334 infeasible   57      7.3248e+10 7.6416e+10  4.33%  51.6 2150s
 174870   338 7.6416e+10   56   57 7.3248e+10 7.6416e+10  4.33%  51.7 2156s
 175113   345 infeasible   69      7.3248e+10 7.6416e+10  4.33%  51.7 2160s
 175318   340 7.6416e+10   68   40 7.3248e+10 7.6416e+10  4.33%  51.8 2165s
 175717   351 7.6416e+10   66   30 7.3248e+10 7.6416e+10  4.33%  51.8 2170s
 175984   344 7.6416e+10   59   42 7.3248e+10 7.6416e+10  4.33%  51.8 2175s
 176276   344 infeasible   65      7.3248e+10 7.6416e+10  4.33%  51.8 2180s
 176530   334 infeasible   62      7.3248e+10 7.6416e+10  4.33%  51.9 2185s
 176878   337 7.6416e+10   61   33 7.3248e+10 7.6416e+10  4.33%  51.9 2190s
 177159   331 7.6416e+10   57   29 7.3248e+10 7.6416e+10  4.33%  51.9 2195s
 177386   348 7.6416e+10   60   29 7.3248e+10 7.6416e+10  4.33%  51.9 2200s
 177786   348 7.6416e+10   59   51 7.3248e+10 7.6416e+10  4.33%  52.0 2205s
 178046   344 7.6416e+10   61   20 7.3248e+10 7.6416e+10  4.33%  52.0 2210s
 178320   345 7.6416e+10   54   17 7.3248e+10 7.6416e+10  4.33%  52.0 2215s
 178684   357 infeasible   57      7.3248e+10 7.6416e+10  4.33%  52.0 2220s
 178991   370 7.6416e+10   62   33 7.3248e+10 7.6416e+10  4.33%  52.1 2225s
 179355   358 7.6416e+10   62   10 7.3248e+10 7.6416e+10  4.33%  52.1 2230s
 179588   343 7.6416e+10   59   46 7.3248e+10 7.6416e+10  4.33%  52.1 2235s
 179967   342 7.6416e+10   54   54 7.3248e+10 7.6416e+10  4.33%  52.1 2240s
 180239   345 infeasible   56      7.3248e+10 7.6416e+10  4.33%  52.1 2245s
 180567   357 7.6416e+10   62   37 7.3248e+10 7.6416e+10  4.33%  52.2 2250s
 180854   332 7.6416e+10   58   26 7.3248e+10 7.6416e+10  4.33%  52.2 2255s
 181143   323 7.6416e+10   53   43 7.3248e+10 7.6416e+10  4.33%  52.2 2260s
 181408   332 7.6416e+10   53   42 7.3248e+10 7.6416e+10  4.33%  52.2 2265s
 181716   338 7.6416e+10   64   12 7.3248e+10 7.6416e+10  4.33%  52.3 2270s
 182090   324 7.6416e+10   51   27 7.3248e+10 7.6416e+10  4.33%  52.3 2275s
 182372   322 infeasible   60      7.3248e+10 7.6416e+10  4.33%  52.3 2280s
 182666   335 7.6416e+10   56   24 7.3248e+10 7.6416e+10  4.33%  52.3 2285s
 182902   341 7.6416e+10   64   20 7.3248e+10 7.6416e+10  4.33%  52.4 2290s
 183105   339 infeasible   63      7.3248e+10 7.6416e+10  4.33%  52.4 2295s
 183411   331 infeasible   58      7.3248e+10 7.6416e+10  4.33%  52.4 2300s
 183610   330 7.6416e+10   57   70 7.3248e+10 7.6416e+10  4.33%  52.5 2305s
 183868   338 infeasible   59      7.3248e+10 7.6416e+10  4.33%  52.5 2310s
 184093   323 7.6416e+10   57   66 7.3248e+10 7.6416e+10  4.33%  52.6 2315s
 184360   334 7.6416e+10   59   41 7.3248e+10 7.6416e+10  4.33%  52.6 2320s
 184582   348 7.6416e+10   52   55 7.3248e+10 7.6416e+10  4.33%  52.7 2325s
 184874   344 infeasible   50      7.3248e+10 7.6416e+10  4.33%  52.7 2330s
 185149   357 infeasible   63      7.3248e+10 7.6416e+10  4.33%  52.7 2335s
 185370   366 7.6416e+10   63   20 7.3248e+10 7.6416e+10  4.33%  52.7 2340s
 185735   354 infeasible   69      7.3248e+10 7.6416e+10  4.33%  52.7 2345s
 185988   327 infeasible   64      7.3248e+10 7.6416e+10  4.33%  52.8 2350s
 186267   332 infeasible   63      7.3248e+10 7.6416e+10  4.33%  52.8 2355s
 186568   331 7.6416e+10   57   36 7.3248e+10 7.6416e+10  4.33%  52.8 2360s
 186826   325 7.6416e+10   56   36 7.3248e+10 7.6416e+10  4.33%  52.8 2365s
 187127   338 7.6416e+10   57   47 7.3248e+10 7.6416e+10  4.33%  52.9 2370s
 187434   351 7.6416e+10   65   26 7.3248e+10 7.6416e+10  4.33%  52.9 2375s
 187757   346 7.6416e+10   57   58 7.3248e+10 7.6416e+10  4.33%  52.9 2380s
 187997   360 7.6416e+10   65   42 7.3248e+10 7.6416e+10  4.33%  53.0 2385s
 188301   346 7.6416e+10   56   71 7.3248e+10 7.6416e+10  4.33%  53.0 2390s
 188545   342 7.6416e+10   60   76 7.3248e+10 7.6416e+10  4.33%  53.0 2395s
 188840   335 7.6416e+10   57   55 7.3248e+10 7.6416e+10  4.33%  53.0 2400s
 188986   339 7.6416e+10   53   60 7.3248e+10 7.6416e+10  4.33%  53.1 2405s
 189300   341 7.6416e+10   61   27 7.3248e+10 7.6416e+10  4.33%  53.1 2410s
 189660   339 7.6416e+10   60   22 7.3248e+10 7.6416e+10  4.33%  53.1 2415s
 189911   336 7.6416e+10   54   24 7.3248e+10 7.6416e+10  4.33%  53.2 2420s
 190179   338 7.6416e+10   52   34 7.3248e+10 7.6416e+10  4.33%  53.2 2425s
 190512   341 7.6416e+10   65   12 7.3248e+10 7.6416e+10  4.33%  53.2 2430s
 190729   320 infeasible   56      7.3248e+10 7.6416e+10  4.33%  53.2 2435s
 191070   322 infeasible   60      7.3248e+10 7.6416e+10  4.33%  53.2 2440s
 191317   335 7.6416e+10   55   47 7.3248e+10 7.6416e+10  4.33%  53.3 2445s
 191657   332 7.6416e+10   51   55 7.3248e+10 7.6416e+10  4.33%  53.3 2450s
 191980   333 7.6416e+10   56   25 7.3248e+10 7.6416e+10  4.33%  53.3 2455s
 192165   332 7.6416e+10   63   16 7.3248e+10 7.6416e+10  4.33%  53.3 2460s
 192488   338 7.6416e+10   60   31 7.3248e+10 7.6416e+10  4.33%  53.3 2465s
 192796   340 7.6416e+10   56   13 7.3248e+10 7.6416e+10  4.33%  53.3 2470s
 193036   332 infeasible   61      7.3248e+10 7.6416e+10  4.33%  53.3 2475s
 193401   349 7.6416e+10   57   20 7.3248e+10 7.6416e+10  4.33%  53.4 2480s
 193671   341 7.6416e+10   57   36 7.3248e+10 7.6416e+10  4.33%  53.4 2486s
 193911   347 infeasible   63      7.3248e+10 7.6416e+10  4.33%  53.4 2490s
 194224   340 infeasible   60      7.3248e+10 7.6416e+10  4.33%  53.4 2495s
 194508   323 7.6416e+10   59   38 7.3248e+10 7.6416e+10  4.33%  53.4 2500s
 194880   332 infeasible   64      7.3248e+10 7.6416e+10  4.33%  53.4 2505s
 195230   336 7.6416e+10   64   39 7.3248e+10 7.6416e+10  4.33%  53.4 2510s
 195577   336 7.6416e+10   66   22 7.3248e+10 7.6416e+10  4.33%  53.4 2515s
 195887   331 7.6416e+10   60   17 7.3248e+10 7.6416e+10  4.33%  53.4 2520s
 196252   326 infeasible   60      7.3248e+10 7.6416e+10  4.33%  53.4 2525s
 196589   339 7.6416e+10   62    9 7.3248e+10 7.6416e+10  4.33%  53.4 2530s
 196914   337 7.6416e+10   60   11 7.3248e+10 7.6416e+10  4.33%  53.4 2535s
 197331   341 infeasible   63      7.3248e+10 7.6416e+10  4.33%  53.4 2540s
 197610   344 infeasible   64      7.3248e+10 7.6416e+10  4.33%  53.4 2545s
 197898   343 7.6416e+10   61   39 7.3248e+10 7.6416e+10  4.33%  53.4 2550s
 198283   330 infeasible   53      7.3248e+10 7.6416e+10  4.33%  53.5 2555s
 198541   318 infeasible   57      7.3248e+10 7.6416e+10  4.33%  53.5 2560s
 198877   315 infeasible   63      7.3248e+10 7.6416e+10  4.33%  53.5 2565s
 199120   300 infeasible   61      7.3248e+10 7.6416e+10  4.33%  53.5 2570s
 199362   300 7.6416e+10   54   34 7.3248e+10 7.6416e+10  4.33%  53.5 2575s
 199664   308 7.6416e+10   59   41 7.3248e+10 7.6416e+10  4.33%  53.5 2581s
 199892   304 7.6416e+10   59   52 7.3248e+10 7.6416e+10  4.33%  53.6 2585s
 200173   307 7.6416e+10   62   37 7.3248e+10 7.6416e+10  4.33%  53.6 2590s
 200462   294 7.6416e+10   50   56 7.3248e+10 7.6416e+10  4.33%  53.6 2595s
 200699   295 7.6416e+10   49   43 7.3248e+10 7.6416e+10  4.33%  53.6 2600s
 201025   307 7.6416e+10   58   11 7.3248e+10 7.6416e+10  4.33%  53.7 2605s
 201268   298 infeasible   56      7.3248e+10 7.6416e+10  4.33%  53.7 2610s
 201602   290 7.6416e+10   48   43 7.3248e+10 7.6416e+10  4.33%  53.7 2615s
 201864   310 infeasible   68      7.3248e+10 7.6416e+10  4.33%  53.7 2620s
 202211   320 7.6416e+10   61   47 7.3248e+10 7.6416e+10  4.33%  53.7 2625s
 202453   322 7.6416e+10   65   29 7.3248e+10 7.6416e+10  4.33%  53.8 2630s
 202741   326 infeasible   67      7.3248e+10 7.6416e+10  4.33%  53.8 2635s
 203007   298 infeasible   59      7.3248e+10 7.6416e+10  4.33%  53.8 2640s
 203192   303 7.6416e+10   61   59 7.3248e+10 7.6416e+10  4.33%  53.9 2645s
 203488   313 7.6416e+10   58   50 7.3248e+10 7.6416e+10  4.33%  53.9 2650s
 203745   309 infeasible   67      7.3248e+10 7.6416e+10  4.33%  53.9 2655s
 204007   301 7.6416e+10   53   63 7.3248e+10 7.6416e+10  4.33%  54.0 2660s
 204255   313 7.6416e+10   56   33 7.3248e+10 7.6416e+10  4.33%  54.0 2665s
 204494   308 infeasible   58      7.3248e+10 7.6416e+10  4.33%  54.0 2670s
 204789   305 7.6416e+10   52   63 7.3248e+10 7.6416e+10  4.33%  54.1 2675s
 205005   311 infeasible   63      7.3248e+10 7.6416e+10  4.33%  54.1 2680s
 205364   302 infeasible   62      7.3248e+10 7.6416e+10  4.33%  54.1 2685s
 205642   298 infeasible   63      7.3248e+10 7.6416e+10  4.33%  54.1 2690s
 205935   315 7.6416e+10   62   44 7.3248e+10 7.6416e+10  4.33%  54.1 2695s
 206220   328 7.6416e+10   59   40 7.3248e+10 7.6416e+10  4.33%  54.1 2700s
 206556   336 7.6416e+10   65   45 7.3248e+10 7.6416e+10  4.33%  54.1 2705s
 206811   326 7.6416e+10   60   25 7.3248e+10 7.6416e+10  4.33%  54.2 2710s
 207154   318 7.6416e+10   63   24 7.3248e+10 7.6416e+10  4.33%  54.2 2715s
 207403   311 infeasible   65      7.3248e+10 7.6416e+10  4.33%  54.2 2720s
 207680   316 7.6416e+10   66   20 7.3248e+10 7.6416e+10  4.33%  54.2 2725s
 207966   315 7.6416e+10   54   23 7.3248e+10 7.6416e+10  4.33%  54.3 2730s
 208175   318 infeasible   63      7.3248e+10 7.6416e+10  4.33%  54.3 2735s
 208464   332 7.6416e+10   60   17 7.3248e+10 7.6416e+10  4.33%  54.3 2740s
 208858   324 infeasible   65      7.3248e+10 7.6416e+10  4.33%  54.3 2745s
 209141   338 infeasible   67      7.3248e+10 7.6416e+10  4.33%  54.3 2750s
 209568   344 7.6416e+10   62   33 7.3248e+10 7.6416e+10  4.33%  54.3 2755s
 209840   341 infeasible   72      7.3248e+10 7.6416e+10  4.33%  54.3 2760s
 210179   338 infeasible   68      7.3248e+10 7.6416e+10  4.33%  54.3 2765s
 210615   334 7.6416e+10   70   14 7.3248e+10 7.6416e+10  4.33%  54.2 2770s
 210931   340 7.6416e+10   65   34 7.3248e+10 7.6416e+10  4.33%  54.2 2775s
 211346   336 infeasible   65      7.3248e+10 7.6416e+10  4.33%  54.2 2780s
 211611   343 infeasible   66      7.3248e+10 7.6416e+10  4.33%  54.2 2785s
 211995   359 7.6416e+10   68   27 7.3248e+10 7.6416e+10  4.33%  54.2 2790s
 212298   348 7.6416e+10   59   26 7.3248e+10 7.6416e+10  4.33%  54.2 2795s
 212648   350 7.6416e+10   69    7 7.3248e+10 7.6416e+10  4.33%  54.2 2800s
 212967   356 7.6416e+10   67   38 7.3248e+10 7.6416e+10  4.33%  54.2 2805s
 213258   342 infeasible   63      7.3248e+10 7.6416e+10  4.33%  54.2 2810s
 213473   337 infeasible   63      7.3248e+10 7.6416e+10  4.33%  54.2 2815s
 213796   346 7.6416e+10   69   12 7.3248e+10 7.6416e+10  4.33%  54.2 2820s
 213991   335 7.6416e+10   58   32 7.3248e+10 7.6416e+10  4.33%  54.2 2825s
 214412   332 infeasible   61      7.3248e+10 7.6416e+10  4.33%  54.2 2830s
 214721   328 7.6416e+10   54   14 7.3248e+10 7.6416e+10  4.33%  54.2 2835s
 215079   330 7.6416e+10   58   24 7.3248e+10 7.6416e+10  4.33%  54.2 2840s
 215217   330 7.6416e+10   64   58 7.3248e+10 7.6416e+10  4.33%  54.2 2845s
 215526   347 7.6416e+10   62   28 7.3248e+10 7.6416e+10  4.33%  54.3 2850s
 215820   339 infeasible   67      7.3248e+10 7.6416e+10  4.33%  54.3 2855s
 216003   338 7.6416e+10   68   32 7.3248e+10 7.6416e+10  4.33%  54.3 2860s
 216346   344 7.6416e+10   68   35 7.3248e+10 7.6416e+10  4.33%  54.4 2865s
 216616   342 infeasible   70      7.3248e+10 7.6416e+10  4.33%  54.4 2870s
 216935   345 infeasible   69      7.3248e+10 7.6416e+10  4.33%  54.4 2875s
 217255   347 infeasible   74      7.3248e+10 7.6416e+10  4.33%  54.4 2880s
 217559   335 7.6416e+10   70   62 7.3248e+10 7.6416e+10  4.33%  54.4 2885s
 217823   331 7.6416e+10   72   35 7.3248e+10 7.6416e+10  4.33%  54.4 2890s
 218085   325 7.6416e+10   58   39 7.3248e+10 7.6416e+10  4.33%  54.4 2895s
 218339   321 7.6416e+10   57   38 7.3248e+10 7.6416e+10  4.33%  54.5 2900s
 218642   325 infeasible   59      7.3248e+10 7.6416e+10  4.33%  54.5 2905s
 218916   335 infeasible   69      7.3248e+10 7.6416e+10  4.33%  54.5 2910s
 219292   326 7.6416e+10   63   66 7.3248e+10 7.6416e+10  4.33%  54.5 2915s
 219478   330 7.6416e+10   59   43 7.3248e+10 7.6416e+10  4.33%  54.5 2920s
 219835   331 7.6416e+10   66   74 7.3248e+10 7.6416e+10  4.33%  54.5 2925s
 220023   329 infeasible   68      7.3248e+10 7.6416e+10  4.33%  54.5 2930s
 220304   347 7.6416e+10   59   31 7.3248e+10 7.6416e+10  4.33%  54.6 2935s
 220578   341 infeasible   65      7.3248e+10 7.6416e+10  4.33%  54.6 2940s
 220789   352 7.6416e+10   59   46 7.3248e+10 7.6416e+10  4.33%  54.6 2945s
 221134   351 7.6416e+10   63   30 7.3248e+10 7.6416e+10  4.33%  54.6 2950s
 221392   351 7.6416e+10   61   42 7.3248e+10 7.6416e+10  4.33%  54.6 2955s
 221644   363 infeasible   65      7.3248e+10 7.6416e+10  4.33%  54.7 2960s
 221871   360 infeasible   74      7.3248e+10 7.6416e+10  4.33%  54.7 2965s
 222164   351 7.6416e+10   62   29 7.3248e+10 7.6416e+10  4.33%  54.7 2970s
 222460   346 7.6416e+10   63   36 7.3248e+10 7.6416e+10  4.33%  54.7 2975s
 222764   342 7.6416e+10   60   43 7.3248e+10 7.6416e+10  4.33%  54.7 2980s
 222982   342 infeasible   62      7.3248e+10 7.6416e+10  4.33%  54.7 2985s
 223255   343 7.6416e+10   64   26 7.3248e+10 7.6416e+10  4.33%  54.8 2990s
 223585   346 7.6416e+10   68   25 7.3248e+10 7.6416e+10  4.33%  54.8 2995s
 223874   363 infeasible   66      7.3248e+10 7.6416e+10  4.33%  54.8 3000s
 224118   357 7.6416e+10   67   27 7.3248e+10 7.6416e+10  4.33%  54.8 3005s
 224452   343 7.6416e+10   64   23 7.3248e+10 7.6416e+10  4.33%  54.8 3010s
 224788   337 infeasible   72      7.3248e+10 7.6416e+10  4.33%  54.8 3015s
 224978   350 infeasible   68      7.3248e+10 7.6416e+10  4.33%  54.8 3020s
 225365   338 infeasible   71      7.3248e+10 7.6416e+10  4.33%  54.8 3025s
 225603   356 7.6416e+10   68   37 7.3248e+10 7.6416e+10  4.33%  54.8 3030s
 225973   350 7.6416e+10   67   22 7.3248e+10 7.6416e+10  4.33%  54.8 3035s
 226216   345 infeasible   65      7.3248e+10 7.6416e+10  4.33%  54.8 3040s
 226468   355 infeasible   69      7.3248e+10 7.6416e+10  4.33%  54.9 3045s
 226722   343 7.6416e+10   57   47 7.3248e+10 7.6416e+10  4.33%  54.9 3050s
 226992   343 infeasible   67      7.3248e+10 7.6416e+10  4.33%  54.9 3055s
 227273   359 7.6416e+10   62   24 7.3248e+10 7.6416e+10  4.33%  54.9 3060s
 227521   353 7.6416e+10   61   35 7.3248e+10 7.6416e+10  4.33%  54.9 3065s
 227855   349 7.6416e+10   57   33 7.3248e+10 7.6416e+10  4.33%  54.9 3070s
 228042   344 7.6416e+10   64   45 7.3248e+10 7.6416e+10  4.33%  54.9 3075s
 228292   326 7.6416e+10   60   21 7.3248e+10 7.6416e+10  4.33%  55.0 3080s
 228539   329 7.6416e+10   61   15 7.3248e+10 7.6416e+10  4.33%  55.0 3085s
 228837   329 7.6416e+10   60   36 7.3248e+10 7.6416e+10  4.33%  55.0 3090s
 229127   328 7.6416e+10   61   74 7.3248e+10 7.6416e+10  4.33%  55.0 3095s
 229321   326 infeasible   68      7.3248e+10 7.6416e+10  4.33%  55.0 3100s
 229651   308 7.6416e+10   59   34 7.3248e+10 7.6416e+10  4.33%  55.0 3105s
 229909   318 infeasible   55      7.3248e+10 7.6416e+10  4.33%  55.1 3110s
 230157   306 infeasible   59      7.3248e+10 7.6416e+10  4.33%  55.1 3115s
 230427   322 7.6416e+10   63   35 7.3248e+10 7.6416e+10  4.33%  55.1 3120s
 230660   317 7.6416e+10   61   32 7.3248e+10 7.6416e+10  4.33%  55.1 3125s
 230982   307 7.6416e+10   55   56 7.3248e+10 7.6416e+10  4.33%  55.1 3130s
 231238   311 7.6416e+10   57   36 7.3248e+10 7.6416e+10  4.33%  55.1 3135s
 231548   301 infeasible   57      7.3248e+10 7.6416e+10  4.33%  55.1 3140s
 231807   298 7.6416e+10   55   31 7.3248e+10 7.6416e+10  4.33%  55.2 3145s
 232070   301 7.6416e+10   58   37 7.3248e+10 7.6416e+10  4.33%  55.2 3150s
 232234   301 7.6416e+10   58   47 7.3248e+10 7.6416e+10  4.33%  55.2 3155s
 232517   308 7.6416e+10   57   26 7.3248e+10 7.6416e+10  4.33%  55.3 3160s
 232718   302 7.6416e+10   53   34 7.3248e+10 7.6416e+10  4.33%  55.2 3165s
 233038   294 7.6416e+10   55   27 7.3248e+10 7.6416e+10  4.33%  55.3 3170s
 233270   296 infeasible   58      7.3248e+10 7.6416e+10  4.33%  55.3 3175s
 233623   290 7.6416e+10   53   36 7.3248e+10 7.6416e+10  4.33%  55.3 3180s
 233844   295 7.6416e+10   58   21 7.3248e+10 7.6416e+10  4.33%  55.3 3185s
 234106   301 7.6416e+10   65   39 7.3248e+10 7.6416e+10  4.33%  55.3 3190s
 234394   293 infeasible   65      7.3248e+10 7.6416e+10  4.33%  55.3 3195s
 234662   309 infeasible   65      7.3248e+10 7.6416e+10  4.33%  55.4 3200s
 234863   314 infeasible   60      7.3248e+10 7.6416e+10  4.33%  55.4 3205s
 235145   306 infeasible   65      7.3248e+10 7.6416e+10  4.33%  55.4 3210s
 235360   319 infeasible   64      7.3248e+10 7.6416e+10  4.33%  55.4 3215s
 235612   319 7.6416e+10   68   15 7.3248e+10 7.6416e+10  4.33%  55.4 3220s
 235838   317 infeasible   64      7.3248e+10 7.6416e+10  4.33%  55.4 3225s
 236014   325 7.6416e+10   60   58 7.3248e+10 7.6416e+10  4.33%  55.4 3230s
 236279   320 7.6416e+10   64   47 7.3248e+10 7.6416e+10  4.33%  55.5 3235s
 236548   320 7.6416e+10   60   44 7.3248e+10 7.6416e+10  4.33%  55.5 3240s
 236902   307 7.6416e+10   54   41 7.3248e+10 7.6416e+10  4.33%  55.5 3245s
 237107   318 7.6416e+10   65   19 7.3248e+10 7.6416e+10  4.33%  55.5 3250s
 237489   309 infeasible   66      7.3248e+10 7.6416e+10  4.33%  55.5 3255s
 237723   297 7.6416e+10   52   45 7.3248e+10 7.6416e+10  4.33%  55.5 3260s
 237958   310 7.6416e+10   61   28 7.3248e+10 7.6416e+10  4.33%  55.5 3265s
 238173   301 infeasible   54      7.3248e+10 7.6416e+10  4.33%  55.5 3270s
 238438   296 infeasible   56      7.3248e+10 7.6416e+10  4.33%  55.5 3275s
 238630   306 infeasible   65      7.3248e+10 7.6416e+10  4.33%  55.6 3280s
 238906   316 7.6416e+10   63   41 7.3248e+10 7.6416e+10  4.33%  55.6 3285s
 239137   319 7.6416e+10   63   42 7.3248e+10 7.6416e+10  4.33%  55.6 3290s
 239406   326 7.6416e+10   62   20 7.3248e+10 7.6416e+10  4.33%  55.6 3296s
 239652   318 infeasible   60      7.3248e+10 7.6416e+10  4.33%  55.6 3300s
 239884   318 7.6416e+10   62   55 7.3248e+10 7.6416e+10  4.33%  55.6 3305s
 240102   312 7.6416e+10   57   50 7.3248e+10 7.6416e+10  4.33%  55.6 3310s
 240413   317 7.6416e+10   59   74 7.3248e+10 7.6416e+10  4.33%  55.7 3315s
 240610   322 7.6416e+10   67   32 7.3248e+10 7.6416e+10  4.33%  55.7 3320s
 240939   319 7.6416e+10   63   31 7.3248e+10 7.6416e+10  4.33%  55.7 3325s
 241111   323 7.6416e+10   64   33 7.3248e+10 7.6416e+10  4.33%  55.7 3330s
 241393   315 7.6416e+10   64   45 7.3248e+10 7.6416e+10  4.33%  55.7 3335s
 241556   316 7.6416e+10   58   28 7.3248e+10 7.6416e+10  4.33%  55.7 3340s
 241820   313 7.6416e+10   60   46 7.3248e+10 7.6416e+10  4.33%  55.8 3345s
 242044   311 7.6416e+10   60   28 7.3248e+10 7.6416e+10  4.33%  55.8 3350s
 242263   320 infeasible   61      7.3248e+10 7.6416e+10  4.33%  55.8 3355s
 242521   326 7.6416e+10   55   19 7.3248e+10 7.6416e+10  4.33%  55.8 3360s
 242770   315 7.6416e+10   63   54 7.3248e+10 7.6416e+10  4.33%  55.9 3365s
 243006   328 7.6416e+10   65   20 7.3248e+10 7.6416e+10  4.33%  55.9 3370s
 243248   316 infeasible   56      7.3248e+10 7.6416e+10  4.33%  55.9 3375s
 243487   324 infeasible   67      7.3248e+10 7.6416e+10  4.33%  55.9 3380s
 243744   313 7.6416e+10   64   64 7.3248e+10 7.6416e+10  4.33%  55.9 3385s
 243966   311 7.6416e+10   60   43 7.3248e+10 7.6416e+10  4.33%  56.0 3390s
 244161   326 infeasible   58      7.3248e+10 7.6416e+10  4.33%  56.0 3395s
 244444   325 7.6416e+10   64   20 7.3248e+10 7.6416e+10  4.33%  56.0 3400s
 244638   319 7.6416e+10   64   25 7.3248e+10 7.6416e+10  4.33%  56.0 3405s
 244933   308 7.6416e+10   60   44 7.3248e+10 7.6416e+10  4.33%  56.0 3410s
 245129   308 7.6416e+10   58   32 7.3248e+10 7.6416e+10  4.33%  56.0 3415s
 245422   315 infeasible   58      7.3248e+10 7.6416e+10  4.33%  56.1 3420s
 245677   320 7.6416e+10   55   22 7.3248e+10 7.6416e+10  4.33%  56.1 3425s
 245933   329 7.6416e+10   60   21 7.3248e+10 7.6416e+10  4.33%  56.1 3430s
 246103   329 infeasible   70      7.3248e+10 7.6416e+10  4.33%  56.1 3435s
 246352   317 infeasible   56      7.3248e+10 7.6416e+10  4.33%  56.1 3440s
 246609   310 7.6416e+10   57   32 7.3248e+10 7.6416e+10  4.33%  56.1 3445s
 246756   307 7.6416e+10   54   18 7.3248e+10 7.6416e+10  4.33%  56.1 3450s
 247052   309 infeasible   66      7.3248e+10 7.6416e+10  4.33%  56.2 3455s
 247174   319 7.6416e+10   64   20 7.3248e+10 7.6416e+10  4.33%  56.2 3460s
 247514   309 7.6416e+10   60   54 7.3248e+10 7.6416e+10  4.33%  56.2 3465s
 247823   312 7.6416e+10   66    9 7.3248e+10 7.6416e+10  4.33%  56.2 3471s
 248116   308 7.6416e+10   58   43 7.3248e+10 7.6416e+10  4.33%  56.2 3475s
 248470   323 infeasible   67      7.3248e+10 7.6416e+10  4.33%  56.2 3480s
 248691   314 infeasible   63      7.3248e+10 7.6416e+10  4.33%  56.2 3485s
 248994   308 7.6416e+10   50   85 7.3248e+10 7.6416e+10  4.33%  56.2 3490s
 249141   307 7.6416e+10   53   48 7.3248e+10 7.6416e+10  4.33%  56.3 3495s
 249418   328 infeasible   63      7.3248e+10 7.6416e+10  4.33%  56.3 3500s
 249618   344 7.6416e+10   71   31 7.3248e+10 7.6416e+10  4.33%  56.3 3505s
 249923   333 infeasible   68      7.3248e+10 7.6416e+10  4.33%  56.3 3510s
 250178   337 infeasible   73      7.3248e+10 7.6416e+10  4.33%  56.3 3515s
 250409   326 7.6416e+10   55   49 7.3248e+10 7.6416e+10  4.33%  56.3 3520s
 250653   342 infeasible   65      7.3248e+10 7.6416e+10  4.33%  56.4 3525s
 250829   336 infeasible   67      7.3248e+10 7.6416e+10  4.33%  56.4 3530s
 251025   342 infeasible   69      7.3248e+10 7.6416e+10  4.33%  56.4 3535s
 251316   345 infeasible   77      7.3248e+10 7.6416e+10  4.33%  56.4 3540s
 251497   348 infeasible   71      7.3248e+10 7.6416e+10  4.33%  56.4 3545s
 251755   344 7.6416e+10   68   71 7.3248e+10 7.6416e+10  4.33%  56.5 3550s
 251947   338 7.6416e+10   58   49 7.3248e+10 7.6416e+10  4.33%  56.5 3555s
 252227   343 infeasible   73      7.3248e+10 7.6416e+10  4.33%  56.5 3560s
 252446   344 7.6416e+10   76   43 7.3248e+10 7.6416e+10  4.33%  56.5 3565s
 252724   344 7.6416e+10   58   40 7.3248e+10 7.6416e+10  4.33%  56.5 3570s
 252983   349 infeasible   75      7.3248e+10 7.6416e+10  4.33%  56.5 3575s
 253252   348 infeasible   69      7.3248e+10 7.6416e+10  4.33%  56.5 3580s
 253423   337 infeasible   63      7.3248e+10 7.6416e+10  4.33%  56.6 3585s
 253698   350 7.6416e+10   65   39 7.3248e+10 7.6416e+10  4.33%  56.6 3590s
 254045   341 7.6416e+10   71   20 7.3248e+10 7.6416e+10  4.33%  56.6 3595s

Cutting planes:
  Learned: 237
  Gomory: 50
  Lift-and-project: 8
  Cover: 2461
  Implied bound: 614
  Projected implied bound: 3
  Clique: 19
  MIR: 55
  Mixing: 3
  StrongCG: 4
  Flow cover: 304
  GUB cover: 12
  Inf proof: 2302
  Zero half: 3
  RLT: 11
  Relax-and-lift: 232

Explored 254230 nodes (14402104 simplex iterations) in 3599.19 seconds (1802.62 work units)
Thread count was 1 (of 28 available processors)

Solution count 3: 7.3248e+10 7.13616e+10 6.93312e+10 

Time limit reached
Best objective 7.324800000000e+10, best bound 7.641600000000e+10, gap 4.3250%

User-callback calls 1905607, time in user-callback 1.51 sec