Gurobi Optimizer version 12.0.3 build v12.0.3rc0 (linux64 - "Oracle Linux Server 9.4")

CPU model: Intel(R) Xeon(R) CPU E5-2660 v4 @ 2.00GHz, instruction set [SSE2|AVX|AVX2]
Thread count: 28 physical cores, 28 logical processors, using up to 1 threads

Non-default parameters:
TimeLimit  3595.100230669
SoftMemLimit  16
NumericFocus  1
Threads  1

Academic license 2690100 - for non-commercial use only - registered to ju___@uclm.es
Optimize a model with 51445 rows, 11565 columns and 276688 nonzeros
Model fingerprint: 0x751d8c2a
Variable types: 110 continuous, 11455 integer (11455 binary)
Coefficient statistics:
  Matrix range     [1e+00, 8e+12]
  Objective range  [1e+09, 3e+09]
  Bounds range     [1e+03, 1e+04]
  RHS range        [1e+00, 2e+14]
Warning: Model contains large matrix coefficient range
Warning: Model contains large objective coefficients
Warning: Model contains large rhs

Loaded user MIP start with objective 8.77867e+10

Presolve removed 18583 rows and 2634 columns (presolve time = 5s)...
Presolve removed 18811 rows and 2722 columns
Presolve time: 7.06s
Presolved: 32634 rows, 8843 columns, 110463 nonzeros
Variable types: 105 continuous, 8738 integer (8738 binary)

Root simplex log...

Iteration    Objective       Primal Inf.    Dual Inf.      Time
       0    9.2376658e+10   2.171377e+04   0.000000e+00      7s
    8215    9.1984595e+10   0.000000e+00   0.000000e+00      9s

Root relaxation: objective 9.198460e+10, 8215 iterations, 1.98 seconds (1.65 work units)
Total elapsed time = 10.04s (DegenMoves)

    Nodes    |    Current Node    |     Objective Bounds      |     Work
 Expl Unexpl |  Obj  Depth IntInf | Incumbent    BestBd   Gap | It/Node Time

     0     0 9.1985e+10    0  176 8.7787e+10 9.1985e+10  4.78%     -   10s
H    0     0                    8.784066e+10 9.1985e+10  4.72%     -   10s
     0     0 9.0060e+10    0  707 8.7841e+10 9.0060e+10  2.53%     -   16s
     0     0 9.0060e+10    0  684 8.7841e+10 9.0060e+10  2.53%     -   17s
     0     0 8.9588e+10    0  503 8.7841e+10 8.9588e+10  1.99%     -   18s
     0     0 8.9588e+10    0  498 8.7841e+10 8.9588e+10  1.99%     -   18s
     0     0 8.9588e+10    0  637 8.7841e+10 8.9588e+10  1.99%     -   22s
     0     0 8.9588e+10    0  551 8.7841e+10 8.9588e+10  1.99%     -   24s
     0     0 8.9588e+10    0  710 8.7841e+10 8.9588e+10  1.99%     -   27s
     0     0 8.9588e+10    0  581 8.7841e+10 8.9588e+10  1.99%     -   27s
     0     0 8.9588e+10    0  534 8.7841e+10 8.9588e+10  1.99%     -   27s
     0     0 8.9551e+10    0  491 8.7841e+10 8.9551e+10  1.95%     -   28s
     0     0 8.9551e+10    0  475 8.7841e+10 8.9551e+10  1.95%     -   28s
     0     0 8.9551e+10    0  345 8.7841e+10 8.9551e+10  1.95%     -   31s
     0     0 8.9551e+10    0  342 8.7841e+10 8.9551e+10  1.95%     -   31s
     0     0 8.9551e+10    0  465 8.7841e+10 8.9551e+10  1.95%     -   33s
     0     0 8.9551e+10    0  600 8.7841e+10 8.9551e+10  1.95%     -   36s
     0     0 8.9551e+10    0  612 8.7841e+10 8.9551e+10  1.95%     -   36s
     0     0 8.9551e+10    0  550 8.7841e+10 8.9551e+10  1.95%     -   37s
     0     0 8.9551e+10    0  388 8.7841e+10 8.9551e+10  1.95%     -   41s
     0     0 8.9551e+10    0  335 8.7841e+10 8.9551e+10  1.95%     -   42s
     0     0 8.9551e+10    0  427 8.7841e+10 8.9551e+10  1.95%     -   43s
     0     0 8.9551e+10    0  467 8.7841e+10 8.9551e+10  1.95%     -   47s
     0     0 8.9551e+10    0  335 8.7841e+10 8.9551e+10  1.95%     -   48s
     0     2 8.9264e+10    0  296 8.7841e+10 8.9264e+10  1.62%     -   53s
     3     5 8.8957e+10    2  509 8.7841e+10 8.9264e+10  1.62%  2142   55s
    27    27 8.8957e+10   14  188 8.7841e+10 8.9264e+10  1.62%   314   63s
    70    70 8.8957e+10   36  128 8.7841e+10 8.9264e+10  1.62%   167   65s
   209   158 8.8384e+10    5  513 8.7841e+10 8.8957e+10  1.27%  89.4   70s
   333   267 8.8384e+10   75   81 8.7841e+10 8.8957e+10  1.27%  73.2   75s
   625   364 8.8957e+10  136   22 8.7841e+10 8.8957e+10  1.27%  46.5   80s
   908   371 8.8957e+10  121   21 8.7841e+10 8.8957e+10  1.27%  37.0   85s
   996   389 8.8957e+10   23  335 8.7841e+10 8.8957e+10  1.27%  34.7  111s
   998   390 8.8957e+10   36  275 8.7841e+10 8.8957e+10  1.27%  34.6  119s
   999   391 8.8384e+10  102  578 8.7841e+10 8.8957e+10  1.27%  34.6  166s
  1002   393 8.8957e+10   30  385 8.7841e+10 8.8957e+10  1.27%  34.5  170s
  1003   394 8.8957e+10  101  473 8.7841e+10 8.8957e+10  1.27%  34.4  181s
  1004   394 8.8384e+10  102  569 8.7841e+10 8.8957e+10  1.27%  34.4  185s
  1005   395 8.8957e+10   38  596 8.7841e+10 8.8957e+10  1.27%  34.4  215s
  1006   396 8.8384e+10   20  582 8.7841e+10 8.8957e+10  1.27%  34.3  243s
  1007   396 8.8384e+10   55  871 8.7841e+10 8.8957e+10  1.27%  34.3  286s
  1008   397 8.8957e+10   78  756 8.7841e+10 8.8957e+10  1.27%  34.3  311s
  1009   398 8.8957e+10   33  665 8.7841e+10 8.8957e+10  1.27%  34.2  357s
  1010   398 8.8957e+10   37  912 8.7841e+10 8.8957e+10  1.27%  34.2  387s
  1011   399 8.8384e+10   35  289 8.7841e+10 8.8957e+10  1.27%  34.2  421s
  1012   400 8.8384e+10   60  484 8.7841e+10 8.8957e+10  1.27%  34.1  428s
  1013   400 8.8957e+10  123 1087 8.7841e+10 8.8957e+10  1.27%  34.1  508s
  1014   401 8.8384e+10   54 1045 8.7841e+10 8.8957e+10  1.27%  34.1  538s
  1015   402 8.8957e+10   18  588 8.7841e+10 8.8957e+10  1.27%  34.0  587s
  1016   402 8.8957e+10   14  644 8.7841e+10 8.8957e+10  1.27%  34.0  618s
  1017   403 8.8384e+10   55 1013 8.7841e+10 8.8957e+10  1.27%  34.0  667s
  1018   404 8.8384e+10   50  904 8.7841e+10 8.8957e+10  1.27%  33.9  714s
  1019   404 8.8957e+10   82  587 8.7841e+10 8.8957e+10  1.27%  33.9  735s
  1020   405 8.8957e+10   44  919 8.7841e+10 8.8957e+10  1.27%  33.9  763s
  1021   406 8.8384e+10   99  608 8.7841e+10 8.8957e+10  1.27%  33.8  778s
  1022   406 8.8957e+10   22 1140 8.7841e+10 8.8957e+10  1.27%  33.8  802s
  1023   407 8.8957e+10    6 1134 8.7841e+10 8.8957e+10  1.27%  33.8  837s
  1024   408 8.8384e+10   12  691 8.7841e+10 8.8957e+10  1.27%  33.7  853s
  1025   408 8.8384e+10   77  912 8.7841e+10 8.8957e+10  1.27%  33.7  894s
  1026   409 8.8384e+10   22  774 8.7841e+10 8.8957e+10  1.27%  33.7  944s
  1027   410 8.8384e+10   71  766 8.7841e+10 8.8957e+10  1.27%  33.6  971s
  1028   410 8.8957e+10  122  979 8.7841e+10 8.8957e+10  1.27%  33.6 1010s
  1029   411 8.8957e+10   69  979 8.7841e+10 8.8957e+10  1.27%  33.6 1126s
  1030   414 8.8957e+10   11  486 8.7841e+10 8.8957e+10  1.27%  1037 1148s
  1040   420 8.8957e+10   20  314 8.7841e+10 8.8957e+10  1.27%  1029 1150s
  1055   430 8.8957e+10   29  436 8.7841e+10 8.8957e+10  1.27%  1022 1161s
  1063   436 8.8957e+10   34  284 8.7841e+10 8.8957e+10  1.27%  1016 1165s
  1081   446 8.8957e+10   44  146 8.7841e+10 8.8957e+10  1.27%  1002 1173s
  1105   462 8.8957e+10   56  133 8.7841e+10 8.8957e+10  1.27%   981 1175s
  1107   463 8.8957e+10   58  126 8.7841e+10 8.8957e+10  1.27%   979 1186s
  1133   480 8.8957e+10   73  121 8.7841e+10 8.8957e+10  1.27%   958 1195s
  1159   498 8.8957e+10   86  123 8.7841e+10 8.8957e+10  1.27%   938 1226s
  1164   501 8.8957e+10   89  122 8.7841e+10 8.8957e+10  1.27%   934 1233s
  1180   512 8.8957e+10   98  124 8.7841e+10 8.8957e+10  1.27%   921 1235s
  1185   513 8.8957e+10  100  118 8.7841e+10 8.8957e+10  1.27%   918 1242s
  1195   520 8.8957e+10  105   95 8.7841e+10 8.8957e+10  1.27%   910 1245s
  1211   530 8.8957e+10  113   62 8.7841e+10 8.8957e+10  1.27%   898 1257s
  1219   534 8.8957e+10  117   60 8.7841e+10 8.8957e+10  1.27%   893 1260s
  1234   543 8.8957e+10  125   37 8.7841e+10 8.8957e+10  1.27%   882 1265s
  1237   543 8.8957e+10  126   25 8.7841e+10 8.8957e+10  1.27%   880 1278s
  1247   541 8.8957e+10  130   29 8.7841e+10 8.8957e+10  1.27%   873 1280s
  1263   544 8.8957e+10  114   49 8.7841e+10 8.8957e+10  1.27%   863 1295s
  1274   547 8.8957e+10  119   45 8.7841e+10 8.8957e+10  1.27%   855 1300s
  1292   545 8.8957e+10  127   43 8.7841e+10 8.8957e+10  1.27%   844 1305s
  1310   545 8.8957e+10  127   46 8.7841e+10 8.8957e+10  1.27%   833 1310s
  1331   545 8.8957e+10  136   33 8.7841e+10 8.8957e+10  1.27%   821 1315s
  1355   547 8.8957e+10  122   45 8.7841e+10 8.8957e+10  1.27%   807 1320s
  1378   549 infeasible  133      8.7841e+10 8.8957e+10  1.27%   794 1325s
  1403   545 infeasible  136      8.7841e+10 8.8957e+10  1.27%   780 1330s
  1427   543 8.8957e+10  135   35 8.7841e+10 8.8957e+10  1.27%   767 1335s
  1444   551 8.8957e+10  142   34 8.7841e+10 8.8957e+10  1.27%   759 1343s
  1449   550 infeasible  144      8.7841e+10 8.8957e+10  1.27%   756 1345s
  1471   541 8.8957e+10  149   27 8.7841e+10 8.8957e+10  1.27%   746 1350s
  1498   545 8.8957e+10  126   32 8.7841e+10 8.8957e+10  1.27%   733 1355s
  1544   527 infeasible  129      8.7841e+10 8.8957e+10  1.27%   711 1360s
  1580   505 infeasible  130      8.7841e+10 8.8957e+10  1.27%   696 1365s
  1604   499 infeasible  134      8.7841e+10 8.8957e+10  1.27%   686 1370s
  1617   498 8.8957e+10  136   33 8.7841e+10 8.8957e+10  1.27%   681 1381s
  1636   499 8.8957e+10  135   16 8.7841e+10 8.8957e+10  1.27%   673 1385s
  1660   489 8.8957e+10  130   35 8.7841e+10 8.8957e+10  1.27%   664 1390s
  1689   488 8.8957e+10  124   35 8.7841e+10 8.8957e+10  1.27%   653 1395s
  1719   480 8.8957e+10  128   20 8.7841e+10 8.8957e+10  1.27%   642 1404s
  1722   478 8.8957e+10  125   28 8.7841e+10 8.8957e+10  1.27%   641 1405s
  1751   473 infeasible  134      8.7841e+10 8.8957e+10  1.27%   631 1410s
  1782   471 8.8957e+10  139   21 8.7841e+10 8.8957e+10  1.27%   620 1415s
  1807   468 8.8957e+10  130   27 8.7841e+10 8.8957e+10  1.27%   612 1420s
  1828   473 8.8957e+10  132   31 8.7841e+10 8.8957e+10  1.27%   605 1425s
  1846   469 infeasible  137      8.7841e+10 8.8957e+10  1.27%   600 1430s
  1875   476 8.8957e+10  135   24 8.7841e+10 8.8957e+10  1.27%   591 1435s
  1901   471 infeasible  145      8.7841e+10 8.8957e+10  1.27%   583 1440s
  1928   469 8.8957e+10  128   36 8.7841e+10 8.8957e+10  1.27%   575 1445s
  1967   479 8.8957e+10  132   37 8.7841e+10 8.8957e+10  1.27%   564 1450s
  1995   476 infeasible  142      8.7841e+10 8.8957e+10  1.27%   557 1455s
  2019   468 8.8957e+10  145   21 8.7841e+10 8.8957e+10  1.27%   551 1460s
  2045   463 8.8957e+10  126   43 8.7841e+10 8.8957e+10  1.27%   544 1465s
  2070   470 8.8957e+10  139   18 8.7841e+10 8.8957e+10  1.27%   538 1470s
  2101   463 8.8957e+10  140   28 8.7841e+10 8.8957e+10  1.27%   530 1475s
  2129   451 8.8957e+10  141   19 8.7841e+10 8.8957e+10  1.27%   523 1480s
  2161   441 8.8957e+10  144   25 8.7841e+10 8.8957e+10  1.27%   516 1485s
  2182   423 infeasible  133      8.7841e+10 8.8957e+10  1.27%   512 1490s
  2193   418 infeasible  133      8.7841e+10 8.8957e+10  1.27%   509 1495s
  2212   421 8.8957e+10  127   22 8.7841e+10 8.8957e+10  1.27%   505 1500s
  2237   405 infeasible  123      8.7841e+10 8.8957e+10  1.27%   500 1505s
  2266   400 8.8957e+10  130   26 8.7841e+10 8.8957e+10  1.27%   494 1510s
  2289   397 8.8957e+10  125   31 8.7841e+10 8.8957e+10  1.27%   489 1515s
  2320   398 8.8957e+10  129   27 8.7841e+10 8.8957e+10  1.27%   483 1520s
  2345   407 8.8957e+10  130   17 8.7841e+10 8.8957e+10  1.27%   478 1525s
  2374   412 8.8957e+10  137   26 8.7841e+10 8.8957e+10  1.27%   473 1531s
  2401   409 8.8957e+10  134   28 8.7841e+10 8.8957e+10  1.27%   468 1535s
  2425   417 infeasible  127      8.7841e+10 8.8957e+10  1.27%   464 1540s
  2443   423 8.8957e+10  133   24 8.7841e+10 8.8957e+10  1.27%   461 1554s
  2446   424 infeasible  135      8.7841e+10 8.8957e+10  1.27%   460 1555s
  2482   422 8.8957e+10  131   24 8.7841e+10 8.8957e+10  1.27%   454 1561s
  2517   417 8.8957e+10  129   35 8.7841e+10 8.8957e+10  1.27%   449 1565s
  2563   425 8.8957e+10  131   42 8.7841e+10 8.8957e+10  1.27%   441 1570s
  2619   427 8.8957e+10  137   16 8.7841e+10 8.8957e+10  1.27%   433 1575s
  2654   416 8.8957e+10  128   36 8.7841e+10 8.8957e+10  1.27%   427 1581s
  2685   413 8.8957e+10  126   53 8.7841e+10 8.8957e+10  1.27%   423 1585s
  2739   419 infeasible  138      8.7841e+10 8.8957e+10  1.27%   415 1590s
  2799   431 8.8957e+10  154    6 8.7841e+10 8.8957e+10  1.27%   407 1597s
  2832   426 8.8957e+10  125   49 8.7841e+10 8.8957e+10  1.27%   403 1600s
  2863   429 infeasible  145      8.7841e+10 8.8957e+10  1.27%   399 1605s
  2908   436 8.8957e+10  120   25 8.7841e+10 8.8957e+10  1.27%   393 1610s
  2969   435 8.8957e+10  119   33 8.7841e+10 8.8957e+10  1.27%   386 1615s
  3024   446 8.8957e+10  138   31 8.7841e+10 8.8957e+10  1.27%   380 1622s
  3053   441 8.8957e+10  126   32 8.7841e+10 8.8957e+10  1.27%   376 1626s
  3084   434 8.8957e+10  122   38 8.7841e+10 8.8957e+10  1.27%   373 1630s
  3133   431 8.8957e+10  118   41 8.7841e+10 8.8957e+10  1.27%   368 1635s
  3191   435 8.8957e+10  125   41 8.7841e+10 8.8957e+10  1.27%   362 1640s
  3233   439 8.8957e+10  126   43 8.7841e+10 8.8957e+10  1.27%   358 1645s
  3289   441 8.8957e+10  126   46 8.7841e+10 8.8957e+10  1.27%   353 1650s
  3351   435 infeasible  131      8.7841e+10 8.8957e+10  1.27%   347 1655s
  3399   435 8.8957e+10  125   32 8.7841e+10 8.8957e+10  1.27%   343 1660s
  3451   453 8.8957e+10  132   33 8.7841e+10 8.8957e+10  1.27%   339 1665s
  3503   449 8.8957e+10  129   29 8.7841e+10 8.8957e+10  1.27%   334 1670s
  3557   447 8.8957e+10  129   40 8.7841e+10 8.8957e+10  1.27%   330 1675s
  3626   454 infeasible  138      8.7841e+10 8.8957e+10  1.27%   324 1680s
  3671   449 8.8957e+10  133   26 8.7841e+10 8.8957e+10  1.27%   321 1685s
  3729   453 infeasible  135      8.7841e+10 8.8957e+10  1.27%   317 1690s
  3791   453 infeasible  139      8.7841e+10 8.8957e+10  1.27%   312 1695s
  3843   449 8.8957e+10  132   43 8.7841e+10 8.8957e+10  1.27%   309 1700s
  3890   446 8.8957e+10  136   28 8.7841e+10 8.8957e+10  1.27%   306 1705s
  3937   443 8.8957e+10  133   27 8.7841e+10 8.8957e+10  1.27%   303 1710s
  3993   439 infeasible  135      8.7841e+10 8.8957e+10  1.27%   299 1715s
  4029   435 8.8957e+10  133   18 8.7841e+10 8.8957e+10  1.27%   297 1720s
  4065   428 8.8957e+10  133   43 8.7841e+10 8.8957e+10  1.27%   295 1725s
  4143   455 8.8957e+10  134   27 8.7841e+10 8.8957e+10  1.27%   290 1730s
  4193   461 8.8957e+10  133   19 8.7841e+10 8.8957e+10  1.27%   287 1735s
  4246   448 8.8957e+10  131   18 8.7841e+10 8.8957e+10  1.27%   284 1740s
  4301   455 8.8957e+10  128   17 8.7841e+10 8.8957e+10  1.27%   281 1759s
  4302   456 8.8957e+10  129   11 8.7841e+10 8.8957e+10  1.27%   281 1760s
  4341   449 infeasible  127      8.7841e+10 8.8957e+10  1.27%   279 1765s
  4414   476 8.8957e+10  141    9 8.7841e+10 8.8957e+10  1.27%   275 1770s
  4469   471 8.8957e+10  129   14 8.7841e+10 8.8957e+10  1.27%   272 1775s
  4515   463 8.8957e+10  134   31 8.7841e+10 8.8957e+10  1.27%   270 1780s
  4573   451 8.8957e+10  126   18 8.7841e+10 8.8957e+10  1.27%   268 1785s
  4631   445 infeasible  133      8.7841e+10 8.8957e+10  1.27%   265 1790s
  4687   451 8.8957e+10  125   43 8.7841e+10 8.8957e+10  1.27%   262 1795s
  4741   453 8.8957e+10  133   13 8.7841e+10 8.8957e+10  1.27%   260 1800s
  4802   464 8.8957e+10  139   10 8.7841e+10 8.8957e+10  1.27%   257 1805s
  4876   458 infeasible  141      8.7841e+10 8.8957e+10  1.27%   254 1810s
  4945   459 8.8957e+10  134   25 8.7841e+10 8.8957e+10  1.27%   251 1815s
  5000   454 8.8957e+10  129   23 8.7841e+10 8.8957e+10  1.27%   248 1820s
  5056   448 8.8957e+10  133   23 8.7841e+10 8.8957e+10  1.27%   246 1825s
  5109   445 8.8957e+10  128   23 8.7841e+10 8.8957e+10  1.27%   244 1830s
  5168   446 8.8957e+10  132   14 8.7841e+10 8.8957e+10  1.27%   242 1835s
  5238   446 infeasible  130      8.7841e+10 8.8957e+10  1.27%   239 1840s
  5290   440 8.8957e+10  125   31 8.7841e+10 8.8957e+10  1.27%   237 1845s
  5359   450 infeasible  153      8.7841e+10 8.8957e+10  1.27%   235 1850s
  5379   450 infeasible  128      8.7841e+10 8.8957e+10  1.27%   234 1855s
  5441   450 infeasible  134      8.7841e+10 8.8957e+10  1.27%   232 1860s
  5510   441 8.8957e+10  150   20 8.7841e+10 8.8957e+10  1.27%   230 1865s
  5586   437 8.8957e+10  146   21 8.7841e+10 8.8957e+10  1.27%   228 1870s
  5631   436 8.8957e+10  139   28 8.7841e+10 8.8957e+10  1.27%   226 1875s
  5705   434 infeasible  142      8.7841e+10 8.8957e+10  1.27%   224 1880s
  5757   430 infeasible  137      8.7841e+10 8.8957e+10  1.27%   223 1885s
  5805   424 8.8957e+10  148   11 8.7841e+10 8.8957e+10  1.27%   221 1890s
  5864   419 8.8957e+10  134   32 8.7841e+10 8.8957e+10  1.27%   220 1895s
  5926   415 8.8957e+10  135   17 8.7841e+10 8.8957e+10  1.27%   218 1900s
  5979   416 8.8957e+10  133   41 8.7841e+10 8.8957e+10  1.27%   216 1905s
  6041   418 8.8957e+10  134   25 8.7841e+10 8.8957e+10  1.27%   215 1910s
  6105   420 8.8957e+10  137   24 8.7841e+10 8.8957e+10  1.27%   213 1915s
  6163   414 infeasible  134      8.7841e+10 8.8957e+10  1.27%   211 1920s
  6231   422 8.8957e+10  128   55 8.7841e+10 8.8957e+10  1.27%   210 1925s
  6286   435 8.8957e+10  137   37 8.7841e+10 8.8957e+10  1.27%   208 1930s
  6293   440 8.8957e+10  143   34 8.7841e+10 8.8957e+10  1.27%   208 1940s
  6358   447 8.8957e+10  135   34 8.7841e+10 8.8957e+10  1.27%   206 1945s
  6412   443 8.8957e+10  133   41 8.7841e+10 8.8957e+10  1.27%   205 1950s
  6471   448 8.8957e+10  128   26 8.7841e+10 8.8957e+10  1.27%   204 1955s
  6531   442 infeasible  143      8.7841e+10 8.8957e+10  1.27%   202 1960s
  6588   449 infeasible  142      8.7841e+10 8.8957e+10  1.27%   201 1965s
  6638   447 8.8957e+10  137   34 8.7841e+10 8.8957e+10  1.27%   200 1970s
  6705   446 infeasible  136      8.7841e+10 8.8957e+10  1.27%   198 1975s
  6750   433 infeasible  135      8.7841e+10 8.8957e+10  1.27%   198 1980s
  6810   439 8.8957e+10  130   24 8.7841e+10 8.8957e+10  1.27%   196 1985s
  6865   448 8.8957e+10  137   46 8.7841e+10 8.8957e+10  1.27%   195 1990s
  6940   445 8.8957e+10  140   34 8.7841e+10 8.8957e+10  1.27%   193 1995s
  7009   440 8.8957e+10  139   28 8.7841e+10 8.8957e+10  1.27%   192 2025s
  7058   435 8.8957e+10  128   27 8.7841e+10 8.8957e+10  1.27%   191 2030s
  7139   436 infeasible  137      8.7841e+10 8.8957e+10  1.27%   189 2035s
  7207   430 8.8957e+10  121   30 8.7841e+10 8.8957e+10  1.27%   188 2040s
  7271   438 infeasible  129      8.7841e+10 8.8957e+10  1.27%   187 2045s
  7304   441 infeasible  125      8.7841e+10 8.8957e+10  1.27%   186 2050s
  7375   440 8.8957e+10  124   31 8.7841e+10 8.8957e+10  1.27%   185 2055s
  7456   457 8.8957e+10  141   21 8.7841e+10 8.8957e+10  1.27%   183 2060s
  7522   447 infeasible  138      8.7841e+10 8.8957e+10  1.27%   182 2065s
  7602   445 8.8957e+10  133   18 8.7841e+10 8.8957e+10  1.27%   181 2070s
  7661   444 8.8957e+10  136   25 8.7841e+10 8.8957e+10  1.27%   180 2075s
  7725   442 8.8957e+10  132   20 8.7841e+10 8.8957e+10  1.27%   178 2080s
  7813   446 infeasible  130      8.7841e+10 8.8957e+10  1.27%   177 2085s
  7872   437 8.8957e+10  133   21 8.7841e+10 8.8957e+10  1.27%   176 2090s
  7933   438 8.8957e+10  127   27 8.7841e+10 8.8957e+10  1.27%   175 2095s
  8004   437 infeasible  127      8.7841e+10 8.8957e+10  1.27%   174 2100s
  8057   434 infeasible  130      8.7841e+10 8.8957e+10  1.27%   173 2105s
  8120   443 infeasible  137      8.7841e+10 8.8957e+10  1.27%   172 2110s
  8185   452 infeasible  136      8.7841e+10 8.8957e+10  1.27%   171 2115s
  8267   458 8.8957e+10  129   18 8.7841e+10 8.8957e+10  1.27%   170 2120s
  8326   455 infeasible  138      8.7841e+10 8.8957e+10  1.27%   169 2125s
  8384   453 8.8957e+10  130   29 8.7841e+10 8.8957e+10  1.27%   168 2132s
  8416   451 8.8957e+10  133   19 8.7841e+10 8.8957e+10  1.27%   168 2135s
  8469   448 8.8957e+10  137   18 8.7841e+10 8.8957e+10  1.27%   167 2140s
  8529   432 infeasible  127      8.7841e+10 8.8957e+10  1.27%   166 2145s
  8612   435 8.8957e+10  127   18 8.7841e+10 8.8957e+10  1.27%   165 2151s
  8669   436 8.8957e+10  132   27 8.7841e+10 8.8957e+10  1.27%   164 2157s
  8698   443 8.8957e+10  137   18 8.7841e+10 8.8957e+10  1.27%   164 2160s
  8742   441 infeasible  140      8.7841e+10 8.8957e+10  1.27%   163 2165s
  8801   442 8.8957e+10  139   25 8.7841e+10 8.8957e+10  1.27%   163 2170s
  8848   437 8.8957e+10  135   31 8.7841e+10 8.8957e+10  1.27%   162 2175s
  8896   429 8.8957e+10  136   18 8.7841e+10 8.8957e+10  1.27%   161 2180s
  8950   427 8.8957e+10  136   35 8.7841e+10 8.8957e+10  1.27%   161 2185s
  9006   431 8.8957e+10  124   23 8.7841e+10 8.8957e+10  1.27%   160 2190s
  9065   428 infeasible  121      8.7841e+10 8.8957e+10  1.27%   159 2195s
  9124   429 8.8957e+10  121   30 8.7841e+10 8.8957e+10  1.27%   159 2200s
  9178   423 8.8957e+10  134   29 8.7841e+10 8.8957e+10  1.27%   158 2205s
  9232   427 8.8957e+10  138   44 8.7841e+10 8.8957e+10  1.27%   157 2210s
  9284   421 8.8957e+10  136   34 8.7841e+10 8.8957e+10  1.27%   157 2215s
  9345   436 infeasible  145      8.7841e+10 8.8957e+10  1.27%   156 2220s
  9380   429 infeasible  126      8.7841e+10 8.8957e+10  1.27%   156 2225s
  9438   439 8.8957e+10  143   14 8.7841e+10 8.8957e+10  1.27%   155 2230s
  9503   432 infeasible  128      8.7841e+10 8.8957e+10  1.27%   154 2235s
  9573   428 8.8957e+10  129   16 8.7841e+10 8.8957e+10  1.27%   154 2240s
  9630   423 8.8957e+10  137   22 8.7841e+10 8.8957e+10  1.27%   153 2245s
  9689   422 infeasible  140      8.7841e+10 8.8957e+10  1.27%   152 2250s
  9751   422 8.8957e+10  141   29 8.7841e+10 8.8957e+10  1.27%   152 2255s
  9803   416 infeasible  138      8.7841e+10 8.8957e+10  1.27%   151 2260s
  9869   414 infeasible  134      8.7841e+10 8.8957e+10  1.27%   150 2265s
  9922   421 infeasible  147      8.7841e+10 8.8957e+10  1.27%   150 2270s
  9988   429 8.8957e+10  126   39 8.7841e+10 8.8957e+10  1.27%   149 2275s
  9998   433 infeasible  133      8.7841e+10 8.8957e+10  1.27%   149 2280s
 10072   439 8.8957e+10  140   31 8.7841e+10 8.8957e+10  1.27%   148 2285s
 10131   434 infeasible  139      8.7841e+10 8.8957e+10  1.27%   148 2290s
 10199   436 8.8957e+10  148   22 8.7841e+10 8.8957e+10  1.27%   147 2295s
 10267   430 8.8957e+10  140   26 8.7841e+10 8.8957e+10  1.27%   146 2300s
 10349   432 8.8957e+10  147   14 8.7841e+10 8.8957e+10  1.27%   145 2305s
 10432   431 infeasible  132      8.7841e+10 8.8957e+10  1.27%   145 2310s
 10482   431 infeasible  141      8.7841e+10 8.8957e+10  1.27%   144 2315s
 10541   432 8.8957e+10  132   26 8.7841e+10 8.8957e+10  1.27%   143 2321s
 10599   434 8.8957e+10  137   20 8.7841e+10 8.8957e+10  1.27%   143 2327s
 10633   438 infeasible  139      8.7841e+10 8.8957e+10  1.27%   143 2330s
 10705   434 8.8957e+10  140   14 8.7841e+10 8.8957e+10  1.27%   142 2335s
 10758   433 8.8957e+10  137   27 8.7841e+10 8.8957e+10  1.27%   141 2340s
 10822   425 8.8957e+10  125   31 8.7841e+10 8.8957e+10  1.27%   141 2345s
 10886   421 8.8957e+10  132   29 8.7841e+10 8.8957e+10  1.27%   140 2350s
 10957   420 8.8957e+10  129   37 8.7841e+10 8.8957e+10  1.27%   140 2355s
 11019   420 infeasible  136      8.7841e+10 8.8957e+10  1.27%   139 2360s
 11079   420 8.8957e+10  135   18 8.7841e+10 8.8957e+10  1.27%   139 2365s
 11137   422 8.8957e+10  134   41 8.7841e+10 8.8957e+10  1.27%   138 2370s
 11184   422 8.8957e+10  142   19 8.7841e+10 8.8957e+10  1.27%   138 2375s
 11234   420 8.8957e+10  134   44 8.7841e+10 8.8957e+10  1.27%   138 2380s
 11283   429 8.8957e+10  140   36 8.7841e+10 8.8957e+10  1.27%   137 2385s
 11334   432 8.8957e+10  141   27 8.7841e+10 8.8957e+10  1.27%   137 2390s
 11394   432 8.8957e+10  145   22 8.7841e+10 8.8957e+10  1.27%   137 2790s
 11427   427 8.8957e+10  140   27 8.7841e+10 8.8957e+10  1.27%   136 2795s
 11478   430 8.8957e+10  139   27 8.7841e+10 8.8957e+10  1.27%   136 2800s
 11523   423 8.8957e+10  138   44 8.7841e+10 8.8957e+10  1.27%   136 2805s
 11588   424 infeasible  144      8.7841e+10 8.8957e+10  1.27%   135 2810s
 11641   433 8.8957e+10  139   25 8.7841e+10 8.8957e+10  1.27%   135 2815s
 11714   426 8.8957e+10  138   36 8.7841e+10 8.8957e+10  1.27%   134 2820s
 11772   442 infeasible  137      8.7841e+10 8.8957e+10  1.27%   134 2825s
 11836   436 8.8957e+10  134   35 8.7841e+10 8.8957e+10  1.27%   134 2830s
 11899   433 8.8957e+10  133   13 8.7841e+10 8.8957e+10  1.27%   133 2838s
 11927   431 infeasible  139      8.7841e+10 8.8957e+10  1.27%   133 2840s
 11983   429 8.8957e+10  124   42 8.7841e+10 8.8957e+10  1.27%   133 2845s
 12036   430 8.8957e+10  128   43 8.7841e+10 8.8957e+10  1.27%   132 2850s
 12054   426 8.8957e+10  124   42 8.7841e+10 8.8957e+10  1.27%   132 2913s
 12085   429 infeasible  135      8.7841e+10 8.8957e+10  1.27%   132 2915s
 12138   434 8.8957e+10  131   32 8.7841e+10 8.8957e+10  1.27%   131 2920s
 12183   433 8.8957e+10  132   26 8.7841e+10 8.8957e+10  1.27%   131 2925s
 12237   425 8.8957e+10  128   36 8.7841e+10 8.8957e+10  1.27%   131 2930s
 12294   434 8.8957e+10  126   36 8.7841e+10 8.8957e+10  1.27%   130 2935s
 12355   429 infeasible  126      8.7841e+10 8.8957e+10  1.27%   130 2940s
 12374   424 infeasible  132      8.7841e+10 8.8957e+10  1.27%   130 2945s
 12379   425 8.8957e+10  125   44 8.7841e+10 8.8957e+10  1.27%   130 2950s
 12384   430 8.8957e+10  130   40 8.7841e+10 8.8957e+10  1.27%   130 2955s
 12398   434 8.8957e+10  130   30 8.7841e+10 8.8957e+10  1.27%   130 2960s
 12438   428 8.8957e+10  123   21 8.7841e+10 8.8957e+10  1.27%   129 2965s
 12492   428 8.8957e+10  125   33 8.7841e+10 8.8957e+10  1.27%   129 2970s
 12550   436 8.8957e+10  127   36 8.7841e+10 8.8957e+10  1.27%   129 2975s
 12614   448 8.8957e+10  132   49 8.7841e+10 8.8957e+10  1.27%   128 2980s
 12675   451 infeasible  136      8.7841e+10 8.8957e+10  1.27%   128 2985s
 12748   452 8.8957e+10  135   31 8.7841e+10 8.8957e+10  1.27%   127 2990s
 12808   448 8.8957e+10  131   34 8.7841e+10 8.8957e+10  1.27%   127 2995s
 12863   441 infeasible  136      8.7841e+10 8.8957e+10  1.27%   127 3000s
 12909   443 8.8957e+10  138   34 8.7841e+10 8.8957e+10  1.27%   127 3006s
 12948   446 8.8957e+10  137   20 8.7841e+10 8.8957e+10  1.27%   126 3010s
 13007   437 infeasible  141      8.7841e+10 8.8957e+10  1.27%   126 3015s
 13063   435 8.8957e+10  135   24 8.7841e+10 8.8957e+10  1.27%   126 3020s
 13120   436 infeasible  136      8.7841e+10 8.8957e+10  1.27%   125 3025s
 13191   435 8.8957e+10  136   22 8.7841e+10 8.8957e+10  1.27%   125 3030s
 13247   435 8.8957e+10  131   28 8.7841e+10 8.8957e+10  1.27%   125 3035s
 13331   455 8.8957e+10  132   16 8.7841e+10 8.8957e+10  1.27%   124 3040s
 13394   456 8.8957e+10  126   48 8.7841e+10 8.8957e+10  1.27%   124 3045s
 13448   454 8.8957e+10  139   35 8.7841e+10 8.8957e+10  1.27%   123 3050s
 13511   445 8.8957e+10  137   23 8.7841e+10 8.8957e+10  1.27%   123 3055s
 13589   437 8.8957e+10  131   38 8.7841e+10 8.8957e+10  1.27%   123 3060s
 13638   438 8.8957e+10  129   28 8.7841e+10 8.8957e+10  1.27%   122 3065s
 13697   439 infeasible  141      8.7841e+10 8.8957e+10  1.27%   122 3070s
 13757   443 infeasible  132      8.7841e+10 8.8957e+10  1.27%   122 3075s
 13812   440 8.8957e+10  143   20 8.7841e+10 8.8957e+10  1.27%   121 3080s
 13892   448 8.8957e+10  145   21 8.7841e+10 8.8957e+10  1.27%   121 3085s
 13950   446 8.8957e+10  145   19 8.7841e+10 8.8957e+10  1.27%   121 3090s
 14011   433 8.8957e+10  143   20 8.7841e+10 8.8957e+10  1.27%   120 3095s
 14085   439 infeasible  141      8.7841e+10 8.8957e+10  1.27%   120 3100s
 14153   431 8.8957e+10  133   22 8.7841e+10 8.8957e+10  1.27%   120 3105s
 14213   435 8.8957e+10  136   16 8.7841e+10 8.8957e+10  1.27%   119 3110s
 14292   436 8.8957e+10  130   48 8.7841e+10 8.8957e+10  1.27%   119 3115s
 14373   431 8.8957e+10  138   25 8.7841e+10 8.8957e+10  1.27%   118 3120s
 14429   431 8.8957e+10  133   25 8.7841e+10 8.8957e+10  1.27%   118 3125s
 14497   429 8.8957e+10  125   39 8.7841e+10 8.8957e+10  1.27%   118 3130s
 14564   426 8.8957e+10  129   40 8.7841e+10 8.8957e+10  1.27%   117 3135s
 14621   431 infeasible  132      8.7841e+10 8.8957e+10  1.27%   117 3140s
 14703   451 8.8957e+10  137   22 8.7841e+10 8.8957e+10  1.27%   117 3145s
 14771   447 8.8957e+10  132   40 8.7841e+10 8.8957e+10  1.27%   116 3150s
 14846   436 8.8957e+10  137   28 8.7841e+10 8.8957e+10  1.27%   116 3155s
 14903   433 8.8957e+10  130   27 8.7841e+10 8.8957e+10  1.27%   116 3160s
 14961   437 8.8957e+10  133   26 8.7841e+10 8.8957e+10  1.27%   116 3165s
 15033   441 8.8957e+10  132   14 8.7841e+10 8.8957e+10  1.27%   115 3170s
 15107   429 infeasible  133      8.7841e+10 8.8957e+10  1.27%   115 3175s
 15162   428 8.8957e+10  126   50 8.7841e+10 8.8957e+10  1.27%   115 3180s
 15222   432 8.8957e+10  132   22 8.7841e+10 8.8957e+10  1.27%   114 3185s
 15285   437 infeasible  138      8.7841e+10 8.8957e+10  1.27%   114 3190s
 15341   431 8.8957e+10  129   16 8.7841e+10 8.8957e+10  1.27%   114 3195s
 15410   430 infeasible  135      8.7841e+10 8.8957e+10  1.27%   114 3200s
 15481   433 8.8957e+10  135   12 8.7841e+10 8.8957e+10  1.27%   113 3205s
 15544   428 8.8957e+10  132   33 8.7841e+10 8.8957e+10  1.27%   113 3210s
 15597   423 8.8957e+10  127   44 8.7841e+10 8.8957e+10  1.27%   113 3215s
 15623   423 infeasible  134      8.7841e+10 8.8957e+10  1.27%   113 3220s
 15684   418 infeasible  119      8.7841e+10 8.8957e+10  1.27%   113 3225s
 15725   429 infeasible  131      8.7841e+10 8.8957e+10  1.27%   113 3230s
 15773   433 8.8957e+10  128   24 8.7841e+10 8.8957e+10  1.27%   112 3235s
 15852   428 8.8957e+10  126   32 8.7841e+10 8.8957e+10  1.27%   112 3240s
 15884   426 infeasible  129      8.7841e+10 8.8957e+10  1.27%   112 3245s
 15960   430 8.8957e+10  129   26 8.7841e+10 8.8957e+10  1.27%   112 3250s
 16035   429 8.8957e+10  138   18 8.7841e+10 8.8957e+10  1.27%   111 3255s
 16090   428 8.8957e+10  129   41 8.7841e+10 8.8957e+10  1.27%   111 3260s
 16161   421 8.8957e+10  121   47 8.7841e+10 8.8957e+10  1.27%   111 3265s
 16227   431 8.8957e+10  132   25 8.7841e+10 8.8957e+10  1.27%   111 3270s
 16292   432 8.8957e+10  131   21 8.7841e+10 8.8957e+10  1.27%   110 3275s
 16347   425 8.8957e+10  128   35 8.7841e+10 8.8957e+10  1.27%   110 3280s
 16415   425 8.8957e+10  133   21 8.7841e+10 8.8957e+10  1.27%   110 3285s
 16480   432 8.8957e+10  136   26 8.7841e+10 8.8957e+10  1.27%   110 3290s
 16526   424 8.8957e+10  125   22 8.7841e+10 8.8957e+10  1.27%   109 3295s
 16597   425 8.8957e+10  129   29 8.7841e+10 8.8957e+10  1.27%   109 3300s
 16633   429 infeasible  132      8.7841e+10 8.8957e+10  1.27%   109 3314s
 16640   430 8.8957e+10  132   26 8.7841e+10 8.8957e+10  1.27%   109 3315s
 16699   425 8.8957e+10  130   29 8.7841e+10 8.8957e+10  1.27%   109 3320s
 16766   424 8.8957e+10  130   15 8.7841e+10 8.8957e+10  1.27%   109 3325s
 16834   422 8.8957e+10  127   29 8.7841e+10 8.8957e+10  1.27%   108 3332s
 16874   422 8.8957e+10  117   37 8.7841e+10 8.8957e+10  1.27%   108 3335s
 16921   419 infeasible  123      8.7841e+10 8.8957e+10  1.27%   108 3340s
 16978   428 infeasible  143      8.7841e+10 8.8957e+10  1.27%   108 3345s
 17045   425 infeasible  134      8.7841e+10 8.8957e+10  1.27%   108 3350s
 17107   427 infeasible  141      8.7841e+10 8.8957e+10  1.27%   107 3355s
 17169   433 8.8957e+10  140   16 8.7841e+10 8.8957e+10  1.27%   107 3360s
 17231   441 8.8957e+10  137   27 8.7841e+10 8.8957e+10  1.27%   107 3365s
 17295   433 8.8957e+10  135   20 8.7841e+10 8.8957e+10  1.27%   107 3370s
 17358   426 infeasible  141      8.7841e+10 8.8957e+10  1.27%   107 3375s
 17424   412 infeasible  135      8.7841e+10 8.8957e+10  1.27%   106 3380s
 17465   419 8.8957e+10  141   22 8.7841e+10 8.8957e+10  1.27%   106 3385s
 17525   429 8.8957e+10  146   19 8.7841e+10 8.8957e+10  1.27%   106 3390s
 17578   428 8.8957e+10  137   34 8.7841e+10 8.8957e+10  1.27%   106 3395s
 17633   429 8.8957e+10  138   38 8.7841e+10 8.8957e+10  1.27%   106 3400s
 17693   423 8.8957e+10  136   35 8.7841e+10 8.8957e+10  1.27%   105 3405s
 17746   418 8.8957e+10  132   25 8.7841e+10 8.8957e+10  1.27%   105 3410s
 17802   433 8.8957e+10  142   33 8.7841e+10 8.8957e+10  1.27%   105 3416s
 17859   432 8.8957e+10  131   14 8.7841e+10 8.8957e+10  1.27%   105 3420s
 17914   423 8.8957e+10  135   28 8.7841e+10 8.8957e+10  1.27%   105 3425s
 17995   426 8.8957e+10  136   26 8.7841e+10 8.8957e+10  1.27%   105 3430s
 18045   415 infeasible  129      8.7841e+10 8.8957e+10  1.27%   105 3435s
 18083   409 8.8957e+10  135   55 8.7841e+10 8.8957e+10  1.27%   104 3440s
 18146   418 infeasible  130      8.7841e+10 8.8957e+10  1.27%   104 3445s
 18221   423 infeasible  133      8.7841e+10 8.8957e+10  1.27%   104 3450s
 18260   420 infeasible  130      8.7841e+10 8.8957e+10  1.27%   104 3455s
 18315   417 infeasible  126      8.7841e+10 8.8957e+10  1.27%   104 3460s
 18372   420 8.8957e+10  125   36 8.7841e+10 8.8957e+10  1.27%   104 3466s
 18384   430 8.8957e+10  132   27 8.7841e+10 8.8957e+10  1.27%   104 3470s
 18431   423 8.8957e+10  132   24 8.7841e+10 8.8957e+10  1.27%   104 3475s
 18487   430 8.8957e+10  129   18 8.7841e+10 8.8957e+10  1.27%   103 3480s
 18554   425 infeasible  145      8.7841e+10 8.8957e+10  1.27%   103 3485s
 18633   434 infeasible  130      8.7841e+10 8.8957e+10  1.27%   103 3490s
 18686   445 8.8957e+10  132    8 8.7841e+10 8.8957e+10  1.27%   103 3495s
 18759   435 8.8957e+10  132   22 8.7841e+10 8.8957e+10  1.27%   103 3500s
 18828   436 infeasible  135      8.7841e+10 8.8957e+10  1.27%   102 3505s
 18879   435 infeasible  134      8.7841e+10 8.8957e+10  1.27%   102 3510s
 18948   434 8.8957e+10  127   22 8.7841e+10 8.8957e+10  1.27%   102 3515s
 19004   433 8.8957e+10  137   10 8.7841e+10 8.8957e+10  1.27%   102 3520s
 19065   426 infeasible  146      8.7841e+10 8.8957e+10  1.27%   102 3525s
 19122   433 8.8957e+10  132   22 8.7841e+10 8.8957e+10  1.27%   102 3530s
 19197   426 8.8957e+10  143   39 8.7841e+10 8.8957e+10  1.27%   101 3535s
 19254   423 8.8957e+10  125   30 8.7841e+10 8.8957e+10  1.27%   101 3540s
 19320   425 8.8957e+10  129   13 8.7841e+10 8.8957e+10  1.27%   101 3545s
 19393   432 8.8957e+10  125   33 8.7841e+10 8.8957e+10  1.27%   101 3550s
 19459   422 8.8957e+10  127   31 8.7841e+10 8.8957e+10  1.27%   101 3555s
 19532   415 infeasible  133      8.7841e+10 8.8957e+10  1.27%   101 3560s
 19549   416 8.8957e+10  127   43 8.7841e+10 8.8957e+10  1.27%   101 3566s
 19591   414 8.8957e+10  129   46 8.7841e+10 8.8957e+10  1.27%   100 3570s
 19659   413 8.8957e+10  138   33 8.7841e+10 8.8957e+10  1.27%   100 3578s
 19687   411 infeasible  132      8.7841e+10 8.8957e+10  1.27%   100 3580s
 19743   423 8.8957e+10  128   25 8.7841e+10 8.8957e+10  1.27%   100 3585s
 19814   418 8.8957e+10  126   12 8.7841e+10 8.8957e+10  1.27%   100 3590s
 19857   421 8.8957e+10  129   23 8.7841e+10 8.8957e+10  1.27%   100 3595s

Cutting planes:
  Gomory: 2
  Lift-and-project: 1
  Cover: 15
  Implied bound: 41
  Projected implied bound: 2
  Clique: 10
  MIR: 10
  StrongCG: 12
  Flow cover: 48
  GUB cover: 2
  Zero half: 14
  RLT: 28
  Relax-and-lift: 29

Explored 19860 nodes (2063474 simplex iterations) in 3595.11 seconds (2388.83 work units)
Thread count was 1 (of 28 available processors)

Solution count 3: 8.78407e+10 8.78407e+10 8.77867e+10 

Time limit reached
Best objective 8.784065772000e+10, best bound 8.895665772000e+10, gap 1.2705%

User-callback calls 889144, time in user-callback 0.77 sec