Gurobi Optimizer version 12.0.3 build v12.0.3rc0 (linux64 - "Oracle Linux Server 9.4")

CPU model: Intel(R) Xeon(R) CPU E5-2660 v4 @ 2.00GHz, instruction set [SSE2|AVX|AVX2]
Thread count: 28 physical cores, 28 logical processors, using up to 1 threads

Non-default parameters:
TimeLimit  3596.654402512
SoftMemLimit  16
NumericFocus  1
Threads  1

Academic license 2690100 - for non-commercial use only - registered to ju___@uclm.es
Optimize a model with 30496 rows, 7138 columns and 114628 nonzeros
Model fingerprint: 0xfd9f43ac
Variable types: 92 continuous, 7046 integer (7046 binary)
Coefficient statistics:
  Matrix range     [1e+00, 2e+13]
  Objective range  [2e+08, 3e+09]
  Bounds range     [1e+03, 1e+04]
  RHS range        [1e+00, 2e+14]
Warning: Model contains large matrix coefficient range
Warning: Model contains large objective coefficients
Warning: Model contains large rhs

Loaded user MIP start with objective 7.82092e+10

Presolve removed 9071 rows and 1023 columns
Presolve time: 1.23s
Presolved: 21425 rows, 6115 columns, 75641 nonzeros
Variable types: 92 continuous, 6023 integer (6023 binary)

Root relaxation: objective 8.178036e+10, 2702 iterations, 0.40 seconds (0.29 work units)

    Nodes    |    Current Node    |     Objective Bounds      |     Work
 Expl Unexpl |  Obj  Depth IntInf | Incumbent    BestBd   Gap | It/Node Time

     0     0 8.1780e+10    0  236 7.8209e+10 8.1780e+10  4.57%     -    3s
     0     0 8.1780e+10    0  311 7.8209e+10 8.1780e+10  4.57%     -    4s
     0     0 8.1780e+10    0  396 7.8209e+10 8.1780e+10  4.57%     -    4s
     0     0 8.1780e+10    0   94 7.8209e+10 8.1780e+10  4.57%     -    6s
     0     0 8.1780e+10    0   93 7.8209e+10 8.1780e+10  4.57%     -    6s
     0     0 8.1780e+10    0  194 7.8209e+10 8.1780e+10  4.57%     -    8s
     0     0 8.1780e+10    0  493 7.8209e+10 8.1780e+10  4.57%     -    9s
     0     0 8.1780e+10    0  231 7.8209e+10 8.1780e+10  4.57%     -   10s
     0     0 8.1780e+10    0  594 7.8209e+10 8.1780e+10  4.57%     -   12s
     0     0 8.1780e+10    0  157 7.8209e+10 8.1780e+10  4.57%     -   16s
     0     0 8.1780e+10    0  148 7.8209e+10 8.1780e+10  4.57%     -   16s
     0     0 8.1780e+10    0  123 7.8209e+10 8.1780e+10  4.57%     -   17s
     0     0 8.1780e+10    0  101 7.8209e+10 8.1780e+10  4.57%     -   22s
     0     0 8.1780e+10    0  165 7.8209e+10 8.1780e+10  4.57%     -   26s
     0     0 8.1780e+10    0  165 7.8209e+10 8.1780e+10  4.57%     -   26s
     0     2 8.1780e+10    0  101 7.8209e+10 8.1780e+10  4.57%     -   29s
     3     5 8.1780e+10    2  532 7.8209e+10 8.1780e+10  4.57%  2722   30s
    55    47 7.8432e+10   32  127 7.8209e+10 8.1780e+10  4.57%   445   36s
   110    88 7.8432e+10   62  101 7.8209e+10 8.1780e+10  4.57%   232   42s
   203   142 7.8432e+10  111   46 7.8209e+10 8.1780e+10  4.57%   132   46s
   253   174 8.1143e+10   26  224 7.8209e+10 8.1780e+10  4.57%   128   50s
   457   307 8.1143e+10   14  159 7.8209e+10 8.1780e+10  4.57%   106   55s
   561   386 8.1780e+10    9  345 7.8209e+10 8.1780e+10  4.57%   128   60s
   617   438 8.1143e+10   45   99 7.8209e+10 8.1780e+10  4.57%   137   65s
   624   444 8.1143e+10   18  165 7.8209e+10 8.1780e+10  4.57%   136   76s
   626   445 8.1143e+10   38   61 7.8209e+10 8.1780e+10  4.57%   136   81s
   627   446 8.1143e+10   28  240 7.8209e+10 8.1780e+10  4.57%   135   88s
   629   447 7.8432e+10   37  188 7.8209e+10 8.1234e+10  3.87%   135   94s
   630   448 7.8432e+10   77  334 7.8209e+10 8.1234e+10  3.87%   135   95s
   632   449 7.8432e+10   63  425 7.8209e+10 8.0920e+10  3.47%   134  101s
   633   450 7.8432e+10  105  446 7.8209e+10 8.0452e+10  2.87%   134  105s
   635   451 8.0168e+10   22  234 7.8209e+10 8.0168e+10  2.51%   134  112s
   637   453 8.0168e+10   18  205 7.8209e+10 8.0168e+10  2.51%   133  118s
   638   453 8.0168e+10   32  437 7.8209e+10 8.0168e+10  2.51%   133  120s
   641   455 8.0025e+10   44  298 7.8209e+10 8.0025e+10  2.32%   133  127s
   643   457 7.8432e+10   56  233 7.8209e+10 8.0025e+10  2.32%   132  132s
   645   458 7.8432e+10   59  121 7.8209e+10 8.0025e+10  2.32%   132  137s
   647   459 7.8432e+10   77  386 7.8209e+10 8.0025e+10  2.32%   131  142s
   649   461 8.0025e+10   19  164 7.8209e+10 8.0025e+10  2.32%   131  146s
   651   462 8.0025e+10    6  328 7.8209e+10 8.0025e+10  2.32%   130  150s
   653   463 8.0025e+10   25  452 7.8209e+10 8.0025e+10  2.32%   130  155s
   655   465 7.8432e+10   43  172 7.8209e+10 8.0025e+10  2.32%   130  160s
   660   469 7.8432e+10   37  112 7.8209e+10 8.0025e+10  2.32%   444  166s
   662   471 8.0025e+10   13  491 7.8209e+10 8.0025e+10  2.32%   443  170s
   665   473 7.9995e+10   42  330 7.8209e+10 7.9995e+10  2.28%   441  175s
   667   474 7.9995e+10   16   38 7.8209e+10 7.9995e+10  2.28%   440  180s
   669   475 7.8432e+10   67   40 7.8209e+10 7.9995e+10  2.28%   438  185s
   674   479 7.9991e+10   19  510 7.8209e+10 7.9991e+10  2.28%   435  192s
   676   480 7.9991e+10   47  129 7.8209e+10 7.9991e+10  2.28%   434  197s
   678   481 7.9991e+10   35  315 7.8209e+10 7.9991e+10  2.28%   433  200s
   682   484 7.8972e+10   12  323 7.8209e+10 7.9991e+10  2.28%   430  205s
   686   487 7.9991e+10   24  338 7.8209e+10 7.9991e+10  2.28%   428  212s
   691   491 7.8432e+10   51  267 7.8209e+10 7.9991e+10  2.28%   595  215s
   695   494 7.9991e+10    8  491 7.8209e+10 7.9991e+10  2.28%   592  220s
   698   496 7.9991e+10   23  149 7.8209e+10 7.9991e+10  2.28%   589  226s
   701   498 7.8432e+10   91  485 7.8209e+10 7.9991e+10  2.28%   587  230s
   703   499 7.9991e+10   11  502 7.8209e+10 7.9991e+10  2.28%   585  237s
   704   500 7.9991e+10   34  335 7.8209e+10 7.9991e+10  2.28%   584  240s
   706   501 7.8432e+10   61  439 7.8209e+10 7.9991e+10  2.28%   583  245s
   708   503 7.9991e+10   15  538 7.8209e+10 7.9991e+10  2.28%   581  251s
   710   504 7.8412e+10   80  189 7.8209e+10 7.9991e+10  2.28%   579  255s
   713   506 7.8432e+10   44   88 7.8209e+10 7.9991e+10  2.28%   577  261s
   734   519 7.8911e+10   49  362 7.8209e+10 7.9965e+10  2.25%   738  265s
   766   540 7.8911e+10   67  234 7.8209e+10 7.9965e+10  2.25%   719  278s
   773   545 7.8911e+10   70  276 7.8209e+10 7.9965e+10  2.25%   717  280s
   802   554 7.9623e+10   41  131 7.8209e+10 7.9931e+10  2.20%   696  285s
   823   568 7.8879e+10   53  297 7.8209e+10 7.9931e+10  2.20%   689  290s
   864   576 7.9922e+10   50  264 7.8209e+10 7.9931e+10  2.20%   665  295s
   901   592 infeasible   73      7.8209e+10 7.9931e+10  2.20%   646  300s
   922   599 7.8911e+10   59  261 7.8209e+10 7.9931e+10  2.20%   635  305s
   969   615 7.9912e+10   52  301 7.8209e+10 7.9931e+10  2.20%   611  310s
   991   626 infeasible   66      7.8209e+10 7.9931e+10  2.20%   603  315s
  1035   640 7.8911e+10   69  131 7.8209e+10 7.9931e+10  2.20%   586  320s
  1051   637 7.9912e+10   50  254 7.8209e+10 7.9931e+10  2.20%   582  326s
  1107   637 7.9931e+10   49  301 7.8209e+10 7.9931e+10  2.20%   560  330s
  1172   660 7.9357e+10   57  165 7.8209e+10 7.9931e+10  2.20%   537  335s
  1250   708 7.9357e+10   88  148 7.8209e+10 7.9931e+10  2.20%   509  340s
  1324   740 7.9357e+10   75  110 7.8209e+10 7.9931e+10  2.20%   488  345s
  1382   740 7.9772e+10   51  278 7.8209e+10 7.9931e+10  2.20%   474  350s
  1426   757 7.9357e+10   73  173 7.8209e+10 7.9931e+10  2.20%   466  355s
  1470   762 7.9912e+10   56  211 7.8209e+10 7.9931e+10  2.20%   458  360s
  1502   761 infeasible   64      7.8209e+10 7.9931e+10  2.20%   454  365s
  1531   763 7.9931e+10   49  259 7.8209e+10 7.9931e+10  2.20%   451  370s
  1573   770 7.9912e+10   54  208 7.8209e+10 7.9931e+10  2.20%   444  375s
  1604   781 7.9912e+10   58  267 7.8209e+10 7.9931e+10  2.20%   440  389s
  1610   783 7.8911e+10   64  192 7.8209e+10 7.9931e+10  2.20%   438  390s
  1655   793 7.9931e+10   50  311 7.8209e+10 7.9931e+10  2.20%   434  395s
  1685   799 7.9357e+10   60  210 7.8209e+10 7.9931e+10  2.20%   431  400s
  1723   792 7.9275e+10   57  251 7.8209e+10 7.9931e+10  2.20%   430  405s
  1767   794 7.9357e+10   53  275 7.8209e+10 7.9931e+10  2.20%   424  410s
  1789   793 7.9275e+10   57  277 7.8209e+10 7.9931e+10  2.20%   428  415s
  1831   782 7.9931e+10   53  431 7.8209e+10 7.9931e+10  2.20%   426  420s
  1870   800 infeasible   87      7.8209e+10 7.9931e+10  2.20%   420  425s
  1913   816 7.9357e+10   72  143 7.8209e+10 7.9931e+10  2.20%   414  430s
  1962   830 7.9275e+10   51  327 7.8209e+10 7.9931e+10  2.20%   406  435s
  1982   833 7.9275e+10   54  211 7.8209e+10 7.9931e+10  2.20%   405  440s
  2022   834 7.9872e+10   50  354 7.8209e+10 7.9931e+10  2.20%   402  445s
  2066   838 infeasible   69      7.8209e+10 7.9931e+10  2.20%   399  450s
  2110   838 7.9186e+10   51  270 7.8209e+10 7.9931e+10  2.20%   396  455s
  2153   837 7.9835e+10   51  320 7.8209e+10 7.9931e+10  2.20%   395  460s
  2185   832 7.9357e+10   56  220 7.8209e+10 7.9931e+10  2.20%   394  465s
  2227   826 7.9517e+10   50  467 7.8209e+10 7.9931e+10  2.20%   394  470s
  2259   849 7.9357e+10   54  236 7.8209e+10 7.9931e+10  2.20%   393  475s
  2287   853 7.9186e+10   53  332 7.8209e+10 7.9931e+10  2.20%   394  480s
  2328   866 7.9357e+10   57  234 7.8209e+10 7.9931e+10  2.20%   393  485s
  2370   892 7.9357e+10   80  184 7.8209e+10 7.9931e+10  2.20%   388  490s
  2396   903 7.8241e+10   66  187 7.8209e+10 7.9931e+10  2.20%   388  495s
  2421   912     cutoff   58      7.8209e+10 7.9931e+10  2.20%   388  500s
  2445   922     cutoff   60      7.8209e+10 7.9931e+10  2.20%   390  505s
  2473   926 7.9793e+10   52  257 7.8209e+10 7.9931e+10  2.20%   391  510s
  2506   931 7.9517e+10   49  347 7.8209e+10 7.9931e+10  2.20%   392  515s
  2549   951 7.9817e+10   49  455 7.8209e+10 7.9931e+10  2.20%   391  520s
  2590   962 7.8911e+10   58  187 7.8209e+10 7.9931e+10  2.20%   389  525s
  2629   968 7.9275e+10   58  223 7.8209e+10 7.9913e+10  2.18%   388  530s
  2658   982 7.8796e+10   54  268 7.8209e+10 7.9913e+10  2.18%   388  535s
  2682   986 7.9275e+10   51  359 7.8209e+10 7.9913e+10  2.18%   390  540s
  2690   991 7.8241e+10   58  182 7.8209e+10 7.9913e+10  2.18%   390  548s
  2707   999 infeasible   58      7.8209e+10 7.9912e+10  2.18%   389  550s
  2744  1016 7.9275e+10   44  382 7.8209e+10 7.9912e+10  2.18%   389  555s
  2775  1037 7.9912e+10   43  337 7.8209e+10 7.9912e+10  2.18%   389  560s
  2785  1047 7.9912e+10   51  296 7.8209e+10 7.9912e+10  2.18%   389  569s
  2798  1052 7.9275e+10   54  259 7.8209e+10 7.9912e+10  2.18%   388  570s
  2872  1046 7.9275e+10   57  243 7.8209e+10 7.9912e+10  2.18%   385  575s
  2921  1046 infeasible   58      7.8209e+10 7.9912e+10  2.18%   384  580s
  2958  1056 7.8911e+10   54  157 7.8209e+10 7.9912e+10  2.18%   383  595s
  3012  1080 7.9275e+10   60  268 7.8209e+10 7.9912e+10  2.18%   380  600s
  3033  1084 7.8911e+10   52  352 7.8209e+10 7.9912e+10  2.18%   380  605s
  3085  1090 7.8911e+10   58  259 7.8209e+10 7.9912e+10  2.18%   378  610s
  3135  1106 7.8911e+10   56  430 7.8209e+10 7.9912e+10  2.18%   377  615s
  3205  1118 infeasible   57      7.8209e+10 7.9912e+10  2.18%   374  620s
  3265  1119 7.8911e+10   47  478 7.8209e+10 7.9912e+10  2.18%   371  625s
  3298  1134 7.8996e+10   49  263 7.8209e+10 7.9912e+10  2.18%   371  630s
  3338  1132     cutoff   50      7.8209e+10 7.9912e+10  2.18%   371  635s
  3392  1124     cutoff   50      7.8209e+10 7.9912e+10  2.18%   369  640s
  3433  1147 7.8688e+10   60  262 7.8209e+10 7.9912e+10  2.18%   369  645s
  3482  1156 7.8241e+10   63  187 7.8209e+10 7.9912e+10  2.18%   367  650s
  3526  1158 7.8241e+10   57  263 7.8209e+10 7.9912e+10  2.18%   368  655s
  3549  1160 7.8241e+10   53  431 7.8209e+10 7.9912e+10  2.18%   369  660s
  3574  1163 7.8911e+10   60  154 7.8209e+10 7.9912e+10  2.18%   371  665s
  3601  1162 7.8911e+10   54  356 7.8209e+10 7.9912e+10  2.18%   372  670s
  3660  1161 7.8911e+10   57  272 7.8209e+10 7.9912e+10  2.18%   371  675s
  3675  1162 7.8911e+10   61  210 7.8209e+10 7.9912e+10  2.18%   370  682s
  3701  1158 7.9912e+10   52  294 7.8209e+10 7.9912e+10  2.18%   370  685s
  3751  1182 7.8241e+10   55  274 7.8209e+10 7.9912e+10  2.18%   370  690s
  3803  1192 infeasible   53      7.8209e+10 7.9912e+10  2.18%   368  695s
  3845  1191 7.8911e+10   55  236 7.8209e+10 7.9896e+10  2.16%   368  700s
  3897  1191 7.9357e+10   63  145 7.8209e+10 7.9851e+10  2.10%   368  705s
  3953  1202 7.9038e+10   56  270 7.8209e+10 7.9835e+10  2.08%   367  710s
  4009  1197 7.9774e+10   42  470 7.8209e+10 7.9774e+10  2.00%   366  715s
  4040  1209 7.9774e+10   47  278 7.8209e+10 7.9774e+10  2.00%   365  720s
  4205  1366 7.8432e+10  200   60 7.8209e+10 7.9774e+10  2.00%   352  725s
  4283  1418 7.8432e+10   71  108 7.8209e+10 7.9774e+10  2.00%   348  730s
  4408  1539 infeasible  122      7.8209e+10 7.9774e+10  2.00%   339  735s
  4526  1637 7.8432e+10   79  115 7.8209e+10 7.9774e+10  2.00%   332  740s
  4625  1703 7.9424e+10   48  291 7.8209e+10 7.9774e+10  2.00%   326  745s
  4738  1806 7.8432e+10  150   66 7.8209e+10 7.9774e+10  2.00%   320  750s
  4800  1843 7.8831e+10   57  273 7.8209e+10 7.9774e+10  2.00%   318  755s
  4916  1947 7.9437e+10   46  382 7.8209e+10 7.9774e+10  2.00%   312  760s
  4970  1985 7.8432e+10   75  107 7.8209e+10 7.9774e+10  2.00%   311  765s
  5101  2102 7.8432e+10   81  126 7.8209e+10 7.9774e+10  2.00%   304  779s
  5104  2105 7.8432e+10   84  130 7.8209e+10 7.9774e+10  2.00%   304  780s
  5214  2199 7.9594e+10   53  271 7.8209e+10 7.9774e+10  2.00%   299  785s
  5349  2311 7.9774e+10   45  413 7.8209e+10 7.9774e+10  2.00%   293  790s
  5397  2357 7.8432e+10   85  112 7.8209e+10 7.9774e+10  2.00%   292  795s
  5513  2460 7.9772e+10   48  260 7.8209e+10 7.9774e+10  2.00%   287  800s
  5618  2563 7.8432e+10  127   87 7.8209e+10 7.9774e+10  2.00%   283  805s
  5776  2698 7.8432e+10  147   89 7.8209e+10 7.9774e+10  2.00%   276  810s
  5895  2801 infeasible  123      7.8209e+10 7.9774e+10  2.00%   272  815s
  6033  2917 7.8432e+10   79   89 7.8209e+10 7.9774e+10  2.00%   268  820s
  6181  3048 7.8432e+10  134   65 7.8209e+10 7.9772e+10  2.00%   262  825s
  6261  3086 7.8321e+10   54  196 7.8209e+10 7.9764e+10  1.99%   261  830s
  6315  3132 7.8432e+10   86  111 7.8209e+10 7.9704e+10  1.91%   261  835s
  6478  3283 7.8432e+10  104  117 7.8209e+10 7.9683e+10  1.88%   256  840s
  6633  3422 7.8432e+10   69  201 7.8209e+10 7.9683e+10  1.88%   250  845s
  6793  3550 7.8432e+10   58  235 7.8209e+10 7.9683e+10  1.88%   246  850s
  6927  3653 7.8432e+10   54  193 7.8209e+10 7.9683e+10  1.88%   242  855s
  7101  3805 7.8432e+10  102  119 7.8209e+10 7.9683e+10  1.88%   237  860s
  7259  3949 7.8432e+10  135  114 7.8209e+10 7.9623e+10  1.81%   233  865s
  7340  3992 7.9623e+10   41  573 7.8209e+10 7.9623e+10  1.81%   232  871s
  7362  3996 infeasible   48      7.8209e+10 7.9623e+10  1.81%   232  875s
  7383  4001 infeasible   47      7.8209e+10 7.9623e+10  1.81%   234  880s
  7429  4004 7.9325e+10   44  420 7.8209e+10 7.9623e+10  1.81%   235  885s
  7472  4003 7.9548e+10   46  420 7.8209e+10 7.9548e+10  1.71%   236  890s
  7537  4068 7.8432e+10  105   90 7.8209e+10 7.9548e+10  1.71%   235  895s
  7704  4217 7.8432e+10  113   67 7.8209e+10 7.9548e+10  1.71%   231  900s
  7792  4286 7.8432e+10   57  134 7.8209e+10 7.9543e+10  1.70%   228  914s
  7795  4289 7.8432e+10   60  118 7.8209e+10 7.9543e+10  1.70%   228  915s
  7943  4382 7.9275e+10   60  173 7.8209e+10 7.9517e+10  1.67%   225  920s
  7989  4390 7.9357e+10   61  125 7.8209e+10 7.9517e+10  1.67%   225  925s
  8036  4392 7.9275e+10   57  335 7.8209e+10 7.9517e+10  1.67%   226  930s
  8081  4403 7.9357e+10   54  304 7.8209e+10 7.9517e+10  1.67%   226  935s
  8101  4403 infeasible   57      7.8209e+10 7.9517e+10  1.67%   227  940s
  8120  4402     cutoff   54      7.8209e+10 7.9517e+10  1.67%   228  945s
  8150  4412 7.8911e+10   53  263 7.8209e+10 7.9517e+10  1.67%   229  950s
  8185  4413 7.9275e+10   51  311 7.8209e+10 7.9517e+10  1.67%   230  955s
  8207  4425 7.9275e+10   52  294 7.8209e+10 7.9517e+10  1.67%   230  963s
  8218  4430 7.8241e+10   58  239 7.8209e+10 7.9517e+10  1.67%   230  965s
  8259  4432 7.9517e+10   57  266 7.8209e+10 7.9517e+10  1.67%   230  970s
  8374  4521 7.8432e+10  137   80 7.8209e+10 7.9486e+10  1.63%   228  975s
  8493  4622 7.8432e+10   95  191 7.8209e+10 7.9486e+10  1.63%   225  980s
  8640  4753 7.8432e+10  134   51 7.8209e+10 7.9486e+10  1.63%   222  985s
  8788  4852 7.8432e+10   84  155 7.8209e+10 7.9461e+10  1.60%   219  990s
  8856  4920 7.8432e+10  152   69 7.8209e+10 7.9461e+10  1.60%   218 1021s
  8968  5016 7.8432e+10  111   84 7.8209e+10 7.9450e+10  1.59%   216 1025s
  9076  5100 7.8432e+10   56  247 7.8209e+10 7.9450e+10  1.59%   214 1030s
  9229  5233 7.9424e+10   46  332 7.8209e+10 7.9450e+10  1.59%   211 1035s
  9291  5287 7.8432e+10  100   93 7.8209e+10 7.9450e+10  1.59%   211 1040s
  9407  5375 7.9176e+10   54  243 7.8209e+10 7.9450e+10  1.59%   209 1045s
  9535  5477 7.9424e+10   51  344 7.8209e+10 7.9450e+10  1.59%   207 1050s
  9610  5544 7.8432e+10   93   86 7.8209e+10 7.9450e+10  1.59%   207 1055s
  9724  5640 7.9424e+10   51  272 7.8209e+10 7.9450e+10  1.59%   205 1060s
  9732  5642 7.8432e+10   56  111 7.8209e+10 7.9450e+10  1.59%   205 1069s
  9740  5650 7.8432e+10   64  115 7.8209e+10 7.9450e+10  1.59%   205 1070s
  9874  5764 7.9325e+10   51  395 7.8209e+10 7.9446e+10  1.58%   203 1075s
 10000  5856     cutoff   48      7.8209e+10 7.9424e+10  1.55%   201 1080s
 10117  5953 7.8432e+10   62  135 7.8209e+10 7.9424e+10  1.55%   200 1085s
 10203  6028 7.8432e+10  101  165 7.8209e+10 7.9424e+10  1.55%   199 1286s
 10205  6029 7.8432e+10   94  191 7.8209e+10 7.9424e+10  1.55%   199 1290s
 10207  6031 7.9357e+10   76  478 7.8209e+10 7.9424e+10  1.55%   199 1295s
 10211  6033 7.8432e+10   70  274 7.8209e+10 7.9424e+10  1.55%   199 1307s
 10212  6034 7.8911e+10   73  274 7.8209e+10 7.9424e+10  1.55%   199 1315s
 10213  6035 7.8432e+10   98  143 7.8209e+10 7.9424e+10  1.55%   199 1326s
 10214  6035 7.8432e+10  126  205 7.8209e+10 7.9424e+10  1.55%   198 1335s
 10215  6036 7.9275e+10   55   85 7.8209e+10 7.9424e+10  1.55%   198 1343s
 10216  6037 7.8432e+10   73   99 7.8209e+10 7.9424e+10  1.55%   198 1352s
 10217  6037 7.8432e+10   61  255 7.8209e+10 7.9424e+10  1.55%   198 1359s
 10218  6038 7.8432e+10   87  427 7.8209e+10 7.9424e+10  1.55%   198 1366s
 10219  6039 7.8432e+10   59  330 7.8209e+10 7.9424e+10  1.55%   198 1381s
 10220  6039 7.8432e+10   97  510 7.8209e+10 7.9424e+10  1.55%   198 1389s
 10221  6040 7.8432e+10   71  576 7.8209e+10 7.9424e+10  1.55%   198 1400s
 10222  6041 7.8432e+10   62  527 7.8209e+10 7.9424e+10  1.55%   198 1410s
 10223  6041 7.8432e+10   88  454 7.8209e+10 7.9424e+10  1.55%   198 1418s
 10224  6042 7.8432e+10   97  437 7.8209e+10 7.9424e+10  1.55%   198 1428s
 10225  6043 7.9357e+10   62  437 7.8209e+10 7.9424e+10  1.55%   198 1430s
 10233  6050 7.9424e+10   53  315 7.8209e+10 7.9424e+10  1.55%   208 1435s
 10288  6074 7.8432e+10   84  165 7.8209e+10 7.9424e+10  1.55%   207 1440s
 10340  6108 7.8432e+10  112  128 7.8209e+10 7.9424e+10  1.55%   206 1445s
 10387  6140 7.8432e+10  135  108 7.8209e+10 7.9424e+10  1.55%   206 1451s
 10429  6154 7.8432e+10  152   86 7.8209e+10 7.9424e+10  1.55%   205 1455s
 10453  6150 7.9424e+10   52  441 7.8209e+10 7.9424e+10  1.55%   205 1460s
 10502  6165 7.9022e+10   86  168 7.8209e+10 7.9424e+10  1.55%   205 1465s
 10537  6169 7.9424e+10   50  257 7.8209e+10 7.9424e+10  1.55%   204 1470s
 10583  6199 7.8432e+10   80  137 7.8209e+10 7.9424e+10  1.55%   204 1476s
 10629  6230 7.8432e+10  103  119 7.8209e+10 7.9424e+10  1.55%   204 1480s
 10676  6259 7.8432e+10  126   74 7.8209e+10 7.9424e+10  1.55%   203 1485s
 10771  6270 7.9006e+10   61  170 7.8209e+10 7.9424e+10  1.55%   202 1490s
 10822  6290 7.8432e+10   74   86 7.8209e+10 7.9424e+10  1.55%   201 1496s
 10841  6302 7.8432e+10   84   79 7.8209e+10 7.9424e+10  1.55%   201 1501s
 10912  6340 7.8432e+10  119   48 7.8209e+10 7.9424e+10  1.55%   200 1505s
 10946  6343     cutoff   66      7.8209e+10 7.9424e+10  1.55%   200 1510s
 11000  6363 7.8432e+10   80  104 7.8209e+10 7.9424e+10  1.55%   200 1515s
 11098  6399 7.9424e+10   49  476 7.8209e+10 7.9424e+10  1.55%   199 1520s
 11135  6412 7.8879e+10   75  254 7.8209e+10 7.9424e+10  1.55%   199 1525s
 11227  6466 7.8432e+10  111   80 7.8209e+10 7.9424e+10  1.55%   198 1530s
 11318  6482 7.8432e+10  144   39 7.8209e+10 7.9424e+10  1.55%   197 1535s
 11400  6523 7.8432e+10   98   83 7.8209e+10 7.9424e+10  1.55%   196 1540s
 11498  6580 7.8432e+10  140   42 7.8209e+10 7.9424e+10  1.55%   194 1545s
 11555  6596 7.8432e+10   80  116 7.8209e+10 7.9424e+10  1.55%   194 1550s
 11681  6676 7.8432e+10  138   51 7.8209e+10 7.9424e+10  1.55%   192 1555s
 11742  6683 7.9399e+10   50  445 7.8209e+10 7.9424e+10  1.55%   192 1570s
 11775  6705 7.9333e+10   74  213 7.8209e+10 7.9424e+10  1.55%   191 1575s
 11805  6719 7.8990e+10   86  218 7.8209e+10 7.9424e+10  1.55%   191 1583s
 11829  6735 7.8432e+10  105  131 7.8209e+10 7.9424e+10  1.55%   191 1585s
 11922  6795 7.8432e+10  156   85 7.8209e+10 7.9424e+10  1.55%   190 1590s
 11995  6820 7.9395e+10   53  437 7.8209e+10 7.9424e+10  1.55%   189 1595s
 12076  6872 7.8432e+10  132   70 7.8209e+10 7.9424e+10  1.55%   188 1600s
 12143  6894 7.8432e+10   83   82 7.8209e+10 7.9424e+10  1.55%   188 1605s
 12224  6948 7.8432e+10  164   68 7.8209e+10 7.9424e+10  1.55%   187 1610s
 12310  6993 7.8432e+10   62  126 7.8209e+10 7.9424e+10  1.55%   186 1615s
 12360  7026 7.8432e+10   88  109 7.8209e+10 7.9424e+10  1.55%   186 1621s
 12409  7036 7.8835e+10   57  374 7.8209e+10 7.9424e+10  1.55%   186 1625s
 12454  7042 7.8432e+10   66  146 7.8209e+10 7.9424e+10  1.55%   186 1630s
 12574  7122 7.8432e+10  186  102 7.8209e+10 7.9424e+10  1.55%   185 1635s
 12679  7176 7.8432e+10  137  108 7.8209e+10 7.9424e+10  1.55%   183 1640s
 12767  7210 7.8432e+10   66  179 7.8209e+10 7.9424e+10  1.55%   183 1645s
 12847  7262 7.8432e+10   97   82 7.8209e+10 7.9424e+10  1.55%   182 1650s
 12877  7264 7.8972e+10   54  479 7.8209e+10 7.9424e+10  1.55%   182 1655s
 12924  7285 7.8432e+10   90  177 7.8209e+10 7.9424e+10  1.55%   182 1660s
 13031  7350 7.8432e+10  192   57 7.8209e+10 7.9424e+10  1.55%   181 1665s
 13102  7367 7.8972e+10   98  150 7.8209e+10 7.9424e+10  1.55%   180 1670s
 13199  7429 7.8972e+10  193   43 7.8209e+10 7.9424e+10  1.55%   179 1675s
 13273  7457 7.8432e+10   93   98 7.8209e+10 7.9424e+10  1.55%   178 1680s
 13360  7494 7.8432e+10   58  108 7.8209e+10 7.9424e+10  1.55%   178 1685s
 13444  7546 7.8432e+10  103   89 7.8209e+10 7.9424e+10  1.55%   177 1690s
 13497  7550     cutoff   57      7.8209e+10 7.9424e+10  1.55%   177 1695s
 13577  7601 7.8972e+10  133   96 7.8209e+10 7.9424e+10  1.55%   176 1700s
 13586  7607 7.8972e+10  142  105 7.8209e+10 7.9424e+10  1.55%   176 1706s
 13637  7627 7.9390e+10   54  292 7.8209e+10 7.9424e+10  1.55%   176 1710s
 13707  7673 7.8432e+10  120   53 7.8209e+10 7.9424e+10  1.55%   175 1715s
 13806  7721 7.8972e+10  109  150 7.8209e+10 7.9424e+10  1.55%   174 1720s
 13883  7742 7.8972e+10   57  268 7.8209e+10 7.9424e+10  1.55%   173 1725s
 13984  7810 7.8972e+10  156  112 7.8209e+10 7.9424e+10  1.55%   172 1730s
 14080  7844 7.9424e+10   53  412 7.8209e+10 7.9424e+10  1.55%   171 1735s
 14112  7849 7.9268e+10   61  254 7.8209e+10 7.9424e+10  1.55%   172 1740s
 14228  7910 7.9357e+10   56  179 7.8209e+10 7.9424e+10  1.55%   171 1745s
 14272  7918 7.8972e+10   66  213 7.8209e+10 7.9424e+10  1.55%   171 1750s
 14351  7969 7.8972e+10  145  146 7.8209e+10 7.9424e+10  1.55%   170 1755s
 14427  7998 7.9424e+10   59  320 7.8209e+10 7.9424e+10  1.55%   169 1760s
 14515  8052 7.8432e+10  140   57 7.8209e+10 7.9424e+10  1.55%   169 1765s
 14581  8070 7.8432e+10   71  217 7.8209e+10 7.9424e+10  1.55%   168 1770s
 14651  8112 7.8432e+10   93  103 7.8209e+10 7.9424e+10  1.55%   168 1775s
 14760  8140 7.8432e+10   68  125 7.8209e+10 7.9424e+10  1.55%   167 1780s
 14892  8178 7.8432e+10   74  202 7.8209e+10 7.9424e+10  1.55%   166 1785s
 15002  8239 7.8432e+10  142   80 7.8209e+10 7.9424e+10  1.55%   165 1790s
 15136  8289 7.9108e+10   57  311 7.8209e+10 7.9424e+10  1.55%   164 1795s
 15218  8323 7.9357e+10   59  227 7.8209e+10 7.9424e+10  1.55%   164 1800s
 15250  8334 7.9414e+10   68  144 7.8209e+10 7.9424e+10  1.55%   164 1805s
 15299  8358 7.9424e+10   69  158 7.8209e+10 7.9424e+10  1.55%   164 1810s
 15303  8361 7.9357e+10   73  150 7.8209e+10 7.9424e+10  1.55%   164 1816s
 15341  8367 7.8432e+10   64  335 7.8209e+10 7.9424e+10  1.55%   164 1820s
 15488  8463 7.8432e+10  210   53 7.8209e+10 7.9424e+10  1.55%   163 1825s
 15532  8456 7.8432e+10   65  209 7.8209e+10 7.9424e+10  1.55%   163 1830s
 15680  8544 7.8432e+10  135   26 7.8209e+10 7.9424e+10  1.55%   162 1835s
 15815  8596 7.8432e+10  135   59 7.8209e+10 7.9424e+10  1.55%   161 1840s
 15890  8619 7.9378e+10   60  292 7.8209e+10 7.9424e+10  1.55%   161 1845s
 15921  8626 7.8432e+10   75  185 7.8209e+10 7.9424e+10  1.55%   161 1850s
 16064  8695 7.8432e+10   75  113 7.8209e+10 7.9424e+10  1.55%   160 1855s
 16202  8769 7.8879e+10   61  282 7.8209e+10 7.9424e+10  1.55%   159 1860s
 16302  8826 7.8432e+10  147   80 7.8209e+10 7.9424e+10  1.55%   158 1865s
 16430  8895 7.8432e+10   94  126 7.8209e+10 7.9424e+10  1.55%   157 1870s
 16526  8949 7.8432e+10  144   75 7.8209e+10 7.9424e+10  1.55%   157 1875s
 16651  8959 7.8353e+10   61  362 7.8209e+10 7.9424e+10  1.55%   156 1880s
 16720  9005 7.8432e+10  108   91 7.8209e+10 7.9424e+10  1.55%   156 1889s
 16735  9015 7.8432e+10  116   93 7.8209e+10 7.9424e+10  1.55%   155 1890s
 16848  9065 7.9424e+10   56  452 7.8209e+10 7.9424e+10  1.55%   155 1895s
 16902  9098 7.8432e+10   79  103 7.8209e+10 7.9424e+10  1.55%   155 1900s
 17000  9126 7.8432e+10   85  122 7.8209e+10 7.9424e+10  1.55%   154 1905s
 17098  9160 7.9424e+10   59  241 7.8209e+10 7.9424e+10  1.55%   154 1910s
 17202  9209 infeasible  150      7.8209e+10 7.9424e+10  1.55%   153 1915s
 17288  9246 7.8432e+10   63  280 7.8209e+10 7.9424e+10  1.55%   153 1920s
 17377  9274 7.9424e+10   58  315 7.8209e+10 7.9424e+10  1.55%   153 1925s
 17473  9336 7.8432e+10  132   36 7.8209e+10 7.9424e+10  1.55%   152 1930s
 17576  9368 7.9198e+10   63  287 7.8209e+10 7.9424e+10  1.55%   152 1935s
 17695  9432 7.9424e+10   53  416 7.8209e+10 7.9424e+10  1.55%   151 1940s
 17765  9462 7.8432e+10  110  103 7.8209e+10 7.9424e+10  1.55%   151 1945s
 17863  9501 7.8432e+10   92  108 7.8209e+10 7.9424e+10  1.55%   151 1950s
 17955  9528 7.9424e+10   68  194 7.8209e+10 7.9424e+10  1.55%   151 1955s
 18066  9599 7.9357e+10  113  125 7.8209e+10 7.9424e+10  1.55%   150 1960s
 18158  9628 7.8432e+10   76  103 7.8209e+10 7.9424e+10  1.55%   150 1965s
 18257  9682 7.8432e+10   60  190 7.8209e+10 7.9424e+10  1.55%   149 1970s
 18341  9717 7.8432e+10   86   84 7.8209e+10 7.9424e+10  1.55%   149 1975s
 18447  9761 7.8432e+10   82   95 7.8209e+10 7.9424e+10  1.55%   149 1980s
 18521  9780 7.9424e+10   56  369 7.8209e+10 7.9424e+10  1.55%   149 1985s
 18643  9830 7.9424e+10   57  333 7.8209e+10 7.9424e+10  1.55%   148 1990s
 18754  9882 7.8432e+10  150   27 7.8209e+10 7.9424e+10  1.55%   147 1995s
 18866  9911 7.8432e+10   60  229 7.8209e+10 7.9424e+10  1.55%   147 2000s
 18946  9963 7.8432e+10  114  101 7.8209e+10 7.9424e+10  1.55%   147 2005s
 19062 10006 7.8432e+10   97   98 7.8209e+10 7.9424e+10  1.55%   146 2010s
 19181 10069 7.8432e+10  136   80 7.8209e+10 7.9424e+10  1.55%   146 2015s
 19408 10202 7.8432e+10  175   15 7.8209e+10 7.9424e+10  1.55%   144 2020s
 19527 10269 7.8432e+10  119   87 7.8209e+10 7.9424e+10  1.55%   144 2025s
 19619 10295 7.8432e+10   73  110 7.8209e+10 7.9424e+10  1.55%   143 2030s
 19757 10364 infeasible  124      7.8209e+10 7.9424e+10  1.55%   143 2035s
 19915 10446 7.8432e+10   90   85 7.8209e+10 7.9424e+10  1.55%   142 2040s
 20071 10526 7.8432e+10  148   87 7.8209e+10 7.9424e+10  1.55%   141 2045s
 20199 10585 7.8432e+10  123   85 7.8209e+10 7.9424e+10  1.55%   141 2050s
 20367 10651 7.8432e+10  148   46 7.8209e+10 7.9424e+10  1.55%   140 2055s
 20404 10664 7.8432e+10   85   98 7.8209e+10 7.9424e+10  1.55%   140 2062s
 20458 10679 7.9424e+10   58  349 7.8209e+10 7.9424e+10  1.55%   140 2065s
 20579 10744 7.8432e+10  112  108 7.8209e+10 7.9424e+10  1.55%   139 2070s
 20679 10788 7.9176e+10   62  279 7.8209e+10 7.9424e+10  1.55%   139 2075s
 20786 10829 7.8432e+10   77  114 7.8209e+10 7.9424e+10  1.55%   139 2080s
 20962 10929 7.8432e+10   95   91 7.8209e+10 7.9424e+10  1.55%   138 2085s
 21063 10957 7.8432e+10   81  165 7.8209e+10 7.9424e+10  1.55%   138 2090s
 21169 11012 7.8432e+10   94   67 7.8209e+10 7.9424e+10  1.55%   137 2095s
 21285 11047 7.9424e+10   57  426 7.8209e+10 7.9424e+10  1.55%   137 2100s
 21452 11144 7.8990e+10   60  286 7.8209e+10 7.9424e+10  1.55%   136 2105s
 21556 11199 7.9416e+10   60  294 7.8209e+10 7.9424e+10  1.55%   136 2110s
 21583 11192 7.9416e+10   54  339 7.8209e+10 7.9424e+10  1.55%   136 2115s
 21628 11198 7.8547e+10   74  156 7.8209e+10 7.9424e+10  1.55%   137 2120s
 21757 11270 7.8547e+10  138   84 7.8209e+10 7.9424e+10  1.55%   136 2125s
 21862 11306 7.8547e+10   64  215 7.8209e+10 7.9424e+10  1.55%   136 2130s
 21963 11357 7.8547e+10   92  115 7.8209e+10 7.9424e+10  1.55%   136 2135s
 22119 11417 7.9414e+10   54  465 7.8209e+10 7.9424e+10  1.55%   135 2140s
 22276 11518 7.8972e+10  205    2 7.8209e+10 7.9424e+10  1.55%   134 2145s
*22277  2257             206    7.897236e+10 7.9424e+10  0.57%   134 2145s
 22315  2234 7.8976e+10   67  313 7.8972e+10 7.9424e+10  0.57%   135 2150s
 22357  2210     cutoff   62      7.8972e+10 7.9424e+10  0.57%   135 2155s
 22389  2193     cutoff   57      7.8972e+10 7.9424e+10  0.57%   136 2160s
 22403  2190     cutoff   63      7.8972e+10 7.9424e+10  0.57%   136 2165s
 22424  2188     cutoff   61      7.8972e+10 7.9424e+10  0.57%   137 2170s
 22435  2186 7.9394e+10   58  383 7.8972e+10 7.9424e+10  0.57%   137 2175s
 22463  2169 7.9272e+10   58  247 7.8972e+10 7.9424e+10  0.57%   138 2180s
 22489  2161 7.9310e+10   56  282 7.8972e+10 7.9422e+10  0.57%   139 2185s
 22530  2140 7.9416e+10   58  368 7.8972e+10 7.9416e+10  0.56%   139 2190s
 22571  2119 7.9176e+10   73  261 7.8972e+10 7.9414e+10  0.56%   139 2195s
 22605  2092 7.9176e+10   63  456 7.8972e+10 7.9414e+10  0.56%   140 2200s
 22629  2076 7.9310e+10   53  330 7.8972e+10 7.9397e+10  0.54%   141 2205s
 22657  2071 7.9310e+10   58  263 7.8972e+10 7.9396e+10  0.54%   141 2210s
 22694  2059 7.9310e+10   55  380 7.8972e+10 7.9395e+10  0.54%   142 2215s
 22726  2050 infeasible   61      7.8972e+10 7.9394e+10  0.53%   142 2220s
 22742  2040 7.9394e+10   56  393 7.8972e+10 7.9394e+10  0.53%   142 2225s
 22768  2032     cutoff   61      7.8972e+10 7.9394e+10  0.53%   143 2230s
 22809  2018 7.9310e+10   61  242 7.8972e+10 7.9391e+10  0.53%   143 2235s
 22847  1995 7.8976e+10   58  222 7.8972e+10 7.9388e+10  0.53%   144 2240s
 22876  1974     cutoff   63      7.8972e+10 7.9386e+10  0.52%   145 2245s
 22915  1950 7.9310e+10   54  346 7.8972e+10 7.9378e+10  0.51%   145 2250s
 22940  1941 7.9246e+10   61  412 7.8972e+10 7.9378e+10  0.51%   146 2257s
 22959  1931 7.9070e+10   80  136 7.8972e+10 7.9364e+10  0.50%   146 2260s
 23096  1762 infeasible   71      7.8972e+10 7.9357e+10  0.49%   146 2265s
 23160  1684     cutoff   64      7.8972e+10 7.9357e+10  0.49%   146 2270s
 23185  1663     cutoff   63      7.8972e+10 7.9357e+10  0.49%   146 2275s
 23204  1647     cutoff   58      7.8972e+10 7.9357e+10  0.49%   147 2280s
 23222  1642     cutoff   60      7.8972e+10 7.9357e+10  0.49%   147 2285s
 23242  1629 7.9357e+10   58  365 7.8972e+10 7.9357e+10  0.49%   148 2290s
 23258  1622 7.9357e+10   61  428 7.8972e+10 7.9357e+10  0.49%   148 2295s
 23280  1604 infeasible   58      7.8972e+10 7.9357e+10  0.49%   149 2300s
 23325  1558 7.9070e+10   57  365 7.8972e+10 7.9321e+10  0.44%   150 2305s
 23349  1541     cutoff   60      7.8972e+10 7.9310e+10  0.43%   151 2310s
 23373  1526     cutoff   58      7.8972e+10 7.9310e+10  0.43%   151 2315s
 23406  1507     cutoff   57      7.8972e+10 7.9310e+10  0.43%   151 2320s
 23432  1499 7.9310e+10   58  485 7.8972e+10 7.9310e+10  0.43%   152 2325s
 23460  1481 7.8996e+10   56  311 7.8972e+10 7.9310e+10  0.43%   152 2330s
 23492  1463     cutoff   56      7.8972e+10 7.9310e+10  0.43%   153 2335s
 23514  1443     cutoff   59      7.8972e+10 7.9268e+10  0.37%   153 2340s
 23539  1418     cutoff   57      7.8972e+10 7.9204e+10  0.29%   154 2345s
 23584  1369 7.9070e+10   57  336 7.8972e+10 7.9070e+10  0.12%   154 2350s
 23600  1364 7.9070e+10   57  367 7.8972e+10 7.9070e+10  0.12%   155 2355s
 23619  1359 7.9070e+10   59  252 7.8972e+10 7.9070e+10  0.12%   155 2360s
 23649  1345 7.9070e+10   57  435 7.8972e+10 7.9070e+10  0.12%   156 2365s
 23680  1335 7.9070e+10   63  316 7.8972e+10 7.9070e+10  0.12%   156 2370s
 23718  1303 7.8996e+10   59  387 7.8972e+10 7.9022e+10  0.06%   157 2375s
 23776  1236     cutoff   60      7.8972e+10 7.8990e+10  0.02%   158 2380s

Cutting planes:
  Learned: 16
  Gomory: 15
  Lift-and-project: 3
  Cover: 374
  Implied bound: 327
  Projected implied bound: 13
  Clique: 62
  MIR: 42
  StrongCG: 5
  Flow cover: 277
  GUB cover: 10
  Inf proof: 29
  Zero half: 58
  RLT: 73
  Relax-and-lift: 133

Explored 23788 nodes (3834082 simplex iterations) in 2380.60 seconds (1263.28 work units)
Thread count was 1 (of 28 available processors)

Solution count 2: 7.89724e+10 7.82092e+10 

Optimal solution found (tolerance 1.00e-04)
Best objective 7.897235640000e+10, best bound 7.897644705882e+10, gap 0.0052%

User-callback calls 745360, time in user-callback 0.55 sec