Gurobi Optimizer version 12.0.3 build v12.0.3rc0 (linux64 - "Oracle Linux Server 9.4")

CPU model: Intel(R) Xeon(R) CPU E5-2660 v4 @ 2.00GHz, instruction set [SSE2|AVX|AVX2]
Thread count: 28 physical cores, 28 logical processors, using up to 1 threads

Non-default parameters:
TimeLimit  3584.994884638
SoftMemLimit  16
NumericFocus  1
Threads  1

Academic license 2690100 - for non-commercial use only - registered to ju___@uclm.es
Optimize a model with 199350 rows, 46362 columns and 756059 nonzeros
Model fingerprint: 0x09fd056d
Variable types: 240 continuous, 46122 integer (46122 binary)
Coefficient statistics:
  Matrix range     [1e+00, 3e+13]
  Objective range  [2e+08, 2e+09]
  Bounds range     [1e+03, 1e+04]
  RHS range        [1e+00, 2e+14]
Warning: Model contains large matrix coefficient range
Warning: Model contains large objective coefficients
Warning: Model contains large rhs

Loaded user MIP start with objective 7.54e+10

Presolve removed 53986 rows and 6853 columns (presolve time = 5s)...
Presolve removed 53986 rows and 6853 columns
Presolve time: 7.19s
Presolved: 145364 rows, 39509 columns, 518862 nonzeros
Variable types: 240 continuous, 39269 integer (39269 binary)
Root relaxation presolved: 39509 rows, 184873 columns, 558371 nonzeros


Root simplex log...

Iteration    Objective       Primal Inf.    Dual Inf.      Time
       0      handle free variables                          9s
    6205    4.0061932e+10   5.943999e+08   0.000000e+00     10s
   18802    7.4222629e+10   7.019848e+09   0.000000e+00     15s
   24363    8.0615187e+10   1.118307e+07   0.000000e+00     20s
   26383    8.0630238e+10   3.027590e+07   0.000000e+00     25s
   27793    8.0640442e+10   7.402418e+07   0.000000e+00     30s
   28509    8.0781708e+10   0.000000e+00   0.000000e+00     32s
   28509    8.0781708e+10   0.000000e+00   0.000000e+00     32s

Root relaxation: objective 8.078171e+10, 28509 iterations, 23.84 seconds (20.70 work units)
Total elapsed time = 61.49s (DegenMoves)
Total elapsed time = 119.11s (DegenMoves)
Total elapsed time = 138.27s (DegenMoves)
Total elapsed time = 148.09s (DegenMoves)

    Nodes    |    Current Node    |     Objective Bounds      |     Work
 Expl Unexpl |  Obj  Depth IntInf | Incumbent    BestBd   Gap | It/Node Time

     0     0 8.0782e+10    0 1441 7.5400e+10 8.0782e+10  7.14%     -  157s
     0     0 8.0782e+10    0 1828 7.5400e+10 8.0782e+10  7.14%     -  203s
     0     0 8.0782e+10    0 1744 7.5400e+10 8.0782e+10  7.14%     -  206s
     0     0 8.0782e+10    0 1543 7.5400e+10 8.0782e+10  7.14%     -  370s
     0     0 8.0782e+10    0 1669 7.5400e+10 8.0782e+10  7.14%     -  399s
     0     0 8.0782e+10    0 1656 7.5400e+10 8.0782e+10  7.14%     -  580s
     0     0 8.0782e+10    0 1530 7.5400e+10 8.0782e+10  7.14%     -  585s
     0     0 8.0782e+10    0 1335 7.5400e+10 8.0782e+10  7.14%     -  711s
     0     0 8.0782e+10    0 1148 7.5400e+10 8.0782e+10  7.14%     -  737s
     0     0 8.0782e+10    0 1067 7.5400e+10 8.0782e+10  7.14%     -  772s
     0     0 8.0782e+10    0  987 7.5400e+10 8.0782e+10  7.14%     -  784s
     0     0 8.0782e+10    0 1468 7.5400e+10 8.0782e+10  7.14%     -  885s
     0     0 8.0782e+10    0 1913 7.5400e+10 8.0782e+10  7.14%     - 1016s
     0     0 8.0782e+10    0 1370 7.5400e+10 8.0782e+10  7.14%     - 1099s
     0     0 8.0782e+10    0 1370 7.5400e+10 8.0782e+10  7.14%     - 1130s
H    0     0                    7.566876e+10 8.0782e+10  6.76%     - 1230s
     0     2 8.0782e+10    0 1252 7.5669e+10 8.0782e+10  6.76%     - 1350s
     1     3 8.0782e+10    1 2186 7.5669e+10 8.0782e+10  6.76% 58954 1377s
     2     4 8.0782e+10    1 2250 7.5669e+10 8.0782e+10  6.76% 36028 1396s
     3     5 8.0782e+10    2 2169 7.5669e+10 8.0782e+10  6.76% 25677 1402s
     4     6 8.0782e+10    2 2121 7.5669e+10 8.0782e+10  6.76% 21732 1417s
     5     7 8.0782e+10    3 1906 7.5669e+10 8.0782e+10  6.76% 18586 1423s
     7     9 8.0782e+10    4 1873 7.5669e+10 8.0782e+10  6.76% 13745 1428s
     8    10 8.0782e+10    4 2064 7.5669e+10 8.0782e+10  6.76% 12957 1437s
     9    11 8.0782e+10    5 2038 7.5669e+10 8.0782e+10  6.76% 12331 1445s
    13    15 8.0782e+10    7 1789 7.5669e+10 8.0782e+10  6.76%  8923 1451s
    19    21 8.0782e+10   10 1825 7.5669e+10 8.0782e+10  6.76%  6200 1455s
    21    23 8.0782e+10   11 2012 7.5669e+10 8.0782e+10  6.76%  5856 1460s
    26    28 8.0782e+10   14 1878 7.5669e+10 8.0782e+10  6.76%  4788 1499s
    27    29 8.0782e+10   14 1814 7.5669e+10 8.0782e+10  6.76%  4611 1500s
    34    36 8.0782e+10   18 1860 7.5669e+10 8.0782e+10  6.76%  3951 1511s
    42    44 8.0782e+10   22 1838 7.5669e+10 8.0782e+10  6.76%  3241 1515s
    52    54 8.0782e+10   28 1772 7.5669e+10 8.0782e+10  6.76%  2668 1586s
    58    60 8.0782e+10   31 1764 7.5669e+10 8.0782e+10  6.76%  2420 1590s
    70    72 8.0782e+10   37 1819 7.5669e+10 8.0782e+10  6.76%  2046 1595s
    78    80 8.0782e+10   41 1790 7.5669e+10 8.0782e+10  6.76%  1877 1996s
    82    84 8.0782e+10   43 1781 7.5669e+10 8.0782e+10  6.76%  1805 2000s
    87    89 8.0782e+10   46 1678 7.5669e+10 8.0782e+10  6.76%  1749 2007s
    91    93 8.0782e+10   48 1626 7.5669e+10 8.0782e+10  6.76%  1706 2011s
    94    96 8.0782e+10   50 1737 7.5669e+10 8.0782e+10  6.76%  1699 2015s
   103   105 8.0782e+10   54 1732 7.5669e+10 8.0782e+10  6.76%  1581 2020s
   108   110 8.0661e+10   57 1550 7.5669e+10 8.0782e+10  6.76%  1624 2040s
   111   113 8.0782e+10   58 2011 7.5669e+10 8.0782e+10  6.76%  1696 2046s
   116   118 8.0782e+10   61 1326 7.5669e+10 8.0782e+10  6.76%  1712 2050s
   123   125 8.0782e+10   65 1476 7.5669e+10 8.0782e+10  6.76%  1744 2056s
   128   130 8.0782e+10   67 1450 7.5669e+10 8.0782e+10  6.76%  1794 2061s
   133   135 8.0782e+10   70 1277 7.5669e+10 8.0782e+10  6.76%  1777 2065s
   135   137 8.0782e+10   71 1276 7.5669e+10 8.0782e+10  6.76%  1778 2297s
   138   140 8.0782e+10   72 1317 7.5669e+10 8.0782e+10  6.76%  1841 2301s
   145   146 8.0782e+10   77 1166 7.5669e+10 8.0782e+10  6.76%  1797 2305s
   159   160 8.0782e+10   86  996 7.5669e+10 8.0782e+10  6.76%  1733 2310s
   162   163 8.0782e+10   88 1233 7.5669e+10 8.0782e+10  6.76%  1746 2315s
   189   185 7.8962e+10  110  980 7.5669e+10 8.0782e+10  6.76%  1518 2390s
   214   203 7.7326e+10  129 1038 7.5669e+10 8.0782e+10  6.76%  1366 2395s
   218   201 8.0782e+10   86 1015 7.5669e+10 8.0782e+10  6.76%  1350 2404s
   219   202 7.9834e+10   87 1199 7.5669e+10 8.0782e+10  6.76%  1364 2405s
   245   226 7.9330e+10  107 1068 7.5669e+10 8.0782e+10  6.76%  1247 2478s
   258   235 7.7961e+10  119  958 7.5669e+10 8.0782e+10  6.76%  1185 2480s
   274   238 8.0782e+10   82 1171 7.5669e+10 8.0782e+10  6.76%  1130 2516s
   289   253 7.9126e+10   92 1337 7.5669e+10 8.0782e+10  6.76%  1111 2520s
   301   265 7.9089e+10  102 1024 7.5669e+10 8.0782e+10  6.76%  1077 2591s
   320   278 7.7229e+10  116 1022 7.5669e+10 8.0782e+10  6.76%  1020 2595s
   328   284 7.6638e+10  122 1026 7.5669e+10 8.0782e+10  6.76%  1002 2601s
   345   299 7.6638e+10  131  908 7.5669e+10 8.0782e+10  6.76%   984 2605s
   355   309 7.6638e+10  137  870 7.5669e+10 8.0782e+10  6.76%   973 2697s
   371   321 7.6638e+10  145  924 7.5669e+10 8.0782e+10  6.76%   942 2700s
   396   334 7.9506e+10   93 1125 7.5669e+10 8.0782e+10  6.76%   904 2705s
   428   357 7.6886e+10  118 1172 7.5669e+10 8.0782e+10  6.76%   844 2710s
   447   376 7.6349e+10  130 1167 7.5669e+10 8.0782e+10  6.76%   848 2715s
   465   389 infeasible  140      7.5669e+10 8.0782e+10  6.76%   850 2720s
   476   390 8.0782e+10   66 1503 7.5669e+10 8.0782e+10  6.76%   857 2725s
   480   394 8.0782e+10   69 1178 7.5669e+10 8.0782e+10  6.76%   865 2730s
   494   407 8.0782e+10   82 1418 7.5669e+10 8.0782e+10  6.76%   857 2735s
   507   420 7.9863e+10   92 1295 7.5669e+10 8.0782e+10  6.76%   864 2741s
   515   428 8.0782e+10   96 1286 7.5669e+10 8.0782e+10  6.76%   880 2745s
   525   438 8.0368e+10  102 1355 7.5669e+10 8.0782e+10  6.76%   900 2750s
   538   451 7.8979e+10  111  957 7.5669e+10 8.0782e+10  6.76%   895 2755s
   555   468 8.0300e+10  121  971 7.5669e+10 8.0782e+10  6.76%   893 2760s
   565   477 8.0782e+10   62 1370 7.5669e+10 8.0782e+10  6.76%   884 2821s
   567   478 8.0782e+10  101 1887 7.5669e+10 8.0782e+10  6.76%   881 2986s
   568   479 8.0782e+10    4 1478 7.5669e+10 8.0782e+10  6.76%   880 3235s
   569   480 7.9070e+10   91 1667 7.5669e+10 8.0782e+10  6.76%   878 3275s
   570   480 7.6638e+10  123 1536 7.5669e+10 8.0782e+10  6.76%   877 3394s
   571   481 8.0782e+10    7 1554 7.5669e+10 8.0782e+10  6.76%   875 3413s
   572   482 7.8140e+10  121 1619 7.5669e+10 8.0782e+10  6.76%   874 3483s
   573   482 7.9578e+10   98 1250 7.5669e+10 8.0782e+10  6.76%   872 3503s

Cutting planes:
  Gomory: 1
  Cover: 20
  Implied bound: 49
  Clique: 2
  MIR: 75
  StrongCG: 4
  Flow cover: 249
  GUB cover: 6
  Zero half: 169
  RLT: 474
  Relax-and-lift: 115

Explored 573 nodes (1586261 simplex iterations) in 3585.03 seconds (2972.29 work units)
Thread count was 1 (of 28 available processors)

Solution count 2: 7.56688e+10 7.54e+10 

Time limit reached
Best objective 7.566875790000e+10, best bound 8.078170830000e+10, gap 6.7570%

User-callback calls 247090, time in user-callback 0.42 sec