Gurobi Optimizer version 12.0.3 build v12.0.3rc0 (linux64 - "Oracle Linux Server 9.4")

CPU model: Intel(R) Xeon(R) CPU E5-2660 v4 @ 2.00GHz, instruction set [SSE2|AVX|AVX2]
Thread count: 28 physical cores, 28 logical processors, using up to 1 threads

Non-default parameters:
TimeLimit  3594.335870837
SoftMemLimit  16
NumericFocus  1
Threads  1

Academic license 2690100 - for non-commercial use only - registered to ju___@uclm.es
Optimize a model with 74052 rows, 16983 columns and 336776 nonzeros
Model fingerprint: 0x494d7fb9
Variable types: 138 continuous, 16845 integer (16845 binary)
Coefficient statistics:
  Matrix range     [1e+00, 7e+12]
  Objective range  [5e+08, 1e+09]
  Bounds range     [1e+03, 1e+04]
  RHS range        [1e+00, 2e+14]
Warning: Model contains large matrix coefficient range
Warning: Model contains large objective coefficients
Warning: Model contains large rhs

Loaded user MIP start with objective 8.29314e+10

Presolve removed 14117 rows and 335 columns
Presolve time: 2.15s
Presolved: 59935 rows, 16648 columns, 199620 nonzeros
Variable types: 138 continuous, 16510 integer (16510 binary)
Root relaxation presolved: 59928 rows, 16634 columns, 197184 nonzeros


Root simplex log...

Iteration    Objective       Primal Inf.    Dual Inf.      Time
    6646    8.4250579e+10   2.814732e+04   0.000000e+00      5s
    7008    8.4250580e+10   0.000000e+00   0.000000e+00      5s
    7008    8.4250580e+10   0.000000e+00   0.000000e+00      5s

Root relaxation: objective 8.425058e+10, 7008 iterations, 2.86 seconds (2.29 work units)
Total elapsed time = 15.49s (DegenMoves)

    Nodes    |    Current Node    |     Objective Bounds      |     Work
 Expl Unexpl |  Obj  Depth IntInf | Incumbent    BestBd   Gap | It/Node Time

     0     0 8.4251e+10    0  405 8.2931e+10 8.4251e+10  1.59%     -   19s
     0     0 8.4251e+10    0 1101 8.2931e+10 8.4251e+10  1.59%     -   25s
     0     0 8.4251e+10    0 1131 8.2931e+10 8.4251e+10  1.59%     -   26s
     0     0 8.4251e+10    0  870 8.2931e+10 8.4251e+10  1.59%     -   56s
     0     0 8.4251e+10    0  865 8.2931e+10 8.4251e+10  1.59%     -   57s
     0     0 8.4251e+10    0  738 8.2931e+10 8.4251e+10  1.59%     -   85s
     0     0 8.4251e+10    0 1037 8.2931e+10 8.4251e+10  1.59%     -   90s
     0     0 8.4251e+10    0  576 8.2931e+10 8.4251e+10  1.59%     -  112s
     0     0 8.4251e+10    0  588 8.2931e+10 8.4251e+10  1.59%     -  113s
     0     0 8.4251e+10    0  643 8.2931e+10 8.4251e+10  1.59%     -  128s
     0     0 8.4251e+10    0  175 8.2931e+10 8.4251e+10  1.59%     -  132s
     0     2 8.4251e+10    0  174 8.2931e+10 8.4251e+10  1.59%     -  140s
     6     8 8.4251e+10    3  512 8.2931e+10 8.4251e+10  1.59%  2384  145s
    19    21 8.4251e+10   10  367 8.2931e+10 8.4251e+10  1.59%  1002  150s
    35    37 8.4251e+10   18  316 8.2931e+10 8.4251e+10  1.59%   691  155s
    52    54 8.4251e+10   27  354 8.2931e+10 8.4251e+10  1.59%   572  160s
    75    77 8.4251e+10   38  333 8.2931e+10 8.4251e+10  1.59%   511  165s
   105   103 8.4251e+10   53  337 8.2931e+10 8.4251e+10  1.59%   406  219s
   108   106 8.4251e+10   55  333 8.2931e+10 8.4251e+10  1.59%   395  220s
   160   144 8.4251e+10    4  623 8.2931e+10 8.4251e+10  1.59%   314  225s
   189   173 8.4251e+10   20  370 8.2931e+10 8.4251e+10  1.59%   294  230s
   220   204 8.4251e+10   36  365 8.2931e+10 8.4251e+10  1.59%   267  235s
   243   227 8.4251e+10   49  343 8.2931e+10 8.4251e+10  1.59%   252  255s
   270   254 8.4251e+10   63  337 8.2931e+10 8.4251e+10  1.59%   236  260s
   298   275 8.3081e+10   79  380 8.2931e+10 8.4251e+10  1.59%   223  287s
   328   301 8.3081e+10  105  394 8.2931e+10 8.4251e+10  1.59%   206  290s
   376   337 8.4251e+10   19  390 8.2931e+10 8.4251e+10  1.59%   206  295s
   420   381 8.4251e+10   46  409 8.2931e+10 8.4251e+10  1.59%   193  300s
   477   429 8.3081e+10   82  412 8.2931e+10 8.4251e+10  1.59%   180  305s
   532   473 8.4251e+10    8  587 8.2931e+10 8.4251e+10  1.59%   169  310s
   548   488 8.3986e+10   42  175 8.2931e+10 8.4251e+10  1.59%   171  334s
   550   489 8.4251e+10   17  241 8.2931e+10 8.4251e+10  1.59%   171  392s
   551   490 8.3081e+10  104  371 8.2931e+10 8.4251e+10  1.59%   170  428s
   552   491 8.4251e+10   53  359 8.2931e+10 8.4251e+10  1.59%   170  431s
   553   491 8.4251e+10   59   55 8.2931e+10 8.4251e+10  1.59%   170  468s
   554   492 8.4251e+10   56  555 8.2931e+10 8.4251e+10  1.59%   170  470s
   555   493 8.3081e+10   94  994 8.2931e+10 8.4251e+10  1.59%   169  494s
   556   493 8.4251e+10    7 1322 8.2931e+10 8.4251e+10  1.59%   169  513s
   557   494 8.4251e+10    6  272 8.2931e+10 8.4251e+10  1.59%   169  578s
   558   495 8.4251e+10   12  621 8.2931e+10 8.4251e+10  1.59%   168  583s
   559   495 8.4251e+10   12  962 8.2931e+10 8.4251e+10  1.59%   168  608s
   560   496 8.4251e+10   22 1008 8.2931e+10 8.4251e+10  1.59%   168  618s
   561   497 8.4251e+10   58 1024 8.2931e+10 8.4251e+10  1.59%   167  651s
   562   497 8.4251e+10   50  747 8.2931e+10 8.4251e+10  1.59%   167  657s
   563   498 8.3081e+10   73  465 8.2931e+10 8.4251e+10  1.59%   167  694s
   564   499 8.4251e+10   38  518 8.2931e+10 8.4251e+10  1.59%   167  697s
   565   499 8.3081e+10   81  401 8.2931e+10 8.4251e+10  1.59%   166  741s
   566   500 8.4251e+10   55  676 8.2931e+10 8.4251e+10  1.59%   166  747s
   567   501 8.4251e+10    7  296 8.2931e+10 8.4251e+10  1.59%   166  807s
   568   501 8.4251e+10    5  509 8.2931e+10 8.4251e+10  1.59%   165  811s
   569   502 8.3081e+10   77  246 8.2931e+10 8.4251e+10  1.59%   165  841s
   570   503 8.4251e+10   31  244 8.2931e+10 8.4251e+10  1.59%   165  851s
   571   503 8.4251e+10   66  244 8.2931e+10 8.4251e+10  1.59%   164  858s
   572   506 8.4251e+10   15  260 8.2931e+10 8.4251e+10  1.59%   901  946s
   579   511 8.4251e+10   18  528 8.2931e+10 8.4251e+10  1.59%   902  950s
   595   521 8.4251e+10   26  559 8.2931e+10 8.4251e+10  1.59%   884  955s
   609   531 8.4251e+10   33  397 8.2931e+10 8.4251e+10  1.59%   872  960s
   625   541 8.4251e+10   42  429 8.2931e+10 8.4251e+10  1.59%   858  965s
   648   557 8.4251e+10   55  322 8.2931e+10 8.4251e+10  1.59%   834  970s
   670   571 8.3986e+10   66  336 8.2931e+10 8.4251e+10  1.59%   809  977s
   681   579 8.4251e+10   75  363 8.2931e+10 8.4251e+10  1.59%   797  980s
   706   595 8.3986e+10   87  376 8.2931e+10 8.4251e+10  1.59%   770  985s
   734   614 8.3986e+10  102  333 8.2931e+10 8.4251e+10  1.59%   743  990s
   758   627 8.3081e+10  115  381 8.2931e+10 8.4251e+10  1.59%   725  995s
   770   635 8.3081e+10  121  390 8.2931e+10 8.4251e+10  1.59%   717 1000s
   787   642 8.3081e+10  130  398 8.2931e+10 8.4251e+10  1.59%   704 1063s
   793   638 8.4251e+10   17 1006 8.2931e+10 8.4251e+10  1.59%   704 1066s
   799   642 8.4251e+10   21  785 8.2931e+10 8.4251e+10  1.59%   701 1070s
   814   652 8.4251e+10   33  400 8.2931e+10 8.4251e+10  1.59%   690 1078s
   822   658 8.4251e+10   41  363 8.2931e+10 8.4251e+10  1.59%   684 1080s
   840   670 8.4251e+10   50  364 8.2931e+10 8.4251e+10  1.59%   676 1085s
   849   676 8.4251e+10   54  333 8.2931e+10 8.4251e+10  1.59%   673 1090s
   864   686 8.4251e+10   62  379 8.2931e+10 8.4251e+10  1.59%   669 1095s
   875   693 8.4251e+10   67  438 8.2931e+10 8.4251e+10  1.59%   664 1100s
   882   698 8.4251e+10   71  520 8.2931e+10 8.4251e+10  1.59%   661 1107s
   889   702 8.4251e+10   75  616 8.2931e+10 8.4251e+10  1.59%   659 1110s
   895   706 8.4251e+10   78  484 8.2931e+10 8.4251e+10  1.59%   657 1169s
   896   707 8.4251e+10   79  521 8.2931e+10 8.4251e+10  1.59%   656 1170s
   915   720 8.4251e+10   88  358 8.2931e+10 8.4251e+10  1.59%   648 1175s
   940   736 8.4251e+10  103  453 8.2931e+10 8.4251e+10  1.59%   635 1180s
   961   748 8.4251e+10  113  367 8.2931e+10 8.4251e+10  1.59%   625 1185s
   979   756 8.4251e+10  121  275 8.2931e+10 8.4251e+10  1.59%   616 1191s
   994   764 8.4251e+10  128  274 8.2931e+10 8.4251e+10  1.59%   610 1195s
  1015   778 8.4251e+10  139  303 8.2931e+10 8.4251e+10  1.59%   600 1200s
  1040   795 8.4251e+10  151  322 8.2931e+10 8.4251e+10  1.59%   589 1205s
  1066   810 8.4251e+10  166  302 8.2931e+10 8.4251e+10  1.59%   576 1210s
  1089   826 8.4251e+10  178  277 8.2931e+10 8.4251e+10  1.59%   566 1215s
  1110   832 8.4251e+10  188  283 8.2931e+10 8.4251e+10  1.59%   556 1220s
  1140   802 8.4251e+10   46  837 8.2931e+10 8.4251e+10  1.59%   544 1225s
  1154   809 8.4251e+10   53  404 8.2931e+10 8.4251e+10  1.59%   545 1230s
  1178   825 8.4251e+10   58  372 8.2931e+10 8.4251e+10  1.59%   540 1235s
  1203   842 8.4251e+10   70  373 8.2931e+10 8.4251e+10  1.59%   536 1240s
  1215   850 8.4251e+10   74  560 8.2931e+10 8.4251e+10  1.59%   532 1309s
  1217   851 8.4251e+10   74  380 8.2931e+10 8.4251e+10  1.59%   532 1310s
  1252   874 8.4251e+10   84  378 8.2931e+10 8.4251e+10  1.59%   519 1315s
  1285   896 8.4251e+10   91  390 8.2931e+10 8.4251e+10  1.59%   509 1320s
  1311   914 8.4251e+10  101  396 8.2931e+10 8.4251e+10  1.59%   504 1325s
  1338   932 8.4251e+10  112  381 8.2931e+10 8.4251e+10  1.59%   497 1330s
  1367   951 8.4251e+10  121  353 8.2931e+10 8.4251e+10  1.59%   490 1335s
  1400   973 8.4251e+10  129  350 8.2931e+10 8.4251e+10  1.59%   481 1340s
  1436   997 8.4251e+10  139  258 8.2931e+10 8.4251e+10  1.59%   470 1345s
  1462  1014 8.4251e+10  146  291 8.2931e+10 8.4251e+10  1.59%   465 1350s
  1489  1032 8.4251e+10  155  262 8.2931e+10 8.4251e+10  1.59%   458 1355s
  1509  1046 8.4251e+10  160  262 8.2931e+10 8.4251e+10  1.59%   454 1360s
  1524  1056 8.4251e+10  163  295 8.2931e+10 8.4251e+10  1.59%   452 1365s
  1549  1072 8.4251e+10  170  266 8.2931e+10 8.4251e+10  1.59%   446 1370s
  1570  1085 8.4251e+10  176  237 8.2931e+10 8.4251e+10  1.59%   442 1375s
  1593  1084 8.4251e+10  179  252 8.2931e+10 8.4251e+10  1.59%   436 1380s
  1620  1074 infeasible  170      8.2931e+10 8.4251e+10  1.59%   432 1385s
  1662  1024 8.4251e+10   44  835 8.2931e+10 8.4251e+10  1.59%   427 1390s
  1671  1030 8.4251e+10   53  692 8.2931e+10 8.4251e+10  1.59%   425 1395s
  1680  1036 8.4251e+10   62  618 8.2931e+10 8.4251e+10  1.59%   424 1400s
  1695  1046 8.4251e+10   77  415 8.2931e+10 8.4251e+10  1.59%   421 1405s
  1709  1055 8.4251e+10   87  389 8.2931e+10 8.4251e+10  1.59%   421 1410s
  1725  1066 8.4251e+10   95  642 8.2931e+10 8.4251e+10  1.59%   421 1415s
  1741  1076 8.4251e+10  101  366 8.2931e+10 8.4251e+10  1.59%   422 1420s
  1758  1088 8.4251e+10  105  505 8.2931e+10 8.4251e+10  1.59%   423 1425s
  1780  1102 8.4251e+10  112  408 8.2931e+10 8.4251e+10  1.59%   421 1430s
  1796  1113 8.4251e+10  115  454 8.2931e+10 8.4251e+10  1.59%   420 1435s
  1819  1128 8.4251e+10  122  453 8.2931e+10 8.4251e+10  1.59%   419 1440s
  1844  1145 8.4251e+10  134  491 8.2931e+10 8.4251e+10  1.59%   416 1445s
  1869  1162 8.4251e+10  141  390 8.2931e+10 8.4251e+10  1.59%   413 1450s
  1878  1168 8.4251e+10  145  387 8.2931e+10 8.4251e+10  1.59%   412 1522s
  1893  1178 8.4251e+10  149  333 8.2931e+10 8.4251e+10  1.59%   409 1525s
  1915  1192 8.4251e+10  153  454 8.2931e+10 8.4251e+10  1.59%   407 1530s
  1941  1208 8.4251e+10  162  358 8.2931e+10 8.4251e+10  1.59%   402 1535s
  1962  1222 8.4251e+10  176  371 8.2931e+10 8.4251e+10  1.59%   399 1540s
  1975  1226 8.4251e+10  179  426 8.2931e+10 8.4251e+10  1.59%   397 1601s
  1989  1236 8.4251e+10  182  349 8.2931e+10 8.4251e+10  1.59%   394 1605s
  2012  1251 8.4251e+10  187  353 8.2931e+10 8.4251e+10  1.59%   390 1610s
  2033  1264 8.4251e+10  190  356 8.2931e+10 8.4251e+10  1.59%   387 1615s
  2062  1247 8.4251e+10   48  634 8.2931e+10 8.4251e+10  1.59%   384 1620s
  2076  1255 8.4251e+10   61  519 8.2931e+10 8.4251e+10  1.59%   384 1625s
  2099  1272 8.4251e+10   72  547 8.2931e+10 8.4251e+10  1.59%   384 1630s
  2125  1296 8.4251e+10   83  439 8.2931e+10 8.4251e+10  1.59%   383 1635s
  2156  1327 8.4251e+10   95  436 8.2931e+10 8.4251e+10  1.59%   379 1640s
  2185  1356 8.4251e+10  105  416 8.2931e+10 8.4251e+10  1.59%   376 1645s
  2217  1388 8.4251e+10  114  391 8.2931e+10 8.4251e+10  1.59%   372 1650s
  2246  1417 8.4251e+10  123  337 8.2931e+10 8.4251e+10  1.59%   368 1655s
  2275  1446 8.4251e+10  134  313 8.2931e+10 8.4251e+10  1.59%   364 1660s
  2308  1479 8.4251e+10  138  301 8.2931e+10 8.4251e+10  1.59%   359 1665s
  2334  1505 8.4251e+10  148  273 8.2931e+10 8.4251e+10  1.59%   356 1670s
  2356  1527 8.4251e+10  154  332 8.2931e+10 8.4251e+10  1.59%   354 1675s
  2372  1541 8.4251e+10  156  293 8.2931e+10 8.4251e+10  1.59%   353 1680s
  2392  1555 infeasible  163      8.2931e+10 8.4251e+10  1.59%   351 1685s
  2411  1572 8.4251e+10  167  339 8.2931e+10 8.4251e+10  1.59%   349 1690s
  2451  1553 infeasible  164      8.2931e+10 8.4251e+10  1.59%   345 1695s
  2467  1563 8.4251e+10   63  391 8.2931e+10 8.4251e+10  1.59%   345 1700s
  2483  1579 8.4251e+10   69  581 8.2931e+10 8.4251e+10  1.59%   347 1705s
  2507  1603 8.4251e+10   79  368 8.2931e+10 8.4251e+10  1.59%   345 1710s
  2535  1631 8.4251e+10   88  392 8.2931e+10 8.4251e+10  1.59%   344 1715s
  2563  1659 8.4251e+10   97  338 8.2931e+10 8.4251e+10  1.59%   344 1720s
  2593  1689 8.4251e+10  111  298 8.2931e+10 8.4251e+10  1.59%   344 1725s
  2619  1715 8.4251e+10  120  267 8.2931e+10 8.4251e+10  1.59%   344 1730s
  2655  1751 8.4251e+10  126  283 8.2931e+10 8.4251e+10  1.59%   341 1735s
  2698  1794 8.4251e+10  138  268 8.2931e+10 8.4251e+10  1.59%   336 1740s
  2733  1829 8.4251e+10  146  275 8.2931e+10 8.4251e+10  1.59%   333 1745s
  2755  1849 infeasible  152      8.2931e+10 8.4251e+10  1.59%   332 1750s
  2772  1860 infeasible  158      8.2931e+10 8.4251e+10  1.59%   331 1755s
  2794  1874 8.4251e+10  163  317 8.2931e+10 8.4251e+10  1.59%   330 1761s
  2813  1887 8.4251e+10  169  285 8.2931e+10 8.4251e+10  1.59%   328 1765s
  2826  1890 8.4251e+10  173  246 8.2931e+10 8.4251e+10  1.59%   328 1770s
  2848  1896 8.4251e+10  156  248 8.2931e+10 8.4251e+10  1.59%   327 1775s
  2867  1895 8.4251e+10  151  305 8.2931e+10 8.4251e+10  1.59%   326 1780s
  2884  1908 8.4251e+10  159  233 8.2931e+10 8.4251e+10  1.59%   326 1785s
  2900  1922 8.4251e+10  167  213 8.2931e+10 8.4251e+10  1.59%   325 1790s
  2909  1927 8.4251e+10  167  175 8.2931e+10 8.4251e+10  1.59%   325 1795s
  2966  1888 8.4251e+10   96 1199 8.2931e+10 8.4251e+10  1.59%   322 1800s
  2972  1894 8.4251e+10  102  878 8.2931e+10 8.4251e+10  1.59%   321 1805s
  2977  1899 8.4251e+10  107  808 8.2931e+10 8.4251e+10  1.59%   321 1907s
  2981  1903 8.4251e+10  110  682 8.2931e+10 8.4251e+10  1.59%   322 1910s
  2991  1913 8.4251e+10  116  610 8.2931e+10 8.4251e+10  1.59%   323 1915s
  3010  1932 8.4251e+10  124  461 8.2931e+10 8.4251e+10  1.59%   323 1920s
  3034  1956 8.4251e+10  133  506 8.2931e+10 8.4251e+10  1.59%   323 1925s
  3064  1986 8.4251e+10  144  382 8.2931e+10 8.4251e+10  1.59%   322 1930s
  3098  2020 8.4251e+10  157  429 8.2931e+10 8.4251e+10  1.59%   320 1935s
  3133  2055 8.4251e+10  170  380 8.2931e+10 8.4251e+10  1.59%   319 1940s
  3169  2091 8.4251e+10  183  356 8.2931e+10 8.4251e+10  1.59%   317 1945s
  3201  2123 8.4251e+10  195  488 8.2931e+10 8.4251e+10  1.59%   316 1950s
  3235  2157 8.4251e+10  209  413 8.2931e+10 8.4251e+10  1.59%   314 1955s
  3266  2188 8.4251e+10  217  337 8.2931e+10 8.4251e+10  1.59%   313 1960s
  3296  2218 8.4251e+10  229  320 8.2931e+10 8.4251e+10  1.59%   311 1965s
  3333  2255 8.4251e+10  239  373 8.2931e+10 8.4251e+10  1.59%   309 1970s
  3357  2279 8.3373e+10  248  281 8.2931e+10 8.4251e+10  1.59%   308 1975s
  3385  2303 8.4251e+10  255  356 8.2931e+10 8.4251e+10  1.59%   306 1980s
  3411  2329 8.4251e+10  259  327 8.2931e+10 8.4251e+10  1.59%   305 1985s
  3443  2361 8.4251e+10  270  200 8.2931e+10 8.4251e+10  1.59%   302 1990s
  3473  2391 8.4251e+10  276  172 8.2931e+10 8.4251e+10  1.59%   301 1995s
  3494  2412 8.4251e+10  283  166 8.2931e+10 8.4251e+10  1.59%   299 2000s
  3514  2432 8.4251e+10  289  218 8.2931e+10 8.4251e+10  1.59%   298 2005s
  3532  2443 8.4251e+10  293  159 8.2931e+10 8.4251e+10  1.59%   297 2010s
  3546  2453 8.3749e+10  301  277 8.2931e+10 8.4251e+10  1.59%   297 2015s
  3563  2465 8.3749e+10  304  268 8.2931e+10 8.4251e+10  1.59%   296 2020s
  3616  2431     cutoff  276      8.2931e+10 8.4251e+10  1.59%   293 2025s
  3664  2383     cutoff  277      8.2931e+10 8.4251e+10  1.59%   292 2030s
  3682  2367 8.4251e+10   42 1356 8.2931e+10 8.4251e+10  1.59%   295 2035s
  3688  2373 8.4251e+10   48  561 8.2931e+10 8.4251e+10  1.59%   295 2040s
  3700  2384 8.4251e+10   59  936 8.2931e+10 8.4251e+10  1.59%   295 2045s
  3712  2396 8.4251e+10   68  528 8.2931e+10 8.4251e+10  1.59%   296 2050s
  3727  2410 8.4251e+10   82  575 8.2931e+10 8.4251e+10  1.59%   296 2055s
  3747  2428 8.4251e+10  102  465 8.2931e+10 8.4251e+10  1.59%   294 2060s
  3769  2449 8.4251e+10  114  384 8.2931e+10 8.4251e+10  1.59%   295 2065s
  3789  2450 8.4251e+10   23  955 8.2931e+10 8.4251e+10  1.59%   295 2070s
  3798  2459 8.4251e+10   32  594 8.2931e+10 8.4251e+10  1.59%   295 2075s
  3815  2476 8.4251e+10   49  321 8.2931e+10 8.4251e+10  1.59%   295 2080s
  3832  2493 8.4251e+10   55  385 8.2931e+10 8.4251e+10  1.59%   296 2085s
  3858  2519 8.4251e+10   69  428 8.2931e+10 8.4251e+10  1.59%   296 2090s
  3893  2554 8.4251e+10   81  406 8.2931e+10 8.4251e+10  1.59%   295 2095s
  3929  2590 8.4251e+10   94  347 8.2931e+10 8.4251e+10  1.59%   293 2100s
  3941  2602 8.4251e+10  100  344 8.2931e+10 8.4251e+10  1.59%   292 2174s
  3946  2607 8.4251e+10  102  362 8.2931e+10 8.4251e+10  1.59%   292 2175s
  3976  2637 8.4251e+10  114  448 8.2931e+10 8.4251e+10  1.59%   291 2180s
  4008  2669 8.4251e+10  125  349 8.2931e+10 8.4251e+10  1.59%   290 2185s
  4042  2703 8.4251e+10  134  328 8.2931e+10 8.4251e+10  1.59%   289 2190s
  4073  2734 8.4251e+10  141  303 8.2931e+10 8.4251e+10  1.59%   287 2195s
  4107  2768 8.4251e+10  151  312 8.2931e+10 8.4251e+10  1.59%   285 2200s
  4143  2802 8.4251e+10  160  295 8.2931e+10 8.4251e+10  1.59%   284 2205s
  4178  2833 8.4251e+10  170  266 8.2931e+10 8.4251e+10  1.59%   282 2210s
  4211  2866 8.4251e+10  177  259 8.2931e+10 8.4251e+10  1.59%   280 2215s
  4231  2886 8.4251e+10  181  255 8.2931e+10 8.4251e+10  1.59%   279 2220s
  4256  2909 8.4251e+10  185  264 8.2931e+10 8.4251e+10  1.59%   278 2225s
  4283  2932 8.4251e+10  191  243 8.2931e+10 8.4251e+10  1.59%   277 2230s
  4306  2955 8.4251e+10  198  256 8.2931e+10 8.4251e+10  1.59%   276 2235s
  4322  2971 8.4251e+10  201  356 8.2931e+10 8.4251e+10  1.59%   275 2240s
  4342  2991 8.4251e+10  210  350 8.2931e+10 8.4251e+10  1.59%   274 2245s
  4359  3006 8.4251e+10  212  354 8.2931e+10 8.4251e+10  1.59%   274 2250s
  4370  3015 8.4251e+10  214  258 8.2931e+10 8.4251e+10  1.59%   274 2255s
  4388  3013 8.3812e+10  181  212 8.2931e+10 8.4251e+10  1.59%   273 2260s
  4416  3024 8.3812e+10  182  299 8.2931e+10 8.4251e+10  1.59%   272 2265s
  4447  3049 8.3081e+10  192  212 8.2931e+10 8.4251e+10  1.59%   271 2270s
  4463  3049 8.4251e+10  100  682 8.2931e+10 8.4251e+10  1.59%   271 2275s
  4483  3069 8.4251e+10  115  472 8.2931e+10 8.4251e+10  1.59%   272 2280s
  4518  3104 8.4251e+10  123  494 8.2931e+10 8.4251e+10  1.59%   270 2285s
  4548  3134 8.4251e+10  131  409 8.2931e+10 8.4251e+10  1.59%   270 2290s
  4578  3164 8.4251e+10  141  415 8.2931e+10 8.4251e+10  1.59%   269 2295s
  4606  3192 8.4251e+10  148  361 8.2931e+10 8.4251e+10  1.59%   269 2300s
  4645  3231 8.4251e+10  163  379 8.2931e+10 8.4251e+10  1.59%   268 2305s
  4681  3267 8.4251e+10  179  269 8.2931e+10 8.4251e+10  1.59%   267 2310s
  4718  3300 8.4251e+10  186  248 8.2931e+10 8.4251e+10  1.59%   265 2315s
  4751  3327 8.4251e+10  194  271 8.2931e+10 8.4251e+10  1.59%   264 2320s
  4784  3360 8.4251e+10  199  265 8.2931e+10 8.4251e+10  1.59%   263 2325s
  4817  3391 8.4251e+10  206  168 8.2931e+10 8.4251e+10  1.59%   261 2330s
  4851  3419 8.4251e+10  216  148 8.2931e+10 8.4251e+10  1.59%   260 2335s
  4885  3445 8.4251e+10  229  180 8.2931e+10 8.4251e+10  1.59%   258 2340s
  4916  3470 8.4251e+10  234   88 8.2931e+10 8.4251e+10  1.59%   257 2345s
  5033  3391 infeasible  208      8.2931e+10 8.4251e+10  1.59%   252 2350s
  5101  3352 infeasible  202      8.2931e+10 8.4251e+10  1.59%   249 2366s
  5163  3300 8.4251e+10  171  545 8.2931e+10 8.4251e+10  1.59%   247 2370s
  5198  3330 8.3081e+10  190  393 8.2931e+10 8.4251e+10  1.59%   246 2375s
  5229  3359 infeasible  205      8.2931e+10 8.4251e+10  1.59%   246 2381s
  5256  3384 8.3081e+10  209  347 8.2931e+10 8.4251e+10  1.59%   245 2385s
  5291  3397 8.4150e+10  171  644 8.2931e+10 8.4251e+10  1.59%   245 2390s
  5301  3389     cutoff  171      8.2931e+10 8.4251e+10  1.59%   248 2395s
  5307  3395 8.4251e+10   62  761 8.2931e+10 8.4251e+10  1.59%   249 2400s
  5319  3407 8.4251e+10   70  760 8.2931e+10 8.4251e+10  1.59%   250 2405s
  5338  3426 8.4251e+10   86  478 8.2931e+10 8.4251e+10  1.59%   249 2410s
  5358  3446 8.4251e+10   99  533 8.2931e+10 8.4251e+10  1.59%   250 2415s
  5378  3458 8.4251e+10  105  540 8.2931e+10 8.4251e+10  1.59%   251 2420s
  5395  3449 8.4251e+10   59  872 8.2931e+10 8.4251e+10  1.59%   253 2425s
  5410  3464 8.4251e+10   73  510 8.2931e+10 8.4251e+10  1.59%   252 2430s
  5430  3484 8.4251e+10   92  421 8.2931e+10 8.4251e+10  1.59%   252 2435s
  5456  3509 8.4251e+10  103  415 8.2931e+10 8.4251e+10  1.59%   252 2440s
  5476  3529 8.4251e+10  111  681 8.2931e+10 8.4251e+10  1.59%   253 2445s
  5502  3553 8.4251e+10  123  496 8.2931e+10 8.4251e+10  1.59%   253 2450s
  5534  3584 8.4251e+10  147  380 8.2931e+10 8.4251e+10  1.59%   252 2455s
  5566  3614 8.4251e+10  159  402 8.2931e+10 8.4251e+10  1.59%   252 2460s
  5583  3615 8.4251e+10  159  558 8.2931e+10 8.4251e+10  1.59%   252 2465s
  5646  3558 8.4251e+10  129  700 8.2931e+10 8.4251e+10  1.59%   251 2471s
  5666  3578 8.4251e+10  146  375 8.2931e+10 8.4251e+10  1.59%   251 2475s
  5697  3608 8.4251e+10  164  447 8.2931e+10 8.4251e+10  1.59%   251 2480s
  5730  3637 8.4251e+10  175  412 8.2931e+10 8.4251e+10  1.59%   251 2485s
  5757  3662 8.4251e+10  179  486 8.2931e+10 8.4251e+10  1.59%   251 2490s
  5775  3678 8.4251e+10  178  377 8.2931e+10 8.4251e+10  1.59%   251 2495s
  5788  3691 8.3549e+10  183  443 8.2931e+10 8.4251e+10  1.59%   251 2500s
  5811  3678 8.4251e+10  117  744 8.2931e+10 8.4251e+10  1.59%   252 2505s
  5819  3670     cutoff  165      8.2931e+10 8.4251e+10  1.59%   254 2510s
  5822  3669 8.4251e+10   50 1083 8.2931e+10 8.4251e+10  1.59%   255 2515s
  5830  3677 8.4251e+10   57  592 8.2931e+10 8.4251e+10  1.59%   255 2520s
  5847  3692 8.4251e+10   72  401 8.2931e+10 8.4251e+10  1.59%   255 2525s
  5867  3706 8.4251e+10   87  418 8.2931e+10 8.4251e+10  1.59%   255 2530s
  5885  3724 8.4251e+10  100  395 8.2931e+10 8.4251e+10  1.59%   255 2535s
  5894  3733 8.3986e+10  107  413 8.2931e+10 8.4251e+10  1.59%   255 2540s
  5907  3745 8.3724e+10  113  414 8.2931e+10 8.4251e+10  1.59%   256 2545s
  5916  3753 8.3724e+10  119  398 8.2931e+10 8.4251e+10  1.59%   257 2550s
  5943  3779 8.4251e+10  135  466 8.2931e+10 8.4251e+10  1.59%   257 2555s
  5965  3801 8.4251e+10  142  411 8.2931e+10 8.4251e+10  1.59%   257 2560s
  5998  3832 8.4251e+10  152  299 8.2931e+10 8.4251e+10  1.59%   256 2565s
  6084  3760 8.4251e+10   57 1211 8.2931e+10 8.4251e+10  1.59%   255 2573s
  6086  3762 8.4251e+10   59  896 8.2931e+10 8.4251e+10  1.59%   255 2575s
  6097  3773 8.4251e+10   69  531 8.2931e+10 8.4251e+10  1.59%   255 2580s
  6102  3777 8.4251e+10   72  607 8.2931e+10 8.4251e+10  1.59%   256 2585s
  6114  3789 8.4251e+10   84  464 8.2931e+10 8.4251e+10  1.59%   256 2590s
  6132  3806 8.4251e+10  100  619 8.2931e+10 8.4251e+10  1.59%   256 2595s
  6157  3800 infeasible  102      8.2931e+10 8.4251e+10  1.59%   257 2600s
  6168  3807 8.3081e+10  101  534 8.2931e+10 8.4251e+10  1.59%   257 2605s
  6186  3818 8.3081e+10  114  455 8.2931e+10 8.4251e+10  1.59%   257 2610s
  6198  3817 8.3081e+10   96  540 8.2931e+10 8.4251e+10  1.59%   257 2756s
  6199  3818 8.3081e+10   97  535 8.2931e+10 8.4251e+10  1.59%   257 2956s
  6208  3813 8.4251e+10  117  764 8.2931e+10 8.4251e+10  1.59%   258 2960s
  6213  3810 8.4251e+10   55 1208 8.2931e+10 8.4251e+10  1.59%   259 2966s
  6217  3814 8.4251e+10   58  651 8.2931e+10 8.4251e+10  1.59%   260 2970s
  6235  3832 8.4251e+10   72  524 8.2931e+10 8.4251e+10  1.59%   260 2975s
  6262  3859 8.4251e+10   89  488 8.2931e+10 8.4251e+10  1.59%   259 2980s
  6283  3876 8.3081e+10   92  469 8.2931e+10 8.4251e+10  1.59%   260 2986s
  6306  3874     cutoff   97      8.2931e+10 8.4251e+10  1.59%   259 2990s
  6313  3867     cutoff  161      8.2931e+10 8.4251e+10  1.59%   261 2995s
  6315  3869 8.4251e+10   51  854 8.2931e+10 8.4251e+10  1.59%   262 3000s
  6323  3877 8.4251e+10   59  600 8.2931e+10 8.4251e+10  1.59%   262 3005s
  6330  3884 8.4251e+10   63  699 8.2931e+10 8.4251e+10  1.59%   263 3010s
  6346  3900 8.4251e+10   76  534 8.2931e+10 8.4251e+10  1.59%   263 3015s
  6359  3913 8.4251e+10   86  475 8.2931e+10 8.4251e+10  1.59%   263 3020s
  6373  3925 8.4141e+10   91  530 8.2931e+10 8.4251e+10  1.59%   264 3025s
  6402  3943 8.3081e+10  111  381 8.2931e+10 8.4251e+10  1.59%   263 3030s
  6410  3941 8.4251e+10   56  914 8.2931e+10 8.4251e+10  1.59%   264 3035s
  6419  3950 8.4251e+10   65  650 8.2931e+10 8.4251e+10  1.59%   264 3040s
  6424  3955 8.4251e+10   67  695 8.2931e+10 8.4251e+10  1.59%   265 3045s
  6437  3968 8.4251e+10   79  382 8.2931e+10 8.4251e+10  1.59%   265 3050s
  6452  3983 8.4251e+10   90  375 8.2931e+10 8.4251e+10  1.59%   265 3055s
  6466  3994 8.4251e+10   98  586 8.2931e+10 8.4251e+10  1.59%   266 3060s
  6480  3993 8.4251e+10   99  526 8.2931e+10 8.4251e+10  1.59%   267 3066s
  6488  3992 8.4075e+10   99  658 8.2931e+10 8.4251e+10  1.59%   267 3070s
  6495  3990 8.4251e+10   96  729 8.2931e+10 8.4251e+10  1.59%   268 3075s
  6502  3991 8.4251e+10   97  558 8.2931e+10 8.4251e+10  1.59%   269 3081s
  6517  3989 8.4251e+10   99  605 8.2931e+10 8.4251e+10  1.59%   270 3085s
  6532  3988     cutoff  115      8.2931e+10 8.4251e+10  1.59%   271 3091s
  6535  3987 8.4251e+10   56 1148 8.2931e+10 8.4251e+10  1.59%   272 3097s
  6538  3990 8.4251e+10   59  750 8.2931e+10 8.4251e+10  1.59%   272 3100s
  6547  3999 8.4251e+10   68  476 8.2931e+10 8.4251e+10  1.59%   272 3105s
  6556  4008 8.4251e+10   72  794 8.2931e+10 8.4251e+10  1.59%   274 3110s
  6569  4021 8.4251e+10   85  482 8.2931e+10 8.4251e+10  1.59%   273 3115s
  6578  4022 8.4251e+10  114  731 8.2931e+10 8.4251e+10  1.59%   274 3120s
  6589  4011     cutoff   79      8.2931e+10 8.4251e+10  1.59%   276 3126s
  6596  4006     cutoff   74      8.2931e+10 8.4251e+10  1.59%   277 3131s
  6600  4005 8.3666e+10   72  783 8.2931e+10 8.4251e+10  1.59%   278 3136s
  6606  3999     cutoff   70      8.2931e+10 8.4251e+10  1.59%   279 3140s
  6621  3992 8.4251e+10   63  802 8.2931e+10 8.4251e+10  1.59%   280 3146s
  6625  3996 8.4251e+10   65  741 8.2931e+10 8.4251e+10  1.59%   281 3150s
  6646  4013 8.4251e+10   81  376 8.2931e+10 8.4251e+10  1.59%   281 3155s
  6667  4026 8.4251e+10   94  462 8.2931e+10 8.4251e+10  1.59%   280 3160s
  6682  4023 8.4251e+10   63  778 8.2931e+10 8.4251e+10  1.59%   281 3165s
  6695  4027 8.4251e+10   70  501 8.2931e+10 8.4251e+10  1.59%   282 3170s
  6707  4020 infeasible   65      8.2931e+10 8.4251e+10  1.59%   283 3175s
  6712  4015     cutoff   88      8.2931e+10 8.4251e+10  1.59%   284 3180s
  6719  4008     cutoff   81      8.2931e+10 8.4251e+10  1.59%   286 3185s
  6725  4002     cutoff   77      8.2931e+10 8.4251e+10  1.59%   288 3190s
  6730  3997     cutoff   71      8.2931e+10 8.4251e+10  1.59%   289 3195s
  6735  3996 8.3549e+10   67  747 8.2931e+10 8.4251e+10  1.59%   290 3200s
  6744  3995 8.4251e+10   67  738 8.2931e+10 8.4251e+10  1.59%   291 3205s
  6752  3993 8.4251e+10   66  588 8.2931e+10 8.4251e+10  1.59%   293 3210s
  6771  4004 8.4251e+10   80  364 8.2931e+10 8.4251e+10  1.59%   293 3215s
  6798  4019 8.4251e+10   99  335 8.2931e+10 8.4251e+10  1.59%   292 3220s
  6818  4007     cutoff   87      8.2931e+10 8.4251e+10  1.59%   293 3225s
  6834  3991     cutoff   69      8.2931e+10 8.4251e+10  1.59%   294 3230s
  6838  3989 8.3373e+10   62  638 8.2931e+10 8.4251e+10  1.59%   295 3235s
  6853  4000 8.4251e+10   74  469 8.2931e+10 8.4251e+10  1.59%   295 3240s
  6868  4013 8.4251e+10   82  459 8.2931e+10 8.4251e+10  1.59%   295 3245s
  6877  4014 8.4251e+10   61  728 8.2931e+10 8.4251e+10  1.59%   296 3250s
  6887  4024 8.4251e+10   71  376 8.2931e+10 8.4251e+10  1.59%   296 3255s
  6900  4037 8.4251e+10   81  418 8.2931e+10 8.4251e+10  1.59%   296 3260s
  6918  4048 8.4251e+10   92  383 8.2931e+10 8.4251e+10  1.59%   296 3265s
  6928  4040 8.4251e+10   49 1155 8.2931e+10 8.4251e+10  1.59%   297 3272s
  6931  4043 8.4251e+10   52  734 8.2931e+10 8.4251e+10  1.59%   297 3275s
  6939  4051 8.4251e+10   60  548 8.2931e+10 8.4251e+10  1.59%   297 3280s
  6947  4059 8.4251e+10   64  574 8.2931e+10 8.4251e+10  1.59%   298 3285s
  6961  4073 8.4251e+10   75  408 8.2931e+10 8.4251e+10  1.59%   298 3290s
  6976  4088 8.4251e+10   90  367 8.2931e+10 8.4251e+10  1.59%   297 3295s
  6991  4103 8.4251e+10  100  512 8.2931e+10 8.4251e+10  1.59%   298 3300s
  7010  4122 8.4251e+10  113  409 8.2931e+10 8.4251e+10  1.59%   298 3305s
  7033  4145 8.4251e+10  128  373 8.2931e+10 8.4251e+10  1.59%   297 3310s
  7057  4169 8.4251e+10  135  406 8.2931e+10 8.4251e+10  1.59%   297 3315s
  7087  4199 8.4251e+10  147  497 8.2931e+10 8.4251e+10  1.59%   296 3320s
  7124  4236 8.4251e+10  161  373 8.2931e+10 8.4251e+10  1.59%   295 3325s
  7158  4269 8.4251e+10  173  366 8.2931e+10 8.4251e+10  1.59%   294 3330s
  7198  4308 8.4251e+10  182  376 8.2931e+10 8.4251e+10  1.59%   293 3335s
  7238  4347 8.4251e+10  195  415 8.2931e+10 8.4251e+10  1.59%   292 3340s
  7269  4375 8.4251e+10  205  336 8.2931e+10 8.4251e+10  1.59%   291 3345s
  7299  4402 8.4251e+10  212  368 8.2931e+10 8.4251e+10  1.59%   290 3350s
  7404  4320 8.4251e+10   49 1328 8.2931e+10 8.4251e+10  1.59%   287 3358s
  7405  4321 8.4251e+10   50  862 8.2931e+10 8.4251e+10  1.59%   287 3361s
  7412  4328 8.4251e+10   57  444 8.2931e+10 8.4251e+10  1.59%   287 3365s
  7426  4342 8.4251e+10   68  485 8.2931e+10 8.4251e+10  1.59%   287 3370s
  7443  4359 8.4251e+10   80  457 8.2931e+10 8.4251e+10  1.59%   287 3375s
  7459  4375 8.4251e+10   90  455 8.2931e+10 8.4251e+10  1.59%   287 3380s
  7479  4395 8.4251e+10  102  466 8.2931e+10 8.4251e+10  1.59%   287 3385s
  7492  4408 8.3986e+10  106  572 8.2931e+10 8.4251e+10  1.59%   287 3390s
  7515  4431 8.4251e+10  119  452 8.2931e+10 8.4251e+10  1.59%   287 3395s
  7538  4454 8.4251e+10  129  425 8.2931e+10 8.4251e+10  1.59%   287 3400s
  7565  4481 8.4251e+10  143  534 8.2931e+10 8.4251e+10  1.59%   286 3405s
  7587  4503 8.4251e+10  154  490 8.2931e+10 8.4251e+10  1.59%   286 3410s
  7606  4522 8.4251e+10  162  458 8.2931e+10 8.4251e+10  1.59%   286 3415s
  7625  4541 8.4251e+10  170  383 8.2931e+10 8.4251e+10  1.59%   286 3420s
  7647  4563 8.4251e+10  176  355 8.2931e+10 8.4251e+10  1.59%   286 3425s
  7670  4586 8.4251e+10  182  359 8.2931e+10 8.4251e+10  1.59%   286 3430s
  7690  4606 8.4251e+10  192  416 8.2931e+10 8.4251e+10  1.59%   285 3435s
  7713  4629 8.4251e+10  203  353 8.2931e+10 8.4251e+10  1.59%   285 3440s
  7728  4642 8.3958e+10  208  529 8.2931e+10 8.4251e+10  1.59%   285 3445s
  7739  4652 8.4251e+10  212  379 8.2931e+10 8.4251e+10  1.59%   285 3450s
  7750  4660 8.3958e+10  212  506 8.2931e+10 8.4251e+10  1.59%   285 3455s
  7755  4661 8.3812e+10  214  505 8.2931e+10 8.4251e+10  1.59%   286 3460s
  7771  4659 8.3373e+10  218  428 8.2931e+10 8.4251e+10  1.59%   285 3465s
  7787  4653 8.4251e+10   72  556 8.2931e+10 8.4251e+10  1.59%   286 3470s
  7803  4668 8.4251e+10   84  325 8.2931e+10 8.4251e+10  1.59%   286 3475s
  7821  4674     cutoff   92      8.2931e+10 8.4251e+10  1.59%   286 3480s
  7834  4679 8.4251e+10   92  410 8.2931e+10 8.4251e+10  1.59%   286 3485s
  7864  4709 8.4251e+10  113  364 8.2931e+10 8.4251e+10  1.59%   286 3490s
  7901  4746 8.4251e+10  129  350 8.2931e+10 8.4251e+10  1.59%   286 3495s
  7937  4782 8.4251e+10  145  391 8.2931e+10 8.4251e+10  1.59%   285 3500s
  7963  4800 infeasible  158      8.2931e+10 8.4251e+10  1.59%   285 3505s
  8049  4718 8.3958e+10   96  685 8.2931e+10 8.4251e+10  1.59%   283 3510s
  8067  4704 8.3958e+10   97  594 8.2931e+10 8.4251e+10  1.59%   284 3516s
  8101  4672     cutoff   89      8.2931e+10 8.4251e+10  1.59%   284 3520s
  8140  4633     cutoff  209      8.2931e+10 8.4251e+10  1.59%   284 3525s
  8157  4616     cutoff  200      8.2931e+10 8.4251e+10  1.59%   285 3530s
  8173  4600     cutoff  192      8.2931e+10 8.4251e+10  1.59%   286 3535s
  8187  4586     cutoff  185      8.2931e+10 8.4251e+10  1.59%   288 3540s
  8202  4571     cutoff  179      8.2931e+10 8.4251e+10  1.59%   289 3545s
  8216  4557     cutoff  176      8.2931e+10 8.4251e+10  1.59%   290 3550s
  8230  4543     cutoff  171      8.2931e+10 8.4251e+10  1.59%   292 3555s
  8243  4530     cutoff  171      8.2931e+10 8.4251e+10  1.59%   293 3560s
  8256  4517     cutoff  163      8.2931e+10 8.4251e+10  1.59%   294 3565s
  8271  4502     cutoff  155      8.2931e+10 8.4251e+10  1.59%   296 3570s
  8365  4410 8.4031e+10  105  664 8.2931e+10 8.4251e+10  1.59%   294 3575s
  8388  4399     cutoff  104      8.2931e+10 8.4251e+10  1.59%   294 3580s
  8395  4402 infeasible  108      8.2931e+10 8.4251e+10  1.59%   295 3585s
  8419  4397 8.4251e+10  107  682 8.2931e+10 8.4251e+10  1.59%   295 3591s

Cutting planes:
  Learned: 9
  Gomory: 8
  Lift-and-project: 3
  Cover: 8344
  Implied bound: 16268
  Clique: 189
  MIR: 485
  StrongCG: 3
  Flow cover: 1759
  GUB cover: 7
  Inf proof: 81
  Zero half: 105
  RLT: 370
  Relax-and-lift: 549

Explored 8427 nodes (2770504 simplex iterations) in 3594.35 seconds (2407.19 work units)
Thread count was 1 (of 28 available processors)

Solution count 1: 8.29314e+10 

Time limit reached
Best objective 8.293142052000e+10, best bound 8.425057950000e+10, gap 1.5907%

User-callback calls 606518, time in user-callback 0.58 sec