Gurobi Optimizer version 12.0.3 build v12.0.3rc0 (linux64 - "Oracle Linux Server 9.4")

CPU model: Intel(R) Xeon(R) CPU E5-2660 v4 @ 2.00GHz, instruction set [SSE2|AVX|AVX2]
Thread count: 28 physical cores, 28 logical processors, using up to 1 threads

Non-default parameters:
TimeLimit  3597.567621714
SoftMemLimit  16
NumericFocus  1
Threads  1

Academic license 2690100 - for non-commercial use only - registered to ju___@uclm.es
Optimize a model with 8695 rows, 2074 columns and 32718 nonzeros
Model fingerprint: 0x68e68817
Variable types: 48 continuous, 2026 integer (2026 binary)
Coefficient statistics:
  Matrix range     [1e+00, 2e+13]
  Objective range  [1e+09, 5e+09]
  Bounds range     [8e+02, 1e+04]
  RHS range        [1e+00, 2e+14]
Warning: Model contains large matrix coefficient range
Warning: Model contains large objective coefficients
Warning: Model contains large rhs

Loaded user MIP start with objective 6.22086e+10

Presolve removed 4189 rows and 582 columns
Presolve time: 0.32s
Presolved: 4506 rows, 1492 columns, 15206 nonzeros
Variable types: 28 continuous, 1464 integer (1464 binary)

Root relaxation: objective 6.543579e+10, 590 iterations, 0.05 seconds (0.03 work units)

    Nodes    |    Current Node    |     Objective Bounds      |     Work
 Expl Unexpl |  Obj  Depth IntInf | Incumbent    BestBd   Gap | It/Node Time

     0     0 6.5436e+10    0  146 6.2209e+10 6.5436e+10  5.19%     -    0s
     0     0 6.5360e+10    0  148 6.2209e+10 6.5360e+10  5.07%     -    0s
     0     0 6.5360e+10    0  138 6.2209e+10 6.5360e+10  5.07%     -    0s
     0     0 6.5360e+10    0  105 6.2209e+10 6.5360e+10  5.07%     -    0s
     0     0 6.5260e+10    0   98 6.2209e+10 6.5260e+10  4.91%     -    0s
     0     0 6.5260e+10    0   28 6.2209e+10 6.5260e+10  4.91%     -    1s
     0     0 6.5260e+10    0   45 6.2209e+10 6.5260e+10  4.91%     -    1s
     0     0 6.5260e+10    0   86 6.2209e+10 6.5260e+10  4.91%     -    1s
     0     0 6.5260e+10    0   55 6.2209e+10 6.5260e+10  4.91%     -    1s
     0     0 6.5260e+10    0   58 6.2209e+10 6.5260e+10  4.91%     -    1s
     0     0 6.5260e+10    0   76 6.2209e+10 6.5260e+10  4.91%     -    2s
     0     0 6.5260e+10    0   34 6.2209e+10 6.5260e+10  4.91%     -    2s
     0     0 6.5260e+10    0   34 6.2209e+10 6.5260e+10  4.91%     -    2s
     0     2 6.4440e+10    0   34 6.2209e+10 6.4440e+10  3.59%     -    2s
H   27     6                    6.378998e+10 6.3954e+10  0.26%  38.2    2s
H  271     2                    6.385196e+10 6.3852e+10  0.00%  13.6    3s

Cutting planes:
  Learned: 3
  Gomory: 2
  Cover: 15
  Implied bound: 8
  Clique: 6
  MIR: 7
  Flow cover: 10
  Zero half: 2
  RLT: 11
  Relax-and-lift: 1

Explored 272 nodes (12396 simplex iterations) in 3.44 seconds (1.68 work units)
Thread count was 1 (of 28 available processors)

Solution count 3: 6.3852e+10 6.379e+10 6.22086e+10 

Optimal solution found (tolerance 1.00e-04)
Best objective 6.385195605000e+10, best bound 6.385195605000e+10, gap 0.0000%

User-callback calls 2745, time in user-callback 0.00 sec