Gurobi Optimizer version 12.0.3 build v12.0.3rc0 (linux64 - "Oracle Linux Server 9.4")

CPU model: Intel(R) Xeon(R) CPU E5-2660 v4 @ 2.00GHz, instruction set [SSE2|AVX|AVX2]
Thread count: 28 physical cores, 28 logical processors, using up to 1 threads

Non-default parameters:
TimeLimit  3593.119682331
SoftMemLimit  16
NumericFocus  1
Threads  1

Academic license 2690100 - for non-commercial use only - registered to ju___@uclm.es
Optimize a model with 90607 rows, 20799 columns and 351658 nonzeros
Model fingerprint: 0x67c58fe1
Variable types: 158 continuous, 20641 integer (20641 binary)
Coefficient statistics:
  Matrix range     [1e+00, 2e+13]
  Objective range  [5e+08, 2e+09]
  Bounds range     [1e+03, 1e+04]
  RHS range        [1e+00, 2e+14]
Warning: Model contains large matrix coefficient range
Warning: Model contains large objective coefficients
Warning: Model contains large rhs

Loaded user MIP start with objective 7.43198e+10

Presolve removed 29413 rows and 4283 columns
Presolve time: 2.66s
Presolved: 61194 rows, 16516 columns, 222755 nonzeros
Variable types: 158 continuous, 16358 integer (16358 binary)
Root relaxation presolved: 61194 rows, 16516 columns, 222755 nonzeros


Root simplex log...

Iteration    Objective       Primal Inf.    Dual Inf.      Time
    5140    8.3010451e+10   8.002842e+03   0.000000e+00      5s
    6448    8.3007369e+10   0.000000e+00   0.000000e+00      6s

Root relaxation: objective 8.300737e+10, 6448 iterations, 2.76 seconds (2.09 work units)

    Nodes    |    Current Node    |     Objective Bounds      |     Work
 Expl Unexpl |  Obj  Depth IntInf | Incumbent    BestBd   Gap | It/Node Time

     0     0 8.3007e+10    0  512 7.4320e+10 8.3007e+10  11.7%     -    8s
     0     0 8.3007e+10    0  601 7.4320e+10 8.3007e+10  11.7%     -   12s
     0     0 8.3007e+10    0  562 7.4320e+10 8.3007e+10  11.7%     -   13s
     0     0 8.2820e+10    0  648 7.4320e+10 8.2820e+10  11.4%     -   22s
     0     0 8.2820e+10    0  731 7.4320e+10 8.2820e+10  11.4%     -   23s
     0     0 8.2762e+10    0  919 7.4320e+10 8.2762e+10  11.4%     -   29s
     0     0 8.2432e+10    0  847 7.4320e+10 8.2432e+10  10.9%     -   31s
     0     0 8.2432e+10    0  709 7.4320e+10 8.2432e+10  10.9%     -   32s
     0     0 8.2432e+10    0  815 7.4320e+10 8.2432e+10  10.9%     -   38s
     0     0 8.2432e+10    0  801 7.4320e+10 8.2432e+10  10.9%     -   43s
     0     0 8.2432e+10    0  921 7.4320e+10 8.2432e+10  10.9%     -   47s
     0     0 8.2432e+10    0  801 7.4320e+10 8.2432e+10  10.9%     -   49s
     0     0 8.2432e+10    0  919 7.4320e+10 8.2432e+10  10.9%     -   60s
     0     0 8.2393e+10    0  867 7.4320e+10 8.2393e+10  10.9%     -   61s
     0     0 8.2393e+10    0  704 7.4320e+10 8.2393e+10  10.9%     -   63s
     0     0 8.2393e+10    0  738 7.4320e+10 8.2393e+10  10.9%     -   71s
     0     0 8.2393e+10    0  837 7.4320e+10 8.2393e+10  10.9%     -   75s
     0     0 8.2393e+10    0  837 7.4320e+10 8.2393e+10  10.9%     -   81s
     0     0 8.2393e+10    0  803 7.4320e+10 8.2393e+10  10.9%     -   84s
     0     0 8.2393e+10    0  739 7.4320e+10 8.2393e+10  10.9%     -   94s
     0     0 8.2393e+10    0  729 7.4320e+10 8.2393e+10  10.9%     -   98s
     0     0 8.2393e+10    0  808 7.4320e+10 8.2393e+10  10.9%     -  108s
     0     0 8.2393e+10    0  628 7.4320e+10 8.2393e+10  10.9%     -  110s
     0     2 8.2393e+10    0  558 7.4320e+10 8.2393e+10  10.9%     -  130s
     3     5 8.2393e+10    2 1185 7.4320e+10 8.2393e+10  10.9%  6429  136s
    11    13 8.0833e+10    6  766 7.4320e+10 8.2393e+10  10.9%  2582  140s
    26    28 8.1223e+10   16  707 7.4320e+10 8.2393e+10  10.9%  1285  149s
    27    29 8.1165e+10   17  594 7.4320e+10 8.2393e+10  10.9%  1239  150s
    81    83 8.0719e+10   56  498 7.4320e+10 8.2393e+10  10.9%   443  155s
   108   108 8.0719e+10   71  476 7.4320e+10 8.2393e+10  10.9%   341  160s
   138   132 8.0719e+10   87  459 7.4320e+10 8.2393e+10  10.9%   284  165s
   180   163 7.9753e+10  108  580 7.4320e+10 8.2393e+10  10.9%   269  170s
   191   174 8.0719e+10  115  480 7.4320e+10 8.2393e+10  10.9%   261  175s
   225   202 8.0719e+10  134  526 7.4320e+10 8.2393e+10  10.9%   265  180s
   258   227 7.9764e+10  149  539 7.4320e+10 8.2393e+10  10.9%   261  185s
   272   241 8.0719e+10  156  455 7.4320e+10 8.2393e+10  10.9%   266  192s
   299   258     cutoff  169      7.4320e+10 8.2393e+10  10.9%   262  195s
   323   282 8.0719e+10  185  386 7.4320e+10 8.2393e+10  10.9%   266  200s
   327   286 8.0719e+10  188  414 7.4320e+10 8.2393e+10  10.9%   266  210s
   328   287 8.0719e+10  188  384 7.4320e+10 8.2393e+10  10.9%   267  226s
   355   312 8.0719e+10  205  355 7.4320e+10 8.2393e+10  10.9%   268  232s
   379   336 8.0719e+10  220  363 7.4320e+10 8.2393e+10  10.9%   265  235s
   386   343 7.8370e+10  224  386 7.4320e+10 8.2393e+10  10.9%   266  240s
   409   356 8.0719e+10  236  349 7.4320e+10 8.2393e+10  10.9%   258  253s
   421   364 8.0719e+10  242  345 7.4320e+10 8.2393e+10  10.9%   260  255s
   463   397 7.7361e+10   24  497 7.4320e+10 8.2393e+10  10.9%   255  260s
   478   412 7.7361e+10   33  534 7.4320e+10 8.2393e+10  10.9%   254  266s
   524   458 7.7209e+10   63  522 7.4320e+10 8.2393e+10  10.9%   236  270s
   552   485 7.8731e+10  112  628 7.4320e+10 8.2393e+10  10.9%   227  284s
   554   486 8.0719e+10   95  532 7.4320e+10 8.2393e+10  10.9%   227  294s
   555   487 8.0719e+10   83  793 7.4320e+10 8.2393e+10  10.9%   226  311s
   557   488 8.0397e+10  175  819 7.4320e+10 8.2393e+10  10.9%   225  320s
   558   489 8.0719e+10   51  769 7.4320e+10 8.2386e+10  10.9%   225  334s
   559   490 8.0719e+10  231  712 7.4320e+10 8.2240e+10  10.7%   225  338s
   560   490 7.8435e+10    8  763 7.4320e+10 8.2240e+10  10.7%   224  346s
   561   491 8.0719e+10   38  695 7.4320e+10 8.2240e+10  10.7%   224  363s
   562   492 8.0719e+10   70  934 7.4320e+10 8.2240e+10  10.7%   223  373s
   563   492 7.7655e+10   11  831 7.4320e+10 8.2240e+10  10.7%   223  395s
   564   493 8.0719e+10  215  998 7.4320e+10 8.2240e+10  10.7%   223  406s
   565   494 7.9549e+10   49  993 7.4320e+10 8.2240e+10  10.7%   222  426s
   566   494 8.0719e+10   38  984 7.4320e+10 8.2240e+10  10.7%   222  437s
   567   495 8.0719e+10  177 1034 7.4320e+10 8.2240e+10  10.7%   221  456s
   568   496 8.0719e+10   95 1155 7.4320e+10 8.2240e+10  10.7%   221  473s
   569   496 8.0871e+10   27 1090 7.4320e+10 8.2240e+10  10.7%   221  489s
   570   497 8.0719e+10  140 1097 7.4320e+10 8.2240e+10  10.7%   220  500s
   571   498 7.7361e+10   28 1087 7.4320e+10 8.2240e+10  10.7%   220  519s
   572   498 8.1223e+10   15 1176 7.4320e+10 8.2240e+10  10.7%   219  530s
   573   499 8.0719e+10  177 1116 7.4320e+10 8.2240e+10  10.7%   219  549s
   574   500 7.8742e+10  151 1197 7.4320e+10 8.2240e+10  10.7%   219  561s
   575   500 7.7209e+10   74 1151 7.4320e+10 8.2240e+10  10.7%   218  577s
   578   504 8.0719e+10  185  628 7.4320e+10 8.2240e+10  10.7%   602  581s
   580   505 8.0719e+10   89  720 7.4320e+10 8.2240e+10  10.7%   600  592s
   581   506 8.1831e+10   14  892 7.4320e+10 8.2240e+10  10.7%   599  610s
   582   507 8.0719e+10  244  802 7.4320e+10 8.2240e+10  10.7%   598  615s
   583   507 8.0719e+10   61  741 7.4320e+10 8.2240e+10  10.7%   597  622s
   584   508 7.8731e+10  128  919 7.4320e+10 8.2240e+10  10.7%   596  640s
   585   509 8.0871e+10   36 1046 7.4320e+10 8.2240e+10  10.7%   595  649s
   586   509 7.7209e+10   54 1072 7.4320e+10 8.2240e+10  10.7%   594  661s
   587   510 8.0397e+10  175 1005 7.4320e+10 8.2240e+10  10.7%   593  668s
   588   511 7.8747e+10  153 1027 7.4320e+10 8.2240e+10  10.7%   592  687s
   590   512 8.0719e+10   79 1012 7.4320e+10 8.2218e+10  10.6%   590  696s
   591   513 7.7361e+10   34  989 7.4320e+10 8.2218e+10  10.6%   589  713s
   592   513 7.7361e+10   30 1000 7.4320e+10 8.2218e+10  10.6%   588  720s
   593   514 8.0719e+10  214 1013 7.4320e+10 8.2218e+10  10.6%   587  731s
   594   515 8.0871e+10   23 1033 7.4320e+10 8.2218e+10  10.6%   586  737s
   595   515 7.9886e+10  240  988 7.4320e+10 8.2218e+10  10.6%   585  748s
   596   516 7.7361e+10   34 1039 7.4320e+10 8.2218e+10  10.6%   584  754s
   597   517 7.7361e+10   26  944 7.4320e+10 8.2218e+10  10.6%   583  772s
   598   517 8.0719e+10  198  934 7.4320e+10 8.2218e+10  10.6%   582  778s
   599   518 8.0719e+10  244 1037 7.4320e+10 8.2218e+10  10.6%   581  788s
   600   519 8.0719e+10   86 1024 7.4320e+10 8.2218e+10  10.6%   580  793s
   601   519 8.0871e+10   23  887 7.4320e+10 8.2023e+10  10.4%   579  804s
   602   520 8.0719e+10  193  856 7.4320e+10 8.2023e+10  10.4%   578  810s
   603   521 8.0719e+10   89  760 7.4320e+10 8.2023e+10  10.4%   577  817s
   605   522 8.0719e+10  191  871 7.4320e+10 8.1821e+10  10.1%   575  821s
   606   523 8.0266e+10  171 1146 7.4320e+10 8.1431e+10  9.57%   574  831s
   607   523 7.7655e+10   10 1145 7.4320e+10 8.1431e+10  9.57%   573  839s
   608   524 8.0719e+10  213 1127 7.4320e+10 8.1431e+10  9.57%   572  851s
   611   526 7.7209e+10   41 1014 7.4320e+10 8.1334e+10  9.44%   569  859s
   612   527 8.0719e+10   93  937 7.4320e+10 8.1334e+10  9.44%   568  869s
   613   527 8.0719e+10  200  968 7.4320e+10 8.1334e+10  9.44%   568  875s
   614   528 7.6039e+10   42  841 7.4320e+10 8.1334e+10  9.44%   567  883s
   615   529 8.0719e+10  111  839 7.4320e+10 8.1334e+10  9.44%   566  886s
   616   529 7.7209e+10   75  773 7.4320e+10 8.1300e+10  9.39%   565  890s
   619   531 7.7209e+10   74  720 7.4320e+10 8.1017e+10  9.01%   562  908s
   620   532 8.0719e+10  105  708 7.4320e+10 8.1017e+10  9.01%   561  910s
   622   533 8.0719e+10  212  683 7.4320e+10 8.1017e+10  9.01%   559  916s
   623   534 8.0336e+10  196  595 7.4320e+10 8.1017e+10  9.01%   558  943s
   624   535 8.0535e+10  173  596 7.4320e+10 8.1017e+10  9.01%   558  945s
   626   536 8.0719e+10   93  505 7.4320e+10 8.1017e+10  9.01%   556  951s
   627   537 7.7209e+10   54  368 7.4320e+10 8.1017e+10  9.01%   555  955s
   629   538 8.1017e+10   18  319 7.4320e+10 8.1017e+10  9.01%   553  961s
   631   539 7.9201e+10  109  301 7.4320e+10 8.1017e+10  9.01%   551  965s
   635   542 7.7361e+10   21  301 7.4320e+10 8.1017e+10  9.01%   548  971s
   640   546 7.8731e+10  117  720 7.4320e+10 8.1017e+10  9.01%   965  985s
   641   547 8.0719e+10  219 1095 7.4320e+10 8.1017e+10  9.01%   964  997s
   642   548 8.0535e+10  173 1038 7.4320e+10 8.1017e+10  9.01%   962 1003s
   643   548 8.0719e+10  158  928 7.4320e+10 8.1017e+10  9.01%   961 1006s
   644   549 8.1017e+10   12  850 7.4320e+10 8.1017e+10  9.01%   959 1026s
   645   550 8.0719e+10  191  896 7.4320e+10 8.1017e+10  9.01%   958 1030s
   646   550 8.0719e+10  137  803 7.4320e+10 8.1017e+10  9.01%   956 1042s
   647   551 8.0719e+10   71  747 7.4320e+10 8.1017e+10  9.01%   955 1049s
   648   552 8.0719e+10  244  859 7.4320e+10 8.1017e+10  9.01%   953 1069s
   649   552 8.0336e+10  196  918 7.4320e+10 8.1017e+10  9.01%   952 1075s
   650   553 7.7361e+10   28  807 7.4320e+10 8.1017e+10  9.01%   950 1091s
   651   554 7.7361e+10   28  909 7.4320e+10 8.1017e+10  9.01%   949 1102s
   652   554 7.8731e+10  112  944 7.4320e+10 8.1017e+10  9.01%   948 1120s
   653   555 7.7361e+10   31  980 7.4320e+10 8.1017e+10  9.01%   946 1126s
   654   556 8.0719e+10   95  938 7.4320e+10 8.1017e+10  9.01%   945 1140s
   655   556 8.0719e+10   83 1036 7.4320e+10 8.1017e+10  9.01%   943 1149s
   656   557 7.6819e+10  233  878 7.4320e+10 8.1017e+10  9.01%   942 1161s
   657   558 8.0397e+10  175  886 7.4320e+10 8.1017e+10  9.01%   940 1165s
   658   558 8.0719e+10   51  977 7.4320e+10 8.1017e+10  9.01%   939 1180s
   659   559 8.0719e+10  231 1099 7.4320e+10 8.1017e+10  9.01%   938 1186s
   660   560 7.8435e+10    8 1084 7.4320e+10 8.1017e+10  9.01%   936 1199s
   661   560 8.0719e+10   38 1159 7.4320e+10 8.1017e+10  9.01%   935 1206s
   662   561 8.0719e+10   70 1065 7.4320e+10 8.1017e+10  9.01%   933 1219s
   663   562 7.7655e+10   11  981 7.4320e+10 8.1017e+10  9.01%   932 1226s
   664   562 8.0719e+10  215  981 7.4320e+10 8.1017e+10  9.01%   930 1241s
   665   565 8.1017e+10   37 1034 7.4320e+10 8.1017e+10  9.01%  1308 1250s
   672   570 8.0924e+10   41  975 7.4320e+10 8.1017e+10  9.01%  1303 1255s
   690   582 8.0924e+10   51  387 7.4320e+10 8.1017e+10  9.01%  1277 1263s
   698   587 7.9701e+10   55  368 7.4320e+10 8.1017e+10  9.01%  1263 1265s
   716   599 8.0871e+10   72  403 7.4320e+10 8.1017e+10  9.01%  1232 1280s
   742   616 8.0719e+10   90  400 7.4320e+10 8.1017e+10  9.01%  1191 1285s
   772   632 8.0719e+10  106  341 7.4320e+10 8.1017e+10  9.01%  1150 1290s
   799   648 8.0719e+10  119  326 7.4320e+10 8.1017e+10  9.01%  1115 1299s
   803   649 8.0719e+10  121  336 7.4320e+10 8.1017e+10  9.01%  1110 1300s
   827   655 8.0719e+10  134  298 7.4320e+10 8.1017e+10  9.01%  1079 1308s
   836   661 8.0719e+10  139  332 7.4320e+10 8.1017e+10  9.01%  1070 1310s
   859   668 infeasible  152      7.4320e+10 8.1017e+10  9.01%  1049 1315s
   889   673 8.0719e+10  168  283 7.4320e+10 8.1017e+10  9.01%  1019 1320s
   929   672 infeasible  188      7.4320e+10 8.1017e+10  9.01%   983 1325s
   960   667 8.0719e+10  203  260 7.4320e+10 8.1017e+10  9.01%   954 1339s
   964   665 8.0719e+10  205  260 7.4320e+10 8.1017e+10  9.01%   950 1340s
   991   657 8.0719e+10  219  275 7.4320e+10 8.1017e+10  9.01%   929 1346s
  1005   653 8.1017e+10   38 1026 7.4320e+10 8.1017e+10  9.01%   923 1352s
  1013   658 8.0924e+10   45  595 7.4320e+10 8.1017e+10  9.01%   919 1355s
  1040   676 8.0924e+10   64  496 7.4320e+10 8.1017e+10  9.01%   899 1360s
  1072   697 8.0924e+10   83  426 7.4320e+10 8.1017e+10  9.01%   875 1366s
  1099   715 8.0790e+10  101  436 7.4320e+10 8.1017e+10  9.01%   856 1372s
  1119   729 7.9585e+10  112  405 7.4320e+10 8.1017e+10  9.01%   843 1375s
  1134   739 8.0719e+10  122  357 7.4320e+10 8.1017e+10  9.01%   832 1380s
  1155   753 8.0193e+10  133  395 7.4320e+10 8.1017e+10  9.01%   820 1385s
  1199   778 8.0719e+10  155  311 7.4320e+10 8.1017e+10  9.01%   797 1390s
  1207   778 8.0719e+10  160  289 7.4320e+10 8.1017e+10  9.01%   792 1397s
  1234   793 8.0719e+10  175  277 7.4320e+10 8.1017e+10  9.01%   779 1402s
  1247   798 8.0719e+10  181  289 7.4320e+10 8.1017e+10  9.01%   775 1405s
  1263   805 8.0719e+10  189  294 7.4320e+10 8.1017e+10  9.01%   770 1410s
  1288   819 8.0719e+10  202  284 7.4320e+10 8.1017e+10  9.01%   761 1415s
  1314   833 8.0719e+10  216  302 7.4320e+10 8.1017e+10  9.01%   752 1420s
  1340   827 infeasible  224      7.4320e+10 8.1017e+10  9.01%   741 1425s
  1347   824 8.0924e+10   40  958 7.4320e+10 8.1017e+10  9.01%   740 1430s
  1372   840 8.0924e+10   58  488 7.4320e+10 8.1017e+10  9.01%   730 1436s
  1397   857 8.0924e+10   72  438 7.4320e+10 8.1017e+10  9.01%   721 1440s
  1417   870 8.0798e+10   84  576 7.4320e+10 8.1017e+10  9.01%   713 1445s
  1426   876 8.0897e+10   92  544 7.4320e+10 8.1017e+10  9.01%   709 1454s
  1430   879 8.0897e+10   96  544 7.4320e+10 8.1017e+10  9.01%   707 1455s
  1453   894 7.9701e+10  110  443 7.4320e+10 8.1017e+10  9.01%   697 1465s
  1480   912 7.9701e+10  127  357 7.4320e+10 8.1017e+10  9.01%   685 1473s
  1498   923 7.9701e+10  138  339 7.4320e+10 8.1017e+10  9.01%   677 1475s
  1513   919 7.9701e+10  146  331 7.4320e+10 8.1017e+10  9.01%   672 1480s
  1562   910 7.9701e+10  173  315 7.4320e+10 8.1017e+10  9.01%   654 1491s
  1563   911 7.9701e+10  174  315 7.4320e+10 8.1017e+10  9.01%   654 1500s
  1606   906 7.9701e+10  198  379 7.4320e+10 8.1017e+10  9.01%   639 1505s
  1651   915 7.8119e+10  221  329 7.4320e+10 8.1017e+10  9.01%   623 1510s
  1688   921 8.0871e+10   42  916 7.4320e+10 8.1017e+10  9.01%   612 1515s
  1720   942 8.0871e+10   69  555 7.4320e+10 8.1017e+10  9.01%   603 1520s
  1750   962 8.0871e+10   90  577 7.4320e+10 8.1017e+10  9.01%   597 1525s
  1775   979 8.0871e+10  103  470 7.4320e+10 8.1017e+10  9.01%   591 1530s
  1833  1018 8.0719e+10  134  365 7.4320e+10 8.1017e+10  9.01%   576 1535s
  1856  1031 8.0719e+10  147  340 7.4320e+10 8.1017e+10  9.01%   571 1543s
  1866  1037 8.0719e+10  152  358 7.4320e+10 8.1017e+10  9.01%   570 1545s
  1911  1049 8.1001e+10   39 1100 7.4320e+10 8.1017e+10  9.01%   561 1553s
  1916  1052 8.0871e+10   42  654 7.4320e+10 8.1017e+10  9.01%   561 1555s
  1952  1076 8.0871e+10   67  465 7.4320e+10 8.1017e+10  9.01%   552 1560s
  1975  1091 8.0871e+10   84  350 7.4320e+10 8.1017e+10  9.01%   549 1575s
  1976  1092 8.0871e+10   85  349 7.4320e+10 8.1017e+10  9.01%   548 1580s
  2008  1113 8.0719e+10  104  326 7.4320e+10 8.1017e+10  9.01%   543 1585s
  2063  1150 8.0719e+10  135  281 7.4320e+10 8.1017e+10  9.01%   531 1590s
  2113  1183 8.0719e+10  161  281 7.4320e+10 8.1017e+10  9.01%   522 1595s
  2166  1217 8.0719e+10  188  287 7.4320e+10 8.1017e+10  9.01%   513 1600s
  2224  1249 8.0719e+10  220  205 7.4320e+10 8.1017e+10  9.01%   502 1605s
  2239  1255 8.0719e+10  227  242 7.4320e+10 8.1017e+10  9.01%   500 1611s
  2261  1270 8.0719e+10  240  198 7.4320e+10 8.1017e+10  9.01%   498 1615s
  2290  1273 8.0719e+10  255  188 7.4320e+10 8.1017e+10  9.01%   496 1620s
  2316  1278 8.0719e+10  269  183 7.4320e+10 8.1017e+10  9.01%   494 1625s
  2323  1274 8.0719e+10  272  182 7.4320e+10 8.1017e+10  9.01%   493 1641s
  2324  1275 8.0719e+10  273  184 7.4320e+10 8.1017e+10  9.01%   493 1645s
  2354  1277 infeasible  288      7.4320e+10 8.1017e+10  9.01%   491 1650s
  2378  1279 8.1001e+10   39  983 7.4320e+10 8.1017e+10  9.01%   490 1655s
  2414  1315 8.0719e+10   71  402 7.4320e+10 8.1017e+10  9.01%   483 1660s
  2446  1347 8.0871e+10   98  389 7.4320e+10 8.1017e+10  9.01%   478 1665s
  2489  1390 8.0719e+10  125  335 7.4320e+10 8.1017e+10  9.01%   473 1670s
  2500  1401 8.0719e+10  130  569 7.4320e+10 8.1017e+10  9.01%   471 1675s
  2562  1457 8.0719e+10  167  328 7.4320e+10 8.1017e+10  9.01%   462 1680s
  2628  1521 8.0719e+10  201  279 7.4320e+10 8.1017e+10  9.01%   451 1685s
  2685  1545 infeasible  230      7.4320e+10 8.1017e+10  9.01%   444 1690s
  2751  1577 8.0719e+10  263  171 7.4320e+10 8.1017e+10  9.01%   435 1695s
  2776  1585 8.0091e+10   42  699 7.4320e+10 8.1017e+10  9.01%   433 1700s
  2803  1612 8.0871e+10   61  418 7.4320e+10 8.1017e+10  9.01%   430 1705s
  2822  1631 8.0871e+10   73  423 7.4320e+10 8.1017e+10  9.01%   430 1710s
  2858  1667 8.0719e+10  102  344 7.4320e+10 8.1017e+10  9.01%   426 1715s
  2882  1691 8.0719e+10  117  429 7.4320e+10 8.1017e+10  9.01%   424 1720s
  2919  1726 8.0719e+10  139  340 7.4320e+10 8.1017e+10  9.01%   421 1725s
  2948  1751 8.0719e+10  155  370 7.4320e+10 8.1017e+10  9.01%   419 1730s
  2958  1760 8.0719e+10  161  296 7.4320e+10 8.1017e+10  9.01%   419 1748s
  2959  1761 8.0719e+10  161  306 7.4320e+10 8.1017e+10  9.01%   419 1750s
  2986  1788 8.0719e+10  175  333 7.4320e+10 8.1017e+10  9.01%   417 1763s
  3005  1805 8.0719e+10  185  375 7.4320e+10 8.1017e+10  9.01%   414 1765s
  3040  1838 8.0719e+10  204  258 7.4320e+10 8.1017e+10  9.01%   412 1770s
  3062  1859 8.0465e+10  215  294 7.4320e+10 8.1017e+10  9.01%   412 1775s
  3083  1880 8.0355e+10  226  312 7.4320e+10 8.1017e+10  9.01%   412 1780s
  3115  1909 8.0697e+10  243  277 7.4320e+10 8.1017e+10  9.01%   410 1785s
  3147  1933 8.0623e+10  260  217 7.4320e+10 8.1017e+10  9.01%   408 1790s
  3172  1938 8.0871e+10   44  843 7.4320e+10 8.1017e+10  9.01%   407 1795s
  3200  1966 8.0871e+10   71  538 7.4320e+10 8.1017e+10  9.01%   404 1800s
  3226  1992 8.0871e+10   91  597 7.4320e+10 8.1017e+10  9.01%   403 1805s
  3235  2001 8.0871e+10   99  442 7.4320e+10 8.1017e+10  9.01%   403 1812s
  3253  2019 8.0871e+10  112  573 7.4320e+10 8.1017e+10  9.01%   402 1815s
  3295  2061 8.0871e+10  144  430 7.4320e+10 8.1017e+10  9.01%   398 1820s
  3335  2101 8.0871e+10  167  424 7.4320e+10 8.1017e+10  9.01%   396 1825s
  3391  2155 7.9408e+10  197  507 7.4320e+10 8.1017e+10  9.01%   391 1830s
  3435  2195 7.9408e+10  220  370 7.4320e+10 8.1017e+10  9.01%   387 1845s
  3436  2196 7.8379e+10  221  286 7.4320e+10 8.1017e+10  9.01%   387 1851s
  3481  2237 7.8531e+10  246  279 7.4320e+10 8.1017e+10  9.01%   383 1855s
  3537  2263 8.1001e+10   39 1092 7.4320e+10 8.1001e+10  8.99%   379 1863s
  3540  2266 8.0871e+10   41 1000 7.4320e+10 8.1001e+10  8.99%   380 1865s
  3573  2299 8.0871e+10   74  372 7.4320e+10 8.1001e+10  8.99%   377 1870s
  3617  2343 8.0871e+10  106  352 7.4320e+10 8.1001e+10  8.99%   374 1875s
  3672  2398 8.0719e+10  130  287 7.4320e+10 8.1001e+10  8.99%   369 1880s
  3745  2469 8.0719e+10  153  257 7.4320e+10 8.1001e+10  8.99%   363 1885s
  3761  2485 8.0719e+10  160  247 7.4320e+10 8.1001e+10  8.99%   362 1891s
  3807  2529 8.0719e+10  174  236 7.4320e+10 8.1001e+10  8.99%   358 1895s
  3874  2596 8.0647e+10  199  300 7.4320e+10 8.1001e+10  8.99%   353 1900s
  3911  2628 7.9398e+10  212  289 7.4320e+10 8.1001e+10  8.99%   351 1905s
  3957  2651 8.0871e+10   60  393 7.4320e+10 8.1001e+10  8.99%   347 1910s
  4008  2702 8.0871e+10  103  346 7.4320e+10 8.1001e+10  8.99%   344 1915s
  4073  2767 8.0719e+10  130  298 7.4320e+10 8.1001e+10  8.99%   340 1920s
  4110  2802 infeasible  146      7.4320e+10 8.1001e+10  8.99%   338 1925s
  4145  2835 8.0719e+10  159  303 7.4320e+10 8.1001e+10  8.99%   337 1930s
  4165  2855 8.0719e+10  170  286 7.4320e+10 8.1001e+10  8.99%   337 1935s
  4207  2895 8.0719e+10  188  310 7.4320e+10 8.1001e+10  8.99%   335 1940s
  4257  2937 8.0719e+10  205  273 7.4320e+10 8.1001e+10  8.99%   333 1945s
  4281  2961 8.0719e+10  220  309 7.4320e+10 8.1001e+10  8.99%   332 1950s
  4312  2992 8.0719e+10  229  275 7.4320e+10 8.1001e+10  8.99%   332 1955s
  4346  3022 8.0719e+10  244  224 7.4320e+10 8.1001e+10  8.99%   331 1960s
  4361  3033 infeasible  250      7.4320e+10 8.1001e+10  8.99%   331 1965s
  4393  3051 8.0719e+10  259  251 7.4320e+10 8.1001e+10  8.99%   330 1970s
  4431  3076 8.0719e+10  272  215 7.4320e+10 8.1001e+10  8.99%   328 1975s
  4461  3091 8.0871e+10   58  396 7.4320e+10 8.1001e+10  8.99%   327 1980s
  4517  3147 8.0871e+10  111  363 7.4320e+10 8.1001e+10  8.99%   323 1985s
  4542  3172 8.0871e+10  131  413 7.4320e+10 8.1001e+10  8.99%   322 2001s
  4584  3214 8.0871e+10  151  380 7.4320e+10 8.1001e+10  8.99%   319 2005s
  4619  3249 8.0719e+10  174  318 7.4320e+10 8.1001e+10  8.99%   317 2010s
  4623  3253 8.0719e+10  173  358 7.4320e+10 8.1001e+10  8.99%   317 2027s
  4637  3267 8.0719e+10  182  514 7.4320e+10 8.1001e+10  8.99%   317 2030s
  4663  3293 8.0719e+10  192  343 7.4320e+10 8.1001e+10  8.99%   316 2035s
  4701  3329 8.0719e+10  207  290 7.4320e+10 8.1001e+10  8.99%   314 2040s
  4735  3361 8.0719e+10  216  399 7.4320e+10 8.1001e+10  8.99%   313 2045s
  4762  3388 8.0719e+10  220  385 7.4320e+10 8.1001e+10  8.99%   314 2050s
  4788  3412 8.0719e+10  231  389 7.4320e+10 8.1001e+10  8.99%   314 2055s
  4815  3437 8.0719e+10  241  315 7.4320e+10 8.1001e+10  8.99%   313 2060s
  4856  3473 8.0719e+10  258  315 7.4320e+10 8.1001e+10  8.99%   312 2065s
  4917  3530 8.0719e+10  270  299 7.4320e+10 8.1001e+10  8.99%   310 2070s
  4924  3537 8.0719e+10  272  308 7.4320e+10 8.1001e+10  8.99%   310 2097s
  4925  3538 8.0719e+10  274  289 7.4320e+10 8.1001e+10  8.99%   310 2101s
  4954  3553 infeasible  286      7.4320e+10 8.1001e+10  8.99%   309 2105s
  5002  3593 8.0719e+10  297  268 7.4320e+10 8.1001e+10  8.99%   308 2110s
  5045  3623 8.0719e+10  310  278 7.4320e+10 8.1001e+10  8.99%   307 2115s
  5076  3634 8.0871e+10   41  780 7.4320e+10 8.1001e+10  8.99%   306 2120s
  5101  3659 8.0871e+10   66  421 7.4320e+10 8.1001e+10  8.99%   305 2132s
  5106  3664 8.0871e+10   69  672 7.4320e+10 8.1001e+10  8.99%   305 2135s
  5168  3726 8.0871e+10  118  500 7.4320e+10 8.1001e+10  8.99%   303 2140s
  5204  3762 8.0871e+10  142  380 7.4320e+10 8.1001e+10  8.99%   301 2145s
  5257  3814 8.0719e+10  165  370 7.4320e+10 8.1001e+10  8.99%   299 2150s
  5336  3887 8.0719e+10  190  310 7.4320e+10 8.1001e+10  8.99%   296 2155s
  5344  3892 8.0719e+10  192  343 7.4320e+10 8.1001e+10  8.99%   296 2160s
  5404  3944 8.0719e+10  205  335 7.4320e+10 8.1001e+10  8.99%   293 2165s
  5466  4002 8.0719e+10  215  297 7.4320e+10 8.1001e+10  8.99%   291 2170s
  5532  4042 infeasible  236      7.4320e+10 8.1001e+10  8.99%   288 2175s
  5581  4074 8.0719e+10  256  303 7.4320e+10 8.1001e+10  8.99%   288 2180s
  5623  4095 7.7095e+10  274  389 7.4320e+10 8.1001e+10  8.99%   287 2185s
  5662  4114 7.6315e+10  293  313 7.4320e+10 8.1001e+10  8.99%   286 2190s
  5701  4126 7.6315e+10  313  314 7.4320e+10 8.1001e+10  8.99%   286 2195s
  5716  4129 8.0871e+10   46  735 7.4320e+10 8.1001e+10  8.99%   286 2200s
  5761  4174 8.0871e+10   83  471 7.4320e+10 8.1001e+10  8.99%   285 2213s
  5777  4190 8.0871e+10   94  375 7.4320e+10 8.1001e+10  8.99%   285 2215s
  5842  4255 8.0719e+10  125  332 7.4320e+10 8.1001e+10  8.99%   282 2220s
  5910  4323 8.0719e+10  151  269 7.4320e+10 8.1001e+10  8.99%   280 2225s
  5958  4371 8.0719e+10  164  307 7.4320e+10 8.1001e+10  8.99%   279 2230s
  6005  4413 8.0719e+10  189  250 7.4320e+10 8.1001e+10  8.99%   279 2235s
  6055  4451 8.0719e+10  219  175 7.4320e+10 8.1001e+10  8.99%   278 2240s
  6120  4508 8.0719e+10  253  227 7.4320e+10 8.1001e+10  8.99%   276 2245s
  6177  4564 8.0719e+10  273  215 7.4320e+10 8.1001e+10  8.99%   275 2250s
  6223  4599 8.0719e+10  287  226 7.4320e+10 8.1001e+10  8.99%   274 2255s
  6259  4633 8.0719e+10  303  171 7.4320e+10 8.1001e+10  8.99%   273 2265s
  6286  4644 8.0871e+10   44  890 7.4320e+10 8.1001e+10  8.99%   273 2270s
  6333  4691 8.0871e+10   88  443 7.4320e+10 8.1001e+10  8.99%   272 2275s
  6379  4737 8.0871e+10  120  381 7.4320e+10 8.1001e+10  8.99%   271 2280s
  6412  4770 8.0719e+10  147  367 7.4320e+10 8.1001e+10  8.99%   271 2285s
  6477  4835 8.0719e+10  177  365 7.4320e+10 8.1001e+10  8.99%   269 2290s
  6533  4891 8.0719e+10  194  348 7.4320e+10 8.1001e+10  8.99%   267 2299s
  6538  4896 8.0719e+10  196  363 7.4320e+10 8.1001e+10  8.99%   267 2300s
  6584  4942 8.0719e+10  208  281 7.4320e+10 8.1001e+10  8.99%   266 2305s
  6591  4949 8.0719e+10  208  313 7.4320e+10 8.1001e+10  8.99%   266 2327s
  6598  4956 8.0719e+10  209  354 7.4320e+10 8.1001e+10  8.99%   266 2330s
  6619  4977 8.0719e+10  219  244 7.4320e+10 8.1001e+10  8.99%   266 2339s
  6623  4981 8.0719e+10  222  243 7.4320e+10 8.1001e+10  8.99%   266 2340s
  6674  5029 8.0719e+10  238  384 7.4320e+10 8.1001e+10  8.99%   265 2345s
  6726  5068 8.0719e+10  246  178 7.4320e+10 8.1001e+10  8.99%   263 2350s
  6766  5088 8.0719e+10  254  184 7.4320e+10 8.1001e+10  8.99%   263 2355s
  6794  5094 8.0871e+10   50  440 7.4320e+10 8.1001e+10  8.99%   262 2360s
  6837  5137 8.0871e+10   88  566 7.4320e+10 8.1001e+10  8.99%   262 2365s
  6903  5201 8.0719e+10  128  291 7.4320e+10 8.1001e+10  8.99%   260 2370s
  6966  5264 8.0719e+10  155  269 7.4320e+10 8.1001e+10  8.99%   258 2375s
  7007  5305 8.0719e+10  180  270 7.4320e+10 8.1001e+10  8.99%   258 2391s
  7040  5324 8.0719e+10  195  311 7.4320e+10 8.1001e+10  8.99%   258 2395s
  7090  5370 8.0719e+10  227  276 7.4320e+10 8.1001e+10  8.99%   257 2400s
  7143  5418 8.0719e+10  259  229 7.4320e+10 8.1001e+10  8.99%   256 2405s
  7198  5472 8.0719e+10  280  194 7.4320e+10 8.1001e+10  8.99%   255 2410s
  7260  5532 8.0719e+10  308  191 7.4320e+10 8.1001e+10  8.99%   254 2415s
  7312  5574 8.0719e+10  321  203 7.4320e+10 8.1001e+10  8.99%   253 2420s
  7357  5611 8.0719e+10  339  200 7.4320e+10 8.1001e+10  8.99%   253 2425s
  7409  5649 8.0719e+10  355  183 7.4320e+10 8.1001e+10  8.99%   253 2430s
  7446  5668 8.0871e+10   44  849 7.4320e+10 8.1001e+10  8.99%   253 2435s
  7484  5706 8.0871e+10   79  351 7.4320e+10 8.1001e+10  8.99%   252 2440s
  7533  5755 8.0871e+10  113  501 7.4320e+10 8.1001e+10  8.99%   251 2445s
  7586  5806 8.0719e+10  140  316 7.4320e+10 8.1001e+10  8.99%   250 2450s
  7603  5823 8.0719e+10  146  314 7.4320e+10 8.1001e+10  8.99%   250 2455s
  7655  5875 8.0719e+10  161  288 7.4320e+10 8.1001e+10  8.99%   249 2460s
  7695  5903 8.0871e+10   70  392 7.4320e+10 8.1001e+10  8.99%   249 2465s
  7760  5968 8.0286e+10  128  398 7.4320e+10 8.1001e+10  8.99%   247 2470s
  7780  5988 8.0719e+10  145  262 7.4320e+10 8.1001e+10  8.99%   246 2477s
  7826  6034 8.0719e+10  189  279 7.4320e+10 8.1001e+10  8.99%   245 2480s
  7895  6100 8.0719e+10  253  258 7.4320e+10 8.1001e+10  8.99%   244 2485s
  7958  6151 8.0871e+10   43  871 7.4320e+10 8.1001e+10  8.99%   242 2490s
  8019  6212 8.0871e+10  104  403 7.4320e+10 8.1001e+10  8.99%   241 2495s
  8097  6290 8.0719e+10  180  311 7.4320e+10 8.1001e+10  8.99%   239 2500s
  8166  6359 8.0719e+10  248  277 7.4320e+10 8.1001e+10  8.99%   237 2505s
  8229  6421 8.0719e+10  309  286 7.4320e+10 8.1001e+10  8.99%   235 2512s
  8258  6448 8.0719e+10  338  281 7.4320e+10 8.1001e+10  8.99%   235 2515s
  8323  6510 7.7331e+10  398  189 7.4320e+10 8.1001e+10  8.99%   233 2520s
  8376  6531 8.0871e+10   42  667 7.4320e+10 8.1001e+10  8.99%   233 2525s
  8417  6572 8.0871e+10   76  446 7.4320e+10 8.1001e+10  8.99%   232 2530s
  8469  6624 8.0719e+10  116  353 7.4320e+10 8.1001e+10  8.99%   231 2536s
  8518  6673 8.0719e+10  151  352 7.4320e+10 8.1001e+10  8.99%   230 2540s
  8546  6701 8.0719e+10  172  301 7.4320e+10 8.1001e+10  8.99%   230 2545s
  8580  6731 8.0568e+10  191  382 7.4320e+10 8.1001e+10  8.99%   230 2550s
  8621  6771 7.6321e+10  214  587 7.4320e+10 8.1001e+10  8.99%   229 2555s
  8659  6803 7.7703e+10  237  509 7.4320e+10 8.1001e+10  8.99%   229 2560s
  8696  6815 7.7703e+10  259  470 7.4320e+10 8.1001e+10  8.99%   229 2565s
  8712  6818 7.5138e+10  271  495 7.4320e+10 8.1001e+10  8.99%   229 2570s
  8725  6829 8.0871e+10   51  415 7.4320e+10 8.1001e+10  8.99%   229 2575s
  8782  6886 8.0871e+10  107  385 7.4320e+10 8.1001e+10  8.99%   227 2580s
  8845  6949 8.0719e+10  165  318 7.4320e+10 8.1001e+10  8.99%   226 2585s
  8856  6960 8.0719e+10  175  269 7.4320e+10 8.1001e+10  8.99%   226 2612s
  8857  6961 8.0719e+10  176  269 7.4320e+10 8.1001e+10  8.99%   226 2624s
  8859  6963 8.0719e+10  178  256 7.4320e+10 8.1001e+10  8.99%   226 2625s
  8914  7018 8.0719e+10  233  240 7.4320e+10 8.1001e+10  8.99%   225 2630s
  8973  7076 8.0719e+10  291  240 7.4320e+10 8.1001e+10  8.99%   223 2635s
  9033  7134 8.0719e+10  350  152 7.4320e+10 8.1001e+10  8.99%   222 2640s
  9080  7175     cutoff  379      7.4320e+10 8.1001e+10  8.99%   222 2645s
  9123  7216 7.8873e+10  421  243 7.4320e+10 8.1001e+10  8.99%   221 2650s
  9157  7234 8.0871e+10   60  395 7.4320e+10 8.1001e+10  8.99%   221 2655s
  9211  7288 8.0871e+10  114  382 7.4320e+10 8.1001e+10  8.99%   220 2660s
  9222  7299 8.0871e+10  125  381 7.4320e+10 8.1001e+10  8.99%   219 2713s
  9223  7300 8.0871e+10  126  381 7.4320e+10 8.1001e+10  8.99%   219 2721s
  9250  7327 8.0871e+10  153  404 7.4320e+10 8.1001e+10  8.99%   219 2729s
  9254  7331 8.0871e+10  157  361 7.4320e+10 8.1001e+10  8.99%   219 2730s
  9317  7394 7.7678e+10  220  224 7.4320e+10 8.1001e+10  8.99%   218 2735s
  9395  7472 7.7678e+10  298  219 7.4320e+10 8.1001e+10  8.99%   216 2740s
  9452  7526 7.5490e+10  354  293 7.4320e+10 8.1001e+10  8.99%   215 2745s
  9490  7564 7.5490e+10  392  204 7.4320e+10 8.1001e+10  8.99%   214 2750s
  9582  7650 7.5490e+10  482  170 7.4320e+10 8.1001e+10  8.99%   212 2755s
  9668  7731 7.5490e+10  567   97 7.4320e+10 8.1001e+10  8.99%   211 2760s
  9722  7753 8.0871e+10   42  727 7.4320e+10 8.1001e+10  8.99%   210 2765s
  9775  7806 8.0871e+10   93  404 7.4320e+10 8.1001e+10  8.99%   209 2770s
  9807  7838 8.0871e+10  124  408 7.4320e+10 8.1001e+10  8.99%   208 2775s
  9848  7879 8.0403e+10  156  607 7.4320e+10 8.1001e+10  8.99%   207 2780s
  9903  7934 8.0719e+10  176  321 7.4320e+10 8.1001e+10  8.99%   207 2790s
  9945  7975 8.0719e+10  191  331 7.4320e+10 8.1001e+10  8.99%   206 2795s
  9987  8017 8.0719e+10  212  326 7.4320e+10 8.1001e+10  8.99%   206 2800s
 10010  8040 8.0018e+10  226  333 7.4320e+10 8.1001e+10  8.99%   207 2805s
 10060  8090 8.0568e+10  259  357 7.4320e+10 8.1001e+10  8.99%   206 2810s
 10094  8120 7.9693e+10  276  417 7.4320e+10 8.1001e+10  8.99%   207 2816s
 10113  8131     cutoff  285      7.4320e+10 8.1001e+10  8.99%   207 2820s
 10130  8141 8.0719e+10  295  264 7.4320e+10 8.1001e+10  8.99%   207 2826s
 10157  8158 8.0682e+10  309  276 7.4320e+10 8.1001e+10  8.99%   207 2830s
 10178  8175 8.0043e+10  316  274 7.4320e+10 8.1001e+10  8.99%   207 2835s
 10203  8197 7.5490e+10  530  628 7.4320e+10 8.1001e+10  8.99%   207 3347s
 10205  8198 8.0719e+10  251  748 7.4320e+10 8.1001e+10  8.99%   207 3360s
 10206  8199 8.0719e+10  214 1063 7.4320e+10 8.1001e+10  8.99%   207 3379s
 10207  8200 8.0871e+10  113 1101 7.4320e+10 8.0924e+10  8.89%   207 3384s
 10208  8200 8.0719e+10  148 1089 7.4320e+10 8.0924e+10  8.89%   207 3391s
 10209  8201 8.0719e+10  213 1008 7.4320e+10 8.0924e+10  8.89%   207 3432s
 10210  8202 8.0871e+10   59  999 7.4320e+10 8.0924e+10  8.89%   207 3471s
 10211  8202 7.8873e+10  413 1000 7.4320e+10 8.0924e+10  8.89%   207 3520s
 10214  8204 8.0275e+10  230  923 7.4320e+10 8.0919e+10  8.88%   207 3558s

Cutting planes:
  Gomory: 6
  Lift-and-project: 35
  Cover: 55
  Implied bound: 6
  Projected implied bound: 4
  MIR: 90
  Mixing: 2
  StrongCG: 8
  Flow cover: 487
  GUB cover: 2
  Zero half: 231
  RLT: 210
  Relax-and-lift: 51

Explored 10214 nodes (2330835 simplex iterations) in 3593.21 seconds (2271.72 work units)
Thread count was 1 (of 28 available processors)

Solution count 1: 7.43198e+10 

Time limit reached
Best objective 7.431984306000e+10, best bound 8.091924788394e+10, gap 8.8797%

User-callback calls 626522, time in user-callback 0.52 sec