Gurobi Optimizer version 12.0.3 build v12.0.3rc0 (linux64 - "Oracle Linux Server 9.4")

CPU model: Intel(R) Xeon(R) CPU E5-2660 v4 @ 2.00GHz, instruction set [SSE2|AVX|AVX2]
Thread count: 28 physical cores, 28 logical processors, using up to 1 threads

Non-default parameters:
TimeLimit  3593.443594835
SoftMemLimit  16
NumericFocus  1
Threads  1

Academic license 2690100 - for non-commercial use only - registered to ju___@uclm.es
Optimize a model with 83250 rows, 19254 columns and 319519 nonzeros
Model fingerprint: 0x7398dde2
Variable types: 152 continuous, 19102 integer (19102 binary)
Coefficient statistics:
  Matrix range     [1e+00, 6e+12]
  Objective range  [6e+08, 1e+09]
  Bounds range     [1e+03, 1e+04]
  RHS range        [1e+00, 2e+14]
Warning: Model contains large matrix coefficient range
Warning: Model contains large objective coefficients
Warning: Model contains large rhs

Loaded user MIP start with objective 8.18908e+10

Presolve removed 22412 rows and 2779 columns
Presolve time: 2.23s
Presolved: 60838 rows, 16475 columns, 218533 nonzeros
Variable types: 152 continuous, 16323 integer (16323 binary)
Root relaxation presolved: 60838 rows, 16475 columns, 218533 nonzeros


Root relaxation: objective 8.960621e+10, 6208 iterations, 2.23 seconds (1.68 work units)
Total elapsed time = 5.57s (DegenMoves)

    Nodes    |    Current Node    |     Objective Bounds      |     Work
 Expl Unexpl |  Obj  Depth IntInf | Incumbent    BestBd   Gap | It/Node Time

     0     0 8.9606e+10    0  522 8.1891e+10 8.9606e+10  9.42%     -    7s
     0     0 8.9606e+10    0 1202 8.1891e+10 8.9606e+10  9.42%     -   14s
     0     0 8.9606e+10    0 1199 8.1891e+10 8.9606e+10  9.42%     -   15s
     0     0 8.9249e+10    0  755 8.1891e+10 8.9249e+10  8.99%     -   24s
     0     0 8.9249e+10    0 1049 8.1891e+10 8.9249e+10  8.99%     -   28s
     0     0 8.9121e+10    0 1260 8.1891e+10 8.9121e+10  8.83%     -   32s
     0     0 8.9121e+10    0 1140 8.1891e+10 8.9121e+10  8.83%     -   34s
     0     0 8.9121e+10    0 1060 8.1891e+10 8.9121e+10  8.83%     -   38s
     0     0 8.9121e+10    0 1145 8.1891e+10 8.9121e+10  8.83%     -   44s
     0     0 8.9078e+10    0  875 8.1891e+10 8.9078e+10  8.78%     -   50s
     0     0 8.9078e+10    0  839 8.1891e+10 8.9078e+10  8.78%     -   52s
     0     0 8.9078e+10    0  961 8.1891e+10 8.9078e+10  8.78%     -   54s
     0     0 8.9078e+10    0  996 8.1891e+10 8.9078e+10  8.78%     -   55s
     0     0 8.9078e+10    0  795 8.1891e+10 8.9078e+10  8.78%     -   61s
     0     0 8.9078e+10    0  621 8.1891e+10 8.9078e+10  8.78%     -   62s
     0     0 8.9078e+10    0  613 8.1891e+10 8.9078e+10  8.78%     -   67s
     0     0 8.9078e+10    0  819 8.1891e+10 8.9078e+10  8.78%     -   70s
     0     0 8.9078e+10    0  745 8.1891e+10 8.9078e+10  8.78%     -   77s
     0     0 8.9078e+10    0  672 8.1891e+10 8.9078e+10  8.78%     -   78s
     0     0 8.9078e+10    0  754 8.1891e+10 8.9078e+10  8.78%     -   82s
     0     0 8.9078e+10    0  754 8.1891e+10 8.9078e+10  8.78%     -   84s
     0     2 8.9078e+10    0  754 8.1891e+10 8.9078e+10  8.78%     -   90s
    26    28 8.7477e+10   16  384 8.1891e+10 8.9078e+10  8.78%   312  101s
    39    41 8.6198e+10   24  333 8.1891e+10 8.9078e+10  8.78%   270  105s
    81    83 8.6198e+10   46  449 8.1891e+10 8.9078e+10  8.78%   237  111s
   108   108 8.6198e+10   59  410 8.1891e+10 8.9078e+10  8.78%   239  116s
   135   133 8.4876e+10   75  371 8.1891e+10 8.9078e+10  8.78%   224  121s
   168   166 8.4876e+10   91  324 8.1891e+10 8.9078e+10  8.78%   189  125s
   189   182 8.4876e+10  101  290 8.1891e+10 8.9078e+10  8.78%   173  149s
   190   183 8.4876e+10  102  289 8.1891e+10 8.9078e+10  8.78%   172  154s
   191   184 8.4876e+10  103  287 8.1891e+10 8.9078e+10  8.78%   171  155s
   260   245 8.4876e+10  142  250 8.1891e+10 8.9078e+10  8.78%   130  160s
   335   294 8.4581e+10   17  461 8.1891e+10 8.9078e+10  8.78%   113  165s
   393   349 8.5265e+10   51  442 8.1891e+10 8.9078e+10  8.78%   117  170s
   441   385 8.6986e+10   28  545 8.1891e+10 8.9078e+10  8.78%   125  175s
   508   431 8.7185e+10    7  698 8.1891e+10 8.9078e+10  8.78%   123  180s
   562   480 8.4876e+10  144  754 8.1891e+10 8.9078e+10  8.78%   117  197s
   564   481 8.9078e+10    2  489 8.1891e+10 8.9078e+10  8.78%   116  208s
   565   482 8.4876e+10  117  940 8.1891e+10 8.9078e+10  8.78%   116  222s
   566   483 8.4876e+10  100  926 8.1891e+10 8.9078e+10  8.78%   116  228s
   567   483 8.4876e+10   67  839 8.1891e+10 8.8877e+10  8.53%   116  241s
   569   485 8.4876e+10  129  772 8.1891e+10 8.8838e+10  8.48%   115  248s
   570   485 8.4876e+10   94  731 8.1891e+10 8.8505e+10  8.08%   115  262s
   572   487 8.6586e+10   52  702 8.1891e+10 8.8423e+10  7.98%   115  268s
   573   487 8.6198e+10   64  930 8.1891e+10 8.8330e+10  7.86%   114  282s
   575   489 8.6198e+10   61  874 8.1891e+10 8.7917e+10  7.36%   114  291s
   576   489 8.6586e+10   54 1015 8.1891e+10 8.7912e+10  7.35%   114  303s
   577   490 8.5265e+10   56  857 8.1891e+10 8.7912e+10  7.35%   114  310s
   578   491 8.5265e+10   49  926 8.1891e+10 8.7912e+10  7.35%   113  323s
   579   491 8.4557e+10  164  994 8.1891e+10 8.7912e+10  7.35%   113  330s
   580   492 8.5265e+10   36  882 8.1891e+10 8.7462e+10  6.80%   113  340s
   581   493 8.4876e+10  118  911 8.1891e+10 8.7462e+10  6.80%   113  345s
   582   493 8.7185e+10    8  907 8.1891e+10 8.7434e+10  6.77%   113  356s
   583   494 8.5265e+10   43  903 8.1891e+10 8.7434e+10  6.77%   112  361s
   584   495 8.4876e+10  101  774 8.1891e+10 8.7415e+10  6.75%   112  371s
   585   495 8.3148e+10  165  876 8.1891e+10 8.7415e+10  6.75%   112  377s
   586   496 8.4876e+10   88  830 8.1891e+10 8.7415e+10  6.75%   112  386s
   587   497 8.6586e+10   57  840 8.1891e+10 8.7415e+10  6.75%   112  390s
   588   497 8.6586e+10   43  747 8.1891e+10 8.7415e+10  6.75%   112  399s
   589   498 8.6317e+10    7  848 8.1891e+10 8.7415e+10  6.75%   111  405s
   590   499 8.4876e+10   79  774 8.1891e+10 8.7287e+10  6.59%   111  426s
   591   499 8.6586e+10   53  874 8.1891e+10 8.7287e+10  6.59%   111  431s
   592   500 8.4876e+10  144  874 8.1891e+10 8.7287e+10  6.59%   111  440s
   593   501 8.6493e+10    8  813 8.1891e+10 8.7287e+10  6.59%   111  445s
   594   501 8.6198e+10   50  728 8.1891e+10 8.7287e+10  6.59%   110  451s
   595   502 8.2536e+10  173  795 8.1891e+10 8.7287e+10  6.59%   110  455s
   596   503 8.5265e+10   27  678 8.1891e+10 8.7287e+10  6.59%   110  461s
   597   503 8.5265e+10   42  891 8.1891e+10 8.7287e+10  6.59%   110  467s
   598   504 8.6986e+10   28  697 8.1891e+10 8.7208e+10  6.49%   110  474s
   599   505 8.5265e+10   50  809 8.1891e+10 8.7193e+10  6.47%   109  476s
   601   506 8.4876e+10   75  706 8.1891e+10 8.7193e+10  6.47%   109  486s
   603   507 8.6317e+10    9  992 8.1891e+10 8.7180e+10  6.46%   109  493s
   604   508 8.6986e+10   34  906 8.1891e+10 8.7180e+10  6.46%   109  502s
   605   509 8.5265e+10   50  967 8.1891e+10 8.7180e+10  6.46%   108  506s
   606   509 8.6493e+10    6  904 8.1891e+10 8.7169e+10  6.44%   108  511s
   608   511 8.4876e+10   82  733 8.1891e+10 8.7169e+10  6.44%   108  519s
   609   511 8.6198e+10   50  698 8.1891e+10 8.7169e+10  6.44%   108  521s
   610   512 8.4876e+10  120  861 8.1891e+10 8.7169e+10  6.44%   107  529s
   611   513 8.4876e+10  101  860 8.1891e+10 8.7169e+10  6.44%   107  531s
   612   513 8.6198e+10   36  840 8.1891e+10 8.7169e+10  6.44%   107  537s
   614   515 8.6198e+10   22  851 8.1891e+10 8.7169e+10  6.44%   107  546s
   616   516 8.2536e+10  175  910 8.1891e+10 8.7169e+10  6.44%   106  553s
   619   519 8.4876e+10  118  754 8.1891e+10 8.7169e+10  6.44%   628  556s
   621   520 8.5265e+10   46  704 8.1891e+10 8.7169e+10  6.44%   625  566s
   622   521 8.4246e+10   47  557 8.1891e+10 8.7002e+10  6.24%   624  581s
   624   522 8.5265e+10   44  708 8.1891e+10 8.6963e+10  6.19%   622  595s
   626   524 8.6317e+10   10  599 8.1891e+10 8.6947e+10  6.17%   620  601s
   627   524 8.4876e+10  115  671 8.1891e+10 8.6947e+10  6.17%   620  615s
   628   525 8.6947e+10   14  715 8.1891e+10 8.6947e+10  6.17%   619  623s
   629   526 8.6198e+10   45  728 8.1891e+10 8.6947e+10  6.17%   618  639s
   630   526 8.4876e+10  117  751 8.1891e+10 8.6947e+10  6.17%   617  646s
   631   527 8.6015e+10   22  703 8.1891e+10 8.6947e+10  6.17%   616  659s
   632   528 8.6198e+10   36  877 8.1891e+10 8.6947e+10  6.17%   615  668s
   633   528 8.5265e+10   40  893 8.1891e+10 8.6947e+10  6.17%   614  680s
   634   529 8.4876e+10   96  973 8.1891e+10 8.6947e+10  6.17%   613  688s
   635   530 8.4876e+10  115  954 8.1891e+10 8.6947e+10  6.17%   612  704s
   636   530 8.6198e+10   45  940 8.1891e+10 8.6947e+10  6.17%   611  714s
   637   531 8.4876e+10  127  929 8.1891e+10 8.6947e+10  6.17%   610  735s
   638   532 8.4876e+10   87 1001 8.1891e+10 8.6947e+10  6.17%   609  745s
   639   532 8.4876e+10  134  932 8.1891e+10 8.6947e+10  6.17%   608  756s
   640   533 8.6947e+10   10  978 8.1891e+10 8.6947e+10  6.17%   607  763s
   641   534 8.4876e+10   83  967 8.1891e+10 8.6947e+10  6.17%   606  772s
   644   537 8.4876e+10  117  754 8.1891e+10 8.6947e+10  6.17%   914  775s
   646   538 8.6198e+10   59  704 8.1891e+10 8.6947e+10  6.17%   911  785s
   647   539 8.4876e+10  107  654 8.1891e+10 8.6947e+10  6.17%   910  803s
   648   540 8.6947e+10   24  572 8.1891e+10 8.6947e+10  6.17%   908  807s
   649   540 8.4876e+10   91  667 8.1891e+10 8.6947e+10  6.17%   907  820s
   651   542 8.6198e+10   39  681 8.1891e+10 8.6947e+10  6.17%   904  828s
   652   542 8.5265e+10   38  701 8.1891e+10 8.6947e+10  6.17%   903  840s
   653   543 8.4876e+10   91  788 8.1891e+10 8.6947e+10  6.17%   902  847s
   654   544 8.6947e+10   33  717 8.1891e+10 8.6947e+10  6.17%   900  860s
   655   544 8.3858e+10   67  747 8.1891e+10 8.6947e+10  6.17%   899  868s
   656   545 8.5435e+10   18  776 8.1891e+10 8.6947e+10  6.17%   897  884s
   657   546 8.4876e+10  110  745 8.1891e+10 8.6947e+10  6.17%   896  890s
   658   546 8.6947e+10   13  878 8.1891e+10 8.6947e+10  6.17%   895  904s
   659   547 8.6198e+10   26  923 8.1891e+10 8.6947e+10  6.17%   893  912s
   660   548 8.4876e+10   49  869 8.1891e+10 8.6947e+10  6.17%   892  928s
   661   548 8.6198e+10   29  901 8.1891e+10 8.6947e+10  6.17%   891  935s
   662   549 8.4876e+10  144  866 8.1891e+10 8.6947e+10  6.17%   889  956s
   663   550 8.6947e+10   12  912 8.1891e+10 8.6947e+10  6.17%   888  963s
   664   550 8.6947e+10    2  807 8.1891e+10 8.6947e+10  6.17%   887  977s
   665   551 8.4876e+10  117  965 8.1891e+10 8.6947e+10  6.17%   885  986s
   666   552 8.4876e+10  100  795 8.1891e+10 8.6947e+10  6.17%   884  999s
   667   552 8.4876e+10   67  792 8.1891e+10 8.6947e+10  6.17%   883 1007s
   668   553 8.4246e+10   43  792 8.1891e+10 8.6947e+10  6.17%   881 1014s
   669   556 8.6862e+10   28  737 8.1891e+10 8.6947e+10  6.17%  1204 1019s
   670   556 8.6862e+10   29  845 8.1891e+10 8.6947e+10  6.17%  1204 1020s
   681   564 8.6862e+10   36  572 8.1891e+10 8.6947e+10  6.17%  1191 1025s
   694   572 8.5759e+10   43  579 8.1891e+10 8.6947e+10  6.17%  1172 1039s
   695   573 8.5759e+10   43  548 8.1891e+10 8.6947e+10  6.17%  1170 1040s
   720   590 8.4876e+10   56  435 8.1891e+10 8.6947e+10  6.17%  1132 1083s
   729   596 8.4876e+10   61  409 8.1891e+10 8.6947e+10  6.17%  1118 1085s
   749   609 8.4876e+10   71  396 8.1891e+10 8.6947e+10  6.17%  1090 1093s
   758   615 8.4876e+10   75  390 8.1891e+10 8.6947e+10  6.17%  1077 1095s
   784   631 8.4876e+10   89  398 8.1891e+10 8.6947e+10  6.17%  1043 1100s
   805   635 8.4876e+10   98  367 8.1891e+10 8.6947e+10  6.17%  1019 1117s
   823   634 8.4876e+10  105  344 8.1891e+10 8.6947e+10  6.17%   999 1120s
   832   636 8.4876e+10  110  385 8.1891e+10 8.6947e+10  6.17%   990 1131s
   851   642 8.4876e+10  120  365 8.1891e+10 8.6947e+10  6.17%   972 1135s
   872   650 8.4876e+10  131  348 8.1891e+10 8.6947e+10  6.17%   955 1140s
   886   655 8.4876e+10  138  338 8.1891e+10 8.6947e+10  6.17%   944 1151s
   909   660 8.4876e+10  149  334 8.1891e+10 8.6947e+10  6.17%   928 1155s
   933   666 8.4876e+10  162  332 8.1891e+10 8.6947e+10  6.17%   904 1160s
   940   668 8.4876e+10  165  328 8.1891e+10 8.6947e+10  6.17%   898 1177s
   960   673 8.4876e+10  176  313 8.1891e+10 8.6947e+10  6.17%   879 1180s
   979   667 8.5074e+10   29  897 8.1891e+10 8.6862e+10  6.07%   867 1185s
   994   677 8.4274e+10   43  546 8.1891e+10 8.6862e+10  6.07%   856 1190s
  1017   693 8.4262e+10   56  562 8.1891e+10 8.6862e+10  6.07%   838 1195s
  1053   710 8.2340e+10   78  513 8.1891e+10 8.6862e+10  6.07%   812 1200s
  1082   716 8.5759e+10   44  567 8.1891e+10 8.6862e+10  6.07%   793 1205s
  1113   737 8.4950e+10   64  567 8.1891e+10 8.6862e+10  6.07%   775 1210s
  1147   757 8.5028e+10   84  518 8.1891e+10 8.6862e+10  6.07%   755 1215s
  1186   783 8.5028e+10  105  535 8.1891e+10 8.6862e+10  6.07%   734 1220s
  1223   808 8.5028e+10  124  520 8.1891e+10 8.6862e+10  6.07%   715 1225s
  1260   833 8.3858e+10  143  480 8.1891e+10 8.6862e+10  6.07%   695 1230s
  1306   853 8.3858e+10  166  416 8.1891e+10 8.6862e+10  6.07%   672 1235s
  1340   870 8.3858e+10  183  396 8.1891e+10 8.6862e+10  6.07%   658 1240s
  1386   891 8.3858e+10  206  377 8.1891e+10 8.6862e+10  6.07%   638 1245s
  1420   903 8.5759e+10   52  574 8.1891e+10 8.6862e+10  6.07%   625 1250s
  1456   927 8.5195e+10   77  518 8.1891e+10 8.6862e+10  6.07%   612 1255s
  1500   957 8.5028e+10  102  474 8.1891e+10 8.6862e+10  6.07%   596 1260s
  1545   986 8.5028e+10  127  471 8.1891e+10 8.6862e+10  6.07%   580 1265s
  1579  1008 8.5028e+10  144  488 8.1891e+10 8.6862e+10  6.07%   569 1270s
  1621  1030 8.3858e+10  165  500 8.1891e+10 8.6862e+10  6.07%   555 1275s
  1665  1048 8.3858e+10  189  435 8.1891e+10 8.6862e+10  6.07%   541 1280s
  1714  1057 8.3858e+10  212  436 8.1891e+10 8.6862e+10  6.07%   527 1285s
  1753  1056 8.6228e+10   38  579 8.1891e+10 8.6862e+10  6.07%   516 1290s
  1784  1077 8.5207e+10   61  550 8.1891e+10 8.6862e+10  6.07%   509 1295s
  1820  1101 8.5028e+10   84  486 8.1891e+10 8.6862e+10  6.07%   500 1300s
  1847  1119 8.5028e+10   99  645 8.1891e+10 8.6862e+10  6.07%   497 1305s
  1885  1144 8.5028e+10  126  471 8.1891e+10 8.6862e+10  6.07%   488 1310s
  1924  1166 8.5028e+10  148  435 8.1891e+10 8.6862e+10  6.07%   480 1315s
  1963  1190 8.5028e+10  173  419 8.1891e+10 8.6862e+10  6.07%   472 1320s
  1995  1207 8.3858e+10  191  204 8.1891e+10 8.6862e+10  6.07%   465 1325s
  2044  1226 8.3858e+10  217  174 8.1891e+10 8.6862e+10  6.07%   455 1330s
  2093  1240 infeasible  241      8.1891e+10 8.6862e+10  6.07%   445 1335s
  2122  1250 8.5759e+10   51  512 8.1891e+10 8.6862e+10  6.07%   440 1340s
  2156  1273 8.5195e+10   77  477 8.1891e+10 8.6862e+10  6.07%   434 1345s
  2194  1296 8.5028e+10   98  425 8.1891e+10 8.6862e+10  6.07%   427 1350s
  2232  1319 8.5028e+10  121  411 8.1891e+10 8.6862e+10  6.07%   421 1355s
  2261  1337 8.5028e+10  136  385 8.1891e+10 8.6862e+10  6.07%   419 1360s
  2291  1357 8.5028e+10  154  379 8.1891e+10 8.6862e+10  6.07%   416 1365s
  2317  1374 8.5028e+10  168  315 8.1891e+10 8.6862e+10  6.07%   413 1370s
  2349  1391 infeasible  181      8.1891e+10 8.6862e+10  6.07%   409 1375s
  2379  1395 8.6228e+10   35  716 8.1891e+10 8.6862e+10  6.07%   405 1380s
  2406  1422 8.5207e+10   55  509 8.1891e+10 8.6862e+10  6.07%   401 1385s
  2439  1455 8.5028e+10   79  471 8.1891e+10 8.6862e+10  6.07%   397 1390s
  2467  1483 8.5028e+10   96  463 8.1891e+10 8.6862e+10  6.07%   394 1395s
  2494  1510 8.5028e+10  111  525 8.1891e+10 8.6862e+10  6.07%   391 1400s
  2520  1536 8.5028e+10  126  467 8.1891e+10 8.6862e+10  6.07%   389 1405s
  2546  1562 8.5028e+10  141  558 8.1891e+10 8.6862e+10  6.07%   386 1410s
  2572  1588 8.5028e+10  155  471 8.1891e+10 8.6862e+10  6.07%   384 1415s
  2593  1603 infeasible  166      8.1891e+10 8.6862e+10  6.07%   382 1420s
  2613  1613 8.5028e+10  175  352 8.1891e+10 8.6862e+10  6.07%   380 1425s
  2633  1624 8.5028e+10  185  341 8.1891e+10 8.6862e+10  6.07%   378 1430s
  2652  1641 8.3858e+10  195  275 8.1891e+10 8.6862e+10  6.07%   376 1435s
  2692  1671 8.3858e+10  214  235 8.1891e+10 8.6862e+10  6.07%   371 1440s
  2732  1683 8.3858e+10  229  211 8.1891e+10 8.6862e+10  6.07%   366 1445s
  2755  1698 8.5207e+10   49  554 8.1891e+10 8.6862e+10  6.07%   364 1450s
  2792  1735 8.5195e+10   74  507 8.1891e+10 8.6862e+10  6.07%   360 1455s
  2828  1771 8.5028e+10   97  465 8.1891e+10 8.6862e+10  6.07%   357 1460s
  2865  1808 8.5028e+10  118  455 8.1891e+10 8.6862e+10  6.07%   353 1465s
  2906  1846 8.5028e+10  140  435 8.1891e+10 8.6862e+10  6.07%   350 1470s
  2954  1877 infeasible  164      8.1891e+10 8.6862e+10  6.07%   346 1475s
  2958  1879 8.3858e+10  166  370 8.1891e+10 8.6862e+10  6.07%   346 1494s
  2960  1880 8.3858e+10  167  361 8.1891e+10 8.6862e+10  6.07%   346 1495s
  3007  1919 8.3858e+10  191  350 8.1891e+10 8.6862e+10  6.07%   342 1500s
  3052  1962 8.3858e+10  215  354 8.1891e+10 8.6862e+10  6.07%   338 1505s
  3089  1989 8.3858e+10  236  303 8.1891e+10 8.6862e+10  6.07%   336 1510s
  3115  2001 8.6228e+10   40  581 8.1891e+10 8.6862e+10  6.07%   334 1515s
  3143  2029 8.5759e+10   63  534 8.1891e+10 8.6862e+10  6.07%   331 1520s
  3176  2062 8.5759e+10   85  561 8.1891e+10 8.6862e+10  6.07%   329 1525s
  3212  2098 8.5195e+10  111  474 8.1891e+10 8.6862e+10  6.07%   326 1530s
  3235  2109 8.5759e+10   46  554 8.1891e+10 8.6862e+10  6.07%   325 1535s
  3262  2136 8.5759e+10   63  590 8.1891e+10 8.6862e+10  6.07%   323 1540s
  3296  2170 8.5195e+10   83  454 8.1891e+10 8.6862e+10  6.07%   321 1545s
  3336  2209 8.5028e+10  100  434 8.1891e+10 8.6862e+10  6.07%   319 1550s
  3371  2244 8.5028e+10  115  417 8.1891e+10 8.6862e+10  6.07%   318 1555s
  3409  2282 8.5028e+10  125  435 8.1891e+10 8.6862e+10  6.07%   316 1560s
  3445  2318 8.3858e+10  137  393 8.1891e+10 8.6862e+10  6.07%   313 1565s
  3488  2359 8.5028e+10  145  450 8.1891e+10 8.6862e+10  6.07%   311 1570s
  3511  2382 8.3858e+10  152  365 8.1891e+10 8.6862e+10  6.07%   309 1575s
  3553  2424 8.3858e+10  161  354 8.1891e+10 8.6862e+10  6.07%   307 1580s
  3603  2472 8.3858e+10  171  329 8.1891e+10 8.6862e+10  6.07%   304 1585s
  3634  2501 8.3858e+10  179  303 8.1891e+10 8.6862e+10  6.07%   302 1606s
  3659  2522 8.3858e+10  189  332 8.1891e+10 8.6862e+10  6.07%   301 1610s
  3702  2560 8.3858e+10  203  314 8.1891e+10 8.6862e+10  6.07%   299 1615s
  3744  2594 8.3858e+10  218  304 8.1891e+10 8.6862e+10  6.07%   297 1620s
  3778  2612 8.3858e+10  233  321 8.1891e+10 8.6862e+10  6.07%   297 1625s
  3800  2624 infeasible  237      8.1891e+10 8.6862e+10  6.07%   297 1630s
  3825  2631 8.5759e+10   44  673 8.1891e+10 8.6862e+10  6.07%   296 1635s
  3852  2656 8.5207e+10   63  604 8.1891e+10 8.6862e+10  6.07%   295 1640s
  3878  2680 8.5028e+10   79  518 8.1891e+10 8.6862e+10  6.07%   294 1645s
  3895  2697 8.5028e+10   88  487 8.1891e+10 8.6862e+10  6.07%   294 1650s
  3919  2721 8.5028e+10   98  456 8.1891e+10 8.6862e+10  6.07%   295 1655s
  3941  2743 8.5028e+10  105  458 8.1891e+10 8.6862e+10  6.07%   295 1692s
  3957  2759 8.5028e+10  110  491 8.1891e+10 8.6862e+10  6.07%   295 1695s
  3986  2788 8.5028e+10  117  483 8.1891e+10 8.6862e+10  6.07%   295 1700s
  4019  2820 8.5028e+10  125  441 8.1891e+10 8.6862e+10  6.07%   294 1705s
  4060  2861 8.5028e+10  138  412 8.1891e+10 8.6862e+10  6.07%   292 1710s
  4102  2902 8.5028e+10  151  342 8.1891e+10 8.6862e+10  6.07%   290 1715s
  4143  2936 8.5028e+10  164  314 8.1891e+10 8.6862e+10  6.07%   288 1720s
  4180  2969 8.5028e+10  175  305 8.1891e+10 8.6862e+10  6.07%   287 1725s
  4207  2996 8.3858e+10  182  247 8.1891e+10 8.6862e+10  6.07%   286 1730s
  4233  3021 8.3858e+10  188  249 8.1891e+10 8.6862e+10  6.07%   285 1735s
  4283  3056 8.3858e+10  205  203 8.1891e+10 8.6862e+10  6.07%   283 1740s
  4333  3072 8.3858e+10  228  124 8.1891e+10 8.6862e+10  6.07%   280 1745s
  4367  3078 8.6862e+10   29  995 8.1891e+10 8.6862e+10  6.07%   278 1750s
  4388  3099 8.5759e+10   48  473 8.1891e+10 8.6862e+10  6.07%   277 1755s
  4425  3135 8.5759e+10   68  438 8.1891e+10 8.6862e+10  6.07%   276 1760s
  4470  3179 8.5028e+10   94  360 8.1891e+10 8.6862e+10  6.07%   274 1765s
  4498  3207 8.5028e+10  105  332 8.1891e+10 8.6862e+10  6.07%   274 1770s
  4542  3251 8.5028e+10  112  330 8.1891e+10 8.6862e+10  6.07%   272 1775s
  4586  3295 8.5028e+10  122  378 8.1891e+10 8.6862e+10  6.07%   270 1780s
  4634  3343 8.5028e+10  134  381 8.1891e+10 8.6862e+10  6.07%   269 1785s
  4669  3376 8.5028e+10  145  323 8.1891e+10 8.6862e+10  6.07%   268 1790s
  4701  3408 8.5028e+10  157  322 8.1891e+10 8.6862e+10  6.07%   268 1795s
  4726  3431 8.5028e+10  167  289 8.1891e+10 8.6862e+10  6.07%   268 1800s
  4755  3458 8.5028e+10  173  265 8.1891e+10 8.6862e+10  6.07%   267 1805s
  4792  3493 8.5028e+10  181  224 8.1891e+10 8.6862e+10  6.07%   266 1810s
  4822  3519 8.5028e+10  191  213 8.1891e+10 8.6862e+10  6.07%   265 1815s
  4862  3557 8.5028e+10  205  186 8.1891e+10 8.6862e+10  6.07%   264 1820s
  4919  3583 8.5759e+10   43  711 8.1891e+10 8.6862e+10  6.07%   261 1825s
  4938  3602 8.5207e+10   53  678 8.1891e+10 8.6862e+10  6.07%   260 1836s
  4960  3624 8.5207e+10   69  559 8.1891e+10 8.6862e+10  6.07%   260 1840s
  5002  3666 8.5028e+10   94  565 8.1891e+10 8.6862e+10  6.07%   259 1845s
  5054  3718 8.5028e+10  110  486 8.1891e+10 8.6862e+10  6.07%   257 1850s
  5100  3764 8.5028e+10  126  468 8.1891e+10 8.6862e+10  6.07%   256 1855s
  5101  3765 8.5028e+10  126  465 8.1891e+10 8.6862e+10  6.07%   256 1864s
  5106  3770 8.5028e+10  127  464 8.1891e+10 8.6862e+10  6.07%   256 1865s
  5154  3818 8.5028e+10  145  412 8.1891e+10 8.6862e+10  6.07%   255 1870s
  5223  3887 8.5028e+10  175  413 8.1891e+10 8.6862e+10  6.07%   253 1875s
  5273  3933 8.3858e+10  194  342 8.1891e+10 8.6862e+10  6.07%   252 1880s
  5329  3989 8.3858e+10  201  307 8.1891e+10 8.6862e+10  6.07%   250 1885s
  5383  4041 8.3858e+10  214  285 8.1891e+10 8.6862e+10  6.07%   248 1890s
  5427  4045 8.6862e+10   32  892 8.1891e+10 8.6862e+10  6.07%   247 1895s
  5449  4067 8.5759e+10   50  443 8.1891e+10 8.6862e+10  6.07%   246 1900s
  5485  4103 8.5207e+10   74  423 8.1891e+10 8.6862e+10  6.07%   245 1905s
  5541  4159 8.5028e+10  105  384 8.1891e+10 8.6862e+10  6.07%   244 1910s
  5605  4223 8.5028e+10  125  344 8.1891e+10 8.6862e+10  6.07%   243 1915s
  5658  4275 8.5028e+10  143  352 8.1891e+10 8.6862e+10  6.07%   242 1920s
  5701  4316 8.5028e+10  158  410 8.1891e+10 8.6862e+10  6.07%   242 1925s
  5753  4368 8.5028e+10  185  337 8.1891e+10 8.6862e+10  6.07%   241 1930s
  5777  4390 8.5028e+10  200  327 8.1891e+10 8.6862e+10  6.07%   241 1935s
  5830  4427 8.3858e+10  216  295 8.1891e+10 8.6862e+10  6.07%   239 1940s
  5881  4465 8.3858e+10  228  358 8.1891e+10 8.6862e+10  6.07%   238 1945s
  5897  4475 8.3858e+10  232  271 8.1891e+10 8.6862e+10  6.07%   238 1958s
  5913  4489 8.3858e+10  237  277 8.1891e+10 8.6862e+10  6.07%   237 1960s
  5958  4505 8.3858e+10  250  259 8.1891e+10 8.6862e+10  6.07%   236 1965s
  5993  4521 8.3858e+10  263  244 8.1891e+10 8.6862e+10  6.07%   235 1970s
  6045  4550 8.6228e+10   34  666 8.1891e+10 8.6862e+10  6.07%   234 1975s
  6102  4607 8.5028e+10   79  567 8.1891e+10 8.6862e+10  6.07%   232 1980s
  6150  4655 8.5028e+10  105  387 8.1891e+10 8.6862e+10  6.07%   232 1985s
  6224  4728 8.5028e+10  131  418 8.1891e+10 8.6862e+10  6.07%   230 1990s
  6291  4795 8.5028e+10  149  354 8.1891e+10 8.6862e+10  6.07%   228 1995s
  6344  4842 8.5028e+10  167  323 8.1891e+10 8.6862e+10  6.07%   226 2000s
  6390  4887 8.5028e+10  184  242 8.1891e+10 8.6862e+10  6.07%   225 2005s
  6445  4935 8.3858e+10  195  236 8.1891e+10 8.6862e+10  6.07%   225 2010s
  6489  4955 8.5028e+10  207  297 8.1891e+10 8.6862e+10  6.07%   224 2015s
  6503  4959 8.5928e+10   38  754 8.1891e+10 8.6862e+10  6.07%   224 2020s
  6537  4993 8.5759e+10   70  517 8.1891e+10 8.6862e+10  6.07%   223 2025s
  6586  5042 8.4950e+10  102  513 8.1891e+10 8.6862e+10  6.07%   222 2030s
  6653  5109 8.5028e+10  129  375 8.1891e+10 8.6862e+10  6.07%   221 2035s
  6701  5157 8.5028e+10  149  335 8.1891e+10 8.6862e+10  6.07%   220 2040s
  6739  5195 8.5028e+10  160  343 8.1891e+10 8.6862e+10  6.07%   220 2045s
  6767  5213 8.5759e+10   44  497 8.1891e+10 8.6862e+10  6.07%   220 2050s
  6849  5295 8.5028e+10  115  443 8.1891e+10 8.6862e+10  6.07%   217 2055s
  6940  5386 8.5028e+10  207  345 8.1891e+10 8.6862e+10  6.07%   215 2060s
  7011  5456 8.5028e+10  274  388 8.1891e+10 8.6862e+10  6.07%   213 2065s
  7062  5507 8.5028e+10  322  330 8.1891e+10 8.6862e+10  6.07%   213 2070s
  7105  5548 8.5028e+10  364  336 8.1891e+10 8.6862e+10  6.07%   212 2075s
  7132  5573 8.5028e+10  387  341 8.1891e+10 8.6862e+10  6.07%   212 2080s
  7182  5623 8.3858e+10  433  209 8.1891e+10 8.6862e+10  6.07%   210 2085s
  7265  5704 8.3858e+10  515  168 8.1891e+10 8.6862e+10  6.07%   208 2090s
  7326  5751 8.6862e+10   31  843 8.1891e+10 8.6862e+10  6.07%   207 2095s
  7362  5787 8.5207e+10   64  493 8.1891e+10 8.6862e+10  6.07%   206 2100s
  7390  5815 8.5195e+10   90  444 8.1891e+10 8.6862e+10  6.07%   206 2115s
  7463  5888 8.5028e+10  163  348 8.1891e+10 8.6862e+10  6.07%   204 2120s
  7539  5964 8.5028e+10  239  375 8.1891e+10 8.6862e+10  6.07%   202 2125s
  7595  6020 8.5028e+10  295  323 8.1891e+10 8.6862e+10  6.07%   201 2130s
  7648  6071 infeasible  344      8.1891e+10 8.6862e+10  6.07%   200 2135s
  7712  6135 8.5028e+10  406  336 8.1891e+10 8.6862e+10  6.07%   199 2140s
  7779  6201 8.5028e+10  473  336 8.1891e+10 8.6862e+10  6.07%   197 2145s
  7797  6205 8.5928e+10   37  605 8.1891e+10 8.6862e+10  6.07%   198 2150s
  7842  6250 8.5207e+10   76  460 8.1891e+10 8.6862e+10  6.07%   197 2155s
  7873  6281 8.5028e+10  101  450 8.1891e+10 8.6862e+10  6.07%   197 2224s
  7875  6283 8.5028e+10  102  378 8.1891e+10 8.6862e+10  6.07%   196 2225s
  7908  6316 8.5028e+10  125  383 8.1891e+10 8.6862e+10  6.07%   197 2230s
  7942  6350 8.5028e+10  146  316 8.1891e+10 8.6862e+10  6.07%   197 2235s
  7980  6388 8.5028e+10  168  335 8.1891e+10 8.6862e+10  6.07%   197 2240s
  8025  6426 8.3858e+10  194  231 8.1891e+10 8.6862e+10  6.07%   196 2245s
  8065  6448 8.5028e+10  212  257 8.1891e+10 8.6862e+10  6.07%   196 2250s
  8105  6482 8.5028e+10  233  205 8.1891e+10 8.6862e+10  6.07%   195 2255s
  8165  6509 8.5028e+10  261  148 8.1891e+10 8.6862e+10  6.07%   194 2260s
  8188  6524 8.5028e+10  274  145 8.1891e+10 8.6862e+10  6.07%   193 2265s
  8242  6552 8.6862e+10   32  726 8.1891e+10 8.6862e+10  6.07%   193 2270s
  8276  6586 8.5195e+10   65  464 8.1891e+10 8.6862e+10  6.07%   192 2275s
  8320  6625 8.3858e+10  100  398 8.1891e+10 8.6862e+10  6.07%   192 2280s
  8384  6689 8.3858e+10  164  348 8.1891e+10 8.6862e+10  6.07%   190 2314s
  8394  6699 8.3858e+10  174  370 8.1891e+10 8.6862e+10  6.07%   190 2315s
  8448  6753 8.3858e+10  223  328 8.1891e+10 8.6862e+10  6.07%   189 2320s
  8510  6815 8.3858e+10  285  307 8.1891e+10 8.6862e+10  6.07%   188 2325s
  8564  6866 8.3858e+10  338  276 8.1891e+10 8.6862e+10  6.07%   187 2330s
  8611  6911 8.3858e+10  383  199 8.1891e+10 8.6862e+10  6.07%   186 2335s
  8664  6964 8.3858e+10  435  243 8.1891e+10 8.6862e+10  6.07%   185 2340s
  8709  7009 8.3858e+10  480  210 8.1891e+10 8.6862e+10  6.07%   184 2345s
  8758  7058 8.3858e+10  529  178 8.1891e+10 8.6862e+10  6.07%   183 2350s
  8818  7115 8.3858e+10  588  123 8.1891e+10 8.6862e+10  6.07%   182 2355s
  8861  7142 8.5397e+10   41  560 8.1891e+10 8.6862e+10  6.07%   182 2360s
  8925  7206 8.4297e+10  105  432 8.1891e+10 8.6862e+10  6.07%   181 2365s
  9007  7288 8.4297e+10  187  352 8.1891e+10 8.6862e+10  6.07%   180 2370s
  9103  7384 8.4297e+10  283  338 8.1891e+10 8.6862e+10  6.07%   178 2375s
  9196  7477 8.4297e+10  376  325 8.1891e+10 8.6862e+10  6.07%   176 2380s
  9280  7560 8.1957e+10  460  199 8.1891e+10 8.6862e+10  6.07%   175 2385s
  9352  7624 infeasible  530      8.1891e+10 8.6862e+10  6.07%   174 2390s
  9385  7647 8.5759e+10   58  623 8.1891e+10 8.6862e+10  6.07%   174 2395s
  9447  7709 8.5195e+10  109  526 8.1891e+10 8.6862e+10  6.07%   173 2400s
  9503  7765 8.5028e+10  130  404 8.1891e+10 8.6862e+10  6.07%   173 2405s
  9561  7823 8.5028e+10  146  333 8.1891e+10 8.6862e+10  6.07%   173 2410s
  9620  7881 8.5028e+10  162  355 8.1891e+10 8.6862e+10  6.07%   172 2415s
  9660  7917 8.5028e+10  171  312 8.1891e+10 8.6862e+10  6.07%   172 2420s
  9700  7955 8.5028e+10  190  248 8.1891e+10 8.6862e+10  6.07%   172 2425s
  9745  7998 8.5028e+10  198  194 8.1891e+10 8.6862e+10  6.07%   172 2430s
  9794  8035 8.5028e+10  216  145 8.1891e+10 8.6862e+10  6.07%   171 2435s
  9833  8070 8.5028e+10  231  139 8.1891e+10 8.6862e+10  6.07%   170 2440s
  9872  8105 8.5028e+10  245  125 8.1891e+10 8.6862e+10  6.07%   170 2445s
  9918  8126 8.5928e+10   37  720 8.1891e+10 8.6746e+10  5.93%   169 2450s
  9969  8177 8.5207e+10   79  454 8.1891e+10 8.6746e+10  5.93%   169 2455s
 10032  8239 8.5028e+10  138  431 8.1891e+10 8.6746e+10  5.93%   168 2460s
 10056  8262 8.5028e+10  160  364 8.1891e+10 8.6746e+10  5.93%   168 2492s
 10081  8287 8.5028e+10  183  481 8.1891e+10 8.6746e+10  5.93%   168 2495s
 10138  8344 8.5028e+10  235  412 8.1891e+10 8.6746e+10  5.93%   167 2500s
 10203  8408 8.5028e+10  158  754 8.1891e+10 8.6746e+10  5.93%   166 2964s
 10205  8409 8.5028e+10  132  845 8.1891e+10 8.6746e+10  5.93%   166 2974s
 10206  8410 8.5028e+10  131 1126 8.1891e+10 8.6746e+10  5.93%   166 2988s
 10207  8411 8.5028e+10   80  957 8.1891e+10 8.6746e+10  5.93%   166 2994s
 10208  8411 8.5028e+10  131 1001 8.1891e+10 8.6734e+10  5.91%   166 3016s
 10210  8413 8.5028e+10  284  899 8.1891e+10 8.6719e+10  5.90%   166 3033s
 10211  8413 8.3858e+10  491  824 8.1891e+10 8.6719e+10  5.90%   166 3060s
 10212  8414 8.3858e+10  189 1149 8.1891e+10 8.6719e+10  5.90%   166 3081s
 10213  8415 8.5028e+10   74 1127 8.1891e+10 8.6257e+10  5.33%   166 3124s
 10214  8415 8.5065e+10  109 1252 8.1891e+10 8.6257e+10  5.33%   166 3158s
 10215  8416 8.5759e+10   39 1144 8.1891e+10 8.6257e+10  5.33%   166 3204s
 10216  8417 8.5028e+10  111 1358 8.1891e+10 8.6257e+10  5.33%   166 3231s
 10217  8417 8.5028e+10  199 1121 8.1891e+10 8.6257e+10  5.33%   166 3276s
 10218  8418 8.3858e+10  160 1299 8.1891e+10 8.6257e+10  5.33%   166 3300s
 10219  8419 8.5028e+10  323 1039 8.1891e+10 8.6257e+10  5.33%   166 3344s
 10220  8419 8.5023e+10   53 1174 8.1891e+10 8.6257e+10  5.33%   166 3364s
 10221  8420 8.3858e+10  194 1111 8.1891e+10 8.6257e+10  5.33%   166 3414s
 10222  8421 8.3858e+10  229 1295 8.1891e+10 8.6257e+10  5.33%   166 3440s
 10223  8421 8.3858e+10  172 1120 8.1891e+10 8.6257e+10  5.33%   166 3481s
 10224  8422 8.5028e+10  155 1260 8.1891e+10 8.6257e+10  5.33%   166 3506s
 10225  8423 8.5759e+10   50 1288 8.1891e+10 8.6257e+10  5.33%   166 3544s
 10226  8423 8.3858e+10  178 1159 8.1891e+10 8.6257e+10  5.33%   166 3576s
 10227  8424 8.3858e+10  164 1159 8.1891e+10 8.6257e+10  5.33%   166 3592s

Cutting planes:
  Gomory: 3
  Cover: 7
  Implied bound: 7
  Projected implied bound: 1
  MIR: 28
  Flow cover: 80
  GUB cover: 1
  Zero half: 287
  RLT: 223
  Relax-and-lift: 23

Explored 10227 nodes (2112919 simplex iterations) in 3593.45 seconds (2278.07 work units)
Thread count was 1 (of 28 available processors)

Solution count 1: 8.18908e+10 

Time limit reached
Best objective 8.189083530000e+10, best bound 8.625735660000e+10, gap 5.3321%

User-callback calls 622744, time in user-callback 0.64 sec