Gurobi Optimizer version 12.0.3 build v12.0.3rc0 (linux64 - "Oracle Linux Server 9.4")

CPU model: Intel(R) Xeon(R) CPU E5-2660 v4 @ 2.00GHz, instruction set [SSE2|AVX|AVX2]
Thread count: 28 physical cores, 28 logical processors, using up to 1 threads

Non-default parameters:
TimeLimit  3594.817658016
SoftMemLimit  16
NumericFocus  1
Threads  1

Academic license 2690100 - for non-commercial use only - registered to ju___@uclm.es
Optimize a model with 49911 rows, 11306 columns and 228400 nonzeros
Model fingerprint: 0x56fb17b6
Variable types: 112 continuous, 11194 integer (11194 binary)
Coefficient statistics:
  Matrix range     [1e+00, 2e+13]
  Objective range  [1e+09, 3e+09]
  Bounds range     [1e+03, 1e+04]
  RHS range        [1e+00, 2e+14]
Warning: Model contains large matrix coefficient range
Warning: Model contains large objective coefficients
Warning: Model contains large rhs

Loaded user MIP start with objective 8.72544e+10

Presolve removed 16625 rows and 1735 columns
Presolve time: 1.46s
Presolved: 33286 rows, 9571 columns, 121538 nonzeros
Variable types: 112 continuous, 9459 integer (9459 binary)

Root relaxation: objective 9.557037e+10, 3202 iterations, 0.65 seconds (0.46 work units)

    Nodes    |    Current Node    |     Objective Bounds      |     Work
 Expl Unexpl |  Obj  Depth IntInf | Incumbent    BestBd   Gap | It/Node Time

     0     0 9.5570e+10    0  316 8.7254e+10 9.5570e+10  9.53%     -    4s
     0     0 9.5570e+10    0  440 8.7254e+10 9.5570e+10  9.53%     -    6s
     0     0 9.5570e+10    0  391 8.7254e+10 9.5570e+10  9.53%     -    6s
     0     0 9.4579e+10    0  645 8.7254e+10 9.4579e+10  8.39%     -    8s
     0     0 9.4080e+10    0  543 8.7254e+10 9.4080e+10  7.82%     -    9s
     0     0 9.4067e+10    0  524 8.7254e+10 9.4067e+10  7.81%     -    9s
     0     0 9.4067e+10    0  521 8.7254e+10 9.4067e+10  7.81%     -    9s
     0     0 9.2616e+10    0  587 8.7254e+10 9.2616e+10  6.15%     -   11s
     0     0 9.2569e+10    0  474 8.7254e+10 9.2569e+10  6.09%     -   11s
     0     0 9.2569e+10    0  486 8.7254e+10 9.2569e+10  6.09%     -   12s
     0     0 9.2569e+10    0  387 8.7254e+10 9.2569e+10  6.09%     -   32s
     0     0 9.2569e+10    0  843 8.7254e+10 9.2569e+10  6.09%     -   43s
     0     0 9.2569e+10    0  785 8.7254e+10 9.2569e+10  6.09%     -   45s
     0     0 9.2569e+10    0  825 8.7254e+10 9.2569e+10  6.09%     -   47s
     0     0 9.2569e+10    0  825 8.7254e+10 9.2569e+10  6.09%     -   47s
     0     0 9.2569e+10    0  818 8.7254e+10 9.2569e+10  6.09%     -   49s
     0     0 9.2569e+10    0  979 8.7254e+10 9.2569e+10  6.09%     -   52s
     0     0 9.2569e+10    0  938 8.7254e+10 9.2569e+10  6.09%     -   63s
     0     0 9.2569e+10    0  663 8.7254e+10 9.2569e+10  6.09%     -   68s
     0     0 9.2569e+10    0  764 8.7254e+10 9.2569e+10  6.09%     -   70s
     0     0 9.2569e+10    0  857 8.7254e+10 9.2569e+10  6.09%     -   78s
     0     0 9.2569e+10    0 1114 8.7254e+10 9.2569e+10  6.09%     -   85s
     0     0 9.2569e+10    0  773 8.7254e+10 9.2569e+10  6.09%     -   88s
     0     0 9.2569e+10    0  507 8.7254e+10 9.2569e+10  6.09%     -   88s
     0     0 9.2569e+10    0  491 8.7254e+10 9.2569e+10  6.09%     -   88s
     0     0 9.2569e+10    0  804 8.7254e+10 9.2569e+10  6.09%     -   90s
     0     0 9.2569e+10    0  866 8.7254e+10 9.2569e+10  6.09%     -  108s
     0     0 9.2569e+10    0  901 8.7254e+10 9.2569e+10  6.09%     -  112s
     0     0 9.2569e+10    0  842 8.7254e+10 9.2569e+10  6.09%     -  113s
     0     0 9.2569e+10    0  840 8.7254e+10 9.2569e+10  6.09%     -  113s
     0     0 9.2569e+10    0  815 8.7254e+10 9.2569e+10  6.09%     -  118s
     0     0 9.2569e+10    0 1024 8.7254e+10 9.2569e+10  6.09%     -  121s
     0     0 9.2569e+10    0  949 8.7254e+10 9.2569e+10  6.09%     -  132s
     0     0 9.2569e+10    0  987 8.7254e+10 9.2569e+10  6.09%     -  133s
     0     0 9.2569e+10    0  956 8.7254e+10 9.2569e+10  6.09%     -  134s
     0     0 9.2569e+10    0 1071 8.7254e+10 9.2569e+10  6.09%     -  141s
     0     0 9.2569e+10    0  190 8.7254e+10 9.2569e+10  6.09%     -  150s
     0     0 9.2569e+10    0  227 8.7254e+10 9.2569e+10  6.09%     -  154s
     0     0 9.2569e+10    0  272 8.7254e+10 9.2569e+10  6.09%     -  156s
     0     0 9.2569e+10    0  269 8.7254e+10 9.2569e+10  6.09%     -  157s
     0     2 9.2569e+10    0  194 8.7254e+10 9.2569e+10  6.09%     -  161s
    26    26 9.1376e+10   14  299 8.7254e+10 9.2564e+10  6.09%   422  165s
    78    74 9.1376e+10   40  213 8.7254e+10 9.2564e+10  6.09%   161  178s
    96    80 9.1376e+10    5  400 8.7254e+10 9.2564e+10  6.09%   145  180s
   108    92 9.1376e+10   11  375 8.7254e+10 9.2564e+10  6.09%   130  187s
   133   117 9.1376e+10   24  340 8.7254e+10 9.2564e+10  6.09%   111  193s
   135   119 9.1376e+10   25  233 8.7254e+10 9.2564e+10  6.09%   110  196s
   189   172 9.1376e+10   53  276 8.7254e+10 9.2564e+10  6.09%  90.8  202s
   203   186 9.1376e+10   60  204 8.7254e+10 9.2564e+10  6.09%  85.2  206s
   216   195 9.1376e+10   66  196 8.7254e+10 9.2564e+10  6.09%  80.3  210s
   326   247 9.1376e+10  114   43 8.7254e+10 9.2564e+10  6.09%  58.3  215s
   437   330 9.1376e+10   58  147 8.7254e+10 9.2068e+10  5.52%  79.3  220s
   511   382 8.9563e+10    5  668 8.7254e+10 9.2068e+10  5.52%  94.3  225s
   591   461 9.1376e+10    5  486 8.7254e+10 9.2068e+10  5.52%   114  240s
   593   462 9.1376e+10   56  158 8.7254e+10 9.2068e+10  5.52%   113  251s
   594   463 9.1376e+10   12 1006 8.7254e+10 9.2068e+10  5.52%   113  276s
   597   466 9.1376e+10   41  486 8.7254e+10 9.2068e+10  5.52%   200  281s
   599   467 9.1381e+10   18  253 8.7254e+10 9.2068e+10  5.52%   199  291s
   600   468 9.1376e+10   71  918 8.7254e+10 9.2068e+10  5.52%   199  339s
   601   469 9.1381e+10   28  988 8.7254e+10 9.2068e+10  5.52%   199  341s
   605   472 9.1376e+10   27  209 8.7254e+10 9.2068e+10  5.52%   361  355s
   606   473 9.1381e+10   50  672 8.7254e+10 9.2068e+10  5.52%   360  362s
   607   474 9.1376e+10   77  899 8.7254e+10 9.2068e+10  5.52%   360  372s
   608   474 9.1381e+10   45  882 8.7254e+10 9.2068e+10  5.52%   359  375s
   610   476 9.1376e+10   25  906 8.7254e+10 9.2068e+10  5.52%   358  380s
   613   478 9.1381e+10   13  914 8.7254e+10 9.1734e+10  5.13%   356  385s
   615   479 9.1376e+10   24  901 8.7254e+10 9.1381e+10  4.73%   355  391s
   617   480 9.1376e+10   10 1007 8.7254e+10 9.1381e+10  4.73%   354  398s
   618   481 9.1376e+10   28  830 8.7254e+10 9.1381e+10  4.73%   353  403s
   619   482 9.1376e+10   65  842 8.7254e+10 9.1381e+10  4.73%   353  408s
   620   482 9.1376e+10  116  787 8.7254e+10 9.1381e+10  4.73%   352  411s
   621   483 9.1376e+10    7  663 8.7254e+10 9.1381e+10  4.73%   352  422s
   623   484 9.1376e+10   51  573 8.7254e+10 9.1381e+10  4.73%   350  428s
   624   485 9.1376e+10   18  739 8.7254e+10 9.1381e+10  4.73%   350  430s
   625   486 9.1376e+10   82  111 8.7254e+10 9.1381e+10  4.73%   349  439s
   626   486 9.1381e+10   52  710 8.7254e+10 9.1381e+10  4.73%   349  441s
   627   487 9.1376e+10   23  648 8.7254e+10 9.1381e+10  4.73%   348  445s
   629   488 9.1376e+10   75  575 8.7254e+10 9.1381e+10  4.73%   347  450s
   630   491 9.1381e+10   38  590 8.7254e+10 9.1381e+10  4.73%   642  455s
   655   508 9.1381e+10   50  145 8.7254e+10 9.1381e+10  4.73%   623  460s
   707   542 9.1381e+10   76   97 8.7254e+10 9.1381e+10  4.73%   578  465s
   733   560 9.1381e+10   89  111 8.7254e+10 9.1381e+10  4.73%   559  473s
   737   562 9.1381e+10   91  118 8.7254e+10 9.1381e+10  4.73%   556  475s
   764   568 9.1381e+10   67  127 8.7254e+10 9.1381e+10  4.73%   537  480s
   821   597 infeasible   96      8.7254e+10 9.1381e+10  4.73%   504  485s
   899   637 9.1381e+10  100   70 8.7254e+10 9.1381e+10  4.73%   462  490s
   962   649 infeasible   99      8.7254e+10 9.1381e+10  4.73%   434  495s
  1026   666 infeasible  103      8.7254e+10 9.1381e+10  4.73%   409  500s
  1088   665 9.1381e+10   98   60 8.7254e+10 9.1381e+10  4.73%   387  505s
H 1147   669                    8.837544e+10 9.1381e+10  3.40%   369  510s
  1204   649 9.1381e+10  115   15 8.8375e+10 9.1381e+10  3.40%   353  517s
  1253   647 infeasible  125      8.8375e+10 9.1381e+10  3.40%   340  520s
  1315   619 9.1376e+10  114   24 8.8375e+10 9.1381e+10  3.40%   326  525s
  1382   601     cutoff  116      8.8375e+10 9.1381e+10  3.40%   312  530s
  1455   572 9.1381e+10  113   29 8.8375e+10 9.1381e+10  3.40%   299  535s
  1514   587 9.1376e+10  135   12 8.8375e+10 9.1381e+10  3.40%   288  540s
  1588   543 infeasible  123      8.8375e+10 9.1381e+10  3.40%   276  545s
  1643   517 9.1381e+10  119   24 8.8375e+10 9.1381e+10  3.40%   269  550s
  1685   495     cutoff  114      8.8375e+10 9.1381e+10  3.40%   264  555s
  1727   469 9.1376e+10  117   32 8.8375e+10 9.1381e+10  3.40%   261  560s
  1801   443 9.1381e+10  111   62 8.8375e+10 9.1381e+10  3.40%   251  565s
  1874   435     cutoff  121      8.8375e+10 9.1381e+10  3.40%   243  570s
  1926   430     cutoff  130      8.8375e+10 9.1381e+10  3.40%   239  575s
  1975   421 9.1381e+10  128   18 8.8375e+10 9.1381e+10  3.40%   234  580s
  2036   415     cutoff  131      8.8375e+10 9.1381e+10  3.40%   229  585s
  2088   401 9.1381e+10  121   40 8.8375e+10 9.1381e+10  3.40%   225  590s
  2137   396 9.1381e+10  129   28 8.8375e+10 9.1381e+10  3.40%   222  595s
  2159   390 9.1381e+10  122   41 8.8375e+10 9.1381e+10  3.40%   220  601s
  2198   399 9.1381e+10  100   41 8.8375e+10 9.1381e+10  3.40%   217  605s
  2283   452 9.1381e+10  102   39 8.8375e+10 9.1381e+10  3.40%   210  610s
  2372   499 9.1381e+10  105   43 8.8375e+10 9.1381e+10  3.40%   203  615s
  2466   547 9.1376e+10  133    8 8.8375e+10 9.1381e+10  3.40%   197  620s
  2552   554 9.1381e+10  117   29 8.8375e+10 9.1381e+10  3.40%   192  625s
  2611   557 infeasible  112      8.8375e+10 9.1381e+10  3.40%   189  630s
  2666   550 infeasible  116      8.8375e+10 9.1381e+10  3.40%   186  635s
  2727   559 9.1376e+10  115   50 8.8375e+10 9.1381e+10  3.40%   183  640s
  2827   567     cutoff  130      8.8375e+10 9.1381e+10  3.40%   178  645s
  2903   567 infeasible  127      8.8375e+10 9.1381e+10  3.40%   175  650s
  2991   571 9.1381e+10  113   27 8.8375e+10 9.1381e+10  3.40%   171  655s
  3070   568 9.1381e+10  106   33 8.8375e+10 9.1381e+10  3.40%   168  660s
  3101   567 9.1381e+10  128   41 8.8375e+10 9.1381e+10  3.40%   167  665s
  3165   587 infeasible  119      8.8375e+10 9.1381e+10  3.40%   165  670s
  3267   605 9.1376e+10  114   33 8.8375e+10 9.1381e+10  3.40%   161  675s
  3345   601 infeasible  117      8.8375e+10 9.1381e+10  3.40%   159  680s
  3443   587 9.1376e+10  119   33 8.8375e+10 9.1381e+10  3.40%   156  685s
  3545   585 9.1376e+10  117   22 8.8375e+10 9.1381e+10  3.40%   153  690s
  3641   579 infeasible  106      8.8375e+10 9.1381e+10  3.40%   151  695s
  3741   561 infeasible  107      8.8375e+10 9.1381e+10  3.40%   148  700s
  3842   550 infeasible  106      8.8375e+10 9.1381e+10  3.40%   146  705s
  3966   564 9.1381e+10  118   20 8.8375e+10 9.1381e+10  3.40%   143  710s
  4112   558 infeasible  114      8.8375e+10 9.1381e+10  3.40%   139  715s
  4128   562 9.1376e+10  116   40 8.8375e+10 9.1381e+10  3.40%   139  720s
  4216   606     cutoff  136      8.8375e+10 9.1381e+10  3.40%   137  725s
  4277   591 9.1376e+10  126   26 8.8375e+10 9.1381e+10  3.40%   136  730s
  4366   576 9.1376e+10  118   40 8.8375e+10 9.1381e+10  3.40%   134  735s
  4445   575 9.1381e+10  111   50 8.8375e+10 9.1381e+10  3.40%   133  740s
  4547   584 9.1381e+10  121   29 8.8375e+10 9.1381e+10  3.40%   131  745s
  4657   616     cutoff  136      8.8375e+10 9.1381e+10  3.40%   129  750s
  4744   617 9.1381e+10  107   41 8.8375e+10 9.1381e+10  3.40%   127  755s
  4842   631     cutoff  125      8.8375e+10 9.1381e+10  3.40%   126  760s
  4924   637 9.1381e+10  109   41 8.8375e+10 9.1381e+10  3.40%   125  765s
  4994   645 9.1381e+10  112   42 8.8375e+10 9.1381e+10  3.40%   124  770s
  5073   656 infeasible  119      8.8375e+10 9.1381e+10  3.40%   123  775s
  5101   662 9.1381e+10  119   57 8.8375e+10 9.1381e+10  3.40%   123  789s
  5117   664 9.1381e+10  117   57 8.8375e+10 9.1381e+10  3.40%   122  790s
  5222   679 9.1381e+10  115   33 8.8375e+10 9.1381e+10  3.40%   121  796s
  5342   693     cutoff  122      8.8375e+10 9.1381e+10  3.40%   119  800s
  5387   710 9.1381e+10  112   37 8.8375e+10 9.1381e+10  3.40%   119  808s
  5410   701 infeasible  116      8.8375e+10 9.1381e+10  3.40%   118  810s
  5505   714 9.1376e+10  120   35 8.8375e+10 9.1381e+10  3.40%   117  815s
  5624   737 9.1381e+10  117   41 8.8375e+10 9.1381e+10  3.40%   115  820s
  5725   730 9.1381e+10  112   39 8.8375e+10 9.1381e+10  3.40%   114  825s
  5820   735 9.1381e+10  106   47 8.8375e+10 9.1381e+10  3.40%   112  830s
  5932   769 9.1376e+10  118   37 8.8375e+10 9.1381e+10  3.40%   111  835s
  6013   786 9.1381e+10  117   19 8.8375e+10 9.1381e+10  3.40%   110  840s
  6104   819 9.1376e+10  129   23 8.8375e+10 9.1381e+10  3.40%   110  845s
  6186   820 9.1376e+10  111   25 8.8375e+10 9.1381e+10  3.40%   109  850s
  6276   810 infeasible  118      8.8375e+10 9.1381e+10  3.40%   109  855s
  6359   807 9.1381e+10  122   26 8.8375e+10 9.1381e+10  3.40%   108  860s
  6421   803 9.1376e+10  126   38 8.8375e+10 9.1381e+10  3.40%   108  865s
  6504   806 9.1381e+10  122   30 8.8375e+10 9.1381e+10  3.40%   107  870s
  6581   797 9.1381e+10  121   26 8.8375e+10 9.1381e+10  3.40%   107  875s
  6646   800 infeasible  122      8.8375e+10 9.1381e+10  3.40%   107  880s
  6716   798 9.1376e+10  116   26 8.8375e+10 9.1381e+10  3.40%   106  885s
  6801   799 9.1381e+10  118   27 8.8375e+10 9.1381e+10  3.40%   106  890s
  6889   775 infeasible  119      8.8375e+10 9.1381e+10  3.40%   106  895s
  6960   772     cutoff  116      8.8375e+10 9.1381e+10  3.40%   105  900s
  6984   786 9.1381e+10  106   37 8.8375e+10 9.1381e+10  3.40%   105  905s
  7041   803 9.1381e+10  108   81 8.8375e+10 9.1381e+10  3.40%   104  910s
  7121   799 9.1376e+10  109   45 8.8375e+10 9.1381e+10  3.40%   104  915s
  7195   795 9.1381e+10  110   56 8.8375e+10 9.1381e+10  3.40%   104  920s
  7283   811 9.1381e+10  117   34 8.8375e+10 9.1381e+10  3.40%   103  925s
  7430   820 9.1376e+10  125   39 8.8375e+10 9.1381e+10  3.40%   102  930s
  7514   850 9.1376e+10  104   28 8.8375e+10 9.1381e+10  3.40%   101  935s
  7656   918     cutoff  117      8.8375e+10 9.1381e+10  3.40%   100  940s
  7762   934 9.1381e+10  115   33 8.8375e+10 9.1381e+10  3.40%   100  945s
  7865   937 infeasible  117      8.8375e+10 9.1381e+10  3.40%  99.1  950s
  7941   949 9.1376e+10  115   39 8.8375e+10 9.1381e+10  3.40%  98.6  955s
  8033   957 9.1381e+10  117   31 8.8375e+10 9.1381e+10  3.40%  98.1  960s
  8150   972 infeasible  116      8.8375e+10 9.1381e+10  3.40%  97.4  965s
  8245   963 9.1381e+10  112   34 8.8375e+10 9.1381e+10  3.40%  96.9  970s
  8246   964 9.1381e+10  113   33 8.8375e+10 9.1381e+10  3.40%  96.9  976s
  8277   963     cutoff  112      8.8375e+10 9.1381e+10  3.40%  96.8  980s
  8405   973 9.1381e+10  114   24 8.8375e+10 9.1381e+10  3.40%  96.0  985s
  8487   957 9.1376e+10  110   40 8.8375e+10 9.1381e+10  3.40%  95.6  990s
  8574   952 9.1376e+10  113   35 8.8375e+10 9.1381e+10  3.40%  95.2  995s
  8700   978 9.1381e+10  129   14 8.8375e+10 9.1381e+10  3.40%  94.4 1000s
  8802   988 infeasible  127      8.8375e+10 9.1381e+10  3.40%  93.8 1005s
  8874   960 infeasible  120      8.8375e+10 9.1381e+10  3.40%  93.6 1010s
  8967   963 9.1376e+10  109   32 8.8375e+10 9.1381e+10  3.40%  93.3 1015s
  9051   970 9.1376e+10  115   36 8.8375e+10 9.1381e+10  3.40%  93.0 1020s
  9134   971     cutoff  113      8.8375e+10 9.1381e+10  3.40%  92.7 1025s
  9215   984 9.1376e+10  114   30 8.8375e+10 9.1381e+10  3.40%  92.4 1030s
  9292   975 9.1381e+10  108   46 8.8375e+10 9.1381e+10  3.40%  92.1 1035s
  9406   999 9.1376e+10  112   37 8.8375e+10 9.1381e+10  3.40%  91.8 1040s
  9477   992 infeasible  114      8.8375e+10 9.1381e+10  3.40%  91.6 1045s
  9576  1011 9.1381e+10  113   47 8.8375e+10 9.1381e+10  3.40%  91.2 1050s
  9664   998 infeasible  111      8.8375e+10 9.1381e+10  3.40%  90.9 1055s
  9757   997 9.1376e+10  112   42 8.8375e+10 9.1381e+10  3.40%  90.7 1060s
  9825   995     cutoff  113      8.8375e+10 9.1381e+10  3.40%  90.7 1065s
  9911  1001 infeasible  113      8.8375e+10 9.1381e+10  3.40%  90.5 1070s
  9946  1000 9.1381e+10  106   29 8.8375e+10 9.1381e+10  3.40%  90.4 1081s
  9994  1002 9.1381e+10  109   47 8.8375e+10 9.1381e+10  3.40%  90.3 1085s
 10078  1040 9.1381e+10  126   15 8.8375e+10 9.1381e+10  3.40%  90.0 1090s
 10168  1018 9.1381e+10  123   27 8.8375e+10 9.1381e+10  3.40%  89.7 1095s
 10203  1020 9.1381e+10   99  486 8.8375e+10 9.1381e+10  3.40%  89.6 1308s
 10205  1021 9.1381e+10   66  165 8.8375e+10 9.1381e+10  3.40%  89.5 1324s
 10206  1022 9.1381e+10  101  731 8.8375e+10 9.1381e+10  3.40%  89.5 1334s
 10207  1023 9.1381e+10   60  855 8.8375e+10 9.1381e+10  3.40%  89.5 1338s
 10208  1023 9.1376e+10  120  843 8.8375e+10 9.1381e+10  3.40%  89.5 1342s
 10209  1024 9.1381e+10   81 1037 8.8375e+10 9.1381e+10  3.40%  89.5 1361s
 10210  1025 9.1381e+10   94  723 8.8375e+10 9.1381e+10  3.40%  89.5 1383s
 10211  1025 9.1381e+10  108 1003 8.8375e+10 9.1381e+10  3.40%  89.5 1404s
 10212  1026 9.1381e+10  121  624 8.8375e+10 9.1381e+10  3.40%  89.5 1427s
 10213  1027 9.1376e+10  114 1079 8.8375e+10 9.1381e+10  3.40%  89.5 1449s
 10214  1027 9.1376e+10  117  973 8.8375e+10 9.1381e+10  3.40%  89.5 1472s
 10215  1028 9.1381e+10   86 1034 8.8375e+10 9.1381e+10  3.40%  89.5 1492s
 10216  1029 9.1381e+10  111  222 8.8375e+10 9.1381e+10  3.40%  89.4 1525s
 10217  1029 9.1376e+10  120  236 8.8375e+10 9.1381e+10  3.40%  89.4 1542s
 10218  1030 9.1381e+10  102   15 8.8375e+10 9.1381e+10  3.40%  89.4 1561s
 10219  1031 9.1381e+10  102   15 8.8375e+10 9.1381e+10  3.40%  89.4 1578s
 10220  1031 9.1381e+10   78   14 8.8375e+10 9.1381e+10  3.40%  89.4 1597s
 10221  1032 9.1376e+10  121   21 8.8375e+10 9.1381e+10  3.40%  89.4 1614s
 10222  1033 9.1381e+10  106   14 8.8375e+10 9.1381e+10  3.40%  89.4 1633s
 10224  1034 9.1381e+10   85   13 8.8375e+10 9.1381e+10  3.40%  89.4 1636s
 10228  1037 9.1381e+10  103   11 8.8375e+10 9.1381e+10  3.40%  89.3 1641s
 10229  1039 9.1381e+10   48   13 8.8375e+10 9.1381e+10  3.40%   105 1651s
 10254  1056 9.1381e+10   67   53 8.8375e+10 9.1381e+10  3.40%   105 1657s
 10280  1073 9.1381e+10   84   58 8.8375e+10 9.1381e+10  3.40%   105 1663s
 10282  1075 9.1381e+10   85   56 8.8375e+10 9.1381e+10  3.40%   105 1667s
 10306  1089 9.1381e+10   99  116 8.8375e+10 9.1381e+10  3.40%   105 1677s
 10329  1104 9.1381e+10  111  123 8.8375e+10 9.1381e+10  3.40%   105 1680s
 10369  1131 9.1381e+10  135  121 8.8375e+10 9.1381e+10  3.40%   104 1685s
 10390  1145 9.1381e+10  148   96 8.8375e+10 9.1381e+10  3.40%   104 1691s
 10391  1145 9.1376e+10  148   90 8.8375e+10 9.1381e+10  3.40%   104 1698s
 10402  1153 9.1381e+10  155  112 8.8375e+10 9.1381e+10  3.40%   104 1700s
 10426  1163     cutoff  168      8.8375e+10 9.1381e+10  3.40%   104 1705s
 10450  1161 9.1381e+10  180   63 8.8375e+10 9.1381e+10  3.40%   104 1710s
 10476  1152 9.1381e+10   48   92 8.8375e+10 9.1381e+10  3.40%   104 1717s
 10499  1167 9.1381e+10   68   75 8.8375e+10 9.1381e+10  3.40%   104 1724s
 10503  1170 9.1381e+10   71   70 8.8375e+10 9.1381e+10  3.40%   104 1725s
 10526  1185 9.1381e+10   84   97 8.8375e+10 9.1381e+10  3.40%   104 1730s
 10580  1221 9.1376e+10  112   87 8.8375e+10 9.1381e+10  3.40%   104 1739s
 10589  1227 9.1381e+10  117   77 8.8375e+10 9.1381e+10  3.40%   104 1740s
 10634  1255 9.1381e+10  140   50 8.8375e+10 9.1381e+10  3.40%   103 1745s
 10692  1286 infeasible  170      8.8375e+10 9.1381e+10  3.40%   103 1750s
 10743  1284 8.9563e+10  188   19 8.8375e+10 9.1381e+10  3.40%   103 1756s
 10780  1281     cutoff  189      8.8375e+10 9.1381e+10  3.40%   102 1760s
 10798  1283 9.1381e+10   57   54 8.8375e+10 9.1381e+10  3.40%   102 1767s
 10813  1293 9.1381e+10   66   47 8.8375e+10 9.1381e+10  3.40%   103 1770s
 10825  1301 9.1381e+10   74   58 8.8375e+10 9.1381e+10  3.40%   103 1779s
 10837  1309 9.1381e+10   81   86 8.8375e+10 9.1381e+10  3.40%   103 1780s
 10853  1319 9.1381e+10   92   85 8.8375e+10 9.1381e+10  3.40%   102 1790s
 10880  1337 9.1381e+10  109  183 8.8375e+10 9.1381e+10  3.40%   102 1795s
 10933  1369 9.1381e+10  138   65 8.8375e+10 9.1381e+10  3.40%   102 1800s
 10960  1365 9.1381e+10  143   60 8.8375e+10 9.1381e+10  3.40%   102 1805s
 11014  1341 9.1381e+10  137   66 8.8375e+10 9.1381e+10  3.40%   101 1810s
 11096  1367 9.1381e+10  144   78 8.8375e+10 9.1381e+10  3.40%   101 1815s
 11150  1383 9.1381e+10   59  176 8.8375e+10 9.1381e+10  3.40%   101 1823s
 11154  1386 9.1381e+10   60  330 8.8375e+10 9.1381e+10  3.40%   101 1825s
 11175  1390 infeasible   67      8.8375e+10 9.1381e+10  3.40%   101 1830s
 11198  1389 9.1381e+10   77  213 8.8375e+10 9.1381e+10  3.40%   101 1835s
 11232  1410 9.1381e+10  107  123 8.8375e+10 9.1381e+10  3.40%   101 1841s
 11271  1430 9.1381e+10  139  118 8.8375e+10 9.1381e+10  3.40%   101 1845s
 11300  1431 9.1381e+10   70  477 8.8375e+10 9.1381e+10  3.40%   101 1850s
 11307  1436 9.1381e+10   72  211 8.8375e+10 9.1381e+10  3.40%   101 1855s
 11337  1454 9.1381e+10  101  224 8.8375e+10 9.1381e+10  3.40%   101 1860s
 11355  1452     cutoff  111      8.8375e+10 9.1381e+10  3.40%   102 1865s
 11379  1442 9.1381e+10  102  220 8.8375e+10 9.1381e+10  3.40%   102 1872s
 11394  1442 9.1381e+10  109  116 8.8375e+10 9.1381e+10  3.40%   102 1875s
 11437  1431 9.1381e+10  115   92 8.8375e+10 9.1381e+10  3.40%   103 1880s
 11439  1430 8.9318e+10  116  222 8.8375e+10 9.1381e+10  3.40%   103 1892s
 11458  1417     cutoff  108      8.8375e+10 9.1381e+10  3.40%   103 1895s
 11482  1411 8.9318e+10  105  149 8.8375e+10 9.1381e+10  3.40%   104 1900s
 11514  1410 9.1381e+10   57   72 8.8375e+10 9.1381e+10  3.40%   104 1905s
 11558  1439 9.1381e+10  101  123 8.8375e+10 9.1381e+10  3.40%   104 1910s
 11618  1479 9.1381e+10  161  101 8.8375e+10 9.1381e+10  3.40%   103 1915s
 11719  1543 9.1376e+10  260   18 8.8375e+10 9.1381e+10  3.40%   103 1920s
 11772  1548 9.1381e+10   85  255 8.8375e+10 9.1381e+10  3.40%   103 1925s
 11782  1555 9.1381e+10   94  258 8.8375e+10 9.1381e+10  3.40%   103 1930s
 11805  1566 9.1381e+10  111  140 8.8375e+10 9.1381e+10  3.40%   103 1940s
 11829  1580     cutoff  135      8.8375e+10 9.1381e+10  3.40%   103 1945s
 11863  1587 9.1381e+10  113   82 8.8375e+10 9.1381e+10  3.40%   103 1951s
 11953  1645 9.1381e+10  202   53 8.8375e+10 9.1381e+10  3.40%   102 1955s
 12049  1688 9.1376e+10  151   68 8.8375e+10 9.1381e+10  3.40%   101 1960s
 12108  1699 9.1376e+10  108  135 8.8375e+10 9.1381e+10  3.40%   101 1965s
 12157  1726 9.1376e+10  154   60 8.8375e+10 9.1381e+10  3.40%   101 1970s
 12295  1794 infeasible  122      8.8375e+10 9.1381e+10  3.40%   100 1975s
 12358  1800 9.1381e+10  123   92 8.8375e+10 9.1381e+10  3.40%   100 1981s
 12451  1850 9.1381e+10  157   42 8.8375e+10 9.1381e+10  3.40%  99.4 1985s
 12538  1834 9.1381e+10  126   77 8.8375e+10 9.1381e+10  3.40%  99.0 1990s
 12648  1827 infeasible  147      8.8375e+10 9.1381e+10  3.40%  98.4 1995s
 12781  1900 infeasible  223      8.8375e+10 9.1381e+10  3.40%  97.5 2000s
 12840  1883 9.1381e+10   99   80 8.8375e+10 9.1381e+10  3.40%  97.3 2006s
 12887  1912 9.1381e+10  133  101 8.8375e+10 9.1381e+10  3.40%  97.2 2010s
 13033  1974 9.1381e+10  245   38 8.8375e+10 9.1381e+10  3.40%  96.3 2015s
 13084  1940 9.1381e+10  228   57 8.8375e+10 9.1381e+10  3.40%  96.1 2020s
 13099  1930 9.1381e+10  223   56 8.8375e+10 9.1381e+10  3.40%  96.1 2025s
 13147  1898 9.1381e+10  207   44 8.8375e+10 9.1381e+10  3.40%  96.0 2030s
 13219  1850 9.1381e+10  183   56 8.8375e+10 9.1381e+10  3.40%  95.9 2035s
 13298  1796 9.1381e+10  155   54 8.8375e+10 9.1381e+10  3.40%  95.8 2040s
 13433  1844 9.1381e+10  210   47 8.8375e+10 9.1381e+10  3.40%  95.1 2045s
 13510  1885 9.1381e+10  147   79 8.8375e+10 9.1381e+10  3.40%  94.7 2050s
 13527  1872 9.1381e+10  241   36 8.8375e+10 9.1381e+10  3.40%  94.7 2056s
 13609  1864 infeasible  236      8.8375e+10 9.1381e+10  3.40%  94.5 2060s
 13701  1858 infeasible  231      8.8375e+10 9.1381e+10  3.40%  94.2 2065s
 13752  1859 infeasible  227      8.8375e+10 9.1381e+10  3.40%  94.0 2070s
 13848  1849 9.1381e+10  221   45 8.8375e+10 9.1381e+10  3.40%  93.7 2075s
 13947  1848 9.1381e+10  215   47 8.8375e+10 9.1381e+10  3.40%  93.4 2080s
 14056  1837 9.1381e+10  205   50 8.8375e+10 9.1381e+10  3.40%  93.0 2094s
 14060  1839 infeasible  208      8.8375e+10 9.1381e+10  3.40%  93.0 2095s
 14160  1837 9.1381e+10  206   49 8.8375e+10 9.1381e+10  3.40%  92.7 2100s
 14176  1835 9.1381e+10  200   75 8.8375e+10 9.1381e+10  3.40%  92.6 2105s
 14284  1827 infeasible  197      8.8375e+10 9.1381e+10  3.40%  92.2 2110s
 14385  1824 9.1381e+10  189   55 8.8375e+10 9.1381e+10  3.40%  91.9 2115s
 14495  1818 9.1381e+10  183   48 8.8375e+10 9.1381e+10  3.40%  91.5 2120s
 14603  1814 9.1381e+10  177   45 8.8375e+10 9.1381e+10  3.40%  91.1 2125s
 14695  1806 9.1381e+10  172   45 8.8375e+10 9.1381e+10  3.40%  90.8 2131s
 14754  1805 9.1381e+10  168   48 8.8375e+10 9.1381e+10  3.40%  90.6 2139s
 14772  1801 infeasible  169      8.8375e+10 9.1381e+10  3.40%  90.5 2140s
 14876  1803 infeasible  167      8.8375e+10 9.1381e+10  3.40%  90.2 2145s
 14944  1795 9.1381e+10  160   69 8.8375e+10 9.1381e+10  3.40%  90.0 2150s
 15051  1788 9.1381e+10  156   74 8.8375e+10 9.1381e+10  3.40%  89.6 2155s
 15155  1788 infeasible  157      8.8375e+10 9.1381e+10  3.40%  89.3 2160s
 15222  1783 9.1381e+10  153   71 8.8375e+10 9.1381e+10  3.40%  89.3 2165s
 15257  1776 infeasible  150      8.8375e+10 9.1381e+10  3.40%  89.2 2170s
 15338  1771 9.1381e+10  140   85 8.8375e+10 9.1381e+10  3.40%  89.1 2175s
 15433  1764 infeasible  138      8.8375e+10 9.1381e+10  3.40%  88.9 2180s
 15529  1762 9.1381e+10  134   85 8.8375e+10 9.1381e+10  3.40%  88.7 2185s
 15603  1754 9.1381e+10  127   81 8.8375e+10 9.1381e+10  3.40%  88.7 2190s
 15628  1753 9.1381e+10  126  106 8.8375e+10 9.1381e+10  3.40%  88.8 2195s
 15702  1749 9.1381e+10  124  143 8.8375e+10 9.1381e+10  3.40%  88.8 2200s
 15737  1780 9.1381e+10  147   71 8.8375e+10 9.1381e+10  3.40%  88.7 2208s
 15743  1786 9.1381e+10  150   66 8.8375e+10 9.1381e+10  3.40%  88.7 2216s
 15830  1851 9.1381e+10  159   61 8.8375e+10 9.1381e+10  3.40%  88.3 2220s
 16010  2009 9.1381e+10   91   76 8.8375e+10 9.1381e+10  3.40%  87.4 2228s
 16021  2020 9.1381e+10   99  116 8.8375e+10 9.1381e+10  3.40%  87.6 2230s
 16093  2084 9.1376e+10  152   81 8.8375e+10 9.1381e+10  3.40%  87.5 2235s
 16278  2267 9.1376e+10  331   22 8.8375e+10 9.1381e+10  3.40%  86.6 2240s
 16320  2283 9.1381e+10  103  156 8.8375e+10 9.1381e+10  3.40%  86.5 2245s
 16350  2297 9.1381e+10   90  127 8.8375e+10 9.1381e+10  3.40%  86.7 2259s
 16351  2298 9.1381e+10   91  146 8.8375e+10 9.1381e+10  3.40%  86.8 2262s
 16372  2319 9.1381e+10  112  158 8.8375e+10 9.1381e+10  3.40%  86.7 2265s
 16406  2351 9.1376e+10  145  130 8.8375e+10 9.1381e+10  3.40%  86.7 2270s
 16473  2382 9.1381e+10  135  116 8.8375e+10 9.1381e+10  3.40%  86.6 2275s
 16504  2401 9.1381e+10   96  115 8.8375e+10 9.1381e+10  3.40%  86.6 2280s
 16678  2567 9.1381e+10  252   35 8.8375e+10 9.1381e+10  3.40%  86.0 2285s
 16720  2587 9.1381e+10   87  170 8.8375e+10 9.1381e+10  3.40%  86.0 2296s
 16766  2633 9.1381e+10  121  118 8.8375e+10 9.1381e+10  3.40%  86.0 2300s
 16814  2660 9.1381e+10  145   85 8.8375e+10 9.1381e+10  3.40%  85.9 2305s
 16989  2809 9.1381e+10   88  177 8.8375e+10 9.1381e+10  3.40%  85.1 2310s
 17068  2870 9.1381e+10   81  326 8.8375e+10 9.1381e+10  3.40%  85.2 2315s
 17124  2924 9.1381e+10  119   96 8.8375e+10 9.1381e+10  3.40%  85.2 2320s
 17177  2939 9.1376e+10  128  124 8.8375e+10 9.1381e+10  3.40%  85.0 2325s
 17249  2969 9.1381e+10  122  134 8.8375e+10 9.1381e+10  3.40%  85.0 2330s
 17317  3001 9.1376e+10  127  116 8.8375e+10 9.1381e+10  3.40%  85.1 2335s
 17385  3041 9.1381e+10  132  142 8.8375e+10 9.1381e+10  3.40%  85.0 2342s
 17415  3065 9.1376e+10  145  135 8.8375e+10 9.1381e+10  3.40%  85.0 2345s
 17490  3117 9.1376e+10  146   87 8.8375e+10 9.1381e+10  3.40%  85.0 2350s
 17682  3285 9.1376e+10  138  105 8.8375e+10 9.1381e+10  3.40%  84.4 2355s
 17703  3292 9.1381e+10  113  113 8.8375e+10 9.1381e+10  3.40%  84.4 2366s
 17731  3320 9.1381e+10  133  111 8.8375e+10 9.1381e+10  3.40%  84.3 2370s
 17798  3355 infeasible  142      8.8375e+10 9.1381e+10  3.40%  84.3 2375s
 17877  3398 9.1376e+10  137  115 8.8375e+10 9.1381e+10  3.40%  84.1 2380s
 18055  3552 9.1381e+10  126  178 8.8375e+10 9.1381e+10  3.40%  83.4 2385s
 18109  3600 9.1381e+10  165   72 8.8375e+10 9.1381e+10  3.40%  83.4 2390s
 18280  3747 9.1381e+10  121  171 8.8375e+10 9.1381e+10  3.40%  82.8 2395s
 18353  3776 9.1381e+10  140  106 8.8375e+10 9.1381e+10  3.40%  82.8 2400s
 18405  3774 9.1381e+10  111  182 8.8375e+10 9.1381e+10  3.40%  82.8 2407s
 18412  3781 9.1381e+10  116  166 8.8375e+10 9.1381e+10  3.40%  82.8 2433s
 18432  3801 9.1381e+10  135   99 8.8375e+10 9.1381e+10  3.40%  82.8 2437s
 18468  3813 9.1381e+10  118  181 8.8375e+10 9.1381e+10  3.40%  82.7 2440s
 18535  3850 9.1376e+10  133  105 8.8375e+10 9.1381e+10  3.40%  82.8 2445s
 18610  3891 9.1381e+10  159   90 8.8375e+10 9.1381e+10  3.40%  82.8 2450s
 18686  3949 9.1381e+10  103  116 8.8375e+10 9.1381e+10  3.40%  82.6 2463s
 18688  3951 9.1381e+10  105  112 8.8375e+10 9.1381e+10  3.40%  82.6 2467s
 18714  3969 9.1381e+10  120   85 8.8375e+10 9.1381e+10  3.40%  82.5 2471s
 18791  3966 9.1381e+10  122  107 8.8375e+10 9.1381e+10  3.40%  82.3 2475s
 18878  3971 infeasible  121      8.8375e+10 9.1381e+10  3.40%  82.2 2480s
 18922  3963 infeasible  124      8.8375e+10 9.1381e+10  3.40%  82.1 2485s
 19019  3968 infeasible  119      8.8375e+10 9.1381e+10  3.40%  81.9 2490s
 19102  3959 infeasible  123      8.8375e+10 9.1381e+10  3.40%  81.7 2495s
 19198  3957 infeasible  119      8.8375e+10 9.1381e+10  3.40%  81.5 2500s
 19276  3999 9.1381e+10  139   74 8.8375e+10 9.1381e+10  3.40%  81.3 2506s
 19374  4071 9.1381e+10  114  104 8.8375e+10 9.1381e+10  3.40%  81.0 2510s
 19523  4186 9.1381e+10  188   51 8.8375e+10 9.1381e+10  3.40%  80.6 2515s
 19611  4252 9.1381e+10   94  166 8.8375e+10 9.1381e+10  3.40%  80.5 2520s
 19670  4303 9.1376e+10  125  159 8.8375e+10 9.1381e+10  3.40%  80.6 2525s
 19758  4361 9.1376e+10  133  108 8.8375e+10 9.1381e+10  3.40%  80.5 2530s
 19798  4379 9.1381e+10   86  232 8.8375e+10 9.1381e+10  3.40%  80.8 2535s
 19815  4396 9.1381e+10  101  172 8.8375e+10 9.1381e+10  3.40%  80.8 2540s
 19888  4449 9.1381e+10  130   97 8.8375e+10 9.1381e+10  3.40%  80.7 2545s
 19927  4458 infeasible  123      8.8375e+10 9.1381e+10  3.40%  80.8 2550s
 20034  4477 9.1381e+10  136   63 8.8375e+10 9.1381e+10  3.40%  80.5 2555s
 20164  4517 9.1381e+10  132   69 8.8375e+10 9.1381e+10  3.40%  80.2 2560s
 20328  4649 9.1381e+10  262   32 8.8375e+10 9.1381e+10  3.40%  79.6 2566s
 20420  4649 9.1381e+10  261   36 8.8375e+10 9.1381e+10  3.40%  79.4 2570s
 20541  4636 infeasible  251      8.8375e+10 9.1381e+10  3.40%  79.1 2575s
 20650  4623 infeasible  238      8.8375e+10 9.1381e+10  3.40%  78.8 2580s
 20758  4611 infeasible  226      8.8375e+10 9.1381e+10  3.40%  78.5 2585s
 20816  4605 9.1381e+10  218   41 8.8375e+10 9.1381e+10  3.40%  78.4 2591s
 20844  4603 9.1381e+10  216   44 8.8375e+10 9.1381e+10  3.40%  78.3 2600s
 20965  4634 infeasible  256      8.8375e+10 9.1381e+10  3.40%  78.0 2605s
 21059  4604 9.1381e+10  223   34 8.8375e+10 9.1381e+10  3.40%  77.8 2610s
 21193  4596 infeasible  212      8.8375e+10 9.1381e+10  3.40%  77.4 2615s
 21289  4590 9.1381e+10  203   63 8.8375e+10 9.1381e+10  3.40%  77.3 2620s
 21377  4584 infeasible  200      8.8375e+10 9.1381e+10  3.40%  77.1 2625s
 21417  4580 9.1381e+10  194   56 8.8375e+10 9.1381e+10  3.40%  77.1 2630s
 21481  4574 9.1381e+10  187   50 8.8375e+10 9.1381e+10  3.40%  77.0 2635s
 21570  4567 9.1381e+10  181   59 8.8375e+10 9.1381e+10  3.40%  76.9 2640s
 21665  4562 9.1381e+10  179   59 8.8375e+10 9.1381e+10  3.40%  76.7 2645s
 21754  4553 infeasible  174      8.8375e+10 9.1381e+10  3.40%  76.6 2650s
 21816  4549 9.1381e+10  164   56 8.8375e+10 9.1381e+10  3.40%  76.5 2655s
 21960  4635 infeasible  256      8.8375e+10 9.1381e+10  3.40%  76.2 2660s
 22014  4617 9.1381e+10  237   49 8.8375e+10 9.1381e+10  3.40%  76.1 2665s
 22088  4591 infeasible  214      8.8375e+10 9.1381e+10  3.40%  75.9 2670s
 22156  4569 infeasible  191      8.8375e+10 9.1381e+10  3.40%  75.8 2675s
 22219  4546 9.1381e+10  162   63 8.8375e+10 9.1381e+10  3.40%  75.7 2680s
 22250  4541 infeasible  161      8.8375e+10 9.1381e+10  3.40%  75.7 2685s
 22333  4538 9.1381e+10  152   65 8.8375e+10 9.1381e+10  3.40%  75.6 2690s
 22414  4529 9.1381e+10  147   64 8.8375e+10 9.1381e+10  3.40%  75.5 2695s
 22509  4538 infeasible  122      8.8375e+10 9.1381e+10  3.40%  75.4 2700s
 22595  4542 9.1381e+10  118  103 8.8375e+10 9.1381e+10  3.40%  75.4 2706s
 22618  4551 9.1381e+10  121   81 8.8375e+10 9.1381e+10  3.40%  75.4 2717s
 22663  4550 9.1381e+10  127   74 8.8375e+10 9.1381e+10  3.40%  75.3 2721s
 22734  4549 9.1381e+10  129  104 8.8375e+10 9.1381e+10  3.40%  75.3 2725s
 22895  4618 9.1381e+10  186   45 8.8375e+10 9.1381e+10  3.40%  74.9 2730s
 23030  4621 9.1381e+10  191   41 8.8375e+10 9.1381e+10  3.40%  74.5 2735s
 23152  4573 infeasible  151      8.8375e+10 9.1381e+10  3.40%  74.1 2740s
 23218  4569 9.1381e+10  150   52 8.8375e+10 9.1381e+10  3.40%  73.9 2745s
 23411  4630 9.1381e+10  213   39 8.8375e+10 9.1381e+10  3.40%  73.4 2750s
 23545  4584 9.1381e+10  167   49 8.8375e+10 9.1381e+10  3.40%  73.0 2755s
 23656  4547 infeasible  127      8.8375e+10 9.1381e+10  3.40%  72.8 2760s
 23776  4591 9.1381e+10  150   46 8.8375e+10 9.1381e+10  3.40%  72.6 2765s
 23923  4666 9.1381e+10  171   17 8.8375e+10 9.1381e+10  3.40%  72.4 2770s
 23982  4659 infeasible  176      8.8375e+10 9.1381e+10  3.40%  72.2 2775s
 24096  4653 infeasible  174      8.8375e+10 9.1381e+10  3.40%  72.0 2780s
 24193  4646 9.1381e+10  167   27 8.8375e+10 9.1381e+10  3.40%  71.9 2785s
 24298  4637 infeasible  164      8.8375e+10 9.1381e+10  3.40%  71.8 2790s
 24400  4629 9.1381e+10  162   21 8.8375e+10 9.1381e+10  3.40%  71.7 2795s
 24459  4630 9.1381e+10  169   23 8.8375e+10 9.1381e+10  3.40%  71.6 2800s
 24558  4625 infeasible  166      8.8375e+10 9.1381e+10  3.40%  71.5 2805s
 24666  4621 9.1381e+10  165   36 8.8375e+10 9.1381e+10  3.40%  71.4 2810s
 24767  4614 9.1381e+10  161   41 8.8375e+10 9.1381e+10  3.40%  71.3 2815s
 24810  4613 infeasible  167      8.8375e+10 9.1381e+10  3.40%  71.2 2820s
 24910  4603 9.1381e+10  163   45 8.8375e+10 9.1381e+10  3.40%  71.2 2825s
 25011  4596 infeasible  162      8.8375e+10 9.1381e+10  3.40%  71.1 2830s
 25114  4599 9.1381e+10  156   57 8.8375e+10 9.1381e+10  3.40%  71.0 2835s
 25215  4596 9.1381e+10  149   48 8.8375e+10 9.1381e+10  3.40%  70.9 2840s
 25285  4590 9.1381e+10  154   54 8.8375e+10 9.1381e+10  3.40%  70.8 2845s
 25380  4591 infeasible  155      8.8375e+10 9.1381e+10  3.40%  70.7 2850s
 25465  4588 9.1381e+10  154   67 8.8375e+10 9.1381e+10  3.40%  70.7 2857s
 25521  4590 9.1381e+10  153   64 8.8375e+10 9.1381e+10  3.40%  70.6 2860s
 25614  4579 infeasible  149      8.8375e+10 9.1381e+10  3.40%  70.5 2865s
 25712  4579 infeasible  150      8.8375e+10 9.1381e+10  3.40%  70.5 2870s
 25838  4619 9.1381e+10  159   41 8.8375e+10 9.1381e+10  3.40%  70.3 2875s
 25923  4612 infeasible  158      8.8375e+10 9.1381e+10  3.40%  70.2 2880s
 25945  4618 infeasible  157      8.8375e+10 9.1381e+10  3.40%  70.2 2889s
 25955  4614 infeasible  161      8.8375e+10 9.1381e+10  3.40%  70.2 2890s
 26036  4619 infeasible  155      8.8375e+10 9.1381e+10  3.40%  70.1 2895s
 26145  4616 infeasible  155      8.8375e+10 9.1381e+10  3.40%  70.0 2900s
 26195  4630 9.1381e+10  172   60 8.8375e+10 9.1381e+10  3.40%  69.9 2916s
 26250  4619 infeasible  165      8.8375e+10 9.1381e+10  3.40%  69.9 2920s
 26291  4624 9.1381e+10  167   75 8.8375e+10 9.1381e+10  3.40%  69.9 2925s
 26403  4634 infeasible  166      8.8375e+10 9.1381e+10  3.40%  69.7 2930s
 26484  4615 infeasible  166      8.8375e+10 9.1381e+10  3.40%  69.7 2935s
 26527  4630 infeasible  169      8.8375e+10 9.1381e+10  3.40%  69.7 2940s
 26550  4629 9.1381e+10  169   40 8.8375e+10 9.1381e+10  3.40%  69.7 2951s
 26632  4635 9.1381e+10  171   50 8.8375e+10 9.1381e+10  3.40%  69.6 2955s
 26732  4621 9.1381e+10  163   46 8.8375e+10 9.1381e+10  3.40%  69.5 2960s
 26786  4623 9.1381e+10  172   53 8.8375e+10 9.1381e+10  3.40%  69.5 2965s
 26904  4623 infeasible  161      8.8375e+10 9.1381e+10  3.40%  69.3 2970s
 27015  4624 9.1381e+10  159   43 8.8375e+10 9.1381e+10  3.40%  69.2 2975s
 27120  4619 infeasible  164      8.8375e+10 9.1381e+10  3.40%  69.2 2980s
 27256  4661 infeasible  184      8.8375e+10 9.1381e+10  3.40%  69.0 2985s
 27360  4725 9.1381e+10  239   29 8.8375e+10 9.1381e+10  3.40%  68.8 2990s
 27458  4729 9.1381e+10  239   31 8.8375e+10 9.1381e+10  3.40%  68.6 2995s
 27549  4748 9.1381e+10  124   71 8.8375e+10 9.1381e+10  3.40%  68.6 3000s
 27631  4754 9.1381e+10  130   60 8.8375e+10 9.1381e+10  3.40%  68.5 3005s
 27724  4759 infeasible  129      8.8375e+10 9.1381e+10  3.40%  68.4 3010s
 27825  4762 9.1381e+10  129   79 8.8375e+10 9.1381e+10  3.40%  68.3 3015s
 27934  4759 infeasible  130      8.8375e+10 9.1381e+10  3.40%  68.2 3020s
 27986  4749 9.1381e+10  126   64 8.8375e+10 9.1381e+10  3.40%  68.2 3025s
 28092  4757 infeasible  129      8.8375e+10 9.1381e+10  3.40%  68.0 3030s
 28201  4758 9.1381e+10  132   77 8.8375e+10 9.1381e+10  3.40%  68.0 3035s
 28295  4750 9.1381e+10  122   97 8.8375e+10 9.1381e+10  3.40%  67.9 3040s
 28402  4747 9.1381e+10  128   75 8.8375e+10 9.1381e+10  3.40%  67.8 3045s
 28491  4746 9.1381e+10  127   65 8.8375e+10 9.1381e+10  3.40%  67.8 3050s
 28562  4745 9.1381e+10  122   58 8.8375e+10 9.1381e+10  3.40%  67.7 3055s
 28669  4746 infeasible  126      8.8375e+10 9.1381e+10  3.40%  67.6 3060s
 28788  4761 9.1381e+10  130   75 8.8375e+10 9.1381e+10  3.40%  67.5 3065s
 28874  4765 9.1381e+10  127   75 8.8375e+10 9.1381e+10  3.40%  67.4 3070s
 29005  4758 infeasible  126      8.8375e+10 9.1381e+10  3.40%  67.2 3075s
 29124  4757 infeasible  127      8.8375e+10 9.1381e+10  3.40%  67.1 3080s
 29226  4765 infeasible  129      8.8375e+10 9.1381e+10  3.40%  67.0 3085s
 29301  4762 9.1381e+10  131   53 8.8375e+10 9.1381e+10  3.40%  66.9 3092s
 29388  4811 infeasible  132      8.8375e+10 9.1381e+10  3.40%  66.8 3095s
 29529  4802 infeasible  160      8.8375e+10 9.1381e+10  3.40%  66.6 3100s
 29684  4793 infeasible  156      8.8375e+10 9.1381e+10  3.40%  66.4 3105s
 29822  4777 infeasible  147      8.8375e+10 9.1381e+10  3.40%  66.2 3110s
 29953  4768 9.1381e+10  140   43 8.8375e+10 9.1381e+10  3.40%  66.1 3115s
 30064  4761 9.1381e+10  135   59 8.8375e+10 9.1381e+10  3.40%  66.1 3120s
 30258  4865 infeasible  220      8.8375e+10 9.1381e+10  3.40%  65.8 3125s
 30302  4857 9.1381e+10  215   27 8.8375e+10 9.1381e+10  3.40%  65.7 3130s
 30434  4809 9.1381e+10  186   39 8.8375e+10 9.1381e+10  3.40%  65.6 3135s
 30546  4821 infeasible  133      8.8375e+10 9.1381e+10  3.40%  65.5 3140s
 30645  4820 9.1381e+10  120   99 8.8375e+10 9.1381e+10  3.40%  65.4 3145s
 30771  4868 9.1381e+10  175   50 8.8375e+10 9.1381e+10  3.40%  65.3 3150s
 30926  4939 9.1381e+10  249   35 8.8375e+10 9.1381e+10  3.40%  65.1 3155s
 30929  4938 9.1381e+10  248   36 8.8375e+10 9.1381e+10  3.40%  65.1 3171s
 30981  4920 9.1381e+10  230   37 8.8375e+10 9.1381e+10  3.40%  65.0 3175s
 31023  4906 infeasible  218      8.8375e+10 9.1381e+10  3.40%  65.0 3180s
 31046  4899 9.1381e+10  209   39 8.8375e+10 9.1381e+10  3.40%  65.0 3189s
 31053  4896 infeasible  208      8.8375e+10 9.1381e+10  3.40%  65.0 3190s
 31131  4882 9.1381e+10  136   81 8.8375e+10 9.1381e+10  3.40%  64.9 3196s
 31275  4994 9.1381e+10  251   26 8.8375e+10 9.1381e+10  3.40%  64.7 3200s
 31371  5010 9.1381e+10  120   81 8.8375e+10 9.1381e+10  3.40%  64.6 3205s
 31465  5030 9.1381e+10  141   40 8.8375e+10 9.1381e+10  3.40%  64.5 3217s
 31493  5056 9.1381e+10  166   40 8.8375e+10 9.1381e+10  3.40%  64.5 3221s
 31616  5113 infeasible  129      8.8375e+10 9.1381e+10  3.40%  64.3 3225s
 31717  5100 infeasible  214      8.8375e+10 9.1381e+10  3.40%  64.3 3230s
 31816  5083 infeasible  131      8.8375e+10 9.1381e+10  3.40%  64.2 3235s
 31908  5081 9.1381e+10  128   58 8.8375e+10 9.1381e+10  3.40%  64.1 3240s
 31955  5078 infeasible  184      8.8375e+10 9.1381e+10  3.40%  64.1 3245s
 32075  5074 infeasible  131      8.8375e+10 9.1381e+10  3.40%  64.0 3250s
 32189  5084 9.1381e+10  123   75 8.8375e+10 9.1381e+10  3.40%  63.9 3255s
 32318  5117 9.1381e+10  164   37 8.8375e+10 9.1381e+10  3.40%  63.7 3260s
 32476  5217 9.1381e+10  129   52 8.8375e+10 9.1381e+10  3.40%  63.5 3265s
 32527  5234 9.1381e+10  124   74 8.8375e+10 9.1381e+10  3.40%  63.5 3270s
 32619  5242 9.1381e+10  123   74 8.8375e+10 9.1381e+10  3.40%  63.5 3275s
 32719  5258 infeasible  128      8.8375e+10 9.1381e+10  3.40%  63.4 3280s
 32797  5288 9.1381e+10  121  108 8.8375e+10 9.1381e+10  3.40%  63.4 3285s
 32853  5292 infeasible  131      8.8375e+10 9.1381e+10  3.40%  63.5 3290s
 32912  5309 9.1381e+10  123   80 8.8375e+10 9.1381e+10  3.40%  63.5 3296s
 32987  5324 9.1381e+10  123   85 8.8375e+10 9.1381e+10  3.40%  63.5 3300s
 33113  5322 infeasible  127      8.8375e+10 9.1381e+10  3.40%  63.4 3305s
 33221  5322 infeasible  132      8.8375e+10 9.1381e+10  3.40%  63.3 3310s
 33286  5321 9.1381e+10  126   75 8.8375e+10 9.1381e+10  3.40%  63.4 3316s
 33355  5314 9.1381e+10  124   72 8.8375e+10 9.1381e+10  3.40%  63.3 3320s
 33487  5348 9.1381e+10   87  120 8.8375e+10 9.1381e+10  3.40%  63.3 3325s
 33729  5566 9.1381e+10   78  181 8.8375e+10 9.1381e+10  3.40%  62.9 3330s
 33759  5596 9.1381e+10  108  153 8.8375e+10 9.1381e+10  3.40%  63.0 3335s
 33794  5615 infeasible  132      8.8375e+10 9.1381e+10  3.40%  63.0 3340s
 33872  5653 8.9563e+10  130  130 8.8375e+10 9.1381e+10  3.40%  63.1 3345s
 33988  5715 9.1381e+10  112  165 8.8375e+10 9.1381e+10  3.40%  63.0 3350s
 34031  5744 infeasible  140      8.8375e+10 9.1381e+10  3.40%  63.0 3355s
 34257  5912 9.1381e+10  118  101 8.8375e+10 9.1381e+10  3.40%  62.7 3360s
 34320  5927 9.1381e+10  163   50 8.8375e+10 9.1381e+10  3.40%  62.9 3365s
 34435  5926 9.1381e+10  164   61 8.8375e+10 9.1381e+10  3.40%  62.8 3370s
 34494  5955 9.1381e+10  102  122 8.8375e+10 9.1381e+10  3.40%  62.9 3379s
 34511  5972 9.1381e+10  109  138 8.8375e+10 9.1381e+10  3.40%  62.9 3380s
 34588  6019 infeasible  124      8.8375e+10 9.1381e+10  3.40%  63.1 3385s
 34672  6049 9.1381e+10  121  124 8.8375e+10 9.1381e+10  3.40%  63.1 3390s
 34749  6060 9.1381e+10  164   51 8.8375e+10 9.1381e+10  3.40%  63.1 3395s
 34824  6085 infeasible  120      8.8375e+10 9.1381e+10  3.40%  63.2 3400s
 34898  6091 9.1381e+10   81  308 8.8375e+10 9.1381e+10  3.40%  63.2 3405s
 34923  6116 9.1381e+10  106  211 8.8375e+10 9.1381e+10  3.40%  63.2 3412s
 34970  6155 infeasible  150      8.8375e+10 9.1381e+10  3.40%  63.2 3415s
 35164  6311 9.1376e+10  298   25 8.8375e+10 9.1381e+10  3.40%  62.9 3420s
 35253  6338 9.1381e+10  108  127 8.8375e+10 9.1381e+10  3.40%  62.9 3425s
 35349  6380 infeasible  166      8.8375e+10 9.1381e+10  3.40%  62.9 3430s
 35360  6381 9.1381e+10  102  128 8.8375e+10 9.1381e+10  3.40%  62.9 3448s
 35388  6407 9.1381e+10  126  118 8.8375e+10 9.1381e+10  3.40%  62.9 3453s
 35423  6432 9.1381e+10   89  128 8.8375e+10 9.1381e+10  3.40%  62.9 3455s
 35518  6515 9.1376e+10  163   63 8.8375e+10 9.1381e+10  3.40%  62.9 3460s
 35626  6623 9.1376e+10  271   54 8.8375e+10 9.1381e+10  3.40%  62.7 3465s
 35750  6681 9.1381e+10  158   49 8.8375e+10 9.1381e+10  3.40%  62.6 3470s
 35862  6709 infeasible  161      8.8375e+10 9.1381e+10  3.40%  62.6 3475s
 35925  6752     cutoff  129      8.8375e+10 9.1381e+10  3.40%  62.7 3480s
 36000  6779 infeasible  160      8.8375e+10 9.1381e+10  3.40%  62.7 3485s
 36053  6786 9.1381e+10  163   41 8.8375e+10 9.1381e+10  3.40%  62.7 3490s
 36147  6780 infeasible  127      8.8375e+10 9.1381e+10  3.40%  62.7 3502s
 36206  6823 9.1381e+10  122  153 8.8375e+10 9.1381e+10  3.40%  62.7 3505s
 36302  6881 infeasible  133      8.8375e+10 9.1381e+10  3.40%  62.7 3510s
 36380  6955 9.1381e+10  185   26 8.8375e+10 9.1381e+10  3.40%  62.6 3523s
 36381  6956 9.1381e+10  185   26 8.8375e+10 9.1381e+10  3.40%  62.6 3525s
 36456  7011 infeasible  113      8.8375e+10 9.1381e+10  3.40%  62.6 3530s
 36551  7076 9.1381e+10  118  104 8.8375e+10 9.1381e+10  3.40%  62.6 3535s
 36619  7110 9.1381e+10  116  146 8.8375e+10 9.1381e+10  3.40%  62.7 3542s
 36666  7121 infeasible  159      8.8375e+10 9.1381e+10  3.40%  62.7 3545s
 36748  7121 9.1381e+10  157   49 8.8375e+10 9.1381e+10  3.40%  62.6 3550s
 36864  7153 9.1381e+10  114  165 8.8375e+10 9.1381e+10  3.40%  62.6 3555s
 36951  7218 9.1381e+10  114  108 8.8375e+10 9.1381e+10  3.40%  62.6 3561s
 37028  7263 9.1381e+10  158   37 8.8375e+10 9.1381e+10  3.40%  62.6 3565s
 37149  7264 9.1381e+10  106  160 8.8375e+10 9.1381e+10  3.40%  62.6 3570s
 37194  7277 infeasible  118      8.8375e+10 9.1381e+10  3.40%  62.6 3575s
 37293  7354 9.1376e+10  134   80 8.8375e+10 9.1381e+10  3.40%  62.5 3580s
 37407  7354 infeasible  135      8.8375e+10 9.1381e+10  3.40%  62.5 3585s
 37514  7349 8.9563e+10  135  103 8.8375e+10 9.1381e+10  3.40%  62.5 3590s

Cutting planes:
  Gomory: 4
  Cover: 74
  Implied bound: 81
  Projected implied bound: 1
  Clique: 113
  MIR: 4
  StrongCG: 1
  Flow cover: 27
  GUB cover: 4
  Zero half: 18
  RLT: 36
  Relax-and-lift: 59

Explored 37609 nodes (2683492 simplex iterations) in 3594.84 seconds (1957.09 work units)
Thread count was 1 (of 28 available processors)

Solution count 2: 8.83754e+10 8.72544e+10 

Time limit reached
Best objective 8.837544000000e+10, best bound 9.138144000000e+10, gap 3.4014%

User-callback calls 1176183, time in user-callback 1.03 sec