Gurobi Optimizer version 12.0.3 build v12.0.3rc0 (linux64 - "Oracle Linux Server 9.4")

CPU model: Intel(R) Xeon(R) CPU E5-2660 v4 @ 2.00GHz, instruction set [SSE2|AVX|AVX2]
Thread count: 28 physical cores, 28 logical processors, using up to 1 threads

Non-default parameters:
TimeLimit  3592.904427885
SoftMemLimit  16
NumericFocus  1
Threads  1

Academic license 2690100 - for non-commercial use only - registered to ju___@uclm.es
Optimize a model with 78488 rows, 17401 columns and 479899 nonzeros
Model fingerprint: 0x8b0c298c
Variable types: 134 continuous, 17267 integer (17267 binary)
Coefficient statistics:
  Matrix range     [1e+00, 2e+13]
  Objective range  [9e+08, 2e+09]
  Bounds range     [1e+03, 1e+04]
  RHS range        [1e+00, 2e+14]
Warning: Model contains large matrix coefficient range
Warning: Model contains large objective coefficients
Warning: Model contains large rhs

Loaded user MIP start with objective 7.81668e+10

Presolve removed 17600 rows and 1073 columns
Presolve time: 2.56s
Presolved: 60888 rows, 16328 columns, 196759 nonzeros
Variable types: 134 continuous, 16194 integer (16194 binary)

Explored 0 nodes (0 simplex iterations) in 2.84 seconds (1.97 work units)
Thread count was 1 (of 28 available processors)

Solution count 1: 7.81668e+10 

Optimal solution found (tolerance 1.00e-04)
Best objective 7.816684146000e+10, best bound 7.816684146000e+10, gap 0.0000%

User-callback calls 732, time in user-callback 0.00 sec