Gurobi Optimizer version 12.0.3 build v12.0.3rc0 (linux64 - "Oracle Linux Server 9.4")

CPU model: Intel(R) Xeon(R) CPU E5-2660 v4 @ 2.00GHz, instruction set [SSE2|AVX|AVX2]
Thread count: 28 physical cores, 28 logical processors, using up to 1 threads

Non-default parameters:
TimeLimit  3585.374068209
SoftMemLimit  16
NumericFocus  1
Threads  1

Academic license 2690100 - for non-commercial use only - registered to ju___@uclm.es
Optimize a model with 196125 rows, 45621 columns and 739396 nonzeros
Model fingerprint: 0xb844acab
Variable types: 238 continuous, 45383 integer (45383 binary)
Coefficient statistics:
  Matrix range     [1e+00, 2e+13]
  Objective range  [2e+08, 2e+09]
  Bounds range     [1e+03, 1e+04]
  RHS range        [1e+00, 2e+14]
Warning: Model contains large matrix coefficient range
Warning: Model contains large objective coefficients
Warning: Model contains large rhs

Loaded user MIP start with objective 6.89969e+10

Presolve removed 52153 rows and 6660 columns (presolve time = 5s)...
Presolve removed 52663 rows and 6660 columns
Presolve time: 6.80s
Presolved: 143462 rows, 38961 columns, 486216 nonzeros
Variable types: 238 continuous, 38723 integer (38723 binary)
Root relaxation presolved: 38961 rows, 182423 columns, 525177 nonzeros


Root simplex log...

Iteration    Objective       Primal Inf.    Dual Inf.      Time
       0      handle free variables                          8s
    6189    5.6489426e+10   1.094247e+10   0.000000e+00     10s
   13750    6.5150213e+10   2.971757e+08   0.000000e+00     15s
   14226    6.5429622e+10   9.900824e+08   0.000000e+00     24s
   14956    6.6387497e+10   3.129646e+08   0.000000e+00     25s
   15808    6.6897253e+10   1.314057e+08   0.000000e+00     31s
   17820    6.7623125e+10   4.696437e+08   0.000000e+00     46s
   19233    6.8084275e+10   4.067889e+07   0.000000e+00     50s
   20545    6.8140310e+10   1.146943e+08   0.000000e+00     58s
   20653    6.8146759e+10   1.439378e+08   0.000000e+00     60s
   21723    6.8355085e+10   1.092195e+07   0.000000e+00     67s
   22313    6.8459623e+10   3.958181e+07   0.000000e+00     70s
   23339    6.8585165e+10   2.740570e+07   0.000000e+00     75s
   23822    6.8614550e+10   5.009985e+05   0.000000e+00     83s
   24122    6.8615016e+10   3.397043e+05   0.000000e+00     93s
   24245    6.8704795e+10   2.407788e+05   0.000000e+00    115s
   24560    6.8705464e+10   1.956424e+05   0.000000e+00    130s
   24777    6.8706310e+10   1.276912e+06   0.000000e+00    141s
   24901    6.8720211e+10   2.070465e+08   0.000000e+00    156s
   25721    6.8727821e+10   3.069931e+05   0.000000e+00    160s
   26078    6.8738580e+10   2.233413e+07   0.000000e+00    172s
   26541    6.8806375e+10   9.535405e+07   0.000000e+00    175s
   28471    6.9027912e+10   1.839152e+06   0.000000e+00    180s
   31126    6.9267714e+10   1.710991e+05   0.000000e+00    185s
   33559    6.9339681e+10   2.664692e+03   0.000000e+00    192s
   34840    6.9360648e+10   9.968810e+03   0.000000e+00    195s
   37793    6.9508910e+10   1.671770e+05   0.000000e+00    202s
   38258    6.9508984e+10   2.443762e+04   0.000000e+00    205s
   39736    6.9571946e+10   8.400700e+04   0.000000e+00    210s
   42089    6.9690712e+10   0.000000e+00   0.000000e+00    213s
   42089    6.9690712e+10   0.000000e+00   0.000000e+00    213s

Root relaxation: objective 6.969071e+10, 42089 iterations, 205.61 seconds (166.24 work units)
Total elapsed time = 227.54s (DegenMoves)
Total elapsed time = 287.46s (DegenMoves)
Total elapsed time = 319.48s (DegenMoves)
Total elapsed time = 341.80s (DegenMoves)

    Nodes    |    Current Node    |     Objective Bounds      |     Work
 Expl Unexpl |  Obj  Depth IntInf | Incumbent    BestBd   Gap | It/Node Time

     0     0 6.9691e+10    0  137 6.8997e+10 6.9691e+10  1.01%     -  373s
     0     0 6.9691e+10    0 1743 6.8997e+10 6.9691e+10  1.01%     -  389s
     0     0 6.9691e+10    0  444 6.8997e+10 6.9691e+10  1.01%     -  626s
     0     0 6.9691e+10    0 2206 6.8997e+10 6.9691e+10  1.01%     -  654s
     0     0 6.9691e+10    0   52 6.8997e+10 6.9691e+10  1.01%     -  793s
     0     0 6.9691e+10    0  132 6.8997e+10 6.9691e+10  1.01%     -  859s
     0     0 6.9691e+10    0  210 6.8997e+10 6.9691e+10  1.01%     -  878s
     0     0 6.9691e+10    0  221 6.8997e+10 6.9691e+10  1.01%     -  939s
     0     0 6.9691e+10    0  378 6.8997e+10 6.9691e+10  1.01%     -  945s
     0     0 6.9691e+10    0 1290 6.8997e+10 6.9691e+10  1.01%     -  977s
     0     0 6.9691e+10    0 1391 6.8997e+10 6.9691e+10  1.01%     - 1038s
     0     0 6.9691e+10    0  448 6.8997e+10 6.9691e+10  1.01%     - 1111s
     0     0 6.9691e+10    0  333 6.8997e+10 6.9691e+10  1.01%     - 1130s
     0     2 6.9691e+10    0  136 6.8997e+10 6.9691e+10  1.01%     - 1209s
     1     3 6.9691e+10    1  302 6.8997e+10 6.9691e+10  1.01% 29577 1210s
     4     6 6.9691e+10    2 1277 6.8997e+10 6.9691e+10  1.01% 10659 1217s
     6     8 6.9691e+10    3 1061 6.8997e+10 6.9691e+10  1.01%  7749 1220s
     9    11 6.9691e+10    5  375 6.8997e+10 6.9691e+10  1.01%  5626 1228s
    11    13 6.9691e+10    6  579 6.8997e+10 6.9691e+10  1.01%  5179 1231s
    15    17 6.9691e+10    8  696 6.8997e+10 6.9691e+10  1.01%  4188 1235s
    22    24 6.9691e+10   14  741 6.8997e+10 6.9691e+10  1.01%  3118 1240s
    26    28 6.9691e+10   17  711 6.8997e+10 6.9691e+10  1.01%  2697 1262s
    27    29 6.9691e+10   17  728 6.8997e+10 6.9691e+10  1.01%  2605 1406s
    33    35 6.9691e+10   20  972 6.8997e+10 6.9691e+10  1.01%  2301 1410s
    37    39 6.9691e+10   22  918 6.8997e+10 6.9691e+10  1.01%  2198 1415s
    45    47 6.9691e+10   28  961 6.8997e+10 6.9691e+10  1.01%  1848 1421s
    49    51 6.9691e+10   30 1390 6.8997e+10 6.9691e+10  1.01%  1826 1429s
    51    53 6.9691e+10   31  705 6.8997e+10 6.9691e+10  1.01%  1761 1433s
    52    54 6.9691e+10   32 1462 6.8997e+10 6.9691e+10  1.01%  1810 1493s
    54    56 6.9691e+10   33  743 6.8997e+10 6.9691e+10  1.01%  1756 1506s
    59    61 6.9691e+10   35 1321 6.8997e+10 6.9691e+10  1.01%  1851 1515s
    65    67 6.9691e+10   39 1326 6.8997e+10 6.9691e+10  1.01%  1805 1520s
    69    71 6.9691e+10   41  773 6.8997e+10 6.9691e+10  1.01%  1738 1525s
    72    74 6.9691e+10   42  771 6.8997e+10 6.9691e+10  1.01%  1721 1531s
    75    77 6.9691e+10   44  778 6.8997e+10 6.9691e+10  1.01%  1700 1535s
    78    80 6.9691e+10   45  718 6.8997e+10 6.9691e+10  1.01%  1736 1593s
    80    82 6.9691e+10   46  727 6.8997e+10 6.9691e+10  1.01%  1711 1596s
    81    83 6.9691e+10   47  850 6.8997e+10 6.9691e+10  1.01%  1690 1600s
    83    85 6.9691e+10   48 1896 6.8997e+10 6.9691e+10  1.01%  1726 1605s
    92    94 6.9691e+10   53  831 6.8997e+10 6.9691e+10  1.01%  1565 1610s
    96    98 6.9691e+10   55  835 6.8997e+10 6.9691e+10  1.01%  1502 1615s
    99   101 6.9691e+10   56  826 6.8997e+10 6.9691e+10  1.01%  1457 1621s
   105   107 6.9691e+10   59  828 6.8997e+10 6.9691e+10  1.01%  1381 1625s
   106   108 6.9691e+10   60  829 6.8997e+10 6.9691e+10  1.01%  1369 1658s
   108   110 6.9691e+10   61  799 6.8997e+10 6.9691e+10  1.01%  1345 1662s
   120   122 6.9691e+10   67  810 6.8997e+10 6.9691e+10  1.01%  1222 1665s
   135   137 6.9691e+10   75  783 6.8997e+10 6.9691e+10  1.01%  1125 1704s
   136   138 6.9691e+10   75  757 6.8997e+10 6.9691e+10  1.01%  1120 1705s
   145   147 6.9691e+10   80 1198 6.8997e+10 6.9691e+10  1.01%  1143 1710s
   158   160 6.9691e+10   86  879 6.8997e+10 6.9691e+10  1.01%  1081 1715s
   162   164 6.9691e+10   88  833 6.8997e+10 6.9691e+10  1.01%  1064 1893s
   165   167 6.9691e+10   90  948 6.8997e+10 6.9691e+10  1.01%  1066 1895s
   174   176 6.9691e+10   95 1313 6.8997e+10 6.9691e+10  1.01%  1060 1900s
   186   188 6.9691e+10  101  941 6.8997e+10 6.9691e+10  1.01%  1025 1905s
   192   194 6.9691e+10  104  797 6.8997e+10 6.9691e+10  1.01%  1012 1910s
   203   205 6.9691e+10  111  817 6.8997e+10 6.9691e+10  1.01%   966 1997s
   215   217 6.9691e+10  117  780 6.8997e+10 6.9691e+10  1.01%   923 2000s
   237   239 6.9691e+10  130  734 6.8997e+10 6.9691e+10  1.01%   859 2005s
   251   251 6.9691e+10  137 1098 6.8997e+10 6.9691e+10  1.01%   845 2010s
   272   268 6.9691e+10  148  678 6.8997e+10 6.9691e+10  1.01%   793 2015s
   282   278 6.9691e+10  153  896 6.8997e+10 6.9691e+10  1.01%   802 2020s
   314   303 6.9691e+10    3 1621 6.8997e+10 6.9691e+10  1.01%   739 2025s
   322   311 6.9691e+10    8 1050 6.8997e+10 6.9691e+10  1.01%   738 2096s
   323   312 6.9691e+10    9 1035 6.8997e+10 6.9691e+10  1.01%   736 2132s
   331   320 6.9691e+10   13 1124 6.8997e+10 6.9691e+10  1.01%   732 2135s
   356   345 6.9691e+10   28  884 6.8997e+10 6.9691e+10  1.01%   692 2140s
   390   379 6.9691e+10   46  874 6.8997e+10 6.9691e+10  1.01%   638 2145s
   423   412 6.9691e+10   65  873 6.8997e+10 6.9691e+10  1.01%   598 2150s
   451   432 6.9691e+10   80 1117 6.8997e+10 6.9691e+10  1.01%   585 2155s
   475   456 6.9691e+10   92  911 6.8997e+10 6.9691e+10  1.01%   584 2160s
   510   478 6.9691e+10  114 1155 6.8997e+10 6.9691e+10  1.01%   563 2165s
   532   498 6.9691e+10   36  333 6.8997e+10 6.9691e+10  1.01%   557 2218s
   534   499 6.9691e+10  167  132 6.8997e+10 6.9691e+10  1.01%   555 2299s
   535   500 6.9691e+10  128  215 6.8997e+10 6.9691e+10  1.01%   554 2364s
   536   501 6.9691e+10   55  261 6.8997e+10 6.9691e+10  1.01%   553 2367s
   537   501 6.9691e+10   51  105 6.8997e+10 6.9691e+10  1.01%   552 2567s
   538   502 6.9691e+10   42 1244 6.8997e+10 6.9691e+10  1.01%   551 2581s
   539   503 6.9691e+10  109  788 6.8997e+10 6.9691e+10  1.01%   550 2683s
   540   503 6.9691e+10    5  809 6.8997e+10 6.9691e+10  1.01%   549 2689s
   541   504 6.9691e+10  128  144 6.8997e+10 6.9691e+10  1.01%   548 2777s
   542   505 6.9691e+10  116  285 6.8997e+10 6.9691e+10  1.01%   547 2781s
   543   505 6.9691e+10   88  109 6.8997e+10 6.9691e+10  1.01%   546 2857s
   544   506 6.9691e+10  162 1751 6.8997e+10 6.9691e+10  1.01%   545 2889s
   545   507 6.9266e+10   63 1663 6.8997e+10 6.9691e+10  1.01%   544 3141s
   546   507 6.9691e+10   53 2056 6.8997e+10 6.9691e+10  1.01%   543 3176s
   547   508 6.9691e+10   71  146 6.8997e+10 6.9691e+10  1.01%   542 3322s
   548   509 6.9691e+10  166 1095 6.8997e+10 6.9691e+10  1.01%   541 3331s
   549   509 6.9691e+10   81  408 6.8997e+10 6.9691e+10  1.01%   540 3492s
   550   510 6.9691e+10   18 2047 6.8997e+10 6.9691e+10  1.01%   539 3513s

Cutting planes:
  Lift-and-project: 1
  Cover: 173
  Implied bound: 32
  Clique: 122
  MIR: 12
  StrongCG: 7
  Flow cover: 142
  GUB cover: 24
  Zero half: 51
  RLT: 160
  Relax-and-lift: 28

Explored 550 nodes (1832283 simplex iterations) in 3585.41 seconds (3026.61 work units)
Thread count was 1 (of 28 available processors)

Solution count 1: 6.89969e+10 

Time limit reached
Best objective 6.899687400000e+10, best bound 6.969071160000e+10, gap 1.0056%

User-callback calls 232496, time in user-callback 0.43 sec