Gurobi Optimizer version 12.0.3 build v12.0.3rc0 (linux64 - "Oracle Linux Server 9.4")

CPU model: Intel(R) Xeon(R) CPU E5-2660 v4 @ 2.00GHz, instruction set [SSE2|AVX|AVX2]
Thread count: 28 physical cores, 28 logical processors, using up to 1 threads

Non-default parameters:
TimeLimit  3597.745948601
SoftMemLimit  16
NumericFocus  1
Threads  1

Academic license 2690100 - for non-commercial use only - registered to ju___@uclm.es
Optimize a model with 13392 rows, 3140 columns and 49260 nonzeros
Model fingerprint: 0x0385267f
Variable types: 60 continuous, 3080 integer (3080 binary)
Coefficient statistics:
  Matrix range     [1e+00, 2e+13]
  Objective range  [2e+09, 5e+09]
  Bounds range     [8e+02, 1e+04]
  RHS range        [1e+00, 2e+14]
Warning: Model contains large matrix coefficient range
Warning: Model contains large objective coefficients
Warning: Model contains large rhs

Loaded user MIP start with objective 7.75707e+10

Presolve removed 8553 rows and 1657 columns
Presolve time: 0.66s
Presolved: 4839 rows, 1483 columns, 16438 nonzeros
Variable types: 46 continuous, 1437 integer (1437 binary)

Root relaxation: objective 8.615839e+10, 1034 iterations, 0.09 seconds (0.06 work units)

    Nodes    |    Current Node    |     Objective Bounds      |     Work
 Expl Unexpl |  Obj  Depth IntInf | Incumbent    BestBd   Gap | It/Node Time

     0     0 8.6158e+10    0  237 7.7571e+10 8.6158e+10  11.1%     -    1s
     0     0 8.6158e+10    0  260 7.7571e+10 8.6158e+10  11.1%     -    1s
     0     0 8.6158e+10    0  272 7.7571e+10 8.6158e+10  11.1%     -    1s
     0     0 8.5438e+10    0  237 7.7571e+10 8.5438e+10  10.1%     -    2s
H    0     0                    7.870605e+10 8.5438e+10  8.55%     -    2s
     0     0 8.4947e+10    0  270 7.8706e+10 8.4947e+10  7.93%     -    2s
     0     0 8.4934e+10    0  259 7.8706e+10 8.4934e+10  7.91%     -    2s
     0     0 8.4934e+10    0  249 7.8706e+10 8.4934e+10  7.91%     -    2s
     0     0 8.4181e+10    0  271 7.8706e+10 8.4181e+10  6.96%     -    2s
     0     0 8.2047e+10    0  266 7.8706e+10 8.2047e+10  4.25%     -    2s
     0     0 8.2047e+10    0  239 7.8706e+10 8.2047e+10  4.25%     -    2s
     0     0 8.1987e+10    0  312 7.8706e+10 8.1987e+10  4.17%     -    2s
     0     0 8.1987e+10    0  263 7.8706e+10 8.1987e+10  4.17%     -    2s
     0     0 8.1987e+10    0  280 7.8706e+10 8.1987e+10  4.17%     -    2s
     0     0 8.1987e+10    0  237 7.8706e+10 8.1987e+10  4.17%     -    3s
     0     0 8.1987e+10    0  244 7.8706e+10 8.1987e+10  4.17%     -    3s
     0     0 8.1987e+10    0  211 7.8706e+10 8.1987e+10  4.17%     -    3s
     0     0 8.1987e+10    0  174 7.8706e+10 8.1987e+10  4.17%     -    3s
     0     0 8.1955e+10    0  198 7.8706e+10 8.1955e+10  4.13%     -    3s
     0     0 8.1955e+10    0  164 7.8706e+10 8.1955e+10  4.13%     -    3s
     0     0 8.1955e+10    0  164 7.8706e+10 8.1955e+10  4.13%     -    3s
     0     0 8.1955e+10    0   71 7.8706e+10 8.1955e+10  4.13%     -    4s
H    0     0                    8.185171e+10 8.1955e+10  0.13%     -    4s
     0     0     cutoff    0      8.1852e+10 8.1852e+10  0.00%     -    4s

Cutting planes:
  Gomory: 1
  Cover: 17
  Implied bound: 54
  Clique: 23
  MIR: 14
  Flow cover: 6
  GUB cover: 1
  Zero half: 15
  RLT: 58
  Relax-and-lift: 3
  BQP: 9

Explored 1 nodes (18492 simplex iterations) in 4.19 seconds (1.84 work units)
Thread count was 1 (of 28 available processors)

Solution count 3: 8.18517e+10 7.87061e+10 7.75707e+10 

Optimal solution found (tolerance 1.00e-04)
Best objective 8.185170660000e+10, best bound 8.185170660000e+10, gap 0.0000%

User-callback calls 1989, time in user-callback 0.00 sec