Gurobi Optimizer version 12.0.3 build v12.0.3rc0 (linux64 - "Oracle Linux Server 9.4")

CPU model: Intel(R) Xeon(R) CPU E5-2660 v4 @ 2.00GHz, instruction set [SSE2|AVX|AVX2]
Thread count: 28 physical cores, 28 logical processors, using up to 1 threads

Non-default parameters:
TimeLimit  3596.573626755
SoftMemLimit  16
NumericFocus  1
Threads  1

Academic license 2690100 - for non-commercial use only - registered to ju___@uclm.es
Optimize a model with 27895 rows, 6471 columns and 109372 nonzeros
Model fingerprint: 0x741beb6e
Variable types: 86 continuous, 6385 integer (6385 binary)
Coefficient statistics:
  Matrix range     [1e+00, 2e+13]
  Objective range  [1e+09, 5e+09]
  Bounds range     [8e+02, 1e+04]
  RHS range        [1e+00, 2e+14]
Warning: Model contains large matrix coefficient range
Warning: Model contains large objective coefficients
Warning: Model contains large rhs

Loaded user MIP start with objective 7.25426e+10

Presolve removed 11139 rows and 1180 columns
Presolve time: 0.76s
Presolved: 16756 rows, 5291 columns, 61458 nonzeros
Variable types: 79 continuous, 5212 integer (5212 binary)

Root relaxation: objective 7.804277e+10, 2326 iterations, 0.30 seconds (0.21 work units)

    Nodes    |    Current Node    |     Objective Bounds      |     Work
 Expl Unexpl |  Obj  Depth IntInf | Incumbent    BestBd   Gap | It/Node Time

     0     0 7.8043e+10    0  212 7.2543e+10 7.8043e+10  7.58%     -    2s
     0     0 7.8043e+10    0  257 7.2543e+10 7.8043e+10  7.58%     -    2s
     0     0 7.8043e+10    0  240 7.2543e+10 7.8043e+10  7.58%     -    2s
     0     0 7.7681e+10    0  518 7.2543e+10 7.7681e+10  7.08%     -    3s
     0     0 7.7681e+10    0  571 7.2543e+10 7.7681e+10  7.08%     -    3s
     0     0 7.7681e+10    0  501 7.2543e+10 7.7681e+10  7.08%     -    3s
     0     0 7.7681e+10    0   54 7.2543e+10 7.7681e+10  7.08%     -    8s
     0     0 7.6967e+10    0  372 7.2543e+10 7.6967e+10  6.10%     -    9s
     0     0 7.6967e+10    0  376 7.2543e+10 7.6967e+10  6.10%     -    9s
     0     0 7.6270e+10    0  457 7.2543e+10 7.6270e+10  5.14%     -   10s
     0     0 7.6144e+10    0  446 7.2543e+10 7.6144e+10  4.96%     -   10s
     0     0 7.6144e+10    0  506 7.2543e+10 7.6144e+10  4.96%     -   11s
     0     0 7.6144e+10    0  459 7.2543e+10 7.6144e+10  4.96%     -   11s
     0     0 7.6144e+10    0  433 7.2543e+10 7.6144e+10  4.96%     -   11s
     0     0 7.6144e+10    0  355 7.2543e+10 7.6144e+10  4.96%     -   12s
     0     0 7.6144e+10    0  332 7.2543e+10 7.6144e+10  4.96%     -   13s
     0     0 7.6144e+10    0  296 7.2543e+10 7.6144e+10  4.96%     -   14s
     0     0 7.6144e+10    0  403 7.2543e+10 7.6144e+10  4.96%     -   14s
     0     0 7.6144e+10    0  437 7.2543e+10 7.6144e+10  4.96%     -   15s
     0     0 7.6144e+10    0  430 7.2543e+10 7.6144e+10  4.96%     -   15s
     0     0 7.6144e+10    0  385 7.2543e+10 7.6144e+10  4.96%     -   15s
     0     0 7.6144e+10    0  404 7.2543e+10 7.6144e+10  4.96%     -   15s
     0     0 7.6144e+10    0  368 7.2543e+10 7.6144e+10  4.96%     -   16s
     0     0 7.6144e+10    0  368 7.2543e+10 7.6144e+10  4.96%     -   16s
     0     2 7.5551e+10    0  351 7.2543e+10 7.5551e+10  4.15%     -   17s
H  189   133                    7.266437e+10 7.5551e+10  3.97%  27.7   19s
   246   160 7.5551e+10   93   40 7.2664e+10 7.5551e+10  3.97%  24.4   20s
  1111   307 7.5551e+10  141   29 7.2664e+10 7.5551e+10  3.97%  14.0   25s
  1674   360 7.5551e+10   65  501 7.2664e+10 7.5551e+10  3.97%  12.7   32s
  1678   363 7.5551e+10   27  408 7.2664e+10 7.5551e+10  3.97%  12.7   35s
H 1688   350                    7.278618e+10 7.5551e+10  3.80%  12.6   39s
  1690   352 7.5551e+10   72  232 7.2786e+10 7.5551e+10  3.80%  12.6   40s
  1767   399 7.5551e+10   62   31 7.2786e+10 7.5551e+10  3.80%  22.1   45s
  1936   450 infeasible  101      7.2786e+10 7.5551e+10  3.80%  22.0   50s
  2051   411 7.5551e+10   38   39 7.2786e+10 7.5551e+10  3.80%  21.6   55s
  2159   482 7.3363e+10  134   67 7.2786e+10 7.5551e+10  3.80%  21.4   60s
  2361   584 infeasible  144      7.2786e+10 7.5551e+10  3.80%  21.5   65s
  2516   631 7.5551e+10   48   71 7.2786e+10 7.5551e+10  3.80%  21.7   70s
H 2690   670                    7.290798e+10 7.5551e+10  3.63%  21.4   73s
  2725   679 7.4078e+10  173   29 7.2908e+10 7.5551e+10  3.63%  21.5   75s
  3023   773 7.5551e+10  139   19 7.2908e+10 7.5551e+10  3.63%  21.2   80s
  3197   759 7.5551e+10  123   42 7.2908e+10 7.5551e+10  3.63%  21.7   85s
  3392   751 7.5551e+10  113   47 7.2908e+10 7.5551e+10  3.63%  22.2   90s
  3692   771 7.5551e+10  132   33 7.2908e+10 7.5551e+10  3.63%  23.1   95s
  3941   722 7.5551e+10   94   36 7.2908e+10 7.5551e+10  3.63%  23.1  102s
  4081   728 7.5551e+10  100   38 7.2908e+10 7.5551e+10  3.63%  22.9  105s
  4186   735 7.5551e+10  116   53 7.2908e+10 7.5551e+10  3.63%  23.5  110s
  4435   798 7.5551e+10   85   47 7.2908e+10 7.5551e+10  3.63%  26.0  115s
  4708   873 infeasible  124      7.2908e+10 7.5551e+10  3.63%  25.9  120s
  4924   845 7.5551e+10   98   33 7.2908e+10 7.5551e+10  3.63%  25.8  125s
  5191   830 7.5551e+10  103   43 7.2908e+10 7.5551e+10  3.63%  26.0  130s
  5200   838 7.5551e+10   43  501 7.2908e+10 7.5551e+10  3.63%  25.9  136s
  5204   841 7.5551e+10   77  151 7.2908e+10 7.5551e+10  3.63%  25.9  140s
  5218   850 7.5551e+10   43    4 7.2908e+10 7.5551e+10  3.63%  25.8  145s
  5299   890 7.5551e+10   61   47 7.2908e+10 7.5551e+10  3.63%  29.5  150s
  5397   935 7.5551e+10   72   43 7.2908e+10 7.5551e+10  3.63%  29.6  155s
  5556   901 7.5551e+10   96   48 7.2908e+10 7.5551e+10  3.63%  29.5  160s
  5720   863 7.5551e+10  110   49 7.2908e+10 7.5551e+10  3.63%  29.2  165s
  5855   797 7.5551e+10   97   31 7.2908e+10 7.5551e+10  3.63%  29.5  171s
  5954   751 7.5551e+10   81   40 7.2908e+10 7.5551e+10  3.63%  29.5  175s
  6165   701 7.5551e+10  101   28 7.2908e+10 7.5551e+10  3.63%  29.2  180s
  6326   629 7.5551e+10   78   37 7.2908e+10 7.5551e+10  3.63%  29.2  185s
  6502   566 infeasible   75      7.2908e+10 7.5551e+10  3.63%  29.6  190s
  6752   481 7.5551e+10   73   42 7.2908e+10 7.5551e+10  3.63%  29.5  195s
  6890   431 7.5551e+10   71   53 7.2908e+10 7.5551e+10  3.63%  29.6  200s
  7019   391 7.5551e+10   71   43 7.2908e+10 7.5551e+10  3.63%  29.7  205s
  7206   343 7.5551e+10   92   31 7.2908e+10 7.5551e+10  3.63%  29.6  210s
  7482   247 infeasible   84      7.2908e+10 7.5551e+10  3.63%  29.4  215s
  7673   179 7.5551e+10   76   60 7.2908e+10 7.5551e+10  3.63%  29.6  220s
  7850   141 infeasible   76      7.2908e+10 7.5551e+10  3.63%  30.0  225s
  7952   133 7.5551e+10   66   57 7.2908e+10 7.5551e+10  3.63%  30.3  230s
  8154   149 7.5551e+10   75   43 7.2908e+10 7.5551e+10  3.63%  30.6  235s
  8384   269 7.5551e+10   98  106 7.2908e+10 7.5551e+10  3.63%  30.5  240s
  8552   416 7.5551e+10   87   63 7.2908e+10 7.5551e+10  3.63%  30.4  245s
  8799   547 infeasible  114      7.2908e+10 7.5551e+10  3.63%  30.0  250s
  8857   557 7.5551e+10  121   34 7.2908e+10 7.5551e+10  3.63%  29.9  256s
  9044   552 infeasible  122      7.2908e+10 7.5551e+10  3.63%  29.8  260s
  9348   670 7.5551e+10   57   49 7.2908e+10 7.5551e+10  3.63%  29.3  265s
  9546   714 7.5551e+10   97   46 7.2908e+10 7.5551e+10  3.63%  29.4  270s
  9753   747 7.5551e+10  103   42 7.2908e+10 7.5551e+10  3.63%  29.6  275s
 10056   790 7.5551e+10  132   17 7.2908e+10 7.5551e+10  3.63%  29.4  280s
 10239   765 7.3956e+10  130   32 7.2908e+10 7.5551e+10  3.63%  29.4  285s
 10315   753 7.3956e+10  122   33 7.2908e+10 7.5551e+10  3.63%  29.5  290s
 10559   810 infeasible  130      7.2908e+10 7.5551e+10  3.63%  29.7  295s
 10822   791 7.5551e+10  123   46 7.2908e+10 7.5551e+10  3.63%  29.5  302s
 10824   791 7.5551e+10  123   54 7.2908e+10 7.5551e+10  3.63%  29.5  305s
 11081   778 7.3363e+10  108   58 7.2908e+10 7.5551e+10  3.63%  29.4  310s
 11358   929 7.5551e+10  108   19 7.2908e+10 7.5551e+10  3.63%  29.1  315s
 11559   924 7.5551e+10   84   64 7.2908e+10 7.5551e+10  3.63%  29.2  320s
 11908   931 infeasible   96      7.2908e+10 7.5551e+10  3.63%  28.7  325s
 12134   923 7.5551e+10   84   51 7.2908e+10 7.5551e+10  3.63%  28.5  330s
 12354   893 7.5551e+10  156   12 7.2908e+10 7.5551e+10  3.63%  28.4  335s
 12652   885 infeasible   82      7.2908e+10 7.5551e+10  3.63%  28.3  340s
 12749   892 7.5551e+10  143   39 7.2908e+10 7.5551e+10  3.63%  28.3  345s
 12808   891 infeasible  147      7.2908e+10 7.5551e+10  3.63%  28.3  350s
 13009   876 7.5551e+10  143   37 7.2908e+10 7.5551e+10  3.63%  28.2  355s
 13229   876 7.5551e+10  137   65 7.2908e+10 7.5551e+10  3.63%  28.2  360s
 13488   873 7.5551e+10  131   51 7.2908e+10 7.5551e+10  3.63%  28.2  365s
 13735   874 infeasible  140      7.2908e+10 7.5551e+10  3.63%  28.1  370s
 13942   883 infeasible  138      7.2908e+10 7.5551e+10  3.63%  28.1  375s
 14186   879 infeasible  135      7.2908e+10 7.5551e+10  3.63%  28.1  380s
 14398   879 infeasible  135      7.2908e+10 7.5551e+10  3.63%  28.1  385s
 14610   873 7.5551e+10  134   58 7.2908e+10 7.5551e+10  3.63%  28.1  390s
 14813   866 7.5551e+10  129   58 7.2908e+10 7.5551e+10  3.63%  28.1  395s
 15051   866 7.5551e+10  133   54 7.2908e+10 7.5551e+10  3.63%  28.2  400s
 15142   875 7.5551e+10  131   55 7.2908e+10 7.5551e+10  3.63%  28.2  406s
 15253   872 7.5551e+10  129   56 7.2908e+10 7.5551e+10  3.63%  28.1  410s
 15463   873 7.5551e+10   30  501 7.2908e+10 7.5551e+10  3.63%  28.1  495s
 15469   877 7.5551e+10   71  123 7.2908e+10 7.5551e+10  3.63%  28.1  500s
 15471   878 7.5551e+10   95   52 7.2908e+10 7.5551e+10  3.63%  28.1  506s
 15472   879 7.5551e+10   79   10 7.2908e+10 7.5551e+10  3.63%  28.1  512s
 15473   880 7.5551e+10   93   13 7.2908e+10 7.5551e+10  3.63%  28.1  515s
 15475   881 7.5551e+10   56   18 7.2908e+10 7.5551e+10  3.63%  28.1  521s
 15477   882 7.5551e+10   70   10 7.2908e+10 7.5551e+10  3.63%  28.1  526s
 15479   884 7.5551e+10  128   15 7.2908e+10 7.5551e+10  3.63%  28.1  531s
 15481   885 7.5551e+10  101   11 7.2908e+10 7.5551e+10  3.63%  28.1  536s
 15483   886 7.5551e+10   36   14 7.2908e+10 7.5551e+10  3.63%  28.1  541s
 15486   890 7.5551e+10   40   70 7.2908e+10 7.5551e+10  3.63%  29.5  545s
 15556   937 7.5551e+10   90   45 7.2908e+10 7.5551e+10  3.63%  29.4  550s
 15592   960 7.5551e+10  111   43 7.2908e+10 7.5551e+10  3.63%  29.4  555s
 15645   979 7.5551e+10   46   53 7.2908e+10 7.5551e+10  3.63%  29.4  560s
 15731  1030 7.5551e+10  102   27 7.2908e+10 7.5551e+10  3.63%  29.3  565s
 15863  1043 7.5551e+10   77   43 7.2908e+10 7.5551e+10  3.63%  29.3  570s
 15973  1082 7.5551e+10  126   14 7.2908e+10 7.5551e+10  3.63%  29.3  575s
 16119  1036 7.5551e+10   79   53 7.2908e+10 7.5551e+10  3.63%  29.2  581s
 16290  1018 7.5551e+10  121   11 7.2908e+10 7.5551e+10  3.63%  29.1  585s
 16445  1072 7.5551e+10  125   40 7.2908e+10 7.5551e+10  3.63%  29.2  590s
 16605  1144 7.5551e+10   84   38 7.2908e+10 7.5551e+10  3.63%  29.1  595s
 16721  1170 7.5551e+10  112   10 7.2908e+10 7.5551e+10  3.63%  29.0  600s
 16875  1086 7.5551e+10  101   12 7.2908e+10 7.5551e+10  3.63%  28.9  605s
 17019  1008 7.5551e+10   91   30 7.2908e+10 7.5551e+10  3.63%  28.8  610s
 17257   957 7.5551e+10  122   26 7.2908e+10 7.5551e+10  3.63%  28.7  615s
 17500   852 7.5551e+10  100   41 7.2908e+10 7.5551e+10  3.63%  28.6  620s
 17703   835 7.5551e+10  122   40 7.2908e+10 7.5551e+10  3.63%  28.6  627s
 17758   794 7.5551e+10  106   35 7.2908e+10 7.5551e+10  3.63%  28.7  630s
 18009   799 7.5551e+10  124   36 7.2908e+10 7.5551e+10  3.63%  28.7  635s
 18192   754 infeasible  148      7.2908e+10 7.5551e+10  3.63%  28.6  640s
 18501   723 infeasible  116      7.2908e+10 7.5551e+10  3.63%  28.5  645s
 18768   624 infeasible   82      7.2908e+10 7.5551e+10  3.63%  28.4  650s
 19119   696 infeasible  119      7.2908e+10 7.5551e+10  3.63%  28.2  655s
 19384   648 7.5551e+10  111   36 7.2908e+10 7.5551e+10  3.63%  28.3  660s
 19650   636 infeasible   97      7.2908e+10 7.5551e+10  3.63%  28.5  665s
 19833   633 7.5551e+10   94   49 7.2908e+10 7.5551e+10  3.63%  28.5  670s
 20046   651 7.5551e+10   98   43 7.2908e+10 7.5551e+10  3.63%  28.5  675s
 20302   659 7.5551e+10  102   40 7.2908e+10 7.5551e+10  3.63%  28.7  680s
 20568   640 infeasible  101      7.2908e+10 7.5551e+10  3.63%  28.9  685s
 20823   647 7.5551e+10  105   53 7.2908e+10 7.5551e+10  3.63%  28.9  690s
 20918   658 7.5551e+10  106   53 7.2908e+10 7.5551e+10  3.63%  28.9  695s
 21156   646 infeasible  106      7.2908e+10 7.5551e+10  3.63%  29.0  700s
 21387   645 infeasible  109      7.2908e+10 7.5551e+10  3.63%  29.1  705s
 21713   651 infeasible  109      7.2908e+10 7.5551e+10  3.63%  29.1  710s
 21891   671 7.5551e+10  106   48 7.2908e+10 7.5551e+10  3.63%  29.1  717s
 22063   661 7.5551e+10  109   44 7.2908e+10 7.5551e+10  3.63%  29.1  720s
 22347   649 infeasible  106      7.2908e+10 7.5551e+10  3.63%  29.0  725s
 22673   641 infeasible  104      7.2908e+10 7.5551e+10  3.63%  29.0  730s
 22938   639 7.5551e+10   96   43 7.2908e+10 7.5551e+10  3.63%  29.1  735s
 23272   640 7.5551e+10  102   55 7.2908e+10 7.5551e+10  3.63%  28.9  740s
 23576   638 infeasible  106      7.2908e+10 7.5551e+10  3.63%  28.9  745s
 23703   637 7.5551e+10   97   38 7.2908e+10 7.5551e+10  3.63%  28.9  750s
 23967   648 7.5551e+10  118   32 7.2908e+10 7.5551e+10  3.63%  28.8  755s
 24273   704 infeasible  146      7.2908e+10 7.5551e+10  3.63%  28.7  760s
 24431   719 7.5551e+10  164   20 7.2908e+10 7.5551e+10  3.63%  28.6  765s
 24584   748 7.3219e+10  100   42 7.2908e+10 7.5551e+10  3.63%  28.5  770s
*24670   623             172    7.321877e+10 7.5551e+10  3.19%  28.5  773s
 24796   702 7.5551e+10  120   45 7.3219e+10 7.5551e+10  3.19%  28.4  775s
 25057   775 7.5551e+10  127   34 7.3219e+10 7.5551e+10  3.19%  28.5  780s
 25288   902 7.5551e+10  130   30 7.3219e+10 7.5551e+10  3.19%  28.5  785s
 25534   992 infeasible   96      7.3219e+10 7.5551e+10  3.19%  28.5  790s
 25758  1082 infeasible  122      7.3219e+10 7.5551e+10  3.19%  28.5  795s
 26020  1099 7.5551e+10   90  501 7.3219e+10 7.5551e+10  3.19%  28.6  807s
 26024  1102 7.5551e+10   59  265 7.3219e+10 7.5551e+10  3.19%  28.6  810s
 26027  1104 7.5551e+10   89    3 7.3219e+10 7.5551e+10  3.19%  28.6  817s
 26028  1104 7.5551e+10  162    2 7.3219e+10 7.5551e+10  3.19%  28.6  822s
 26029  1105 7.5551e+10   67    6 7.3219e+10 7.5551e+10  3.19%  28.6  827s
 26031  1106 7.5551e+10   73    7 7.3219e+10 7.5551e+10  3.19%  28.5  832s
 26032  1107 7.5551e+10   90    6 7.3219e+10 7.5551e+10  3.19%  28.5  836s
 26033  1108 7.5551e+10   79   12 7.3219e+10 7.5551e+10  3.19%  28.5  840s
 26035  1109 7.5551e+10  105    7 7.3219e+10 7.5551e+10  3.19%  28.5  847s
 26036  1110 7.5551e+10  136    7 7.3219e+10 7.5551e+10  3.19%  28.5  850s
 26064  1130 7.5551e+10   61   67 7.3219e+10 7.5551e+10  3.19%  29.0  855s
 26136  1162 7.5551e+10   96   44 7.3219e+10 7.5551e+10  3.19%  29.0  860s
 26287  1215 7.5551e+10  108   31 7.3219e+10 7.5551e+10  3.19%  29.0  865s
 26453  1138 infeasible  100      7.3219e+10 7.5551e+10  3.19%  28.9  870s
 26600  1103 7.5551e+10  111   20 7.3219e+10 7.5551e+10  3.19%  28.8  875s
 26756  1125 7.5551e+10   52   45 7.3219e+10 7.5551e+10  3.19%  28.7  880s
 26864  1197 7.5551e+10  150   54 7.3219e+10 7.5551e+10  3.19%  28.6  885s
 27001  1238 7.5551e+10   95   90 7.3219e+10 7.5551e+10  3.19%  28.6  890s
 27214  1356 7.5551e+10  141   67 7.3219e+10 7.5551e+10  3.19%  28.5  895s
 27357  1407 7.5551e+10  113   46 7.3219e+10 7.5551e+10  3.19%  28.4  900s
 27559  1428 7.5551e+10  106   54 7.3219e+10 7.5551e+10  3.19%  28.4  905s
 27708  1367 7.5551e+10   99   68 7.3219e+10 7.5551e+10  3.19%  28.3  910s
 27874  1338 7.5551e+10  113   52 7.3219e+10 7.5551e+10  3.19%  28.3  915s
 28155  1315 7.5551e+10  156   44 7.3219e+10 7.5551e+10  3.19%  28.3  920s
 28409  1234 7.5551e+10  163   36 7.3219e+10 7.5551e+10  3.19%  28.3  925s
 28518  1211 7.5551e+10  171   37 7.3219e+10 7.5551e+10  3.19%  28.3  930s
 28814  1097 7.5551e+10  162   32 7.3219e+10 7.5551e+10  3.19%  28.3  935s
 29038  1038 7.5551e+10  174   18 7.3219e+10 7.5551e+10  3.19%  28.2  940s
 29337   924 infeasible  160      7.3219e+10 7.5551e+10  3.19%  28.2  945s
 29638   918 infeasible  160      7.3219e+10 7.5551e+10  3.19%  28.2  950s
 29921   908 7.5551e+10  155   46 7.3219e+10 7.5551e+10  3.19%  28.3  955s
 30192   915 infeasible  153      7.3219e+10 7.5551e+10  3.19%  28.3  960s
 30373   915 7.5551e+10  160   23 7.3219e+10 7.5551e+10  3.19%  28.3  965s
 30513   914 7.5551e+10  158   23 7.3219e+10 7.5551e+10  3.19%  28.3  970s
 30805  1065 infeasible  186      7.3219e+10 7.5551e+10  3.19%  28.2  975s
 30973  1063 7.5551e+10  174   41 7.3219e+10 7.5551e+10  3.19%  28.4  980s
 31109  1089 7.5551e+10   89   48 7.3219e+10 7.5551e+10  3.19%  28.4  985s
 31256  1234 7.3363e+10  213   34 7.3219e+10 7.5551e+10  3.19%  28.4  990s
 31463  1300 7.5551e+10  163   67 7.3219e+10 7.5551e+10  3.19%  28.4  995s
 31699  1308 infeasible  173      7.3219e+10 7.5551e+10  3.19%  28.4 1000s
 31946  1379 infeasible  192      7.3219e+10 7.5551e+10  3.19%  28.4 1005s
 32140  1389 7.5551e+10  167   58 7.3219e+10 7.5551e+10  3.19%  28.4 1010s
 32512  1575 infeasible  177      7.3219e+10 7.5551e+10  3.19%  28.4 1015s
 32671  1576 7.5551e+10  156   39 7.3219e+10 7.5551e+10  3.19%  28.4 1020s
 32928  1707 7.5551e+10  165   49 7.3219e+10 7.5551e+10  3.19%  28.5 1025s
 33224  1721 7.5551e+10  166   32 7.3219e+10 7.5551e+10  3.19%  28.6 1030s
 33561  1717 7.5551e+10  159   33 7.3219e+10 7.5551e+10  3.19%  28.6 1035s
 33854  1742 infeasible  185      7.3219e+10 7.5551e+10  3.19%  28.8 1040s
 34183  1717 infeasible  158      7.3219e+10 7.5551e+10  3.19%  28.9 1045s
 34556  1737 7.5551e+10  183   38 7.3219e+10 7.5551e+10  3.19%  29.0 1050s
 34910  1723 infeasible  170      7.3219e+10 7.5551e+10  3.19%  28.9 1055s
 35188  1744 7.5551e+10  167   28 7.3219e+10 7.5551e+10  3.19%  29.0 1060s
 35526  1722 infeasible  167      7.3219e+10 7.5551e+10  3.19%  29.1 1065s
 35781  1755 infeasible  171      7.3219e+10 7.5551e+10  3.19%  29.2 1070s
 36064  1730 infeasible  175      7.3219e+10 7.5551e+10  3.19%  29.3 1075s
 36235  1752 7.5551e+10  163   43 7.3219e+10 7.5551e+10  3.19%  29.3 1080s
 36381  1748 infeasible  169      7.3219e+10 7.5551e+10  3.19%  29.4 1085s
 36618  1746 7.5551e+10  161   44 7.3219e+10 7.5551e+10  3.19%  29.5 1090s
 36889  1763 7.5551e+10  160   35 7.3219e+10 7.5551e+10  3.19%  29.6 1095s
 37036  1764 7.5551e+10  166   36 7.3219e+10 7.5551e+10  3.19%  29.8 1100s
 37342  1762 7.5551e+10  174   25 7.3219e+10 7.5551e+10  3.19%  29.9 1105s
 37489  1759 infeasible  174      7.3219e+10 7.5551e+10  3.19%  29.9 1110s
 37762  1761 infeasible  170      7.3219e+10 7.5551e+10  3.19%  30.0 1115s
 38020  1753 infeasible  164      7.3219e+10 7.5551e+10  3.19%  30.1 1120s
 38333  1756 7.5551e+10  161   35 7.3219e+10 7.5551e+10  3.19%  30.2 1125s
 38586  1759 infeasible  181      7.3219e+10 7.5551e+10  3.19%  30.3 1130s
 38870  1753 7.5551e+10  170   44 7.3219e+10 7.5551e+10  3.19%  30.3 1135s
 39215  1860 7.5551e+10  161   36 7.3219e+10 7.5551e+10  3.19%  30.3 1140s
 39405  1863 7.5551e+10  164   41 7.3219e+10 7.5551e+10  3.19%  30.3 1145s
 39831  1894 7.5551e+10  183   21 7.3219e+10 7.5551e+10  3.19%  30.2 1150s
 40189  1885 infeasible  178      7.3219e+10 7.5551e+10  3.19%  30.1 1155s
 40485  1884 infeasible  182      7.3219e+10 7.5551e+10  3.19%  30.0 1160s
 40767  1879 7.5551e+10  172   38 7.3219e+10 7.5551e+10  3.19%  30.0 1165s
 40966  1878 7.5551e+10  171   19 7.3219e+10 7.5551e+10  3.19%  29.9 1170s
 41270  1877 7.5551e+10  171   29 7.3219e+10 7.5551e+10  3.19%  29.9 1175s
 41369  1886 7.5551e+10  184   24 7.3219e+10 7.5551e+10  3.19%  29.9 1180s
 41725  1959 7.5551e+10  117   36 7.3219e+10 7.5551e+10  3.19%  29.8 1185s
 42047  1955 infeasible  115      7.3219e+10 7.5551e+10  3.19%  29.7 1190s
 42233  1967 7.5551e+10  125   35 7.3219e+10 7.5551e+10  3.19%  29.8 1195s
 42525  1997 7.5551e+10  161   86 7.3219e+10 7.5551e+10  3.19%  29.8 1200s
 42748  2088 infeasible  162      7.3219e+10 7.5551e+10  3.19%  29.9 1205s
 42926  2126 7.5551e+10  168   69 7.3219e+10 7.5551e+10  3.19%  30.0 1210s
 42993  2117 7.5551e+10  163   69 7.3219e+10 7.5551e+10  3.19%  30.0 1215s
 43189  2129 7.5551e+10  170   59 7.3219e+10 7.5551e+10  3.19%  30.0 1220s
 43437  2125 infeasible  173      7.3219e+10 7.5551e+10  3.19%  29.9 1225s
 43648  2126 7.5551e+10  173   44 7.3219e+10 7.5551e+10  3.19%  29.9 1230s
 43891  2133 7.5551e+10  172   75 7.3219e+10 7.5551e+10  3.19%  29.9 1235s
 44094  2116 7.5551e+10  162   76 7.3219e+10 7.5551e+10  3.19%  29.9 1240s
 44257  2123 7.5551e+10  170   46 7.3219e+10 7.5551e+10  3.19%  29.9 1245s
 44500  2140 7.5551e+10  178   19 7.3219e+10 7.5551e+10  3.19%  29.9 1250s
 44740  2136 infeasible  173      7.3219e+10 7.5551e+10  3.19%  29.9 1255s
 44985  2131 7.5551e+10  175   22 7.3219e+10 7.5551e+10  3.19%  30.0 1260s
 45142  2148 7.5551e+10  178   22 7.3219e+10 7.5551e+10  3.19%  30.1 1265s
 45397  2139 7.3834e+10  184   29 7.3219e+10 7.5551e+10  3.19%  30.2 1270s
 45657  2191 7.5551e+10  166   39 7.3219e+10 7.5551e+10  3.19%  30.2 1275s
 45903  2335 7.5551e+10  166   66 7.3219e+10 7.5551e+10  3.19%  30.2 1280s
 46153  2349 infeasible  159      7.3219e+10 7.5551e+10  3.19%  30.4 1285s
 46412  2348 7.5551e+10  159   73 7.3219e+10 7.5551e+10  3.19%  30.5 1290s
 46541  2358 7.5551e+10  159   44 7.3219e+10 7.5551e+10  3.19%  30.6 1295s
 46779  2343 infeasible  156      7.3219e+10 7.5551e+10  3.19%  30.8 1300s
 46897  2356 infeasible  150      7.3219e+10 7.5551e+10  3.19%  30.9 1305s
 47074  2367 7.5551e+10  154   74 7.3219e+10 7.5551e+10  3.19%  31.1 1310s
 47277  2366 7.5551e+10  158   58 7.3219e+10 7.5551e+10  3.19%  31.2 1315s
 47475  2358 infeasible  155      7.3219e+10 7.5551e+10  3.19%  31.4 1320s
 47732  2365 7.5551e+10  158   59 7.3219e+10 7.5551e+10  3.19%  31.6 1325s
 47978  2365 7.5551e+10  157   48 7.3219e+10 7.5551e+10  3.19%  31.8 1330s
 48223  2374 infeasible  156      7.3219e+10 7.5551e+10  3.19%  31.9 1335s
 48480  2457 7.5551e+10  161   32 7.3219e+10 7.5551e+10  3.19%  32.0 1340s
 48674  2587 7.5551e+10  130   42 7.3219e+10 7.5551e+10  3.19%  32.0 1346s
 48873  2585 7.5551e+10  132   44 7.3219e+10 7.5551e+10  3.19%  32.0 1350s
 49349  2608 infeasible  135      7.3219e+10 7.5551e+10  3.19%  31.8 1355s
 49739  2573 7.5551e+10  128   41 7.3219e+10 7.5551e+10  3.19%  31.7 1360s
 50039  2607 infeasible  151      7.3219e+10 7.5551e+10  3.19%  31.7 1365s
 50398  2743 infeasible  171      7.3219e+10 7.5551e+10  3.19%  31.6 1370s
 50586  2767 7.5551e+10  182   23 7.3219e+10 7.5551e+10  3.19%  31.7 1375s
 50785  2831 7.5551e+10  184   49 7.3219e+10 7.5551e+10  3.19%  31.7 1380s
 50952  2842 infeasible  170      7.3219e+10 7.5551e+10  3.19%  31.8 1385s
 51098  2882 infeasible  181      7.3219e+10 7.5551e+10  3.19%  31.9 1390s
 51246  2907 7.5551e+10  171   45 7.3219e+10 7.5551e+10  3.19%  32.0 1397s
 51343  2910 infeasible  148      7.3219e+10 7.5551e+10  3.19%  32.1 1400s
 51524  2935 7.5551e+10  152   34 7.3219e+10 7.5551e+10  3.19%  32.1 1406s
 51754  2933 7.5551e+10  158   48 7.3219e+10 7.5551e+10  3.19%  32.2 1410s
 52002  2927 infeasible  153      7.3219e+10 7.5551e+10  3.19%  32.3 1415s
 52229  2904 7.5551e+10  149   81 7.3219e+10 7.5551e+10  3.19%  32.5 1420s
 52469  2902 7.5551e+10  147   45 7.3219e+10 7.5551e+10  3.19%  32.5 1425s
 52717  2929 7.5551e+10  151   37 7.3219e+10 7.5551e+10  3.19%  32.6 1430s
 52991  2929 infeasible  146      7.3219e+10 7.5551e+10  3.19%  32.7 1435s
 53196  2944 7.5551e+10  169   64 7.3219e+10 7.5551e+10  3.19%  32.8 1440s
 53418  2943 7.5551e+10  151   36 7.3219e+10 7.5551e+10  3.19%  32.9 1445s
 53611  2948 infeasible  147      7.3219e+10 7.5551e+10  3.19%  33.1 1450s
 53616  2949 7.4078e+10  146   44 7.3219e+10 7.5551e+10  3.19%  33.1 1455s
 53818  3048 7.5551e+10  142   49 7.3219e+10 7.5551e+10  3.19%  33.1 1460s
 54078  3050 7.5551e+10  145   70 7.3219e+10 7.5551e+10  3.19%  33.2 1465s
 54296  3042 7.5551e+10  144   60 7.3219e+10 7.5551e+10  3.19%  33.3 1470s
 54532  3034 7.5551e+10  142   52 7.3219e+10 7.5551e+10  3.19%  33.4 1475s
 54765  3039 infeasible  155      7.3219e+10 7.5551e+10  3.19%  33.5 1480s
 55015  3067 infeasible  175      7.3219e+10 7.5551e+10  3.19%  33.6 1485s
 55272  3072 7.5551e+10  178    6 7.3219e+10 7.5551e+10  3.19%  33.7 1490s
 55527  3089 7.5551e+10  176   15 7.3219e+10 7.5551e+10  3.19%  33.7 1495s
 55775  3075 infeasible  176      7.3219e+10 7.5551e+10  3.19%  33.8 1500s
 56034  3068 7.5551e+10  174   17 7.3219e+10 7.5551e+10  3.19%  33.8 1505s
 56303  3083 7.5551e+10  174   17 7.3219e+10 7.5551e+10  3.19%  33.9 1510s
 56535  3077 7.5551e+10  174    6 7.3219e+10 7.5551e+10  3.19%  33.9 1515s
 56667  3069 infeasible  173      7.3219e+10 7.5551e+10  3.19%  34.0 1520s
 56905  3063 infeasible  176      7.3219e+10 7.5551e+10  3.19%  34.0 1525s
 57185  3075 infeasible  177      7.3219e+10 7.5551e+10  3.19%  34.0 1530s
 57349  3073 7.5551e+10  171   21 7.3219e+10 7.5551e+10  3.19%  34.1 1537s
 57426  3064 infeasible  171      7.3219e+10 7.5551e+10  3.19%  34.1 1540s
 57683  3079 7.5551e+10  169   32 7.3219e+10 7.5551e+10  3.19%  34.1 1545s
 57927  3075 infeasible  168      7.3219e+10 7.5551e+10  3.19%  34.2 1550s
 58193  3059 7.5551e+10  167   24 7.3219e+10 7.5551e+10  3.19%  34.3 1555s
 58477  3073 7.5551e+10  173   30 7.3219e+10 7.5551e+10  3.19%  34.3 1560s
 58731  3087 7.5551e+10  169   22 7.3219e+10 7.5551e+10  3.19%  34.3 1565s
 58966  3100 7.5551e+10  167   30 7.3219e+10 7.5551e+10  3.19%  34.4 1570s
 59212  3146 infeasible  172      7.3219e+10 7.5551e+10  3.19%  34.4 1575s
 59440  3124 infeasible  172      7.3219e+10 7.5551e+10  3.19%  34.5 1580s
 59642  3084 infeasible  170      7.3219e+10 7.5551e+10  3.19%  34.6 1585s
 59883  3089 7.5551e+10  174   25 7.3219e+10 7.5551e+10  3.19%  34.6 1590s
 60127  3087 7.5551e+10  171   24 7.3219e+10 7.5551e+10  3.19%  34.6 1595s
 60365  3111 infeasible  172      7.3219e+10 7.5551e+10  3.19%  34.7 1600s
 60456  3102 7.5551e+10  170   35 7.3219e+10 7.5551e+10  3.19%  34.7 1605s
 60704  3092 infeasible  172      7.3219e+10 7.5551e+10  3.19%  34.8 1610s
 60929  3085 infeasible  173      7.3219e+10 7.5551e+10  3.19%  34.8 1615s
 61218  3090 7.5551e+10  170   17 7.3219e+10 7.5551e+10  3.19%  34.9 1620s
 61468  3070 infeasible  170      7.3219e+10 7.5551e+10  3.19%  34.9 1625s
 61696  3078 infeasible  170      7.3219e+10 7.5551e+10  3.19%  35.0 1630s
 61888  3084 7.5551e+10  171   15 7.3219e+10 7.5551e+10  3.19%  35.0 1635s
 62066  3100 infeasible  175      7.3219e+10 7.5551e+10  3.19%  35.1 1640s
 62231  3099 7.5551e+10  171   24 7.3219e+10 7.5551e+10  3.19%  35.1 1647s
 62312  3086 infeasible  170      7.3219e+10 7.5551e+10  3.19%  35.1 1650s
 62548  3078 infeasible  173      7.3219e+10 7.5551e+10  3.19%  35.2 1655s
 62742  3078 infeasible  175      7.3219e+10 7.5551e+10  3.19%  35.2 1660s
 63011  3107 7.5551e+10  177   17 7.3219e+10 7.5551e+10  3.19%  35.3 1665s
 63224  3114 7.5551e+10  176   23 7.3219e+10 7.5551e+10  3.19%  35.3 1670s
 63442  3090 infeasible  175      7.3219e+10 7.5551e+10  3.19%  35.3 1675s
 63674  3080 7.5551e+10  167   30 7.3219e+10 7.5551e+10  3.19%  35.4 1680s
 63900  3078 7.5551e+10  168   28 7.3219e+10 7.5551e+10  3.19%  35.4 1685s
 64158  3090 7.5551e+10  169   32 7.3219e+10 7.5551e+10  3.19%  35.5 1690s
 64380  3074 7.5551e+10  165   29 7.3219e+10 7.5551e+10  3.19%  35.5 1695s
 64644  3130 infeasible  177      7.3219e+10 7.5551e+10  3.19%  35.6 1700s
 64846  3060 7.5551e+10  170   21 7.3219e+10 7.5551e+10  3.19%  35.6 1705s
 65059  3071 7.5551e+10  168   29 7.3219e+10 7.5551e+10  3.19%  35.7 1713s
 65104  3068 7.5551e+10  169   38 7.3219e+10 7.5551e+10  3.19%  35.7 1715s
 65325  3057 infeasible  170      7.3219e+10 7.5551e+10  3.19%  35.7 1720s
 65581  3091 infeasible  170      7.3219e+10 7.5551e+10  3.19%  35.8 1725s
 65798  3076 infeasible  167      7.3219e+10 7.5551e+10  3.19%  35.8 1730s
 66041  3085 infeasible  173      7.3219e+10 7.5551e+10  3.19%  35.8 1735s
 66274  3090 7.5551e+10  174   20 7.3219e+10 7.5551e+10  3.19%  35.9 1740s
 66536  3090 7.5551e+10  172    6 7.3219e+10 7.5551e+10  3.19%  35.9 1745s
 66744  3080 7.5551e+10  169   22 7.3219e+10 7.5551e+10  3.19%  35.9 1750s
 66969  3065 infeasible  168      7.3219e+10 7.5551e+10  3.19%  36.0 1755s
 67086  3061 7.5551e+10  168   12 7.3219e+10 7.5551e+10  3.19%  36.0 1760s
 67341  3072 7.5551e+10  165   32 7.3219e+10 7.5551e+10  3.19%  36.1 1765s
 67561  3064 7.5551e+10  169   15 7.3219e+10 7.5551e+10  3.19%  36.1 1770s
 67787  3062 7.5551e+10  170   20 7.3219e+10 7.5551e+10  3.19%  36.2 1775s
 68037  3066 7.5551e+10  172   49 7.3219e+10 7.5551e+10  3.19%  36.2 1780s
 68061  3062 7.5551e+10  170   44 7.3219e+10 7.5551e+10  3.19%  36.2 1785s
 68284  3065 infeasible  170      7.3219e+10 7.5551e+10  3.19%  36.3 1790s
 68528  3069 infeasible  174      7.3219e+10 7.5551e+10  3.19%  36.3 1795s
 68761  3114 7.5551e+10  163   38 7.3219e+10 7.5551e+10  3.19%  36.3 1800s
 69096  3151 7.5551e+10  170   36 7.3219e+10 7.5551e+10  3.19%  36.3 1805s
 69320  3137 infeasible  167      7.3219e+10 7.5551e+10  3.19%  36.4 1810s
 69592  3153 7.5551e+10  170   28 7.3219e+10 7.5551e+10  3.19%  36.5 1815s
 69810  3141 7.5551e+10  168   27 7.3219e+10 7.5551e+10  3.19%  36.6 1820s
 70039  3140 infeasible  170      7.3219e+10 7.5551e+10  3.19%  36.7 1825s
 70252  3155 7.5551e+10  168   22 7.3219e+10 7.5551e+10  3.19%  36.7 1830s
 70519  3164 7.5551e+10  160   25 7.3219e+10 7.5551e+10  3.19%  36.8 1835s
 70730  3148 7.5551e+10  137   58 7.3219e+10 7.5551e+10  3.19%  36.9 1840s
 70930  3180 infeasible  170      7.3219e+10 7.5551e+10  3.19%  36.9 1845s
 71164  3180 7.5551e+10  139   41 7.3219e+10 7.5551e+10  3.19%  36.9 1852s
 71229  3169 infeasible  167      7.3219e+10 7.5551e+10  3.19%  36.9 1855s
 71474  3154 infeasible  151      7.3219e+10 7.5551e+10  3.19%  37.0 1860s
 71740  3154 7.5551e+10  150   42 7.3219e+10 7.5551e+10  3.19%  37.0 1865s
 72040  3154 7.5551e+10  149   40 7.3219e+10 7.5551e+10  3.19%  37.0 1870s
 72179  3165 7.5551e+10  162   40 7.3219e+10 7.5551e+10  3.19%  37.0 1875s
 72490  3160 infeasible  159      7.3219e+10 7.5551e+10  3.19%  37.0 1880s
 72797  3167 7.5551e+10  151   33 7.3219e+10 7.5551e+10  3.19%  37.0 1885s
 73076  3154 7.5551e+10  153   22 7.3219e+10 7.5551e+10  3.19%  37.0 1890s
 73356  3154 7.5551e+10  147   63 7.3219e+10 7.5551e+10  3.19%  37.0 1895s
 73526  3163 7.4078e+10  155   23 7.3219e+10 7.5551e+10  3.19%  37.1 1900s
 73719  3215 7.5551e+10  142   66 7.3219e+10 7.5551e+10  3.19%  37.2 1905s
 73930  3222 7.5551e+10  140   55 7.3219e+10 7.5551e+10  3.19%  37.3 1910s
 74131  3230 7.5551e+10  167   67 7.3219e+10 7.5551e+10  3.19%  37.4 1915s
 74372  3221 7.5551e+10  148   54 7.3219e+10 7.5551e+10  3.19%  37.4 1920s
 74520  3239 7.5551e+10  159   37 7.3219e+10 7.5551e+10  3.19%  37.4 1926s
 74792  3241 7.5551e+10  166   36 7.3219e+10 7.5551e+10  3.19%  37.4 1930s
 75293  3250 infeasible  165      7.3219e+10 7.5551e+10  3.19%  37.3 1935s
 75710  3313 7.5551e+10  121   47 7.3219e+10 7.5551e+10  3.19%  37.2 1940s
 75985  3409 7.5551e+10  134   60 7.3219e+10 7.5551e+10  3.19%  37.2 1945s
 76179  3417 7.5551e+10  144   50 7.3219e+10 7.5551e+10  3.19%  37.2 1950s
 76476  3424 infeasible  138      7.3219e+10 7.5551e+10  3.19%  37.3 1955s
 76668  3438 infeasible  140      7.3219e+10 7.5551e+10  3.19%  37.4 1960s
 76944  3434 infeasible  147      7.3219e+10 7.5551e+10  3.19%  37.4 1965s
 77244  3428 7.5551e+10  146   42 7.3219e+10 7.5551e+10  3.19%  37.4 1972s
 77449  3431 7.5551e+10  154   39 7.3219e+10 7.5551e+10  3.19%  37.4 1975s
 77765  3437 7.5551e+10  161   25 7.3219e+10 7.5551e+10  3.19%  37.5 1980s
 78091  3457 infeasible  165      7.3219e+10 7.5551e+10  3.19%  37.6 1985s
 78147  3447 7.5551e+10  162   32 7.3219e+10 7.5551e+10  3.19%  37.6 1990s
 78404  3434 infeasible  160      7.3219e+10 7.5551e+10  3.19%  37.7 1995s
 78805  3429 infeasible  159      7.3219e+10 7.5551e+10  3.19%  37.9 2000s
 79058  3467 7.5551e+10  143   58 7.3219e+10 7.5551e+10  3.19%  37.9 2005s
 79285  3458 infeasible  143      7.3219e+10 7.5551e+10  3.19%  38.0 2010s
 79506  3461 7.5551e+10  148   54 7.3219e+10 7.5551e+10  3.19%  38.0 2015s
 79764  3463 infeasible  150      7.3219e+10 7.5551e+10  3.19%  38.1 2020s
 80057  3434 7.5551e+10  143   74 7.3219e+10 7.5551e+10  3.19%  38.1 2025s
 80301  3488 infeasible  141      7.3219e+10 7.5551e+10  3.19%  38.1 2030s
 80563  3482 7.5551e+10  140   45 7.3219e+10 7.5551e+10  3.19%  38.1 2035s
 80853  3478 infeasible  149      7.3219e+10 7.5551e+10  3.19%  38.1 2040s
 81140  3479 7.5551e+10  168   87 7.3219e+10 7.5551e+10  3.19%  38.2 2045s
 81417  3486 7.5551e+10  141   53 7.3219e+10 7.5551e+10  3.19%  38.2 2050s
 81761  3494 7.5551e+10  166   18 7.3219e+10 7.5551e+10  3.19%  38.2 2059s
 81768  3493 infeasible  168      7.3219e+10 7.5551e+10  3.19%  38.2 2060s
 82084  3520 infeasible  169      7.3219e+10 7.5551e+10  3.19%  38.1 2065s
 82340  3506 7.5551e+10  135   46 7.3219e+10 7.5551e+10  3.19%  38.2 2070s
 82452  3492 7.5551e+10  131   38 7.3219e+10 7.5551e+10  3.19%  38.2 2075s
 82683  3497 7.5551e+10  143   49 7.3219e+10 7.5551e+10  3.19%  38.2 2080s
 82996  3496 7.5551e+10  137   40 7.3219e+10 7.5551e+10  3.19%  38.3 2085s
 83204  3513 infeasible  141      7.3219e+10 7.5551e+10  3.19%  38.3 2090s
 83499  3534 7.5551e+10  150   34 7.3219e+10 7.5551e+10  3.19%  38.4 2095s
 83754  3537 7.5551e+10  142   36 7.3219e+10 7.5551e+10  3.19%  38.4 2100s
 84106  3541 7.5551e+10  168   41 7.3219e+10 7.5551e+10  3.19%  38.3 2105s
 84543  3548 infeasible  180      7.3219e+10 7.5551e+10  3.19%  38.3 2110s
 84918  3561 7.5551e+10  136   57 7.3219e+10 7.5551e+10  3.19%  38.2 2115s
 85151  3568 7.5551e+10  134   50 7.3219e+10 7.5551e+10  3.19%  38.3 2120s
 85545  3617 infeasible  176      7.3219e+10 7.5551e+10  3.19%  38.3 2125s
 85803  3571 7.5551e+10  137   55 7.3219e+10 7.5551e+10  3.19%  38.3 2130s
 86059  3583 7.5551e+10  140   39 7.3219e+10 7.5551e+10  3.19%  38.3 2135s
 86285  3579 7.5551e+10  138   37 7.3219e+10 7.5551e+10  3.19%  38.4 2143s
 86346  3576 7.5551e+10  137   40 7.3219e+10 7.5551e+10  3.19%  38.4 2145s
 86581  3569 7.5551e+10  137   42 7.3219e+10 7.5551e+10  3.19%  38.5 2150s
 86764  3566 7.5551e+10  136   44 7.3219e+10 7.5551e+10  3.19%  38.5 2155s
 87083  3569 7.5551e+10  139   47 7.3219e+10 7.5551e+10  3.19%  38.5 2160s
 87311  3573 7.5551e+10  136   57 7.3219e+10 7.5551e+10  3.19%  38.6 2165s
 87446  3571 7.5551e+10  131   67 7.3219e+10 7.5551e+10  3.19%  38.6 2170s
 87667  3570 7.5551e+10  135   51 7.3219e+10 7.5551e+10  3.19%  38.6 2175s
 87930  3567 infeasible  133      7.3219e+10 7.5551e+10  3.19%  38.7 2180s
 88225  3632 infeasible  127      7.3219e+10 7.5551e+10  3.19%  38.7 2185s
 88526  3664 infeasible  126      7.3219e+10 7.5551e+10  3.19%  38.6 2190s
 88942  3646 7.5551e+10  138   25 7.3219e+10 7.5551e+10  3.19%  38.6 2195s
 89279  3637 infeasible  138      7.3219e+10 7.5551e+10  3.19%  38.6 2200s
 89364  3628 7.5551e+10  125   50 7.3219e+10 7.5551e+10  3.19%  38.6 2206s
 89496  3633 7.5551e+10  134   24 7.3219e+10 7.5551e+10  3.19%  38.5 2210s
 89758  3642 7.5551e+10  130   53 7.3219e+10 7.5551e+10  3.19%  38.5 2215s
 90083  3630 infeasible  129      7.3219e+10 7.5551e+10  3.19%  38.5 2220s
 90773  3659 7.5551e+10  138   30 7.3219e+10 7.5551e+10  3.19%  38.3 2225s
 91075  3632 7.5551e+10  125   48 7.3219e+10 7.5551e+10  3.19%  38.2 2230s
 91367  3632 infeasible  132      7.3219e+10 7.5551e+10  3.19%  38.2 2235s
 91664  3631 infeasible  122      7.3219e+10 7.5551e+10  3.19%  38.2 2240s
 91870  3639 7.5551e+10  128   54 7.3219e+10 7.5551e+10  3.19%  38.2 2245s
 92084  3640 infeasible  132      7.3219e+10 7.5551e+10  3.19%  38.2 2250s
 92475  3678 7.5551e+10  161   24 7.3219e+10 7.5551e+10  3.19%  38.2 2255s
 92710  3651 infeasible  143      7.3219e+10 7.5551e+10  3.19%  38.2 2260s
 92975  3655 7.5551e+10  140   49 7.3219e+10 7.5551e+10  3.19%  38.1 2265s
 93298  3632 infeasible  122      7.3219e+10 7.5551e+10  3.19%  38.1 2270s
 93614  3656 7.5551e+10  153   36 7.3219e+10 7.5551e+10  3.19%  38.1 2275s
 93997  3670 7.5551e+10  151   30 7.3219e+10 7.5551e+10  3.19%  38.1 2280s
 94200  3771 7.5551e+10  177   32 7.3219e+10 7.5551e+10  3.19%  38.0 2289s
 94205  3768 infeasible  178      7.3219e+10 7.5551e+10  3.19%  38.0 2290s
 94480  3765 7.5551e+10  171   24 7.3219e+10 7.5551e+10  3.19%  38.0 2295s
 94745  3786 7.5551e+10  173   20 7.3219e+10 7.5551e+10  3.19%  38.0 2300s
 95069  3784 7.5551e+10  169   35 7.3219e+10 7.5551e+10  3.19%  38.0 2305s
 95360  3802 7.5551e+10  175   28 7.3219e+10 7.5551e+10  3.19%  37.9 2310s
 95711  3783 7.5551e+10  172   42 7.3219e+10 7.5551e+10  3.19%  37.9 2315s
 96047  3803 7.5551e+10  163   28 7.3219e+10 7.5551e+10  3.19%  37.8 2320s
 96363  3786 infeasible  173      7.3219e+10 7.5551e+10  3.19%  37.8 2325s
 96662  3777 7.5551e+10  164   14 7.3219e+10 7.5551e+10  3.19%  37.8 2330s
 97027  3780 7.5551e+10  184   29 7.3219e+10 7.5551e+10  3.19%  37.7 2335s
 97364  3761 7.5551e+10  170   44 7.3219e+10 7.5551e+10  3.19%  37.6 2340s
 97696  3760 infeasible  175      7.3219e+10 7.5551e+10  3.19%  37.6 2345s
 97908  3764 7.5551e+10  168   39 7.3219e+10 7.5551e+10  3.19%  37.6 2350s
 98151  3750 7.5551e+10  156   42 7.3219e+10 7.5551e+10  3.19%  37.5 2355s
 98407  3755 7.5551e+10  163   50 7.3219e+10 7.5551e+10  3.19%  37.5 2360s
 98732  3763 7.5551e+10  167   39 7.3219e+10 7.5551e+10  3.19%  37.5 2365s
 99043  3758 7.5551e+10  164   22 7.3219e+10 7.5551e+10  3.19%  37.5 2370s
 99344  3756 7.5551e+10  161   46 7.3219e+10 7.5551e+10  3.19%  37.4 2375s
 99670  3763 7.5551e+10  166   34 7.3219e+10 7.5551e+10  3.19%  37.4 2380s
 99992  3758 infeasible  171      7.3219e+10 7.5551e+10  3.19%  37.3 2385s
 100259  3768 7.5551e+10  164   59 7.3219e+10 7.5551e+10  3.19%  37.3 2394s
 100268  3769 7.5551e+10  167   40 7.3219e+10 7.5551e+10  3.19%  37.3 2395s
 100482  3749 7.5551e+10  166   60 7.3219e+10 7.5551e+10  3.19%  37.3 2400s
 100765  3749 infeasible  163      7.3219e+10 7.5551e+10  3.19%  37.2 2405s
 101092  3868 infeasible  150      7.3219e+10 7.5551e+10  3.19%  37.2 2410s
 101377  3879 7.5551e+10  154   34 7.3219e+10 7.5551e+10  3.19%  37.2 2415s
 101564  3852 infeasible  138      7.3219e+10 7.5551e+10  3.19%  37.2 2420s
 101822  3848 7.5551e+10  134   33 7.3219e+10 7.5551e+10  3.19%  37.2 2425s
 102085  3865 infeasible  149      7.3219e+10 7.5551e+10  3.19%  37.2 2430s
 102411  3871 7.5551e+10  154   21 7.3219e+10 7.5551e+10  3.19%  37.2 2435s
 102724  3854 7.5551e+10  150   30 7.3219e+10 7.5551e+10  3.19%  37.2 2440s
 103009  3863 7.5551e+10  144   44 7.3219e+10 7.5551e+10  3.19%  37.1 2446s
 103137  3847 infeasible  135      7.3219e+10 7.5551e+10  3.19%  37.1 2450s
 103361  3837 7.5551e+10  129   41 7.3219e+10 7.5551e+10  3.19%  37.2 2455s
 103619  3841 7.5551e+10  135   42 7.3219e+10 7.5551e+10  3.19%  37.2 2460s
 103839  3876 infeasible  152      7.3219e+10 7.5551e+10  3.19%  37.2 2465s
 104090  3875 infeasible  147      7.3219e+10 7.5551e+10  3.19%  37.2 2470s
 104321  3841 infeasible  141      7.3219e+10 7.5551e+10  3.19%  37.2 2475s
 104515  3833 infeasible  126      7.3219e+10 7.5551e+10  3.19%  37.2 2480s
 104780  3822 infeasible  123      7.3219e+10 7.5551e+10  3.19%  37.3 2485s
 105014  3826 infeasible  125      7.3219e+10 7.5551e+10  3.19%  37.3 2490s
 105193  3797 infeasible  167      7.3219e+10 7.5551e+10  3.19%  37.3 2495s
 105461  3785 7.5551e+10  158   34 7.3219e+10 7.5551e+10  3.19%  37.3 2500s
 105680  3778 7.5551e+10  153   34 7.3219e+10 7.5551e+10  3.19%  37.3 2505s
 105762  3788 7.5551e+10  161   61 7.3219e+10 7.5551e+10  3.19%  37.3 2510s
 105972  3780 infeasible  151      7.3219e+10 7.5551e+10  3.19%  37.3 2515s
 106206  3776 infeasible  147      7.3219e+10 7.5551e+10  3.19%  37.3 2520s
 106416  3768 7.5551e+10  141   58 7.3219e+10 7.5551e+10  3.19%  37.3 2525s
 106648  3762 7.5551e+10  134   51 7.3219e+10 7.5551e+10  3.19%  37.3 2530s
 106862  3754 infeasible  126      7.3219e+10 7.5551e+10  3.19%  37.4 2535s
 107130  3740 7.5551e+10  115   56 7.3219e+10 7.5551e+10  3.19%  37.4 2540s
 107445  3803 7.5551e+10  177   35 7.3219e+10 7.5551e+10  3.19%  37.4 2545s
 107746  3811 infeasible  184      7.3219e+10 7.5551e+10  3.19%  37.3 2550s
 108083  3786 7.5551e+10  159   31 7.3219e+10 7.5551e+10  3.19%  37.3 2555s
 108218  3781 7.5551e+10  160   39 7.3219e+10 7.5551e+10  3.19%  37.4 2560s
 108386  3795 7.5551e+10  155   38 7.3219e+10 7.5551e+10  3.19%  37.4 2566s
 108519  3786 infeasible  165      7.3219e+10 7.5551e+10  3.19%  37.4 2570s
 108750  3819 infeasible  162      7.3219e+10 7.5551e+10  3.19%  37.4 2575s
 109031  3778 7.5551e+10  160   31 7.3219e+10 7.5551e+10  3.19%  37.4 2580s
 109258  3787 7.5551e+10  156   37 7.3219e+10 7.5551e+10  3.19%  37.5 2585s
 109553  3778 7.5551e+10  161   33 7.3219e+10 7.5551e+10  3.19%  37.5 2590s
 109764  3753 infeasible  133      7.3219e+10 7.5551e+10  3.19%  37.5 2595s
 110069  3776 7.5551e+10  143   44 7.3219e+10 7.5551e+10  3.19%  37.5 2600s
 110455  3795 7.5551e+10  165   10 7.3219e+10 7.5551e+10  3.19%  37.4 2605s
 110818  3748 infeasible  118      7.3219e+10 7.5551e+10  3.19%  37.4 2610s
 111053  3760 infeasible  125      7.3219e+10 7.5551e+10  3.19%  37.4 2615s
 111284  3745 7.5551e+10  119   40 7.3219e+10 7.5551e+10  3.19%  37.4 2620s
 111530  3745 7.5551e+10  115   51 7.3219e+10 7.5551e+10  3.19%  37.4 2625s
 111749  3762 7.5551e+10  125   43 7.3219e+10 7.5551e+10  3.19%  37.4 2633s
 111786  3771 infeasible  131      7.3219e+10 7.5551e+10  3.19%  37.4 2635s
 112026  3781 7.5551e+10  114  101 7.3219e+10 7.5551e+10  3.19%  37.4 2640s
 112266  3837 7.5551e+10  112   62 7.3219e+10 7.5551e+10  3.19%  37.4 2645s
 112559  3798 infeasible  132      7.3219e+10 7.5551e+10  3.19%  37.4 2650s
 112796  3767 7.5551e+10  128   50 7.3219e+10 7.5551e+10  3.19%  37.4 2655s
 113220  3794 infeasible  162      7.3219e+10 7.5551e+10  3.19%  37.3 2660s
 113410  3774 infeasible  144      7.3219e+10 7.5551e+10  3.19%  37.3 2665s
 113710  3768 infeasible  141      7.3219e+10 7.5551e+10  3.19%  37.3 2670s
 113968  3798 7.5551e+10  148   31 7.3219e+10 7.5551e+10  3.19%  37.3 2675s
 114271  3799 infeasible  149      7.3219e+10 7.5551e+10  3.19%  37.2 2680s
 114532  3804 infeasible  155      7.3219e+10 7.5551e+10  3.19%  37.2 2685s
 114848  3824 7.5551e+10  148   18 7.3219e+10 7.5551e+10  3.19%  37.2 2690s
 115144  3812 infeasible  150      7.3219e+10 7.5551e+10  3.19%  37.2 2695s
 115412  3814 7.5551e+10  146   45 7.3219e+10 7.5551e+10  3.19%  37.2 2700s
 115669  3813 7.5551e+10  149   37 7.3219e+10 7.5551e+10  3.19%  37.1 2705s
 116001  3831 infeasible  154      7.3219e+10 7.5551e+10  3.19%  37.1 2710s
 116023  3833 7.5551e+10  151   34 7.3219e+10 7.5551e+10  3.19%  37.1 2715s
 116268  3828 infeasible  160      7.3219e+10 7.5551e+10  3.19%  37.1 2720s
 116604  3812 7.5551e+10  147   21 7.3219e+10 7.5551e+10  3.19%  37.1 2725s
 116891  3813 7.5551e+10  147   22 7.3219e+10 7.5551e+10  3.19%  37.0 2730s
 117206  3812 7.5551e+10  146   18 7.3219e+10 7.5551e+10  3.19%  37.0 2735s
 117521  3803 infeasible  146      7.3219e+10 7.5551e+10  3.19%  37.0 2740s
 117773  3791 7.5551e+10  148   20 7.3219e+10 7.5551e+10  3.19%  37.0 2745s
 118074  3818 infeasible  152      7.3219e+10 7.5551e+10  3.19%  36.9 2750s
 118323  3841 infeasible  154      7.3219e+10 7.5551e+10  3.19%  36.9 2756s
 118528  3848 infeasible  154      7.3219e+10 7.5551e+10  3.19%  36.9 2760s
 118780  3818 infeasible  150      7.3219e+10 7.5551e+10  3.19%  36.9 2765s
 119053  3827 7.5551e+10  159   30 7.3219e+10 7.5551e+10  3.19%  36.8 2770s
 119338  3838 infeasible  160      7.3219e+10 7.5551e+10  3.19%  36.8 2775s
 119620  3838 7.5551e+10  157   30 7.3219e+10 7.5551e+10  3.19%  36.8 2780s
 119675  3839 7.5551e+10  160   14 7.3219e+10 7.5551e+10  3.19%  36.8 2786s
 119834  3846 infeasible  155      7.3219e+10 7.5551e+10  3.19%  36.8 2790s
 120119  3827 7.5551e+10  155   25 7.3219e+10 7.5551e+10  3.19%  36.8 2795s
 120405  3813 7.5551e+10  146   29 7.3219e+10 7.5551e+10  3.19%  36.7 2800s
 120657  3813 7.5551e+10  148   21 7.3219e+10 7.5551e+10  3.19%  36.7 2805s
 121000  3830 infeasible  157      7.3219e+10 7.5551e+10  3.19%  36.7 2810s
 121266  3820 infeasible  147      7.3219e+10 7.5551e+10  3.19%  36.7 2815s
 121595  3806 infeasible  148      7.3219e+10 7.5551e+10  3.19%  36.6 2820s
 121817  3854 infeasible  170      7.3219e+10 7.5551e+10  3.19%  36.7 2825s
 122014  3849 7.5551e+10  175   32 7.3219e+10 7.5551e+10  3.19%  36.7 2830s
 122218  3859 infeasible  137      7.3219e+10 7.5551e+10  3.19%  36.7 2835s
 122502  3913 7.5551e+10  166   90 7.3219e+10 7.5551e+10  3.19%  36.8 2840s
 122777  3926 7.5551e+10  168   77 7.3219e+10 7.5551e+10  3.19%  36.7 2845s
 122959  3920 7.5551e+10  164   77 7.3219e+10 7.5551e+10  3.19%  36.7 2850s
 123155  3928 7.5551e+10  177   62 7.3219e+10 7.5551e+10  3.19%  36.7 2855s
 123411  3920 infeasible  176      7.3219e+10 7.5551e+10  3.19%  36.7 2860s
 123533  3916 7.5551e+10  174   40 7.3219e+10 7.5551e+10  3.19%  36.7 2865s
 123799  3915 infeasible  175      7.3219e+10 7.5551e+10  3.19%  36.7 2870s
 123826  3914 7.5551e+10  170   38 7.3219e+10 7.5551e+10  3.19%  36.7 2875s
 124089  3925 infeasible  170      7.3219e+10 7.5551e+10  3.19%  36.7 2880s
 124322  3911 infeasible  170      7.3219e+10 7.5551e+10  3.19%  36.7 2885s
 124509  3916 infeasible  172      7.3219e+10 7.5551e+10  3.19%  36.7 2890s
 124769  3926 7.5551e+10   79   40 7.3219e+10 7.5551e+10  3.19%  36.7 2895s
 125051  4102 7.5551e+10  139   39 7.3219e+10 7.5551e+10  3.19%  36.6 2900s
 125330  4205 7.5551e+10   92   78 7.3219e+10 7.5551e+10  3.19%  36.6 2905s
 125735  4212 7.5551e+10  106   53 7.3219e+10 7.5551e+10  3.19%  36.6 2910s
 125990  4218 infeasible  104      7.3219e+10 7.5551e+10  3.19%  36.6 2915s
 126309  4262 7.5551e+10  105   54 7.3219e+10 7.5551e+10  3.19%  36.6 2920s
 126650  4240 infeasible  137      7.3219e+10 7.5551e+10  3.19%  36.5 2925s
 127161  4227 7.5551e+10  119   40 7.3219e+10 7.5551e+10  3.19%  36.5 2930s
 127515  4221 7.5551e+10  109   62 7.3219e+10 7.5551e+10  3.19%  36.4 2935s
 127875  4237 7.5551e+10  113   28 7.3219e+10 7.5551e+10  3.19%  36.4 2940s
 128207  4272 7.5551e+10  142   26 7.3219e+10 7.5551e+10  3.19%  36.4 2945s
 128266  4281 7.5551e+10  142   12 7.3219e+10 7.5551e+10  3.19%  36.3 2950s
 128525  4318 infeasible  110      7.3219e+10 7.5551e+10  3.19%  36.3 2956s
 128669  4310 7.5551e+10  104   62 7.3219e+10 7.5551e+10  3.19%  36.3 2960s
 129051  4372 infeasible  183      7.3219e+10 7.5551e+10  3.19%  36.3 2965s
 129315  4354 7.5551e+10  136   27 7.3219e+10 7.5551e+10  3.19%  36.3 2970s
 129695  4358 infeasible  139      7.3219e+10 7.5551e+10  3.19%  36.2 2975s
 130163  4372 7.5551e+10  155    6 7.3219e+10 7.5551e+10  3.19%  36.2 2980s
 130640  4385 7.5551e+10  150   14 7.3219e+10 7.5551e+10  3.19%  36.1 2985s
 131006  4409 infeasible  124      7.3219e+10 7.5551e+10  3.19%  36.1 2990s
 131306  4481 infeasible  168      7.3219e+10 7.5551e+10  3.19%  36.1 2995s
 131600  4472 7.5551e+10  159   56 7.3219e+10 7.5551e+10  3.19%  36.1 3000s
 131840  4446 infeasible  149      7.3219e+10 7.5551e+10  3.19%  36.1 3005s
 132141  4464 7.5551e+10  132   51 7.3219e+10 7.5551e+10  3.19%  36.2 3010s
 132380  4472 7.5551e+10  134   72 7.3219e+10 7.5551e+10  3.19%  36.2 3015s
 132623  4493 7.5551e+10  167   36 7.3219e+10 7.5551e+10  3.19%  36.2 3020s
 132909  4497 infeasible  140      7.3219e+10 7.5551e+10  3.19%  36.3 3025s
 133139  4501 7.5551e+10  138   42 7.3219e+10 7.5551e+10  3.19%  36.3 3030s
 133167  4501 7.5551e+10  143   44 7.3219e+10 7.5551e+10  3.19%  36.4 3035s
 133353  4459 infeasible  161      7.3219e+10 7.5551e+10  3.19%  36.4 3040s
 133555  4469 infeasible  142      7.3219e+10 7.5551e+10  3.19%  36.5 3045s
 133742  4469 7.5551e+10  131   63 7.3219e+10 7.5551e+10  3.19%  36.5 3050s
 133875  4492 infeasible  136      7.3219e+10 7.5551e+10  3.19%  36.5 3055s
 134085  4490 7.5551e+10  132   60 7.3219e+10 7.5551e+10  3.19%  36.6 3060s
 134302  4554 7.5551e+10  112   60 7.3219e+10 7.5551e+10  3.19%  36.6 3065s
 134529  4578 7.5551e+10  155   58 7.3219e+10 7.5551e+10  3.19%  36.7 3070s
 134758  4599 7.5551e+10  163   59 7.3219e+10 7.5551e+10  3.19%  36.7 3075s
 135003  4648 7.5551e+10  172   42 7.3219e+10 7.5551e+10  3.19%  36.7 3080s
 135301  4660 7.5551e+10  160   50 7.3219e+10 7.5551e+10  3.19%  36.7 3085s
 135632  4680 7.5551e+10  187    8 7.3219e+10 7.5551e+10  3.19%  36.7 3090s
 135911  4697 infeasible  156      7.3219e+10 7.5551e+10  3.19%  36.7 3095s
 136175  4753 7.5551e+10  146   67 7.3219e+10 7.5551e+10  3.19%  36.6 3100s
 136439  4766 7.5551e+10  104   62 7.3219e+10 7.5551e+10  3.19%  36.6 3105s
 136680  4756 7.5551e+10  100   60 7.3219e+10 7.5551e+10  3.19%  36.6 3110s
 137012  4786 7.5551e+10   95   28 7.3219e+10 7.5551e+10  3.19%  36.6 3115s
 137147  4860 7.5551e+10  135   34 7.3219e+10 7.5551e+10  3.19%  36.6 3123s
 137185  4876 7.5551e+10   87   71 7.3219e+10 7.5551e+10  3.19%  36.6 3125s
 137550  5030 infeasible  108      7.3219e+10 7.5551e+10  3.19%  36.6 3130s
 137825  5061 7.5551e+10  114   56 7.3219e+10 7.5551e+10  3.19%  36.5 3135s
 138173  5075 infeasible  112      7.3219e+10 7.5551e+10  3.19%  36.5 3140s
 138687  5135 infeasible  159      7.3219e+10 7.5551e+10  3.19%  36.4 3145s
 138987  5081 7.5551e+10  135   24 7.3219e+10 7.5551e+10  3.19%  36.4 3150s
 139456  5079 7.5551e+10  137   28 7.3219e+10 7.5551e+10  3.19%  36.3 3155s
 140071  5100 7.5551e+10  147   24 7.3219e+10 7.5551e+10  3.19%  36.2 3160s
 140376  5074 7.5551e+10  116   48 7.3219e+10 7.5551e+10  3.19%  36.1 3165s
 140730  5070 7.5551e+10  121   53 7.3219e+10 7.5551e+10  3.19%  36.1 3170s
 141104  5102 7.5551e+10  155   25 7.3219e+10 7.5551e+10  3.19%  36.1 3175s
 141431  5069 7.5551e+10  122   57 7.3219e+10 7.5551e+10  3.19%  36.0 3180s
 141689  5107 7.5551e+10  111  104 7.3219e+10 7.5551e+10  3.19%  36.0 3185s
 141957  5098 infeasible  116      7.3219e+10 7.5551e+10  3.19%  36.0 3190s
 142261  5161 7.5551e+10  112   70 7.3219e+10 7.5551e+10  3.19%  36.0 3195s
 142546  5150 infeasible  106      7.3219e+10 7.5551e+10  3.19%  36.0 3200s
 143018  5117 7.5551e+10  134   29 7.3219e+10 7.5551e+10  3.19%  35.9 3205s
 143447  5125 infeasible  143      7.3219e+10 7.5551e+10  3.19%  35.9 3210s
 144066  5116 7.5551e+10  130   23 7.3219e+10 7.5551e+10  3.19%  35.8 3215s
 144192  5116 7.5551e+10  133   27 7.3219e+10 7.5551e+10  3.19%  35.8 3222s
 144466  5126 7.5551e+10  142   18 7.3219e+10 7.5551e+10  3.19%  35.7 3225s
 145013  5131 7.5551e+10  142   18 7.3219e+10 7.5551e+10  3.19%  35.6 3230s
 145618  5164 infeasible  144      7.3219e+10 7.5551e+10  3.19%  35.5 3235s
 146284  5152 7.5551e+10  142   25 7.3219e+10 7.5551e+10  3.19%  35.4 3241s
 146814  5140 7.5551e+10  133   22 7.3219e+10 7.5551e+10  3.19%  35.3 3245s
 147500  5201 7.5551e+10  101   63 7.3219e+10 7.5551e+10  3.19%  35.2 3250s
 147845  5232 7.5551e+10  121   54 7.3219e+10 7.5551e+10  3.19%  35.2 3255s
 148288  5257 7.5551e+10  145   37 7.3219e+10 7.5551e+10  3.19%  35.1 3260s
 148805  5224 7.5551e+10  117   61 7.3219e+10 7.5551e+10  3.19%  35.0 3265s
 149216  5293 7.5551e+10  175   31 7.3219e+10 7.5551e+10  3.19%  35.0 3270s
 149428  5281 7.5551e+10  172   20 7.3219e+10 7.5551e+10  3.19%  35.0 3275s
 149858  5271 7.5551e+10  172   20 7.3219e+10 7.5551e+10  3.19%  35.0 3280s
 150215  5308 7.5551e+10  169   29 7.3219e+10 7.5551e+10  3.19%  34.9 3288s
 150246  5301 7.5551e+10  166   37 7.3219e+10 7.5551e+10  3.19%  34.9 3290s
 150599  5306 infeasible  168      7.3219e+10 7.5551e+10  3.19%  34.9 3295s
 151038  5316 7.5551e+10  168    8 7.3219e+10 7.5551e+10  3.19%  34.8 3300s
 151498  5324 7.5551e+10  170   12 7.3219e+10 7.5551e+10  3.19%  34.8 3305s
 151891  5299 infeasible  174      7.3219e+10 7.5551e+10  3.19%  34.7 3310s
 152330  5304 7.5551e+10  171   20 7.3219e+10 7.5551e+10  3.19%  34.7 3315s
 152733  5275 infeasible  167      7.3219e+10 7.5551e+10  3.19%  34.7 3320s
 153190  5334 7.5551e+10  174   27 7.3219e+10 7.5551e+10  3.19%  34.6 3325s
 153473  5333 7.5551e+10  178   22 7.3219e+10 7.5551e+10  3.19%  34.6 3330s
 153822  5332 infeasible  174      7.3219e+10 7.5551e+10  3.19%  34.6 3335s
 154260  5340 7.5551e+10  174   20 7.3219e+10 7.5551e+10  3.19%  34.5 3340s
 154484  5338 7.5551e+10  167   36 7.3219e+10 7.5551e+10  3.19%  34.5 3345s
 154798  5347 infeasible  103      7.3219e+10 7.5551e+10  3.19%  34.5 3350s
 155175  5340 7.5551e+10  103   70 7.3219e+10 7.5551e+10  3.19%  34.5 3355s
 155533  5342 infeasible  108      7.3219e+10 7.5551e+10  3.19%  34.4 3360s
 155882  5344 7.5551e+10  102   74 7.3219e+10 7.5551e+10  3.19%  34.4 3365s
 156147  5366 7.5551e+10  111   93 7.3219e+10 7.5551e+10  3.19%  34.4 3370s
 156312  5397 7.5551e+10  130   40 7.3219e+10 7.5551e+10  3.19%  34.4 3376s
 156448  5374 infeasible  112      7.3219e+10 7.5551e+10  3.19%  34.4 3380s
 156687  5367 7.5551e+10  111   77 7.3219e+10 7.5551e+10  3.19%  34.5 3385s
 156915  5373 7.5551e+10  114   82 7.3219e+10 7.5551e+10  3.19%  34.5 3390s
 157174  5370 7.5551e+10  120   93 7.3219e+10 7.5551e+10  3.19%  34.5 3395s
 157411  5367 7.5551e+10  118   57 7.3219e+10 7.5551e+10  3.19%  34.5 3400s
 157640  5378 7.5551e+10  116   81 7.3219e+10 7.5551e+10  3.19%  34.5 3405s
 157853  5359 infeasible  122      7.3219e+10 7.5551e+10  3.19%  34.6 3410s
 158139  5367 7.5551e+10  118   62 7.3219e+10 7.5551e+10  3.19%  34.6 3415s
 158385  5359 7.5551e+10  117   63 7.3219e+10 7.5551e+10  3.19%  34.6 3420s
 158658  5354 infeasible  116      7.3219e+10 7.5551e+10  3.19%  34.6 3425s
 158934  5356 infeasible  121      7.3219e+10 7.5551e+10  3.19%  34.6 3430s
 159143  5379 7.5551e+10  125   55 7.3219e+10 7.5551e+10  3.19%  34.6 3440s
 159296  5358 7.5551e+10  117   54 7.3219e+10 7.5551e+10  3.19%  34.6 3445s
 159468  5362 infeasible  117      7.3219e+10 7.5551e+10  3.19%  34.7 3450s
 159663  5363 infeasible  117      7.3219e+10 7.5551e+10  3.19%  34.7 3455s
 159889  5380 7.5551e+10  123   52 7.3219e+10 7.5551e+10  3.19%  34.7 3460s
 160115  5364 7.5551e+10  114   64 7.3219e+10 7.5551e+10  3.19%  34.7 3465s
 160370  5391 7.5551e+10  125   65 7.3219e+10 7.5551e+10  3.19%  34.7 3470s
 160695  5413 7.5551e+10  137   28 7.3219e+10 7.5551e+10  3.19%  34.8 3475s
 161100  5416 infeasible  155      7.3219e+10 7.5551e+10  3.19%  34.7 3480s
 161510  5414 infeasible  153      7.3219e+10 7.5551e+10  3.19%  34.7 3485s
 161930  5424 infeasible  161      7.3219e+10 7.5551e+10  3.19%  34.7 3490s
 162320  5412 7.5551e+10  151   28 7.3219e+10 7.5551e+10  3.19%  34.6 3495s
 162856  5412 7.5551e+10  150   22 7.3219e+10 7.5551e+10  3.19%  34.6 3500s
 163381  5425 7.5551e+10  160   13 7.3219e+10 7.5551e+10  3.19%  34.5 3505s
 163846  5412 7.5551e+10  147   22 7.3219e+10 7.5551e+10  3.19%  34.5 3510s
 164362  5406 7.5551e+10  145   20 7.3219e+10 7.5551e+10  3.19%  34.4 3515s
 164668  5422 infeasible  158      7.3219e+10 7.5551e+10  3.19%  34.4 3520s
 165146  5420 7.5551e+10  156   25 7.3219e+10 7.5551e+10  3.19%  34.3 3525s
 165683  5423 infeasible  152      7.3219e+10 7.5551e+10  3.19%  34.3 3530s
 166184  5414 7.5551e+10  153   22 7.3219e+10 7.5551e+10  3.19%  34.2 3535s
 166574  5430 infeasible  160      7.3219e+10 7.5551e+10  3.19%  34.2 3540s
 167029  5413 infeasible  157      7.3219e+10 7.5551e+10  3.19%  34.2 3545s
 167535  5451 infeasible  156      7.3219e+10 7.5551e+10  3.19%  34.1 3550s
 167928  5460 infeasible  105      7.3219e+10 7.5551e+10  3.19%  34.1 3555s
 168261  5463 infeasible   96      7.3219e+10 7.5551e+10  3.19%  34.1 3560s
 168266  5464 7.5551e+10  101   63 7.3219e+10 7.5551e+10  3.19%  34.1 3565s
 168603  5474 infeasible  102      7.3219e+10 7.5551e+10  3.19%  34.0 3570s
 168965  5477 7.5551e+10  107   44 7.3219e+10 7.5551e+10  3.19%  34.0 3575s
 169404  5454 infeasible  103      7.3219e+10 7.5551e+10  3.19%  34.0 3580s
 169719  5455 infeasible  104      7.3219e+10 7.5551e+10  3.19%  34.0 3585s
 169963  5479 infeasible  146      7.3219e+10 7.5551e+10  3.19%  34.0 3590s
 170284  5451 infeasible  110      7.3219e+10 7.5551e+10  3.19%  34.0 3595s

Cutting planes:
  Learned: 2
  Gomory: 6
  Cover: 8
  Implied bound: 11
  Clique: 8
  Flow cover: 7
  Zero half: 6
  RLT: 6
  Relax-and-lift: 5
  BQP: 1

Explored 170396 nodes (5829087 simplex iterations) in 3596.59 seconds (1682.26 work units)
Thread count was 1 (of 28 available processors)

Solution count 5: 7.32188e+10 7.2908e+10 7.27862e+10 ... 7.25426e+10

Time limit reached
Best objective 7.321877010000e+10, best bound 7.555117500000e+10, gap 3.1855%

User-callback calls 1795478, time in user-callback 1.27 sec