Gurobi Optimizer version 12.0.3 build v12.0.3rc0 (linux64 - "Oracle Linux Server 9.4")

CPU model: Intel(R) Xeon(R) CPU E5-2660 v4 @ 2.00GHz, instruction set [SSE2|AVX|AVX2]
Thread count: 28 physical cores, 28 logical processors, using up to 1 threads

Non-default parameters:
TimeLimit  3583.207651335
SoftMemLimit  16
NumericFocus  1
Threads  1

Academic license 2690100 - for non-commercial use only - registered to ju___@uclm.es
Optimize a model with 209331 rows, 48721 columns and 790852 nonzeros
Model fingerprint: 0x92a37d94
Variable types: 246 continuous, 48475 integer (48475 binary)
Coefficient statistics:
  Matrix range     [1e+00, 2e+13]
  Objective range  [2e+08, 1e+09]
  Bounds range     [1e+03, 1e+04]
  RHS range        [1e+00, 2e+14]
Warning: Model contains large matrix coefficient range
Warning: Model contains large objective coefficients
Warning: Model contains large rhs

Loaded user MIP start with objective 6.49787e+10

Presolve removed 54213 rows and 6629 columns (presolve time = 5s)...
Presolve removed 55007 rows and 6787 columns
Presolve time: 9.70s
Presolved: 154324 rows, 41934 columns, 505578 nonzeros
Variable types: 246 continuous, 41688 integer (41688 binary)
Root relaxation presolved: 41932 rows, 196256 columns, 547422 nonzeros


Root simplex log...

Iteration    Objective       Primal Inf.    Dual Inf.      Time
       0      handle free variables                         11s
   19667    6.3841644e+10   1.247456e+09   0.000000e+00     15s
   23280    6.5175324e+10   2.902700e+07   0.000000e+00     20s
   23832    6.5325818e+10   0.000000e+00   0.000000e+00     21s
   23832    6.5325818e+10   0.000000e+00   0.000000e+00     21s
   23832    6.5325818e+10   0.000000e+00   0.000000e+00     21s

Root relaxation: objective 6.532582e+10, 23832 iterations, 11.04 seconds (7.50 work units)
Total elapsed time = 52.57s (DegenMoves)

    Nodes    |    Current Node    |     Objective Bounds      |     Work
 Expl Unexpl |  Obj  Depth IntInf | Incumbent    BestBd   Gap | It/Node Time

     0     0 6.5326e+10    0   81 6.4979e+10 6.5326e+10  0.53%     -   55s
     0     0 6.5326e+10    0 2436 6.4979e+10 6.5326e+10  0.53%     -   75s
     0     0 6.5326e+10    0 2353 6.4979e+10 6.5326e+10  0.53%     -   78s
     0     0 6.5326e+10    0  130 6.4979e+10 6.5326e+10  0.53%     -  139s
     0     0 6.5326e+10    0 2118 6.4979e+10 6.5326e+10  0.53%     -  157s
     0     0 6.5326e+10    0 1651 6.4979e+10 6.5326e+10  0.53%     -  248s
     0     0 6.5326e+10    0 1617 6.4979e+10 6.5326e+10  0.53%     -  252s
     0     0 6.5326e+10    0  141 6.4979e+10 6.5326e+10  0.53%     -  329s
     0     0 6.5326e+10    0  989 6.4979e+10 6.5326e+10  0.53%     -  334s
     0     0 6.5326e+10    0  530 6.4979e+10 6.5326e+10  0.53%     -  378s
     0     0 6.5326e+10    0 1984 6.4979e+10 6.5326e+10  0.53%     -  386s
     0     0 6.5326e+10    0  720 6.4979e+10 6.5326e+10  0.53%     -  472s
     0     0 6.5326e+10    0  111 6.4979e+10 6.5326e+10  0.53%     -  500s
     0     2 6.5326e+10    0  102 6.4979e+10 6.5326e+10  0.53%     -  582s
     3     5 6.5326e+10    2 1427 6.4979e+10 6.5326e+10  0.53%  8400  588s
     6     8 6.5326e+10    3 1430 6.4979e+10 6.5326e+10  0.53%  5586  592s
     8    10 6.5326e+10    4  109 6.4979e+10 6.5326e+10  0.53%  4838  598s
    10    12 6.5326e+10    5 1035 6.4979e+10 6.5326e+10  0.53%  4321  600s
    14    16 6.5326e+10    7 1792 6.4979e+10 6.5326e+10  0.53%  3867  607s
    15    17 6.5326e+10    8 1668 6.4979e+10 6.5326e+10  0.53%  4152  610s
    16    18 6.5326e+10    8  237 6.4979e+10 6.5326e+10  0.53%  3899  615s
    19    21 6.5326e+10   10 1320 6.4979e+10 6.5326e+10  0.53%  3797  621s
    23    25 6.5326e+10   12 1475 6.4979e+10 6.5326e+10  0.53%  3766  626s
    24    26 6.5326e+10   12  265 6.4979e+10 6.5326e+10  0.53%  3609  630s
    26    28 6.5326e+10   13 1025 6.4979e+10 6.5326e+10  0.53%  3542  658s
    27    29 6.5326e+10   14 1305 6.4979e+10 6.5326e+10  0.53%  3564  661s
    32    34 6.5326e+10   16  216 6.4979e+10 6.5326e+10  0.53%  3112  667s
    35    36 6.5326e+10   18 1041 6.4979e+10 6.5326e+10  0.53%  2911  671s
    37    38 6.5326e+10   19 1231 6.4979e+10 6.5326e+10  0.53%  2949  676s
    43    44 6.5326e+10   23 1067 6.4979e+10 6.5326e+10  0.53%  2563  681s
    48    49 6.5326e+10   26 1086 6.4979e+10 6.5326e+10  0.53%  2404  687s
    51    52 6.5326e+10   28 1078 6.4979e+10 6.5326e+10  0.53%  2284  690s
    59    60 6.5326e+10   32  968 6.4979e+10 6.5326e+10  0.53%  1987  697s
    64    65 6.5326e+10   35  960 6.4979e+10 6.5326e+10  0.53%  1837  700s
    85    86 6.5326e+10   46  987 6.4979e+10 6.5326e+10  0.53%  1396  705s
   108   109 6.5326e+10   58  971 6.4979e+10 6.5326e+10  0.53%  1133  710s
   135   136 6.5326e+10   71  995 6.4979e+10 6.5326e+10  0.53%   929  717s
   143   144 6.5326e+10   75 1022 6.4979e+10 6.5326e+10  0.53%   890  720s
   162   161 6.5326e+10   85  908 6.4979e+10 6.5326e+10  0.53%   796  748s
   169   168 6.5326e+10   89  917 6.4979e+10 6.5326e+10  0.53%   771  750s
   188   179 6.5326e+10   98  942 6.4979e+10 6.5326e+10  0.53%   703  755s
   189   180 6.5326e+10   99  943 6.4979e+10 6.5326e+10  0.53%   700  771s
   198   189 6.5326e+10  105 1001 6.4979e+10 6.5326e+10  0.53%   676  775s
   216   207 6.5326e+10  114  900 6.4979e+10 6.5326e+10  0.53%   630  780s
   244   229 infeasible  129      6.4979e+10 6.5326e+10  0.53%   561  785s
   267   250 6.5326e+10  143  961 6.4979e+10 6.5326e+10  0.53%   521  790s
   286   269 6.5326e+10  153  910 6.4979e+10 6.5326e+10  0.53%   489  795s
   298   281 6.5326e+10  159  885 6.4979e+10 6.5326e+10  0.53%   470  800s
   319   294 6.5326e+10   12  807 6.4979e+10 6.5326e+10  0.53%   459  805s
   324   299 6.5326e+10   15  810 6.4979e+10 6.5326e+10  0.53%   453  853s
   329   304 6.5326e+10   17  810 6.4979e+10 6.5326e+10  0.53%   454  855s
   349   324 6.5326e+10   28  986 6.4979e+10 6.5326e+10  0.53%   436  860s
   351   326 6.5326e+10   29  814 6.4979e+10 6.5326e+10  0.53%   433  891s
   359   334 6.5326e+10   33  839 6.4979e+10 6.5326e+10  0.53%   426  895s
   374   349 6.5326e+10   40  989 6.4979e+10 6.5326e+10  0.53%   440  900s
   378   353 6.5326e+10   42  983 6.4979e+10 6.5326e+10  0.53%   453  907s
   382   357 6.5326e+10   44 1091 6.4979e+10 6.5326e+10  0.53%   465  911s
   391   366 6.5326e+10   49  814 6.4979e+10 6.5326e+10  0.53%   477  915s
   400   375 6.5326e+10   53  809 6.4979e+10 6.5326e+10  0.53%   491  920s
   405   380 6.5326e+10   56  804 6.4979e+10 6.5326e+10  0.53%   489  944s
   410   385 6.5326e+10   59  909 6.4979e+10 6.5326e+10  0.53%   489  945s
   419   394 6.5326e+10   63  793 6.4979e+10 6.5326e+10  0.53%   503  950s
   431   405 6.5326e+10   70 1105 6.4979e+10 6.5326e+10  0.53%   523  955s
   432   406 6.5326e+10   70  787 6.4979e+10 6.5326e+10  0.53%   522  961s
   439   413 6.5326e+10   74  956 6.4979e+10 6.5326e+10  0.53%   534  965s
   449   423 6.5326e+10   80 1149 6.4979e+10 6.5326e+10  0.53%   556  970s
   459   433 6.5326e+10   87  763 6.4979e+10 6.5326e+10  0.53%   545 1020s
   467   440 6.5326e+10   93  951 6.4979e+10 6.5326e+10  0.53%   545 1025s
   472   445 6.5326e+10   96  844 6.4979e+10 6.5326e+10  0.53%   562 1030s
   486   459 6.5326e+10  103  769 6.4979e+10 6.5326e+10  0.53%   554 1113s
   488   461 6.5326e+10  104 1081 6.4979e+10 6.5326e+10  0.53%   557 1115s
   498   471 6.5326e+10  109  972 6.4979e+10 6.5326e+10  0.53%   562 1120s
   513   486 6.5326e+10  118 1139 6.4979e+10 6.5326e+10  0.53%   556 1125s
   523   495 6.5326e+10  123  712 6.4979e+10 6.5326e+10  0.53%   563 1130s
   529   500 6.5326e+10  112  111 6.4979e+10 6.5326e+10  0.53%   564 1186s
   531   501 6.5326e+10   37  310 6.4979e+10 6.5326e+10  0.53%   562 1369s
   532   502 6.5326e+10   18  183 6.4979e+10 6.5326e+10  0.53%   561 1495s
   533   503 6.5326e+10   63 1957 6.4979e+10 6.5326e+10  0.53%   560 1541s
   534   503 6.5326e+10  154   61 6.4979e+10 6.5326e+10  0.53%   559 1768s
   535   504 6.5326e+10    4   65 6.4979e+10 6.5326e+10  0.53%   558 1770s
   536   505 6.5326e+10   88  445 6.4979e+10 6.5326e+10  0.53%   557 1818s
   537   505 6.5326e+10  128 1294 6.4979e+10 6.5326e+10  0.53%   556 1828s
   538   506 6.5326e+10   21   45 6.4979e+10 6.5326e+10  0.53%   555 1909s
   539   507 6.5326e+10  156 1480 6.4979e+10 6.5326e+10  0.53%   554 1922s
   540   507 6.5326e+10   80   93 6.4979e+10 6.5326e+10  0.53%   553 2074s
   541   508 6.5326e+10  154   95 6.4979e+10 6.5326e+10  0.53%   552 2076s
   542   509 6.5326e+10   33 1408 6.4979e+10 6.5326e+10  0.53%   551 2201s
   543   509 6.5326e+10   45 1544 6.4979e+10 6.5326e+10  0.53%   550 2209s
   544   510 6.5326e+10   12  101 6.4979e+10 6.5326e+10  0.53%   549 2372s
   545   511 6.5326e+10   26  888 6.4979e+10 6.5326e+10  0.53%   548 2377s
   546   511 6.5326e+10  147  111 6.4979e+10 6.5326e+10  0.53%   547 2416s
   548   513 6.5326e+10   78  205 6.4979e+10 6.5326e+10  0.53%   545 2579s
   549   513 6.5326e+10    7 1781 6.4979e+10 6.5326e+10  0.53%   544 2600s
   550   514 6.5326e+10  145   45 6.4979e+10 6.5326e+10  0.53%   543 2716s
   551   515 6.5326e+10   33   45 6.4979e+10 6.5326e+10  0.53%   542 2725s
   552   515 6.5326e+10   63   45 6.4979e+10 6.5326e+10  0.53%   541 2741s
   553   518 6.5326e+10   14   42 6.4979e+10 6.5326e+10  0.53%  1669 2953s
   555   519 6.5326e+10   15 1305 6.4979e+10 6.5326e+10  0.53%  1681 2957s
   559   522 6.5326e+10   17  217 6.4979e+10 6.5326e+10  0.53%  1670 2960s
   561   523 6.5326e+10   18 1340 6.4979e+10 6.5326e+10  0.53%  1690 2967s
   564   525 6.5326e+10   19  334 6.4979e+10 6.5326e+10  0.53%  1683 2972s
   565   526 6.5326e+10   20 1132 6.4979e+10 6.5326e+10  0.53%  1690 2975s
   567   527 6.5326e+10   21  234 6.4979e+10 6.5326e+10  0.53%  1684 2982s
   572   531 6.5326e+10   23   69 6.4979e+10 6.5326e+10  0.53%  1670 2985s
   578   535 6.5326e+10   26 1053 6.4979e+10 6.5326e+10  0.53%  1684 2999s
   579   535 6.5326e+10   27 1127 6.4979e+10 6.5326e+10  0.53%  1692 3002s
   580   536 6.5326e+10   27 1041 6.4979e+10 6.5326e+10  0.53%  1699 3005s
   581   537 6.5326e+10   28 1586 6.4979e+10 6.5326e+10  0.53%  1704 3015s
   584   539 6.5326e+10   29  963 6.4979e+10 6.5326e+10  0.53%  1704 3020s
   590   543 6.5326e+10   33  994 6.4979e+10 6.5326e+10  0.53%  1691 3027s
   591   543 6.5326e+10   34 1066 6.4979e+10 6.5326e+10  0.53%  1688 3082s
   593   545 6.5326e+10   35  927 6.4979e+10 6.5326e+10  0.53%  1685 3085s
   597   547 6.5326e+10   38 1093 6.4979e+10 6.5326e+10  0.53%  1681 3090s
   600   549 6.5326e+10   39 1174 6.4979e+10 6.5326e+10  0.53%  1680 3095s
   606   553 6.5326e+10   42  914 6.4979e+10 6.5326e+10  0.53%  1671 3100s
   613   558 6.5326e+10   46  941 6.4979e+10 6.5326e+10  0.53%  1653 3105s
   618   561 6.5326e+10   48 1172 6.4979e+10 6.5326e+10  0.53%  1646 3111s
   622   564 6.5326e+10   50  875 6.4979e+10 6.5326e+10  0.53%  1639 3116s
   627   567 6.5326e+10   53  918 6.4979e+10 6.5326e+10  0.53%  1629 3120s
   631   570 6.5326e+10   55  765 6.4979e+10 6.5326e+10  0.53%  1628 3125s
   634   572 6.5326e+10   56  758 6.4979e+10 6.5326e+10  0.53%  1621 3136s
   635   573 6.5326e+10   57  742 6.4979e+10 6.5326e+10  0.53%  1619 3145s
   636   573 6.5326e+10   57  756 6.4979e+10 6.5326e+10  0.53%  1617 3154s
   637   574 6.5326e+10   58  751 6.4979e+10 6.5326e+10  0.53%  1615 3163s
   638   575 6.5326e+10   58  807 6.4979e+10 6.5326e+10  0.53%  1614 3173s
   639   575 6.5326e+10   59  762 6.4979e+10 6.5326e+10  0.53%  1612 3182s
   642   577 6.5326e+10   60  747 6.4979e+10 6.5326e+10  0.53%  1609 3186s
   646   580 6.5326e+10   62  839 6.4979e+10 6.5326e+10  0.53%  1603 3190s
   654   581 6.5326e+10   66  868 6.4979e+10 6.5326e+10  0.53%  1589 3195s
   656   583 6.5326e+10   67 1022 6.4979e+10 6.5326e+10  0.53%  1589 3201s
   660   585 6.5326e+10   69  861 6.4979e+10 6.5326e+10  0.53%  1582 3217s
   662   587 6.5326e+10   70  809 6.4979e+10 6.5326e+10  0.53%  1578 3220s
   668   589 6.5326e+10   73  798 6.4979e+10 6.5326e+10  0.53%  1566 3225s
   675   593 6.5326e+10   77  772 6.4979e+10 6.5326e+10  0.53%  1553 3230s
   681   597 6.5326e+10   80  934 6.4979e+10 6.5326e+10  0.53%  1545 3235s
   687   599 6.5326e+10   83 1069 6.4979e+10 6.5326e+10  0.53%  1535 3241s
   688   600 6.5326e+10   83  935 6.4979e+10 6.5326e+10  0.53%  1533 3414s
   690   601 6.5326e+10   84  943 6.4979e+10 6.5326e+10  0.53%  1531 3415s
   699   607 6.5326e+10   89  904 6.4979e+10 6.5326e+10  0.53%  1518 3420s
   709   612 6.5326e+10   94  849 6.4979e+10 6.5326e+10  0.53%  1502 3425s
   714   615 6.5326e+10   96  946 6.4979e+10 6.5326e+10  0.53%  1491 3436s
   722   621 6.5326e+10  100  875 6.4979e+10 6.5326e+10  0.53%  1475 3440s
   733   626 infeasible  106      6.4979e+10 6.5326e+10  0.53%  1458 3445s
   740   631 6.5326e+10  109  818 6.4979e+10 6.5326e+10  0.53%  1452 3450s
   741   631 6.5326e+10  109  807 6.4979e+10 6.5326e+10  0.53%  1450 3471s
   746   635 6.5326e+10  112  855 6.4979e+10 6.5326e+10  0.53%  1445 3475s
   754   640 6.5326e+10  116  945 6.4979e+10 6.5326e+10  0.53%  1437 3484s
   755   641 6.5326e+10  116  801 6.4979e+10 6.5326e+10  0.53%  1437 3485s
   763   646 6.5326e+10  120  707 6.4979e+10 6.5326e+10  0.53%  1424 3490s
   768   649 6.5326e+10  123  706 6.4979e+10 6.5326e+10  0.53%  1416 3502s
   773   653 6.5326e+10  125  711 6.4979e+10 6.5326e+10  0.53%  1407 3505s
   781   658 6.5326e+10  129  724 6.4979e+10 6.5326e+10  0.53%  1396 3510s
   788   663 6.5326e+10  133  904 6.4979e+10 6.5326e+10  0.53%  1387 3526s
   794   667 6.5326e+10  136  775 6.4979e+10 6.5326e+10  0.53%  1379 3531s
   795   667 6.5326e+10  136  716 6.4979e+10 6.5326e+10  0.53%  1377 3583s

Cutting planes:
  Gomory: 2
  Cover: 152
  Implied bound: 24
  Clique: 52
  MIR: 10
  StrongCG: 13
  Flow cover: 53
  GUB cover: 11
  Zero half: 7
  RLT: 14
  Relax-and-lift: 36
  BQP: 3

Explored 796 nodes (1847930 simplex iterations) in 3583.30 seconds (2731.11 work units)
Thread count was 1 (of 28 available processors)

Solution count 1: 6.49787e+10 

Time limit reached
Best objective 6.497867070000e+10, best bound 6.532581780000e+10, gap 0.5342%

User-callback calls 336920, time in user-callback 0.41 sec