Gurobi Optimizer version 12.0.3 build v12.0.3rc0 (linux64 - "Oracle Linux Server 9.4")

CPU model: Intel(R) Xeon(R) CPU E5-2660 v4 @ 2.00GHz, instruction set [SSE2|AVX|AVX2]
Thread count: 28 physical cores, 28 logical processors, using up to 1 threads

Non-default parameters:
TimeLimit  3593.051459398
SoftMemLimit  16
NumericFocus  1
Threads  1

Academic license 2690100 - for non-commercial use only - registered to ju___@uclm.es
Optimize a model with 92637 rows, 20773 columns and 517672 nonzeros
Model fingerprint: 0xd5106f7e
Variable types: 150 continuous, 20623 integer (20623 binary)
Coefficient statistics:
  Matrix range     [1e+00, 6e+12]
  Objective range  [5e+08, 2e+09]
  Bounds range     [1e+03, 1e+04]
  RHS range        [1e+00, 2e+14]
Warning: Model contains large matrix coefficient range
Warning: Model contains large objective coefficients
Warning: Model contains large rhs

Loaded user MIP start with objective 8.25647e+10

Presolve removed 21617 rows and 1719 columns
Presolve time: 2.52s
Presolved: 71020 rows, 19054 columns, 253893 nonzeros
Variable types: 150 continuous, 18904 integer (18904 binary)
Root relaxation presolved: 71020 rows, 19054 columns, 253893 nonzeros


Root simplex log...

Iteration    Objective       Primal Inf.    Dual Inf.      Time
    6233    8.9079535e+10   5.882653e+04   0.000000e+00      5s
    9933    8.9079535e+10   0.000000e+00   0.000000e+00      7s

Root relaxation: objective 8.907953e+10, 9933 iterations, 4.03 seconds (3.27 work units)
Total elapsed time = 10.24s (DegenMoves)

    Nodes    |    Current Node    |     Objective Bounds      |     Work
 Expl Unexpl |  Obj  Depth IntInf | Incumbent    BestBd   Gap | It/Node Time

     0     0 8.9080e+10    0  353 8.2565e+10 8.9080e+10  7.89%     -   16s
H    0     0                    8.261873e+10 8.9080e+10  7.82%     -   16s
     0     0 8.8199e+10    0  622 8.2619e+10 8.8199e+10  6.75%     -   24s
     0     0 8.8199e+10    0  700 8.2619e+10 8.8199e+10  6.75%     -   31s
     0     0 8.8199e+10    0  676 8.2619e+10 8.8199e+10  6.75%     -   35s
     0     0 8.8199e+10    0  599 8.2619e+10 8.8199e+10  6.75%     -   46s
     0     0 8.8199e+10    0  552 8.2619e+10 8.8199e+10  6.75%     -   51s
     0     0 8.8199e+10    0  547 8.2619e+10 8.8199e+10  6.75%     -   60s
     0     0 8.8199e+10    0  627 8.2619e+10 8.8199e+10  6.75%     -   69s
     0     0 8.8199e+10    0  573 8.2619e+10 8.8199e+10  6.75%     -   79s
     0     0 8.8199e+10    0 1107 8.2619e+10 8.8199e+10  6.75%     -   85s
     0     0 8.8199e+10    0 1152 8.2619e+10 8.8199e+10  6.75%     -   98s
     0     0 8.8199e+10    0 1041 8.2619e+10 8.8199e+10  6.75%     -  105s
     0     2 8.8199e+10    0  903 8.2619e+10 8.8199e+10  6.75%     -  125s
     2     4 8.8199e+10    1  933 8.2619e+10 8.8199e+10  6.75%  4962  130s
    20    22 8.8199e+10   12  496 8.2619e+10 8.8199e+10  6.75%   814  135s
    26    28 8.8199e+10   15  325 8.2619e+10 8.8199e+10  6.75%   631  156s
    35    37 8.8199e+10   20  319 8.2619e+10 8.8199e+10  6.75%   471  160s
    54    56 8.8199e+10   29  293 8.2619e+10 8.8199e+10  6.75%   341  165s
    91    93 8.8199e+10   48  277 8.2619e+10 8.8199e+10  6.75%   262  170s
   140   139 8.8199e+10   73  238 8.2619e+10 8.8199e+10  6.75%   196  175s
   185   182 8.8199e+10   95  256 8.2619e+10 8.8199e+10  6.75%   182  180s
   218   206 8.8199e+10  112  256 8.2619e+10 8.8199e+10  6.75%   178  189s
   226   214 8.8199e+10  116  266 8.2619e+10 8.8199e+10  6.75%   175  190s
   245   226 8.8199e+10  126  257 8.2619e+10 8.8199e+10  6.75%   173  196s
   267   245 8.6683e+10  137  377 8.2619e+10 8.8199e+10  6.75%   178  200s
   276   254 8.8199e+10  142  282 8.2619e+10 8.8199e+10  6.75%   181  205s
   299   271 8.6711e+10  154  384 8.2619e+10 8.8199e+10  6.75%   189  210s
   326   294 8.8176e+10  167  360 8.2619e+10 8.8199e+10  6.75%   197  218s
   349   310 8.6975e+10  183  270 8.2619e+10 8.8199e+10  6.75%   185  220s
   397   346 8.8199e+10  121  230 8.2619e+10 8.8199e+10  6.75%   187  225s
H  407   341                    8.485073e+10 8.8199e+10  3.95%   186  228s
   407   343 8.8199e+10  127  294 8.4851e+10 8.8199e+10  3.95%   187  230s
   463   383 8.8199e+10  167  270 8.4851e+10 8.8199e+10  3.95%   179  240s
   546   425 infeasible  220      8.4851e+10 8.8199e+10  3.95%   162  245s
   597   451 8.8199e+10   16 1041 8.4851e+10 8.8199e+10  3.95%   150  272s
   599   452 8.8199e+10   89  518 8.4851e+10 8.8199e+10  3.95%   149  297s
   600   453 8.8199e+10   79 1165 8.4851e+10 8.8199e+10  3.95%   149  347s
   601   454 8.8199e+10   98 1264 8.4851e+10 8.8199e+10  3.95%   149  387s
   602   454 8.8199e+10   48  753 8.4851e+10 8.8199e+10  3.95%   149  430s
   603   455 8.8199e+10  102 1410 8.4851e+10 8.8199e+10  3.95%   148  514s
   604   456 8.8199e+10  128 1121 8.4851e+10 8.8199e+10  3.95%   148  593s
   605   456 8.6144e+10  156 1606 8.4851e+10 8.8199e+10  3.95%   148  631s
   606   457 8.8199e+10   39 1031 8.4851e+10 8.8199e+10  3.95%   148  752s
   607   458 8.5167e+10  152 1266 8.4851e+10 8.8199e+10  3.95%   147  819s
   608   458 8.8199e+10   70  434 8.4851e+10 8.8199e+10  3.95%   147  869s
   609   459 8.8199e+10   82 1091 8.4851e+10 8.8199e+10  3.95%   147  903s
   610   460 8.8199e+10  101  518 8.4851e+10 8.8199e+10  3.95%   147  943s
   611   460 8.8199e+10  156  786 8.4851e+10 8.8199e+10  3.95%   146  955s
   612   461 8.8199e+10  101  793 8.4851e+10 8.8199e+10  3.95%   146  999s
   613   462 8.8199e+10  199  708 8.4851e+10 8.8199e+10  3.95%   146 1014s
   614   462 8.8199e+10  119 1088 8.4851e+10 8.8199e+10  3.95%   146 1111s
   615   463 8.8199e+10   40 1237 8.4851e+10 8.8199e+10  3.95%   146 1154s
   616   464 8.8199e+10   96 1057 8.4851e+10 8.8199e+10  3.95%   145 1201s
   617   464 8.6796e+10  148  953 8.4851e+10 8.8199e+10  3.95%   145 1245s
   618   465 8.7313e+10  230  788 8.4851e+10 8.8199e+10  3.95%   145 1319s
   619   466 8.8199e+10  101  118 8.4851e+10 8.8199e+10  3.95%   145 1348s
   620   466 8.5512e+10  146  118 8.4851e+10 8.8199e+10  3.95%   144 1383s
   621   469 8.8199e+10   16   48 8.4851e+10 8.8199e+10  3.95%  1974 1462s
   622   470 8.8199e+10   16  522 8.4851e+10 8.8199e+10  3.95%  1979 1468s
   623   470 8.8199e+10   17  615 8.4851e+10 8.8199e+10  3.95%  1992 1479s
   625   472 8.8199e+10   18  226 8.4851e+10 8.8199e+10  3.95%  1988 1481s
   636   479 8.8199e+10   24  296 8.4851e+10 8.8199e+10  3.95%  1959 1485s
   647   486 8.8199e+10   29  294 8.4851e+10 8.8199e+10  3.95%  1937 1507s
   657   493 8.8199e+10   34  383 8.4851e+10 8.8199e+10  3.95%  1916 1510s
   671   502 8.8199e+10   41  217 8.4851e+10 8.8199e+10  3.95%  1881 1515s
   691   516 8.8199e+10   52  261 8.4851e+10 8.8199e+10  3.95%  1830 1520s
   715   532 8.8199e+10   64  251 8.4851e+10 8.8199e+10  3.95%  1773 1525s
   728   540 8.8199e+10   71  252 8.4851e+10 8.8199e+10  3.95%  1742 1530s
   740   548 8.8199e+10   78  298 8.4851e+10 8.8199e+10  3.95%  1717 1535s
   751   556 8.8199e+10   83  202 8.4851e+10 8.8199e+10  3.95%  1696 1540s
   756   559 8.8199e+10   86  311 8.4851e+10 8.8199e+10  3.95%  1686 1545s
   779   573 8.8199e+10   97  206 8.4851e+10 8.8199e+10  3.95%  1640 1550s
   782   575 8.8199e+10   99  284 8.4851e+10 8.8199e+10  3.95%  1635 1622s
   795   583 8.8199e+10  107  225 8.4851e+10 8.8199e+10  3.95%  1609 1625s
   823   597 8.8199e+10  121  223 8.4851e+10 8.8199e+10  3.95%  1556 1630s
   851   606 8.8199e+10  135  213 8.4851e+10 8.8199e+10  3.95%  1510 1635s
   874   611 8.8199e+10  146  199 8.4851e+10 8.8199e+10  3.95%  1473 1640s
   890   612 8.8199e+10  154  192 8.4851e+10 8.8199e+10  3.95%  1448 1645s
   918   621 8.8199e+10  167  212 8.4851e+10 8.8199e+10  3.95%  1406 1655s
   953   619 8.8199e+10  184  213 8.4851e+10 8.8199e+10  3.95%  1358 1660s
   973   619 8.8199e+10  196  208 8.4851e+10 8.8199e+10  3.95%  1332 1715s
   975   618 8.8199e+10  197  221 8.4851e+10 8.8199e+10  3.95%  1329 1787s
   979   620 8.8199e+10  199  204 8.4851e+10 8.8199e+10  3.95%  1324 1791s
   992   621 8.8199e+10  205  196 8.4851e+10 8.8199e+10  3.95%  1307 1795s
  1002   624 8.8199e+10  210  196 8.4851e+10 8.8199e+10  3.95%  1294 1800s
  1016   629 8.8199e+10  217   79 8.4851e+10 8.8199e+10  3.95%  1278 1805s
  1027   630 8.8199e+10  223   78 8.4851e+10 8.8199e+10  3.95%  1265 1814s
  1031   628 8.8199e+10  225   75 8.4851e+10 8.8199e+10  3.95%  1260 1815s
  1047   619 8.8199e+10  219   84 8.4851e+10 8.8199e+10  3.95%  1242 1820s
  1055   613 8.8199e+10   92  237 8.4851e+10 8.8199e+10  3.95%  1233 1825s
  1070   623 8.8199e+10  102  252 8.4851e+10 8.8199e+10  3.95%  1216 1830s
  1082   631 8.8199e+10  108  246 8.4851e+10 8.8199e+10  3.95%  1204 1917s
  1103   645 8.8199e+10  119  220 8.4851e+10 8.8199e+10  3.95%  1183 1920s
  1120   655 8.8199e+10  127  212 8.4851e+10 8.8199e+10  3.95%  1166 1925s
  1136   657 8.8199e+10  135  183 8.4851e+10 8.8199e+10  3.95%  1151 1937s
  1163   665 8.8199e+10  150  177 8.4851e+10 8.8199e+10  3.95%  1126 1950s
  1190   664 8.8199e+10  164  172 8.4851e+10 8.8199e+10  3.95%  1102 1991s
  1226   671 infeasible  181      8.4851e+10 8.8199e+10  3.95%  1072 1995s
  1273   684 8.8199e+10  206  149 8.4851e+10 8.8199e+10  3.95%  1037 2000s
  1314   698 8.8199e+10  226   84 8.4851e+10 8.8199e+10  3.95%  1007 2007s
  1321   702 8.8199e+10  231  188 8.4851e+10 8.8199e+10  3.95%  1002 2012s
  1323   702 8.8199e+10  233   75 8.4851e+10 8.8199e+10  3.95%  1001 2015s
  1355   703 infeasible  242      8.4851e+10 8.8199e+10  3.95%   978 2020s
  1386   684 8.6408e+10   41  322 8.4851e+10 8.8199e+10  3.95%   957 2025s
  1418   705 8.6408e+10   73  357 8.4851e+10 8.8199e+10  3.95%   937 2030s
  1447   725 8.6408e+10  102  323 8.4851e+10 8.8199e+10  3.95%   920 2035s
  1484   749 8.6408e+10  139  252 8.4851e+10 8.8199e+10  3.95%   898 2040s
  1516   771 8.6408e+10  171  334 8.4851e+10 8.8199e+10  3.95%   882 2045s
  1546   791 8.6408e+10  201  330 8.4851e+10 8.8199e+10  3.95%   866 2050s
  1579   813 8.6408e+10  234  360 8.4851e+10 8.8199e+10  3.95%   849 2055s
  1596   824 8.6408e+10  251  375 8.4851e+10 8.8199e+10  3.95%   842 2064s
  1602   828 8.6408e+10  257  330 8.4851e+10 8.8199e+10  3.95%   839 2065s
  1627   844 8.6408e+10  282  340 8.4851e+10 8.8199e+10  3.95%   828 2070s
  1653   846 8.8199e+10  163  179 8.4851e+10 8.8199e+10  3.95%   819 2075s
  1704   864 8.8199e+10  207  216 8.4851e+10 8.8199e+10  3.95%   796 2080s
  1749   880 8.8199e+10   99  219 8.4851e+10 8.8199e+10  3.95%   777 2085s
  1801   915 8.8199e+10  151  236 8.4851e+10 8.8199e+10  3.95%   755 2090s
  1802   915 8.8199e+10  152  235 8.4851e+10 8.8199e+10  3.95%   755 2128s
  1812   921 8.8199e+10  162  254 8.4851e+10 8.8199e+10  3.95%   751 2130s
  1847   944 8.8199e+10  196  322 8.4851e+10 8.8199e+10  3.95%   738 2135s
  1882   968 8.8199e+10  228  329 8.4851e+10 8.8199e+10  3.95%   725 2140s
  1923   995 8.8199e+10  268  377 8.4851e+10 8.8199e+10  3.95%   710 2145s
  1954  1016 8.8030e+10  298  395 8.4851e+10 8.8199e+10  3.95%   700 2150s
  1975  1014 8.8199e+10   42  245 8.4851e+10 8.8199e+10  3.95%   693 2165s
  2005  1034 8.8199e+10   72  300 8.4851e+10 8.8199e+10  3.95%   683 2170s
  2027  1051 8.8199e+10   93  255 8.4851e+10 8.8199e+10  3.95%   677 2175s
  2069  1093 8.8199e+10  135  254 8.4851e+10 8.8199e+10  3.95%   664 2180s
  2111  1135 8.8199e+10  177  237 8.4851e+10 8.8199e+10  3.95%   651 2185s
  2147  1171 8.8199e+10  212  262 8.4851e+10 8.8199e+10  3.95%   641 2190s
  2176  1200 8.8199e+10  241  239 8.4851e+10 8.8199e+10  3.95%   633 2195s
  2201  1225 8.8199e+10  266  230 8.4851e+10 8.8199e+10  3.95%   626 2200s
  2235  1259 8.8199e+10  300  246 8.4851e+10 8.8199e+10  3.95%   617 2205s
  2266  1290 8.8199e+10  330  265 8.4851e+10 8.8199e+10  3.95%   609 2210s
  2291  1315 8.8199e+10  354  240 8.4851e+10 8.8199e+10  3.95%   604 2215s
  2322  1346 8.8199e+10  385  196 8.4851e+10 8.8199e+10  3.95%   597 2220s
  2355  1379 8.8199e+10  417  223 8.4851e+10 8.8199e+10  3.95%   589 2225s
  2384  1408 8.8199e+10  446  212 8.4851e+10 8.8199e+10  3.95%   583 2230s
  2420  1441 8.8199e+10  482  176 8.4851e+10 8.8199e+10  3.95%   575 2235s
  2444  1465 8.8199e+10  506  262 8.4851e+10 8.8199e+10  3.95%   570 2240s
  2474  1495 8.8199e+10  536  259 8.4851e+10 8.8199e+10  3.95%   564 2245s
  2497  1518 8.8199e+10  559  294 8.4851e+10 8.8199e+10  3.95%   559 2250s
  2520  1541 8.8199e+10  582  242 8.4851e+10 8.8199e+10  3.95%   555 2255s
  2541  1562 8.8199e+10  603  250 8.4851e+10 8.8199e+10  3.95%   551 2260s
  2561  1582 8.8199e+10  622  281 8.4851e+10 8.8199e+10  3.95%   548 2265s
  2580  1601 8.8199e+10  639  267 8.4851e+10 8.8199e+10  3.95%   545 2270s
  2613  1634 8.8199e+10  672  190 8.4851e+10 8.8199e+10  3.95%   539 2275s
  2649  1670 8.8199e+10  707  142 8.4851e+10 8.8199e+10  3.95%   532 2280s
  2678  1694 8.8199e+10  732  141 8.4851e+10 8.8199e+10  3.95%   527 2285s
  2706  1713 8.7406e+10  748  221 8.4851e+10 8.8199e+10  3.95%   523 2290s
  2729  1713 8.5551e+10  755  212 8.4851e+10 8.8199e+10  3.95%   521 2295s
  2758  1735 8.8199e+10   70  170 8.4851e+10 8.8199e+10  3.95%   516 2300s
  2791  1768 8.8199e+10   83  191 8.4851e+10 8.8199e+10  3.95%   512 2305s
  2826  1803 8.8199e+10  100  193 8.4851e+10 8.8199e+10  3.95%   506 2310s
  2860  1836 8.8199e+10  110  200 8.4851e+10 8.8199e+10  3.95%   502 2315s
  2897  1870 8.8199e+10  129  207 8.4851e+10 8.8199e+10  3.95%   497 2320s
  2933  1902 8.8199e+10  146  273 8.4851e+10 8.8199e+10  3.95%   492 2325s
  2958  1927 8.8199e+10  156  216 8.4851e+10 8.8199e+10  3.95%   489 2340s
  2997  1958 8.8199e+10  167  262 8.4851e+10 8.8199e+10  3.95%   484 2345s
  3010  1969 8.8199e+10  171  218 8.4851e+10 8.8199e+10  3.95%   482 2350s
  3065  2003 8.8199e+10  200  158 8.4851e+10 8.8199e+10  3.95%   474 2355s
  3118  2037 8.8199e+10  224  134 8.4851e+10 8.8199e+10  3.95%   467 2360s
  3197  2066 8.8199e+10  257  112 8.4851e+10 8.8199e+10  3.95%   456 2365s
  3222  2069 8.8199e+10  271   89 8.4851e+10 8.8199e+10  3.95%   453 2433s
  3246  2069 8.8199e+10  285   81 8.4851e+10 8.8199e+10  3.95%   450 2435s
  3298  2067 infeasible  263      8.4851e+10 8.8199e+10  3.95%   443 2440s
  3343  2083 8.8199e+10  203  185 8.4851e+10 8.8199e+10  3.95%   438 2445s
  3386  2108 8.8199e+10  192  195 8.4851e+10 8.8199e+10  3.95%   433 2450s
  3425  2140 8.8199e+10  228  248 8.4851e+10 8.8199e+10  3.95%   429 2455s
  3465  2161 8.8199e+10   86  270 8.4851e+10 8.8199e+10  3.95%   425 2460s
  3510  2204 8.8199e+10   96  253 8.4851e+10 8.8199e+10  3.95%   421 2465s
  3551  2228 8.8199e+10  113  287 8.4851e+10 8.8199e+10  3.95%   418 2470s
  3586  2239 8.8199e+10   72  271 8.4851e+10 8.8199e+10  3.95%   416 2475s
  3620  2273 8.8199e+10  105  251 8.4851e+10 8.8199e+10  3.95%   412 2480s
  3659  2312 8.8199e+10  144  226 8.4851e+10 8.8199e+10  3.95%   409 2485s
  3693  2346 8.8199e+10  178  224 8.4851e+10 8.8199e+10  3.95%   406 2490s
  3716  2368 8.8199e+10  201  410 8.4851e+10 8.8199e+10  3.95%   404 2495s
  3735  2385 8.8199e+10  217  253 8.4851e+10 8.8199e+10  3.95%   403 2500s
  3754  2404 8.8199e+10  236  235 8.4851e+10 8.8199e+10  3.95%   402 2505s
  3773  2423 8.8199e+10  255  236 8.4851e+10 8.8199e+10  3.95%   401 2510s
  3793  2443 8.8199e+10  275  331 8.4851e+10 8.8199e+10  3.95%   400 2515s
  3817  2467 8.8199e+10  298  240 8.4851e+10 8.8199e+10  3.95%   399 2520s
  3836  2486 8.8199e+10  317  279 8.4851e+10 8.8199e+10  3.95%   398 2525s
  3855  2505 8.8199e+10  336  229 8.4851e+10 8.8199e+10  3.95%   398 2530s
  3873  2523 8.8199e+10  352  308 8.4851e+10 8.8199e+10  3.95%   398 2535s
  3899  2549 8.8199e+10  376  260 8.4851e+10 8.8199e+10  3.95%   397 2540s
  3923  2573 8.8199e+10  400  310 8.4851e+10 8.8199e+10  3.95%   396 2545s
  3941  2591 8.8199e+10  418  200 8.4851e+10 8.8199e+10  3.95%   395 2564s
  3943  2593 8.8199e+10  420  195 8.4851e+10 8.8199e+10  3.95%   395 2565s
  3972  2622 8.8199e+10  449  242 8.4851e+10 8.8199e+10  3.95%   394 2570s
  3999  2649 8.8199e+10  475  245 8.4851e+10 8.8199e+10  3.95%   392 2575s
  4040  2690 8.8199e+10  515  193 8.4851e+10 8.8199e+10  3.95%   390 2580s
  4092  2728 8.8199e+10   65  357 8.4851e+10 8.8199e+10  3.95%   386 2585s
  4122  2758 8.8199e+10   95  246 8.4851e+10 8.8199e+10  3.95%   383 2590s
  4177  2813 8.8199e+10  150  313 8.4851e+10 8.8199e+10  3.95%   379 2595s
  4228  2864 8.8199e+10  201  359 8.4851e+10 8.8199e+10  3.95%   376 2600s
  4267  2903 8.8199e+10  240  304 8.4851e+10 8.8199e+10  3.95%   373 2605s
  4310  2946 8.8199e+10  283  297 8.4851e+10 8.8199e+10  3.95%   370 2610s
  4366  3002 8.8199e+10  339  328 8.4851e+10 8.8199e+10  3.95%   366 2615s
  4405  3041 8.8199e+10  378  299 8.4851e+10 8.8199e+10  3.95%   363 2620s
  4437  3073 8.8199e+10  410  367 8.4851e+10 8.8199e+10  3.95%   362 2625s
  4475  3111 8.8199e+10  448  338 8.4851e+10 8.8199e+10  3.95%   360 2630s
  4510  3146 8.8199e+10  483  394 8.4851e+10 8.8199e+10  3.95%   358 2635s
  4550  3186 8.8199e+10  523  367 8.4851e+10 8.8199e+10  3.95%   356 2640s
  4590  3226 8.8199e+10  563  325 8.4851e+10 8.8199e+10  3.95%   353 2645s
  4644  3280 8.8199e+10  617  291 8.4851e+10 8.8199e+10  3.95%   350 2650s
  4672  3306 8.6408e+10  644  493 8.4851e+10 8.8199e+10  3.95%   348 2655s
  4701  3335 8.6408e+10  673  301 8.4851e+10 8.8199e+10  3.95%   346 2660s
  4722  3356 8.6408e+10  694  114 8.4851e+10 8.8199e+10  3.95%   345 2665s
  4773  3391 8.8199e+10   69  288 8.4851e+10 8.8199e+10  3.95%   342 2670s
  4804  3422 8.8199e+10   96  325 8.4851e+10 8.8199e+10  3.95%   341 2675s
  4836  3454 8.8199e+10  124  340 8.4851e+10 8.8199e+10  3.95%   340 2680s
  4891  3509 8.8199e+10  176  305 8.4851e+10 8.8199e+10  3.95%   337 2685s
  4924  3542 8.8199e+10  208  274 8.4851e+10 8.8199e+10  3.95%   335 2706s
  4974  3591 8.8199e+10  255  321 8.4851e+10 8.8199e+10  3.95%   333 2710s
  5001  3618 8.8199e+10  280  370 8.4851e+10 8.8199e+10  3.95%   331 2715s
  5052  3669 8.8199e+10  329  343 8.4851e+10 8.8199e+10  3.95%   329 2720s
  5099  3716 8.8199e+10  376  273 8.4851e+10 8.8199e+10  3.95%   327 2725s
  5101  3718 8.8199e+10  378  342 8.4851e+10 8.8199e+10  3.95%   327 2742s
  5126  3743 8.8199e+10  402  375 8.4851e+10 8.8199e+10  3.95%   326 2745s
  5166  3779 8.8199e+10  440  360 8.4851e+10 8.8199e+10  3.95%   325 2750s
  5200  3813 8.8199e+10  474  270 8.4851e+10 8.8199e+10  3.95%   323 2755s
  5241  3854 8.8199e+10  515  263 8.4851e+10 8.8199e+10  3.95%   321 2760s
  5292  3905 8.8199e+10  566  313 8.4851e+10 8.8199e+10  3.95%   319 2765s
  5345  3954 8.8199e+10  617  258 8.4851e+10 8.8199e+10  3.95%   316 2770s
  5391  3997 8.8199e+10  657  160 8.4851e+10 8.8199e+10  3.95%   314 2775s
  5438  4040 8.8199e+10  702  126 8.4851e+10 8.8199e+10  3.95%   312 2780s
  5482  4075 8.7334e+10  738  210 8.4851e+10 8.8199e+10  3.95%   310 2785s
  5522  4064 8.8199e+10  712   96 8.4851e+10 8.8199e+10  3.95%   308 2790s
  5622  4068 8.8199e+10  243  115 8.4851e+10 8.8199e+10  3.95%   303 2795s
  5693  4127 8.8199e+10  310   84 8.4851e+10 8.8199e+10  3.95%   299 2800s
  5751  4153 8.8199e+10  269  101 8.4851e+10 8.8199e+10  3.95%   297 2805s
  5833  4191 8.8199e+10  303   51 8.4851e+10 8.8199e+10  3.95%   293 2810s
  5886  4167 8.8199e+10  280   74 8.4851e+10 8.8199e+10  3.95%   291 2815s
  5907  4164 8.8199e+10  278   96 8.4851e+10 8.8199e+10  3.95%   290 2855s
  5908  4165 8.8199e+10  279   97 8.4851e+10 8.8199e+10  3.95%   290 2971s
  5909  4166 8.8199e+10  280   97 8.4851e+10 8.8199e+10  3.95%   290 2978s
  6012  4069 8.8199e+10  228   98 8.4851e+10 8.8199e+10  3.95%   285 2989s
  6014  4071 8.8199e+10  230  123 8.4851e+10 8.8199e+10  3.95%   285 2990s
  6039  4096 8.8199e+10  255   97 8.4851e+10 8.8199e+10  3.95%   284 3026s
  6105  4121 infeasible  284      8.4851e+10 8.8199e+10  3.95%   281 3030s
  6157  4133 8.7661e+10  289  165 8.4851e+10 8.8199e+10  3.95%   279 3035s
  6201  4098 infeasible  260      8.4851e+10 8.8199e+10  3.95%   278 3040s
  6232  4086 8.8199e+10  236   78 8.4851e+10 8.8199e+10  3.95%   278 3045s
  6256  4075 8.8199e+10  229  174 8.4851e+10 8.8199e+10  3.95%   277 3050s
  6336  4113 infeasible  270      8.4851e+10 8.8199e+10  3.95%   274 3055s
  6383  4110 8.8199e+10  262   43 8.4851e+10 8.8199e+10  3.95%   272 3060s
  6443  4100 8.8199e+10  248   84 8.4851e+10 8.8199e+10  3.95%   270 3065s
  6492  4091 8.8199e+10  240   71 8.4851e+10 8.8199e+10  3.95%   268 3070s
  6576  4078 infeasible  236      8.4851e+10 8.8199e+10  3.95%   266 3075s
  6620  4064 8.8199e+10  239   73 8.4851e+10 8.8199e+10  3.95%   265 3080s
  6660  4061 8.8199e+10   60  321 8.4851e+10 8.8199e+10  3.95%   264 3085s
  6688  4089 8.8199e+10   88  324 8.4851e+10 8.8199e+10  3.95%   264 3090s
  6731  4132 8.8199e+10  130  189 8.4851e+10 8.8199e+10  3.95%   263 3095s
  6767  4168 8.8199e+10  166  241 8.4851e+10 8.8199e+10  3.95%   263 3100s
  6808  4209 8.8199e+10  205  183 8.4851e+10 8.8199e+10  3.95%   262 3105s
  6851  4252 8.8199e+10  247  216 8.4851e+10 8.8199e+10  3.95%   261 3110s
  6890  4291 8.8199e+10  286  204 8.4851e+10 8.8199e+10  3.95%   260 3139s
  6897  4298 8.8199e+10  293  205 8.4851e+10 8.8199e+10  3.95%   260 3140s
  6944  4345 8.8199e+10  340  330 8.4851e+10 8.8199e+10  3.95%   259 3145s
  6979  4380 8.8199e+10  372  201 8.4851e+10 8.8199e+10  3.95%   259 3150s
  7023  4424 8.8199e+10  415  171 8.4851e+10 8.8199e+10  3.95%   257 3155s
  7066  4467 8.8199e+10  457  124 8.4851e+10 8.8199e+10  3.95%   256 3160s
  7088  4489 8.8199e+10  467   95 8.4851e+10 8.8199e+10  3.95%   256 3165s
  7133  4504 8.8199e+10   94  214 8.4851e+10 8.8199e+10  3.95%   255 3170s
  7175  4544 infeasible  130      8.4851e+10 8.8199e+10  3.95%   255 3175s
  7210  4579 8.8199e+10  161  318 8.4851e+10 8.8199e+10  3.95%   255 3180s
  7235  4604 8.8199e+10  181  344 8.4851e+10 8.8199e+10  3.95%   255 3185s
  7268  4637 8.8199e+10  212  207 8.4851e+10 8.8199e+10  3.95%   255 3190s
  7296  4665 8.8199e+10  239  239 8.4851e+10 8.8199e+10  3.95%   256 3195s
  7322  4691 8.8199e+10  265  163 8.4851e+10 8.8199e+10  3.95%   257 3200s
  7376  4713 8.6560e+10  239  168 8.4851e+10 8.8199e+10  3.95%   255 3205s
  7417  4712 8.8199e+10  192  285 8.4851e+10 8.8199e+10  3.95%   255 3210s
  7443  4738 8.8199e+10  215  220 8.4851e+10 8.8199e+10  3.95%   254 3254s
  7445  4740 8.8199e+10  218  225 8.4851e+10 8.8199e+10  3.95%   254 3255s
  7467  4760 8.8199e+10  235  263 8.4851e+10 8.8199e+10  3.95%   255 3260s
  7484  4777 8.8199e+10  251  312 8.4851e+10 8.8199e+10  3.95%   255 3265s
  7503  4796 8.8199e+10  269  256 8.4851e+10 8.8199e+10  3.95%   256 3270s
  7523  4816 8.8199e+10  289  238 8.4851e+10 8.8199e+10  3.95%   256 3275s
  7544  4837 8.8199e+10  309  238 8.4851e+10 8.8199e+10  3.95%   257 3280s
  7566  4859 8.8199e+10  331  187 8.4851e+10 8.8199e+10  3.95%   257 3285s
  7598  4891 8.8199e+10  363  214 8.4851e+10 8.8199e+10  3.95%   257 3290s
  7631  4924 8.8199e+10  396  195 8.4851e+10 8.8199e+10  3.95%   256 3295s
  7664  4957 8.8199e+10  428  209 8.4851e+10 8.8199e+10  3.95%   256 3300s
  7689  4982 8.8199e+10  447  200 8.4851e+10 8.8199e+10  3.95%   256 3305s
  7730  5023 8.8199e+10  488  175 8.4851e+10 8.8199e+10  3.95%   255 3310s
  7766  5059 8.8199e+10  524  110 8.4851e+10 8.8199e+10  3.95%   254 3315s
  7803  5094 8.8199e+10  559  106 8.4851e+10 8.8199e+10  3.95%   253 3320s
  7838  5099 8.8199e+10  545   88 8.4851e+10 8.8199e+10  3.95%   252 3325s
  7872  5121 8.8199e+10  563   60 8.4851e+10 8.8199e+10  3.95%   252 3330s
  7873  5122 8.8199e+10  564   60 8.4851e+10 8.8199e+10  3.95%   252 3357s
  7878  5123 infeasible  568      8.4851e+10 8.8199e+10  3.95%   252 3360s
  7888  5125 8.4948e+10  569  202 8.4851e+10 8.8199e+10  3.95%   252 3365s
  7898  5123 8.8199e+10  567  154 8.4851e+10 8.8199e+10  3.95%   252 3370s
  7914  5124 8.8199e+10  554   67 8.4851e+10 8.8199e+10  3.95%   252 3375s
  7928  5136 8.8199e+10  561   73 8.4851e+10 8.8199e+10  3.95%   252 3380s
  7953  5149 8.8199e+10  566  123 8.4851e+10 8.8199e+10  3.95%   252 3385s
  7977  5146     cutoff  556      8.4851e+10 8.8199e+10  3.95%   252 3390s
  7992  5143     cutoff  568      8.4851e+10 8.8199e+10  3.95%   252 3395s
  8003  5144 8.8125e+10  550  164 8.4851e+10 8.8199e+10  3.95%   252 3400s
  8017  5144 8.8105e+10  552  271 8.4851e+10 8.8199e+10  3.95%   252 3405s
  8032  5141 infeasible  557      8.4851e+10 8.8199e+10  3.95%   253 3410s
  8044  5138 8.8175e+10  559  153 8.4851e+10 8.8199e+10  3.95%   253 3415s
  8064  5130 infeasible  546      8.4851e+10 8.8199e+10  3.95%   253 3420s
  8073  5127 infeasible  550      8.4851e+10 8.8199e+10  3.95%   254 3425s
  8087  5121 8.8199e+10  542   90 8.4851e+10 8.8199e+10  3.95%   254 3430s
  8104  5119 8.8199e+10  540  141 8.4851e+10 8.8199e+10  3.95%   254 3435s
  8130  5112 8.8199e+10  543  140 8.4851e+10 8.8199e+10  3.95%   254 3440s
  8151  5107 8.8199e+10  555   70 8.4851e+10 8.8199e+10  3.95%   254 3445s
  8173  5101 8.8199e+10  535  123 8.4851e+10 8.8199e+10  3.95%   254 3450s
  8204  5118 infeasible  401      8.4851e+10 8.8199e+10  3.95%   253 3455s
  8246  5154 8.8199e+10  436  219 8.4851e+10 8.8199e+10  3.95%   253 3460s
  8293  5201 8.8199e+10  483  189 8.4851e+10 8.8199e+10  3.95%   253 3465s
  8352  5214 8.8199e+10   26  667 8.4851e+10 8.8199e+10  3.95%   252 3471s
  8363  5225 8.8199e+10   35  487 8.4851e+10 8.8199e+10  3.95%   252 3475s
  8382  5244 8.8199e+10   53  437 8.4851e+10 8.8199e+10  3.95%   251 3480s
  8402  5264 8.8199e+10   72  452 8.4851e+10 8.8199e+10  3.95%   251 3485s
  8423  5285 8.8199e+10   93  343 8.4851e+10 8.8199e+10  3.95%   251 3490s
  8445  5307 8.8199e+10  114  449 8.4851e+10 8.8199e+10  3.95%   250 3495s
  8460  5322 8.8199e+10  123  379 8.4851e+10 8.8199e+10  3.95%   251 3500s
  8479  5341 8.8199e+10  138  300 8.4851e+10 8.8199e+10  3.95%   251 3505s
  8495  5356 8.8199e+10  148  407 8.4851e+10 8.8199e+10  3.95%   251 3510s
  8515  5376 8.8199e+10  163  448 8.4851e+10 8.8199e+10  3.95%   251 3566s
  8528  5389 8.8199e+10  171  399 8.4851e+10 8.8199e+10  3.95%   252 3570s
  8551  5412 8.8199e+10  182  411 8.4851e+10 8.8199e+10  3.95%   252 3575s
  8570  5431 8.8199e+10  188  348 8.4851e+10 8.8199e+10  3.95%   253 3580s
  8590  5451 8.8199e+10  202  348 8.4851e+10 8.8199e+10  3.95%   254 3585s
  8611  5472 8.8199e+10  208  353 8.4851e+10 8.8199e+10  3.95%   255 3590s

Cutting planes:
  Gomory: 2
  Cover: 18
  Implied bound: 7
  Flow cover: 51
  Inf proof: 3
  Zero half: 65
  RLT: 29
  Relax-and-lift: 1

Explored 8623 nodes (2371397 simplex iterations) in 3593.06 seconds (2858.59 work units)
Thread count was 1 (of 28 available processors)

Solution count 3: 8.48507e+10 8.26187e+10 8.25647e+10 

Time limit reached
Best objective 8.485073460000e+10, best bound 8.819873460000e+10, gap 3.9458%

User-callback calls 509891, time in user-callback 0.36 sec