Gurobi Optimizer version 12.0.3 build v12.0.3rc0 (linux64 - "Oracle Linux Server 9.4")

CPU model: Intel(R) Xeon(R) CPU E5-2660 v4 @ 2.00GHz, instruction set [SSE2|AVX|AVX2]
Thread count: 28 physical cores, 28 logical processors, using up to 1 threads

Non-default parameters:
TimeLimit  3594.061313385
SoftMemLimit  16
NumericFocus  1
Threads  1

Academic license 2690100 - for non-commercial use only - registered to ju___@uclm.es
Optimize a model with 71339 rows, 16396 columns and 313856 nonzeros
Model fingerprint: 0x47e0a7ff
Variable types: 136 continuous, 16260 integer (16260 binary)
Coefficient statistics:
  Matrix range     [1e+00, 1e+13]
  Objective range  [9e+08, 2e+09]
  Bounds range     [1e+03, 1e+04]
  RHS range        [1e+00, 2e+14]
Warning: Model contains large matrix coefficient range
Warning: Model contains large objective coefficients
Warning: Model contains large rhs

Loaded user MIP start with objective 8.8128e+10

Presolve removed 24319 rows and 3069 columns
Presolve time: 2.60s
Presolved: 47020 rows, 13327 columns, 164266 nonzeros
Variable types: 130 continuous, 13197 integer (13197 binary)
Root relaxation presolved: 47019 rows, 13326 columns, 164264 nonzeros


Root simplex log...

Iteration    Objective       Primal Inf.    Dual Inf.      Time
    6245    9.1353600e+10   5.662426e+04   0.000000e+00      5s
    7750    9.1353600e+10   0.000000e+00   0.000000e+00      6s
    7750    9.1353600e+10   0.000000e+00   0.000000e+00      6s

Root relaxation: objective 9.135360e+10, 7750 iterations, 3.22 seconds (2.68 work units)
Total elapsed time = 12.08s (DegenMoves)

    Nodes    |    Current Node    |     Objective Bounds      |     Work
 Expl Unexpl |  Obj  Depth IntInf | Incumbent    BestBd   Gap | It/Node Time

     0     0 9.1354e+10    0  425 8.8128e+10 9.1354e+10  3.66%     -   14s
     0     0 9.1354e+10    0  546 8.8128e+10 9.1354e+10  3.66%     -   17s
     0     0 9.1354e+10    0  526 8.8128e+10 9.1354e+10  3.66%     -   18s
     0     0 9.1354e+10    0  855 8.8128e+10 9.1354e+10  3.66%     -   25s
     0     0 9.1354e+10    0  722 8.8128e+10 9.1354e+10  3.66%     -   25s
     0     0 9.1354e+10    0  667 8.8128e+10 9.1354e+10  3.66%     -   26s
     0     0 9.1354e+10    0  574 8.8128e+10 9.1354e+10  3.66%     -   42s
     0     0 9.1354e+10    0 1030 8.8128e+10 9.1354e+10  3.66%     -   47s
     0     0 9.1354e+10    0  994 8.8128e+10 9.1354e+10  3.66%     -   47s
     0     0 9.1354e+10    0  982 8.8128e+10 9.1354e+10  3.66%     -   47s
     0     0 9.1354e+10    0  617 8.8128e+10 9.1354e+10  3.66%     -   59s
     0     0 9.1354e+10    0  802 8.8128e+10 9.1354e+10  3.66%     -   62s
     0     0 9.1354e+10    0  815 8.8128e+10 9.1354e+10  3.66%     -   63s
     0     0 9.1354e+10    0  472 8.8128e+10 9.1354e+10  3.66%     -   78s
     0     0 9.1354e+10    0  496 8.8128e+10 9.1354e+10  3.66%     -   78s
     0     0 9.1354e+10    0  828 8.8128e+10 9.1354e+10  3.66%     -   88s
     0     0 9.1354e+10    0  600 8.8128e+10 9.1354e+10  3.66%     -  101s
     0     0 9.1354e+10    0  763 8.8128e+10 9.1354e+10  3.66%     -  104s
     0     0 9.1354e+10    0  715 8.8128e+10 9.1354e+10  3.66%     -  105s
     0     0 9.1354e+10    0  694 8.8128e+10 9.1354e+10  3.66%     -  105s
     0     0 9.1354e+10    0  443 8.8128e+10 9.1354e+10  3.66%     -  120s
     0     0 9.1354e+10    0  555 8.8128e+10 9.1354e+10  3.66%     -  121s
     0     0 9.1354e+10    0  539 8.8128e+10 9.1354e+10  3.66%     -  146s
     0     0 9.1354e+10    0  535 8.8128e+10 9.1354e+10  3.66%     -  146s
     0     0 9.1354e+10    0  378 8.8128e+10 9.1354e+10  3.66%     -  156s
     0     2 9.1354e+10    0  375 8.8128e+10 9.1354e+10  3.66%     -  167s
     3     5 9.1354e+10    2 1269 8.8128e+10 9.1354e+10  3.66%  7109  172s
     5     7 9.1354e+10    3  980 8.8128e+10 9.1354e+10  3.66%  6102  176s
     8    10 9.1354e+10    5  924 8.8128e+10 9.1354e+10  3.66%  4681  182s
    12    14 9.1354e+10    7  747 8.8128e+10 9.1354e+10  3.66%  3659  185s
    23    23 infeasible   13      8.8128e+10 9.1354e+10  3.66%  2458  190s
    27    27 9.1354e+10   15  432 8.8128e+10 9.1354e+10  3.66%  2401  197s
    36    36 9.1354e+10   20  276 8.8128e+10 9.1354e+10  3.66%  2128  200s
    52    50 9.1354e+10   27  271 8.8128e+10 9.1354e+10  3.66%  1672  210s
    86    84 9.1354e+10   44  361 8.8128e+10 9.1354e+10  3.66%  1155  215s
   130   126 9.1354e+10   66  245 8.8128e+10 9.1354e+10  3.66%   869  226s
   153   139 infeasible   77      8.8128e+10 9.1354e+10  3.66%   765  230s
   187   142 8.8661e+10   27  700 8.8128e+10 9.1354e+10  3.66%   707  235s
   193   144     cutoff   32      8.8128e+10 9.1354e+10  3.66%   702  240s
   218   152 8.8654e+10   36  360 8.8128e+10 9.1354e+10  3.66%   713  258s
   234   168 8.8654e+10   44  445 8.8128e+10 9.1354e+10  3.66%   712  260s
   245   179 8.8654e+10   50  347 8.8128e+10 9.1354e+10  3.66%   706  270s
   282   190     cutoff   42      8.8128e+10 9.1354e+10  3.66%   640  275s
   320   190 8.8954e+10   32  441 8.8128e+10 9.1354e+10  3.66%   606  280s
   352   195 8.8661e+10   37  276 8.8128e+10 9.1354e+10  3.66%   590  285s
   376   210 9.1354e+10   34  366 8.8128e+10 9.1354e+10  3.66%   584  290s
   392   225 9.1354e+10   41  290 8.8128e+10 9.1354e+10  3.66%   577  295s
   429   261 9.1354e+10   56  263 8.8128e+10 9.1354e+10  3.66%   550  300s
   463   295 9.1354e+10   69  280 8.8128e+10 9.1354e+10  3.66%   526  305s
   491   321 9.1354e+10   79  243 8.8128e+10 9.1354e+10  3.66%   507  311s
   558   379 9.1354e+10   97  236 8.8128e+10 9.1354e+10  3.66%   475  315s
   630   440 8.8654e+10   51  378 8.8128e+10 9.1354e+10  3.66%   437  381s
   632   441 9.1354e+10   64   57 8.8128e+10 9.1354e+10  3.66%   436  389s
   633   442 9.1354e+10   47  515 8.8128e+10 9.1354e+10  3.66%   435  411s
   634   443 9.1354e+10   49  646 8.8128e+10 9.1354e+10  3.66%   434  420s
   635   443 8.8654e+10   82  387 8.8128e+10 9.1354e+10  3.66%   434  445s
   637   445 9.1354e+10   41  569 8.8128e+10 9.1354e+10  3.66%   432  464s
   638   445 9.1354e+10   33  526 8.8128e+10 9.1354e+10  3.66%   432  469s
   639   446 9.1354e+10   53  590 8.8128e+10 9.1354e+10  3.66%   431  499s
   640   447 9.1354e+10   56  891 8.8128e+10 9.1354e+10  3.66%   430  510s
   641   447 9.1354e+10   53  237 8.8128e+10 9.1354e+10  3.66%   430  549s
   642   448 8.8654e+10   33  330 8.8128e+10 9.1354e+10  3.66%   429  552s
   643   449 8.8654e+10   50  265 8.8128e+10 9.1354e+10  3.66%   428  580s
   644   449 9.1354e+10   85  508 8.8128e+10 9.1354e+10  3.66%   428  587s
   645   450 9.1354e+10   85  205 8.8128e+10 9.1354e+10  3.66%   427  613s
   646   451 9.1354e+10   85  408 8.8128e+10 9.1354e+10  3.66%   426  619s
   647   451 9.1354e+10   53  382 8.8128e+10 9.1354e+10  3.66%   426  642s
   648   452 8.8654e+10   46  836 8.8128e+10 9.1354e+10  3.66%   425  659s
   649   453 9.1354e+10   86  381 8.8128e+10 9.1354e+10  3.66%   424  693s
   650   453 8.8954e+10   33  855 8.8128e+10 9.1354e+10  3.66%   424  706s
   651   454 9.1354e+10  100  438 8.8128e+10 9.1354e+10  3.66%   423  742s
   652   455 8.8654e+10   37  197 8.8128e+10 9.1354e+10  3.66%   422  753s
   653   455 9.1354e+10   61  197 8.8128e+10 9.1354e+10  3.66%   422  762s
   654   458 9.1354e+10   13  205 8.8128e+10 9.1354e+10  3.66%  1385  778s
   656   459 9.1354e+10   14  642 8.8128e+10 9.1354e+10  3.66%  1386  781s
   660   462 9.1354e+10   17  877 8.8128e+10 9.1354e+10  3.66%  1398  788s
   661   463 9.1354e+10   18  364 8.8128e+10 9.1354e+10  3.66%  1395  790s
   675   472 9.1354e+10   25  306 8.8128e+10 9.1354e+10  3.66%  1380  795s
   688   481 9.1354e+10   35  288 8.8128e+10 9.1354e+10  3.66%  1360  800s
   705   492 9.1354e+10   43  308 8.8128e+10 9.1354e+10  3.66%  1336  816s
   714   498 9.1354e+10   48  283 8.8128e+10 9.1354e+10  3.66%  1327  820s
   731   509 9.1354e+10   57  313 8.8128e+10 9.1354e+10  3.66%  1304  831s
   740   515 9.1354e+10   62  258 8.8128e+10 9.1354e+10  3.66%  1297  835s
   753   524 9.1354e+10   68  333 8.8128e+10 9.1354e+10  3.66%  1278  840s
   761   529 9.1354e+10   72  286 8.8128e+10 9.1354e+10  3.66%  1268  845s
   781   539 8.9914e+10   83  373 8.8128e+10 9.1354e+10  3.66%  1241  850s
   786   542 8.9914e+10   87  343 8.8128e+10 9.1354e+10  3.66%  1236  864s
   788   543 8.9914e+10   88  319 8.8128e+10 9.1354e+10  3.66%  1234  865s
   815   559 8.9914e+10  101  279 8.8128e+10 9.1354e+10  3.66%  1196  870s
   826   553 9.1354e+10   14  847 8.8128e+10 9.1354e+10  3.66%  1196  877s
   827   553 8.8289e+10   14  618 8.8128e+10 9.1354e+10  3.66%  1205  880s
   828   554 9.0994e+10   15 1000 8.8128e+10 9.1354e+10  3.66%  1575  992s
   829   555 9.0994e+10   16  810 8.8128e+10 9.1354e+10  3.66%  1580  995s
   831   554 9.0994e+10   17 1232 8.8128e+10 9.1354e+10  3.66%  1671 1054s
   832   555 9.0994e+10   18 1032 8.8128e+10 9.1354e+10  3.66%  1680 1060s
   835   557 9.0994e+10   20  856 8.8128e+10 9.1354e+10  3.66%  1690 1072s
   836   557 9.0994e+10   21  844 8.8128e+10 9.1354e+10  3.66%  1745 1115s
   837   558 9.0994e+10   22  697 8.8128e+10 9.1354e+10  3.66%  1800 1143s
   838   559 9.0994e+10   22  751 8.8128e+10 9.1354e+10  3.66%  1806 1148s
   842   561 8.9914e+10   25  710 8.8128e+10 9.1354e+10  3.66%  1801 1151s
   849   566 8.9914e+10   32  654 8.8128e+10 9.1354e+10  3.66%  1789 1156s
   856   571 8.9914e+10   39  656 8.8128e+10 9.1354e+10  3.66%  1778 1181s
   862   575 8.9914e+10   45  724 8.8128e+10 9.1354e+10  3.66%  1769 1185s
   869   579 8.9914e+10   52  685 8.8128e+10 9.1354e+10  3.66%  1758 1191s
   875   579 infeasible   56      8.8128e+10 9.1354e+10  3.66%  1751 1195s
   878   577 9.1354e+10   15  894 8.8128e+10 9.1354e+10  3.66%  1758 1200s
   879   578 9.0994e+10   16 1490 8.8128e+10 9.1354e+10  3.66%  1806 1226s
   880   579 9.0994e+10   17  859 8.8128e+10 9.1354e+10  3.66%  1885 1267s
   882   578     cutoff   18      8.8128e+10 9.1354e+10  3.66%  1890 1270s
   885   580 9.0154e+10   21  441 8.8128e+10 9.1354e+10  3.66%  1895 1275s
   895   587 9.0141e+10   28  360 8.8128e+10 9.1354e+10  3.66%  1881 1280s
   908   594 8.9568e+10   35  361 8.8128e+10 9.1354e+10  3.66%  1866 1285s
   921   603 8.9568e+10   44  313 8.8128e+10 9.1354e+10  3.66%  1856 1290s
   923   604 8.9568e+10   45  370 8.8128e+10 9.1354e+10  3.66%  1856 1296s
   931   606 infeasible   49      8.8128e+10 9.1354e+10  3.66%  1854 1300s
   937   604 9.1354e+10   18  978 8.8128e+10 9.1354e+10  3.66%  1863 1310s
   938   604 8.8309e+10   19 1003 8.8128e+10 9.1354e+10  3.66%  1876 1317s
   939   605 9.1354e+10   19  708 8.8128e+10 9.1354e+10  3.66%  1883 1322s
   940   606 9.1354e+10   20  640 8.8128e+10 9.1354e+10  3.66%  1882 1345s
   943   607 9.0454e+10   23  409 8.8128e+10 9.1354e+10  3.66%  1884 1350s
   950   611 9.1354e+10   28  559 8.8128e+10 9.1354e+10  3.66%  1873 1356s
   957   616 9.1354e+10   32  578 8.8128e+10 9.1354e+10  3.66%  1861 1360s
   966   622 9.1354e+10   37  573 8.8128e+10 9.1354e+10  3.66%  1847 1365s
   974   627 9.1354e+10   41  506 8.8128e+10 9.1354e+10  3.66%  1837 1370s
   979   631 9.1354e+10   45  341 8.8128e+10 9.1354e+10  3.66%  1830 1377s
   981   632 9.1354e+10   46  475 8.8128e+10 9.1354e+10  3.66%  1832 1380s
   993   639 8.9914e+10   54  363 8.8128e+10 9.1354e+10  3.66%  1815 1385s
  1004   646 8.9914e+10   60  348 8.8128e+10 9.1354e+10  3.66%  1796 1392s
  1016   654 8.9914e+10   66  299 8.8128e+10 9.1354e+10  3.66%  1777 1395s
  1042   672 8.9914e+10   80  357 8.8128e+10 9.1354e+10  3.66%  1735 1400s
  1058   680 8.9914e+10   89  290 8.8128e+10 9.1354e+10  3.66%  1710 1410s
  1085   696 8.9914e+10  102  276 8.8128e+10 9.1354e+10  3.66%  1670 1420s
  1101   686 9.1354e+10   34  661 8.8128e+10 9.1354e+10  3.66%  1656 1443s
  1102   687 8.9914e+10   35  589 8.8128e+10 9.1354e+10  3.66%  1661 1446s
  1106   689 8.9914e+10   38  445 8.8128e+10 9.1354e+10  3.66%  1663 1450s
  1112   693 8.9914e+10   41  425 8.8128e+10 9.1354e+10  3.66%  1664 1456s
  1120   699 8.9914e+10   45  427 8.8128e+10 9.1354e+10  3.66%  1655 1460s
  1130   703 8.9797e+10   50  639 8.8128e+10 9.1354e+10  3.66%  1648 1466s
  1138   707 8.9914e+10   56  433 8.8128e+10 9.1354e+10  3.66%  1641 1470s
  1155   718 8.9914e+10   73  374 8.8128e+10 9.1354e+10  3.66%  1617 1475s
  1175   729 8.9914e+10   84  337 8.8128e+10 9.1354e+10  3.66%  1592 1480s
  1193   741 8.9914e+10   93  329 8.8128e+10 9.1354e+10  3.66%  1570 1485s
  1214   755 8.9741e+10  104  391 8.8128e+10 9.1354e+10  3.66%  1546 1490s
  1220   759 8.9914e+10  107  239 8.8128e+10 9.1354e+10  3.66%  1540 1500s
  1244   775 8.9914e+10  119  215 8.8128e+10 9.1354e+10  3.66%  1513 1505s
  1268   791 8.9914e+10  131  199 8.8128e+10 9.1354e+10  3.66%  1487 1510s
  1274   795 8.9914e+10  134  191 8.8128e+10 9.1354e+10  3.66%  1480 1515s
  1287   791 8.9914e+10   51  443 8.8128e+10 9.1354e+10  3.66%  1473 1520s
  1301   798 8.9914e+10   60  368 8.8128e+10 9.1354e+10  3.66%  1462 1525s
  1320   811 8.9914e+10   72  355 8.8128e+10 9.1354e+10  3.66%  1444 1530s
  1340   818 8.9914e+10   83  287 8.8128e+10 9.1354e+10  3.66%  1425 1535s
  1355   828 8.9914e+10   90  230 8.8128e+10 9.1354e+10  3.66%  1410 1543s
  1365   831 8.9914e+10   95  237 8.8128e+10 9.1354e+10  3.66%  1402 1545s
  1383   841 8.9914e+10  104  238 8.8128e+10 9.1354e+10  3.66%  1386 1550s
  1409   848 8.9914e+10  116  248 8.8128e+10 9.1354e+10  3.66%  1362 1555s
  1434   857 8.9914e+10  129  355 8.8128e+10 9.1354e+10  3.66%  1342 1560s
  1456   862 8.9914e+10  139  165 8.8128e+10 9.1354e+10  3.66%  1325 1565s
  1463   864 8.9914e+10  142  160 8.8128e+10 9.1354e+10  3.66%  1319 1579s
  1467   867 8.9914e+10  144  161 8.8128e+10 9.1354e+10  3.66%  1316 1580s
  1492   876 8.9914e+10  156  121 8.8128e+10 9.1354e+10  3.66%  1296 1585s
  1527   875 8.9914e+10  167  141 8.8128e+10 9.1354e+10  3.66%  1268 1590s
  1532   871 8.8209e+10   50  636 8.8128e+10 9.1354e+10  3.66%  1272 1595s
  1541   876 8.8859e+10   58  456 8.8128e+10 9.1354e+10  3.66%  1269 1600s
  1544   876 8.8560e+10   60  473 8.8128e+10 9.1354e+10  3.66%  1267 1612s
  1552   873 8.9203e+10   24  668 8.8128e+10 9.1354e+10  3.66%  1268 1617s
  1554   874 8.8153e+10   26  666 8.8128e+10 9.1354e+10  3.66%  1274 1621s
  1560   878 8.8654e+10   29  595 8.8128e+10 9.1354e+10  3.66%  1272 1625s
  1570   870 infeasible   30      8.8128e+10 9.1354e+10  3.66%  1269 1630s
  1571   870 8.8179e+10   30  349 8.8128e+10 9.1354e+10  3.66%  1276 1641s
  1577   864 infeasible   26      8.8128e+10 9.1354e+10  3.66%  1279 1645s
  1580   862 9.0994e+10   32  939 8.8128e+10 9.1354e+10  3.66%  1296 1658s
  1582   864 8.9914e+10   34  571 8.8128e+10 9.1354e+10  3.66%  1297 1660s
  1587   867 8.9914e+10   39  548 8.8128e+10 9.1354e+10  3.66%  1293 1713s
  1593   871 8.9914e+10   43  553 8.8128e+10 9.1354e+10  3.66%  1289 1715s
  1602   877 8.9914e+10   52  407 8.8128e+10 9.1354e+10  3.66%  1283 1720s
  1622   890 8.9914e+10   72  358 8.8128e+10 9.1354e+10  3.66%  1268 1725s
  1625   892 8.9914e+10   75  319 8.8128e+10 9.1354e+10  3.66%  1265 1738s
  1635   899 8.9914e+10   84  317 8.8128e+10 9.1354e+10  3.66%  1258 1740s
  1653   911 8.9914e+10  102  296 8.8128e+10 9.1354e+10  3.66%  1244 1745s
  1679   928 8.9914e+10  127  268 8.8128e+10 9.1354e+10  3.66%  1226 1753s
  1687   934 8.9914e+10  135  279 8.8128e+10 9.1354e+10  3.66%  1220 1755s
  1711   950 8.9914e+10  159  249 8.8128e+10 9.1354e+10  3.66%  1204 1760s
  1733   964 8.9914e+10  181  251 8.8128e+10 9.1354e+10  3.66%  1189 1767s
  1746   973 8.9914e+10  194  238 8.8128e+10 9.1354e+10  3.66%  1181 1770s
  1760   977 8.9502e+10  204  247 8.8128e+10 9.1354e+10  3.66%  1172 1784s
  1762   978 8.9502e+10  205  239 8.8128e+10 9.1354e+10  3.66%  1171 1785s
  1780   973 8.9914e+10   50  319 8.8128e+10 9.1354e+10  3.66%  1164 1790s
  1785   974 8.9914e+10   53  379 8.8128e+10 9.1354e+10  3.66%  1166 1795s
  1796   981 8.9914e+10   62  324 8.8128e+10 9.1354e+10  3.66%  1159 1800s
  1814   993 8.9914e+10   80  228 8.8128e+10 9.1354e+10  3.66%  1149 1816s
  1835  1007 8.9914e+10  101  258 8.8128e+10 9.1354e+10  3.66%  1137 1820s
  1841  1011 8.9914e+10  106  253 8.8128e+10 9.1354e+10  3.66%  1134 1830s
  1868  1029 8.9914e+10  132  209 8.8128e+10 9.1354e+10  3.66%  1118 1843s
  1873  1032 8.9914e+10  132  203 8.8128e+10 9.1354e+10  3.66%  1116 1845s
  1891  1037 infeasible  141      8.8128e+10 9.1354e+10  3.66%  1108 1850s
  1905  1032 8.8289e+10   22  459 8.8128e+10 9.1354e+10  3.66%  1106 1855s
  1911  1029 8.8289e+10   20  688 8.8128e+10 9.1354e+10  3.66%  1122 1872s
  1913  1030 8.8289e+10   22  599 8.8128e+10 9.1354e+10  3.66%  1130 1878s
  1917  1029 8.8289e+10   22  482 8.8128e+10 9.1354e+10  3.66%  1131 1880s
  1925  1026 8.8289e+10   21  573 8.8128e+10 9.1354e+10  3.66%  1135 1898s
  1927  1028 8.8289e+10   23  481 8.8128e+10 9.1354e+10  3.66%  1137 1900s
  1937  1024 8.8289e+10   25  389 8.8128e+10 9.1354e+10  3.66%  1135 1905s
  1944  1021 9.0789e+10   48  943 8.8128e+10 9.1354e+10  3.66%  1140 1913s
  1947  1023 8.9914e+10   51  481 8.8128e+10 9.1354e+10  3.66%  1140 1915s
  1955  1028 8.9914e+10   59  468 8.8128e+10 9.1354e+10  3.66%  1137 1920s
  1971  1038 8.9914e+10   73  378 8.8128e+10 9.1354e+10  3.66%  1129 1925s
  1975  1041 8.9914e+10   77  346 8.8128e+10 9.1354e+10  3.66%  1127 1932s
  1979  1041 8.8474e+10   77  345 8.8128e+10 9.1354e+10  3.66%  1126 1940s
  1994  1049 8.8474e+10   87  322 8.8128e+10 9.1354e+10  3.66%  1119 1945s
  2007  1058 8.8474e+10   97  304 8.8128e+10 9.1354e+10  3.66%  1112 1950s
  2029  1076 8.8474e+10  104  264 8.8128e+10 9.1354e+10  3.66%  1101 1955s
  2046  1089 8.8474e+10  114  260 8.8128e+10 9.1354e+10  3.66%  1093 1960s
  2062  1093 9.1159e+10   22  796 8.8128e+10 9.1354e+10  3.66%  1089 1967s
  2063  1094 8.8289e+10   23  823 8.8128e+10 9.1354e+10  3.66%  1093 1972s
  2068  1095 8.8153e+10   25  701 8.8128e+10 9.1354e+10  3.66%  1098 1977s
  2071  1092 8.9932e+10   31  628 8.8128e+10 9.1354e+10  3.66%  1104 1983s
  2072  1093 9.0789e+10   48  797 8.8128e+10 9.1354e+10  3.66%  1108 1987s
  2077  1096     cutoff   49      8.8128e+10 9.1354e+10  3.66%  1108 1990s
  2087  1106 8.9914e+10   53  450 8.8128e+10 9.1354e+10  3.66%  1105 1995s
  2089  1108 8.9914e+10   54  380 8.8128e+10 9.1354e+10  3.66%  1104 2004s
  2092  1111 8.9914e+10   55  377 8.8128e+10 9.1354e+10  3.66%  1103 2005s
  2105  1121 8.9692e+10   61  302 8.8128e+10 9.1354e+10  3.66%  1099 2010s
  2116  1130 8.8474e+10   65  315 8.8128e+10 9.1354e+10  3.66%  1095 2026s
  2134  1128     cutoff   47      8.8128e+10 9.1354e+10  3.66%  1089 2030s
  2137  1125     cutoff   30      8.8128e+10 9.1354e+10  3.66%  1097 2035s
  2142  1120     cutoff   76      8.8128e+10 9.1354e+10  3.66%  1102 2040s
  2144  1120 8.8289e+10   18  646 8.8128e+10 9.1354e+10  3.66%  1107 2055s
  2150  1124 infeasible   21      8.8128e+10 9.1354e+10  3.66%  1108 2060s
  2164  1120 infeasible   24      8.8128e+10 9.1354e+10  3.66%  1106 2065s
  2169  1115 infeasible   45      8.8128e+10 9.1354e+10  3.66%  1114 2071s
  2172  1112     cutoff   28      8.8128e+10 9.1354e+10  3.66%  1119 2075s
  2174  1110     cutoff   73      8.8128e+10 9.1354e+10  3.66%  1127 2080s
  2176  1110 8.8289e+10   44  777 8.8128e+10 9.1354e+10  3.66%  1155 2107s
  2180  1108     cutoff   45      8.8128e+10 9.1354e+10  3.66%  1155 2110s
  2183  1107 8.8289e+10   21  817 8.8128e+10 9.1354e+10  3.66%  1167 2121s
  2184  1108 8.8289e+10   22 1074 8.8128e+10 9.1354e+10  3.66%  1174 2138s
  2185  1107 infeasible   23      8.8128e+10 9.1354e+10  3.66%  1180 2143s
  2186  1108 8.8289e+10   22  726 8.8128e+10 9.1354e+10  3.66%  1187 2149s
  2188  1108 8.8289e+10   23  599 8.8128e+10 9.1354e+10  3.66%  1186 2150s
  2194  1104 infeasible   44      8.8128e+10 9.1354e+10  3.66%  1194 2156s
  2197  1101     cutoff   43      8.8128e+10 9.1354e+10  3.66%  1201 2162s
  2200  1100 8.8289e+10   27  613 8.8128e+10 9.1354e+10  3.66%  1207 2167s
  2201  1099     cutoff   28      8.8128e+10 9.1354e+10  3.66%  1212 2170s
  2203  1097 infeasible   43      8.8128e+10 9.1354e+10  3.66%  1218 2175s
  2206  1096 8.8289e+10   16  857 8.8128e+10 9.1354e+10  3.66%  1238 2205s
  2208  1098 8.8289e+10   18  731 8.8128e+10 9.1354e+10  3.66%  1241 2210s
  2214  1098 infeasible   20      8.8128e+10 9.1354e+10  3.66%  1242 2215s
  2218  1094     cutoff   68      8.8128e+10 9.1354e+10  3.66%  1248 2220s
  2220  1094 8.8289e+10   15  602 8.8128e+10 9.1354e+10  3.66%  1256 2227s
  2223  1093 8.8289e+10   16  495 8.8128e+10 9.1354e+10  3.66%  1266 2238s
  2224  1093 8.8289e+10   17  739 8.8128e+10 9.1354e+10  3.66%  1270 2241s
  2229  1092 8.8289e+10   21  719 8.8128e+10 9.1354e+10  3.66%  1280 2254s
  2230  1091     cutoff   22      8.8128e+10 9.1354e+10  3.66%  1280 2255s
  2233  1088 infeasible   42      8.8128e+10 9.1354e+10  3.66%  1287 2260s
  2236  1086 8.8210e+10   41  574 8.8128e+10 9.1354e+10  3.66%  1292 2273s
  2239  1083     cutoff   65      8.8128e+10 9.1354e+10  3.66%  1294 2275s
  2242  1080     cutoff   65      8.8128e+10 9.1354e+10  3.66%  1300 2280s
  2246  1076     cutoff   63      8.8128e+10 9.1354e+10  3.66%  1307 2285s
  2247  1077 8.8289e+10   20  525 8.8128e+10 9.1354e+10  3.66%  1334 2307s
  2254  1072     cutoff   63      8.8128e+10 9.1354e+10  3.66%  1334 2310s
  2257  1069     cutoff   62      8.8128e+10 9.1354e+10  3.66%  1341 2315s
  2260  1066 infeasible   39      8.8128e+10 9.1354e+10  3.66%  1347 2320s
  2263  1063     cutoff   38      8.8128e+10 9.1354e+10  3.66%  1353 2325s
  2266  1062 8.8289e+10   15  594 8.8128e+10 9.1354e+10  3.66%  1372 2345s
  2270  1060     cutoff   21      8.8128e+10 9.1354e+10  3.66%  1375 2350s
  2274  1056     cutoff   59      8.8128e+10 9.1354e+10  3.66%  1383 2356s
  2276  1054 infeasible   37      8.8128e+10 9.1354e+10  3.66%  1392 2363s
  2278  1052     cutoff   15      8.8128e+10 9.1354e+10  3.66%  1410 2387s
  2280  1052 8.8289e+10   24  894 8.8128e+10 9.1354e+10  3.66%  1421 2405s
  2285  1049 infeasible   37      8.8128e+10 9.1354e+10  3.66%  1425 2411s
  2288  1046 infeasible   36      8.8128e+10 9.1354e+10  3.66%  1436 2421s
  2292  1042 infeasible   24      8.8128e+10 9.1354e+10  3.66%  1444 2430s
  2295  1039     cutoff   53      8.8128e+10 9.1354e+10  3.66%  1451 2435s
  2298  1036     cutoff   35      8.8128e+10 9.1354e+10  3.66%  1461 2443s
  2299  1035     cutoff   53      8.8128e+10 9.1354e+10  3.66%  1463 2445s
  2303  1031 8.8179e+10   42  390 8.8128e+10 9.1354e+10  3.66%  1466 2451s
  2306  1030 8.8179e+10   41  710 8.8128e+10 9.1354e+10  3.66%  1473 2462s
  2309  1028 8.8179e+10   40  574 8.8128e+10 9.1354e+10  3.66%  1479 2471s
  2312  1025 infeasible   23      8.8128e+10 9.1354e+10  3.66%  1486 2478s
  2313  1024 infeasible   35      8.8128e+10 9.1354e+10  3.66%  1489 2480s
  2316  1023 8.8179e+10   39  753 8.8128e+10 9.1354e+10  3.66%  1495 2487s
  2321  1020     cutoff   38      8.8128e+10 9.1354e+10  3.66%  1500 2493s
  2322  1019     cutoff   38      8.8128e+10 9.1354e+10  3.66%  1502 2495s
  2325  1016 8.8179e+10   37  512 8.8128e+10 9.1354e+10  3.66%  1509 2503s
  2326  1017 8.8179e+10   34  475 8.8128e+10 9.1354e+10  3.66%  1510 2505s
  2329  1014     cutoff   35      8.8128e+10 9.1354e+10  3.66%  1514 2510s
  2330  1013 infeasible   34      8.8128e+10 9.1354e+10  3.66%  1520 2515s
  2332  1011     cutoff   34      8.8128e+10 9.1354e+10  3.66%  1524 2522s
  2333  1012 8.8179e+10   34  546 8.8128e+10 9.1354e+10  3.66%  1527 2553s
  2336  1011 8.8179e+10   33  596 8.8128e+10 9.1354e+10  3.66%  1529 2555s
  2343  1008 8.8179e+10   34  351 8.8128e+10 9.1354e+10  3.66%  1529 2560s
  2346  1005     cutoff   32      8.8128e+10 9.1354e+10  3.66%  1536 2569s
  2347  1004     cutoff   30      8.8128e+10 9.1354e+10  3.66%  1537 2571s
  2352  1004     cutoff   32      8.8128e+10 9.1354e+10  3.66%  1538 2575s
  2360   997     cutoff   17      8.8128e+10 9.0994e+10  3.25%  1541 2580s
  2365   992     cutoff   18      8.8128e+10 9.0990e+10  3.25%  1545 2585s
  2415   942     cutoff  131      8.8128e+10 8.9914e+10  2.03%  1525 2590s
  2435   922     cutoff   70      8.8128e+10 8.9914e+10  2.03%  1527 2595s
  2450   907     cutoff   66      8.8128e+10 8.9914e+10  2.03%  1530 2600s
  2472   885     cutoff  111      8.8128e+10 8.9914e+10  2.03%  1528 2605s
  2496   861     cutoff  125      8.8128e+10 8.9914e+10  2.03%  1529 2610s
  2544   813     cutoff  100      8.8128e+10 8.9914e+10  2.03%  1514 2615s
  2566   791     cutoff  100      8.8128e+10 8.9914e+10  2.03%  1515 2620s
  2608   749     cutoff   89      8.8128e+10 8.9914e+10  2.03%  1502 2625s
  2643   714 infeasible   34      8.8128e+10 8.9914e+10  2.03%  1492 2630s
  2653   704     cutoff   91      8.8128e+10 8.9914e+10  2.03%  1499 2635s
  2664   693     cutoff   63      8.8128e+10 8.9914e+10  2.03%  1504 2640s
  2677   680     cutoff   86      8.8128e+10 8.9914e+10  2.03%  1509 2645s
  2708   649     cutoff   77      8.8128e+10 8.9914e+10  2.03%  1501 2650s
  2726   631     cutoff   69      8.8128e+10 8.9914e+10  2.03%  1502 2655s
  2739   618     cutoff   61      8.8128e+10 8.9914e+10  2.03%  1504 2660s
  2754   603     cutoff   55      8.8128e+10 8.9914e+10  2.03%  1504 2665s
  2772   585     cutoff   53      8.8128e+10 8.9914e+10  2.03%  1505 2671s
  2783   574 infeasible   44      8.8128e+10 8.9914e+10  2.03%  1506 2675s
  2787   570     cutoff   54      8.8128e+10 8.9914e+10  2.03%  1508 2680s
  2794   563     cutoff   41      8.8128e+10 8.9914e+10  2.03%  1509 2685s
  2799   558     cutoff   62      8.8128e+10 8.9914e+10  2.03%  1511 2690s
  2810   547     cutoff   54      8.8128e+10 8.9914e+10  2.03%  1509 2695s
  2814   543 infeasible   51      8.8128e+10 8.9914e+10  2.03%  1510 2708s
  2816   541     cutoff   54      8.8128e+10 8.9914e+10  2.03%  1510 2710s
  2824   533 infeasible   36      8.8128e+10 8.9914e+10  2.03%  1510 2716s
  2842   515     cutoff  121      8.8128e+10 8.9914e+10  2.03%  1504 2720s
  2899   458     cutoff  121      8.8128e+10 8.9914e+10  2.03%  1479 2725s
  2910   447     cutoff  106      8.8128e+10 8.9914e+10  2.03%  1477 2730s
  2931   426     cutoff  103      8.8128e+10 8.9914e+10  2.03%  1470 2735s
  2942   415     cutoff   50      8.8128e+10 8.9914e+10  2.03%  1470 2741s
  2986   371     cutoff   61      8.8128e+10 8.9914e+10  2.03%  1452 2746s
  2993   364     cutoff   62      8.8128e+10 8.9914e+10  2.03%  1453 2751s
  3000   357     cutoff   56      8.8128e+10 8.9914e+10  2.03%  1453 2755s
  3005   352     cutoff   62      8.8128e+10 8.9914e+10  2.03%  1454 2760s
  3019   338     cutoff  126      8.8128e+10 8.9914e+10  2.03%  1451 2765s
  3030   327     cutoff   66      8.8128e+10 8.9914e+10  2.03%  1449 2770s
  3039   318     cutoff   66      8.8128e+10 8.9914e+10  2.03%  1448 2775s
  3091   266     cutoff   75      8.8128e+10 8.9914e+10  2.03%  1426 2780s
  3135   222     cutoff   70      8.8128e+10 8.9914e+10  2.03%  1409 2785s
  3144   213     cutoff  105      8.8128e+10 8.9741e+10  1.83%  1408 2790s
  3204   153     cutoff  117      8.8128e+10 8.9194e+10  1.21%  1385 2795s
  3215   142     cutoff   40      8.8128e+10 8.8954e+10  0.94%  1383 2800s
  3220   137     cutoff   56      8.8128e+10 8.8654e+10  0.60%  1384 2805s
  3228   129     cutoff   47      8.8128e+10 8.8474e+10  0.39%  1383 2810s
  3286    71     cutoff   51      8.8128e+10 8.8474e+10  0.39%  1362 2815s
  3333    24     cutoff   49      8.8128e+10 8.8309e+10  0.21%  1346 2820s
  3335    22 infeasible   20      8.8128e+10 8.8289e+10  0.18%  1349 2828s
  3336    23 8.8153e+10   15  572 8.8128e+10 8.8289e+10  0.18%  1352 2831s
  3340    19 infeasible   36      8.8128e+10 8.8289e+10  0.18%  1353 2835s
  3344    15 infeasible   23      8.8128e+10 8.8289e+10  0.18%  1356 2842s
  3351    12 8.8225e+10   23  377 8.8128e+10 8.8289e+10  0.18%  1354 2845s
  3370     7 8.8218e+10   24  349 8.8128e+10 8.8218e+10  0.10%  1349 2850s

Cutting planes:
  Learned: 35
  Gomory: 6
  Lift-and-project: 1
  Cover: 1025
  Implied bound: 3005
  Projected implied bound: 22
  Clique: 89
  MIR: 306
  StrongCG: 4
  Flow cover: 1320
  GUB cover: 9
  Inf proof: 5
  Zero half: 107
  RLT: 239
  Relax-and-lift: 567

Explored 3378 nodes (4822190 simplex iterations) in 2853.09 seconds (2295.56 work units)
Thread count was 1 (of 28 available processors)

Solution count 1: 8.8128e+10 

Optimal solution found (tolerance 1.00e-04)
Best objective 8.812800000000e+10, best bound 8.812800000000e+10, gap 0.0000%

User-callback calls 316819, time in user-callback 0.25 sec