Gurobi Optimizer version 12.0.3 build v12.0.3rc0 (linux64 - "Oracle Linux Server 9.4")

CPU model: Intel(R) Xeon(R) CPU E5-2660 v4 @ 2.00GHz, instruction set [SSE2|AVX|AVX2]
Thread count: 28 physical cores, 28 logical processors, using up to 1 threads

Non-default parameters:
TimeLimit  3592.828242085
SoftMemLimit  16
NumericFocus  1
Threads  1

Academic license 2690100 - for non-commercial use only - registered to ju___@uclm.es
Optimize a model with 120180 rows, 27820 columns and 535590 nonzeros
Model fingerprint: 0xb1178999
Variable types: 180 continuous, 27640 integer (27640 binary)
Coefficient statistics:
  Matrix range     [1e+00, 8e+12]
  Objective range  [3e+08, 2e+09]
  Bounds range     [1e+03, 1e+04]
  RHS range        [1e+00, 2e+14]
Warning: Model contains large matrix coefficient range
Warning: Model contains large objective coefficients
Warning: Model contains large rhs
Found heuristic solution: objective -0.0000000
Presolve removed 20729 rows and 152 columns
Presolve time: 3.20s
Presolved: 99451 rows, 27668 columns, 364622 nonzeros
Variable types: 180 continuous, 27488 integer (27488 binary)
Root relaxation presolved: 27668 rows, 127119 columns, 392290 nonzeros


Root simplex log...

Iteration    Objective       Primal Inf.    Dual Inf.      Time
    4453    6.8819047e+10   1.074342e+09   0.000000e+00      5s
   12055    9.9687600e+10   0.000000e+00   0.000000e+00      7s
   12055    9.9687600e+10   0.000000e+00   0.000000e+00      7s

Root relaxation: objective 9.968760e+10, 12055 iterations, 3.46 seconds (2.90 work units)
Total elapsed time = 11.86s (DegenMoves)

    Nodes    |    Current Node    |     Objective Bounds      |     Work
 Expl Unexpl |  Obj  Depth IntInf | Incumbent    BestBd   Gap | It/Node Time

     0     0 9.9688e+10    0  881   -0.00000 9.9688e+10      -     -   33s
H    0     0                    3.042000e+09 9.9688e+10  3177%     -   34s
H    0     0                    1.097760e+10 9.9688e+10   808%     -   34s
H    0     0                    1.655520e+10 9.9688e+10   502%     -   34s
H    0     0                    1.727280e+10 9.9688e+10   477%     -   34s
H    0     0                    1.739280e+10 9.9688e+10   473%     -   34s
     0     0 9.9045e+10    0 1041 1.7393e+10 9.9045e+10   469%     -   64s
H    0     0                    1.785600e+10 9.9045e+10   455%     -   65s
H    0     0                    2.113200e+10 9.9045e+10   369%     -   65s
H    0     0                    2.230200e+10 9.9045e+10   344%     -   65s
     0     0 9.9045e+10    0  968 2.2302e+10 9.9045e+10   344%     -   70s
     0     0 9.8985e+10    0 1090 2.2302e+10 9.8985e+10   344%     -   78s
     0     0 9.8985e+10    0  884 2.2302e+10 9.8985e+10   344%     -   79s
     0     0 9.8985e+10    0 1045 2.2302e+10 9.8985e+10   344%     -   85s
H    0     0                    3.577200e+10 9.8985e+10   177%     -   91s
H    0     0                    3.601200e+10 9.8985e+10   175%     -   91s
H    0     0                    3.701760e+10 9.8985e+10   167%     -   91s
     0     0 9.8985e+10    0  952 3.7018e+10 9.8985e+10   167%     -   96s
     0     0 9.8985e+10    0  696 3.7018e+10 9.8985e+10   167%     -  109s
     0     0 9.8985e+10    0  749 3.7018e+10 9.8985e+10   167%     -  111s
     0     0 9.8985e+10    0  505 3.7018e+10 9.8985e+10   167%     -  117s
     0     0 9.8985e+10    0  470 3.7018e+10 9.8985e+10   167%     -  126s
     0     0 9.8984e+10    0  662 3.7018e+10 9.8984e+10   167%     -  129s
     0     0 9.8984e+10    0  555 3.7018e+10 9.8984e+10   167%     -  130s
     0     0 9.8984e+10    0  761 3.7018e+10 9.8984e+10   167%     -  132s
     0     0 9.8984e+10    0  665 3.7018e+10 9.8984e+10   167%     -  147s
     0     0 9.8984e+10    0  680 3.7018e+10 9.8984e+10   167%     -  149s
     0     0 9.8984e+10    0  381 3.7018e+10 9.8984e+10   167%     -  153s
     0     2 9.8696e+10    0  219 3.7018e+10 9.8696e+10   167%     -  178s
     9    11 9.8696e+10    5  364 3.7018e+10 9.8696e+10   167%   731  180s
    27    29 9.7816e+10   15  333 3.7018e+10 9.8696e+10   167%   604  189s
    35    37 9.7816e+10   20  274 3.7018e+10 9.8696e+10   167%   486  190s
    72    74 9.7816e+10   39  366 3.7018e+10 9.8696e+10   167%   322  195s
   107   109 9.7816e+10   58  312 3.7018e+10 9.8696e+10   167%   293  200s
   141   143 9.7816e+10   75  376 3.7018e+10 9.8696e+10   167%   282  208s
   147   149 9.7816e+10   78  313 3.7018e+10 9.8696e+10   167%   290  210s
   189   188 9.7816e+10  101  291 3.7018e+10 9.8696e+10   167%   253  215s
   238   237 9.6880e+10  132  274 3.7018e+10 9.8696e+10   167%   215  220s
   299   277 infeasible  162      3.7018e+10 9.8696e+10   167%   178  225s
H  340   301                    6.167040e+10 9.8696e+10  60.0%   159  229s
H  341   302                    6.514200e+10 9.8696e+10  51.5%   159  230s
H  368   316                    6.631200e+10 9.8696e+10  48.8%   148  232s
   409   337 infeasible  221      6.6312e+10 9.8696e+10  48.8%   135  235s
H  422   340                    6.758040e+10 9.8696e+10  46.0%   131  236s
   475   358 9.6449e+10  258  169 6.7580e+10 9.8696e+10  46.0%   119  240s
H  477   357                    6.813120e+10 9.8696e+10  44.9%   118  240s
   531   388 9.6449e+10  292  144 6.8131e+10 9.8696e+10  44.9%   109  245s
H  558   399                    7.043280e+10 9.8696e+10  40.1%   108  248s
   571   414 9.8696e+10   26  446 7.0433e+10 9.8696e+10  40.1%   107  250s
   605   448 9.7816e+10   52  477 7.0433e+10 9.8696e+10  40.1%   108  255s
   610   452 9.8696e+10    2  381 7.0433e+10 9.8696e+10  40.1%   108  284s
   612   453 9.7816e+10   48 1091 7.0433e+10 9.8696e+10  40.1%   107  313s
   613   454 9.7816e+10   71 1054 7.0433e+10 9.8696e+10  40.1%   107  344s
   614   455 9.7816e+10  103 1085 7.0433e+10 9.8696e+10  40.1%   107  352s
   615   455 9.6736e+10  128 1069 7.0433e+10 9.8696e+10  40.1%   107  355s
   616   456 9.7022e+10  128 1017 7.0433e+10 9.8696e+10  40.1%   106  361s
   617   457 9.6449e+10  156  985 7.0433e+10 9.8696e+10  40.1%   106  391s
   618   457 9.6449e+10  245  974 7.0433e+10 9.8696e+10  40.1%   106  400s
   619   458 9.7816e+10   91  846 7.0433e+10 9.8696e+10  40.1%   106  422s
   620   459 9.7816e+10  110  884 7.0433e+10 9.8696e+10  40.1%   106  429s
   621   459 9.6592e+10  148  897 7.0433e+10 9.8696e+10  40.1%   106  460s
   622   460 9.7816e+10   34  857 7.0433e+10 9.8696e+10  40.1%   105  467s
   623   461 9.7816e+10   32  904 7.0433e+10 9.8696e+10  40.1%   105  498s
   624   461 9.7816e+10   42  895 7.0433e+10 9.8696e+10  40.1%   105  505s
   625   462 8.0537e+10  183  894 7.0433e+10 9.8696e+10  40.1%   105  521s
   626   463 9.8696e+10   34  882 7.0433e+10 9.8696e+10  40.1%   105  528s
   627   463 9.6449e+10  277  816 7.0433e+10 9.8696e+10  40.1%   105  549s
   628   464 9.6268e+10  108  780 7.0433e+10 9.8696e+10  40.1%   104  556s
   629   465 9.6449e+10  288  579 7.0433e+10 9.8696e+10  40.1%   104  720s
   631   466 9.7816e+10   36  646 7.0433e+10 9.8696e+10  40.1%   104  733s
   632   467 9.6449e+10  171  515 7.0433e+10 9.8696e+10  40.1%   104  743s
   633   467 9.7816e+10   62  515 7.0433e+10 9.8662e+10  40.1%   104  795s
   634   470 9.8662e+10   11  300 7.0433e+10 9.8662e+10  40.1%   448  832s
   639   473 9.8662e+10   15  670 7.0433e+10 9.8662e+10  40.1%   449  838s
   644   477 9.8662e+10   20  412 7.0433e+10 9.8662e+10  40.1%   445  840s
   655   484 9.8662e+10   26  463 7.0433e+10 9.8662e+10  40.1%   442  845s
   662   489 9.8600e+10   31  490 7.0433e+10 9.8662e+10  40.1%   438  850s
   672   495 9.7816e+10   36  339 7.0433e+10 9.8662e+10  40.1%   440  855s
   688   506 9.7816e+10   44  327 7.0433e+10 9.8662e+10  40.1%   431  875s
   705   517 9.7816e+10   53  505 7.0433e+10 9.8662e+10  40.1%   426  880s
   725   531 9.7816e+10   64  357 7.0433e+10 9.8662e+10  40.1%   417  885s
   736   538 9.7816e+10   70  470 7.0433e+10 9.8662e+10  40.1%   417  893s
   745   544 9.7816e+10   75  317 7.0433e+10 9.8662e+10  40.1%   417  895s
   772   561 9.7816e+10   89  518 7.0433e+10 9.8662e+10  40.1%   413  901s
   774   562 9.7816e+10   90  507 7.0433e+10 9.8662e+10  40.1%   418  905s
   785   570 9.7816e+10   96  435 7.0433e+10 9.8662e+10  40.1%   428  910s
   802   581 9.7816e+10  104  496 7.0433e+10 9.8662e+10  40.1%   427  915s
   817   591 9.7816e+10  112  423 7.0433e+10 9.8662e+10  40.1%   431  920s
   841   607 9.7816e+10  124  376 7.0433e+10 9.8662e+10  40.1%   421  925s
   862   621 9.7816e+10  134  412 7.0433e+10 9.8662e+10  40.1%   420  930s
   879   632 9.7816e+10  143  389 7.0433e+10 9.8662e+10  40.1%   423  935s
   896   644 9.7816e+10  151  418 7.0433e+10 9.8662e+10  40.1%   426  940s
   916   657 9.7560e+10  161  584 7.0433e+10 9.8662e+10  40.1%   425  945s
   933   664 9.7816e+10  169  408 7.0433e+10 9.8662e+10  40.1%   425  950s
   952   677 9.7816e+10  179  407 7.0433e+10 9.8662e+10  40.1%   422  955s
   970   689 9.7816e+10  188  393 7.0433e+10 9.8662e+10  40.1%   421  960s
   983   698 9.7816e+10  195  440 7.0433e+10 9.8662e+10  40.1%   423  965s
  1007   714 9.7816e+10  207  425 7.0433e+10 9.8662e+10  40.1%   416  970s
  1030   729 9.7816e+10  218  442 7.0433e+10 9.8662e+10  40.1%   413  975s
  1050   742 9.7816e+10  228  490 7.0433e+10 9.8662e+10  40.1%   416  980s
  1066   753 9.7816e+10  236  399 7.0433e+10 9.8662e+10  40.1%   419  985s
  1081   763 9.7369e+10  244  486 7.0433e+10 9.8662e+10  40.1%   422  990s
  1103   776 9.7138e+10  255  485 7.0433e+10 9.8662e+10  40.1%   420  995s
  1119   786 9.7138e+10  263  499 7.0433e+10 9.8662e+10  40.1%   426 1000s
  1131   794 9.7138e+10  269  504 7.0433e+10 9.8662e+10  40.1%   435 1005s
  1148   804 9.7816e+10  277  390 7.0433e+10 9.8662e+10  40.1%   435 1010s
  1173   812 9.7816e+10  290  348 7.0433e+10 9.8662e+10  40.1%   433 1015s
  1199   830 9.7816e+10  303  378 7.0433e+10 9.8662e+10  40.1%   427 1020s
  1222   845 9.7816e+10  315  350 7.0433e+10 9.8662e+10  40.1%   424 1025s
  1251   860 9.7816e+10  330  352 7.0433e+10 9.8662e+10  40.1%   416 1030s
  1280   874 9.7816e+10  346  413 7.0433e+10 9.8662e+10  40.1%   409 1035s
  1300   886 9.7816e+10  357  391 7.0433e+10 9.8662e+10  40.1%   406 1040s
  1332   906 9.7816e+10  373  388 7.0433e+10 9.8662e+10  40.1%   398 1045s
  1359   918 9.7816e+10  387  409 7.0433e+10 9.8662e+10  40.1%   391 1050s
  1375   927 9.6875e+10  395  269 7.0433e+10 9.8662e+10  40.1%   387 1055s
  1405   938 9.6095e+10  411  286 7.0433e+10 9.8662e+10  40.1%   379 1060s
  1433   930 9.8662e+10   12  413 7.0433e+10 9.8662e+10  40.1%   372 1072s
  1438   933 9.8662e+10   15  271 7.0433e+10 9.8662e+10  40.1%   374 1075s
  1455   944 9.8662e+10   29  374 7.0433e+10 9.8662e+10  40.1%   371 1080s
  1466   952 9.8662e+10   35  293 7.0433e+10 9.8662e+10  40.1%   373 1085s
  1478   960 9.8662e+10   44  377 7.0433e+10 9.8662e+10  40.1%   372 1090s
  1488   966 9.7816e+10   49  522 7.0433e+10 9.8662e+10  40.1%   378 1095s
  1501   975 9.7816e+10   56  338 7.0433e+10 9.8662e+10  40.1%   378 1100s
  1518   986 9.7816e+10   70  396 7.0433e+10 9.8662e+10  40.1%   378 1105s
  1539  1000 9.7816e+10   82  414 7.0433e+10 9.8662e+10  40.1%   373 1110s
  1562  1016 9.7816e+10   94  415 7.0433e+10 9.8662e+10  40.1%   370 1115s
  1573  1023 9.7816e+10   99  546 7.0433e+10 9.8662e+10  40.1%   373 1120s
  1593  1036 9.7816e+10  109  399 7.0433e+10 9.8662e+10  40.1%   371 1125s
H 1609  1021                    8.517480e+10 9.8662e+10  15.8%   369 1130s
  1624  1033 9.7816e+10  125  392 8.5175e+10 9.8662e+10  15.8%   368 1135s
  1646  1048 9.7816e+10  138  387 8.5175e+10 9.8662e+10  15.8%   366 1140s
  1670  1060 9.7816e+10  149  339 8.5175e+10 9.8662e+10  15.8%   362 1145s
  1689  1066 9.7816e+10  159  306 8.5175e+10 9.8662e+10  15.8%   360 1150s
  1716  1074 9.7816e+10  173  318 8.5175e+10 9.8662e+10  15.8%   355 1155s
  1741  1074 9.8662e+10   13  309 8.5175e+10 9.8662e+10  15.8%   352 1162s
  1744  1076 9.8662e+10   15  543 8.5175e+10 9.8662e+10  15.8%   353 1165s
  1753  1082 9.8662e+10   21  462 8.5175e+10 9.8662e+10  15.8%   354 1170s
  1771  1094 9.8662e+10   37  493 8.5175e+10 9.8662e+10  15.8%   352 1175s
  1785  1103 9.8662e+10   45  572 8.5175e+10 9.8662e+10  15.8%   352 1180s
  1797  1111 9.8662e+10   53  490 8.5175e+10 9.8662e+10  15.8%   350 1185s
  1814  1123 9.8662e+10   62  499 8.5175e+10 9.8662e+10  15.8%   348 1190s
  1833  1135 9.8662e+10   72  495 8.5175e+10 9.8662e+10  15.8%   345 1195s
  1850  1147 9.8662e+10   81  493 8.5175e+10 9.8662e+10  15.8%   344 1200s
  1872  1161 9.8662e+10   92  498 8.5175e+10 9.8662e+10  15.8%   341 1205s
  1895  1177 9.8420e+10  103  447 8.5175e+10 9.8662e+10  15.8%   339 1210s
  1920  1193 9.8662e+10  116  511 8.5175e+10 9.8662e+10  15.8%   336 1215s
  1944  1209 9.8662e+10  128  535 8.5175e+10 9.8662e+10  15.8%   334 1220s
  1959  1219 9.8662e+10  137  545 8.5175e+10 9.8662e+10  15.8%   333 1225s
  1971  1230 9.8619e+10  146  478 8.5175e+10 9.8662e+10  15.8%   332 1230s
  1975  1234 9.8662e+10  148  478 8.5175e+10 9.8662e+10  15.8%   332 1249s
  1979  1238 9.8662e+10  150  511 8.5175e+10 9.8662e+10  15.8%   332 1250s
  1995  1254 9.8662e+10  160  491 8.5175e+10 9.8662e+10  15.8%   330 1255s
  2012  1271 9.8619e+10  170  452 8.5175e+10 9.8662e+10  15.8%   329 1260s
  2030  1289 9.7496e+10  181  441 8.5175e+10 9.8662e+10  15.8%   329 1265s
  2035  1294 9.7935e+10  184  584 8.5175e+10 9.8662e+10  15.8%   329 1270s
  2048  1307 9.7816e+10  192  393 8.5175e+10 9.8662e+10  15.8%   328 1275s
  2066  1324 9.7816e+10  201  368 8.5175e+10 9.8662e+10  15.8%   330 1280s
  2080  1338 9.7816e+10  209  358 8.5175e+10 9.8662e+10  15.8%   333 1285s
  2094  1351 9.7816e+10  216  330 8.5175e+10 9.8662e+10  15.8%   336 1290s
  2107  1364 9.7816e+10  223  343 8.5175e+10 9.8662e+10  15.8%   338 1295s
  2122  1379 9.7816e+10  231  323 8.5175e+10 9.8662e+10  15.8%   338 1300s
  2137  1394 9.7816e+10  238  304 8.5175e+10 9.8662e+10  15.8%   340 1305s
  2151  1408 9.7816e+10  245  285 8.5175e+10 9.8662e+10  15.8%   342 1310s
  2167  1424 9.7816e+10  253  287 8.5175e+10 9.8662e+10  15.8%   345 1315s
  2192  1448 9.7816e+10  266  350 8.5175e+10 9.8662e+10  15.8%   343 1320s
  2226  1482 9.7816e+10  284  269 8.5175e+10 9.8662e+10  15.8%   339 1325s
  2259  1515 9.7385e+10  303  320 8.5175e+10 9.8662e+10  15.8%   336 1330s
  2282  1536 9.7385e+10  314  249 8.5175e+10 9.8662e+10  15.8%   334 1335s
  2307  1559 infeasible  327      8.5175e+10 9.8662e+10  15.8%   332 1340s
  2335  1581 9.7385e+10  342  212 8.5175e+10 9.8662e+10  15.8%   329 1345s
  2356  1601 9.7385e+10  353  191 8.5175e+10 9.8662e+10  15.8%   328 1350s
  2384  1622 9.7385e+10  367  234 8.5175e+10 9.8662e+10  15.8%   326 1355s
H 2387  1621                    8.548560e+10 9.8662e+10  15.4%   325 1357s
  2408  1623 9.7385e+10  379  184 8.5486e+10 9.8662e+10  15.4%   323 1360s
  2424  1626 9.8662e+10   13  616 8.5486e+10 9.8662e+10  15.4%   323 1365s
  2437  1639 9.8662e+10   26  429 8.5486e+10 9.8662e+10  15.4%   322 1370s
  2448  1650 9.8662e+10   36  560 8.5486e+10 9.8662e+10  15.4%   321 1375s
  2462  1664 9.7816e+10   45  408 8.5486e+10 9.8662e+10  15.4%   321 1380s
  2479  1681 9.8662e+10   55  450 8.5486e+10 9.8662e+10  15.4%   319 1385s
  2497  1699 9.8662e+10   65  445 8.5486e+10 9.8662e+10  15.4%   318 1390s
  2513  1715 9.8662e+10   73  446 8.5486e+10 9.8662e+10  15.4%   317 1395s
  2528  1730 9.8591e+10   80  503 8.5486e+10 9.8662e+10  15.4%   317 1400s
  2545  1747 9.8662e+10   89  462 8.5486e+10 9.8662e+10  15.4%   316 1405s
  2555  1757 9.8591e+10   94  505 8.5486e+10 9.8662e+10  15.4%   316 1419s
  2557  1759 9.8662e+10   95  463 8.5486e+10 9.8662e+10  15.4%   316 1420s
  2578  1780 9.8662e+10  106  470 8.5486e+10 9.8662e+10  15.4%   315 1425s
  2595  1797 9.8591e+10  114  492 8.5486e+10 9.8662e+10  15.4%   316 1430s
  2611  1813 9.8662e+10  122  466 8.5486e+10 9.8662e+10  15.4%   317 1435s
  2631  1833 9.8662e+10  133  460 8.5486e+10 9.8662e+10  15.4%   316 1440s
  2646  1848 9.8662e+10  145  434 8.5486e+10 9.8662e+10  15.4%   315 1445s
  2664  1866 9.7816e+10  155  376 8.5486e+10 9.8662e+10  15.4%   314 1450s
  2696  1898 9.7816e+10  171  363 8.5486e+10 9.8662e+10  15.4%   312 1455s
  2728  1930 9.7816e+10  189  413 8.5486e+10 9.8662e+10  15.4%   309 1460s
  2760  1962 9.7816e+10  206  305 8.5486e+10 9.8662e+10  15.4%   307 1465s
  2778  1980 9.4072e+10  215  388 8.5486e+10 9.8662e+10  15.4%   308 1470s
  2800  2002 9.7816e+10  226  304 8.5486e+10 9.8662e+10  15.4%   308 1475s
  2820  2022 9.7816e+10  236  353 8.5486e+10 9.8662e+10  15.4%   308 1480s
  2837  2039 9.6880e+10  245  391 8.5486e+10 9.8662e+10  15.4%   309 1485s
  2848  2050 9.7816e+10  251  304 8.5486e+10 9.8662e+10  15.4%   309 1490s
  2865  2067 9.6880e+10  259  371 8.5486e+10 9.8662e+10  15.4%   309 1495s
  2883  2085 9.7816e+10  269  339 8.5486e+10 9.8662e+10  15.4%   310 1500s
  2905  2107 9.7816e+10  280  378 8.5486e+10 9.8662e+10  15.4%   310 1505s
  2927  2127 9.7816e+10  291  281 8.5486e+10 9.8662e+10  15.4%   309 1510s
  2954  2149 9.7816e+10  305  268 8.5486e+10 9.8662e+10  15.4%   308 1515s
  2958  2153 9.7816e+10  307  249 8.5486e+10 9.8662e+10  15.4%   307 1585s
  2974  2166 9.7816e+10  315  303 8.5486e+10 9.8662e+10  15.4%   306 1590s
  2986  2178 9.7816e+10  322  285 8.5486e+10 9.8662e+10  15.4%   305 1598s
  2992  2183 9.7816e+10  326  348 8.5486e+10 9.8662e+10  15.4%   305 1600s
  3003  2192 9.7816e+10  332  254 8.5486e+10 9.8662e+10  15.4%   305 1605s
  3026  2208 9.7816e+10  344  309 8.5486e+10 9.8662e+10  15.4%   304 1610s
  3058  2234 9.6834e+10  361  279 8.5486e+10 9.8662e+10  15.4%   302 1615s
  3077  2241 9.6834e+10  370  193 8.5486e+10 9.8662e+10  15.4%   301 1620s
  3117  2253 9.6834e+10  389  183 8.5486e+10 9.8662e+10  15.4%   299 1625s
  3136  2257 9.6834e+10  397  179 8.5486e+10 9.8662e+10  15.4%   297 1630s
  3169  2269 9.6834e+10  415  156 8.5486e+10 9.8662e+10  15.4%   295 1635s
  3204  2287 9.6834e+10  434  165 8.5486e+10 9.8662e+10  15.4%   292 1640s
  3238  2294 infeasible  450      8.5486e+10 9.8662e+10  15.4%   289 1645s
  3256  2294 9.8662e+10   14  603 8.5486e+10 9.8662e+10  15.4%   288 1713s
  3259  2297 9.8662e+10   16  554 8.5486e+10 9.8662e+10  15.4%   289 1715s
  3278  2316 9.8662e+10   33  477 8.5486e+10 9.8662e+10  15.4%   288 1720s
  3304  2342 9.8662e+10   52  468 8.5486e+10 9.8662e+10  15.4%   286 1725s
  3320  2358 9.8662e+10   63  466 8.5486e+10 9.8662e+10  15.4%   286 1730s
  3335  2373 9.8662e+10   72  462 8.5486e+10 9.8662e+10  15.4%   285 1735s
  3356  2394 9.8662e+10   84  471 8.5486e+10 9.8662e+10  15.4%   284 1740s
  3370  2408 9.8662e+10   92  486 8.5486e+10 9.8662e+10  15.4%   284 1745s
  3383  2421 9.8662e+10   99  479 8.5486e+10 9.8662e+10  15.4%   284 1750s
H 3387  2423                    8.665560e+10 9.8662e+10  13.9%   284 1752s
H 3387  2423                    8.782560e+10 9.8662e+10  12.3%   284 1752s
H 3387  2423                    8.899560e+10 9.8662e+10  10.9%   284 1753s
  3392  2430 9.8662e+10  103  466 8.8996e+10 9.8662e+10  10.9%   284 1755s
  3410  2448 9.8662e+10  112  501 8.8996e+10 9.8662e+10  10.9%   284 1760s
  3429  2467 9.8662e+10  122  480 8.8996e+10 9.8662e+10  10.9%   285 1765s
  3449  2487 9.8662e+10  132  493 8.8996e+10 9.8662e+10  10.9%   284 1770s
  3469  2507 9.8662e+10  142  496 8.8996e+10 9.8662e+10  10.9%   284 1775s
  3489  2527 9.8662e+10  152  489 8.8996e+10 9.8662e+10  10.9%   284 1780s
  3505  2543 9.8591e+10  163  499 8.8996e+10 9.8662e+10  10.9%   283 1785s
  3517  2555 9.8662e+10  169  541 8.8996e+10 9.8662e+10  10.9%   284 1790s
  3528  2566 9.8662e+10  178  519 8.8996e+10 9.8662e+10  10.9%   284 1795s
  3536  2574 9.8662e+10  182  524 8.8996e+10 9.8662e+10  10.9%   285 1800s
  3549  2587 9.8591e+10  191  562 8.8996e+10 9.8662e+10  10.9%   284 1805s
  3559  2597 9.8662e+10  197  532 8.8996e+10 9.8662e+10  10.9%   285 1810s
  3570  2608 9.8591e+10  203  480 8.8996e+10 9.8662e+10  10.9%   285 1815s
  3581  2619 9.8662e+10  211  471 8.8996e+10 9.8662e+10  10.9%   285 1820s
  3597  2635 9.8662e+10  219  392 8.8996e+10 9.8662e+10  10.9%   285 1825s
  3609  2647 9.8662e+10  226  438 8.8996e+10 9.8662e+10  10.9%   284 1830s
  3625  2663 9.8662e+10  234  437 8.8996e+10 9.8662e+10  10.9%   283 1835s
  3640  2678 9.8662e+10  241  390 8.8996e+10 9.8662e+10  10.9%   282 1840s
  3658  2696 9.8662e+10  250  395 8.8996e+10 9.8662e+10  10.9%   281 1845s
  3671  2709 9.8662e+10  258  355 8.8996e+10 9.8662e+10  10.9%   281 1850s
  3684  2722 9.8662e+10  265  441 8.8996e+10 9.8662e+10  10.9%   281 1855s
  3700  2738 9.8662e+10  273  439 8.8996e+10 9.8662e+10  10.9%   281 1860s
  3712  2750 9.8662e+10  279  446 8.8996e+10 9.8662e+10  10.9%   281 1865s
  3725  2763 9.8662e+10  285  381 8.8996e+10 9.8662e+10  10.9%   281 1870s
  3740  2778 9.8662e+10  293  435 8.8996e+10 9.8662e+10  10.9%   280 1875s
  3754  2792 9.7816e+10  300  457 8.8996e+10 9.8662e+10  10.9%   281 1880s
  3770  2808 9.7816e+10  309  472 8.8996e+10 9.8662e+10  10.9%   282 1885s
  3785  2823 9.7816e+10  316  380 8.8996e+10 9.8662e+10  10.9%   282 1890s
  3799  2837 9.7816e+10  323  433 8.8996e+10 9.8662e+10  10.9%   283 1895s
  3810  2848 9.7734e+10  329  927 8.8996e+10 9.8662e+10  10.9%   285 1906s
  3819  2857 9.7816e+10  334  623 8.8996e+10 9.8662e+10  10.9%   286 1910s
  3828  2866 9.7816e+10  340  497 8.8996e+10 9.8662e+10  10.9%   287 1915s
  3846  2884 9.7816e+10  350  379 8.8996e+10 9.8662e+10  10.9%   287 1920s
  3862  2900 9.6220e+10  359  498 8.8996e+10 9.8662e+10  10.9%   287 1925s
  3882  2918 9.7816e+10  369  404 8.8996e+10 9.8662e+10  10.9%   287 1930s
  3898  2934 9.7816e+10  378  352 8.8996e+10 9.8662e+10  10.9%   287 1935s
  3919  2951 9.7816e+10  388  371 8.8996e+10 9.8662e+10  10.9%   287 1940s
  3936  2967 9.7816e+10  397  456 8.8996e+10 9.8662e+10  10.9%   287 1945s
  3957  2988 9.7360e+10  407  367 8.8996e+10 9.8662e+10  10.9%   287 1950s
  3994  3016 9.7816e+10  426  310 8.8996e+10 9.8662e+10  10.9%   285 1955s
  4019  3035 9.7246e+10  439  367 8.8996e+10 9.8662e+10  10.9%   284 1960s
  4045  3051 9.7816e+10  452  338 8.8996e+10 9.8662e+10  10.9%   283 1965s
  4079  3068 9.7246e+10  469  313 8.8996e+10 9.8662e+10  10.9%   281 1970s
  4116  3089 9.7816e+10  488  280 8.8996e+10 9.8662e+10  10.9%   278 1975s
  4140  3113 9.7265e+10  501  278 8.8996e+10 9.8662e+10  10.9%   277 1980s
  4174  3130 9.7265e+10  519  283 8.8996e+10 9.8662e+10  10.9%   275 1985s
  4207  3139 9.7265e+10  537  266 8.8996e+10 9.8662e+10  10.9%   273 1990s
  4240  3148 9.7265e+10  555  259 8.8996e+10 9.8662e+10  10.9%   271 1995s
  4261  3162 9.7265e+10  567  242 8.8996e+10 9.8662e+10  10.9%   270 2000s
  4281  3173 9.6095e+10  577  150 8.8996e+10 9.8662e+10  10.9%   269 2005s
  4323  3190 9.6095e+10  599  131 8.8996e+10 9.8662e+10  10.9%   267 2010s
  4358  3196 infeasible  618      8.8996e+10 9.8662e+10  10.9%   265 2015s
  4378  3199 9.8662e+10   13  538 8.8996e+10 9.8662e+10  10.9%   264 2020s
  4388  3209 9.8662e+10   18  404 8.8996e+10 9.8662e+10  10.9%   264 2025s
  4402  3223 9.8662e+10   30  413 8.8996e+10 9.8662e+10  10.9%   264 2030s
  4422  3243 9.8662e+10   49  437 8.8996e+10 9.8662e+10  10.9%   263 2035s
  4442  3263 9.8662e+10   66  471 8.8996e+10 9.8662e+10  10.9%   262 2040s
  4469  3290 9.8662e+10   83  565 8.8996e+10 9.8662e+10  10.9%   261 2045s
  4492  3313 9.8662e+10   95  471 8.8996e+10 9.8662e+10  10.9%   260 2050s
  4517  3338 9.8662e+10  107  487 8.8996e+10 9.8662e+10  10.9%   259 2055s
  4534  3355 9.8662e+10  117  515 8.8996e+10 9.8662e+10  10.9%   259 2060s
  4554  3375 9.8662e+10  129  506 8.8996e+10 9.8662e+10  10.9%   259 2065s
  4568  3389 9.8662e+10  137  588 8.8996e+10 9.8662e+10  10.9%   259 2070s
  4584  3405 9.8662e+10  145  613 8.8996e+10 9.8662e+10  10.9%   260 2075s
  4598  3419 9.8662e+10  152  551 8.8996e+10 9.8662e+10  10.9%   261 2080s
  4612  3433 9.8662e+10  160  595 8.8996e+10 9.8662e+10  10.9%   262 2085s
  4628  3449 9.8662e+10  168  547 8.8996e+10 9.8662e+10  10.9%   262 2090s
  4645  3466 9.8662e+10  177  632 8.8996e+10 9.8662e+10  10.9%   262 2095s
  4658  3479 9.8662e+10  186  664 8.8996e+10 9.8662e+10  10.9%   262 2100s
  4667  3488 9.8662e+10  191  592 8.8996e+10 9.8662e+10  10.9%   263 2105s
  4679  3500 9.8662e+10  198  617 8.8996e+10 9.8662e+10  10.9%   263 2110s
  4689  3510 9.8662e+10  204  530 8.8996e+10 9.8662e+10  10.9%   263 2115s
  4698  3519 9.8662e+10  210  556 8.8996e+10 9.8662e+10  10.9%   263 2120s
  4706  3527 9.8662e+10  215  824 8.8996e+10 9.8662e+10  10.9%   264 2125s
  4721  3542 9.8662e+10  222  545 8.8996e+10 9.8662e+10  10.9%   264 2130s
  4742  3563 9.8662e+10  233  553 8.8996e+10 9.8662e+10  10.9%   263 2135s
  4759  3580 9.8662e+10  242  484 8.8996e+10 9.8662e+10  10.9%   263 2140s
  4776  3597 9.8662e+10  252  513 8.8996e+10 9.8662e+10  10.9%   263 2145s
  4792  3613 9.8662e+10  261  530 8.8996e+10 9.8662e+10  10.9%   263 2150s
  4810  3631 9.8662e+10  270  488 8.8996e+10 9.8662e+10  10.9%   262 2155s
  4824  3645 9.8662e+10  277  445 8.8996e+10 9.8662e+10  10.9%   262 2160s
  4837  3657 9.8662e+10  286  515 8.8996e+10 9.8662e+10  10.9%   262 2165s
  4851  3671 9.8662e+10  293  476 8.8996e+10 9.8662e+10  10.9%   261 2170s
  4863  3683 9.8662e+10  300  531 8.8996e+10 9.8662e+10  10.9%   261 2175s
  4879  3699 9.8662e+10  308  470 8.8996e+10 9.8662e+10  10.9%   261 2180s
  4894  3714 9.8662e+10  316  500 8.8996e+10 9.8662e+10  10.9%   261 2185s
  4908  3728 9.7360e+10  323  451 8.8996e+10 9.8662e+10  10.9%   261 2190s
  4922  3742 9.8662e+10  330  432 8.8996e+10 9.8662e+10  10.9%   262 2195s
  4937  3757 9.8662e+10  340  428 8.8996e+10 9.8662e+10  10.9%   261 2200s
  4958  3778 9.8662e+10  351  383 8.8996e+10 9.8662e+10  10.9%   260 2205s
  4979  3799 9.8662e+10  363  435 8.8996e+10 9.8662e+10  10.9%   260 2210s
  4997  3817 9.8662e+10  372  492 8.8996e+10 9.8662e+10  10.9%   259 2215s
  5019  3839 9.7360e+10  386  359 8.8996e+10 9.8662e+10  10.9%   259 2220s
  5044  3864 9.6880e+10  404  352 8.8996e+10 9.8662e+10  10.9%   258 2225s
  5058  3878 9.6880e+10  413  326 8.8996e+10 9.8662e+10  10.9%   258 2230s
  5093  3913 9.5476e+10  432  272 8.8996e+10 9.8662e+10  10.9%   256 2235s
  5101  3921 9.5476e+10  437  267 8.8996e+10 9.8662e+10  10.9%   256 2256s
  5134  3954 9.5476e+10  454  268 8.8996e+10 9.8662e+10  10.9%   254 2260s
  5167  3981 9.5476e+10  472  248 8.8996e+10 9.8662e+10  10.9%   253 2265s
  5202  4013 9.5476e+10  491  216 8.8996e+10 9.8662e+10  10.9%   251 2270s
  5233  4042 infeasible  508      8.8996e+10 9.8662e+10  10.9%   250 2275s
  5265  4065 9.5476e+10  525  186 8.8996e+10 9.8662e+10  10.9%   249 2280s
  5292  4082 9.5476e+10  540  118 8.8996e+10 9.8662e+10  10.9%   248 2285s
  5331  4091 9.5476e+10  560  108 8.8996e+10 9.8662e+10  10.9%   246 2290s
  5363  4097 infeasible  578      8.8996e+10 9.8662e+10  10.9%   245 2295s
  5399  4102 9.8662e+10   13  415 8.8996e+10 9.8662e+10  10.9%   244 2300s
  5428  4131 9.8662e+10   38  402 8.8996e+10 9.8662e+10  10.9%   243 2305s
  5455  4158 9.8662e+10   56  404 8.8996e+10 9.8662e+10  10.9%   242 2310s
  5475  4178 9.8662e+10   68  506 8.8996e+10 9.8662e+10  10.9%   242 2315s
  5493  4196 9.8662e+10   83  450 8.8996e+10 9.8662e+10  10.9%   241 2320s
  5523  4226 9.8662e+10  103  402 8.8996e+10 9.8662e+10  10.9%   240 2325s
  5548  4251 9.7816e+10  118  362 8.8996e+10 9.8662e+10  10.9%   240 2330s
  5573  4276 9.7816e+10  132  341 8.8996e+10 9.8662e+10  10.9%   240 2335s
  5593  4296 9.7816e+10  143  460 8.8996e+10 9.8662e+10  10.9%   241 2340s
  5616  4319 9.7816e+10  155  340 8.8996e+10 9.8662e+10  10.9%   241 2345s
  5643  4346 9.7477e+10  169  454 8.8996e+10 9.8662e+10  10.9%   241 2350s
  5661  4364 9.7096e+10  181  332 8.8996e+10 9.8662e+10  10.9%   241 2355s
  5683  4386 9.7096e+10  193  461 8.8996e+10 9.8662e+10  10.9%   241 2360s
  5695  4398 9.7096e+10  201  386 8.8996e+10 9.8662e+10  10.9%   242 2365s
  5705  4408 9.6916e+10  206  490 8.8996e+10 9.8662e+10  10.9%   243 2370s
  5713  4416 9.6916e+10  212  367 8.8996e+10 9.8662e+10  10.9%   244 2375s
  5723  4426 9.6916e+10  221  410 8.8996e+10 9.8662e+10  10.9%   244 2380s
  5735  4438 9.6867e+10  230  401 8.8996e+10 9.8662e+10  10.9%   244 2385s
  5743  4446 9.6867e+10  234  420 8.8996e+10 9.8662e+10  10.9%   245 2390s
  5751  4454 9.6867e+10  238  441 8.8996e+10 9.8662e+10  10.9%   247 2397s
  5756  4459 9.6867e+10  241  386 8.8996e+10 9.8662e+10  10.9%   247 2402s
  5760  4463 9.6867e+10  243  422 8.8996e+10 9.8662e+10  10.9%   248 2405s
  5772  4475 9.6867e+10  250  427 8.8996e+10 9.8662e+10  10.9%   249 2410s
  5780  4483 9.6867e+10  254  406 8.8996e+10 9.8662e+10  10.9%   250 2416s
  5782  4485 9.6867e+10  255  370 8.8996e+10 9.8662e+10  10.9%   250 2420s
  5796  4499 9.6867e+10  262  375 8.8996e+10 9.8662e+10  10.9%   251 2425s
  5809  4512 9.6776e+10  269  366 8.8996e+10 9.8662e+10  10.9%   252 2430s
  5819  4522 9.6776e+10  274  318 8.8996e+10 9.8662e+10  10.9%   254 2435s
  5825  4528 9.6867e+10  277  366 8.8996e+10 9.8662e+10  10.9%   255 2443s
  5829  4532 9.6867e+10  279  371 8.8996e+10 9.8662e+10  10.9%   255 2446s
  5837  4540 9.6867e+10  283  366 8.8996e+10 9.8662e+10  10.9%   256 2450s
  5843  4546 9.6867e+10  286  385 8.8996e+10 9.8662e+10  10.9%   257 2456s
  5847  4550 9.6867e+10  289  430 8.8996e+10 9.8662e+10  10.9%   257 2460s
  5853  4556 9.6776e+10  292  391 8.8996e+10 9.8662e+10  10.9%   259 2465s
  5860  4563 9.6867e+10  296  458 8.8996e+10 9.8662e+10  10.9%   259 2472s
  5865  4568 9.6867e+10  299  384 8.8996e+10 9.8662e+10  10.9%   260 2477s
  5871  4574 9.5980e+10  302  483 8.8996e+10 9.8662e+10  10.9%   261 2480s
  5879  4582 9.6867e+10  306  431 8.8996e+10 9.8662e+10  10.9%   261 2486s
  5897  4599 9.6776e+10  316  392 8.8996e+10 9.8662e+10  10.9%   261 2490s
  5907  4609 9.6776e+10  321  387 8.8996e+10 9.8662e+10  10.9%   262 2495s
  5918  4620 9.6867e+10  327  445 8.8996e+10 9.8662e+10  10.9%   263 2501s
  5926  4628 9.5980e+10  331  344 8.8996e+10 9.8662e+10  10.9%   264 2505s
  5937  4639 9.6867e+10  337  319 8.8996e+10 9.8662e+10  10.9%   265 2510s
  5952  4654 9.6916e+10  347  336 8.8996e+10 9.8662e+10  10.9%   265 2515s
  5961  4662 9.6916e+10  351  322 8.8996e+10 9.8662e+10  10.9%   266 2520s
  5967  4668 9.3640e+10  354  385 8.8996e+10 9.8662e+10  10.9%   267 2525s
  5991  4688 9.6867e+10  368  292 8.8996e+10 9.8662e+10  10.9%   266 2530s
  6010  4707 9.6760e+10  379  311 8.8996e+10 9.8662e+10  10.9%   266 2535s
  6025  4722 9.6760e+10  388  444 8.8996e+10 9.8662e+10  10.9%   266 2540s
  6041  4738 9.6353e+10  398  364 8.8996e+10 9.8662e+10  10.9%   266 2545s
  6062  4759 9.5980e+10  410  356 8.8996e+10 9.8662e+10  10.9%   265 2550s
  6100  4797 9.4576e+10  429  261 8.8996e+10 9.8662e+10  10.9%   264 2555s
  6129  4825 9.4576e+10  446  220 8.8996e+10 9.8662e+10  10.9%   263 2560s
  6155  4848 9.4576e+10  461  167 8.8996e+10 9.8662e+10  10.9%   262 2565s
  6183  4861 9.4576e+10  477  157 8.8996e+10 9.8662e+10  10.9%   261 2570s
  6207  4863 9.8662e+10   18  457 8.8996e+10 9.8662e+10  10.9%   260 2575s
  6235  4891 9.8662e+10   46  471 8.8996e+10 9.8662e+10  10.9%   259 2580s
  6260  4916 9.8662e+10   67  335 8.8996e+10 9.8662e+10  10.9%   258 2585s
  6283  4939 9.8662e+10   84  361 8.8996e+10 9.8662e+10  10.9%   258 2590s
  6302  4958 9.8662e+10   97  449 8.8996e+10 9.8662e+10  10.9%   257 2595s
  6321  4977 9.8662e+10  109  394 8.8996e+10 9.8662e+10  10.9%   257 2600s
  6346  5002 9.8662e+10  122  402 8.8996e+10 9.8662e+10  10.9%   257 2605s
  6370  5026 9.8662e+10  134  404 8.8996e+10 9.8662e+10  10.9%   256 2610s
  6393  5049 9.8662e+10  145  482 8.8996e+10 9.8662e+10  10.9%   256 2615s
  6419  5075 9.8662e+10  158  397 8.8996e+10 9.8662e+10  10.9%   255 2620s
  6443  5099 9.8662e+10  171  417 8.8996e+10 9.8662e+10  10.9%   255 2625s
  6463  5119 9.8662e+10  182  490 8.8996e+10 9.8662e+10  10.9%   255 2630s
  6479  5135 9.8662e+10  193  508 8.8996e+10 9.8662e+10  10.9%   255 2635s
  6495  5151 9.8662e+10  202  469 8.8996e+10 9.8662e+10  10.9%   255 2640s
  6517  5173 9.8662e+10  213  440 8.8996e+10 9.8662e+10  10.9%   254 2645s
  6544  5200 9.8662e+10  227  424 8.8996e+10 9.8662e+10  10.9%   254 2650s
  6558  5214 9.8662e+10  234  497 8.8996e+10 9.8662e+10  10.9%   255 2655s
  6571  5227 9.8662e+10  243  459 8.8996e+10 9.8662e+10  10.9%   255 2660s
  6600  5256 9.8589e+10  258  412 8.8996e+10 9.8662e+10  10.9%   255 2665s
  6636  5292 9.8589e+10  278  385 8.8996e+10 9.8662e+10  10.9%   253 2670s
  6673  5329 9.8589e+10  297  380 8.8996e+10 9.8662e+10  10.9%   252 2675s
  6707  5363 9.8589e+10  314  431 8.8996e+10 9.8662e+10  10.9%   251 2680s
  6726  5382 9.8589e+10  324  433 8.8996e+10 9.8662e+10  10.9%   251 2685s
  6741  5397 9.8589e+10  332  464 8.8996e+10 9.8662e+10  10.9%   251 2690s
  6757  5413 9.8524e+10  341  492 8.8996e+10 9.8662e+10  10.9%   251 2695s
  6772  5428 9.8589e+10  350  499 8.8996e+10 9.8662e+10  10.9%   251 2700s
  6783  5439 9.8394e+10  356  360 8.8996e+10 9.8662e+10  10.9%   251 2705s
  6800  5456 9.8394e+10  366  397 8.8996e+10 9.8662e+10  10.9%   251 2710s
  6812  5468 9.8394e+10  372  437 8.8996e+10 9.8662e+10  10.9%   251 2715s
  6823  5479 9.8394e+10  377  433 8.8996e+10 9.8662e+10  10.9%   251 2720s
  6826  5482 9.8394e+10  379  448 8.8996e+10 9.8662e+10  10.9%   251 2729s
  6827  5483 9.7816e+10  380  399 8.8996e+10 9.8662e+10  10.9%   251 2730s
  6850  5506 9.7816e+10  394  329 8.8996e+10 9.8662e+10  10.9%   250 2735s
  6893  5547 9.7816e+10  418  300 8.8996e+10 9.8662e+10  10.9%   249 2740s
  6931  5584 9.7816e+10  440  224 8.8996e+10 9.8662e+10  10.9%   248 2745s
  6966  5612 9.7816e+10  458  218 8.8996e+10 9.8662e+10  10.9%   248 2750s
  6999  5625 9.8662e+10   14  642 8.8996e+10 9.8662e+10  10.9%   247 2756s
  7011  5637 9.8662e+10   25  500 8.8996e+10 9.8662e+10  10.9%   247 2760s
  7028  5654 9.8662e+10   42  467 8.8996e+10 9.8662e+10  10.9%   246 2765s
  7052  5678 9.8662e+10   65  476 8.8996e+10 9.8662e+10  10.9%   245 2770s
  7070  5696 9.8662e+10   80  506 8.8996e+10 9.8662e+10  10.9%   245 2775s
  7094  5720 9.8662e+10  104  498 8.8996e+10 9.8662e+10  10.9%   244 2780s
  7126  5752 9.8662e+10  136  485 8.8996e+10 9.8662e+10  10.9%   243 2785s
  7155  5781 9.8662e+10  165  525 8.8996e+10 9.8662e+10  10.9%   242 2790s
  7171  5797 9.8662e+10  181  519 8.8996e+10 9.8662e+10  10.9%   242 2907s
  7182  5808 9.8662e+10  192  603 8.8996e+10 9.8662e+10  10.9%   242 2910s
  7197  5823 9.8662e+10  195  517 8.8996e+10 9.8662e+10  10.9%   242 2915s
  7221  5847 9.8662e+10  213  481 8.8996e+10 9.8662e+10  10.9%   242 2920s
  7236  5862 9.7816e+10  213  494 8.8996e+10 9.8662e+10  10.9%   242 2925s
  7251  5877 9.7816e+10  222  424 8.8996e+10 9.8662e+10  10.9%   243 2930s
  7269  5895 9.7816e+10  231  423 8.8996e+10 9.8662e+10  10.9%   243 2935s
  7304  5930 9.7816e+10  257  417 8.8996e+10 9.8662e+10  10.9%   242 2940s
  7333  5959 9.7816e+10  275  440 8.8996e+10 9.8662e+10  10.9%   241 2945s
  7370  5996 9.7816e+10  312  516 8.8996e+10 9.8662e+10  10.9%   240 2950s
  7391  6017 9.7816e+10  331  548 8.8996e+10 9.8662e+10  10.9%   240 2955s
  7402  6028 9.7816e+10  342  654 8.8996e+10 9.8662e+10  10.9%   240 2960s
  7414  6040 9.7816e+10  353  654 8.8996e+10 9.8662e+10  10.9%   240 2965s
  7429  6055 9.7816e+10  358  431 8.8996e+10 9.8662e+10  10.9%   240 2970s
  7453  6079 9.7816e+10  367  467 8.8996e+10 9.8662e+10  10.9%   240 2975s
  7478  6104 9.7816e+10  371  422 8.8996e+10 9.8662e+10  10.9%   240 2980s
  7501  6127 9.7816e+10  385  413 8.8996e+10 9.8662e+10  10.9%   239 2985s
  7531  6157 9.7816e+10  412  363 8.8996e+10 9.8662e+10  10.9%   238 2990s
  7556  6182 9.7816e+10  417  444 8.8996e+10 9.8662e+10  10.9%   238 2995s
  7576  6202 9.7816e+10  423  351 8.8996e+10 9.8662e+10  10.9%   238 3000s
  7607  6233 9.7816e+10  433  451 8.8996e+10 9.8662e+10  10.9%   238 3005s
  7632  6257 9.7816e+10  438  462 8.8996e+10 9.8662e+10  10.9%   239 3010s
  7669  6291 9.7816e+10  444  488 8.8996e+10 9.8662e+10  10.9%   238 3015s
  7690  6308 9.7816e+10  451  331 8.8996e+10 9.8662e+10  10.9%   238 3020s
  7713  6330 9.7816e+10  455  377 8.8996e+10 9.8662e+10  10.9%   239 3025s
  7737  6349 9.7816e+10  459  339 8.8996e+10 9.8662e+10  10.9%   238 3030s
  7763  6371 9.7816e+10  465  335 8.8996e+10 9.8662e+10  10.9%   238 3035s
  7787  6395 9.7816e+10  467  478 8.8996e+10 9.8662e+10  10.9%   238 3040s
  7805  6413 9.7816e+10  471  295 8.8996e+10 9.8662e+10  10.9%   237 3045s
  7835  6441 9.7816e+10  476  295 8.8996e+10 9.8662e+10  10.9%   237 3050s
  7862  6466 infeasible  480      8.8996e+10 9.8662e+10  10.9%   236 3055s
  7879  6483 9.7816e+10  484  425 8.8996e+10 9.8662e+10  10.9%   236 3060s
  7895  6499 9.7816e+10  485  385 8.8996e+10 9.8662e+10  10.9%   236 3065s
  7911  6515 9.7816e+10  488  270 8.8996e+10 9.8662e+10  10.9%   236 3070s
  7924  6528 9.7816e+10  487  274 8.8996e+10 9.8662e+10  10.9%   236 3075s
  7947  6545 9.7816e+10  493  280 8.8996e+10 9.8662e+10  10.9%   235 3080s
  7971  6569 9.7816e+10  497  285 8.8996e+10 9.8662e+10  10.9%   235 3085s
  8011  6609 9.7816e+10  505  296 8.8996e+10 9.8662e+10  10.9%   234 3090s
  8055  6641 9.7816e+10  512  251 8.8996e+10 9.8662e+10  10.9%   232 3095s
  8071  6639 9.8662e+10   18  615 8.8996e+10 9.8662e+10  10.9%   232 3100s
  8080  6648 9.7816e+10   21  783 8.8996e+10 9.8662e+10  10.9%   233 3105s
  8098  6666 9.7816e+10   37  745 8.8996e+10 9.8662e+10  10.9%   233 3110s
  8125  6693 9.7816e+10   64  554 8.8996e+10 9.8662e+10  10.9%   232 3115s
  8159  6727 9.7816e+10   98  484 8.8996e+10 9.8662e+10  10.9%   231 3120s
  8187  6755 9.7816e+10  123  449 8.8996e+10 9.8662e+10  10.9%   231 3125s
  8222  6790 9.7816e+10  142  404 8.8996e+10 9.8662e+10  10.9%   230 3130s
  8258  6826 9.7816e+10  178  442 8.8996e+10 9.8662e+10  10.9%   229 3135s
  8284  6852 9.7816e+10  198  488 8.8996e+10 9.8662e+10  10.9%   230 3140s
  8307  6875 9.7816e+10  213  396 8.8996e+10 9.8662e+10  10.9%   229 3145s
  8325  6893 9.7816e+10  224  565 8.8996e+10 9.8662e+10  10.9%   230 3150s
  8346  6914 9.7816e+10  230  596 8.8996e+10 9.8662e+10  10.9%   230 3156s
  8360  6928 9.7816e+10  237  520 8.8996e+10 9.8662e+10  10.9%   231 3160s
  8386  6954 9.7816e+10  255  499 8.8996e+10 9.8662e+10  10.9%   231 3166s
  8403  6971 9.7816e+10  263  459 8.8996e+10 9.8662e+10  10.9%   231 3170s
  8419  6987 9.7816e+10  279  548 8.8996e+10 9.8662e+10  10.9%   231 3175s
  8465  7033 9.7816e+10  325  494 8.8996e+10 9.8662e+10  10.9%   230 3180s
  8506  7074 9.7816e+10  365  470 8.8996e+10 9.8662e+10  10.9%   230 3185s
  8525  7093 9.7816e+10  374  451 8.8996e+10 9.8662e+10  10.9%   230 3190s
  8547  7115 9.7816e+10  388  445 8.8996e+10 9.8662e+10  10.9%   230 3195s
  8562  7130 9.7816e+10  397  454 8.8996e+10 9.8662e+10  10.9%   231 3200s
  8590  7158 9.7816e+10  409  466 8.8996e+10 9.8662e+10  10.9%   231 3205s
  8618  7186 9.7816e+10  416  515 8.8996e+10 9.8662e+10  10.9%   231 3210s
  8643  7210 9.7816e+10  426  451 8.8996e+10 9.8662e+10  10.9%   231 3215s
  8672  7239 9.7816e+10  434  400 8.8996e+10 9.8662e+10  10.9%   231 3220s
  8698  7263 9.7816e+10  437  349 8.8996e+10 9.8662e+10  10.9%   231 3225s
  8723  7288 9.7816e+10  444  408 8.8996e+10 9.8662e+10  10.9%   231 3230s
  8738  7301 infeasible  445      8.8996e+10 9.8662e+10  10.9%   231 3235s
  8750  7313 9.7816e+10  446  369 8.8996e+10 9.8662e+10  10.9%   231 3240s
  8761  7324 9.7816e+10  457  337 8.8996e+10 9.8662e+10  10.9%   232 3245s
  8775  7338 9.6946e+10  469  392 8.8996e+10 9.8662e+10  10.9%   232 3251s
  8786  7349 9.7816e+10  477  298 8.8996e+10 9.8662e+10  10.9%   232 3255s
  8809  7372 9.7816e+10  496  291 8.8996e+10 9.8662e+10  10.9%   232 3260s
  8828  7391 9.7816e+10  501  290 8.8996e+10 9.8662e+10  10.9%   232 3265s
  8855  7418 9.7816e+10  516  316 8.8996e+10 9.8662e+10  10.9%   232 3270s
  8856  7419 9.7816e+10  516  307 8.8996e+10 9.8662e+10  10.9%   232 3410s
  8891  7451 9.7816e+10  524  275 8.8996e+10 9.8662e+10  10.9%   231 3415s
  8914  7473 9.7816e+10  528  282 8.8996e+10 9.8662e+10  10.9%   231 3420s
  8944  7503 9.6646e+10  535  289 8.8996e+10 9.8662e+10  10.9%   231 3425s
  8979  7536 9.6095e+10  544  185 8.8996e+10 9.8662e+10  10.9%   230 3430s
  9023  7575 9.5784e+10  559  153 8.8996e+10 9.8662e+10  10.9%   229 3435s
  9060  7610 9.5784e+10  567  147 8.8996e+10 9.8662e+10  10.9%   228 3440s
  9091  7619 9.7816e+10   29  591 8.8996e+10 9.8662e+10  10.9%   228 3445s
  9117  7645 9.7816e+10   55  503 8.8996e+10 9.8662e+10  10.9%   228 3450s
  9150  7678 9.7816e+10   85  674 8.8996e+10 9.8662e+10  10.9%   228 3455s
  9166  7694 9.7816e+10   88  593 8.8996e+10 9.8662e+10  10.9%   229 3460s
  9186  7714 9.7816e+10  106  531 8.8996e+10 9.8662e+10  10.9%   229 3465s
  9204  7732 9.7816e+10  119  567 8.8996e+10 9.8662e+10  10.9%   229 3470s
  9230  7758 9.7816e+10  126  532 8.8996e+10 9.8662e+10  10.9%   229 3475s
  9256  7784 9.7816e+10  139  452 8.8996e+10 9.8662e+10  10.9%   230 3480s
  9283  7810 9.7816e+10  158  440 8.8996e+10 9.8662e+10  10.9%   230 3485s
  9290  7817 9.6703e+10  158  479 8.8996e+10 9.8662e+10  10.9%   231 3490s
  9314  7841 9.7816e+10  180  459 8.8996e+10 9.8662e+10  10.9%   231 3495s
  9334  7861 9.7816e+10  194  420 8.8996e+10 9.8662e+10  10.9%   231 3500s
  9350  7877 9.7816e+10  205  442 8.8996e+10 9.8662e+10  10.9%   232 3505s
  9366  7893 9.7816e+10  217  359 8.8996e+10 9.8662e+10  10.9%   232 3510s
  9390  7917 9.7816e+10  237  403 8.8996e+10 9.8662e+10  10.9%   232 3515s
  9408  7935 9.7816e+10  251  418 8.8996e+10 9.8662e+10  10.9%   232 3520s
  9427  7954 9.7816e+10  256  527 8.8996e+10 9.8662e+10  10.9%   232 3525s
  9450  7977 9.7816e+10  266  372 8.8996e+10 9.8662e+10  10.9%   232 3530s
  9477  8004 9.7816e+10  279  352 8.8996e+10 9.8662e+10  10.9%   232 3535s
  9511  8038 9.7816e+10  300  324 8.8996e+10 9.8662e+10  10.9%   232 3540s
  9553  8080 9.7816e+10  342  382 8.8996e+10 9.8662e+10  10.9%   231 3545s
  9580  8105 9.7816e+10  351  348 8.8996e+10 9.8662e+10  10.9%   231 3550s
  9606  8131 9.7816e+10  364  336 8.8996e+10 9.8662e+10  10.9%   231 3555s
  9637  8162 9.7816e+10  392  288 8.8996e+10 9.8662e+10  10.9%   230 3560s
  9667  8191 9.7816e+10  396  249 8.8996e+10 9.8662e+10  10.9%   230 3565s
  9705  8227 9.7816e+10  407  232 8.8996e+10 9.8662e+10  10.9%   229 3570s
  9738  8251 9.6646e+10  420  188 8.8996e+10 9.8662e+10  10.9%   229 3575s
  9773  8280 9.7816e+10  430  188 8.8996e+10 9.8662e+10  10.9%   228 3580s
  9804  8309 9.7816e+10  435  180 8.8996e+10 9.8662e+10  10.9%   227 3585s
  9834  8333 9.7816e+10  443  186 8.8996e+10 9.8662e+10  10.9%   227 3590s

Cutting planes:
  Gomory: 12
  Lift-and-project: 1
  Cover: 64
  Implied bound: 8
  Projected implied bound: 22
  MIR: 64
  StrongCG: 34
  Flow cover: 213
  GUB cover: 12
  Zero half: 63
  RLT: 57
  Relax-and-lift: 106

Explored 9847 nodes (2350534 simplex iterations) in 3592.85 seconds (2275.14 work units)
Thread count was 1 (of 28 available processors)

Solution count 10: 8.89956e+10 8.78256e+10 8.66556e+10 ... 6.5142e+10

Time limit reached
Best objective 8.899560000000e+10, best bound 9.866160000000e+10, gap 10.8612%

User-callback calls 657632, time in user-callback 0.79 sec