Gurobi Optimizer version 12.0.3 build v12.0.3rc0 (linux64 - "Oracle Linux Server 9.4")

CPU model: Intel(R) Xeon(R) CPU E5-2660 v4 @ 2.00GHz, instruction set [SSE2|AVX|AVX2]
Thread count: 28 physical cores, 28 logical processors, using up to 1 threads

Non-default parameters:
TimeLimit  3592.82874473
SoftMemLimit  16
NumericFocus  1
Threads  1

Academic license 2690100 - for non-commercial use only - registered to ju___@uclm.es
Optimize a model with 114257 rows, 26498 columns and 503548 nonzeros
Model fingerprint: 0xb109bb4b
Variable types: 176 continuous, 26322 integer (26322 binary)
Coefficient statistics:
  Matrix range     [1e+00, 8e+12]
  Objective range  [3e+08, 2e+09]
  Bounds range     [1e+03, 1e+04]
  RHS range        [1e+00, 2e+14]
Warning: Model contains large matrix coefficient range
Warning: Model contains large objective coefficients
Warning: Model contains large rhs
Found heuristic solution: objective -0.0000000
Presolve removed 19974 rows and 174 columns
Presolve time: 3.05s
Presolved: 94283 rows, 26324 columns, 346018 nonzeros
Variable types: 176 continuous, 26148 integer (26148 binary)
Root relaxation presolved: 26324 rows, 120607 columns, 372342 nonzeros


Root simplex log...

Iteration    Objective       Primal Inf.    Dual Inf.      Time
    5252    7.4186941e+10   3.467544e+09   0.000000e+00      5s
   10334    1.0308360e+11   0.000000e+00   0.000000e+00      7s
   10334    1.0308360e+11   0.000000e+00   0.000000e+00      7s

Root relaxation: objective 1.030836e+11, 10334 iterations, 3.32 seconds (2.52 work units)
Total elapsed time = 10.31s (DegenMoves)

    Nodes    |    Current Node    |     Objective Bounds      |     Work
 Expl Unexpl |  Obj  Depth IntInf | Incumbent    BestBd   Gap | It/Node Time

     0     0 1.0308e+11    0  862   -0.00000 1.0308e+11      -     -   15s
H    0     0                    9.878400e+09 1.0308e+11   944%     -   15s
H    0     0                    1.023720e+10 1.0308e+11   907%     -   15s
H    0     0                    2.068800e+10 1.0308e+11   398%     -   16s
H    0     0                    2.290560e+10 1.0308e+11   350%     -   16s
H    0     0                    2.411280e+10 1.0308e+11   328%     -   16s
H    0     0                    2.639160e+10 1.0308e+11   291%     -   16s
H    0     0                    2.644560e+10 1.0308e+11   290%     -   16s
     0     0 1.0308e+11    0 1327 2.6446e+10 1.0308e+11   290%     -   26s
     0     0 1.0308e+11    0 1255 2.6446e+10 1.0308e+11   290%     -   27s
     0     0 1.0235e+11    0  649 2.6446e+10 1.0235e+11   287%     -   46s
H    0     0                    5.145840e+10 1.0235e+11  98.9%     -   48s
     0     0 1.0235e+11    0  905 5.1458e+10 1.0235e+11  98.9%     -   51s
     0     0 1.0230e+11    0 1350 5.1458e+10 1.0230e+11  98.8%     -   59s
H    0     0                    6.038040e+10 1.0230e+11  69.4%     -   60s
     0     0 1.0230e+11    0 1235 6.0380e+10 1.0230e+11  69.4%     -   61s
     0     0 1.0229e+11    0 1232 6.0380e+10 1.0229e+11  69.4%     -   68s
H    0     0                    6.696720e+10 1.0229e+11  52.7%     -   70s
H    0     0                    7.071120e+10 1.0229e+11  44.7%     -   70s
     0     0 1.0229e+11    0 1038 7.0711e+10 1.0229e+11  44.7%     -   73s
     0     0 1.0229e+11    0 1043 7.0711e+10 1.0229e+11  44.7%     -   79s
H    0     0                    7.535520e+10 1.0229e+11  35.7%     -   80s
H    0     0                    7.562520e+10 1.0229e+11  35.3%     -   80s
     0     0 1.0229e+11    0  883 7.5625e+10 1.0229e+11  35.3%     -   81s
     0     0 1.0229e+11    0  843 7.5625e+10 1.0229e+11  35.3%     -   88s
     0     0 1.0229e+11    0  961 7.5625e+10 1.0229e+11  35.3%     -  134s
     0     0 1.0229e+11    0  887 7.5625e+10 1.0229e+11  35.3%     -  143s
     0     0 1.0229e+11    0  845 7.5625e+10 1.0229e+11  35.3%     -  146s
     0     0 1.0229e+11    0  811 7.5625e+10 1.0229e+11  35.3%     -  153s
     0     0 1.0229e+11    0  800 7.5625e+10 1.0229e+11  35.3%     -  155s
     0     0 1.0229e+11    0  709 7.5625e+10 1.0229e+11  35.3%     -  161s
     0     0 1.0229e+11    0  551 7.5625e+10 1.0229e+11  35.3%     -  167s
     0     0 1.0229e+11    0  449 7.5625e+10 1.0229e+11  35.3%     -  173s
     0     0 1.0229e+11    0  610 7.5625e+10 1.0229e+11  35.3%     -  175s
     0     0 1.0229e+11    0  529 7.5625e+10 1.0229e+11  35.3%     -  180s
     0     0 1.0229e+11    0  627 7.5625e+10 1.0229e+11  35.3%     -  185s
     0     0 1.0229e+11    0  904 7.5625e+10 1.0229e+11  35.3%     -  187s
     0     0 1.0229e+11    0  779 7.5625e+10 1.0229e+11  35.3%     -  189s
     0     0 1.0229e+11    0  951 7.5625e+10 1.0229e+11  35.3%     -  191s
     0     0 1.0229e+11    0  823 7.5625e+10 1.0229e+11  35.3%     -  202s
     0     0 1.0229e+11    0  752 7.5625e+10 1.0229e+11  35.3%     -  205s
     0     0 1.0229e+11    0  654 7.5625e+10 1.0229e+11  35.3%     -  220s
H    0     0                    7.652520e+10 1.0229e+11  33.7%     -  225s
     0     2 1.0206e+11    0  654 7.6525e+10 1.0206e+11  33.4%     -  235s
     9    11 1.0137e+11    6  475 7.6525e+10 1.0206e+11  33.4%  1706  240s
H   27    27                    7.779360e+10 1.0206e+11  31.2%  1064  245s
    53    55 1.0137e+11   31  361 7.7794e+10 1.0206e+11  31.2%   771  250s
    80    82 1.0137e+11   50  395 7.7794e+10 1.0206e+11  31.2%   629  255s
    81    83 1.0137e+11   50  356 7.7794e+10 1.0206e+11  31.2%   621  271s
   109   111 1.0137e+11   69  332 7.7794e+10 1.0206e+11  31.2%   525  275s
   139   141 1.0137e+11   89  346 7.7794e+10 1.0206e+11  31.2%   454  280s
   177   178 1.0137e+11  110  296 7.7794e+10 1.0206e+11  31.2%   394  285s
   189   190 1.0137e+11  119  319 7.7794e+10 1.0206e+11  31.2%   382  290s
   216   216 1.0041e+11  138  247 7.7794e+10 1.0206e+11  31.2%   359  305s
H  243   241                    8.074560e+10 1.0206e+11  26.4%   321  311s
   256   256 1.0003e+11  161  268 8.0746e+10 1.0206e+11  26.4%   307  315s
   312   302 1.0003e+11  190  234 8.0746e+10 1.0206e+11  26.4%   263  320s
   368   354 1.0003e+11  226  280 8.0746e+10 1.0206e+11  26.4%   230  325s
   431   389 infeasible  256      8.0746e+10 1.0206e+11  26.4%   202  330s
   496   422 infeasible  291      8.0746e+10 1.0206e+11  26.4%   180  335s
   579   441 1.0003e+11  337  235 8.0746e+10 1.0206e+11  26.4%   156  340s
   626   459 1.0137e+11   74  654 8.0746e+10 1.0206e+11  26.4%   149  375s
   628   460 1.0137e+11   90  940 8.0746e+10 1.0206e+11  26.4%   148  428s
   629   461 1.0003e+11  188  811 8.0746e+10 1.0206e+11  26.4%   148  453s
   630   462 1.0003e+11  350 1021 8.0746e+10 1.0206e+11  26.4%   148  466s
   631   462 9.9351e+10  350 1145 8.0746e+10 1.0206e+11  26.4%   147  479s
H  631   438                    8.164560e+10 1.0206e+11  25.0%   147  497s
   633   440 1.0137e+11   54  939 8.1646e+10 1.0206e+11  25.0%   147  504s
H  633   418                    8.499360e+10 1.0206e+11  20.1%   147  521s
   635   419 1.0137e+11   22  834 8.4994e+10 1.0206e+11  20.1%   146  527s
   636   420 1.0137e+11   50  898 8.4994e+10 1.0206e+11  20.1%   146  558s
   637   420 1.0137e+11  102 1089 8.4994e+10 1.0206e+11  20.1%   146  574s
   638   421 1.0003e+11  167  868 8.4994e+10 1.0206e+11  20.1%   146  598s
   639   422 1.0003e+11  317  949 8.4994e+10 1.0206e+11  20.1%   145  604s
H  639   401                    8.616360e+10 1.0206e+11  18.4%   145  625s
   641   402 1.0003e+11  190 1056 8.6164e+10 1.0206e+11  18.4%   145  631s
H  641   381                    8.850360e+10 1.0206e+11  15.3%   145  646s
   643   382 1.0040e+11  152  982 8.8504e+10 1.0206e+11  15.3%   145  652s
   644   383 1.0137e+11  114  987 8.8504e+10 1.0206e+11  15.3%   144  677s
   645   384 1.0003e+11  184 1008 8.8504e+10 1.0206e+11  15.3%   144  680s
H  645   365                    8.967360e+10 1.0206e+11  13.8%   144  693s
   647   366 1.0041e+11  143  847 8.9674e+10 1.0206e+11  13.8%   144  695s
   648   367 1.0137e+11   68  812 8.9674e+10 1.0206e+11  13.8%   143  705s
   649   367 9.7555e+10  281  785 8.9674e+10 1.0206e+11  13.8%   143  716s
   650   368 1.0003e+11  159  785 8.9674e+10 1.0194e+11  13.7%   143  723s
   651   371 1.0137e+11   12  534 8.9674e+10 1.0160e+11  13.3%   549  734s
   652   371 1.0014e+11   12  709 8.9674e+10 1.0137e+11  13.0%   549  736s
   655   373 1.0137e+11   14  674 8.9674e+10 1.0137e+11  13.0%   557  740s
   658   375 1.0137e+11   15  479 8.9674e+10 1.0137e+11  13.0%   567  745s
   663   379 1.0137e+11   19  613 8.9674e+10 1.0137e+11  13.0%   570  751s
   665   380 1.0137e+11   20  676 8.9674e+10 1.0137e+11  13.0%   578  755s
   667   381 1.0137e+11   21  603 8.9674e+10 1.0137e+11  13.0%   590  762s
   673   385 1.0137e+11   26  539 8.9674e+10 1.0137e+11  13.0%   590  765s
   678   389 1.0137e+11   28  607 8.9674e+10 1.0137e+11  13.0%   596  770s
   686   394 1.0137e+11   32  487 8.9674e+10 1.0137e+11  13.0%   598  775s
   700   403 1.0137e+11   39  443 8.9674e+10 1.0137e+11  13.0%   592  780s
   704   406 1.0137e+11   41  615 8.9674e+10 1.0137e+11  13.0%   596  807s
   711   411 1.0137e+11   45  534 8.9674e+10 1.0137e+11  13.0%   597  810s
   718   415 1.0137e+11   48  690 8.9674e+10 1.0137e+11  13.0%   604  815s
   738   429 1.0137e+11   58  682 8.9674e+10 1.0137e+11  13.0%   600  820s
   755   440 1.0137e+11   67  471 8.9674e+10 1.0137e+11  13.0%   593  825s
   780   457 1.0137e+11   79  735 8.9674e+10 1.0137e+11  13.0%   579  830s
   794   466 1.0137e+11   86  601 8.9674e+10 1.0137e+11  13.0%   575  835s
   807   475 1.0137e+11   93  581 8.9674e+10 1.0137e+11  13.0%   577  840s
   827   488 1.0137e+11  103  498 8.9674e+10 1.0137e+11  13.0%   568  845s
   846   501 1.0137e+11  112  520 8.9674e+10 1.0137e+11  13.0%   567  850s
   855   507 1.0137e+11  117  649 8.9674e+10 1.0137e+11  13.0%   571  855s
   866   514 1.0137e+11  122  878 8.9674e+10 1.0137e+11  13.0%   579  860s
   878   522 1.0137e+11  128  638 8.9674e+10 1.0137e+11  13.0%   585  865s
   885   527 1.0137e+11  132  512 8.9674e+10 1.0137e+11  13.0%   591  870s
   893   532 1.0137e+11  136  589 8.9674e+10 1.0137e+11  13.0%   601  875s
   908   542 1.0137e+11  144  562 8.9674e+10 1.0137e+11  13.0%   601  880s
   921   551 1.0137e+11  151  489 8.9674e+10 1.0137e+11  13.0%   601  885s
   937   561 1.0137e+11  159  638 8.9674e+10 1.0137e+11  13.0%   603  890s
   947   568 1.0137e+11  164  603 8.9674e+10 1.0137e+11  13.0%   605  895s
   967   581 1.0137e+11  174  473 8.9674e+10 1.0137e+11  13.0%   603  900s
   985   593 1.0137e+11  183  501 8.9674e+10 1.0137e+11  13.0%   601  905s
   997   601 1.0137e+11  189  568 8.9674e+10 1.0137e+11  13.0%   602  910s
  1011   611 1.0137e+11  196  645 8.9674e+10 1.0137e+11  13.0%   605  915s
  1029   623 1.0137e+11  206  565 8.9674e+10 1.0137e+11  13.0%   600  920s
  1046   634 1.0137e+11  214  595 8.9674e+10 1.0137e+11  13.0%   599  925s
  1057   641 1.0137e+11  220  569 8.9674e+10 1.0137e+11  13.0%   602  930s
  1070   650 1.0137e+11  228  576 8.9674e+10 1.0137e+11  13.0%   604  935s
  1089   663 1.0137e+11  238  486 8.9674e+10 1.0137e+11  13.0%   599  940s
  1106   674 1.0137e+11  247  589 8.9674e+10 1.0137e+11  13.0%   601  945s
  1124   686 9.9322e+10  256  559 8.9674e+10 1.0137e+11  13.0%   600  950s
  1147   701 1.0137e+11  268  450 8.9674e+10 1.0137e+11  13.0%   596  955s
  1168   715 1.0137e+11  278  420 8.9674e+10 1.0137e+11  13.0%   589  960s
  1182   725 1.0137e+11  286  487 8.9674e+10 1.0137e+11  13.0%   585  965s
  1193   732 1.0137e+11  292  530 8.9674e+10 1.0137e+11  13.0%   585  970s
  1211   744 1.0137e+11  302  467 8.9674e+10 1.0137e+11  13.0%   583  975s
  1228   755 1.0137e+11  310  407 8.9674e+10 1.0137e+11  13.0%   579  980s
  1248   769 1.0137e+11  320  432 8.9674e+10 1.0137e+11  13.0%   574  985s
  1267   781 1.0137e+11  330  410 8.9674e+10 1.0137e+11  13.0%   568  990s
  1283   792 1.0137e+11  338  430 8.9674e+10 1.0137e+11  13.0%   565  995s
  1304   801 1.0137e+11  348  428 8.9674e+10 1.0137e+11  13.0%   560 1000s
  1320   810 1.0134e+11  356  446 8.9674e+10 1.0137e+11  13.0%   558 1005s
  1340   823 9.9268e+10  370  402 8.9674e+10 1.0137e+11  13.0%   551 1010s
  1379   818 9.9322e+10  306  482 8.9674e+10 1.0137e+11  13.0%   537 1015s
  1403   834 9.9268e+10  323  485 8.9674e+10 1.0137e+11  13.0%   529 1020s
  1427   849 9.9034e+10  339  474 8.9674e+10 1.0137e+11  13.0%   522 1026s
  1440   840 1.0137e+11  306  535 8.9674e+10 1.0137e+11  13.0%   519 1033s
  1448   845 9.9322e+10  311  428 8.9674e+10 1.0137e+11  13.0%   518 1035s
  1450   846 1.0047e+11  313  455 8.9674e+10 1.0137e+11  13.0%   517 1096s
  1462   854 1.0027e+11  323  382 8.9674e+10 1.0137e+11  13.0%   514 1100s
  1484   868 9.9140e+10  336  330 8.9674e+10 1.0137e+11  13.0%   507 1105s
  1511   883 9.9140e+10  350  236 8.9674e+10 1.0137e+11  13.0%   501 1110s
  1536   900 9.9140e+10  363  246 8.9674e+10 1.0137e+11  13.0%   496 1115s
  1562   916 9.9140e+10  378  200 8.9674e+10 1.0137e+11  13.0%   490 1120s
  1592   927 9.9140e+10  394  213 8.9674e+10 1.0137e+11  13.0%   482 1125s
  1635   933 9.9140e+10  415  173 8.9674e+10 1.0137e+11  13.0%   470 1130s
  1657   933 9.9140e+10  426  184 8.9674e+10 1.0137e+11  13.0%   467 1135s
  1695   935 9.9140e+10  446  169 8.9674e+10 1.0137e+11  13.0%   457 1140s
  1727   943 9.9140e+10  464  163 8.9674e+10 1.0137e+11  13.0%   450 1145s
  1762   940 1.0086e+11  342  376 8.9674e+10 1.0137e+11  13.0%   442 1151s
  1780   958 9.9170e+10  354  271 8.9674e+10 1.0137e+11  13.0%   439 1155s
  1804   982 9.9170e+10  366  260 8.9674e+10 1.0137e+11  13.0%   435 1160s
  1830  1006 9.9170e+10  380  248 8.9674e+10 1.0137e+11  13.0%   431 1165s
  1852  1028 9.9170e+10  391  252 8.9674e+10 1.0137e+11  13.0%   428 1170s
  1875  1050 9.9170e+10  402  257 8.9674e+10 1.0137e+11  13.0%   426 1175s
  1898  1070 9.9170e+10  415  255 8.9674e+10 1.0137e+11  13.0%   423 1180s
  1922  1093 9.9170e+10  431  289 8.9674e+10 1.0137e+11  13.0%   419 1185s
  1953  1120 9.9170e+10  449  212 8.9674e+10 1.0137e+11  13.0%   414 1190s
  1975  1141 9.9170e+10  461  186 8.9674e+10 1.0137e+11  13.0%   409 1201s
  1991  1143 infeasible  466      8.9674e+10 1.0137e+11  13.0%   406 1205s
  2006  1156 9.9170e+10  474  127 8.9674e+10 1.0137e+11  13.0%   404 1210s
  2030  1162 9.5758e+10  353  282 8.9674e+10 1.0137e+11  13.0%   401 1215s
  2051  1183 9.9179e+10  370  317 8.9674e+10 1.0137e+11  13.0%   397 1220s
  2071  1202 9.9004e+10  381  256 8.9674e+10 1.0137e+11  13.0%   396 1225s
  2093  1223 9.9004e+10  393  274 8.9674e+10 1.0137e+11  13.0%   394 1230s
  2117  1246 9.9004e+10  406  223 8.9674e+10 1.0137e+11  13.0%   390 1235s
  2141  1270 9.9004e+10  421  241 8.9674e+10 1.0137e+11  13.0%   387 1240s
  2171  1282 infeasible  436      8.9674e+10 1.0137e+11  13.0%   383 1245s
  2201  1301 9.9004e+10  450  174 8.9674e+10 1.0137e+11  13.0%   378 1250s
  2216  1304 1.0040e+11  354  281 8.9674e+10 1.0137e+11  13.0%   378 1255s
  2231  1319 9.9189e+10  367  351 8.9674e+10 1.0137e+11  13.0%   376 1260s
  2245  1333 9.7551e+10  378  318 8.9674e+10 1.0137e+11  13.0%   374 1265s
  2262  1350 9.6498e+10  394  305 8.9674e+10 1.0137e+11  13.0%   372 1270s
  2275  1363 9.6498e+10  402  364 8.9674e+10 1.0137e+11  13.0%   371 1275s
  2288  1376 9.4626e+10  412  245 8.9674e+10 1.0137e+11  13.0%   370 1280s
  2303  1391 9.5598e+10  422  325 8.9674e+10 1.0137e+11  13.0%   368 1285s
  2321  1407 9.5598e+10  433  277 8.9674e+10 1.0137e+11  13.0%   367 1290s
  2340  1420 infeasible  443      8.9674e+10 1.0137e+11  13.0%   366 1295s
  2356  1434 9.5598e+10  450  250 8.9674e+10 1.0137e+11  13.0%   365 1300s
  2384  1460 9.3726e+10  464  152 8.9674e+10 1.0137e+11  13.0%   361 1305s
  2420  1482 9.3726e+10  482  119 8.9674e+10 1.0137e+11  13.0%   356 1310s
  2449  1506 infeasible  501      8.9674e+10 1.0137e+11  13.0%   353 1315s
  2492  1526 9.3726e+10  523  114 8.9674e+10 1.0137e+11  13.0%   347 1320s
  2514  1529 1.0056e+11  357  397 8.9674e+10 1.0137e+11  13.0%   346 1325s
  2536  1551 9.9102e+10  375  279 8.9674e+10 1.0137e+11  13.0%   343 1330s
  2560  1575 9.9004e+10  392  270 8.9674e+10 1.0137e+11  13.0%   341 1335s
  2585  1600 9.9004e+10  410  278 8.9674e+10 1.0137e+11  13.0%   339 1340s
  2609  1624 9.9004e+10  426  209 8.9674e+10 1.0137e+11  13.0%   338 1345s
  2639  1650 9.9004e+10  447  173 8.9674e+10 1.0137e+11  13.0%   335 1350s
  2662  1668 9.9004e+10  459  145 8.9674e+10 1.0137e+11  13.0%   332 1355s
  2690  1685 9.7834e+10  473  155 8.9674e+10 1.0137e+11  13.0%   330 1360s
  2722  1700 infeasible  484      8.9674e+10 1.0137e+11  13.0%   326 1365s
  2742  1708 1.0005e+11  367  330 8.9674e+10 1.0137e+11  13.0%   325 1370s
  2769  1735 9.9170e+10  388  198 8.9674e+10 1.0137e+11  13.0%   323 1375s
  2800  1766 9.9170e+10  408  174 8.9674e+10 1.0137e+11  13.0%   320 1380s
  2820  1786 9.8468e+10  419  198 8.9674e+10 1.0137e+11  13.0%   321 1385s
  2847  1811 9.9170e+10  434  170 8.9674e+10 1.0137e+11  13.0%   319 1390s
  2879  1829 9.9170e+10  457  166 8.9674e+10 1.0137e+11  13.0%   316 1395s
  2914  1848 infeasible  476      8.9674e+10 1.0137e+11  13.0%   313 1400s
  2944  1858 9.9170e+10  489   68 8.9674e+10 1.0137e+11  13.0%   311 1405s
  2967  1855 1.0053e+11  357  369 8.9674e+10 1.0137e+11  13.0%   309 1410s
  2985  1873 9.9831e+10  364  301 8.9674e+10 1.0137e+11  13.0%   309 1415s
  3000  1888 9.9170e+10  376  308 8.9674e+10 1.0137e+11  13.0%   307 1420s
  3023  1911 9.9170e+10  390  260 8.9674e+10 1.0137e+11  13.0%   306 1425s
  3051  1939 9.7064e+10  406  288 8.9674e+10 1.0137e+11  13.0%   304 1430s
  3082  1966 9.9170e+10  413  207 8.9674e+10 1.0137e+11  13.0%   302 1435s
  3106  1988 9.9170e+10  416  179 8.9674e+10 1.0137e+11  13.0%   301 1440s
  3142  2004 9.9170e+10  425  170 8.9674e+10 1.0137e+11  13.0%   298 1445s
  3166  2028 9.9170e+10  435  140 8.9674e+10 1.0137e+11  13.0%   297 1450s
  3198  2051 9.9170e+10  444  144 8.9674e+10 1.0137e+11  13.0%   294 1455s
  3222  2068 infeasible  454      8.9674e+10 1.0137e+11  13.0%   293 1460s
  3254  2088 9.8468e+10  470  145 8.9674e+10 1.0137e+11  13.0%   291 1465s
  3299  2111 9.9170e+10  483  120 8.9674e+10 1.0137e+11  13.0%   287 1470s
  3316  2114 1.0049e+11  354  466 8.9674e+10 1.0137e+11  13.0%   287 1475s
  3334  2132 9.9322e+10  363  339 8.9674e+10 1.0137e+11  13.0%   287 1480s
  3359  2157 9.9170e+10  386  285 8.9674e+10 1.0137e+11  13.0%   285 1485s
  3389  2184 9.9170e+10  406  195 8.9674e+10 1.0137e+11  13.0%   283 1490s
  3417  2212 9.9170e+10  413  218 8.9674e+10 1.0137e+11  13.0%   281 1495s
  3443  2236 9.9170e+10  418  188 8.9674e+10 1.0137e+11  13.0%   279 1500s
  3475  2258 9.9170e+10  426  228 8.9674e+10 1.0137e+11  13.0%   277 1505s
  3503  2277 9.9170e+10  433  175 8.9674e+10 1.0137e+11  13.0%   276 1510s
  3529  2295 9.9170e+10  443  128 8.9674e+10 1.0137e+11  13.0%   274 1515s
  3566  2313 infeasible  456      8.9674e+10 1.0137e+11  13.0%   272 1520s
  3607  2340 9.9170e+10  471  108 8.9674e+10 1.0137e+11  13.0%   269 1525s
  3637  2340 1.0048e+11  311  510 8.9674e+10 1.0137e+11  13.0%   268 1530s
  3655  2358 1.0027e+11  324  366 8.9674e+10 1.0137e+11  13.0%   267 1535s
  3677  2380 9.9268e+10  335  394 8.9674e+10 1.0137e+11  13.0%   266 1540s
  3708  2411 9.9268e+10  365  257 8.9674e+10 1.0137e+11  13.0%   264 1545s
  3740  2443 9.9034e+10  384  316 8.9674e+10 1.0137e+11  13.0%   262 1550s
  3770  2467 9.9034e+10  394  224 8.9674e+10 1.0137e+11  13.0%   261 1555s
  3796  2492 9.9034e+10  405  256 8.9674e+10 1.0137e+11  13.0%   259 1560s
  3828  2522 9.9034e+10  415  280 8.9674e+10 1.0137e+11  13.0%   258 1565s
  3853  2545 9.9034e+10  417  269 8.9674e+10 1.0137e+11  13.0%   257 1570s
  3879  2571 9.9034e+10  421  213 8.9674e+10 1.0137e+11  13.0%   256 1575s
  3907  2593 9.9034e+10  427  211 8.9674e+10 1.0137e+11  13.0%   255 1580s
  3933  2611 9.9034e+10  437  216 8.9674e+10 1.0137e+11  13.0%   253 1585s
  3941  2619 9.9034e+10  445  176 8.9674e+10 1.0137e+11  13.0%   253 1639s
  3942  2620 9.9034e+10  445  181 8.9674e+10 1.0137e+11  13.0%   253 1765s
  3977  2645 infeasible  455      8.9674e+10 1.0137e+11  13.0%   251 1770s
  4022  2676 9.9034e+10  473  152 8.9674e+10 1.0137e+11  13.0%   249 1775s
  4061  2697 9.9034e+10  485  147 8.9674e+10 1.0137e+11  13.0%   247 1780s
  4097  2716 infeasible  500      8.9674e+10 1.0137e+11  13.0%   245 1785s
  4136  2734 9.9034e+10  515  135 8.9674e+10 1.0137e+11  13.0%   243 1790s
  4178  2753 9.9034e+10  527  124 8.9674e+10 1.0137e+11  13.0%   241 1795s
  4205  2754 1.0027e+11  321  376 8.9674e+10 1.0137e+11  13.0%   240 1800s
  4232  2781 9.9268e+10  338  356 8.9674e+10 1.0137e+11  13.0%   239 1805s
  4257  2806 9.9268e+10  363  283 8.9674e+10 1.0137e+11  13.0%   238 1810s
  4280  2829 9.9034e+10  375  251 8.9674e+10 1.0137e+11  13.0%   238 1815s
  4316  2865 9.7864e+10  393  187 8.9674e+10 1.0137e+11  13.0%   236 1820s
  4367  2916 9.7864e+10  406  150 8.9674e+10 1.0137e+11  13.0%   234 1825s
  4418  2967 9.7864e+10  411  163 8.9674e+10 1.0137e+11  13.0%   232 1830s
  4470  3017 9.7864e+10  419  167 8.9674e+10 1.0137e+11  13.0%   229 1835s
  4514  3056 9.7864e+10  438  159 8.9674e+10 1.0137e+11  13.0%   228 1840s
  4558  3081 infeasible  443      8.9674e+10 1.0137e+11  13.0%   226 1845s
  4604  3111 9.7864e+10  462  108 8.9674e+10 1.0137e+11  13.0%   224 1850s
  4637  3136 9.7864e+10  469  119 8.9674e+10 1.0137e+11  13.0%   223 1855s
  4676  3167 9.7864e+10  486   88 8.9674e+10 1.0137e+11  13.0%   221 1860s
  4720  3186 infeasible  502      8.9674e+10 1.0137e+11  13.0%   219 1865s
  4737  3199 1.0045e+11  354  386 8.9674e+10 1.0137e+11  13.0%   220 1870s
  4765  3227 9.9296e+10  355  320 8.9674e+10 1.0137e+11  13.0%   219 1875s
  4786  3248 9.8771e+10  361  334 8.9674e+10 1.0137e+11  13.0%   220 1880s
  4817  3279 9.9170e+10  376  304 8.9674e+10 1.0137e+11  13.0%   219 1885s
  4857  3319 9.9170e+10  407  242 8.9674e+10 1.0137e+11  13.0%   217 1890s
  4883  3340 9.9170e+10  420  222 8.9674e+10 1.0137e+11  13.0%   217 1895s
  4915  3368 9.9170e+10  428  199 8.9674e+10 1.0137e+11  13.0%   215 1900s
  4950  3403 9.9170e+10  434  167 8.9674e+10 1.0137e+11  13.0%   214 1905s
  4988  3439 9.9170e+10  438  168 8.9674e+10 1.0137e+11  13.0%   213 1910s
  5018  3433 infeasible  440      8.9674e+10 1.0137e+11  13.0%   212 1915s
  5031  3446 1.0048e+11  324  483 8.9674e+10 1.0137e+11  13.0%   212 1920s
  5050  3465 9.9268e+10  333  413 8.9674e+10 1.0137e+11  13.0%   212 1925s
  5079  3494 9.9034e+10  354  249 8.9674e+10 1.0137e+11  13.0%   212 1930s
  5101  3516 9.9034e+10  374  335 8.9674e+10 1.0137e+11  13.0%   211 1953s
  5109  3524 9.9034e+10  375  344 8.9674e+10 1.0137e+11  13.0%   211 1955s
  5131  3546 9.9034e+10  393  338 8.9674e+10 1.0137e+11  13.0%   210 1960s
  5153  3568 9.9034e+10  392  329 8.9674e+10 1.0137e+11  13.0%   210 1965s
  5185  3590 9.9034e+10  406  275 8.9674e+10 1.0137e+11  13.0%   209 1970s
  5206  3611 9.7864e+10  409  230 8.9674e+10 1.0137e+11  13.0%   209 1975s
  5237  3638 9.7864e+10  415  194 8.9674e+10 1.0137e+11  13.0%   208 1980s
  5287  3688 9.7864e+10  418  190 8.9674e+10 1.0137e+11  13.0%   206 1985s
  5333  3730 9.7864e+10  435  163 8.9674e+10 1.0137e+11  13.0%   205 1990s
  5379  3761 9.7864e+10  451  162 8.9674e+10 1.0137e+11  13.0%   203 1995s
  5417  3791 infeasible  463      8.9674e+10 1.0137e+11  13.0%   202 2000s
  5460  3825 9.7864e+10  471  137 8.9674e+10 1.0137e+11  13.0%   201 2005s
  5503  3858 9.7864e+10  477  143 8.9674e+10 1.0137e+11  13.0%   199 2010s
  5549  3895 9.7864e+10  490  124 8.9674e+10 1.0137e+11  13.0%   198 2015s
  5595  3921 9.7864e+10  514   95 8.9674e+10 1.0137e+11  13.0%   197 2020s
  5636  3938 infeasible  531      8.9674e+10 1.0137e+11  13.0%   195 2025s
  5666  3955 9.9268e+10  343  251 8.9674e+10 1.0137e+11  13.0%   195 2030s
  5704  3991 9.9268e+10  379  357 8.9674e+10 1.0137e+11  13.0%   194 2035s
  5732  4019 9.9034e+10  400  244 8.9674e+10 1.0137e+11  13.0%   194 2040s
  5770  4057 9.9034e+10  425  245 8.9674e+10 1.0137e+11  13.0%   193 2045s
  5801  4088 9.9034e+10  435  234 8.9674e+10 1.0137e+11  13.0%   192 2050s
  5824  4109 9.9034e+10  449  220 8.9674e+10 1.0137e+11  13.0%   192 2055s
  5853  4131 9.9034e+10  466  190 8.9674e+10 1.0137e+11  13.0%   191 2060s
  5883  4159 9.9034e+10  476  172 8.9674e+10 1.0137e+11  13.0%   190 2065s
  5908  4179 9.9034e+10  485  168 8.9674e+10 1.0137e+11  13.0%   190 2070s
  5931  4201 9.9034e+10  494  247 8.9674e+10 1.0137e+11  13.0%   189 2075s
  5960  4219 9.9034e+10  505  154 8.9674e+10 1.0137e+11  13.0%   189 2080s
  5985  4234 9.9034e+10  518  213 8.9674e+10 1.0137e+11  13.0%   188 2085s
  6009  4258 9.7864e+10  526  116 8.9674e+10 1.0137e+11  13.0%   188 2090s
  6048  4283 9.7864e+10  539  108 8.9674e+10 1.0137e+11  13.0%   187 2095s
  6077  4289 1.0045e+11  321  591 8.9674e+10 1.0137e+11  13.0%   187 2101s
  6088  4300 9.9296e+10  329  386 8.9674e+10 1.0137e+11  13.0%   187 2105s
  6109  4321 9.9268e+10  332  288 8.9674e+10 1.0137e+11  13.0%   187 2110s
  6141  4353 9.9268e+10  360  306 8.9674e+10 1.0137e+11  13.0%   186 2115s
  6170  4382 9.9268e+10  388  279 8.9674e+10 1.0137e+11  13.0%   185 2120s
  6199  4411 9.9268e+10  400  239 8.9674e+10 1.0137e+11  13.0%   185 2125s
  6207  4419 9.9034e+10  407  274 8.9674e+10 1.0137e+11  13.0%   185 2130s
  6232  4444 9.7864e+10  425  188 8.9674e+10 1.0137e+11  13.0%   185 2135s
  6260  4470 9.7864e+10  445  155 8.9674e+10 1.0137e+11  13.0%   184 2140s
  6294  4502 9.7864e+10  451  134 8.9674e+10 1.0137e+11  13.0%   183 2145s
  6329  4537 9.7864e+10  455  135 8.9674e+10 1.0137e+11  13.0%   183 2150s
  6358  4566 9.7864e+10  459  126 8.9674e+10 1.0137e+11  13.0%   182 2155s
  6390  4598 9.7864e+10  462  130 8.9674e+10 1.0137e+11  13.0%   181 2160s
  6423  4622 9.7864e+10  474  183 8.9674e+10 1.0137e+11  13.0%   181 2165s
  6454  4643 infeasible  482      8.9674e+10 1.0137e+11  13.0%   180 2170s
  6487  4661 9.7864e+10  504   68 8.9674e+10 1.0137e+11  13.0%   179 2175s
  6521  4680 9.7864e+10  515   50 8.9674e+10 1.0137e+11  13.0%   178 2180s
  6556  4677 1.0048e+11  317  511 8.9674e+10 1.0137e+11  13.0%   178 2185s
  6571  4692 9.9322e+10  330  430 8.9674e+10 1.0137e+11  13.0%   178 2190s
  6582  4703 9.9170e+10  332  292 8.9674e+10 1.0137e+11  13.0%   178 2195s
  6607  4728 9.9170e+10  349  283 8.9674e+10 1.0137e+11  13.0%   178 2200s
  6629  4750 9.9170e+10  366  258 8.9674e+10 1.0137e+11  13.0%   178 2205s
  6655  4774 9.9170e+10  382  248 8.9674e+10 1.0137e+11  13.0%   178 2210s
  6687  4806 9.9170e+10  413  132 8.9674e+10 1.0137e+11  13.0%   177 2215s
  6724  4837 9.9170e+10  446  133 8.9674e+10 1.0137e+11  13.0%   177 2220s
  6756  4855 1.0137e+11   40  578 8.9674e+10 1.0137e+11  13.0%   176 2226s
  6763  4862 1.0137e+11   47  586 8.9674e+10 1.0137e+11  13.0%   176 2230s
  6776  4875 1.0137e+11   60  546 8.9674e+10 1.0137e+11  13.0%   176 2235s
  6790  4889 1.0137e+11   73  462 8.9674e+10 1.0137e+11  13.0%   176 2240s
  6807  4906 1.0137e+11   89  447 8.9674e+10 1.0137e+11  13.0%   175 2245s
  6825  4924 1.0137e+11  102  419 8.9674e+10 1.0137e+11  13.0%   175 2250s
  6856  4955 1.0137e+11  133  430 8.9674e+10 1.0137e+11  13.0%   174 2255s
  6890  4989 1.0137e+11  167  391 8.9674e+10 1.0137e+11  13.0%   174 2260s
  6926  5025 1.0137e+11  203  377 8.9674e+10 1.0137e+11  13.0%   173 2265s
  6942  5041 1.0137e+11  219  414 8.9674e+10 1.0137e+11  13.0%   173 2270s
  6952  5051 1.0137e+11  229  493 8.9674e+10 1.0137e+11  13.0%   173 2275s
  6965  5064 1.0137e+11  242  362 8.9674e+10 1.0137e+11  13.0%   173 2280s
  6988  5087 1.0137e+11  265  401 8.9674e+10 1.0137e+11  13.0%   172 2285s
  6999  5098 1.0137e+11  270  492 8.9674e+10 1.0137e+11  13.0%   173 2290s
  7015  5114 1.0137e+11  286  385 8.9674e+10 1.0137e+11  13.0%   173 2295s
  7032  5131 1.0137e+11  302  440 8.9674e+10 1.0137e+11  13.0%   174 2300s
  7040  5139 1.0137e+11  304  394 8.9674e+10 1.0137e+11  13.0%   174 2305s
  7051  5150 1.0137e+11  314  404 8.9674e+10 1.0137e+11  13.0%   175 2311s
  7057  5156 1.0084e+11  314  427 8.9674e+10 1.0137e+11  13.0%   176 2315s
  7070  5169 1.0137e+11  327  343 8.9674e+10 1.0137e+11  13.0%   176 2320s
  7086  5185 1.0137e+11  343  353 8.9674e+10 1.0137e+11  13.0%   176 2325s
  7093  5192 1.0137e+11  347  390 8.9674e+10 1.0137e+11  13.0%   177 2330s
  7098  5197 1.0084e+11  350  455 8.9674e+10 1.0137e+11  13.0%   178 2335s
  7109  5208 1.0083e+11  357  380 8.9674e+10 1.0137e+11  13.0%   178 2340s
  7125  5224 1.0083e+11  373  321 8.9674e+10 1.0137e+11  13.0%   178 2345s
  7139  5237 1.0074e+11  384  292 8.9674e+10 1.0137e+11  13.0%   178 2350s
  7150  5247 1.0047e+11  394  238 8.9674e+10 1.0137e+11  13.0%   178 2355s
  7173  5270 1.0047e+11  417  284 8.9674e+10 1.0137e+11  13.0%   178 2360s
  7185  5282 1.0047e+11  428  351 8.9674e+10 1.0137e+11  13.0%   179 2365s
  7197  5294 1.0047e+11  440  252 8.9674e+10 1.0137e+11  13.0%   179 2370s
  7211  5306 1.0047e+11  449  263 8.9674e+10 1.0137e+11  13.0%   179 2375s
  7229  5310 1.0137e+11  309  435 8.9674e+10 1.0137e+11  13.0%   179 2380s
  7242  5323 1.0137e+11  322  310 8.9674e+10 1.0137e+11  13.0%   179 2385s
  7259  5340 1.0137e+11  339  392 8.9674e+10 1.0137e+11  13.0%   180 2390s
  7271  5352 1.0137e+11  350  286 8.9674e+10 1.0137e+11  13.0%   180 2395s
  7285  5366 1.0137e+11  363  453 8.9674e+10 1.0137e+11  13.0%   180 2400s
  7294  5375 1.0137e+11  370  321 8.9674e+10 1.0137e+11  13.0%   181 2405s
  7308  5389 1.0137e+11  382  516 8.9674e+10 1.0137e+11  13.0%   182 2410s
  7319  5400 1.0137e+11  389  326 8.9674e+10 1.0137e+11  13.0%   182 2415s
  7332  5413 1.0137e+11  397  311 8.9674e+10 1.0137e+11  13.0%   184 2420s
  7345  5426 1.0137e+11  405  338 8.9674e+10 1.0137e+11  13.0%   184 2425s
  7356  5437 1.0137e+11  414  288 8.9674e+10 1.0137e+11  13.0%   185 2430s
  7376  5457 1.0137e+11  433  261 8.9674e+10 1.0137e+11  13.0%   185 2435s
  7395  5476 1.0121e+11  449  271 8.9674e+10 1.0137e+11  13.0%   185 2440s
  7425  5500 infeasible  468      8.9674e+10 1.0137e+11  13.0%   185 2445s
  7446  5503 1.0084e+11  364  420 8.9674e+10 1.0137e+11  13.0%   186 2451s
  7451  5508 1.0137e+11  365  262 8.9674e+10 1.0137e+11  13.0%   186 2455s
  7458  5515 1.0137e+11  369  400 8.9674e+10 1.0137e+11  13.0%   188 2460s
  7470  5527 1.0083e+11  376  240 8.9674e+10 1.0137e+11  13.0%   188 2465s
  7488  5545 1.0020e+11  393  218 8.9674e+10 1.0137e+11  13.0%   188 2470s
  7508  5565 1.0020e+11  411  280 8.9674e+10 1.0137e+11  13.0%   188 2475s
  7526  5583 1.0005e+11  426  252 8.9674e+10 1.0137e+11  13.0%   189 2480s
  7555  5611 9.9304e+10  451  206 8.9674e+10 1.0137e+11  13.0%   189 2485s
  7580  5636 9.9304e+10  474  197 8.9674e+10 1.0137e+11  13.0%   189 2490s
  7619  5671 9.9304e+10  511  250 8.9674e+10 1.0137e+11  13.0%   188 2495s
  7653  5705 9.9304e+10  545  191 8.9674e+10 1.0137e+11  13.0%   188 2500s
  7680  5732 9.9304e+10  568  205 8.9674e+10 1.0137e+11  13.0%   188 2505s
  7703  5753 9.9304e+10  586  281 8.9674e+10 1.0137e+11  13.0%   188 2510s
  7727  5749 1.0137e+11  355  322 8.9674e+10 1.0137e+11  13.0%   188 2515s
  7736  5758 1.0084e+11  364  341 8.9674e+10 1.0137e+11  13.0%   189 2520s
  7750  5772 1.0083e+11  378  300 8.9674e+10 1.0137e+11  13.0%   189 2525s
  7765  5787 1.0020e+11  393  349 8.9674e+10 1.0137e+11  13.0%   189 2530s
  7779  5801 1.0020e+11  407  254 8.9674e+10 1.0137e+11  13.0%   189 2535s
  7794  5816 1.0020e+11  422  245 8.9674e+10 1.0137e+11  13.0%   189 2540s
  7815  5837 1.0020e+11  443  243 8.9674e+10 1.0137e+11  13.0%   189 2545s
  7825  5847 1.0020e+11  453  222 8.9674e+10 1.0137e+11  13.0%   189 2550s
  7833  5851 1.0020e+11  458  344 8.9674e+10 1.0137e+11  13.0%   189 2556s
  7843  5849 9.9268e+10  456  267 8.9674e+10 1.0137e+11  13.0%   189 2560s
  7854  5852 1.0137e+11  361  364 8.9674e+10 1.0137e+11  13.0%   190 2565s
  7862  5860 1.0125e+11  364  386 8.9674e+10 1.0137e+11  13.0%   190 2570s
  7873  5871 1.0125e+11  375  380 8.9674e+10 1.0137e+11  13.0%   190 2684s
  7874  5872 1.0125e+11  376  381 8.9674e+10 1.0137e+11  13.0%   190 2685s
  7888  5885 1.0020e+11  382  303 8.9674e+10 1.0137e+11  13.0%   191 2690s
  7901  5898 1.0047e+11  397  260 8.9674e+10 1.0137e+11  13.0%   191 2695s
  7917  5914 1.0047e+11  408  329 8.9674e+10 1.0137e+11  13.0%   191 2700s
  7930  5927 1.0047e+11  420  275 8.9674e+10 1.0137e+11  13.0%   191 2705s
  7949  5946 1.0047e+11  439  232 8.9674e+10 1.0137e+11  13.0%   191 2710s
  7962  5959 1.0047e+11  447  282 8.9674e+10 1.0137e+11  13.0%   191 2715s
  7984  5981 1.0047e+11  469  223 8.9674e+10 1.0137e+11  13.0%   191 2720s
  8007  6002 1.0047e+11  487  248 8.9674e+10 1.0137e+11  13.0%   191 2725s
  8027  6022 1.0047e+11  500  229 8.9674e+10 1.0137e+11  13.0%   191 2730s
  8062  6057 1.0047e+11  511  199 8.9674e+10 1.0137e+11  13.0%   191 2735s
  8079  6072 1.0047e+11  518  233 8.9674e+10 1.0137e+11  13.0%   191 2740s
  8109  6094 1.0047e+11  526  175 8.9674e+10 1.0137e+11  13.0%   190 2745s
  8137  6114 1.0047e+11  530  244 8.9674e+10 1.0137e+11  13.0%   190 2750s
  8165  6126 1.0083e+11  416  298 8.9674e+10 1.0137e+11  13.0%   189 2755s
  8192  6151 1.0047e+11  437  376 8.9674e+10 1.0137e+11  13.0%   190 2760s
  8208  6165 1.0029e+11  449  262 8.9674e+10 1.0137e+11  13.0%   190 2765s
  8226  6183 1.0047e+11  458  236 8.9674e+10 1.0137e+11  13.0%   190 2770s
  8252  6209 1.0029e+11  482  312 8.9674e+10 1.0137e+11  13.0%   190 2775s
  8280  6237 1.0047e+11  499  228 8.9674e+10 1.0137e+11  13.0%   190 2780s
  8315  6272 1.0047e+11  529  226 8.9674e+10 1.0137e+11  13.0%   190 2785s
  8349  6306 1.0047e+11  561  271 8.9674e+10 1.0137e+11  13.0%   189 2790s
  8364  6321 9.9574e+10  572  209 8.9674e+10 1.0137e+11  13.0%   189 2795s
  8393  6338 9.8674e+10  586  236 8.9674e+10 1.0137e+11  13.0%   189 2800s
  8424  6367 9.8674e+10  608  155 8.9674e+10 1.0137e+11  13.0%   188 2805s
  8458  6399 9.8674e+10  635  107 8.9674e+10 1.0137e+11  13.0%   188 2810s
  8506  6443 9.8674e+10  678   88 8.9674e+10 1.0137e+11  13.0%   187 2815s
  8545  6464 9.8674e+10  697   60 8.9674e+10 1.0137e+11  13.0%   186 2820s
  8578  6459 1.0084e+11  412  336 8.9674e+10 1.0137e+11  13.0%   186 2825s
  8598  6479 1.0047e+11  428  235 8.9674e+10 1.0137e+11  13.0%   186 2830s
  8626  6506 1.0047e+11  456  241 8.9674e+10 1.0137e+11  13.0%   185 2835s
  8640  6506 1.0137e+11  360  447 8.9674e+10 1.0137e+11  13.0%   185 2840s
  8652  6518 1.0137e+11  369  270 8.9674e+10 1.0137e+11  13.0%   185 2845s
  8664  6530 1.0136e+11  377  282 8.9674e+10 1.0137e+11  13.0%   186 2850s
  8671  6537 1.0136e+11  383  532 8.9674e+10 1.0137e+11  13.0%   186 2856s
  8676  6542 1.0136e+11  382  395 8.9674e+10 1.0137e+11  13.0%   187 2861s
  8683  6549 1.0136e+11  383  345 8.9674e+10 1.0137e+11  13.0%   188 2866s
  8693  6559 1.0136e+11  393  299 8.9674e+10 1.0137e+11  13.0%   188 2870s
  8710  6575 1.0047e+11  409  222 8.9674e+10 1.0137e+11  13.0%   188 2875s
  8725  6590 1.0047e+11  421  232 8.9674e+10 1.0137e+11  13.0%   188 2880s
  8744  6605 1.0047e+11  434  244 8.9674e+10 1.0137e+11  13.0%   188 2885s
  8761  6622 1.0047e+11  448  259 8.9674e+10 1.0137e+11  13.0%   188 2890s
  8771  6632 1.0047e+11  456  276 8.9674e+10 1.0137e+11  13.0%   189 2897s
  8780  6641 1.0047e+11  465  255 8.9674e+10 1.0137e+11  13.0%   189 2900s
  8789  6648 1.0047e+11  473  255 8.9674e+10 1.0137e+11  13.0%   189 2905s
  8812  6671 1.0047e+11  495  272 8.9674e+10 1.0137e+11  13.0%   189 2910s
  8840  6697 1.0047e+11  522  297 8.9674e+10 1.0137e+11  13.0%   189 2915s
  8867  6724 1.0047e+11  549  249 8.9674e+10 1.0137e+11  13.0%   189 2920s
  8888  6745 1.0047e+11  569  254 8.9674e+10 1.0137e+11  13.0%   189 2925s
  8901  6741 1.0137e+11  362  358 8.9674e+10 1.0137e+11  13.0%   189 2930s
  8909  6749 1.0137e+11  362  409 8.9674e+10 1.0137e+11  13.0%   190 2935s
  8912  6752 1.0137e+11  364  406 8.9674e+10 1.0137e+11  13.0%   190 2940s
  8918  6758 1.0137e+11  362  288 8.9674e+10 1.0137e+11  13.0%   191 2945s
  8928  6768 1.0137e+11  368  383 8.9674e+10 1.0137e+11  13.0%   192 2950s
  8934  6774 1.0137e+11  366  358 8.9674e+10 1.0137e+11  13.0%   194 2955s
  8938  6778 1.0137e+11  369  362 8.9674e+10 1.0137e+11  13.0%   195 2960s
  8941  6781 1.0137e+11  371  483 8.9674e+10 1.0137e+11  13.0%   196 2965s
  8947  6787 1.0137e+11  373  344 8.9674e+10 1.0137e+11  13.0%   196 2970s
  8954  6794 1.0105e+11  371  412 8.9674e+10 1.0137e+11  13.0%   198 2976s
  8960  6800 1.0137e+11  373  399 8.9674e+10 1.0137e+11  13.0%   199 2981s
  8964  6804 1.0137e+11  373  327 8.9674e+10 1.0137e+11  13.0%   199 2985s
  8969  6809 1.0105e+11  374  401 8.9674e+10 1.0137e+11  13.0%   201 2991s
  8970  6810 1.0137e+11  375  355 8.9674e+10 1.0137e+11  13.0%   201 3019s
  8972  6812 1.0104e+11  375  288 8.9674e+10 1.0137e+11  13.0%   201 3020s
  8978  6816 1.0137e+11  374  302 8.9674e+10 1.0137e+11  13.0%   201 3025s
  8985  6823 9.4534e+10  376  400 8.9674e+10 1.0137e+11  13.0%   202 3030s
  8994  6832 9.9502e+10  379  369 8.9674e+10 1.0137e+11  13.0%   202 3035s
  9002  6838 1.0020e+11  379  335 8.9674e+10 1.0137e+11  13.0%   203 3040s
  9019  6853 1.0020e+11  384  370 8.9674e+10 1.0137e+11  13.0%   203 3045s
  9031  6861 1.0020e+11  381  334 8.9674e+10 1.0137e+11  13.0%   204 3050s
  9042  6866 1.0020e+11  382  360 8.9674e+10 1.0137e+11  13.0%   205 3056s
  9044  6868 1.0020e+11  387  396 8.9674e+10 1.0137e+11  13.0%   205 3060s
  9052  6876 1.0020e+11  388  351 8.9674e+10 1.0137e+11  13.0%   206 3065s
  9065  6885 1.0020e+11  389  438 8.9674e+10 1.0137e+11  13.0%   207 3070s
  9080  6898 9.9637e+10  392  283 8.9674e+10 1.0137e+11  13.0%   208 3075s
  9112  6918 9.9034e+10  398  278 8.9674e+10 1.0137e+11  13.0%   208 3080s
  9141  6944 9.9034e+10  404  254 8.9674e+10 1.0137e+11  13.0%   208 3085s
  9156  6957 9.9034e+10  411  288 8.9674e+10 1.0137e+11  13.0%   209 3090s
  9171  6970 9.9034e+10  414  231 8.9674e+10 1.0137e+11  13.0%   209 3095s
  9230  7009 9.9034e+10  423  194 8.9674e+10 1.0137e+11  13.0%   208 3100s
  9261  7031 9.9034e+10  426  174 8.9674e+10 1.0137e+11  13.0%   207 3105s
  9301  7048 9.9034e+10  429  178 8.9674e+10 1.0137e+11  13.0%   207 3110s
  9333  7057 1.0137e+11  368  301 8.9674e+10 1.0137e+11  13.0%   206 3116s
  9342  7066 1.0118e+11  374  257 8.9674e+10 1.0137e+11  13.0%   207 3120s
  9368  7091 1.0047e+11  398  347 8.9674e+10 1.0137e+11  13.0%   207 3125s
  9383  7106 1.0047e+11  403  224 8.9674e+10 1.0137e+11  13.0%   207 3130s
  9398  7121 1.0047e+11  418  304 8.9674e+10 1.0137e+11  13.0%   207 3135s
  9429  7152 1.0047e+11  445  277 8.9674e+10 1.0137e+11  13.0%   207 3140s
  9442  7157 1.0047e+11  451  348 8.9674e+10 1.0137e+11  13.0%   208 3145s
  9456  7151 1.0137e+11  368  333 8.9674e+10 1.0137e+11  13.0%   208 3150s
  9470  7165 1.0137e+11  382  295 8.9674e+10 1.0137e+11  13.0%   208 3155s
  9482  7177 1.0020e+11  394  369 8.9674e+10 1.0137e+11  13.0%   208 3160s
  9491  7186 1.0020e+11  403  256 8.9674e+10 1.0137e+11  13.0%   209 3165s
  9511  7206 1.0020e+11  423  211 8.9674e+10 1.0137e+11  13.0%   209 3170s
  9520  7215 1.0020e+11  432  443 8.9674e+10 1.0137e+11  13.0%   209 3175s
  9529  7224 1.0020e+11  441  312 8.9674e+10 1.0137e+11  13.0%   209 3180s
  9563  7258 1.0020e+11  475  260 8.9674e+10 1.0137e+11  13.0%   209 3185s
  9591  7284 1.0020e+11  502  368 8.9674e+10 1.0137e+11  13.0%   209 3190s
  9644  7337 9.6694e+10  555  150 8.9674e+10 1.0137e+11  13.0%   208 3195s
  9702  7395 9.5524e+10  613  141 8.9674e+10 1.0137e+11  13.0%   207 3200s
  9750  7422 1.0137e+11  369  360 8.9674e+10 1.0137e+11  13.0%   207 3206s
  9758  7430 1.0137e+11  377  258 8.9674e+10 1.0137e+11  13.0%   207 3210s
  9770  7442 1.0132e+11  388  355 8.9674e+10 1.0137e+11  13.0%   207 3215s
  9782  7454 1.0069e+11  396  258 8.9674e+10 1.0137e+11  13.0%   207 3220s
  9799  7471 1.0118e+11  407  268 8.9674e+10 1.0137e+11  13.0%   207 3225s
  9826  7496 1.0047e+11  426  223 8.9674e+10 1.0137e+11  13.0%   208 3230s
  9845  7515 1.0047e+11  445  258 8.9674e+10 1.0137e+11  13.0%   208 3235s
  9859  7526 1.0017e+11  450  364 8.9674e+10 1.0137e+11  13.0%   208 3240s
  9875  7541 9.9574e+10  463  216 8.9674e+10 1.0137e+11  13.0%   209 3245s
  9883  7547 9.9574e+10  465  213 8.9674e+10 1.0137e+11  13.0%   209 3250s
  9890  7554 9.9574e+10  466  210 8.9674e+10 1.0137e+11  13.0%   209 3255s
  9896  7560 9.9574e+10  467  344 8.9674e+10 1.0137e+11  13.0%   209 3261s
  9900  7563 9.9574e+10  468  329 8.9674e+10 1.0137e+11  13.0%   210 3266s
  9904  7565 9.9574e+10  468  224 8.9674e+10 1.0137e+11  13.0%   210 3270s
  9912  7567 infeasible  468      8.9674e+10 1.0137e+11  13.0%   210 3275s
  9923  7564 infeasible  468      8.9674e+10 1.0137e+11  13.0%   211 3280s
  9939  7558 1.0137e+11  383  257 8.9674e+10 1.0137e+11  13.0%   211 3285s
  9955  7574 1.0046e+11  395  307 8.9674e+10 1.0137e+11  13.0%   211 3290s
  9964  7583 1.0137e+11  395  239 8.9674e+10 1.0137e+11  13.0%   211 3295s
  9974  7593 1.0137e+11  399  222 8.9674e+10 1.0137e+11  13.0%   212 3300s
  9995  7614 1.0034e+11  418  247 8.9674e+10 1.0137e+11  13.0%   212 3305s
 10021  7640 1.0034e+11  440  196 8.9674e+10 1.0137e+11  13.0%   211 3310s
 10043  7662 1.0034e+11  459  262 8.9674e+10 1.0137e+11  13.0%   211 3315s
 10066  7683 1.0034e+11  475  187 8.9674e+10 1.0137e+11  13.0%   211 3320s
 10091  7686 1.0137e+11  380  389 8.9674e+10 1.0137e+11  13.0%   211 3326s
 10105  7700 1.0137e+11  390  299 8.9674e+10 1.0137e+11  13.0%   211 3330s
 10118  7713 1.0008e+11  395  344 8.9674e+10 1.0137e+11  13.0%   212 3335s
 10135  7730 1.0020e+11  405  234 8.9674e+10 1.0137e+11  13.0%   212 3340s
 10155  7750 1.0020e+11  418  304 8.9674e+10 1.0137e+11  13.0%   212 3345s
 10185  7780 9.9658e+10  447  217 8.9674e+10 1.0137e+11  13.0%   212 3350s
 10194  7787 1.0020e+11  444  280 8.9674e+10 1.0137e+11  13.0%   212 3356s

Cutting planes:
  Gomory: 5
  Cover: 221
  Implied bound: 20
  Projected implied bound: 1
  Clique: 3
  MIR: 113
  Mixing: 1
  StrongCG: 37
  Flow cover: 822
  GUB cover: 12
  Inf proof: 3
  Zero half: 111
  RLT: 110
  Relax-and-lift: 12

Explored 10202 nodes (2356740 simplex iterations) in 3593.13 seconds (2296.14 work units)
Thread count was 1 (of 28 available processors)

Solution count 10: 8.96736e+10 8.85036e+10 8.61636e+10 ... 7.53552e+10

Time limit reached
Best objective 8.967360000000e+10, best bound 1.013736000000e+11, gap 13.0473%

User-callback calls 662756, time in user-callback 0.88 sec