Gurobi Optimizer version 12.0.3 build v12.0.3rc0 (linux64 - "Oracle Linux Server 9.4")

CPU model: Intel(R) Xeon(R) CPU E5-2660 v4 @ 2.00GHz, instruction set [SSE2|AVX|AVX2]
Thread count: 28 physical cores, 28 logical processors, using up to 1 threads

Non-default parameters:
TimeLimit  3592.400636845
SoftMemLimit  16
NumericFocus  1
Threads  1

Academic license 2690100 - for non-commercial use only - registered to ju___@uclm.es
Optimize a model with 119358 rows, 27684 columns and 520754 nonzeros
Model fingerprint: 0xc5d1d9be
Variable types: 180 continuous, 27504 integer (27504 binary)
Coefficient statistics:
  Matrix range     [1e+00, 8e+12]
  Objective range  [3e+08, 2e+09]
  Bounds range     [1e+03, 1e+04]
  RHS range        [1e+00, 2e+14]
Warning: Model contains large matrix coefficient range
Warning: Model contains large objective coefficients
Warning: Model contains large rhs
Found heuristic solution: objective -0.0000000
Presolve removed 20538 rows and 146 columns
Presolve time: 3.15s
Presolved: 98820 rows, 27538 columns, 362464 nonzeros
Variable types: 180 continuous, 27358 integer (27358 binary)
Root relaxation presolved: 27538 rows, 126358 columns, 390002 nonzeros


Root simplex log...

Iteration    Objective       Primal Inf.    Dual Inf.      Time
    4683    7.4398532e+10   8.906810e+08   0.000000e+00      5s
   13104    1.0247864e+11   7.795863e+09   0.000000e+00     10s
   15509    1.0252169e+11   0.000000e+00   0.000000e+00     13s
   15509    1.0252169e+11   0.000000e+00   0.000000e+00     13s

Root relaxation: objective 1.025217e+11, 15509 iterations, 9.47 seconds (7.90 work units)
Total elapsed time = 15.80s (DegenMoves)

    Nodes    |    Current Node    |     Objective Bounds      |     Work
 Expl Unexpl |  Obj  Depth IntInf | Incumbent    BestBd   Gap | It/Node Time

     0     0 1.0252e+11    0  937   -0.00000 1.0252e+11      -     -   19s
H    0     0                    3.111600e+09 1.0252e+11  3195%     -   20s
H    0     0                    2.645400e+10 1.0252e+11   288%     -   20s
H    0     0                    2.700480e+10 1.0252e+11   280%     -   20s
H    0     0                    2.786880e+10 1.0252e+11   268%     -   20s
H    0     0                    2.898480e+10 1.0252e+11   254%     -   20s
H    0     0                    2.901600e+10 1.0252e+11   253%     -   20s
     0     0 1.0232e+11    0 1085 2.9016e+10 1.0232e+11   253%     -   36s
     0     0 1.0129e+11    0 1029 2.9016e+10 1.0129e+11   249%     -   41s
     0     0 1.0129e+11    0 1096 2.9016e+10 1.0129e+11   249%     -   49s
     0     0 1.0129e+11    0 1009 2.9016e+10 1.0129e+11   249%     -   51s
     0     0 1.0129e+11    0 1077 2.9016e+10 1.0129e+11   249%     -   57s
H    0     0                    3.166680e+10 1.0129e+11   220%     -   58s
H    0     0                    3.541080e+10 1.0129e+11   186%     -   58s
     0     0 1.0129e+11    0 1037 3.5411e+10 1.0129e+11   186%     -   60s
     0     0 1.0129e+11    0  953 3.5411e+10 1.0129e+11   186%     -   73s
H    0     0                    6.749280e+10 1.0129e+11  50.1%     -   76s
     0     0 1.0129e+11    0  935 6.7493e+10 1.0129e+11  50.1%     -   77s
     0     0 1.0129e+11    0 1033 6.7493e+10 1.0129e+11  50.1%     -   82s
H    0     0                    6.847440e+10 1.0129e+11  47.9%     -   83s
H    0     0                    6.974280e+10 1.0129e+11  45.2%     -   83s
     0     0 1.0129e+11    0  995 6.9743e+10 1.0129e+11  45.2%     -   84s
     0     0 1.0129e+11    0 1059 6.9743e+10 1.0129e+11  45.2%     -   88s
     0     0 1.0129e+11    0  961 6.9743e+10 1.0129e+11  45.2%     -   91s
     0     0 1.0129e+11    0  969 6.9743e+10 1.0129e+11  45.2%     -   91s
     0     0 1.0129e+11    0 1061 6.9743e+10 1.0129e+11  45.2%     -   96s
H    0     0                    7.091280e+10 1.0129e+11  42.8%     -   97s
     0     0 1.0129e+11    0 1039 7.0913e+10 1.0129e+11  42.8%     -   99s
     0     0 1.0129e+11    0 1029 7.0913e+10 1.0129e+11  42.8%     -  100s
     0     0 1.0129e+11    0 1024 7.0913e+10 1.0129e+11  42.8%     -  104s
     0     0 1.0129e+11    0 1005 7.0913e+10 1.0129e+11  42.8%     -  107s
     0     0 1.0129e+11    0  979 7.0913e+10 1.0129e+11  42.8%     -  108s
     0     0 1.0129e+11    0 1111 7.0913e+10 1.0129e+11  42.8%     -  114s
H    0     0                    7.218120e+10 1.0129e+11  40.3%     -  115s
     0     0 1.0129e+11    0 1069 7.2181e+10 1.0129e+11  40.3%     -  116s
     0     0 1.0129e+11    0 1086 7.2181e+10 1.0129e+11  40.3%     -  121s
     0     0 1.0129e+11    0 1061 7.2181e+10 1.0129e+11  40.3%     -  132s
     0     0 1.0129e+11    0 1085 7.2181e+10 1.0129e+11  40.3%     -  138s
     0     0 1.0129e+11    0 1091 7.2181e+10 1.0129e+11  40.3%     -  141s
     0     0 1.0129e+11    0 1024 7.2181e+10 1.0129e+11  40.3%     -  144s
     0     0 1.0129e+11    0  947 7.2181e+10 1.0129e+11  40.3%     -  147s
     0     0 1.0129e+11    0 1031 7.2181e+10 1.0129e+11  40.3%     -  151s
     0     0 1.0129e+11    0  889 7.2181e+10 1.0129e+11  40.3%     -  154s
     0     2 1.0126e+11    0  871 7.2181e+10 1.0126e+11  40.3%     -  181s
     8    10 1.0126e+11    6  601 7.2181e+10 1.0126e+11  40.3%   878  185s
    27    29 1.0116e+11   15  480 7.2181e+10 1.0126e+11  40.3%   416  193s
    36    38 1.0112e+11   20  519 7.2181e+10 1.0126e+11  40.3%   371  195s
    54    56 1.0116e+11   30  486 7.2181e+10 1.0126e+11  40.3%   317  221s
    79    81 1.0110e+11   49  434 7.2181e+10 1.0126e+11  40.3%   274  225s
   125   127 9.8647e+10   80  477 7.2181e+10 1.0126e+11  40.3%   207  230s
   172   172 9.8257e+10  110  370 7.2181e+10 1.0126e+11  40.3%   176  235s
   234   228 9.7262e+10  145  349 7.2181e+10 1.0126e+11  40.3%   139  240s
   290   275 9.6362e+10  177  323 7.2181e+10 1.0126e+11  40.3%   124  245s
   347   326 9.6362e+10  209  283 7.2181e+10 1.0126e+11  40.3%   113  250s
   390   350 9.6362e+10  236  337 7.2181e+10 1.0126e+11  40.3%   117  255s
   427   374 9.6362e+10  259  304 7.2181e+10 1.0126e+11  40.3%   118  260s
   462   395 9.6362e+10  277  303 7.2181e+10 1.0126e+11  40.3%   124  265s
   520   402 9.6362e+10  309  315 7.2181e+10 1.0126e+11  40.3%   119  270s
   554   414 1.0115e+11   22  604 7.2181e+10 1.0126e+11  40.3%   124  275s
   599   458 1.0123e+11   13  889 7.2181e+10 1.0126e+11  40.3%   119  309s
H  600   436                    7.245120e+10 1.0126e+11  39.8%   119  349s
   602   437 9.8647e+10   74 1276 7.2451e+10 1.0126e+11  39.8%   118  364s
   603   438 9.6362e+10  193 1077 7.2451e+10 1.0126e+11  39.8%   118  378s
   604   438 1.0103e+11   14  971 7.2451e+10 1.0126e+11  39.8%   118  384s
   605   439 9.6362e+10  248  893 7.2451e+10 1.0126e+11  39.8%   118  387s
H  605   416                    7.902120e+10 1.0126e+11  28.1%   118  397s
H  607   396                    8.136120e+10 1.0126e+11  24.5%   117  401s
   610   398 9.6362e+10  191  945 8.1361e+10 1.0126e+11  24.5%   117  414s
   611   399 1.0126e+11   11  900 8.1361e+10 1.0126e+11  24.5%   117  416s
H  611   379                    8.253120e+10 1.0126e+11  22.7%   117  446s
   614   381 9.8257e+10  103  860 8.2531e+10 1.0126e+11  22.7%   116  455s
   615   382 9.7508e+10  129  860 8.2531e+10 1.0126e+11  22.7%   116  466s
   616   382 9.6362e+10  200  860 8.2531e+10 1.0126e+11  22.7%   116  497s
   617   385 1.0126e+11   14 1032 8.2531e+10 1.0126e+11  22.7%   404  511s
   619   386 1.0126e+11   15  942 8.2531e+10 1.0126e+11  22.7%   409  516s
   621   388 1.0126e+11   17  961 8.2531e+10 1.0126e+11  22.7%   411  520s
   626   391 1.0126e+11   21  918 8.2531e+10 1.0126e+11  22.7%   414  526s
   630   394 1.0126e+11   23  836 8.2531e+10 1.0126e+11  22.7%   419  530s
   641   401 1.0126e+11   31  745 8.2531e+10 1.0126e+11  22.7%   421  535s
   643   402 1.0126e+11   33  747 8.2531e+10 1.0126e+11  22.7%   420  555s
   655   410 1.0126e+11   41  669 8.2531e+10 1.0126e+11  22.7%   417  560s
   669   420 1.0116e+11   50  750 8.2531e+10 1.0126e+11  22.7%   416  565s
   675   424 1.0115e+11   53  794 8.2531e+10 1.0126e+11  22.7%   421  570s
   689   433 1.0110e+11   60  632 8.2531e+10 1.0126e+11  22.7%   417  575s
   707   445 1.0115e+11   70  631 8.2531e+10 1.0126e+11  22.7%   412  580s
   729   460 1.0114e+11   81  601 8.2531e+10 1.0126e+11  22.7%   402  585s
   753   476 1.0114e+11   93  602 8.2531e+10 1.0126e+11  22.7%   393  590s
   774   490 1.0114e+11  104  565 8.2531e+10 1.0126e+11  22.7%   388  595s
   788   499 1.0114e+11  111  661 8.2531e+10 1.0126e+11  22.7%   387  600s
   795   504 1.0114e+11  115  623 8.2531e+10 1.0126e+11  22.7%   387  605s
   802   508 1.0114e+11  119  644 8.2531e+10 1.0126e+11  22.7%   388  610s
   808   512 1.0114e+11  122  598 8.2531e+10 1.0126e+11  22.7%   390  615s
   816   518 1.0114e+11  126  665 8.2531e+10 1.0126e+11  22.7%   391  620s
   825   524 9.8327e+10  130  482 8.2531e+10 1.0126e+11  22.7%   392  625s
   847   538 9.8327e+10  143  487 8.2531e+10 1.0126e+11  22.7%   384  630s
   873   556 9.8291e+10  159  436 8.2531e+10 1.0126e+11  22.7%   374  635s
   906   578 9.8033e+10  178  400 8.2531e+10 1.0126e+11  22.7%   361  640s
   938   595 9.7565e+10  195  382 8.2531e+10 1.0126e+11  22.7%   351  645s
   970   614 9.7565e+10  211  293 8.2531e+10 1.0126e+11  22.7%   341  650s
  1001   629 9.7565e+10  227  325 8.2531e+10 1.0126e+11  22.7%   333  655s
  1034   639 9.7565e+10  244  290 8.2531e+10 1.0126e+11  22.7%   325  660s
  1063   650 9.7565e+10  258  314 8.2531e+10 1.0126e+11  22.7%   320  665s
  1099   654 9.7565e+10  275  265 8.2531e+10 1.0126e+11  22.7%   311  670s
  1135   659 9.7565e+10  292  263 8.2531e+10 1.0126e+11  22.7%   303  675s
  1155   667 9.7565e+10  302  264 8.2531e+10 1.0126e+11  22.7%   303  680s
  1180   671 9.7565e+10  314  270 8.2531e+10 1.0126e+11  22.7%   299  685s
  1211   669 9.7565e+10  330  154 8.2531e+10 1.0126e+11  22.7%   291  690s
  1231   674 9.7565e+10  342  196 8.2531e+10 1.0126e+11  22.7%   287  695s
  1256   680 9.7565e+10  355  138 8.2531e+10 1.0126e+11  22.7%   282  700s
  1288   671 9.7565e+10  369  126 8.2531e+10 1.0126e+11  22.7%   276  705s
  1301   665 1.0126e+11   18  839 8.2531e+10 1.0126e+11  22.7%   276  710s
  1307   669 1.0126e+11   21  635 8.2531e+10 1.0126e+11  22.7%   278  715s
  1317   676 1.0102e+11   26  668 8.2531e+10 1.0126e+11  22.7%   278  720s
  1328   683 1.0114e+11   32  622 8.2531e+10 1.0126e+11  22.7%   278  725s
  1348   696 1.0115e+11   51  558 8.2531e+10 1.0126e+11  22.7%   274  730s
  1365   708 1.0107e+11   61  579 8.2531e+10 1.0126e+11  22.7%   272  735s
  1377   716 1.0114e+11   69  567 8.2531e+10 1.0126e+11  22.7%   274  740s
  1393   726 1.0114e+11   79  499 8.2531e+10 1.0126e+11  22.7%   272  745s
  1407   736 1.0114e+11   88  492 8.2531e+10 1.0126e+11  22.7%   272  750s
  1417   742 9.8809e+10   93  734 8.2531e+10 1.0126e+11  22.7%   274  755s
  1428   750 1.0114e+11  100  556 8.2531e+10 1.0126e+11  22.7%   275  760s
  1442   757 1.0114e+11  107  501 8.2531e+10 1.0126e+11  22.7%   274  765s
  1455   766 1.0109e+11  113  466 8.2531e+10 1.0126e+11  22.7%   274  770s
  1467   774 9.8809e+10  119  476 8.2531e+10 1.0126e+11  22.7%   274  775s
  1477   780 9.8809e+10  124  464 8.2531e+10 1.0126e+11  22.7%   274  784s
  1479   782 1.0114e+11  125  527 8.2531e+10 1.0126e+11  22.7%   274  785s
  1494   790 9.8809e+10  134  438 8.2531e+10 1.0126e+11  22.7%   273  790s
  1511   801 1.0114e+11  143  465 8.2531e+10 1.0126e+11  22.7%   271  795s
  1529   813 9.8809e+10  152  486 8.2531e+10 1.0126e+11  22.7%   270  800s
  1545   824 1.0114e+11  160  465 8.2531e+10 1.0126e+11  22.7%   270  805s
  1559   833 1.0114e+11  169  491 8.2531e+10 1.0126e+11  22.7%   270  810s
  1572   842 1.0114e+11  177  419 8.2531e+10 1.0126e+11  22.7%   269  815s
  1589   853 1.0113e+11  187  437 8.2531e+10 1.0126e+11  22.7%   266  820s
  1610   867 1.0113e+11  200  439 8.2531e+10 1.0126e+11  22.7%   263  825s
  1611   868 1.0078e+11  200  450 8.2531e+10 1.0126e+11  22.7%   263  831s
  1625   877 1.0108e+11  207  441 8.2531e+10 1.0126e+11  22.7%   262  835s
  1643   877 infeasible  213      8.2531e+10 1.0126e+11  22.7%   263  840s
  1652   881 9.6640e+10  215  412 8.2531e+10 1.0126e+11  22.7%   264  845s
  1663   888 9.6640e+10  221  468 8.2531e+10 1.0126e+11  22.7%   266  850s
  1681   900 9.6640e+10  232  383 8.2531e+10 1.0126e+11  22.7%   265  855s
  1706   917 9.6640e+10  244  351 8.2531e+10 1.0126e+11  22.7%   263  860s
  1725   930 9.6640e+10  254  397 8.2531e+10 1.0126e+11  22.7%   262  865s
  1741   934 9.6640e+10  262  418 8.2531e+10 1.0126e+11  22.7%   262  870s
  1750   928 1.0126e+11   19  861 8.2531e+10 1.0126e+11  22.7%   263  875s
  1754   931 1.0126e+11   22  798 8.2531e+10 1.0126e+11  22.7%   264  880s
  1759   934 1.0116e+11   26  788 8.2531e+10 1.0126e+11  22.7%   266  885s
  1768   942 1.0115e+11   32  728 8.2531e+10 1.0126e+11  22.7%   266  890s
  1778   952 1.0115e+11   38  724 8.2531e+10 1.0126e+11  22.7%   265  895s
  1790   964 1.0115e+11   50  649 8.2531e+10 1.0126e+11  22.7%   264  900s
  1802   976 1.0115e+11   59  678 8.2531e+10 1.0126e+11  22.7%   263  905s
  1813   987 1.0115e+11   70  713 8.2531e+10 1.0126e+11  22.7%   261  910s
  1824   998 1.0115e+11   76  725 8.2531e+10 1.0126e+11  22.7%   261  915s
  1837  1011 1.0115e+11   84  738 8.2531e+10 1.0126e+11  22.7%   260  920s
  1850  1024 1.0115e+11   94  794 8.2531e+10 1.0126e+11  22.7%   260  925s
H 1865  1037                    8.280120e+10 1.0126e+11  22.3%   259  930s
  1879  1053 1.0103e+11  119  765 8.2801e+10 1.0126e+11  22.3%   257  935s
  1896  1070 1.0089e+11  127  660 8.2801e+10 1.0126e+11  22.3%   257  940s
  1918  1092 1.0102e+11  141  608 8.2801e+10 1.0126e+11  22.3%   255  945s
  1936  1110 1.0102e+11  152  619 8.2801e+10 1.0126e+11  22.3%   254  950s
  1949  1121 1.0102e+11  159  602 8.2801e+10 1.0126e+11  22.3%   253  955s
  1961  1133 1.0102e+11  167  618 8.2801e+10 1.0126e+11  22.3%   254  960s
  1974  1146 1.0043e+11  174  572 8.2801e+10 1.0126e+11  22.3%   255  965s
  1988  1160 1.0102e+11  182  633 8.2801e+10 1.0126e+11  22.3%   255  970s
  1998  1170 1.0102e+11  188  665 8.2801e+10 1.0126e+11  22.3%   257  975s
  2011  1183 1.0043e+11  195  610 8.2801e+10 1.0126e+11  22.3%   258  980s
  2021  1193 1.0097e+11  202  834 8.2801e+10 1.0126e+11  22.3%   259  985s
  2033  1205 1.0085e+11  209  650 8.2801e+10 1.0126e+11  22.3%   259  990s
  2044  1216 1.0085e+11  217  587 8.2801e+10 1.0126e+11  22.3%   259 1026s
  2045  1217 1.0085e+11  218  580 8.2801e+10 1.0126e+11  22.3%   259 1060s
  2060  1232 1.0084e+11  229  578 8.2801e+10 1.0126e+11  22.3%   257 1065s
  2075  1243 1.0037e+11  237  483 8.2801e+10 1.0126e+11  22.3%   256 1070s
  2099  1267 1.0002e+11  252  613 8.2801e+10 1.0126e+11  22.3%   255 1075s
  2129  1295 1.0002e+11  269  470 8.2801e+10 1.0126e+11  22.3%   254 1080s
  2159  1321 9.9594e+10  285  617 8.2801e+10 1.0126e+11  22.3%   254 1085s
  2181  1341 9.9594e+10  296  509 8.2801e+10 1.0126e+11  22.3%   254 1090s
  2199  1357 9.9594e+10  307  385 8.2801e+10 1.0126e+11  22.3%   254 1095s
  2214  1372 9.9594e+10  314  382 8.2801e+10 1.0126e+11  22.3%   254 1100s
  2241  1397 9.9594e+10  329  537 8.2801e+10 1.0126e+11  22.3%   255 1105s
  2250  1406 9.9594e+10  333  382 8.2801e+10 1.0126e+11  22.3%   256 1110s
  2259  1415 9.9594e+10  338  381 8.2801e+10 1.0126e+11  22.3%   258 1115s
  2274  1428 9.9594e+10  345  370 8.2801e+10 1.0126e+11  22.3%   258 1120s
  2294  1448 9.9594e+10  356  421 8.2801e+10 1.0126e+11  22.3%   258 1125s
  2307  1459 9.9594e+10  362  507 8.2801e+10 1.0126e+11  22.3%   258 1130s
  2325  1472 infeasible  372      8.2801e+10 1.0126e+11  22.3%   258 1135s
  2336  1469 1.0126e+11   22  894 8.2801e+10 1.0126e+11  22.3%   258 1140s
  2343  1476 1.0103e+11   27  885 8.2801e+10 1.0126e+11  22.3%   259 1145s
  2350  1483 1.0115e+11   31  828 8.2801e+10 1.0126e+11  22.3%   260 1150s
  2362  1495 1.0115e+11   38  620 8.2801e+10 1.0126e+11  22.3%   261 1155s
  2380  1513 1.0114e+11   52  617 8.2801e+10 1.0126e+11  22.3%   259 1160s
  2399  1532 1.0113e+11   62  630 8.2801e+10 1.0126e+11  22.3%   258 1165s
  2421  1554 9.8809e+10   73  603 8.2801e+10 1.0126e+11  22.3%   257 1170s
  2442  1575 9.8809e+10   84  870 8.2801e+10 1.0126e+11  22.3%   257 1175s
  2464  1597 1.0114e+11   97  638 8.2801e+10 1.0126e+11  22.3%   256 1180s
  2491  1624 9.8809e+10  110  571 8.2801e+10 1.0126e+11  22.3%   255 1185s
  2508  1641 9.8809e+10  119  949 8.2801e+10 1.0126e+11  22.3%   255 1190s
  2530  1663 1.0114e+11  131  591 8.2801e+10 1.0126e+11  22.3%   254 1195s
  2549  1682 9.8809e+10  140  649 8.2801e+10 1.0126e+11  22.3%   255 1200s
  2568  1700 1.0114e+11  151  627 8.2801e+10 1.0126e+11  22.3%   255 1205s
  2590  1719 1.0108e+11  167  635 8.2801e+10 1.0126e+11  22.3%   254 1210s
  2622  1751 1.0073e+11  187  668 8.2801e+10 1.0126e+11  22.3%   252 1215s
  2639  1768 1.0073e+11  197  533 8.2801e+10 1.0126e+11  22.3%   251 1220s
  2660  1789 1.0065e+11  208  573 8.2801e+10 1.0126e+11  22.3%   251 1225s
  2680  1809 1.0065e+11  218  671 8.2801e+10 1.0126e+11  22.3%   250 1230s
  2706  1835 1.0025e+11  231  465 8.2801e+10 1.0126e+11  22.3%   250 1235s
  2726  1852 1.0065e+11  241  549 8.2801e+10 1.0126e+11  22.3%   250 1240s
  2737  1863 1.0065e+11  249  560 8.2801e+10 1.0126e+11  22.3%   252 1245s
  2751  1877 1.0065e+11  259  535 8.2801e+10 1.0126e+11  22.3%   253 1250s
  2770  1896 1.0065e+11  270  529 8.2801e+10 1.0126e+11  22.3%   253 1255s
  2787  1913 1.0065e+11  282  626 8.2801e+10 1.0126e+11  22.3%   255 1260s
  2807  1915 1.0126e+11   20  984 8.2801e+10 1.0126e+11  22.3%   256 1266s
  2810  1918 1.0126e+11   23  849 8.2801e+10 1.0126e+11  22.3%   257 1270s
  2817  1925 1.0103e+11   28  798 8.2801e+10 1.0126e+11  22.3%   259 1275s
  2830  1938 1.0114e+11   35  695 8.2801e+10 1.0126e+11  22.3%   259 1280s
  2847  1955 1.0114e+11   48  620 8.2801e+10 1.0126e+11  22.3%   259 1285s
  2865  1973 1.0114e+11   65  626 8.2801e+10 1.0126e+11  22.3%   257 1294s
  2867  1975 1.0114e+11   67  615 8.2801e+10 1.0126e+11  22.3%   257 1295s
  2885  1993 1.0114e+11   80  577 8.2801e+10 1.0126e+11  22.3%   257 1300s
  2906  2014 1.0114e+11   97  590 8.2801e+10 1.0126e+11  22.3%   256 1305s
  2929  2036 1.0114e+11  112  585 8.2801e+10 1.0126e+11  22.3%   254 1310s
  2948  2054 1.0114e+11  122  510 8.2801e+10 1.0126e+11  22.3%   253 1315s
  2958  2064 1.0114e+11  129  518 8.2801e+10 1.0126e+11  22.3%   252 1363s
  2961  2067 1.0114e+11  130  518 8.2801e+10 1.0126e+11  22.3%   252 1365s
  2967  2073 1.0114e+11  133  563 8.2801e+10 1.0126e+11  22.3%   252 1370s
  2974  2080 1.0114e+11  137  536 8.2801e+10 1.0126e+11  22.3%   251 1375s
  3000  2106 1.0078e+11  150  527 8.2801e+10 1.0126e+11  22.3%   250 1380s
  3023  2126 1.0113e+11  166  587 8.2801e+10 1.0126e+11  22.3%   249 1385s
  3051  2138 1.0126e+11   20  990 8.2801e+10 1.0126e+11  22.3%   248 1391s
  3058  2145 1.0126e+11   27  835 8.2801e+10 1.0126e+11  22.3%   248 1395s
  3066  2153 1.0066e+11   32  920 8.2801e+10 1.0126e+11  22.3%   252 1401s
  3070  2157 1.0066e+11   34  910 8.2801e+10 1.0126e+11  22.3%   255 1406s
  3074  2161 1.0066e+11   36  986 8.2801e+10 1.0126e+11  22.3%   259 1411s
  3078  2165 1.0066e+11   39  852 8.2801e+10 1.0126e+11  22.3%   262 1416s
  3082  2169 1.0066e+11   42  676 8.2801e+10 1.0126e+11  22.3%   264 1420s
  3091  2178 1.0066e+11   50  777 8.2801e+10 1.0126e+11  22.3%   265 1425s
  3101  2188 1.0066e+11   58  827 8.2801e+10 1.0126e+11  22.3%   267 1430s
  3109  2196 9.8839e+10   65  880 8.2801e+10 1.0126e+11  22.3%   269 1435s
  3125  2212 9.8839e+10   78  642 8.2801e+10 1.0126e+11  22.3%   269 1440s
  3144  2230 9.8839e+10   90  485 8.2801e+10 1.0126e+11  22.3%   267 1445s
  3166  2251 9.8839e+10  107  546 8.2801e+10 1.0126e+11  22.3%   266 1450s
  3174  2259 9.8587e+10  112  579 8.2801e+10 1.0126e+11  22.3%   268 1455s
  3182  2267 9.8587e+10  117  495 8.2801e+10 1.0126e+11  22.3%   269 1460s
  3194  2277 9.7687e+10  125  544 8.2801e+10 1.0126e+11  22.3%   271 1465s
  3208  2291 9.7687e+10  136  624 8.2801e+10 1.0126e+11  22.3%   273 1471s
  3216  2299 9.7687e+10  141  445 8.2801e+10 1.0126e+11  22.3%   273 1475s
  3225  2308 9.7687e+10  146  641 8.2801e+10 1.0126e+11  22.3%   276 1480s
  3236  2317 9.7687e+10  153  526 8.2801e+10 1.0126e+11  22.3%   277 1485s
  3264  2345 9.7687e+10  172  461 8.2801e+10 1.0126e+11  22.3%   276 1490s
  3281  2359 9.7687e+10  184  422 8.2801e+10 1.0126e+11  22.3%   277 1496s
  3288  2364 9.7687e+10  188  353 8.2801e+10 1.0126e+11  22.3%   278 1500s
  3308  2377 9.6787e+10  200  343 8.2801e+10 1.0126e+11  22.3%   278 1505s
  3332  2399 9.6787e+10  211  336 8.2801e+10 1.0126e+11  22.3%   278 1510s
  3351  2398 1.0126e+11   29  730 8.2801e+10 1.0126e+11  22.3%   278 1515s
  3368  2415 1.0115e+11   40  629 8.2801e+10 1.0126e+11  22.3%   278 1520s
  3387  2434 1.0113e+11   50  590 8.2801e+10 1.0126e+11  22.3%   278 1525s
  3420  2467 1.0113e+11   83  756 8.2801e+10 1.0126e+11  22.3%   276 1530s
  3435  2481 1.0113e+11   97  603 8.2801e+10 1.0126e+11  22.3%   275 1535s
  3458  2504 1.0113e+11  113  682 8.2801e+10 1.0126e+11  22.3%   274 1540s
  3481  2527 1.0113e+11  128  533 8.2801e+10 1.0126e+11  22.3%   273 1545s
  3500  2546 1.0108e+11  141  640 8.2801e+10 1.0126e+11  22.3%   273 1550s
  3516  2562 1.0108e+11  152  625 8.2801e+10 1.0126e+11  22.3%   272 1555s
  3539  2585 1.0107e+11  167  603 8.2801e+10 1.0126e+11  22.3%   272 1560s
  3572  2618 1.0101e+11  185  594 8.2801e+10 1.0126e+11  22.3%   270 1565s
  3606  2651 1.0087e+11  207  517 8.2801e+10 1.0126e+11  22.3%   268 1570s
  3617  2661 9.9961e+10  213  462 8.2801e+10 1.0126e+11  22.3%   269 1576s
  3624  2668 9.7936e+10  217  436 8.2801e+10 1.0126e+11  22.3%   269 1580s
  3650  2692 9.7486e+10  235  409 8.2801e+10 1.0126e+11  22.3%   268 1585s
  3680  2720 9.6648e+10  255  425 8.2801e+10 1.0126e+11  22.3%   267 1590s
  3717  2757 9.6384e+10  277  377 8.2801e+10 1.0126e+11  22.3%   266 1595s
  3758  2797 9.6384e+10  299  316 8.2801e+10 1.0126e+11  22.3%   264 1600s
  3811  2847 9.6384e+10  327  281 8.2801e+10 1.0126e+11  22.3%   261 1605s
  3865  2882 9.6384e+10  356  246 8.2801e+10 1.0126e+11  22.3%   258 1610s
  3920  2896 9.6384e+10  385  231 8.2801e+10 1.0126e+11  22.3%   255 1615s
  3969  2917 infeasible  410      8.2801e+10 1.0126e+11  22.3%   252 1620s
  4017  2931 infeasible  433      8.2801e+10 1.0126e+11  22.3%   249 1625s
  4048  2940 9.6384e+10  452  157 8.2801e+10 1.0126e+11  22.3%   248 1630s
  4075  2945 1.0126e+11   29  798 8.2801e+10 1.0126e+11  22.3%   247 1635s
  4087  2957 1.0115e+11   37  709 8.2801e+10 1.0126e+11  22.3%   248 1640s
  4106  2976 1.0113e+11   48  702 8.2801e+10 1.0126e+11  22.3%   248 1645s
  4127  2997 1.0112e+11   63  630 8.2801e+10 1.0126e+11  22.3%   247 1650s
  4170  3040 1.0107e+11  101  807 8.2801e+10 1.0126e+11  22.3%   245 1655s
  4192  3062 1.0090e+11  118  592 8.2801e+10 1.0126e+11  22.3%   245 1660s
  4203  3073 1.0081e+11  126  733 8.2801e+10 1.0126e+11  22.3%   248 1666s
  4221  3091 1.0065e+11  142  518 8.2801e+10 1.0126e+11  22.3%   249 1670s
  4266  3136 1.0090e+11  167  435 8.2801e+10 1.0126e+11  22.3%   247 1675s
  4295  3165 1.0090e+11  184  471 8.2801e+10 1.0126e+11  22.3%   247 1680s
  4320  3190 1.0090e+11  199  461 8.2801e+10 1.0126e+11  22.3%   248 1685s
  4356  3226 1.0047e+11  219  403 8.2801e+10 1.0126e+11  22.3%   248 1690s
  4381  3251 1.0047e+11  235  393 8.2801e+10 1.0126e+11  22.3%   248 1695s
  4407  3277 9.7740e+10  253  351 8.2801e+10 1.0126e+11  22.3%   248 1700s
  4447  3313 9.6960e+10  281  266 8.2801e+10 1.0126e+11  22.3%   247 1705s
  4490  3350 9.6960e+10  305  284 8.2801e+10 1.0126e+11  22.3%   245 1710s
  4529  3373 9.6960e+10  325  298 8.2801e+10 1.0126e+11  22.3%   244 1715s
  4561  3395 9.6960e+10  342  264 8.2801e+10 1.0126e+11  22.3%   244 1720s
  4585  3412 9.6960e+10  357  241 8.2801e+10 1.0126e+11  22.3%   244 1725s
  4600  3420 infeasible  366      8.2801e+10 1.0126e+11  22.3%   243 1730s
  4612  3418 1.0126e+11   29  731 8.2801e+10 1.0126e+11  22.3%   243 1735s
  4627  3433 1.0115e+11   37  603 8.2801e+10 1.0126e+11  22.3%   243 1740s
  4658  3464 1.0112e+11   57  566 8.2801e+10 1.0126e+11  22.3%   242 1745s
  4705  3511 1.0112e+11  104  637 8.2801e+10 1.0126e+11  22.3%   240 1750s
  4736  3542 1.0112e+11  135  576 8.2801e+10 1.0126e+11  22.3%   239 1755s
  4760  3566 1.0076e+11  149  552 8.2801e+10 1.0126e+11  22.3%   238 1760s
  4793  3599 1.0081e+11  166  539 8.2801e+10 1.0126e+11  22.3%   238 1765s
  4823  3629 1.0090e+11  187  487 8.2801e+10 1.0126e+11  22.3%   238 1770s
  4880  3684 1.0090e+11  242  420 8.2801e+10 1.0126e+11  22.3%   236 1775s
  4902  3702 infeasible  247      8.2801e+10 1.0126e+11  22.3%   237 1780s
  4921  3703 1.0116e+11   29  740 8.2801e+10 1.0126e+11  22.3%   237 1785s
  4936  3718 1.0115e+11   39  690 8.2801e+10 1.0126e+11  22.3%   237 1790s
  4975  3757 1.0114e+11   73  600 8.2801e+10 1.0126e+11  22.3%   236 1795s
  5002  3784 9.8809e+10   93  592 8.2801e+10 1.0126e+11  22.3%   235 1800s
  5034  3816 1.0063e+11  123  584 8.2801e+10 1.0126e+11  22.3%   234 1805s
  5084  3866 1.0046e+11  161  567 8.2801e+10 1.0126e+11  22.3%   232 1810s
  5101  3883 1.0048e+11  166  513 8.2801e+10 1.0126e+11  22.3%   232 1830s
  5145  3917 1.0005e+11  189  612 8.2801e+10 1.0126e+11  22.3%   231 1835s
  5177  3949 1.0005e+11  196  573 8.2801e+10 1.0126e+11  22.3%   231 1840s
  5218  3990 1.0005e+11  205  483 8.2801e+10 1.0126e+11  22.3%   231 1845s
  5238  4010 1.0005e+11  213  516 8.2801e+10 1.0126e+11  22.3%   231 1850s
  5263  4035 1.0005e+11  221  486 8.2801e+10 1.0126e+11  22.3%   231 1855s
  5315  4083 1.0005e+11  235  494 8.2801e+10 1.0126e+11  22.3%   229 1860s
  5335  4103 1.0005e+11  240  426 8.2801e+10 1.0126e+11  22.3%   229 1867s
  5355  4122 1.0005e+11  246  427 8.2801e+10 1.0126e+11  22.3%   228 1870s
  5392  4152 9.9374e+10  260  444 8.2801e+10 1.0126e+11  22.3%   228 1875s
  5430  4190 1.0005e+11  264  408 8.2801e+10 1.0126e+11  22.3%   226 1880s
  5466  4224 1.0005e+11  279  448 8.2801e+10 1.0126e+11  22.3%   225 1885s
  5505  4260 1.0005e+11  292  473 8.2801e+10 1.0126e+11  22.3%   224 1890s
  5526  4281 1.0005e+11  296  411 8.2801e+10 1.0126e+11  22.3%   224 1895s
  5565  4303 1.0126e+11   24  822 8.2801e+10 1.0126e+11  22.3%   223 1900s
  5587  4325 1.0115e+11   41  734 8.2801e+10 1.0126e+11  22.3%   223 1905s
  5626  4364 1.0115e+11   79  565 8.2801e+10 1.0126e+11  22.3%   222 1910s
  5647  4385 9.8809e+10   96  542 8.2801e+10 1.0126e+11  22.3%   221 1915s
  5655  4391 9.8809e+10  103  552 8.2801e+10 1.0126e+11  22.3%   221 1931s
  5675  4411 9.8809e+10  123  586 8.2801e+10 1.0126e+11  22.3%   221 1935s
  5722  4458 9.8689e+10  164  535 8.2801e+10 1.0126e+11  22.3%   220 1940s
  5757  4493 9.8548e+10  180  590 8.2801e+10 1.0126e+11  22.3%   219 1945s
  5787  4523 9.8548e+10  201  533 8.2801e+10 1.0126e+11  22.3%   219 1950s
  5815  4551 9.8515e+10  222  488 8.2801e+10 1.0126e+11  22.3%   219 1955s
  5855  4591 9.8047e+10  238  477 8.2801e+10 1.0126e+11  22.3%   218 1960s
  5902  4636 9.8047e+10  265  432 8.2801e+10 1.0126e+11  22.3%   217 1965s
  5955  4689 9.8047e+10  297  432 8.2801e+10 1.0126e+11  22.3%   216 1970s
  5986  4720 9.8047e+10  303  379 8.2801e+10 1.0126e+11  22.3%   216 1975s
  6001  4735 9.5707e+10  304  323 8.2801e+10 1.0126e+11  22.3%   216 1980s
  6047  4779 9.5707e+10  311  328 8.2801e+10 1.0126e+11  22.3%   215 1985s
  6115  4847 9.5707e+10  332  283 8.2801e+10 1.0126e+11  22.3%   213 1990s
  6171  4875 9.5707e+10  348  266 8.2801e+10 1.0126e+11  22.3%   212 1995s
  6210  4912 9.5707e+10  357  254 8.2801e+10 1.0126e+11  22.3%   211 2000s
  6252  4941 9.5707e+10  366  253 8.2801e+10 1.0126e+11  22.3%   210 2005s
  6301  4981 9.5707e+10  379  215 8.2801e+10 1.0126e+11  22.3%   209 2010s
  6319  4993 9.5707e+10  379  262 8.2801e+10 1.0126e+11  22.3%   209 2015s
  6353  5017 9.5707e+10  389  214 8.2801e+10 1.0126e+11  22.3%   208 2020s
  6374  5017 1.0125e+11   31  744 8.2801e+10 1.0126e+11  22.3%   208 2025s
  6393  5036 1.0115e+11   45  655 8.2801e+10 1.0126e+11  22.3%   208 2030s
  6432  5075 1.0113e+11   84  513 8.2801e+10 1.0126e+11  22.3%   207 2035s
  6473  5116 1.0107e+11  124  532 8.2801e+10 1.0126e+11  22.3%   206 2040s
  6521  5164 1.0085e+11  156  514 8.2801e+10 1.0126e+11  22.3%   205 2045s
  6552  5195 1.0085e+11  172  602 8.2801e+10 1.0126e+11  22.3%   205 2050s
  6585  5228 1.0085e+11  178  566 8.2801e+10 1.0126e+11  22.3%   206 2055s
  6607  5250 1.0085e+11  190  494 8.2801e+10 1.0126e+11  22.3%   206 2060s
  6633  5276 1.0053e+11  202  624 8.2801e+10 1.0126e+11  22.3%   207 2065s
  6644  5285 9.9677e+10  206  552 8.2801e+10 1.0126e+11  22.3%   207 2070s
  6690  5331 9.9677e+10  218  480 8.2801e+10 1.0126e+11  22.3%   207 2075s
  6726  5367 9.9677e+10  229  485 8.2801e+10 1.0126e+11  22.3%   206 2080s
  6748  5389 9.9677e+10  233  559 8.2801e+10 1.0126e+11  22.3%   207 2085s
  6755  5396 9.9677e+10  233  569 8.2801e+10 1.0126e+11  22.3%   207 2090s
  6772  5413 9.9677e+10  237  531 8.2801e+10 1.0126e+11  22.3%   208 2095s
  6787  5425 9.8777e+10  245  494 8.2801e+10 1.0126e+11  22.3%   208 2100s
  6818  5434 1.0126e+11   26  808 8.2801e+10 1.0126e+11  22.3%   209 2105s
  6834  5450 1.0102e+11   36  682 8.2801e+10 1.0126e+11  22.3%   209 2110s
  6857  5473 1.0114e+11   54  611 8.2801e+10 1.0126e+11  22.3%   209 2115s
  6894  5510 1.0114e+11   88  585 8.2801e+10 1.0126e+11  22.3%   208 2120s
  6924  5540 9.8809e+10  102  555 8.2801e+10 1.0126e+11  22.3%   208 2125s
  6965  5581 9.8689e+10  134  522 8.2801e+10 1.0126e+11  22.3%   207 2131s
  6982  5598 9.8689e+10  145  579 8.2801e+10 1.0126e+11  22.3%   208 2135s
  7002  5618 9.5827e+10  153  487 8.2801e+10 1.0126e+11  22.3%   208 2140s
  7015  5618 9.7372e+10  154  489 8.2801e+10 1.0126e+11  22.3%   209 2145s
  7042  5633 1.0126e+11   27  794 8.2801e+10 1.0126e+11  22.3%   209 2150s
  7070  5661 1.0114e+11   50  596 8.2801e+10 1.0126e+11  22.3%   208 2155s
  7104  5695 1.0112e+11   82  552 8.2801e+10 1.0126e+11  22.3%   207 2160s
  7137  5728 1.0064e+11  108  606 8.2801e+10 1.0126e+11  22.3%   208 2165s
  7155  5745 1.0064e+11  116  752 8.2801e+10 1.0126e+11  22.3%   210 2171s
  7176  5766 1.0035e+11  132  610 8.2801e+10 1.0126e+11  22.3%   209 2175s
  7207  5797 9.9642e+10  158  597 8.2801e+10 1.0126e+11  22.3%   209 2180s
  7261  5851 9.9102e+10  209  609 8.2801e+10 1.0126e+11  22.3%   208 2185s
  7286  5874 9.9102e+10  225  558 8.2801e+10 1.0126e+11  22.3%   208 2190s
  7335  5914 9.8742e+10  264  519 8.2801e+10 1.0126e+11  22.3%   207 2195s
  7369  5942 infeasible  279      8.2801e+10 1.0126e+11  22.3%   208 2200s
  7383  5936 1.0126e+11   29  796 8.2801e+10 1.0126e+11  22.3%   208 2205s
  7407  5960 1.0110e+11   47  627 8.2801e+10 1.0126e+11  22.3%   207 2210s
  7445  5998 1.0109e+11   75  571 8.2801e+10 1.0126e+11  22.3%   207 2215s
  7476  6029 9.8755e+10   93  515 8.2801e+10 1.0126e+11  22.3%   207 2220s
  7527  6080 9.8755e+10  127  519 8.2801e+10 1.0126e+11  22.3%   206 2225s
  7566  6119 9.8677e+10  143  528 8.2801e+10 1.0126e+11  22.3%   205 2230s
  7591  6144 9.8677e+10  167  512 8.2801e+10 1.0126e+11  22.3%   205 2235s
  7639  6192 9.8587e+10  212  672 8.2801e+10 1.0126e+11  22.3%   204 2240s
  7657  6210 9.5557e+10  220  456 8.2801e+10 1.0126e+11  22.3%   205 2245s
  7692  6245 9.5167e+10  234  430 8.2801e+10 1.0126e+11  22.3%   204 2250s
  7746  6296 9.5167e+10  257  391 8.2801e+10 1.0126e+11  22.3%   204 2255s
  7792  6342 9.5167e+10  267  364 8.2801e+10 1.0126e+11  22.3%   203 2260s
  7847  6397 9.5167e+10  277  363 8.2801e+10 1.0126e+11  22.3%   202 2265s
  7885  6431 9.5167e+10  285  334 8.2801e+10 1.0126e+11  22.3%   201 2270s
  7939  6478 9.5167e+10  298  325 8.2801e+10 1.0126e+11  22.3%   200 2275s
  7970  6509 9.5167e+10  301  317 8.2801e+10 1.0126e+11  22.3%   199 2300s
  8001  6537 9.5167e+10  309  315 8.2801e+10 1.0126e+11  22.3%   198 2305s
  8057  6585 9.5167e+10  321  309 8.2801e+10 1.0126e+11  22.3%   197 2310s
  8077  6583 1.0126e+11   35  696 8.2801e+10 1.0126e+11  22.3%   197 2315s
  8098  6604 1.0110e+11   46  621 8.2801e+10 1.0126e+11  22.3%   197 2320s
  8153  6659 1.0100e+11   95  508 8.2801e+10 1.0126e+11  22.3%   196 2325s
  8176  6681 1.0100e+11  114  510 8.2801e+10 1.0126e+11  22.3%   196 2330s
  8223  6724 1.0077e+11  139  501 8.2801e+10 1.0126e+11  22.3%   196 2335s
  8241  6742 1.0041e+11  149  577 8.2801e+10 1.0126e+11  22.3%   197 2340s
  8280  6779 9.9785e+10  170  551 8.2801e+10 1.0126e+11  22.3%   197 2345s
  8327  6823 9.8975e+10  210  514 8.2801e+10 1.0126e+11  22.3%   196 2350s
  8375  6869 9.8975e+10  228  484 8.2801e+10 1.0126e+11  22.3%   196 2355s
  8422  6916 9.8975e+10  244  482 8.2801e+10 1.0126e+11  22.3%   195 2360s
  8464  6958 9.8975e+10  251  482 8.2801e+10 1.0126e+11  22.3%   195 2365s
  8495  6957 1.0126e+11   37  600 8.2801e+10 1.0126e+11  22.3%   195 2370s
  8523  6985 1.0115e+11   60  497 8.2801e+10 1.0126e+11  22.3%   195 2375s
  8549  7009 1.0115e+11   80  508 8.2801e+10 1.0126e+11  22.3%   194 2380s
  8574  7033 1.0106e+11  102  501 8.2801e+10 1.0126e+11  22.3%   194 2385s
  8602  7060 1.0106e+11  128  399 8.2801e+10 1.0126e+11  22.3%   194 2390s
  8638  7096 1.0106e+11  160  407 8.2801e+10 1.0126e+11  22.3%   194 2395s
  8661  7116 1.0095e+11  180  330 8.2801e+10 1.0126e+11  22.3%   194 2400s
  8690  7145 1.0095e+11  202  342 8.2801e+10 1.0126e+11  22.3%   195 2405s
  8734  7189 1.0095e+11  239  414 8.2801e+10 1.0126e+11  22.3%   195 2410s
  8770  7225 1.0095e+11  271  410 8.2801e+10 1.0126e+11  22.3%   195 2415s
  8791  7246 1.0086e+11  283  451 8.2801e+10 1.0126e+11  22.3%   196 2420s
  8817  7272 1.0095e+11  302  309 8.2801e+10 1.0126e+11  22.3%   196 2425s
  8846  7301 1.0064e+11  319  335 8.2801e+10 1.0126e+11  22.3%   197 2430s
  8856  7311 1.0064e+11  328  300 8.2801e+10 1.0126e+11  22.3%   197 2540s
  8881  7336 1.0064e+11  347  361 8.2801e+10 1.0126e+11  22.3%   197 2545s
  8915  7370 1.0064e+11  374  276 8.2801e+10 1.0126e+11  22.3%   197 2550s
  8947  7402 1.0064e+11  403  266 8.2801e+10 1.0126e+11  22.3%   196 2555s
  8980  7435 1.0064e+11  431  286 8.2801e+10 1.0126e+11  22.3%   196 2560s
  9016  7471 1.0064e+11  465  243 8.2801e+10 1.0126e+11  22.3%   195 2565s
  9043  7498 1.0064e+11  487  265 8.2801e+10 1.0126e+11  22.3%   195 2570s
  9074  7529 1.0064e+11  517  209 8.2801e+10 1.0126e+11  22.3%   194 2575s
  9109  7564 1.0064e+11  550  214 8.2801e+10 1.0126e+11  22.3%   194 2580s
  9137  7591 1.0064e+11  568  153 8.2801e+10 1.0126e+11  22.3%   193 2585s
  9160  7610 9.7518e+10  578  100 8.2801e+10 1.0126e+11  22.3%   193 2590s
  9181  7624 9.7128e+10  586   94 8.2801e+10 1.0126e+11  22.3%   193 2595s
  9207  7641 9.7128e+10  604   62 8.2801e+10 1.0126e+11  22.3%   192 2600s
  9227  7641 1.0116e+11   33  560 8.2801e+10 1.0126e+11  22.3%   192 2605s
  9243  7657 1.0115e+11   47  516 8.2801e+10 1.0126e+11  22.3%   192 2610s
  9269  7683 1.0106e+11   73  527 8.2801e+10 1.0126e+11  22.3%   191 2615s
  9287  7701 1.0106e+11   88  560 8.2801e+10 1.0126e+11  22.3%   191 2620s
  9309  7723 9.8461e+10  107  516 8.2801e+10 1.0126e+11  22.3%   191 2625s
  9317  7731 9.8449e+10  109  485 8.2801e+10 1.0126e+11  22.3%   191 2630s
  9326  7740 9.8449e+10  118  466 8.2801e+10 1.0126e+11  22.3%   191 2635s
  9336  7746 infeasible  125      8.2801e+10 1.0126e+11  22.3%   191 2643s
  9342  7744 1.0126e+11   29  659 8.2801e+10 1.0126e+11  22.3%   191 2645s
  9355  7757 1.0116e+11   38  619 8.2801e+10 1.0126e+11  22.3%   191 2650s
  9381  7783 1.0109e+11   57  534 8.2801e+10 1.0126e+11  22.3%   191 2655s
  9425  7827 1.0108e+11   93  585 8.2801e+10 1.0126e+11  22.3%   190 2660s
  9459  7861 1.0108e+11  126  510 8.2801e+10 1.0126e+11  22.3%   190 2665s
  9498  7900 1.0057e+11  150  527 8.2801e+10 1.0126e+11  22.3%   189 2670s
  9537  7935 1.0057e+11  174  462 8.2801e+10 1.0126e+11  22.3%   189 2675s
  9556  7954 1.0049e+11  187  499 8.2801e+10 1.0126e+11  22.3%   189 2681s
  9565  7963 1.0049e+11  194  491 8.2801e+10 1.0126e+11  22.3%   190 2685s
  9578  7976 1.0049e+11  201  521 8.2801e+10 1.0126e+11  22.3%   190 2690s
  9590  7988 1.0049e+11  208  456 8.2801e+10 1.0126e+11  22.3%   191 2695s
  9627  8025 1.0049e+11  228  460 8.2801e+10 1.0126e+11  22.3%   191 2700s
  9652  8050 9.9318e+10  242  433 8.2801e+10 1.0126e+11  22.3%   192 2705s
  9696  8087 infeasible  278      8.2801e+10 1.0126e+11  22.3%   192 2710s
  9729  8112 9.8809e+10   55  594 8.2801e+10 1.0126e+11  22.3%   192 2715s
  9747  8130 1.0106e+11   67  666 8.2801e+10 1.0126e+11  22.3%   192 2720s
  9789  8172 1.0035e+11  109  566 8.2801e+10 1.0126e+11  22.3%   192 2725s
  9842  8221 1.0037e+11  157  524 8.2801e+10 1.0126e+11  22.3%   191 2730s
  9889  8268 9.9509e+10  202  564 8.2801e+10 1.0126e+11  22.3%   190 2735s
  9927  8306 9.9779e+10  238  518 8.2801e+10 1.0126e+11  22.3%   190 2740s
  9980  8359 9.9779e+10  291  455 8.2801e+10 1.0126e+11  22.3%   189 2745s
 10033  8412 9.9779e+10  341  404 8.2801e+10 1.0126e+11  22.3%   188 2750s
 10082  8459 9.9779e+10  375  393 8.2801e+10 1.0126e+11  22.3%   188 2755s
 10110  8473 1.0116e+11   39  562 8.2801e+10 1.0126e+11  22.3%   188 2760s
 10133  8496 1.0109e+11   62  645 8.2801e+10 1.0126e+11  22.3%   187 2765s
 10156  8519 1.0100e+11   85  509 8.2801e+10 1.0126e+11  22.3%   187 2770s
 10168  8531 9.7453e+10   97  491 8.2801e+10 1.0126e+11  22.3%   188 2775s
 10203  8563 1.0073e+11  190  889 8.2801e+10 1.0126e+11  22.3%   187 3305s
 10205  8564 1.0115e+11   34  393 8.2801e+10 1.0126e+11  22.3%   187 3365s
 10206  8565 9.9779e+10  325 1332 8.2801e+10 1.0126e+11  22.3%   187 3387s
 10207  8566 9.8975e+10  239 1695 8.2801e+10 1.0126e+11  22.3%   187 3427s
 10208  8566 1.0126e+11   37 1226 8.2801e+10 1.0126e+11  22.3%   187 3434s
 10209  8567 1.0065e+11  279 1212 8.2801e+10 1.0126e+11  22.3%   187 3454s
 10210  8568 1.0114e+11  135 1109 8.2801e+10 1.0126e+11  22.3%   187 3493s
 10211  8568 9.9779e+10  269 1019 8.2801e+10 1.0126e+11  22.3%   187 3500s
 10212  8569 1.0049e+11  180  929 8.2801e+10 1.0126e+11  22.3%   187 3534s
 10213  8570 1.0081e+11  231  813 8.2801e+10 1.0126e+11  22.3%   187 3552s
 10214  8570 9.9785e+10  187  752 8.2801e+10 1.0126e+11  22.3%   187 3589s

Cutting planes:
  Gomory: 12
  Implied bound: 7
  Clique: 1
  MIR: 30
  StrongCG: 13
  Flow cover: 52
  GUB cover: 7
  Zero half: 169
  RLT: 33

Explored 10214 nodes (2155587 simplex iterations) in 3592.42 seconds (2568.73 work units)
Thread count was 1 (of 28 available processors)

Solution count 10: 8.28012e+10 8.25312e+10 8.13612e+10 ... 6.74928e+10

Time limit reached
Best objective 8.280120000000e+10, best bound 1.012572000000e+11, gap 22.2895%

User-callback calls 545007, time in user-callback 0.60 sec