Gurobi Optimizer version 12.0.3 build v12.0.3rc0 (linux64 - "Oracle Linux Server 9.4")

CPU model: Intel(R) Xeon(R) CPU E5-2660 v4 @ 2.00GHz, instruction set [SSE2|AVX|AVX2]
Thread count: 28 physical cores, 28 logical processors, using up to 1 threads

Non-default parameters:
TimeLimit  3597.124235141
SoftMemLimit  16
NumericFocus  1
Threads  1

Academic license 2690100 - for non-commercial use only - registered to ju___@uclm.es
Optimize a model with 22011 rows, 5300 columns and 77832 nonzeros
Model fingerprint: 0x0b0da839
Variable types: 80 continuous, 5220 integer (5220 binary)
Coefficient statistics:
  Matrix range     [1e+00, 2e+13]
  Objective range  [2e+08, 6e+09]
  Bounds range     [1e+03, 1e+04]
  RHS range        [1e+00, 2e+14]
Warning: Model contains large matrix coefficient range
Warning: Model contains large objective coefficients
Warning: Model contains large rhs
Found heuristic solution: objective -0.0000000
Presolve removed 4070 rows and 60 columns
Presolve time: 0.54s
Presolved: 17941 rows, 5240 columns, 62589 nonzeros
Variable types: 80 continuous, 5160 integer (5160 binary)

Root relaxation: objective 9.392686e+10, 2928 iterations, 0.47 seconds (0.33 work units)

    Nodes    |    Current Node    |     Objective Bounds      |     Work
 Expl Unexpl |  Obj  Depth IntInf | Incumbent    BestBd   Gap | It/Node Time

     0     0 9.3927e+10    0  213   -0.00000 9.3927e+10      -     -    2s
H    0     0                    6.501600e+10 9.3927e+10  44.5%     -    2s
H    0     0                    6.724800e+10 9.3927e+10  39.7%     -    2s
H    0     0                    6.836400e+10 9.3927e+10  37.4%     -    2s
     0     0 9.3925e+10    0  344 6.8364e+10 9.3925e+10  37.4%     -    3s
     0     0 9.3925e+10    0  235 6.8364e+10 9.3925e+10  37.4%     -    3s
     0     0 9.3885e+10    0  312 6.8364e+10 9.3885e+10  37.3%     -    3s
     0     0 9.3875e+10    0  280 6.8364e+10 9.3875e+10  37.3%     -    4s
     0     0 9.3810e+10    0  154 6.8364e+10 9.3810e+10  37.2%     -    4s
     0     0 9.3810e+10    0  168 6.8364e+10 9.3810e+10  37.2%     -    4s
     0     0 9.1493e+10    0  233 6.8364e+10 9.1493e+10  33.8%     -    4s
     0     0 9.1493e+10    0  132 6.8364e+10 9.1493e+10  33.8%     -    4s
     0     0 9.1493e+10    0  243 6.8364e+10 9.1493e+10  33.8%     -    4s
     0     0 9.1493e+10    0  161 6.8364e+10 9.1493e+10  33.8%     -    5s
     0     0 9.1493e+10    0   94 6.8364e+10 9.1493e+10  33.8%     -    5s
H    0     0                    7.193520e+10 9.1493e+10  27.2%     -    6s
H    0     0                    7.416720e+10 9.1493e+10  23.4%     -    7s
     0     0 9.1493e+10    0  139 7.4167e+10 9.1493e+10  23.4%     -    7s
     0     0 9.1493e+10    0  186 7.4167e+10 9.1493e+10  23.4%     -    8s
     0     0 9.1493e+10    0  171 7.4167e+10 9.1493e+10  23.4%     -    8s
     0     0 9.1493e+10    0   76 7.4167e+10 9.1493e+10  23.4%     -    8s
     0     0 9.1493e+10    0   91 7.4167e+10 9.1493e+10  23.4%     -    8s
     0     0 9.1493e+10    0  138 7.4167e+10 9.1493e+10  23.4%     -    9s
     0     0 9.1493e+10    0  146 7.4167e+10 9.1493e+10  23.4%     -    9s
     0     0 9.1493e+10    0  166 7.4167e+10 9.1493e+10  23.4%     -   10s
     0     0 9.1493e+10    0  166 7.4167e+10 9.1493e+10  23.4%     -   10s
     0     2 9.0973e+10    0  166 7.4167e+10 9.0973e+10  22.7%     -   11s
H   26    26                    7.437972e+10 9.0973e+10  22.3%   140   11s
H  133   118                    7.637784e+10 9.0973e+10  19.1%  48.8   13s
   149   136 8.6634e+10   19  114 7.6378e+10 9.0973e+10  19.1%  52.3   15s
H  178   162                    7.662876e+10 9.0973e+10  18.7%  49.9   15s
   404   353 8.6634e+10   56  114 7.6629e+10 9.0808e+10  18.5%  40.6   22s
   550   460 8.8511e+10   35  131 7.6629e+10 8.9627e+10  17.0%  35.5   25s
   571   477 8.6634e+10   37  314 7.6629e+10 8.9627e+10  17.0%  35.2   31s
H  573   455                    7.841436e+10 8.9627e+10  14.3%  35.1   36s
H  577   434                    8.440236e+10 8.9627e+10  6.19%  34.8   41s
   582   438 8.9621e+10    6  211 8.4402e+10 8.9627e+10  6.19%  34.5   45s
   614   461 8.9563e+10   39  137 8.4402e+10 8.9627e+10  6.19%   103   50s
   651   480 8.9627e+10   15  120 8.4402e+10 8.9627e+10  6.19%   101   55s
   738   521 8.9621e+10   16  217 8.4402e+10 8.9627e+10  6.19%  99.3   60s
   853   583 8.7395e+10   89   87 8.4402e+10 8.9627e+10  6.19%  93.2   65s
   934   619 8.7271e+10   53  141 8.4402e+10 8.9627e+10  6.19%  91.2   70s
  1071   696 8.7395e+10  127   50 8.4402e+10 8.9627e+10  6.19%  82.7   75s
  1157   727 8.7395e+10   68  105 8.4402e+10 8.9627e+10  6.19%  82.3   80s
H 1253   752                    8.718264e+10 8.9627e+10  2.80%  77.1   82s
  1302   775 8.8511e+10   54  187 8.7183e+10 8.9627e+10  2.80%  76.0   85s
H 1380   512                    8.739516e+10 8.9627e+10  2.55%  73.7   89s
  1389   506 8.9627e+10   18  144 8.7395e+10 8.9627e+10  2.55%  73.7   90s
  1466   540 8.9503e+10   30  157 8.7395e+10 8.9627e+10  2.55%  74.6   95s
  1509   557 8.9503e+10   27  142 8.7395e+10 8.9627e+10  2.55%  74.9  101s
  1573   585 8.9503e+10   34  185 8.7395e+10 8.9627e+10  2.55%  74.2  105s
  1611   593 8.8387e+10   41  136 8.7395e+10 8.9627e+10  2.55%  74.1  116s
  1658   623 8.7842e+10   70  199 8.7395e+10 8.9627e+10  2.55%  75.3  120s
  1742   679 8.7842e+10   93   89 8.7395e+10 8.9627e+10  2.55%  75.7  125s
  1828   724 8.9627e+10   18  190 8.7395e+10 8.9627e+10  2.55%  77.5  130s
  1918   804 8.8511e+10   43  139 8.7395e+10 8.9627e+10  2.55%  79.0  135s
  1975   845 8.8511e+10   41  166 8.7395e+10 8.9627e+10  2.55%  78.7  142s
  2031   880 8.8511e+10   43  169 8.7395e+10 8.9627e+10  2.55%  78.7  145s
  2145   954 8.9627e+10   35  138 8.7395e+10 8.9627e+10  2.55%  78.6  150s
  2238  1019 8.9503e+10   38  208 8.7395e+10 8.9627e+10  2.55%  79.8  155s
  2311  1070 8.8990e+10   48  177 8.7395e+10 8.9627e+10  2.55%  81.3  160s
  2451  1196     cutoff   51      8.7395e+10 8.9627e+10  2.55%  79.3  165s
  2552  1257 8.9503e+10   40  144 8.7395e+10 8.9627e+10  2.55%  79.6  170s
  2681  1324 infeasible   34      8.7395e+10 8.9627e+10  2.55%  80.4  175s
  2786  1374 8.8511e+10   38  138 8.7395e+10 8.9627e+10  2.55%  82.3  180s
  2888  1418 8.9503e+10   32  166 8.7395e+10 8.9627e+10  2.55%  84.2  185s
  2999  1479 8.8046e+10   41  188 8.7395e+10 8.9627e+10  2.55%  86.0  190s
  3097  1533 8.7842e+10   47  143 8.7395e+10 8.9627e+10  2.55%  87.4  195s
  3204  1597 infeasible   34      8.7395e+10 8.9627e+10  2.55%  89.4  200s
  3319  1635 8.8387e+10   36  155 8.7395e+10 8.9627e+10  2.55%  90.4  205s
  3438  1687 8.8387e+10   41  159 8.7395e+10 8.9627e+10  2.55%  91.5  210s
  3539  1742 infeasible   43      8.7395e+10 8.9627e+10  2.55%  92.1  215s
  3624  1790 8.9627e+10   22  159 8.7395e+10 8.9627e+10  2.55%  93.6  220s
  3685  1835 8.8387e+10   37  170 8.7395e+10 8.9627e+10  2.55%  93.8  225s
  3776  1885 8.9605e+10   31  156 8.7395e+10 8.9627e+10  2.55%  94.4  230s
  3882  1953 8.8990e+10   47  103 8.7395e+10 8.9627e+10  2.55%  95.5  235s
  4091  2130 8.8990e+10  119   70 8.7395e+10 8.9627e+10  2.55%  92.2  240s
  4271  2275 8.8322e+10   42  175 8.7395e+10 8.9627e+10  2.55%  89.7  245s
  4363  2324 infeasible   57      8.7395e+10 8.9627e+10  2.55%  90.7  250s
  4457  2374 8.9605e+10   30  166 8.7395e+10 8.9627e+10  2.55%  92.1  255s
  4552  2411 8.9627e+10   29  326 8.7395e+10 8.9627e+10  2.55%  93.8  260s
  4712  2530 8.9627e+10   39  191 8.7395e+10 8.9627e+10  2.55%  92.7  265s
  4795  2539 8.9563e+10   32  149 8.7395e+10 8.9627e+10  2.55%  94.6  270s
  4946  2660     cutoff   41      8.7395e+10 8.9627e+10  2.55%  93.7  275s
  5031  2701 8.8387e+10   39  172 8.7395e+10 8.9627e+10  2.55%  95.3  280s
  5101  2763 8.8990e+10   65   70 8.7395e+10 8.9627e+10  2.55%  94.9  285s
  5196  2846 8.8990e+10   98   39 8.7395e+10 8.9627e+10  2.55%  93.4  291s
  5287  2868 8.8387e+10   41  164 8.7395e+10 8.9627e+10  2.55%  93.8  295s
  5426  2972 8.8990e+10   42  103 8.7395e+10 8.9627e+10  2.55%  93.0  300s
  5624  3140 infeasible  106      8.7395e+10 8.9627e+10  2.55%  90.8  305s
  5810  3308 8.8990e+10   93   55 8.7395e+10 8.9627e+10  2.55%  89.1  310s
  6015  3481 8.9627e+10   17  260 8.7395e+10 8.9627e+10  2.55%  87.2  315s
  6165  3617 8.8990e+10   43  119 8.7395e+10 8.9627e+10  2.55%  86.2  320s
  6365  3795 8.8990e+10   92   87 8.7395e+10 8.9627e+10  2.55%  84.6  325s
  6561  3959 8.9503e+10   41  145 8.7395e+10 8.9627e+10  2.55%  83.0  330s
  6645  4003 8.9503e+10   41  267 8.7395e+10 8.9627e+10  2.55%  83.9  335s
  6778  4115 8.8990e+10  129   66 8.7395e+10 8.9627e+10  2.55%  83.4  340s
  6896  4167 8.9627e+10   41  151 8.7395e+10 8.9627e+10  2.55%  83.4  345s
  7027  4237 8.9563e+10   51  162 8.7395e+10 8.9627e+10  2.55%  83.4  350s
  7080  4266 8.9503e+10   50  142 8.7395e+10 8.9627e+10  2.55%  83.7  355s
  7149  4285 8.9069e+10   53  171 8.7395e+10 8.9627e+10  2.55%  84.3  360s
  7254  4328 8.9503e+10   54  172 8.7395e+10 8.9627e+10  2.55%  84.6  365s
  7398  4440 8.8990e+10   88   67 8.7395e+10 8.9627e+10  2.55%  84.6  370s
  7538  4516 8.9563e+10   47  151 8.7395e+10 8.9627e+10  2.55%  84.2  375s
  7657  4576 8.8387e+10   56  146 8.7395e+10 8.9627e+10  2.55%  84.4  380s
  7800  4674 8.8990e+10  114   90 8.7395e+10 8.9627e+10  2.55%  84.2  385s
  7899  4722 8.9503e+10   27  166 8.7395e+10 8.9627e+10  2.55%  84.8  390s
  7979  4757 8.9627e+10   26  156 8.7395e+10 8.9627e+10  2.55%  85.5  395s
  8072  4792     cutoff   43      8.7395e+10 8.9627e+10  2.55%  85.9  400s
  8120  4812 8.8387e+10   46  165 8.7395e+10 8.9627e+10  2.55%  86.0  405s
  8258  4935 8.8990e+10   88   30 8.7395e+10 8.9627e+10  2.55%  85.3  410s
  8424  5064     cutoff  169      8.7395e+10 8.9627e+10  2.55%  84.2  415s
  8526  5124 8.8990e+10   72   88 8.7395e+10 8.9627e+10  2.55%  84.3  420s
  8648  5206 8.9627e+10   27  228 8.7395e+10 8.9627e+10  2.55%  84.3  425s
  8797  5314 8.8387e+10   41  154 8.7395e+10 8.9627e+10  2.55%  83.8  430s
  8953  5431 8.9616e+10   37  186 8.7395e+10 8.9627e+10  2.55%  83.4  435s
  9124  5576 8.8990e+10   72   90 8.7395e+10 8.9627e+10  2.55%  82.5  440s
  9311  5719 8.8990e+10  120   49 8.7395e+10 8.9627e+10  2.55%  81.4  445s
  9385  5744     cutoff   36      8.7395e+10 8.9627e+10  2.55%  81.9  450s
  9475  5787 8.9627e+10   26  193 8.7395e+10 8.9627e+10  2.55%  82.7  455s
  9563  5841 8.8511e+10   31  155 8.7395e+10 8.9627e+10  2.55%  83.3  460s
  9651  5880 8.9503e+10   29  180 8.7395e+10 8.9627e+10  2.55%  83.8  465s
  9740  5921 8.9627e+10   23  266 8.7395e+10 8.9627e+10  2.55%  84.2  470s
  9775  5946 8.9503e+10   53  152 8.7395e+10 8.9627e+10  2.55%  84.3  477s
  9828  5989 8.8990e+10   66   78 8.7395e+10 8.9627e+10  2.55%  84.4  480s
  9983  6114 8.8387e+10   56  155 8.7395e+10 8.9627e+10  2.55%  83.7  485s
 10124  6231 8.8990e+10   57  124 8.7395e+10 8.9627e+10  2.55%  83.2  490s
 10203  6307 8.8990e+10   47  166 8.7395e+10 8.9627e+10  2.55%  82.9  569s
 10205  6308 8.8990e+10  102  389 8.7395e+10 8.9627e+10  2.55%  82.9  572s
 10206  6309 8.8387e+10   35  134 8.7395e+10 8.9627e+10  2.55%  82.9  575s
 10209  6311 8.8990e+10   82  216 8.7395e+10 8.9627e+10  2.55%  82.9  581s
 10211  6312 8.8990e+10   90  179 8.7395e+10 8.9627e+10  2.55%  82.9  587s
 10213  6314 8.8990e+10  119  260 8.7395e+10 8.9627e+10  2.55%  82.9  594s
 10214  6314 8.8990e+10   88  222 8.7395e+10 8.9627e+10  2.55%  82.8  597s
 10215  6315 8.8990e+10   83  138 8.7395e+10 8.9627e+10  2.55%  82.8  600s
 10217  6316 8.8990e+10   77  253 8.7395e+10 8.9627e+10  2.55%  82.8  606s
 10219  6318 8.8990e+10  142  266 8.7395e+10 8.9627e+10  2.55%  82.8  613s
 10220  6318 8.8990e+10  164  254 8.7395e+10 8.9627e+10  2.55%  82.8  616s
 10221  6319 8.9563e+10   34  243 8.7395e+10 8.9627e+10  2.55%  82.8  622s
 10223  6320 8.8990e+10   62  206 8.7395e+10 8.9627e+10  2.55%  82.8  629s
 10224  6321 8.8990e+10  132  303 8.7395e+10 8.9627e+10  2.55%  82.8  632s
 10225  6322 8.7842e+10   34  254 8.7395e+10 8.9627e+10  2.55%  82.8  637s
 10226  6322 8.8511e+10   43  254 8.7395e+10 8.9627e+10  2.55%  82.7  640s
 10256  6332 8.9627e+10   30  176 8.7395e+10 8.9627e+10  2.55%  89.2  645s
 10308  6353 8.9404e+10   43  148 8.7395e+10 8.9627e+10  2.55%  89.4  650s
 10358  6377 8.9404e+10   53  175 8.7395e+10 8.9627e+10  2.55%  89.5  655s
 10397  6391 8.8288e+10   50  166 8.7395e+10 8.9627e+10  2.55%  89.7  660s
 10417  6393 8.9404e+10   41  199 8.7395e+10 8.9627e+10  2.55%  89.9  666s
 10442  6399 8.9404e+10   44  171 8.7395e+10 8.9627e+10  2.55%  90.1  670s
 10480  6399 8.9404e+10   42  129 8.7395e+10 8.9627e+10  2.55%  90.2  675s
 10514  6413 8.9586e+10   38  146 8.7395e+10 8.9627e+10  2.55%  90.4  689s
 10517  6415 8.9586e+10   40  140 8.7395e+10 8.9627e+10  2.55%  90.4  690s
 10611  6478 8.8990e+10   79   90 8.7395e+10 8.9627e+10  2.55%  89.9  695s
 10704  6518 8.8990e+10   56   77 8.7395e+10 8.9627e+10  2.55%  89.5  700s
 10810  6587 8.8990e+10   96   36 8.7395e+10 8.9627e+10  2.55%  88.9  705s
 10814  6589 8.8990e+10   98   29 8.7395e+10 8.9627e+10  2.55%  88.9  711s
 10822  6593 8.8990e+10  100   34 8.7395e+10 8.9627e+10  2.55%  88.9  717s
 10868  6589 8.9586e+10   40  138 8.7395e+10 8.9627e+10  2.55%  88.8  720s
 10969  6655 8.8990e+10   79   86 8.7395e+10 8.9627e+10  2.55%  88.4  725s
 11063  6694 8.8990e+10   43   91 8.7395e+10 8.9627e+10  2.55%  88.1  730s
 11169  6763 8.8990e+10   90   54 8.7395e+10 8.9627e+10  2.55%  87.5  735s
 11282  6802 8.8990e+10  123   14 8.7395e+10 8.9627e+10  2.55%  86.9  740s
 11345  6817 8.9521e+10   43  194 8.7395e+10 8.9627e+10  2.55%  87.1  745s
 11441  6879 8.8990e+10   91   63 8.7395e+10 8.9627e+10  2.55%  86.8  750s
 11545  6917 8.9627e+10   35  211 8.7395e+10 8.9627e+10  2.55%  86.3  755s
 11629  6973 8.8990e+10   72  109 8.7395e+10 8.9627e+10  2.55%  86.1  760s
 11724  7014 8.8990e+10   73  108 8.7395e+10 8.9627e+10  2.55%  85.9  765s
 11825  7051 8.9586e+10   35  226 8.7395e+10 8.9627e+10  2.55%  85.4  770s
 11904  7103 8.8990e+10  108   45 8.7395e+10 8.9627e+10  2.55%  85.1  775s
 11999  7134 8.8990e+10   82   78 8.7395e+10 8.9627e+10  2.55%  84.8  780s
 12096  7181 8.8990e+10   62  122 8.7395e+10 8.9627e+10  2.55%  84.4  785s
 12224  7238 8.8990e+10  128    8 8.7395e+10 8.9627e+10  2.55%  83.8  790s
 12324  7291 8.8990e+10  117   60 8.7395e+10 8.9627e+10  2.55%  83.4  795s
 12398  7316 8.9404e+10   51  154 8.7395e+10 8.9627e+10  2.55%  83.4  800s
 12473  7334 8.8468e+10   51  155 8.7395e+10 8.9627e+10  2.55%  83.4  805s
 12539  7356 8.8288e+10   70  141 8.7395e+10 8.9627e+10  2.55%  83.3  810s
 12592  7364 8.8288e+10   46  226 8.7395e+10 8.9627e+10  2.55%  83.7  815s
 12657  7365 8.9467e+10   43  177 8.7395e+10 8.9627e+10  2.55%  84.0  820s
 12726  7369 8.9521e+10   34  316 8.7395e+10 8.9627e+10  2.55%  84.1  825s
 12786  7382 8.9521e+10   36  293 8.7395e+10 8.9627e+10  2.55%  84.3  830s
 12840  7391     cutoff   52      8.7395e+10 8.9627e+10  2.55%  84.6  835s
 12888  7407 8.8288e+10   50  177 8.7395e+10 8.9627e+10  2.55%  84.9  840s
 12935  7420 8.9404e+10   41  197 8.7395e+10 8.9627e+10  2.55%  85.1  845s
 13005  7457 8.8990e+10   59   99 8.7395e+10 8.9627e+10  2.55%  85.0  850s
 13131  7490 infeasible   50      8.7395e+10 8.9627e+10  2.55%  84.5  855s
 13176  7499 8.8511e+10   48  197 8.7395e+10 8.9627e+10  2.55%  84.7  860s
 13233  7513 8.9404e+10   42  185 8.7395e+10 8.9627e+10  2.55%  84.8  865s
 13349  7580 8.8990e+10  134   58 8.7395e+10 8.9627e+10  2.55%  84.4  870s
 13464  7643 8.8990e+10  128   46 8.7395e+10 8.9627e+10  2.55%  84.0  875s
 13484  7656 8.8990e+10  147   35 8.7395e+10 8.9627e+10  2.55%  83.9  880s
 13526  7660 8.9621e+10   31  227 8.7395e+10 8.9621e+10  2.55%  84.1  885s
 13597  7658 8.8226e+10   40  177 8.7395e+10 8.9621e+10  2.55%  84.4  890s
 13676  7628 8.8234e+10   36  206 8.7395e+10 8.9621e+10  2.55%  84.7  895s
 13739  7624 8.7430e+10   45  145 8.7395e+10 8.9621e+10  2.55%  84.8  908s
 13752  7627 8.8234e+10   35  192 8.7395e+10 8.9621e+10  2.55%  85.0  910s
 13771  7631 8.8226e+10   36  173 8.7395e+10 8.9621e+10  2.55%  85.1  924s
 13785  7633 8.8226e+10   44  150 8.7395e+10 8.9621e+10  2.55%  85.2  925s
 13873  7633 8.8226e+10   42  143 8.7395e+10 8.9621e+10  2.55%  85.3  930s
 13956  7626 8.8911e+10   32  284 8.7395e+10 8.9621e+10  2.55%  85.5  935s
 14042  7638 8.8234e+10   32  224 8.7395e+10 8.9586e+10  2.51%  85.7  940s
 14138  7679 8.8990e+10   92   61 8.7395e+10 8.9586e+10  2.51%  85.6  945s
 14283  7750 8.8990e+10  116   65 8.7395e+10 8.9586e+10  2.51%  85.1  950s
 14432  7817 infeasible  123      8.7395e+10 8.9586e+10  2.51%  84.7  955s
 14541  7865 8.8990e+10  107   85 8.7395e+10 8.9586e+10  2.51%  84.5  960s
 14691  7938 8.8990e+10  114   47 8.7395e+10 8.9586e+10  2.51%  83.9  965s
 14821  7996 8.8990e+10   49  123 8.7395e+10 8.9586e+10  2.51%  83.6  970s
 14975  8073 8.8990e+10   57  105 8.7395e+10 8.9586e+10  2.51%  83.1  975s
 15116  8148 8.8990e+10  100  132 8.7395e+10 8.9586e+10  2.51%  82.6  980s
 15269  8240 8.8990e+10  128   79 8.7395e+10 8.9586e+10  2.51%  81.9  985s
 15311  8264 infeasible  169      8.7395e+10 8.9586e+10  2.51%  81.8  990s
 15451  8326 8.9521e+10   42  249 8.7395e+10 8.9586e+10  2.51%  81.3  995s
 15586  8383 8.9521e+10   44  260 8.7395e+10 8.9586e+10  2.51%  81.0 1000s
 15726  8452 8.8990e+10   70   90 8.7395e+10 8.9586e+10  2.51%  80.6 1005s
 15872  8532 8.8990e+10  114   32 8.7395e+10 8.9586e+10  2.51%  80.2 1010s
 16005  8580 8.9519e+10   40  238 8.7395e+10 8.9586e+10  2.51%  79.8 1015s
 16156  8681 8.8990e+10  105   66 8.7395e+10 8.9586e+10  2.51%  79.4 1020s
 16235  8701 8.9330e+10   46  185 8.7395e+10 8.9586e+10  2.51%  79.2 1025s
 16351  8751 8.8990e+10  119   31 8.7395e+10 8.9586e+10  2.51%  79.0 1030s
 16508  8828 8.8990e+10   96   56 8.7395e+10 8.9586e+10  2.51%  78.6 1035s
 16632  8889 8.8990e+10   86   56 8.7395e+10 8.9586e+10  2.51%  78.3 1040s
 16744  8938 8.8990e+10   89   76 8.7395e+10 8.9586e+10  2.51%  78.2 1045s
 16875  8998 8.8990e+10  134   42 8.7395e+10 8.9586e+10  2.51%  77.9 1050s
 16968  9014 8.8990e+10   58  126 8.7395e+10 8.9586e+10  2.51%  77.9 1055s
 17126  9091 8.8990e+10   98   64 8.7395e+10 8.9586e+10  2.51%  77.5 1060s
 17250  9142 8.8990e+10   69   83 8.7395e+10 8.9586e+10  2.51%  77.3 1065s
 17251  9143 8.8990e+10   70  103 8.7395e+10 8.9586e+10  2.51%  77.3 1071s
 17357  9190 8.8990e+10   88   81 8.7395e+10 8.9586e+10  2.51%  77.0 1075s
 17512  9264 8.8990e+10   60   89 8.7395e+10 8.9586e+10  2.51%  76.6 1080s
 17668  9353 8.8990e+10  110   80 8.7395e+10 8.9586e+10  2.51%  76.2 1085s
 17829  9430 8.8990e+10   46  107 8.7395e+10 8.9586e+10  2.51%  75.7 1090s
 17985  9514 8.8990e+10   78   97 8.7395e+10 8.9586e+10  2.51%  75.3 1095s
 18155  9613 8.8990e+10  114   45 8.7395e+10 8.9586e+10  2.51%  74.8 1100s
 18301  9677 8.8990e+10   72   90 8.7395e+10 8.9586e+10  2.51%  74.6 1105s
 18460  9761 8.9521e+10   34  205 8.7395e+10 8.9586e+10  2.51%  74.1 1110s
 18631  9854 8.8990e+10   86   66 8.7395e+10 8.9586e+10  2.51%  73.6 1115s
 18796  9922 8.8990e+10   50   80 8.7395e+10 8.9586e+10  2.51%  73.3 1120s
 18982 10026 8.8990e+10  112  108 8.7395e+10 8.9586e+10  2.51%  72.9 1125s
 19171 10114 8.8990e+10   46  109 8.7395e+10 8.9586e+10  2.51%  72.4 1130s
 19290 10165     cutoff   58      8.7395e+10 8.9586e+10  2.51%  72.2 1135s
 19402 10204 8.9521e+10   35  202 8.7395e+10 8.9586e+10  2.51%  72.2 1140s
 19557 10287 8.9521e+10   34  215 8.7395e+10 8.9586e+10  2.51%  71.9 1145s
 19687 10345 8.9415e+10   48  156 8.7395e+10 8.9586e+10  2.51%  71.7 1150s
 19844 10430 8.8990e+10   81   59 8.7395e+10 8.9586e+10  2.51%  71.4 1155s
 19981 10492 8.8990e+10   39  114 8.7395e+10 8.9586e+10  2.51%  71.2 1160s
 20138 10562 8.8990e+10   70   93 8.7395e+10 8.9586e+10  2.51%  71.0 1165s
 20279 10621 8.8990e+10   94   99 8.7395e+10 8.9586e+10  2.51%  70.8 1170s
 20404 10672 infeasible  105      8.7395e+10 8.9586e+10  2.51%  70.6 1178s
 20459 10687 8.8990e+10   61   94 8.7395e+10 8.9586e+10  2.51%  70.5 1180s
 20617 10759 8.9521e+10   41  166 8.7395e+10 8.9586e+10  2.51%  70.2 1185s
 20769 10842 8.8990e+10  152   39 8.7395e+10 8.9586e+10  2.51%  70.0 1190s
 20912 10902 8.8990e+10  127   46 8.7395e+10 8.9586e+10  2.51%  69.9 1195s
 21069 10967 8.8672e+10   45  179 8.7395e+10 8.9586e+10  2.51%  69.7 1200s
 21215 11037 8.9519e+10   37  222 8.7395e+10 8.9586e+10  2.51%  69.5 1205s
 21297 11069 8.8672e+10   54  202 8.7395e+10 8.9586e+10  2.51%  69.7 1210s
 21384 11106 8.8990e+10   45  104 8.7395e+10 8.9586e+10  2.51%  69.7 1215s
 21527 11201 8.8990e+10  120   76 8.7395e+10 8.9586e+10  2.51%  69.6 1220s
 21610 11206 8.9521e+10   33  223 8.7395e+10 8.9586e+10  2.51%  69.7 1225s
 21785 11300 8.8080e+10   70  185 8.7395e+10 8.9586e+10  2.51%  69.5 1230s
 21920 11349 8.8288e+10   49  189 8.7395e+10 8.9586e+10  2.51%  69.4 1235s
 21993 11353 8.9521e+10   38  168 8.7395e+10 8.9586e+10  2.51%  69.6 1240s
 22156 11442 8.8990e+10   53   76 8.7395e+10 8.9586e+10  2.51%  69.3 1245s
 22273 11502 8.8645e+10   51  127 8.7395e+10 8.9586e+10  2.51%  69.2 1250s
 22368 11536     cutoff   75      8.7395e+10 8.9586e+10  2.51%  69.2 1255s
 22472 11578 8.8990e+10   65   96 8.7395e+10 8.9586e+10  2.51%  69.3 1260s
 22586 11606     cutoff   49      8.7395e+10 8.9586e+10  2.51%  69.4 1265s
 22660 11626     cutoff   54      8.7395e+10 8.9579e+10  2.50%  69.7 1270s
 22723 11638 8.8235e+10   38  222 8.7395e+10 8.9579e+10  2.50%  69.9 1275s
 22833 11663 8.8226e+10   50  163 8.7395e+10 8.9579e+10  2.50%  70.0 1280s
 22931 11662 8.9404e+10   45  178 8.7395e+10 8.9547e+10  2.46%  70.2 1285s
 23078 11704 8.9521e+10   33  280 8.7395e+10 8.9521e+10  2.43%  70.3 1290s
 23187 11760 8.8990e+10   71   74 8.7395e+10 8.9521e+10  2.43%  70.3 1295s
 23372 11855 8.8990e+10   66  110 8.7395e+10 8.9521e+10  2.43%  70.0 1300s
 23504 11919 infeasible   93      8.7395e+10 8.9521e+10  2.43%  69.9 1305s
 23610 11920 8.9521e+10   43  153 8.7395e+10 8.9521e+10  2.43%  69.8 1310s
 23761 11989 8.8990e+10   60  105 8.7395e+10 8.9521e+10  2.43%  69.5 1315s
 23907 12044 8.8990e+10   46  100 8.7395e+10 8.9521e+10  2.43%  69.4 1320s
 24080 12138 8.8990e+10  120   42 8.7395e+10 8.9521e+10  2.43%  69.0 1325s
 24251 12203 8.9404e+10   53  159 8.7395e+10 8.9521e+10  2.43%  68.8 1330s
 24392 12248 8.8990e+10   97  101 8.7395e+10 8.9521e+10  2.43%  68.8 1335s
 24492 12255 8.8990e+10   44  103 8.7395e+10 8.9521e+10  2.43%  68.9 1340s
 24603 12289 8.8623e+10   49  151 8.7395e+10 8.9521e+10  2.43%  68.9 1345s
 24667 12301 8.8990e+10   46  101 8.7395e+10 8.9521e+10  2.43%  69.1 1350s
 24787 12363 8.9330e+10   50  132 8.7395e+10 8.9521e+10  2.43%  69.1 1355s
 24876 12364 8.7842e+10   52  180 8.7395e+10 8.9521e+10  2.43%  69.2 1360s
 25010 12425 infeasible  132      8.7395e+10 8.9521e+10  2.43%  69.2 1365s
 25104 12440     cutoff   51      8.7395e+10 8.9521e+10  2.43%  69.3 1370s
 25202 12451 8.8288e+10   48  143 8.7395e+10 8.9521e+10  2.43%  69.5 1375s
 25289 12438     cutoff   43      8.7395e+10 8.9521e+10  2.43%  69.8 1380s
 25471 12533 8.9521e+10   42  188 8.7395e+10 8.9521e+10  2.43%  69.5 1385s
 25505 12538     cutoff   48      8.7395e+10 8.9521e+10  2.43%  69.6 1390s
 25618 12587 8.8990e+10   72   48 8.7395e+10 8.9521e+10  2.43%  69.6 1395s
 25706 12585 8.9344e+10   42  178 8.7395e+10 8.9521e+10  2.43%  69.8 1400s
 25777 12590 8.9467e+10   43  181 8.7395e+10 8.9521e+10  2.43%  70.1 1405s
 25854 12595 8.9191e+10   45  165 8.7395e+10 8.9521e+10  2.43%  70.4 1410s
 25963 12621 8.8990e+10   61   97 8.7395e+10 8.9521e+10  2.43%  70.4 1415s
 26082 12648 8.9231e+10   40  270 8.7395e+10 8.9521e+10  2.43%  70.5 1420s
 26159 12679 8.8990e+10   78  107 8.7395e+10 8.9521e+10  2.43%  70.6 1425s
 26283 12731 8.7842e+10   54  160 8.7395e+10 8.9521e+10  2.43%  70.6 1430s
 26366 12734 8.7842e+10   50  166 8.7395e+10 8.9521e+10  2.43%  70.8 1435s
 26504 12788 8.8990e+10  128   69 8.7395e+10 8.9521e+10  2.43%  70.7 1440s
 26644 12839     cutoff   49      8.7395e+10 8.9521e+10  2.43%  70.5 1445s
 26795 12918 8.8990e+10  110   23 8.7395e+10 8.9521e+10  2.43%  70.3 1450s
 26875 12907     cutoff   50      8.7395e+10 8.9521e+10  2.43%  70.5 1455s
 26954 12914 8.8288e+10   50  158 8.7395e+10 8.9521e+10  2.43%  70.7 1460s
 27096 12974 8.8990e+10  147   33 8.7395e+10 8.9521e+10  2.43%  70.6 1465s
 27204 13007 8.8288e+10   51  188 8.7395e+10 8.9521e+10  2.43%  70.5 1470s
 27279 13016     cutoff   49      8.7395e+10 8.9521e+10  2.43%  70.6 1475s
 27367 13018 8.8288e+10   49  148 8.7395e+10 8.9521e+10  2.43%  70.8 1480s
 27440 13032 8.9255e+10   45  137 8.7395e+10 8.9521e+10  2.43%  71.1 1485s
 27517 13060 8.8288e+10   59  159 8.7395e+10 8.9521e+10  2.43%  71.2 1490s
 27664 13133 8.8990e+10   49  181 8.7395e+10 8.9521e+10  2.43%  71.0 1495s
 27780 13192 8.8990e+10   68   92 8.7395e+10 8.9521e+10  2.43%  70.9 1500s
 27945 13277 8.8990e+10  108   64 8.7395e+10 8.9521e+10  2.43%  70.6 1505s
 28067 13319 8.9467e+10   38  214 8.7395e+10 8.9521e+10  2.43%  70.6 1510s
 28135 13323     cutoff   46      8.7395e+10 8.9521e+10  2.43%  70.7 1515s
 28168 13329 8.9404e+10   41  257 8.7395e+10 8.9521e+10  2.43%  70.9 1520s
 28224 13332 8.9521e+10   38  184 8.7395e+10 8.9521e+10  2.43%  71.1 1525s
 28280 13341     cutoff   47      8.7395e+10 8.9521e+10  2.43%  71.3 1530s
 28379 13373 8.8990e+10   84   47 8.7395e+10 8.9521e+10  2.43%  71.2 1535s
 28519 13441 8.8990e+10   56   95 8.7395e+10 8.9521e+10  2.43%  71.1 1540s
 28645 13496 8.8437e+10   46  204 8.7395e+10 8.9521e+10  2.43%  71.0 1545s
 28796 13574 8.8990e+10  104   16 8.7395e+10 8.9521e+10  2.43%  70.9 1550s
 28967 13629 8.8990e+10   50  109 8.7395e+10 8.9521e+10  2.43%  70.6 1555s
 29068 13669 8.9344e+10   39  267 8.7395e+10 8.9521e+10  2.43%  70.6 1560s
 29127 13668     cutoff   51      8.7395e+10 8.9521e+10  2.43%  70.8 1565s
 29192 13683 8.8990e+10   58   82 8.7395e+10 8.9521e+10  2.43%  71.0 1570s
 29294 13747 8.7664e+10   54  160 8.7395e+10 8.9521e+10  2.43%  70.9 1575s
 29364 13765 8.8990e+10   48  124 8.7395e+10 8.9521e+10  2.43%  71.1 1580s
 29514 13892 8.8990e+10   76   83 8.7395e+10 8.9521e+10  2.43%  71.0 1585s
 29616 13942 8.9404e+10   43  175 8.7395e+10 8.9521e+10  2.43%  71.0 1590s
 29733 14028 8.8990e+10  117   48 8.7395e+10 8.9521e+10  2.43%  70.9 1595s
 29847 14109 8.9521e+10   45  183 8.7395e+10 8.9521e+10  2.43%  70.8 1600s
 29917 14141 8.9521e+10   39  147 8.7395e+10 8.9521e+10  2.43%  71.0 1605s
 30013 14220 8.8990e+10   59  101 8.7395e+10 8.9521e+10  2.43%  71.1 1610s
 30124 14294 8.8288e+10   60  169 8.7395e+10 8.9521e+10  2.43%  71.0 1615s
 30227 14324 8.8288e+10   53  182 8.7395e+10 8.9521e+10  2.43%  71.1 1620s
 30292 14346 8.8288e+10   51  162 8.7395e+10 8.9521e+10  2.43%  71.3 1625s
 30335 14361 8.8288e+10   44  136 8.7395e+10 8.9521e+10  2.43%  71.5 1630s
 30388 14386 8.9521e+10   38  255 8.7395e+10 8.9521e+10  2.43%  71.6 1635s
 30456 14415 8.9521e+10   40  279 8.7395e+10 8.9521e+10  2.43%  71.8 1640s
 30522 14442 8.9521e+10   40  169 8.7395e+10 8.9521e+10  2.43%  72.0 1645s
 30564 14460     cutoff   55      8.7395e+10 8.9521e+10  2.43%  72.1 1650s
 30606 14473     cutoff   52      8.7395e+10 8.9521e+10  2.43%  72.2 1657s
 30644 14491 8.9404e+10   48  182 8.7395e+10 8.9521e+10  2.43%  72.3 1660s
 30714 14502 8.9468e+10   47  208 8.7395e+10 8.9521e+10  2.43%  72.5 1665s
 30781 14523 8.8546e+10   46  130 8.7395e+10 8.9521e+10  2.43%  72.6 1670s
 30887 14598 8.8288e+10   46  174 8.7395e+10 8.9521e+10  2.43%  72.7 1675s
 30997 14679 infeasible   92      8.7395e+10 8.9521e+10  2.43%  72.7 1680s
 31086 14733 8.8667e+10   58  138 8.7395e+10 8.9521e+10  2.43%  72.8 1685s
 31244 14845 8.8468e+10   42  149 8.7395e+10 8.9521e+10  2.43%  72.6 1690s
 31297 14860     cutoff   55      8.7395e+10 8.9521e+10  2.43%  72.8 1695s
 31396 14933 8.9519e+10   40  279 8.7395e+10 8.9521e+10  2.43%  72.9 1700s
 31460 14960 8.9273e+10   45  159 8.7395e+10 8.9521e+10  2.43%  73.1 1705s
 31599 15072 infeasible  118      8.7395e+10 8.9521e+10  2.43%  72.9 1710s
 31710 15133 8.8990e+10   46  143 8.7395e+10 8.9521e+10  2.43%  72.9 1715s
 31835 15220 8.8672e+10   47  134 8.7395e+10 8.9521e+10  2.43%  72.8 1720s
 31904 15243 8.8672e+10   49  129 8.7395e+10 8.9521e+10  2.43%  73.0 1725s
 32031 15352 8.8990e+10  122   87 8.7395e+10 8.9521e+10  2.43%  72.9 1730s
 32128 15420 8.8990e+10   82   93 8.7395e+10 8.9521e+10  2.43%  72.9 1735s
 32253 15512 8.9404e+10   46  160 8.7395e+10 8.9521e+10  2.43%  72.8 1740s
 32321 15537 8.9225e+10   45  197 8.7395e+10 8.9521e+10  2.43%  73.0 1745s
 32435 15620 8.9085e+10   45  216 8.7395e+10 8.9521e+10  2.43%  72.9 1750s
 32546 15694 8.9521e+10   43  199 8.7395e+10 8.9521e+10  2.43%  72.9 1755s
 32609 15709 8.8288e+10   48  159 8.7395e+10 8.9521e+10  2.43%  73.1 1760s
 32697 15771 8.8851e+10  108   83 8.7395e+10 8.9521e+10  2.43%  73.1 1765s
 32778 15819 8.8288e+10   44  192 8.7395e+10 8.9521e+10  2.43%  73.2 1770s
 32828 15853 8.8638e+10   68  334 8.7395e+10 8.9521e+10  2.43%  73.3 1775s
 32917 15904 8.8288e+10   50  171 8.7395e+10 8.9521e+10  2.43%  73.4 1780s
 33023 15975 8.8288e+10   49  178 8.7395e+10 8.9521e+10  2.43%  73.5 1785s
 33102 16005 8.9401e+10   40  342 8.7395e+10 8.9521e+10  2.43%  73.7 1790s
 33219 16108 8.8990e+10  121   45 8.7395e+10 8.9521e+10  2.43%  73.6 1795s
 33318 16149 8.9521e+10   37  209 8.7395e+10 8.9521e+10  2.43%  73.8 1800s
 33353 16168 8.8288e+10   44  184 8.7395e+10 8.9521e+10  2.43%  73.9 1805s
 33459 16251 8.8990e+10  124   39 8.7395e+10 8.9521e+10  2.43%  73.8 1810s
 33591 16333 8.9404e+10   38  170 8.7395e+10 8.9521e+10  2.43%  73.6 1815s
 33650 16361 8.9521e+10   38  174 8.7395e+10 8.9521e+10  2.43%  73.8 1820s
 33801 16496 8.8990e+10  115   39 8.7395e+10 8.9521e+10  2.43%  73.6 1825s
 33892 16531 8.9404e+10   46  175 8.7395e+10 8.9521e+10  2.43%  73.6 1830s
 34019 16630 8.8990e+10  122   48 8.7395e+10 8.9521e+10  2.43%  73.5 1835s
 34092 16657 8.9404e+10   48  251 8.7395e+10 8.9521e+10  2.43%  73.7 1840s
 34155 16673 8.9521e+10   39  207 8.7395e+10 8.9521e+10  2.43%  73.9 1845s
 34224 16701 8.8288e+10   47  170 8.7395e+10 8.9521e+10  2.43%  74.1 1850s
 34271 16717 8.8226e+10   42  182 8.7395e+10 8.9521e+10  2.43%  74.3 1855s
 34333 16747 8.9521e+10   36  202 8.7395e+10 8.9521e+10  2.43%  74.4 1860s
 34419 16800 8.8990e+10   62  107 8.7395e+10 8.9521e+10  2.43%  74.5 1865s
 34569 16934 infeasible  145      8.7395e+10 8.9521e+10  2.43%  74.3 1870s
 34641 16978 8.8288e+10   48  166 8.7395e+10 8.9521e+10  2.43%  74.4 1875s
 34696 16996 8.8676e+10   36  213 8.7395e+10 8.9521e+10  2.43%  74.6 1880s
 34746 17028 8.9521e+10   43  289 8.7395e+10 8.9521e+10  2.43%  74.8 1885s
 34808 17041 8.9520e+10   43  331 8.7395e+10 8.9521e+10  2.43%  75.0 1890s
 34926 17135 8.9521e+10   43  269 8.7395e+10 8.9521e+10  2.43%  75.0 1895s
 34969 17149 8.8288e+10   46  138 8.7395e+10 8.9521e+10  2.43%  75.1 1900s
 35018 17158 8.9521e+10   35  182 8.7395e+10 8.9521e+10  2.43%  75.2 1905s
 35100 17229 8.8990e+10   62   76 8.7395e+10 8.9521e+10  2.43%  75.2 1910s
 35194 17274 8.8288e+10   52  177 8.7395e+10 8.9521e+10  2.43%  75.3 1915s
 35315 17362 8.8990e+10  130   52 8.7395e+10 8.9521e+10  2.43%  75.2 1920s
 35422 17432 8.8990e+10   42   99 8.7395e+10 8.9521e+10  2.43%  75.2 1925s
 35519 17503 8.8990e+10   46  109 8.7395e+10 8.9521e+10  2.43%  75.2 1930s
 35631 17571 8.8288e+10   49  150 8.7395e+10 8.9521e+10  2.43%  75.2 1935s
 35685 17587 8.9521e+10   43  150 8.7395e+10 8.9521e+10  2.43%  75.4 1940s
 35707 17597 8.9404e+10   46  200 8.7395e+10 8.9521e+10  2.43%  75.4 1945s
 35761 17624 8.8437e+10   52  194 8.7395e+10 8.9521e+10  2.43%  75.5 1950s
 35814 17650 8.8288e+10   46  142 8.7395e+10 8.9521e+10  2.43%  75.6 1955s
 35854 17664 8.8288e+10   51  176 8.7395e+10 8.9521e+10  2.43%  75.8 1960s
 35905 17674 8.9521e+10   37  190 8.7395e+10 8.9521e+10  2.43%  75.9 1965s
 36017 17774 8.8990e+10   77   82 8.7395e+10 8.9521e+10  2.43%  75.9 1970s
 36145 17866 8.8990e+10   71  128 8.7395e+10 8.9521e+10  2.43%  75.9 1975s
 36271 17962 8.9467e+10   46  150 8.7395e+10 8.9521e+10  2.43%  75.8 1980s
 36382 18042 infeasible  126      8.7395e+10 8.9521e+10  2.43%  75.7 1985s
 36460 18067 8.7664e+10   46  154 8.7395e+10 8.9521e+10  2.43%  75.9 1990s
 36537 18092 8.9521e+10   37  226 8.7395e+10 8.9521e+10  2.43%  76.1 1995s
 36606 18118     cutoff   45      8.7395e+10 8.9521e+10  2.43%  76.2 2000s
 36677 18151 8.8990e+10   57   96 8.7395e+10 8.9521e+10  2.43%  76.4 2005s
 36827 18281 8.8990e+10   89   95 8.7395e+10 8.9521e+10  2.43%  76.3 2010s
 36890 18308 8.9467e+10   41  177 8.7395e+10 8.9521e+10  2.43%  76.3 2015s
 36967 18354     cutoff   51      8.7395e+10 8.9521e+10  2.43%  76.4 2020s
 37099 18446 8.9503e+10   38  306 8.7395e+10 8.9521e+10  2.43%  76.4 2025s
 37214 18524 8.9032e+10   45  130 8.7395e+10 8.9521e+10  2.43%  76.3 2030s
 37313 18602 8.8990e+10  106   59 8.7395e+10 8.9521e+10  2.43%  76.4 2035s
 37389 18629 8.9521e+10   35  246 8.7395e+10 8.9521e+10  2.43%  76.5 2040s
 37461 18671 8.9344e+10   43  125 8.7395e+10 8.9521e+10  2.43%  76.6 2045s
 37587 18753 8.9344e+10   44  158 8.7395e+10 8.9521e+10  2.43%  76.5 2050s
 37725 18851 8.8990e+10  128   73 8.7395e+10 8.9521e+10  2.43%  76.5 2055s
 37870 18967 infeasible  111      8.7395e+10 8.9521e+10  2.43%  76.4 2060s
 37929 18998 8.8288e+10   50  173 8.7395e+10 8.9521e+10  2.43%  76.4 2065s
 38002 19031 8.9521e+10   40  277 8.7395e+10 8.9521e+10  2.43%  76.5 2070s
 38067 19075 8.8667e+10   55  188 8.7395e+10 8.9521e+10  2.43%  76.6 2075s
 38141 19106 8.8288e+10   52  202 8.7395e+10 8.9521e+10  2.43%  76.8 2080s
 38195 19122     cutoff   45      8.7395e+10 8.9521e+10  2.43%  76.9 2085s
 38246 19146 8.9404e+10   45  186 8.7395e+10 8.9521e+10  2.43%  77.0 2090s
 38398 19262 8.8990e+10  114   52 8.7395e+10 8.9521e+10  2.43%  76.9 2095s
 38462 19297     cutoff   49      8.7395e+10 8.9521e+10  2.43%  77.0 2100s
 38554 19364 8.8990e+10   98   66 8.7395e+10 8.9521e+10  2.43%  77.0 2105s
 38691 19460 8.9404e+10   43  155 8.7395e+10 8.9521e+10  2.43%  76.9 2110s
 38824 19544 infeasible  116      8.7395e+10 8.9521e+10  2.43%  76.9 2115s
 38875 19560     cutoff   45      8.7395e+10 8.9521e+10  2.43%  77.1 2120s
 38907 19581 8.8667e+10   41  151 8.7395e+10 8.9521e+10  2.43%  77.2 2128s
 38930 19590 8.9521e+10   35  363 8.7395e+10 8.9521e+10  2.43%  77.2 2130s
 39018 19645 8.8990e+10   55   99 8.7395e+10 8.9521e+10  2.43%  77.4 2135s
 39134 19733 8.8288e+10   44  140 8.7395e+10 8.9521e+10  2.43%  77.2 2140s
 39233 19793 8.8990e+10   67   81 8.7395e+10 8.9521e+10  2.43%  77.3 2145s
 39330 19846 8.9467e+10   39  204 8.7395e+10 8.9521e+10  2.43%  77.3 2150s
 39410 19891 8.7842e+10   48  169 8.7395e+10 8.9521e+10  2.43%  77.5 2155s
 39467 19922 8.8288e+10   59  150 8.7395e+10 8.9521e+10  2.43%  77.5 2160s
 39540 19961     cutoff   49      8.7395e+10 8.9521e+10  2.43%  77.7 2165s
 39656 20026 8.9369e+10   46  208 8.7395e+10 8.9521e+10  2.43%  77.6 2170s
 39765 20112     cutoff  108      8.7395e+10 8.9521e+10  2.43%  77.6 2175s
 39830 20142 8.7664e+10   52  167 8.7395e+10 8.9521e+10  2.43%  77.7 2180s
 39952 20243 8.8990e+10   83   59 8.7395e+10 8.9521e+10  2.43%  77.6 2185s
 40082 20327 8.9467e+10   43  184 8.7395e+10 8.9521e+10  2.43%  77.5 2190s
 40169 20387 8.8990e+10   83   36 8.7395e+10 8.9521e+10  2.43%  77.6 2195s
 40265 20441 8.8990e+10   39  169 8.7395e+10 8.9521e+10  2.43%  77.6 2200s
 40419 20551 8.8288e+10   46  188 8.7395e+10 8.9521e+10  2.43%  77.4 2205s
 40471 20580 8.8990e+10   59  100 8.7395e+10 8.9521e+10  2.43%  77.5 2210s
 40613 20691 8.9404e+10   47  171 8.7395e+10 8.9521e+10  2.43%  77.4 2215s
 40723 20757 8.9401e+10   47  189 8.7395e+10 8.9521e+10  2.43%  77.4 2220s
 40776 20786 8.7842e+10   52  186 8.7395e+10 8.9521e+10  2.43%  77.6 2225s
 40808 20788 8.8990e+10   49  111 8.7395e+10 8.9521e+10  2.43%  77.7 2232s
 40868 20840 8.9521e+10   37  264 8.7395e+10 8.9521e+10  2.43%  77.7 2235s
 40975 20932 8.8990e+10  110   59 8.7395e+10 8.9521e+10  2.43%  77.6 2240s
 41041 20947 8.9509e+10   42  205 8.7395e+10 8.9521e+10  2.43%  77.7 2245s
 41126 21016 infeasible  106      8.7395e+10 8.9521e+10  2.43%  77.7 2250s
 41231 21083 8.8990e+10   86   55 8.7395e+10 8.9521e+10  2.43%  77.7 2255s
 41386 21210 8.8990e+10   94  107 8.7395e+10 8.9521e+10  2.43%  77.5 2260s
 41545 21333 8.9344e+10   47  214 8.7395e+10 8.9521e+10  2.43%  77.3 2265s
 41675 21443 8.8522e+10   48  157 8.7395e+10 8.9521e+10  2.43%  77.3 2270s
 41747 21473 8.8990e+10   49  162 8.7395e+10 8.9521e+10  2.43%  77.4 2275s
 41879 21578 8.8990e+10   49  117 8.7395e+10 8.9521e+10  2.43%  77.2 2280s
 41959 21635 8.9360e+10   47  193 8.7395e+10 8.9521e+10  2.43%  77.3 2285s
 42029 21655 8.9521e+10   44  254 8.7395e+10 8.9521e+10  2.43%  77.5 2290s
 42098 21692 8.8288e+10   46  175 8.7395e+10 8.9521e+10  2.43%  77.6 2295s
 42128 21700     cutoff   53      8.7395e+10 8.9521e+10  2.43%  77.8 2300s
 42199 21734 8.8288e+10   44  172 8.7395e+10 8.9521e+10  2.43%  77.9 2305s
 42247 21747 8.9521e+10   39  302 8.7395e+10 8.9521e+10  2.43%  78.2 2310s
 42371 21839 8.8990e+10  128   39 8.7395e+10 8.9521e+10  2.43%  78.1 2315s
 42438 21875 8.8990e+10   53  119 8.7395e+10 8.9521e+10  2.43%  78.2 2320s
 42560 21971     cutoff   45      8.7395e+10 8.9521e+10  2.43%  78.1 2325s
 42638 22013 8.9521e+10   44  298 8.7395e+10 8.9521e+10  2.43%  78.2 2330s
 42715 22041 8.9344e+10   43  179 8.7395e+10 8.9521e+10  2.43%  78.3 2335s
 42778 22092 8.8990e+10   60   97 8.7395e+10 8.9521e+10  2.43%  78.4 2340s
 42866 22139 8.9404e+10   39  244 8.7395e+10 8.9521e+10  2.43%  78.5 2345s
 42917 22158 8.9404e+10   45  170 8.7395e+10 8.9521e+10  2.43%  78.6 2350s
 43063 22276 8.9521e+10   44  308 8.7395e+10 8.9521e+10  2.43%  78.5 2355s
 43130 22324     cutoff   60      8.7395e+10 8.9521e+10  2.43%  78.6 2360s
 43193 22355     cutoff   54      8.7395e+10 8.9521e+10  2.43%  78.7 2365s
 43323 22449 8.9521e+10   42  227 8.7395e+10 8.9521e+10  2.43%  78.6 2370s
 43456 22554 8.8990e+10   88   51 8.7395e+10 8.9521e+10  2.43%  78.5 2375s
 43546 22595     cutoff   44      8.7395e+10 8.9521e+10  2.43%  78.6 2380s
 43626 22640 8.9467e+10   35  244 8.7395e+10 8.9521e+10  2.43%  78.7 2385s
 43692 22675 8.9404e+10   42  142 8.7395e+10 8.9521e+10  2.43%  78.8 2390s
 43819 22755 8.8990e+10   64   84 8.7395e+10 8.9521e+10  2.43%  78.7 2395s
 43914 22808 8.9511e+10   41  301 8.7395e+10 8.9521e+10  2.43%  78.7 2400s
 43962 22822 8.7842e+10   46  161 8.7395e+10 8.9521e+10  2.43%  78.8 2405s
 44065 22902 8.8990e+10   99   88 8.7395e+10 8.9521e+10  2.43%  78.8 2410s
 44160 22958 8.8468e+10   44  183 8.7395e+10 8.9521e+10  2.43%  78.9 2415s
 44226 22980 8.9521e+10   35  250 8.7395e+10 8.9521e+10  2.43%  79.0 2420s
 44376 23094 infeasible  136      8.7395e+10 8.9521e+10  2.43%  78.9 2425s
 44454 23140 8.8667e+10   66  138 8.7395e+10 8.9521e+10  2.43%  78.9 2430s
 44565 23225 8.8990e+10   96   45 8.7395e+10 8.9521e+10  2.43%  78.9 2435s
 44686 23326 infeasible  124      8.7395e+10 8.9521e+10  2.43%  78.8 2440s
 44787 23393 8.8667e+10   44  166 8.7395e+10 8.9521e+10  2.43%  78.8 2445s
 44865 23439 8.9467e+10   46  225 8.7395e+10 8.9521e+10  2.43%  78.8 2450s
 44949 23440     cutoff   55      8.7395e+10 8.9521e+10  2.43%  79.0 2455s
 45020 23488 8.9467e+10   47  188 8.7395e+10 8.9521e+10  2.43%  79.1 2460s
 45052 23503 8.9308e+10   51  179 8.7395e+10 8.9521e+10  2.43%  79.1 2473s
 45085 23522 8.8667e+10   48  140 8.7395e+10 8.9521e+10  2.43%  79.1 2475s
 45176 23572 8.8508e+10   46  179 8.7395e+10 8.9521e+10  2.43%  79.2 2480s
 45197 23582 8.9519e+10   43  208 8.7395e+10 8.9521e+10  2.43%  79.2 2485s
 45252 23614 8.8990e+10   61  107 8.7395e+10 8.9521e+10  2.43%  79.4 2490s
 45348 23664 8.9404e+10   41  134 8.7395e+10 8.9521e+10  2.43%  79.5 2495s
 45427 23700 8.8437e+10   44  251 8.7395e+10 8.9521e+10  2.43%  79.6 2500s
 45476 23728 8.8075e+10   51  177 8.7395e+10 8.9521e+10  2.43%  79.7 2505s
 45525 23746 8.9404e+10   47  178 8.7395e+10 8.9521e+10  2.43%  79.8 2510s
 45623 23821 8.8990e+10   98   92 8.7395e+10 8.9521e+10  2.43%  79.9 2515s
 45695 23847 8.9521e+10   34  254 8.7395e+10 8.9521e+10  2.43%  80.0 2520s
 45751 23877 8.9231e+10   47  202 8.7395e+10 8.9521e+10  2.43%  80.0 2525s
 45847 23924 8.9511e+10   37  259 8.7395e+10 8.9521e+10  2.43%  80.1 2530s
 45909 23984 8.8990e+10   96   42 8.7395e+10 8.9521e+10  2.43%  80.0 2537s
 45955 24010 8.8990e+10   65  102 8.7395e+10 8.9521e+10  2.43%  80.0 2540s
 46079 24093 8.8990e+10   95   50 8.7395e+10 8.9521e+10  2.43%  79.9 2545s
 46148 24116     cutoff   50      8.7395e+10 8.9521e+10  2.43%  80.0 2550s
 46206 24142 8.7842e+10   51  159 8.7395e+10 8.9521e+10  2.43%  80.1 2555s
 46274 24199 8.8990e+10   87   28 8.7395e+10 8.9521e+10  2.43%  80.1 2560s
 46400 24291 8.8990e+10   98   27 8.7395e+10 8.9521e+10  2.43%  80.0 2565s
 46458 24322 8.9519e+10   42  244 8.7395e+10 8.9521e+10  2.43%  80.1 2570s
 46526 24358 8.8990e+10   41  123 8.7395e+10 8.9521e+10  2.43%  80.2 2575s
 46535 24367 8.8990e+10   49  118 8.7395e+10 8.9521e+10  2.43%  80.2 2587s
 46608 24428 8.8990e+10  106   65 8.7395e+10 8.9521e+10  2.43%  80.1 2590s
 46682 24450 8.8288e+10   50  178 8.7395e+10 8.9521e+10  2.43%  80.2 2595s
 46747 24473 8.8734e+10   48  158 8.7395e+10 8.9521e+10  2.43%  80.3 2600s
 46818 24517 8.8667e+10   53  166 8.7395e+10 8.9521e+10  2.43%  80.4 2605s
 46892 24578 8.8990e+10   80   94 8.7395e+10 8.9521e+10  2.43%  80.3 2610s
 46971 24618     cutoff   46      8.7395e+10 8.9521e+10  2.43%  80.4 2615s
 47069 24708 8.8990e+10   99   49 8.7395e+10 8.9521e+10  2.43%  80.3 2620s
 47137 24735 8.9521e+10   34  246 8.7395e+10 8.9521e+10  2.43%  80.4 2625s
 47192 24761 8.9404e+10   38  196 8.7395e+10 8.9521e+10  2.43%  80.5 2630s
 47256 24784 8.9117e+10   46  170 8.7395e+10 8.9521e+10  2.43%  80.6 2635s
 47336 24809     cutoff   50      8.7395e+10 8.9521e+10  2.43%  80.7 2640s
 47392 24831 8.9032e+10   47  165 8.7395e+10 8.9521e+10  2.43%  80.9 2645s
 47463 24866     cutoff   55      8.7395e+10 8.9521e+10  2.43%  81.0 2650s
 47530 24908 8.8990e+10   59  115 8.7395e+10 8.9521e+10  2.43%  81.0 2655s
 47625 24968     cutoff   50      8.7395e+10 8.9521e+10  2.43%  81.0 2660s
 47696 25012 8.9404e+10   44  253 8.7395e+10 8.9521e+10  2.43%  81.0 2665s
 47772 25049     cutoff   48      8.7395e+10 8.9521e+10  2.43%  81.1 2670s
 47818 25070 8.9404e+10   40  157 8.7395e+10 8.9521e+10  2.43%  81.3 2675s
 47889 25120 8.8990e+10   68   82 8.7395e+10 8.9521e+10  2.43%  81.3 2680s
 47976 25174 8.8990e+10   70  104 8.7395e+10 8.9521e+10  2.43%  81.3 2685s
 48115 25281 8.8990e+10  134   63 8.7395e+10 8.9521e+10  2.43%  81.2 2693s
 48141 25283 8.8990e+10  136   63 8.7395e+10 8.9521e+10  2.43%  81.2 2695s
 48222 25309 8.9521e+10   38  167 8.7395e+10 8.9521e+10  2.43%  81.2 2700s
 48343 25401 8.8990e+10  123   38 8.7395e+10 8.9521e+10  2.43%  81.2 2705s
 48493 25512 8.8990e+10   65  112 8.7395e+10 8.9521e+10  2.43%  81.0 2710s
 48601 25594 8.8990e+10   72   94 8.7395e+10 8.9521e+10  2.43%  81.0 2715s
 48710 25682 8.8990e+10   84   49 8.7395e+10 8.9521e+10  2.43%  80.9 2720s
 48755 25705 8.9404e+10   40  180 8.7395e+10 8.9521e+10  2.43%  81.0 2725s
 48780 25715     cutoff   42      8.7395e+10 8.9521e+10  2.43%  81.1 2730s
 48820 25731 8.7842e+10   49  110 8.7395e+10 8.9521e+10  2.43%  81.2 2735s
 48905 25785 8.8288e+10   49  153 8.7395e+10 8.9521e+10  2.43%  81.2 2740s
 48979 25814 8.9521e+10   31  281 8.7395e+10 8.9521e+10  2.43%  81.3 2745s
 49051 25866 8.8288e+10   48  166 8.7395e+10 8.9521e+10  2.43%  81.4 2750s
 49128 25900 8.8990e+10   59  138 8.7395e+10 8.9521e+10  2.43%  81.4 2755s
 49218 25972 8.8990e+10  120   51 8.7395e+10 8.9521e+10  2.43%  81.4 2760s
 49301 26030 8.9467e+10   39  213 8.7395e+10 8.9521e+10  2.43%  81.4 2765s
 49366 26070 8.9467e+10   47  274 8.7395e+10 8.9521e+10  2.43%  81.5 2770s
 49417 26095 8.8437e+10   43  231 8.7395e+10 8.9521e+10  2.43%  81.7 2775s
 49500 26156 8.8226e+10   43  173 8.7395e+10 8.9521e+10  2.43%  81.7 2780s
 49569 26187 8.8667e+10   45  196 8.7395e+10 8.9521e+10  2.43%  81.8 2785s
 49623 26213 8.9467e+10   42  231 8.7395e+10 8.9521e+10  2.43%  81.9 2790s
 49682 26243 8.8667e+10   53  184 8.7395e+10 8.9521e+10  2.43%  82.0 2795s
 49757 26285 8.8667e+10   47  200 8.7395e+10 8.9521e+10  2.43%  82.1 2800s
 49820 26316 8.9521e+10   31  253 8.7395e+10 8.9521e+10  2.43%  82.1 2805s
 49876 26350 8.9467e+10   38  244 8.7395e+10 8.9521e+10  2.43%  82.2 2810s
 49938 26390 8.8667e+10   42  135 8.7395e+10 8.9521e+10  2.43%  82.3 2815s
 50028 26448     cutoff   67      8.7395e+10 8.9521e+10  2.43%  82.3 2820s
 50107 26476     cutoff   56      8.7395e+10 8.9521e+10  2.43%  82.4 2825s
 50157 26491 8.9521e+10   37  184 8.7395e+10 8.9521e+10  2.43%  82.5 2830s
 50229 26547 8.8990e+10   69  136 8.7395e+10 8.9521e+10  2.43%  82.5 2835s
 50290 26585 8.8667e+10   43  204 8.7395e+10 8.9521e+10  2.43%  82.6 2840s
 50352 26610 8.8371e+10   48  275 8.7395e+10 8.9521e+10  2.43%  82.7 2845s
 50405 26641     cutoff   54      8.7395e+10 8.9521e+10  2.43%  82.9 2850s
 50458 26673 8.8455e+10   47  155 8.7395e+10 8.9521e+10  2.43%  82.9 2855s
 50531 26711 8.9441e+10   44  219 8.7395e+10 8.9521e+10  2.43%  83.0 2860s
 50580 26722 8.9467e+10   40  185 8.7395e+10 8.9521e+10  2.43%  83.1 2865s
 50631 26745 8.9467e+10   39  269 8.7395e+10 8.9521e+10  2.43%  83.3 2870s
 50692 26779 8.9404e+10   44  204 8.7395e+10 8.9521e+10  2.43%  83.4 2875s
 50804 26849 8.8288e+10   59  176 8.7395e+10 8.9521e+10  2.43%  83.4 2880s
 50842 26869 8.8288e+10   44  176 8.7395e+10 8.9521e+10  2.43%  83.5 2885s
 50895 26893 8.9032e+10   46  170 8.7395e+10 8.9521e+10  2.43%  83.6 2890s
 50948 26923 8.9330e+10   50  185 8.7395e+10 8.9521e+10  2.43%  83.6 2895s
 50994 26938 8.9404e+10   40  230 8.7395e+10 8.9521e+10  2.43%  83.8 2900s
 51010 26953 8.8288e+10   48  207 8.7395e+10 8.9521e+10  2.43%  83.8 2905s
 51072 26970 8.9441e+10   43  270 8.7395e+10 8.9521e+10  2.43%  83.9 2910s
 51140 27008 8.8990e+10   51   84 8.7395e+10 8.9521e+10  2.43%  83.9 2915s
 51270 27106 8.9404e+10   47  223 8.7395e+10 8.9521e+10  2.43%  83.8 2920s
 51320 27127 8.9521e+10   34  234 8.7395e+10 8.9521e+10  2.43%  83.9 2925s
 51364 27155 8.7842e+10   46  145 8.7395e+10 8.9521e+10  2.43%  84.1 2930s
 51441 27215 8.8990e+10   78   78 8.7395e+10 8.9521e+10  2.43%  84.1 2935s
 51580 27332 8.8990e+10  146   17 8.7395e+10 8.9521e+10  2.43%  83.9 2940s
 51657 27346 8.8009e+10   51  169 8.7395e+10 8.9521e+10  2.43%  84.0 2945s
 51755 27428 8.8990e+10  120   56 8.7395e+10 8.9521e+10  2.43%  84.0 2951s
 51806 27451 8.8667e+10   51  137 8.7395e+10 8.9521e+10  2.43%  84.0 2955s
 51893 27517 8.8990e+10   88   74 8.7395e+10 8.9521e+10  2.43%  84.0 2960s
 51980 27568 8.8288e+10   48  177 8.7395e+10 8.9521e+10  2.43%  84.0 2965s
 52121 27682 8.8990e+10  133   20 8.7395e+10 8.9521e+10  2.43%  83.9 2970s
 52181 27710 8.8288e+10   44  190 8.7395e+10 8.9521e+10  2.43%  84.0 2975s
 52226 27735 8.9521e+10   36  286 8.7395e+10 8.9521e+10  2.43%  84.1 2980s
 52282 27766 8.8288e+10   47  194 8.7395e+10 8.9521e+10  2.43%  84.1 2985s
 52312 27782 8.8226e+10   49  153 8.7395e+10 8.9521e+10  2.43%  84.2 2990s
 52396 27814 8.9521e+10   41  203 8.7395e+10 8.9521e+10  2.43%  84.2 2995s
 52522 27917 8.8990e+10  136   56 8.7395e+10 8.9521e+10  2.43%  84.2 3000s
 52629 27980 8.8990e+10   58   84 8.7395e+10 8.9521e+10  2.43%  84.2 3005s
 52703 28029 8.8468e+10   47  178 8.7395e+10 8.9521e+10  2.43%  84.2 3010s
 52750 28041 8.9521e+10   42  243 8.7395e+10 8.9521e+10  2.43%  84.3 3015s
 52846 28105 infeasible   78      8.7395e+10 8.9521e+10  2.43%  84.3 3020s
 52979 28200 8.8990e+10   63   91 8.7395e+10 8.9521e+10  2.43%  84.2 3025s
 53096 28301 8.8990e+10  101   46 8.7395e+10 8.9521e+10  2.43%  84.1 3030s
 53163 28331     cutoff   50      8.7395e+10 8.9521e+10  2.43%  84.1 3035s
 53245 28387 8.9191e+10   44  177 8.7395e+10 8.9521e+10  2.43%  84.1 3040s
 53322 28438 8.8990e+10   73   94 8.7395e+10 8.9521e+10  2.43%  84.2 3045s
 53423 28503 8.8990e+10   83   77 8.7395e+10 8.9521e+10  2.43%  84.1 3050s
 53510 28543     cutoff   51      8.7395e+10 8.9521e+10  2.43%  84.2 3055s
 53597 28628 8.8990e+10   63  106 8.7395e+10 8.9521e+10  2.43%  84.2 3060s
 53723 28696 8.8990e+10   60  107 8.7395e+10 8.9521e+10  2.43%  84.0 3065s
 53798 28763     cutoff  109      8.7395e+10 8.9521e+10  2.43%  84.0 3070s
 53869 28765     cutoff   50      8.7395e+10 8.9521e+10  2.43%  84.1 3075s
 53952 28813     cutoff   44      8.7395e+10 8.9521e+10  2.43%  84.2 3080s
 54061 28892 8.9404e+10   42  230 8.7395e+10 8.9521e+10  2.43%  84.1 3085s
 54164 28983 8.8990e+10  125   20 8.7395e+10 8.9520e+10  2.43%  84.1 3090s
 54250 29034 8.8990e+10   89   79 8.7395e+10 8.9520e+10  2.43%  84.1 3095s
 54344 29092 8.8990e+10   55   94 8.7395e+10 8.9520e+10  2.43%  84.1 3100s
 54464 29182 8.8990e+10  104   39 8.7395e+10 8.9519e+10  2.43%  84.0 3105s
 54530 29197 8.9509e+10   45  193 8.7395e+10 8.9519e+10  2.43%  84.1 3110s
 54680 29331 8.8990e+10  130   40 8.7395e+10 8.9519e+10  2.43%  83.9 3115s
 54687 29336 8.8990e+10  135   20 8.7395e+10 8.9519e+10  2.43%  83.9 3121s
 54747 29372 8.8990e+10   73   85 8.7395e+10 8.9519e+10  2.43%  83.9 3125s
 54840 29434 8.8990e+10   90   66 8.7395e+10 8.9519e+10  2.43%  83.9 3130s
 54923 29503 8.8990e+10  101  123 8.7395e+10 8.9519e+10  2.43%  83.8 3135s
 55022 29547 8.8990e+10   67   85 8.7395e+10 8.9519e+10  2.43%  83.9 3140s
 55149 29654 8.8990e+10   75  128 8.7395e+10 8.9519e+10  2.43%  83.8 3145s
 55279 29734     cutoff   43      8.7395e+10 8.9519e+10  2.43%  83.7 3150s
 55411 29838 8.8990e+10   67   91 8.7395e+10 8.9519e+10  2.43%  83.7 3155s
 55527 29930 8.8990e+10   71   72 8.7395e+10 8.9519e+10  2.43%  83.6 3160s
 55640 30010 8.8990e+10   50  114 8.7395e+10 8.9519e+10  2.43%  83.5 3165s
 55764 30101 8.8990e+10   87   81 8.7395e+10 8.9519e+10  2.43%  83.4 3170s
 55878 30179 8.8990e+10   69   73 8.7395e+10 8.9519e+10  2.43%  83.4 3175s
 55995 30272 8.8990e+10  102   65 8.7395e+10 8.9519e+10  2.43%  83.3 3180s
 56073 30328 8.8990e+10   52  115 8.7395e+10 8.9519e+10  2.43%  83.3 3185s
 56111 30360 8.8990e+10   69   69 8.7395e+10 8.9519e+10  2.43%  83.2 3190s
 56223 30414 8.9519e+10   42  324 8.7395e+10 8.9519e+10  2.43%  83.2 3195s
 56389 30549 8.8990e+10  128   21 8.7395e+10 8.9519e+10  2.43%  83.1 3200s
 56511 30642 infeasible  128      8.7395e+10 8.9519e+10  2.43%  83.0 3205s
 56633 30743 8.8990e+10   81   87 8.7395e+10 8.9519e+10  2.43%  82.9 3210s
 56750 30826 8.8990e+10   83   68 8.7395e+10 8.9519e+10  2.43%  82.9 3215s
 56835 30872 8.8075e+10   47  203 8.7395e+10 8.9519e+10  2.43%  82.9 3220s
 56903 30919 8.8990e+10   72   82 8.7395e+10 8.9519e+10  2.43%  83.0 3225s
 56964 30948 8.8803e+10   42  234 8.7395e+10 8.9519e+10  2.43%  83.0 3230s
 57111 31071 8.8990e+10   89   67 8.7395e+10 8.9519e+10  2.43%  82.9 3235s
 57224 31153 8.8990e+10  105   43 8.7395e+10 8.9519e+10  2.43%  82.9 3240s
 57320 31206 8.8990e+10   79   52 8.7395e+10 8.9519e+10  2.43%  82.8 3245s
 57410 31258 infeasible   74      8.7395e+10 8.9519e+10  2.43%  82.8 3250s
 57496 31335 8.9191e+10   49  213 8.7395e+10 8.9519e+10  2.43%  82.8 3255s
 57573 31368 8.8984e+10   45  247 8.7395e+10 8.9518e+10  2.43%  82.9 3260s
 57711 31453 8.8990e+10   43   97 8.7395e+10 8.9517e+10  2.43%  82.8 3265s
 57830 31541 8.8990e+10   59   97 8.7395e+10 8.9517e+10  2.43%  82.7 3270s
 57956 31612 8.7842e+10   49  242 8.7395e+10 8.9517e+10  2.43%  82.7 3275s
 58084 31694 8.8990e+10   51   96 8.7395e+10 8.9517e+10  2.43%  82.6 3280s
 58197 31781 8.8990e+10   77   73 8.7395e+10 8.9516e+10  2.43%  82.6 3285s
 58276 31819 8.7842e+10   49  196 8.7395e+10 8.9516e+10  2.43%  82.6 3290s
 58339 31841 8.8437e+10   55  186 8.7395e+10 8.9516e+10  2.43%  82.7 3295s
 58460 31946     cutoff  124      8.7395e+10 8.9514e+10  2.42%  82.6 3300s
 58565 32019 8.9415e+10   44  223 8.7395e+10 8.9514e+10  2.42%  82.6 3305s
 58682 32100 8.8990e+10   62  114 8.7395e+10 8.9513e+10  2.42%  82.5 3310s
 58783 32171 8.9415e+10   44  167 8.7395e+10 8.9512e+10  2.42%  82.5 3315s
 58936 32296 8.8990e+10  103   56 8.7395e+10 8.9512e+10  2.42%  82.3 3320s
 59036 32344 8.8990e+10   54  103 8.7395e+10 8.9511e+10  2.42%  82.4 3325s
 59182 32456 8.8990e+10   84   76 8.7395e+10 8.9511e+10  2.42%  82.2 3330s
 59276 32526 8.8990e+10   82   92 8.7395e+10 8.9511e+10  2.42%  82.2 3335s
 59395 32619 infeasible  119      8.7395e+10 8.9511e+10  2.42%  82.1 3340s
 59502 32687 8.8990e+10   91   62 8.7395e+10 8.9509e+10  2.42%  82.1 3345s
 59590 32743     cutoff   52      8.7395e+10 8.9509e+10  2.42%  82.1 3350s
 59687 32820 8.8990e+10   76   90 8.7395e+10 8.9509e+10  2.42%  82.1 3355s
 59817 32899 8.8075e+10   53  166 8.7395e+10 8.9509e+10  2.42%  82.1 3360s
 59908 32955 8.8990e+10   78  125 8.7395e+10 8.9509e+10  2.42%  82.1 3365s
 60009 33028 8.8075e+10   49  156 8.7395e+10 8.9509e+10  2.42%  82.0 3370s
 60106 33102 8.8075e+10   53  158 8.7395e+10 8.9509e+10  2.42%  82.0 3375s
 60144 33127 8.8990e+10   64   96 8.7395e+10 8.9509e+10  2.42%  82.1 3380s
 60277 33246 infeasible  112      8.7395e+10 8.9509e+10  2.42%  82.0 3385s
 60362 33290 8.8075e+10   51  178 8.7395e+10 8.9509e+10  2.42%  82.0 3390s
 60477 33358 8.8990e+10   93   57 8.7395e+10 8.9509e+10  2.42%  82.0 3395s
 60629 33475 8.8990e+10  102   58 8.7395e+10 8.9509e+10  2.42%  81.9 3400s
 60700 33515 8.9295e+10   36  190 8.7395e+10 8.9509e+10  2.42%  81.9 3405s
 60787 33572 8.8075e+10   52  173 8.7395e+10 8.9509e+10  2.42%  81.9 3410s
 60827 33595 8.8075e+10   52  181 8.7395e+10 8.9509e+10  2.42%  82.0 3415s
 60948 33683 8.9191e+10   43  154 8.7395e+10 8.9509e+10  2.42%  81.9 3420s
 61014 33713 8.9509e+10   44  167 8.7395e+10 8.9509e+10  2.42%  82.0 3425s
 61132 33813 8.7586e+10   48  105 8.7395e+10 8.9509e+10  2.42%  82.0 3430s
 61180 33837     cutoff   49      8.7395e+10 8.9509e+10  2.42%  82.0 3435s
 61212 33865 8.8455e+10   55  186 8.7395e+10 8.9509e+10  2.42%  82.0 3441s
 61262 33879 8.9191e+10   44  165 8.7395e+10 8.9509e+10  2.42%  82.1 3445s
 61341 33891 8.9191e+10   45  120 8.7395e+10 8.9509e+10  2.42%  82.2 3450s
 61416 33930 8.8455e+10   56  159 8.7395e+10 8.9509e+10  2.42%  82.3 3455s
 61460 33948 8.8700e+10   55  214 8.7395e+10 8.9509e+10  2.42%  82.3 3460s
 61517 33965 8.9191e+10   40  140 8.7395e+10 8.9509e+10  2.42%  82.4 3465s
 61586 34004 8.9191e+10   41  229 8.7395e+10 8.9509e+10  2.42%  82.5 3470s
 61728 34113 8.9509e+10   36  255 8.7395e+10 8.9509e+10  2.42%  82.4 3475s
 61784 34139 8.7629e+10   53  165 8.7395e+10 8.9509e+10  2.42%  82.5 3480s
 61812 34149     cutoff   52      8.7395e+10 8.9509e+10  2.42%  82.6 3485s
 61851 34169 8.8075e+10   53  154 8.7395e+10 8.9509e+10  2.42%  82.7 3490s
 61898 34186 8.9191e+10   43  205 8.7395e+10 8.9509e+10  2.42%  82.8 3495s
 61963 34240 8.8455e+10   57  195 8.7395e+10 8.9509e+10  2.42%  82.8 3500s
 62015 34285 8.8455e+10   63  207 8.7395e+10 8.9509e+10  2.42%  82.9 3505s
 62103 34338     cutoff   60      8.7395e+10 8.9509e+10  2.42%  82.9 3510s
 62172 34371 8.8075e+10   51  140 8.7395e+10 8.9509e+10  2.42%  83.0 3515s
 62285 34459 8.8990e+10   84   58 8.7395e+10 8.9509e+10  2.42%  83.0 3520s
 62370 34488     cutoff   56      8.7395e+10 8.9509e+10  2.42%  83.0 3525s
 62451 34528 8.9191e+10   49  138 8.7395e+10 8.9509e+10  2.42%  83.1 3530s
 62518 34559 8.9191e+10   42  147 8.7395e+10 8.9509e+10  2.42%  83.2 3535s
 62564 34579 8.8990e+10   52   89 8.7395e+10 8.9509e+10  2.42%  83.3 3540s
 62679 34675 8.8990e+10   93   27 8.7395e+10 8.9509e+10  2.42%  83.2 3552s
 62725 34691 infeasible   50      8.7395e+10 8.9509e+10  2.42%  83.2 3555s
 62800 34735 8.8455e+10   46  167 8.7395e+10 8.9509e+10  2.42%  83.3 3560s
 62875 34786 8.9344e+10   44  181 8.7395e+10 8.9509e+10  2.42%  83.3 3565s
 62940 34810 8.9509e+10   49  187 8.7395e+10 8.9509e+10  2.42%  83.4 3570s
 63011 34839     cutoff   51      8.7395e+10 8.9509e+10  2.42%  83.5 3575s
 63059 34855     cutoff   51      8.7395e+10 8.9509e+10  2.42%  83.6 3580s
 63144 34924 infeasible   89      8.7395e+10 8.9509e+10  2.42%  83.5 3585s
 63267 35016 8.8990e+10  110   39 8.7395e+10 8.9509e+10  2.42%  83.5 3590s
 63340 35038     cutoff   50      8.7395e+10 8.9509e+10  2.42%  83.5 3595s

Cutting planes:
  Learned: 1
  Gomory: 17
  Cover: 2036
  Implied bound: 1455
  Projected implied bound: 7
  Clique: 34
  MIR: 208
  Mixing: 2
  StrongCG: 2
  Flow cover: 998
  Inf proof: 100
  Zero half: 34
  RLT: 101
  Relax-and-lift: 127
  BQP: 13
  PSD: 3

Explored 63364 nodes (5324994 simplex iterations) in 3597.14 seconds (1649.44 work units)
Thread count was 1 (of 28 available processors)

Solution count 10: 8.73952e+10 8.71826e+10 8.44024e+10 ... 6.8364e+10

Time limit reached
Best objective 8.739515640000e+10, best bound 8.950912941176e+10, gap 2.4189%

User-callback calls 1075737, time in user-callback 0.98 sec