Gurobi Optimizer version 12.0.3 build v12.0.3rc0 (linux64 - "Oracle Linux Server 9.4")

CPU model: Intel(R) Xeon(R) CPU E5-2660 v4 @ 2.00GHz, instruction set [SSE2|AVX|AVX2]
Thread count: 28 physical cores, 28 logical processors, using up to 1 threads

Non-default parameters:
TimeLimit  3598.025306208
SoftMemLimit  16
NumericFocus  1
Threads  1

Academic license 2690100 - for non-commercial use only - registered to ju___@uclm.es
Optimize a model with 18345 rows, 4390 columns and 66264 nonzeros
Model fingerprint: 0x2ec9b7a6
Variable types: 72 continuous, 4318 integer (4318 binary)
Coefficient statistics:
  Matrix range     [1e+00, 2e+13]
  Objective range  [9e+08, 8e+09]
  Bounds range     [3e+02, 1e+04]
  RHS range        [1e+00, 2e+14]
Warning: Model contains large matrix coefficient range
Warning: Model contains large objective coefficients
Warning: Model contains large rhs
Found heuristic solution: objective -0.0000000
Presolve removed 6158 rows and 712 columns
Presolve time: 0.44s
Presolved: 12187 rows, 3678 columns, 43998 nonzeros
Variable types: 64 continuous, 3614 integer (3614 binary)

Root relaxation: objective 9.508848e+10, 1118 iterations, 0.08 seconds (0.05 work units)

    Nodes    |    Current Node    |     Objective Bounds      |     Work
 Expl Unexpl |  Obj  Depth IntInf | Incumbent    BestBd   Gap | It/Node Time

     0     0 9.5088e+10    0  263   -0.00000 9.5088e+10      -     -    1s
     0     0 9.5088e+10    0  235   -0.00000 9.5088e+10      -     -    1s
     0     0 9.5088e+10    0  340   -0.00000 9.5088e+10      -     -    1s
     0     0 9.5088e+10    0  263   -0.00000 9.5088e+10      -     -    1s
H    0     0                    2.335159e+10 9.5088e+10   307%     -    1s
     0     0 9.5088e+10    0  262 2.3352e+10 9.5088e+10   307%     -    1s
     0     0 9.5088e+10    0  101 2.3352e+10 9.5088e+10   307%     -    3s
     0     0 9.5088e+10    0  135 2.3352e+10 9.5088e+10   307%     -    4s
     0     0 9.5088e+10    0   31 2.3352e+10 9.5088e+10   307%     -    4s
H    0     0                    2.975469e+10 9.5088e+10   220%     -    4s
     0     0 9.5088e+10    0   80 2.9755e+10 9.5088e+10   220%     -    5s
H    0     0                    3.275088e+10 9.5088e+10   190%     -    5s
     0     0 9.5088e+10    0   75 3.2751e+10 9.5088e+10   190%     -    5s
     0     0 9.5088e+10    0   79 3.2751e+10 9.5088e+10   190%     -    5s
     0     0 9.5088e+10    0   67 3.2751e+10 9.5088e+10   190%     -    6s
H    0     0                    8.006928e+10 9.5088e+10  18.8%     -    6s
     0     0 9.5088e+10    0  141 8.0069e+10 9.5088e+10  18.8%     -    6s
     0     0 9.5088e+10    0  136 8.0069e+10 9.5088e+10  18.8%     -    6s
     0     0 9.5088e+10    0   44 8.0069e+10 9.5088e+10  18.8%     -    7s
     0     0 9.5088e+10    0   42 8.0069e+10 9.5088e+10  18.8%     -    7s
     0     2 9.5088e+10    0   42 8.0069e+10 9.5088e+10  18.8%     -    8s
    78    60 9.5088e+10   12  104 8.0069e+10 9.5088e+10  18.8%  44.2   10s
   417   216 9.3018e+10   69   22 8.0069e+10 9.5088e+10  18.8%  20.5   15s
   756   389 9.3018e+10   66  262 8.0069e+10 9.5088e+10  18.8%  15.9   23s
   759   391 9.3018e+10   75  190 8.0069e+10 9.5088e+10  18.8%  15.8   25s
   771   400 9.2748e+10   62  220 8.0069e+10 9.4728e+10  18.3%  24.7   30s
   783   409 9.4728e+10   55  238 8.0069e+10 9.4728e+10  18.3%  38.2   35s
   793   416 9.2349e+10   45  171 8.0069e+10 9.4725e+10  18.3%  37.7   40s
H  799   398                    8.311680e+10 9.4725e+10  14.0%  37.4   43s
H  799   378                    8.428680e+10 9.4725e+10  12.4%  37.4   43s
H  799   359                    8.662680e+10 9.4188e+10  8.73%  37.4   43s
H  799   340                    8.779680e+10 9.4188e+10  7.28%  37.4   43s
H  800   323                    8.869680e+10 9.4188e+10  6.19%  62.3   43s
   854   358 8.9328e+10   61   68 8.8697e+10 9.4188e+10  6.19%  61.5   45s
  1051   438 9.2349e+10   55   93 8.8697e+10 9.4188e+10  6.19%  55.9   50s
  1317   553 9.4188e+10   49  120 8.8697e+10 9.4188e+10  6.19%  49.5   55s
  1576   648 9.2349e+10   67   57 8.8697e+10 9.4188e+10  6.19%  46.0   60s
  1964   897 9.2349e+10   75   69 8.8697e+10 9.4188e+10  6.19%  42.0   65s
  2113  1012 9.3719e+10   46   70 8.8697e+10 9.4188e+10  6.19%  40.9   70s
  2419  1261 9.2349e+10   61   71 8.8697e+10 9.4188e+10  6.19%  40.4   75s
  2683  1456 9.2349e+10   72   53 8.8697e+10 9.4188e+10  6.19%  41.6   80s
H 2765  1343                    9.000919e+10 9.4188e+10  4.64%  42.2   81s
H 2849   258                    9.234919e+10 9.4188e+10  1.99%  41.6   84s
  2853   256 9.4188e+10   45  110 9.2349e+10 9.4188e+10  1.99%  41.5   85s
  3094   397 9.2748e+10   55   58 9.2349e+10 9.4188e+10  1.99%  41.5   90s
  3364   583 9.2748e+10   54   51 9.2349e+10 9.4188e+10  1.99%  41.1   95s
  3658   786 infeasible   92      9.2349e+10 9.4188e+10  1.99%  40.4  100s
  3934   957 9.2748e+10   65   59 9.2349e+10 9.4188e+10  1.99%  40.7  105s
  4252  1156 9.2748e+10   60   56 9.2349e+10 9.4188e+10  1.99%  39.6  110s
  4477  1275     cutoff   42      9.2349e+10 9.4188e+10  1.99%  40.8  115s
  4595  1267     cutoff   48      9.2349e+10 9.4188e+10  1.99%  43.2  120s
  4716  1258 9.3966e+10   56  124 9.2349e+10 9.4188e+10  1.99%  45.7  125s
  4891  1213 9.3719e+10   53  144 9.2349e+10 9.4188e+10  1.99%  48.2  130s
  4989  1173     cutoff   41      9.2349e+10 9.4188e+10  1.99%  50.4  135s
  5136  1162 9.2748e+10   55  262 9.2349e+10 9.4188e+10  1.99%  52.4  143s
  5144  1167 9.3918e+10   51  138 9.2349e+10 9.4188e+10  1.99%  52.3  145s
  5155  1175 9.2748e+10  120  126 9.2349e+10 9.4188e+10  1.99%  52.2  150s
  5283  1234     cutoff   54      9.2349e+10 9.4188e+10  1.99%  57.5  155s
  5436  1282 9.2748e+10   58   76 9.2349e+10 9.4188e+10  1.99%  57.5  160s
  5637  1336 9.3018e+10   86   49 9.2349e+10 9.4188e+10  1.99%  57.4  165s
  5768  1338     cutoff   49      9.2349e+10 9.4188e+10  1.99%  58.5  170s
  5894  1335 9.3719e+10   62  128 9.2349e+10 9.4188e+10  1.99%  59.4  175s
  5981  1319 9.3648e+10   71  101 9.2349e+10 9.4188e+10  1.99%  60.0  180s
  6140  1296 9.3018e+10   70   64 9.2349e+10 9.4175e+10  1.98%  60.9  185s
  6348  1257 9.3215e+10   73  142 9.2349e+10 9.4175e+10  1.98%  60.7  190s
  6505  1191 9.2999e+10   55  127 9.2349e+10 9.4175e+10  1.98%  61.1  195s
  6752  1255 9.2915e+10   59  137 9.2349e+10 9.3914e+10  1.69%  60.1  200s
  7042  1396 9.2748e+10  116    4 9.2349e+10 9.3914e+10  1.69%  58.3  205s
* 7046  1074             120    9.274848e+10 9.3914e+10  1.26%  58.3  205s
  7199  1007 9.3215e+10   57  145 9.2748e+10 9.3648e+10  0.97%  59.4  210s
  7442   888     cutoff   61      9.2748e+10 9.3648e+10  0.97%  59.6  215s
  7838   840     cutoff   57      9.2748e+10 9.3215e+10  0.50%  58.3  220s
  8167   896 9.3018e+10   81   69 9.2748e+10 9.3198e+10  0.49%  57.2  225s
  8456  1003 9.3069e+10   54  158 9.2748e+10 9.3092e+10  0.37%  56.1  230s
  9092  1063 infeasible  108      9.2748e+10 9.3018e+10  0.29%  53.3  235s
  9754  1090 9.3018e+10   87   14 9.2748e+10 9.3018e+10  0.29%  51.1  240s
 10322  1117 infeasible   98      9.2748e+10 9.3018e+10  0.29%  49.0  245s
 11098  1131 infeasible   69      9.2748e+10 9.3018e+10  0.29%  46.6  250s
 11741  1133 9.3018e+10   75   20 9.2748e+10 9.3018e+10  0.29%  45.6  255s
 12220  1188 infeasible  113      9.2748e+10 9.3018e+10  0.29%  44.9  260s
H12363     3                    9.301848e+10 9.3018e+10  0.00%  44.8  261s

Cutting planes:
  Learned: 11
  Gomory: 4
  Lift-and-project: 1
  Cover: 9
  Implied bound: 7
  Clique: 4
  MIR: 2
  Flow cover: 10
  Inf proof: 3
  Zero half: 1
  RLT: 2
  Relax-and-lift: 1
  BQP: 1

Explored 12364 nodes (582454 simplex iterations) in 261.88 seconds (126.45 work units)
Thread count was 1 (of 28 available processors)

Solution count 10: 9.30185e+10 9.27485e+10 9.23492e+10 ... 8.00693e+10

Optimal solution found (tolerance 1.00e-04)
Best objective 9.301848075000e+10, best bound 9.301848075001e+10, gap 0.0000%

User-callback calls 126742, time in user-callback 0.08 sec