Gurobi Optimizer version 12.0.3 build v12.0.3rc0 (linux64 - "Oracle Linux Server 9.4")

CPU model: Intel(R) Xeon(R) CPU E5-2660 v4 @ 2.00GHz, instruction set [SSE2|AVX|AVX2]
Thread count: 28 physical cores, 28 logical processors, using up to 1 threads

Non-default parameters:
TimeLimit  3597.357099508
SoftMemLimit  16
NumericFocus  1
Threads  1

Academic license 2690100 - for non-commercial use only - registered to ju___@uclm.es
Optimize a model with 21709 rows, 4916 columns and 97784 nonzeros
Model fingerprint: 0x4c59d1c6
Variable types: 72 continuous, 4844 integer (4844 binary)
Coefficient statistics:
  Matrix range     [1e+00, 7e+12]
  Objective range  [3e+08, 3e+09]
  Bounds range     [1e+03, 1e+04]
  RHS range        [1e+00, 2e+14]
Warning: Model contains large matrix coefficient range
Warning: Model contains large objective coefficients
Warning: Model contains large rhs
Found heuristic solution: objective -0.0000000
Presolve removed 16272 rows and 3199 columns
Presolve time: 0.27s
Presolved: 5437 rows, 1717 columns, 19982 nonzeros
Variable types: 58 continuous, 1659 integer (1659 binary)

Root relaxation: objective 8.420480e+10, 807 iterations, 0.05 seconds (0.03 work units)

    Nodes    |    Current Node    |     Objective Bounds      |     Work
 Expl Unexpl |  Obj  Depth IntInf | Incumbent    BestBd   Gap | It/Node Time

     0     0 8.4205e+10    0  193   -0.00000 8.4205e+10      -     -    0s
H    0     0                    9.360802e+09 8.4205e+10   800%     -    0s
H    0     0                    1.470680e+10 8.4205e+10   473%     -    0s
     0     0 8.4205e+10    0  273 1.4707e+10 8.4205e+10   473%     -    0s
     0     0 8.4205e+10    0  175 1.4707e+10 8.4205e+10   473%     -    0s
     0     0 8.4205e+10    0   35 1.4707e+10 8.4205e+10   473%     -    1s
H    0     0                    2.005280e+10 8.4205e+10   320%     -    1s
     0     0 8.4205e+10    0   12 2.0053e+10 8.4205e+10   320%     -    1s
     0     0 8.4205e+10    0   22 2.0053e+10 8.4205e+10   320%     -    1s
     0     0 8.4205e+10    0  118 2.0053e+10 8.4205e+10   320%     -    1s
     0     0 8.4205e+10    0  110 2.0053e+10 8.4205e+10   320%     -    1s
     0     0 8.4205e+10    0    4 2.0053e+10 8.4205e+10   320%     -    1s
H    0     0                    3.341780e+10 8.4205e+10   152%     -    1s
     0     0 8.4205e+10    0    4 3.3418e+10 8.4205e+10   152%     -    1s
     0     0 8.4205e+10    0   10 3.3418e+10 8.4205e+10   152%     -    1s
     0     0 8.4205e+10    0    6 3.3418e+10 8.4205e+10   152%     -    2s
     0     0 8.4205e+10    0    6 3.3418e+10 8.4205e+10   152%     -    2s
     0     0 8.4205e+10    0   97 3.3418e+10 8.4205e+10   152%     -    2s
     0     0 8.4205e+10    0   13 3.3418e+10 8.4205e+10   152%     -    2s
     0     0 8.4205e+10    0   12 3.3418e+10 8.4205e+10   152%     -    2s
     0     2 8.4205e+10    0   10 3.3418e+10 8.4205e+10   152%     -    2s
H   26    23                    3.609080e+10 8.4205e+10   133%  59.7    2s
H   78    61                    4.945580e+10 8.4205e+10  70.3%  32.5    3s
H  104    70                    5.212880e+10 8.4205e+10  61.5%  30.2    4s
H  104    70                    5.747480e+10 8.4205e+10  46.5%  30.2    4s
H  104    70                    6.014780e+10 8.4205e+10  40.0%  30.2    4s
H  109    70                    6.282080e+10 8.4205e+10  34.0%  29.0    4s
H  109    70                    6.549380e+10 8.4205e+10  28.6%  29.0    4s
H  136    91                    6.816680e+10 8.4205e+10  23.5%  27.6    4s
H  136    91                    7.083980e+10 8.4205e+10  18.9%  27.6    4s
H  164   110                    7.351280e+10 8.4205e+10  14.5%  25.4    4s
   238   144 8.4205e+10   75   71 7.3513e+10 8.4205e+10  14.5%  21.7    5s
H  274   154                    7.618580e+10 8.4205e+10  10.5%  21.1    5s
H  383   233                    7.885880e+10 8.4205e+10  6.78%  20.3    5s
   707   411 8.4205e+10    6   77 7.8859e+10 8.4205e+10  6.78%  19.0   10s
   726   424 8.4205e+10  107    4 7.8859e+10 8.4205e+10  6.78%  18.5   15s
   955   538 8.4205e+10   76   47 7.8859e+10 8.4205e+10  6.78%  30.6   20s
*  976   524              88    8.131800e+10 8.4205e+10  3.55%  30.4   20s
  1173   483 8.4205e+10   92   47 8.1318e+10 8.4205e+10  3.55%  34.0   25s
  1335   418 infeasible   80      8.1318e+10 8.4205e+10  3.55%  39.2   30s
  1460   375 8.4205e+10   89   35 8.1318e+10 8.4205e+10  3.55%  41.0   35s
  1588   322 8.4205e+10   79   59 8.1318e+10 8.4205e+10  3.55%  47.6   40s
  1758   278 infeasible   84      8.1318e+10 8.4205e+10  3.55%  52.1   45s
  1950   223 infeasible   82      8.1318e+10 8.4205e+10  3.55%  54.1   50s
  2113   218 8.4205e+10   79   20 8.1318e+10 8.4205e+10  3.55%  55.6   55s
  2308   223 infeasible   80      8.1318e+10 8.4205e+10  3.55%  57.1   60s
  2499   228 infeasible   89      8.1318e+10 8.4205e+10  3.55%  58.3   65s
  2692   213 infeasible   78      8.1318e+10 8.4205e+10  3.55%  59.8   70s
H 2790   215                    8.307680e+10 8.4205e+10  1.36%  59.3   71s
  2881   220 8.4205e+10   75   43 8.3077e+10 8.4205e+10  1.36%  59.6   75s
  3125   222 infeasible   88      8.3077e+10 8.4205e+10  1.36%  59.6   80s
  3289   206 8.4205e+10   76  104 8.3077e+10 8.4205e+10  1.36%  59.8   85s
  3411   210 infeasible   81      8.3077e+10 8.4205e+10  1.36%  60.5   90s
  3595   210 8.4205e+10   86   68 8.3077e+10 8.4205e+10  1.36%  61.2   95s
  3823   224 infeasible   83      8.3077e+10 8.4205e+10  1.36%  61.5  100s
  4018   215 8.4205e+10   80   65 8.3077e+10 8.4205e+10  1.36%  62.0  105s
  4184   205 8.4205e+10   81   59 8.3077e+10 8.4205e+10  1.36%  62.6  110s
  4324   215 8.4205e+10   76   78 8.3077e+10 8.4205e+10  1.36%  63.0  115s
  4508   213 8.4205e+10   83   62 8.3077e+10 8.4205e+10  1.36%  62.8  120s
  4782   243 infeasible  112      8.3077e+10 8.4205e+10  1.36%  61.5  125s
  5067   214 8.4205e+10   80   27 8.3077e+10 8.4205e+10  1.36%  60.9  130s
  5382   209 infeasible   81      8.3077e+10 8.4205e+10  1.36%  59.8  135s
  5501   232 8.4205e+10   34  141 8.3077e+10 8.4205e+10  1.36%  59.4  140s
  5517   243 8.4205e+10   14    6 8.3077e+10 8.4205e+10  1.36%  59.3  145s
  5649   313 8.4205e+10   38  125 8.3077e+10 8.4205e+10  1.36%  65.0  150s
  5867   372 8.4205e+10   84   62 8.3077e+10 8.4205e+10  1.36%  63.9  155s
  6003   373 8.4205e+10  131   18 8.3077e+10 8.4205e+10  1.36%  63.6  160s
  6142   338 8.4205e+10  129   19 8.3077e+10 8.4205e+10  1.36%  64.1  165s
  6269   356 8.4205e+10  136   27 8.3077e+10 8.4205e+10  1.36%  64.6  170s
  6374   419 8.4205e+10  101   92 8.3077e+10 8.4205e+10  1.36%  64.5  176s
  6565   446 infeasible  133      8.3077e+10 8.4205e+10  1.36%  64.2  180s
  6753   442 8.4205e+10  126  102 8.3077e+10 8.4205e+10  1.36%  65.6  185s
  6907   436 8.4205e+10  120  124 8.3077e+10 8.4205e+10  1.36%  66.8  190s
  7049   446 8.4205e+10  118  104 8.3077e+10 8.4205e+10  1.36%  67.3  195s
  7234   439 8.4205e+10  119   68 8.3077e+10 8.4205e+10  1.36%  67.9  200s
  7422   429 8.4205e+10  112   67 8.3077e+10 8.4205e+10  1.36%  68.9  205s
  7532   431 infeasible  117      8.3077e+10 8.4205e+10  1.36%  69.2  210s
  7735   429 infeasible  120      8.3077e+10 8.4205e+10  1.36%  70.0  215s
  7877   447 8.4205e+10  129   52 8.3077e+10 8.4205e+10  1.36%  70.4  220s
  8097   435 8.4205e+10  116   86 8.3077e+10 8.4205e+10  1.36%  70.1  225s
  8246   428 infeasible  115      8.3077e+10 8.4205e+10  1.36%  70.5  230s
  8479   447 8.4205e+10  118   54 8.3077e+10 8.4205e+10  1.36%  71.2  235s
  8613   473 8.4205e+10  107   72 8.3077e+10 8.4205e+10  1.36%  71.1  240s
  8875   451 8.4205e+10  118   60 8.3077e+10 8.4205e+10  1.36%  70.3  245s
  9088   448 infeasible  123      8.3077e+10 8.4205e+10  1.36%  70.1  250s
  9284   450 infeasible  125      8.3077e+10 8.4205e+10  1.36%  70.2  255s
  9495   449 8.4205e+10  123   59 8.3077e+10 8.4205e+10  1.36%  70.4  260s
  9807   469 8.4205e+10   77   53 8.3077e+10 8.4205e+10  1.36%  69.3  265s
 10014   538 infeasible   66      8.3077e+10 8.4205e+10  1.36%  69.0  270s
 10215   555 8.4205e+10   65   42 8.3077e+10 8.4205e+10  1.36%  69.0  275s
 10440   630 8.4205e+10  105   15 8.3077e+10 8.4205e+10  1.36%  68.9  280s
 10605   638 8.4205e+10  122    5 8.3077e+10 8.4205e+10  1.36%  68.6  285s
 10791   683 8.4205e+10   67   34 8.3077e+10 8.4205e+10  1.36%  69.0  290s
 11073   575 8.4205e+10   69   41 8.3077e+10 8.4205e+10  1.36%  68.6  295s
 11386   528 infeasible  116      8.3077e+10 8.4205e+10  1.36%  67.7  300s
 11661   395 8.4205e+10   71   36 8.3077e+10 8.4205e+10  1.36%  66.9  305s
 12044   305 infeasible  114      8.3077e+10 8.4205e+10  1.36%  65.9  310s
 12377   171 8.4205e+10   84   45 8.3077e+10 8.4205e+10  1.36%  65.4  315s
 12706   104 8.4205e+10   80   30 8.3077e+10 8.4205e+10  1.36%  65.0  320s
 12962    86 8.4205e+10   69   27 8.3077e+10 8.4205e+10  1.36%  64.9  325s
 13261    97 8.4205e+10   71   37 8.3077e+10 8.4205e+10  1.36%  64.5  330s
 13662    82 infeasible   69      8.3077e+10 8.4205e+10  1.36%  63.9  335s
 13846    78 8.4205e+10   64   44 8.3077e+10 8.4205e+10  1.36%  64.0  340s
 14134   182 8.4205e+10   73   27 8.3077e+10 8.4205e+10  1.36%  63.5  345s
 14543   217 8.4205e+10   96   37 8.3077e+10 8.4205e+10  1.36%  62.7  350s
 15065   223 8.4205e+10  124   18 8.3077e+10 8.4205e+10  1.36%  61.5  355s
 15409   195 infeasible   97      8.3077e+10 8.4205e+10  1.36%  60.8  360s
 15861   185 infeasible   85      8.3077e+10 8.4205e+10  1.36%  60.0  365s
 16183   199 8.4205e+10   90   52 8.3077e+10 8.4205e+10  1.36%  59.4  370s
 16646   190 infeasible   92      8.3077e+10 8.4205e+10  1.36%  58.5  375s
 16912   236 infeasible   85      8.3077e+10 8.4205e+10  1.36%  58.3  380s
 17279   285 8.4205e+10  122   40 8.3077e+10 8.4205e+10  1.36%  58.1  385s
 17596   268 infeasible  123      8.3077e+10 8.4205e+10  1.36%  57.8  390s
 18021   270 8.4205e+10  130   18 8.3077e+10 8.4205e+10  1.36%  57.3  395s
 18441   278 8.4205e+10  125   20 8.3077e+10 8.4205e+10  1.36%  56.7  401s
 18743   236 8.4205e+10   94   49 8.3077e+10 8.4205e+10  1.36%  56.5  405s
 19047   229 8.4205e+10   83   43 8.3077e+10 8.4205e+10  1.36%  56.5  410s
 19412   234 8.4205e+10   88   67 8.3077e+10 8.4205e+10  1.36%  56.3  415s
 19690   240 infeasible  101      8.3077e+10 8.4205e+10  1.36%  56.3  420s
 19927   247 8.4205e+10   95   49 8.3077e+10 8.4205e+10  1.36%  56.4  425s
 20232   224 infeasible   83      8.3077e+10 8.4205e+10  1.36%  56.6  430s
 20340   230 8.4205e+10   80   40 8.3077e+10 8.4205e+10  1.36%  56.6  435s
 20661   223 infeasible   81      8.3077e+10 8.4205e+10  1.36%  56.7  440s
 21032   282 8.4205e+10  100   25 8.3077e+10 8.4205e+10  1.36%  56.7  469s
 21057   285 infeasible  108      8.3077e+10 8.4205e+10  1.36%  56.7  470s
 21378   244 8.4205e+10  112   32 8.3077e+10 8.4205e+10  1.36%  57.0  475s
 21751   241 8.4205e+10  106   40 8.3077e+10 8.4205e+10  1.36%  57.1  480s
 21957   239 infeasible  114      8.3077e+10 8.4205e+10  1.36%  57.2  485s
 22268   206 infeasible   89      8.3077e+10 8.4205e+10  1.36%  57.3  490s
 22518   190 infeasible   87      8.3077e+10 8.4205e+10  1.36%  57.5  495s
 22843   185 infeasible   82      8.3077e+10 8.4205e+10  1.36%  57.4  500s
 23143   197 infeasible   97      8.3077e+10 8.4205e+10  1.36%  57.4  505s
 23306   180 infeasible   81      8.3077e+10 8.4205e+10  1.36%  57.6  510s
 23542   198 8.4205e+10   86   46 8.3077e+10 8.4205e+10  1.36%  57.7  515s
 23898   198 8.4205e+10   89   37 8.3077e+10 8.4205e+10  1.36%  57.6  520s
 24153   220 8.4205e+10  116   18 8.3077e+10 8.4205e+10  1.36%  57.7  525s
 24550   224 8.4205e+10   93   38 8.3077e+10 8.4205e+10  1.36%  57.3  530s
 25022   204 8.4205e+10   97   48 8.3077e+10 8.4205e+10  1.36%  57.0  535s
 25398   250 infeasible   95      8.3077e+10 8.4205e+10  1.36%  56.9  540s
 25730   234 8.4205e+10  117   32 8.3077e+10 8.4205e+10  1.36%  56.7  545s
 26122   226 8.4205e+10  112   10 8.3077e+10 8.4205e+10  1.36%  56.6  550s
 26483   311 8.4205e+10  102   18 8.3077e+10 8.4205e+10  1.36%  56.2  555s
 26719   304 8.4205e+10  106   20 8.3077e+10 8.4205e+10  1.36%  55.9  560s
 27173   330 8.4205e+10  117   33 8.3077e+10 8.4205e+10  1.36%  55.4  565s
 27519   342 infeasible  114      8.3077e+10 8.4205e+10  1.36%  55.1  570s
 27873   386 infeasible  101      8.3077e+10 8.4205e+10  1.36%  54.8  575s
 28342   379 infeasible   94      8.3077e+10 8.4205e+10  1.36%  54.6  580s
 28781   378 infeasible   93      8.3077e+10 8.4205e+10  1.36%  54.3  585s
 29085   376 infeasible   86      8.3077e+10 8.4205e+10  1.36%  54.1  590s
 29327   366 infeasible   89      8.3077e+10 8.4205e+10  1.36%  54.0  595s
 29680   355 8.4205e+10   87   37 8.3077e+10 8.4205e+10  1.36%  54.0  600s
 30013   346 infeasible  115      8.3077e+10 8.4205e+10  1.36%  53.9  605s
 30391   332 8.4205e+10  118   18 8.3077e+10 8.4205e+10  1.36%  53.6  610s
 30884   323 8.4205e+10  111   16 8.3077e+10 8.4205e+10  1.36%  53.2  615s
 31124   371 8.4205e+10   98   57 8.3077e+10 8.4205e+10  1.36%  53.1  620s
 31433   358 8.4205e+10   95   38 8.3077e+10 8.4205e+10  1.36%  53.0  625s
 31674   349 8.4205e+10   86   58 8.3077e+10 8.4205e+10  1.36%  53.0  630s
 32021   374 8.4205e+10  109   21 8.3077e+10 8.4205e+10  1.36%  53.0  635s
 32371   366 infeasible  123      8.3077e+10 8.4205e+10  1.36%  52.8  640s
 32638   337 8.4205e+10   82   49 8.3077e+10 8.4205e+10  1.36%  52.7  645s
 32903   372 infeasible  122      8.3077e+10 8.4205e+10  1.36%  52.6  650s
 33334   361 infeasible   87      8.3077e+10 8.4205e+10  1.36%  52.5  655s
 33705   353 infeasible  100      8.3077e+10 8.4205e+10  1.36%  52.4  660s
 33974   338 infeasible   92      8.3077e+10 8.4205e+10  1.36%  52.4  665s
 34274   338 8.4205e+10   84   59 8.3077e+10 8.4205e+10  1.36%  52.5  670s
 34521   353 8.4205e+10   83   52 8.3077e+10 8.4205e+10  1.36%  52.6  675s
 34696   364 8.4205e+10   91   58 8.3077e+10 8.4205e+10  1.36%  52.6  680s
 34952   358 infeasible   90      8.3077e+10 8.4205e+10  1.36%  52.6  685s
 35180   365 8.4205e+10   90   42 8.3077e+10 8.4205e+10  1.36%  52.7  690s
 35468   357 infeasible   89      8.3077e+10 8.4205e+10  1.36%  52.7  695s
 35677   388 8.4205e+10  103   34 8.3077e+10 8.4205e+10  1.36%  52.7  700s
 35913   348 infeasible   94      8.3077e+10 8.4205e+10  1.36%  52.8  705s
 36176   341 infeasible   96      8.3077e+10 8.4205e+10  1.36%  52.9  710s
 36439   343 infeasible   88      8.3077e+10 8.4205e+10  1.36%  52.9  715s
 36695   353 8.4205e+10   98   39 8.3077e+10 8.4205e+10  1.36%  52.9  720s
 36999   343 infeasible   92      8.3077e+10 8.4205e+10  1.36%  52.9  725s
 37366   348 8.4205e+10   93   36 8.3077e+10 8.4205e+10  1.36%  52.8  730s
 37477   345 8.4205e+10   91   55 8.3077e+10 8.4205e+10  1.36%  52.8  735s
 37794   360 infeasible   89      8.3077e+10 8.4205e+10  1.36%  52.9  740s
 38034   348 8.4205e+10   83   52 8.3077e+10 8.4205e+10  1.36%  52.9  745s
 38344   348 8.4205e+10   89   53 8.3077e+10 8.4205e+10  1.36%  53.0  750s
 38599   349 8.4205e+10   81   50 8.3077e+10 8.4205e+10  1.36%  53.0  755s
 38872   346 infeasible   90      8.3077e+10 8.4205e+10  1.36%  53.0  760s
 38980   350 8.4205e+10   89   42 8.3077e+10 8.4205e+10  1.36%  53.1  765s
 39269   345 8.4205e+10   77   54 8.3077e+10 8.4205e+10  1.36%  53.1  770s
 39570   338 8.4205e+10   83   66 8.3077e+10 8.4205e+10  1.36%  53.1  775s
 39875   343 infeasible   89      8.3077e+10 8.4205e+10  1.36%  53.1  780s
 40126   340 8.4205e+10   81   78 8.3077e+10 8.4205e+10  1.36%  53.2  785s
 40261   343 8.4205e+10   85   60 8.3077e+10 8.4205e+10  1.36%  53.2  791s
 40367   337 infeasible   89      8.3077e+10 8.4205e+10  1.36%  53.2  795s
 40685   345 infeasible   84      8.3077e+10 8.4205e+10  1.36%  53.2  800s
 41070   380 infeasible  120      8.3077e+10 8.4205e+10  1.36%  53.1  805s
 41367   353 8.4205e+10   95   30 8.3077e+10 8.4205e+10  1.36%  53.2  810s
 41707   351 infeasible   88      8.3077e+10 8.4205e+10  1.36%  53.2  815s
 41966   360 infeasible   96      8.3077e+10 8.4205e+10  1.36%  53.2  820s
 42214   390 8.4205e+10   90   30 8.3077e+10 8.4205e+10  1.36%  53.2  825s
 42461   353 8.4205e+10   89   23 8.3077e+10 8.4205e+10  1.36%  53.2  830s
 42742   347 8.4205e+10   84   36 8.3077e+10 8.4205e+10  1.36%  53.2  835s
 43022   355 8.4205e+10   89   49 8.3077e+10 8.4205e+10  1.36%  53.2  840s
 43271   352 8.4205e+10   92   55 8.3077e+10 8.4205e+10  1.36%  53.3  845s
 43511   344 8.4205e+10   85   56 8.3077e+10 8.4205e+10  1.36%  53.3  850s
 43785   352 8.4205e+10   78   41 8.3077e+10 8.4205e+10  1.36%  53.4  855s
 44038   353 infeasible   82      8.3077e+10 8.4205e+10  1.36%  53.4  860s
 44203   352 8.4205e+10   80   61 8.3077e+10 8.4205e+10  1.36%  53.4  866s
 44480   349 infeasible   90      8.3077e+10 8.4205e+10  1.36%  53.4  870s
 44802   347 infeasible   84      8.3077e+10 8.4205e+10  1.36%  53.4  875s
 45044   343 8.4205e+10   84   67 8.3077e+10 8.4205e+10  1.36%  53.4  880s
 45360   341 8.4205e+10   88   47 8.3077e+10 8.4205e+10  1.36%  53.4  885s
 45615   350 infeasible   87      8.3077e+10 8.4205e+10  1.36%  53.5  890s
 45851   350 8.4205e+10   87   66 8.3077e+10 8.4205e+10  1.36%  53.6  895s
 46006   353 infeasible   96      8.3077e+10 8.4205e+10  1.36%  53.6  900s
 46205   346 8.4205e+10   88   64 8.3077e+10 8.4205e+10  1.36%  53.6  905s
 46539   348 8.4205e+10   86   51 8.3077e+10 8.4205e+10  1.36%  53.6  910s
 46810   341 8.4205e+10   84   76 8.3077e+10 8.4205e+10  1.36%  53.7  915s
 47082   345 infeasible   93      8.3077e+10 8.4205e+10  1.36%  53.7  920s
 47288   339 8.4205e+10   82   61 8.3077e+10 8.4205e+10  1.36%  53.7  925s
 47467   338 8.4205e+10   85   47 8.3077e+10 8.4205e+10  1.36%  53.7  930s
 47703   358 infeasible   96      8.3077e+10 8.4205e+10  1.36%  53.7  935s
 48029   346 infeasible   92      8.3077e+10 8.4205e+10  1.36%  53.8  940s
 48315   358 infeasible   94      8.3077e+10 8.4205e+10  1.36%  53.7  945s
 48589   340 8.4205e+10   91   43 8.3077e+10 8.4205e+10  1.36%  53.8  950s
 48869   354 8.4205e+10   92   96 8.3077e+10 8.4205e+10  1.36%  53.8  955s
 49072   347 infeasible   91      8.3077e+10 8.4205e+10  1.36%  53.8  960s
 49303   338 infeasible   88      8.3077e+10 8.4205e+10  1.36%  53.8  965s
 49693   345 infeasible   98      8.3077e+10 8.4205e+10  1.36%  53.7  970s
 49954   346 infeasible   88      8.3077e+10 8.4205e+10  1.36%  53.7  975s
 50197   345 infeasible   85      8.3077e+10 8.4205e+10  1.36%  53.7  980s
 50390   358 8.4205e+10   90   36 8.3077e+10 8.4205e+10  1.36%  53.7  985s
 50692   360 8.4205e+10   89   62 8.3077e+10 8.4205e+10  1.36%  53.8  990s
 50996   354 8.4205e+10   88   43 8.3077e+10 8.4205e+10  1.36%  53.8  995s
 51278   356 8.4205e+10   76   44 8.3077e+10 8.4205e+10  1.36%  53.8 1000s
 51574   374 8.4205e+10   87   37 8.3077e+10 8.4205e+10  1.36%  53.8 1005s
 51843   377 infeasible   86      8.3077e+10 8.4205e+10  1.36%  53.9 1010s
 52015   367 8.4205e+10   87   38 8.3077e+10 8.4205e+10  1.36%  53.9 1015s
 52362   362 8.4205e+10   88   70 8.3077e+10 8.4205e+10  1.36%  53.9 1020s
 52718   364 8.4205e+10   88   48 8.3077e+10 8.4205e+10  1.36%  53.8 1025s
 52948   356 8.4205e+10   85   72 8.3077e+10 8.4205e+10  1.36%  53.8 1031s
 53152   380 8.4205e+10   86   48 8.3077e+10 8.4205e+10  1.36%  53.8 1035s
 53474   380 infeasible   91      8.3077e+10 8.4205e+10  1.36%  53.8 1040s
 53737   379 8.4205e+10   88   30 8.3077e+10 8.4205e+10  1.36%  53.8 1045s
 54011   385 infeasible   89      8.3077e+10 8.4205e+10  1.36%  53.8 1050s
 54246   386 8.4205e+10   89   46 8.3077e+10 8.4205e+10  1.36%  53.9 1055s
 54506   378 infeasible   85      8.3077e+10 8.4205e+10  1.36%  53.9 1060s
 54730   378 8.4205e+10   89   50 8.3077e+10 8.4205e+10  1.36%  53.9 1065s
 54963   365 8.4205e+10   90   42 8.3077e+10 8.4205e+10  1.36%  53.9 1070s
 55311   385 8.4205e+10   94   50 8.3077e+10 8.4205e+10  1.36%  53.9 1075s
 55536   380 infeasible   92      8.3077e+10 8.4205e+10  1.36%  53.9 1080s
 55737   385 infeasible   94      8.3077e+10 8.4205e+10  1.36%  53.9 1085s
 56034   374 8.4205e+10   89   52 8.3077e+10 8.4205e+10  1.36%  53.9 1090s
 56267   365 8.4205e+10   88   37 8.3077e+10 8.4205e+10  1.36%  53.9 1095s
 56595   365 8.4205e+10   85   42 8.3077e+10 8.4205e+10  1.36%  53.9 1100s
 56825   373 infeasible   93      8.3077e+10 8.4205e+10  1.36%  53.9 1105s
 57065   369 8.4205e+10   90   66 8.3077e+10 8.4205e+10  1.36%  54.0 1110s
 57525   397 8.4205e+10  108   29 8.3077e+10 8.4205e+10  1.36%  53.8 1115s
 57924   366 infeasible   91      8.3077e+10 8.4205e+10  1.36%  53.7 1120s
 58082   376 8.4205e+10   89   28 8.3077e+10 8.4205e+10  1.36%  53.7 1125s
 58326   374 infeasible   91      8.3077e+10 8.4205e+10  1.36%  53.7 1130s
 58603   373 8.4205e+10   94   51 8.3077e+10 8.4205e+10  1.36%  53.7 1135s
 58903   369 8.4205e+10   85   47 8.3077e+10 8.4205e+10  1.36%  53.7 1140s
 59177   371 8.4205e+10   89   48 8.3077e+10 8.4205e+10  1.36%  53.7 1145s
 59450   362 8.4205e+10   85   42 8.3077e+10 8.4205e+10  1.36%  53.8 1150s
 59739   365 infeasible   91      8.3077e+10 8.4205e+10  1.36%  53.7 1155s
 60023   375 8.4205e+10   93   38 8.3077e+10 8.4205e+10  1.36%  53.7 1161s
 60273   369 infeasible  100      8.3077e+10 8.4205e+10  1.36%  53.7 1165s
 60426   370 8.4205e+10   92   23 8.3077e+10 8.4205e+10  1.36%  53.8 1170s
 60693   387 8.4205e+10  109   36 8.3077e+10 8.4205e+10  1.36%  53.8 1175s
 60936   366 8.4205e+10   90   30 8.3077e+10 8.4205e+10  1.36%  53.9 1180s
 61289   361 8.4205e+10   90   36 8.3077e+10 8.4205e+10  1.36%  53.8 1185s
 61562   380 infeasible   91      8.3077e+10 8.4205e+10  1.36%  53.9 1190s
 61809   365 8.4205e+10   90   35 8.3077e+10 8.4205e+10  1.36%  53.9 1195s
 62153   363 infeasible  105      8.3077e+10 8.4205e+10  1.36%  53.9 1200s
 62302   370 infeasible   94      8.3077e+10 8.4205e+10  1.36%  53.9 1205s
 62561   363 infeasible   93      8.3077e+10 8.4205e+10  1.36%  53.9 1210s
 62838   363 infeasible   86      8.3077e+10 8.4205e+10  1.36%  54.0 1215s
 63077   356 infeasible   91      8.3077e+10 8.4205e+10  1.36%  54.0 1220s
 63383   368 8.4205e+10   93   60 8.3077e+10 8.4205e+10  1.36%  54.0 1225s
 63588   367 8.4205e+10   91   18 8.3077e+10 8.4205e+10  1.36%  54.0 1230s
 63808   359 8.4205e+10   91   49 8.3077e+10 8.4205e+10  1.36%  54.0 1235s
 64083   370 8.4205e+10   92   40 8.3077e+10 8.4205e+10  1.36%  54.0 1240s
 64402   367 8.4205e+10   86   39 8.3077e+10 8.4205e+10  1.36%  54.0 1245s
 64641   358 8.4205e+10   93   56 8.3077e+10 8.4205e+10  1.36%  54.0 1250s
 64808   359 8.4205e+10   88   48 8.3077e+10 8.4205e+10  1.36%  54.0 1255s
 65133   373 8.4205e+10   81   51 8.3077e+10 8.4205e+10  1.36%  54.0 1260s
 65353   367 8.4205e+10   84   43 8.3077e+10 8.4205e+10  1.36%  54.0 1265s
 65597   363 8.4205e+10   91   50 8.3077e+10 8.4205e+10  1.36%  54.0 1270s
 65912   360 infeasible   91      8.3077e+10 8.4205e+10  1.36%  54.0 1275s
 66196   374 infeasible   98      8.3077e+10 8.4205e+10  1.36%  53.9 1280s
 66488   372 8.4205e+10   94   65 8.3077e+10 8.4205e+10  1.36%  53.9 1285s
 66637   361 8.4205e+10   92   37 8.3077e+10 8.4205e+10  1.36%  53.9 1290s
 66900   362 infeasible   97      8.3077e+10 8.4205e+10  1.36%  53.9 1295s
 67183   363 8.4205e+10   90   43 8.3077e+10 8.4205e+10  1.36%  53.9 1300s
 67419   362 infeasible   88      8.3077e+10 8.4205e+10  1.36%  53.9 1305s
 67745   360 infeasible   92      8.3077e+10 8.4205e+10  1.36%  53.9 1310s
 67996   357 8.4205e+10   90   35 8.3077e+10 8.4205e+10  1.36%  53.9 1315s
 68289   370 8.4205e+10   91   49 8.3077e+10 8.4205e+10  1.36%  53.9 1320s
 68581   374 infeasible   96      8.3077e+10 8.4205e+10  1.36%  53.9 1325s
 68846   373 8.4205e+10   94   36 8.3077e+10 8.4205e+10  1.36%  53.9 1331s
 68937   374 infeasible  103      8.3077e+10 8.4205e+10  1.36%  53.9 1335s
 69241   364 8.4205e+10   93   41 8.3077e+10 8.4205e+10  1.36%  53.9 1340s
 69584   353 8.4205e+10   84   44 8.3077e+10 8.4205e+10  1.36%  53.9 1345s
 69819   368 infeasible   96      8.3077e+10 8.4205e+10  1.36%  54.0 1350s
 70110   361 infeasible   91      8.3077e+10 8.4205e+10  1.36%  54.0 1355s
 70431   366 infeasible   92      8.3077e+10 8.4205e+10  1.36%  53.9 1360s
 70572   361 infeasible   99      8.3077e+10 8.4205e+10  1.36%  54.0 1365s
 70865   352 8.4205e+10   86   33 8.3077e+10 8.4205e+10  1.36%  54.0 1370s
 71111   340 infeasible   84      8.3077e+10 8.4205e+10  1.36%  54.0 1375s
 71244   349 8.4205e+10   82   37 8.3077e+10 8.4205e+10  1.36%  54.0 1380s
 71525   330 8.4205e+10   79   61 8.3077e+10 8.4205e+10  1.36%  54.1 1385s
 71805   348 8.4205e+10   90   61 8.3077e+10 8.4205e+10  1.36%  54.1 1390s
 72091   354 infeasible   94      8.3077e+10 8.4205e+10  1.36%  54.1 1395s
 72382   347 8.4205e+10   97   50 8.3077e+10 8.4205e+10  1.36%  54.1 1400s
 72568   355 8.4205e+10   87   61 8.3077e+10 8.4205e+10  1.36%  54.1 1405s
 72781   354 infeasible   93      8.3077e+10 8.4205e+10  1.36%  54.1 1410s
 73090   357 8.4205e+10   93   40 8.3077e+10 8.4205e+10  1.36%  54.1 1415s
 73380   355 8.4205e+10   85   47 8.3077e+10 8.4205e+10  1.36%  54.2 1420s
 73621   350 infeasible   94      8.3077e+10 8.4205e+10  1.36%  54.2 1425s
 73997   365 infeasible   91      8.3077e+10 8.4205e+10  1.36%  54.1 1430s
 74375   388 8.4205e+10  100   49 8.3077e+10 8.4205e+10  1.36%  54.0 1435s
 74607   360 8.4205e+10   92   46 8.3077e+10 8.4205e+10  1.36%  54.0 1440s
 74881   350 8.4205e+10   85   61 8.3077e+10 8.4205e+10  1.36%  54.0 1445s
 75171   354 8.4205e+10   93   55 8.3077e+10 8.4205e+10  1.36%  54.0 1450s
 75449   362 infeasible  100      8.3077e+10 8.4205e+10  1.36%  54.0 1455s
 75753   358 infeasible  100      8.3077e+10 8.4205e+10  1.36%  54.0 1460s
 76018   357 infeasible   96      8.3077e+10 8.4205e+10  1.36%  54.0 1465s
 76299   362 8.4205e+10   91   66 8.3077e+10 8.4205e+10  1.36%  54.0 1470s
 76564   357 infeasible   98      8.3077e+10 8.4205e+10  1.36%  54.0 1475s
 76774   355 infeasible   94      8.3077e+10 8.4205e+10  1.36%  54.1 1480s
 77060   357 infeasible   96      8.3077e+10 8.4205e+10  1.36%  54.1 1485s
 77153   364 8.4205e+10   91   56 8.3077e+10 8.4205e+10  1.36%  54.1 1490s
 77442   361 8.4205e+10   93   49 8.3077e+10 8.4205e+10  1.36%  54.1 1495s
 77750   357 8.4205e+10   98   36 8.3077e+10 8.4205e+10  1.36%  54.1 1500s
 78021   354 8.4205e+10   92   44 8.3077e+10 8.4205e+10  1.36%  54.1 1505s
 78305   351 8.4205e+10   93   72 8.3077e+10 8.4205e+10  1.36%  54.1 1510s
 78576   362 8.4205e+10   88   71 8.3077e+10 8.4205e+10  1.36%  54.1 1515s
 78898   352 infeasible   87      8.3077e+10 8.4205e+10  1.36%  54.1 1520s
 79021   349 8.4205e+10   89   63 8.3077e+10 8.4205e+10  1.36%  54.1 1525s
 79326   358 8.4205e+10   96   33 8.3077e+10 8.4205e+10  1.36%  54.1 1530s
 79617   347 8.4205e+10   83   51 8.3077e+10 8.4205e+10  1.36%  54.1 1535s
 79930   346 8.4205e+10   88   49 8.3077e+10 8.4205e+10  1.36%  54.1 1540s
 80209   347 8.4205e+10   94   56 8.3077e+10 8.4205e+10  1.36%  54.1 1545s
 80429   353 infeasible   89      8.3077e+10 8.4205e+10  1.36%  54.1 1550s
 80619   381 8.4205e+10  105   20 8.3077e+10 8.4205e+10  1.36%  54.1 1555s
 80945   363 infeasible   87      8.3077e+10 8.4205e+10  1.36%  54.1 1560s
 81198   364 8.4205e+10   88   49 8.3077e+10 8.4205e+10  1.36%  54.1 1565s
 81465   359 infeasible   86      8.3077e+10 8.4205e+10  1.36%  54.1 1570s
 81737   377 8.4205e+10   91   52 8.3077e+10 8.4205e+10  1.36%  54.1 1576s
 81887   361 infeasible   89      8.3077e+10 8.4205e+10  1.36%  54.1 1580s
 82252   370 infeasible   92      8.3077e+10 8.4205e+10  1.36%  54.0 1585s
 82551   373 infeasible   90      8.3077e+10 8.4205e+10  1.36%  54.0 1590s
 82844   370 8.4205e+10   88   40 8.3077e+10 8.4205e+10  1.36%  54.0 1595s
 83119   365 8.4205e+10   87   42 8.3077e+10 8.4205e+10  1.36%  54.0 1600s
 83395   371 8.4205e+10   90   35 8.3077e+10 8.4205e+10  1.36%  54.0 1605s
 83585   367 8.4205e+10   91   41 8.3077e+10 8.4205e+10  1.36%  54.0 1610s
 83839   353 8.4205e+10   86   67 8.3077e+10 8.4205e+10  1.36%  54.0 1615s
 84152   348 8.4205e+10   85   50 8.3077e+10 8.4205e+10  1.36%  54.0 1620s
 84447   349 infeasible   92      8.3077e+10 8.4205e+10  1.36%  54.0 1625s
 84627   355 8.4205e+10   96   53 8.3077e+10 8.4205e+10  1.36%  54.0 1630s
 84878   356 8.4205e+10   98   39 8.3077e+10 8.4205e+10  1.36%  53.9 1635s
 85192   354 8.4205e+10   94   38 8.3077e+10 8.4205e+10  1.36%  53.9 1640s
 85450   346 infeasible   95      8.3077e+10 8.4205e+10  1.36%  53.9 1645s
 85755   349 8.4205e+10   92   60 8.3077e+10 8.4205e+10  1.36%  53.9 1650s
 86013   341 8.4205e+10   91   28 8.3077e+10 8.4205e+10  1.36%  53.9 1655s
 86340   346 8.4205e+10   90   27 8.3077e+10 8.4205e+10  1.36%  53.9 1660s
 86509   357 infeasible  104      8.3077e+10 8.4205e+10  1.36%  53.9 1665s
 86755   341 infeasible   87      8.3077e+10 8.4205e+10  1.36%  53.9 1670s
 87095   343 8.4205e+10   90   30 8.3077e+10 8.4205e+10  1.36%  53.9 1675s
 87394   344 8.4205e+10   89   40 8.3077e+10 8.4205e+10  1.36%  53.8 1680s
 87739   351 infeasible   93      8.3077e+10 8.4205e+10  1.36%  53.8 1685s
 88011   345 8.4205e+10   90   41 8.3077e+10 8.4205e+10  1.36%  53.8 1691s
 88184   346 8.4205e+10   94   23 8.3077e+10 8.4205e+10  1.36%  53.7 1695s
 88461   351 8.4205e+10   94   45 8.3077e+10 8.4205e+10  1.36%  53.7 1700s
 88777   339 8.4205e+10   84   46 8.3077e+10 8.4205e+10  1.36%  53.7 1705s
 89019   345 8.4205e+10   88   41 8.3077e+10 8.4205e+10  1.36%  53.7 1710s
 89264   350 8.4205e+10   81   63 8.3077e+10 8.4205e+10  1.36%  53.7 1715s
 89573   363 8.4205e+10   90   45 8.3077e+10 8.4205e+10  1.36%  53.7 1720s
 89770   366 8.4205e+10   94   56 8.3077e+10 8.4205e+10  1.36%  53.8 1725s
 89993   355 infeasible   89      8.3077e+10 8.4205e+10  1.36%  53.8 1730s
 90265   363 8.4205e+10   88   50 8.3077e+10 8.4205e+10  1.36%  53.8 1735s
 90534   358 8.4205e+10   86   60 8.3077e+10 8.4205e+10  1.36%  53.8 1740s
 90683   357 8.4205e+10   87   68 8.3077e+10 8.4205e+10  1.36%  53.8 1745s
 90892   356 8.4205e+10   92   42 8.3077e+10 8.4205e+10  1.36%  53.9 1750s
 91117   355 8.4205e+10   92  102 8.3077e+10 8.4205e+10  1.36%  53.9 1755s
 91362   358 8.4205e+10   88   56 8.3077e+10 8.4205e+10  1.36%  53.9 1760s
 91589   349 infeasible   87      8.3077e+10 8.4205e+10  1.36%  53.9 1765s
 91871   357 8.4205e+10   84   31 8.3077e+10 8.4205e+10  1.36%  53.9 1770s
 92159   351 8.4205e+10   85   61 8.3077e+10 8.4205e+10  1.36%  53.9 1775s
 92294   344 8.4205e+10   78   54 8.3077e+10 8.4205e+10  1.36%  53.9 1780s
 92506   358 8.4205e+10   82   29 8.3077e+10 8.4205e+10  1.36%  54.0 1785s
 92837   359 infeasible   83      8.3077e+10 8.4205e+10  1.36%  54.0 1790s
 93035   363 8.4205e+10   93   45 8.3077e+10 8.4205e+10  1.36%  54.0 1796s
 93200   362 8.4205e+10   94   62 8.3077e+10 8.4205e+10  1.36%  54.0 1800s
 93479   369 infeasible   90      8.3077e+10 8.4205e+10  1.36%  54.0 1805s
 93700   348 8.4205e+10   86   53 8.3077e+10 8.4205e+10  1.36%  54.1 1810s
 93980   366 8.4205e+10   88   44 8.3077e+10 8.4205e+10  1.36%  54.1 1816s
 94204   348 8.4205e+10   86   50 8.3077e+10 8.4205e+10  1.36%  54.1 1820s
 94468   366 8.4205e+10   87   58 8.3077e+10 8.4205e+10  1.36%  54.1 1826s
 94636   366 8.4205e+10   88   43 8.3077e+10 8.4205e+10  1.36%  54.1 1830s
 94878   356 infeasible   94      8.3077e+10 8.4205e+10  1.36%  54.1 1835s
 95156   356 8.4205e+10   88   36 8.3077e+10 8.4205e+10  1.36%  54.2 1840s
 95394   338 infeasible   90      8.3077e+10 8.4205e+10  1.36%  54.2 1845s
 95665   337 infeasible   94      8.3077e+10 8.4205e+10  1.36%  54.2 1850s
 95960   344 8.4205e+10   92   54 8.3077e+10 8.4205e+10  1.36%  54.2 1855s
 96127   345 infeasible   99      8.3077e+10 8.4205e+10  1.36%  54.2 1860s
 96403   337 8.4205e+10   83   75 8.3077e+10 8.4205e+10  1.36%  54.2 1865s
 96628   334 infeasible   91      8.3077e+10 8.4205e+10  1.36%  54.2 1870s
 96923   343 8.4205e+10   87   58 8.3077e+10 8.4205e+10  1.36%  54.2 1876s
 97083   341 infeasible   89      8.3077e+10 8.4205e+10  1.36%  54.2 1880s
 97358   340 infeasible   88      8.3077e+10 8.4205e+10  1.36%  54.2 1885s
 97656   340 8.4205e+10   81   54 8.3077e+10 8.4205e+10  1.36%  54.2 1890s
 97905   341 8.4205e+10   83   48 8.3077e+10 8.4205e+10  1.36%  54.2 1895s
 98215   343 8.4205e+10   82   51 8.3077e+10 8.4205e+10  1.36%  54.2 1900s
 98427   353 infeasible   95      8.3077e+10 8.4205e+10  1.36%  54.2 1905s
 98625   341 infeasible   93      8.3077e+10 8.4205e+10  1.36%  54.2 1910s
 98918   344 8.4205e+10   85   52 8.3077e+10 8.4205e+10  1.36%  54.2 1915s
 99200   344 infeasible   90      8.3077e+10 8.4205e+10  1.36%  54.2 1920s
 99392   346 infeasible   81      8.3077e+10 8.4205e+10  1.36%  54.2 1925s
 99633   363 8.4205e+10   87   41 8.3077e+10 8.4205e+10  1.36%  54.2 1930s
 99955   355 infeasible   95      8.3077e+10 8.4205e+10  1.36%  54.2 1935s
 100108   330 8.4205e+10   75   77 8.3077e+10 8.4205e+10  1.36%  54.2 1940s
 100351   347 8.4205e+10   87   20 8.3077e+10 8.4205e+10  1.36%  54.3 1945s
 100608   340 8.4205e+10   84   45 8.3077e+10 8.4205e+10  1.36%  54.3 1950s
 100884   334 infeasible   87      8.3077e+10 8.4205e+10  1.36%  54.3 1955s
 101142   348 8.4205e+10   82   60 8.3077e+10 8.4205e+10  1.36%  54.3 1960s
 101424   330 infeasible   91      8.3077e+10 8.4205e+10  1.36%  54.3 1965s
 101547   335 8.4205e+10   92   30 8.3077e+10 8.4205e+10  1.36%  54.3 1970s
 101844   350 infeasible   83      8.3077e+10 8.4205e+10  1.36%  54.3 1975s
 102097   341 8.4205e+10   79   67 8.3077e+10 8.4205e+10  1.36%  54.3 1980s
 102391   367 infeasible   94      8.3077e+10 8.4205e+10  1.36%  54.3 1985s
 102661   357 infeasible   90      8.3077e+10 8.4205e+10  1.36%  54.3 1990s
 102866   362 8.4205e+10   85   49 8.3077e+10 8.4205e+10  1.36%  54.3 1995s
 102983   367 8.4205e+10   81   63 8.3077e+10 8.4205e+10  1.36%  54.3 2000s
 103224   360 infeasible   89      8.3077e+10 8.4205e+10  1.36%  54.4 2005s
 103464   364 infeasible   95      8.3077e+10 8.4205e+10  1.36%  54.4 2010s
 103705   365 8.4205e+10   88   49 8.3077e+10 8.4205e+10  1.36%  54.4 2015s
 103975   365 infeasible   91      8.3077e+10 8.4205e+10  1.36%  54.5 2020s
 104216   370 8.4205e+10   88   47 8.3077e+10 8.4205e+10  1.36%  54.5 2025s
 104487   367 infeasible   86      8.3077e+10 8.4205e+10  1.36%  54.5 2030s
 104644   360 infeasible   88      8.3077e+10 8.4205e+10  1.36%  54.5 2035s
 104940   356 infeasible   86      8.3077e+10 8.4205e+10  1.36%  54.5 2040s
 105213   361 infeasible   90      8.3077e+10 8.4205e+10  1.36%  54.5 2045s
 105461   359 8.4205e+10   87   40 8.3077e+10 8.4205e+10  1.36%  54.5 2050s
 105606   354 infeasible   81      8.3077e+10 8.4205e+10  1.36%  54.5 2055s
 105847   365 8.4205e+10   86   48 8.3077e+10 8.4205e+10  1.36%  54.5 2060s
 106169   355 infeasible   83      8.3077e+10 8.4205e+10  1.36%  54.5 2065s
 106454   350 infeasible   89      8.3077e+10 8.4205e+10  1.36%  54.5 2070s
 106749   363 8.4205e+10   95   31 8.3077e+10 8.4205e+10  1.36%  54.5 2075s
 107132   364 infeasible  107      8.3077e+10 8.4205e+10  1.36%  54.5 2080s
 107385   357 8.4205e+10   91   29 8.3077e+10 8.4205e+10  1.36%  54.5 2085s
 107607   353 infeasible   91      8.3077e+10 8.4205e+10  1.36%  54.5 2090s
 107838   362 8.4205e+10   92   46 8.3077e+10 8.4205e+10  1.36%  54.5 2095s
 108132   350 8.4205e+10   88   38 8.3077e+10 8.4205e+10  1.36%  54.5 2100s
 108385   355 8.4205e+10   84   43 8.3077e+10 8.4205e+10  1.36%  54.5 2105s
 108671   365 8.4205e+10   89   29 8.3077e+10 8.4205e+10  1.36%  54.5 2110s
 108815   351 8.4205e+10   83   52 8.3077e+10 8.4205e+10  1.36%  54.5 2115s
 109090   358 infeasible   83      8.3077e+10 8.4205e+10  1.36%  54.5 2120s
 109341   355 infeasible   84      8.3077e+10 8.4205e+10  1.36%  54.5 2125s
 109613   353 8.4205e+10   86   44 8.3077e+10 8.4205e+10  1.36%  54.5 2130s
 109833   365 8.4205e+10   79   45 8.3077e+10 8.4205e+10  1.36%  54.6 2135s
 110169   353 8.4205e+10   93   34 8.3077e+10 8.4205e+10  1.36%  54.6 2140s
 110458   362 8.4205e+10   97   44 8.3077e+10 8.4205e+10  1.36%  54.5 2145s
 110757   355 infeasible   96      8.3077e+10 8.4205e+10  1.36%  54.5 2150s
 110927   353 8.4205e+10  100   48 8.3077e+10 8.4205e+10  1.36%  54.5 2156s
 111186   362 infeasible   97      8.3077e+10 8.4205e+10  1.36%  54.5 2160s
 111494   354 8.4205e+10   98   40 8.3077e+10 8.4205e+10  1.36%  54.6 2165s
 111813   355 8.4205e+10   94   55 8.3077e+10 8.4205e+10  1.36%  54.5 2170s
 112109   357 8.4205e+10  103   42 8.3077e+10 8.4205e+10  1.36%  54.5 2175s
 112439   351 infeasible   87      8.3077e+10 8.4205e+10  1.36%  54.5 2180s
 112672   342 infeasible   78      8.3077e+10 8.4205e+10  1.36%  54.5 2185s
 112935   347 8.4205e+10   85   53 8.3077e+10 8.4205e+10  1.36%  54.5 2190s
 113211   341 8.4205e+10   84   66 8.3077e+10 8.4205e+10  1.36%  54.5 2195s
 113456   347 8.4205e+10   85   45 8.3077e+10 8.4205e+10  1.36%  54.5 2200s
 113663   354 infeasible   95      8.3077e+10 8.4205e+10  1.36%  54.5 2205s
 113898   361 8.4205e+10   89   27 8.3077e+10 8.4205e+10  1.36%  54.5 2210s
 114187   350 8.4205e+10   89   49 8.3077e+10 8.4205e+10  1.36%  54.5 2215s
 114459   348 8.4205e+10   87   52 8.3077e+10 8.4205e+10  1.36%  54.5 2220s
 114658   347 infeasible   89      8.3077e+10 8.4205e+10  1.36%  54.5 2225s
 114984   343 8.4205e+10   84   51 8.3077e+10 8.4205e+10  1.36%  54.5 2230s
 115251   344 8.4205e+10   83   60 8.3077e+10 8.4205e+10  1.36%  54.5 2235s
 115360   347 8.4205e+10   79   61 8.3077e+10 8.4205e+10  1.36%  54.5 2240s
 115646   331 infeasible   87      8.3077e+10 8.4205e+10  1.36%  54.5 2245s
 115940   333 infeasible   78      8.3077e+10 8.4205e+10  1.36%  54.5 2250s
 116145   330 infeasible   78      8.3077e+10 8.4205e+10  1.36%  54.5 2255s
 116473   368 infeasible   87      8.3077e+10 8.4205e+10  1.36%  54.5 2260s
 116761   366 infeasible   92      8.3077e+10 8.4205e+10  1.36%  54.5 2265s
 117011   362 infeasible   89      8.3077e+10 8.4205e+10  1.36%  54.5 2270s
 117308   363 8.4205e+10   81   52 8.3077e+10 8.4205e+10  1.36%  54.5 2275s
 117470   365 8.4205e+10   82   40 8.3077e+10 8.4205e+10  1.36%  54.5 2280s
 117739   368 8.4205e+10   88   44 8.3077e+10 8.4205e+10  1.36%  54.4 2285s
 118055   358 infeasible   85      8.3077e+10 8.4205e+10  1.36%  54.4 2290s
 118381   362 infeasible   86      8.3077e+10 8.4205e+10  1.36%  54.4 2295s
 118605   352 8.4205e+10   81   66 8.3077e+10 8.4205e+10  1.36%  54.4 2300s
 118756   355 infeasible   85      8.3077e+10 8.4205e+10  1.36%  54.4 2305s
 118977   354 8.4205e+10   78   61 8.3077e+10 8.4205e+10  1.36%  54.4 2310s
 119217   358 8.4205e+10   78   48 8.3077e+10 8.4205e+10  1.36%  54.4 2315s
 119443   356 8.4205e+10   80   73 8.3077e+10 8.4205e+10  1.36%  54.4 2321s
 119617   352 8.4205e+10   85   43 8.3077e+10 8.4205e+10  1.36%  54.4 2325s
 119840   343 infeasible   77      8.3077e+10 8.4205e+10  1.36%  54.4 2330s
 120132   353 8.4205e+10   88   56 8.3077e+10 8.4205e+10  1.36%  54.4 2335s
 120362   353 infeasible   82      8.3077e+10 8.4205e+10  1.36%  54.4 2340s
 120669   344 8.4205e+10   81   36 8.3077e+10 8.4205e+10  1.36%  54.4 2346s
 120924   361 infeasible   83      8.3077e+10 8.4205e+10  1.36%  54.4 2350s
 121164   343 infeasible   82      8.3077e+10 8.4205e+10  1.36%  54.4 2355s
 121339   344 infeasible   83      8.3077e+10 8.4205e+10  1.36%  54.4 2360s
 121611   354 infeasible   80      8.3077e+10 8.4205e+10  1.36%  54.4 2365s
 121907   370 8.4205e+10   80   47 8.3077e+10 8.4205e+10  1.36%  54.4 2370s
 122180   367 8.4205e+10   82   54 8.3077e+10 8.4205e+10  1.36%  54.4 2375s
 122488   371 8.4205e+10   85   55 8.3077e+10 8.4205e+10  1.36%  54.4 2381s
 122609   372 8.4205e+10   87   47 8.3077e+10 8.4205e+10  1.36%  54.4 2385s
 122909   366 infeasible   89      8.3077e+10 8.4205e+10  1.36%  54.4 2390s
 123180   371 8.4205e+10   89   64 8.3077e+10 8.4205e+10  1.36%  54.4 2395s
 123424   368 8.4205e+10   85   50 8.3077e+10 8.4205e+10  1.36%  54.4 2400s
 123724   365 8.4205e+10   81   46 8.3077e+10 8.4205e+10  1.36%  54.4 2405s
 123951   352 8.4205e+10   84   56 8.3077e+10 8.4205e+10  1.36%  54.4 2410s
 124208   351 8.4205e+10   86   57 8.3077e+10 8.4205e+10  1.36%  54.5 2415s
 124330   353 8.4205e+10   84   54 8.3077e+10 8.4205e+10  1.36%  54.5 2420s
 124625   353 8.4205e+10   78   56 8.3077e+10 8.4205e+10  1.36%  54.5 2425s
 124895   351 infeasible   84      8.3077e+10 8.4205e+10  1.36%  54.5 2430s
 125215   359 infeasible   84      8.3077e+10 8.4205e+10  1.36%  54.5 2435s
 125544   350 infeasible   84      8.3077e+10 8.4205e+10  1.36%  54.4 2440s
 125812   346 infeasible   80      8.3077e+10 8.4205e+10  1.36%  54.5 2445s
 126008   348 infeasible   84      8.3077e+10 8.4205e+10  1.36%  54.5 2450s
 126174   340 8.4205e+10   81   44 8.3077e+10 8.4205e+10  1.36%  54.5 2455s
 126514   340 8.4205e+10   84   43 8.3077e+10 8.4205e+10  1.36%  54.5 2460s
 126764   358 8.4205e+10   79   80 8.3077e+10 8.4205e+10  1.36%  54.5 2465s
 127119   349 infeasible   82      8.3077e+10 8.4205e+10  1.36%  54.4 2470s
 127391   356 infeasible   89      8.3077e+10 8.4205e+10  1.36%  54.5 2475s
 127535   362 infeasible   96      8.3077e+10 8.4205e+10  1.36%  54.5 2480s
 127784   347 8.4205e+10   80   72 8.3077e+10 8.4205e+10  1.36%  54.5 2485s
 128045   362 8.4205e+10   95   30 8.3077e+10 8.4205e+10  1.36%  54.5 2490s
 128337   348 infeasible   93      8.3077e+10 8.4205e+10  1.36%  54.5 2495s
 128655   352 infeasible   87      8.3077e+10 8.4205e+10  1.36%  54.5 2500s
 128991   354 8.4205e+10   91   65 8.3077e+10 8.4205e+10  1.36%  54.5 2505s
 129177   334 8.4205e+10   87   50 8.3077e+10 8.4205e+10  1.36%  54.5 2510s
 129432   346 8.4205e+10   88   59 8.3077e+10 8.4205e+10  1.36%  54.5 2516s
 129595   353 8.4205e+10   93   32 8.3077e+10 8.4205e+10  1.36%  54.5 2520s
 129904   346 infeasible   84      8.3077e+10 8.4205e+10  1.36%  54.5 2525s
 130133   341 infeasible   89      8.3077e+10 8.4205e+10  1.36%  54.5 2530s
 130393   337 8.4205e+10   84   58 8.3077e+10 8.4205e+10  1.36%  54.5 2535s
 130682   334 infeasible   87      8.3077e+10 8.4205e+10  1.36%  54.5 2540s
 130929   341 8.4205e+10   80   49 8.3077e+10 8.4205e+10  1.36%  54.5 2545s
 131065   345 8.4205e+10   87   72 8.3077e+10 8.4205e+10  1.36%  54.5 2550s
 131369   333 infeasible   88      8.3077e+10 8.4205e+10  1.36%  54.6 2555s
 131625   339 8.4205e+10   76   67 8.3077e+10 8.4205e+10  1.36%  54.6 2560s
 131754   344 infeasible   85      8.3077e+10 8.4205e+10  1.36%  54.6 2565s
 132025   341 8.4205e+10   79   43 8.3077e+10 8.4205e+10  1.36%  54.6 2570s
 132287   327 8.4205e+10   74   66 8.3077e+10 8.4205e+10  1.36%  54.6 2575s
 132528   336 8.4205e+10   84   47 8.3077e+10 8.4205e+10  1.36%  54.6 2580s
 132753   357 8.4205e+10   83   46 8.3077e+10 8.4205e+10  1.36%  54.6 2585s
 132934   340 infeasible   86      8.3077e+10 8.4205e+10  1.36%  54.7 2590s
 133224   338 infeasible   86      8.3077e+10 8.4205e+10  1.36%  54.7 2595s
 133441   349 8.4205e+10   81   54 8.3077e+10 8.4205e+10  1.36%  54.7 2600s
 133598   356 8.4205e+10   93   50 8.3077e+10 8.4205e+10  1.36%  54.7 2605s
 133828   344 8.4205e+10   84   61 8.3077e+10 8.4205e+10  1.36%  54.7 2610s
 134058   356 8.4205e+10   94   43 8.3077e+10 8.4205e+10  1.36%  54.7 2615s
 134334   343 infeasible   83      8.3077e+10 8.4205e+10  1.36%  54.8 2620s
 134552   343 infeasible   90      8.3077e+10 8.4205e+10  1.36%  54.8 2625s
 134775   346 infeasible   87      8.3077e+10 8.4205e+10  1.36%  54.8 2630s
 134982   341 8.4205e+10   86   63 8.3077e+10 8.4205e+10  1.36%  54.8 2635s
 135255   356 8.4205e+10   82   47 8.3077e+10 8.4205e+10  1.36%  54.9 2640s
 135540   363 infeasible   85      8.3077e+10 8.4205e+10  1.36%  54.8 2645s
 135831   366 8.4205e+10   93   55 8.3077e+10 8.4205e+10  1.36%  54.8 2651s
 135932   375 8.4205e+10   88   59 8.3077e+10 8.4205e+10  1.36%  54.8 2655s
 136214   367 8.4205e+10   88   46 8.3077e+10 8.4205e+10  1.36%  54.8 2660s
 136478   353 infeasible   87      8.3077e+10 8.4205e+10  1.36%  54.8 2665s
 136714   355 8.4205e+10   84   63 8.3077e+10 8.4205e+10  1.36%  54.9 2670s
 136977   345 infeasible   81      8.3077e+10 8.4205e+10  1.36%  54.9 2675s
 137173   347 8.4205e+10   90   65 8.3077e+10 8.4205e+10  1.36%  54.9 2680s
 137382   358 8.4205e+10   95   45 8.3077e+10 8.4205e+10  1.36%  54.9 2685s
 137657   357 8.4205e+10   94   43 8.3077e+10 8.4205e+10  1.36%  54.9 2690s
 137906   354 infeasible   96      8.3077e+10 8.4205e+10  1.36%  54.9 2695s
 138127   345 8.4205e+10   86   81 8.3077e+10 8.4205e+10  1.36%  54.9 2700s
 138423   369 8.4205e+10  111   35 8.3077e+10 8.4205e+10  1.36%  54.9 2706s
 138582   340 8.4205e+10   84   60 8.3077e+10 8.4205e+10  1.36%  54.9 2710s
 138799   351 8.4205e+10   89   68 8.3077e+10 8.4205e+10  1.36%  54.9 2715s
 139089   339 infeasible   92      8.3077e+10 8.4205e+10  1.36%  54.9 2720s
 139316   344 8.4205e+10   84   43 8.3077e+10 8.4205e+10  1.36%  54.9 2725s
 139538   346 8.4205e+10   85   67 8.3077e+10 8.4205e+10  1.36%  55.0 2730s
 139806   338 infeasible   90      8.3077e+10 8.4205e+10  1.36%  55.0 2735s
 139952   336 8.4205e+10   80   50 8.3077e+10 8.4205e+10  1.36%  55.0 2740s
 140281   337 infeasible   81      8.3077e+10 8.4205e+10  1.36%  55.0 2745s
 140553   341 8.4205e+10   82   57 8.3077e+10 8.4205e+10  1.36%  55.0 2750s
 140816   332 8.4205e+10   83   37 8.3077e+10 8.4205e+10  1.36%  55.0 2755s
 140986   332 infeasible   88      8.3077e+10 8.4205e+10  1.36%  55.0 2760s
 141242   348 infeasible   82      8.3077e+10 8.4205e+10  1.36%  55.1 2765s
 141536   352 infeasible   92      8.3077e+10 8.4205e+10  1.36%  55.1 2770s
 141717   347 8.4205e+10   81   53 8.3077e+10 8.4205e+10  1.36%  55.1 2776s
 141842   352 8.4205e+10   83   25 8.3077e+10 8.4205e+10  1.36%  55.1 2780s
 142191   355 8.4205e+10   77   39 8.3077e+10 8.4205e+10  1.36%  55.1 2785s
 142464   346 infeasible   87      8.3077e+10 8.4205e+10  1.36%  55.1 2790s
 142706   348 8.4205e+10   83   53 8.3077e+10 8.4205e+10  1.36%  55.1 2795s
 142973   335 8.4205e+10   85   36 8.3077e+10 8.4205e+10  1.36%  55.1 2800s
 143250   340 infeasible   87      8.3077e+10 8.4205e+10  1.36%  55.1 2805s
 143403   337 infeasible   84      8.3077e+10 8.4205e+10  1.36%  55.1 2810s
 143668   340 8.4205e+10   89   40 8.3077e+10 8.4205e+10  1.36%  55.1 2815s
 143888   340 infeasible   83      8.3077e+10 8.4205e+10  1.36%  55.1 2820s
 144095   339 infeasible   85      8.3077e+10 8.4205e+10  1.36%  55.1 2825s
 144360   358 8.4205e+10   99   26 8.3077e+10 8.4205e+10  1.36%  55.1 2830s
 144652   346 8.4205e+10   88   67 8.3077e+10 8.4205e+10  1.36%  55.1 2835s
 144921   337 8.4205e+10   85   43 8.3077e+10 8.4205e+10  1.36%  55.1 2840s
 145267   339 8.4205e+10   89   47 8.3077e+10 8.4205e+10  1.36%  55.1 2845s
 145342   334 8.4205e+10   79   66 8.3077e+10 8.4205e+10  1.36%  55.1 2850s
 145627   339 infeasible   86      8.3077e+10 8.4205e+10  1.36%  55.2 2855s
 145814   346 8.4205e+10   88   75 8.3077e+10 8.4205e+10  1.36%  55.2 2860s
 146100   338 infeasible   87      8.3077e+10 8.4205e+10  1.36%  55.2 2865s
 146347   334 8.4205e+10   78   59 8.3077e+10 8.4205e+10  1.36%  55.2 2870s
 146639   342 infeasible   90      8.3077e+10 8.4205e+10  1.36%  55.2 2875s
 146853   336 8.4205e+10   86   58 8.3077e+10 8.4205e+10  1.36%  55.2 2880s
 146998   329 infeasible   90      8.3077e+10 8.4205e+10  1.36%  55.2 2885s
 147291   346 infeasible   89      8.3077e+10 8.4205e+10  1.36%  55.2 2890s
 147565   360 infeasible   89      8.3077e+10 8.4205e+10  1.36%  55.2 2895s
 147817   344 infeasible   86      8.3077e+10 8.4205e+10  1.36%  55.2 2900s
 148102   349 8.4205e+10   80   56 8.3077e+10 8.4205e+10  1.36%  55.3 2905s
 148390   339 8.4205e+10   79   45 8.3077e+10 8.4205e+10  1.36%  55.3 2910s
 148646   341 8.4205e+10   82   51 8.3077e+10 8.4205e+10  1.36%  55.3 2915s
 148835   352 8.4205e+10   94   55 8.3077e+10 8.4205e+10  1.36%  55.3 2920s
 149112   332 8.4205e+10   81   38 8.3077e+10 8.4205e+10  1.36%  55.3 2925s
 149434   334 infeasible   87      8.3077e+10 8.4205e+10  1.36%  55.3 2930s
 149646   334 8.4205e+10   88   42 8.3077e+10 8.4205e+10  1.36%  55.3 2935s
 149971   331 infeasible   76      8.3077e+10 8.4205e+10  1.36%  55.3 2940s
 150234   330 8.4205e+10   72   66 8.3077e+10 8.4205e+10  1.36%  55.3 2945s
 150354   330 8.4205e+10   80   33 8.3077e+10 8.4205e+10  1.36%  55.3 2950s
 150656   334 infeasible   80      8.3077e+10 8.4205e+10  1.36%  55.3 2955s
 150887   331 infeasible   89      8.3077e+10 8.4205e+10  1.36%  55.3 2960s
 151133   341 8.4205e+10   90   48 8.3077e+10 8.4205e+10  1.36%  55.3 2965s
 151245   335 8.4205e+10   82   70 8.3077e+10 8.4205e+10  1.36%  55.3 2970s
 151377   333 8.4205e+10   81   49 8.3077e+10 8.4205e+10  1.36%  55.4 2975s
 151631   339 infeasible   86      8.3077e+10 8.4205e+10  1.36%  55.4 2980s
 151891   337 infeasible   86      8.3077e+10 8.4205e+10  1.36%  55.4 2985s
 152160   338 8.4205e+10   83   57 8.3077e+10 8.4205e+10  1.36%  55.4 2990s
 152385   335 8.4205e+10   76   73 8.3077e+10 8.4205e+10  1.36%  55.4 2995s
 152641   339 8.4205e+10   81   62 8.3077e+10 8.4205e+10  1.36%  55.4 3001s
 152862   328 infeasible   73      8.3077e+10 8.4205e+10  1.36%  55.4 3005s
 153118   332 8.4205e+10   86   33 8.3077e+10 8.4205e+10  1.36%  55.4 3010s
 153388   318 8.4205e+10  106   35 8.3077e+10 8.4205e+10  1.36%  55.4 3015s
 153744   294 8.4205e+10   96   32 8.3077e+10 8.4205e+10  1.36%  55.4 3020s
 153959   293 infeasible  105      8.3077e+10 8.4205e+10  1.36%  55.3 3025s
 154336   291 8.4205e+10  104   22 8.3077e+10 8.4205e+10  1.36%  55.3 3030s
 154701   283 8.4205e+10   79   38 8.3077e+10 8.4205e+10  1.36%  55.2 3035s
 155111   299 8.4205e+10   92   26 8.3077e+10 8.4205e+10  1.36%  55.1 3040s
 155398   275 infeasible   96      8.3077e+10 8.4205e+10  1.36%  55.1 3045s
 155749   273 8.4205e+10   97   21 8.3077e+10 8.4205e+10  1.36%  55.1 3050s
 156208   267 8.4205e+10   78   39 8.3077e+10 8.4205e+10  1.36%  55.0 3055s
 156371   266 infeasible   80      8.3077e+10 8.4205e+10  1.36%  55.0 3060s
 156701   320 8.4205e+10   75   39 8.3077e+10 8.4205e+10  1.36%  55.0 3065s
 156948   321 8.4205e+10   77   48 8.3077e+10 8.4205e+10  1.36%  55.0 3070s
 157158   317 8.4205e+10   75   52 8.3077e+10 8.4205e+10  1.36%  55.0 3075s
 157435   320 infeasible   74      8.3077e+10 8.4205e+10  1.36%  54.9 3080s
 157718   322 infeasible   85      8.3077e+10 8.4205e+10  1.36%  55.0 3085s
 157971   315 8.4205e+10   76   54 8.3077e+10 8.4205e+10  1.36%  55.0 3090s
 158190   324 infeasible   75      8.3077e+10 8.4205e+10  1.36%  55.0 3095s
 158458   314 8.4205e+10   79   57 8.3077e+10 8.4205e+10  1.36%  55.0 3100s
 158764   325 8.4205e+10   71   44 8.3077e+10 8.4205e+10  1.36%  55.0 3105s
 159049   336 8.4205e+10   78   62 8.3077e+10 8.4205e+10  1.36%  54.9 3110s
 159333   328 8.4205e+10   78   55 8.3077e+10 8.4205e+10  1.36%  54.9 3115s
 159478   331 8.4205e+10   75   59 8.3077e+10 8.4205e+10  1.36%  54.9 3120s
 159764   345 8.4205e+10   86   52 8.3077e+10 8.4205e+10  1.36%  54.9 3125s
 160079   334 8.4205e+10   79   53 8.3077e+10 8.4205e+10  1.36%  54.9 3130s
 160329   326 8.4205e+10   75   75 8.3077e+10 8.4205e+10  1.36%  54.9 3135s
 160442   321 8.4205e+10   75   49 8.3077e+10 8.4205e+10  1.36%  54.9 3140s
 160650   335 infeasible   80      8.3077e+10 8.4205e+10  1.36%  55.0 3145s
 160988   333 8.4205e+10   78   64 8.3077e+10 8.4205e+10  1.36%  54.9 3150s
 161249   338 8.4205e+10   85   70 8.3077e+10 8.4205e+10  1.36%  54.9 3155s
 161556   323 infeasible   84      8.3077e+10 8.4205e+10  1.36%  54.9 3160s
 161814   323 infeasible   74      8.3077e+10 8.4205e+10  1.36%  54.9 3165s
 162098   327 8.4205e+10   81   48 8.3077e+10 8.4205e+10  1.36%  54.9 3170s
 162295   322 8.4205e+10   88   42 8.3077e+10 8.4205e+10  1.36%  54.9 3175s
 162617   322 infeasible   88      8.3077e+10 8.4205e+10  1.36%  54.9 3180s
 162856   319 8.4205e+10   83   41 8.3077e+10 8.4205e+10  1.36%  54.9 3185s
 163142   325 infeasible   91      8.3077e+10 8.4205e+10  1.36%  54.9 3190s
 163336   309 8.4205e+10   74   53 8.3077e+10 8.4205e+10  1.36%  54.9 3196s
 163506   315 8.4205e+10   78   43 8.3077e+10 8.4205e+10  1.36%  54.9 3200s
 163816   311 8.4205e+10   73   53 8.3077e+10 8.4205e+10  1.36%  54.9 3205s
 164082   313 infeasible   82      8.3077e+10 8.4205e+10  1.36%  54.9 3210s
 164358   311 8.4205e+10   81   47 8.3077e+10 8.4205e+10  1.36%  54.8 3215s
 164620   305 8.4205e+10   70   55 8.3077e+10 8.4205e+10  1.36%  54.8 3220s
 164872   317 8.4205e+10   80   57 8.3077e+10 8.4205e+10  1.36%  54.9 3225s
 165142   329 8.4205e+10   86   49 8.3077e+10 8.4205e+10  1.36%  54.9 3230s
 165251   320 infeasible   79      8.3077e+10 8.4205e+10  1.36%  54.9 3235s
 165427   318 8.4205e+10   83   37 8.3077e+10 8.4205e+10  1.36%  54.9 3240s
 165723   332 infeasible   86      8.3077e+10 8.4205e+10  1.36%  54.9 3245s
 165993   332 8.4205e+10   84   26 8.3077e+10 8.4205e+10  1.36%  54.9 3250s
 166286   343 infeasible   95      8.3077e+10 8.4205e+10  1.36%  54.9 3255s
 166506   329 infeasible   91      8.3077e+10 8.4205e+10  1.36%  54.9 3260s
 166694   333 8.4205e+10   79   43 8.3077e+10 8.4205e+10  1.36%  54.9 3265s
 166986   343 8.4205e+10   92   32 8.3077e+10 8.4205e+10  1.36%  54.9 3270s
 167325   328 infeasible   93      8.3077e+10 8.4205e+10  1.36%  54.9 3275s
 167563   328 8.4205e+10   88   36 8.3077e+10 8.4205e+10  1.36%  54.8 3280s
 167805   342 8.4205e+10   84   50 8.3077e+10 8.4205e+10  1.36%  54.8 3285s
 167962   339 8.4205e+10   84   49 8.3077e+10 8.4205e+10  1.36%  54.8 3290s
 168237   328 8.4205e+10   83   44 8.3077e+10 8.4205e+10  1.36%  54.8 3295s
 168556   322 infeasible   85      8.3077e+10 8.4205e+10  1.36%  54.8 3300s
 168842   322 infeasible   83      8.3077e+10 8.4205e+10  1.36%  54.8 3305s
 169115   329 8.4205e+10   83   36 8.3077e+10 8.4205e+10  1.36%  54.8 3310s
 169405   322 8.4205e+10   82   67 8.3077e+10 8.4205e+10  1.36%  54.8 3315s
 169597   318 8.4205e+10   88   38 8.3077e+10 8.4205e+10  1.36%  54.8 3320s
 169843   316 infeasible   85      8.3077e+10 8.4205e+10  1.36%  54.8 3325s
 170155   318 infeasible   83      8.3077e+10 8.4205e+10  1.36%  54.8 3330s
 170464   323 8.4205e+10   75   40 8.3077e+10 8.4205e+10  1.36%  54.8 3335s
 170720   317 infeasible   77      8.3077e+10 8.4205e+10  1.36%  54.8 3340s
 170855   312 infeasible   83      8.3077e+10 8.4205e+10  1.36%  54.8 3345s
 171139   312 infeasible   80      8.3077e+10 8.4205e+10  1.36%  54.8 3350s
 171318   319 8.4205e+10   76   39 8.3077e+10 8.4205e+10  1.36%  54.8 3355s
 171611   322 8.4205e+10   72   73 8.3077e+10 8.4205e+10  1.36%  54.8 3360s
 171898   325 infeasible   75      8.3077e+10 8.4205e+10  1.36%  54.8 3365s
 172155   330 infeasible   82      8.3077e+10 8.4205e+10  1.36%  54.8 3370s
 172308   321 infeasible   81      8.3077e+10 8.4205e+10  1.36%  54.8 3375s
 172625   350 8.4205e+10   90   45 8.3077e+10 8.4205e+10  1.36%  54.8 3380s
 172844   327 8.4205e+10   79   47 8.3077e+10 8.4205e+10  1.36%  54.8 3385s
 173006   321 infeasible   83      8.3077e+10 8.4205e+10  1.36%  54.8 3390s
 173306   317 8.4205e+10   90   29 8.3077e+10 8.4205e+10  1.36%  54.8 3395s
 173551   318 8.4205e+10   84   42 8.3077e+10 8.4205e+10  1.36%  54.8 3400s
 173816   311 8.4205e+10   75   58 8.3077e+10 8.4205e+10  1.36%  54.8 3405s
 174035   314 8.4205e+10   80   72 8.3077e+10 8.4205e+10  1.36%  54.8 3410s
 174177   312 8.4205e+10   82   42 8.3077e+10 8.4205e+10  1.36%  54.8 3415s
 174466   323 8.4205e+10   82   42 8.3077e+10 8.4205e+10  1.36%  54.9 3420s
 174657   324 8.4205e+10   88   54 8.3077e+10 8.4205e+10  1.36%  54.9 3427s
 174779   316 infeasible   86      8.3077e+10 8.4205e+10  1.36%  54.9 3430s
 175072   315 8.4205e+10   88   46 8.3077e+10 8.4205e+10  1.36%  54.9 3435s
 175284   321 infeasible   84      8.3077e+10 8.4205e+10  1.36%  54.9 3440s
 175581   320 infeasible   79      8.3077e+10 8.4205e+10  1.36%  54.9 3445s
 175823   324 8.4205e+10   89   54 8.3077e+10 8.4205e+10  1.36%  54.9 3450s
 176052   325 8.4205e+10   78   44 8.3077e+10 8.4205e+10  1.36%  54.9 3455s
 176281   318 8.4205e+10   85   47 8.3077e+10 8.4205e+10  1.36%  54.9 3460s
 176540   315 8.4205e+10   77   44 8.3077e+10 8.4205e+10  1.36%  54.9 3465s
 176794   325 8.4205e+10   86   46 8.3077e+10 8.4205e+10  1.36%  54.9 3470s
 176962   339 infeasible   97      8.3077e+10 8.4205e+10  1.36%  54.9 3475s
 177156   321 infeasible   89      8.3077e+10 8.4205e+10  1.36%  54.9 3480s
 177453   318 infeasible   78      8.3077e+10 8.4205e+10  1.36%  54.9 3485s
 177742   311 infeasible   82      8.3077e+10 8.4205e+10  1.36%  54.9 3490s
 177978   305 8.4205e+10   78   60 8.3077e+10 8.4205e+10  1.36%  54.9 3495s
 178185   322 8.4205e+10   85   53 8.3077e+10 8.4205e+10  1.36%  54.9 3500s
 178444   319 8.4205e+10   82   41 8.3077e+10 8.4205e+10  1.36%  55.0 3505s
 178561   322 infeasible   85      8.3077e+10 8.4205e+10  1.36%  54.9 3510s
 178898   319 8.4205e+10   83   36 8.3077e+10 8.4205e+10  1.36%  54.9 3515s
 179174   329 8.4205e+10   81   52 8.3077e+10 8.4205e+10  1.36%  54.9 3520s
 179463   328 8.4205e+10   85   37 8.3077e+10 8.4205e+10  1.36%  54.9 3525s
 179749   340 infeasible   92      8.3077e+10 8.4205e+10  1.36%  54.9 3530s
 179990   343 infeasible   88      8.3077e+10 8.4205e+10  1.36%  54.9 3535s
 180345   360 infeasible  106      8.3077e+10 8.4205e+10  1.36%  54.9 3540s
 180482   363 infeasible  111      8.3077e+10 8.4205e+10  1.36%  54.9 3545s
 180752   335 infeasible   92      8.3077e+10 8.4205e+10  1.36%  54.9 3550s
 181056   335 infeasible   86      8.3077e+10 8.4205e+10  1.36%  54.9 3555s
 181283   335 8.4205e+10   90   45 8.3077e+10 8.4205e+10  1.36%  54.9 3560s
 181619   339 8.4205e+10   88   36 8.3077e+10 8.4205e+10  1.36%  54.9 3565s
 181873   331 infeasible   87      8.3077e+10 8.4205e+10  1.36%  54.9 3570s
 182134   336 8.4205e+10   84   38 8.3077e+10 8.4205e+10  1.36%  54.9 3575s
 182331   335 8.4205e+10   78   67 8.3077e+10 8.4205e+10  1.36%  54.9 3580s
 182527   333 8.4205e+10   80   46 8.3077e+10 8.4205e+10  1.36%  54.9 3585s
 182857   347 infeasible   95      8.3077e+10 8.4205e+10  1.36%  54.9 3590s
 183103   354 infeasible   92      8.3077e+10 8.4205e+10  1.36%  54.9 3595s

Cutting planes:
  Learned: 147
  Gomory: 26
  Lift-and-project: 26
  Cover: 1544
  Implied bound: 439
  Projected implied bound: 6
  Clique: 50
  MIR: 211
  StrongCG: 7
  Flow cover: 726
  GUB cover: 3
  Inf proof: 290
  RLT: 82
  Relax-and-lift: 118

Explored 183237 nodes (10093350 simplex iterations) in 3597.37 seconds (1743.24 work units)
Thread count was 1 (of 28 available processors)

Solution count 10: 8.30768e+10 8.1318e+10 7.88588e+10 ... 6.01478e+10

Time limit reached
Best objective 8.307680220000e+10, best bound 8.420480220000e+10, gap 1.3578%

User-callback calls 1879441, time in user-callback 1.73 sec