Gurobi Optimizer version 12.0.3 build v12.0.3rc0 (linux64 - "Oracle Linux Server 9.4")

CPU model: Intel(R) Xeon(R) CPU E5-2660 v4 @ 2.00GHz, instruction set [SSE2|AVX|AVX2]
Thread count: 28 physical cores, 28 logical processors, using up to 1 threads

Non-default parameters:
TimeLimit  3599.046338712
SoftMemLimit  16
NumericFocus  1
Threads  1

Academic license 2690100 - for non-commercial use only - registered to ju___@uclm.es
Optimize a model with 4751 rows, 1201 columns and 16356 nonzeros
Model fingerprint: 0xf9686cef
Variable types: 38 continuous, 1163 integer (1163 binary)
Coefficient statistics:
  Matrix range     [1e+00, 2e+13]
  Objective range  [4e+09, 7e+09]
  Bounds range     [1e+03, 1e+04]
  RHS range        [1e+00, 2e+14]
Warning: Model contains large matrix coefficient range
Warning: Model contains large objective coefficients
Warning: Model contains large rhs
Found heuristic solution: objective -0.0000000
Presolve removed 951 rows and 23 columns
Presolve time: 0.09s
Presolved: 3800 rows, 1178 columns, 14095 nonzeros
Variable types: 38 continuous, 1140 integer (1140 binary)

Root relaxation: objective 8.081760e+10, 750 iterations, 0.05 seconds (0.03 work units)

    Nodes    |    Current Node    |     Objective Bounds      |     Work
 Expl Unexpl |  Obj  Depth IntInf | Incumbent    BestBd   Gap | It/Node Time

     0     0 8.0818e+10    0   67   -0.00000 8.0818e+10      -     -    0s
H    0     0                    1.213920e+10 8.0818e+10   566%     -    0s
H    0     0                    2.224800e+10 8.0818e+10   263%     -    0s
H    0     0                    3.438720e+10 8.0818e+10   135%     -    0s
     0     0 7.9435e+10    0  167 3.4387e+10 7.9435e+10   131%     -    0s
H    0     0                    3.789120e+10 7.8874e+10   108%     -    0s
     0     0 7.8874e+10    0  168 3.7891e+10 7.8874e+10   108%     -    0s
     0     0 7.8874e+10    0  201 3.7891e+10 7.8874e+10   108%     -    0s
H    0     0                    4.139520e+10 7.8874e+10  90.5%     -    0s
     0     0 7.8874e+10    0  190 4.1395e+10 7.8874e+10  90.5%     -    0s
     0     0 7.8874e+10    0  133 4.1395e+10 7.8874e+10  90.5%     -    0s
H    0     0                    4.238880e+10 7.8874e+10  86.1%     -    0s
     0     0 7.8874e+10    0  134 4.2389e+10 7.8874e+10  86.1%     -    0s
     0     0 7.8874e+10    0   61 4.2389e+10 7.8874e+10  86.1%     -    0s
     0     0 7.8874e+10    0   78 4.2389e+10 7.8874e+10  86.1%     -    0s
     0     0 7.8874e+10    0  129 4.2389e+10 7.8874e+10  86.1%     -    0s
     0     0 7.8874e+10    0  134 4.2389e+10 7.8874e+10  86.1%     -    0s
     0     0 7.8874e+10    0  166 4.2389e+10 7.8874e+10  86.1%     -    1s
H    0     0                    4.744320e+10 7.8874e+10  66.2%     -    1s
     0     0 7.8874e+10    0  155 4.7443e+10 7.8874e+10  66.2%     -    1s
     0     0 7.8874e+10    0  153 4.7443e+10 7.8874e+10  66.2%     -    1s
     0     0 7.8874e+10    0  165 4.7443e+10 7.8874e+10  66.2%     -    1s
     0     0 7.7890e+10    0  168 4.7443e+10 7.7890e+10  64.2%     -    1s
     0     0 7.7815e+10    0  160 4.7443e+10 7.7815e+10  64.0%     -    1s
     0     0 7.7815e+10    0  199 4.7443e+10 7.7815e+10  64.0%     -    1s
     0     0 7.7515e+10    0  217 4.7443e+10 7.7515e+10  63.4%     -    1s
     0     0 7.7515e+10    0  204 4.7443e+10 7.7515e+10  63.4%     -    1s
     0     0 7.7515e+10    0  186 4.7443e+10 7.7515e+10  63.4%     -    1s
     0     0 7.7515e+10    0  182 4.7443e+10 7.7515e+10  63.4%     -    1s
     0     0 7.7515e+10    0  145 4.7443e+10 7.7515e+10  63.4%     -    1s
     0     0 7.7515e+10    0  146 4.7443e+10 7.7515e+10  63.4%     -    1s
     0     0 7.7515e+10    0  106 4.7443e+10 7.7515e+10  63.4%     -    1s
H    0     0                    5.249760e+10 7.7515e+10  47.7%     -    2s
     0     0 7.7515e+10    0  110 5.2498e+10 7.7515e+10  47.7%     -    2s
     0     0 7.7515e+10    0   99 5.2498e+10 7.7515e+10  47.7%     -    2s
     0     0 7.7515e+10    0  130 5.2498e+10 7.7515e+10  47.7%     -    2s
     0     0 7.7515e+10    0  127 5.2498e+10 7.7515e+10  47.7%     -    2s
     0     0 7.7515e+10    0  127 5.2498e+10 7.7515e+10  47.7%     -    2s
     0     2 7.7141e+10    0  116 5.2498e+10 7.7141e+10  46.9%     -    2s
H   26    22                    5.958240e+10 7.7141e+10  29.5%  41.8    2s
H   52    41                    6.659040e+10 7.7141e+10  15.8%  25.7    2s
H  158    77                    7.562880e+10 7.7141e+10  2.00%  19.9    3s
   435   261 7.7102e+10   40   65 7.5629e+10 7.7102e+10  1.95%  22.0    5s
   974   363 7.7102e+10   37   13 7.5629e+10 7.7102e+10  1.95%  16.4   10s
  1045   410 7.7102e+10   44   48 7.5629e+10 7.7102e+10  1.95%  34.1   15s
  1329   383 7.7102e+10   57   53 7.5629e+10 7.7102e+10  1.95%  39.7   20s
  1615   290 infeasible   64      7.5629e+10 7.7102e+10  1.95%  45.5   25s
  1797   227 7.7102e+10   60    8 7.5629e+10 7.7102e+10  1.95%  50.7   30s
  1960   180 7.7102e+10   62   19 7.5629e+10 7.7102e+10  1.95%  55.6   35s
  2263   242 7.7102e+10   47   80 7.5629e+10 7.7102e+10  1.95%  56.2   40s
  2567   334 7.7102e+10   91   26 7.5629e+10 7.7102e+10  1.95%  55.6   45s
  2742   335 infeasible   90      7.5629e+10 7.7102e+10  1.95%  57.1   50s
  2968   359 7.7102e+10   94   46 7.5629e+10 7.7102e+10  1.95%  58.5   55s
  3186   341 infeasible   92      7.5629e+10 7.7102e+10  1.95%  62.5   60s
  3446   331 infeasible   91      7.5629e+10 7.7102e+10  1.95%  65.2   65s
  3722   341 infeasible  102      7.5629e+10 7.7102e+10  1.95%  65.7   70s
  3989   324 infeasible   95      7.5629e+10 7.7102e+10  1.95%  67.0   75s
  4162   329 7.7102e+10   90   31 7.5629e+10 7.7102e+10  1.95%  67.7   80s
  4448   343 infeasible   76      7.5629e+10 7.7102e+10  1.95%  67.9   85s
  4688   353 7.7102e+10   75   47 7.5629e+10 7.7102e+10  1.95%  67.3   90s
  4760   353 7.7102e+10   77   26 7.5629e+10 7.7102e+10  1.95%  67.3   95s
  5071   389 infeasible   87      7.5629e+10 7.7102e+10  1.95%  66.0  100s
  5347   381 infeasible   79      7.5629e+10 7.7102e+10  1.95%  66.5  105s
  5524   408 7.7102e+10   82   30 7.5629e+10 7.7102e+10  1.95%  66.8  110s
  5798   394 infeasible   76      7.5629e+10 7.7102e+10  1.95%  67.7  115s
  6043   391 infeasible   85      7.5629e+10 7.7102e+10  1.95%  69.0  120s
  6181   391 7.7102e+10   77   28 7.5629e+10 7.7102e+10  1.95%  69.5  125s
  6395   418 7.7102e+10   82   31 7.5629e+10 7.7102e+10  1.95%  69.6  131s
  6586   419 infeasible   90      7.5629e+10 7.7102e+10  1.95%  69.9  135s
  6789   418 7.7102e+10   85   30 7.5629e+10 7.7102e+10  1.95%  70.0  140s
  7082   411 infeasible   87      7.5629e+10 7.7102e+10  1.95%  69.7  145s
H 7399     2                    7.710240e+10 7.7102e+10  0.00%  69.7  150s

Cutting planes:
  Learned: 103
  Gomory: 39
  Lift-and-project: 13
  Cover: 690
  Implied bound: 357
  Clique: 22
  MIR: 432
  Mixing: 76
  StrongCG: 12
  Flow cover: 2606
  GUB cover: 10
  Inf proof: 548
  Zero half: 1
  RLT: 66
  Relax-and-lift: 113

Explored 7400 nodes (547073 simplex iterations) in 150.09 seconds (74.74 work units)
Thread count was 1 (of 28 available processors)

Solution count 10: 7.71024e+10 7.56288e+10 6.65904e+10 ... 3.43872e+10

Optimal solution found (tolerance 1.00e-04)
Best objective 7.710240000000e+10, best bound 7.710240000000e+10, gap 0.0000%

User-callback calls 74955, time in user-callback 0.06 sec