Gurobi Optimizer version 12.0.3 build v12.0.3rc0 (linux64 - "Oracle Linux Server 9.4")

CPU model: Intel(R) Xeon(R) CPU E5-2660 v4 @ 2.00GHz, instruction set [SSE2|AVX|AVX2]
Thread count: 28 physical cores, 28 logical processors, using up to 1 threads

Non-default parameters:
TimeLimit  3599.218090736
SoftMemLimit  16
NumericFocus  1
Threads  1

Academic license 2690100 - for non-commercial use only - registered to ju___@uclm.es
Optimize a model with 2434 rows, 644 columns and 8274 nonzeros
Model fingerprint: 0x28993245
Variable types: 28 continuous, 616 integer (616 binary)
Coefficient statistics:
  Matrix range     [1e+00, 2e+13]
  Objective range  [3e+09, 7e+09]
  Bounds range     [1e+03, 1e+04]
  RHS range        [1e+00, 2e+14]
Warning: Model contains large matrix coefficient range
Warning: Model contains large objective coefficients
Warning: Model contains large rhs
Found heuristic solution: objective -0.0000000
Presolve removed 453 rows and 16 columns
Presolve time: 0.06s
Presolved: 1981 rows, 628 columns, 7251 nonzeros
Variable types: 28 continuous, 600 integer (600 binary)

Root relaxation: objective 7.382880e+10, 386 iterations, 0.01 seconds (0.01 work units)

    Nodes    |    Current Node    |     Objective Bounds      |     Work
 Expl Unexpl |  Obj  Depth IntInf | Incumbent    BestBd   Gap | It/Node Time

     0     0 7.3829e+10    0    8   -0.00000 7.3829e+10      -     -    0s
H    0     0                    1.719360e+10 7.3829e+10   329%     -    0s
     0     0 7.3829e+10    0   38 1.7194e+10 7.3829e+10   329%     -    0s
H    0     0                    3.438720e+10 7.3829e+10   115%     -    0s
     0     0 7.3829e+10    0   36 3.4387e+10 7.3829e+10   115%     -    0s
     0     0 7.3829e+10    0    2 3.4387e+10 7.3829e+10   115%     -    0s
H    0     0                    6.877440e+10 7.3829e+10  7.35%     -    0s
     0     0 7.3829e+10    0    8 6.8774e+10 7.3829e+10  7.35%     -    0s
     0     0 7.3829e+10    0    8 6.8774e+10 7.3829e+10  7.35%     -    0s
     0     0 7.3829e+10    0    3 6.8774e+10 7.3829e+10  7.35%     -    0s
     0     0 7.3829e+10    0    6 6.8774e+10 7.3829e+10  7.35%     -    0s
     0     0 7.3829e+10    0    6 6.8774e+10 7.3829e+10  7.35%     -    0s
     0     0 7.3829e+10    0    6 6.8774e+10 7.3829e+10  7.35%     -    0s
     0     2 7.3829e+10    0    6 6.8774e+10 7.3829e+10  7.35%     -    0s
H   52    41                    7.194240e+10 7.3829e+10  2.62%  18.9    0s
H  655   415                    7.382880e+10 7.3829e+10  0.00%  13.9    2s

Cutting planes:
  Cover: 5
  Implied bound: 4
  Clique: 7
  Flow cover: 2

Explored 655 nodes (12504 simplex iterations) in 2.76 seconds (1.27 work units)
Thread count was 1 (of 28 available processors)

Solution count 6: 7.38288e+10 7.19424e+10 6.87744e+10 ... -0

Optimal solution found (tolerance 1.00e-04)
Best objective 7.382880000000e+10, best bound 7.382880000000e+10, gap 0.0000%

User-callback calls 3476, time in user-callback 0.00 sec