Gurobi Optimizer version 12.0.3 build v12.0.3rc0 (linux64 - "Oracle Linux Server 9.4")

CPU model: Intel(R) Xeon(R) CPU E5-2660 v4 @ 2.00GHz, instruction set [SSE2|AVX|AVX2]
Thread count: 28 physical cores, 28 logical processors, using up to 1 threads

Non-default parameters:
TimeLimit  3597.627008159
SoftMemLimit  16
NumericFocus  1
Threads  1

Academic license 2690100 - for non-commercial use only - registered to ju___@uclm.es
Optimize a model with 14161 rows, 3428 columns and 49576 nonzeros
Model fingerprint: 0xed785aec
Variable types: 64 continuous, 3364 integer (3364 binary)
Coefficient statistics:
  Matrix range     [1e+00, 2e+13]
  Objective range  [9e+08, 8e+09]
  Bounds range     [3e+02, 1e+04]
  RHS range        [1e+00, 2e+14]
Warning: Model contains large matrix coefficient range
Warning: Model contains large objective coefficients
Warning: Model contains large rhs
Found heuristic solution: objective -0.0000000
Presolve removed 5917 rows and 938 columns
Presolve time: 0.47s
Presolved: 8244 rows, 2490 columns, 29728 nonzeros
Variable types: 55 continuous, 2435 integer (2435 binary)

Root relaxation: objective 9.458808e+10, 673 iterations, 0.04 seconds (0.02 work units)

    Nodes    |    Current Node    |     Objective Bounds      |     Work
 Expl Unexpl |  Obj  Depth IntInf | Incumbent    BestBd   Gap | It/Node Time

     0     0 9.4588e+10    0  153   -0.00000 9.4588e+10      -     -    0s
     0     0 9.4588e+10    0  161   -0.00000 9.4588e+10      -     -    0s
H    0     0                    4.417039e+10 9.4588e+10   114%     -    0s
     0     0 9.4588e+10    0  224 4.4170e+10 9.4588e+10   114%     -    1s
     0     0 9.4588e+10    0  187 4.4170e+10 9.4588e+10   114%     -    1s
     0     0 9.4588e+10    0  152 4.4170e+10 9.4588e+10   114%     -    1s
     0     0 9.4588e+10    0  134 4.4170e+10 9.4588e+10   114%     -    1s
     0     0 9.4588e+10    0  114 4.4170e+10 9.4588e+10   114%     -    1s
H    0     0                    5.041968e+10 9.4588e+10  87.6%     -    1s
     0     0 9.4588e+10    0  110 5.0420e+10 9.4588e+10  87.6%     -    1s
     0     0 9.4588e+10    0  166 5.0420e+10 9.4588e+10  87.6%     -    2s
     0     0 9.4588e+10    0  147 5.0420e+10 9.4588e+10  87.6%     -    2s
     0     0 9.4588e+10    0  147 5.0420e+10 9.4588e+10  87.6%     -    2s
     0     0 9.4588e+10    0  146 5.0420e+10 9.4588e+10  87.6%     -    2s
     0     0 9.4588e+10    0  178 5.0420e+10 9.4588e+10  87.6%     -    2s
     0     0 9.4588e+10    0  176 5.0420e+10 9.4588e+10  87.6%     -    2s
     0     0 9.4588e+10    0  175 5.0420e+10 9.4588e+10  87.6%     -    2s
     0     0 9.4588e+10    0  176 5.0420e+10 9.4588e+10  87.6%     -    2s
     0     0 9.4588e+10    0  178 5.0420e+10 9.4588e+10  87.6%     -    2s
     0     0 9.4588e+10    0  176 5.0420e+10 9.4588e+10  87.6%     -    2s
     0     0 9.3726e+10    0  212 5.0420e+10 9.3726e+10  85.9%     -    3s
     0     0 9.1633e+10    0  190 5.0420e+10 9.1633e+10  81.7%     -    3s
     0     0 9.1633e+10    0  181 5.0420e+10 9.1633e+10  81.7%     -    3s
     0     0 9.1633e+10    0  186 5.0420e+10 9.1633e+10  81.7%     -    3s
     0     0 9.1633e+10    0  279 5.0420e+10 9.1633e+10  81.7%     -    3s
     0     0 9.1633e+10    0  220 5.0420e+10 9.1633e+10  81.7%     -    3s
     0     0 9.1633e+10    0  215 5.0420e+10 9.1633e+10  81.7%     -    3s
H    0     0                    5.792928e+10 9.1633e+10  58.2%     -    3s
     0     0 9.1633e+10    0  254 5.7929e+10 9.1633e+10  58.2%     -    3s
     0     0 9.1633e+10    0  218 5.7929e+10 9.1633e+10  58.2%     -    4s
     0     0 9.1633e+10    0  156 5.7929e+10 9.1633e+10  58.2%     -    4s
H    0     0                    8.045808e+10 9.1633e+10  13.9%     -    4s
     0     0 9.1633e+10    0  143 8.0458e+10 9.1633e+10  13.9%     -    4s
     0     0 9.1633e+10    0  131 8.0458e+10 9.1633e+10  13.9%     -    4s
     0     0 9.1633e+10    0  204 8.0458e+10 9.1633e+10  13.9%     -    4s
     0     0 9.1633e+10    0  170 8.0458e+10 9.1633e+10  13.9%     -    4s
     0     0 9.1633e+10    0  126 8.0458e+10 9.1633e+10  13.9%     -    4s
     0     0 9.1633e+10    0  147 8.0458e+10 9.1633e+10  13.9%     -    4s
     0     0 9.1633e+10    0  181 8.0458e+10 9.1633e+10  13.9%     -    5s
     0     0 9.1633e+10    0  145 8.0458e+10 9.1633e+10  13.9%     -    5s
     0     2 9.1170e+10    0  129 8.0458e+10 9.1170e+10  13.3%     -    5s
H   26    24                    8.626879e+10 8.9503e+10  3.75%  56.8    6s
   511   289 8.9205e+10    5  154 8.6269e+10 8.9254e+10  3.46%  26.4   10s
   700   414 8.8738e+10   26  106 8.6269e+10 8.9254e+10  3.46%  27.3   15s
   716   425 8.8924e+10   21  158 8.6269e+10 8.9254e+10  3.46%  26.7   20s
   831   468 8.8861e+10   20  100 8.6269e+10 8.8974e+10  3.14%  67.0   25s
   997   492 8.6488e+10   43   56 8.6269e+10 8.8807e+10  2.94%  64.5   30s
  1226   550 8.7707e+10   21  110 8.6269e+10 8.8358e+10  2.42%  58.8   35s
  1469   449     cutoff   24      8.6269e+10 8.7529e+10  1.46%  57.8   40s
  1741   335 infeasible   60      8.6269e+10 8.7078e+10  0.94%  56.2   45s
  2144   271 8.7078e+10   73   16 8.6269e+10 8.7078e+10  0.94%  49.1   50s
  2559   288 8.7078e+10   72    6 8.6269e+10 8.7078e+10  0.94%  45.1   55s
  2944   288 8.7078e+10   64   20 8.6269e+10 8.7078e+10  0.94%  41.8   60s
  3529   320 infeasible   78      8.6269e+10 8.7078e+10  0.94%  37.7   65s
  4007   337 8.7078e+10   69   16 8.6269e+10 8.7078e+10  0.94%  35.4   70s
  4559   341 8.7078e+10   72   14 8.6269e+10 8.7078e+10  0.94%  33.1   75s
  5101   359 infeasible   83      8.6269e+10 8.7078e+10  0.94%  31.4   81s
  5469   348 8.7078e+10   73   66 8.6269e+10 8.7078e+10  0.94%  30.8   85s
  5935   376 8.7078e+10   73   27 8.6269e+10 8.7078e+10  0.94%  30.2   90s
  6452   386 infeasible   76      8.6269e+10 8.7078e+10  0.94%  29.5   95s
  6919   419 8.7078e+10   75   28 8.6269e+10 8.7078e+10  0.94%  29.1  100s
  7416   414 8.7078e+10   71   16 8.6269e+10 8.7078e+10  0.94%  28.7  105s
  7873   421 8.7078e+10   68   20 8.6269e+10 8.7078e+10  0.94%  28.2  111s
  8326   431 8.7078e+10   81   26 8.6269e+10 8.7078e+10  0.94%  27.8  115s
  8876   424 infeasible   76      8.6269e+10 8.7078e+10  0.94%  27.2  120s
  9291   418 8.7078e+10   72   24 8.6269e+10 8.7078e+10  0.94%  26.8  125s
  9790   390 8.7078e+10   67   26 8.6269e+10 8.7078e+10  0.94%  26.6  130s
 10275   391 infeasible   81      8.6269e+10 8.7078e+10  0.94%  26.2  135s
 10606   393 8.7078e+10   54  145 8.6269e+10 8.7078e+10  0.94%  26.0  142s
 10612   397 8.6488e+10   51   67 8.6269e+10 8.7078e+10  0.94%  26.0  145s
 10622   404 8.7078e+10   29  147 8.6269e+10 8.7078e+10  0.94%  26.0  150s
 10687   445 8.6488e+10   55   46 8.6269e+10 8.7078e+10  0.94%  28.3  155s
 10887   485 8.7078e+10   34  110 8.6269e+10 8.7078e+10  0.94%  28.6  160s
 11055   482     cutoff   33      8.6269e+10 8.7078e+10  0.94%  29.5  165s
 11253   541 8.6475e+10   36  106 8.6269e+10 8.7078e+10  0.94%  30.0  170s
 11566   654 8.6488e+10   34   61 8.6269e+10 8.7078e+10  0.94%  30.0  175s
 11835   762 8.6488e+10   37  101 8.6269e+10 8.7078e+10  0.94%  29.9  180s
 12119   923 8.6625e+10   37  108 8.6269e+10 8.7078e+10  0.94%  30.1  185s
 12460  1092 8.6488e+10   60   30 8.6269e+10 8.7078e+10  0.94%  30.4  190s
 12758  1231 8.6488e+10   66   42 8.6269e+10 8.7078e+10  0.94%  30.4  195s
 13140  1420 8.6912e+10   41   77 8.6269e+10 8.7078e+10  0.94%  30.5  200s
 13482  1512 8.7078e+10   88   22 8.6269e+10 8.7078e+10  0.94%  30.6  205s
 13940  1543 8.7078e+10   86   18 8.6269e+10 8.7078e+10  0.94%  30.2  210s
 14306  1616 8.7078e+10  105   18 8.6269e+10 8.7078e+10  0.94%  30.0  215s
 14754  1621 8.7078e+10   99    8 8.6269e+10 8.7078e+10  0.94%  29.7  222s
 15002  1603 8.7078e+10   88   30 8.6269e+10 8.7078e+10  0.94%  29.5  225s
 15501  1609 infeasible   82      8.6269e+10 8.7078e+10  0.94%  29.1  230s
 15712  1617 8.6488e+10   52  145 8.6269e+10 8.7078e+10  0.94%  29.0  258s
 15718  1621 8.6488e+10   46  211 8.6269e+10 8.7078e+10  0.94%  28.9  260s
 15724  1625 8.6488e+10   53  263 8.6269e+10 8.7078e+10  0.94%  28.9  265s
 15729  1628 8.6488e+10   61  253 8.6269e+10 8.7078e+10  0.94%  28.9  270s
 15734  1632 8.6488e+10   60  266 8.6269e+10 8.7078e+10  0.94%  28.9  275s
 15739  1635 8.6488e+10   61  220 8.6269e+10 8.7078e+10  0.94%  28.9  280s
 15745  1639 8.6488e+10   52  259 8.6269e+10 8.7078e+10  0.94%  28.9  285s
 15752  1644 8.7078e+10   82  115 8.6269e+10 8.7078e+10  0.94%  28.9  290s
 15759  1648 8.6488e+10   55   84 8.6269e+10 8.7078e+10  0.94%  28.9  295s
 15793  1671 8.6488e+10   61   57 8.6269e+10 8.7078e+10  0.94%  31.6  300s
 15948  1700 8.7078e+10   43  111 8.6269e+10 8.7078e+10  0.94%  31.5  305s
 16183  1626 8.7078e+10   71   94 8.6269e+10 8.7078e+10  0.94%  31.4  310s
 16342  1554 8.7078e+10   71  108 8.6269e+10 8.7078e+10  0.94%  31.6  315s
 16679  1481 8.7078e+10   95   21 8.6269e+10 8.7078e+10  0.94%  31.4  322s
 16912  1404 8.7078e+10  110    6 8.6269e+10 8.7078e+10  0.94%  31.1  325s
 17373  1242 infeasible   90      8.6269e+10 8.7078e+10  0.94%  30.7  330s
 17703  1131 8.7078e+10   99   17 8.6269e+10 8.7078e+10  0.94%  30.4  335s
 18143   994 8.7078e+10   86   28 8.6269e+10 8.7078e+10  0.94%  29.9  340s
 18654   821 infeasible   91      8.6269e+10 8.7078e+10  0.94%  29.5  345s
 19149   662 8.7078e+10   97   39 8.6269e+10 8.7078e+10  0.94%  29.2  350s
 19651   489 infeasible   91      8.6269e+10 8.7078e+10  0.94%  28.9  355s
 20101   338 8.7078e+10   90   41 8.6269e+10 8.7078e+10  0.94%  28.7  360s
 20507   196 8.7078e+10   94   28 8.6269e+10 8.7078e+10  0.94%  28.5  365s
 20945   117 8.7078e+10   91   36 8.6269e+10 8.7078e+10  0.94%  28.4  370s
 21290   121 infeasible   94      8.6269e+10 8.7078e+10  0.94%  28.1  375s
 21837   121 8.7078e+10   93   30 8.6269e+10 8.7078e+10  0.94%  27.8  380s
 22395   120 infeasible   89      8.6269e+10 8.7078e+10  0.94%  27.4  385s
 22845   123 infeasible   94      8.6269e+10 8.7078e+10  0.94%  27.3  390s
 23347   125 8.7078e+10   89   21 8.6269e+10 8.7078e+10  0.94%  27.1  395s
 23828   114 8.7078e+10   82   40 8.6269e+10 8.7078e+10  0.94%  26.9  400s
 24332   115 8.7078e+10   92   45 8.6269e+10 8.7078e+10  0.94%  26.6  405s
 24662   118 8.7078e+10   89   35 8.6269e+10 8.7078e+10  0.94%  26.5  410s
 25069   124 8.7078e+10   95   38 8.6269e+10 8.7078e+10  0.94%  26.5  415s
 25558   117 8.7078e+10   90   30 8.6269e+10 8.7078e+10  0.94%  26.3  420s
 26078   124 infeasible   95      8.6269e+10 8.7078e+10  0.94%  26.1  425s
 26383   121 8.7078e+10   95   32 8.6269e+10 8.7078e+10  0.94%  26.1  430s
 26878   112 8.7078e+10   95   37 8.6269e+10 8.7078e+10  0.94%  25.9  435s
 27362   113 8.7078e+10   92   34 8.6269e+10 8.7078e+10  0.94%  25.8  440s
 27923   119 8.7078e+10   87   34 8.6269e+10 8.7078e+10  0.94%  25.6  445s
 28450   127 8.7078e+10   97   26 8.6269e+10 8.7078e+10  0.94%  25.4  450s
 28887   125 8.7078e+10   85   29 8.6269e+10 8.7078e+10  0.94%  25.2  455s
 29357   116 infeasible   80      8.6269e+10 8.7078e+10  0.94%  25.1  460s
 29793   141 infeasible   91      8.6269e+10 8.7078e+10  0.94%  25.1  465s
 30265   139 infeasible   87      8.6269e+10 8.7078e+10  0.94%  25.1  470s
 30722   119 8.7078e+10   86   40 8.6269e+10 8.7078e+10  0.94%  25.0  475s
 31240   116 8.7078e+10   90   39 8.6269e+10 8.7078e+10  0.94%  24.9  480s
 31465   120 8.7078e+10  101   22 8.6269e+10 8.7078e+10  0.94%  24.8  485s
 32000   112 8.7078e+10   88   26 8.6269e+10 8.7078e+10  0.94%  24.6  490s
 32432   133 8.7078e+10   99   21 8.6269e+10 8.7078e+10  0.94%  24.6  495s
 32861   105 8.7078e+10   77   49 8.6269e+10 8.7078e+10  0.94%  24.7  500s
 33391   124 infeasible   92      8.6269e+10 8.7078e+10  0.94%  24.5  505s
 33898   125 8.7078e+10   96   34 8.6269e+10 8.7078e+10  0.94%  24.4  510s
 34376   117 infeasible   95      8.6269e+10 8.7078e+10  0.94%  24.4  515s
 34834   129 8.7078e+10   89   39 8.6269e+10 8.7078e+10  0.94%  24.3  520s
 35267   120 8.7078e+10   88   37 8.6269e+10 8.7078e+10  0.94%  24.3  525s
 35694   115 8.7078e+10   91   55 8.6269e+10 8.7078e+10  0.94%  24.3  530s
 36177   118 8.7038e+10   95   57 8.6269e+10 8.7078e+10  0.94%  24.2  535s
 36549   118 8.7078e+10   89   38 8.6269e+10 8.7078e+10  0.94%  24.2  541s
 36901   122 infeasible   86      8.6269e+10 8.7078e+10  0.94%  24.2  545s
 37343   117 8.7078e+10   88   39 8.6269e+10 8.7078e+10  0.94%  24.1  550s
 37655   147 8.7078e+10   95    6 8.6269e+10 8.7078e+10  0.94%  24.1  555s
 38029   187 8.7078e+10   91   25 8.6269e+10 8.7078e+10  0.94%  24.1  560s
 38525   191 8.7078e+10   84   30 8.6269e+10 8.7078e+10  0.94%  24.1  565s
 39057   192 8.7078e+10   78   34 8.6269e+10 8.7078e+10  0.94%  24.1  570s
 39639   174 8.7078e+10   77   86 8.6269e+10 8.7078e+10  0.94%  24.0  575s
 40075   190 8.7078e+10   92   55 8.6269e+10 8.7078e+10  0.94%  23.9  580s
 40477   223 infeasible   86      8.6269e+10 8.7078e+10  0.94%  23.9  585s
 40908   220 infeasible   86      8.6269e+10 8.7078e+10  0.94%  23.9  590s
 41321   216 infeasible   83      8.6269e+10 8.7078e+10  0.94%  23.9  595s
 41650   223 8.7078e+10   86   38 8.6269e+10 8.7078e+10  0.94%  23.9  600s
 42068   217 8.7078e+10   84   30 8.6269e+10 8.7078e+10  0.94%  23.8  605s
 42436   223 8.7078e+10   85   30 8.6269e+10 8.7078e+10  0.94%  23.8  610s
 42880   225 8.7078e+10   87   38 8.6269e+10 8.7078e+10  0.94%  23.8  615s
 43261   226 8.7078e+10   86   26 8.6269e+10 8.7078e+10  0.94%  23.8  621s
 43605   221 8.7078e+10   88   39 8.6269e+10 8.7078e+10  0.94%  23.8  625s
 44006   234 8.7078e+10   84   55 8.6269e+10 8.7078e+10  0.94%  23.9  630s
 44448   232 8.7078e+10   80   38 8.6269e+10 8.7078e+10  0.94%  23.8  635s
 44859   223 8.7078e+10   78   32 8.6269e+10 8.7078e+10  0.94%  23.8  640s
 45252   237 8.7078e+10   85   41 8.6269e+10 8.7078e+10  0.94%  23.8  645s
 45703   236 8.7078e+10   82   38 8.6269e+10 8.7078e+10  0.94%  23.8  650s
 46182   251 infeasible   94      8.6269e+10 8.7078e+10  0.94%  23.8  655s
 46627   234 infeasible   87      8.6269e+10 8.7078e+10  0.94%  23.8  660s
 46955   236 8.7078e+10   87   21 8.6269e+10 8.7078e+10  0.94%  23.8  665s
 47383   228 8.7078e+10   88   36 8.6269e+10 8.7078e+10  0.94%  23.8  670s
 47830   242 8.7078e+10   87   32 8.6269e+10 8.7078e+10  0.94%  23.8  675s
 48229   235 infeasible   86      8.6269e+10 8.7078e+10  0.94%  23.8  680s
 48665   240 infeasible   90      8.6269e+10 8.7078e+10  0.94%  23.8  685s
 49093   222 8.7078e+10   81   45 8.6269e+10 8.7078e+10  0.94%  23.8  690s
 49521   224 8.6956e+10   94  100 8.6269e+10 8.7078e+10  0.94%  23.8  695s
 49929   223 8.7078e+10   95   21 8.6269e+10 8.7078e+10  0.94%  23.8  700s
 50293   214 8.7078e+10   83   81 8.6269e+10 8.7078e+10  0.94%  23.8  705s
 50646   218 8.7078e+10   76   92 8.6269e+10 8.7078e+10  0.94%  23.8  710s
 50906   223 infeasible   80      8.6269e+10 8.7078e+10  0.94%  23.9  715s
 51125   255 8.7078e+10   84   47 8.6269e+10 8.7078e+10  0.94%  23.9  720s
 51525   286 infeasible  100      8.6269e+10 8.7078e+10  0.94%  23.9  725s
 51852   284 8.7078e+10   93   18 8.6269e+10 8.7078e+10  0.94%  23.9  730s
 52218   265 8.7078e+10  101   18 8.6269e+10 8.7078e+10  0.94%  23.9  735s
 52592   272     cutoff   86      8.6269e+10 8.7078e+10  0.94%  23.9  740s
 52860   288 8.7078e+10   84   75 8.6269e+10 8.7078e+10  0.94%  24.0  745s
 53207   317 8.7078e+10   77   55 8.6269e+10 8.7078e+10  0.94%  24.0  750s
 53567   336 8.7078e+10   85   47 8.6269e+10 8.7078e+10  0.94%  24.1  755s
 54040   356 8.7078e+10  110   16 8.6269e+10 8.7078e+10  0.94%  24.1  760s
 54464   354 8.7078e+10   88   25 8.6269e+10 8.7078e+10  0.94%  24.1  765s
 54868   369 8.7078e+10  112   32 8.6269e+10 8.7078e+10  0.94%  24.2  770s
 55279   368 8.7078e+10   90   89 8.6269e+10 8.7078e+10  0.94%  24.2  775s
 55676   370 infeasible  102      8.6269e+10 8.7078e+10  0.94%  24.2  780s
 56068   366 8.7078e+10   95   27 8.6269e+10 8.7078e+10  0.94%  24.2  785s
 56372   370 8.7078e+10   93   34 8.6269e+10 8.7078e+10  0.94%  24.3  790s
 56888   374 8.7078e+10  104   13 8.6269e+10 8.7078e+10  0.94%  24.2  795s
 57223   360 infeasible   95      8.6269e+10 8.7078e+10  0.94%  24.2  800s
 57634   365 8.7078e+10   75   59 8.6269e+10 8.7078e+10  0.94%  24.3  805s
 57982   416 8.7078e+10   88   47 8.6269e+10 8.7078e+10  0.94%  24.4  810s
 58174   414 8.7078e+10   92   76 8.6269e+10 8.7078e+10  0.94%  24.4  815s
 58639   424 8.7078e+10   79   39 8.6269e+10 8.7078e+10  0.94%  24.4  820s
 59092   430 8.7078e+10   84   44 8.6269e+10 8.7078e+10  0.94%  24.4  825s
 59494   430 8.7078e+10  106   12 8.6269e+10 8.7078e+10  0.94%  24.5  830s
 60001   447 8.7078e+10  101   11 8.6269e+10 8.7078e+10  0.94%  24.5  835s
 60222   432 8.7078e+10   88   35 8.6269e+10 8.7078e+10  0.94%  24.5  840s
 60829   429 8.7078e+10   89   41 8.6269e+10 8.7078e+10  0.94%  24.4  845s
 61330   424 8.7040e+10   94  112 8.6269e+10 8.7078e+10  0.94%  24.4  850s
 61738   427 infeasible   91      8.6269e+10 8.7078e+10  0.94%  24.5  855s
 62119   419 infeasible   88      8.6269e+10 8.7078e+10  0.94%  24.6  860s
 62384   430 infeasible  103      8.6269e+10 8.7078e+10  0.94%  24.6  865s
 62846   425 8.7078e+10   99   52 8.6269e+10 8.7078e+10  0.94%  24.6  870s
 63141   410 8.7078e+10   91   75 8.6269e+10 8.7078e+10  0.94%  24.7  875s
 63583   409 8.7078e+10   90   69 8.6269e+10 8.7078e+10  0.94%  24.7  880s
 63903   414 8.7078e+10   99   32 8.6269e+10 8.7078e+10  0.94%  24.7  885s
 64080   420 infeasible  104      8.6269e+10 8.7078e+10  0.94%  24.8  890s
 64426   412 8.7078e+10   83   31 8.6269e+10 8.7078e+10  0.94%  24.9  895s
 64905   423 infeasible   85      8.6269e+10 8.7078e+10  0.94%  24.9  900s
 65352   426 8.7078e+10   82   30 8.6269e+10 8.7078e+10  0.94%  25.0  905s
 65680   444 8.7078e+10   85   47 8.6269e+10 8.7078e+10  0.94%  25.0  910s
 65964   472 infeasible   83      8.6269e+10 8.7078e+10  0.94%  25.0  915s
 66226   488 8.7078e+10   85   74 8.6269e+10 8.7078e+10  0.94%  25.1  920s
 66561   497 8.7078e+10   78   49 8.6269e+10 8.7078e+10  0.94%  25.2  925s
 66910   492 8.7078e+10   74  109 8.6269e+10 8.7078e+10  0.94%  25.2  930s
 67376   501 8.7078e+10   92   22 8.6269e+10 8.7078e+10  0.94%  25.2  935s
 67620   504 8.7078e+10   78   49 8.6269e+10 8.7078e+10  0.94%  25.2  940s
 67995   530 8.7078e+10   93   22 8.6269e+10 8.7078e+10  0.94%  25.2  945s
 68312   541 8.7078e+10   97   13 8.6269e+10 8.7078e+10  0.94%  25.2  950s
 68651   547 infeasible   94      8.6269e+10 8.7078e+10  0.94%  25.2  955s
 68969   549 8.7078e+10   96   18 8.6269e+10 8.7078e+10  0.94%  25.2  960s
 69423   546     cutoff   97      8.6269e+10 8.7078e+10  0.94%  25.2  965s
 69902   520 8.7078e+10   93   16 8.6269e+10 8.7078e+10  0.94%  25.2  970s
 70412   516 8.7078e+10   92   23 8.6269e+10 8.7078e+10  0.94%  25.1  975s
 70723   517 infeasible   76      8.6269e+10 8.7078e+10  0.94%  25.1  980s
 70868   524 8.7078e+10   86   26 8.6269e+10 8.7078e+10  0.94%  25.1  985s
 71227   517 8.7078e+10   80   71 8.6269e+10 8.7078e+10  0.94%  25.2  990s
 71633   544 8.6816e+10   92   99 8.6269e+10 8.7078e+10  0.94%  25.2  995s
 71874   555 8.7042e+10   82   77 8.6269e+10 8.7078e+10  0.94%  25.4 1001s
 72056   558 8.7078e+10   94   59 8.6269e+10 8.7078e+10  0.94%  25.5 1005s
 72375   565 infeasible   94      8.6269e+10 8.7078e+10  0.94%  25.7 1010s
 72547   569     cutoff   94      8.6269e+10 8.7078e+10  0.94%  25.7 1015s
 72824   571 infeasible   90      8.6269e+10 8.7078e+10  0.94%  25.8 1020s
 73228   580 8.7078e+10   97   25 8.6269e+10 8.7078e+10  0.94%  25.8 1025s
 73602   572 infeasible   80      8.6269e+10 8.7078e+10  0.94%  25.8 1030s
 73973   565 8.7078e+10   82   39 8.6269e+10 8.7078e+10  0.94%  25.9 1035s
 74333   591 8.7078e+10   95  121 8.6269e+10 8.7078e+10  0.94%  25.9 1040s
 74604   612 infeasible  104      8.6269e+10 8.7078e+10  0.94%  25.9 1045s
 74927   625 infeasible   92      8.6269e+10 8.7078e+10  0.94%  26.0 1050s
 75343   629 8.7078e+10   90   28 8.6269e+10 8.7078e+10  0.94%  26.0 1055s
 75756   616 infeasible   67      8.6269e+10 8.7078e+10  0.94%  26.1 1060s
 76112   617 8.7078e+10   84   37 8.6269e+10 8.7078e+10  0.94%  26.1 1065s
 76579   622 infeasible   92      8.6269e+10 8.7078e+10  0.94%  26.1 1070s
 76998   622 8.7078e+10   99   39 8.6269e+10 8.7078e+10  0.94%  26.2 1075s
 77391   614 8.7078e+10   86   49 8.6269e+10 8.7078e+10  0.94%  26.2 1080s
 77640   617 infeasible   82      8.6269e+10 8.7078e+10  0.94%  26.2 1085s
 78029   618 infeasible   94      8.6269e+10 8.7078e+10  0.94%  26.2 1090s
 78463   605 8.7078e+10   81   43 8.6269e+10 8.7078e+10  0.94%  26.2 1095s
 78649   618 8.7078e+10   83   47 8.6269e+10 8.7078e+10  0.94%  26.3 1100s
 78874   626 8.7078e+10   70   65 8.6269e+10 8.7078e+10  0.94%  26.3 1105s
 79211   639 8.7078e+10   83   64 8.6269e+10 8.7078e+10  0.94%  26.4 1110s
 79465   643 8.7078e+10   82   43 8.6269e+10 8.7078e+10  0.94%  26.4 1115s
 79733   657 8.7078e+10   77   72 8.6269e+10 8.7078e+10  0.94%  26.5 1120s
 80065   684 8.7078e+10   71   43 8.6269e+10 8.7078e+10  0.94%  26.5 1125s
 80390   701 8.7078e+10   77   54 8.6269e+10 8.7078e+10  0.94%  26.5 1130s
 80635   699 8.7078e+10   80   56 8.6269e+10 8.7078e+10  0.94%  26.5 1135s
 80985   713 infeasible   76      8.6269e+10 8.7078e+10  0.94%  26.5 1140s
 81344   726 infeasible   95      8.6269e+10 8.7078e+10  0.94%  26.6 1145s
 81773   716 8.7078e+10   73   31 8.6269e+10 8.7078e+10  0.94%  26.6 1150s
 82065   725 8.7078e+10   74   48 8.6269e+10 8.7078e+10  0.94%  26.7 1155s
 82421   728 8.7078e+10   76   43 8.6269e+10 8.7078e+10  0.94%  26.7 1160s
 82741   728 infeasible   79      8.6269e+10 8.7078e+10  0.94%  26.7 1166s
 82995   722 8.7078e+10   71   88 8.6269e+10 8.7078e+10  0.94%  26.7 1170s
 83310   723 8.7078e+10   73   81 8.6269e+10 8.7078e+10  0.94%  26.8 1175s
 83650   707 8.7078e+10   72   70 8.6269e+10 8.7078e+10  0.94%  26.8 1180s
 84014   695 8.7078e+10   76   55 8.6269e+10 8.7078e+10  0.94%  26.8 1185s
 84399   675 8.7078e+10   72   55 8.6269e+10 8.7078e+10  0.94%  26.8 1190s
 84699   680 8.7078e+10   95   42 8.6269e+10 8.7078e+10  0.94%  26.8 1195s
 85092   664 8.7078e+10   84   62 8.6269e+10 8.7078e+10  0.94%  26.9 1200s
 85362   674     cutoff   78      8.6269e+10 8.7078e+10  0.94%  26.9 1205s
 85649   675 8.7078e+10   77   43 8.6269e+10 8.7078e+10  0.94%  27.0 1210s
 86006   678 8.7068e+10  104   86 8.6269e+10 8.7078e+10  0.94%  27.0 1215s
 86345   663 8.7078e+10   95   55 8.6269e+10 8.7078e+10  0.94%  27.1 1220s
 86792   708 8.6728e+10   84   30 8.6269e+10 8.7078e+10  0.94%  27.1 1225s
 87190   740 8.7078e+10   96    8 8.6269e+10 8.7078e+10  0.94%  27.1 1230s
 87496   730 8.7078e+10   84   27 8.6269e+10 8.7078e+10  0.94%  27.1 1236s
 87691   737 infeasible   76      8.6269e+10 8.7078e+10  0.94%  27.2 1240s
 87926   748 8.7078e+10   88   53 8.6269e+10 8.7078e+10  0.94%  27.2 1245s
 88262   755 8.7078e+10   92    8 8.6269e+10 8.7078e+10  0.94%  27.2 1250s
 88580   729 infeasible   73      8.6269e+10 8.7078e+10  0.94%  27.2 1255s
 88886   759 infeasible   77      8.6269e+10 8.7078e+10  0.94%  27.2 1260s
 89319   767 8.7078e+10   80   29 8.6269e+10 8.7078e+10  0.94%  27.2 1265s
 89879   759 infeasible   82      8.6269e+10 8.7078e+10  0.94%  27.2 1270s
 90197   771 8.7078e+10   82   40 8.6269e+10 8.7078e+10  0.94%  27.2 1275s
 90565   789 8.7078e+10   96   22 8.6269e+10 8.7078e+10  0.94%  27.3 1280s
 90892   779 8.7078e+10   74   75 8.6269e+10 8.7078e+10  0.94%  27.3 1285s
 91265   798 8.7078e+10   85   10 8.6269e+10 8.7078e+10  0.94%  27.3 1290s
 91597   802 8.7078e+10   78   30 8.6269e+10 8.7078e+10  0.94%  27.3 1295s
 91974   799 8.7078e+10   72   75 8.6269e+10 8.7078e+10  0.94%  27.3 1300s
 92394   790 8.7078e+10   80   37 8.6269e+10 8.7078e+10  0.94%  27.3 1305s
 92837   785 infeasible   70      8.6269e+10 8.7078e+10  0.94%  27.2 1310s
 92968   795 8.7078e+10   80   28 8.6269e+10 8.7078e+10  0.94%  27.2 1316s
 93254   793 8.7078e+10   79   30 8.6269e+10 8.7078e+10  0.94%  27.2 1320s
 93410   811 8.7078e+10   94   13 8.6269e+10 8.7078e+10  0.94%  27.2 1325s
 93737   834 infeasible   96      8.6269e+10 8.7078e+10  0.94%  27.3 1330s
 94099   818 8.7078e+10   94    8 8.6269e+10 8.7078e+10  0.94%  27.3 1335s
 94462   816 infeasible   94      8.6269e+10 8.7078e+10  0.94%  27.3 1340s
 94777   831 8.7078e+10   93   20 8.6269e+10 8.7078e+10  0.94%  27.4 1345s
 95138   819 8.7078e+10   93   10 8.6269e+10 8.7078e+10  0.94%  27.4 1350s
 95508   821 infeasible   96      8.6269e+10 8.7078e+10  0.94%  27.4 1355s
 95854   825     cutoff   98      8.6269e+10 8.7078e+10  0.94%  27.5 1360s
 96229   814 8.7078e+10   98    8 8.6269e+10 8.7078e+10  0.94%  27.5 1365s
 96603   818     cutoff   94      8.6269e+10 8.7078e+10  0.94%  27.6 1370s
 96901   815 8.7078e+10   98   16 8.6269e+10 8.7078e+10  0.94%  27.6 1375s
 97217   822 8.7078e+10   91   23 8.6269e+10 8.7078e+10  0.94%  27.6 1380s
 97554   826 8.7078e+10   88   26 8.6269e+10 8.7078e+10  0.94%  27.7 1385s
 97851   798 8.7078e+10   76   30 8.6269e+10 8.7078e+10  0.94%  27.7 1390s
 98296   803 8.7078e+10   87   29 8.6269e+10 8.7078e+10  0.94%  27.7 1395s
 98578   798 infeasible   78      8.6269e+10 8.7078e+10  0.94%  27.6 1400s
 98902   800 8.7078e+10   75   29 8.6269e+10 8.7078e+10  0.94%  27.6 1405s
 99196   814 8.7078e+10   87   16 8.6269e+10 8.7078e+10  0.94%  27.7 1410s
 99528   798 8.7078e+10   75   37 8.6269e+10 8.7078e+10  0.94%  27.7 1415s
 99849   814 8.7078e+10   80   58 8.6269e+10 8.7078e+10  0.94%  27.7 1420s
 100159   808 8.7078e+10   73   43 8.6269e+10 8.7078e+10  0.94%  27.8 1425s
 100510   817     cutoff   81      8.6269e+10 8.7078e+10  0.94%  27.8 1430s
 100863   813 8.7078e+10   84   17 8.6269e+10 8.7078e+10  0.94%  27.9 1435s
 101333   793 8.7078e+10   71   42 8.6269e+10 8.7078e+10  0.94%  27.8 1440s
 101665   800 8.6628e+10   89   65 8.6269e+10 8.7078e+10  0.94%  27.8 1445s
 101953   787 8.7078e+10   74   39 8.6269e+10 8.7078e+10  0.94%  27.9 1450s
 102266   829 8.7078e+10   93   34 8.6269e+10 8.7078e+10  0.94%  27.9 1455s
 102639   809 8.6973e+10   82   44 8.6269e+10 8.7078e+10  0.94%  27.9 1460s
 103011   813 8.7078e+10   85   28 8.6269e+10 8.7078e+10  0.94%  28.0 1465s
 103373   804 8.7078e+10   80   38 8.6269e+10 8.7078e+10  0.94%  28.0 1470s
 103641   803 8.7078e+10   76   44 8.6269e+10 8.7078e+10  0.94%  28.0 1475s
 103835   804 infeasible   85      8.6269e+10 8.7078e+10  0.94%  28.0 1481s
 104058   801 8.7078e+10   77   45 8.6269e+10 8.7078e+10  0.94%  28.1 1485s
 104388   799 8.7078e+10   94   60 8.6269e+10 8.7078e+10  0.94%  28.1 1490s
 104845   808 8.7078e+10   79   48 8.6269e+10 8.7078e+10  0.94%  28.1 1495s
 105190   808 8.7078e+10   84   43 8.6269e+10 8.7078e+10  0.94%  28.2 1502s
 105416   802 8.7078e+10   70   48 8.6269e+10 8.7078e+10  0.94%  28.2 1505s
 105858   817 infeasible   75      8.6269e+10 8.7078e+10  0.94%  28.2 1510s
 106294   815 8.7078e+10   76   47 8.6269e+10 8.7078e+10  0.94%  28.2 1515s
 106717   805 8.7078e+10   76   58 8.6269e+10 8.7078e+10  0.94%  28.2 1520s
 106977   816 8.7078e+10   77   59 8.6269e+10 8.7078e+10  0.94%  28.2 1525s
 107428   799 8.7078e+10   79   52 8.6269e+10 8.7078e+10  0.94%  28.2 1530s
 107819   804 infeasible   99      8.6269e+10 8.7078e+10  0.94%  28.3 1535s
 108217   801 infeasible   93      8.6269e+10 8.7078e+10  0.94%  28.3 1540s
 108575   813 8.7046e+10   97   63 8.6269e+10 8.7078e+10  0.94%  28.3 1545s
 108927   825 infeasible   87      8.6269e+10 8.7078e+10  0.94%  28.3 1550s
 109101   816 infeasible   81      8.6269e+10 8.7078e+10  0.94%  28.4 1555s
 109450   816 8.7078e+10   85   52 8.6269e+10 8.7078e+10  0.94%  28.4 1560s
 109800   823 8.7078e+10   84   66 8.6269e+10 8.7078e+10  0.94%  28.4 1565s
 110132   825 8.7078e+10   89   57 8.6269e+10 8.7078e+10  0.94%  28.5 1570s
 110500   816 infeasible   86      8.6269e+10 8.7078e+10  0.94%  28.5 1575s
 110807   833 infeasible   78      8.6269e+10 8.7078e+10  0.94%  28.6 1580s
 111135   835 8.7078e+10   77   39 8.6269e+10 8.7078e+10  0.94%  28.6 1585s
 111458   841 infeasible   88      8.6269e+10 8.7078e+10  0.94%  28.6 1590s
 111747   857 8.7078e+10   85   55 8.6269e+10 8.7078e+10  0.94%  28.6 1595s
 112070   837 8.7078e+10   71   63 8.6269e+10 8.7078e+10  0.94%  28.6 1600s
 112369   845 infeasible   83      8.6269e+10 8.7078e+10  0.94%  28.7 1605s
 112722   854 infeasible   96      8.6269e+10 8.7078e+10  0.94%  28.7 1610s
 113042   862 infeasible   91      8.6269e+10 8.7078e+10  0.94%  28.7 1615s
 113329   854 8.7078e+10   84   52 8.6269e+10 8.7078e+10  0.94%  28.7 1620s
 113692   851 infeasible   98      8.6269e+10 8.7078e+10  0.94%  28.7 1625s
 113999   839 8.7078e+10   72   51 8.6269e+10 8.7078e+10  0.94%  28.8 1630s
 114256   847 8.7078e+10   76   44 8.6269e+10 8.7078e+10  0.94%  28.8 1635s
 114555   886 8.7078e+10   85   10 8.6269e+10 8.7078e+10  0.94%  28.8 1640s
 114967   878 8.7078e+10   73   34 8.6269e+10 8.7078e+10  0.94%  28.8 1645s
 115118   880 8.7078e+10   82    6 8.6269e+10 8.7078e+10  0.94%  28.8 1650s
 115511   893     cutoff   80      8.6269e+10 8.7078e+10  0.94%  28.8 1655s
 115884   880 infeasible   83      8.6269e+10 8.7078e+10  0.94%  28.8 1660s
 116260   854 infeasible   73      8.6269e+10 8.7078e+10  0.94%  28.8 1665s
 116647   864 infeasible   82      8.6269e+10 8.7078e+10  0.94%  28.7 1670s
 117097   866 8.7078e+10   81   28 8.6269e+10 8.7078e+10  0.94%  28.7 1675s
 117500   883 8.7078e+10   93   37 8.6269e+10 8.7078e+10  0.94%  28.7 1680s
 118059   882 8.7078e+10   86   20 8.6269e+10 8.7078e+10  0.94%  28.6 1685s
 118571   886 8.7078e+10   84   31 8.6269e+10 8.7078e+10  0.94%  28.6 1690s
 119054   876 8.7078e+10   89   38 8.6269e+10 8.7078e+10  0.94%  28.6 1695s
 119454   861 infeasible   84      8.6269e+10 8.7078e+10  0.94%  28.5 1700s
 119691   864 8.7078e+10   74   62 8.6269e+10 8.7078e+10  0.94%  28.5 1705s
 120238   883 8.7078e+10   95    6 8.6269e+10 8.7078e+10  0.94%  28.5 1710s
 120766   869 infeasible   80      8.6269e+10 8.7078e+10  0.94%  28.4 1715s
 121244   890 infeasible   94      8.6269e+10 8.7078e+10  0.94%  28.4 1720s
 121641   917 infeasible   97      8.6269e+10 8.7078e+10  0.94%  28.4 1725s
 121951   919 8.7078e+10   87   93 8.6269e+10 8.7078e+10  0.94%  28.4 1730s
 122422   920 8.7078e+10   79   43 8.6269e+10 8.7078e+10  0.94%  28.4 1735s
 122871   928 8.7078e+10   86   36 8.6269e+10 8.7078e+10  0.94%  28.4 1740s
 123021   941     cutoff   96      8.6269e+10 8.7078e+10  0.94%  28.3 1745s
 123438   930 8.7078e+10   88   31 8.6269e+10 8.7078e+10  0.94%  28.3 1750s
 123870   900     cutoff   90      8.6269e+10 8.7078e+10  0.94%  28.3 1755s
 124363   887 8.7078e+10   84   72 8.6269e+10 8.7078e+10  0.94%  28.2 1760s
 124714   885 8.7078e+10   92   26 8.6269e+10 8.7078e+10  0.94%  28.2 1765s
 125180   876 8.7078e+10   85   52 8.6269e+10 8.7078e+10  0.94%  28.2 1770s
 125659   880 infeasible   85      8.6269e+10 8.7078e+10  0.94%  28.1 1775s
 125933   900 8.7078e+10   82   60 8.6269e+10 8.7078e+10  0.94%  28.1 1780s
 126222   911 8.7078e+10   77   79 8.6269e+10 8.7078e+10  0.94%  28.2 1785s
 126598   963 8.7078e+10   91   27 8.6269e+10 8.7078e+10  0.94%  28.2 1790s
 127056   954 8.7078e+10   83   63 8.6269e+10 8.7078e+10  0.94%  28.1 1795s
 127416   966 infeasible   95      8.6269e+10 8.7078e+10  0.94%  28.1 1800s
 127834   970 infeasible   91      8.6269e+10 8.7078e+10  0.94%  28.1 1805s
 128287   949 8.7078e+10   87   37 8.6269e+10 8.7078e+10  0.94%  28.1 1810s
 128723   941 infeasible  102      8.6269e+10 8.7078e+10  0.94%  28.1 1815s
 129156   910 8.7078e+10   79   76 8.6269e+10 8.7078e+10  0.94%  28.0 1820s
 129501   935     cutoff  101      8.6269e+10 8.7078e+10  0.94%  28.1 1825s
 129783   951     cutoff   98      8.6269e+10 8.7078e+10  0.94%  28.1 1831s
 130030   935 8.7078e+10   92   36 8.6269e+10 8.7078e+10  0.94%  28.1 1835s
 130395   932 8.7078e+10   88   75 8.6269e+10 8.7078e+10  0.94%  28.1 1840s
 130763   935 8.7078e+10   92   35 8.6269e+10 8.7078e+10  0.94%  28.1 1845s
 131180   917 infeasible   90      8.6269e+10 8.7078e+10  0.94%  28.1 1850s
 131701   930 infeasible   99      8.6269e+10 8.7078e+10  0.94%  28.0 1855s
 132058   930 8.7078e+10   87   34 8.6269e+10 8.7078e+10  0.94%  28.0 1860s
 132479   927 infeasible   98      8.6269e+10 8.7078e+10  0.94%  28.0 1865s
 132963   935 8.7078e+10   84   31 8.6269e+10 8.7078e+10  0.94%  28.0 1870s
 133433   953 8.7078e+10  100   19 8.6269e+10 8.7078e+10  0.94%  27.9 1875s
 133893   950     cutoff  100      8.6269e+10 8.7078e+10  0.94%  27.9 1880s
 134327   963 8.7078e+10   95   32 8.6269e+10 8.7078e+10  0.94%  28.0 1885s
 134718   952 8.7078e+10   95    8 8.6269e+10 8.7078e+10  0.94%  28.0 1890s
 134994   949 8.7078e+10   91   37 8.6269e+10 8.7078e+10  0.94%  28.0 1895s
 135536   951 infeasible   81      8.6269e+10 8.7078e+10  0.94%  28.0 1900s
 135741   942 8.7078e+10   79   44 8.6269e+10 8.7078e+10  0.94%  27.9 1905s
 136232   937 8.7078e+10   77   42 8.6269e+10 8.7078e+10  0.94%  27.9 1910s
 136670   933 8.7078e+10   85   46 8.6269e+10 8.7078e+10  0.94%  27.9 1915s
 137045   953 8.7078e+10   81   60 8.6269e+10 8.7078e+10  0.94%  27.9 1920s
 137245   964 8.7078e+10   77  111 8.6269e+10 8.7078e+10  0.94%  27.9 1925s
 137534   989 8.7078e+10   76   78 8.6269e+10 8.7078e+10  0.94%  27.9 1930s
 138002  1003 8.7078e+10   81   31 8.6269e+10 8.7078e+10  0.94%  27.9 1935s
 138507   993 8.7078e+10   84   37 8.6269e+10 8.7078e+10  0.94%  27.8 1940s
 139001   982 8.7078e+10   83   42 8.6269e+10 8.7078e+10  0.94%  27.8 1945s
 139455   976 8.7078e+10   86   41 8.6269e+10 8.7078e+10  0.94%  27.8 1950s
 139850   990 8.7048e+10   93   66 8.6269e+10 8.7078e+10  0.94%  27.8 1955s
 140145   987 infeasible   91      8.6269e+10 8.7078e+10  0.94%  27.8 1960s
 140640   988 8.7078e+10   84   53 8.6269e+10 8.7078e+10  0.94%  27.8 1965s
 141031   991 8.7078e+10   88   26 8.6269e+10 8.7078e+10  0.94%  27.8 1970s
 141531   987 infeasible   88      8.6269e+10 8.7078e+10  0.94%  27.8 1975s
 142019   984 8.7078e+10   85   34 8.6269e+10 8.7078e+10  0.94%  27.7 1980s
 142465   969 8.7078e+10   75   44 8.6269e+10 8.7078e+10  0.94%  27.7 1985s
 142915   981 infeasible   78      8.6269e+10 8.7078e+10  0.94%  27.7 1990s
 143329   995 8.7078e+10   77   38 8.6269e+10 8.7078e+10  0.94%  27.7 1995s
 143803   994 8.7078e+10   89   36 8.6269e+10 8.7078e+10  0.94%  27.7 2000s
 144328   993 infeasible   95      8.6269e+10 8.7078e+10  0.94%  27.6 2005s
 144570   989 8.7078e+10   81   71 8.6269e+10 8.7078e+10  0.94%  27.7 2010s
 144866   981 8.7078e+10   73   85 8.6269e+10 8.7078e+10  0.94%  27.7 2015s
 145165   987 infeasible   92      8.6269e+10 8.7078e+10  0.94%  27.7 2020s
 145554   977 8.7078e+10   78   39 8.6269e+10 8.7078e+10  0.94%  27.7 2025s
 145954   988 8.7078e+10   71   49 8.6269e+10 8.7078e+10  0.94%  27.7 2030s
 146304  1012 8.7078e+10   82   40 8.6269e+10 8.7078e+10  0.94%  27.7 2035s
 146732  1024 8.7078e+10   76   41 8.6269e+10 8.7078e+10  0.94%  27.7 2040s
 147186  1043 infeasible   80      8.6269e+10 8.7078e+10  0.94%  27.7 2045s
 147574  1029 8.7078e+10   80   48 8.6269e+10 8.7078e+10  0.94%  27.7 2050s
 147952  1039 infeasible   78      8.6269e+10 8.7078e+10  0.94%  27.7 2055s
 148398  1049 8.7078e+10   76   37 8.6269e+10 8.7078e+10  0.94%  27.7 2060s
 148787  1052 8.7078e+10   76   57 8.6269e+10 8.7078e+10  0.94%  27.7 2065s
 149279  1037 infeasible   90      8.6269e+10 8.7078e+10  0.94%  27.7 2070s
 149815  1022 8.7078e+10   76   45 8.6269e+10 8.7078e+10  0.94%  27.7 2075s
 150298   995 8.7078e+10   67   51 8.6269e+10 8.7078e+10  0.94%  27.7 2080s
 150597  1012 8.7078e+10   81   49 8.6269e+10 8.7078e+10  0.94%  27.7 2085s
 151080  1005 8.7078e+10   76   62 8.6269e+10 8.7078e+10  0.94%  27.7 2090s
 151515  1034 8.7078e+10   83   52 8.6269e+10 8.7078e+10  0.94%  27.7 2095s
 151918  1046 infeasible   76      8.6269e+10 8.7078e+10  0.94%  27.7 2100s
 152286  1066 infeasible   80      8.6269e+10 8.7078e+10  0.94%  27.7 2105s
 152703  1081 8.7078e+10   82   40 8.6269e+10 8.7078e+10  0.94%  27.7 2110s
 153137  1115 8.7078e+10   84   42 8.6269e+10 8.7078e+10  0.94%  27.7 2115s
 153558  1104 infeasible   87      8.6269e+10 8.7078e+10  0.94%  27.7 2120s
 153987  1126 8.7078e+10   81   53 8.6269e+10 8.7078e+10  0.94%  27.7 2125s
 154443  1123 infeasible   84      8.6269e+10 8.7078e+10  0.94%  27.7 2130s
 154847  1115 8.7078e+10   76   61 8.6269e+10 8.7078e+10  0.94%  27.7 2135s
 155308  1117 8.7078e+10   86   50 8.6269e+10 8.7078e+10  0.94%  27.7 2140s
 155698  1119 8.7078e+10   82   59 8.6269e+10 8.7078e+10  0.94%  27.7 2146s
 155992  1121 8.7078e+10   82   56 8.6269e+10 8.7078e+10  0.94%  27.7 2150s
 156441  1115 8.7078e+10   81   82 8.6269e+10 8.7078e+10  0.94%  27.7 2155s
 156800  1104 8.7078e+10   80   55 8.6269e+10 8.7078e+10  0.94%  27.7 2160s
 157200  1090 8.7078e+10   84   74 8.6269e+10 8.7078e+10  0.94%  27.7 2165s
 157616  1068 infeasible   92      8.6269e+10 8.7078e+10  0.94%  27.7 2170s
 158049  1067 infeasible   85      8.6269e+10 8.7078e+10  0.94%  27.7 2175s
 158395  1055 infeasible   82      8.6269e+10 8.7078e+10  0.94%  27.7 2180s
 158821  1040 8.7078e+10   82   60 8.6269e+10 8.7078e+10  0.94%  27.7 2185s
 159273  1044 8.7078e+10   81   57 8.6269e+10 8.7078e+10  0.94%  27.7 2190s
 159691  1041 8.7078e+10   78   73 8.6269e+10 8.7078e+10  0.94%  27.7 2195s
 160078  1038 8.7078e+10   78   65 8.6269e+10 8.7078e+10  0.94%  27.7 2200s
 160451  1026 8.7078e+10   81   69 8.6269e+10 8.7078e+10  0.94%  27.7 2205s
 160845  1005 infeasible   79      8.6269e+10 8.7078e+10  0.94%  27.7 2210s
 161116  1005 8.7078e+10   76   61 8.6269e+10 8.7078e+10  0.94%  27.7 2215s
 161531   998 8.7078e+10   84   33 8.6269e+10 8.7078e+10  0.94%  27.7 2220s
 161613   999 8.7078e+10   87   51 8.6269e+10 8.7078e+10  0.94%  27.7 2225s
 162035   993 8.7078e+10   78   59 8.6269e+10 8.7078e+10  0.94%  27.7 2230s
 162469   972 8.7078e+10   85   31 8.6269e+10 8.7078e+10  0.94%  27.7 2235s
 162818   979 infeasible   75      8.6269e+10 8.7078e+10  0.94%  27.7 2240s
 163106   996 8.7078e+10   89   41 8.6269e+10 8.7078e+10  0.94%  27.7 2245s
 163489   998 8.7078e+10   75   61 8.6269e+10 8.7078e+10  0.94%  27.7 2250s
 163800   980 infeasible   81      8.6269e+10 8.7078e+10  0.94%  27.8 2255s
 164151   993 infeasible   83      8.6269e+10 8.7078e+10  0.94%  27.8 2260s
 164304  1005 8.7078e+10   81   63 8.6269e+10 8.7078e+10  0.94%  27.8 2265s
 164639  1036 8.7055e+10  105   60 8.6269e+10 8.7078e+10  0.94%  27.8 2270s
 164899  1089 8.7078e+10   99   17 8.6269e+10 8.7078e+10  0.94%  27.9 2275s
 165187  1066 8.7078e+10   97   92 8.6269e+10 8.7078e+10  0.94%  27.9 2280s
 165519  1105 8.7078e+10  101   23 8.6269e+10 8.7078e+10  0.94%  27.9 2285s
 165822  1136 8.7078e+10  106   14 8.6269e+10 8.7078e+10  0.94%  28.0 2290s
 166096  1149 infeasible  102      8.6269e+10 8.7078e+10  0.94%  28.0 2295s
 166429  1144 8.6935e+10   97   57 8.6269e+10 8.7078e+10  0.94%  28.0 2300s
 166790  1134 8.7078e+10  113   10 8.6269e+10 8.7078e+10  0.94%  28.0 2305s
 167181  1115 8.7078e+10  102   47 8.6269e+10 8.7078e+10  0.94%  28.0 2310s
 167508  1100 8.6554e+10   83   48 8.6269e+10 8.7078e+10  0.94%  28.1 2315s
 167803  1081 8.7078e+10   98   56 8.6269e+10 8.7078e+10  0.94%  28.1 2320s
 168102  1074 8.7078e+10   94   20 8.6269e+10 8.7078e+10  0.94%  28.1 2328s
 168220  1066 8.7031e+10  103   60 8.6269e+10 8.7078e+10  0.94%  28.1 2330s
 168606  1061 8.7078e+10  105   51 8.6269e+10 8.7078e+10  0.94%  28.1 2335s
 168970  1046 8.7078e+10   80   40 8.6269e+10 8.7078e+10  0.94%  28.2 2340s
 169325  1038 8.7078e+10   80   33 8.6269e+10 8.7078e+10  0.94%  28.2 2345s
 169683  1029 8.7078e+10   89   39 8.6269e+10 8.7078e+10  0.94%  28.2 2350s
 170027  1032 8.7078e+10   99   25 8.6269e+10 8.7078e+10  0.94%  28.2 2355s
 170395  1026 8.7078e+10   85   60 8.6269e+10 8.7078e+10  0.94%  28.2 2360s
 170669  1032 8.7078e+10   72   45 8.6269e+10 8.7078e+10  0.94%  28.2 2365s
 170983  1079 8.7078e+10   96   32 8.6269e+10 8.7078e+10  0.94%  28.2 2370s
 171197  1074 infeasible   88      8.6269e+10 8.7078e+10  0.94%  28.2 2375s
 171488  1067 infeasible   88      8.6269e+10 8.7078e+10  0.94%  28.3 2380s
 171866  1069 8.7078e+10   85   40 8.6269e+10 8.7078e+10  0.94%  28.3 2385s
 172203  1087 8.7078e+10   87   31 8.6269e+10 8.7078e+10  0.94%  28.3 2390s
 172679  1072     cutoff   88      8.6269e+10 8.7078e+10  0.94%  28.3 2395s
 173016  1075 8.7078e+10   82   58 8.6269e+10 8.7078e+10  0.94%  28.3 2400s
 173401  1039 8.7078e+10   68   61 8.6269e+10 8.7078e+10  0.94%  28.3 2405s
 173728  1071 8.7078e+10   91   45 8.6269e+10 8.7078e+10  0.94%  28.3 2410s
 174049  1083 8.7078e+10   90   69 8.6269e+10 8.7078e+10  0.94%  28.3 2415s
 174398  1090 infeasible   84      8.6269e+10 8.7078e+10  0.94%  28.3 2420s
 174903  1112 infeasible  101      8.6269e+10 8.7078e+10  0.94%  28.3 2425s
 175175  1112 8.7078e+10   93   40 8.6269e+10 8.7078e+10  0.94%  28.3 2430s
 175431  1139 8.7078e+10   98   33 8.6269e+10 8.7078e+10  0.94%  28.4 2435s
 175767  1125 8.7078e+10   85   49 8.6269e+10 8.7078e+10  0.94%  28.4 2440s
 176117  1129 infeasible   92      8.6269e+10 8.7078e+10  0.94%  28.4 2445s
 176444  1125 8.7078e+10   86   86 8.6269e+10 8.7078e+10  0.94%  28.4 2450s
 176774  1137 8.7078e+10   78   75 8.6269e+10 8.7078e+10  0.94%  28.4 2455s
 177115  1152 8.7078e+10   86   49 8.6269e+10 8.7078e+10  0.94%  28.4 2460s
 177440  1157 infeasible   81      8.6269e+10 8.7078e+10  0.94%  28.5 2465s
 177834  1175 8.7078e+10  110    2 8.6269e+10 8.7078e+10  0.94%  28.5 2470s
 177932  1161 8.7078e+10   84   51 8.6269e+10 8.7078e+10  0.94%  28.5 2475s
 178259  1158 8.7078e+10   86   44 8.6269e+10 8.7078e+10  0.94%  28.5 2480s
 178631  1157 8.7078e+10   85   46 8.6269e+10 8.7078e+10  0.94%  28.5 2485s
 179010  1183 infeasible  102      8.6269e+10 8.7078e+10  0.94%  28.5 2490s
 179426  1172 8.6975e+10   93   76 8.6269e+10 8.7078e+10  0.94%  28.5 2495s
 179777  1172 8.7078e+10   85   81 8.6269e+10 8.7078e+10  0.94%  28.5 2500s
 180019  1191 8.7078e+10   88   69 8.6269e+10 8.7078e+10  0.94%  28.6 2505s
 180350  1196 8.7078e+10   75   61 8.6269e+10 8.7078e+10  0.94%  28.6 2510s
 180700  1178 8.7078e+10   85   43 8.6269e+10 8.7078e+10  0.94%  28.6 2515s
 181059  1206     cutoff   95      8.6269e+10 8.7078e+10  0.94%  28.6 2520s
 181399  1214 infeasible  101      8.6269e+10 8.7078e+10  0.94%  28.6 2526s
 181646  1212 8.7078e+10   95   46 8.6269e+10 8.7078e+10  0.94%  28.6 2530s
 182015  1200 8.7078e+10  102   42 8.6269e+10 8.7078e+10  0.94%  28.7 2535s
 182419  1179 8.7078e+10   89   45 8.6269e+10 8.7078e+10  0.94%  28.7 2540s
 182812  1150 8.7078e+10   92   43 8.6269e+10 8.7078e+10  0.94%  28.7 2545s
 183137  1156 8.7078e+10   81   68 8.6269e+10 8.7078e+10  0.94%  28.7 2550s
 183543  1156 8.7078e+10   90   39 8.6269e+10 8.7078e+10  0.94%  28.7 2555s
 183853  1161 8.7078e+10   89   31 8.6269e+10 8.7078e+10  0.94%  28.7 2560s
 184193  1156 8.7078e+10   83   48 8.6269e+10 8.7078e+10  0.94%  28.7 2565s
 184536  1163     cutoff  101      8.6269e+10 8.7078e+10  0.94%  28.8 2570s
 184818  1174 8.7078e+10   92   41 8.6269e+10 8.7078e+10  0.94%  28.8 2575s
 185165  1163 8.7078e+10   93   32 8.6269e+10 8.7078e+10  0.94%  28.8 2580s
 185525  1163 8.7078e+10   89   45 8.6269e+10 8.7078e+10  0.94%  28.8 2585s
 185794  1158 8.7078e+10   82   40 8.6269e+10 8.7078e+10  0.94%  28.8 2590s
 186202  1175 8.7078e+10   77   44 8.6269e+10 8.7078e+10  0.94%  28.8 2595s
 186500  1188 8.7078e+10   82   33 8.6269e+10 8.7078e+10  0.94%  28.8 2600s
 186829  1188 infeasible   81      8.6269e+10 8.7078e+10  0.94%  28.8 2605s
 187238  1183 8.7078e+10   83   60 8.6269e+10 8.7078e+10  0.94%  28.8 2610s
 187653  1183 8.7078e+10   78   64 8.6269e+10 8.7078e+10  0.94%  28.8 2615s
 188009  1204 8.7078e+10   85   36 8.6269e+10 8.7078e+10  0.94%  28.8 2620s
 188462  1178 infeasible   86      8.6269e+10 8.7078e+10  0.94%  28.8 2625s
 188833  1189 infeasible   84      8.6269e+10 8.7078e+10  0.94%  28.8 2630s
 189208  1208 8.7078e+10   89   41 8.6269e+10 8.7078e+10  0.94%  28.8 2635s
 189563  1205 infeasible   86      8.6269e+10 8.7078e+10  0.94%  28.8 2640s
 189903  1191 8.7078e+10   83   72 8.6269e+10 8.7078e+10  0.94%  28.8 2645s
 190291  1182 8.7078e+10   74   60 8.6269e+10 8.7078e+10  0.94%  28.8 2650s
 191007  1196 infeasible   94      8.6269e+10 8.7078e+10  0.94%  28.7 2655s
 191620  1199 infeasible   99      8.6269e+10 8.7078e+10  0.94%  28.7 2660s
 192293  1184 8.7078e+10   79   48 8.6269e+10 8.7078e+10  0.94%  28.6 2665s
 192718  1188 8.7078e+10   92   43 8.6269e+10 8.7078e+10  0.94%  28.6 2670s
 193044  1190 8.7078e+10   87   51 8.6269e+10 8.7078e+10  0.94%  28.6 2675s
 193503  1177 8.7048e+10   92  111 8.6269e+10 8.7078e+10  0.94%  28.6 2680s
 193950  1189 infeasible  106      8.6269e+10 8.7078e+10  0.94%  28.6 2685s
 194373  1191 infeasible  102      8.6269e+10 8.7078e+10  0.94%  28.6 2690s
 194908  1200 8.7078e+10  103   18 8.6269e+10 8.7078e+10  0.94%  28.5 2695s
 195413  1208 8.7078e+10  104   14 8.6269e+10 8.7078e+10  0.94%  28.5 2700s
 195935  1221 infeasible  102      8.6269e+10 8.7078e+10  0.94%  28.5 2705s
 196330  1219 8.7078e+10   98   22 8.6269e+10 8.7078e+10  0.94%  28.5 2710s
 196697  1199 8.7078e+10   90   51 8.6269e+10 8.7078e+10  0.94%  28.5 2715s
 196911  1198 infeasible   89      8.6269e+10 8.7078e+10  0.94%  28.5 2720s
 197391  1207 8.7078e+10   93   54 8.6269e+10 8.7078e+10  0.94%  28.5 2725s
 197832  1197 infeasible   95      8.6269e+10 8.7078e+10  0.94%  28.6 2730s
 198281  1198 8.7078e+10   92   33 8.6269e+10 8.7078e+10  0.94%  28.6 2735s
 198689  1195 8.7078e+10   87   47 8.6269e+10 8.7078e+10  0.94%  28.6 2740s
 198956  1209 8.7078e+10   75   32 8.6269e+10 8.7078e+10  0.94%  28.6 2745s
 199141  1210 8.7078e+10   66   60 8.6269e+10 8.7078e+10  0.94%  28.6 2750s
 199375  1198 infeasible   78      8.6269e+10 8.7078e+10  0.94%  28.6 2755s
 199696  1201 8.7078e+10   85   41 8.6269e+10 8.7078e+10  0.94%  28.7 2760s
 200051  1211 8.7078e+10   95   43 8.6269e+10 8.7078e+10  0.94%  28.7 2765s
 200362  1217 8.7078e+10   76   32 8.6269e+10 8.7078e+10  0.94%  28.7 2770s
 200678  1238 8.7078e+10   69   61 8.6269e+10 8.7078e+10  0.94%  28.7 2775s
 201037  1208 infeasible   77      8.6269e+10 8.7078e+10  0.94%  28.8 2780s
 201440  1216 infeasible   80      8.6269e+10 8.7078e+10  0.94%  28.8 2785s
 201595  1207 8.7078e+10   76   34 8.6269e+10 8.7078e+10  0.94%  28.8 2790s
 201894  1216 8.7078e+10   80   43 8.6269e+10 8.7078e+10  0.94%  28.8 2796s
 202172  1217 8.7078e+10   78   77 8.6269e+10 8.7078e+10  0.94%  28.8 2800s
 202409  1237 8.7078e+10   80   49 8.6269e+10 8.7078e+10  0.94%  28.8 2805s
 202706  1267 8.7078e+10   87   43 8.6269e+10 8.7078e+10  0.94%  28.8 2810s
 203023  1261 infeasible   80      8.6269e+10 8.7078e+10  0.94%  28.9 2815s
 203405  1251 infeasible   81      8.6269e+10 8.7078e+10  0.94%  28.9 2820s
 203728  1227 infeasible   88      8.6269e+10 8.7078e+10  0.94%  28.9 2825s
 204130  1223 8.7078e+10   78   50 8.6269e+10 8.7078e+10  0.94%  28.9 2830s
 204579  1229 8.7078e+10   77   57 8.6269e+10 8.7078e+10  0.94%  28.9 2835s
 205020  1230 8.7078e+10   79   55 8.6269e+10 8.7078e+10  0.94%  28.9 2840s
 205457  1228 infeasible   77      8.6269e+10 8.7078e+10  0.94%  28.9 2845s
 205877  1234 infeasible   85      8.6269e+10 8.7078e+10  0.94%  28.9 2850s
 206309  1236 8.7078e+10   80   53 8.6269e+10 8.7078e+10  0.94%  28.9 2855s
 206680  1235 8.7078e+10   80   49 8.6269e+10 8.7078e+10  0.94%  28.9 2860s
 206998  1234 8.7078e+10   83   48 8.6269e+10 8.7078e+10  0.94%  28.9 2865s
 207451  1242 infeasible   84      8.6269e+10 8.7078e+10  0.94%  28.9 2870s
 207902  1235 8.7078e+10   78   55 8.6269e+10 8.7078e+10  0.94%  28.9 2875s
 208281  1232 8.7078e+10   84   46 8.6269e+10 8.7078e+10  0.94%  29.0 2880s
 208451  1236 8.7078e+10   84   43 8.6269e+10 8.7078e+10  0.94%  29.0 2885s
 208941  1264 infeasible   93      8.6269e+10 8.7078e+10  0.94%  29.0 2890s
 209379  1260 8.7078e+10   89   44 8.6269e+10 8.7078e+10  0.94%  29.0 2895s
 209831  1276 8.7078e+10   88   30 8.6269e+10 8.7078e+10  0.94%  29.0 2900s
 210254  1262 8.7078e+10   83   54 8.6269e+10 8.7078e+10  0.94%  29.0 2905s
 210500  1261 infeasible   87      8.6269e+10 8.7078e+10  0.94%  29.0 2910s
 211019  1266 infeasible   85      8.6269e+10 8.7078e+10  0.94%  29.0 2915s
 211494  1253 infeasible   82      8.6269e+10 8.7078e+10  0.94%  29.0 2920s
 211940  1256 8.7078e+10   80   48 8.6269e+10 8.7078e+10  0.94%  29.0 2925s
 212208  1253 8.7078e+10   82   49 8.6269e+10 8.7078e+10  0.94%  29.0 2930s
 212597  1262 infeasible  102      8.6269e+10 8.7078e+10  0.94%  29.0 2935s
 213001  1263 8.7078e+10   87   31 8.6269e+10 8.7078e+10  0.94%  29.1 2940s
 213366  1271 8.7078e+10   83   27 8.6269e+10 8.7078e+10  0.94%  29.1 2945s
 213767  1306 infeasible   92      8.6269e+10 8.7078e+10  0.94%  29.1 2950s
 214379  1336 8.7078e+10  111    8 8.6269e+10 8.7078e+10  0.94%  29.1 2955s
 215127  1347 infeasible  108      8.6269e+10 8.7078e+10  0.94%  29.0 2960s
 215752  1333 infeasible  110      8.6269e+10 8.7078e+10  0.94%  29.0 2965s
 216269  1308 8.7078e+10   99   22 8.6269e+10 8.7078e+10  0.94%  29.0 2972s
 216497  1293 infeasible   94      8.6269e+10 8.7078e+10  0.94%  29.0 2975s
 216980  1291 8.7078e+10   83   43 8.6269e+10 8.7078e+10  0.94%  29.0 2980s
 217347  1326 8.7078e+10  100   16 8.6269e+10 8.7078e+10  0.94%  29.0 2985s
 217881  1290 infeasible   92      8.6269e+10 8.7078e+10  0.94%  29.0 2990s
 218299  1295 8.7078e+10   92   37 8.6269e+10 8.7078e+10  0.94%  29.0 2995s
 218825  1284 infeasible   94      8.6269e+10 8.7078e+10  0.94%  28.9 3000s
 219406  1282 infeasible   99      8.6269e+10 8.7078e+10  0.94%  28.9 3005s
 219975  1298 8.7078e+10   91   27 8.6269e+10 8.7078e+10  0.94%  28.9 3010s
 220597  1292 8.7078e+10   90   30 8.6269e+10 8.7078e+10  0.94%  28.9 3015s
 221082  1314 8.7078e+10   90   36 8.6269e+10 8.7078e+10  0.94%  28.9 3020s
 221597  1350 infeasible   91      8.6269e+10 8.7078e+10  0.94%  28.9 3025s
 222064  1353 8.7078e+10   88   39 8.6269e+10 8.7078e+10  0.94%  28.9 3030s
 222372  1379 infeasible  107      8.6269e+10 8.7078e+10  0.94%  28.9 3035s
 222710  1399 8.7078e+10   89   57 8.6269e+10 8.7078e+10  0.94%  28.9 3040s
 223013  1430 infeasible   98      8.6269e+10 8.7078e+10  0.94%  28.9 3045s
 223508  1447 infeasible  100      8.6269e+10 8.7078e+10  0.94%  28.9 3050s
 224035  1454 infeasible  101      8.6269e+10 8.7078e+10  0.94%  28.9 3055s
 224524  1460 infeasible   97      8.6269e+10 8.7078e+10  0.94%  28.9 3060s
 224919  1441 8.7078e+10   99   41 8.6269e+10 8.7078e+10  0.94%  28.9 3065s
 225329  1439 8.7078e+10   87   63 8.6269e+10 8.7078e+10  0.94%  28.9 3070s
 225666  1451 8.7078e+10   95   36 8.6269e+10 8.7078e+10  0.94%  29.0 3075s
 226066  1468 8.7078e+10   97   35 8.6269e+10 8.7078e+10  0.94%  29.0 3080s
 226548  1454 8.7078e+10  124    9 8.6269e+10 8.7078e+10  0.94%  29.0 3085s
 227473  1459 8.7078e+10  126    6 8.6269e+10 8.7078e+10  0.94%  28.9 3091s
 228293  1455 infeasible  128      8.6269e+10 8.7078e+10  0.94%  28.8 3095s
 229084  1448 8.7078e+10  105   31 8.6269e+10 8.7078e+10  0.94%  28.8 3100s
 229554  1428 8.7078e+10   85   37 8.6269e+10 8.7078e+10  0.94%  28.8 3105s
 229994  1399 8.7078e+10   82   39 8.6269e+10 8.7078e+10  0.94%  28.8 3110s
 230397  1429 8.7078e+10   94   42 8.6269e+10 8.7078e+10  0.94%  28.8 3115s
 230819  1428 infeasible   96      8.6269e+10 8.7078e+10  0.94%  28.8 3120s
 231266  1410 8.7078e+10   95   33 8.6269e+10 8.7078e+10  0.94%  28.8 3125s
 231718  1419 8.7078e+10   78   38 8.6269e+10 8.7078e+10  0.94%  28.8 3130s
 232225  1420 8.7078e+10  103   22 8.6269e+10 8.7078e+10  0.94%  28.8 3135s
 232574  1428 8.7078e+10   90   49 8.6269e+10 8.7078e+10  0.94%  28.8 3141s
 232884  1421 8.7078e+10   99   24 8.6269e+10 8.7078e+10  0.94%  28.8 3145s
 233396  1417 infeasible   99      8.6269e+10 8.7078e+10  0.94%  28.8 3150s
 233753  1403     cutoff   96      8.6269e+10 8.7078e+10  0.94%  28.8 3155s
 234191  1389 8.7078e+10   99   59 8.6269e+10 8.7078e+10  0.94%  28.8 3160s
 234671  1378 infeasible   97      8.6269e+10 8.7078e+10  0.94%  28.8 3165s
 235119  1370 8.7078e+10  102   37 8.6269e+10 8.7078e+10  0.94%  28.8 3170s
 235644  1328     cutoff   98      8.6269e+10 8.7078e+10  0.94%  28.8 3175s
 236061  1326 infeasible   90      8.6269e+10 8.7078e+10  0.94%  28.8 3180s
 236454  1332 8.7078e+10   84   68 8.6269e+10 8.7078e+10  0.94%  28.8 3185s
 236894  1311     cutoff   96      8.6269e+10 8.7078e+10  0.94%  28.8 3190s
 237268  1312 infeasible   95      8.6269e+10 8.7078e+10  0.94%  28.8 3195s
 237735  1304 8.7078e+10   97   53 8.6269e+10 8.7078e+10  0.94%  28.8 3200s
 238102  1311 8.7078e+10   95   51 8.6269e+10 8.7078e+10  0.94%  28.8 3206s
 238453  1314 infeasible   83      8.6269e+10 8.7078e+10  0.94%  28.8 3210s
 238944  1331 8.7078e+10   77   52 8.6269e+10 8.7078e+10  0.94%  28.9 3215s
 239205  1334 8.7078e+10   83   72 8.6269e+10 8.7078e+10  0.94%  28.9 3222s
 239410  1341 8.7078e+10   86   42 8.6269e+10 8.7078e+10  0.94%  28.9 3225s
 239869  1343 8.7078e+10   87   40 8.6269e+10 8.7078e+10  0.94%  28.9 3230s
 240405  1327 8.7078e+10   90   18 8.6269e+10 8.7078e+10  0.94%  28.9 3235s
 240862  1308 8.7078e+10   80   63 8.6269e+10 8.7078e+10  0.94%  28.9 3240s
 241317  1315 infeasible   88      8.6269e+10 8.7078e+10  0.94%  28.9 3245s
 241773  1315 8.7078e+10   88   63 8.6269e+10 8.7078e+10  0.94%  28.9 3250s
 242241  1312 8.7078e+10   77   57 8.6269e+10 8.7078e+10  0.94%  28.9 3255s
 242717  1351 8.7078e+10   92   30 8.6269e+10 8.7078e+10  0.94%  28.9 3260s
 243239  1337 8.7078e+10   90   39 8.6269e+10 8.7078e+10  0.94%  28.9 3266s
 243582  1337 infeasible   87      8.6269e+10 8.7078e+10  0.94%  28.9 3270s
 244038  1314 8.7078e+10   83   48 8.6269e+10 8.7078e+10  0.94%  28.9 3275s
 244522  1320 8.7078e+10   86   41 8.6269e+10 8.7078e+10  0.94%  28.9 3280s
 245003  1315 8.7078e+10   96   53 8.6269e+10 8.7078e+10  0.94%  28.9 3285s
 245432  1300 infeasible   94      8.6269e+10 8.7078e+10  0.94%  28.9 3290s
 245849  1304 infeasible   96      8.6269e+10 8.7078e+10  0.94%  28.9 3295s
 246259  1298 8.7078e+10   96   35 8.6269e+10 8.7078e+10  0.94%  28.9 3300s
 246720  1302 8.7078e+10   92   46 8.6269e+10 8.7078e+10  0.94%  28.9 3305s
 247139  1302 8.7078e+10   90   36 8.6269e+10 8.7078e+10  0.94%  28.9 3310s
 247519  1299 8.7078e+10   81   44 8.6269e+10 8.7078e+10  0.94%  29.0 3315s
 247885  1281 infeasible   96      8.6269e+10 8.7078e+10  0.94%  29.0 3320s
 248322  1278 8.7078e+10   87   43 8.6269e+10 8.7078e+10  0.94%  29.0 3325s
 248651  1297 infeasible   94      8.6269e+10 8.7078e+10  0.94%  29.0 3330s
 249120  1323 8.7078e+10   98   35 8.6269e+10 8.7078e+10  0.94%  29.0 3335s
 249703  1308 8.7078e+10   96   42 8.6269e+10 8.7078e+10  0.94%  29.0 3340s
 250155  1299 infeasible   97      8.6269e+10 8.7078e+10  0.94%  29.0 3345s
 250668  1311 8.7078e+10   98   54 8.6269e+10 8.7078e+10  0.94%  29.0 3350s
 251067  1299 infeasible   98      8.6269e+10 8.7078e+10  0.94%  29.0 3355s
 251480  1285 infeasible   96      8.6269e+10 8.7078e+10  0.94%  29.0 3360s
 251892  1275 8.7078e+10   94   75 8.6269e+10 8.7078e+10  0.94%  29.0 3365s
 252321  1279 8.7078e+10   77   59 8.6269e+10 8.7078e+10  0.94%  29.0 3370s
 252758  1274 infeasible   79      8.6269e+10 8.7078e+10  0.94%  29.0 3375s
 253236  1272 8.7078e+10   73   57 8.6269e+10 8.7078e+10  0.94%  29.0 3380s
 253501  1286 8.7078e+10   86   56 8.6269e+10 8.7078e+10  0.94%  29.0 3385s
 253899  1279 8.7078e+10   82   51 8.6269e+10 8.7078e+10  0.94%  29.0 3390s
 254368  1271 8.7078e+10   75   52 8.6269e+10 8.7078e+10  0.94%  29.0 3395s
 254744  1301 8.7007e+10   97   53 8.6269e+10 8.7078e+10  0.94%  29.0 3400s
 255032  1302 8.7078e+10   82   45 8.6269e+10 8.7078e+10  0.94%  29.1 3405s
 255400  1313 8.7078e+10   87   41 8.6269e+10 8.7078e+10  0.94%  29.1 3410s
 255881  1316 infeasible   89      8.6269e+10 8.7078e+10  0.94%  29.1 3415s
 256291  1304 8.7078e+10   91   58 8.6269e+10 8.7078e+10  0.94%  29.1 3420s
 256706  1341 8.7078e+10   99   14 8.6269e+10 8.7078e+10  0.94%  29.1 3425s
 257216  1333 infeasible   98      8.6269e+10 8.7078e+10  0.94%  29.1 3430s
 257634  1326 infeasible   88      8.6269e+10 8.7078e+10  0.94%  29.1 3435s
 258063  1327 8.7078e+10   80   49 8.6269e+10 8.7078e+10  0.94%  29.1 3440s
 258467  1340 8.7078e+10   95   39 8.6269e+10 8.7078e+10  0.94%  29.1 3445s
 258735  1325 8.7078e+10   80   53 8.6269e+10 8.7078e+10  0.94%  29.1 3450s
 259106  1317 8.7078e+10   80   55 8.6269e+10 8.7078e+10  0.94%  29.2 3455s
 259485  1333 8.7078e+10   95   41 8.6269e+10 8.7078e+10  0.94%  29.2 3460s
 260029  1338 8.7078e+10   98    6 8.6269e+10 8.7078e+10  0.94%  29.2 3465s
 260676  1331 8.7078e+10   89   25 8.6269e+10 8.7078e+10  0.94%  29.1 3470s
 261156  1327 infeasible   89      8.6269e+10 8.7078e+10  0.94%  29.1 3475s
 261510  1309 8.7078e+10   90   22 8.6269e+10 8.7078e+10  0.94%  29.2 3480s
 261953  1303 8.7078e+10   78   80 8.6269e+10 8.7078e+10  0.94%  29.2 3485s
 262319  1332 8.7078e+10   93   45 8.6269e+10 8.7078e+10  0.94%  29.2 3490s
 262781  1314 8.7078e+10   95   42 8.6269e+10 8.7078e+10  0.94%  29.2 3495s
 263148  1311 8.7078e+10   91   24 8.6269e+10 8.7078e+10  0.94%  29.2 3500s
 263609  1314 8.7078e+10   93   44 8.6269e+10 8.7078e+10  0.94%  29.2 3505s
 263860  1307 8.7078e+10   93   24 8.6269e+10 8.7078e+10  0.94%  29.2 3510s
 264271  1314 infeasible   83      8.6269e+10 8.7078e+10  0.94%  29.2 3515s
 264657  1297 infeasible   85      8.6269e+10 8.7078e+10  0.94%  29.2 3520s
 265098  1320 infeasible   98      8.6269e+10 8.7078e+10  0.94%  29.2 3525s
 265558  1299 8.7078e+10   91   42 8.6269e+10 8.7078e+10  0.94%  29.2 3530s
 265997  1296 8.7078e+10   87   38 8.6269e+10 8.7078e+10  0.94%  29.3 3535s
 266358  1287 infeasible   89      8.6269e+10 8.7078e+10  0.94%  29.3 3540s
 266750  1294 infeasible   90      8.6269e+10 8.7078e+10  0.94%  29.3 3545s
 267100  1287 infeasible   81      8.6269e+10 8.7078e+10  0.94%  29.3 3550s
 267542  1299 8.7078e+10   99   33 8.6269e+10 8.7078e+10  0.94%  29.3 3555s
 268041  1302 8.7078e+10   95   35 8.6269e+10 8.7078e+10  0.94%  29.3 3560s
 268525  1309 8.7078e+10  106   36 8.6269e+10 8.7078e+10  0.94%  29.3 3565s
 268912  1303 8.7078e+10   96   38 8.6269e+10 8.7078e+10  0.94%  29.3 3570s
 269226  1326 8.7078e+10  105   39 8.6269e+10 8.7078e+10  0.94%  29.3 3575s
 269662  1302 8.7078e+10  101   48 8.6269e+10 8.7078e+10  0.94%  29.3 3580s
 270108  1305 8.7078e+10   98   42 8.6269e+10 8.7078e+10  0.94%  29.3 3585s
 270549  1302 8.7078e+10   98   42 8.6269e+10 8.7078e+10  0.94%  29.3 3590s
 270983  1303 8.7078e+10   95   47 8.6269e+10 8.7078e+10  0.94%  29.3 3595s

Cutting planes:
  Learned: 1
  Gomory: 6
  Cover: 57
  Implied bound: 119
  Projected implied bound: 11
  Clique: 2
  MIR: 32
  Mixing: 1
  StrongCG: 4
  Flow cover: 122
  GUB cover: 2
  Inf proof: 37
  Zero half: 11
  RLT: 23
  Relax-and-lift: 27

Explored 271210 nodes (7973505 simplex iterations) in 3597.63 seconds (1717.47 work units)
Thread count was 1 (of 28 available processors)

Solution count 6: 8.62688e+10 8.04581e+10 5.79293e+10 ... -0

Time limit reached
Best objective 8.626878900000e+10, best bound 8.707848075000e+10, gap 0.9386%

User-callback calls 1735726, time in user-callback 1.06 sec