Gurobi Optimizer version 12.0.3 build v12.0.3rc0 (linux64 - "Oracle Linux Server 9.4")

CPU model: Intel(R) Xeon(R) CPU E5-2660 v4 @ 2.00GHz, instruction set [SSE2|AVX|AVX2]
Thread count: 28 physical cores, 28 logical processors, using up to 1 threads

Non-default parameters:
TimeLimit  3599.012504945
SoftMemLimit  16
NumericFocus  1
Threads  1

Academic license 2690100 - for non-commercial use only - registered to ju___@uclm.es
Optimize a model with 1787 rows, 480 columns and 6060 nonzeros
Model fingerprint: 0x281b8007
Variable types: 24 continuous, 456 integer (456 binary)
Coefficient statistics:
  Matrix range     [1e+00, 2e+13]
  Objective range  [5e+09, 7e+09]
  Bounds range     [1e+03, 1e+04]
  RHS range        [1e+00, 2e+14]
Warning: Model contains large matrix coefficient range
Warning: Model contains large objective coefficients
Warning: Model contains large rhs
Found heuristic solution: objective -0.0000000
Presolve removed 339 rows and 12 columns
Presolve time: 0.05s
Presolved: 1448 rows, 468 columns, 6312 nonzeros
Variable types: 24 continuous, 444 integer (444 binary)

Root relaxation: objective 7.125120e+10, 272 iterations, 0.01 seconds (0.00 work units)

    Nodes    |    Current Node    |     Objective Bounds      |     Work
 Expl Unexpl |  Obj  Depth IntInf | Incumbent    BestBd   Gap | It/Node Time

     0     0 7.1251e+10    0    6   -0.00000 7.1251e+10      -     -    0s
H    0     0                    1.416960e+10 7.1251e+10   403%     -    0s
     0     0 7.1251e+10    0    8 1.4170e+10 7.1251e+10   403%     -    0s
H    0     0                    5.132160e+10 7.1251e+10  38.8%     -    0s
     0     0 7.1251e+10    0    2 5.1322e+10 7.1251e+10  38.8%     -    0s
H    0     0                    5.598720e+10 7.1251e+10  27.3%     -    0s
     0     0 7.1251e+10    0    2 5.5987e+10 7.1251e+10  27.3%     -    0s
H    0     0                    6.549120e+10 7.1251e+10  8.80%     -    0s
     0     0 7.1251e+10    0    2 6.5491e+10 7.1251e+10  8.80%     -    0s
     0     0 7.1251e+10    0    4 6.5491e+10 7.1251e+10  8.80%     -    0s
     0     0 7.1251e+10    0    9 6.5491e+10 7.1251e+10  8.80%     -    0s
     0     0 7.1251e+10    0    9 6.5491e+10 7.1251e+10  8.80%     -    0s
     0     2 7.1251e+10    0    9 6.5491e+10 7.1251e+10  8.80%     -    0s
H   78     1                    7.125120e+10 7.1251e+10  0.00%  10.4    0s

Cutting planes:
  Gomory: 1
  Cover: 5
  Implied bound: 5
  Clique: 2
  MIR: 1
  Flow cover: 4
  Relax-and-lift: 7

Explored 79 nodes (2326 simplex iterations) in 0.47 seconds (0.23 work units)
Thread count was 1 (of 28 available processors)

Solution count 6: 7.12512e+10 6.54912e+10 5.59872e+10 ... -0

Optimal solution found (tolerance 1.00e-04)
Best objective 7.125120000000e+10, best bound 7.125120000000e+10, gap 0.0000%

User-callback calls 954, time in user-callback 0.00 sec