Gurobi Optimizer version 12.0.3 build v12.0.3rc0 (linux64 - "Oracle Linux Server 9.4")

CPU model: Intel(R) Xeon(R) CPU E5-2660 v4 @ 2.00GHz, instruction set [SSE2|AVX|AVX2]
Thread count: 28 physical cores, 28 logical processors, using up to 1 threads

Non-default parameters:
TimeLimit  3597.521764749
SoftMemLimit  16
NumericFocus  1
Threads  1

Academic license 2690100 - for non-commercial use only - registered to ju___@uclm.es
Optimize a model with 23901 rows, 5680 columns and 83677 nonzeros
Model fingerprint: 0x7388c19f
Variable types: 84 continuous, 5596 integer (5596 binary)
Coefficient statistics:
  Matrix range     [1e+00, 3e+13]
  Objective range  [5e+08, 1e+09]
  Bounds range     [1e+03, 1e+04]
  RHS range        [1e+00, 2e+14]
Warning: Model contains large matrix coefficient range
Warning: Model contains large objective coefficients
Warning: Model contains large rhs
Found heuristic solution: objective -0.0000000
Presolve removed 8074 rows and 1205 columns
Presolve time: 0.48s
Presolved: 15827 rows, 4475 columns, 53022 nonzeros
Variable types: 85 continuous, 4390 integer (4389 binary)

Root relaxation: objective 3.777808e+10, 2255 iterations, 0.21 seconds (0.13 work units)

    Nodes    |    Current Node    |     Objective Bounds      |     Work
 Expl Unexpl |  Obj  Depth IntInf | Incumbent    BestBd   Gap | It/Node Time

     0     0 3.7778e+10    0   68   -0.00000 3.7778e+10      -     -    1s
H    0     0                    5.574732e+09 3.7778e+10   578%     -    1s
H    0     0                    1.364769e+10 3.7778e+10   177%     -    1s
     0     0 3.7778e+10    0  280 1.3648e+10 3.7778e+10   177%     -    2s
H    0     0                    1.628844e+10 3.7778e+10   132%     -    2s
     0     0 3.7778e+10    0  369 1.6288e+10 3.7778e+10   132%     -    2s
     0     0 3.7778e+10    0  186 1.6288e+10 3.7778e+10   132%     -    3s
     0     0 3.7778e+10    0  128 1.6288e+10 3.7778e+10   132%     -    3s
     0     0 3.7778e+10    0   54 1.6288e+10 3.7778e+10   132%     -    4s
H    0     0                    1.892676e+10 3.7778e+10   100%     -    4s
     0     0 3.7778e+10    0  425 1.8927e+10 3.7778e+10   100%     -    4s
     0     0 3.7778e+10    0  119 1.8927e+10 3.7778e+10   100%     -    5s
     0     0 3.7778e+10    0  148 1.8927e+10 3.7778e+10   100%     -    5s
     0     0 3.7778e+10    0   82 1.8927e+10 3.7778e+10   100%     -    6s
H    0     0                    1.963716e+10 3.7778e+10  92.4%     -    6s
     0     0 3.7778e+10    0  263 1.9637e+10 3.7778e+10  92.4%     -    6s
     0     0 3.7778e+10    0   69 1.9637e+10 3.7778e+10  92.4%     -    7s
     0     0 3.7778e+10    0   15 1.9637e+10 3.7778e+10  92.4%     -    7s
     0     2 3.7778e+10    0   15 1.9637e+10 3.7778e+10  92.4%     -    8s
    16    16 3.7778e+10    8  263 1.9637e+10 3.7778e+10  92.4%   215   10s
H   26    24                    2.108056e+10 3.7778e+10  79.2%   181   10s
H   26    24                    2.154952e+10 3.7778e+10  75.3%   181   10s
H   52    50                    2.392649e+10 3.7778e+10  57.9%   152   12s
H  105    93                    2.681113e+10 3.7778e+10  40.9%   131   14s
H  105    93                    2.728008e+10 3.7778e+10  38.5%   131   14s
H  131   103                    2.979903e+10 3.7778e+10  26.8%   123   14s
H  135   107                    3.026798e+10 3.7778e+10  24.8%   123   14s
   138   110 3.7778e+10   81  448 3.0268e+10 3.7778e+10  24.8%   123   15s
H  308   236                    3.122173e+10 3.7778e+10  21.0%   112   19s
   324   247 infeasible   89      3.1222e+10 3.7778e+10  21.0%   110   20s
H  463   316                    3.254332e+10 3.7778e+10  16.1%  98.3   23s
H  500   342                    3.396412e+10 3.7778e+10  11.2%  98.3   24s
   507   351 3.7778e+10   65  310 3.3964e+10 3.7778e+10  11.2%  98.3   25s
   611   435 3.7778e+10   11   22 3.3964e+10 3.7778e+10  11.2%  97.5   31s
   616   439 3.7778e+10   19  120 3.3964e+10 3.7778e+10  11.2%  96.7   35s
   622   443 3.7778e+10   28  133 3.3964e+10 3.7778e+10  11.2%  95.8   40s
   630   448 3.7778e+10   53   26 3.3964e+10 3.7778e+10  11.2%  94.5   45s
H  631   426                    3.467452e+10 3.7778e+10  8.95%  94.4   48s
   651   441 3.7778e+10   27  353 3.4675e+10 3.7778e+10  8.95%   185   50s
   677   448     cutoff   42      3.4675e+10 3.7778e+10  8.95%   191   55s
   695   450     cutoff   51      3.4675e+10 3.7778e+10  8.95%   195   60s
   718   462 3.7778e+10   31  508 3.4675e+10 3.7778e+10  8.95%   196   66s
   749   478     cutoff   57      3.4675e+10 3.7778e+10  8.95%   192   70s
   777   493 3.7778e+10   72  301 3.4675e+10 3.7778e+10  8.95%   192   75s
   802   496     cutoff   83      3.4675e+10 3.7778e+10  8.95%   194   80s
   821   484 3.7778e+10   82  311 3.4675e+10 3.7778e+10  8.95%   201   85s
   838   486     cutoff   87      3.4675e+10 3.7778e+10  8.95%   204   90s
   854   492 3.7778e+10   93  344 3.4675e+10 3.7778e+10  8.95%   206   95s
   868   496 3.5847e+10   98  583 3.4675e+10 3.7778e+10  8.95%   208  100s
   881   487 3.7778e+10   78  470 3.4675e+10 3.7778e+10  8.95%   215  108s
   890   493 3.7778e+10   86  274 3.4675e+10 3.7778e+10  8.95%   214  110s
   908   495 3.7778e+10   94  275 3.4675e+10 3.7778e+10  8.95%   214  115s
   928   505 3.7778e+10  102  304 3.4675e+10 3.7778e+10  8.95%   213  120s
   939   512 3.7778e+10  101  280 3.4675e+10 3.7778e+10  8.95%   211  125s
   955   515 3.6218e+10  106  555 3.4675e+10 3.7778e+10  8.95%   214  130s
   975   515 3.7778e+10   19  252 3.4675e+10 3.7778e+10  8.95%   219  135s
   998   530 3.7423e+10   37  367 3.4675e+10 3.7778e+10  8.95%   218  140s
  1023   535 3.7778e+10   34  407 3.4675e+10 3.7778e+10  8.95%   221  145s
  1038   535 3.7778e+10   41  367 3.4675e+10 3.7778e+10  8.95%   225  150s
  1040   534 3.7778e+10   42  364 3.4675e+10 3.7778e+10  8.95%   226  155s
  1049   528 3.7778e+10   38  508 3.4675e+10 3.7778e+10  8.95%   233  160s
  1058   516     cutoff   31      3.4675e+10 3.7778e+10  8.95%   245  165s
  1064   508     cutoff   25      3.4675e+10 3.7778e+10  8.95%   255  170s
  1074   503 3.7778e+10   22  352 3.4675e+10 3.7778e+10  8.95%   262  175s
  1089   505 3.7778e+10   21  505 3.4675e+10 3.7778e+10  8.95%   266  188s
  1094   500     cutoff   30      3.4675e+10 3.7778e+10  8.95%   270  190s
  1101   491     cutoff   23      3.4675e+10 3.7778e+10  8.95%   283  195s
  1107   489 3.7778e+10   37  701 3.4675e+10 3.7778e+10  8.95%   294  200s
  1132   500 3.6704e+10   58  281 3.4675e+10 3.7778e+10  8.95%   291  205s
  1157   516 3.6704e+10   83  292 3.4675e+10 3.7778e+10  8.95%   286  213s
  1165   522 3.6704e+10   91  254 3.4675e+10 3.7778e+10  8.95%   284  215s
  1189   530 3.6703e+10  108  396 3.4675e+10 3.7778e+10  8.95%   283  220s
  1210   530 3.6704e+10  116  228 3.4675e+10 3.7778e+10  8.95%   283  225s
  1221   522 3.7778e+10   31  804 3.4675e+10 3.7778e+10  8.95%   294  231s
  1231   515     cutoff   86      3.4675e+10 3.7778e+10  8.95%   303  235s
  1233   514 3.7778e+10   30  884 3.4675e+10 3.7778e+10  8.95%   310  240s
  1239   508     cutoff   85      3.4675e+10 3.7778e+10  8.95%   320  245s
  1242   508 3.7778e+10   31  485 3.4675e+10 3.7778e+10  8.95%   323  250s
  1247   503 3.7778e+10   25  777 3.4675e+10 3.7778e+10  8.95%   333  256s
  1252   501 3.6704e+10   35  527 3.4675e+10 3.7778e+10  8.95%   341  262s
  1257   498 3.7778e+10   30  844 3.4675e+10 3.7778e+10  8.95%   345  265s
  1263   492     cutoff   81      3.4675e+10 3.7778e+10  8.95%   354  271s
  1265   489     cutoff   80      3.4675e+10 3.7778e+10  8.95%   361  276s
  1269   486     cutoff   34      3.4675e+10 3.7778e+10  8.95%   367  281s
  1271   485 3.7778e+10   75  572 3.4675e+10 3.7778e+10  8.95%   374  286s
  1281   480 3.7778e+10   26  502 3.4675e+10 3.7778e+10  8.95%   381  292s
  1285   475     cutoff   72      3.4675e+10 3.7778e+10  8.95%   387  296s
  1286   475 3.7778e+10   19  602 3.4675e+10 3.7778e+10  8.95%   389  305s
  1294   471 3.6704e+10   34  898 3.4675e+10 3.7778e+10  8.95%   403  315s
  1301   467 3.7778e+10   25  840 3.4675e+10 3.7778e+10  8.95%   407  321s
  1306   463     cutoff   72      3.4675e+10 3.7778e+10  8.95%   414  326s
  1314   460 3.7778e+10   24  617 3.4675e+10 3.7778e+10  8.95%   418  332s
  1322   455 3.7778e+10   37  867 3.4675e+10 3.7778e+10  8.95%   424  338s
  1325   451     cutoff   32      3.4675e+10 3.7778e+10  8.95%   428  341s
  1326   452 3.7778e+10   70  416 3.4675e+10 3.7778e+10  8.95%   431  352s
  1331   447     cutoff   31      3.4675e+10 3.7778e+10  8.95%   433  355s
  1333   447 3.7778e+10   33 1065 3.4675e+10 3.7778e+10  8.95%   441  362s
  1336   445 3.7778e+10   23  754 3.4675e+10 3.7778e+10  8.95%   446  365s
  1344   438     cutoff   29      3.4675e+10 3.7778e+10  8.95%   453  372s
  1345   437     cutoff   28      3.4675e+10 3.7778e+10  8.95%   457  375s
  1349   433     cutoff   27      3.4675e+10 3.7778e+10  8.95%   463  380s
  1350   434 3.7778e+10   28  616 3.4675e+10 3.7778e+10  8.95%   465  386s
  1355   429 infeasible   22      3.4675e+10 3.7778e+10  8.95%   473  393s
  1356   428     cutoff   69      3.4675e+10 3.7778e+10  8.95%   477  397s
  1357   429 3.7778e+10   27  469 3.4675e+10 3.7778e+10  8.95%   478  410s
  1363   425 3.7778e+10   68  487 3.4675e+10 3.7778e+10  8.95%   484  415s
  1373   419 3.7778e+10   24  426 3.4675e+10 3.7778e+10  8.95%   488  420s
  1379   413     cutoff   33      3.4675e+10 3.7778e+10  8.95%   497  430s
  1380   414 3.7778e+10   22  726 3.4675e+10 3.7778e+10  8.95%   501  449s
  1383   412 3.7778e+10   68  463 3.4675e+10 3.7778e+10  8.95%   504  451s
  1384   413 3.7778e+10   69  406 3.4675e+10 3.7778e+10  8.95%   504  460s
  1388   407     cutoff   25      3.4675e+10 3.7778e+10  8.95%   507  465s
  1393   405     cutoff   25      3.4675e+10 3.7778e+10  8.95%   512  470s
  1394   403     cutoff   66      3.4675e+10 3.7778e+10  8.95%   517  476s
  1395   404 3.7778e+10   25  612 3.4675e+10 3.7778e+10  8.95%   520  480s
  1401   400 3.7778e+10   22  925 3.4675e+10 3.7778e+10  8.95%   528  489s
  1402   399     cutoff   23      3.4675e+10 3.7778e+10  8.95%   529  490s
  1408   397 3.7778e+10   66  521 3.4675e+10 3.7778e+10  8.95%   531  495s
  1414   393 3.7778e+10   20  448 3.4675e+10 3.7778e+10  8.95%   536  501s
  1418   389 3.7778e+10   19  469 3.4675e+10 3.7778e+10  8.95%   542  507s
  1421   387 3.7778e+10   21  551 3.4675e+10 3.7778e+10  8.95%   544  510s
  1424   385 3.7778e+10   31  742 3.4675e+10 3.7778e+10  8.95%   549  515s
  1439   385 3.7778e+10   27  374 3.4675e+10 3.7778e+10  8.95%   551  520s
  1465   395 3.7778e+10   45  260 3.4675e+10 3.7778e+10  8.95%   545  525s
  1466   395 3.7778e+10   46  259 3.4675e+10 3.7778e+10  8.95%   545  531s
  1477   393 infeasible   50      3.4675e+10 3.7778e+10  8.95%   544  535s
  1483   389 3.7778e+10   20  527 3.4675e+10 3.7778e+10  8.95%   549  541s
  1500   392 3.7778e+10   35  263 3.4675e+10 3.7778e+10  8.95%   547  545s
  1513   389 3.7778e+10   42  325 3.4675e+10 3.7778e+10  8.95%   548  550s
  1533   386 3.7778e+10   42  408 3.4675e+10 3.7778e+10  8.95%   546  555s
  1548   386 3.7778e+10   44  340 3.4675e+10 3.7778e+10  8.95%   544  564s
  1550   385 3.7778e+10   45  347 3.4675e+10 3.7778e+10  8.95%   545  565s
  1559   375 infeasible   44      3.4675e+10 3.7778e+10  8.95%   549  571s
  1566   371 3.7778e+10   35  455 3.4675e+10 3.7778e+10  8.95%   552  575s
  1585   372 infeasible   49      3.4675e+10 3.7778e+10  8.95%   549  580s
  1599   365 infeasible   50      3.4675e+10 3.7778e+10  8.95%   549  585s
  1602   367 3.7778e+10   50  354 3.4675e+10 3.7778e+10  8.95%   550  591s
  1620   358     cutoff   47      3.4675e+10 3.7778e+10  8.95%   550  595s
  1629   357 3.7778e+10   53  409 3.4675e+10 3.7778e+10  8.95%   550  603s
  1638   353 infeasible   46      3.4675e+10 3.7778e+10  8.95%   549  605s
  1649   340 3.7778e+10   30  279 3.4675e+10 3.7778e+10  8.95%   552  610s
  1656   343 3.7778e+10   35  353 3.4675e+10 3.7778e+10  8.95%   551  617s
  1665   345 infeasible   40      3.4675e+10 3.7778e+10  8.95%   550  620s
  1684   344 infeasible   49      3.4675e+10 3.7778e+10  8.95%   548  625s
  1686   343 3.7778e+10   46  398 3.4675e+10 3.7778e+10  8.95%   549  637s
  1695   343 infeasible   51      3.4675e+10 3.7778e+10  8.95%   549  640s
  1706   334 3.7778e+10   44  295 3.4675e+10 3.7778e+10  8.95%   551  645s
  1717   326 3.7778e+10   39  237 3.4675e+10 3.7778e+10  8.95%   554  652s
  1723   324 3.7778e+10   33  378 3.4675e+10 3.7778e+10  8.95%   555  655s
  1743   313 infeasible   34      3.4675e+10 3.7778e+10  8.95%   556  660s
  1754   312 3.7778e+10   38  223 3.4675e+10 3.7778e+10  8.95%   557  665s
  1776   297 infeasible   33      3.4675e+10 3.7778e+10  8.95%   558  670s
  1780   293 3.7028e+10   46  530 3.4675e+10 3.7778e+10  8.95%   559  678s
  1787   293     cutoff   30      3.4675e+10 3.7778e+10  8.95%   558  680s
  1807   297 3.7778e+10   42  313 3.4675e+10 3.7778e+10  8.95%   555  686s
  1825   297 3.7778e+10   29  618 3.4675e+10 3.7778e+10  8.95%   553  690s
  1846   305 3.7778e+10   41  321 3.4675e+10 3.7778e+10  8.95%   549  695s
  1862   300 3.7778e+10   43  408 3.4675e+10 3.7778e+10  8.95%   549  707s
  1870   298 3.7778e+10   46  444 3.4675e+10 3.7778e+10  8.95%   549  710s
  1881   287 infeasible   39      3.4675e+10 3.7778e+10  8.95%   552  715s
  1897   288 3.7778e+10   33  242 3.4675e+10 3.7778e+10  8.95%   552  720s
  1916   294 3.7778e+10   48  235 3.4675e+10 3.7778e+10  8.95%   548  728s
  1931   307 3.7778e+10   62  266 3.4675e+10 3.7778e+10  8.95%   544  730s
  1957   317 3.7778e+10   72  496 3.4675e+10 3.7778e+10  8.95%   541  736s
  1964   316 3.7778e+10   71  378 3.4675e+10 3.7778e+10  8.95%   541  746s
  1971   313 3.6002e+10   71  499 3.4675e+10 3.7778e+10  8.95%   543  754s
  1976   310 infeasible   70      3.4675e+10 3.7778e+10  8.95%   543  755s
  1985   305 infeasible   64      3.4675e+10 3.7778e+10  8.95%   546  760s
  1993   297 infeasible   56      3.4675e+10 3.7778e+10  8.95%   551  765s
  1998   292 infeasible   50      3.4675e+10 3.7778e+10  8.95%   555  770s
  2001   291 3.7778e+10   47  314 3.4675e+10 3.7778e+10  8.95%   556  779s
  2003   289 infeasible   48      3.4675e+10 3.7778e+10  8.95%   556  780s
  2016   282 infeasible   37      3.4675e+10 3.7778e+10  8.95%   560  785s
  2024   278 3.7778e+10   30  528 3.4675e+10 3.7778e+10  8.95%   563  790s
  2046   300 3.7778e+10   50  245 3.4675e+10 3.7778e+10  8.95%   559  795s
  2069   313 3.7778e+10   43  301 3.4675e+10 3.7778e+10  8.95%   557  800s
  2102   330 3.4936e+10   64  208 3.4675e+10 3.7778e+10  8.95%   551  805s
  2112   328 3.7778e+10   33  383 3.4675e+10 3.7778e+10  8.95%   552  816s
  2132   336 3.4936e+10   42  177 3.4675e+10 3.7778e+10  8.95%   550  820s
  2147   337 infeasible   37      3.4675e+10 3.7778e+10  8.95%   550  825s
  2160   342 3.7778e+10   41  263 3.4675e+10 3.7778e+10  8.95%   551  830s
  2187   353 3.4936e+10   58  186 3.4675e+10 3.7778e+10  8.95%   546  835s
  2205   355 infeasible   36      3.4675e+10 3.7778e+10  8.95%   546  840s
  2218   352 infeasible   35      3.4675e+10 3.7778e+10  8.95%   547  845s
  2222   350 3.7778e+10   44  431 3.4675e+10 3.7778e+10  8.95%   550  861s
  2224   352 3.7778e+10   45  403 3.4675e+10 3.7778e+10  8.95%   550  865s
  2247   365 3.7778e+10   39  297 3.4675e+10 3.7778e+10  8.95%   547  870s
  2277   389 infeasible   57      3.4675e+10 3.7778e+10  8.95%   541  875s
  2295   385 3.7778e+10   39  384 3.4675e+10 3.7778e+10  8.95%   540  880s
  2319   387 infeasible   58      3.4675e+10 3.7778e+10  8.95%   538  885s
  2327   385 3.7778e+10   39  460 3.4675e+10 3.7778e+10  8.95%   538  891s
  2343   384 infeasible   42      3.4675e+10 3.7778e+10  8.95%   538  895s
  2356   387 3.7778e+10   40  223 3.4675e+10 3.7778e+10  8.95%   539  900s
  2369   384 infeasible   40      3.4675e+10 3.7778e+10  8.95%   539  905s
  2385   381 3.4936e+10   39  389 3.4675e+10 3.7778e+10  8.95%   540  910s
  2396   382 infeasible   30      3.4675e+10 3.7778e+10  8.95%   542  915s
  2415   389 3.7778e+10   50  232 3.4675e+10 3.7778e+10  8.95%   541  920s
  2419   389 3.7778e+10   51  318 3.4675e+10 3.7778e+10  8.95%   541  927s
  2427   387     cutoff   53      3.4675e+10 3.7778e+10  8.95%   541  930s
  2438   382 infeasible   34      3.4675e+10 3.7778e+10  8.95%   543  935s
  2454   379 infeasible   33      3.4675e+10 3.7778e+10  8.95%   543  940s
  2462   375 3.6002e+10   51  353 3.4675e+10 3.7778e+10  8.95%   546  945s
  2467   374 3.7778e+10   50  356 3.4675e+10 3.7778e+10  8.95%   546  952s
  2475   373 3.7778e+10   49  285 3.4675e+10 3.7778e+10  8.95%   546  955s
  2496   377     cutoff   57      3.4675e+10 3.7778e+10  8.95%   545  960s
  2508   371     cutoff   51      3.4675e+10 3.7778e+10  8.95%   546  965s
  2526   377     cutoff   56      3.4675e+10 3.7778e+10  8.95%   545  970s
  2551   380 3.7778e+10   54  306 3.4675e+10 3.7778e+10  8.95%   543  975s
  2573   382 3.7778e+10   56  273 3.4675e+10 3.7778e+10  8.95%   542  980s
  2590   387 3.7778e+10   34  376 3.4675e+10 3.7778e+10  8.95%   541  985s
  2609   394 3.7778e+10   44  335 3.4675e+10 3.7778e+10  8.95%   539  990s
  2624   397 3.7778e+10   19  394 3.4675e+10 3.7778e+10  8.95%   540  996s
  2639   396 3.7778e+10   23  477 3.4675e+10 3.7778e+10  8.95%   540 1000s
  2666   418     cutoff   48      3.4675e+10 3.7778e+10  8.95%   536 1005s
  2687   422 3.7778e+10   27  335 3.4675e+10 3.7778e+10  8.95%   535 1023s
  2692   419     cutoff   27      3.4675e+10 3.7778e+10  8.95%   536 1025s
  2705   420 3.7778e+10   26  288 3.4675e+10 3.7778e+10  8.95%   537 1030s
  2730   431 3.7778e+10   36  456 3.4675e+10 3.7778e+10  8.95%   535 1035s
  2736   435 3.7778e+10   37  499 3.4675e+10 3.7778e+10  8.95%   535 1043s
  2741   436 infeasible   40      3.4675e+10 3.7778e+10  8.95%   535 1045s
  2763   440 3.7778e+10   46  290 3.4675e+10 3.7778e+10  8.95%   533 1055s
  2768   437 3.7778e+10   64  494 3.4675e+10 3.7778e+10  8.95%   534 1060s
  2782   435 3.7778e+10   27  446 3.4675e+10 3.7778e+10  8.95%   536 1065s
  2796   427 3.7778e+10   35  442 3.4675e+10 3.7778e+10  8.95%   538 1071s
  2823   444 3.7778e+10   45  268 3.4675e+10 3.7778e+10  8.95%   535 1075s
  2852   455 3.7778e+10   42  309 3.4675e+10 3.7778e+10  8.95%   533 1080s
  2876   461 3.7778e+10   35  258 3.4675e+10 3.7778e+10  8.95%   532 1085s
  2897   472 3.7778e+10   36  369 3.4675e+10 3.7778e+10  8.95%   530 1094s
  2903   474 infeasible   41      3.4675e+10 3.7778e+10  8.95%   529 1095s
  2947   436 3.5647e+10   42  322 3.4675e+10 3.7778e+10  8.95%   525 1100s
  2964   433 3.7778e+10   37  435 3.4675e+10 3.7778e+10  8.95%   526 1105s
  2990   443 infeasible   53      3.4675e+10 3.7778e+10  8.95%   523 1110s
  3000   452 3.5647e+10   41  306 3.4675e+10 3.7778e+10  8.95%   523 1115s
  3023   453 3.7778e+10   30  423 3.4675e+10 3.7778e+10  8.95%   521 1120s
  3046   454 3.7778e+10   32  322 3.4675e+10 3.7778e+10  8.95%   519 1125s
  3054   450 3.7778e+10   32  432 3.4675e+10 3.7778e+10  8.95%   519 1132s
  3067   451 infeasible   31      3.4675e+10 3.7778e+10  8.95%   519 1136s
  3092   474 3.7778e+10   51  368 3.4675e+10 3.7778e+10  8.95%   516 1140s
  3101   465 infeasible   44      3.4675e+10 3.7778e+10  8.95%   518 1145s
  3116   464 infeasible   48      3.4675e+10 3.7778e+10  8.95%   519 1150s
  3122   458 infeasible   47      3.4675e+10 3.7778e+10  8.95%   522 1155s
  3147   479 3.7778e+10   51  275 3.4675e+10 3.7778e+10  8.95%   520 1160s
  3167   483 3.7778e+10   45  251 3.4675e+10 3.7778e+10  8.95%   519 1169s
  3170   480 infeasible   54      3.4675e+10 3.7778e+10  8.95%   520 1170s
  3182   470 infeasible   52      3.4675e+10 3.7778e+10  8.95%   522 1175s
  3195   463 infeasible   41      3.4675e+10 3.7778e+10  8.95%   523 1180s
  3206   462 3.7778e+10   35  342 3.4675e+10 3.7778e+10  8.95%   524 1196s
  3217   453 3.7778e+10   34  347 3.4675e+10 3.7778e+10  8.95%   525 1200s
  3239   465 3.7778e+10   43  328 3.4675e+10 3.7778e+10  8.95%   523 1205s
  3244   470 3.7778e+10   48  317 3.4675e+10 3.7778e+10  8.95%   522 1211s
  3271   467 infeasible   37      3.4675e+10 3.7778e+10  8.95%   520 1215s
  3279   459 infeasible   46      3.4675e+10 3.7778e+10  8.95%   523 1220s
  3294   452 infeasible   36      3.4675e+10 3.7778e+10  8.95%   523 1225s
  3319   457 3.4936e+10   46  200 3.4675e+10 3.7778e+10  8.95%   521 1230s
  3332   454 infeasible   37      3.4675e+10 3.7778e+10  8.95%   522 1235s
  3353   472 3.7778e+10   46  316 3.4675e+10 3.7778e+10  8.95%   520 1240s
  3378   471 infeasible   37      3.4675e+10 3.7778e+10  8.95%   519 1245s
  3389   467 3.4936e+10   41  385 3.4675e+10 3.7778e+10  8.95%   520 1250s
  3398   464 infeasible   45      3.4675e+10 3.7778e+10  8.95%   520 1255s
  3419   479 infeasible   40      3.4675e+10 3.7778e+10  8.95%   518 1260s
  3446   494 infeasible   53      3.4675e+10 3.7778e+10  8.95%   516 1265s
  3467   497 3.7778e+10   38  253 3.4675e+10 3.7778e+10  8.95%   516 1270s
  3476   506 3.7778e+10   47  212 3.4675e+10 3.7778e+10  8.95%   515 1277s
  3492   516 3.7068e+10   60  267 3.4675e+10 3.7778e+10  8.95%   514 1280s
  3516   530 3.7778e+10   43  262 3.4675e+10 3.7778e+10  8.95%   511 1285s
  3534   528 3.7778e+10   42  313 3.4675e+10 3.7778e+10  8.95%   511 1290s
  3553   533 infeasible   43      3.4675e+10 3.7778e+10  8.95%   510 1295s
  3557   535 3.7778e+10   45  176 3.4675e+10 3.7778e+10  8.95%   510 1303s
  3566   530 infeasible   50      3.4675e+10 3.7778e+10  8.95%   510 1305s
  3580   528 3.5647e+10   44  455 3.4675e+10 3.7778e+10  8.95%   510 1310s
  3601   527 infeasible   46      3.4675e+10 3.7778e+10  8.95%   509 1315s
  3618   528 3.7778e+10   40  415 3.4675e+10 3.7778e+10  8.95%   509 1320s
  3640   532 infeasible   47      3.4675e+10 3.7778e+10  8.95%   508 1325s
  3652   520 infeasible   39      3.4675e+10 3.7778e+10  8.95%   510 1330s
  3669   511 infeasible   40      3.4675e+10 3.7778e+10  8.95%   510 1335s
  3686   494 infeasible   50      3.4675e+10 3.7778e+10  8.95%   512 1340s
  3695   485 infeasible   43      3.4675e+10 3.7778e+10  8.95%   514 1345s
  3702   479 3.5345e+10   37  322 3.4675e+10 3.7778e+10  8.95%   515 1368s
  3709   472     cutoff   31      3.4675e+10 3.7778e+10  8.95%   516 1370s
  3716   468     cutoff   39      3.4675e+10 3.7778e+10  8.95%   517 1375s
  3727   463 infeasible   33      3.4675e+10 3.7778e+10  8.95%   518 1380s
  3729   463 3.6704e+10   21  408 3.4675e+10 3.7778e+10  8.95%   520 1396s
  3743   461 3.7778e+10   37  353 3.4675e+10 3.7778e+10  8.95%   521 1401s
  3757   462 3.4936e+10   43  305 3.4675e+10 3.7778e+10  8.95%   521 1405s
  3763   457 infeasible   44      3.4675e+10 3.7778e+10  8.95%   522 1410s
  3774   460 3.7778e+10   43  423 3.4675e+10 3.7778e+10  8.95%   523 1415s
  3784   458     cutoff   39      3.4675e+10 3.7778e+10  8.95%   524 1420s
  3797   455 3.7778e+10   39  478 3.4675e+10 3.7778e+10  8.95%   526 1426s
  3806   454 3.4936e+10   42  382 3.4675e+10 3.7778e+10  8.95%   526 1430s
  3813   453 3.7778e+10   30  523 3.4675e+10 3.7778e+10  8.95%   527 1435s
  3819   453 3.4936e+10   34  491 3.4675e+10 3.7778e+10  8.95%   528 1440s
  3832   454 3.4936e+10   39  424 3.4675e+10 3.7778e+10  8.95%   528 1445s
  3844   450     cutoff   36      3.4675e+10 3.7778e+10  8.95%   529 1450s
  3849   449 3.7778e+10   32  469 3.4675e+10 3.7778e+10  8.95%   531 1456s
  3858   449     cutoff   37      3.4675e+10 3.7778e+10  8.95%   531 1460s
  3862   449 3.7778e+10   24  423 3.4675e+10 3.7778e+10  8.95%   533 1465s
  3882   465 3.7778e+10   36  321 3.4675e+10 3.7778e+10  8.95%   531 1470s
  3892   475 3.7778e+10   44  362 3.4675e+10 3.7778e+10  8.95%   530 1477s
  3909   492 3.7778e+10   62  158 3.4675e+10 3.7778e+10  8.95%   528 1480s
  3925   496 infeasible   25      3.4675e+10 3.7778e+10  8.95%   528 1486s
  3928   495 3.7778e+10   68  179 3.4675e+10 3.7778e+10  8.95%   529 1495s
  3936   489 infeasible   63      3.4675e+10 3.7778e+10  8.95%   531 1500s
  3943   488 3.7778e+10   65  281 3.4675e+10 3.7778e+10  8.95%   532 1505s
  3953   484 infeasible   67      3.4675e+10 3.7778e+10  8.95%   533 1510s
  3967   480 infeasible   56      3.4675e+10 3.7778e+10  8.95%   534 1515s
  3975   476 3.7778e+10   26  544 3.4675e+10 3.7778e+10  8.95%   535 1520s
  3984   485 3.7778e+10   30  615 3.4675e+10 3.7778e+10  8.95%   535 1528s
  3991   492 3.7778e+10   35  456 3.4675e+10 3.7778e+10  8.95%   534 1530s
  4008   501 3.7778e+10   42  312 3.4675e+10 3.7778e+10  8.95%   533 1535s
  4032   509 3.4936e+10   51  219 3.4675e+10 3.7778e+10  8.95%   531 1540s
  4055   516 infeasible   55      3.4675e+10 3.7778e+10  8.95%   530 1545s
  4074   513 infeasible   57      3.4675e+10 3.7778e+10  8.95%   529 1550s
  4077   512 3.7778e+10   53  187 3.4675e+10 3.7778e+10  8.95%   530 1565s
  4086   513 3.7778e+10   34  459 3.4675e+10 3.7778e+10  8.95%   530 1570s
  4101   506 infeasible   49      3.4675e+10 3.7778e+10  8.95%   531 1575s
  4112   497 infeasible   49      3.4675e+10 3.7778e+10  8.95%   532 1580s
  4123   486 infeasible   40      3.4675e+10 3.7778e+10  8.95%   534 1585s
  4133   476 infeasible   32      3.4675e+10 3.7778e+10  8.95%   535 1590s
  4141   468 infeasible   29      3.4675e+10 3.7778e+10  8.95%   537 1595s
  4151   458 infeasible   40      3.4675e+10 3.7778e+10  8.95%   539 1600s
  4156   455 3.7778e+10   34  439 3.4675e+10 3.7778e+10  8.95%   541 1605s
  4169   454 infeasible   38      3.4675e+10 3.7778e+10  8.95%   541 1610s
  4174   449 infeasible   30      3.4675e+10 3.7778e+10  8.95%   543 1615s
  4175   448 infeasible   28      3.4675e+10 3.7778e+10  8.95%   545 1620s
  4181   451 3.4936e+10   30  441 3.4675e+10 3.7778e+10  8.95%   546 1625s
  4194   456 3.7778e+10   25  297 3.4675e+10 3.7778e+10  8.95%   545 1630s
  4208   460 3.7778e+10   64  404 3.4675e+10 3.7778e+10  8.95%   546 1637s
  4211   459 3.7778e+10   29  263 3.4675e+10 3.7778e+10  8.95%   546 1646s
  4226   462 3.7778e+10   30  373 3.4675e+10 3.7778e+10  8.95%   546 1650s
  4245   467 infeasible   31      3.4675e+10 3.7778e+10  8.95%   545 1656s
  4256   468 3.7778e+10   20  322 3.4675e+10 3.7778e+10  8.95%   545 1660s
  4276   478 3.7778e+10   21  311 3.4675e+10 3.7778e+10  8.95%   544 1665s
  4287   477 3.4936e+10   37  344 3.4675e+10 3.7778e+10  8.95%   545 1670s
  4297   473 infeasible   40      3.4675e+10 3.7778e+10  8.95%   545 1675s
  4307   469 3.7778e+10   30  649 3.4675e+10 3.7778e+10  8.95%   547 1682s
  4310   468 3.7778e+10   26  597 3.4675e+10 3.7778e+10  8.95%   548 1685s
  4317   465 3.7778e+10   22  641 3.4675e+10 3.7778e+10  8.95%   549 1691s
  4324   462     cutoff   26      3.4675e+10 3.7778e+10  8.95%   550 1695s
  4347   478 infeasible   38      3.4675e+10 3.7778e+10  8.95%   549 1700s
  4357   478 3.7778e+10   22  506 3.4675e+10 3.7778e+10  8.95%   548 1705s
  4376   485 3.7778e+10   29  515 3.4675e+10 3.7778e+10  8.95%   548 1715s
  4395   498 infeasible   38      3.4675e+10 3.7778e+10  8.95%   547 1720s
  4403   504 3.5647e+10   45  355 3.4675e+10 3.7778e+10  8.95%   546 1728s
  4404   505 3.5647e+10   44  449 3.4675e+10 3.7778e+10  8.95%   546 1739s
  4406   507 3.7778e+10   44  428 3.4675e+10 3.7778e+10  8.95%   546 1740s
  4427   510 3.7778e+10   33  304 3.4675e+10 3.7778e+10  8.95%   546 1745s
  4439   507 infeasible   32      3.4675e+10 3.7778e+10  8.95%   546 1750s
  4453   506 3.7778e+10   32  297 3.4675e+10 3.7778e+10  8.95%   547 1755s
  4457   508 3.7778e+10   35  297 3.4675e+10 3.7778e+10  8.95%   547 1761s
  4481   528 3.7778e+10   56  195 3.4675e+10 3.7778e+10  8.95%   544 1765s
  4484   531 3.7778e+10   59  190 3.4675e+10 3.7778e+10  8.95%   544 1770s
  4513   542     cutoff   41      3.4675e+10 3.7778e+10  8.95%   542 1775s
  4529   538 infeasible   68      3.4675e+10 3.7778e+10  8.95%   542 1780s
  4550   533 infeasible   66      3.4675e+10 3.7778e+10  8.95%   542 1785s
  4554   535 3.7068e+10   45  350 3.4675e+10 3.7778e+10  8.95%   543 1795s
  4571   537 3.5647e+10   45  588 3.4675e+10 3.7778e+10  8.95%   542 1800s
  4587   537     cutoff   33      3.4675e+10 3.7778e+10  8.95%   542 1805s
  4604   542 3.7778e+10   31  270 3.4675e+10 3.7778e+10  8.95%   542 1810s
  4621   539 infeasible   39      3.4675e+10 3.7778e+10  8.95%   542 1815s
  4646   550 infeasible   37      3.4675e+10 3.7778e+10  8.95%   540 1820s
  4660   548 infeasible   52      3.4675e+10 3.7778e+10  8.95%   541 1825s
  4685   557 infeasible   58      3.4675e+10 3.7778e+10  8.95%   539 1830s
  4703   559 3.7778e+10   61  237 3.4675e+10 3.7778e+10  8.95%   540 1835s
  4719   559 3.7778e+10   63  495 3.4675e+10 3.7778e+10  8.95%   540 1840s
  4730   558 3.7778e+10   59  499 3.4675e+10 3.7778e+10  8.95%   541 1851s
  4753   581 3.7778e+10   80  404 3.4675e+10 3.7778e+10  8.95%   539 1855s
  4787   599 3.7778e+10   70  138 3.4675e+10 3.7778e+10  8.95%   537 1860s
  4796   590 infeasible   65      3.4675e+10 3.7778e+10  8.95%   538 1865s
  4805   581 infeasible   57      3.4675e+10 3.7778e+10  8.95%   539 1870s
  4817   569 infeasible   72      3.4675e+10 3.7778e+10  8.95%   541 1875s
  4825   561 infeasible   64      3.4675e+10 3.7778e+10  8.95%   542 1880s
  4833   555 3.7778e+10   58  509 3.4675e+10 3.7778e+10  8.95%   544 1901s
  4834   556 3.7778e+10   59  408 3.4675e+10 3.7778e+10  8.95%   544 1906s
  4853   575 3.7778e+10   76  357 3.4675e+10 3.7778e+10  8.95%   542 1910s
  4864   566 infeasible   72      3.4675e+10 3.7778e+10  8.95%   543 1915s
  4873   557 infeasible   64      3.4675e+10 3.7778e+10  8.95%   545 1920s
  4880   550 infeasible   52      3.4675e+10 3.7778e+10  8.95%   547 1925s
  4885   547 3.7778e+10   47  226 3.4675e+10 3.7778e+10  8.95%   548 1936s
  4899   549 3.7778e+10   49  285 3.4675e+10 3.7778e+10  8.95%   548 1940s
  4920   560 3.7778e+10   55  281 3.4675e+10 3.7778e+10  8.95%   548 1945s
  4937   561 infeasible   61      3.4675e+10 3.7778e+10  8.95%   548 1950s
  4951   563 infeasible   68      3.4675e+10 3.7778e+10  8.95%   548 1955s
  4962   558 infeasible   61      3.4675e+10 3.7778e+10  8.95%   548 1960s
  4979   559 infeasible   58      3.4675e+10 3.7778e+10  8.95%   548 1965s
  4986   564 3.7778e+10   43  240 3.4675e+10 3.7778e+10  8.95%   548 1973s
  4991   569 3.7778e+10   48  212 3.4675e+10 3.7778e+10  8.95%   548 1975s
  5014   576 infeasible   39      3.4675e+10 3.7778e+10  8.95%   547 1980s
  5025   565 infeasible   48      3.4675e+10 3.7778e+10  8.95%   548 1985s
  5037   553 infeasible   56      3.4675e+10 3.7778e+10  8.95%   549 1990s
  5044   548 3.7778e+10   50  585 3.4675e+10 3.7778e+10  8.95%   551 1995s
  5063   561 3.7778e+10   66  139 3.4675e+10 3.7778e+10  8.95%   550 2000s
  5072   562 3.7778e+10   50  274 3.4675e+10 3.7778e+10  8.95%   551 2008s
  5082   570 3.7778e+10   59  194 3.4675e+10 3.7778e+10  8.95%   550 2010s
  5096   570 3.7778e+10   59  224 3.4675e+10 3.7778e+10  8.95%   550 2015s
  5111   571 3.7778e+10   55  189 3.4675e+10 3.7778e+10  8.95%   550 2020s
  5126   574 3.7778e+10   36  345 3.4675e+10 3.7778e+10  8.95%   550 2025s
  5167   601 infeasible   67      3.4675e+10 3.7778e+10  8.95%   547 2030s
  5193   591 infeasible   57      3.4675e+10 3.7778e+10  8.95%   546 2035s
  5205   581 3.7778e+10   46  357 3.4675e+10 3.7778e+10  8.95%   548 2040s
  5220   574 infeasible   41      3.4675e+10 3.7778e+10  8.95%   548 2045s
  5224   572 3.7778e+10   36  362 3.4675e+10 3.7778e+10  8.95%   549 2052s
  5231   567 3.7778e+10   36  401 3.4675e+10 3.7778e+10  8.95%   550 2056s
  5238   560 infeasible   53      3.4675e+10 3.7778e+10  8.95%   551 2060s
  5249   549 infeasible   57      3.4675e+10 3.7778e+10  8.95%   552 2065s
  5266   550 3.7727e+10   54  318 3.4675e+10 3.7778e+10  8.95%   552 2070s
  5275   551 3.7778e+10   48  336 3.4675e+10 3.7778e+10  8.95%   552 2079s
  5278   554 3.7778e+10   51  256 3.4675e+10 3.7778e+10  8.95%   552 2080s
  5284   556 3.7778e+10   52  303 3.4675e+10 3.7778e+10  8.95%   552 2093s
  5297   549 infeasible   53      3.4675e+10 3.7778e+10  8.95%   551 2095s
  5303   543 infeasible   50      3.4675e+10 3.7778e+10  8.95%   552 2100s
  5316   552 3.7778e+10   42  289 3.4675e+10 3.7778e+10  8.95%   552 2105s
  5336   554 3.7068e+10   42  342 3.4675e+10 3.7778e+10  8.95%   551 2110s
  5350   550 3.5647e+10   42  468 3.4675e+10 3.7778e+10  8.95%   551 2115s
  5366   544 infeasible   38      3.4675e+10 3.7778e+10  8.95%   551 2120s
  5381   551 infeasible   42      3.4675e+10 3.7778e+10  8.95%   552 2125s
  5411   559 3.7778e+10   56  261 3.4675e+10 3.7778e+10  8.95%   550 2130s
  5438   572 3.7068e+10   69  210 3.4675e+10 3.7778e+10  8.95%   548 2136s
  5467   591 3.7068e+10   83  205 3.4675e+10 3.7778e+10  8.95%   546 2140s
  5490   596 infeasible   44      3.4675e+10 3.7778e+10  8.95%   545 2145s
  5510   602 3.5292e+10   40  453 3.4675e+10 3.7778e+10  8.95%   544 2150s
  5519   601 3.7778e+10   50  329 3.4675e+10 3.7778e+10  8.95%   545 2155s
  5520   602 3.7778e+10   51  315 3.4675e+10 3.7778e+10  8.95%   544 2160s
  5537   611 infeasible   61      3.4675e+10 3.7778e+10  8.95%   544 2165s
  5552   612     cutoff   60      3.4675e+10 3.7778e+10  8.95%   544 2170s
  5560   608 infeasible   49      3.4675e+10 3.7778e+10  8.95%   546 2176s
  5565   605 infeasible   57      3.4675e+10 3.7778e+10  8.95%   547 2180s
  5571   603 3.7778e+10   35  645 3.4675e+10 3.7778e+10  8.95%   548 2186s
  5588   608 3.7778e+10   36  597 3.4675e+10 3.7778e+10  8.95%   547 2190s
  5599   613 3.5647e+10   44  339 3.4675e+10 3.7778e+10  8.95%   547 2198s
  5610   612 3.7778e+10   42  293 3.4675e+10 3.7778e+10  8.95%   546 2200s
  5626   616 infeasible   51      3.4675e+10 3.7778e+10  8.95%   546 2205s
  5644   630 infeasible   39      3.4675e+10 3.7778e+10  8.95%   545 2210s
  5665   637 3.5647e+10   48  330 3.4675e+10 3.7778e+10  8.95%   544 2215s
  5675   637 3.7778e+10   33  299 3.4675e+10 3.7778e+10  8.95%   544 2220s
  5688   648 3.7778e+10   43  290 3.4675e+10 3.7778e+10  8.95%   544 2228s
  5695   653 infeasible   50      3.4675e+10 3.7778e+10  8.95%   543 2230s
  5722   678 3.5647e+10   63  443 3.4675e+10 3.7778e+10  8.95%   541 2235s
  5740   684 infeasible   68      3.4675e+10 3.7778e+10  8.95%   541 2240s
  5754   682 3.7778e+10   36  518 3.4675e+10 3.7778e+10  8.95%   541 2245s
  5762   680 3.7778e+10   62  393 3.4675e+10 3.7778e+10  8.95%   541 2257s
  5767   679 3.7778e+10   35  503 3.4675e+10 3.7778e+10  8.95%   541 2260s
  5784   682 3.7778e+10   35  449 3.4675e+10 3.7778e+10  8.95%   541 2265s
  5800   692 3.5647e+10   41  410 3.4675e+10 3.7778e+10  8.95%   540 2270s
  5806   690 3.7778e+10   33  327 3.4675e+10 3.7778e+10  8.95%   541 2275s
  5824   692 3.7778e+10   26  387 3.4675e+10 3.7778e+10  8.95%   540 2280s
  5836   694 infeasible   37      3.4675e+10 3.7778e+10  8.95%   541 2286s
  5844   696 3.7778e+10   31  244 3.4675e+10 3.7778e+10  8.95%   541 2290s
  5855   693 infeasible   30      3.4675e+10 3.7778e+10  8.95%   542 2295s
  5869   693 infeasible   35      3.4675e+10 3.7778e+10  8.95%   542 2300s
  5882   694 3.7778e+10   31  442 3.4675e+10 3.7778e+10  8.95%   541 2305s
  5899   695 3.5292e+10   34  306 3.4675e+10 3.7778e+10  8.95%   541 2310s
  5908   694 3.4936e+10   33  433 3.4675e+10 3.7778e+10  8.95%   541 2315s
  5927   697 3.7778e+10   34  353 3.4675e+10 3.7778e+10  8.95%   540 2320s
  5944   704 infeasible   42      3.4675e+10 3.7778e+10  8.95%   540 2325s
  5961   701 infeasible   41      3.4675e+10 3.7778e+10  8.95%   539 2330s
  5966   698 3.7778e+10   23  343 3.4675e+10 3.7778e+10  8.95%   540 2341s
  5981   699 infeasible   35      3.4675e+10 3.7778e+10  8.95%   540 2345s
  5993   703 infeasible   30      3.4675e+10 3.7778e+10  8.95%   540 2350s
  5994   704 3.7778e+10   30  293 3.4675e+10 3.7778e+10  8.95%   540 2356s
  6013   719 infeasible   46      3.4675e+10 3.7778e+10  8.95%   539 2360s
  6034   702 3.7778e+10   30  537 3.4675e+10 3.7778e+10  8.95%   539 2365s
  6049   699 3.7778e+10   27  550 3.4675e+10 3.7778e+10  8.95%   539 2371s
  6067   717 3.7778e+10   44  291 3.4675e+10 3.7778e+10  8.95%   538 2375s
  6071   719 3.7778e+10   44  270 3.4675e+10 3.7778e+10  8.95%   538 2385s
  6093   719 3.5292e+10   48  402 3.4675e+10 3.7778e+10  8.95%   537 2390s
  6102   716 3.7778e+10   28  423 3.4675e+10 3.7778e+10  8.95%   537 2395s
  6114   720 3.7778e+10   30  290 3.4675e+10 3.7778e+10  8.95%   537 2400s
  6133   728 3.7778e+10   28  526 3.4675e+10 3.7778e+10  8.95%   537 2405s
  6150   739 3.7778e+10   46  489 3.4675e+10 3.7778e+10  8.95%   537 2410s
  6170   742 infeasible   57      3.4675e+10 3.7778e+10  8.95%   536 2415s
  6184   744 3.7778e+10   29  310 3.4675e+10 3.7778e+10  8.95%   536 2420s
  6195   741 infeasible   31      3.4675e+10 3.7778e+10  8.95%   537 2426s
  6207   745 infeasible   36      3.4675e+10 3.7778e+10  8.95%   537 2430s
  6214   744 3.7778e+10   35  323 3.4675e+10 3.7778e+10  8.95%   538 2440s
  6227   741 3.7778e+10   31  312 3.4675e+10 3.7778e+10  8.95%   538 2445s
  6241   743 3.7778e+10   35  342 3.4675e+10 3.7778e+10  8.95%   538 2454s
  6243   741 3.4936e+10   36  435 3.4675e+10 3.7778e+10  8.95%   538 2455s
  6252   738 infeasible   35      3.4675e+10 3.7778e+10  8.95%   539 2461s
  6266   744 3.7778e+10   35  314 3.4675e+10 3.7778e+10  8.95%   539 2465s
  6294   756 infeasible   47      3.4675e+10 3.7778e+10  8.95%   538 2470s
  6304   752 infeasible   46      3.4675e+10 3.7778e+10  8.95%   538 2475s
  6317   757 3.7778e+10   46  426 3.4675e+10 3.7778e+10  8.95%   538 2480s
  6330   754 infeasible   47      3.4675e+10 3.7778e+10  8.95%   539 2485s
  6335   749 infeasible   44      3.4675e+10 3.7778e+10  8.95%   541 2490s
  6340   746 3.4936e+10   32  473 3.4675e+10 3.7778e+10  8.95%   542 2495s
  6343   745 3.7068e+10   33  359 3.4675e+10 3.7778e+10  8.95%   542 2513s
  6347   743 3.7778e+10   36  430 3.4675e+10 3.7778e+10  8.95%   542 2515s
  6367   753 3.7778e+10   50  184 3.4675e+10 3.7778e+10  8.95%   541 2522s
  6374   752 infeasible   53      3.4675e+10 3.7778e+10  8.95%   541 2525s
  6382   744 infeasible   43      3.4675e+10 3.7778e+10  8.95%   542 2530s
  6387   739 infeasible   37      3.4675e+10 3.7778e+10  8.95%   543 2535s
  6402   750 infeasible   45      3.4675e+10 3.7778e+10  8.95%   543 2540s
  6419   753 3.5292e+10   39  390 3.4675e+10 3.7778e+10  8.95%   543 2545s
  6424   752 3.7778e+10   43  256 3.4675e+10 3.7778e+10  8.95%   542 2550s
  6434   750     cutoff   46      3.4675e+10 3.7778e+10  8.95%   542 2555s
  6450   756 infeasible   45      3.4675e+10 3.7778e+10  8.95%   543 2560s
  6470   762 3.5647e+10   41  338 3.4675e+10 3.7778e+10  8.95%   542 2565s
  6479   763 3.4936e+10   46  160 3.4675e+10 3.7778e+10  8.95%   542 2574s
  6490   772 infeasible   57      3.4675e+10 3.7778e+10  8.95%   541 2575s
  6504   770 3.7778e+10   24  429 3.4675e+10 3.7778e+10  8.95%   541 2580s
  6526   784     cutoff   43      3.4675e+10 3.7778e+10  8.95%   540 2586s
  6544   784 3.7778e+10   25  398 3.4675e+10 3.7778e+10  8.95%   539 2590s
  6548   784 3.7778e+10   26  472 3.4675e+10 3.7778e+10  8.95%   540 2595s
  6576   808 3.7778e+10   49  301 3.4675e+10 3.7778e+10  8.95%   538 2600s
  6604   828 infeasible   74      3.4675e+10 3.7778e+10  8.95%   536 2605s
  6631   833 infeasible   29      3.4675e+10 3.7778e+10  8.95%   535 2611s
  6640   838 infeasible   36      3.4675e+10 3.7778e+10  8.95%   535 2615s
  6657   839 3.4936e+10   31  442 3.4675e+10 3.7778e+10  8.95%   535 2620s
  6670   838 3.7778e+10   22  422 3.4675e+10 3.7778e+10  8.95%   535 2625s
  6690   844 infeasible   31      3.4675e+10 3.7778e+10  8.95%   535 2630s
  6707   849 3.7778e+10   25  519 3.4675e+10 3.7778e+10  8.95%   535 2636s
  6718   854 3.7778e+10   34  267 3.4675e+10 3.7778e+10  8.95%   535 2646s
  6733   853 3.7778e+10   30  253 3.4675e+10 3.7778e+10  8.95%   535 2650s
  6756   870 3.5647e+10   43  326 3.4675e+10 3.7778e+10  8.95%   534 2655s
  6773   869 3.7778e+10   27  423 3.4675e+10 3.7778e+10  8.95%   534 2660s
  6795   869 3.7778e+10   17  444 3.4675e+10 3.7778e+10  8.95%   534 2668s
  6800   870 3.7778e+10   34  372 3.4675e+10 3.7778e+10  8.95%   534 2670s
  6818   868 infeasible   33      3.4675e+10 3.7778e+10  8.95%   533 2675s
  6823   865     cutoff   29      3.4675e+10 3.7778e+10  8.95%   534 2680s
  6834   858 3.7778e+10   37  305 3.4675e+10 3.7778e+10  8.95%   535 2685s
  6843   854 infeasible   39      3.4675e+10 3.7778e+10  8.95%   535 2690s
  6845   854 3.7778e+10   30  272 3.4675e+10 3.7778e+10  8.95%   536 2698s
  6849   856 3.7778e+10   32  521 3.4675e+10 3.7778e+10  8.95%   536 2700s
  6865   861 3.4936e+10   39  379 3.4675e+10 3.7778e+10  8.95%   535 2705s
  6883   869 3.7778e+10   43  284 3.4675e+10 3.7778e+10  8.95%   535 2710s
  6890   866 3.7778e+10   34  263 3.4675e+10 3.7778e+10  8.95%   535 2718s
  6892   866 3.7778e+10   35  351 3.4675e+10 3.7778e+10  8.95%   535 2733s
  6903   875 3.5647e+10   42  355 3.4675e+10 3.7778e+10  8.95%   535 2735s
  6920   872 3.7778e+10   32  422 3.4675e+10 3.7778e+10  8.95%   535 2741s
  6932   876 3.7778e+10   47  184 3.4675e+10 3.7778e+10  8.95%   535 2746s
  6941   875 infeasible   50      3.4675e+10 3.7778e+10  8.95%   536 2751s
  6947   873 infeasible   39      3.4675e+10 3.7778e+10  8.95%   536 2755s
  6961   875 3.4936e+10   43  173 3.4675e+10 3.7778e+10  8.95%   536 2760s
  6973   873 infeasible   39      3.4675e+10 3.7778e+10  8.95%   536 2765s
  6990   872 3.7778e+10   40  275 3.4675e+10 3.7778e+10  8.95%   536 2770s
  7004   878 infeasible   48      3.4675e+10 3.7778e+10  8.95%   536 2775s
  7017   877 infeasible   45      3.4675e+10 3.7778e+10  8.95%   536 2780s
  7030   866 3.7778e+10   30  300 3.4675e+10 3.7778e+10  8.95%   536 2791s
  7043   867 3.7778e+10   34  423 3.4675e+10 3.7778e+10  8.95%   536 2795s
  7059   881 infeasible   39      3.4675e+10 3.7778e+10  8.95%   536 2800s
  7085   881 3.7778e+10   33  431 3.4675e+10 3.7778e+10  8.95%   535 2805s
  7094   882 infeasible   37      3.4675e+10 3.7778e+10  8.95%   535 2810s
  7106   884 3.7778e+10   37  330 3.4675e+10 3.7778e+10  8.95%   535 2821s
  7124   896 infeasible   48      3.4675e+10 3.7778e+10  8.95%   535 2825s
  7138   892 3.7778e+10   36  561 3.4675e+10 3.7778e+10  8.95%   535 2830s
  7149   891     cutoff   37      3.4675e+10 3.7778e+10  8.95%   535 2835s
  7164   892 infeasible   38      3.4675e+10 3.7778e+10  8.95%   535 2840s
  7182   886 infeasible   39      3.4675e+10 3.7778e+10  8.95%   535 2845s
  7189   879 infeasible   37      3.4675e+10 3.7778e+10  8.95%   536 2851s
  7197   875 infeasible   34      3.4675e+10 3.7778e+10  8.95%   537 2855s
  7216   885 infeasible   45      3.4675e+10 3.7778e+10  8.95%   536 2860s
  7222   883 3.7778e+10   33  304 3.4675e+10 3.7778e+10  8.95%   537 2870s
  7241   892 infeasible   43      3.4675e+10 3.7778e+10  8.95%   536 2875s
  7266   891 infeasible   37      3.4675e+10 3.7778e+10  8.95%   536 2880s
  7276   887 infeasible   43      3.4675e+10 3.7778e+10  8.95%   536 2885s
  7289   884     cutoff   46      3.4675e+10 3.7778e+10  8.95%   536 2890s
  7293   882 3.7778e+10   41  227 3.4675e+10 3.7778e+10  8.95%   537 2901s
  7301   880 3.7778e+10   37  293 3.4675e+10 3.7778e+10  8.95%   537 2905s
  7316   879 infeasible   40      3.4675e+10 3.7778e+10  8.95%   537 2912s
  7323   876 infeasible   38      3.4675e+10 3.7778e+10  8.95%   538 2915s
  7331   880 3.7778e+10   38  179 3.4675e+10 3.7778e+10  8.95%   538 2923s
  7336   883 infeasible   41      3.4675e+10 3.7778e+10  8.95%   538 2925s
  7356   889 infeasible   36      3.4675e+10 3.7778e+10  8.95%   537 2930s
  7372   901 3.6357e+10   45  322 3.4675e+10 3.7778e+10  8.95%   537 2935s
  7388   901 3.6357e+10   47  285 3.4675e+10 3.7778e+10  8.95%   537 2940s
  7417   905 infeasible   39      3.4675e+10 3.7778e+10  8.95%   536 2945s
  7430   906 3.6357e+10   43  353 3.4675e+10 3.7778e+10  8.95%   536 2950s
  7447   902 infeasible   40      3.4675e+10 3.7778e+10  8.95%   536 2955s
  7464   907 infeasible   35      3.4675e+10 3.7778e+10  8.95%   536 2960s
  7470   905 3.7778e+10   29  294 3.4675e+10 3.7778e+10  8.95%   536 2970s
  7489   908 infeasible   24      3.4675e+10 3.7778e+10  8.95%   536 2975s
  7511   912 infeasible   38      3.4675e+10 3.7778e+10  8.95%   535 2980s
  7527   916 infeasible   35      3.4675e+10 3.7778e+10  8.95%   536 2985s
  7547   928 3.7068e+10   45  580 3.4675e+10 3.7778e+10  8.95%   535 2990s
  7564   927     cutoff   36      3.4675e+10 3.7778e+10  8.95%   536 2995s
  7573   926 3.7778e+10   34  228 3.4675e+10 3.7778e+10  8.95%   536 3000s
  7587   926 3.7778e+10   31  356 3.4675e+10 3.7778e+10  8.95%   536 3005s
  7599   933 3.7778e+10   37  507 3.4675e+10 3.7778e+10  8.95%   535 3022s
  7614   940 3.7778e+10   46  458 3.4675e+10 3.7778e+10  8.95%   535 3025s
  7623   933 infeasible   42      3.4675e+10 3.7778e+10  8.95%   536 3030s
  7629   929 infeasible   38      3.4675e+10 3.7778e+10  8.95%   537 3035s
  7630   930 3.7778e+10   43  281 3.4675e+10 3.7778e+10  8.95%   537 3042s
  7641   925 infeasible   39      3.4675e+10 3.7778e+10  8.95%   537 3045s
  7653   919 infeasible   34      3.4675e+10 3.7778e+10  8.95%   537 3050s
  7664   922 3.7778e+10   41  264 3.4675e+10 3.7778e+10  8.95%   538 3055s
  7675   925 infeasible   45      3.4675e+10 3.7778e+10  8.95%   538 3060s
  7685   923 3.7778e+10   31  292 3.4675e+10 3.7778e+10  8.95%   538 3067s
  7697   923 3.7529e+10   32  420 3.4675e+10 3.7778e+10  8.95%   538 3070s
  7710   918 infeasible   42      3.4675e+10 3.7778e+10  8.95%   538 3075s
  7713   917 3.7778e+10   30  335 3.4675e+10 3.7778e+10  8.95%   539 3083s
  7717   913 infeasible   40      3.4675e+10 3.7778e+10  8.95%   539 3085s
  7725   912     cutoff   33      3.4675e+10 3.7778e+10  8.95%   540 3090s
  7733   908 3.7778e+10   32  176 3.4675e+10 3.7778e+10  8.95%   541 3095s
  7746   907 infeasible   36      3.4675e+10 3.7778e+10  8.95%   541 3105s
  7764   917 3.6002e+10   43  354 3.4675e+10 3.7778e+10  8.95%   540 3110s
  7783   916 infeasible   25      3.4675e+10 3.7778e+10  8.95%   540 3116s
  7788   911 infeasible   41      3.4675e+10 3.7778e+10  8.95%   541 3120s
  7804   909 3.7778e+10   29  343 3.4675e+10 3.7778e+10  8.95%   541 3125s
  7812   907 3.7778e+10   27  321 3.4675e+10 3.7778e+10  8.95%   542 3130s
  7828   911 infeasible   34      3.4675e+10 3.7778e+10  8.95%   542 3135s
  7846   913     cutoff   33      3.4675e+10 3.7778e+10  8.95%   542 3140s
  7856   913 3.7778e+10   32  230 3.4675e+10 3.7778e+10  8.95%   542 3147s
  7868   921 infeasible   36      3.4675e+10 3.7778e+10  8.95%   542 3150s
  7881   924 3.7778e+10   35  274 3.4675e+10 3.7778e+10  8.95%   542 3155s
  7897   926 3.5647e+10   37  338 3.4675e+10 3.7778e+10  8.95%   541 3160s
  7906   919 infeasible   29      3.4675e+10 3.7778e+10  8.95%   542 3166s
  7910   919 3.6002e+10   35  334 3.4675e+10 3.7778e+10  8.95%   542 3177s
  7916   917 infeasible   34      3.4675e+10 3.7778e+10  8.95%   542 3180s
  7934   921 3.5647e+10   38  363 3.4675e+10 3.7778e+10  8.95%   541 3185s
  7955   926 3.7778e+10   37  239 3.4675e+10 3.7778e+10  8.95%   541 3190s
  7974   927 infeasible   43      3.4675e+10 3.7778e+10  8.95%   541 3195s
  7990   923 infeasible   35      3.4675e+10 3.7778e+10  8.95%   541 3200s
  8008   925 3.7778e+10   36  474 3.4675e+10 3.7778e+10  8.95%   541 3205s
  8018   927     cutoff   43      3.4675e+10 3.7778e+10  8.95%   542 3210s
  8024   923 3.7778e+10   32  280 3.4675e+10 3.7778e+10  8.95%   542 3232s
  8034   927 infeasible   40      3.4675e+10 3.7778e+10  8.95%   542 3235s
  8054   931 infeasible   42      3.4675e+10 3.7778e+10  8.95%   542 3240s
  8071   928 infeasible   33      3.4675e+10 3.7778e+10  8.95%   542 3245s
  8086   931 infeasible   47      3.4675e+10 3.7778e+10  8.95%   542 3250s
  8097   926 infeasible   43      3.4675e+10 3.7778e+10  8.95%   543 3255s
  8105   924 3.7778e+10   32  595 3.4675e+10 3.7778e+10  8.95%   543 3260s
  8121   926 3.4936e+10   41  295 3.4675e+10 3.7778e+10  8.95%   544 3265s
  8128   923 3.7778e+10   37  252 3.4675e+10 3.7778e+10  8.95%   544 3275s
  8149   930 3.7778e+10   42  357 3.4675e+10 3.7778e+10  8.95%   543 3280s
  8165   926 infeasible   33      3.4675e+10 3.7778e+10  8.95%   544 3285s
  8182   925 3.7778e+10   40  397 3.4675e+10 3.7778e+10  8.95%   543 3290s
  8195   914 infeasible   34      3.4675e+10 3.7778e+10  8.95%   544 3295s
  8211   914 infeasible   28      3.4675e+10 3.7778e+10  8.95%   544 3300s
  8225   918 infeasible   31      3.4675e+10 3.7778e+10  8.95%   544 3305s
  8237   922 3.4936e+10   33  430 3.4675e+10 3.7778e+10  8.95%   544 3310s
  8249   920 3.7778e+10   41  381 3.4675e+10 3.7778e+10  8.95%   544 3315s
  8267   922 infeasible   47      3.4675e+10 3.7778e+10  8.95%   544 3320s
  8282   925 3.7778e+10   42  387 3.4675e+10 3.7778e+10  8.95%   544 3328s
  8289   922     cutoff   26      3.4675e+10 3.7778e+10  8.95%   545 3332s
  8303   928     cutoff   36      3.4675e+10 3.7778e+10  8.95%   544 3335s
  8311   926 infeasible   28      3.4675e+10 3.7778e+10  8.95%   544 3340s
  8322   927 3.6357e+10   50  396 3.4675e+10 3.7778e+10  8.95%   544 3345s
  8335   932 3.4936e+10   58  237 3.4675e+10 3.7778e+10  8.95%   544 3352s
  8340   927 infeasible   49      3.4675e+10 3.7778e+10  8.95%   544 3356s
  8350   933 3.5647e+10   35  348 3.4675e+10 3.7778e+10  8.95%   545 3360s
  8367   932 3.7778e+10   32  450 3.4675e+10 3.7778e+10  8.95%   544 3365s
  8369   934 3.7778e+10   33  347 3.4675e+10 3.7778e+10  8.95%   544 3373s
  8376   939 infeasible   37      3.4675e+10 3.7778e+10  8.95%   544 3375s
  8385   938 3.7778e+10   30  259 3.4675e+10 3.7778e+10  8.95%   545 3380s
  8397   944 3.7778e+10   35  214 3.4675e+10 3.7778e+10  8.95%   545 3388s
  8404   941 infeasible   32      3.4675e+10 3.7778e+10  8.95%   545 3390s
  8419   940 infeasible   37      3.4675e+10 3.7778e+10  8.95%   545 3395s
  8429   936 3.7778e+10   34  372 3.4675e+10 3.7778e+10  8.95%   546 3400s
  8442   931 3.7778e+10   32  320 3.4675e+10 3.7778e+10  8.95%   546 3405s
  8452   929 infeasible   36      3.4675e+10 3.7778e+10  8.95%   547 3410s
  8461   924 infeasible   30      3.4675e+10 3.7778e+10  8.95%   548 3415s
  8470   921 3.7778e+10   49  217 3.4675e+10 3.7778e+10  8.95%   548 3420s
  8487   924 infeasible   59      3.4675e+10 3.7778e+10  8.95%   549 3425s
  8488   925 3.7778e+10   60  222 3.4675e+10 3.7778e+10  8.95%   549 3432s
  8495   922 infeasible   59      3.4675e+10 3.7778e+10  8.95%   549 3435s
  8504   917 infeasible   48      3.4675e+10 3.7778e+10  8.95%   550 3440s
  8508   915 3.7778e+10   57  354 3.4675e+10 3.7778e+10  8.95%   550 3445s
  8528   919 infeasible   58      3.4675e+10 3.7778e+10  8.95%   550 3450s
  8532   917 3.7778e+10   62  404 3.4675e+10 3.7778e+10  8.95%   551 3456s
  8544   915 3.7778e+10   64  323 3.4675e+10 3.7778e+10  8.95%   551 3460s
  8553   924 3.4936e+10   73  232 3.4675e+10 3.7778e+10  8.95%   551 3477s
  8560   919 infeasible   63      3.4675e+10 3.7778e+10  8.95%   551 3480s
  8569   914 infeasible   54      3.4675e+10 3.7778e+10  8.95%   552 3485s
  8575   912 infeasible   48      3.4675e+10 3.7778e+10  8.95%   552 3490s
  8587   908 infeasible   48      3.4675e+10 3.7778e+10  8.95%   553 3495s
  8604   917 3.5647e+10   34  380 3.4675e+10 3.7778e+10  8.95%   552 3500s
  8605   918 3.5647e+10   35  380 3.4675e+10 3.7778e+10  8.95%   552 3508s
  8614   919 infeasible   40      3.4675e+10 3.7778e+10  8.95%   552 3510s
  8631   932 3.5647e+10   41  322 3.4675e+10 3.7778e+10  8.95%   552 3515s
  8657   946 infeasible   59      3.4675e+10 3.7778e+10  8.95%   551 3520s
  8668   945     cutoff   48      3.4675e+10 3.7778e+10  8.95%   551 3525s
  8681   946 3.7778e+10   50  525 3.4675e+10 3.7778e+10  8.95%   551 3530s
  8706   959 3.7778e+10   46  184 3.4675e+10 3.7778e+10  8.95%   550 3539s
  8707   960 3.7778e+10   47  188 3.4675e+10 3.7778e+10  8.95%   550 3540s
  8735   980 3.7068e+10   68  469 3.4675e+10 3.7778e+10  8.95%   549 3545s
  8747   980 3.7778e+10   53  225 3.4675e+10 3.7778e+10  8.95%   549 3550s
  8779   994 infeasible   50      3.4675e+10 3.7778e+10  8.95%   549 3556s
  8806  1011 3.6357e+10   72  221 3.4675e+10 3.7778e+10  8.95%   548 3560s
  8836  1013 infeasible   56      3.4675e+10 3.7778e+10  8.95%   547 3565s
  8843  1006 infeasible   47      3.4675e+10 3.7778e+10  8.95%   548 3570s
  8845  1006 3.7778e+10   32  223 3.4675e+10 3.7778e+10  8.95%   548 3577s
  8859  1016 3.7778e+10   43  349 3.4675e+10 3.7778e+10  8.95%   548 3580s
  8883  1022 infeasible   57      3.4675e+10 3.7778e+10  8.95%   547 3585s
  8905  1032 infeasible   60      3.4675e+10 3.7778e+10  8.95%   547 3590s
  8933  1042 3.7778e+10   48  428 3.4675e+10 3.7778e+10  8.95%   547 3595s

Cutting planes:
  Learned: 113
  Gomory: 319
  Lift-and-project: 50
  Cover: 28521
  Implied bound: 1954
  Projected implied bound: 2
  Clique: 233
  MIR: 712
  StrongCG: 9
  Flow cover: 2894
  GUB cover: 111
  Inf proof: 1936
  Zero half: 2
  RLT: 495
  Relax-and-lift: 696
  BQP: 6
  PSD: 32

Explored 8946 nodes (4933487 simplex iterations) in 3597.53 seconds (2062.70 work units)
Thread count was 1 (of 28 available processors)

Solution count 10: 3.46745e+10 3.39641e+10 3.25433e+10 ... 2.15495e+10

Time limit reached
Best objective 3.467452014000e+10, best bound 3.777807912000e+10, gap 8.9505%

User-callback calls 774885, time in user-callback 0.74 sec