Gurobi Optimizer version 12.0.3 build v12.0.3rc0 (linux64 - "Oracle Linux Server 9.4")

CPU model: Intel(R) Xeon(R) CPU E5-2660 v4 @ 2.00GHz, instruction set [SSE2|AVX|AVX2]
Thread count: 28 physical cores, 28 logical processors, using up to 1 threads

Non-default parameters:
TimeLimit  3596.899369792
SoftMemLimit  16
NumericFocus  1
Threads  1

Academic license 2690100 - for non-commercial use only - registered to ju___@uclm.es
Optimize a model with 24600 rows, 5826 columns and 88048 nonzeros
Model fingerprint: 0x33d35406
Variable types: 84 continuous, 5742 integer (5742 binary)
Coefficient statistics:
  Matrix range     [1e+00, 3e+13]
  Objective range  [1e+09, 2e+09]
  Bounds range     [1e+03, 1e+04]
  RHS range        [1e+00, 2e+14]
Warning: Model contains large matrix coefficient range
Warning: Model contains large objective coefficients
Warning: Model contains large rhs
Found heuristic solution: objective -0.0000000
Presolve removed 7580 rows and 852 columns
Presolve time: 0.52s
Presolved: 17020 rows, 4974 columns, 62360 nonzeros
Variable types: 84 continuous, 4890 integer (4890 binary)

Root relaxation: objective 6.518190e+10, 1856 iterations, 0.20 seconds (0.14 work units)

    Nodes    |    Current Node    |     Objective Bounds      |     Work
 Expl Unexpl |  Obj  Depth IntInf | Incumbent    BestBd   Gap | It/Node Time

     0     0 6.5182e+10    0  587   -0.00000 6.5182e+10      -     -    2s
     0     0 6.5182e+10    0  583   -0.00000 6.5182e+10      -     -    2s
H    0     0                    2.955600e+09 6.5182e+10  2105%     -    2s
H    0     0                    1.053000e+10 6.5182e+10   519%     -    2s
H    0     0                    1.287000e+10 6.5182e+10   406%     -    2s
     0     0 6.5070e+10    0  776 1.2870e+10 6.5070e+10   406%     -    3s
     0     0 6.5070e+10    0  767 1.2870e+10 6.5070e+10   406%     -    3s
     0     0 6.5070e+10    0  731 1.2870e+10 6.5070e+10   406%     -    3s
     0     0 6.4148e+10    0  681 1.2870e+10 6.4148e+10   398%     -    3s
     0     0 6.4148e+10    0  675 1.2870e+10 6.4148e+10   398%     -    3s
     0     0 6.4148e+10    0  659 1.2870e+10 6.4148e+10   398%     -    4s
H    0     0                    1.348560e+10 6.4148e+10   376%     -    4s
H    0     0                    1.465560e+10 6.4148e+10   338%     -    4s
H    0     0                    1.644120e+10 6.4148e+10   290%     -    4s
H    0     0                    1.822680e+10 6.4148e+10   252%     -    4s
H    0     0                    2.179800e+10 6.4148e+10   194%     -    4s
     0     0 6.4148e+10    0  596 2.1798e+10 6.4148e+10   194%     -    4s
     0     0 6.4148e+10    0  224 2.1798e+10 6.4148e+10   194%     -    7s
H    0     0                    2.296800e+10 6.4148e+10   179%     -    7s
     0     0 6.4148e+10    0  366 2.2968e+10 6.4148e+10   179%     -    7s
     0     0 6.4148e+10    0  213 2.2968e+10 6.4148e+10   179%     -    9s
     0     0 6.4148e+10    0  536 2.2968e+10 6.4148e+10   179%     -    9s
     0     0 6.4148e+10    0  156 2.2968e+10 6.4148e+10   179%     -   10s
H    0     0                    2.467800e+10 6.4148e+10   160%     -   10s
     0     0 6.4148e+10    0  292 2.4678e+10 6.4148e+10   160%     -   11s
     0     0 6.4148e+10    0  262 2.4678e+10 6.4148e+10   160%     -   12s
H    0     0                    2.638800e+10 6.4148e+10   143%     -   12s
     0     0 6.4148e+10    0  496 2.6388e+10 6.4148e+10   143%     -   12s
     0     0 6.4148e+10    0  133 2.6388e+10 6.4148e+10   143%     -   14s
     0     0 6.4148e+10    0  162 2.6388e+10 6.4148e+10   143%     -   14s
     0     0 6.4148e+10    0  433 2.6388e+10 6.4148e+10   143%     -   16s
H    0     0                    3.276360e+10 6.4148e+10  95.8%     -   16s
     0     0 6.4148e+10    0  451 3.2764e+10 6.4148e+10  95.8%     -   16s
     0     0 6.4148e+10    0  284 3.2764e+10 6.4148e+10  95.8%     -   17s
     0     0 6.4148e+10    0  284 3.2764e+10 6.4148e+10  95.8%     -   18s
H    0     0                    3.393360e+10 6.4148e+10  89.0%     -   18s
H    0     0                    3.564360e+10 6.4148e+10  80.0%     -   19s
H    0     0                    3.929040e+10 6.4148e+10  63.3%     -   19s
H    0     0                    4.100040e+10 6.4148e+10  56.5%     -   19s
H    0     0                    4.635720e+10 6.4148e+10  38.4%     -   19s
H    0     0                    4.643280e+10 6.4148e+10  38.2%     -   19s
H    0     0                    4.821840e+10 6.4148e+10  33.0%     -   19s
     0     2 6.4148e+10    0  179 4.8218e+10 6.4148e+10  33.0%     -   22s
    39    39 6.2978e+10   21  148 4.8218e+10 6.4148e+10  33.0%   242   25s
   192   135 6.2978e+10  104  119 4.8218e+10 6.4148e+10  33.0%  91.9   30s
   272   188 5.8298e+10   37  151 4.8218e+10 6.4148e+10  33.0%  88.0   35s
   327   240 5.8298e+10   67   87 4.8218e+10 6.4148e+10  33.0%  89.4   41s
   376   268 6.2978e+10   21  155 4.8218e+10 6.4148e+10  33.0%  92.5   45s
H  381   271                    5.388840e+10 6.4148e+10  19.0%  91.7   46s
   492   360 6.2978e+10   83   99 5.3888e+10 6.4148e+10  19.0%  86.9   51s
   596   440 6.3446e+10   32  175 5.3888e+10 6.4148e+10  19.0%  83.9   55s
   610   453 6.3446e+10   33  284 5.3888e+10 6.4148e+10  19.0%  82.8   63s
   612   454 6.2978e+10   46  535 5.3888e+10 6.4148e+10  19.0%  82.6   66s
   613   455 6.2978e+10   18  302 5.3888e+10 6.4148e+10  19.0%  82.4   71s
   615   456 6.2978e+10   60  352 5.3888e+10 6.4148e+10  19.0%  82.1   76s
   617   458 6.2978e+10   97   90 5.3888e+10 6.4148e+10  19.0%  81.9   82s
H  618   434                    5.442840e+10 6.4148e+10  17.9%  81.8   87s
H  620   414                    5.613840e+10 6.4148e+10  14.3%  81.5   94s
H  622   394                    5.838840e+10 6.4148e+10  9.86%  81.2   98s
H  622   375                    5.955840e+10 6.4148e+10  7.71%  81.2   98s
   624   376 6.2978e+10   25  854 5.9558e+10 6.4148e+10  7.71%  81.0  101s
   625   377 6.2978e+10   29  299 5.9558e+10 6.4148e+10  7.71%  80.8  106s
   627   378 5.9558e+10   33  146 5.9558e+10 6.4148e+10  7.71%  80.6  114s
   628   379 5.9558e+10   37  263 5.9558e+10 6.4148e+10  7.71%  80.4  115s
   629   380 6.4148e+10    6   87 5.9558e+10 6.4148e+10  7.71%  80.3  121s
   632   382 6.2978e+10   81   75 5.9558e+10 6.4148e+10  7.71%  79.9  127s
   633   382 6.2978e+10  102   75 5.9558e+10 6.4148e+10  7.71%  79.8  130s
   659   402 6.4148e+10   35  262 5.9558e+10 6.4148e+10  7.71%   359  138s
   672   410 6.4148e+10   48  303 5.9558e+10 6.4148e+10  7.71%   354  140s
   688   421 6.4148e+10   63  255 5.9558e+10 6.4148e+10  7.71%   349  146s
   714   438 6.1808e+10   82  140 5.9558e+10 6.4148e+10  7.71%   340  150s
   768   461 6.1808e+10  110   74 5.9558e+10 6.4148e+10  7.71%   320  155s
   823   467 6.1808e+10  137   50 5.9558e+10 6.4148e+10  7.71%   302  160s
   872   478 6.4070e+10   34  271 5.9558e+10 6.4148e+10  7.71%   294  165s
   891   482 6.3914e+10   28  246 5.9558e+10 6.4148e+10  7.71%   295  170s
   919   501 6.2978e+10   54  158 5.9558e+10 6.4148e+10  7.71%   290  175s
   949   519 6.2978e+10   72  136 5.9558e+10 6.4148e+10  7.71%   284  184s
   958   525 6.2978e+10   77  105 5.9558e+10 6.4148e+10  7.71%   281  186s
   979   539 6.2978e+10   89  101 5.9558e+10 6.4148e+10  7.71%   276  193s
  1001   540     cutoff   97      5.9558e+10 6.4148e+10  7.71%   273  195s
  1039   555 6.3446e+10   28  226 5.9558e+10 6.4148e+10  7.71%   271  200s
  1120   603 6.1808e+10   83  107 5.9558e+10 6.4148e+10  7.71%   257  205s
  1192   625 6.1808e+10  119   83 5.9558e+10 6.4148e+10  7.71%   242  210s
H 1201   599                    6.063840e+10 6.4148e+10  5.79%   242  211s
  1228   617 6.1808e+10   66  111 6.0638e+10 6.4148e+10  5.79%   238  216s
  1264   631 6.1808e+10   85  107 6.0638e+10 6.4148e+10  5.79%   232  220s
  1351   652 6.1808e+10  100  117 6.0638e+10 6.4148e+10  5.79%   219  225s
  1476   687 6.2978e+10   70  248 6.0638e+10 6.4148e+10  5.79%   203  230s
  1542   723 6.1808e+10  115   88 6.0638e+10 6.4148e+10  5.79%   197  235s
  1631   750 6.1808e+10   52  191 6.0638e+10 6.4148e+10  5.79%   190  240s
  1807   822 6.1808e+10   72  105 6.0638e+10 6.4148e+10  5.79%   175  245s
  2009   968 6.1808e+10  165   42 6.0638e+10 6.4148e+10  5.79%   159  250s
  2185  1083 6.1808e+10  140   56 6.0638e+10 6.4148e+10  5.79%   148  255s
  2288  1155 6.2978e+10   89  102 6.0638e+10 6.4148e+10  5.79%   143  261s
  2423  1252 6.3446e+10   40  233 6.0638e+10 6.4148e+10  5.79%   137  265s
  2439  1260 6.2978e+10   67  274 6.0638e+10 6.4148e+10  5.79%   137  274s
  2457  1274 6.1808e+10   82  120 6.0638e+10 6.4148e+10  5.79%   137  275s
  2580  1371 6.1808e+10   70  169 6.0638e+10 6.4148e+10  5.79%   132  280s
  2674  1444 6.3446e+10   38  221 6.0638e+10 6.4148e+10  5.79%   129  285s
  2811  1563 6.3446e+10   37  257 6.0638e+10 6.4148e+10  5.79%   126  290s
  2893  1632 infeasible  104      6.0638e+10 6.4148e+10  5.79%   124  295s
  2948  1657 6.2393e+10   39  347 6.0638e+10 6.4148e+10  5.79%   124  300s
  3128  1802 6.1808e+10  105  103 6.0638e+10 6.4148e+10  5.79%   119  305s
  3209  1849 6.3446e+10   39  279 6.0638e+10 6.4148e+10  5.79%   118  310s
  3323  1934 6.1808e+10   60  145 6.0638e+10 6.4148e+10  5.79%   116  315s
  3503  2067 6.1808e+10   59  175 6.0638e+10 6.4148e+10  5.79%   113  320s
  3638  2157 6.1808e+10  104   68 6.0638e+10 6.4148e+10  5.79%   110  326s
  3712  2194 6.4148e+10   26  283 6.0638e+10 6.4148e+10  5.79%   109  330s
  3758  2238 infeasible   72      6.0638e+10 6.4148e+10  5.79%   110  335s
  3895  2362 6.3446e+10   40  279 6.0638e+10 6.4148e+10  5.79%   107  340s
  3941  2407 6.2978e+10   80   91 6.0638e+10 6.4148e+10  5.79%   106  348s
  3960  2426 6.2978e+10   97   58 6.0638e+10 6.4148e+10  5.79%   106  350s
  4050  2494 6.2978e+10   60  136 6.0638e+10 6.4148e+10  5.79%   105  355s
  4167  2584 6.3446e+10   39  221 6.0638e+10 6.4148e+10  5.79%   103  360s
  4286  2670 6.1808e+10   94   98 6.0638e+10 6.4148e+10  5.79%   103  367s
  4347  2703 6.2978e+10   64  189 6.0638e+10 6.4148e+10  5.79%   103  370s
  4440  2775 6.1691e+10   38  237 6.0638e+10 6.4148e+10  5.79%   102  375s
  4451  2778 6.3446e+10   30  359 6.0638e+10 6.4148e+10  5.79%   102  383s
  4471  2798 6.3446e+10   44  250 6.0638e+10 6.4148e+10  5.79%   102  385s
  4533  2854 6.2978e+10   96  131 6.0638e+10 6.4148e+10  5.79%   102  390s
  4635  2924 6.2978e+10   72  119 6.0638e+10 6.4148e+10  5.79%   101  395s
  4759  3030 6.1747e+10  120  101 6.0638e+10 6.4148e+10  5.79%   101  400s
  4793  3050 6.2978e+10   42  209 6.0638e+10 6.4148e+10  5.79%   101  405s
  4947  3188 6.2978e+10  133  122 6.0638e+10 6.4148e+10  5.79%  99.2  410s
  5101  3298 6.2978e+10   66  138 6.0638e+10 6.4148e+10  5.79%  97.8  419s
  5121  3318 6.2978e+10   86  108 6.0638e+10 6.4148e+10  5.79%  97.5  420s
  5211  3375 6.2978e+10   37  239 6.0638e+10 6.4148e+10  5.79%  97.1  425s
  5264  3412 6.2978e+10   81  100 6.0638e+10 6.4148e+10  5.79%  97.1  430s
  5385  3509 6.2978e+10   66  103 6.0638e+10 6.4148e+10  5.79%  95.8  435s
  5552  3638 6.3446e+10   49  192 6.0638e+10 6.4148e+10  5.79%  94.0  440s
  5632  3691 6.3914e+10   22  523 6.0638e+10 6.4148e+10  5.79%  93.6  445s
  5706  3763 6.2978e+10   92  161 6.0638e+10 6.4148e+10  5.79%  93.4  450s
  5874  3909 6.3788e+10   71  226 6.0638e+10 6.4148e+10  5.79%  91.8  455s
  5907  3942 6.2753e+10   94  183 6.0638e+10 6.4148e+10  5.79%  91.7  465s
  6008  4024 6.1898e+10  160   76 6.0638e+10 6.4148e+10  5.79%  90.8  470s
  6165  4144 6.1808e+10  155   38 6.0638e+10 6.4148e+10  5.79%  89.6  475s
  6292  4235 6.1898e+10  116  136 6.0638e+10 6.4148e+10  5.79%  88.5  480s
  6441  4321 6.1681e+10   51  335 6.0638e+10 6.4148e+10  5.79%  88.0  485s
  6563  4423 6.1808e+10   92   87 6.0638e+10 6.4148e+10  5.79%  87.7  490s
  6674  4509 6.1898e+10   93  130 6.0638e+10 6.4148e+10  5.79%  87.4  495s
  6770  4577 6.3914e+10   25  237 6.0638e+10 6.4148e+10  5.79%  87.0  504s
  6778  4585 6.3914e+10   28  188 6.0638e+10 6.4148e+10  5.79%  87.0  505s
  6797  4598 6.1808e+10   34  178 6.0638e+10 6.4148e+10  5.79%  87.4  510s
  6925  4684 6.3914e+10   32  309 6.0638e+10 6.4148e+10  5.79%  87.4  515s
  6976  4733 6.2978e+10   65  202 6.0638e+10 6.4148e+10  5.79%  87.6  520s
  7057  4804 6.2978e+10  131   46 6.0638e+10 6.4148e+10  5.79%  87.1  526s
  7169  4904 6.1898e+10  131   87 6.0638e+10 6.4148e+10  5.79%  86.2  530s
  7331  5029 6.0728e+10  152   43 6.0638e+10 6.4148e+10  5.79%  85.4  535s
  7511  5157 6.3914e+10   41  285 6.0638e+10 6.4148e+10  5.79%  84.6  540s
* 7634  2922             162    6.180840e+10 6.4148e+10  3.79%  83.9  543s
  7732  3008 6.2978e+10  116   87 6.1808e+10 6.4148e+10  3.79%  83.3  545s
  7861  3105 6.3068e+10   79  208 6.1808e+10 6.4148e+10  3.79%  83.3  550s
  7898  3126 6.3914e+10   34  229 6.1808e+10 6.4148e+10  3.79%  83.3  555s
  8116  3297 6.1898e+10   79  147 6.1808e+10 6.4148e+10  3.79%  82.3  560s
  8321  3474 6.1898e+10   86   97 6.1808e+10 6.4148e+10  3.79%  81.2  565s
  8599  3683 6.1898e+10  142  103 6.1808e+10 6.4148e+10  3.79%  79.3  570s
  8814  3793 6.3914e+10   30  478 6.1808e+10 6.4148e+10  3.79%  78.8  575s
  8862  3811 6.3446e+10   41  335 6.1808e+10 6.4148e+10  3.79%  79.9  580s
  9022  3950 6.2978e+10  106   64 6.1808e+10 6.4148e+10  3.79%  79.5  585s
  9129  4012 6.2978e+10   73  119 6.1808e+10 6.4070e+10  3.66%  80.4  590s
  9293  4140 6.2978e+10   52  219 6.1808e+10 6.4070e+10  3.66%  80.0  595s
  9443  4254 6.2978e+10   53  126 6.1808e+10 6.4070e+10  3.66%  79.7  600s
  9604  4371 infeasible   47      6.1808e+10 6.4070e+10  3.66%  79.3  605s
  9821  4556 6.2831e+10   34  290 6.1808e+10 6.4070e+10  3.66%  78.7  610s
  9965  4652     cutoff   37      6.1808e+10 6.4070e+10  3.66%  78.8  615s
 10148  4797     cutoff   24      6.1808e+10 6.4070e+10  3.66%  78.2  620s
 10203  4838 6.2146e+10   72  284 6.1808e+10 6.4070e+10  3.66%  78.5  732s
 10206  4840 6.2978e+10  145  488 6.1808e+10 6.4070e+10  3.66%  78.5  738s
 10207  4841 6.3342e+10   77  654 6.1808e+10 6.4070e+10  3.66%  78.4  740s
 10208  4841 6.1898e+10   87  109 6.1808e+10 6.4070e+10  3.66%  78.4  748s
 10209  4842 6.2978e+10  162  596 6.1808e+10 6.4070e+10  3.66%  78.4  754s
 10210  4843 6.3446e+10   40  226 6.1808e+10 6.4070e+10  3.66%  78.4  761s
 10211  4843 6.2978e+10  117  315 6.1808e+10 6.4070e+10  3.66%  78.4  765s
 10212  4844 6.2978e+10   94  182 6.1808e+10 6.4070e+10  3.66%  78.4  771s
 10213  4845 6.2978e+10  142  580 6.1808e+10 6.4070e+10  3.66%  78.4  777s
 10214  4845 6.3788e+10   58  314 6.1808e+10 6.4070e+10  3.66%  78.4  784s
 10215  4846 6.2978e+10  127  250 6.1808e+10 6.4070e+10  3.66%  78.4  791s
 10218  4850 6.4070e+10   25  497 6.1808e+10 6.4070e+10  3.66%  86.8  795s
 10242  4866 6.2978e+10   44  212 6.1808e+10 6.4070e+10  3.66%  87.3  801s
 10270  4881 6.2978e+10   65  102 6.1808e+10 6.4070e+10  3.66%  87.3  807s
 10297  4896 6.2978e+10   85  113 6.1808e+10 6.4070e+10  3.66%  87.2  810s
 10369  4910 6.4070e+10   27  702 6.1808e+10 6.4070e+10  3.66%  87.2  816s
 10383  4917 6.3788e+10   38  474 6.1808e+10 6.4070e+10  3.66%  87.9  820s
 10416  4926 6.2978e+10   46  197 6.1808e+10 6.4070e+10  3.66%  88.2  825s
 10459  4954 6.2978e+10   76  135 6.1808e+10 6.4070e+10  3.66%  88.0  831s
 10493  4976 6.2978e+10  100   78 6.1808e+10 6.4070e+10  3.66%  87.8  836s
 10545  4981 6.2978e+10   37  527 6.1808e+10 6.4070e+10  3.66%  88.3  840s
 10564  4985 6.4070e+10   38  514 6.1808e+10 6.4070e+10  3.66%  89.1  845s
 10597  5007 6.2978e+10   59  169 6.1808e+10 6.4070e+10  3.66%  89.7  851s
 10665  5047 6.2978e+10  104  132 6.1808e+10 6.4070e+10  3.66%  89.4  855s
 10753  5071 6.2978e+10   47  274 6.1808e+10 6.4070e+10  3.66%  89.2  860s
 10802  5103 6.2978e+10   78  141 6.1808e+10 6.4070e+10  3.66%  89.0  865s
 10822  5117 6.2978e+10   89   79 6.1808e+10 6.4070e+10  3.66%  88.9  872s
 10880  5143 6.2978e+10  120   26 6.1808e+10 6.4070e+10  3.66%  88.5  875s
 10931  5148 infeasible   55      6.1808e+10 6.4070e+10  3.66%  88.8  880s
 11018  5201 6.2978e+10  104  113 6.1808e+10 6.4070e+10  3.66%  88.9  885s
 11097  5238 6.2978e+10  145   63 6.1808e+10 6.4070e+10  3.66%  88.3  890s
 11138  5237 6.2978e+10   44  177 6.1808e+10 6.4070e+10  3.66%  88.9  895s
 11220  5292 6.2978e+10  115  121 6.1808e+10 6.4070e+10  3.66%  88.7  900s
 11395  5344 6.3563e+10   38  626 6.1808e+10 6.4070e+10  3.66%  87.8  905s
 11499  5405 6.1898e+10  117  117 6.1808e+10 6.4070e+10  3.66%  87.6  910s
 11615  5454 6.4028e+10   38  543 6.1808e+10 6.4070e+10  3.66%  87.2  915s
 11638  5467 6.1898e+10   48  270 6.1808e+10 6.4070e+10  3.66%  88.2  920s
 11728  5525 6.1898e+10  131   85 6.1808e+10 6.4070e+10  3.66%  87.9  926s
 11802  5548 6.2978e+10   42  341 6.1808e+10 6.4070e+10  3.66%  87.9  930s
 11898  5606 6.2978e+10  124  100 6.1808e+10 6.4070e+10  3.66%  87.6  935s
 12025  5652 6.2978e+10   43  321 6.1808e+10 6.4070e+10  3.66%  87.3  942s
 12041  5662 6.2978e+10   55  169 6.1808e+10 6.4070e+10  3.66%  87.4  945s
 12172  5743 6.2978e+10  159   66 6.1808e+10 6.4070e+10  3.66%  86.8  950s
 12208  5745 6.3271e+10   40  398 6.1808e+10 6.4070e+10  3.66%  86.7  956s
 12297  5799 6.2978e+10  125   73 6.1808e+10 6.4070e+10  3.66%  86.4  960s
 12349  5809 6.3914e+10   33  677 6.1808e+10 6.4070e+10  3.66%  86.9  965s
 12422  5855 6.2978e+10  103   55 6.1808e+10 6.4070e+10  3.66%  86.7  970s
 12495  5885 6.2978e+10   71  136 6.1808e+10 6.4070e+10  3.66%  86.9  975s
 12578  5918 6.2978e+10   40  245 6.1808e+10 6.3914e+10  3.41%  87.1  980s
 12702  5987 6.2978e+10  146   72 6.1808e+10 6.3914e+10  3.41%  86.7  985s
 12735  5988 6.2978e+10   46  190 6.1808e+10 6.3914e+10  3.41%  87.3  990s
 12858  6056 6.2978e+10  158   68 6.1808e+10 6.3914e+10  3.41%  86.7  995s
 12891  6064 6.2978e+10   43  236 6.1808e+10 6.3914e+10  3.41%  87.1 1000s
 12995  6119 6.3811e+10   34  701 6.1808e+10 6.3914e+10  3.41%  86.9 1006s
 13031  6141 6.2978e+10   69   92 6.1808e+10 6.3914e+10  3.41%  87.1 1010s
 13075  6151 6.3446e+10   37  432 6.1808e+10 6.3914e+10  3.41%  87.7 1015s
 13094  6151 6.2978e+10   45  222 6.1808e+10 6.3914e+10  3.41%  88.4 1020s
 13225  6232 6.2978e+10  170   43 6.1808e+10 6.3914e+10  3.41%  87.8 1025s
 13347  6283 6.2978e+10  132   81 6.1808e+10 6.3856e+10  3.31%  87.7 1030s
 13470  6341 6.2978e+10   69  118 6.1808e+10 6.3841e+10  3.29%  87.5 1035s
 13633  6435 6.2978e+10  157   55 6.1808e+10 6.3841e+10  3.29%  86.9 1040s
 13667  6440 6.1898e+10   55  200 6.1808e+10 6.3788e+10  3.20%  87.5 1045s
 13768  6487 6.2779e+10   41  488 6.1808e+10 6.3788e+10  3.20%  87.5 1050s
 13809  6506 6.1898e+10   74  164 6.1808e+10 6.3788e+10  3.20%  88.2 1055s
 13930  6559 6.1898e+10   42  348 6.1808e+10 6.3788e+10  3.20%  88.1 1060s
 13990  6583 6.3644e+10   37  712 6.1808e+10 6.3788e+10  3.20%  88.7 1066s
 14006  6578 6.1898e+10   42  332 6.1808e+10 6.3721e+10  3.09%  89.7 1070s
 14071  6606 6.1898e+10   46  142 6.1808e+10 6.3608e+10  2.91%  90.1 1075s
 14206  6672 6.1898e+10  141   69 6.1808e+10 6.3608e+10  2.91%  89.7 1080s
 14274  6686 6.1898e+10   48  243 6.1808e+10 6.3608e+10  2.91%  90.2 1085s
 14385  6744 6.1898e+10   52  136 6.1808e+10 6.3553e+10  2.82%  90.3 1090s
 14477  6779 6.2250e+10   40  486 6.1808e+10 6.3446e+10  2.65%  90.5 1095s
 14557  6822 6.2978e+10  102   87 6.1808e+10 6.3446e+10  2.65%  90.5 1100s
 14617  6840 6.2978e+10   50  166 6.1808e+10 6.3446e+10  2.65%  90.7 1105s
 14742  6918 6.2978e+10   93  105 6.1808e+10 6.3446e+10  2.65%  90.2 1110s
 14809  6930 6.2978e+10   55  178 6.1808e+10 6.3446e+10  2.65%  90.3 1115s
 14944  6996 6.2978e+10   39  254 6.1808e+10 6.3446e+10  2.65%  90.0 1120s
 15067  7065 6.2978e+10   61  114 6.1808e+10 6.3446e+10  2.65%  89.7 1125s
 15158  7105 6.2978e+10   55  250 6.1808e+10 6.3446e+10  2.65%  89.8 1130s
 15275  7161 6.2978e+10   44  368 6.1808e+10 6.3271e+10  2.37%  89.7 1135s
 15303  7180 6.2978e+10   71  166 6.1808e+10 6.3271e+10  2.37%  89.8 1143s
 15335  7201 6.2978e+10  102  111 6.1808e+10 6.3271e+10  2.37%  89.7 1145s
 15413  7233 6.2978e+10   73  108 6.1808e+10 6.3271e+10  2.37%  89.6 1150s
 15514  7257 6.2978e+10   61  213 6.1808e+10 6.3271e+10  2.37%  89.4 1155s
 15644  7305 6.3068e+10   39  487 6.1808e+10 6.3068e+10  2.04%  89.5 1160s
 15711  7347 6.1898e+10   70   91 6.1808e+10 6.3068e+10  2.04%  89.7 1165s
 15737  7364 6.1898e+10   83   77 6.1808e+10 6.3068e+10  2.04%  89.7 1178s
 15770  7368 infeasible   93      6.1808e+10 6.3068e+10  2.04%  89.6 1180s
 15813  7388 6.1898e+10   61  156 6.1808e+10 6.2978e+10  1.89%  90.1 1185s
 15986  7396 6.2978e+10  120   41 6.1808e+10 6.2978e+10  1.89%  89.5 1190s
 16244  7316 6.2978e+10  121   42 6.1808e+10 6.2978e+10  1.89%  88.5 1195s
 16475  7264 6.2978e+10  118   29 6.1808e+10 6.2978e+10  1.89%  87.8 1200s
 16734  7149 infeasible  120      6.1808e+10 6.2978e+10  1.89%  86.9 1205s
 16947  7063 6.2978e+10  123   55 6.1808e+10 6.2978e+10  1.89%  86.2 1210s
 17155  6977 6.2978e+10  112   46 6.1808e+10 6.2978e+10  1.89%  85.6 1215s
 17359  6927 infeasible  112      6.1808e+10 6.2978e+10  1.89%  85.0 1220s
 17544  6842 infeasible  125      6.1808e+10 6.2978e+10  1.89%  84.5 1225s
 17827  6774 6.2978e+10  177   18 6.1808e+10 6.2978e+10  1.89%  83.7 1230s
 18134  6660 infeasible  179      6.1808e+10 6.2978e+10  1.89%  82.6 1235s
 18350  6573 6.2978e+10  159   41 6.1808e+10 6.2978e+10  1.89%  82.0 1240s
 18586  6467 6.2978e+10  125   18 6.1808e+10 6.2978e+10  1.89%  81.5 1245s
 18811  6423 6.2978e+10  115   59 6.1808e+10 6.2978e+10  1.89%  80.9 1250s
 19032  6335 6.2978e+10  113   62 6.1808e+10 6.2978e+10  1.89%  80.5 1255s
 19243  6268 6.2978e+10  108   71 6.1808e+10 6.2978e+10  1.89%  80.0 1260s
 19481  6194 6.2978e+10  120   44 6.1808e+10 6.2978e+10  1.89%  79.3 1265s
 19741  6129 6.2978e+10  130   46 6.1808e+10 6.2978e+10  1.89%  78.5 1270s
 19948  6076 6.2978e+10  112   58 6.1808e+10 6.2978e+10  1.89%  78.1 1275s
 19993  6074 6.2978e+10  125   49 6.1808e+10 6.2978e+10  1.89%  78.1 1280s
 20158  6040 6.2978e+10  114   61 6.1808e+10 6.2978e+10  1.89%  77.9 1285s
 20350  5985 6.2978e+10  117   44 6.1808e+10 6.2978e+10  1.89%  77.7 1290s
 20404  5964 infeasible  121      6.1808e+10 6.2978e+10  1.89%  77.6 1297s
 20518  5914 6.2978e+10  115   58 6.1808e+10 6.2978e+10  1.89%  77.4 1300s
 20756  5888 6.2978e+10  118   52 6.1808e+10 6.2978e+10  1.89%  77.1 1305s
 21020  5818 6.2978e+10  118   54 6.1808e+10 6.2978e+10  1.89%  76.4 1310s
 21284  5752 infeasible  116      6.1808e+10 6.2978e+10  1.89%  75.8 1315s
 21520  5723 6.2978e+10  115   56 6.1808e+10 6.2978e+10  1.89%  75.2 1320s
 21817  5605 6.2978e+10  166   33 6.1808e+10 6.2978e+10  1.89%  74.6 1325s
 22064  5510 6.2978e+10  172   23 6.1808e+10 6.2978e+10  1.89%  74.1 1330s
 22267  5441 6.2978e+10  155   40 6.1808e+10 6.2978e+10  1.89%  73.7 1335s
 22519  5368 6.2978e+10  115   57 6.1808e+10 6.2978e+10  1.89%  73.2 1340s
 22787  5282 6.2978e+10  104   83 6.1808e+10 6.2978e+10  1.89%  72.5 1345s
 23064  5193 infeasible  119      6.1808e+10 6.2978e+10  1.89%  71.9 1350s
 23359  5102 6.2978e+10  124   55 6.1808e+10 6.2978e+10  1.89%  71.2 1355s
 23650  4987 infeasible  122      6.1808e+10 6.2978e+10  1.89%  70.5 1360s
 23920  4918 6.2978e+10  121   66 6.1808e+10 6.2978e+10  1.89%  70.0 1365s
 24203  4822 6.2978e+10  121   70 6.1808e+10 6.2978e+10  1.89%  69.4 1370s
 24468  4735 6.2978e+10  122   56 6.1808e+10 6.2978e+10  1.89%  68.9 1375s
 24737  4700 6.2978e+10  115   43 6.1808e+10 6.2978e+10  1.89%  68.5 1380s
 25002  4689 infeasible  122      6.1808e+10 6.2978e+10  1.89%  68.1 1385s
 25259  4690 6.2978e+10  121   57 6.1808e+10 6.2978e+10  1.89%  67.7 1390s
 25522  4677 infeasible  124      6.1808e+10 6.2978e+10  1.89%  67.3 1400s
 25736  4665 infeasible  122      6.1808e+10 6.2978e+10  1.89%  67.0 1405s
 26010  4669 6.2978e+10  119   49 6.1808e+10 6.2978e+10  1.89%  66.6 1410s
 26268  4665 6.2978e+10  119   49 6.1808e+10 6.2978e+10  1.89%  66.2 1415s
 26519  4648 6.2978e+10  120   47 6.1808e+10 6.2978e+10  1.89%  65.8 1420s
 26778  4648 6.2978e+10  125   54 6.1808e+10 6.2978e+10  1.89%  65.5 1425s
 27034  4654 6.2978e+10  118   61 6.1808e+10 6.2978e+10  1.89%  65.2 1430s
 27283  4651 6.2978e+10  128   48 6.1808e+10 6.2978e+10  1.89%  64.8 1435s
 27576  4655 6.2978e+10  127   56 6.1808e+10 6.2978e+10  1.89%  64.4 1440s
 27846  4637 6.2978e+10  155   62 6.1808e+10 6.2978e+10  1.89%  63.9 1445s
 28131  4678 infeasible  122      6.1808e+10 6.2978e+10  1.89%  63.5 1450s
 28416  4672 6.2978e+10  125   51 6.1808e+10 6.2978e+10  1.89%  63.0 1455s
 28694  4682 6.2978e+10  122   54 6.1808e+10 6.2978e+10  1.89%  62.6 1460s
 28962  4670 infeasible  124      6.1808e+10 6.2978e+10  1.89%  62.2 1465s
 29225  4689 6.2978e+10  129   53 6.1808e+10 6.2978e+10  1.89%  61.9 1470s
 29499  4686 6.2978e+10  120   53 6.1808e+10 6.2978e+10  1.89%  61.5 1475s
 29742  4682 6.2978e+10  123   50 6.1808e+10 6.2978e+10  1.89%  61.3 1480s
 30004  4687 6.2978e+10  122   54 6.1808e+10 6.2978e+10  1.89%  61.0 1485s
 30273  4688 infeasible  128      6.1808e+10 6.2978e+10  1.89%  60.6 1490s
 30537  4669 6.2978e+10  115   62 6.1808e+10 6.2978e+10  1.89%  60.3 1495s
 30773  4684 6.2978e+10  122   53 6.1808e+10 6.2978e+10  1.89%  60.1 1505s
 31047  4693 infeasible  127      6.1808e+10 6.2978e+10  1.89%  59.7 1510s
 31302  4678 6.2978e+10  124   47 6.1808e+10 6.2978e+10  1.89%  59.4 1515s
 31592  4691 6.2978e+10  131   59 6.1808e+10 6.2978e+10  1.89%  59.0 1520s
 31881  4682 6.2978e+10  124   58 6.1808e+10 6.2978e+10  1.89%  58.6 1525s
 32162  4674 6.2978e+10  117   47 6.1808e+10 6.2978e+10  1.89%  58.3 1530s
 32407  4676 6.2978e+10  118   61 6.1808e+10 6.2978e+10  1.89%  58.1 1535s
 32697  4713 6.2978e+10  132   46 6.1808e+10 6.2978e+10  1.89%  57.8 1540s
 32992  4686 6.2978e+10  122   62 6.1808e+10 6.2978e+10  1.89%  57.4 1545s
 33264  4683 infeasible  132      6.1808e+10 6.2978e+10  1.89%  57.2 1550s
 33561  4688 infeasible  125      6.1808e+10 6.2978e+10  1.89%  56.8 1555s
 33842  4670 6.2978e+10  114   63 6.1808e+10 6.2978e+10  1.89%  56.5 1560s
 34107  4679 6.2978e+10  125   53 6.1808e+10 6.2978e+10  1.89%  56.3 1565s
 34358  4681 6.2978e+10  130   51 6.1808e+10 6.2978e+10  1.89%  56.1 1570s
 34651  4675 6.2978e+10  125   49 6.1808e+10 6.2978e+10  1.89%  55.8 1575s
 34863  4665 6.2978e+10  115   65 6.1808e+10 6.2978e+10  1.89%  55.8 1580s
 35060  4657 infeasible  123      6.1808e+10 6.2978e+10  1.89%  55.8 1585s
 35227  4646 6.2978e+10  151   53 6.1808e+10 6.2978e+10  1.89%  55.9 1590s
 35437  4617 6.2978e+10  113   68 6.1808e+10 6.2978e+10  1.89%  55.8 1595s
 35648  4621 6.2978e+10  111   61 6.1808e+10 6.2978e+10  1.89%  55.7 1600s
 35834  4634 6.2978e+10  114   51 6.1808e+10 6.2978e+10  1.89%  55.8 1605s
 36018  4624 6.2978e+10  109   67 6.1808e+10 6.2978e+10  1.89%  55.8 1610s
 36065  4635 infeasible  168      6.1808e+10 6.2978e+10  1.89%  55.8 1617s
 36169  4615 6.2978e+10  102   80 6.1808e+10 6.2978e+10  1.89%  55.8 1620s
 36353  4627 6.2978e+10  107   64 6.1808e+10 6.2978e+10  1.89%  55.8 1625s
 36545  4624 infeasible  124      6.1808e+10 6.2978e+10  1.89%  55.7 1630s
 36718  4638 infeasible  110      6.1808e+10 6.2978e+10  1.89%  55.7 1635s
 36917  4662 6.2978e+10  118   56 6.1808e+10 6.2978e+10  1.89%  55.7 1640s
 37107  4641 6.2978e+10  103   72 6.1808e+10 6.2978e+10  1.89%  55.6 1645s
 37328  4690 6.2978e+10  121   60 6.1808e+10 6.2978e+10  1.89%  55.6 1650s
 37554  4680 6.2978e+10  115   67 6.1808e+10 6.2978e+10  1.89%  55.5 1655s
 37758  4697 infeasible  107      6.1808e+10 6.2978e+10  1.89%  55.5 1660s
 37955  4713 infeasible  124      6.1808e+10 6.2978e+10  1.89%  55.4 1665s
 38113  4700 6.2978e+10  115   54 6.1808e+10 6.2978e+10  1.89%  55.4 1670s
 38305  4717 infeasible  117      6.1808e+10 6.2978e+10  1.89%  55.4 1675s
 38505  4751 infeasible  107      6.1808e+10 6.2978e+10  1.89%  55.3 1680s
 38712  4782 infeasible  114      6.1808e+10 6.2978e+10  1.89%  55.3 1685s
 38933  4801 6.2978e+10  101   63 6.1808e+10 6.2978e+10  1.89%  55.2 1690s
 39182  4859 6.2978e+10  118   55 6.1808e+10 6.2978e+10  1.89%  55.2 1695s
 39460  4853 6.2978e+10  128   41 6.1808e+10 6.2978e+10  1.89%  55.0 1700s
 39747  4863 6.2978e+10  123   37 6.1808e+10 6.2978e+10  1.89%  54.8 1705s
 40010  4862 infeasible  126      6.1808e+10 6.2978e+10  1.89%  54.7 1710s
 40283  4849 6.2978e+10  121   49 6.1808e+10 6.2978e+10  1.89%  54.5 1715s
 40515  4834 6.2978e+10  118   44 6.1808e+10 6.2978e+10  1.89%  54.5 1720s
 40751  4841 6.2978e+10  127   46 6.1808e+10 6.2978e+10  1.89%  54.4 1725s
 41034  4848 6.2978e+10  128   43 6.1808e+10 6.2978e+10  1.89%  54.2 1730s
 41173  4845 6.2978e+10  125   41 6.1808e+10 6.2978e+10  1.89%  54.2 1738s
 41261  4843 6.2978e+10  117   45 6.1808e+10 6.2978e+10  1.89%  54.1 1740s
 41558  4828 6.2978e+10  114   57 6.1808e+10 6.2978e+10  1.89%  53.9 1745s
 41876  4827 6.2978e+10  113   50 6.1808e+10 6.2978e+10  1.89%  53.8 1750s
 42174  4830 6.2978e+10  116   51 6.1808e+10 6.2978e+10  1.89%  53.6 1755s
 42485  4825 6.2978e+10  117   46 6.1808e+10 6.2978e+10  1.89%  53.5 1760s
 42758  4825 infeasible  116      6.1808e+10 6.2978e+10  1.89%  53.4 1765s
 42957  4828 6.2978e+10  113   66 6.1808e+10 6.2978e+10  1.89%  53.4 1770s
 43167  4841 6.2978e+10  100   73 6.1808e+10 6.2978e+10  1.89%  53.4 1775s
 43261  4845 6.2978e+10   97   59 6.1808e+10 6.2978e+10  1.89%  53.4 1789s
 43263  4847 6.2978e+10   99   70 6.1808e+10 6.2978e+10  1.89%  53.4 1794s
 43282  4854 6.2978e+10  104   58 6.1808e+10 6.2978e+10  1.89%  53.4 1795s
 43489  4858 infeasible  117      6.1808e+10 6.2978e+10  1.89%  53.3 1800s
 43711  4872 6.2978e+10  105   63 6.1808e+10 6.2978e+10  1.89%  53.2 1805s
 43945  4911 6.2978e+10  118   68 6.1808e+10 6.2978e+10  1.89%  53.1 1810s
 44227  4921 6.2978e+10   88   77 6.1808e+10 6.2978e+10  1.89%  52.9 1815s
 44449  4959 6.2978e+10   90  101 6.1808e+10 6.2978e+10  1.89%  52.9 1820s
 44716  5023 infeasible  110      6.1808e+10 6.2978e+10  1.89%  52.7 1825s
 44982  5028 6.2978e+10  111   58 6.1808e+10 6.2978e+10  1.89%  52.5 1830s
 45247  5080 6.2978e+10  102   77 6.1808e+10 6.2978e+10  1.89%  52.4 1835s
 45523  5085 infeasible  125      6.1808e+10 6.2978e+10  1.89%  52.2 1840s
 45732  5106 6.2978e+10  119   51 6.1808e+10 6.2978e+10  1.89%  52.1 1845s
 46027  5117 6.2978e+10  123   45 6.1808e+10 6.2978e+10  1.89%  51.9 1850s
 46274  5103 infeasible  121      6.1808e+10 6.2978e+10  1.89%  51.8 1860s
 46475  5124 infeasible  159      6.1808e+10 6.2978e+10  1.89%  51.7 1865s
 46699  5120 6.2978e+10  154   79 6.1808e+10 6.2978e+10  1.89%  51.6 1870s
 46928  5123 6.2978e+10  117   57 6.1808e+10 6.2978e+10  1.89%  51.5 1875s
 47164  5122 6.2978e+10  111   57 6.1808e+10 6.2978e+10  1.89%  51.4 1880s
 47393  5120 6.2978e+10  107   66 6.1808e+10 6.2978e+10  1.89%  51.3 1885s
 47646  5149 6.2978e+10  169   20 6.1808e+10 6.2978e+10  1.89%  51.2 1890s
 47890  5142 infeasible  162      6.1808e+10 6.2978e+10  1.89%  51.0 1895s
 48105  5144 infeasible  161      6.1808e+10 6.2978e+10  1.89%  50.9 1900s
 48312  5163 6.2978e+10  150   54 6.1808e+10 6.2978e+10  1.89%  50.9 1905s
 48514  5175 infeasible  171      6.1808e+10 6.2978e+10  1.89%  50.8 1910s
 48682  5159 infeasible  157      6.1808e+10 6.2978e+10  1.89%  50.8 1915s
 48867  5163 infeasible  154      6.1808e+10 6.2978e+10  1.89%  50.7 1920s
 49136  5177 6.2978e+10  116   65 6.1808e+10 6.2978e+10  1.89%  50.6 1925s
 49394  5189 infeasible  112      6.1808e+10 6.2978e+10  1.89%  50.4 1930s
 49684  5191 infeasible  118      6.1808e+10 6.2978e+10  1.89%  50.2 1935s
 49938  5185 6.2978e+10  115   58 6.1808e+10 6.2978e+10  1.89%  50.1 1940s
 50215  5212 6.2978e+10  114   58 6.1808e+10 6.2978e+10  1.89%  49.9 1945s
 50491  5202 6.2978e+10  108   66 6.1808e+10 6.2978e+10  1.89%  49.8 1950s
 50739  5199 6.2978e+10  115   56 6.1808e+10 6.2978e+10  1.89%  49.7 1955s
 51016  5190 6.2978e+10  113   54 6.1808e+10 6.2978e+10  1.89%  49.5 1960s
 51274  5188 6.2978e+10  115   50 6.1808e+10 6.2978e+10  1.89%  49.4 1965s
 51382  5197 6.2978e+10  113   54 6.1808e+10 6.2978e+10  1.89%  49.3 1973s
 51489  5195 6.2978e+10  111   71 6.1808e+10 6.2978e+10  1.89%  49.3 1975s
 51737  5209 6.2978e+10  115   67 6.1808e+10 6.2978e+10  1.89%  49.2 1980s
 51978  5194 6.2978e+10  115   61 6.1808e+10 6.2978e+10  1.89%  49.0 1985s
 52173  5208 6.2978e+10  152   41 6.1808e+10 6.2978e+10  1.89%  49.0 1990s
 52322  5208 6.2978e+10  155   36 6.1808e+10 6.2978e+10  1.89%  49.0 1995s
 52484  5212 infeasible  153      6.1808e+10 6.2978e+10  1.89%  49.0 2000s
 52640  5211 infeasible  148      6.1808e+10 6.2978e+10  1.89%  49.0 2005s
 52803  5215 6.2978e+10  111   61 6.1808e+10 6.2978e+10  1.89%  49.0 2010s
 52986  5232 infeasible  158      6.1808e+10 6.2978e+10  1.89%  48.9 2015s
 53040  5230 infeasible  157      6.1808e+10 6.2978e+10  1.89%  48.9 2020s
 53201  5221 6.2978e+10  142   80 6.1808e+10 6.2978e+10  1.89%  48.9 2025s
 53376  5218 infeasible  157      6.1808e+10 6.2978e+10  1.89%  48.9 2030s
 53536  5229 infeasible  158      6.1808e+10 6.2978e+10  1.89%  48.9 2035s
 53611  5215 6.2978e+10  151   55 6.1808e+10 6.2978e+10  1.89%  48.9 2041s
 53742  5216 6.2978e+10  113   57 6.1808e+10 6.2978e+10  1.89%  48.9 2045s
 53940  5209 infeasible  116      6.1808e+10 6.2978e+10  1.89%  48.9 2050s
 54200  5200 6.2978e+10  113   53 6.1808e+10 6.2978e+10  1.89%  48.8 2055s
 54447  5199 6.2978e+10  113   59 6.1808e+10 6.2978e+10  1.89%  48.7 2060s
 54730  5224 6.2978e+10  113   58 6.1808e+10 6.2978e+10  1.89%  48.6 2065s
 54995  5213 6.2978e+10  109   54 6.1808e+10 6.2978e+10  1.89%  48.4 2070s
 55268  5205 infeasible  111      6.1808e+10 6.2978e+10  1.89%  48.3 2075s
 55506  5212 6.2978e+10  109   61 6.1808e+10 6.2978e+10  1.89%  48.2 2080s
 55758  5228 6.2978e+10  115   55 6.1808e+10 6.2978e+10  1.89%  48.2 2085s
 56013  5214 6.2978e+10  110   61 6.1808e+10 6.2978e+10  1.89%  48.1 2090s
 56259  5219 6.2978e+10  101   65 6.1808e+10 6.2978e+10  1.89%  48.0 2095s
 56483  5236 6.2978e+10  109   57 6.1808e+10 6.2978e+10  1.89%  47.9 2105s
 56731  5238 infeasible  118      6.1808e+10 6.2978e+10  1.89%  47.8 2110s
 56980  5227 6.2978e+10  103   59 6.1808e+10 6.2978e+10  1.89%  47.8 2115s
 57215  5227 6.2978e+10  116   64 6.1808e+10 6.2978e+10  1.89%  47.8 2120s
 57459  5218 6.2978e+10  107   64 6.1808e+10 6.2978e+10  1.89%  47.7 2125s
 57726  5215 6.2978e+10  110   60 6.1808e+10 6.2978e+10  1.89%  47.6 2130s
 58011  5215 6.2978e+10  106   61 6.1808e+10 6.2978e+10  1.89%  47.5 2135s
 58253  5217 6.2978e+10  116   55 6.1808e+10 6.2978e+10  1.89%  47.4 2140s
 58488  5216 6.2978e+10  110   68 6.1808e+10 6.2978e+10  1.89%  47.4 2145s
 58718  5213 6.2978e+10  104   68 6.1808e+10 6.2978e+10  1.89%  47.3 2150s
 58963  5230 infeasible  109      6.1808e+10 6.2978e+10  1.89%  47.2 2155s
 59217  5235 6.2978e+10  115   60 6.1808e+10 6.2978e+10  1.89%  47.1 2160s
 59443  5227 infeasible  114      6.1808e+10 6.2978e+10  1.89%  47.1 2165s
 59681  5242 6.2978e+10  104   58 6.1808e+10 6.2978e+10  1.89%  47.0 2170s
 59936  5239 6.2978e+10  108   63 6.1808e+10 6.2978e+10  1.89%  47.0 2175s
 60170  5226 6.2978e+10  103   60 6.1808e+10 6.2978e+10  1.89%  46.9 2180s
 60462  5222 infeasible  114      6.1808e+10 6.2978e+10  1.89%  46.8 2185s
 60704  5232 6.2978e+10  111   55 6.1808e+10 6.2978e+10  1.89%  46.7 2190s
 60983  5230 infeasible  125      6.1808e+10 6.2978e+10  1.89%  46.6 2195s
 61278  5232 infeasible  126      6.1808e+10 6.2978e+10  1.89%  46.5 2200s
 61566  5239 6.2978e+10  129   43 6.1808e+10 6.2978e+10  1.89%  46.3 2205s
 61584  5236 6.2978e+10  120   41 6.1808e+10 6.2978e+10  1.89%  46.3 2211s
 61811  5235 infeasible  123      6.1808e+10 6.2978e+10  1.89%  46.2 2215s
 62086  5226 infeasible  129      6.1808e+10 6.2978e+10  1.89%  46.1 2220s
 62350  5241 6.2978e+10  121   44 6.1808e+10 6.2978e+10  1.89%  46.1 2225s
 62597  5231 6.2978e+10  122   62 6.1808e+10 6.2978e+10  1.89%  46.0 2230s
 62847  5224 6.2978e+10  120   43 6.1808e+10 6.2978e+10  1.89%  45.9 2235s
 63088  5233 6.2978e+10  123   48 6.1808e+10 6.2978e+10  1.89%  45.9 2240s
 63347  5228 6.2978e+10  126   49 6.1808e+10 6.2978e+10  1.89%  45.8 2245s
 63639  5231 6.2978e+10  123   47 6.1808e+10 6.2978e+10  1.89%  45.6 2250s
 63944  5222 6.2978e+10  110   55 6.1808e+10 6.2978e+10  1.89%  45.5 2255s
 64196  5236 6.2978e+10  112   74 6.1808e+10 6.2978e+10  1.89%  45.5 2260s
 64435  5238 6.2978e+10  117   52 6.1808e+10 6.2978e+10  1.89%  45.5 2265s
 64695  5261 6.2978e+10  126   47 6.1808e+10 6.2978e+10  1.89%  45.4 2270s
 64934  5259 6.2978e+10  121   49 6.1808e+10 6.2978e+10  1.89%  45.3 2275s
 65169  5255 6.2978e+10  128   44 6.1808e+10 6.2978e+10  1.89%  45.3 2280s
 65393  5258 6.2978e+10  130   46 6.1808e+10 6.2978e+10  1.89%  45.3 2285s
 65621  5255 6.2978e+10  124   46 6.1808e+10 6.2978e+10  1.89%  45.2 2290s
 65870  5250 6.2978e+10  116   57 6.1808e+10 6.2978e+10  1.89%  45.2 2295s
 66121  5235 infeasible  125      6.1808e+10 6.2978e+10  1.89%  45.1 2300s
 66420  5250 6.2978e+10  122   41 6.1808e+10 6.2978e+10  1.89%  45.0 2305s
 66704  5251 6.2978e+10  120   46 6.1808e+10 6.2978e+10  1.89%  45.0 2315s
 66918  5261 infeasible  123      6.1808e+10 6.2978e+10  1.89%  45.0 2320s
 67100  5272 6.2978e+10  116   48 6.1808e+10 6.2978e+10  1.89%  44.9 2326s
 67288  5267 6.2978e+10  121   46 6.1808e+10 6.2978e+10  1.89%  44.9 2330s
 67519  5262 6.2978e+10  120   64 6.1808e+10 6.2978e+10  1.89%  44.9 2335s
 67782  5260 6.2978e+10  122   48 6.1808e+10 6.2978e+10  1.89%  44.8 2340s
 68016  5258 6.2978e+10  126   48 6.1808e+10 6.2978e+10  1.89%  44.8 2345s
 68262  5269 infeasible  129      6.1808e+10 6.2978e+10  1.89%  44.7 2350s
 68558  5255 6.2978e+10  121   56 6.1808e+10 6.2978e+10  1.89%  44.6 2355s
 68857  5267 infeasible  130      6.1808e+10 6.2978e+10  1.89%  44.5 2360s
 69111  5263 6.2978e+10  127   48 6.1808e+10 6.2978e+10  1.89%  44.4 2365s
 69383  5273 6.2978e+10  125   61 6.1808e+10 6.2978e+10  1.89%  44.3 2370s
 69646  5272 infeasible  129      6.1808e+10 6.2978e+10  1.89%  44.3 2375s
 69939  5264 6.2978e+10  121   55 6.1808e+10 6.2978e+10  1.89%  44.2 2380s
 70170  5259 6.2978e+10  118   52 6.1808e+10 6.2978e+10  1.89%  44.1 2385s
 70482  5270 infeasible  127      6.1808e+10 6.2978e+10  1.89%  44.0 2390s
 70759  5244 6.2978e+10  123   71 6.1808e+10 6.2978e+10  1.89%  44.0 2395s
 71024  5241 infeasible  118      6.1808e+10 6.2978e+10  1.89%  43.9 2400s
 71284  5245 6.2978e+10  126   47 6.1808e+10 6.2978e+10  1.89%  43.8 2405s
 71562  5223 6.2978e+10  117   62 6.1808e+10 6.2978e+10  1.89%  43.8 2410s
 71817  5240 6.2978e+10  126   47 6.1808e+10 6.2978e+10  1.89%  43.7 2420s
 72051  5234 6.2978e+10  125   55 6.1808e+10 6.2978e+10  1.89%  43.7 2425s
 72327  5230 6.2978e+10  127   49 6.1808e+10 6.2978e+10  1.89%  43.6 2430s
 72577  5231 6.2978e+10  128   61 6.1808e+10 6.2978e+10  1.89%  43.6 2435s
 72751  5238 6.2978e+10  127   41 6.1808e+10 6.2978e+10  1.89%  43.6 2452s
 72889  5233 6.2978e+10  127   51 6.1808e+10 6.2978e+10  1.89%  43.5 2455s
 73135  5225 infeasible  129      6.1808e+10 6.2978e+10  1.89%  43.5 2460s
 73403  5220 6.2978e+10  129   50 6.1808e+10 6.2978e+10  1.89%  43.5 2465s
 73696  5239 6.2978e+10  124   41 6.1808e+10 6.2978e+10  1.89%  43.5 2470s
 73992  5222 infeasible  109      6.1808e+10 6.2978e+10  1.89%  43.4 2475s
 74282  5234 infeasible  115      6.1808e+10 6.2978e+10  1.89%  43.3 2480s
 74562  5232 6.2978e+10  108   61 6.1808e+10 6.2978e+10  1.89%  43.2 2485s
 74817  5229 6.2978e+10  111   62 6.1808e+10 6.2978e+10  1.89%  43.1 2494s
 74844  5223 infeasible  110      6.1808e+10 6.2978e+10  1.89%  43.1 2495s
 75139  5226 6.2978e+10  109   64 6.1808e+10 6.2978e+10  1.89%  43.0 2500s
 75348  5228 6.2978e+10  106   63 6.1808e+10 6.2978e+10  1.89%  42.9 2506s
 75541  5229 infeasible  113      6.1808e+10 6.2978e+10  1.89%  42.8 2510s
 75840  5241 6.2978e+10  182   30 6.1808e+10 6.2978e+10  1.89%  42.7 2515s
 76197  5244 infeasible  176      6.1808e+10 6.2978e+10  1.89%  42.6 2520s
 76488  5217 6.2978e+10  111   58 6.1808e+10 6.2978e+10  1.89%  42.5 2525s
 76788  5226 infeasible  101      6.1808e+10 6.2978e+10  1.89%  42.4 2530s
 77063  5221 infeasible  103      6.1808e+10 6.2978e+10  1.89%  42.3 2535s
 77220  5224 6.2978e+10  101   55 6.1808e+10 6.2978e+10  1.89%  42.3 2544s
 77268  5217 6.2978e+10   98   53 6.1808e+10 6.2978e+10  1.89%  42.3 2545s
 77536  5238 6.2978e+10  107   61 6.1808e+10 6.2978e+10  1.89%  42.3 2550s
 77795  5239 infeasible  102      6.1808e+10 6.2978e+10  1.89%  42.3 2555s
 78049  5234 6.2978e+10  100   68 6.1808e+10 6.2978e+10  1.89%  42.2 2560s
 78315  5252 6.2978e+10  109   53 6.1808e+10 6.2978e+10  1.89%  42.1 2565s
 78577  5236 6.2978e+10  103   64 6.1808e+10 6.2978e+10  1.89%  42.1 2570s
 78857  5235 6.2978e+10   96   59 6.1808e+10 6.2978e+10  1.89%  42.1 2575s
 79138  5244 infeasible  104      6.1808e+10 6.2978e+10  1.89%  42.0 2580s
 79401  5218 infeasible  106      6.1808e+10 6.2978e+10  1.89%  41.9 2585s
 79677  5246 6.2978e+10  108   65 6.1808e+10 6.2978e+10  1.89%  41.9 2590s
 79949  5244 6.2978e+10  110   60 6.1808e+10 6.2978e+10  1.89%  41.8 2595s
 80236  5247 6.2978e+10  105   65 6.1808e+10 6.2978e+10  1.89%  41.7 2600s
 80508  5258 6.2978e+10  103   59 6.1808e+10 6.2978e+10  1.89%  41.7 2605s
 80801  5266 6.2978e+10  107   53 6.1808e+10 6.2978e+10  1.89%  41.6 2610s
 81068  5274 6.2978e+10  102   78 6.1808e+10 6.2978e+10  1.89%  41.5 2615s
 81317  5273 infeasible  110      6.1808e+10 6.2978e+10  1.89%  41.5 2620s
 81597  5275 6.2978e+10  108   47 6.1808e+10 6.2978e+10  1.89%  41.4 2625s
 81913  5286 infeasible  110      6.1808e+10 6.2978e+10  1.89%  41.3 2630s
 82197  5280 infeasible  112      6.1808e+10 6.2978e+10  1.89%  41.2 2635s
 82326  5276 6.2978e+10  110   57 6.1808e+10 6.2978e+10  1.89%  41.2 2643s
 82415  5265 6.2978e+10  112   58 6.1808e+10 6.2978e+10  1.89%  41.2 2645s
 82678  5264 6.2978e+10  100   63 6.1808e+10 6.2978e+10  1.89%  41.1 2650s
 82944  5271 6.2978e+10  102   73 6.1808e+10 6.2978e+10  1.89%  41.1 2655s
 83204  5267 6.2978e+10  103   66 6.1808e+10 6.2978e+10  1.89%  41.0 2660s
 83427  5259 6.2978e+10   98   66 6.1808e+10 6.2978e+10  1.89%  41.0 2665s
 83631  5271 6.2978e+10   98   69 6.1808e+10 6.2978e+10  1.89%  41.0 2670s
 83877  5264 infeasible  125      6.1808e+10 6.2978e+10  1.89%  41.0 2675s
 84122  5254 6.2978e+10  120   82 6.1808e+10 6.2978e+10  1.89%  41.0 2680s
 84433  5255 6.2978e+10  122   56 6.1808e+10 6.2978e+10  1.89%  40.9 2685s
 84660  5245 6.2978e+10  109   77 6.1808e+10 6.2978e+10  1.89%  40.9 2690s
 84836  5303 6.2978e+10  100   81 6.1808e+10 6.2978e+10  1.89%  40.9 2695s
 85012  5377 infeasible  150      6.1808e+10 6.2978e+10  1.89%  40.9 2700s
 85212  5379 infeasible  134      6.1808e+10 6.2978e+10  1.89%  40.9 2705s
 85324  5386 6.2978e+10  141   53 6.1808e+10 6.2978e+10  1.89%  40.8 2710s
 85524  5396 infeasible  118      6.1808e+10 6.2978e+10  1.89%  40.8 2715s
 85759  5409 6.2978e+10  113   65 6.1808e+10 6.2978e+10  1.89%  40.8 2720s
 85961  5414 6.2978e+10  120   58 6.1808e+10 6.2978e+10  1.89%  40.9 2725s
 86139  5426 6.2978e+10  112   68 6.1808e+10 6.2978e+10  1.89%  40.9 2730s
 86351  5454 6.2978e+10  113   66 6.1808e+10 6.2978e+10  1.89%  41.0 2735s
 86540  5478 6.2978e+10  108   57 6.1808e+10 6.2978e+10  1.89%  41.0 2740s
 86742  5492 6.2978e+10  111   66 6.1808e+10 6.2978e+10  1.89%  41.1 2745s
 86941  5513 infeasible  123      6.1808e+10 6.2978e+10  1.89%  41.1 2750s
 87115  5523 6.2978e+10  124   42 6.1808e+10 6.2978e+10  1.89%  41.2 2755s
 87292  5486 infeasible  118      6.1808e+10 6.2978e+10  1.89%  41.3 2760s
 87427  5498 infeasible  115      6.1808e+10 6.2978e+10  1.89%  41.3 2769s
 87434  5493 6.2978e+10  104   52 6.1808e+10 6.2978e+10  1.89%  41.3 2770s
 87582  5509 6.2978e+10  115   47 6.1808e+10 6.2978e+10  1.89%  41.4 2775s
 87756  5519 6.2978e+10  108   57 6.1808e+10 6.2978e+10  1.89%  41.5 2780s
 87948  5520 6.2978e+10  114   50 6.1808e+10 6.2978e+10  1.89%  41.5 2785s
 88151  5514 infeasible  114      6.1808e+10 6.2978e+10  1.89%  41.5 2790s
 88345  5509 6.2978e+10  107   43 6.1808e+10 6.2978e+10  1.89%  41.5 2795s
 88559  5510 6.2978e+10  120   40 6.1808e+10 6.2978e+10  1.89%  41.6 2800s
 88786  5498 6.2978e+10  112   66 6.1808e+10 6.2978e+10  1.89%  41.6 2805s
 89030  5486 6.2978e+10  115   56 6.1808e+10 6.2978e+10  1.89%  41.6 2810s
 89205  5492 infeasible  118      6.1808e+10 6.2978e+10  1.89%  41.7 2815s
 89414  5487 6.2978e+10  105   63 6.1808e+10 6.2978e+10  1.89%  41.7 2820s
 89588  5497 6.2978e+10  121   56 6.1808e+10 6.2978e+10  1.89%  41.7 2825s
 89812  5512 6.2978e+10  135   43 6.1808e+10 6.2978e+10  1.89%  41.7 2830s
 90058  5507 6.2978e+10  132   44 6.1808e+10 6.2978e+10  1.89%  41.6 2835s
 90277  5492 6.2978e+10  114   66 6.1808e+10 6.2978e+10  1.89%  41.6 2840s
 90455  5451 6.2978e+10  106   73 6.1808e+10 6.2978e+10  1.89%  41.7 2845s
 90648  5448 infeasible  115      6.1808e+10 6.2978e+10  1.89%  41.7 2850s
 90860  5444 6.2978e+10  126   39 6.1808e+10 6.2978e+10  1.89%  41.8 2855s
 91099  5433 6.2978e+10  123   52 6.1808e+10 6.2978e+10  1.89%  41.8 2860s
 91341  5458 6.2978e+10  114   62 6.1808e+10 6.2978e+10  1.89%  41.7 2865s
 91569  5519 6.2978e+10  103   81 6.1808e+10 6.2978e+10  1.89%  41.7 2870s
 91852  5551 infeasible  109      6.1808e+10 6.2978e+10  1.89%  41.7 2875s
 92010  5539 infeasible  117      6.1808e+10 6.2978e+10  1.89%  41.7 2880s
 92282  5602 infeasible  115      6.1808e+10 6.2978e+10  1.89%  41.6 2885s
 92528  5631 infeasible  127      6.1808e+10 6.2978e+10  1.89%  41.6 2895s
 92792  5638 6.2978e+10  118   60 6.1808e+10 6.2978e+10  1.89%  41.5 2900s
 93087  5618 infeasible  123      6.1808e+10 6.2978e+10  1.89%  41.5 2905s
 93351  5585 6.2978e+10  118   66 6.1808e+10 6.2978e+10  1.89%  41.4 2910s
 93612  5596 6.2978e+10   97   75 6.1808e+10 6.2978e+10  1.89%  41.4 2915s
 93774  5625 6.2978e+10  124   75 6.1808e+10 6.2978e+10  1.89%  41.4 2920s
 94045  5615 6.2978e+10  120   68 6.1808e+10 6.2978e+10  1.89%  41.4 2925s
 94286  5630 6.2978e+10  100   87 6.1808e+10 6.2978e+10  1.89%  41.3 2930s
 94533  5647 6.2978e+10  116   68 6.1808e+10 6.2978e+10  1.89%  41.3 2935s
 94812  5656 6.2978e+10  116   69 6.1808e+10 6.2978e+10  1.89%  41.3 2940s
 95097  5661 6.2978e+10  121   50 6.1808e+10 6.2978e+10  1.89%  41.2 2945s
 95390  5665 infeasible  126      6.1808e+10 6.2978e+10  1.89%  41.2 2950s
 95656  5663 6.2978e+10  110   61 6.1808e+10 6.2978e+10  1.89%  41.1 2955s
 95934  5695 6.2978e+10  112   70 6.1808e+10 6.2978e+10  1.89%  41.1 2960s
 96201  5724 6.2978e+10  114   96 6.1808e+10 6.2978e+10  1.89%  41.1 2965s
 96474  5748 6.2978e+10  120   60 6.1808e+10 6.2978e+10  1.89%  41.0 2970s
 96736  5739 6.2978e+10  108   88 6.1808e+10 6.2978e+10  1.89%  41.0 2975s
 96989  5779 infeasible  119      6.1808e+10 6.2978e+10  1.89%  41.0 2980s
 97233  5793 6.2978e+10  117   68 6.1808e+10 6.2978e+10  1.89%  40.9 2985s
 97513  5836 infeasible  120      6.1808e+10 6.2978e+10  1.89%  40.9 2990s
 97629  5856 6.2978e+10  115   84 6.1808e+10 6.2978e+10  1.89%  40.9 3000s
 97866  5899 6.2978e+10  114   64 6.1808e+10 6.2978e+10  1.89%  40.9 3005s
 98082  5906 6.2978e+10   99   79 6.1808e+10 6.2978e+10  1.89%  40.9 3010s
 98277  5925 infeasible  104      6.1808e+10 6.2978e+10  1.89%  40.9 3015s
 98475  5919 6.2978e+10  106   60 6.1808e+10 6.2978e+10  1.89%  40.9 3020s
 98695  5921 6.2978e+10  110   62 6.1808e+10 6.2978e+10  1.89%  40.9 3025s
 98965  5910 6.2978e+10  104   83 6.1808e+10 6.2978e+10  1.89%  40.9 3030s
 99202  5911 infeasible  110      6.1808e+10 6.2978e+10  1.89%  40.9 3035s
 99420  5920 infeasible  113      6.1808e+10 6.2978e+10  1.89%  40.9 3040s
 99656  5929 infeasible  112      6.1808e+10 6.2978e+10  1.89%  40.9 3045s
 99881  5930 6.2978e+10  105   71 6.1808e+10 6.2978e+10  1.89%  41.0 3050s
 100079  5929 6.2978e+10  108   44 6.1808e+10 6.2978e+10  1.89%  41.0 3055s
 100298  5927 infeasible  123      6.1808e+10 6.2978e+10  1.89%  41.0 3060s
 100540  5926 6.2978e+10  117   51 6.1808e+10 6.2978e+10  1.89%  41.0 3065s
 100807  5918 infeasible  115      6.1808e+10 6.2978e+10  1.89%  41.0 3070s
 101009  5907 6.2978e+10  104   43 6.1808e+10 6.2978e+10  1.89%  41.0 3075s
 101239  5907 infeasible  121      6.1808e+10 6.2978e+10  1.89%  41.0 3080s
 101258  5914 6.2978e+10  103   59 6.1808e+10 6.2978e+10  1.89%  41.0 3094s
 101288  5914 infeasible  110      6.1808e+10 6.2978e+10  1.89%  41.0 3095s
 101496  5921 6.2978e+10  111   51 6.1808e+10 6.2978e+10  1.89%  41.0 3100s
 101672  5906 6.2978e+10  108   51 6.1808e+10 6.2978e+10  1.89%  41.0 3105s
 101889  5902 6.2978e+10  110   78 6.1808e+10 6.2978e+10  1.89%  41.0 3110s
 102128  5915 6.2978e+10  113   68 6.1808e+10 6.2978e+10  1.89%  41.0 3115s
 102422  5919 6.2978e+10  117   40 6.1808e+10 6.2978e+10  1.89%  40.9 3120s
 102733  5918 6.2978e+10  118   34 6.1808e+10 6.2978e+10  1.89%  40.9 3130s
 102998  5909 6.2978e+10  113   71 6.1808e+10 6.2978e+10  1.89%  40.8 3135s
 103233  5930 6.2978e+10  125   48 6.1808e+10 6.2978e+10  1.89%  40.8 3140s
 103453  5929 6.2978e+10  111   54 6.1808e+10 6.2978e+10  1.89%  40.8 3145s
 103732  5933 6.2978e+10  120   51 6.1808e+10 6.2978e+10  1.89%  40.7 3150s
 103912  5940 6.2978e+10  118   49 6.1808e+10 6.2978e+10  1.89%  40.7 3157s
 104051  5931 6.2978e+10  114   49 6.1808e+10 6.2978e+10  1.89%  40.7 3160s
 104296  5935 6.2978e+10  118   50 6.1808e+10 6.2978e+10  1.89%  40.7 3165s
 104580  5939 6.2978e+10  112   56 6.1808e+10 6.2978e+10  1.89%  40.7 3170s
 104830  5953 infeasible  118      6.1808e+10 6.2978e+10  1.89%  40.7 3175s
 105082  5955 6.2978e+10  112   61 6.1808e+10 6.2978e+10  1.89%  40.7 3180s
 105304  5938 6.2978e+10  108   53 6.1808e+10 6.2978e+10  1.89%  40.7 3185s
 105554  5927 6.2978e+10  113   58 6.1808e+10 6.2978e+10  1.89%  40.8 3190s
 105776  5948 6.2978e+10   98   99 6.1808e+10 6.2978e+10  1.89%  40.8 3195s
 106009  5975 infeasible  112      6.1808e+10 6.2978e+10  1.89%  40.8 3200s
 106221  5978 6.2978e+10  109   53 6.1808e+10 6.2978e+10  1.89%  40.8 3208s
 106319  5993 6.2978e+10  124   34 6.1808e+10 6.2978e+10  1.89%  40.7 3210s
 106625  5987 6.2978e+10  123   30 6.1808e+10 6.2978e+10  1.89%  40.7 3215s
 106860  5987 6.2978e+10  110   66 6.1808e+10 6.2978e+10  1.89%  40.7 3220s
 107108  5976 infeasible  109      6.1808e+10 6.2978e+10  1.89%  40.7 3225s
 107328  5968 6.2978e+10  111   70 6.1808e+10 6.2978e+10  1.89%  40.7 3230s
 107568  5966 infeasible  117      6.1808e+10 6.2978e+10  1.89%  40.7 3235s
 107834  5982 6.2978e+10  111   54 6.1808e+10 6.2978e+10  1.89%  40.7 3245s
 108028  5981 6.2978e+10  112   70 6.1808e+10 6.2978e+10  1.89%  40.7 3250s
 108298  5975 6.2978e+10  106   47 6.1808e+10 6.2978e+10  1.89%  40.7 3255s
 108544  5982 6.2978e+10  110   55 6.1808e+10 6.2978e+10  1.89%  40.7 3260s
 108774  5975 6.2978e+10  101   64 6.1808e+10 6.2978e+10  1.89%  40.7 3265s
 108997  6008 6.2978e+10  129   46 6.1808e+10 6.2978e+10  1.89%  40.7 3270s
 109172  5981 6.2978e+10  109   60 6.1808e+10 6.2978e+10  1.89%  40.7 3275s
 109393  5994 6.2978e+10  111   62 6.1808e+10 6.2978e+10  1.89%  40.8 3280s
 109647  6013 6.2978e+10  114   44 6.1808e+10 6.2978e+10  1.89%  40.8 3285s
 109898  6015 infeasible  114      6.1808e+10 6.2978e+10  1.89%  40.8 3290s
 110185  6010 infeasible  111      6.1808e+10 6.2978e+10  1.89%  40.7 3295s
 110456  6013 6.2978e+10  105   64 6.1808e+10 6.2978e+10  1.89%  40.7 3300s
 110724  6001 6.2978e+10  105   66 6.1808e+10 6.2978e+10  1.89%  40.7 3305s
 110952  6022 6.2978e+10  127   42 6.1808e+10 6.2978e+10  1.89%  40.7 3310s
 111167  6001 6.2978e+10  108   64 6.1808e+10 6.2978e+10  1.89%  40.8 3315s
 111406  5997 infeasible  112      6.1808e+10 6.2978e+10  1.89%  40.8 3320s
 111649  5985 6.2978e+10  119   40 6.1808e+10 6.2978e+10  1.89%  40.8 3325s
 111842  5972 infeasible  113      6.1808e+10 6.2978e+10  1.89%  40.8 3330s
 112075  5981 6.2978e+10  119   64 6.1808e+10 6.2978e+10  1.89%  40.8 3335s
 112292  5985 6.2978e+10  112   46 6.1808e+10 6.2978e+10  1.89%  40.9 3340s
 112381  5995 6.2978e+10  113   47 6.1808e+10 6.2978e+10  1.89%  40.9 3345s
 112580  6000 6.2978e+10  124   42 6.1808e+10 6.2978e+10  1.89%  40.9 3350s
 112759  5998 6.2978e+10  114   65 6.1808e+10 6.2978e+10  1.89%  41.0 3355s
 112935  6019 6.2978e+10  120   47 6.1808e+10 6.2978e+10  1.89%  41.0 3365s
 113079  6009 6.2978e+10  114   49 6.1808e+10 6.2978e+10  1.89%  41.0 3370s
 113311  5985 6.2978e+10  113   59 6.1808e+10 6.2978e+10  1.89%  41.0 3375s
 113577  5980 6.2978e+10  120   53 6.1808e+10 6.2978e+10  1.89%  41.0 3380s
 113808  5973 6.2978e+10  117   56 6.1808e+10 6.2978e+10  1.89%  41.0 3385s
 114002  5986 6.2978e+10  110   51 6.1808e+10 6.2978e+10  1.89%  41.1 3390s
 114164  5978 6.2978e+10  104   67 6.1808e+10 6.2978e+10  1.89%  41.1 3395s
 114345  5986 infeasible  111      6.1808e+10 6.2978e+10  1.89%  41.2 3400s
 114537  5995 6.2978e+10  161   54 6.1808e+10 6.2978e+10  1.89%  41.2 3405s
 114733  5989 infeasible  115      6.1808e+10 6.2978e+10  1.89%  41.3 3410s
 114953  5992 6.2978e+10  103   83 6.1808e+10 6.2978e+10  1.89%  41.3 3415s
 115197  6004 6.2978e+10  116   48 6.1808e+10 6.2978e+10  1.89%  41.3 3420s
 115473  5998 6.2978e+10  109   60 6.1808e+10 6.2978e+10  1.89%  41.3 3425s
 115768  5992 6.2978e+10  109   55 6.1808e+10 6.2978e+10  1.89%  41.2 3430s
 116005  5985 6.2978e+10  120   67 6.1808e+10 6.2978e+10  1.89%  41.2 3435s
 116232  6001 infeasible  106      6.1808e+10 6.2978e+10  1.89%  41.2 3440s
 116430  6042 6.2978e+10  115   60 6.1808e+10 6.2978e+10  1.89%  41.3 3445s
 116617  6040 6.2978e+10  112   54 6.1808e+10 6.2978e+10  1.89%  41.4 3450s
 116839  6052 infeasible  117      6.1808e+10 6.2978e+10  1.89%  41.4 3455s
 117052  6052 6.2978e+10  112   44 6.1808e+10 6.2978e+10  1.89%  41.5 3460s
 117259  6025 6.2978e+10  116   73 6.1808e+10 6.2978e+10  1.89%  41.5 3465s
 117435  6016 6.2978e+10  112   55 6.1808e+10 6.2978e+10  1.89%  41.6 3470s
 117635  6005 6.2978e+10  110   66 6.1808e+10 6.2978e+10  1.89%  41.6 3475s
 117856  6008 6.2978e+10  105   70 6.1808e+10 6.2978e+10  1.89%  41.7 3480s
 118019  6032 6.2978e+10  111   60 6.1808e+10 6.2978e+10  1.89%  41.7 3485s
 118036  6037 6.2978e+10  113   46 6.1808e+10 6.2978e+10  1.89%  41.7 3491s
 118172  6027 6.2978e+10  107   60 6.1808e+10 6.2978e+10  1.89%  41.8 3495s
 118343  6013 6.2978e+10  105   71 6.1808e+10 6.2978e+10  1.89%  41.9 3500s
 118522  6011 6.2978e+10  112   62 6.1808e+10 6.2978e+10  1.89%  41.9 3505s
 118694  6025 6.2978e+10  112   74 6.1808e+10 6.2978e+10  1.89%  42.0 3510s
 118812  6019 6.2978e+10  105   55 6.1808e+10 6.2978e+10  1.89%  42.0 3515s
 118984  6022 6.2978e+10  108   49 6.1808e+10 6.2978e+10  1.89%  42.1 3520s
 119161  6023 infeasible  111      6.1808e+10 6.2978e+10  1.89%  42.2 3525s
 119319  6013 6.2978e+10  120   63 6.1808e+10 6.2978e+10  1.89%  42.2 3530s
 119501  6010 infeasible  121      6.1808e+10 6.2978e+10  1.89%  42.2 3535s
 119704  6014 6.2978e+10  117   59 6.1808e+10 6.2978e+10  1.89%  42.2 3540s
 119901  6008 6.2978e+10  106   54 6.1808e+10 6.2978e+10  1.89%  42.2 3545s
 120110  5994 6.2978e+10  122   72 6.1808e+10 6.2978e+10  1.89%  42.2 3550s
 120295  5984 infeasible  108      6.1808e+10 6.2978e+10  1.89%  42.3 3555s
 120443  5988 6.2978e+10  110   74 6.1808e+10 6.2978e+10  1.89%  42.3 3560s
 120528  5980 6.2978e+10   86   83 6.1808e+10 6.2978e+10  1.89%  42.3 3565s
 120714  6000 infeasible  118      6.1808e+10 6.2978e+10  1.89%  42.3 3570s
 120916  6018 6.2978e+10  116   64 6.1808e+10 6.2978e+10  1.89%  42.4 3575s
 121141  6025 6.2978e+10  118   65 6.1808e+10 6.2978e+10  1.89%  42.4 3580s
 121365  6035 6.2978e+10  153   31 6.1808e+10 6.2978e+10  1.89%  42.3 3585s
 121622  6053 6.2978e+10  144   53 6.1808e+10 6.2978e+10  1.89%  42.3 3590s
 121879  6062 6.2978e+10  144   61 6.1808e+10 6.2978e+10  1.89%  42.2 3595s

Cutting planes:
  Learned: 20
  Gomory: 81
  Lift-and-project: 15
  Cover: 301
  Implied bound: 195
  Projected implied bound: 59
  Clique: 37
  MIR: 176
  Mixing: 1
  StrongCG: 5
  Flow cover: 936
  Inf proof: 56
  Zero half: 43
  RLT: 91
  Relax-and-lift: 75

Explored 121967 nodes (5223471 simplex iterations) in 3596.91 seconds (1967.84 work units)
Thread count was 1 (of 28 available processors)

Solution count 10: 6.18084e+10 6.06384e+10 5.95584e+10 ... 4.63572e+10

Time limit reached
Best objective 6.180840000000e+10, best bound 6.297840000000e+10, gap 1.8929%

User-callback calls 1140479, time in user-callback 0.94 sec