Gurobi Optimizer version 12.0.3 build v12.0.3rc0 (linux64 - "Oracle Linux Server 9.4")

CPU model: Intel(R) Xeon(R) CPU E5-2660 v4 @ 2.00GHz, instruction set [SSE2|AVX|AVX2]
Thread count: 28 physical cores, 28 logical processors, using up to 1 threads

Non-default parameters:
TimeLimit  3593.222369965
SoftMemLimit  16
NumericFocus  1
Threads  1

Academic license 2690100 - for non-commercial use only - registered to ju___@uclm.es
Optimize a model with 78488 rows, 17401 columns and 479899 nonzeros
Model fingerprint: 0x877f7626
Variable types: 134 continuous, 17267 integer (17267 binary)
Coefficient statistics:
  Matrix range     [1e+00, 2e+13]
  Objective range  [9e+08, 2e+09]
  Bounds range     [1e+03, 1e+04]
  RHS range        [1e+00, 2e+14]
Warning: Model contains large matrix coefficient range
Warning: Model contains large objective coefficients
Warning: Model contains large rhs
Found heuristic solution: objective -0.0000000
Presolve removed 16683 rows and 938 columns
Presolve time: 2.06s
Presolved: 61805 rows, 16463 columns, 220455 nonzeros
Variable types: 134 continuous, 16329 integer (16329 binary)
Root relaxation presolved: 61805 rows, 16463 columns, 220455 nonzeros


Root simplex log...

Iteration    Objective       Primal Inf.    Dual Inf.      Time
    6692    7.8166841e+10   8.145733e+04   0.000000e+00      5s
    8238    7.8166841e+10   0.000000e+00   0.000000e+00      6s

Root relaxation: objective 7.816684e+10, 8238 iterations, 3.95 seconds (3.24 work units)
Total elapsed time = 24.32s (DegenMoves)
Total elapsed time = 28.53s (DegenMoves)

    Nodes    |    Current Node    |     Objective Bounds      |     Work
 Expl Unexpl |  Obj  Depth IntInf | Incumbent    BestBd   Gap | It/Node Time

     0     0 7.8167e+10    0  442   -0.00000 7.8167e+10      -     -   30s
H    0     0                    9.000000e+08 7.8167e+10  8585%     -   32s
H    0     0                    4.202520e+09 7.8167e+10  1760%     -   32s
H    0     0                    5.850000e+09 7.8167e+10  1236%     -   32s
H    0     0                    8.190000e+09 7.8167e+10   854%     -   32s
H    0     0                    2.106000e+10 7.8167e+10   271%     -   32s
H    0     0                    2.509432e+10 7.8167e+10   211%     -   33s
H    0     0                    2.977432e+10 7.8167e+10   163%     -   33s
H    0     0                    3.328432e+10 7.8167e+10   135%     -   34s
H    0     0                    3.679432e+10 7.8167e+10   112%     -   36s
H    0     0                    4.030432e+10 7.8167e+10  93.9%     -   42s
     0     0 7.8167e+10    0 1167 4.0304e+10 7.8167e+10  93.9%     -   51s
     0     0 7.8167e+10    0  930 4.0304e+10 7.8167e+10  93.9%     -   53s
     0     0 7.8167e+10    0   55 4.0304e+10 7.8167e+10  93.9%     -   80s
     0     0 7.8167e+10    0   39 4.0304e+10 7.8167e+10  93.9%     -   83s
     0     0 7.8167e+10    0   55 4.0304e+10 7.8167e+10  93.9%     -   92s
     0     0 7.8167e+10    0   87 4.0304e+10 7.8167e+10  93.9%     -   94s
     0     0 7.8167e+10    0   69 4.0304e+10 7.8167e+10  93.9%     -   98s
     0     0 7.8167e+10    0  248 4.0304e+10 7.8167e+10  93.9%     -  102s
     0     0 7.8167e+10    0   61 4.0304e+10 7.8167e+10  93.9%     -  105s
     0     0 7.8167e+10    0   61 4.0304e+10 7.8167e+10  93.9%     -  105s
     0     0 7.8167e+10    0  569 4.0304e+10 7.8167e+10  93.9%     -  117s
     0     0 7.8167e+10    0  808 4.0304e+10 7.8167e+10  93.9%     -  119s
     0     0 7.8167e+10    0   57 4.0304e+10 7.8167e+10  93.9%     -  152s
     0     0 7.8167e+10    0   29 4.0304e+10 7.8167e+10  93.9%     -  152s
     0     2 7.8167e+10    0   22 4.0304e+10 7.8167e+10  93.9%     -  167s
    15    15 7.8167e+10    9  997 4.0304e+10 7.8167e+10  93.9%   517  170s
H   26    21                    5.317432e+10 7.8167e+10  47.0%   314  172s
H   27    22                    5.551432e+10 7.8167e+10  40.8%   316  176s
H   27    22                    5.668432e+10 7.8167e+10  37.9%   316  176s
H   27    22                    5.785432e+10 7.8167e+10  35.1%   316  176s
    52    45 7.8167e+10   28  175 5.7854e+10 7.8167e+10  35.1%   260  184s
    55    48 7.8167e+10   29  222 5.7854e+10 7.8167e+10  35.1%   252  185s
    78    69 7.8167e+10   41  324 5.7854e+10 7.8167e+10  35.1%   269  231s
   115    96 7.8167e+10   60  200 5.7854e+10 7.8167e+10  35.1%   231  235s
   172   141 7.8167e+10   89  202 5.7854e+10 7.8167e+10  35.1%   196  240s
   216   179 7.8167e+10  112  234 5.7854e+10 7.8167e+10  35.1%   165  250s
H  243   192                    6.136432e+10 7.8167e+10  27.4%   150  255s
   297   216 7.8167e+10  153  219 6.1364e+10 7.8167e+10  27.4%   128  274s
   299   217 7.8167e+10  154  209 6.1364e+10 7.8167e+10  27.4%   128  275s
   306   223 7.8167e+10  157  232 6.1364e+10 7.8167e+10  27.4%   126  280s
   324   241 7.8167e+10  167  223 6.1364e+10 7.8167e+10  27.4%   128  286s
   351   265 7.8167e+10  180  206 6.1364e+10 7.8167e+10  27.4%   129  306s
   396   295 7.8167e+10  203  192 6.1364e+10 7.8167e+10  27.4%   123  310s
   464   323 7.8167e+10   16  576 6.1364e+10 7.8167e+10  27.4%   120  315s
   504   363 7.8167e+10   47  802 6.1364e+10 7.8167e+10  27.4%   136  320s
   546   405 7.8167e+10   68  414 6.1364e+10 7.8167e+10  27.4%   154  325s
   600   456 7.8167e+10   67   29 6.1364e+10 7.8167e+10  27.4%   154  358s
   602   457 7.8167e+10   25  113 6.1364e+10 7.8167e+10  27.4%   154  402s
   603   458 7.8167e+10   58  349 6.1364e+10 7.8167e+10  27.4%   154  427s
   604   459 7.8167e+10   42 1208 6.1364e+10 7.8167e+10  27.4%   153  438s
   605   459 7.8167e+10  102 1028 6.1364e+10 7.8167e+10  27.4%   153  486s
   606   460 7.8167e+10   24  982 6.1364e+10 7.8167e+10  27.4%   153  493s
   607   461 7.8167e+10   51  995 6.1364e+10 7.8167e+10  27.4%   152  550s
   608   461 7.8167e+10  196  982 6.1364e+10 7.8167e+10  27.4%   152  555s
H  608   437                    6.460432e+10 7.8167e+10  21.0%   152  594s
H  608   415                    6.487432e+10 7.8167e+10  20.5%   152  594s
   609   416 7.8167e+10  156  138 6.4874e+10 7.8167e+10  20.5%   152  601s
   611   417 7.8167e+10  205  164 6.4874e+10 7.8167e+10  20.5%   151  652s
   612   418 7.8167e+10  162  454 6.4874e+10 7.8167e+10  20.5%   151  656s
   613   419 7.8167e+10  174  333 6.4874e+10 7.8167e+10  20.5%   151  721s
   614   419 7.8167e+10   86 1050 6.4874e+10 7.8167e+10  20.5%   151  726s
H  614   398                    6.838432e+10 7.8167e+10  14.3%   151  764s
   616   400 7.8167e+10   62  907 6.8384e+10 7.8167e+10  14.3%   150  770s
   617   400 7.8167e+10   71  934 6.8384e+10 7.8167e+10  14.3%   150  820s
   618   401 7.8167e+10  162  892 6.8384e+10 7.8167e+10  14.3%   150  825s
   619   402 7.8167e+10  143  862 6.8384e+10 7.8167e+10  14.3%   150  869s
   620   402 7.8167e+10   69  940 6.8384e+10 7.8167e+10  14.3%   149  875s
   621   403 7.8167e+10   43  842 6.8384e+10 7.8167e+10  14.3%   149  913s
   622   404 7.8167e+10   19  842 6.8384e+10 7.8167e+10  14.3%   149  932s
   623   404 7.8167e+10  106  842 6.8384e+10 7.8167e+10  14.3%   149  959s
   624   407 7.8167e+10   13  982 6.8384e+10 7.8167e+10  14.3%  1401 1034s
   625   408 7.8167e+10   13  684 6.8384e+10 7.8167e+10  14.3%  1410 1039s
   626   408 7.8167e+10   14  890 6.8384e+10 7.8167e+10  14.3%  1420 1045s
   629   410 7.8167e+10   17  960 6.8384e+10 7.8167e+10  14.3%  1426 1050s
   633   413 7.8167e+10   21  689 6.8384e+10 7.8167e+10  14.3%  1425 1055s
   643   420 7.8167e+10   28  521 6.8384e+10 7.8167e+10  14.3%  1407 1060s
   649   424 7.8167e+10   31  542 6.8384e+10 7.8167e+10  14.3%  1401 1074s
   650   424 7.8167e+10   32  526 6.8384e+10 7.8167e+10  14.3%  1399 1075s
   661   432 7.8167e+10   37  428 6.8384e+10 7.8167e+10  14.3%  1379 1080s
   675   441 7.8167e+10   44  395 6.8384e+10 7.8167e+10  14.3%  1353 1107s
   680   444 7.8167e+10   47  495 6.8384e+10 7.8167e+10  14.3%  1345 1110s
   701   458 7.8167e+10   57  369 6.8384e+10 7.8167e+10  14.3%  1307 1152s
   707   462 7.8167e+10   60  334 6.8384e+10 7.8167e+10  14.3%  1297 1155s
   722   472 7.8167e+10   68  270 6.8384e+10 7.8167e+10  14.3%  1271 1160s
   731   478 7.8167e+10   73  452 6.8384e+10 7.8167e+10  14.3%  1261 1174s
   733   480 7.8167e+10   74  419 6.8384e+10 7.8167e+10  14.3%  1258 1175s
   746   488 7.8167e+10   81  318 6.8384e+10 7.8167e+10  14.3%  1237 1180s
   766   502 7.8167e+10   92  314 6.8384e+10 7.8167e+10  14.3%  1207 1185s
   785   514 7.8167e+10  102  266 6.8384e+10 7.8167e+10  14.3%  1178 1192s
   798   521 7.8167e+10  108  291 6.8384e+10 7.8167e+10  14.3%  1160 1195s
   809   526 7.8167e+10  113  300 6.8384e+10 7.8167e+10  14.3%  1145 1200s
   824   536 7.8167e+10  121  260 6.8384e+10 7.8167e+10  14.3%  1125 1205s
   839   543 7.8167e+10  128  234 6.8384e+10 7.8167e+10  14.3%  1105 1212s
   852   543 7.8167e+10  135  230 6.8384e+10 7.8167e+10  14.3%  1089 1215s
   871   550 7.8167e+10  144  201 6.8384e+10 7.8167e+10  14.3%  1065 1220s
   886   552 7.8167e+10  151  167 6.8384e+10 7.8167e+10  14.3%  1048 1225s
   893   548 7.8167e+10  151  143 6.8384e+10 7.8167e+10  14.3%  1040 1237s
   902   552 7.8167e+10  157  139 6.8384e+10 7.8167e+10  14.3%  1030 1240s
   920   546 7.8167e+10  158   81 6.8384e+10 7.8167e+10  14.3%  1011 1256s
   940   538 7.8167e+10  162   82 6.8384e+10 7.8167e+10  14.3%   991 1260s
   949   532 7.8167e+10  156  133 6.8384e+10 7.8167e+10  14.3%   982 1266s
   964   530 7.8167e+10  157  126 6.8384e+10 7.8167e+10  14.3%   967 1270s
   978   529 7.8167e+10  166  107 6.8384e+10 7.8167e+10  14.3%   954 1278s
   982   528 7.8167e+10  168  105 6.8384e+10 7.8167e+10  14.3%   950 1280s
  1003   520 7.8167e+10  166   99 6.8384e+10 7.8167e+10  14.3%   932 1285s
  1025   508 infeasible  168      6.8384e+10 7.8167e+10  14.3%   913 1290s
  1046   490 7.8167e+10  109  293 6.8384e+10 7.8167e+10  14.3%   898 1295s
  1059   499 7.8167e+10  122  231 6.8384e+10 7.8167e+10  14.3%   888 1313s
  1065   503 7.8167e+10  128  232 6.8384e+10 7.8167e+10  14.3%   883 1315s
  1077   510 7.8167e+10  134  235 6.8384e+10 7.8167e+10  14.3%   874 1320s
  1090   519 7.8167e+10  138  221 6.8384e+10 7.8167e+10  14.3%   864 1325s
  1112   525 7.8167e+10  143  256 6.8384e+10 7.8167e+10  14.3%   848 1330s
  1113   526 7.8167e+10  144  281 6.8384e+10 7.8167e+10  14.3%   848 1336s
  1127   533 7.8167e+10  148  250 6.8384e+10 7.8167e+10  14.3%   838 1340s
  1142   535 infeasible  154      6.8384e+10 7.8167e+10  14.3%   828 1345s
  1153   539 7.8167e+10  156  172 6.8384e+10 7.8167e+10  14.3%   820 1350s
  1167   548 7.8167e+10  162  167 6.8384e+10 7.8167e+10  14.3%   811 1378s
  1175   549 7.8167e+10  160  134 6.8384e+10 7.8167e+10  14.3%   806 1380s
  1198   547 infeasible  165      6.8384e+10 7.8167e+10  14.3%   791 1385s
  1216   527 infeasible  161      6.8384e+10 7.8167e+10  14.3%   782 1390s
  1222   521 7.8167e+10  153  158 6.8384e+10 7.8167e+10  14.3%   779 1404s
  1224   518 infeasible  154      6.8384e+10 7.8167e+10  14.3%   779 1405s
  1247   499 7.8167e+10  147  122 6.8384e+10 7.8167e+10  14.3%   767 1410s
  1249   501 7.8167e+10  146  214 6.8384e+10 7.8167e+10  14.3%   766 1415s
  1263   496 7.8167e+10  150  199 6.8384e+10 7.8167e+10  14.3%   759 1420s
  1276   499 7.8167e+10  160  157 6.8384e+10 7.8167e+10  14.3%   752 1431s
  1296   492 7.8167e+10  162  165 6.8384e+10 7.8167e+10  14.3%   742 1435s
  1311   494 7.8167e+10  169  111 6.8384e+10 7.8167e+10  14.3%   734 1440s
  1334   477 infeasible  173      6.8384e+10 7.8167e+10  14.3%   723 1445s
  1344   472 7.8167e+10  150  170 6.8384e+10 7.8167e+10  14.3%   719 1450s
  1363   459 7.8167e+10  147  179 6.8384e+10 7.8167e+10  14.3%   711 1455s
  1368   454 infeasible  148      6.8384e+10 7.8167e+10  14.3%   709 1460s
  1393   467 7.8167e+10  152  153 6.8384e+10 7.8167e+10  14.3%   697 1473s
  1403   471 7.8167e+10  160  166 6.8384e+10 7.8167e+10  14.3%   693 1475s
  1428   488 7.8167e+10  184  109 6.8384e+10 7.8167e+10  14.3%   681 1480s
  1447   495 7.8167e+10  200   77 6.8384e+10 7.8167e+10  14.3%   673 1491s
  1466   481 infeasible  189      6.8384e+10 7.8167e+10  14.3%   666 1495s
  1484   475 7.8167e+10  193   74 6.8384e+10 7.8167e+10  14.3%   659 1500s
  1507   475 7.8167e+10  202   61 6.8384e+10 7.8167e+10  14.3%   650 1512s
  1526   461 7.8167e+10  192   68 6.8384e+10 7.8167e+10  14.3%   643 1515s
  1548   446 7.8167e+10  184  120 6.8384e+10 7.8167e+10  14.3%   635 1520s
  1562   445 7.8167e+10  191  141 6.8384e+10 7.8167e+10  14.3%   631 1538s
  1569   438 7.8167e+10  141  154 6.8384e+10 7.8167e+10  14.3%   628 1540s
  1589   451 7.8167e+10  160   90 6.8384e+10 7.8167e+10  14.3%   620 1547s
H 1614   445                    7.306432e+10 7.8167e+10  6.98%   611 1550s
H 1614   426                    7.636684e+10 7.8167e+10  2.36%   611 1551s
  1643   447 7.8167e+10  212   65 7.6367e+10 7.8167e+10  2.36%   601 1555s
  1670   463 7.8167e+10  234   36 7.6367e+10 7.8167e+10  2.36%   592 1564s
  1679   459 infeasible  236      7.6367e+10 7.8167e+10  2.36%   589 1565s
  1697   463 7.8167e+10  221   49 7.6367e+10 7.8167e+10  2.36%   583 1571s
  1722   464 7.8167e+10  220   38 7.6367e+10 7.8167e+10  2.36%   576 1575s
  1751   445 infeasible  209      7.6367e+10 7.8167e+10  2.36%   568 1580s
  1766   436 infeasible  212      7.6367e+10 7.8167e+10  2.36%   564 1585s
  1789   417 7.8167e+10  177   90 7.6367e+10 7.8167e+10  2.36%   559 1597s
  1803   431 7.8167e+10  188   68 7.6367e+10 7.8167e+10  2.36%   555 1600s
  1816   442 7.8167e+10  200   55 7.6367e+10 7.8167e+10  2.36%   551 1605s
  1845   457 7.6473e+10  212   45 7.6367e+10 7.8167e+10  2.36%   543 1611s
  1872   470 7.8167e+10  193   66 7.6367e+10 7.8167e+10  2.36%   536 1627s
  1899   483 7.8167e+10  191   40 7.6367e+10 7.8167e+10  2.36%   529 1630s
  1936   514 7.8167e+10  224   94 7.6367e+10 7.8167e+10  2.36%   520 1635s
  1975   527 7.8167e+10  205   56 7.6367e+10 7.8167e+10  2.36%   510 1645s
  2017   533 7.8167e+10  222   59 7.6367e+10 7.8167e+10  2.36%   501 1650s
  2062   538 7.8167e+10  196   56 7.6367e+10 7.8167e+10  2.36%   491 1655s
  2117   551 7.8167e+10  207   62 7.6367e+10 7.8167e+10  2.36%   479 1660s
  2161   549 infeasible  208      7.6367e+10 7.8167e+10  2.36%   471 1665s
  2200   549 7.8167e+10  203   60 7.6367e+10 7.8167e+10  2.36%   464 1670s
  2235   540 infeasible  202      7.6367e+10 7.8167e+10  2.36%   458 1675s
  2283   556 7.8167e+10  212   42 7.6367e+10 7.8167e+10  2.36%   450 1680s
  2322   545 infeasible  203      7.6367e+10 7.8167e+10  2.36%   444 1685s
  2326   549 7.8167e+10  197   69 7.6367e+10 7.8167e+10  2.36%   443 1690s
  2369   552 7.8167e+10  197   57 7.6367e+10 7.8167e+10  2.36%   437 1695s
  2408   567 7.8167e+10  203   47 7.6367e+10 7.8167e+10  2.36%   431 1700s
  2460   578 7.8167e+10  207   75 7.6367e+10 7.8167e+10  2.36%   423 1705s
  2497   592 infeasible  195      7.6367e+10 7.8167e+10  2.36%   417 1710s
  2538   603 7.8167e+10  192   80 7.6367e+10 7.8167e+10  2.36%   412 1715s
  2554   607 7.8167e+10  187   68 7.6367e+10 7.8167e+10  2.36%   410 1720s
  2578   615 7.8167e+10  191   65 7.6367e+10 7.8167e+10  2.36%   407 1752s
  2581   616 7.8167e+10  194   74 7.6367e+10 7.8167e+10  2.36%   406 1755s
  2628   621 7.8167e+10  197   33 7.6367e+10 7.8167e+10  2.36%   400 1760s
  2642   621 7.8167e+10  199   44 7.6367e+10 7.8167e+10  2.36%   398 1770s
  2690   628 infeasible  196      7.6367e+10 7.8167e+10  2.36%   392 1775s
  2733   640 7.8167e+10  188   72 7.6367e+10 7.8167e+10  2.36%   387 1780s
  2774   661 7.8167e+10  198   69 7.6367e+10 7.8167e+10  2.36%   382 1785s
  2800   657 7.8167e+10  207   63 7.6367e+10 7.8167e+10  2.36%   380 1790s
  2835   653 7.8167e+10  195   70 7.6367e+10 7.8167e+10  2.36%   377 1795s
  2859   654 7.6858e+10  196   88 7.6367e+10 7.8167e+10  2.36%   375 1800s
  2891   653 7.8167e+10  189   76 7.6367e+10 7.8167e+10  2.36%   372 1805s
  2935   665 7.8167e+10  190   69 7.6367e+10 7.8167e+10  2.36%   368 1810s
  2968   666 7.8167e+10  199   62 7.6367e+10 7.8167e+10  2.36%   365 1815s
  2999   656 infeasible  194      7.6367e+10 7.8167e+10  2.36%   363 1820s
  3014   651 infeasible  196      7.6367e+10 7.8167e+10  2.36%   361 1825s
  3057   662 infeasible  203      7.6367e+10 7.8167e+10  2.36%   357 1830s
  3112   664 infeasible  204      7.6367e+10 7.8167e+10  2.36%   352 1835s
  3122   660 7.8167e+10  200   51 7.6367e+10 7.8167e+10  2.36%   351 1844s
  3129   656 infeasible  198      7.6367e+10 7.8167e+10  2.36%   350 1845s
  3173   656 infeasible  203      7.6367e+10 7.8167e+10  2.36%   346 1850s
  3234   665 infeasible  212      7.6367e+10 7.8167e+10  2.36%   340 1855s
  3292   674 infeasible  220      7.6367e+10 7.8167e+10  2.36%   335 1860s
  3345   678 7.8167e+10  206   57 7.6367e+10 7.8167e+10  2.36%   331 1865s
  3396   680 7.8167e+10  210   71 7.6367e+10 7.8167e+10  2.36%   326 1870s
  3440   668 infeasible  207      7.6367e+10 7.8167e+10  2.36%   323 1875s
  3495   664 infeasible  207      7.6367e+10 7.8167e+10  2.36%   318 1880s
  3537   664 7.8167e+10  194   92 7.6367e+10 7.8167e+10  2.36%   316 1885s
  3542   669 7.8167e+10  195   62 7.6367e+10 7.8167e+10  2.36%   315 1896s
  3580   663 infeasible  197      7.6367e+10 7.8167e+10  2.36%   313 1900s
  3620   647 7.8167e+10  191   48 7.6367e+10 7.8167e+10  2.36%   310 1905s
  3672   644 infeasible  196      7.6367e+10 7.8167e+10  2.36%   307 1910s
  3715   633 infeasible  194      7.6367e+10 7.8167e+10  2.36%   304 1915s
  3763   634 7.8167e+10  203   86 7.6367e+10 7.8167e+10  2.36%   302 1920s
  3803   630 7.8167e+10  203   70 7.6367e+10 7.8167e+10  2.36%   299 1925s
  3847   622 infeasible  203      7.6367e+10 7.8167e+10  2.36%   297 1930s
  3883   616 7.8167e+10  193   67 7.6367e+10 7.8167e+10  2.36%   295 1935s
  3928   617 infeasible  191      7.6367e+10 7.8167e+10  2.36%   292 1940s
  3941   618 7.8167e+10  192   76 7.6367e+10 7.8167e+10  2.36%   292 1946s
  3960   611 infeasible  191      7.6367e+10 7.8167e+10  2.36%   291 1950s
  4000   599 7.8167e+10  199   64 7.6367e+10 7.8167e+10  2.36%   289 1955s
  4012   599 7.8167e+10  200   82 7.6367e+10 7.8167e+10  2.36%   288 1963s
  4026   599 7.8167e+10  199   62 7.6367e+10 7.8167e+10  2.36%   288 1965s
  4067   593 infeasible  200      7.6367e+10 7.8167e+10  2.36%   286 1970s
  4116   594 infeasible  209      7.6367e+10 7.8167e+10  2.36%   283 1975s
  4161   592 7.8167e+10  212   84 7.6367e+10 7.8167e+10  2.36%   281 1980s
  4206   584 7.8167e+10  194   85 7.6367e+10 7.8167e+10  2.36%   279 1985s
  4254   582 7.8167e+10  200   80 7.6367e+10 7.8167e+10  2.36%   277 1990s
  4299   574 infeasible  210      7.6367e+10 7.8167e+10  2.36%   274 1995s
  4341   571 infeasible  202      7.6367e+10 7.8167e+10  2.36%   273 2000s
  4363   570 infeasible  201      7.6367e+10 7.8167e+10  2.36%   272 2005s
  4404   570 7.8167e+10  203   60 7.6367e+10 7.8167e+10  2.36%   270 2010s
  4436   561 infeasible  215      7.6367e+10 7.8167e+10  2.36%   269 2015s
  4459   562 infeasible  221      7.6367e+10 7.8167e+10  2.36%   268 2020s
  4491   556 7.8167e+10  201   59 7.6367e+10 7.8167e+10  2.36%   267 2026s
  4518   552 infeasible  198      7.6367e+10 7.8167e+10  2.36%   267 2030s
  4536   551 infeasible  202      7.6367e+10 7.8167e+10  2.36%   266 2035s
  4571   552 infeasible  186      7.6367e+10 7.8167e+10  2.36%   265 2040s
  4612   551 infeasible  191      7.6367e+10 7.8167e+10  2.36%   263 2045s
  4630   545 7.6858e+10  199   94 7.6367e+10 7.8167e+10  2.36%   263 2051s
  4661   541 infeasible  196      7.6367e+10 7.8167e+10  2.36%   262 2055s
  4697   553 7.8167e+10  224   56 7.6367e+10 7.8167e+10  2.36%   261 2060s
  4740   570 7.6473e+10  230   25 7.6367e+10 7.8167e+10  2.36%   259 2065s
  4801   577 7.8167e+10  220   39 7.6367e+10 7.8167e+10  2.36%   256 2070s
  4836   576 7.8167e+10  221   37 7.6367e+10 7.8167e+10  2.36%   255 2078s
  4853   578 7.8167e+10  218   61 7.6367e+10 7.8167e+10  2.36%   254 2080s
  4895   570 infeasible  217      7.6367e+10 7.8167e+10  2.36%   253 2085s
  4924   573 7.8167e+10  221   62 7.6367e+10 7.8167e+10  2.36%   252 2092s
  4943   568 7.8167e+10  229   69 7.6367e+10 7.8167e+10  2.36%   251 2095s
  4985   572 7.8167e+10  183   69 7.6367e+10 7.8167e+10  2.36%   250 2100s
  5021   588 infeasible  201      7.6367e+10 7.8167e+10  2.36%   248 2105s
  5057   586 7.8167e+10  191   91 7.6367e+10 7.8167e+10  2.36%   247 2110s
  5091   576 7.8167e+10  193   93 7.6367e+10 7.8167e+10  2.36%   246 2115s
  5103   572 infeasible  185      7.6367e+10 7.8167e+10  2.36%   246 2120s
  5141   570 infeasible  188      7.6367e+10 7.8167e+10  2.36%   245 2125s
  5187   578 infeasible  192      7.6367e+10 7.8167e+10  2.36%   244 2130s
  5239   579 7.8167e+10  194   65 7.6367e+10 7.8167e+10  2.36%   242 2135s
  5278   583 7.8167e+10  183   75 7.6367e+10 7.8167e+10  2.36%   241 2143s
  5287   591 7.8167e+10  192   60 7.6367e+10 7.8167e+10  2.36%   240 2158s
  5302   602 7.6473e+10  202   55 7.6367e+10 7.8167e+10  2.36%   240 2160s
  5354   627 infeasible  206      7.6367e+10 7.8167e+10  2.36%   238 2165s
  5373   636 7.8167e+10  194   76 7.6367e+10 7.8167e+10  2.36%   238 2198s
  5374   637 7.8167e+10  195   84 7.6367e+10 7.8167e+10  2.36%   238 2202s
  5390   643 7.6473e+10  201  118 7.6367e+10 7.8167e+10  2.36%   237 2205s
  5420   623 7.6473e+10  193   71 7.6367e+10 7.8167e+10  2.36%   237 2210s
  5455   636 7.8167e+10  197   61 7.6367e+10 7.8167e+10  2.36%   236 2215s
  5461   636 7.8167e+10  198   67 7.6367e+10 7.8167e+10  2.36%   236 2220s
  5508   647 infeasible  197      7.6367e+10 7.8167e+10  2.36%   234 2225s
  5572   663 infeasible  202      7.6367e+10 7.8167e+10  2.36%   232 2230s
  5614   656 7.8167e+10  205   45 7.6367e+10 7.8167e+10  2.36%   231 2235s
  5647   644 7.8167e+10  201   30 7.6367e+10 7.8167e+10  2.36%   230 2251s
  5693   648 infeasible  204      7.6367e+10 7.8167e+10  2.36%   229 2255s
  5747   642 7.8167e+10  205   95 7.6367e+10 7.8167e+10  2.36%   227 2260s
  5796   663 7.8167e+10  219   57 7.6367e+10 7.8167e+10  2.36%   226 2265s
  5841   676 7.8167e+10  216   66 7.6367e+10 7.8167e+10  2.36%   225 2270s
  5887   670 7.8167e+10  216   68 7.6367e+10 7.8167e+10  2.36%   224 2275s
  5936   679 infeasible  218      7.6367e+10 7.8167e+10  2.36%   223 2280s
  5983   673 infeasible  219      7.6367e+10 7.8167e+10  2.36%   222 2285s
  6037   667 infeasible  222      7.6367e+10 7.8167e+10  2.36%   220 2290s
  6079   663 7.8167e+10  205   86 7.6367e+10 7.8167e+10  2.36%   219 2295s
  6129   680 7.7932e+10  214   80 7.6367e+10 7.8167e+10  2.36%   218 2300s
  6185   682 infeasible  219      7.6367e+10 7.8167e+10  2.36%   217 2305s
  6241   676 7.8167e+10  211   61 7.6367e+10 7.8167e+10  2.36%   215 2310s
  6289   666 7.8167e+10  212   62 7.6367e+10 7.8167e+10  2.36%   214 2315s
  6337   666 infeasible  217      7.6367e+10 7.8167e+10  2.36%   213 2320s
  6365   682 7.8167e+10  229   50 7.6367e+10 7.8167e+10  2.36%   212 2325s
  6409   680 7.8167e+10  224   52 7.6367e+10 7.8167e+10  2.36%   211 2330s
  6461   670 infeasible  225      7.6367e+10 7.8167e+10  2.36%   210 2335s
  6507   678 7.8167e+10  217   62 7.6367e+10 7.8167e+10  2.36%   209 2340s
  6538   675 7.8167e+10  210   53 7.6367e+10 7.8167e+10  2.36%   208 2348s
  6550   685 7.8167e+10  221   43 7.6367e+10 7.8167e+10  2.36%   208 2350s
  6601   689 infeasible  225      7.6367e+10 7.8167e+10  2.36%   207 2355s
  6667   691 7.8167e+10  214   44 7.6367e+10 7.8167e+10  2.36%   206 2360s
  6724   698 infeasible  222      7.6367e+10 7.8167e+10  2.36%   204 2365s
  6772   682 infeasible  220      7.6367e+10 7.8167e+10  2.36%   203 2370s
  6823   681 7.8167e+10  221   42 7.6367e+10 7.8167e+10  2.36%   202 2375s
  6837   681 7.8167e+10  223   39 7.6367e+10 7.8167e+10  2.36%   202 2380s
  6890   686 7.8167e+10  225   35 7.6367e+10 7.8167e+10  2.36%   201 2387s
  6920   682 7.8167e+10  228   24 7.6367e+10 7.8167e+10  2.36%   200 2390s
  6965   695 infeasible  220      7.6367e+10 7.8167e+10  2.36%   200 2395s
  6982   700 7.8167e+10  212   69 7.6367e+10 7.8167e+10  2.36%   199 2407s
  7007   695 7.8167e+10  210  106 7.6367e+10 7.8167e+10  2.36%   199 2410s
  7052   698 7.8167e+10  216   55 7.6367e+10 7.8167e+10  2.36%   198 2415s
  7098   697 infeasible  211      7.6367e+10 7.8167e+10  2.36%   197 2420s
  7128   701 7.8167e+10  216   80 7.6367e+10 7.8167e+10  2.36%   197 2425s
  7161   697 infeasible  206      7.6367e+10 7.8167e+10  2.36%   197 2430s
  7210   712 7.8167e+10  213   61 7.6367e+10 7.8167e+10  2.36%   196 2435s
  7262   728 7.8167e+10  226   34 7.6367e+10 7.8167e+10  2.36%   195 2440s
  7305   725 7.8167e+10  222   42 7.6367e+10 7.8167e+10  2.36%   194 2445s
  7350   705 infeasible  217      7.6367e+10 7.8167e+10  2.36%   193 2450s
  7394   707 7.8167e+10  197   83 7.6367e+10 7.8167e+10  2.36%   193 2455s
  7435   718 7.8167e+10  202   74 7.6367e+10 7.8167e+10  2.36%   192 2460s
  7469   734 7.8167e+10  208   71 7.6367e+10 7.8167e+10  2.36%   192 2465s
  7509   732 7.8167e+10  202   70 7.6367e+10 7.8167e+10  2.36%   191 2472s
  7545   736 7.8167e+10  203   44 7.6367e+10 7.8167e+10  2.36%   190 2475s
  7598   731 infeasible  206      7.6367e+10 7.8167e+10  2.36%   189 2480s
  7636   739 7.8167e+10  170   68 7.6367e+10 7.8167e+10  2.36%   189 2485s
  7687   768 7.8167e+10  190   56 7.6367e+10 7.8167e+10  2.36%   188 2490s
  7730   793 7.8167e+10  170   89 7.6367e+10 7.8167e+10  2.36%   187 2500s
  7781   816 7.8167e+10  194   58 7.6367e+10 7.8167e+10  2.36%   186 2505s
  7819   814 7.8167e+10  189   77 7.6367e+10 7.8167e+10  2.36%   186 2510s
  7872   823 7.8167e+10  188   67 7.6367e+10 7.8167e+10  2.36%   185 2515s
  7930   817 infeasible  191      7.6367e+10 7.8167e+10  2.36%   184 2520s
  7973   804 infeasible  189      7.6367e+10 7.8167e+10  2.36%   183 2525s
  8018   803 infeasible  198      7.6367e+10 7.8167e+10  2.36%   183 2530s
  8046   803 7.8167e+10  184   85 7.6367e+10 7.8167e+10  2.36%   182 2538s
  8057   794 infeasible  201      7.6367e+10 7.8167e+10  2.36%   182 2540s
  8100   807 7.8167e+10  182   32 7.6367e+10 7.8167e+10  2.36%   182 2545s
  8150   830 7.8167e+10  185  105 7.6367e+10 7.8167e+10  2.36%   181 2550s
  8195   834 infeasible  168      7.6367e+10 7.8167e+10  2.36%   180 2555s
  8258   856 7.8167e+10  173   53 7.6367e+10 7.8167e+10  2.36%   179 2560s
  8313   869 7.8167e+10  181   32 7.6367e+10 7.8167e+10  2.36%   178 2565s
  8355   859 7.8167e+10  174   70 7.6367e+10 7.8167e+10  2.36%   178 2573s
  8372   864 infeasible  183      7.6367e+10 7.8167e+10  2.36%   178 2575s
  8424   872 7.8167e+10  206   38 7.6367e+10 7.8167e+10  2.36%   177 2580s
  8480   858 infeasible  181      7.6367e+10 7.8167e+10  2.36%   176 2585s
  8515   843 7.8167e+10  175   63 7.6367e+10 7.8167e+10  2.36%   176 2590s
  8574   852 7.8167e+10  180   38 7.6367e+10 7.8167e+10  2.36%   175 2595s
  8629   846 infeasible  191      7.6367e+10 7.8167e+10  2.36%   174 2600s
  8667   848 7.8167e+10  191   38 7.6367e+10 7.8167e+10  2.36%   174 2605s
  8685   850 7.8167e+10  178   70 7.6367e+10 7.8167e+10  2.36%   174 2610s
  8734   852 7.8167e+10  178   76 7.6367e+10 7.8167e+10  2.36%   173 2615s
  8785   855 7.8167e+10  169   61 7.6367e+10 7.8167e+10  2.36%   172 2620s
  8807   863 7.8167e+10  175   59 7.6367e+10 7.8167e+10  2.36%   172 2667s
  8821   865 infeasible  182      7.6367e+10 7.8167e+10  2.36%   172 2670s
  8839   867 infeasible  178      7.6367e+10 7.8167e+10  2.36%   172 2675s
  8856   872 7.8167e+10  172   58 7.6367e+10 7.8167e+10  2.36%   172 2682s
  8862   872 7.8167e+10  172   70 7.6367e+10 7.8167e+10  2.36%   172 2697s
  8888   872 7.8167e+10  177   62 7.6367e+10 7.8167e+10  2.36%   171 2700s
  8955   891 infeasible  169      7.6367e+10 7.8167e+10  2.36%   170 2705s
  9012   902 7.8167e+10  183   46 7.6367e+10 7.8167e+10  2.36%   170 2710s
  9055   891 infeasible  191      7.6367e+10 7.8167e+10  2.36%   169 2715s
  9110   888 infeasible  176      7.6367e+10 7.8167e+10  2.36%   169 2720s
  9155   879 7.8167e+10  172   45 7.6367e+10 7.8167e+10  2.36%   168 2725s
  9198   874 7.8167e+10  172   49 7.6367e+10 7.8167e+10  2.36%   168 2730s
  9241   865 infeasible  186      7.6367e+10 7.8167e+10  2.36%   168 2735s
  9266   856 7.8167e+10  177   27 7.6367e+10 7.8167e+10  2.36%   167 2740s
  9312   864 7.8167e+10  186   53 7.6367e+10 7.8167e+10  2.36%   167 2745s
  9361   873 infeasible  197      7.6367e+10 7.8167e+10  2.36%   167 2750s
  9414   870 7.8167e+10  192   61 7.6367e+10 7.8167e+10  2.36%   166 2755s
  9439   874 7.8167e+10  193   42 7.6367e+10 7.8167e+10  2.36%   166 2760s
  9482   872 infeasible  198      7.6367e+10 7.8167e+10  2.36%   165 2765s
  9528   857 infeasible  191      7.6367e+10 7.8167e+10  2.36%   165 2770s
  9575   868 7.8167e+10  171   66 7.6367e+10 7.8167e+10  2.36%   164 2775s
  9604   880 7.8167e+10  175   93 7.6367e+10 7.8167e+10  2.36%   164 2781s
  9649   894 infeasible  175      7.6367e+10 7.8167e+10  2.36%   163 2785s
  9704   916 7.6997e+10  189   24 7.6367e+10 7.8167e+10  2.36%   163 2790s
  9755   915 7.8167e+10  177   53 7.6367e+10 7.8167e+10  2.36%   162 2795s
  9790   914 7.8167e+10  184   72 7.6367e+10 7.8167e+10  2.36%   162 2800s
H 9831   839                    7.726684e+10 7.8167e+10  1.16%   162 2806s
  9839   847 7.8167e+10  191   56 7.7267e+10 7.8167e+10  1.16%   162 2810s
  9890   844 infeasible  179      7.7267e+10 7.8167e+10  1.16%   161 2815s
  9937   837 infeasible  181      7.7267e+10 7.8167e+10  1.16%   161 2820s
  9973   837 7.8167e+10  177   84 7.7267e+10 7.8167e+10  1.16%   161 2825s
 10015   860 7.8167e+10  202   55 7.7267e+10 7.8167e+10  1.16%   160 2830s
 10077   867 infeasible  182      7.7267e+10 7.8167e+10  1.16%   160 2835s
 10108   870 infeasible  175      7.7267e+10 7.8167e+10  1.16%   159 2840s
 10161   867 infeasible  184      7.7267e+10 7.8167e+10  1.16%   159 2845s
 10227   875 7.8167e+10  183   34 7.7267e+10 7.8167e+10  1.16%   158 2850s
 10281   871 7.8167e+10  179   65 7.7267e+10 7.8167e+10  1.16%   158 2856s
 10305   865 7.8167e+10  175   92 7.7267e+10 7.8167e+10  1.16%   158 2860s
 10350   854 7.8167e+10  199   49 7.7267e+10 7.8167e+10  1.16%   157 2865s
 10399   843 7.8167e+10  192   65 7.7267e+10 7.8167e+10  1.16%   157 3431s
 10423   847 7.8167e+10  199   45 7.7267e+10 7.8167e+10  1.16%   157 3435s
 10478   847 7.8167e+10  184   60 7.7267e+10 7.8167e+10  1.16%   156 3440s
 10547   852 7.8167e+10  192   60 7.7267e+10 7.8167e+10  1.16%   155 3445s
 10607   854 7.8167e+10  193   60 7.7267e+10 7.8167e+10  1.16%   155 3452s
 10635   852 infeasible  190      7.7267e+10 7.8167e+10  1.16%   155 3455s
 10681   840 infeasible  189      7.7267e+10 7.8167e+10  1.16%   154 3460s
 10723   842 7.8167e+10  178   97 7.7267e+10 7.8167e+10  1.16%   154 3465s
 10766   843 infeasible  178      7.7267e+10 7.8167e+10  1.16%   154 3470s
 10792   843 7.8167e+10  178   58 7.7267e+10 7.8167e+10  1.16%   154 3475s
 10844   841 7.8167e+10  186   90 7.7267e+10 7.8167e+10  1.16%   153 3480s
 10894   843 infeasible  180      7.7267e+10 7.8167e+10  1.16%   153 3485s
 10921   840 infeasible  183      7.7267e+10 7.8167e+10  1.16%   153 3490s
 10963   840 infeasible  179      7.7267e+10 7.8167e+10  1.16%   153 3495s
 11002   839 infeasible  179      7.7267e+10 7.8167e+10  1.16%   152 3500s
 11042   843 infeasible  187      7.7267e+10 7.8167e+10  1.16%   152 3505s
 11112   848 infeasible  190      7.7267e+10 7.8167e+10  1.16%   151 3510s
 11176   852 7.8167e+10  187   44 7.7267e+10 7.8167e+10  1.16%   151 3515s
 11249   853 infeasible  197      7.7267e+10 7.8167e+10  1.16%   150 3520s
 11293   851 7.8167e+10  195   32 7.7267e+10 7.8167e+10  1.16%   150 3525s
 11336   836 7.8167e+10  181   80 7.7267e+10 7.8167e+10  1.16%   149 3531s
 11362   832 infeasible  173      7.7267e+10 7.8167e+10  1.16%   149 3535s
 11394   834 7.8167e+10  178   83 7.7267e+10 7.8167e+10  1.16%   149 3540s
 11427   837 7.8167e+10  184   75 7.7267e+10 7.8167e+10  1.16%   149 3545s
 11469   835 7.8167e+10  186   66 7.7267e+10 7.8167e+10  1.16%   149 3550s
 11516   835 7.8167e+10  179   53 7.7267e+10 7.8167e+10  1.16%   148 3555s
 11564   833 7.8167e+10  180   88 7.7267e+10 7.8167e+10  1.16%   148 3560s
 11595   826 7.8167e+10  174   63 7.7267e+10 7.8167e+10  1.16%   148 3566s
 11631   834 7.8167e+10  181   82 7.7267e+10 7.8167e+10  1.16%   148 3570s
 11671   832 7.8167e+10  180   77 7.7267e+10 7.8167e+10  1.16%   148 3575s
 11719   835 7.8167e+10  181   90 7.7267e+10 7.8167e+10  1.16%   147 3580s
 11752   842 7.8167e+10  174   58 7.7267e+10 7.8167e+10  1.16%   147 3585s
 11772   844 7.8167e+10  170   76 7.7267e+10 7.8167e+10  1.16%   147 3590s

Cutting planes:
  Gomory: 7
  Cover: 693
  Implied bound: 18
  MIR: 36
  StrongCG: 2
  Flow cover: 317
  Inf proof: 253
  Zero half: 77
  RLT: 32
  Relax-and-lift: 12

Explored 11795 nodes (1925228 simplex iterations) in 3593.24 seconds (2485.52 work units)
Thread count was 1 (of 28 available processors)

Solution count 10: 7.72668e+10 7.63668e+10 7.30643e+10 ... 5.55143e+10

Time limit reached
Best objective 7.726684146000e+10, best bound 7.816684146000e+10, gap 1.1648%

User-callback calls 696584, time in user-callback 0.87 sec