Gurobi Optimizer version 12.0.3 build v12.0.3rc0 (linux64 - "Oracle Linux Server 9.4")

CPU model: Intel(R) Xeon(R) CPU E5-2660 v4 @ 2.00GHz, instruction set [SSE2|AVX|AVX2]
Thread count: 28 physical cores, 28 logical processors, using up to 1 threads

Non-default parameters:
TimeLimit  3594.218588616
SoftMemLimit  16
NumericFocus  1
Threads  1

Academic license 2690100 - for non-commercial use only - registered to ju___@uclm.es
Optimize a model with 82543 rows, 19040 columns and 312734 nonzeros
Model fingerprint: 0xd761c6d4
Variable types: 152 continuous, 18888 integer (18888 binary)
Coefficient statistics:
  Matrix range     [1e+00, 2e+13]
  Objective range  [6e+08, 2e+09]
  Bounds range     [1e+03, 1e+04]
  RHS range        [1e+00, 2e+14]
Warning: Model contains large matrix coefficient range
Warning: Model contains large objective coefficients
Warning: Model contains large rhs
Found heuristic solution: objective -0.0000000
Presolve removed 27393 rows and 4109 columns
Presolve time: 2.31s
Presolved: 55150 rows, 14931 columns, 199170 nonzeros
Variable types: 152 continuous, 14779 integer (14779 binary)
Root relaxation presolved: 55150 rows, 14931 columns, 199170 nonzeros


Root relaxation: objective 9.200443e+10, 5404 iterations, 2.07 seconds (1.68 work units)
Total elapsed time = 5.30s (DegenMoves)

    Nodes    |    Current Node    |     Objective Bounds      |     Work
 Expl Unexpl |  Obj  Depth IntInf | Incumbent    BestBd   Gap | It/Node Time

     0     0 9.2004e+10    0  957   -0.00000 9.2004e+10      -     -    7s
H    0     0                    3.015917e+09 9.2004e+10  2951%     -    8s
H    0     0                    7.792592e+09 9.2004e+10  1081%     -    8s
H    0     0                    1.314851e+10 9.2004e+10   600%     -    8s
H    0     0                    1.565162e+10 9.2004e+10   488%     -    9s
H    0     0                    1.657994e+10 9.2004e+10   455%     -    9s
H    0     0                    2.008994e+10 9.2004e+10   358%     -    9s
H    0     0                    2.083979e+10 9.2004e+10   341%     -    9s
H    0     0                    2.170247e+10 9.2004e+10   324%     -    9s
H    0     0                    2.181342e+10 9.2004e+10   322%     -   10s
H    0     0                    2.339679e+10 9.2004e+10   293%     -   10s
     0     0 8.9908e+10    0  993 2.3397e+10 8.9908e+10   284%     -   15s
H    0     0                    2.398755e+10 8.9868e+10   275%     -   15s
     0     0 8.9868e+10    0  991 2.3988e+10 8.9868e+10   275%     -   16s
     0     0 8.9858e+10    0  980 2.3988e+10 8.9858e+10   275%     -   21s
     0     0 8.9858e+10    0  939 2.3988e+10 8.9858e+10   275%     -   22s
     0     0 8.9574e+10    0 1064 2.3988e+10 8.9574e+10   273%     -   24s
     0     0 8.9574e+10    0 1009 2.3988e+10 8.9574e+10   273%     -   25s
     0     0 8.9574e+10    0 1064 2.3988e+10 8.9574e+10   273%     -   27s
     0     0 8.9106e+10    0 1021 2.3988e+10 8.9106e+10   271%     -   28s
     0     0 8.9106e+10    0 1019 2.3988e+10 8.9106e+10   271%     -   28s
     0     0 8.9106e+10    0 1034 2.3988e+10 8.9106e+10   271%     -   32s
     0     0 8.9106e+10    0  942 2.3988e+10 8.9106e+10   271%     -   34s
     0     0 8.9106e+10    0 1109 2.3988e+10 8.9106e+10   271%     -   36s
     0     0 8.9106e+10    0  919 2.3988e+10 8.9106e+10   271%     -   36s
     0     0 8.9106e+10    0  842 2.3988e+10 8.9106e+10   271%     -   44s
     0     0 8.9106e+10    0  989 2.3988e+10 8.9106e+10   271%     -   45s
     0     0 8.9106e+10    0  994 2.3988e+10 8.9106e+10   271%     -   49s
     0     0 8.9106e+10    0  959 2.3988e+10 8.9106e+10   271%     -   49s
     0     0 8.9106e+10    0  953 2.3988e+10 8.9106e+10   271%     -   53s
H    0     0                    3.394773e+10 8.9106e+10   162%     -   53s
     0     0 8.9106e+10    0 1019 3.3948e+10 8.9106e+10   162%     -   54s
     0     0 8.9106e+10    0  962 3.3948e+10 8.9106e+10   162%     -   58s
     0     0 8.9106e+10    0  962 3.3948e+10 8.9106e+10   162%     -   59s
     0     2 8.9027e+10    0  962 3.3948e+10 8.9027e+10   162%     -   68s
     5     7 8.8298e+10    4  428 3.3948e+10 8.8352e+10   160%  1974   70s
H   26    26                    4.561574e+10 8.8352e+10  93.7%   496   72s
    27    29 8.7513e+10   15  316 4.5616e+10 8.8352e+10  93.7%   485   80s
   100   100 8.7369e+10   54  278 4.5616e+10 8.8352e+10  93.7%   190   85s
H  103   101                    5.050926e+10 8.8352e+10  74.9%   185   85s
   181   167 8.7369e+10   98  222 5.0509e+10 8.8352e+10  74.9%   121   90s
   287   238 8.7369e+10  156  227 5.0509e+10 8.8352e+10  74.9%  86.0   95s
   397   274 7.8065e+10    9  441 5.0509e+10 8.8298e+10  74.8%  68.7  100s
   404   281 7.7631e+10   14  274 5.0509e+10 8.8298e+10  74.8%  68.7  105s
H  444   316                    5.735344e+10 8.8298e+10  54.0%  70.2  108s
H  444   316                    5.867504e+10 8.8298e+10  50.5%  70.2  109s
H  444   316                    6.203100e+10 8.8298e+10  42.3%  70.2  110s
   508   365 7.7015e+10   77  368 6.2031e+10 8.8298e+10  42.3%  75.4  115s
   568   423 7.7015e+10  113  242 6.2031e+10 8.8298e+10  42.3%  83.2  120s
H  618   449                    6.443100e+10 8.8298e+10  37.0%  89.2  124s
   619   450 8.7369e+10   61  962 6.4431e+10 8.8298e+10  37.0%  89.1  149s
H  620   428                    6.563100e+10 8.8298e+10  34.5%  89.0  159s
   621   428 7.7015e+10   34  870 6.5631e+10 8.8298e+10  34.5%  88.8  161s
   622   429 8.7344e+10   24  356 6.5631e+10 8.8298e+10  34.5%  88.7  174s
   623   430 8.7369e+10   54  690 6.5631e+10 8.8298e+10  34.5%  88.5  176s
H  624   408                    6.796060e+10 8.8298e+10  29.9%  88.4  186s
   626   410 7.7015e+10  138  640 6.7961e+10 8.8298e+10  29.9%  88.1  191s
H  626   390                    6.896860e+10 8.8298e+10  28.0%  88.1  199s
   628   391 7.7015e+10  104  842 6.8969e+10 8.8298e+10  28.0%  87.8  206s
   629   392 8.7513e+10   19  540 6.8969e+10 8.8298e+10  28.0%  87.7  217s
   630   392 8.7369e+10   73  945 6.8969e+10 8.8298e+10  28.0%  87.5  223s
   631   393 7.8065e+10    9  823 6.8969e+10 8.8298e+10  28.0%  87.4  230s
   633   394 8.7369e+10   52  692 6.8969e+10 8.8298e+10  28.0%  87.1  240s
   635   396 8.7369e+10   30  796 6.8969e+10 8.8298e+10  28.0%  86.9  250s
   636   396 7.7015e+10  122  966 6.8969e+10 8.8298e+10  28.0%  86.7  257s
   637   397 8.7513e+10   23  938 6.8969e+10 8.8298e+10  28.0%  86.6  263s
   638   398 8.7369e+10  177  790 6.8969e+10 8.8298e+10  28.0%  86.4  267s
   639   398 8.7369e+10   42  757 6.8969e+10 8.8298e+10  28.0%  86.3  272s
   640   399 7.7015e+10  118  715 6.8969e+10 8.8298e+10  28.0%  86.2  276s
   641   400 7.7015e+10  120  696 6.8969e+10 8.8298e+10  28.0%  86.0  289s
   642   400 7.7015e+10  124  657 6.8969e+10 8.8298e+10  28.0%  85.9  291s
H  642   379                    7.029019e+10 8.8298e+10  25.6%  85.9  298s
   644   381 7.7015e+10   21  675 7.0290e+10 8.8298e+10  25.6%  85.6  300s
   645   381 7.7015e+10  104  718 7.0290e+10 8.8298e+10  25.6%  85.5  305s
   647   383 7.7015e+10   79  597 7.0290e+10 8.8298e+10  25.6%  85.2  311s
   649   384 7.7015e+10   80  622 7.0290e+10 8.8298e+10  25.6%  85.0  316s
   651   385 8.7369e+10  193  626 7.0290e+10 8.8298e+10  25.6%  84.7  323s
   652   386 7.7015e+10  115  626 7.0290e+10 8.8298e+10  25.6%  84.6  329s
   653   387 8.7513e+10   14  626 7.0290e+10 8.8298e+10  25.6%  84.5  336s
   654   389 8.8298e+10   11  508 7.0290e+10 8.8298e+10  25.6%   324  348s
   658   392 8.7963e+10   14  400 7.0290e+10 8.8298e+10  25.6%   323  350s
   670   400 8.7963e+10   25  333 7.0290e+10 8.8298e+10  25.6%   318  355s
   679   406 8.5623e+10   31  400 7.0290e+10 8.8298e+10  25.6%   330  361s
   680   407 8.7963e+10   32  326 7.0290e+10 8.8298e+10  25.6%   330  371s
   694   416 8.7963e+10   42  383 7.0290e+10 8.8298e+10  25.6%   328  375s
   721   434 8.7963e+10   57  385 7.0290e+10 8.8298e+10  25.6%   325  380s
   739   446 8.7963e+10   67  366 7.0290e+10 8.8298e+10  25.6%   327  385s
   760   460 8.7963e+10   78  352 7.0290e+10 8.8298e+10  25.6%   327  390s
   785   477 8.7963e+10   92  303 7.0290e+10 8.8298e+10  25.6%   324  402s
   806   484 8.7963e+10  104  257 7.0290e+10 8.8298e+10  25.6%   317  405s
   837   498 8.7963e+10  123  275 7.0290e+10 8.8298e+10  25.6%   310  410s
   882   514 8.7963e+10  147  229 7.0290e+10 8.8298e+10  25.6%   297  415s
   905   516 8.7963e+10   21  265 7.0290e+10 8.8298e+10  25.6%   291  420s
   924   528 8.7963e+10   36  478 7.0290e+10 8.8298e+10  25.6%   296  425s
   947   544 8.7963e+10   53  324 7.0290e+10 8.8298e+10  25.6%   293  430s
   966   556 8.7963e+10   64  308 7.0290e+10 8.8298e+10  25.6%   296  435s
   984   568 8.7963e+10   73  351 7.0290e+10 8.8298e+10  25.6%   300  440s
  1015   589 8.7963e+10   92  448 7.0290e+10 8.8298e+10  25.6%   296  445s
  1039   605 8.7963e+10  105  290 7.0290e+10 8.8298e+10  25.6%   294  450s
  1071   626 8.7963e+10  125  320 7.0290e+10 8.8298e+10  25.6%   289  455s
  1086   636 8.7963e+10  133  300 7.0290e+10 8.8298e+10  25.6%   286  466s
  1119   653 8.7963e+10  152  246 7.0290e+10 8.8298e+10  25.6%   279  470s
  1161   674 8.7963e+10  173  250 7.0290e+10 8.8298e+10  25.6%   270  475s
  1195   681 infeasible  193      7.0290e+10 8.8298e+10  25.6%   265  480s
  1199   678 8.7675e+10   12  925 7.0290e+10 8.7963e+10  25.1%   266  485s
  1208   684 8.7152e+10   21  434 7.0290e+10 8.7963e+10  25.1%   266  490s
  1235   700 8.7030e+10   47  383 7.0290e+10 8.7963e+10  25.1%   261  495s
  1256   710 8.7030e+10   64  403 7.0290e+10 8.7963e+10  25.1%   259  500s
  1282   725 8.7030e+10   81  282 7.0290e+10 8.7963e+10  25.1%   257  505s
  1320   750 8.7030e+10  103  274 7.0290e+10 8.7963e+10  25.1%   253  510s
  1365   776 8.7030e+10  125  153 7.0290e+10 8.7963e+10  25.1%   246  515s
  1366   777 8.7030e+10  126  157 7.0290e+10 8.7963e+10  25.1%   246  525s
  1409   776 8.7727e+10  177  376 7.0290e+10 8.7963e+10  25.1%   239  531s
  1447   784 8.5608e+10  200  134 7.0290e+10 8.7963e+10  25.1%   234  535s
  1507   805 8.5608e+10  231   94 7.0290e+10 8.7963e+10  25.1%   226  540s
  1567   804 8.5608e+10  186  164 7.0290e+10 8.7963e+10  25.1%   218  545s
  1602   822 8.5608e+10  207  132 7.0290e+10 8.7963e+10  25.1%   214  550s
  1643   818 8.6785e+10  185  214 7.0290e+10 8.7963e+10  25.1%   210  556s
  1674   832 infeasible  207      7.0290e+10 8.7963e+10  25.1%   206  560s
  1734   840 8.6785e+10  187  192 7.0290e+10 8.7963e+10  25.1%   200  565s
  1806   863 8.6785e+10  187  216 7.0290e+10 8.7963e+10  25.1%   193  570s
  1850   895 8.5608e+10  210  132 7.0290e+10 8.7963e+10  25.1%   189  575s
  1924   942 8.5608e+10  238   95 7.0290e+10 8.7963e+10  25.1%   182  580s
  1957   949 8.5608e+10  199  137 7.0290e+10 8.7963e+10  25.1%   180  591s
  1975   953 8.5608e+10  192  143 7.0290e+10 8.7963e+10  25.1%   178  607s
  2019   985 8.5608e+10  213  144 7.0290e+10 8.7963e+10  25.1%   175  610s
  2079  1024 8.5608e+10  198  157 7.0290e+10 8.7963e+10  25.1%   171  615s
  2135  1052 8.5608e+10  203  143 7.0290e+10 8.7963e+10  25.1%   168  620s
  2217  1121 8.5608e+10  219  114 7.0290e+10 8.7963e+10  25.1%   162  625s
  2285  1172 8.5608e+10  245  104 7.0290e+10 8.7963e+10  25.1%   159  630s
  2316  1184 8.5608e+10  157  196 7.0290e+10 8.7963e+10  25.1%   159  635s
  2386  1254 8.5608e+10  220  153 7.0290e+10 8.7963e+10  25.1%   155  640s
  2474  1326 8.5608e+10  296   77 7.0290e+10 8.7963e+10  25.1%   150  645s
  2531  1343 8.5608e+10  165  220 7.0290e+10 8.7963e+10  25.1%   148  650s
  2600  1408 8.5608e+10  211  138 7.0290e+10 8.7963e+10  25.1%   144  655s
  2674  1481 8.5608e+10  283  117 7.0290e+10 8.7963e+10  25.1%   141  660s
  2731  1535 8.5608e+10  336   63 7.0290e+10 8.7963e+10  25.1%   139  665s
  2803  1567 8.5608e+10  171  184 7.0290e+10 8.7963e+10  25.1%   136  670s
  2871  1630 8.5608e+10  216   97 7.0290e+10 8.7963e+10  25.1%   133  675s
  2937  1677 8.5608e+10  195  140 7.0290e+10 8.7963e+10  25.1%   131  680s
  2993  1733 8.5608e+10  250  130 7.0290e+10 8.7963e+10  25.1%   129  685s
  3061  1773 8.5608e+10  176  178 7.0290e+10 8.7963e+10  25.1%   126  690s
  3165  1875 8.5608e+10  280  175 7.0290e+10 8.7963e+10  25.1%   123  695s
  3234  1933 8.5608e+10  194  122 7.0290e+10 8.7963e+10  25.1%   121  703s
  3253  1952 8.5608e+10  198  131 7.0290e+10 8.7963e+10  25.1%   121  705s
  3326  2021 8.5608e+10  210  111 7.0290e+10 8.7963e+10  25.1%   119  710s
  3390  2040 8.5608e+10  156  333 7.0290e+10 8.7963e+10  25.1%   118  715s
  3443  2091 8.5608e+10  203  176 7.0290e+10 8.7963e+10  25.1%   116  720s
  3543  2173 8.6785e+10  159  238 7.0290e+10 8.7963e+10  25.1%   114  725s
  3620  2249 8.5608e+10  233  181 7.0290e+10 8.7963e+10  25.1%   112  730s
  3703  2312 8.5608e+10  188  161 7.0290e+10 8.7963e+10  25.1%   110  735s
  3798  2404 8.5608e+10  272   75 7.0290e+10 8.7963e+10  25.1%   108  740s
  3853  2435 8.5608e+10  168  172 7.0290e+10 8.7963e+10  25.1%   107  745s
  3947  2483 8.6785e+10  143  301 7.0290e+10 8.7963e+10  25.1%   106  750s
  3973  2496 8.5608e+10  155  306 7.0290e+10 8.7963e+10  25.1%   106  755s
  4036  2555 8.5608e+10  218  240 7.0290e+10 8.7963e+10  25.1%   105  760s
  4049  2565 8.5608e+10  230  241 7.0290e+10 8.7963e+10  25.1%   104  771s
  4069  2573 8.5608e+10  153  259 7.0290e+10 8.7963e+10  25.1%   105  775s
  4111  2615 8.5608e+10  172  141 7.0290e+10 8.7963e+10  25.1%   104  780s
  4186  2690 8.5608e+10  236  127 7.0290e+10 8.7963e+10  25.1%   103  785s
  4250  2734 8.5608e+10  153  276 7.0290e+10 8.7963e+10  25.1%   102  790s
  4331  2815 8.5608e+10  231  113 7.0290e+10 8.7963e+10  25.1%   100  795s
  4409  2870 8.4286e+10  284   77 7.0290e+10 8.7963e+10  25.1%  99.1  800s
  4489  2929 8.6641e+10  211   97 7.0290e+10 8.7963e+10  25.1%  98.0  805s
  4562  2980 8.6785e+10  141  246 7.0290e+10 8.7963e+10  25.1%  97.3  810s
  4635  3047 8.5608e+10  191  162 7.0290e+10 8.7963e+10  25.1%  96.5  815s
  4721  3123 8.5608e+10  217   95 7.0290e+10 8.7963e+10  25.1%  95.7  820s
  4826  3184 8.6785e+10  141  291 7.0290e+10 8.7963e+10  25.1%  94.3  825s
  4918  3274 8.5608e+10  222  142 7.0290e+10 8.7963e+10  25.1%  92.9  830s
  4924  3280 8.5608e+10  228  161 7.0290e+10 8.7963e+10  25.1%  92.8  846s
H 4925  3277                    7.161179e+10 8.7963e+10  22.8%  92.8  848s
  4925  3279 8.5608e+10  229  160 7.1612e+10 8.7963e+10  22.8%  92.8  857s
  4962  3316 8.5608e+10  263  134 7.1612e+10 8.7963e+10  22.8%  92.2  860s
  5029  3370 8.6785e+10  143  401 7.1612e+10 8.7963e+10  22.8%  91.6  865s
  5086  3427 8.5608e+10  200  269 7.1612e+10 8.7963e+10  22.8%  90.8  870s
  5101  3442 8.5608e+10  215  186 7.1612e+10 8.7963e+10  22.8%  90.6  880s
  5146  3473 8.5608e+10  140  213 7.1612e+10 8.7963e+10  22.8%  90.3  885s
  5201  3506 8.5608e+10  159  161 7.1612e+10 8.7963e+10  22.8%  90.1  890s
  5264  3543 8.5608e+10  135  263 7.1612e+10 8.7963e+10  22.8%  89.9  895s
  5307  3562 8.5608e+10  213  135 7.1612e+10 8.7963e+10  22.8%  90.6  900s
  5361  3577 8.5608e+10  189  171 7.1612e+10 8.7963e+10  22.8%  90.1  905s
  5420  3615 8.6785e+10   41  300 7.1612e+10 8.7963e+10  22.8%  90.1  910s
  5461  3656 8.4408e+10   77  471 7.1612e+10 8.7963e+10  22.8%  90.3  915s
  5552  3747 8.5608e+10  166  213 7.1612e+10 8.7963e+10  22.8%  89.3  920s
  5620  3814 8.5608e+10  232  242 7.1612e+10 8.7963e+10  22.8%  88.8  925s
  5687  3881 8.5608e+10  298  193 7.1612e+10 8.7963e+10  22.8%  88.1  930s
  5723  3915 8.5608e+10  330  180 7.1612e+10 8.7963e+10  22.8%  87.9  935s
  5760  3952 8.5608e+10  366  264 7.1612e+10 8.7963e+10  22.8%  87.6  940s
  5824  4015 8.5608e+10  423  106 7.1612e+10 8.7963e+10  22.8%  87.0  945s
  5900  4091 8.5561e+10  486  176 7.1612e+10 8.7963e+10  22.8%  86.1  950s
  5928  4099 8.1654e+10  501   81 7.1612e+10 8.7963e+10  22.8%  85.9  959s
  5942  4104 infeasible  507      7.1612e+10 8.7963e+10  22.8%  85.7  960s
  6001  4149 8.6793e+10  114  266 7.1612e+10 8.7963e+10  22.8%  85.4  965s
  6059  4201 8.5623e+10  158  210 7.1612e+10 8.7963e+10  22.8%  85.1  970s
  6109  4242 8.5623e+10  193  272 7.1612e+10 8.7963e+10  22.8%  85.0  975s
  6161  4289 8.3268e+10  232  172 7.1612e+10 8.7963e+10  22.8%  84.9  980s
  6240  4352 infeasible  291      7.1612e+10 8.7963e+10  22.8%  84.1  985s
  6260  4368 8.6785e+10   99  330 7.1612e+10 8.7963e+10  22.8%  84.6  990s
  6306  4414 8.3592e+10  131  187 7.1612e+10 8.7963e+10  22.8%  84.3  995s
  6337  4431 8.7963e+10   43  516 7.1612e+10 8.7963e+10  22.8%  84.4 1000s
  6359  4453 8.7963e+10   65  413 7.1612e+10 8.7963e+10  22.8%  84.3 1005s
  6402  4496 8.5608e+10  108  282 7.1612e+10 8.7963e+10  22.8%  84.1 1010s
  6473  4567 8.5608e+10  179  328 7.1612e+10 8.7963e+10  22.8%  83.7 1015s
  6532  4626 8.4286e+10  238  285 7.1612e+10 8.7963e+10  22.8%  83.2 1020s
  6626  4720 7.3563e+10  332  314 7.1612e+10 8.7963e+10  22.8%  82.4 1025s
  6716  4809 7.3563e+10  422  251 7.1612e+10 8.7963e+10  22.8%  81.4 1030s
  6766  4859 7.3563e+10  472  227 7.1612e+10 8.7963e+10  22.8%  81.0 1038s
  6788  4881 7.3563e+10  494  162 7.1612e+10 8.7963e+10  22.8%  80.7 1040s
  6861  4952 7.3563e+10  567  184 7.1612e+10 8.7963e+10  22.8%  80.0 1045s
  6937  5007 8.5608e+10  208  161 7.1612e+10 8.7963e+10  22.8%  79.5 1050s
  7018  5058 8.5608e+10  185  120 7.1612e+10 8.7963e+10  22.8%  79.0 1055s
  7116  5145 infeasible  271      7.1612e+10 8.7963e+10  22.8%  78.2 1060s
  7160  5171 infeasible  181      7.1612e+10 8.7963e+10  22.8%  78.2 1065s
  7270  5200 8.6641e+10  214  113 7.1612e+10 8.7963e+10  22.8%  77.3 1070s
  7381  5272 8.5608e+10  172  139 7.1612e+10 8.7963e+10  22.8%  76.4 1075s
  7485  5367 8.5608e+10  258   59 7.1612e+10 8.7963e+10  22.8%  75.7 1080s
  7575  5404 8.5608e+10  173  163 7.1612e+10 8.7963e+10  22.8%  75.2 1085s
  7673  5495 8.5608e+10  248   85 7.1612e+10 8.7963e+10  22.8%  74.5 1090s
  7768  5574 8.5608e+10  214  118 7.1612e+10 8.7963e+10  22.8%  74.1 1095s
  7844  5626 8.5608e+10  174  192 7.1612e+10 8.7963e+10  22.8%  73.8 1100s
  7940  5721 8.5608e+10  270  127 7.1612e+10 8.7963e+10  22.8%  73.2 1105s
  7994  5762 8.5608e+10  204  113 7.1612e+10 8.7963e+10  22.8%  73.0 1110s
  8096  5832 8.6785e+10  166  250 7.1612e+10 8.7963e+10  22.8%  72.4 1115s
  8168  5903 8.5608e+10  227  122 7.1612e+10 8.7963e+10  22.8%  72.0 1120s
  8191  5926 8.5608e+10  233  161 7.1612e+10 8.7963e+10  22.8%  72.0 1130s
  8260  5970 8.5608e+10  179  147 7.1612e+10 8.7963e+10  22.8%  71.8 1135s
  8330  6040 8.5608e+10  211  123 7.1612e+10 8.7963e+10  22.8%  71.6 1148s
  8353  6061 8.5608e+10  227  113 7.1612e+10 8.7963e+10  22.8%  71.5 1150s
  8450  6127 8.5608e+10  290   62 7.1612e+10 8.7963e+10  22.8%  70.9 1155s
  8532  6194 8.5608e+10  226  192 7.1612e+10 8.7963e+10  22.8%  70.7 1160s
  8594  6244 8.6641e+10  184  149 7.1612e+10 8.7963e+10  22.8%  70.4 1165s
  8687  6328 8.6641e+10  250   92 7.1612e+10 8.7963e+10  22.8%  69.9 1170s
  8746  6370 8.6641e+10  198  131 7.1612e+10 8.7963e+10  22.8%  69.6 1175s
  8822  6445 8.5608e+10  266   71 7.1612e+10 8.7963e+10  22.8%  69.3 1180s
  8856  6468 8.5608e+10  184  146 7.1612e+10 8.7963e+10  22.8%  69.2 1204s
  8866  6478 8.5608e+10  194  125 7.1612e+10 8.7963e+10  22.8%  69.1 1205s
  8912  6509 8.5608e+10  166  199 7.1612e+10 8.7963e+10  22.8%  69.1 1210s
  8948  6545 8.5608e+10  197  121 7.1612e+10 8.7963e+10  22.8%  68.9 1215s
  8989  6574 8.5608e+10  219   88 7.1612e+10 8.7963e+10  22.8%  68.7 1220s
  9031  6602 8.5608e+10  169  172 7.1612e+10 8.7963e+10  22.8%  68.6 1225s
  9111  6671 8.5608e+10  185  200 7.1612e+10 8.7963e+10  22.8%  68.3 1230s
  9184  6691 8.5608e+10  202  147 7.1612e+10 8.7963e+10  22.8%  68.1 1235s
  9240  6714 8.5608e+10  174  145 7.1612e+10 8.7963e+10  22.8%  68.0 1240s
  9346  6803 8.5608e+10  233   80 7.1612e+10 8.7963e+10  22.8%  67.4 1245s
  9354  6811 8.5608e+10  238   78 7.1612e+10 8.7963e+10  22.8%  67.4 1252s
  9388  6817 8.6955e+10   82  305 7.1612e+10 8.7963e+10  22.8%  67.4 1255s
  9414  6841 8.6750e+10   99  376 7.1612e+10 8.7963e+10  22.8%  67.6 1260s
  9438  6865 8.5623e+10  106  390 7.1612e+10 8.7963e+10  22.8%  68.0 1265s
  9508  6921 8.6641e+10  189  139 7.1612e+10 8.7963e+10  22.8%  67.8 1270s
  9594  7000 8.6641e+10  253  118 7.1612e+10 8.7963e+10  22.8%  67.4 1275s
  9687  7061 8.6641e+10  309   32 7.1612e+10 8.7963e+10  22.8%  67.0 1280s
  9770  7124 8.5608e+10  220  229 7.1612e+10 8.7963e+10  22.8%  66.6 1285s
  9813  7145 8.6641e+10  174  125 7.1612e+10 8.7963e+10  22.8%  66.6 1290s
  9887  7199 8.6785e+10  153  364 7.1612e+10 8.7963e+10  22.8%  66.3 1295s
  9943  7255 8.5608e+10  207  219 7.1612e+10 8.7963e+10  22.8%  66.1 1300s
 10027  7333 8.5608e+10  259   71 7.1612e+10 8.7963e+10  22.8%  65.7 1305s
 10108  7391 8.6641e+10  184  148 7.1612e+10 8.7963e+10  22.8%  65.5 1310s
 10185  7456 8.6641e+10  227  126 7.1612e+10 8.7963e+10  22.8%  65.2 1315s
 10203  7468 8.5608e+10  197  962 7.1612e+10 8.7963e+10  22.8%  65.1 1338s
 10205  7469 8.5608e+10  217 1008 7.1612e+10 8.7963e+10  22.8%  65.1 1349s
 10206  7470 8.5608e+10  259 1278 7.1612e+10 8.7963e+10  22.8%  65.1 1359s
 10207  7471 8.5608e+10  194 1168 7.1612e+10 8.7963e+10  22.8%  65.1 1360s
 10210  7473 8.7963e+10  135  576 7.1612e+10 8.7963e+10  22.8%  65.1 1370s
 10214  7475 8.5608e+10  458  596 7.1612e+10 8.7963e+10  22.8%  65.1 1380s
 10216  7477 8.7963e+10   81  647 7.1612e+10 8.7963e+10  22.8%  65.0 1396s
 10217  7477 8.5608e+10  281  703 7.1612e+10 8.7963e+10  22.8%  65.0 1401s
 10218  7478 8.6641e+10  193  733 7.1612e+10 8.7963e+10  22.8%  65.0 1408s
 10219  7479 8.5608e+10  259  773 7.1612e+10 8.7963e+10  22.8%  65.0 1413s
 10220  7479 8.5608e+10  251  585 7.1612e+10 8.7963e+10  22.8%  65.0 1419s
 10221  7480 7.3563e+10  592  566 7.1612e+10 8.7963e+10  22.8%  65.0 1420s
 10223  7481 8.5608e+10  178  589 7.1612e+10 8.7963e+10  22.8%  65.0 1436s
 10224  7482 8.7963e+10   99  561 7.1612e+10 8.7963e+10  22.8%  65.0 1440s
 10225  7483 8.5608e+10  202  571 7.1612e+10 8.7963e+10  22.8%  65.0 1446s
 10227  7484 8.5608e+10  197  568 7.1612e+10 8.7963e+10  22.8%  65.0 1454s
 10228  7485 8.5608e+10  282  594 7.1612e+10 8.7963e+10  22.8%  65.0 1458s
 10229  7485 8.5608e+10  182  576 7.1612e+10 8.7963e+10  22.8%  65.0 1464s
 10230  7486 8.5608e+10  235  511 7.1612e+10 8.7963e+10  22.8%  65.0 1471s
 10231  7487 8.5608e+10  181  511 7.1612e+10 8.7963e+10  22.8%  64.9 1490s
 10240  7495 8.5394e+10   29  732 7.1612e+10 8.7947e+10  22.8%  75.7 1496s
 10250  7501 8.7491e+10   34  263 7.1612e+10 8.7869e+10  22.7%  75.9 1500s
 10280  7519 8.7369e+10   50  240 7.1612e+10 8.7869e+10  22.7%  76.0 1505s
 10285  7523 8.7369e+10   52  275 7.1612e+10 8.7869e+10  22.7%  76.0 1511s
 10310  7539 8.7369e+10   65  291 7.1612e+10 8.7869e+10  22.7%  76.0 1515s
 10343  7561 8.7369e+10   81  237 7.1612e+10 8.7869e+10  22.7%  76.4 1520s
 10370  7575 8.7369e+10   95  154 7.1612e+10 8.7869e+10  22.7%  76.7 1525s
 10417  7581 8.7794e+10   28  426 7.1612e+10 8.7794e+10  22.6%  76.7 1530s
 10440  7596 8.6641e+10   43  319 7.1612e+10 8.7794e+10  22.6%  77.0 1535s
 10483  7625 8.6641e+10   66  266 7.1612e+10 8.7794e+10  22.6%  77.1 1540s
 10516  7647 8.6641e+10   83  235 7.1612e+10 8.7794e+10  22.6%  77.4 1545s
 10545  7666 8.6641e+10   98  257 7.1612e+10 8.7794e+10  22.6%  77.9 1550s
 10578  7673 infeasible  115      7.1612e+10 8.7794e+10  22.6%  78.2 1555s
 10592  7676 8.7369e+10   36  172 7.1612e+10 8.7765e+10  22.6%  78.3 1560s
 10622  7696 8.7369e+10   52  137 7.1612e+10 8.7765e+10  22.6%  78.4 1565s
 10672  7713 infeasible   79      7.1612e+10 8.7765e+10  22.6%  78.2 1570s
 10685  7718 8.7369e+10   87  240 7.1612e+10 8.7765e+10  22.6%  78.1 1576s
 10722  7729 8.7369e+10  106  135 7.1612e+10 8.7765e+10  22.6%  77.9 1580s
 10755  7735 8.6386e+10   42  259 7.1612e+10 8.7629e+10  22.4%  78.1 1585s
 10771  7746 8.6386e+10   52  299 7.1612e+10 8.7629e+10  22.4%  78.9 1591s
 10796  7760 8.6386e+10   65  159 7.1612e+10 8.7629e+10  22.4%  79.1 1595s
 10839  7784 infeasible   87      7.1612e+10 8.7629e+10  22.4%  79.1 1600s
 10877  7800 8.6386e+10  106  214 7.1612e+10 8.7629e+10  22.4%  79.3 1605s
 10916  7822 8.6386e+10  126  212 7.1612e+10 8.7629e+10  22.4%  79.5 1610s
 10959  7836 8.6386e+10  148  222 7.1612e+10 8.7629e+10  22.4%  79.8 1615s
 10999  7837 8.6386e+10  168  230 7.1612e+10 8.7629e+10  22.4%  79.8 1620s
 11067  7826 infeasible  205      7.1612e+10 8.7629e+10  22.4%  79.5 1625s
 11075  7827 8.6386e+10   33  321 7.1612e+10 8.7584e+10  22.3%  79.6 1630s
 11110  7851 8.6386e+10   60  173 7.1612e+10 8.7584e+10  22.3%  79.5 1635s
 11144  7873 8.6386e+10   81  145 7.1612e+10 8.7584e+10  22.3%  79.5 1640s
 11172  7890 8.6386e+10   97  150 7.1612e+10 8.7584e+10  22.3%  79.4 1645s
 11197  7905 8.6386e+10  111  219 7.1612e+10 8.7584e+10  22.3%  79.5 1650s
 11220  7918 8.6386e+10  123  225 7.1612e+10 8.7584e+10  22.3%  79.5 1655s
 11244  7919 infeasible  132      7.1612e+10 8.7584e+10  22.3%  79.6 1660s
 11275  7938 8.6985e+10   52  149 7.1612e+10 8.7584e+10  22.3%  79.6 1665s
 11320  7962 8.6985e+10   84  167 7.1612e+10 8.7584e+10  22.3%  79.5 1670s
 11351  7976 8.6985e+10  106  208 7.1612e+10 8.7584e+10  22.3%  79.6 1675s
 11392  7996 8.6985e+10  126  147 7.1612e+10 8.7584e+10  22.3%  79.7 1680s
 11426  8015 8.6985e+10  143  123 7.1612e+10 8.7584e+10  22.3%  79.7 1685s
 11473  8038 8.6985e+10  168  100 7.1612e+10 8.7584e+10  22.3%  79.5 1690s
 11527  8052 8.6985e+10  198   80 7.1612e+10 8.7584e+10  22.3%  79.3 1695s
 11595  8046 8.6985e+10  232   66 7.1612e+10 8.7584e+10  22.3%  78.9 1700s
 11630  8039 8.6985e+10   35  143 7.1612e+10 8.7558e+10  22.3%  78.9 1705s
 11675  8068 8.6985e+10   67  206 7.1612e+10 8.7558e+10  22.3%  78.8 1710s
 11714  8088 8.6985e+10   97  205 7.1612e+10 8.7558e+10  22.3%  78.9 1715s
 11731  8080 8.7344e+10   31  981 7.1612e+10 8.7558e+10  22.3%  79.0 1721s
 11750  8092 8.7030e+10   47  172 7.1612e+10 8.7558e+10  22.3%  79.0 1725s
 11790  8119 8.7030e+10   73  224 7.1612e+10 8.7558e+10  22.3%  78.8 1730s
 11805  8129 8.7030e+10   85  103 7.1612e+10 8.7558e+10  22.3%  78.8 1744s
 11808  8131 8.7030e+10   86  102 7.1612e+10 8.7558e+10  22.3%  78.8 1745s
 11847  8143 8.7030e+10  111  133 7.1612e+10 8.7558e+10  22.3%  78.6 1750s
 11883  8156 8.7030e+10  131  100 7.1612e+10 8.7558e+10  22.3%  78.6 1755s
 11932  8165 8.7030e+10  160   74 7.1612e+10 8.7558e+10  22.3%  78.3 1760s
 11965  8160 8.7344e+10   30  979 7.1612e+10 8.7545e+10  22.3%  78.3 1766s
 11982  8171 8.6336e+10   45  216 7.1612e+10 8.7545e+10  22.3%  78.3 1770s
 12020  8196 8.6336e+10   83  116 7.1612e+10 8.7545e+10  22.3%  78.1 1775s
 12076  8222 8.6336e+10  101   96 7.1612e+10 8.7545e+10  22.3%  77.9 1780s
 12131  8243 8.6336e+10  123  113 7.1612e+10 8.7545e+10  22.3%  77.7 1785s
 12195  8261 8.6336e+10  146   87 7.1612e+10 8.7545e+10  22.3%  77.5 1790s
 12261  8292 8.6336e+10  164   66 7.1612e+10 8.7545e+10  22.3%  77.2 1795s
 12297  8296 8.7359e+10   29  993 7.1612e+10 8.7538e+10  22.2%  77.2 1801s
 12308  8303 8.7045e+10   36  198 7.1612e+10 8.7538e+10  22.2%  77.2 1805s
 12347  8329 8.7045e+10   75  129 7.1612e+10 8.7538e+10  22.2%  77.0 1810s
 12387  8352 8.7045e+10   99   88 7.1612e+10 8.7538e+10  22.2%  77.0 1815s
 12429  8378 8.7045e+10  113   86 7.1612e+10 8.7538e+10  22.2%  77.0 1820s
 12479  8410 8.7045e+10  127  118 7.1612e+10 8.7538e+10  22.2%  76.8 1825s
 12533  8434 8.7045e+10  152   74 7.1612e+10 8.7538e+10  22.2%  76.5 1830s
 12591  8470 8.7045e+10  172   72 7.1612e+10 8.7538e+10  22.2%  76.3 1835s
 12644  8490 8.7045e+10  198   81 7.1612e+10 8.7538e+10  22.2%  76.3 1840s
 12691  8486 8.6351e+10   35  145 7.1612e+10 8.7513e+10  22.2%  76.1 1845s
 12732  8513 8.6351e+10   76  188 7.1612e+10 8.7513e+10  22.2%  76.1 1850s
 12770  8538 8.6351e+10   94  149 7.1612e+10 8.7513e+10  22.2%  76.0 1855s
 12788  8549 8.6351e+10  100  143 7.1612e+10 8.7513e+10  22.2%  76.0 1871s
 12824  8566 8.6351e+10  113  123 7.1612e+10 8.7513e+10  22.2%  75.9 1875s
 12873  8596 8.6351e+10  128  147 7.1612e+10 8.7513e+10  22.2%  75.8 1880s
 12930  8620 8.6351e+10  149  135 7.1612e+10 8.7513e+10  22.2%  75.6 1885s
 12963  8620 8.7491e+10   37  232 7.1612e+10 8.7513e+10  22.2%  75.6 1890s
 12992  8639 8.6985e+10   64  178 7.1612e+10 8.7513e+10  22.2%  75.5 1895s
 13031  8665 8.6985e+10  102  166 7.1612e+10 8.7513e+10  22.2%  75.4 1900s
 13087  8703 8.6985e+10  114  142 7.1612e+10 8.7513e+10  22.2%  75.2 1905s
 13122  8725 8.6985e+10  127  155 7.1612e+10 8.7513e+10  22.2%  75.1 1910s
 13167  8740 8.6985e+10  144  108 7.1612e+10 8.7513e+10  22.2%  75.1 1915s
 13235  8765 8.6985e+10  165  101 7.1612e+10 8.7513e+10  22.2%  74.8 1920s
 13303  8778 8.6099e+10   30  363 7.1612e+10 8.7513e+10  22.2%  74.6 1925s
 13331  8796 8.5091e+10   57  196 7.1612e+10 8.7513e+10  22.2%  74.6 1930s
 13371  8823 8.5091e+10   81  120 7.1612e+10 8.7513e+10  22.2%  74.6 1946s
 13407  8847 8.5091e+10  102  174 7.1612e+10 8.7513e+10  22.2%  74.6 1950s
 13464  8881 8.5091e+10  120  220 7.1612e+10 8.7513e+10  22.2%  74.7 1955s
 13530  8920 8.5091e+10  144  130 7.1612e+10 8.7513e+10  22.2%  74.6 1960s
 13595  8963 8.5091e+10  161   78 7.1612e+10 8.7513e+10  22.2%  74.4 1965s
 13657  8993 8.5091e+10  191  152 7.1612e+10 8.7513e+10  22.2%  74.3 1970s
 13688  8998 8.5817e+10   45  264 7.1612e+10 8.7509e+10  22.2%  74.3 1975s
 13721  9020 8.4979e+10   74  217 7.1612e+10 8.7509e+10  22.2%  74.2 1980s
 13767  9051 8.4979e+10  112  196 7.1612e+10 8.7509e+10  22.2%  74.1 1985s
 13807  9078 8.4979e+10  120  198 7.1612e+10 8.7509e+10  22.2%  74.0 1990s
 13843  9100 8.4979e+10  133  143 7.1612e+10 8.7509e+10  22.2%  74.0 1995s
 13896  9128 8.4979e+10  150  119 7.1612e+10 8.7509e+10  22.2%  73.9 2000s
 13974  9180 8.4979e+10  170   97 7.1612e+10 8.7509e+10  22.2%  73.5 2005s
 14029  9196 8.4979e+10  188  170 7.1612e+10 8.7509e+10  22.2%  73.4 2010s
 14092  9210 8.4979e+10  211   81 7.1612e+10 8.7509e+10  22.2%  73.1 2015s
 14148  9217 8.5613e+10   46  297 7.1612e+10 8.7509e+10  22.2%  73.0 2020s
 14203  9254 8.5613e+10   99  205 7.1612e+10 8.7509e+10  22.2%  72.9 2025s
 14268  9281 8.5613e+10  139  203 7.1612e+10 8.7509e+10  22.2%  72.9 2030s
 14355  9312 8.5613e+10  175  122 7.1612e+10 8.7509e+10  22.2%  72.6 2035s
 14417  9341 8.5613e+10  194  164 7.1612e+10 8.7509e+10  22.2%  72.5 2040s
 14491  9365 8.5613e+10  218   87 7.1612e+10 8.7509e+10  22.2%  72.3 2045s
 14577  9413 8.5613e+10  247   68 7.1612e+10 8.7509e+10  22.2%  72.1 2050s
 14633  9422 8.5613e+10   59  231 7.1612e+10 8.7507e+10  22.2%  71.9 2055s
 14677  9452 8.5613e+10  102  179 7.1612e+10 8.7507e+10  22.2%  71.9 2060s
 14754  9502 8.5613e+10  152   88 7.1612e+10 8.7507e+10  22.2%  71.6 2079s
 14762  9507 8.5613e+10  157  100 7.1612e+10 8.7507e+10  22.2%  71.6 2080s
 14798  9531 8.5613e+10  165   75 7.1612e+10 8.7507e+10  22.2%  71.6 2085s
 14845  9557 8.5613e+10  196  118 7.1612e+10 8.7507e+10  22.2%  71.6 2090s
 14868  9552 8.6309e+10   34  206 7.1612e+10 8.7491e+10  22.2%  71.7 2095s
 14889  9566 8.5673e+10   54  250 7.1612e+10 8.7491e+10  22.2%  71.7 2100s
 14931  9592 8.5673e+10   94  245 7.1612e+10 8.7491e+10  22.2%  71.7 2105s
 14958  9610 8.5673e+10  117  192 7.1612e+10 8.7491e+10  22.2%  71.7 2110s
 15008  9641 8.5673e+10  164  145 7.1612e+10 8.7491e+10  22.2%  71.6 2115s
 15083  9689 8.5673e+10  234   72 7.1612e+10 8.7491e+10  22.2%  71.3 2120s
 15123  9712 8.5673e+10  266   37 7.1612e+10 8.7491e+10  22.2%  71.2 2125s
 15184  9737 8.6985e+10   79  162 7.1612e+10 8.7491e+10  22.2%  71.0 2130s
 15241  9775 8.6985e+10  132  193 7.1612e+10 8.7491e+10  22.2%  70.9 2135s
 15287  9805 8.6985e+10  173  167 7.1612e+10 8.7491e+10  22.2%  70.8 2140s
 15304  9816 8.7045e+10  111  962 7.1612e+10 8.7491e+10  22.2%  70.8 2529s
 15306  9817 8.6386e+10  115  997 7.1612e+10 8.7491e+10  22.2%  70.8 2540s
 15307  9818 8.6985e+10  145  881 7.1612e+10 8.7491e+10  22.2%  70.8 2552s
 15309  9819 8.5091e+10  124  847 7.1612e+10 8.7491e+10  22.2%  70.8 2555s
 15312  9821 8.5613e+10  182  767 7.1612e+10 8.7491e+10  22.2%  70.7 2560s
 15313  9822 8.6386e+10   87  712 7.1612e+10 8.7491e+10  22.2%  70.7 2580s
 15314  9823 8.6351e+10  142  719 7.1612e+10 8.7491e+10  22.2%  70.7 2591s
 15315  9823 8.7369e+10   68  689 7.1612e+10 8.7491e+10  22.2%  70.7 2608s
 15316  9824 8.5613e+10  189  694 7.1612e+10 8.7491e+10  22.2%  70.7 2618s
 15317  9825 8.6641e+10   88  645 7.1612e+10 8.7491e+10  22.2%  70.7 2633s
 15318  9825 8.5673e+10  242  639 7.1612e+10 8.7491e+10  22.2%  70.7 2646s
 15319  9826 8.5673e+10  201  576 7.1612e+10 8.7491e+10  22.2%  70.7 2660s
 15320  9827 8.6985e+10  114  556 7.1612e+10 8.7491e+10  22.2%  70.7 2669s
 15321  9827 8.6386e+10  148  740 7.1612e+10 8.7491e+10  22.2%  70.7 2685s
 15322  9828 8.6985e+10  180  758 7.1612e+10 8.7491e+10  22.2%  70.7 2700s
 15323  9829 8.5994e+10   35  623 7.1612e+10 8.7491e+10  22.2%  70.7 2725s
 15324  9829 8.6369e+10   55  592 7.1612e+10 8.7491e+10  22.2%  70.7 2739s
 15325  9830 8.5613e+10  237  531 7.1612e+10 8.7491e+10  22.2%  70.7 2767s
 15326  9831 8.6985e+10   61  562 7.1612e+10 8.7491e+10  22.2%  70.7 2781s
 15327  9831 8.5091e+10  124  641 7.1612e+10 8.7491e+10  22.2%  70.7 2800s
 15328  9832 8.5673e+10   77  661 7.1612e+10 8.7491e+10  22.2%  70.7 2813s
 15329  9833 8.6386e+10   62  585 7.1612e+10 8.7491e+10  22.2%  70.7 2828s
 15330  9833 8.7045e+10  107  584 7.1612e+10 8.7491e+10  22.2%  70.7 2843s
 15331  9834 8.6386e+10  154  584 7.1612e+10 8.7491e+10  22.2%  70.7 2846s
 15337  9840 8.6763e+10   43  476 7.1612e+10 8.7491e+10  22.2%  78.5 2850s
H15358  9359                    7.389019e+10 8.7491e+10  18.4%  78.5 2856s
 15385  9379 8.6641e+10   80  223 7.3890e+10 8.7491e+10  18.4%  78.4 2866s
 15412  9397 8.6641e+10   99  218 7.3890e+10 8.7491e+10  18.4%  78.4 2876s
 15438  9405 8.6641e+10  115  249 7.3890e+10 8.7491e+10  18.4%  78.4 2880s
 15460  9420 8.6641e+10  128  244 7.3890e+10 8.7491e+10  18.4%  78.4 2885s
 15517  9438 8.6641e+10  157  209 7.3890e+10 8.7491e+10  18.4%  78.3 2890s
 15557  9461 8.6641e+10  180  224 7.3890e+10 8.7491e+10  18.4%  78.3 2895s
 15580  9474 8.6641e+10  192  207 7.3890e+10 8.7491e+10  18.4%  78.3 2902s
 15602  9486 8.6641e+10  205  233 7.3890e+10 8.7491e+10  18.4%  78.3 2905s
 15637  9503 8.6641e+10  225  224 7.3890e+10 8.7491e+10  18.4%  78.4 2910s
 15666  9515 8.6641e+10  244  191 7.3890e+10 8.7491e+10  18.4%  78.5 2915s
 15703  9517 infeasible  259      7.3890e+10 8.7491e+10  18.4%  78.7 2920s
 15727  9517 8.7491e+10   45  384 7.3890e+10 8.7491e+10  18.4%  78.7 2925s
 15730  9519 8.7189e+10   47  376 7.3890e+10 8.7491e+10  18.4%  78.7 2935s
 15758  9538 8.6351e+10   73  263 7.3890e+10 8.7491e+10  18.4%  78.6 2940s
 15790  9559 8.6351e+10  102  270 7.3890e+10 8.7491e+10  18.4%  78.6 2945s
 15831  9584 infeasible  133      7.3890e+10 8.7491e+10  18.4%  78.6 2950s
 15871  9599 8.6351e+10  154  208 7.3890e+10 8.7491e+10  18.4%  78.8 2955s
 15904  9621 8.6351e+10  174  244 7.3890e+10 8.7491e+10  18.4%  79.0 2960s
 15906  9622 8.6351e+10  175  172 7.3890e+10 8.7491e+10  18.4%  79.0 2966s
 15933  9638 8.6351e+10  192  266 7.3890e+10 8.7491e+10  18.4%  79.0 2970s
 15967  9647 8.5014e+10   65  272 7.3890e+10 8.7491e+10  18.4%  79.0 2975s
 16005  9671 8.5014e+10   92  272 7.3890e+10 8.7491e+10  18.4%  79.0 2980s
 16052  9701 8.5014e+10  127  301 7.3890e+10 8.7491e+10  18.4%  78.9 2985s
 16089  9725 8.5014e+10  148  286 7.3890e+10 8.7491e+10  18.4%  79.1 2990s
 16139  9746 8.5014e+10  174  241 7.3890e+10 8.7491e+10  18.4%  79.1 2995s
 16187  9756 8.5014e+10  200  217 7.3890e+10 8.7491e+10  18.4%  78.9 3000s
 16226  9766 8.5014e+10  221  268 7.3890e+10 8.7491e+10  18.4%  78.9 3005s
 16253  9776 8.5014e+10  241  220 7.3890e+10 8.7491e+10  18.4%  78.8 3010s
 16293  9782 8.5014e+10  265  220 7.3890e+10 8.7491e+10  18.4%  78.7 3015s
 16357  9767 8.7491e+10   41  527 7.3890e+10 8.7491e+10  18.4%  78.4 3020s
H16358  9299                    7.506019e+10 8.7491e+10  16.6%  78.4 3020s
H16358  8855                    7.623019e+10 8.7491e+10  14.8%  78.4 3020s
 16382  8872 8.6351e+10   62  247 7.6230e+10 8.7491e+10  14.8%  78.4 3025s
 16422  8898 8.6351e+10   96  215 7.6230e+10 8.7491e+10  14.8%  78.4 3030s
 16464  8926 8.6351e+10  128  245 7.6230e+10 8.7491e+10  14.8%  78.3 3035s
 16507  8949 8.6351e+10  154  216 7.6230e+10 8.7491e+10  14.8%  78.4 3040s
 16544  8959 8.5014e+10   52  247 7.6230e+10 8.7491e+10  14.8%  78.5 3045s
 16578  8981 8.5014e+10   81  265 7.6230e+10 8.7491e+10  14.8%  78.5 3050s
 16610  9001 8.5014e+10  105  213 7.6230e+10 8.7491e+10  14.8%  78.5 3055s
 16657  9032 8.5014e+10  133  172 7.6230e+10 8.7491e+10  14.8%  78.5 3060s
 16707  9053 8.5014e+10  164  169 7.6230e+10 8.7491e+10  14.8%  78.4 3065s
 16720  9055 8.5014e+10  170  186 7.6230e+10 8.7491e+10  14.8%  78.4 3072s
 16741  9064 8.5014e+10  182  180 7.6230e+10 8.7491e+10  14.8%  78.3 3075s
 16778  9071 8.7491e+10   47  284 7.6230e+10 8.7491e+10  14.8%  78.3 3080s
 16810  9092 8.7369e+10   74  263 7.6230e+10 8.7491e+10  14.8%  78.2 3085s
 16852  9111 8.7369e+10  102  283 7.6230e+10 8.7491e+10  14.8%  78.3 3090s
 16899  9134 8.7369e+10  130  174 7.6230e+10 8.7491e+10  14.8%  78.3 3095s
 16944  9158 8.7369e+10  156  167 7.6230e+10 8.7491e+10  14.8%  78.3 3100s
 16971  9158 8.7491e+10   48  324 7.6230e+10 8.7491e+10  14.8%  78.3 3105s
 16990  9171 8.7045e+10   64  217 7.6230e+10 8.7491e+10  14.8%  78.4 3110s
 17028  9195 8.7045e+10   95  210 7.6230e+10 8.7491e+10  14.8%  78.3 3115s
 17065  9220 8.7045e+10  123  246 7.6230e+10 8.7491e+10  14.8%  78.3 3120s
 17113  9249 8.7045e+10  152  176 7.6230e+10 8.7491e+10  14.8%  78.2 3125s
 17151  9269 8.7045e+10  178  181 7.6230e+10 8.7491e+10  14.8%  78.2 3130s
 17185  9292 8.7045e+10  201  157 7.6230e+10 8.7491e+10  14.8%  78.2 3135s
 17241  9311 8.7045e+10  232  124 7.6230e+10 8.7491e+10  14.8%  78.0 3140s
 17286  9313 8.7045e+10  256  124 7.6230e+10 8.7491e+10  14.8%  78.0 3145s
 17331  9326 8.7045e+10  282  117 7.6230e+10 8.7491e+10  14.8%  77.8 3150s
 17376  9322 8.4969e+10   55  362 7.6230e+10 8.7491e+10  14.8%  77.7 3155s
 17408  9344 8.4969e+10   86  275 7.6230e+10 8.7491e+10  14.8%  77.7 3160s
 17447  9368 8.4969e+10  116  224 7.6230e+10 8.7491e+10  14.8%  77.7 3165s
 17483  9389 8.4969e+10  145  188 7.6230e+10 8.7491e+10  14.8%  77.5 3170s
 17516  9409 8.4969e+10  166  196 7.6230e+10 8.7491e+10  14.8%  77.5 3175s
 17559  9431 8.4969e+10  199  120 7.6230e+10 8.7491e+10  14.8%  77.4 3180s
 17606  9440 8.7491e+10   52  247 7.6230e+10 8.7491e+10  14.8%  77.2 3185s
 17624  9452 8.7369e+10   58  229 7.6230e+10 8.7491e+10  14.8%  77.4 3190s
 17661  9476 8.7369e+10   94  280 7.6230e+10 8.7491e+10  14.8%  77.3 3195s
 17695  9495 8.7369e+10  116  206 7.6230e+10 8.7491e+10  14.8%  77.2 3200s
 17703  9500 8.7369e+10  122  237 7.6230e+10 8.7491e+10  14.8%  77.2 3209s
 17704  9501 8.7369e+10  123  236 7.6230e+10 8.7491e+10  14.8%  77.2 3210s
 17740  9521 8.7369e+10  150  119 7.6230e+10 8.7491e+10  14.8%  77.0 3215s
 17787  9550 8.7369e+10  163  109 7.6230e+10 8.7491e+10  14.8%  76.9 3220s
 17851  9575 8.7369e+10  190   92 7.6230e+10 8.7491e+10  14.8%  76.7 3225s
 17896  9580 8.4726e+10   58  229 7.6230e+10 8.7491e+10  14.8%  76.7 3230s
 17936  9607 8.4726e+10   97  220 7.6230e+10 8.7491e+10  14.8%  76.6 3235s
 17967  9627 8.4726e+10  111  400 7.6230e+10 8.7491e+10  14.8%  76.6 3240s
 18007  9651 8.4726e+10  130  254 7.6230e+10 8.7491e+10  14.8%  76.7 3245s
 18054  9671 8.4726e+10  160  205 7.6230e+10 8.7491e+10  14.8%  76.6 3250s
 18104  9697 8.4726e+10  177  188 7.6230e+10 8.7491e+10  14.8%  76.6 3255s
 18143  9716 8.4726e+10  192  252 7.6230e+10 8.7491e+10  14.8%  76.6 3260s
 18188  9727 8.4726e+10  213  161 7.6230e+10 8.7491e+10  14.8%  76.5 3265s
 18234  9737 8.4726e+10  230  164 7.6230e+10 8.7491e+10  14.8%  76.4 3270s
 18271  9752 8.4726e+10  246  146 7.6230e+10 8.7491e+10  14.8%  76.4 3275s
 18306  9772 infeasible  260      7.6230e+10 8.7491e+10  14.8%  76.4 3280s
 18333  9784 8.4726e+10  272  137 7.6230e+10 8.7491e+10  14.8%  76.4 3285s
 18357  9797 8.4726e+10  283  138 7.6230e+10 8.7491e+10  14.8%  76.5 3290s
 18384  9811 8.4726e+10  295  208 7.6230e+10 8.7491e+10  14.8%  76.5 3295s
 18410  9825 8.4726e+10  307  145 7.6230e+10 8.7491e+10  14.8%  76.5 3300s
 18456  9839 8.4726e+10   78  225 7.6230e+10 8.7491e+10  14.8%  76.4 3305s
 18508  9874 8.4726e+10  120  193 7.6230e+10 8.7491e+10  14.8%  76.4 3310s
 18538  9891 8.4726e+10  148  178 7.6230e+10 8.7491e+10  14.8%  76.3 3315s
 18569  9900 8.7359e+10   52  288 7.6230e+10 8.7491e+10  14.8%  76.3 3320s
 18610  9925 8.7369e+10   90  207 7.6230e+10 8.7491e+10  14.8%  76.2 3325s
 18666  9959 8.7369e+10  125  147 7.6230e+10 8.7491e+10  14.8%  76.0 3330s
 18686  9970 8.7369e+10  137  150 7.6230e+10 8.7491e+10  14.8%  76.0 3340s
 18740 10003 8.7369e+10  174  148 7.6230e+10 8.7491e+10  14.8%  75.9 3345s
 18820 10032 8.7369e+10  213  116 7.6230e+10 8.7491e+10  14.8%  75.7 3350s
 18878 10061 8.7369e+10  228  114 7.6230e+10 8.7491e+10  14.8%  75.5 3355s
 18924 10065 8.7369e+10   50  441 7.6230e+10 8.7491e+10  14.8%  75.4 3360s
 18949 10082 8.7369e+10   75  298 7.6230e+10 8.7491e+10  14.8%  75.4 3365s
 18994 10112 8.7369e+10  117  195 7.6230e+10 8.7491e+10  14.8%  75.3 3370s
 19040 10141 8.7369e+10  148  247 7.6230e+10 8.7491e+10  14.8%  75.4 3375s
 19073 10163 8.7369e+10  158  288 7.6230e+10 8.7491e+10  14.8%  75.4 3380s
 19117 10192 8.7369e+10  183  186 7.6230e+10 8.7491e+10  14.8%  75.3 3385s
 19185 10228 8.7369e+10  210  116 7.6230e+10 8.7491e+10  14.8%  75.2 3390s
 19270 10261 8.7369e+10  242  121 7.6230e+10 8.7491e+10  14.8%  74.9 3395s
 19351 10299 8.7369e+10  282   84 7.6230e+10 8.7491e+10  14.8%  74.8 3400s
 19415 10320 8.4969e+10   48  471 7.6230e+10 8.7491e+10  14.8%  74.8 3405s
 19451 10344 8.4726e+10   84  201 7.6230e+10 8.7491e+10  14.8%  74.7 3410s
 19509 10376 8.4726e+10  126  117 7.6230e+10 8.7491e+10  14.8%  74.5 3415s
 19587 10413 infeasible  164      7.6230e+10 8.7491e+10  14.8%  74.4 3420s
 19666 10451 8.4726e+10  203   76 7.6230e+10 8.7491e+10  14.8%  74.3 3425s
 19669 10451 8.4726e+10  206   68 7.6230e+10 8.7491e+10  14.8%  74.3 3433s
 19697 10462 8.4726e+10  219   59 7.6230e+10 8.7491e+10  14.8%  74.2 3435s
 19750 10470 8.4969e+10   76  313 7.6230e+10 8.7491e+10  14.8%  74.2 3440s
 19806 10507 8.4969e+10  129  223 7.6230e+10 8.7491e+10  14.8%  74.0 3445s
 19861 10544 8.4969e+10  151  181 7.6230e+10 8.7491e+10  14.8%  73.9 3450s
 19943 10591 8.4969e+10  185  134 7.6230e+10 8.7491e+10  14.8%  73.7 3455s
 20029 10635 8.4969e+10  207  127 7.6230e+10 8.7491e+10  14.8%  73.5 3460s
 20109 10671 8.4969e+10  240  135 7.6230e+10 8.7491e+10  14.8%  73.3 3465s
 20190 10671 8.7491e+10   47  400 7.6230e+10 8.7491e+10  14.8%  73.1 3470s
 20240 10704 8.7369e+10   92  268 7.6230e+10 8.7491e+10  14.8%  73.0 3475s
 20314 10752 8.7369e+10  162  200 7.6230e+10 8.7491e+10  14.8%  72.9 3480s
 20356 10780 8.7369e+10  184  188 7.6230e+10 8.7491e+10  14.8%  73.0 3485s
 20403 10811 8.7369e+10  200  222 7.6230e+10 8.7491e+10  14.8%  73.1 3490s
 20404 10812 8.7369e+10  201  212 7.6230e+10 8.7491e+10  14.8%  73.0 3500s
 20449 10814 8.4969e+10   53  337 7.6230e+10 8.7491e+10  14.8%  73.1 3505s
 20509 10852 8.4969e+10  109  299 7.6230e+10 8.7491e+10  14.8%  73.0 3510s
 20573 10891 8.4969e+10  164  195 7.6230e+10 8.7491e+10  14.8%  72.9 3515s
 20648 10941 8.4969e+10  237  196 7.6230e+10 8.7491e+10  14.8%  72.7 3520s
 20652 10943 8.4969e+10  241  168 7.6230e+10 8.7491e+10  14.8%  72.7 3529s
 20656 10946 8.4969e+10  245  165 7.6230e+10 8.7491e+10  14.8%  72.7 3530s
 20714 10968 8.4969e+10   73  376 7.6230e+10 8.7491e+10  14.8%  72.7 3535s
 20754 10994 8.4969e+10  113  285 7.6230e+10 8.7491e+10  14.8%  72.6 3540s
 20796 11020 8.4969e+10  154  171 7.6230e+10 8.7491e+10  14.8%  72.5 3545s
 20828 11042 8.4969e+10  182  217 7.6230e+10 8.7491e+10  14.8%  72.4 3550s
 20892 11082 8.4969e+10  242  160 7.6230e+10 8.7491e+10  14.8%  72.2 3555s
 20959 11120 8.4969e+10  301   96 7.6230e+10 8.7491e+10  14.8%  72.1 3560s
 21007 11134 8.5929e+10   50  272 7.6230e+10 8.7491e+10  14.8%  72.2 3565s
 21062 11171 8.4767e+10  102  242 7.6230e+10 8.7491e+10  14.8%  72.1 3570s
 21122 11211 8.4767e+10  158  152 7.6230e+10 8.7491e+10  14.8%  72.0 3575s
 21183 11235 8.4767e+10  195  138 7.6230e+10 8.7491e+10  14.8%  71.9 3586s
 21234 11253 8.4767e+10  230   69 7.6230e+10 8.7491e+10  14.8%  71.8 3590s

Cutting planes:
  Gomory: 12
  Cover: 24
  Implied bound: 1
  MIR: 21
  Mixing: 1
  Flow cover: 33
  GUB cover: 8
  Zero half: 30
  RLT: 32
  Relax-and-lift: 9

Explored 21275 nodes (1619535 simplex iterations) in 3594.25 seconds (2043.12 work units)
Thread count was 1 (of 28 available processors)

Solution count 10: 7.62302e+10 7.50602e+10 7.38902e+10 ... 6.2031e+10

Time limit reached
Best objective 7.623019214000e+10, best bound 8.749079814000e+10, gap 14.7718%

User-callback calls 778529, time in user-callback 0.85 sec