Gurobi Optimizer version 12.0.3 build v12.0.3rc0 (linux64 - "Oracle Linux Server 9.4")

CPU model: Intel(R) Xeon(R) CPU E5-2660 v4 @ 2.00GHz, instruction set [SSE2|AVX|AVX2]
Thread count: 28 physical cores, 28 logical processors, using up to 1 threads

Non-default parameters:
TimeLimit  3598.290883072
SoftMemLimit  16
NumericFocus  1
Threads  1

Academic license 2690100 - for non-commercial use only - registered to ju___@uclm.es
Optimize a model with 15228 rows, 3482 columns and 66724 nonzeros
Model fingerprint: 0x4ca76c82
Variable types: 60 continuous, 3422 integer (3422 binary)
Coefficient statistics:
  Matrix range     [1e+00, 8e+12]
  Objective range  [1e+09, 3e+09]
  Bounds range     [1e+03, 1e+04]
  RHS range        [1e+00, 2e+14]
Warning: Model contains large matrix coefficient range
Warning: Model contains large objective coefficients
Warning: Model contains large rhs
Found heuristic solution: objective -0.0000000
Presolve removed 3740 rows and 74 columns
Presolve time: 0.26s
Presolved: 11488 rows, 3408 columns, 42353 nonzeros
Variable types: 60 continuous, 3348 integer (3348 binary)

Root relaxation: objective 9.453600e+10, 1095 iterations, 0.11 seconds (0.08 work units)

    Nodes    |    Current Node    |     Objective Bounds      |     Work
 Expl Unexpl |  Obj  Depth IntInf | Incumbent    BestBd   Gap | It/Node Time

     0     0 9.4536e+10    0  130   -0.00000 9.4536e+10      -     -    0s
H    0     0                    1.733400e+10 9.4536e+10   445%     -    0s
     0     0 9.4536e+10    0  315 1.7334e+10 9.4536e+10   445%     -    1s
     0     0 9.4536e+10    0  296 1.7334e+10 9.4536e+10   445%     -    1s
     0     0 9.4536e+10    0   64 1.7334e+10 9.4536e+10   445%     -    2s
H    0     0                    3.807000e+10 9.4536e+10   148%     -    2s
H    0     0                    4.152600e+10 9.4536e+10   128%     -    2s
H    0     0                    4.269600e+10 9.4536e+10   121%     -    2s
     0     0 9.4536e+10    0    8 4.2696e+10 9.4536e+10   121%     -    2s
H    0     0                    5.306400e+10 9.4536e+10  78.2%     -    2s
H    0     0                    5.652000e+10 9.4536e+10  67.3%     -    2s
H    0     0                    7.034400e+10 9.4536e+10  34.4%     -    2s
H    0     0                    8.071200e+10 9.4536e+10  17.1%     -    2s
     0     0 9.4536e+10    0   10 8.0712e+10 9.4536e+10  17.1%     -    2s
     0     0 9.4536e+10    0   11 8.0712e+10 9.4536e+10  17.1%     -    3s
     0     0 9.4536e+10    0    8 8.0712e+10 9.4536e+10  17.1%     -    3s
     0     0 9.4536e+10    0    6 8.0712e+10 9.4536e+10  17.1%     -    3s
     0     0 9.4536e+10    0    6 8.0712e+10 9.4536e+10  17.1%     -    3s
     0     0 9.4536e+10    0    4 8.0712e+10 9.4536e+10  17.1%     -    3s
     0     0 9.4536e+10    0    4 8.0712e+10 9.4536e+10  17.1%     -    3s
     0     2 9.4536e+10    0    4 8.0712e+10 9.4536e+10  17.1%     -    4s
    52    46 9.4536e+10   29   62 8.0712e+10 9.4536e+10  17.1%  55.4    5s
H  108    84                    8.762400e+10 9.4536e+10  7.89%  34.8    6s
   294   207 9.4536e+10   93   49 8.7624e+10 9.4536e+10  7.89%  28.5   10s
   662   250 9.4536e+10  139   21 8.7624e+10 9.4536e+10  7.89%  26.7   15s
   941   335 9.4536e+10  102   43 8.7624e+10 9.4536e+10  7.89%  22.8   21s
   948   340 9.4536e+10  122   91 8.7624e+10 9.4536e+10  7.89%  22.6   25s
   952   343 9.4536e+10   45   56 8.7624e+10 9.4536e+10  7.89%  22.5   31s
   959   347 9.4536e+10   61   10 8.7624e+10 9.4536e+10  7.89%  22.4   35s
  1047   408 9.4536e+10   67   47 8.7624e+10 9.4536e+10  7.89%  77.9   40s
  1159   449 9.4536e+10   50  100 8.7624e+10 9.4536e+10  7.89%  74.8   45s
  1226   463 9.4536e+10   76   14 8.7624e+10 9.4536e+10  7.89%  73.8   50s
  1365   431 9.4536e+10   78   47 8.7624e+10 9.4536e+10  7.89%  70.4   55s
  1478   382 9.4536e+10   71   32 8.7624e+10 9.4536e+10  7.89%  67.8   60s
  1736   311 9.4536e+10   76   33 8.7624e+10 9.4536e+10  7.89%  64.2   65s
  1979   265 9.4536e+10   79   34 8.7624e+10 9.4536e+10  7.89%  62.4   70s
  2241   312 9.4536e+10   91   22 8.7624e+10 9.4536e+10  7.89%  60.3   75s
  2352   336 9.4536e+10  104   14 8.7624e+10 9.4536e+10  7.89%  59.4   80s
  2566   318 infeasible  105      8.7624e+10 9.4536e+10  7.89%  58.0   85s
  2840   308 9.4536e+10   89   22 8.7624e+10 9.4536e+10  7.89%  55.8   90s
  3096   296 9.4536e+10   80   34 8.7624e+10 9.4536e+10  7.89%  54.6   95s
  3246   298 9.4536e+10   79   28 8.7624e+10 9.4536e+10  7.89%  53.7  104s
  3253   297 infeasible   81      8.7624e+10 9.4536e+10  7.89%  53.7  105s
  3483   283 infeasible   71      8.7624e+10 9.4536e+10  7.89%  53.7  110s
  3694   267 9.4536e+10   84   20 8.7624e+10 9.4536e+10  7.89%  53.7  115s
  3807   268 9.4536e+10   83   27 8.7624e+10 9.4536e+10  7.89%  53.5  120s
  4066   259 9.4536e+10   76   32 8.7624e+10 9.4536e+10  7.89%  53.4  125s
  4286   225 infeasible   87      8.7624e+10 9.4536e+10  7.89%  53.7  130s
  4492   215 9.4536e+10   69   27 8.7624e+10 9.4536e+10  7.89%  54.4  135s
  4634   209 9.4536e+10   67   25 8.7624e+10 9.4536e+10  7.89%  54.8  140s
  4853   202 9.4536e+10   72   28 8.7624e+10 9.4536e+10  7.89%  54.6  145s
  5067   188 infeasible   69      8.7624e+10 9.4536e+10  7.89%  55.1  150s
  5223   230 9.4536e+10   82   32 8.7624e+10 9.4536e+10  7.89%  54.5  155s
  5449   196 9.4536e+10   80   24 8.7624e+10 9.4536e+10  7.89%  54.2  160s
  5546   179 infeasible   69      8.7624e+10 9.4536e+10  7.89%  54.4  165s
  5824   213 9.4536e+10   66   42 8.7624e+10 9.4536e+10  7.89%  53.8  170s
  5907   196 9.4536e+10   75   40 8.7624e+10 9.4536e+10  7.89%  54.2  177s
  5936   187 infeasible   69      8.7624e+10 9.4536e+10  7.89%  54.3  180s
  6136   205 infeasible   66      8.7624e+10 9.4536e+10  7.89%  54.7  185s
  6277   186 infeasible   68      8.7624e+10 9.4536e+10  7.89%  55.1  190s
  6394   193 9.4536e+10   71   23 8.7624e+10 9.4536e+10  7.89%  55.2  195s
  6606   191 9.4536e+10   76   33 8.7624e+10 9.4536e+10  7.89%  55.2  200s
  6848   191 infeasible   67      8.7624e+10 9.4536e+10  7.89%  55.0  205s
  6890   199 9.4536e+10   68   34 8.7624e+10 9.4536e+10  7.89%  55.1  214s
  6891   200 9.4536e+10   69   33 8.7624e+10 9.4536e+10  7.89%  55.1  219s
  6925   212 infeasible   68      8.7624e+10 9.4536e+10  7.89%  55.1  220s
  7168   197 9.4536e+10   68   19 8.7624e+10 9.4536e+10  7.89%  55.2  225s
  7335   194 9.4536e+10   68   37 8.7624e+10 9.4536e+10  7.89%  55.5  230s
  7548   215 9.4536e+10   80   32 8.7624e+10 9.4536e+10  7.89%  55.6  235s
  7765   209 9.4536e+10   78   30 8.7624e+10 9.4536e+10  7.89%  55.6  241s
  7938   202 infeasible   71      8.7624e+10 9.4536e+10  7.89%  55.8  245s
  8018   204 9.4536e+10   76   32 8.7624e+10 9.4536e+10  7.89%  55.9  252s
  8127   195 9.4536e+10   69   37 8.7624e+10 9.4536e+10  7.89%  55.9  255s
  8287   185 infeasible   71      8.7624e+10 9.4536e+10  7.89%  56.1  260s
  8472   213 9.4536e+10   95   14 8.7624e+10 9.4536e+10  7.89%  56.1  266s
  8673   178 infeasible   65      8.7624e+10 9.4536e+10  7.89%  55.8  270s
  8887   182 infeasible   72      8.7624e+10 9.4536e+10  7.89%  56.1  275s
  9084   239 9.4536e+10  105   28 8.7624e+10 9.4536e+10  7.89%  56.1  280s
  9209   221 infeasible   98      8.7624e+10 9.4536e+10  7.89%  56.1  285s
  9440   210 9.4536e+10   95   35 8.7624e+10 9.4536e+10  7.89%  56.1  290s
  9629   207 9.4536e+10   92   28 8.7624e+10 9.4536e+10  7.89%  56.2  295s
  9745   240 9.4536e+10  112   24 8.7624e+10 9.4536e+10  7.89%  56.0  300s
  9968   236 infeasible  109      8.7624e+10 9.4536e+10  7.89%  55.8  305s
 10198   226 9.4536e+10  107   37 8.7624e+10 9.4536e+10  7.89%  55.8  310s
 10424   213 infeasible   97      8.7624e+10 9.4536e+10  7.89%  55.9  315s
 10529   204 9.4536e+10   90   52 8.7624e+10 9.4536e+10  7.89%  56.0  320s
 10776   213 infeasible   98      8.7624e+10 9.4536e+10  7.89%  56.1  325s
 10798   217 9.4536e+10   88   44 8.7624e+10 9.4536e+10  7.89%  56.1  380s
 11029   217 infeasible  103      8.7624e+10 9.4536e+10  7.89%  56.2  385s
 11266   201 9.4536e+10   81   45 8.7624e+10 9.4536e+10  7.89%  56.4  390s
 11447   200 9.4536e+10   81   43 8.7624e+10 9.4536e+10  7.89%  56.5  395s
 11508   193 9.4536e+10   81   39 8.7624e+10 9.4536e+10  7.89%  56.7  401s
 11673   189 9.4536e+10   75   48 8.7624e+10 9.4536e+10  7.89%  56.9  407s
 11804   190 9.4536e+10   78   34 8.7624e+10 9.4536e+10  7.89%  57.0  410s
 11989   183 infeasible   76      8.7624e+10 9.4536e+10  7.89%  57.6  415s
 12146   191 9.4536e+10   75   65 8.7624e+10 9.4536e+10  7.89%  58.0  421s
 12304   209 infeasible   97      8.7624e+10 9.4536e+10  7.89%  57.7  425s
 12468   200     cutoff   90      8.7624e+10 9.4536e+10  7.89%  58.1  430s
 12542   204 9.4536e+10   96   22 8.7624e+10 9.4536e+10  7.89%  58.3  435s
 12661   225 9.4536e+10   78   32 8.7624e+10 9.4536e+10  7.89%  58.4  440s
 12788   194 9.4536e+10   83   93 8.7624e+10 9.4536e+10  7.89%  58.5  450s
 12804   202 9.4536e+10   92   65 8.7624e+10 9.4536e+10  7.89%  58.5  455s
 12839   199     cutoff   75      8.7624e+10 9.4536e+10  7.89%  58.9  460s
 12979   191 9.4536e+10   83   29 8.7624e+10 9.4536e+10  7.89%  59.3  465s
 13107   252 9.4536e+10  122   17 8.7624e+10 9.4536e+10  7.89%  59.5  471s
 13280   227 infeasible  102      8.7624e+10 9.4536e+10  7.89%  59.2  475s
 13464   197 infeasible   79      8.7624e+10 9.4536e+10  7.89%  59.1  480s
 13562   212 9.4536e+10   82   35 8.7624e+10 9.4536e+10  7.89%  59.3  485s
 13772   306 9.4536e+10   81   21 8.7624e+10 9.4536e+10  7.89%  59.2  490s
 14082   328 9.4536e+10   89   23 8.7624e+10 9.4536e+10  7.89%  58.4  495s
 14223   317 9.4536e+10   77   35 8.7624e+10 9.4536e+10  7.89%  58.2  500s
 14455   314 infeasible   77      8.7624e+10 9.4536e+10  7.89%  57.9  505s
 14612   303 9.4536e+10   84   43 8.7624e+10 9.4536e+10  7.89%  57.8  513s
 14614   303 9.4536e+10   85   28 8.7624e+10 9.4536e+10  7.89%  57.8  515s
 14849   318 9.4536e+10   98   51 8.7624e+10 9.4536e+10  7.89%  57.5  520s
 15069   306 infeasible   80      8.7624e+10 9.4536e+10  7.89%  57.5  525s
 15288   307 infeasible   84      8.7624e+10 9.4536e+10  7.89%  57.1  530s
 15503   290 infeasible   77      8.7624e+10 9.4536e+10  7.89%  57.1  535s
 15614   289 9.4536e+10   60   77 8.7624e+10 9.4536e+10  7.89%  57.2  540s
 15847   328 infeasible   74      8.7624e+10 9.4536e+10  7.89%  57.1  545s
 15936   313 infeasible   94      8.7624e+10 9.4536e+10  7.89%  57.2  550s
 16039   290 9.4536e+10   65   55 8.7624e+10 9.4536e+10  7.89%  57.4  555s
 16248   289 9.4536e+10   75   30 8.7624e+10 9.4536e+10  7.89%  57.4  560s
 16446   289 infeasible   60      8.7624e+10 9.4536e+10  7.89%  57.4  565s
 16538   287 9.4536e+10   67   30 8.7624e+10 9.4536e+10  7.89%  57.5  570s
 16720   291 9.4536e+10   73   46 8.7624e+10 9.4536e+10  7.89%  57.5  579s
 16722   291 9.4536e+10   72   60 8.7624e+10 9.4536e+10  7.89%  57.5  580s
 16762   285 9.4536e+10   72   35 8.7624e+10 9.4536e+10  7.89%  57.5  585s
 16964   317 infeasible   80      8.7624e+10 9.4536e+10  7.89%  57.5  590s
 17128   305 9.4536e+10   71   40 8.7624e+10 9.4536e+10  7.89%  57.5  597s
 17271   327 9.4536e+10   90   22 8.7624e+10 9.4536e+10  7.89%  57.4  600s
 17509   301 9.4536e+10   66   53 8.7624e+10 9.4536e+10  7.89%  57.3  605s
 17733   310 infeasible   76      8.7624e+10 9.4536e+10  7.89%  57.5  610s
 17918   309 9.4536e+10   69   33 8.7624e+10 9.4536e+10  7.89%  57.9  615s
 18051   304 infeasible   73      8.7624e+10 9.4536e+10  7.89%  57.9  620s
 18276   301 infeasible   68      8.7624e+10 9.4536e+10  7.89%  58.0  625s
 18472   299 9.4536e+10   67   40 8.7624e+10 9.4536e+10  7.89%  58.2  630s
 18504   299 infeasible   69      8.7624e+10 9.4536e+10  7.89%  58.2  635s
 18708   311 9.4536e+10   67   43 8.7624e+10 9.4536e+10  7.89%  58.2  640s
 18864   313 infeasible   65      8.7624e+10 9.4536e+10  7.89%  58.1  645s
 19061   302 9.4536e+10   61   59 8.7624e+10 9.4536e+10  7.89%  58.4  650s
 19256   351 9.4536e+10   68   68 8.7624e+10 9.4536e+10  7.89%  58.3  655s
 19392   347 9.4536e+10   68   73 8.7624e+10 9.4536e+10  7.89%  58.7  660s
 19541   371 9.4536e+10   83   30 8.7624e+10 9.4536e+10  7.89%  58.8  666s
 19669   397 9.4536e+10  112   19 8.7624e+10 9.4536e+10  7.89%  58.7  677s
 19670   398 9.4536e+10  113   15 8.7624e+10 9.4536e+10  7.89%  58.7  690s
 19726   394 9.4536e+10  109   24 8.7624e+10 9.4536e+10  7.89%  58.7  697s
 19815   387 infeasible  102      8.7624e+10 9.4536e+10  7.89%  58.7  700s
 20013   377 infeasible   95      8.7624e+10 9.4536e+10  7.89%  58.8  705s
 20165   369     cutoff   86      8.7624e+10 9.4536e+10  7.89%  59.2  710s
 20410   364 infeasible   81      8.7624e+10 9.4536e+10  7.89%  59.4  715s
 20412   364 9.4536e+10   79   54 8.7624e+10 9.4536e+10  7.89%  59.4  720s
 20684   422 9.4536e+10  103   27 8.7624e+10 9.4536e+10  7.89%  59.2  725s
 20960   422 infeasible  100      8.7624e+10 9.4536e+10  7.89%  59.1  730s
 21075   411 infeasible   98      8.7624e+10 9.4536e+10  7.89%  59.1  735s
 21278   386 9.4536e+10   99   32 8.7624e+10 9.4536e+10  7.89%  59.4  740s
 21491   399     cutoff  114      8.7624e+10 9.4536e+10  7.89%  59.5  745s
 21623   399 infeasible  100      8.7624e+10 9.4536e+10  7.89%  59.9  750s
 21787   397 infeasible  100      8.7624e+10 9.4536e+10  7.89%  60.0  755s
 22035   413 9.4536e+10   95   15 8.7624e+10 9.4536e+10  7.89%  59.8  762s
 22183   425 9.4536e+10   93    6 8.7624e+10 9.4536e+10  7.89%  59.5  765s
 22463   401 9.4536e+10   82   38 8.7624e+10 9.4536e+10  7.89%  59.3  770s
 22826   400 infeasible  109      8.7624e+10 9.4536e+10  7.89%  58.8  775s
 23044   374 9.4536e+10   99   42 8.7624e+10 9.4536e+10  7.89%  58.9  780s
 23163   370 9.4536e+10   77   62 8.7624e+10 9.4536e+10  7.89%  59.0  787s
 23236   363     cutoff   88      8.7624e+10 9.4536e+10  7.89%  59.2  790s
 23459   384 9.4536e+10  113   38 8.7624e+10 9.4536e+10  7.89%  59.4  795s
 23614   359     cutoff   89      8.7624e+10 9.4536e+10  7.89%  59.8  800s
 23834   365 infeasible   92      8.7624e+10 9.4536e+10  7.89%  60.0  805s
 24031   352 9.4536e+10   76   23 8.7624e+10 9.4536e+10  7.89%  60.1  810s
 24252   345 infeasible   73      8.7624e+10 9.4536e+10  7.89%  60.2  815s
 24393   409 9.4536e+10   92   24 8.7624e+10 9.4536e+10  7.89%  60.1  820s
 24624   396 infeasible   85      8.7624e+10 9.4536e+10  7.89%  60.0  825s
 24828   374 infeasible   68      8.7624e+10 9.4536e+10  7.89%  60.0  830s
 24985   393 9.4536e+10  121   42 8.7624e+10 9.4536e+10  7.89%  60.1  837s
 25135   391 infeasible  103      8.7624e+10 9.4536e+10  7.89%  60.0  840s
 25323   343 9.4536e+10   64   34 8.7624e+10 9.4536e+10  7.89%  60.2  845s
 25416   388 9.4536e+10   86   94 8.7624e+10 9.4536e+10  7.89%  60.5  850s
 25603   416 9.4536e+10   73   38 8.7624e+10 9.4536e+10  7.89%  60.6  855s
 25859   432 infeasible  102      8.7624e+10 9.4536e+10  7.89%  60.6  860s
 25954   409 9.4536e+10   72   22 8.7624e+10 9.4536e+10  7.89%  60.6  865s
 26122   497 9.4536e+10   88   14 8.7624e+10 9.4536e+10  7.89%  60.5  870s
 26366   483 9.4536e+10   78   60 8.7624e+10 9.4536e+10  7.89%  60.4  875s
 26550   532 9.4536e+10   48   93 8.7624e+10 9.4536e+10  7.89%  60.4  892s
 26561   541 infeasible   58      8.7624e+10 9.4536e+10  7.89%  60.4  895s
 26659   620 9.4536e+10  105   15 8.7624e+10 9.4536e+10  7.89%  60.4  900s
 26681   615 9.4536e+10  102   34 8.7624e+10 9.4536e+10  7.89%  60.4  910s
 26686   614 9.4536e+10  103   29 8.7624e+10 9.4536e+10  7.89%  60.4  915s
 26847   612 infeasible   98      8.7624e+10 9.4536e+10  7.89%  60.5  920s
 27042   603 9.4536e+10   98   42 8.7624e+10 9.4536e+10  7.89%  60.6  925s
 27140   599 9.4536e+10   94   50 8.7624e+10 9.4536e+10  7.89%  60.7  930s
 27331   596 9.4536e+10   90   48 8.7624e+10 9.4536e+10  7.89%  60.8  935s
 27492   587 infeasible   88      8.7624e+10 9.4536e+10  7.89%  61.0  940s
 27625   590 9.4536e+10   85   42 8.7624e+10 9.4536e+10  7.89%  61.1  945s
 27819   606 infeasible   93      8.7624e+10 9.4536e+10  7.89%  61.0  950s
 28051   629 9.4536e+10  102   14 8.7624e+10 9.4536e+10  7.89%  61.1  955s
 28212   589 9.4536e+10   86   52 8.7624e+10 9.4536e+10  7.89%  61.2  961s
 28329   594 infeasible   96      8.7624e+10 9.4536e+10  7.89%  61.4  965s
 28487   584 infeasible   83      8.7624e+10 9.4536e+10  7.89%  61.7  970s
 28610   583 9.4536e+10   90   45 8.7624e+10 9.4536e+10  7.89%  62.0  976s
 28773   584 infeasible   93      8.7624e+10 9.4536e+10  7.89%  62.0  980s
 28910   589 9.4536e+10   81   57 8.7624e+10 9.4536e+10  7.89%  62.3  985s
 29098   591 9.4536e+10   80   59 8.7624e+10 9.4536e+10  7.89%  62.3  990s
 29248   591 9.4536e+10   82   58 8.7624e+10 9.4536e+10  7.89%  62.3  995s
 29426   593 infeasible   88      8.7624e+10 9.4536e+10  7.89%  62.4 1000s
 29528   591 9.4536e+10   88   74 8.7624e+10 9.4536e+10  7.89%  62.6 1007s
 29609   584 infeasible   83      8.7624e+10 9.4536e+10  7.89%  62.7 1010s
 29755   591 9.4536e+10   77   46 8.7624e+10 9.4536e+10  7.89%  62.9 1015s
 29953   606 infeasible   83      8.7624e+10 9.4536e+10  7.89%  63.1 1020s
 30211   610 infeasible   96      8.7624e+10 9.4536e+10  7.89%  63.0 1025s
 30394   601 9.4536e+10   83   74 8.7624e+10 9.4536e+10  7.89%  63.0 1031s
 30498   599 9.4536e+10   84   31 8.7624e+10 9.4536e+10  7.89%  63.2 1035s
 30706   603 9.4536e+10   95   37 8.7624e+10 9.4536e+10  7.89%  63.2 1040s
 30767   591 9.4536e+10   78   93 8.7624e+10 9.4536e+10  7.89%  63.3 1045s
 30922   604 infeasible  100      8.7624e+10 9.4536e+10  7.89%  63.4 1050s
 31085   583 infeasible   86      8.7624e+10 9.4536e+10  7.89%  63.6 1055s
 31215   585 9.4536e+10   85   42 8.7624e+10 9.4536e+10  7.89%  63.7 1068s
 31217   585 9.4536e+10   86   38 8.7624e+10 9.4536e+10  7.89%  63.7 1070s
 31272   602 9.4536e+10  105   25 8.7624e+10 9.4536e+10  7.89%  63.7 1075s
 31489   593 9.4536e+10   95   33 8.7624e+10 9.4536e+10  7.89%  63.6 1080s
 31532   592 infeasible   95      8.7624e+10 9.4536e+10  7.89%  63.7 1085s
 31682   584 9.4536e+10   79   55 8.7624e+10 9.4536e+10  7.89%  63.8 1090s
 31829   587 9.4536e+10   82   46 8.7624e+10 9.4536e+10  7.89%  64.0 1095s
 32034   578 9.4536e+10   79   31 8.7624e+10 9.4536e+10  7.89%  63.9 1100s
 32203   579 infeasible   81      8.7624e+10 9.4536e+10  7.89%  64.1 1105s
 32340   580 9.4536e+10   76   56 8.7624e+10 9.4536e+10  7.89%  64.1 1110s
 32460   587 9.4536e+10   81   44 8.7624e+10 9.4536e+10  7.89%  64.4 1115s
 32578   579 9.4536e+10   77   62 8.7624e+10 9.4536e+10  7.89%  64.5 1120s
 32730   577 9.4536e+10   76   48 8.7624e+10 9.4536e+10  7.89%  64.8 1125s
 32902   589 infeasible   81      8.7624e+10 9.4536e+10  7.89%  64.9 1130s
 32976   615 infeasible   97      8.7624e+10 9.4536e+10  7.89%  64.8 1135s
 33280   613 infeasible  108      8.7624e+10 9.4536e+10  7.89%  64.5 1140s
 33546   675 infeasible  101      8.7624e+10 9.4536e+10  7.89%  64.2 1145s
 33785   668 9.4536e+10   91   14 8.7624e+10 9.4536e+10  7.89%  64.0 1150s
 34081   648 9.4536e+10   72   38 8.7624e+10 9.4536e+10  7.89%  63.8 1155s
 34307   677 9.4536e+10   89   37 8.7624e+10 9.4536e+10  7.89%  63.6 1160s
 34361   686 9.4536e+10   92   57 8.7624e+10 9.4536e+10  7.89%  63.6 1165s
 34527   678 infeasible   94      8.7624e+10 9.4536e+10  7.89%  63.7 1170s
 34797   726 9.4536e+10   94   21 8.7624e+10 9.4536e+10  7.89%  63.7 1175s
 35022   733 9.4536e+10   76   28 8.7624e+10 9.4536e+10  7.89%  63.7 1180s
 35247   784 9.4536e+10   67   56 8.7624e+10 9.4536e+10  7.89%  63.6 1185s
 35397   780 9.4536e+10   68   36 8.7624e+10 9.4536e+10  7.89%  63.5 1197s
 35406   783 9.4536e+10   72   33 8.7624e+10 9.4536e+10  7.89%  63.5 1200s
 35642   781 9.4536e+10   77   24 8.7624e+10 9.4536e+10  7.89%  63.3 1205s
 35791   786 infeasible   82      8.7624e+10 9.4536e+10  7.89%  63.3 1210s
 36043   804 9.4536e+10   76   35 8.7624e+10 9.4536e+10  7.89%  63.1 1215s
 36087   786 9.4536e+10   72   57 8.7624e+10 9.4536e+10  7.89%  63.2 1236s
 36207   788 infeasible   68      8.7624e+10 9.4536e+10  7.89%  63.2 1240s
 36335   792 9.4536e+10   78   23 8.7624e+10 9.4536e+10  7.89%  63.1 1245s
 36562   895 9.4536e+10   93   12 8.7624e+10 9.4536e+10  7.89%  63.0 1250s
 36700   891 9.4536e+10   92   23 8.7624e+10 9.4536e+10  7.89%  62.9 1256s
 36860   863 infeasible   81      8.7624e+10 9.4536e+10  7.89%  62.7 1260s
 37121   886 9.4536e+10   87   20 8.7624e+10 9.4536e+10  7.89%  62.5 1265s
 37323   860 infeasible   73      8.7624e+10 9.4536e+10  7.89%  62.4 1270s
 37498   869 9.4536e+10   80   11 8.7624e+10 9.4536e+10  7.89%  62.3 1275s
 37696   861 9.4536e+10   74   30 8.7624e+10 9.4536e+10  7.89%  62.2 1280s
 37948   850 infeasible   71      8.7624e+10 9.4536e+10  7.89%  62.0 1285s
 38207   865 9.4536e+10   73   59 8.7624e+10 9.4536e+10  7.89%  61.8 1290s
 38388   888 9.4536e+10   99   12 8.7624e+10 9.4536e+10  7.89%  61.6 1296s
 38512   865 9.4536e+10   77   28 8.7624e+10 9.4536e+10  7.89%  61.6 1300s
 38779   860 9.4536e+10   71   49 8.7624e+10 9.4536e+10  7.89%  61.5 1305s
 39026   867 9.4536e+10   77   52 8.7624e+10 9.4536e+10  7.89%  61.3 1310s
 39291   861 9.4536e+10   74   35 8.7624e+10 9.4536e+10  7.89%  61.1 1315s
 39411   866 9.4536e+10   72   56 8.7624e+10 9.4536e+10  7.89%  61.0 1320s
 39667   869 infeasible   77      8.7624e+10 9.4536e+10  7.89%  60.9 1325s
 39851   874 9.4536e+10   80   37 8.7624e+10 9.4536e+10  7.89%  60.9 1330s
 39993   868 9.4536e+10   84   32 8.7624e+10 9.4536e+10  7.89%  60.8 1336s
 40151   858 infeasible   71      8.7624e+10 9.4536e+10  7.89%  60.8 1340s
 40465   932 9.4536e+10  129   14 8.7624e+10 9.4536e+10  7.89%  60.5 1345s
 40827   884 infeasible   94      8.7624e+10 9.4536e+10  7.89%  60.2 1350s
 40938   875 infeasible   83      8.7624e+10 9.4536e+10  7.89%  60.2 1355s
 41188   906 infeasible   85      8.7624e+10 9.4536e+10  7.89%  60.1 1360s
 41510   872 infeasible   84      8.7624e+10 9.4536e+10  7.89%  59.9 1365s
 41649   881 infeasible   84      8.7624e+10 9.4536e+10  7.89%  59.8 1370s
 41885   866 infeasible   86      8.7624e+10 9.4536e+10  7.89%  59.7 1375s
 42020   869 9.4536e+10   85   41 8.7624e+10 9.4536e+10  7.89%  59.6 1380s
 42245   870 9.4536e+10   85   57 8.7624e+10 9.4536e+10  7.89%  59.5 1386s
 42417   864 infeasible   79      8.7624e+10 9.4536e+10  7.89%  59.4 1390s
 42620   864 9.4536e+10   75   45 8.7624e+10 9.4536e+10  7.89%  59.4 1395s
 42781   857 9.4536e+10   79   24 8.7624e+10 9.4536e+10  7.89%  59.3 1400s
 43005   870 infeasible   76      8.7624e+10 9.4536e+10  7.89%  59.2 1405s
 43142   866 infeasible   73      8.7624e+10 9.4536e+10  7.89%  59.2 1410s
 43403   862 9.4536e+10   83   20 8.7624e+10 9.4536e+10  7.89%  59.0 1415s
 43678   872 9.4536e+10   90   30 8.7624e+10 9.4536e+10  7.89%  58.8 1420s
 43857   877 9.4536e+10   79   20 8.7624e+10 9.4536e+10  7.89%  58.7 1425s
 44083   869 infeasible   88      8.7624e+10 9.4536e+10  7.89%  58.7 1430s
 44203   867 infeasible   79      8.7624e+10 9.4536e+10  7.89%  58.7 1435s
 44244   872 9.4536e+10   85   24 8.7624e+10 9.4536e+10  7.89%  58.7 1443s
 44286   874 9.4536e+10   84   22 8.7624e+10 9.4536e+10  7.89%  58.7 1445s
 44445   870 9.4536e+10   77   31 8.7624e+10 9.4536e+10  7.89%  58.6 1450s
 44702   865 infeasible   83      8.7624e+10 9.4536e+10  7.89%  58.5 1455s
 44795   868 9.4536e+10   83   21 8.7624e+10 9.4536e+10  7.89%  58.5 1460s
 45030   863 9.4536e+10   85   62 8.7624e+10 9.4536e+10  7.89%  58.4 1465s
 45266   859 9.4536e+10   75   41 8.7624e+10 9.4536e+10  7.89%  58.3 1470s
 45514   863 infeasible   83      8.7624e+10 9.4536e+10  7.89%  58.2 1475s
 45662   851 9.4536e+10   68   56 8.7624e+10 9.4536e+10  7.89%  58.3 1482s
 45747   868 9.4536e+10   70   57 8.7624e+10 9.4536e+10  7.89%  58.3 1489s
 45775   864 infeasible   72      8.7624e+10 9.4536e+10  7.89%  58.3 1490s
 45935   878 infeasible   82      8.7624e+10 9.4536e+10  7.89%  58.3 1495s
 46146   876 infeasible   77      8.7624e+10 9.4536e+10  7.89%  58.3 1500s
 46354   877 9.4536e+10   76   57 8.7624e+10 9.4536e+10  7.89%  58.3 1505s
 46506   876 9.4536e+10   79   20 8.7624e+10 9.4536e+10  7.89%  58.2 1510s
 46622   866 9.4536e+10   75   44 8.7624e+10 9.4536e+10  7.89%  58.2 1515s
 46825   880 9.4536e+10   78   39 8.7624e+10 9.4536e+10  7.89%  58.2 1520s
 47018   895 9.4536e+10   95   29 8.7624e+10 9.4536e+10  7.89%  58.1 1526s
 47152   879 9.4536e+10   80   38 8.7624e+10 9.4536e+10  7.89%  58.0 1531s
 47319   881 infeasible   82      8.7624e+10 9.4536e+10  7.89%  58.1 1535s
 47527   885 infeasible   77      8.7624e+10 9.4536e+10  7.89%  58.1 1540s
 47536   890 9.4536e+10   83   24 8.7624e+10 9.4536e+10  7.89%  58.1 1548s
 47573   881 infeasible   79      8.7624e+10 9.4536e+10  7.89%  58.1 1550s
 47779   871 infeasible   84      8.7624e+10 9.4536e+10  7.89%  58.1 1555s
 47967   876 9.4536e+10   77   30 8.7624e+10 9.4536e+10  7.89%  58.1 1560s
 48152   884 9.4536e+10   78   28 8.7624e+10 9.4536e+10  7.89%  58.1 1565s
 48292   880 9.4536e+10   86   33 8.7624e+10 9.4536e+10  7.89%  58.2 1570s
 48474   874 infeasible   87      8.7624e+10 9.4536e+10  7.89%  58.2 1575s
 48602   869 9.4536e+10   80   28 8.7624e+10 9.4536e+10  7.89%  58.2 1580s
 48711   873 9.4536e+10   82   47 8.7624e+10 9.4536e+10  7.89%  58.2 1588s
 48756   878 9.4536e+10   87   56 8.7624e+10 9.4536e+10  7.89%  58.2 1590s
 48932   866 9.4536e+10   77   49 8.7624e+10 9.4536e+10  7.89%  58.3 1595s
 49097   867 9.4536e+10   78   25 8.7624e+10 9.4536e+10  7.89%  58.3 1600s
 49278   869 infeasible   78      8.7624e+10 9.4536e+10  7.89%  58.3 1605s
 49460   862 9.4536e+10   77   32 8.7624e+10 9.4536e+10  7.89%  58.3 1610s
 49499   859 9.4536e+10   76   49 8.7624e+10 9.4536e+10  7.89%  58.3 1626s
 49600   858 infeasible   80      8.7624e+10 9.4536e+10  7.89%  58.2 1630s
 49698   860 9.4536e+10   76   23 8.7624e+10 9.4536e+10  7.89%  58.2 1635s
 49899   872 9.4536e+10   74   35 8.7624e+10 9.4536e+10  7.89%  58.2 1640s
 50135   867 infeasible   78      8.7624e+10 9.4536e+10  7.89%  58.1 1645s
 50284   865 9.4536e+10   74   28 8.7624e+10 9.4536e+10  7.89%  58.1 1650s
 50479   877 infeasible   84      8.7624e+10 9.4536e+10  7.89%  58.0 1655s
 50660   855 infeasible   86      8.7624e+10 9.4536e+10  7.89%  58.0 1660s
 50736   863 infeasible   74      8.7624e+10 9.4536e+10  7.89%  58.0 1665s
 50920   865 9.4536e+10   69   91 8.7624e+10 9.4536e+10  7.89%  58.0 1670s
 51083   872 infeasible   78      8.7624e+10 9.4536e+10  7.89%  58.1 1675s
 51241   864 9.4536e+10   73   54 8.7624e+10 9.4536e+10  7.89%  58.2 1680s
 51395   863 9.4536e+10   83   33 8.7624e+10 9.4536e+10  7.89%  58.1 1685s
 51553   857 9.4536e+10   77   44 8.7624e+10 9.4536e+10  7.89%  58.2 1690s
 51688   861 9.4536e+10   80   52 8.7624e+10 9.4536e+10  7.89%  58.2 1697s
 51750   853 infeasible   79      8.7624e+10 9.4536e+10  7.89%  58.3 1700s
 51941   862 9.4536e+10   77   41 8.7624e+10 9.4536e+10  7.89%  58.4 1705s
 52108   859 9.4536e+10   85   34 8.7624e+10 9.4536e+10  7.89%  58.4 1718s
 52109   860 9.4536e+10   86   35 8.7624e+10 9.4536e+10  7.89%  58.4 1721s
 52210   861 9.4536e+10   72   61 8.7624e+10 9.4536e+10  7.89%  58.4 1727s
 52305   858 9.4536e+10   72   51 8.7624e+10 9.4536e+10  7.89%  58.4 1730s
 52509   861 infeasible   83      8.7624e+10 9.4536e+10  7.89%  58.4 1735s
 52582   852 9.4536e+10   74   52 8.7624e+10 9.4536e+10  7.89%  58.4 1740s
 52768   860 9.4536e+10   76   32 8.7624e+10 9.4536e+10  7.89%  58.4 1745s
 52968   874 9.4536e+10   77   39 8.7624e+10 9.4536e+10  7.89%  58.4 1750s
 53147   865 infeasible   79      8.7624e+10 9.4536e+10  7.89%  58.4 1755s
 53328   866 infeasible   76      8.7624e+10 9.4536e+10  7.89%  58.4 1760s
 53500   868 infeasible   85      8.7624e+10 9.4536e+10  7.89%  58.4 1765s
 53563   871 infeasible   76      8.7624e+10 9.4536e+10  7.89%  58.5 1770s
 53752   865 infeasible   77      8.7624e+10 9.4536e+10  7.89%  58.5 1775s
 53954   859 infeasible   79      8.7624e+10 9.4536e+10  7.89%  58.4 1780s
 54142   850 9.4536e+10   70   53 8.7624e+10 9.4536e+10  7.89%  58.4 1785s
 54283   869 9.4536e+10   73   25 8.7624e+10 9.4536e+10  7.89%  58.5 1790s
 54352   866 infeasible   71      8.7624e+10 9.4536e+10  7.89%  58.5 1795s
 54506   862 9.4536e+10   74   36 8.7624e+10 9.4536e+10  7.89%  58.6 1800s
 54674   864 9.4536e+10   68   26 8.7624e+10 9.4536e+10  7.89%  58.7 1805s
 54871   862 infeasible   78      8.7624e+10 9.4536e+10  7.89%  58.7 1810s
 54976   858 9.4536e+10   70   25 8.7624e+10 9.4536e+10  7.89%  58.7 1815s
 55164   854 infeasible   74      8.7624e+10 9.4536e+10  7.89%  58.7 1820s
 55360   856 infeasible   72      8.7624e+10 9.4536e+10  7.89%  58.7 1825s
 55538   859 9.4536e+10   65   51 8.7624e+10 9.4536e+10  7.89%  58.7 1830s
 55644   864 9.4536e+10   72   64 8.7624e+10 9.4536e+10  7.89%  58.7 1836s
 55769   873 9.4536e+10   78   33 8.7624e+10 9.4536e+10  7.89%  58.8 1840s
 55945   885 9.4536e+10   85   81 8.7624e+10 9.4536e+10  7.89%  58.8 1845s
 56040   868 9.4536e+10   75   47 8.7624e+10 9.4536e+10  7.89%  58.8 1861s
 56041   869 9.4536e+10   76   49 8.7624e+10 9.4536e+10  7.89%  58.8 1865s
 56210   862 9.4536e+10   73   69 8.7624e+10 9.4536e+10  7.89%  58.8 1870s
 56271   873 9.4536e+10   72   37 8.7624e+10 9.4536e+10  7.89%  58.8 1875s
 56437   882 9.4536e+10   80   25 8.7624e+10 9.4536e+10  7.89%  58.8 1880s
 56476   883 9.4536e+10   76   50 8.7624e+10 9.4536e+10  7.89%  58.8 1886s
 56612   873 9.4536e+10   79   31 8.7624e+10 9.4536e+10  7.89%  58.8 1890s
 56824   872 infeasible   75      8.7624e+10 9.4536e+10  7.89%  58.7 1895s
 57053   864 infeasible   75      8.7624e+10 9.4536e+10  7.89%  58.7 1900s
 57255   862 infeasible   73      8.7624e+10 9.4536e+10  7.89%  58.7 1905s
 57370   877 infeasible   97      8.7624e+10 9.4536e+10  7.89%  58.6 1910s
 57584   861 9.4536e+10   71   42 8.7624e+10 9.4536e+10  7.89%  58.6 1915s
 57749   855 9.4536e+10   74   39 8.7624e+10 9.4536e+10  7.89%  58.6 1920s
 57753   857 9.4536e+10   75   34 8.7624e+10 9.4536e+10  7.89%  58.6 1926s
 57798   852 infeasible   74      8.7624e+10 9.4536e+10  7.89%  58.6 1930s
 57991   849 9.4536e+10   68   47 8.7624e+10 9.4536e+10  7.89%  58.6 1935s
 58152   851 9.4536e+10   68   58 8.7624e+10 9.4536e+10  7.89%  58.6 1944s
 58165   850 9.4536e+10   70   45 8.7624e+10 9.4536e+10  7.89%  58.6 1945s
 58352   849 9.4536e+10   73   55 8.7624e+10 9.4536e+10  7.89%  58.6 1950s
 58569   848 9.4536e+10   69   44 8.7624e+10 9.4536e+10  7.89%  58.5 1955s
 58756   850 infeasible   78      8.7624e+10 9.4536e+10  7.89%  58.5 1960s
 58996   892 infeasible  116      8.7624e+10 9.4536e+10  7.89%  58.4 1965s
 59213   881 9.4536e+10   99   16 8.7624e+10 9.4536e+10  7.89%  58.4 1970s
 59491   872 9.4536e+10   95   14 8.7624e+10 9.4536e+10  7.89%  58.3 1975s
 59722   857 9.4536e+10   78   40 8.7624e+10 9.4536e+10  7.89%  58.2 1980s
 59848   855 infeasible   86      8.7624e+10 9.4536e+10  7.89%  58.2 1985s
 60022   856 9.4536e+10   74   53 8.7624e+10 9.4536e+10  7.89%  58.2 1990s
 60139   873 9.4536e+10   80   77 8.7624e+10 9.4536e+10  7.89%  58.3 1995s
 60249   865 9.4536e+10   82   65 8.7624e+10 9.4536e+10  7.89%  58.3 2002s
 60322   858 infeasible   82      8.7624e+10 9.4536e+10  7.89%  58.3 2005s
 60488   862 infeasible   81      8.7624e+10 9.4536e+10  7.89%  58.4 2010s
 60557   863 9.4536e+10   83   61 8.7624e+10 9.4536e+10  7.89%  58.4 2024s
 60558   864 9.4536e+10   84   62 8.7624e+10 9.4536e+10  7.89%  58.4 2031s
 60673   861 9.4536e+10   83   42 8.7624e+10 9.4536e+10  7.89%  58.4 2035s
 60842   856 9.4536e+10   78   49 8.7624e+10 9.4536e+10  7.89%  58.5 2040s
 61006   856 9.4536e+10   79   50 8.7624e+10 9.4536e+10  7.89%  58.5 2045s
 61188   852 9.4536e+10   75   57 8.7624e+10 9.4536e+10  7.89%  58.6 2050s
 61375   861 infeasible   82      8.7624e+10 9.4536e+10  7.89%  58.6 2055s
 61581   856 infeasible   82      8.7624e+10 9.4536e+10  7.89%  58.6 2060s
 61777   853 9.4536e+10   84   55 8.7624e+10 9.4536e+10  7.89%  58.5 2065s
 61834   851 infeasible   79      8.7624e+10 9.4536e+10  7.89%  58.6 2070s
 62006   862 9.4536e+10   75   53 8.7624e+10 9.4536e+10  7.89%  58.6 2075s
 62169   857 9.4536e+10   81   56 8.7624e+10 9.4536e+10  7.89%  58.7 2080s
 62358   853 9.4536e+10   79   34 8.7624e+10 9.4536e+10  7.89%  58.7 2085s
 62447   854 infeasible   84      8.7624e+10 9.4536e+10  7.89%  58.7 2090s
 62614   855 9.4536e+10   78   47 8.7624e+10 9.4536e+10  7.89%  58.7 2098s
 62701   846 infeasible   75      8.7624e+10 9.4536e+10  7.89%  58.7 2100s
 62853   863 infeasible   72      8.7624e+10 9.4536e+10  7.89%  58.8 2105s
 63053   869 9.4536e+10   77   36 8.7624e+10 9.4536e+10  7.89%  58.7 2110s
 63243   865 infeasible   84      8.7624e+10 9.4536e+10  7.89%  58.7 2115s
 63417   855 infeasible   75      8.7624e+10 9.4536e+10  7.89%  58.8 2120s
 63603   864 9.4536e+10   86   24 8.7624e+10 9.4536e+10  7.89%  58.7 2125s
 63655   856 9.4536e+10   82   47 8.7624e+10 9.4536e+10  7.89%  58.7 2130s
 63868   865 infeasible   81      8.7624e+10 9.4536e+10  7.89%  58.7 2135s
 64089   856 infeasible   73      8.7624e+10 9.4536e+10  7.89%  58.6 2140s
 64310   876 9.4536e+10   81   25 8.7624e+10 9.4536e+10  7.89%  58.6 2145s
 64513   863 infeasible   84      8.7624e+10 9.4536e+10  7.89%  58.5 2150s
 64593   857 9.4536e+10   78   49 8.7624e+10 9.4536e+10  7.89%  58.5 2155s
 64784   861 9.4536e+10   75   42 8.7624e+10 9.4536e+10  7.89%  58.5 2160s
 64953   864 9.4536e+10   82   47 8.7624e+10 9.4536e+10  7.89%  58.5 2165s
 65142   862 infeasible   88      8.7624e+10 9.4536e+10  7.89%  58.5 2170s
 65219   858 9.4536e+10   81   28 8.7624e+10 9.4536e+10  7.89%  58.5 2179s
 65246   859 9.4536e+10   84   49 8.7624e+10 9.4536e+10  7.89%  58.5 2180s
 65428   852 9.4536e+10   83   48 8.7624e+10 9.4536e+10  7.89%  58.5 2185s
 65597   844 9.4536e+10   70   68 8.7624e+10 9.4536e+10  7.89%  58.5 2190s
 65787   859 infeasible   81      8.7624e+10 9.4536e+10  7.89%  58.6 2195s
 65978   873 9.4536e+10   84   20 8.7624e+10 9.4536e+10  7.89%  58.5 2200s
 66205   879 9.4536e+10   80   39 8.7624e+10 9.4536e+10  7.89%  58.5 2205s
 66343   883 9.4536e+10   87   44 8.7624e+10 9.4536e+10  7.89%  58.4 2213s
 66385   885 infeasible   87      8.7624e+10 9.4536e+10  7.89%  58.4 2215s
 66597   872 infeasible   82      8.7624e+10 9.4536e+10  7.89%  58.4 2220s
 66795   855 infeasible   83      8.7624e+10 9.4536e+10  7.89%  58.4 2225s
 66837   866 9.4536e+10   79   33 8.7624e+10 9.4536e+10  7.89%  58.4 2232s
 66965   865 9.4536e+10   81   40 8.7624e+10 9.4536e+10  7.89%  58.4 2235s
 67169   869 infeasible   85      8.7624e+10 9.4536e+10  7.89%  58.3 2240s
 67404   872 infeasible   86      8.7624e+10 9.4536e+10  7.89%  58.3 2245s
 67526   868 infeasible   85      8.7624e+10 9.4536e+10  7.89%  58.2 2250s
 67708   865 infeasible   81      8.7624e+10 9.4536e+10  7.89%  58.2 2255s
 67927   858 9.4536e+10   79   64 8.7624e+10 9.4536e+10  7.89%  58.2 2260s
 68159   864 infeasible   83      8.7624e+10 9.4536e+10  7.89%  58.1 2265s
 68368   858 9.4536e+10   77   39 8.7624e+10 9.4536e+10  7.89%  58.1 2270s
 68450   874 9.4536e+10   71   66 8.7624e+10 9.4536e+10  7.89%  58.1 2275s
 68643   875 9.4536e+10   79   41 8.7624e+10 9.4536e+10  7.89%  58.0 2280s
 68845   873 9.4536e+10   85   40 8.7624e+10 9.4536e+10  7.89%  58.0 2285s
 69042   866 9.4536e+10   87   54 8.7624e+10 9.4536e+10  7.89%  58.0 2290s
 69198   857 infeasible   78      8.7624e+10 9.4536e+10  7.89%  58.0 2295s
 69236   865 9.4536e+10   79   81 8.7624e+10 9.4536e+10  7.89%  58.0 2301s
 69237   866 9.4536e+10   80   76 8.7624e+10 9.4536e+10  7.89%  58.0 2311s
 69377   868 infeasible   94      8.7624e+10 9.4536e+10  7.89%  57.9 2315s
 69584   858 9.4536e+10   79   37 8.7624e+10 9.4536e+10  7.89%  57.9 2320s
 69773   868 9.4536e+10   82   44 8.7624e+10 9.4536e+10  7.89%  57.9 2325s
 69957   856 infeasible   86      8.7624e+10 9.4536e+10  7.89%  57.9 2330s
 70144   853 infeasible   84      8.7624e+10 9.4536e+10  7.89%  57.8 2335s
 70301   850 9.4536e+10   74   43 8.7624e+10 9.4536e+10  7.89%  57.8 2343s
 70377   861 9.4536e+10   76   62 8.7624e+10 9.4536e+10  7.89%  57.8 2345s
 70566   863 9.4536e+10   84   36 8.7624e+10 9.4536e+10  7.89%  57.8 2350s
 70756   865 9.4536e+10   78   51 8.7624e+10 9.4536e+10  7.89%  57.8 2355s
 70914   852 9.4536e+10   74   64 8.7624e+10 9.4536e+10  7.89%  57.8 2360s
 71102   868 infeasible   77      8.7624e+10 9.4536e+10  7.89%  57.8 2365s
 71294   863 infeasible   78      8.7624e+10 9.4536e+10  7.89%  57.8 2370s
 71345   870 9.4536e+10   79   71 8.7624e+10 9.4536e+10  7.89%  57.9 2375s
 71509   865 infeasible   83      8.7624e+10 9.4536e+10  7.89%  57.9 2380s
 71686   861 9.4536e+10   84   32 8.7624e+10 9.4536e+10  7.89%  58.0 2385s
 71914   864 infeasible   90      8.7624e+10 9.4536e+10  7.89%  57.9 2390s
 72147   856 infeasible   85      8.7624e+10 9.4536e+10  7.89%  57.9 2395s
 72355   862 infeasible   87      8.7624e+10 9.4536e+10  7.89%  57.8 2400s
 72501   858 9.4536e+10   78   47 8.7624e+10 9.4536e+10  7.89%  57.8 2405s
 72693   858 9.4536e+10   81   56 8.7624e+10 9.4536e+10  7.89%  57.8 2410s
 72770   869 9.4536e+10   83   32 8.7624e+10 9.4536e+10  7.89%  57.8 2417s
 72891   872 9.4536e+10   88   47 8.7624e+10 9.4536e+10  7.89%  57.8 2420s
 73103   888 9.4536e+10   92   49 8.7624e+10 9.4536e+10  7.89%  57.8 2425s
 73329   863 9.4536e+10   82   52 8.7624e+10 9.4536e+10  7.89%  57.7 2430s
 73481   861 9.4536e+10   90   69 8.7624e+10 9.4536e+10  7.89%  57.7 2435s
 73619   867 9.4536e+10   92   58 8.7624e+10 9.4536e+10  7.89%  57.8 2442s
 73714   864 9.4536e+10   89   34 8.7624e+10 9.4536e+10  7.89%  57.8 2445s
 73833   863 9.4536e+10   95   42 8.7624e+10 9.4536e+10  7.89%  57.8 2455s
 74021   860 9.4536e+10   92   35 8.7624e+10 9.4536e+10  7.89%  57.8 2460s
 74176   866 9.4536e+10   89   39 8.7624e+10 9.4536e+10  7.89%  57.8 2470s
 74377   867 9.4536e+10   89   49 8.7624e+10 9.4536e+10  7.89%  57.8 2475s
 74584   859 infeasible   87      8.7624e+10 9.4536e+10  7.89%  57.8 2480s
 74768   872 9.4536e+10   90   41 8.7624e+10 9.4536e+10  7.89%  57.8 2485s
 74950   862 infeasible   94      8.7624e+10 9.4536e+10  7.89%  57.8 2490s
 75135   872 9.4536e+10   88   53 8.7624e+10 9.4536e+10  7.89%  57.9 2495s
 75304   867 9.4536e+10   80   50 8.7624e+10 9.4536e+10  7.89%  57.9 2500s
 75481   853 infeasible   80      8.7624e+10 9.4536e+10  7.89%  58.0 2505s
 75669   848 infeasible   81      8.7624e+10 9.4536e+10  7.89%  57.9 2510s
 75790   857 9.4536e+10   78   58 8.7624e+10 9.4536e+10  7.89%  58.0 2518s
 75832   863 9.4536e+10   88   50 8.7624e+10 9.4536e+10  7.89%  58.0 2520s
 75990   868 9.4536e+10   85   33 8.7624e+10 9.4536e+10  7.89%  58.0 2525s
 76166   868 9.4536e+10   80   44 8.7624e+10 9.4536e+10  7.89%  58.0 2530s
 76363   865 9.4536e+10   84   32 8.7624e+10 9.4536e+10  7.89%  58.0 2535s
 76538   858 infeasible   84      8.7624e+10 9.4536e+10  7.89%  58.1 2540s
 76707   861 9.4536e+10   84   64 8.7624e+10 9.4536e+10  7.89%  58.1 2545s
 76853   859 9.4536e+10   89   54 8.7624e+10 9.4536e+10  7.89%  58.2 2550s
 76922   860 9.4536e+10   87   57 8.7624e+10 9.4536e+10  7.89%  58.2 2555s
 76925   859 9.4536e+10   86   47 8.7624e+10 9.4536e+10  7.89%  58.2 2563s
 76971   853 9.4536e+10   80   40 8.7624e+10 9.4536e+10  7.89%  58.2 2565s
 77207   862 infeasible   86      8.7624e+10 9.4536e+10  7.89%  58.2 2570s
 77410   849 infeasible   80      8.7624e+10 9.4536e+10  7.89%  58.2 2575s
 77505   856 9.4536e+10   82   36 8.7624e+10 9.4536e+10  7.89%  58.2 2584s
 77516   855 infeasible   85      8.7624e+10 9.4536e+10  7.89%  58.2 2585s
 77695   855 9.4536e+10   83   32 8.7624e+10 9.4536e+10  7.89%  58.2 2590s
 77900   851 9.4536e+10   80   32 8.7624e+10 9.4536e+10  7.89%  58.2 2595s
 77992   849 9.4536e+10   78   62 8.7624e+10 9.4536e+10  7.89%  58.2 2600s
 78205   851 9.4536e+10   80   50 8.7624e+10 9.4536e+10  7.89%  58.2 2605s
 78376   847 infeasible   78      8.7624e+10 9.4536e+10  7.89%  58.2 2610s
 78589   850 9.4536e+10   80   27 8.7624e+10 9.4536e+10  7.89%  58.2 2615s
 78764   848 9.4536e+10   78   35 8.7624e+10 9.4536e+10  7.89%  58.2 2620s
 78958   851 9.4536e+10   76   34 8.7624e+10 9.4536e+10  7.89%  58.3 2625s
 79230   915 infeasible  119      8.7624e+10 9.4536e+10  7.89%  58.2 2630s
 79397   878 9.4536e+10   90   23 8.7624e+10 9.4536e+10  7.89%  58.1 2635s
 79552   855 infeasible   75      8.7624e+10 9.4536e+10  7.89%  58.2 2640s
 79752   855 infeasible   83      8.7624e+10 9.4536e+10  7.89%  58.2 2645s
 79817   848 9.4536e+10   72   63 8.7624e+10 9.4536e+10  7.89%  58.2 2654s
 79829   852 9.4536e+10   78   29 8.7624e+10 9.4536e+10  7.89%  58.2 2661s
 79978   865 9.4536e+10   74   40 8.7624e+10 9.4536e+10  7.89%  58.2 2665s
 80169   866 9.4536e+10   82   30 8.7624e+10 9.4536e+10  7.89%  58.2 2670s
 80371   874 9.4536e+10   88   35 8.7624e+10 9.4536e+10  7.89%  58.2 2675s
 80469   864 9.4536e+10   80   49 8.7624e+10 9.4536e+10  7.89%  58.2 2693s
 80531   863 9.4536e+10   83   32 8.7624e+10 9.4536e+10  7.89%  58.2 2695s
 80718   860 9.4536e+10   78   59 8.7624e+10 9.4536e+10  7.89%  58.1 2700s
 80902   870 9.4536e+10   80   46 8.7624e+10 9.4536e+10  7.89%  58.1 2705s
 81071   855 9.4536e+10   79   28 8.7624e+10 9.4536e+10  7.89%  58.1 2710s
 81155   859 9.4536e+10   79   43 8.7624e+10 9.4536e+10  7.89%  58.2 2715s
 81338   852 infeasible   78      8.7624e+10 9.4536e+10  7.89%  58.2 2720s
 81573   915 9.4536e+10   78   29 8.7624e+10 9.4536e+10  7.89%  58.1 2725s
 81744   974 9.4536e+10   93   40 8.7624e+10 9.4536e+10  7.89%  58.1 2732s
 81868   980 infeasible  105      8.7624e+10 9.4536e+10  7.89%  58.0 2735s
 82133  1088 infeasible   65      8.7624e+10 9.4536e+10  7.89%  57.9 2740s
 82282  1087 infeasible   67      8.7624e+10 9.4536e+10  7.89%  58.0 2745s
 82424  1079 9.4536e+10   63   71 8.7624e+10 9.4536e+10  7.89%  58.0 2754s
 82448  1079 9.4536e+10   62   67 8.7624e+10 9.4536e+10  7.89%  58.0 2755s
 82580  1085 infeasible   60      8.7624e+10 9.4536e+10  7.89%  58.1 2760s
 82581  1086 9.4536e+10   60   66 8.7624e+10 9.4536e+10  7.89%  58.1 2768s
 82621  1094 9.4536e+10   66   71 8.7624e+10 9.4536e+10  7.89%  58.1 2770s
 82759  1090 9.4536e+10   64   48 8.7624e+10 9.4536e+10  7.89%  58.1 2775s
 82936  1083 infeasible   61      8.7624e+10 9.4536e+10  7.89%  58.2 2780s
 83048  1083 9.4536e+10   52   60 8.7624e+10 9.4536e+10  7.89%  58.2 2786s
 83156  1097 9.4536e+10   59   57 8.7624e+10 9.4536e+10  7.89%  58.2 2790s
 83210  1087 9.4536e+10   60   50 8.7624e+10 9.4536e+10  7.89%  58.2 2795s
 83359  1084 infeasible   61      8.7624e+10 9.4536e+10  7.89%  58.2 2800s
 83539  1103 infeasible   84      8.7624e+10 9.4536e+10  7.89%  58.2 2805s
 83564  1104 9.4536e+10   74   42 8.7624e+10 9.4536e+10  7.89%  58.2 2814s
 83589  1129 9.4536e+10   96   24 8.7624e+10 9.4536e+10  7.89%  58.2 2815s
 83775  1117 infeasible   89      8.7624e+10 9.4536e+10  7.89%  58.2 2820s
 83879  1113 9.4536e+10   81   35 8.7624e+10 9.4536e+10  7.89%  58.3 2825s
 84057  1103 9.4536e+10   62   50 8.7624e+10 9.4536e+10  7.89%  58.3 2830s
 84248  1102 9.4536e+10   74   34 8.7624e+10 9.4536e+10  7.89%  58.3 2835s
 84428  1116 9.4536e+10   87   46 8.7624e+10 9.4536e+10  7.89%  58.3 2841s
 84558  1102 9.4536e+10   76   57 8.7624e+10 9.4536e+10  7.89%  58.3 2845s
 84765  1097 infeasible   80      8.7624e+10 9.4536e+10  7.89%  58.3 2850s
 84971  1131 9.4536e+10  100   34 8.7624e+10 9.4536e+10  7.89%  58.3 2855s
 85002  1122 9.4536e+10   92   32 8.7624e+10 9.4536e+10  7.89%  58.3 2860s
 85166  1100 infeasible   73      8.7624e+10 9.4536e+10  7.89%  58.3 2865s
 85324  1094 infeasible   67      8.7624e+10 9.4536e+10  7.89%  58.4 2870s
 85504  1112 infeasible   85      8.7624e+10 9.4536e+10  7.89%  58.4 2875s
 85673  1109 9.4536e+10   81   49 8.7624e+10 9.4536e+10  7.89%  58.5 2880s
 85866  1108 9.4536e+10   85   39 8.7624e+10 9.4536e+10  7.89%  58.5 2885s
 85938  1108 9.4536e+10   89   49 8.7624e+10 9.4536e+10  7.89%  58.5 2891s
 86070  1098 9.4536e+10   76   44 8.7624e+10 9.4536e+10  7.89%  58.5 2895s
 86272  1100 9.4536e+10   69   48 8.7624e+10 9.4536e+10  7.89%  58.6 2900s
 86447  1099 9.4536e+10   64   50 8.7624e+10 9.4536e+10  7.89%  58.6 2905s
 86665  1103 infeasible   76      8.7624e+10 9.4536e+10  7.89%  58.6 2910s
 86860  1104 infeasible   74      8.7624e+10 9.4536e+10  7.89%  58.5 2915s
 86885  1103 9.4536e+10   73   71 8.7624e+10 9.4536e+10  7.89%  58.5 2921s
 87021  1103 9.4536e+10   73   45 8.7624e+10 9.4536e+10  7.89%  58.5 2925s
 87248  1096 infeasible   74      8.7624e+10 9.4536e+10  7.89%  58.5 2930s
 87412  1100 9.4536e+10   64   43 8.7624e+10 9.4536e+10  7.89%  58.5 2946s
 87585  1127 infeasible   97      8.7624e+10 9.4536e+10  7.89%  58.5 2950s
 87788  1108 infeasible   88      8.7624e+10 9.4536e+10  7.89%  58.4 2955s
 87940  1102 9.4536e+10   77   60 8.7624e+10 9.4536e+10  7.89%  58.4 2964s
 87972  1098 infeasible   78      8.7624e+10 9.4536e+10  7.89%  58.4 2965s
 88149  1105 infeasible   71      8.7624e+10 9.4536e+10  7.89%  58.4 2971s
 88268  1104 infeasible   74      8.7624e+10 9.4536e+10  7.89%  58.4 2975s
 88448  1092 infeasible   71      8.7624e+10 9.4536e+10  7.89%  58.4 2980s
 88631  1094 9.4536e+10   65   29 8.7624e+10 9.4536e+10  7.89%  58.4 2985s
 88801  1094 infeasible   73      8.7624e+10 9.4536e+10  7.89%  58.5 2990s
 88964  1097 9.4536e+10   65   42 8.7624e+10 9.4536e+10  7.89%  58.5 2995s
 89118  1091 9.4536e+10   63   51 8.7624e+10 9.4536e+10  7.89%  58.5 3000s
 89256  1111 infeasible   78      8.7624e+10 9.4536e+10  7.89%  58.5 3005s
 89462  1103 9.4536e+10   78   45 8.7624e+10 9.4536e+10  7.89%  58.5 3019s
 89469  1098 9.4536e+10   71   53 8.7624e+10 9.4536e+10  7.89%  58.5 3021s
 89582  1089 9.4536e+10   65   58 8.7624e+10 9.4536e+10  7.89%  58.5 3025s
 89736  1093 infeasible   69      8.7624e+10 9.4536e+10  7.89%  58.5 3030s
 89818  1093 9.4536e+10   72   67 8.7624e+10 9.4536e+10  7.89%  58.5 3035s
 89972  1089 infeasible   65      8.7624e+10 9.4536e+10  7.89%  58.5 3040s
 90141  1102 9.4536e+10   64   67 8.7624e+10 9.4536e+10  7.89%  58.6 3045s
 90234  1099 9.4536e+10   71   59 8.7624e+10 9.4536e+10  7.89%  58.6 3050s
 90410  1101 9.4536e+10   80   53 8.7624e+10 9.4536e+10  7.89%  58.6 3055s
 90582  1103 infeasible   71      8.7624e+10 9.4536e+10  7.89%  58.6 3060s
 90661  1104 infeasible   74      8.7624e+10 9.4536e+10  7.89%  58.6 3065s
 90839  1095 infeasible   74      8.7624e+10 9.4536e+10  7.89%  58.6 3070s
 91026  1096 9.4536e+10   67   66 8.7624e+10 9.4536e+10  7.89%  58.6 3075s
 91188  1094 9.4536e+10   67   56 8.7624e+10 9.4536e+10  7.89%  58.6 3082s
 91288  1094 infeasible   70      8.7624e+10 9.4536e+10  7.89%  58.6 3085s
 91470  1090 9.4536e+10   63   72 8.7624e+10 9.4536e+10  7.89%  58.6 3090s
 91646  1086 9.4536e+10   66   68 8.7624e+10 9.4536e+10  7.89%  58.7 3095s
 91783  1085 9.4536e+10   61   42 8.7624e+10 9.4536e+10  7.89%  58.7 3100s
 91942  1106 9.4536e+10   73   51 8.7624e+10 9.4536e+10  7.89%  58.7 3105s
 92146  1132 9.4536e+10  106   32 8.7624e+10 9.4536e+10  7.89%  58.7 3110s
 92319  1121 9.4536e+10   97   44 8.7624e+10 9.4536e+10  7.89%  58.6 3115s
 92569  1096 9.4536e+10   70   73 8.7624e+10 9.4536e+10  7.89%  58.6 3120s
 92713  1082 9.4536e+10   58   69 8.7624e+10 9.4536e+10  7.89%  58.6 3127s
 92770  1083 9.4536e+10   64   49 8.7624e+10 9.4536e+10  7.89%  58.6 3138s
 92814  1091 9.4536e+10   69   38 8.7624e+10 9.4536e+10  7.89%  58.6 3140s
 92989  1092 infeasible   76      8.7624e+10 9.4536e+10  7.89%  58.6 3145s
 93159  1096 infeasible   72      8.7624e+10 9.4536e+10  7.89%  58.7 3150s
 93250  1101 9.4536e+10   77   57 8.7624e+10 9.4536e+10  7.89%  58.7 3156s
 93372  1101 9.4536e+10   61   44 8.7624e+10 9.4536e+10  7.89%  58.7 3160s
 93500  1101 9.4536e+10   73   33 8.7624e+10 9.4536e+10  7.89%  58.6 3165s
 93685  1156 infeasible   83      8.7624e+10 9.4536e+10  7.89%  58.6 3170s
 93817  1158 9.4536e+10   85   39 8.7624e+10 9.4536e+10  7.89%  58.8 3175s
 93942  1155 9.4536e+10   85   64 8.7624e+10 9.4536e+10  7.89%  58.9 3180s
 93977  1152 9.4536e+10   81   70 8.7624e+10 9.4536e+10  7.89%  58.9 3185s
 94126  1143 9.4536e+10   72   71 8.7624e+10 9.4536e+10  7.89%  58.9 3190s
 94275  1158 infeasible   78      8.7624e+10 9.4536e+10  7.89%  59.0 3195s
 94441  1156 infeasible   86      8.7624e+10 9.4536e+10  7.89%  59.0 3200s
 94604  1146 infeasible   79      8.7624e+10 9.4536e+10  7.89%  59.1 3205s
 94743  1091 infeasible   71      8.7624e+10 9.4536e+10  7.89%  59.1 3210s
 94928  1094 9.4536e+10   69   63 8.7624e+10 9.4536e+10  7.89%  59.1 3221s
 95056  1090 infeasible   72      8.7624e+10 9.4536e+10  7.89%  59.1 3225s
 95280  1163 9.4536e+10   83   31 8.7624e+10 9.4536e+10  7.89%  59.1 3230s
 95428  1147 infeasible   75      8.7624e+10 9.4536e+10  7.89%  59.1 3235s
 95595  1140 infeasible   79      8.7624e+10 9.4536e+10  7.89%  59.2 3240s
 95768  1141 9.4536e+10   73   47 8.7624e+10 9.4536e+10  7.89%  59.2 3245s
 95902  1147 infeasible   75      8.7624e+10 9.4536e+10  7.89%  59.3 3250s
 96044  1147 infeasible   75      8.7624e+10 9.4536e+10  7.89%  59.4 3255s
 96176  1139 9.4536e+10   67   72 8.7624e+10 9.4536e+10  7.89%  59.5 3260s
 96310  1101 9.4536e+10   86   24 8.7624e+10 9.4536e+10  7.89%  59.5 3265s
 96444  1099 9.4536e+10   72   56 8.7624e+10 9.4536e+10  7.89%  59.5 3281s
 96464  1093 infeasible   74      8.7624e+10 9.4536e+10  7.89%  59.5 3285s
 96585  1098 9.4536e+10   62   70 8.7624e+10 9.4536e+10  7.89%  59.5 3290s
 96759  1106 9.4536e+10   70   38 8.7624e+10 9.4536e+10  7.89%  59.5 3295s
 96842  1099 9.4536e+10   83   44 8.7624e+10 9.4536e+10  7.89%  59.5 3300s
 97094  1095 9.4536e+10   82   30 8.7624e+10 9.4536e+10  7.89%  59.4 3305s
 97323  1088 infeasible   74      8.7624e+10 9.4536e+10  7.89%  59.3 3310s
 97500  1091 9.4536e+10   62   62 8.7624e+10 9.4536e+10  7.89%  59.3 3315s
 97654  1102 9.4536e+10   69   44 8.7624e+10 9.4536e+10  7.89%  59.3 3320s
 97755  1101 infeasible   76      8.7624e+10 9.4536e+10  7.89%  59.3 3325s
 97958  1108 9.4536e+10   68   48 8.7624e+10 9.4536e+10  7.89%  59.3 3330s
 98152  1096 infeasible   66      8.7624e+10 9.4536e+10  7.89%  59.3 3335s
 98283  1113 9.4536e+10   73   47 8.7624e+10 9.4536e+10  7.89%  59.3 3342s
 98351  1103 infeasible   73      8.7624e+10 9.4536e+10  7.89%  59.3 3346s
 98487  1095 infeasible   70      8.7624e+10 9.4536e+10  7.89%  59.2 3350s
 98658  1106 9.4536e+10   69   72 8.7624e+10 9.4536e+10  7.89%  59.2 3355s
 98829  1097 9.4536e+10   63   53 8.7624e+10 9.4536e+10  7.89%  59.3 3360s
 99009  1116 infeasible   96      8.7624e+10 9.4536e+10  7.89%  59.3 3365s
 99180  1091 9.4536e+10   70   51 8.7624e+10 9.4536e+10  7.89%  59.4 3370s
 99185  1090 infeasible   73      8.7624e+10 9.4536e+10  7.89%  59.4 3375s
 99372  1102 infeasible   75      8.7624e+10 9.4536e+10  7.89%  59.4 3380s
 99552  1102 infeasible   80      8.7624e+10 9.4536e+10  7.89%  59.5 3385s
 99697  1083 9.4536e+10   60   85 8.7624e+10 9.4536e+10  7.89%  59.5 3390s
 99842  1098 infeasible   70      8.7624e+10 9.4536e+10  7.89%  59.5 3395s
 99986  1089 9.4536e+10   69   57 8.7624e+10 9.4536e+10  7.89%  59.6 3400s
 100152  1091 9.4536e+10   62   44 8.7624e+10 9.4536e+10  7.89%  59.6 3405s
 100194  1093 infeasible   68      8.7624e+10 9.4536e+10  7.89%  59.6 3410s
 100345  1080 infeasible   62      8.7624e+10 9.4536e+10  7.89%  59.6 3415s
 100511  1082 9.4536e+10   64   52 8.7624e+10 9.4536e+10  7.89%  59.6 3420s
 100667  1078 infeasible   64      8.7624e+10 9.4536e+10  7.89%  59.7 3425s
 100835  1076 9.4536e+10   60   58 8.7624e+10 9.4536e+10  7.89%  59.6 3430s
 100925  1086 9.4536e+10   68   49 8.7624e+10 9.4536e+10  7.89%  59.6 3435s
 101090  1075 9.4536e+10   62   70 8.7624e+10 9.4536e+10  7.89%  59.6 3440s
 101325  1032 9.4536e+10  141   26 8.7624e+10 9.4536e+10  7.89%  59.6 3445s
 101505   985 infeasible   95      8.7624e+10 9.4536e+10  7.89%  59.6 3450s
 101635  1042 9.4536e+10  115   26 8.7624e+10 9.4536e+10  7.89%  59.5 3455s
 101845  1041 9.4536e+10  101   85 8.7624e+10 9.4536e+10  7.89%  59.5 3460s
 102016  1115 9.4536e+10   63   80 8.7624e+10 9.4536e+10  7.89%  59.4 3465s
 102084  1117 9.4536e+10   70   53 8.7624e+10 9.4536e+10  7.89%  59.5 3475s
 102124  1115 9.4536e+10   69   49 8.7624e+10 9.4536e+10  7.89%  59.6 3489s
 102135  1114 infeasible   72      8.7624e+10 9.4536e+10  7.89%  59.6 3490s
 102230  1122 9.4536e+10   66  103 8.7624e+10 9.4536e+10  7.89%  59.6 3495s
 102241  1129 9.4536e+10   72   58 8.7624e+10 9.4536e+10  7.89%  59.7 3503s
 102264  1134 infeasible   64      8.7624e+10 9.4536e+10  7.89%  59.7 3505s
 102382  1127 9.4536e+10   72   49 8.7624e+10 9.4536e+10  7.89%  59.8 3510s
 102528  1123 infeasible   73      8.7624e+10 9.4536e+10  7.89%  59.8 3515s
 102584  1133 9.4536e+10   83   14 8.7624e+10 9.4536e+10  7.89%  59.9 3523s
 102665  1162 9.4536e+10  101    8 8.7624e+10 9.4536e+10  7.89%  59.9 3525s
 102842  1152 infeasible   80      8.7624e+10 9.4536e+10  7.89%  59.9 3530s
 103033  1125 infeasible   83      8.7624e+10 9.4536e+10  7.89%  59.9 3535s
 103224  1140 9.4536e+10   85   15 8.7624e+10 9.4536e+10  7.89%  59.9 3547s
 103340  1138 9.4536e+10   91   16 8.7624e+10 9.4536e+10  7.89%  59.9 3550s
 103452  1144 9.4536e+10   85   16 8.7624e+10 9.4536e+10  7.89%  59.8 3555s
 103647  1157 9.4536e+10   90   13 8.7624e+10 9.4536e+10  7.89%  59.8 3560s
 103860  1158 9.4536e+10   83   33 8.7624e+10 9.4536e+10  7.89%  59.8 3568s
 103903  1147 9.4536e+10   79   50 8.7624e+10 9.4536e+10  7.89%  59.8 3570s
 104035  1145 infeasible   84      8.7624e+10 9.4536e+10  7.89%  59.9 3575s
 104169  1153 9.4536e+10   78   58 8.7624e+10 9.4536e+10  7.89%  60.0 3580s
 104307  1152 9.4536e+10   82   53 8.7624e+10 9.4536e+10  7.89%  60.0 3585s
 104455  1143 9.4536e+10   80   53 8.7624e+10 9.4536e+10  7.89%  60.1 3590s
 104637  1141 infeasible   80      8.7624e+10 9.4536e+10  7.89%  60.1 3595s

Cutting planes:
  Learned: 95
  Gomory: 19
  Lift-and-project: 35
  Cover: 2367
  Implied bound: 1373
  Clique: 43
  MIR: 78
  StrongCG: 9
  Flow cover: 565
  Inf proof: 798
  Zero half: 7
  RLT: 65
  Relax-and-lift: 175

Explored 104639 nodes (6308492 simplex iterations) in 3598.30 seconds (1974.78 work units)
Thread count was 1 (of 28 available processors)

Solution count 10: 8.7624e+10 8.0712e+10 7.0344e+10 ... -0

Time limit reached
Best objective 8.762400000000e+10, best bound 9.453600000000e+10, gap 7.8882%

User-callback calls 1228304, time in user-callback 0.94 sec