Gurobi Optimizer version 12.0.3 build v12.0.3rc0 (linux64 - "Oracle Linux Server 9.4")

CPU model: Intel(R) Xeon(R) CPU E5-2660 v4 @ 2.00GHz, instruction set [SSE2|AVX|AVX2]
Thread count: 28 physical cores, 28 logical processors, using up to 1 threads

Non-default parameters:
TimeLimit  3593.697899224
SoftMemLimit  16
NumericFocus  1
Threads  1

Academic license 2690100 - for non-commercial use only - registered to ju___@uclm.es
Optimize a model with 82769 rows, 18967 columns and 337172 nonzeros
Model fingerprint: 0x41482914
Variable types: 150 continuous, 18817 integer (18817 binary)
Coefficient statistics:
  Matrix range     [1e+00, 4e+13]
  Objective range  [7e+08, 2e+09]
  Bounds range     [1e+03, 1e+04]
  RHS range        [1e+00, 2e+14]
Warning: Model contains large matrix coefficient range
Warning: Model contains large objective coefficients
Warning: Model contains large rhs
Found heuristic solution: objective -0.0000000
Presolve removed 26839 rows and 3744 columns
Presolve time: 2.47s
Presolved: 55930 rows, 15223 columns, 200944 nonzeros
Variable types: 150 continuous, 15073 integer (15073 binary)
Root relaxation presolved: 55930 rows, 15223 columns, 200944 nonzeros


Root relaxation: objective 8.827590e+10, 6105 iterations, 1.93 seconds (1.31 work units)
Total elapsed time = 5.38s (DegenMoves)

    Nodes    |    Current Node    |     Objective Bounds      |     Work
 Expl Unexpl |  Obj  Depth IntInf | Incumbent    BestBd   Gap | It/Node Time

     0     0 8.8276e+10    0  348   -0.00000 8.8276e+10      -     -    7s
     0     0 8.8276e+10    0  738   -0.00000 8.8276e+10      -     -    9s
H    0     0                    1.170000e+09 8.8276e+10  7445%     -   10s
H    0     0                    2.400000e+09 8.8276e+10  3578%     -   10s
H    0     0                    7.909200e+09 8.8276e+10  1016%     -   10s
H    0     0                    8.989200e+09 8.8276e+10   882%     -   10s
H    0     0                    1.305000e+10 8.8276e+10   576%     -   10s
H    0     0                    1.422000e+10 8.8276e+10   521%     -   10s
     0     0 8.7777e+10    0  991 1.4220e+10 8.7777e+10   517%     -   17s
     0     0 8.7777e+10    0 1258 1.4220e+10 8.7777e+10   517%     -   23s
     0     0 8.7777e+10    0 1213 1.4220e+10 8.7777e+10   517%     -   24s
     0     0 8.7447e+10    0 1093 1.4220e+10 8.7447e+10   515%     -   34s
     0     0 8.7447e+10    0 1079 1.4220e+10 8.7447e+10   515%     -   34s
H    0     0                    4.962180e+10 8.7447e+10  76.2%     -   35s
H    0     0                    5.079180e+10 8.7447e+10  72.2%     -   36s
     0     0 8.7447e+10    0 1020 5.0792e+10 8.7447e+10  72.2%     -   40s
     0     0 8.7447e+10    0 1017 5.0792e+10 8.7447e+10  72.2%     -   40s
     0     0 8.7447e+10    0 1160 5.0792e+10 8.7447e+10  72.2%     -   46s
H    0     0                    5.313180e+10 8.7447e+10  64.6%     -   47s
     0     0 8.7447e+10    0 1051 5.3132e+10 8.7447e+10  64.6%     -   48s
     0     0 8.7447e+10    0  622 5.3132e+10 8.7447e+10  64.6%     -   56s
     0     0 8.7447e+10    0  801 5.3132e+10 8.7447e+10  64.6%     -   61s
     0     0 8.7447e+10    0  799 5.3132e+10 8.7447e+10  64.6%     -   61s
     0     0 8.7447e+10    0  696 5.3132e+10 8.7447e+10  64.6%     -   71s
     0     0 8.7447e+10    0  700 5.3132e+10 8.7447e+10  64.6%     -   73s
     0     0 8.7447e+10    0  805 5.3132e+10 8.7447e+10  64.6%     -   82s
     0     0 8.7447e+10    0  927 5.3132e+10 8.7447e+10  64.6%     -   89s
     0     0 8.7447e+10    0  826 5.3132e+10 8.7447e+10  64.6%     -   90s
     0     0 8.7447e+10    0  747 5.3132e+10 8.7447e+10  64.6%     -  100s
     0     0 8.7447e+10    0  697 5.3132e+10 8.7447e+10  64.6%     -  101s
     0     2 8.7447e+10    0  666 5.3132e+10 8.7447e+10  64.6%     -  111s
     3     5 8.7447e+10    2  601 5.3132e+10 8.7447e+10  64.6%  4224  115s
    14    16 8.7147e+10    9  987 5.3132e+10 8.7447e+10  64.6%  2075  120s
    26    28 8.5977e+10   15  372 5.3132e+10 8.7447e+10  64.6%  1274  126s
    52    54 8.5977e+10   29  320 5.3132e+10 8.7447e+10  64.6%   687  143s
    54    56 8.5977e+10   30  277 5.3132e+10 8.7447e+10  64.6%   662  145s
   108   104 8.5977e+10   56  346 5.3132e+10 8.7447e+10  64.6%   366  150s
H  135   128                    5.547180e+10 8.7447e+10  57.6%   310  154s
   153   144 8.5977e+10   80  281 5.5472e+10 8.7447e+10  57.6%   279  155s
   162   153 8.5977e+10   85  293 5.5472e+10 8.7447e+10  57.6%   265  160s
H  189   166                    5.742810e+10 8.7447e+10  52.3%   229  162s
   224   189 8.5977e+10  121  241 5.7428e+10 8.7447e+10  52.3%   206  165s
H  243   192                    5.987230e+10 8.7447e+10  46.1%   191  166s
H  243   192                    6.109440e+10 8.7447e+10  43.1%   191  166s
   259   201 8.7447e+10    5 1090 6.1094e+10 8.7447e+10  43.1%   210  170s
   281   223 8.5977e+10   21  398 6.1094e+10 8.7447e+10  43.1%   230  175s
H  324   263                    6.413070e+10 8.7447e+10  36.4%   211  179s
   324   265 8.5977e+10   45  291 6.4131e+10 8.7447e+10  36.4%   211  180s
H  352   289                    6.593070e+10 8.7447e+10  32.6%   206  185s
   406   331 8.5977e+10   89  246 6.5931e+10 8.7447e+10  32.6%   191  191s
   460   355 8.5977e+10  116  232 6.5931e+10 8.7447e+10  32.6%   175  197s
   492   370 infeasible  133      6.5931e+10 8.7447e+10  32.6%   169  200s
   520   370 infeasible  147      6.5931e+10 8.7447e+10  32.6%   175  205s
   541   373 8.7447e+10    5  976 6.5931e+10 8.7447e+10  32.6%   186  210s
   564   396 8.5977e+10   26  358 6.5931e+10 8.7447e+10  32.6%   195  215s
   611   443 8.5977e+10   53  279 6.5931e+10 8.7447e+10  32.6%   188  220s
   617   448 8.5977e+10   27  697 6.5931e+10 8.7447e+10  32.6%   186  261s
   619   449 8.5977e+10   61  705 6.5931e+10 8.7447e+10  32.6%   185  275s
   620   450 8.5977e+10   26  740 6.5931e+10 8.7447e+10  32.6%   185  291s
   622   451 8.5977e+10   47  739 6.5931e+10 8.7177e+10  32.2%   184  301s
   623   452 8.5977e+10   89  665 6.5931e+10 8.7177e+10  32.2%   184  328s
   624   453 8.5977e+10   32  767 6.5931e+10 8.7177e+10  32.2%   184  335s
   625   453 8.5977e+10   24  737 6.5931e+10 8.7177e+10  32.2%   183  350s
   626   454 8.5977e+10  104  800 6.5931e+10 8.7177e+10  32.2%   183  360s
   627   455 8.5977e+10  102 1034 6.5931e+10 8.7177e+10  32.2%   183  376s
   628   455 8.5977e+10   70  982 6.5931e+10 8.7177e+10  32.2%   183  387s
   629   456 8.5977e+10   39 1110 6.5931e+10 8.7177e+10  32.2%   182  406s
   630   457 8.5977e+10   51 1147 6.5931e+10 8.7177e+10  32.2%   182  416s
   631   457 8.5977e+10  126  954 6.5931e+10 8.7177e+10  32.2%   182  433s
   632   458 8.5977e+10  138 1100 6.5931e+10 8.7177e+10  32.2%   181  447s
   633   459 8.5977e+10   86 1039 6.5931e+10 8.7177e+10  32.2%   181  463s
   634   459 8.5977e+10   22 1123 6.5931e+10 8.7177e+10  32.2%   181  474s
   635   460 8.5977e+10   27 1037 6.5931e+10 8.7177e+10  32.2%   181  497s
   636   461 8.7177e+10   12 1075 6.5931e+10 8.7177e+10  32.2%   180  508s
   637   461 8.5977e+10   51 1081 6.5931e+10 8.7177e+10  32.2%   180  526s
   638   462 8.5977e+10   20 1172 6.5931e+10 8.7177e+10  32.2%   180  539s
   639   463 8.5977e+10   77 1125 6.5931e+10 8.7177e+10  32.2%   179  558s
   642   466 8.7177e+10    5  697 6.5931e+10 8.7177e+10  32.2%   505  562s
   644   467 8.5977e+10   46  624 6.5931e+10 8.7177e+10  32.2%   504  573s
   645   468 8.5977e+10   93  738 6.5931e+10 8.7177e+10  32.2%   503  586s
   647   469 8.5977e+10   52  650 6.5931e+10 8.6607e+10  31.4%   501  593s
   648   470 8.5977e+10  126  948 6.5931e+10 8.6607e+10  31.4%   500  615s
   649   471 8.5977e+10   59  850 6.5931e+10 8.6607e+10  31.4%   500  622s
   650   471 8.5977e+10   50  885 6.5931e+10 8.6607e+10  31.4%   499  639s
   651   472 8.5977e+10   96  892 6.5931e+10 8.6607e+10  31.4%   498  648s
   652   473 8.5977e+10   61  977 6.5931e+10 8.6607e+10  31.4%   497  671s
   653   473 8.6607e+10    3  973 6.5931e+10 8.6607e+10  31.4%   497  682s
   654   474 8.5977e+10   54  847 6.5931e+10 8.6607e+10  31.4%   496  701s
   655   475 8.5977e+10   52  996 6.5931e+10 8.6607e+10  31.4%   495  715s
   656   475 8.6607e+10    8 1064 6.5931e+10 8.6607e+10  31.4%   494  735s
   657   476 8.5977e+10   39 1137 6.5931e+10 8.6607e+10  31.4%   494  748s
   658   477 8.5977e+10   32 1050 6.5931e+10 8.6607e+10  31.4%   493  769s
   659   477 8.5977e+10   23 1164 6.5931e+10 8.6607e+10  31.4%   492  781s
   660   478 8.5977e+10   51 1148 6.5931e+10 8.6607e+10  31.4%   491  811s
   661   479 8.5977e+10  102 1182 6.5931e+10 8.6607e+10  31.4%   491  822s
   662   479 8.5977e+10  134 1113 6.5931e+10 8.6607e+10  31.4%   490  839s
   663   480 8.6607e+10    8 1187 6.5931e+10 8.6607e+10  31.4%   489  851s
   664   481 8.5977e+10   51 1099 6.5931e+10 8.6607e+10  31.4%   488  866s
   667   484 8.5977e+10   39  697 6.5931e+10 8.6607e+10  31.4%   790  870s
   669   485 8.5977e+10   34  624 6.5931e+10 8.6607e+10  31.4%   787  881s
   670   486 8.5977e+10  125  738 6.5931e+10 8.6607e+10  31.4%   786  894s
   671   487 8.6607e+10    5  686 6.5931e+10 8.6607e+10  31.4%   785  896s
   672   487 8.5977e+10   79  697 6.5931e+10 8.6607e+10  31.4%   784  900s
H  672   462                    6.710070e+10 8.6607e+10  29.1%   784  918s
   674   464 8.5977e+10   25  790 6.7101e+10 8.6607e+10  29.1%   781  923s
H  674   441                    6.832280e+10 8.6607e+10  26.8%   781  938s
   676   442 8.5977e+10   20  993 6.8323e+10 8.6607e+10  26.8%   779  945s
   677   443 8.5977e+10   86 1030 6.8323e+10 8.6607e+10  26.8%   778  968s
   678   443 8.5977e+10   72 1131 6.8323e+10 8.6607e+10  26.8%   777  975s
H  678   420                    7.193700e+10 8.6607e+10  20.4%   777  988s
   680   422 8.5977e+10   26 1148 7.1937e+10 8.6607e+10  20.4%   775  993s
   681   422 8.5977e+10  105 1161 7.1937e+10 8.6607e+10  20.4%   773 1004s
   682   423 8.6607e+10   18 1129 7.1937e+10 8.6607e+10  20.4%   772 1012s
   683   424 8.5977e+10   33 1108 7.1937e+10 8.6607e+10  20.4%   771 1022s
   684   424 8.5977e+10   17 1142 7.1937e+10 8.6607e+10  20.4%   770 1030s
   685   425 8.5977e+10   85 1090 7.1937e+10 8.6607e+10  20.4%   769 1041s
   686   426 8.5977e+10   43 1215 7.1937e+10 8.6607e+10  20.4%   768 1051s
   687   426 8.5977e+10   93  982 7.1937e+10 8.6607e+10  20.4%   767 1062s
   688   427 8.4267e+10   29 1143 7.1937e+10 8.6607e+10  20.4%   765 1071s
   689   428 8.5977e+10   54 1166 7.1937e+10 8.6607e+10  20.4%   764 1080s
   690   428 8.5977e+10   51  925 7.1937e+10 8.6607e+10  20.4%   763 1092s
   691   429 8.5977e+10   70  925 7.1937e+10 8.6607e+10  20.4%   762 1104s
   692   432 8.6348e+10   43  949 7.1937e+10 8.6607e+10  20.4%  1086 1125s
   711   444 8.6348e+10   53  344 7.1937e+10 8.6607e+10  20.4%  1064 1130s
   717   448 8.6348e+10   56  330 7.1937e+10 8.6607e+10  20.4%  1057 1135s
   743   464 8.6348e+10   69  320 7.1937e+10 8.6607e+10  20.4%  1022 1143s
   747   466 8.6348e+10   71  344 7.1937e+10 8.6607e+10  20.4%  1019 1145s
   769   478 8.6348e+10   82  350 7.1937e+10 8.6607e+10  20.4%   997 1161s
   785   489 8.6348e+10   91  331 7.1937e+10 8.6607e+10  20.4%   983 1165s
   825   506 8.6348e+10  111  278 7.1937e+10 8.6607e+10  20.4%   945 1170s
   861   524 8.6348e+10  130  218 7.1937e+10 8.6607e+10  20.4%   911 1175s
   902   526 8.6607e+10   43  838 7.1937e+10 8.6607e+10  20.4%   873 1183s
   904   527 8.6607e+10   45 1009 7.1937e+10 8.6607e+10  20.4%   872 1185s
   914   534 8.6067e+10   55  872 7.1937e+10 8.6607e+10  20.4%   868 1190s
   929   544 8.6348e+10   65  355 7.1937e+10 8.6607e+10  20.4%   862 1195s
   934   547 8.6348e+10   67  298 7.1937e+10 8.6607e+10  20.4%   860 1201s
   961   565 8.6348e+10   82  283 7.1937e+10 8.6607e+10  20.4%   843 1214s
   967   569 8.6348e+10   85  264 7.1937e+10 8.6607e+10  20.4%   839 1215s
  1004   594 8.6348e+10  104  234 7.1937e+10 8.6607e+10  20.4%   814 1220s
  1015   601 8.6348e+10  109  237 7.1937e+10 8.6607e+10  20.4%   807 1238s
  1032   608 8.6348e+10  117  261 7.1937e+10 8.6607e+10  20.4%   795 1240s
  1042   615 8.6348e+10  123  230 7.1937e+10 8.6607e+10  20.4%   790 1247s
  1062   627 8.6348e+10  134  258 7.1937e+10 8.6607e+10  20.4%   778 1250s
  1069   632 8.2878e+10  138  252 7.1937e+10 8.6607e+10  20.4%   774 1257s
  1087   640 8.6348e+10  147  243 7.1937e+10 8.6607e+10  20.4%   765 1260s
  1114   643 infeasible  160      7.1937e+10 8.6607e+10  20.4%   750 1265s
  1124   644 8.6607e+10   49  689 7.1937e+10 8.6607e+10  20.4%   747 1270s
  1150   661 8.6348e+10   66  461 7.1937e+10 8.6607e+10  20.4%   734 1286s
  1151   662 8.6348e+10   66  395 7.1937e+10 8.6607e+10  20.4%   734 1293s
  1161   668 8.6348e+10   72  379 7.1937e+10 8.6607e+10  20.4%   729 1295s
  1191   688 8.6348e+10   88  325 7.1937e+10 8.6607e+10  20.4%   714 1300s
  1223   708 8.6348e+10  105  393 7.1937e+10 8.6607e+10  20.4%   701 1305s
  1251   719 8.6348e+10  119  327 7.1937e+10 8.6607e+10  20.4%   688 1310s
  1258   724 8.6348e+10  123  339 7.1937e+10 8.6607e+10  20.4%   685 1317s
  1271   717 8.6348e+10   49  641 7.1937e+10 8.6607e+10  20.4%   679 1320s
  1304   739 8.6348e+10   72  427 7.1937e+10 8.6607e+10  20.4%   666 1325s
  1345   764 8.6348e+10   93  411 7.1937e+10 8.6607e+10  20.4%   651 1330s
  1375   782 8.6348e+10  109  371 7.1937e+10 8.6607e+10  20.4%   640 1335s
  1402   799 8.6348e+10  122  336 7.1937e+10 8.6607e+10  20.4%   632 1340s
  1427   810 8.6348e+10  133  354 7.1937e+10 8.6607e+10  20.4%   625 1345s
  1460   822 8.6348e+10  149  343 7.1937e+10 8.6607e+10  20.4%   615 1350s
  1493   828 8.6348e+10  166  342 7.1937e+10 8.6607e+10  20.4%   604 1355s
  1551   824 8.6348e+10  191  320 7.1937e+10 8.6607e+10  20.4%   584 1360s
  1570   828 8.6348e+10  200  346 7.1937e+10 8.6607e+10  20.4%   580 1368s
  1580   822 infeasible  201      7.1937e+10 8.6607e+10  20.4%   578 1370s
  1605   836 8.6348e+10   68  542 7.1937e+10 8.6607e+10  20.4%   572 1375s
  1650   866 8.6348e+10   96  388 7.1937e+10 8.6607e+10  20.4%   559 1380s
H 1678   859                    7.310700e+10 8.6607e+10  18.5%   551 1383s
H 1678   839                    7.427700e+10 8.6607e+10  16.6%   551 1383s
  1688   848 8.6348e+10  115  380 7.4277e+10 8.6607e+10  16.6%   549 1396s
  1725   868 8.6348e+10  133  330 7.4277e+10 8.6607e+10  16.6%   540 1400s
  1767   887 8.6348e+10  155  324 7.4277e+10 8.6607e+10  16.6%   528 1405s
  1846   909 8.6348e+10  199  285 7.4277e+10 8.6607e+10  16.6%   508 1410s
  1876   912 8.6348e+10   51  478 7.4277e+10 8.6607e+10  16.6%   502 1415s
  1899   935 8.6348e+10   72  354 7.4277e+10 8.6607e+10  16.6%   497 1420s
  1917   953 8.6348e+10   82  410 7.4277e+10 8.6607e+10  16.6%   494 1425s
  1975   999 8.6348e+10  111  296 7.4277e+10 8.6607e+10  16.6%   482 1430s
  2021  1033 8.6348e+10  132  239 7.4277e+10 8.6607e+10  16.6%   473 1436s
  2078  1066 8.6348e+10  157  243 7.4277e+10 8.6607e+10  16.6%   461 1440s
  2155  1099 8.6607e+10   51  684 7.4277e+10 8.6607e+10  16.6%   446 1445s
  2204  1146 8.6348e+10   89  391 7.4277e+10 8.6607e+10  16.6%   438 1450s
  2258  1185 8.6348e+10  119  350 7.4277e+10 8.6607e+10  16.6%   429 1455s
  2326  1232 infeasible  154      7.4277e+10 8.6607e+10  16.6%   419 1460s
H 2388  1277                    7.544700e+10 8.6607e+10  14.8%   409 1465s
  2418  1288 8.6348e+10   55  553 7.5447e+10 8.6607e+10  14.8%   405 1470s
  2436  1306 8.6348e+10   72  611 7.5447e+10 8.6607e+10  14.8%   403 1475s
  2456  1326 8.6348e+10   88  428 7.5447e+10 8.6607e+10  14.8%   401 1480s
  2480  1350 8.6348e+10  103  438 7.5447e+10 8.6607e+10  14.8%   399 1485s
  2519  1389 8.6348e+10  130  395 7.5447e+10 8.6607e+10  14.8%   395 1490s
  2558  1426 8.6348e+10  150  335 7.5447e+10 8.6607e+10  14.8%   390 1495s
  2632  1483 infeasible  189      7.5447e+10 8.6607e+10  14.8%   382 1500s
  2676  1507 infeasible  215      7.5447e+10 8.6607e+10  14.8%   376 1505s
  2745  1553 8.5977e+10  254  232 7.5447e+10 8.6607e+10  14.8%   368 1510s
  2767  1570 8.5977e+10  267  108 7.5447e+10 8.6607e+10  14.8%   365 1520s
  2803  1579 8.6348e+10   54  478 7.5447e+10 8.6607e+10  14.8%   361 1525s
  2828  1604 8.6348e+10   70  330 7.5447e+10 8.6607e+10  14.8%   359 1530s
  2850  1626 8.6348e+10   86  379 7.5447e+10 8.6607e+10  14.8%   358 1535s
  2889  1655 8.6348e+10  109  393 7.5447e+10 8.6607e+10  14.8%   355 1540s
  2947  1700 8.6348e+10  135  327 7.5447e+10 8.6607e+10  14.8%   351 1545s
  2958  1711 8.6348e+10  137  297 7.5447e+10 8.6607e+10  14.8%   351 1554s
  2960  1713 8.6348e+10  138  304 7.5447e+10 8.6607e+10  14.8%   351 1555s
  3002  1754 8.6348e+10  156  199 7.5447e+10 8.6607e+10  14.8%   347 1560s
  3062  1786 8.6348e+10  175  163 7.5447e+10 8.6607e+10  14.8%   342 1565s
  3107  1826 8.6348e+10  190  153 7.5447e+10 8.6607e+10  14.8%   339 1570s
  3120  1833 8.6348e+10  195  151 7.5447e+10 8.6607e+10  14.8%   339 1581s
  3149  1856 8.6348e+10  200  150 7.5447e+10 8.6607e+10  14.8%   337 1585s
  3203  1883 8.6607e+10   53  639 7.5447e+10 8.6607e+10  14.8%   333 1590s
  3235  1915 8.6348e+10   85  388 7.5447e+10 8.6607e+10  14.8%   330 1595s
  3242  1922 8.6348e+10   89  394 7.5447e+10 8.6607e+10  14.8%   329 1613s
  3248  1926 8.6348e+10   94  430 7.5447e+10 8.6607e+10  14.8%   329 1615s
  3271  1949 8.6348e+10  111  383 7.5447e+10 8.6607e+10  14.8%   328 1620s
  3295  1973 8.6348e+10  130  281 7.5447e+10 8.6607e+10  14.8%   326 1625s
  3355  2026 8.6348e+10  147  254 7.5447e+10 8.6607e+10  14.8%   323 1630s
  3397  2056 8.6348e+10  163  251 7.5447e+10 8.6607e+10  14.8%   319 1635s
  3448  2084 8.6348e+10  181  240 7.5447e+10 8.6607e+10  14.8%   315 1642s
  3475  2107 8.6348e+10  189  213 7.5447e+10 8.6607e+10  14.8%   313 1645s
  3528  2138 8.6348e+10   60  498 7.5447e+10 8.6607e+10  14.8%   309 1650s
  3580  2189 8.6348e+10  106  348 7.5447e+10 8.6607e+10  14.8%   306 1655s
  3613  2218 8.6348e+10  118  435 7.5447e+10 8.6607e+10  14.8%   304 1660s
  3657  2253 infeasible  138      7.5447e+10 8.6607e+10  14.8%   303 1665s
  3694  2286 8.6348e+10  146  308 7.5447e+10 8.6607e+10  14.8%   302 1670s
  3739  2331 8.6348e+10  157  312 7.5447e+10 8.6607e+10  14.8%   300 1675s
  3765  2357 8.6348e+10  165  283 7.5447e+10 8.6607e+10  14.8%   300 1705s
  3793  2381 8.6348e+10  174  243 7.5447e+10 8.6607e+10  14.8%   299 1710s
  3832  2396 8.6348e+10  184  195 7.5447e+10 8.6607e+10  14.8%   298 1715s
  3875  2425 8.6348e+10  198  189 7.5447e+10 8.6607e+10  14.8%   296 1720s
  3917  2463 8.6348e+10  211  173 7.5447e+10 8.6607e+10  14.8%   294 1725s
  3941  2470 8.6348e+10   51  528 7.5447e+10 8.6607e+10  14.8%   293 1739s
  3946  2475 8.6348e+10   56  550 7.5447e+10 8.6607e+10  14.8%   292 1740s
  3996  2525 8.6348e+10  101  481 7.5447e+10 8.6607e+10  14.8%   290 1745s
  4038  2563 8.6348e+10  117  312 7.5447e+10 8.6607e+10  14.8%   288 1750s
  4087  2611 8.6348e+10  155  407 7.5447e+10 8.6607e+10  14.8%   286 1755s
  4146  2667 8.6348e+10  183  329 7.5447e+10 8.6607e+10  14.8%   284 1760s
  4192  2711 8.6348e+10  194  330 7.5447e+10 8.6607e+10  14.8%   283 1765s
  4235  2746 8.6348e+10  209  282 7.5447e+10 8.6607e+10  14.8%   281 1770s
  4279  2776 8.6348e+10   84  392 7.5447e+10 8.6607e+10  14.8%   279 1775s
  4341  2837 8.6348e+10  127  271 7.5447e+10 8.6607e+10  14.8%   276 1780s
  4392  2884 8.6348e+10  144  268 7.5447e+10 8.6607e+10  14.8%   275 1785s
  4460  2943 8.6348e+10  171  190 7.5447e+10 8.6607e+10  14.8%   272 1790s
  4553  3017 8.6348e+10  198  154 7.5447e+10 8.6607e+10  14.8%   267 1795s
  4611  3053 8.6348e+10  217   97 7.5447e+10 8.6607e+10  14.8%   264 1800s
  4668  3073 8.6348e+10   53  542 7.5447e+10 8.6607e+10  14.8%   261 1805s
  4705  3110 8.6348e+10   90  457 7.5447e+10 8.6607e+10  14.8%   259 1810s
  4749  3154 8.6348e+10  126  258 7.5447e+10 8.6607e+10  14.8%   258 1815s
  4787  3192 8.6348e+10  139  252 7.5447e+10 8.6607e+10  14.8%   258 1820s
  4844  3249 8.6348e+10  162  242 7.5447e+10 8.6607e+10  14.8%   257 1825s
  4911  3312 8.6348e+10  186  255 7.5447e+10 8.6607e+10  14.8%   254 1830s
  4924  3324 8.6348e+10  193  195 7.5447e+10 8.6607e+10  14.8%   254 1842s
  4944  3342 8.6348e+10  203  193 7.5447e+10 8.6607e+10  14.8%   254 1845s
  5017  3397 infeasible  227      7.5447e+10 8.6607e+10  14.8%   251 1850s
  5031  3397 8.6607e+10   49  615 7.5447e+10 8.6607e+10  14.8%   252 1855s
  5043  3409 8.6607e+10   56  560 7.5447e+10 8.6607e+10  14.8%   252 1860s
  5094  3460 8.6348e+10  103  303 7.5447e+10 8.6607e+10  14.8%   250 1865s
  5101  3465 8.6348e+10  107  300 7.5447e+10 8.6607e+10  14.8%   250 1886s
  5126  3474 8.6607e+10   55  577 7.5447e+10 8.6607e+10  14.8%   249 1890s
  5175  3522 8.6348e+10   99  296 7.5447e+10 8.6607e+10  14.8%   247 1895s
  5220  3565 infeasible  128      7.5447e+10 8.6607e+10  14.8%   246 1900s
  5226  3563 8.6607e+10   58  471 7.5447e+10 8.6607e+10  14.8%   246 1918s
  5230  3567 8.6348e+10   61  430 7.5447e+10 8.6607e+10  14.8%   246 1920s
  5256  3591 8.6348e+10   86  279 7.5447e+10 8.6607e+10  14.8%   245 1925s
  5311  3646 8.6348e+10  140  190 7.5447e+10 8.6607e+10  14.8%   243 1930s
  5352  3684 8.6348e+10  176  179 7.5447e+10 8.6607e+10  14.8%   241 1935s
  5397  3727 8.5977e+10  220  203 7.5447e+10 8.6607e+10  14.8%   239 1940s
  5493  3821 8.5977e+10  308  134 7.5447e+10 8.6607e+10  14.8%   235 1945s
  5562  3862 8.6067e+10   59  431 7.5447e+10 8.6607e+10  14.8%   233 1950s
  5624  3924 8.6348e+10  119  296 7.5447e+10 8.6607e+10  14.8%   231 1955s
  5685  3985 8.6348e+10  180  249 7.5447e+10 8.6607e+10  14.8%   229 1960s
  5778  4078 8.6348e+10  272  233 7.5447e+10 8.6607e+10  14.8%   225 1965s
  5787  4087 8.6348e+10  281  231 7.5447e+10 8.6607e+10  14.8%   225 1971s
  5816  4116 8.6348e+10  308  186 7.5447e+10 8.6607e+10  14.8%   224 1975s
  5872  4171 8.6348e+10  364   63 7.5447e+10 8.6607e+10  14.8%   222 1980s
  5917  4207 8.3512e+10  395  109 7.5447e+10 8.6607e+10  14.8%   220 1985s
  5984  4251 8.0411e+10  435   51 7.5447e+10 8.6607e+10  14.8%   218 1990s
  6026  4276 8.6348e+10   81  430 7.5447e+10 8.6607e+10  14.8%   217 1995s
  6061  4310 8.6348e+10  114  535 7.5447e+10 8.6607e+10  14.8%   216 2000s
  6100  4345 8.6348e+10  142  169 7.5447e+10 8.6607e+10  14.8%   215 2005s
  6176  4403 8.6348e+10  186  111 7.5447e+10 8.6607e+10  14.8%   213 2010s
  6213  4423 8.6348e+10   62  419 7.5447e+10 8.6607e+10  14.8%   212 2015s
  6251  4458 8.6348e+10   98  330 7.5447e+10 8.6607e+10  14.8%   211 2026s
  6271  4478 8.6348e+10  118  389 7.5447e+10 8.6607e+10  14.8%   210 2030s
  6297  4501 8.6348e+10  132  356 7.5447e+10 8.6607e+10  14.8%   210 2035s
  6343  4544 8.4651e+10  169  255 7.5447e+10 8.6607e+10  14.8%   209 2040s
  6394  4583 8.6348e+10   71  359 7.5447e+10 8.6607e+10  14.8%   208 2045s
  6468  4657 8.6348e+10  145  254 7.5447e+10 8.6607e+10  14.8%   206 2050s
  6548  4736 8.4008e+10  225  215 7.5447e+10 8.6607e+10  14.8%   204 2055s
  6635  4823 8.4008e+10  312  209 7.5447e+10 8.6607e+10  14.8%   201 2060s
  6697  4883 8.2838e+10  374  145 7.5447e+10 8.6607e+10  14.8%   200 2065s
  6739  4924 7.9238e+10  416  108 7.5447e+10 8.6607e+10  14.8%   199 2070s
  6763  4946 7.9238e+10  439   83 7.5447e+10 8.6607e+10  14.8%   198 2075s
  6818  4969 8.6607e+10   58  532 7.5447e+10 8.6607e+10  14.8%   196 2080s
  6854  5005 8.6067e+10   93  303 7.5447e+10 8.6607e+10  14.8%   196 2085s
  6888  5039 8.6067e+10  111  281 7.5447e+10 8.6607e+10  14.8%   196 2090s
  6890  5041 8.6067e+10  110  242 7.5447e+10 8.6607e+10  14.8%   196 2107s
  6902  5053 8.6067e+10  117  260 7.5447e+10 8.6607e+10  14.8%   196 2110s
  6918  5069 8.6067e+10  124  256 7.5447e+10 8.6607e+10  14.8%   196 2119s
  6925  5076 8.6067e+10  130  272 7.5447e+10 8.6607e+10  14.8%   196 2120s
  6979  5123 8.6067e+10  160  200 7.5447e+10 8.6607e+10  14.8%   195 2125s
  7045  5168 8.6067e+10  187  200 7.5447e+10 8.6607e+10  14.8%   193 2130s
  7154  5246 8.6067e+10  232  141 7.5447e+10 8.6607e+10  14.8%   191 2135s
  7232  5295 8.6348e+10   93  387 7.5447e+10 8.6607e+10  14.8%   189 2140s
  7263  5317 8.6348e+10  119  313 7.5447e+10 8.6607e+10  14.8%   189 2145s
  7322  5374 8.6348e+10  173  240 7.5447e+10 8.6607e+10  14.8%   188 2150s
  7394  5439 8.6348e+10  230  227 7.5447e+10 8.6607e+10  14.8%   187 2155s
  7397  5442 8.6348e+10  233  237 7.5447e+10 8.6607e+10  14.8%   187 2161s
  7420  5465 8.5977e+10  254  165 7.5447e+10 8.6607e+10  14.8%   186 2165s
  7469  5492 8.5977e+10  283  140 7.5447e+10 8.6607e+10  14.8%   185 2170s
  7509  5496 8.6348e+10   61  377 7.5447e+10 8.6607e+10  14.8%   185 2175s
  7546  5533 8.6348e+10   98  331 7.5447e+10 8.6607e+10  14.8%   184 2180s
  7588  5571 8.6348e+10  134  300 7.5447e+10 8.6607e+10  14.8%   183 2185s
  7620  5603 8.6348e+10  166  209 7.5447e+10 8.6607e+10  14.8%   183 2279s
  7621  5604 8.6348e+10  167  212 7.5447e+10 8.6607e+10  14.8%   183 2283s
  7629  5612 8.6348e+10  175  271 7.5447e+10 8.6607e+10  14.8%   183 2285s
  7668  5646 8.6348e+10  211  174 7.5447e+10 8.6607e+10  14.8%   182 2290s
  7675  5653 8.6348e+10  217  176 7.5447e+10 8.6607e+10  14.8%   182 2303s
  7687  5665 8.6348e+10  228  177 7.5447e+10 8.6607e+10  14.8%   181 2305s
  7702  5680 8.6348e+10  243  162 7.5447e+10 8.6607e+10  14.8%   181 2310s
  7748  5721 8.6348e+10  278  144 7.5447e+10 8.6607e+10  14.8%   180 2315s
  7775  5725 8.6348e+10   67  366 7.5447e+10 8.6607e+10  14.8%   180 2320s
  7806  5756 8.6348e+10   97  324 7.5447e+10 8.6607e+10  14.8%   179 2327s
  7824  5772 8.6348e+10  113  380 7.5447e+10 8.6607e+10  14.8%   180 2331s
  7849  5793 8.6348e+10  133  241 7.5447e+10 8.6607e+10  14.8%   179 2335s
  7899  5841 8.6348e+10  178  170 7.5447e+10 8.6607e+10  14.8%   179 2340s
  7974  5912 8.6348e+10  243  152 7.5447e+10 8.6607e+10  14.8%   177 2345s
  8034  5968 infeasible  295      7.5447e+10 8.6607e+10  14.8%   176 2350s
  8054  5984 8.6348e+10  304  114 7.5447e+10 8.6607e+10  14.8%   176 2358s
  8067  5993 8.6348e+10  313  123 7.5447e+10 8.6607e+10  14.8%   175 2360s
  8088  5997 8.6067e+10   65  391 7.5447e+10 8.6607e+10  14.8%   176 2365s
  8120  6029 8.6067e+10   81  489 7.5447e+10 8.6607e+10  14.8%   176 2370s
  8151  6058 8.6067e+10   97  307 7.5447e+10 8.6607e+10  14.8%   175 2375s
  8191  6088 infeasible  113      7.5447e+10 8.6607e+10  14.8%   175 2380s
  8242  6131 8.6067e+10  130  159 7.5447e+10 8.6607e+10  14.8%   174 2385s
  8291  6157 8.6067e+10  142  171 7.5447e+10 8.6607e+10  14.8%   174 2390s
  8344  6196 8.6067e+10  158  158 7.5447e+10 8.6607e+10  14.8%   173 2395s
  8425  6267 8.6067e+10  179  142 7.5447e+10 8.6607e+10  14.8%   172 2400s
  8450  6283 8.6067e+10  191  134 7.5447e+10 8.6607e+10  14.8%   171 2410s
  8516  6310 8.4897e+10  208   85 7.5447e+10 8.6607e+10  14.8%   170 2415s
  8582  6346 8.6348e+10   64  308 7.5447e+10 8.6607e+10  14.8%   169 2420s
  8633  6393 8.6348e+10  109  214 7.5447e+10 8.6607e+10  14.8%   168 2425s
  8723  6478 8.6348e+10  192  205 7.5447e+10 8.6607e+10  14.8%   167 2430s
  8771  6514 8.6348e+10   60  489 7.5447e+10 8.6607e+10  14.8%   166 2435s
  8823  6566 8.6348e+10  112  384 7.5447e+10 8.6607e+10  14.8%   166 2440s
  8854  6597 8.6348e+10  143  281 7.5447e+10 8.6607e+10  14.8%   166 2445s
  8856  6599 8.6348e+10  145  280 7.5447e+10 8.6607e+10  14.8%   166 2460s
  8877  6614 8.6348e+10  161  231 7.5447e+10 8.6607e+10  14.8%   166 2465s
  8900  6634 8.4008e+10  183  247 7.5447e+10 8.6607e+10  14.8%   165 2470s
  8911  6645 8.4008e+10  194  200 7.5447e+10 8.6607e+10  14.8%   165 2478s
  8914  6646 8.3310e+10  196  421 7.5447e+10 8.6607e+10  14.8%   165 2480s
  8933  6661 infeasible  214      7.5447e+10 8.6607e+10  14.8%   165 2485s
  8954  6674 infeasible  232      7.5447e+10 8.6607e+10  14.8%   165 2490s
  9031  6750 7.6741e+10  308  120 7.5447e+10 8.6607e+10  14.8%   163 2495s
  9102  6799 8.6348e+10   60  470 7.5447e+10 8.6607e+10  14.8%   162 2500s
  9130  6827 8.6348e+10   84  421 7.5447e+10 8.6607e+10  14.8%   162 2505s
  9163  6858 8.6348e+10  109  271 7.5447e+10 8.6607e+10  14.8%   162 2510s
  9210  6905 8.6348e+10  146  155 7.5447e+10 8.6607e+10  14.8%   161 2515s
  9267  6953 8.6348e+10  194  184 7.5447e+10 8.6607e+10  14.8%   161 2520s
  9290  6964 8.5654e+10  206  216 7.5447e+10 8.6607e+10  14.8%   161 2525s
  9308  6966 8.4008e+10  206  186 7.5447e+10 8.6607e+10  14.8%   161 2530s
  9310  6968 8.4008e+10  208  142 7.5447e+10 8.6607e+10  14.8%   161 2544s
  9312  6970 8.3800e+10  210  222 7.5447e+10 8.6607e+10  14.8%   161 2545s
  9358  7009 8.0498e+10  250  130 7.5447e+10 8.6607e+10  14.8%   160 2550s
  9409  7046 8.6607e+10   60  504 7.5447e+10 8.6607e+10  14.8%   160 2555s
  9452  7087 8.6067e+10   95  375 7.5447e+10 8.6607e+10  14.8%   159 2560s
  9518  7152 8.6067e+10  151  273 7.5447e+10 8.6607e+10  14.8%   158 2565s
  9582  7207 8.6067e+10  206  230 7.5447e+10 8.6607e+10  14.8%   157 2570s
  9637  7257 8.6067e+10  252  187 7.5447e+10 8.6607e+10  14.8%   157 2575s
  9711  7330 8.6067e+10  322  177 7.5447e+10 8.6607e+10  14.8%   156 2580s
  9793  7412 8.6067e+10  401  112 7.5447e+10 8.6607e+10  14.8%   155 2585s
  9843  7452 8.6035e+10  442  187 7.5447e+10 8.6607e+10  14.8%   154 2590s
  9878  7453 8.6607e+10   57  500 7.5447e+10 8.6607e+10  14.8%   154 2595s
  9903  7478 8.6067e+10   80  508 7.5447e+10 8.6607e+10  14.8%   154 2600s
  9934  7508 8.6067e+10  107  683 7.5447e+10 8.6607e+10  14.8%   154 2606s
  9975  7548 8.6067e+10  140  343 7.5447e+10 8.6607e+10  14.8%   154 2610s
 10053  7626 8.6067e+10  214  316 7.5447e+10 8.6607e+10  14.8%   153 2615s
 10112  7685 8.6067e+10  269  202 7.5447e+10 8.6607e+10  14.8%   152 2620s
 10175  7724 8.6067e+10   95  508 7.5447e+10 8.6607e+10  14.8%   151 2625s
 10203  7362 8.6348e+10  220  697 7.5447e+10 8.6607e+10  14.8%   151 3111s
 10205  7363 8.6348e+10   63  675 7.5447e+10 8.6607e+10  14.8%   151 3128s
 10206  7364 8.0498e+10  209 1129 7.5447e+10 8.6607e+10  14.8%   151 3148s
 10207  7365 8.6348e+10   60 1055 7.5447e+10 8.6607e+10  14.8%   151 3155s
 10208  7365 8.6348e+10   87 1201 7.5447e+10 8.6607e+10  14.8%   151 3171s
 10209  7366 8.6067e+10  212 1142 7.5447e+10 8.6607e+10  14.8%   151 3222s
 10210  7367 8.6348e+10  165 1193 7.5447e+10 8.6607e+10  14.8%   151 3255s
 10211  7367 8.5977e+10  283 1194 7.5447e+10 8.6607e+10  14.8%   151 3303s
 10212  7368 8.6348e+10  107 1203 7.5447e+10 8.6607e+10  14.8%   151 3343s
 10213  7369 8.4008e+10  300 1232 7.5447e+10 8.6607e+10  14.8%   151 3410s
 10214  7369 8.6348e+10  127 1255 7.5447e+10 8.6607e+10  14.8%   151 3441s
 10215  7370 8.6067e+10  238 1268 7.5447e+10 8.6607e+10  14.8%   151 3482s
 10216  7371 8.6067e+10  118 1232 7.5447e+10 8.6607e+10  14.8%   151 3511s
 10217  7371 8.6348e+10   95 1247 7.5447e+10 8.6607e+10  14.8%   151 3562s

Cutting planes:
  Gomory: 8
  Lift-and-project: 56
  Cover: 53
  Implied bound: 74
  Projected implied bound: 12
  Clique: 14
  MIR: 111
  StrongCG: 1
  Flow cover: 701
  GUB cover: 4
  Zero half: 1537
  RLT: 2241
  Relax-and-lift: 89

Explored 10217 nodes (1829926 simplex iterations) in 3594.43 seconds (2177.54 work units)
Thread count was 1 (of 28 available processors)

Solution count 10: 7.5447e+10 7.4277e+10 7.3107e+10 ... 5.98723e+10

Time limit reached
Best objective 7.544700000000e+10, best bound 8.660700000000e+10, gap 14.7918%

User-callback calls 685285, time in user-callback 0.72 sec