Gurobi Optimizer version 12.0.3 build v12.0.3rc0 (linux64 - "Oracle Linux Server 9.4")

CPU model: Intel(R) Xeon(R) CPU E5-2660 v4 @ 2.00GHz, instruction set [SSE2|AVX|AVX2]
Thread count: 28 physical cores, 28 logical processors, using up to 1 threads

Non-default parameters:
TimeLimit  3595.091548339
SoftMemLimit  16
NumericFocus  1
Threads  1

Academic license 2690100 - for non-commercial use only - registered to ju___@uclm.es
Optimize a model with 55883 rows, 13133 columns and 206950 nonzeros
Model fingerprint: 0x47c87a4c
Variable types: 126 continuous, 13007 integer (13007 binary)
Coefficient statistics:
  Matrix range     [1e+00, 7e+12]
  Objective range  [3e+08, 2e+09]
  Bounds range     [1e+03, 1e+04]
  RHS range        [1e+00, 2e+14]
Warning: Model contains large matrix coefficient range
Warning: Model contains large objective coefficients
Warning: Model contains large rhs
Found heuristic solution: objective -0.0000000
Presolve removed 13177 rows and 1003 columns
Presolve time: 1.47s
Presolved: 42706 rows, 12130 columns, 155787 nonzeros
Variable types: 126 continuous, 12004 integer (12004 binary)

Use crossover to convert LP symmetric solution to basic solution...

Root relaxation: objective 8.087959e+10, 4846 iterations, 0.85 seconds (0.67 work units)
Total elapsed time = 8.31s (DegenMoves)

    Nodes    |    Current Node    |     Objective Bounds      |     Work
 Expl Unexpl |  Obj  Depth IntInf | Incumbent    BestBd   Gap | It/Node Time

     0     0 8.0880e+10    0  273   -0.00000 8.0880e+10      -     -    9s
H    0     0                    1.380250e+10 8.0880e+10   486%     -   10s
H    0     0                    1.877407e+10 8.0880e+10   331%     -   10s
H    0     0                    2.705263e+10 8.0880e+10   199%     -   12s
H    0     0                    3.015739e+10 8.0880e+10   168%     -   12s
H    0     0                    3.136268e+10 8.0880e+10   158%     -   12s
H    0     0                    3.256796e+10 8.0880e+10   148%     -   13s
H    0     0                    3.524157e+10 8.0880e+10   130%     -   14s
     0     0 8.0880e+10    0  830 3.5242e+10 8.0880e+10   130%     -   16s
H    0     0                    3.823246e+10 8.0880e+10   112%     -   17s
     0     0 8.0880e+10    0  830 3.8232e+10 8.0880e+10   112%     -   17s
     0     0 8.0880e+10    0  462 3.8232e+10 8.0880e+10   112%     -   27s
     0     0 8.0880e+10    0  600 3.8232e+10 8.0880e+10   112%     -   38s
H    0     0                    4.122335e+10 8.0880e+10  96.2%     -   38s
     0     0 8.0880e+10    0  601 4.1223e+10 8.0880e+10  96.2%     -   39s
     0     0 8.0880e+10    0  542 4.1223e+10 8.0880e+10  96.2%     -   43s
     0     0 8.0880e+10    0  799 4.1223e+10 8.0880e+10  96.2%     -   43s
     0     0 8.0880e+10    0  694 4.1223e+10 8.0880e+10  96.2%     -   47s
     0     0 8.0880e+10    0  689 4.1223e+10 8.0880e+10  96.2%     -   48s
     0     0 8.0880e+10    0  750 4.1223e+10 8.0880e+10  96.2%     -   53s
     0     0 8.0880e+10    0  740 4.1223e+10 8.0880e+10  96.2%     -   57s
H    0     0                    5.482863e+10 8.0880e+10  47.5%     -   59s
     0     2 8.0880e+10    0  232 5.4829e+10 8.0880e+10  47.5%     -   71s
    26    28 8.0880e+10   13  474 5.4829e+10 8.0880e+10  47.5%   999   75s
H   52    52                    5.746695e+10 8.0880e+10  40.7%   589   78s
H   54    54                    6.289950e+10 8.0880e+10  28.6%   570   78s
    77    75 7.9405e+10   45  382 6.2899e+10 8.0880e+10  28.6%   430   80s
    78    76 7.9405e+10   46  361 6.2899e+10 8.0880e+10  28.6%   424   86s
   166   148 7.9405e+10   89  329 6.2899e+10 8.0880e+10  28.6%   205   90s
   221   189 8.0880e+10   25  506 6.2899e+10 8.0880e+10  28.6%   180   95s
   270   236 8.0880e+10   51  411 6.2899e+10 8.0880e+10  28.6%   154  101s
   326   264 8.0802e+10   86  356 6.2899e+10 8.0880e+10  28.6%   132  105s
   365   290 infeasible  107      6.2899e+10 8.0880e+10  28.6%   121  110s
   433   307 7.9560e+10  143  230 6.2899e+10 8.0880e+10  28.6%   104  122s
   487   335 7.9560e+10  173  221 6.2899e+10 8.0880e+10  28.6%  94.1  126s
   515   339 7.9560e+10  190  213 6.2899e+10 8.0880e+10  28.6%  89.7  130s
   630   383 8.0880e+10   26  366 6.2899e+10 8.0880e+10  28.6%  78.2  135s
   670   422 8.0880e+10   47  740 6.2899e+10 8.0880e+10  28.6%  75.6  146s
   672   423 8.0880e+10    6  820 6.2899e+10 8.0880e+10  28.6%  75.3  153s
   673   424 7.9908e+10   92  402 6.2899e+10 8.0880e+10  28.6%  75.2  165s
H  674   403                    6.553781e+10 8.0786e+10  23.3%  75.1  173s
   676   404 7.9560e+10  131  431 6.5538e+10 8.0786e+10  23.3%  74.9  175s
   678   405 8.0582e+10   18  452 6.5538e+10 8.0582e+10  23.0%  74.7  180s
   679   406 7.9877e+10   17  335 6.5538e+10 7.9877e+10  21.9%  74.6  189s
   680   407 7.9858e+10   21  292 6.5538e+10 7.9858e+10  21.8%  74.4  190s
   683   409 7.9780e+10   12  248 6.5538e+10 7.9780e+10  21.7%  74.1  195s
   686   411 7.9560e+10  232   45 6.5538e+10 7.9560e+10  21.4%  73.8  201s
   689   413 7.9560e+10  212  296 6.5538e+10 7.9560e+10  21.4%  73.5  205s
   692   415 7.9405e+10   47  241 6.5538e+10 7.9560e+10  21.4%  73.2  210s
   697   419 7.8241e+10   77  740 6.5538e+10 7.9560e+10  21.4%   237  216s
   699   420 7.9560e+10   56  522 6.5538e+10 7.9560e+10  21.4%   236  226s
   700   421 7.9560e+10  237  382 6.5538e+10 7.9560e+10  21.4%   236  230s
H  702   400                    6.674310e+10 7.9560e+10  19.2%   235  235s
H  704   382                    6.794839e+10 7.9560e+10  17.1%   235  238s
   707   384 7.9560e+10  153   32 6.7948e+10 7.9560e+10  17.1%   234  241s
   709   385 7.9560e+10   11  159 6.7948e+10 7.9560e+10  17.1%   233  246s
   711   386 7.9405e+10   59   36 6.7948e+10 7.9560e+10  17.1%   232  252s
   715   389 7.9560e+10   22  139 6.7948e+10 7.9560e+10  17.1%   231  256s
   717   390 7.9560e+10  198   54 6.7948e+10 7.9560e+10  17.1%   230  261s
   720   392 7.9560e+10   66   20 6.7948e+10 7.9560e+10  17.1%   229  265s
   721   393 7.7370e+10   19   20 6.7948e+10 7.9560e+10  17.1%   229  273s
   722   396 7.9560e+10   20   18 6.7948e+10 7.9560e+10  17.1%   373  276s
   746   409 7.9560e+10   33   77 6.7948e+10 7.9560e+10  17.1%   363  280s
   763   417 7.9560e+10   42  139 6.7948e+10 7.9560e+10  17.1%   356  285s
   813   431 7.9560e+10   71  169 6.7948e+10 7.9560e+10  17.1%   336  292s
   815   431 7.9560e+10   72  143 6.7948e+10 7.9560e+10  17.1%   335  295s
   872   445 7.9560e+10  105  224 6.7948e+10 7.9560e+10  17.1%   315  300s
   911   447 7.9560e+10  125  209 6.7948e+10 7.9560e+10  17.1%   303  307s
   938   455 7.9560e+10  138  153 6.7948e+10 7.9560e+10  17.1%   294  310s
   992   446 7.9560e+10  168   94 6.7948e+10 7.9560e+10  17.1%   279  321s
  1021   453 7.9560e+10   32   98 6.7948e+10 7.9560e+10  17.1%   272  325s
  1076   490 7.9560e+10   74  228 6.7948e+10 7.9560e+10  17.1%   260  330s
  1141   524 7.9560e+10  107  231 6.7948e+10 7.9560e+10  17.1%   247  335s
  1151   530 7.9560e+10  113  195 6.7948e+10 7.9560e+10  17.1%   245  345s
  1172   544 7.9560e+10  125  167 6.7948e+10 7.9560e+10  17.1%   242  355s
  1222   569 7.9560e+10  152  161 6.7948e+10 7.9560e+10  17.1%   234  360s
  1310   539 7.9560e+10  153  123 6.7948e+10 7.9560e+10  17.1%   220  365s
  1379   542 7.9560e+10  186  102 6.7948e+10 7.9560e+10  17.1%   210  370s
  1483   465 7.9560e+10  151  134 6.7948e+10 7.9560e+10  17.1%   199  375s
  1551   507 7.9560e+10  215   60 6.7948e+10 7.9560e+10  17.1%   192  380s
  1604   523 7.9560e+10  142  137 6.7948e+10 7.9560e+10  17.1%   187  385s
  1672   561 7.9560e+10  205   48 6.7948e+10 7.9560e+10  17.1%   180  390s
  1713   578 7.9560e+10  241   77 6.7948e+10 7.9560e+10  17.1%   177  395s
  1745   583 7.9560e+10  238   38 6.7948e+10 7.9560e+10  17.1%   174  401s
  1804   558 7.9560e+10  256   69 6.7948e+10 7.9560e+10  17.1%   169  405s
  1884   520 7.9560e+10  242   80 6.7948e+10 7.9560e+10  17.1%   162  410s
  1948   532 7.9560e+10   38  145 6.7948e+10 7.9560e+10  17.1%   158  415s
  1975   559 7.9560e+10   57  145 6.7948e+10 7.9560e+10  17.1%   156  430s
  1976   560 7.9560e+10   58  126 6.7948e+10 7.9560e+10  17.1%   156  439s
  1983   567 7.9560e+10   64  106 6.7948e+10 7.9560e+10  17.1%   156  440s
  2043   627 7.9560e+10   88  174 6.7948e+10 7.9560e+10  17.1%   152  445s
  2097   681 7.9560e+10  115  178 6.7948e+10 7.9560e+10  17.1%   150  450s
  2156   735 7.9560e+10  129  154 6.7948e+10 7.9560e+10  17.1%   147  455s
  2221   778 7.9560e+10  150  125 6.7948e+10 7.9560e+10  17.1%   144  460s
  2268   821 7.9560e+10  168  111 6.7948e+10 7.9560e+10  17.1%   142  469s
  2269   822 7.9560e+10  168  131 6.7948e+10 7.9560e+10  17.1%   142  470s
  2337   881 7.9560e+10  184   85 6.7948e+10 7.9560e+10  17.1%   139  475s
  2411   910 7.9560e+10  212   86 6.7948e+10 7.9560e+10  17.1%   135  480s
  2463   950 7.9560e+10   64  251 6.7948e+10 7.9560e+10  17.1%   133  485s
  2510   993 7.9560e+10   97  286 6.7948e+10 7.9560e+10  17.1%   131  490s
  2548  1031 7.9560e+10  132  261 6.7948e+10 7.9560e+10  17.1%   130  501s
  2612  1095 7.9560e+10  196  277 6.7948e+10 7.9560e+10  17.1%   127  505s
  2690  1172 7.9560e+10  268  192 6.7948e+10 7.9560e+10  17.1%   124  510s
  2769  1247 7.9560e+10  338  130 6.7948e+10 7.9560e+10  17.1%   121  515s
  2830  1306 7.9560e+10  391  113 6.7948e+10 7.9560e+10  17.1%   119  520s
  2867  1339 7.9372e+10  422  228 6.7948e+10 7.9560e+10  17.1%   117  525s
  2897  1353 7.9560e+10   29  241 6.7948e+10 7.9560e+10  17.1%   117  530s
  2971  1420 7.9560e+10   89  262 6.7948e+10 7.9560e+10  17.1%   114  535s
  3051  1500 7.9560e+10  163  227 6.7948e+10 7.9560e+10  17.1%   112  540s
  3111  1560 7.9560e+10  222  260 6.7948e+10 7.9560e+10  17.1%   111  545s
  3181  1627 7.9560e+10  291  201 6.7948e+10 7.9560e+10  17.1%   109  550s
  3208  1654 7.9560e+10  315  143 6.7948e+10 7.9560e+10  17.1%   108  563s
  3220  1666 7.9560e+10  322  132 6.7948e+10 7.9560e+10  17.1%   108  565s
  3228  1674 7.9560e+10  334  131 6.7948e+10 7.9560e+10  17.1%   108  581s
  3256  1700 7.9560e+10  360  110 6.7948e+10 7.9560e+10  17.1%   107  585s
  3290  1730 7.9462e+10  391  223 6.7948e+10 7.9560e+10  17.1%   106  590s
  3324  1759 7.7308e+10  410  136 6.7948e+10 7.9560e+10  17.1%   106  595s
  3390  1782 7.9560e+10   50  132 6.7948e+10 7.9560e+10  17.1%   104  600s
  3483  1873 7.9560e+10  118  150 6.7948e+10 7.9560e+10  17.1%   102  605s
  3571  1949 7.9560e+10  170  127 6.7948e+10 7.9560e+10  17.1%   101  610s
  3669  1992 7.9560e+10   84  164 6.7948e+10 7.9560e+10  17.1%  98.6  615s
  3758  2077 7.9560e+10  164  185 6.7948e+10 7.9560e+10  17.1%  97.0  620s
  3825  2139 7.9560e+10  225  134 6.7948e+10 7.9560e+10  17.1%  95.7  625s
  3897  2195 7.9560e+10  281   88 6.7948e+10 7.9560e+10  17.1%  94.5  630s
  4000  2204 7.9560e+10  289   69 6.7948e+10 7.9560e+10  17.1%  92.6  635s
  4057  2185 7.9560e+10  277   74 6.7948e+10 7.9560e+10  17.1%  91.8  640s
  4100  2182 7.6331e+10  276   98 6.7948e+10 7.9560e+10  17.1%  91.4  645s
  4167  2221 7.9560e+10  263  108 6.7948e+10 7.9560e+10  17.1%  90.5  650s
  4229  2271 7.6331e+10  306   57 6.7948e+10 7.9560e+10  17.1%  89.5  655s
  4344  2360 7.9560e+10  174  176 6.7948e+10 7.9560e+10  17.1%  87.8  660s
  4442  2444 7.9560e+10  253  142 6.7948e+10 7.9560e+10  17.1%  86.5  665s
  4539  2524 7.9560e+10  173  194 6.7948e+10 7.9560e+10  17.1%  85.3  670s
  4630  2613 7.9560e+10  252  136 6.7948e+10 7.9560e+10  17.1%  84.0  675s
  4663  2641 7.9560e+10  283  110 6.7948e+10 7.9560e+10  17.1%  83.6  685s
  4740  2688 infeasible  235      6.7948e+10 7.9560e+10  17.1%  82.5  690s
  4830  2772 7.9560e+10   97  160 6.7948e+10 7.9560e+10  17.1%  81.6  695s
  4913  2855 7.9560e+10  161  149 6.7948e+10 7.9560e+10  17.1%  81.1  700s
  4924  2866 7.9560e+10  172  139 6.7948e+10 7.9560e+10  17.1%  81.0  724s
  4925  2867 7.9560e+10  173  137 6.7948e+10 7.9560e+10  17.1%  81.0  757s
  4952  2893 7.9560e+10  191  116 6.7948e+10 7.9560e+10  17.1%  80.7  775s
  5030  2966 7.9560e+10  259   83 6.7948e+10 7.9560e+10  17.1%  79.6  780s
  5093  3002 7.9560e+10  330  108 6.7948e+10 7.9560e+10  17.1%  79.1  785s
  5101  3010 7.9560e+10  338   92 6.7948e+10 7.9560e+10  17.1%  78.9  790s
  5169  3064 7.9560e+10  288   59 6.7948e+10 7.9560e+10  17.1%  78.2  795s
  5266  3150 7.9560e+10  106  143 6.7948e+10 7.9560e+10  17.1%  77.3  800s
  5353  3235 7.9560e+10  186  123 6.7948e+10 7.9560e+10  17.1%  76.6  805s
  5448  3314 7.9560e+10  261  111 6.7948e+10 7.9560e+10  17.1%  75.9  810s
  5521  3373 7.9364e+10  320  154 6.7948e+10 7.9560e+10  17.1%  75.2  815s
  5565  3413 7.5746e+10  344  157 6.7948e+10 7.9560e+10  17.1%  75.0  820s
  5654  3487 7.9560e+10  197  187 6.7948e+10 7.9560e+10  17.1%  74.3  825s
  5732  3557 7.9560e+10  257  114 6.7948e+10 7.9560e+10  17.1%  73.7  830s
  5786  3602 7.9363e+10  303  181 6.7948e+10 7.9560e+10  17.1%  73.5  835s
  5835  3639 7.6103e+10  327  120 6.7948e+10 7.9560e+10  17.1%  73.1  840s
  5906  3687 7.9560e+10  151  228 6.7948e+10 7.9560e+10  17.1%  72.4  845s
  6000  3781 7.9560e+10  242  166 6.7948e+10 7.9560e+10  17.1%  71.6  850s
  6046  3825 7.9560e+10  286  135 6.7948e+10 7.9560e+10  17.1%  71.2  855s
  6136  3902 7.9560e+10  363   96 6.7948e+10 7.9560e+10  17.1%  70.5  860s
  6166  3930 7.9560e+10  376  138 6.7948e+10 7.9560e+10  17.1%  70.7  876s
  6190  3954 7.8987e+10  396  169 6.7948e+10 7.9560e+10  17.1%  70.5  880s
  6272  4001 7.9560e+10  153  151 6.7948e+10 7.9560e+10  17.1%  69.9  885s
  6345  4072 7.9560e+10  185  149 6.7948e+10 7.9560e+10  17.1%  69.6  890s
  6411  4134 7.9560e+10  198  134 6.7948e+10 7.9560e+10  17.1%  69.2  895s
  6489  4194 7.9560e+10  226   81 6.7948e+10 7.9560e+10  17.1%  68.7  900s
  6591  4270 7.9560e+10  194  160 6.7948e+10 7.9560e+10  17.1%  68.0  905s
  6657  4321 7.9560e+10  249  116 6.7948e+10 7.9560e+10  17.1%  67.6  910s
  6723  4378 7.8586e+10  300  160 6.7948e+10 7.9560e+10  17.1%  67.3  915s
  6764  4398 7.5161e+10  329   92 6.7948e+10 7.9560e+10  17.1%  67.2  920s
  6854  4453 7.9560e+10  172  149 6.7948e+10 7.9560e+10  17.1%  66.6  925s
  6910  4503 7.6331e+10  209   70 6.7948e+10 7.9560e+10  17.1%  66.6  930s
  7017  4558 7.9560e+10  274   45 6.7948e+10 7.9560e+10  17.1%  65.9  935s
  7082  4610 7.9560e+10  189  198 6.7948e+10 7.9560e+10  17.1%  65.6  940s
  7136  4662 7.8466e+10  239  164 6.7948e+10 7.9560e+10  17.1%  65.3  945s
  7236  4685 7.9560e+10  144  226 6.7948e+10 7.9560e+10  17.1%  64.6  950s
  7325  4773 7.9560e+10  215  207 6.7948e+10 7.9560e+10  17.1%  64.1  955s
  7386  4832 7.9560e+10  269  104 6.7948e+10 7.9560e+10  17.1%  63.9  960s
  7408  4854 7.9560e+10  284   82 6.7948e+10 7.9560e+10  17.1%  63.8  967s
  7435  4878 7.9560e+10  298   65 6.7948e+10 7.9560e+10  17.1%  63.7  970s
  7514  4893 7.9560e+10  125  280 6.7948e+10 7.9560e+10  17.1%  63.2  975s
  7602  4981 7.9560e+10  202  230 6.7948e+10 7.9560e+10  17.1%  62.7  980s
  7673  5048 7.9560e+10  247  145 6.7948e+10 7.9560e+10  17.1%  62.5  985s
  7741  5079 7.9560e+10  286   68 6.7948e+10 7.9560e+10  17.1%  62.3  990s
  7776  5063 infeasible  273      6.7948e+10 7.9560e+10  17.1%  62.6  995s
  7828  5078 7.9560e+10  281   96 6.7948e+10 7.9560e+10  17.1%  62.7 1000s
  7904  5127 7.9560e+10  343   42 6.7948e+10 7.9560e+10  17.1%  62.4 1005s
  8003  5141 infeasible  276      6.7948e+10 7.9560e+10  17.1%  62.2 1010s
  8012  5134 7.9560e+10  267  117 6.7948e+10 7.9560e+10  17.1%  62.2 1024s
  8016  5134 infeasible  270      6.7948e+10 7.9560e+10  17.1%  62.1 1025s
  8116  5161 infeasible  298      6.7948e+10 7.9560e+10  17.1%  61.7 1030s
  8222  5140 7.9560e+10  170  153 6.7948e+10 7.9560e+10  17.1%  61.4 1035s
  8305  5223 7.9560e+10  252  100 6.7948e+10 7.9560e+10  17.1%  61.1 1040s
  8383  5286 7.9560e+10  314   62 6.7948e+10 7.9560e+10  17.1%  60.7 1045s
  8408  5308 7.9464e+10  327  143 6.7948e+10 7.9560e+10  17.1%  60.9 1050s
  8455  5346 7.6331e+10  367   56 6.7948e+10 7.9560e+10  17.1%  60.7 1055s
  8525  5396 7.9560e+10  171  167 6.7948e+10 7.9560e+10  17.1%  60.4 1060s
  8586  5453 7.9560e+10  227  146 6.7948e+10 7.9560e+10  17.1%  60.2 1065s
  8655  5517 7.9560e+10  296  113 6.7948e+10 7.9560e+10  17.1%  59.9 1070s
  8734  5579 7.9560e+10  190  170 6.7948e+10 7.9560e+10  17.1%  59.7 1075s
  8757  5598 7.6331e+10  198  174 6.7948e+10 7.9560e+10  17.1%  60.0 1080s
  8810  5616 7.9560e+10  214  161 6.7948e+10 7.9560e+10  17.1%  59.9 1085s
  8860  5660 7.9538e+10  254  225 6.7948e+10 7.9560e+10  17.1%  59.7 1090s
  8930  5710 7.9560e+10  215  151 6.7948e+10 7.9560e+10  17.1%  59.5 1095s
  8983  5746 7.9560e+10  192  168 6.7948e+10 7.9560e+10  17.1%  59.4 1100s
  9058  5812 7.9560e+10  258  140 6.7948e+10 7.9560e+10  17.1%  59.1 1105s
  9126  5844 7.9560e+10  227  130 6.7948e+10 7.9560e+10  17.1%  58.9 1110s
  9153  5854 7.9560e+10  191  158 6.7948e+10 7.9560e+10  17.1%  59.0 1115s
  9223  5884 infeasible  209      6.7948e+10 7.9560e+10  17.1%  58.8 1120s
  9290  5920 7.9560e+10  230  130 6.7948e+10 7.9560e+10  17.1%  58.6 1129s
  9291  5921 7.9364e+10  231  155 6.7948e+10 7.9560e+10  17.1%  58.6 1130s
  9326  5928 7.5603e+10  199  130 6.7948e+10 7.9560e+10  17.1%  58.6 1135s
  9419  5984 infeasible  257      6.7948e+10 7.9560e+10  17.1%  58.2 1140s
  9465  6012 infeasible  219      6.7948e+10 7.9560e+10  17.1%  58.1 1145s
  9550  6059 7.6331e+10  275  100 6.7948e+10 7.9560e+10  17.1%  57.7 1150s
  9614  6087 7.6331e+10  226  127 6.7948e+10 7.9560e+10  17.1%  57.6 1155s
  9675  6126 7.6331e+10  218  118 6.7948e+10 7.9560e+10  17.1%  57.5 1160s
  9743  6164 7.6331e+10  192  143 6.7948e+10 7.9560e+10  17.1%  57.3 1173s
  9771  6177 7.6331e+10  208  115 6.7948e+10 7.9560e+10  17.1%  57.2 1175s
  9862  6238 7.4413e+10  273  114 6.7948e+10 7.9560e+10  17.1%  56.8 1180s
  9934  6262 7.6331e+10  190  175 6.7948e+10 7.9560e+10  17.1%  56.8 1185s
 10010  6326 7.6331e+10  249   72 6.7948e+10 7.9560e+10  17.1%  56.5 1190s
 10066  6347 7.9560e+10  195  110 6.7948e+10 7.9560e+10  17.1%  56.6 1195s
 10155  6396 infeasible  211      6.7948e+10 7.9560e+10  17.1%  56.4 1200s
 10202  6403 infeasible  228      6.7948e+10 7.9560e+10  17.1%  56.2 1415s
 10341  6456 7.9560e+10  188  170 6.7948e+10 7.9560e+10  17.1%  55.7 1420s
 10389  6500 7.9560e+10   68  248 6.7948e+10 7.9560e+10  17.1%  55.6 1425s
 10468  6579 7.9560e+10  147  242 6.7948e+10 7.9560e+10  17.1%  55.3 1430s
 10574  6684 7.9560e+10  253  259 6.7948e+10 7.9560e+10  17.1%  55.0 1435s
 10661  6771 7.9560e+10  340  380 6.7948e+10 7.9560e+10  17.1%  54.8 1440s
H10688  6796                    7.013923e+10 7.9560e+10  13.4%  54.8 1447s
 10688  6798 7.9560e+10  367  244 7.0139e+10 7.9560e+10  13.4%  54.8 1452s
 10713  6823 7.9560e+10  392  224 7.0139e+10 7.9560e+10  13.4%  54.8 1455s
 10789  6899 7.2628e+10  468  179 7.0139e+10 7.9560e+10  13.4%  54.6 1460s
 10884  6991 7.2628e+10  563  202 7.0139e+10 7.9560e+10  13.4%  54.3 1465s
 10966  7058 7.9560e+10   33  150 7.0139e+10 7.9560e+10  13.4%  54.0 1470s
 11049  7139 7.9560e+10  107  160 7.0139e+10 7.9560e+10  13.4%  53.8 1475s
 11133  7209 7.9560e+10  176  126 7.0139e+10 7.9560e+10  13.4%  53.7 1480s
 11184  7254 7.9560e+10  220  154 7.0139e+10 7.9560e+10  13.4%  53.8 1494s
 11194  7264 7.9560e+10  229  141 7.0139e+10 7.9560e+10  13.4%  53.8 1495s
 11275  7330 7.9560e+10  146  192 7.0139e+10 7.9560e+10  13.4%  53.6 1500s
 11334  7389 7.9560e+10  205  215 7.0139e+10 7.9560e+10  13.4%  53.5 1506s
 11394  7449 7.9560e+10  264  182 7.0139e+10 7.9560e+10  13.4%  53.4 1510s
 11517  7518 7.9560e+10  338   75 7.0139e+10 7.9560e+10  13.4%  53.1 1515s
 11601  7519 7.9560e+10  341   89 7.0139e+10 7.9560e+10  13.4%  52.9 1520s
 11624  7507 7.9560e+10  328   88 7.0139e+10 7.9560e+10  13.4%  52.9 1527s
 11671  7470 infeasible  293      7.0139e+10 7.9560e+10  13.4%  52.8 1530s
H11714  6347                    7.722043e+10 7.9560e+10  3.03%  53.1 1532s
 11743  6377 7.9560e+10  255  146 7.7220e+10 7.9560e+10  3.03%  53.3 1535s
 11839  6445 7.9560e+10  279   92 7.7220e+10 7.9560e+10  3.03%  53.1 1540s
 11904  6468 7.9560e+10  245  188 7.7220e+10 7.9560e+10  3.03%  53.2 1545s
 11987  6538 7.9558e+10  313  306 7.7220e+10 7.9560e+10  3.03%  53.0 1550s
 12017  6567 7.8901e+10  336  125 7.7220e+10 7.9560e+10  3.03%  53.0 1555s
 12081  6596 7.8029e+10  371  120 7.7220e+10 7.9560e+10  3.03%  52.9 1560s
 12132  6615 7.9560e+10  190  145 7.7220e+10 7.9560e+10  3.03%  52.9 1565s
 12157  6638 7.9560e+10  197  161 7.7220e+10 7.9560e+10  3.03%  53.0 1572s
 12205  6680 7.9560e+10  237   87 7.7220e+10 7.9560e+10  3.03%  52.8 1575s
 12316  6618 7.9042e+10  198  205 7.7220e+10 7.9560e+10  3.03%  52.7 1580s
 12344  6622 7.8374e+10  201  180 7.7220e+10 7.9560e+10  3.03%  52.9 1585s
 12391  6652 7.9560e+10  157  241 7.7220e+10 7.9560e+10  3.03%  53.0 1590s
 12464  6690 7.9560e+10  190  171 7.7220e+10 7.9560e+10  3.03%  52.9 1595s
 12575  6729 7.9560e+10  214   97 7.7220e+10 7.9560e+10  3.03%  52.7 1600s
 12631  6705 infeasible  195      7.7220e+10 7.9560e+10  3.03%  52.7 1605s
 12664  6712 infeasible  201      7.7220e+10 7.9560e+10  3.03%  52.7 1610s
 12745  6745 7.9560e+10  212   76 7.7220e+10 7.9560e+10  3.03%  52.6 1624s
 12750  6750 7.9560e+10  217   74 7.7220e+10 7.9560e+10  3.03%  52.5 1625s
 12871  6721 infeasible  221      7.7220e+10 7.9560e+10  3.03%  52.3 1630s
 12948  6700 7.9560e+10  196  167 7.7220e+10 7.9560e+10  3.03%  52.3 1635s
 13002  6718 7.9560e+10  196   85 7.7220e+10 7.9560e+10  3.03%  52.3 1640s
 13084  6778 7.9560e+10  257   51 7.7220e+10 7.9560e+10  3.03%  52.0 1645s
 13159  6770 7.9560e+10  249   61 7.7220e+10 7.9560e+10  3.03%  51.9 1650s
 13205  6775 infeasible  259      7.7220e+10 7.9560e+10  3.03%  52.1 1655s
 13277  6778     cutoff  259      7.7220e+10 7.9560e+10  3.03%  52.0 1660s
 13323  6771 7.9345e+10  259  127 7.7220e+10 7.9560e+10  3.03%  52.1 1665s
 13356  6770 7.9560e+10  250   53 7.7220e+10 7.9560e+10  3.03%  52.2 1678s
 13375  6770 infeasible  254      7.7220e+10 7.9560e+10  3.03%  52.2 1680s
 13450  6776 7.9560e+10  247   56 7.7220e+10 7.9560e+10  3.03%  52.1 1685s
 13504  6762 7.9560e+10  240   69 7.7220e+10 7.9560e+10  3.03%  52.2 1690s
 13521  6760 7.9560e+10  237   83 7.7220e+10 7.9560e+10  3.03%  52.2 1697s
 13545  6758 7.9560e+10  236   64 7.7220e+10 7.9560e+10  3.03%  52.2 1700s
 13592  6752     cutoff  233      7.7220e+10 7.9560e+10  3.03%  52.4 1705s
 13678  6826 infeasible  210      7.7220e+10 7.9560e+10  3.03%  52.2 1710s
 13735  6859 7.9560e+10  242  168 7.7220e+10 7.9560e+10  3.03%  52.3 1715s
 13771  6883 7.9560e+10  268  138 7.7220e+10 7.9560e+10  3.03%  52.2 1739s
 13774  6882 7.9560e+10  267  131 7.7220e+10 7.9560e+10  3.03%  52.2 1740s
 13801  6905 7.9560e+10  292  128 7.7220e+10 7.9560e+10  3.03%  52.2 1745s
 13842  6944 7.9431e+10  332  263 7.7220e+10 7.9560e+10  3.03%  52.1 1757s
 13862  6959 7.9273e+10  350  214 7.7220e+10 7.9560e+10  3.03%  52.1 1760s
 13912  6984 7.9560e+10  167  183 7.7220e+10 7.9560e+10  3.03%  52.1 1765s
 13987  7045 infeasible  219      7.7220e+10 7.9560e+10  3.03%  52.0 1770s
 14047  7037 7.9560e+10  217   85 7.7220e+10 7.9560e+10  3.03%  52.1 1775s
 14147  7128 7.9560e+10  301   38 7.7220e+10 7.9560e+10  3.03%  52.0 1780s
 14241  7122 infeasible  300      7.7220e+10 7.9560e+10  3.03%  51.9 1785s
 14281  7144 infeasible  167      7.7220e+10 7.9560e+10  3.03%  52.0 1790s
 14340  7157 7.9560e+10  221   95 7.7220e+10 7.9560e+10  3.03%  52.0 1795s
 14418  7192 7.9560e+10  254   53 7.7220e+10 7.9560e+10  3.03%  51.8 1800s
 14499  7229 7.9560e+10  150  203 7.7220e+10 7.9560e+10  3.03%  51.7 1805s
 14575  7305 7.9560e+10  206  187 7.7220e+10 7.9560e+10  3.03%  51.6 1810s
 14641  7371 7.9560e+10  268  169 7.7220e+10 7.9560e+10  3.03%  51.4 1830s
 14642  7372 7.9560e+10  267  166 7.7220e+10 7.9560e+10  3.03%  51.4 1841s
 14705  7432 7.9560e+10  311   95 7.7220e+10 7.9560e+10  3.03%  51.3 1845s
 14790  7460 7.9560e+10  343   89 7.7220e+10 7.9560e+10  3.03%  51.2 1850s
 14897  7489 7.9560e+10  368   64 7.7220e+10 7.9560e+10  3.03%  51.0 1855s
 14970  7484 7.9560e+10  365  129 7.7220e+10 7.9560e+10  3.03%  50.9 1860s
 15042  7523 7.8800e+10  409  142 7.7220e+10 7.9560e+10  3.03%  50.8 1865s
 15129  7560 7.9560e+10  159  205 7.7220e+10 7.9560e+10  3.03%  50.7 1870s
 15212  7620 7.9560e+10  213  129 7.7220e+10 7.9560e+10  3.03%  50.6 1875s
 15286  7641 7.9560e+10  239  106 7.7220e+10 7.9560e+10  3.03%  50.6 1880s
 15304  7656 7.9560e+10   78  740 7.7220e+10 7.9560e+10  3.03%  50.6 1904s
 15306  7657 7.9560e+10  239  253 7.7220e+10 7.9560e+10  3.03%  50.6 1911s
 15307  7658 7.9560e+10  178   95 7.7220e+10 7.9560e+10  3.03%  50.6 1916s
 15309  7659 7.9560e+10  295  130 7.7220e+10 7.9560e+10  3.03%  50.6 1921s
 15313  7662 7.9560e+10  221   23 7.7220e+10 7.9560e+10  3.03%  50.5 1925s
 15319  7666 7.9560e+10  192   15 7.7220e+10 7.9560e+10  3.03%  50.5 1933s
 15322  7668 7.9560e+10  153   24 7.7220e+10 7.9560e+10  3.03%  50.5 1935s
 15325  7670 7.9560e+10  249   32 7.7220e+10 7.9560e+10  3.03%  50.5 1940s
 15327  7671 7.9560e+10  155   32 7.7220e+10 7.9560e+10  3.03%  50.5 1954s
 15328  7674 7.9560e+10   31   51 7.7220e+10 7.9560e+10  3.03%  56.5 1957s
 15353  7689 7.9560e+10   43  199 7.7220e+10 7.9560e+10  3.03%  56.5 1967s
 15365  7697 7.9560e+10   49  202 7.7220e+10 7.9560e+10  3.03%  56.6 1970s
 15419  7728 7.9560e+10   77  153 7.7220e+10 7.9560e+10  3.03%  56.6 1975s
 15483  7733 7.9560e+10  110  158 7.7220e+10 7.9560e+10  3.03%  56.5 1980s
 15544  7741 7.9560e+10  143  148 7.7220e+10 7.9560e+10  3.03%  56.4 1985s
 15591  7743 7.9560e+10  169  104 7.7220e+10 7.9560e+10  3.03%  56.3 1990s
 15600  7741 7.9560e+10  174   92 7.7220e+10 7.9560e+10  3.03%  56.2 1998s
 15625  7736 7.9560e+10  186   81 7.7220e+10 7.9560e+10  3.03%  56.2 2000s
 15628  7734 7.9560e+10  187   82 7.7220e+10 7.9560e+10  3.03%  56.2 2010s
 15663  7748 7.9560e+10   52  254 7.7220e+10 7.9560e+10  3.03%  56.2 2015s
 15730  7792 7.9560e+10   92  257 7.7220e+10 7.9560e+10  3.03%  56.2 2020s
 15807  7817 7.9560e+10  133  270 7.7220e+10 7.9560e+10  3.03%  56.0 2025s
 15879  7823 7.9560e+10  168  278 7.7220e+10 7.9560e+10  3.03%  55.9 2030s
 15939  7829 7.9560e+10  200  207 7.7220e+10 7.9560e+10  3.03%  55.8 2035s
 16008  7801 7.9560e+10  195  248 7.7220e+10 7.9560e+10  3.03%  55.7 2040s
 16027  7798 7.9560e+10  205  210 7.7220e+10 7.9560e+10  3.03%  55.7 2046s
 16078  7772 7.9560e+10   40  164 7.7220e+10 7.9560e+10  3.03%  55.7 2050s
 16119  7799 7.9560e+10   82  204 7.7220e+10 7.9560e+10  3.03%  55.6 2055s
 16157  7823 7.9560e+10  115  211 7.7220e+10 7.9560e+10  3.03%  55.5 2060s
 16195  7848 7.9560e+10  152  218 7.7220e+10 7.9560e+10  3.03%  55.5 2065s
 16238  7877 7.9560e+10  195  217 7.7220e+10 7.9560e+10  3.03%  55.3 2070s
 16244  7881 7.9560e+10  201  216 7.7220e+10 7.9560e+10  3.03%  55.3 2079s
 16247  7883 7.9560e+10  204  221 7.7220e+10 7.9560e+10  3.03%  55.3 2080s
 16287  7909 7.9560e+10  241  313 7.7220e+10 7.9560e+10  3.03%  55.2 2085s
 16325  7935 7.9560e+10  278  234 7.7220e+10 7.9560e+10  3.03%  55.2 2090s
 16354  7954 7.9560e+10  304  218 7.7220e+10 7.9560e+10  3.03%  55.2 2095s
 16393  7979 7.9560e+10  340  179 7.7220e+10 7.9560e+10  3.03%  55.2 2100s
 16464  8024 7.9560e+10  410  170 7.7220e+10 7.9560e+10  3.03%  55.0 2105s
 16466  8026 7.9560e+10  412  154 7.7220e+10 7.9560e+10  3.03%  55.0 2112s
 16493  8039 7.9560e+10  434  187 7.7220e+10 7.9560e+10  3.03%  55.0 2115s
 16577  8014 7.9442e+10  440  197 7.7220e+10 7.9560e+10  3.03%  54.8 2120s
 16641  8026 7.9560e+10   61  202 7.7220e+10 7.9560e+10  3.03%  54.8 2125s
 16702  8067 7.9560e+10   96  199 7.7220e+10 7.9560e+10  3.03%  54.7 2130s
 16752  8096 7.9560e+10  124  228 7.7220e+10 7.9560e+10  3.03%  54.7 2135s
 16804  8127 7.9560e+10  157  196 7.7220e+10 7.9560e+10  3.03%  54.6 2140s
 16849  8149 7.9560e+10  180  138 7.7220e+10 7.9560e+10  3.03%  54.6 2150s
 16889  8160 7.9560e+10  201  116 7.7220e+10 7.9560e+10  3.03%  54.5 2155s
 16945  8144 7.9560e+10  206  132 7.7220e+10 7.9560e+10  3.03%  54.5 2160s
 16994  8144 7.9560e+10  213  100 7.7220e+10 7.9560e+10  3.03%  54.5 2165s
 17051  8149 7.9560e+10  225   72 7.7220e+10 7.9560e+10  3.03%  54.4 2170s
 17140  8123 7.9560e+10  236   63 7.7220e+10 7.9560e+10  3.03%  54.2 2175s
 17205  8099 7.9560e+10  232   80 7.7220e+10 7.9560e+10  3.03%  54.2 2180s
 17265  8075 7.9515e+10  232  213 7.7220e+10 7.9560e+10  3.03%  54.3 2185s
 17322  8043 7.9560e+10  218  129 7.7220e+10 7.9560e+10  3.03%  54.5 2190s
 17360  8042 7.9522e+10  230  149 7.7220e+10 7.9560e+10  3.03%  54.5 2199s
 17369  8037 7.9560e+10  223  105 7.7220e+10 7.9560e+10  3.03%  54.5 2200s
 17451  8000 7.9560e+10  220   96 7.7220e+10 7.9560e+10  3.03%  54.4 2205s
 17499  7988 7.9560e+10  224   88 7.7220e+10 7.9560e+10  3.03%  54.4 2218s
 17521  7975 7.9560e+10  216   98 7.7220e+10 7.9560e+10  3.03%  54.3 2220s
 17588  7944 7.9560e+10  206  119 7.7220e+10 7.9560e+10  3.03%  54.4 2225s
 17636  7925 7.9560e+10  215   99 7.7220e+10 7.9560e+10  3.03%  54.4 2230s
 17698  7962 7.9560e+10   98  184 7.7220e+10 7.9560e+10  3.03%  54.3 2235s
 17703  7965 7.9560e+10  101  200 7.7220e+10 7.9560e+10  3.03%  54.3 2252s
 17728  7982 7.9560e+10  121  218 7.7220e+10 7.9560e+10  3.03%  54.2 2255s
 17758  8002 7.9560e+10  146  193 7.7220e+10 7.9560e+10  3.03%  54.2 2269s
 17762  8004 7.9560e+10  150  173 7.7220e+10 7.9560e+10  3.03%  54.2 2270s
 17799  8028 7.9560e+10  184  202 7.7220e+10 7.9560e+10  3.03%  54.2 2275s
 17846  8048 7.9560e+10  222  149 7.7220e+10 7.9560e+10  3.03%  54.2 2280s
 17935  7961 infeasible  167      7.7220e+10 7.9560e+10  3.03%  54.4 2285s
 17988  7968 7.9560e+10  192  169 7.7220e+10 7.9560e+10  3.03%  54.4 2290s
 18046  8007 7.9560e+10  248  119 7.7220e+10 7.9560e+10  3.03%  54.3 2295s
 18098  8040 7.9560e+10  298   66 7.7220e+10 7.9560e+10  3.03%  54.3 2300s
 18161  8080 7.9560e+10  358   65 7.7220e+10 7.9560e+10  3.03%  54.2 2305s
 18220  8116 7.9560e+10  415   69 7.7220e+10 7.9560e+10  3.03%  54.1 2310s
 18262  8129 7.9560e+10  175  113 7.7220e+10 7.9560e+10  3.03%  54.1 2315s
 18330  8172 7.9560e+10  239  136 7.7220e+10 7.9560e+10  3.03%  54.0 2320s
 18360  8192 7.9560e+10  265   83 7.7220e+10 7.9560e+10  3.03%  54.0 2328s
 18384  8204 7.9560e+10  286   57 7.7220e+10 7.9560e+10  3.03%  54.0 2330s
 18431  8195 7.9560e+10  295   59 7.7220e+10 7.9560e+10  3.03%  54.0 2344s
 18435  8195 7.9560e+10  298   68 7.7220e+10 7.9560e+10  3.03%  54.0 2345s
 18509  8221 7.9560e+10  334   52 7.7220e+10 7.9560e+10  3.03%  53.9 2350s
 18559  8218 7.9560e+10   69  153 7.7220e+10 7.9560e+10  3.03%  53.9 2355s
 18613  8254 7.9560e+10  123  162 7.7220e+10 7.9560e+10  3.03%  53.9 2360s
 18686  8303 7.9560e+10  194  166 7.7220e+10 7.9560e+10  3.03%  53.7 2365s
 18712  8320 7.9560e+10  220  151 7.7220e+10 7.9560e+10  3.03%  53.7 2373s
 18737  8337 7.9560e+10  245  157 7.7220e+10 7.9560e+10  3.03%  53.6 2375s
 18823  8343 7.9560e+10  281   90 7.7220e+10 7.9560e+10  3.03%  53.5 2380s
 18900  8321 infeasible  292      7.7220e+10 7.9560e+10  3.03%  53.5 2385s
 18952  8311 7.9560e+10  295   92 7.7220e+10 7.9560e+10  3.03%  53.5 2390s
 19020  8302 infeasible  313      7.7220e+10 7.9560e+10  3.03%  53.6 2395s
 19095  8318 7.9560e+10  114  172 7.7220e+10 7.9560e+10  3.03%  53.5 2400s
 19178  8374 7.9560e+10  197  173 7.7220e+10 7.9560e+10  3.03%  53.4 2405s
 19248  8418 7.9560e+10  266  179 7.7220e+10 7.9560e+10  3.03%  53.3 2410s
 19320  8432 7.9560e+10  168  170 7.7220e+10 7.9560e+10  3.03%  53.2 2415s
 19382  8467 7.9560e+10  222  159 7.7220e+10 7.9560e+10  3.03%  53.1 2430s
 19457  8495 7.9560e+10  141  200 7.7220e+10 7.9560e+10  3.03%  52.9 2435s
 19545  8553 7.9560e+10  229  147 7.7220e+10 7.9560e+10  3.03%  52.8 2440s
 19644  8619 7.9560e+10  328  109 7.7220e+10 7.9560e+10  3.03%  52.6 2445s
 19709  8655 7.9560e+10  384   64 7.7220e+10 7.9560e+10  3.03%  52.5 2450s
 19762  8639 7.9560e+10  198  228 7.7220e+10 7.9560e+10  3.03%  52.5 2455s
 19829  8684 7.9560e+10  252  188 7.7220e+10 7.9560e+10  3.03%  52.5 2460s
 19881  8716 7.9560e+10  288  307 7.7220e+10 7.9560e+10  3.03%  52.6 2465s
 19923  8740 7.8469e+10  314  192 7.7220e+10 7.9560e+10  3.03%  52.6 2470s
 19950  8753 7.8469e+10  335  289 7.7220e+10 7.9560e+10  3.03%  52.7 2475s
 19989  8767 7.8469e+10  353  140 7.7220e+10 7.9560e+10  3.03%  52.7 2480s
 20025  8775 7.8469e+10  370  134 7.7220e+10 7.9560e+10  3.03%  52.8 2485s
 20068  8780 7.9560e+10  206  213 7.7220e+10 7.9560e+10  3.03%  52.7 2490s
 20109  8807 7.9560e+10  247  230 7.7220e+10 7.9560e+10  3.03%  52.7 2495s
 20152  8834 7.9560e+10  290  175 7.7220e+10 7.9560e+10  3.03%  52.7 2500s
 20185  8856 7.9560e+10  323  125 7.7220e+10 7.9560e+10  3.03%  52.7 2521s
 20186  8857 7.9560e+10  324  127 7.7220e+10 7.9560e+10  3.03%  52.7 2529s
 20204  8869 7.9560e+10  342  142 7.7220e+10 7.9560e+10  3.03%  52.6 2530s
 20269  8909 7.9560e+10  406  101 7.7220e+10 7.9560e+10  3.03%  52.6 2535s
 20405  8796 7.9560e+10   98  740 7.7220e+10 7.9560e+10  3.03%  52.3 2552s
 20407  8797 7.8469e+10  383  287 7.7220e+10 7.9560e+10  3.03%  52.3 2558s
 20408  8798 7.9560e+10   58   98 7.7220e+10 7.9560e+10  3.03%  52.3 2562s
 20411  8800 7.9560e+10  373   48 7.7220e+10 7.9560e+10  3.03%  52.3 2565s
 20415  8803 7.9560e+10  285   23 7.7220e+10 7.9560e+10  3.03%  52.3 2571s
 20417  8804 7.9560e+10   99  107 7.7220e+10 7.9560e+10  3.03%  52.2 2576s
 20419  8805 7.9560e+10  407  101 7.7220e+10 7.9560e+10  3.03%  52.2 2581s
 20421  8807 7.9560e+10  193   71 7.7220e+10 7.9560e+10  3.03%  52.2 2587s
 20423  8808 7.9560e+10   34  166 7.7220e+10 7.9560e+10  3.03%  52.2 2591s
 20425  8809 7.9560e+10  172  127 7.7220e+10 7.9560e+10  3.03%  52.2 2597s
 20427  8811 7.9560e+10   66  146 7.7220e+10 7.9560e+10  3.03%  52.2 2603s
 20429  8812 7.9560e+10  125   21 7.7220e+10 7.9560e+10  3.03%  52.2 2628s
 20433  8817 7.9560e+10   47  324 7.7220e+10 7.9560e+10  3.03%  58.2 2630s
 20477  8846 7.9560e+10   69  168 7.7220e+10 7.9560e+10  3.03%  58.3 2635s
 20524  8877 7.9560e+10   93  180 7.7220e+10 7.9560e+10  3.03%  58.2 2640s
 20577  8913 7.9560e+10  119  155 7.7220e+10 7.9560e+10  3.03%  58.1 2645s
 20591  8914 7.9560e+10  127  183 7.7220e+10 7.9560e+10  3.03%  58.1 2654s
 20599  8917 7.9560e+10  131  120 7.7220e+10 7.9560e+10  3.03%  58.1 2655s
 20635  8923 7.9560e+10   58  255 7.7220e+10 7.9560e+10  3.03%  58.1 2660s
 20672  8947 7.9560e+10   78  187 7.7220e+10 7.9560e+10  3.03%  58.1 2669s
 20685  8956 7.9560e+10   85  230 7.7220e+10 7.9560e+10  3.03%  58.1 2670s
 20699  8965 7.9560e+10   92  284 7.7220e+10 7.9560e+10  3.03%  58.1 2677s
 20726  8981 7.9560e+10  105  200 7.7220e+10 7.9560e+10  3.03%  58.1 2680s
 20790  9000 7.9560e+10  137  206 7.7220e+10 7.9560e+10  3.03%  58.1 2685s
 20855  9028 7.9560e+10  170  203 7.7220e+10 7.9560e+10  3.03%  58.0 2690s
 20924  9025 7.9560e+10  204   66 7.7220e+10 7.9560e+10  3.03%  57.9 2695s
 21023  9003 7.9560e+10  147   85 7.7220e+10 7.9560e+10  3.03%  57.7 2700s
 21113  8976 7.8241e+10  155  131 7.7220e+10 7.9560e+10  3.03%  57.7 2705s
 21149  8945 7.9560e+10  192   97 7.7220e+10 7.9560e+10  3.03%  57.9 2726s
 21150  8946 7.9560e+10  193   87 7.7220e+10 7.9560e+10  3.03%  57.9 2731s
 21177  8924     cutoff  176      7.7220e+10 7.9560e+10  3.03%  58.0 2735s
 21184  8914     cutoff  171      7.7220e+10 7.9560e+10  3.03%  58.1 2740s
 21192  8906     cutoff  168      7.7220e+10 7.9560e+10  3.03%  58.3 2745s
 21201  8894     cutoff  163      7.7220e+10 7.9560e+10  3.03%  58.5 2750s
 21214  8876     cutoff  150      7.7220e+10 7.9560e+10  3.03%  58.8 2755s
 21224  8863     cutoff  145      7.7220e+10 7.9560e+10  3.03%  59.1 2760s
 21232  8852     cutoff  140      7.7220e+10 7.9560e+10  3.03%  59.4 2765s
 21243  8838     cutoff  131      7.7220e+10 7.9560e+10  3.03%  59.7 2770s
 21286  8857 7.9560e+10  165  167 7.7220e+10 7.9560e+10  3.03%  59.6 2775s
 21350  8898 7.9560e+10  224   72 7.7220e+10 7.9560e+10  3.03%  59.6 2780s
 21406  8920 7.9560e+10  163  183 7.7220e+10 7.9560e+10  3.03%  59.6 2785s
 21474  8961 7.9560e+10  230   90 7.7220e+10 7.9560e+10  3.03%  59.4 2790s
 21497  8953     cutoff  234      7.7220e+10 7.9560e+10  3.03%  59.6 2795s
 21521  8946 7.9560e+10  238   76 7.7220e+10 7.9560e+10  3.03%  59.8 2800s
 21531  8943 7.9560e+10  238   78 7.7220e+10 7.9560e+10  3.03%  59.9 2811s
 21542  8934     cutoff  235      7.7220e+10 7.9560e+10  3.03%  60.1 2815s
 21559  8924 7.9560e+10  224  112 7.7220e+10 7.9560e+10  3.03%  60.4 2820s
 21573  8914     cutoff  220      7.7220e+10 7.9560e+10  3.03%  60.7 2825s
 21585  8904     cutoff  213      7.7220e+10 7.9560e+10  3.03%  60.9 2830s
 21595  8890     cutoff  200      7.7220e+10 7.9560e+10  3.03%  61.0 2835s
 21605  8877     cutoff  190      7.7220e+10 7.9560e+10  3.03%  61.2 2840s
 21614  8865     cutoff  181      7.7220e+10 7.9560e+10  3.03%  61.4 2845s
 21621  8856     cutoff  174      7.7220e+10 7.9560e+10  3.03%  61.6 2850s
 21629  8845     cutoff  166      7.7220e+10 7.9560e+10  3.03%  61.7 2855s
 21636  8836     cutoff  159      7.7220e+10 7.9560e+10  3.03%  62.0 2860s
 21642  8828     cutoff  153      7.7220e+10 7.9560e+10  3.03%  62.3 2865s
 21648  8820     cutoff  147      7.7220e+10 7.9560e+10  3.03%  62.6 2870s
 21656  8809     cutoff  139      7.7220e+10 7.9560e+10  3.03%  62.9 2875s
 21669  8808 7.9560e+10  140  291 7.7220e+10 7.9560e+10  3.03%  63.0 2880s
 21689  8821 7.9560e+10  158  271 7.7220e+10 7.9560e+10  3.03%  63.0 2890s
 21732  8847 7.9560e+10  198  128 7.7220e+10 7.9560e+10  3.03%  62.9 2895s
 21787  8869 7.9560e+10  138  305 7.7220e+10 7.9560e+10  3.03%  62.8 2900s
 21845  8904 7.9560e+10  191  124 7.7220e+10 7.9560e+10  3.03%  62.8 2905s
 21902  8931 7.9560e+10  242   62 7.7220e+10 7.9560e+10  3.03%  62.7 2910s
 21967  8914 7.9560e+10  246   61 7.7220e+10 7.9560e+10  3.03%  62.7 2915s
 22020  8890 7.9560e+10  248   56 7.7220e+10 7.9560e+10  3.03%  62.6 2928s
 22050  8876 7.9560e+10  238   56 7.7220e+10 7.9560e+10  3.03%  62.6 2930s
 22096  8845     cutoff  223      7.7220e+10 7.9560e+10  3.03%  62.6 2935s
 22145  8818     cutoff  209      7.7220e+10 7.9560e+10  3.03%  62.7 2940s
 22162  8795     cutoff  192      7.7220e+10 7.9560e+10  3.03%  63.0 2945s
 22180  8771     cutoff  173      7.7220e+10 7.9560e+10  3.03%  63.3 2950s
 22197  8749     cutoff  157      7.7220e+10 7.9560e+10  3.03%  63.5 2955s
 22208  8736 7.9560e+10  146  280 7.7220e+10 7.9560e+10  3.03%  63.7 2967s
 22229  8750 7.9560e+10  166  125 7.7220e+10 7.9560e+10  3.03%  63.7 2970s
 22297  8777 7.9560e+10  145  301 7.7220e+10 7.9560e+10  3.03%  63.6 2975s
 22346  8810 7.9560e+10  194  180 7.7220e+10 7.9560e+10  3.03%  63.5 2980s
 22408  8847 7.9560e+10  248   80 7.7220e+10 7.9560e+10  3.03%  63.4 2985s
 22461  8831 7.9560e+10   52  163 7.7220e+10 7.9560e+10  3.03%  63.3 2990s
 22498  8855 7.9560e+10   72  259 7.7220e+10 7.9560e+10  3.03%  63.3 2999s
 22499  8856 7.9560e+10   73  203 7.7220e+10 7.9560e+10  3.03%  63.3 3000s
 22545  8883 7.9560e+10   87  199 7.7220e+10 7.9560e+10  3.03%  63.4 3005s
 22600  8917 7.9560e+10  107  210 7.7220e+10 7.9560e+10  3.03%  63.4 3010s
 22618  8929 7.9560e+10  115  187 7.7220e+10 7.9560e+10  3.03%  63.4 3025s
 22665  8959 7.9560e+10  137  133 7.7220e+10 7.9560e+10  3.03%  63.3 3030s
 22709  8972 7.9560e+10  150   99 7.7220e+10 7.9560e+10  3.03%  63.3 3039s
 22711  8973 7.9560e+10  150  115 7.7220e+10 7.9560e+10  3.03%  63.3 3040s
 22768  8991 7.9560e+10  173   87 7.7220e+10 7.9560e+10  3.03%  63.2 3045s
 22854  8966 infeasible  181      7.7220e+10 7.9560e+10  3.03%  63.1 3050s
 22915  8990 7.9560e+10   92  206 7.7220e+10 7.9560e+10  3.03%  63.0 3055s
 22978  9030 7.9560e+10  128   76 7.7220e+10 7.9560e+10  3.03%  63.0 3060s
 23029  9064 7.9560e+10  160  102 7.7220e+10 7.9560e+10  3.03%  63.1 3065s
 23083  9100 7.9560e+10  189   99 7.7220e+10 7.9560e+10  3.03%  63.0 3070s
 23106  9114 7.9560e+10  192  100 7.7220e+10 7.9560e+10  3.03%  63.0 3075s
 23159  9141 7.9560e+10  213   72 7.7220e+10 7.9560e+10  3.03%  62.9 3080s
 23168  9145 7.9560e+10  213   79 7.7220e+10 7.9560e+10  3.03%  62.9 3088s
 23181  9152 7.9560e+10  220   73 7.7220e+10 7.9560e+10  3.03%  62.9 3090s
 23215  9170 7.9560e+10  226   68 7.7220e+10 7.9560e+10  3.03%  62.8 3097s
 23251  9181 7.9560e+10  238   52 7.7220e+10 7.9560e+10  3.03%  62.8 3100s
 23311  9198 7.9560e+10  259   63 7.7220e+10 7.9560e+10  3.03%  62.7 3105s
 23402  9152 infeasible  249      7.7220e+10 7.9560e+10  3.03%  62.6 3110s
 23471  9117 7.9560e+10  246   44 7.7220e+10 7.9560e+10  3.03%  62.6 3115s
 23534  9082 7.9560e+10  242   62 7.7220e+10 7.9560e+10  3.03%  62.5 3120s
 23542  9077 7.9560e+10  241   56 7.7220e+10 7.9560e+10  3.03%  62.5 3125s
 23621  9039 7.9560e+10  231   66 7.7220e+10 7.9560e+10  3.03%  62.3 3130s
 23663  9058 7.9560e+10  262  149 7.7220e+10 7.9560e+10  3.03%  62.3 3135s
 23739  9089 7.9560e+10  253   39 7.7220e+10 7.9560e+10  3.03%  62.1 3140s
 23792  9101 7.9560e+10   75  178 7.7220e+10 7.9560e+10  3.03%  62.1 3145s
 23835  9130 7.9560e+10  114  240 7.7220e+10 7.9560e+10  3.03%  62.0 3150s
 23870  9149 7.9560e+10  140  202 7.7220e+10 7.9560e+10  3.03%  62.0 3155s
 23894  9159     cutoff  159      7.7220e+10 7.9560e+10  3.03%  62.1 3160s
 23907  9160     cutoff   67      7.7220e+10 7.9560e+10  3.03%  62.2 3165s
 23959  9192 7.9560e+10  113  174 7.7220e+10 7.9560e+10  3.03%  62.1 3170s
 24016  9226 7.9560e+10  159  192 7.7220e+10 7.9560e+10  3.03%  62.1 3175s
 24025  9232 7.9560e+10  167  175 7.7220e+10 7.9560e+10  3.03%  62.1 3182s
 24053  9249 7.9560e+10  190  207 7.7220e+10 7.9560e+10  3.03%  62.0 3185s
 24073  9262 7.9560e+10  210  132 7.7220e+10 7.9560e+10  3.03%  62.0 3192s
 24074  9263 7.9560e+10  211  133 7.7220e+10 7.9560e+10  3.03%  62.0 3220s
 24120  9294 7.9560e+10  256  163 7.7220e+10 7.9560e+10  3.03%  62.0 3233s
 24135  9304 7.9560e+10  270  151 7.7220e+10 7.9560e+10  3.03%  62.0 3235s
 24181  9332 7.9560e+10  311  128 7.7220e+10 7.9560e+10  3.03%  62.0 3240s
 24240  9371 7.9560e+10  359   54 7.7220e+10 7.9560e+10  3.03%  61.9 3245s
 24289  9330 infeasible  342      7.7220e+10 7.9560e+10  3.03%  61.9 3250s
 24344  9257 infeasible  295      7.7220e+10 7.9560e+10  3.03%  62.0 3255s
 24385  9223 infeasible  277      7.7220e+10 7.9560e+10  3.03%  62.3 3260s
 24429  9194 7.8681e+10  260  219 7.7220e+10 7.9560e+10  3.03%  62.6 3265s
 24464  9163 7.8681e+10  243  194 7.7220e+10 7.9560e+10  3.03%  62.9 3270s
 24491  9139 7.9262e+10  228  190 7.7220e+10 7.9560e+10  3.03%  63.2 3275s
 24543  9157 7.9560e+10  262  163 7.7220e+10 7.9560e+10  3.03%  63.3 3280s
 24578  9170 7.9560e+10  283  102 7.7220e+10 7.9560e+10  3.03%  63.3 3285s
 24584  9174 7.9560e+10  288  109 7.7220e+10 7.9560e+10  3.03%  63.3 3296s
 24602  9186 7.9560e+10  306  101 7.7220e+10 7.9560e+10  3.03%  63.2 3303s
 24622  9199 7.9560e+10  325   66 7.7220e+10 7.9560e+10  3.03%  63.2 3305s
 24672  9189     cutoff  234      7.7220e+10 7.9560e+10  3.03%  63.2 3310s
 24718  9127 infeasible  290      7.7220e+10 7.9560e+10  3.03%  63.5 3315s
 24813  9001 infeasible  199      7.7220e+10 7.9560e+10  3.03%  63.6 3320s
 24837  8969 infeasible  175      7.7220e+10 7.9560e+10  3.03%  64.0 3325s
 24858  8941 infeasible  158      7.7220e+10 7.9560e+10  3.03%  64.4 3330s
 24873  8921 infeasible  144      7.7220e+10 7.9560e+10  3.03%  64.8 3335s
 24892  8895 infeasible  126      7.7220e+10 7.9560e+10  3.03%  65.2 3340s
 24910  8871     cutoff  113      7.7220e+10 7.9560e+10  3.03%  65.5 3345s
 24927  8849 infeasible   97      7.7220e+10 7.9560e+10  3.03%  65.9 3350s
 24947  8822 infeasible   80      7.7220e+10 7.9560e+10  3.03%  66.2 3355s
 24978  8821     cutoff   91      7.7220e+10 7.9560e+10  3.03%  66.3 3360s
 24991  8821 7.9560e+10   81  175 7.7220e+10 7.9560e+10  3.03%  66.3 3365s
 25008  8833 7.9560e+10   98  154 7.7220e+10 7.9560e+10  3.03%  66.3 3370s
 25039  8829 7.9560e+10  110  145 7.7220e+10 7.9560e+10  3.03%  66.5 3375s
 25080  8848 7.9560e+10  133  155 7.7220e+10 7.9560e+10  3.03%  66.5 3380s
 25159  8894 infeasible  208      7.7220e+10 7.9560e+10  3.03%  66.4 3385s
 25226  8906 7.9560e+10  247   67 7.7220e+10 7.9560e+10  3.03%  66.3 3396s
 25277  8917 7.9560e+10  246   69 7.7220e+10 7.9560e+10  3.03%  66.2 3400s
 25331  8907 7.9560e+10  255  160 7.7220e+10 7.9560e+10  3.03%  66.3 3405s
 25390  8930 infeasible  186      7.7220e+10 7.9560e+10  3.03%  66.2 3410s
 25472  8926 infeasible  215      7.7220e+10 7.9560e+10  3.03%  66.1 3415s
 25505  8923 infeasible  226      7.7220e+10 7.9560e+10  3.03%  66.1 3422s
 25564  8954 7.9560e+10  229   72 7.7220e+10 7.9560e+10  3.03%  66.0 3425s
 25620  8972 infeasible  264      7.7220e+10 7.9560e+10  3.03%  66.0 3430s
 25684  9008 7.9560e+10  197   89 7.7220e+10 7.9560e+10  3.03%  65.9 3435s
 25796  9057 7.9560e+10  156  128 7.7220e+10 7.9560e+10  3.03%  65.8 3440s
 25869  9106 7.9560e+10  226  124 7.7220e+10 7.9560e+10  3.03%  65.7 3445s
 25924  9142 7.9560e+10  281   73 7.7220e+10 7.9560e+10  3.03%  65.6 3452s
 25977  9167 infeasible  327      7.7220e+10 7.9560e+10  3.03%  65.5 3455s
 26087  9046 infeasible  243      7.7220e+10 7.9560e+10  3.03%  65.4 3460s
 26177  9046 7.9560e+10  270   89 7.7220e+10 7.9560e+10  3.03%  65.2 3465s
 26234  9055 7.9560e+10  228   92 7.7220e+10 7.9560e+10  3.03%  65.2 3470s
 26250  9064 7.9560e+10  240   91 7.7220e+10 7.9560e+10  3.03%  65.2 3476s
 26296  9054 infeasible  251      7.7220e+10 7.9560e+10  3.03%  65.1 3480s
 26350  9018 7.9560e+10  231  106 7.7220e+10 7.9560e+10  3.03%  65.1 3485s
 26396  8989 7.9560e+10  219  188 7.7220e+10 7.9560e+10  3.03%  65.1 3490s
 26474  9033 7.9560e+10  291   76 7.7220e+10 7.9560e+10  3.03%  64.9 3495s
 26550  9055 7.9560e+10  230   90 7.7220e+10 7.9560e+10  3.03%  64.8 3531s
 26551  9055 7.9560e+10  231   91 7.7220e+10 7.9560e+10  3.03%  64.8 3537s
 26552  9056 7.9560e+10  232  123 7.7220e+10 7.9560e+10  3.03%  64.8 3542s
 26586  9047 7.9560e+10  236  102 7.7220e+10 7.9560e+10  3.03%  64.8 3545s
 26675  9088 7.9560e+10  305   76 7.7220e+10 7.9560e+10  3.03%  64.6 3550s
 26761  9119 7.9560e+10  284  110 7.7220e+10 7.9560e+10  3.03%  64.5 3555s
 26771  9116 7.9560e+10  284  104 7.7220e+10 7.9560e+10  3.03%  64.5 3561s
 26843  9113 7.9560e+10  310   31 7.7220e+10 7.9560e+10  3.03%  64.4 3565s
 26964  9000 infeasible  239      7.7220e+10 7.9560e+10  3.03%  64.2 3570s
 27088  8967 infeasible  253      7.7220e+10 7.9560e+10  3.03%  64.0 3575s
 27172  8927 7.9560e+10  236   88 7.7220e+10 7.9560e+10  3.03%  63.9 3580s
 27279  8872 7.9560e+10  291   84 7.7220e+10 7.9560e+10  3.03%  63.7 3585s
 27346  8878 7.9560e+10  319   53 7.7220e+10 7.9560e+10  3.03%  63.7 3590s
 27383  8859 7.9560e+10  314   36 7.7220e+10 7.9560e+10  3.03%  63.7 3595s

Cutting planes:
  Learned: 4
  Gomory: 8
  Lift-and-project: 1
  Cover: 102
  Implied bound: 37
  Clique: 11
  MIR: 3
  StrongCG: 1
  Flow cover: 121
  GUB cover: 2
  Inf proof: 8
  RLT: 9
  Relax-and-lift: 36

Explored 27384 nodes (1862240 simplex iterations) in 3595.10 seconds (1994.50 work units)
Thread count was 1 (of 28 available processors)

Solution count 10: 7.72204e+10 7.01392e+10 6.79484e+10 ... 3.82325e+10

Time limit reached
Best objective 7.722043218000e+10, best bound 7.956043218000e+10, gap 3.0303%

User-callback calls 981116, time in user-callback 0.74 sec