Gurobi Optimizer version 12.0.3 build v12.0.3rc0 (linux64 - "Oracle Linux Server 9.4")

CPU model: Intel(R) Xeon(R) CPU E5-2660 v4 @ 2.00GHz, instruction set [SSE2|AVX|AVX2]
Thread count: 28 physical cores, 28 logical processors, using up to 1 threads

Non-default parameters:
TimeLimit  3583.925116777
SoftMemLimit  16
NumericFocus  1
Threads  1

Academic license 2690100 - for non-commercial use only - registered to ju___@uclm.es
Optimize a model with 209331 rows, 48721 columns and 790852 nonzeros
Model fingerprint: 0x0fc4e534
Variable types: 246 continuous, 48475 integer (48475 binary)
Coefficient statistics:
  Matrix range     [1e+00, 2e+13]
  Objective range  [2e+08, 1e+09]
  Bounds range     [1e+03, 1e+04]
  RHS range        [1e+00, 2e+14]
Warning: Model contains large matrix coefficient range
Warning: Model contains large objective coefficients
Warning: Model contains large rhs
Found heuristic solution: objective -0.0000000
Presolve removed 54389 rows and 6629 columns (presolve time = 5s)...
Presolve removed 54389 rows and 6629 columns
Presolve time: 7.44s
Presolved: 154942 rows, 42092 columns, 551085 nonzeros
Variable types: 246 continuous, 41846 integer (41846 binary)
Root relaxation presolved: 42092 rows, 197034 columns, 593177 nonzeros


Root simplex log...

Iteration    Objective       Primal Inf.    Dual Inf.      Time
       0      handle free variables                          9s
    4857    2.9475894e+10   1.360947e+09   0.000000e+00     10s
   18384    5.6219845e+10   3.852045e+09   0.000000e+00     15s
   22258    6.3756856e+10   4.896369e+08   0.000000e+00     20s
   23866    6.5325818e+10   0.000000e+00   0.000000e+00     22s
   23866    6.5325818e+10   0.000000e+00   0.000000e+00     22s

Root relaxation: objective 6.532582e+10, 23866 iterations, 14.01 seconds (11.69 work units)
Total elapsed time = 39.04s (DegenMoves)
Total elapsed time = 40.78s (DegenMoves)
Total elapsed time = 51.50s (DegenMoves)

    Nodes    |    Current Node    |     Objective Bounds      |     Work
 Expl Unexpl |  Obj  Depth IntInf | Incumbent    BestBd   Gap | It/Node Time

     0     0 6.5326e+10    0  285   -0.00000 6.5326e+10      -     -   54s
H    0     0                    1.344000e+09 6.5326e+10  4761%     -   55s
H    0     0                    1.881600e+09 6.5326e+10  3372%     -   55s
H    0     0                    7.249760e+09 6.5326e+10   801%     -   58s
H    0     0                    1.741256e+10 6.5326e+10   275%     -   63s
H    0     0                    1.768136e+10 6.5326e+10   269%     -   64s
H    0     0                    1.918160e+10 6.5326e+10   241%     -   68s
H    0     0                    2.390047e+10 6.5326e+10   173%     -   71s
H    0     0                    2.411299e+10 6.5326e+10   171%     -   75s
H    0     0                    3.193699e+10 6.5326e+10   105%     -   78s
H    0     0                    3.220579e+10 6.5326e+10   103%     -   90s
H    0     0                    3.247459e+10 6.5326e+10   101%     -   95s
     0     0 6.5326e+10    0 1615 3.2475e+10 6.5326e+10   101%     -  103s
     0     0 6.5326e+10    0 1484 3.2475e+10 6.5326e+10   101%     -  118s
     0     0 6.5326e+10    0   87 3.2475e+10 6.5326e+10   101%     -  188s
     0     0 6.5326e+10    0   86 3.2475e+10 6.5326e+10   101%     -  190s
     0     0 6.5326e+10    0  255 3.2475e+10 6.5326e+10   101%     -  239s
     0     0 6.5326e+10    0  298 3.2475e+10 6.5326e+10   101%     -  257s
     0     0 6.5326e+10    0   64 3.2475e+10 6.5326e+10   101%     -  279s
     0     0 6.5326e+10    0   64 3.2475e+10 6.5326e+10   101%     -  281s
     0     0 6.5326e+10    0   81 3.2475e+10 6.5326e+10   101%     -  302s
H    0     0                    3.295591e+10 6.5326e+10  98.2%     -  304s
     0     0 6.5326e+10    0   85 3.2956e+10 6.5326e+10  98.2%     -  304s
     0     0 6.5326e+10    0  201 3.2956e+10 6.5326e+10  98.2%     -  332s
     0     0 6.5326e+10    0  948 3.2956e+10 6.5326e+10  98.2%     -  336s
     0     0 6.5326e+10    0  343 3.2956e+10 6.5326e+10  98.2%     -  377s
     0     0 6.5326e+10    0  451 3.2956e+10 6.5326e+10  98.2%     -  380s
     0     0 6.5326e+10    0  218 3.2956e+10 6.5326e+10  98.2%     -  421s
     0     0 6.5326e+10    0  189 3.2956e+10 6.5326e+10  98.2%     -  430s
H    0     0                    3.450659e+10 6.5326e+10  89.3%     -  433s
H    0     0                    3.486779e+10 6.5326e+10  87.4%     -  433s
H    0     0                    3.513779e+10 6.5326e+10  85.9%     -  433s
H    0     0                    3.540659e+10 6.5326e+10  84.5%     -  434s
H    0     0                    3.567539e+10 6.5326e+10  83.1%     -  458s
H    0     0                    3.621299e+10 6.5326e+10  80.4%     -  463s
     0     2 6.5326e+10    0  157 3.6213e+10 6.5326e+10  80.4%     -  470s
     2     4 6.5326e+10    1 1309 3.6213e+10 6.5326e+10  80.4%  8443  475s
     6     8 6.5326e+10    3 1594 3.6213e+10 6.5326e+10  80.4%  4980  482s
     7     9 6.5326e+10    4 1449 3.6213e+10 6.5326e+10  80.4%  5475  485s
    18    20 6.5326e+10   10 1113 3.6213e+10 6.5326e+10  80.4%  2691  490s
    26    28 6.5326e+10   16  980 3.6213e+10 6.5326e+10  80.4%  2045  507s
    27    29 6.5326e+10   17  938 3.6213e+10 6.5326e+10  80.4%  1971  516s
    32    34 6.5326e+10   20 1119 3.6213e+10 6.5326e+10  80.4%  2004  521s
    48    50 6.5326e+10   29  707 3.6213e+10 6.5326e+10  80.4%  1453  525s
    52    54 6.5326e+10   31 1259 3.6213e+10 6.5326e+10  80.4%  1402  541s
    56    58 6.5326e+10   33  715 3.6213e+10 6.5326e+10  80.4%  1305  548s
    65    67 6.5326e+10   38 1037 3.6213e+10 6.5326e+10  80.4%  1167  550s
    81    83 6.5326e+10   46  691 3.6213e+10 6.5326e+10  80.4%  1036  557s
    92    94 6.5326e+10   52  701 3.6213e+10 6.5326e+10  80.4%   971  560s
   104   104 6.5326e+10   58  720 3.6213e+10 6.5326e+10  80.4%   949  565s
H  108   106                    4.093307e+10 6.5326e+10  59.6%   958  567s
   113   113 6.5326e+10   63  894 4.0933e+10 6.5326e+10  59.6%   975  570s
   128   128 6.5326e+10   71 1353 4.0933e+10 6.5326e+10  59.6%   938  575s
   141   141 6.5326e+10   77 1010 4.0933e+10 6.5326e+10  59.6%   904  580s
   154   154 6.5326e+10   85 1052 4.0933e+10 6.5326e+10  59.6%   890  585s
H  162   160                    4.183307e+10 6.5326e+10  56.2%   852  587s
   174   174 6.5326e+10   96  951 4.1833e+10 6.5326e+10  56.2%   811  590s
   196   196 6.5326e+10  108  688 4.1833e+10 6.5326e+10  56.2%   742  595s
   216   216 6.5326e+10  119  728 4.1833e+10 6.5326e+10  56.2%   705  600s
   235   233 6.5326e+10  130  813 4.1833e+10 6.5326e+10  56.2%   668  605s
   248   246 6.5326e+10  137  661 4.1833e+10 6.5326e+10  56.2%   641  610s
   269   266 6.5326e+10  148  688 4.1833e+10 6.5326e+10  56.2%   603  615s
H  270   265                    4.237067e+10 6.5326e+10  54.2%   601  615s
   282   279 6.5326e+10  155 1123 4.2371e+10 6.5326e+10  54.2%   599  621s
   293   290 6.5326e+10  161  677 4.2371e+10 6.5326e+10  54.2%   595  625s
H  297   292                    4.290827e+10 6.5326e+10  52.2%   593  626s
   306   303 6.5326e+10  167  689 4.2908e+10 6.5326e+10  52.2%   592  630s
   316   313 6.5326e+10  172 1053 4.2908e+10 6.5326e+10  52.2%   602  635s
   325   322 6.5326e+10  177 1213 4.2908e+10 6.5326e+10  52.2%   615  640s
   327   324 6.5326e+10  178  617 4.2908e+10 6.5326e+10  52.2%   611  652s
   332   327 6.5326e+10  180 1254 4.2908e+10 6.5326e+10  52.2%   614  655s
   341   336 6.5326e+10  185 1119 4.2908e+10 6.5326e+10  52.2%   632  660s
H  351   344                    4.911827e+10 6.5326e+10  33.0%   626  665s
   372   363 6.5326e+10  200 1134 4.9118e+10 6.5326e+10  33.0%   612  670s
   378   369 6.5326e+10  203  835 4.9118e+10 6.5326e+10  33.0%   606  675s
   402   387 6.5326e+10  215  629 4.9118e+10 6.5326e+10  33.0%   580  680s
H  405   388                    5.001827e+10 6.5326e+10  30.6%   578  681s
   425   402 6.5326e+10  227  721 5.0018e+10 6.5326e+10  30.6%   558  685s
   448   425 6.5326e+10  239  653 5.0018e+10 6.5326e+10  30.6%   537  690s
   459   436 6.5326e+10  244  835 5.0018e+10 6.5326e+10  30.6%   531  697s
   470   447 6.5326e+10  250  876 5.0018e+10 6.5326e+10  30.6%   524  700s
   486   463 6.5326e+10  258  737 5.0018e+10 6.5326e+10  30.6%   519  708s
   495   472 6.5326e+10  263  881 5.0018e+10 6.5326e+10  30.6%   512  710s
   515   492 6.5113e+10  273  782 5.0018e+10 6.5326e+10  30.6%   500  715s
   543   516 6.5113e+10  287  759 5.0018e+10 6.5326e+10  30.6%   477  720s
   571   538 6.5113e+10  301  842 5.0018e+10 6.5326e+10  30.6%   457  725s
   594   559 6.5113e+10  313  768 5.0018e+10 6.5326e+10  30.6%   442  731s
   614   578 6.5113e+10  324  767 5.0018e+10 6.5326e+10  30.6%   432  735s
   633   585 6.5113e+10  334  743 5.0018e+10 6.5326e+10  30.6%   425  740s
   648   600 6.5113e+10  341  719 5.0018e+10 6.5326e+10  30.6%   416  746s
   672   615 6.5062e+10  353  749 5.0018e+10 6.5326e+10  30.6%   402  750s
   689   624 6.5113e+10  362  733 5.0018e+10 6.5326e+10  30.6%   397  755s
   709   636 6.5113e+10  373  784 5.0018e+10 6.5326e+10  30.6%   390  760s
   729   646 6.5113e+10  384  768 5.0018e+10 6.5326e+10  30.6%   383  769s
   734   647 6.5113e+10  387  762 5.0018e+10 6.5326e+10  30.6%   381  770s
   742   647 6.5113e+10  391  754 5.0018e+10 6.5326e+10  30.6%   378  822s
   752   652 6.5113e+10  397  762 5.0018e+10 6.5326e+10  30.6%   375  825s
H  756   654                    5.271827e+10 6.5326e+10  23.9%   375  829s
   758   658 6.5113e+10  401  812 5.2718e+10 6.5326e+10  23.9%   376  830s
   775   665 6.5113e+10  409  783 5.2718e+10 6.5326e+10  23.9%   371  835s
   794   668 6.5113e+10  419  793 5.2718e+10 6.5326e+10  23.9%   366  840s
   810   676 6.5113e+10  428  777 5.2718e+10 6.5326e+10  23.9%   363  850s
   837   688 6.5113e+10  445  699 5.2718e+10 6.5326e+10  23.9%   353  857s
   852   689 6.5113e+10  454  666 5.2718e+10 6.5326e+10  23.9%   348  860s
   860   689 6.5326e+10    2 1818 5.2718e+10 6.5326e+10  23.9%   356  865s
   862   690 6.5113e+10  400  189 5.2718e+10 6.5326e+10  23.9%   355  908s
   864   691 6.5113e+10  308 1902 5.2718e+10 6.5326e+10  23.9%   354  963s
   865   692 6.5326e+10  240 2800 5.2718e+10 6.5326e+10  23.9%   354 1070s
   866   693 6.5326e+10  248 2521 5.2718e+10 6.5326e+10  23.9%   354 1104s
   867   693 6.5113e+10  302  225 5.2718e+10 6.5326e+10  23.9%   353 1215s
   869   695 6.5326e+10  202  202 5.2718e+10 6.5326e+10  23.9%   352 1242s
   870   695 6.5326e+10  188 1031 5.2718e+10 6.5326e+10  23.9%   352 1245s
   871   696 6.5326e+10  191  130 5.2718e+10 6.5326e+10  23.9%   352 1298s
   872   697 6.5326e+10  228  583 5.2718e+10 6.5326e+10  23.9%   351 1302s
   873   697 6.5113e+10  340  415 5.2718e+10 6.5326e+10  23.9%   351 1374s
   874   698 6.5113e+10  444  923 5.2718e+10 6.5326e+10  23.9%   350 1379s
   875   699 6.5113e+10  302 1323 5.2718e+10 6.5326e+10  23.9%   350 1612s
   876   699 6.5113e+10  277 1198 5.2718e+10 6.5326e+10  23.9%   350 1622s
   877   700 6.5113e+10  355 1387 5.2718e+10 6.5326e+10  23.9%   349 1682s
   878   701 6.4213e+10  283 1192 5.2718e+10 6.5326e+10  23.9%   349 1692s
   879   701 6.5113e+10  338   50 5.2718e+10 6.5326e+10  23.9%   348 1738s
   880   702 6.5113e+10  278   44 5.2718e+10 6.5326e+10  23.9%   348 1740s
   881   703 6.5113e+10  337  190 5.2718e+10 6.5326e+10  23.9%   348 1803s
   882   703 6.5326e+10  151  899 5.2718e+10 6.5326e+10  23.9%   347 1807s
   883   704 6.5113e+10  306  492 5.2718e+10 6.5326e+10  23.9%   347 1874s
   884   705 6.5326e+10  270  172 5.2718e+10 6.5326e+10  23.9%   346 1888s
   885   705 6.5113e+10  287  172 5.2718e+10 6.5326e+10  23.9%   346 1903s
   886   708 6.5326e+10   11  183 5.2718e+10 6.5326e+10  23.9%   906 1970s
   894   713 6.5326e+10   15  526 5.2718e+10 6.5326e+10  23.9%   901 1975s
   906   721 6.5326e+10   21  666 5.2718e+10 6.5326e+10  23.9%   892 1980s
   912   725 6.5326e+10   24  519 5.2718e+10 6.5326e+10  23.9%   890 2036s
   916   728 6.5326e+10   26  543 5.2718e+10 6.5326e+10  23.9%   887 2040s
   926   733 6.5326e+10   31  510 5.2718e+10 6.5326e+10  23.9%   881 2045s
   931   736 6.5326e+10   34  789 5.2718e+10 6.5326e+10  23.9%   880 2050s
   939   741 6.5326e+10   38  533 5.2718e+10 6.5326e+10  23.9%   873 2056s
   946   746 6.5326e+10   42  767 5.2718e+10 6.5326e+10  23.9%   870 2061s
   951   749 6.5326e+10   45  585 5.2718e+10 6.5326e+10  23.9%   866 2065s
   953   751 6.4263e+10   46  692 5.2718e+10 6.5326e+10  23.9%   868 2076s
   954   751 6.5326e+10   46  585 5.2718e+10 6.5326e+10  23.9%   867 2081s
   955   752 6.5326e+10   47  585 5.2718e+10 6.5326e+10  23.9%   866 2086s
   956   753 6.5326e+10   48  586 5.2718e+10 6.5326e+10  23.9%   865 2091s
   957   753 6.5326e+10   48  694 5.2718e+10 6.5326e+10  23.9%   864 2101s
   958   754 6.5326e+10   49  640 5.2718e+10 6.5326e+10  23.9%   864 2106s
   959   755 6.5326e+10   49  577 5.2718e+10 6.5326e+10  23.9%   863 2110s
   960   755 6.5326e+10   50  576 5.2718e+10 6.5326e+10  23.9%   862 2115s
   961   756 6.5326e+10   50  643 5.2718e+10 6.5326e+10  23.9%   861 2121s
   962   757 5.9656e+10   51  532 5.2718e+10 6.5326e+10  23.9%   861 2127s
   967   760 6.5326e+10   53  545 5.2718e+10 6.5326e+10  23.9%   857 2130s
   969   761 5.8593e+10   54  572 5.2718e+10 6.5326e+10  23.9%   859 2135s
   977   767 6.5326e+10   58  598 5.2718e+10 6.5326e+10  23.9%   854 2140s
   979   768 6.5326e+10   59  562 5.2718e+10 6.5326e+10  23.9%   853 2268s
   980   769 6.5326e+10   60  797 5.2718e+10 6.5326e+10  23.9%   853 2274s
   983   771 6.5326e+10   61  660 5.2718e+10 6.5326e+10  23.9%   850 2275s
   991   774 6.5326e+10   65  881 5.2718e+10 6.5326e+10  23.9%   849 2280s
   995   775 6.5326e+10   67  603 5.2718e+10 6.5326e+10  23.9%   849 2285s
  1005   777 6.5326e+10   72  861 5.2718e+10 6.5326e+10  23.9%   848 2290s
  1009   780 6.5326e+10   74  744 5.2718e+10 6.5326e+10  23.9%   849 2296s
  1017   783 infeasible   79      5.2718e+10 6.5326e+10  23.9%   846 2300s
  1020   785 6.5326e+10   81  755 5.2718e+10 6.5326e+10  23.9%   844 2389s
  1022   787 6.5326e+10   82  750 5.2718e+10 6.5326e+10  23.9%   843 2390s
  1035   795 6.5326e+10   88  679 5.2718e+10 6.5326e+10  23.9%   833 2395s
  1052   807 6.5326e+10   97  684 5.2718e+10 6.5326e+10  23.9%   820 2400s
  1065   815 6.5326e+10  104  708 5.2718e+10 6.5326e+10  23.9%   812 2405s
  1085   829 6.5326e+10  114  674 5.2718e+10 6.5326e+10  23.9%   797 2410s
  1097   837 6.5326e+10  120  886 5.2718e+10 6.5326e+10  23.9%   791 2415s
  1107   843 6.5326e+10  125  643 5.2718e+10 6.5326e+10  23.9%   789 2420s
  1122   849 6.5326e+10  133  847 5.2718e+10 6.5326e+10  23.9%   782 2425s
  1134   857 6.5326e+10  139  647 5.2718e+10 6.5326e+10  23.9%   777 2430s
  1143   863 6.5326e+10  144  643 5.2718e+10 6.5326e+10  23.9%   775 2435s
  1156   872 6.5326e+10  150 1174 5.2718e+10 6.5326e+10  23.9%   770 2441s
  1164   877 6.5326e+10  154  925 5.2718e+10 6.5326e+10  23.9%   768 2445s
  1173   883 6.5326e+10  159 1007 5.2718e+10 6.5326e+10  23.9%   766 2450s
  1181   887 6.5326e+10  163  888 5.2718e+10 6.5326e+10  23.9%   766 2455s
  1192   892 6.5326e+10  168  779 5.2718e+10 6.5326e+10  23.9%   763 2460s
  1201   896 6.5326e+10  173 1010 5.2718e+10 6.5326e+10  23.9%   762 2465s
  1213   904 6.5326e+10  179  729 5.2718e+10 6.5326e+10  23.9%   757 2470s
  1228   914 6.5326e+10  186  786 5.2718e+10 6.5326e+10  23.9%   749 2475s
  1244   925 6.5326e+10  195  700 5.2718e+10 6.5326e+10  23.9%   741 2480s
  1256   931 6.5326e+10  201  743 5.2718e+10 6.5326e+10  23.9%   737 2485s
  1264   936 6.5326e+10  205  746 5.2718e+10 6.5326e+10  23.9%   734 2490s
  1272   941 6.5326e+10  209  814 5.2718e+10 6.5326e+10  23.9%   733 2495s
  1283   949 6.5326e+10  215  772 5.2718e+10 6.5326e+10  23.9%   729 2500s
  1290   953 6.5326e+10  219  819 5.2718e+10 6.5326e+10  23.9%   726 2506s
  1300   958 6.5326e+10  224  808 5.2718e+10 6.5326e+10  23.9%   722 2510s
  1314   967 6.5326e+10  231  738 5.2718e+10 6.5326e+10  23.9%   716 2515s
  1319   971 6.5326e+10  233  704 5.2718e+10 6.5326e+10  23.9%   713 2520s
  1332   979 6.5326e+10  240  675 5.2718e+10 6.5326e+10  23.9%   708 2525s
  1342   985 5.9656e+10  245  719 5.2718e+10 6.5326e+10  23.9%   705 2530s
  1345   987 6.5057e+10  246  816 5.2718e+10 6.5326e+10  23.9%   703 2585s
  1359   996 6.5326e+10  254  746 5.2718e+10 6.5326e+10  23.9%   698 2590s
  1371  1004 6.5326e+10  260  748 5.2718e+10 6.5326e+10  23.9%   694 2595s
  1386  1012 6.5326e+10  267  726 5.2718e+10 6.5326e+10  23.9%   689 2600s
  1399  1021 6.5326e+10  274  711 5.2718e+10 6.5326e+10  23.9%   684 2605s
  1414  1029 6.5326e+10  281  650 5.2718e+10 6.5326e+10  23.9%   679 2610s
  1424  1036 6.5326e+10  286  967 5.2718e+10 6.5326e+10  23.9%   677 2615s
  1437  1036 infeasible  293      5.2718e+10 6.5326e+10  23.9%   673 2620s
  1445  1042 6.5326e+10  298  807 5.2718e+10 6.5326e+10  23.9%   672 2625s
  1452  1046 6.5326e+10  301  719 5.2718e+10 6.5326e+10  23.9%   670 2630s
  1459  1051 6.5326e+10  305  671 5.2718e+10 6.5326e+10  23.9%   669 2635s
  1471  1057 6.5326e+10  311  731 5.2718e+10 6.5326e+10  23.9%   665 2640s
  1485  1064 6.5033e+10  318  820 5.2718e+10 6.5326e+10  23.9%   661 2645s
  1494  1070 6.5326e+10  323  637 5.2718e+10 6.5326e+10  23.9%   658 2650s
  1507  1073 6.5326e+10  329  704 5.2718e+10 6.5326e+10  23.9%   655 2655s
  1523  1072 6.5326e+10  337  742 5.2718e+10 6.5326e+10  23.9%   651 2660s
  1535  1074 6.5326e+10  343  840 5.2718e+10 6.5326e+10  23.9%   649 2665s
  1550  1082 6.5326e+10  350  606 5.2718e+10 6.5326e+10  23.9%   643 2670s
  1561  1088 6.5326e+10  355  618 5.2718e+10 6.5326e+10  23.9%   639 2675s
  1567  1091 6.5326e+10  359  745 5.2718e+10 6.5326e+10  23.9%   638 2680s
  1574  1094 6.5326e+10  362  764 5.2718e+10 6.5326e+10  23.9%   637 2685s
  1582  1099 6.5326e+10  367  761 5.2718e+10 6.5326e+10  23.9%   635 2690s
  1590  1104 6.5326e+10  371  693 5.2718e+10 6.5326e+10  23.9%   633 2695s
  1601  1112 6.4168e+10  377  734 5.2718e+10 6.5326e+10  23.9%   630 2701s
  1609  1115 6.5326e+10  381  693 5.2718e+10 6.5326e+10  23.9%   627 2705s
  1615  1117 6.5326e+10  384  721 5.2718e+10 6.5326e+10  23.9%   626 2710s
  1619  1120 6.4134e+10  386  743 5.2718e+10 6.5326e+10  23.9%   625 2716s
  1625  1124 6.5326e+10  389  621 5.2718e+10 6.5326e+10  23.9%   624 2720s
  1634  1128 6.5326e+10  394  556 5.2718e+10 6.5326e+10  23.9%   622 2725s
  1643  1132 6.5326e+10  398  615 5.2718e+10 6.5326e+10  23.9%   620 2730s
  1647  1132 6.5273e+10  400  708 5.2718e+10 6.5326e+10  23.9%   620 2735s
  1652  1136 6.5273e+10  403  689 5.2718e+10 6.5326e+10  23.9%   619 2741s
  1657  1139 6.5326e+10  405  543 5.2718e+10 6.5326e+10  23.9%   618 2745s
  1663  1143 6.5326e+10  408  548 5.2718e+10 6.5326e+10  23.9%   617 2750s
  1674  1150 6.5326e+10  414  594 5.2718e+10 6.5326e+10  23.9%   614 2755s
  1683  1156 6.5326e+10  419  485 5.2718e+10 6.5326e+10  23.9%   612 2760s
  1693  1163 6.5326e+10  424  532 5.2718e+10 6.5326e+10  23.9%   610 2765s
  1704  1170 6.5326e+10  429  529 5.2718e+10 6.5326e+10  23.9%   606 2770s
  1714  1175 6.5326e+10  434  609 5.2718e+10 6.5326e+10  23.9%   604 2776s
  1718  1178 6.5326e+10  436  463 5.2718e+10 6.5326e+10  23.9%   604 2780s
  1727  1182 6.5326e+10  441  446 5.2718e+10 6.5326e+10  23.9%   601 2785s
  1735  1185 6.5326e+10  445  423 5.2718e+10 6.5326e+10  23.9%   600 2791s
  1740  1188 6.5326e+10  448  374 5.2718e+10 6.5326e+10  23.9%   599 2795s
  1745  1191 6.5326e+10  450  365 5.2718e+10 6.5326e+10  23.9%   598 2800s
  1751  1193 6.5326e+10  453  383 5.2718e+10 6.5326e+10  23.9%   597 2805s
  1757  1195 6.5326e+10  457  361 5.2718e+10 6.5326e+10  23.9%   596 2810s
  1764  1197 6.5326e+10  461  377 5.2718e+10 6.5326e+10  23.9%   595 2816s
  1770  1197 6.5326e+10  464  353 5.2718e+10 6.5326e+10  23.9%   594 2821s
  1776  1199 6.5326e+10  467  361 5.2718e+10 6.5326e+10  23.9%   593 2825s
  1780  1202 6.5326e+10  469  338 5.2718e+10 6.5326e+10  23.9%   592 2830s
  1787  1203 6.5326e+10  472  351 5.2718e+10 6.5326e+10  23.9%   590 2835s
  1795  1204 6.5326e+10  476  331 5.2718e+10 6.5326e+10  23.9%   589 2840s
  1799  1207 6.4036e+10  479  374 5.2718e+10 6.5326e+10  23.9%   588 2845s
  1819  1202 6.2288e+10  482  365 5.2718e+10 6.5326e+10  23.9%   581 2850s
  1826  1203 6.1876e+10  487  345 5.2718e+10 6.5326e+10  23.9%   579 2925s
  1834  1198 6.5326e+10   13  877 5.2718e+10 6.5326e+10  23.9%   579 2930s
  1845  1205 6.5326e+10   24  789 5.2718e+10 6.5326e+10  23.9%   576 2935s
  1858  1214 6.5326e+10   36  720 5.2718e+10 6.5326e+10  23.9%   572 2940s
H 1861  1178                    5.647489e+10 6.5326e+10  15.7%   571 2942s
  1868  1185 6.5326e+10   42  679 5.6475e+10 6.5326e+10  15.7%   570 2945s
  1883  1195 6.5326e+10   50  707 5.6475e+10 6.5326e+10  15.7%   566 2950s
  1897  1204 6.5326e+10   57  657 5.6475e+10 6.5326e+10  15.7%   563 2955s
  1913  1215 6.5326e+10   65  707 5.6475e+10 6.5326e+10  15.7%   558 2960s
  1927  1224 6.5326e+10   72  697 5.6475e+10 6.5326e+10  15.7%   555 2965s
  1939  1232 6.5326e+10   78  665 5.6475e+10 6.5326e+10  15.7%   552 2970s
  1953  1241 6.5326e+10   85  708 5.6475e+10 6.5326e+10  15.7%   549 2975s
  1970  1253 6.5326e+10   94  754 5.6475e+10 6.5326e+10  15.7%   545 2980s
  1987  1264 6.5326e+10  103  685 5.6475e+10 6.5326e+10  15.7%   541 2985s
  1999  1272 6.5326e+10  109  696 5.6475e+10 6.5326e+10  15.7%   539 2990s
  2015  1283 6.5326e+10  117  685 5.6475e+10 6.5326e+10  15.7%   535 2995s
  2028  1291 6.5326e+10  124  657 5.6475e+10 6.5326e+10  15.7%   533 3000s
  2043  1297 6.5326e+10  131  664 5.6475e+10 6.5326e+10  15.7%   531 3005s
  2060  1304 6.5326e+10  140  712 5.6475e+10 6.5326e+10  15.7%   527 3010s
  2073  1311 6.5326e+10  147  703 5.6475e+10 6.5326e+10  15.7%   525 3015s
  2089  1314 6.5326e+10  155  747 5.6475e+10 6.5326e+10  15.7%   522 3020s
  2101  1318 6.5326e+10  162  778 5.6475e+10 6.5326e+10  15.7%   520 3025s
  2113  1326 6.5326e+10  168  810 5.6475e+10 6.5326e+10  15.7%   519 3030s
  2123  1333 6.5326e+10  173  755 5.6475e+10 6.5326e+10  15.7%   518 3035s
  2132  1339 6.5326e+10  178  807 5.6475e+10 6.5326e+10  15.7%   518 3040s
  2141  1345 6.5326e+10  183  739 5.6475e+10 6.5326e+10  15.7%   518 3045s
  2151  1351 6.5326e+10  188  771 5.6475e+10 6.5326e+10  15.7%   517 3050s
  2165  1361 6.5326e+10  196  766 5.6475e+10 6.5326e+10  15.7%   515 3055s
  2171  1365 6.5326e+10  200  845 5.6475e+10 6.5326e+10  15.7%   515 3061s
  2178  1369 6.5326e+10  204  917 5.6475e+10 6.5326e+10  15.7%   516 3066s
  2183  1373 6.5326e+10  206  878 5.6475e+10 6.5326e+10  15.7%   517 3070s
  2188  1376 6.5326e+10  209  939 5.6475e+10 6.5326e+10  15.7%   518 3076s
  2192  1379 6.4302e+10  211  900 5.6475e+10 6.5326e+10  15.7%   517 3080s
  2199  1383 6.5326e+10  215 1053 5.6475e+10 6.5326e+10  15.7%   517 3085s
  2206  1388 6.5326e+10  219  839 5.6475e+10 6.5326e+10  15.7%   516 3090s
  2216  1395 6.5326e+10  224  793 5.6475e+10 6.5326e+10  15.7%   515 3095s
  2224  1400 6.4486e+10  228  856 5.6475e+10 6.5326e+10  15.7%   515 3101s
  2232  1405 6.5326e+10  232  746 5.6475e+10 6.5326e+10  15.7%   514 3105s
  2244  1413 6.5326e+10  238  742 5.6475e+10 6.5326e+10  15.7%   512 3110s
  2254  1420 6.5004e+10  243  826 5.6475e+10 6.5326e+10  15.7%   511 3115s
  2266  1428 6.5326e+10  249  702 5.6475e+10 6.5326e+10  15.7%   508 3120s
  2279  1435 6.5273e+10  256  797 5.6475e+10 6.5326e+10  15.7%   506 3126s
  2286  1437 6.2626e+10  262  762 5.6475e+10 6.5326e+10  15.7%   504 3130s
  2299  1444 6.2626e+10  268  734 5.6475e+10 6.5326e+10  15.7%   502 3135s
  2310  1449 6.2626e+10  273  742 5.6475e+10 6.5326e+10  15.7%   500 3140s
  2322  1457 6.2626e+10  280  742 5.6475e+10 6.5326e+10  15.7%   497 3145s
  2333  1463 6.2626e+10  286  742 5.6475e+10 6.5326e+10  15.7%   496 3150s
  2343  1467 6.2626e+10  291  739 5.6475e+10 6.5326e+10  15.7%   494 3155s
  2356  1471 6.2626e+10  298  714 5.6475e+10 6.5326e+10  15.7%   492 3160s
  2367  1474 6.2626e+10  304  722 5.6475e+10 6.5326e+10  15.7%   491 3165s
  2372  1476 infeasible  306      5.6475e+10 6.5326e+10  15.7%   491 3170s
  2379  1480 6.2626e+10  310  737 5.6475e+10 6.5326e+10  15.7%   490 3175s
  2389  1483 infeasible  315      5.6475e+10 6.5326e+10  15.7%   489 3180s
  2399  1486 6.2626e+10  320  721 5.6475e+10 6.5326e+10  15.7%   488 3185s
  2405  1490 6.2626e+10  323  782 5.6475e+10 6.5326e+10  15.7%   487 3190s
  2414  1493 6.2626e+10  328  737 5.6475e+10 6.5326e+10  15.7%   486 3195s
  2421  1497 6.2626e+10  331  708 5.6475e+10 6.5326e+10  15.7%   486 3200s
  2428  1500 6.2626e+10  335  727 5.6475e+10 6.5326e+10  15.7%   485 3205s
  2438  1507 6.2626e+10  340  732 5.6475e+10 6.5326e+10  15.7%   484 3211s
  2445  1511 6.2626e+10  343  653 5.6475e+10 6.5326e+10  15.7%   483 3215s
  2451  1515 6.2626e+10  346  624 5.6475e+10 6.5326e+10  15.7%   483 3220s
  2460  1521 6.2626e+10  352  613 5.6475e+10 6.5326e+10  15.7%   482 3225s
  2470  1528 6.2626e+10  358  600 5.6475e+10 6.5326e+10  15.7%   481 3230s
  2478  1533 6.2626e+10  362  530 5.6475e+10 6.5326e+10  15.7%   480 3237s
  2481  1535 6.2626e+10  364  533 5.6475e+10 6.5326e+10  15.7%   480 3241s
  2488  1540 6.2626e+10  368  519 5.6475e+10 6.5326e+10  15.7%   480 3246s
  2492  1543 6.2626e+10  370  524 5.6475e+10 6.5326e+10  15.7%   480 3250s
  2496  1544 6.2626e+10  373  512 5.6475e+10 6.5326e+10  15.7%   480 3255s
  2501  1546 6.2626e+10  375  549 5.6475e+10 6.5326e+10  15.7%   480 3260s
  2505  1547 6.2626e+10  377  512 5.6475e+10 6.5326e+10  15.7%   480 3265s
  2511  1547 6.2626e+10  380  506 5.6475e+10 6.5326e+10  15.7%   480 3272s
  2515  1549 6.2626e+10  382  491 5.6475e+10 6.5326e+10  15.7%   479 3275s
  2520  1552 6.2626e+10  385  496 5.6475e+10 6.5326e+10  15.7%   479 3280s
  2523  1554 6.2626e+10  386  514 5.6475e+10 6.5326e+10  15.7%   480 3286s
  2526  1556 6.2626e+10  388  527 5.6475e+10 6.5326e+10  15.7%   480 3291s
  2530  1559 6.2626e+10  390  513 5.6475e+10 6.5326e+10  15.7%   480 3296s
  2533  1561 6.2626e+10  391  509 5.6475e+10 6.5326e+10  15.7%   480 3300s
  2539  1564 6.2626e+10  395  459 5.6475e+10 6.5326e+10  15.7%   480 3305s
  2546  1567 6.2626e+10  398  468 5.6475e+10 6.5326e+10  15.7%   480 3310s
  2552  1569 6.2626e+10  401  451 5.6475e+10 6.5326e+10  15.7%   480 3320s
  2557  1569 6.2626e+10  405  433 5.6475e+10 6.5326e+10  15.7%   479 3325s
  2565  1570 6.1886e+10  411  439 5.6475e+10 6.5326e+10  15.7%   478 3330s
  2576  1574 infeasible  418      5.6475e+10 6.5326e+10  15.7%   476 3335s
H 2582  1534                    5.703455e+10 6.5326e+10  14.5%   476 3341s
  2601  1526 6.1573e+10  414  462 5.7035e+10 6.5326e+10  14.5%   472 3345s
  2613  1528 6.5326e+10   20 1020 5.7035e+10 6.5326e+10  14.5%   472 3350s
  2620  1533 6.5326e+10   27 1013 5.7035e+10 6.5326e+10  14.5%   472 3355s
  2628  1538 6.5326e+10   31 1006 5.7035e+10 6.5326e+10  14.5%   471 3360s
  2637  1544 6.5326e+10   36  818 5.7035e+10 6.5326e+10  14.5%   471 3365s
  2645  1550 6.5326e+10   40  770 5.7035e+10 6.5326e+10  14.5%   470 3371s
  2653  1555 6.5326e+10   44  762 5.7035e+10 6.5326e+10  14.5%   470 3375s
  2665  1563 6.5326e+10   52  887 5.7035e+10 6.5326e+10  14.5%   469 3380s
  2674  1569 6.5326e+10   57  757 5.7035e+10 6.5326e+10  14.5%   468 3385s
  2687  1578 6.4901e+10   63  681 5.7035e+10 6.5326e+10  14.5%   466 3390s
  2699  1586 6.5326e+10   72  808 5.7035e+10 6.5326e+10  14.5%   466 3400s
  2707  1591 6.5326e+10   76  737 5.7035e+10 6.5326e+10  14.5%   468 3405s
  2718  1598 6.5326e+10   81  786 5.7035e+10 6.5326e+10  14.5%   468 3410s
  2726  1604 6.5326e+10   87  760 5.7035e+10 6.5326e+10  14.5%   467 3420s
  2738  1612 6.5326e+10   95  714 5.7035e+10 6.5326e+10  14.5%   466 3425s
  2747  1618 6.5326e+10  101  917 5.7035e+10 6.5326e+10  14.5%   467 3430s
  2756  1624 6.5326e+10  106  884 5.7035e+10 6.5326e+10  14.5%   467 3435s
  2764  1629 6.5326e+10  110  877 5.7035e+10 6.5326e+10  14.5%   468 3440s
  2771  1634 6.5326e+10  114  825 5.7035e+10 6.5326e+10  14.5%   468 3508s
  2775  1636 6.5326e+10  117  837 5.7035e+10 6.5326e+10  14.5%   467 3510s
  2783  1642 6.5326e+10  121 1088 5.7035e+10 6.5326e+10  14.5%   469 3515s
  2790  1646 6.5326e+10  127 1157 5.7035e+10 6.5326e+10  14.5%   469 3520s
  2799  1655 6.5326e+10  133  900 5.7035e+10 6.5326e+10  14.5%   468 3525s
  2811  1667 6.5326e+10  139  942 5.7035e+10 6.5326e+10  14.5%   468 3530s
  2819  1675 6.5326e+10  143  935 5.7035e+10 6.5326e+10  14.5%   469 3535s
  2831  1687 6.5326e+10  150  925 5.7035e+10 6.5326e+10  14.5%   468 3540s
  2845  1701 6.5326e+10  158  914 5.7035e+10 6.5326e+10  14.5%   466 3545s
  2858  1714 6.5326e+10  165 1032 5.7035e+10 6.5326e+10  14.5%   465 3550s
  2869  1725 6.5326e+10  172  922 5.7035e+10 6.5326e+10  14.5%   465 3555s
  2878  1734 6.5326e+10  178  980 5.7035e+10 6.5326e+10  14.5%   465 3560s
  2887  1743 6.5326e+10  184  977 5.7035e+10 6.5326e+10  14.5%   465 3565s
  2900  1756 6.5326e+10  191  914 5.7035e+10 6.5326e+10  14.5%   464 3570s
  2913  1769 6.5324e+10  197  967 5.7035e+10 6.5326e+10  14.5%   464 3575s
  2925  1781 6.5324e+10  203  916 5.7035e+10 6.5326e+10  14.5%   463 3580s

Cutting planes:
  Gomory: 21
  Cover: 255
  Implied bound: 245
  Clique: 32
  MIR: 118
  StrongCG: 13
  Flow cover: 354
  GUB cover: 23
  Inf proof: 3
  Zero half: 21
  RLT: 161
  Relax-and-lift: 81
  BQP: 1

Explored 2935 nodes (1779121 simplex iterations) in 3583.95 seconds (2579.58 work units)
Thread count was 1 (of 28 available processors)

Solution count 10: 5.70346e+10 5.64749e+10 5.27183e+10 ... 3.6213e+10

Time limit reached
Best objective 5.703455190000e+10, best bound 6.532581780000e+10, gap 14.5373%

User-callback calls 508720, time in user-callback 0.55 sec