Gurobi Optimizer version 12.0.3 build v12.0.3rc0 (linux64 - "Oracle Linux Server 9.4")

CPU model: Intel(R) Xeon(R) CPU E5-2660 v4 @ 2.00GHz, instruction set [SSE2|AVX|AVX2]
Thread count: 28 physical cores, 28 logical processors, using up to 1 threads

Non-default parameters:
TimeLimit  3594.054090247
SoftMemLimit  16
NumericFocus  1
Threads  1

Academic license 2690100 - for non-commercial use only - registered to ju___@uclm.es
Optimize a model with 50337 rows, 11488 columns and 239968 nonzeros
Model fingerprint: 0xe414451a
Variable types: 112 continuous, 11376 integer (11376 binary)
Coefficient statistics:
  Matrix range     [1e+00, 6e+12]
  Objective range  [1e+09, 3e+09]
  Bounds range     [1e+03, 1e+04]
  RHS range        [1e+00, 2e+14]
Warning: Model contains large matrix coefficient range
Warning: Model contains large objective coefficients
Warning: Model contains large rhs
Found heuristic solution: objective -0.0000000
Presolve removed 29277 rows and 5525 columns
Presolve time: 2.55s
Presolved: 21060 rows, 5963 columns, 78842 nonzeros
Variable types: 96 continuous, 5867 integer (5867 binary)

Root relaxation: objective 9.357917e+10, 6932 iterations, 1.70 seconds (1.51 work units)
Total elapsed time = 5.05s (DegenMoves)

    Nodes    |    Current Node    |     Objective Bounds      |     Work
 Expl Unexpl |  Obj  Depth IntInf | Incumbent    BestBd   Gap | It/Node Time

     0     0 9.3579e+10    0  676   -0.00000 9.3579e+10      -     -    6s
H    0     0                    1.042560e+10 9.3579e+10   798%     -    6s
     0     0 9.3086e+10    0  779 1.0426e+10 9.3086e+10   793%     -    8s
H    0     0                    1.365120e+10 9.3086e+10   582%     -    8s
     0     0 9.3086e+10    0  711 1.3651e+10 9.3086e+10   582%     -    8s
     0     0 9.3086e+10    0  780 1.3651e+10 9.3086e+10   582%     -   11s
     0     0 9.3086e+10    0  777 1.3651e+10 9.3086e+10   582%     -   11s
H    0     0                    3.983333e+10 9.3086e+10   134%     -   11s
H    0     0                    4.217333e+10 9.3086e+10   121%     -   11s
     0     0 9.3086e+10    0  702 4.2173e+10 9.3086e+10   121%     -   11s
     0     0 9.3086e+10    0  580 4.2173e+10 9.3086e+10   121%     -   14s
H    0     0                    4.451333e+10 9.3086e+10   109%     -   14s
     0     0 9.3086e+10    0  553 4.4513e+10 9.3086e+10   109%     -   15s
     0     0 9.3086e+10    0  594 4.4513e+10 9.3086e+10   109%     -   18s
H    0     0                    4.812920e+10 9.3086e+10  93.4%     -   18s
H    0     0                    4.991480e+10 9.3086e+10  86.5%     -   18s
H    0     0                    5.170040e+10 9.3086e+10  80.0%     -   18s
     0     0 9.3037e+10    0  565 5.1700e+10 9.3037e+10  80.0%     -   18s
     0     0 9.3037e+10    0  564 5.1700e+10 9.3037e+10  80.0%     -   18s
     0     0 9.3037e+10    0  442 5.1700e+10 9.3037e+10  80.0%     -   20s
     0     0 9.3037e+10    0  516 5.1700e+10 9.3037e+10  80.0%     -   21s
     0     0 9.3037e+10    0  577 5.1700e+10 9.3037e+10  80.0%     -   22s
     0     0 9.3037e+10    0  546 5.1700e+10 9.3037e+10  80.0%     -   22s
     0     0 9.3037e+10    0  349 5.1700e+10 9.3037e+10  80.0%     -   24s
     0     0 9.3037e+10    0  381 5.1700e+10 9.3037e+10  80.0%     -   24s
     0     0 9.3037e+10    0  256 5.1700e+10 9.3037e+10  80.0%     -   25s
     0     0 9.3037e+10    0  205 5.1700e+10 9.3037e+10  80.0%     -   26s
     0     0 9.3037e+10    0  131 5.1700e+10 9.3037e+10  80.0%     -   27s
     0     0 9.3037e+10    0  242 5.1700e+10 9.3037e+10  80.0%     -   27s
     0     0 9.3037e+10    0  343 5.1700e+10 9.3037e+10  80.0%     -   28s
     0     0 9.3037e+10    0  263 5.1700e+10 9.3037e+10  80.0%     -   32s
     0     0 9.3037e+10    0  216 5.1700e+10 9.3037e+10  80.0%     -   35s
     0     0 9.3037e+10    0  165 5.1700e+10 9.3037e+10  80.0%     -   36s
     0     2 9.3037e+10    0  139 5.1700e+10 9.3037e+10  80.0%     -   38s
    11    13 9.3037e+10    6  224 5.1700e+10 9.3037e+10  80.0%   661   40s
H   27    27                    5.348600e+10 9.3037e+10  73.9%   341   40s
H  162   138                    5.527160e+10 9.3037e+10  68.3%  75.2   43s
   209   166 9.0984e+10  115  110 5.5272e+10 9.3037e+10  68.3%  62.7   45s
H  323   238                    5.888746e+10 9.3037e+10  58.0%  60.7   48s
H  324   239                    6.067306e+10 9.3037e+10  53.3%  60.5   48s
   356   272 9.2534e+10   67  250 6.0673e+10 9.3037e+10  53.3%  65.1   50s
   405   305 9.3037e+10    8  343 6.0673e+10 9.3037e+10  53.3%  64.9   55s
   432   332 9.2665e+10   31  241 6.0673e+10 9.3037e+10  53.3%  63.6   62s
   527   415 8.6597e+10   91  193 6.0673e+10 9.3037e+10  53.3%  57.5   65s
   604   459 9.0984e+10   63  165 6.0673e+10 9.3037e+10  53.3%  52.0   75s
   607   461 9.0984e+10   54  227 6.0673e+10 9.3037e+10  53.3%  51.8   81s
H  608   438                    6.245866e+10 9.2985e+10  48.9%  51.7   84s
   612   440 9.0984e+10   34  242 6.2459e+10 9.2936e+10  48.8%  51.3   87s
   614   442 9.0984e+10  101  205 6.2459e+10 9.2936e+10  48.8%  51.2   91s
   616   443 9.0984e+10   32  364 6.2459e+10 9.2936e+10  48.8%  51.0   95s
H  617   422                    6.424426e+10 9.2936e+10  44.7%  50.9   98s
H  619   401                    6.602986e+10 9.2936e+10  40.7%  50.8  101s
H  621   382                    6.781546e+10 9.2936e+10  37.0%  50.6  104s
   623   384 8.6597e+10   85  292 6.7815e+10 9.2936e+10  37.0%  50.4  105s
   629   389 8.6597e+10   92  165 6.7815e+10 9.2936e+10  37.0%   187  110s
   631   390 8.6597e+10  113  531 6.7815e+10 9.2936e+10  37.0%   186  115s
   632   391 9.0984e+10   83  592 6.7815e+10 9.2936e+10  37.0%   186  120s
H  634   372                    6.960106e+10 9.2936e+10  33.5%   185  123s
   637   374 9.2936e+10    4  446 6.9601e+10 9.2936e+10  33.5%   185  126s
H  638   356                    7.138666e+10 9.2936e+10  30.2%   184  129s
   640   357 8.6597e+10  110  374 7.1387e+10 9.2936e+10  30.2%   184  130s
   645   361 8.6597e+10   95  331 7.1387e+10 9.2936e+10  30.2%   182  136s
   648   363 8.6597e+10   59  223 7.1387e+10 9.2936e+10  30.2%   181  140s
   652   365 9.2534e+10   38  264 7.1387e+10 9.2936e+10  30.2%   180  145s
   654   369 9.2936e+10   21  265 7.1387e+10 9.2936e+10  30.2%   344  153s
   666   377 9.2785e+10   29  377 7.1387e+10 9.2936e+10  30.2%   342  155s
   679   385 9.1329e+10   36  289 7.1387e+10 9.2936e+10  30.2%   338  162s
   741   425 9.2534e+10   67  215 7.1387e+10 9.2936e+10  30.2%   311  165s
   838   446 9.1329e+10  121   96 7.1387e+10 9.2936e+10  30.2%   278  170s
   897   451 9.1329e+10  142   30 7.1387e+10 9.2936e+10  30.2%   261  175s
   924   461 9.2919e+10   43  319 7.1387e+10 9.2936e+10  30.2%   255  181s
   953   480 9.1336e+10   63  294 7.1387e+10 9.2936e+10  30.2%   250  185s
H 1005   494                    7.674346e+10 9.2936e+10  21.1%   238  188s
  1031   513 9.1094e+10  103  195 7.6743e+10 9.2936e+10  21.1%   233  190s
  1059   532 8.9889e+10  117  104 7.6743e+10 9.2936e+10  21.1%   228  196s
  1113   543 9.2785e+10   40  294 7.6743e+10 9.2936e+10  21.1%   218  200s
  1190   590 9.1329e+10   80  137 7.6743e+10 9.2936e+10  21.1%   206  208s
  1224   613 9.1329e+10   98   75 7.6743e+10 9.2936e+10  21.1%   200  210s
  1315   651 9.0984e+10   73  200 7.6743e+10 9.2936e+10  21.1%   189  215s
  1429   714 9.0984e+10  128   26 7.6743e+10 9.2936e+10  21.1%   176  220s
  1536   757 8.9889e+10   91  206 7.6743e+10 9.2936e+10  21.1%   165  225s
  1629   813 8.9889e+10  138   78 7.6743e+10 9.2936e+10  21.1%   157  230s
  1651   812 8.9889e+10  148   39 7.6743e+10 9.2936e+10  21.1%   155  235s
  1730   860 9.1109e+10   83  326 7.6743e+10 9.2936e+10  21.1%   150  240s
  1839   969 8.9889e+10  143   74 7.6743e+10 9.2936e+10  21.1%   142  245s
  1936  1026 9.0713e+10   73  317 7.6743e+10 9.2936e+10  21.1%   137  250s
  1975  1065 8.9198e+10  103  220 7.6743e+10 9.2936e+10  21.1%   135  258s
  1976  1066 8.9198e+10  104  218 7.6743e+10 9.2936e+10  21.1%   135  261s
  2060  1150 8.9198e+10  158  116 7.6743e+10 9.2936e+10  21.1%   130  265s
  2147  1220 8.4518e+10  203   26 7.6743e+10 9.2936e+10  21.1%   126  270s
  2225  1284 9.0984e+10   77  175 7.6743e+10 9.2936e+10  21.1%   123  276s
  2305  1364 9.0984e+10  119  104 7.6743e+10 9.2936e+10  21.1%   119  280s
  2421  1448 9.0984e+10   90  174 7.6743e+10 9.2936e+10  21.1%   116  285s
  2543  1567 9.0984e+10  127   70 7.6743e+10 9.2936e+10  21.1%   111  290s
  2613  1617 9.0984e+10  147   37 7.6743e+10 9.2936e+10  21.1%   109  295s
H 2642  1634                    8.031466e+10 9.2936e+10  15.7%   109  300s
  2739  1732 8.9198e+10  105  150 8.0315e+10 9.2936e+10  15.7%   106  305s
  2833  1824 8.9198e+10  132  129 8.0315e+10 9.2936e+10  15.7%   105  310s
  2973  1928 9.2065e+10   55  278 8.0315e+10 9.2936e+10  15.7%   102  315s
  3068  2021 8.8449e+10  116  128 8.0315e+10 9.2936e+10  15.7%   100  320s
  3105  2052 8.8449e+10  124  105 8.0315e+10 9.2936e+10  15.7%  99.4  325s
  3133  2076 8.8449e+10  143  100 8.0315e+10 9.2936e+10  15.7%  98.9  331s
  3232  2157 9.2776e+10   79  224 8.0315e+10 9.2936e+10  15.7%  96.9  335s
  3373  2294 9.1329e+10  140   68 8.0315e+10 9.2936e+10  15.7%  93.6  340s
  3459  2330 9.2785e+10   40  267 8.0315e+10 9.2936e+10  15.7%  92.1  347s
  3517  2388 8.9889e+10   86  254 8.0315e+10 9.2936e+10  15.7%  91.2  350s
  3633  2504 8.9889e+10  164  134 8.0315e+10 9.2936e+10  15.7%  89.3  355s
  3772  2603 9.2776e+10   74  231 8.0315e+10 9.2936e+10  15.7%  87.5  360s
  3922  2749 9.2534e+10  144  140 8.0315e+10 9.2936e+10  15.7%  85.5  365s
  3941  2764 9.2534e+10  150  110 8.0315e+10 9.2936e+10  15.7%  85.5  373s
  3969  2776 9.2936e+10   33  253 8.0315e+10 9.2936e+10  15.7%  85.1  378s
  3995  2802 9.2162e+10   47  261 8.0315e+10 9.2936e+10  15.7%  85.2  380s
  4154  2961 8.9544e+10  153   88 8.0315e+10 9.2936e+10  15.7%  82.7  385s
  4275  3051 9.2720e+10   40  275 8.0315e+10 9.2936e+10  15.7%  81.2  390s
  4446  3217 9.0984e+10  134   75 8.0315e+10 9.2936e+10  15.7%  78.9  395s
  4491  3257 9.0984e+10  147   69 8.0315e+10 9.2936e+10  15.7%  78.3  400s
  4604  3356 8.9889e+10  107  184 8.0315e+10 9.2936e+10  15.7%  77.4  411s
  4709  3457 8.9889e+10  200   52 8.0315e+10 9.2936e+10  15.7%  76.4  415s
  4842  3554 9.1329e+10   93  162 8.0315e+10 9.2936e+10  15.7%  75.0  420s
  4997  3707 9.1329e+10  244   58 8.0315e+10 9.2936e+10  15.7%  73.2  426s
  5078  3754 9.2785e+10   65  283 8.0315e+10 9.2936e+10  15.7%  72.5  430s
  5101  3777 9.2785e+10   88  256 8.0315e+10 9.2936e+10  15.7%  72.2  436s
  5152  3828 8.9889e+10  132  173 8.0315e+10 9.2936e+10  15.7%  72.0  440s
  5347  3992 9.1329e+10   90  183 8.0315e+10 9.2936e+10  15.7%  70.5  445s
  5543  4172 9.1329e+10  264   37 8.0315e+10 9.2936e+10  15.7%  68.6  451s
  5638  4251 9.1329e+10  123  183 8.0315e+10 9.2936e+10  15.7%  67.9  455s
  5847  4440 9.2430e+10   90  236 8.0315e+10 9.2936e+10  15.7%  66.4  460s
  6034  4618 9.0984e+10  163   49 8.0315e+10 9.2936e+10  15.7%  65.2  465s
  6118  4688 9.0984e+10   96  174 8.0315e+10 9.2936e+10  15.7%  64.8  470s
  6311  4852 infeasible  260      8.0315e+10 9.2936e+10  15.7%  63.6  475s
  6530  5071 8.9185e+10  246   66 8.0315e+10 9.2936e+10  15.7%  62.1  480s
  6599  5102 9.2844e+10   51  270 8.0315e+10 9.2936e+10  15.7%  61.7  485s
  6759  5262 9.1329e+10  183  117 8.0315e+10 9.2936e+10  15.7%  60.8  490s
  6938  5423 9.0984e+10   85  144 8.0315e+10 9.2936e+10  15.7%  59.7  495s
  7089  5542 9.0984e+10  129   85 8.0315e+10 9.2936e+10  15.7%  59.1  503s
  7140  5587 9.0984e+10  141   81 8.0315e+10 9.2936e+10  15.7%  58.9  505s
  7273  5692 8.9889e+10  106  174 8.0315e+10 9.2936e+10  15.7%  58.6  510s
  7505  5900 9.2785e+10   53  270 8.0315e+10 9.2936e+10  15.7%  57.4  515s
  7748  6141 9.1329e+10  295   39 8.0315e+10 9.2936e+10  15.7%  56.1  528s
  7786  6159 9.2776e+10   63  220 8.0315e+10 9.2936e+10  15.7%  56.0  530s
  7850  6223 9.1329e+10  115  146 8.0315e+10 9.2936e+10  15.7%  56.0  535s
  7873  6244 9.1329e+10  134   86 8.0315e+10 9.2936e+10  15.7%  55.9  544s
  7874  6245 9.1329e+10  135   86 8.0315e+10 9.2936e+10  15.7%  55.9  549s
  7918  6289 9.1329e+10  179   84 8.0315e+10 9.2936e+10  15.7%  55.6  550s
  8083  6414 9.1329e+10  114  157 8.0315e+10 9.2936e+10  15.7%  54.9  555s
  8246  6575 9.1329e+10  273   49 8.0315e+10 9.2936e+10  15.7%  54.0  560s
  8347  6638 9.1730e+10   95  266 8.0315e+10 9.2936e+10  15.7%  53.9  565s
  8585  6844 9.2785e+10   54  294 8.0315e+10 9.2936e+10  15.7%  52.8  570s
  8787  7046 9.1329e+10  243  115 8.0315e+10 9.2936e+10  15.7%  51.9  575s
  8887  7129 9.1329e+10  101  228 8.0315e+10 9.2936e+10  15.7%  51.8  582s
  9027  7269 9.1329e+10  148  120 8.0315e+10 9.2936e+10  15.7%  51.3  585s
  9174  7370 9.2776e+10   76  235 8.0315e+10 9.2936e+10  15.7%  51.0  590s
  9375  7555 9.1329e+10  240   16 8.0315e+10 9.2936e+10  15.7%  50.4  595s
  9634  7790 infeasible  290      8.0315e+10 9.2936e+10  15.7%  49.5  600s
  9741  7874 8.9889e+10  118  189 8.0315e+10 9.2936e+10  15.7%  49.2  608s
  9785  7918 8.9889e+10  157  168 8.0315e+10 9.2936e+10  15.7%  49.2  610s
  9961  8064 9.2776e+10   67  291 8.0315e+10 9.2936e+10  15.7%  48.9  615s
 10153  8248 9.1329e+10  218   41 8.0315e+10 9.2936e+10  15.7%  48.3  620s
 10203  8273 8.9198e+10  169  165 8.0315e+10 9.2936e+10  15.7%  48.2  732s
 10205  8274 9.1329e+10  292  658 8.0315e+10 9.2936e+10  15.7%  48.2  739s
 10206  8275 9.1329e+10   80  491 8.0315e+10 9.2936e+10  15.7%  48.2  743s
 10208  8276 9.1329e+10   74  299 8.0315e+10 9.2936e+10  15.7%  48.2  753s
 10209  8277 9.0984e+10  103  403 8.0315e+10 9.2936e+10  15.7%  48.2  760s
 10210  8278 9.1329e+10  206  338 8.0315e+10 9.2936e+10  15.7%  48.2  768s
 10211  8278 9.0984e+10  136  226 8.0315e+10 9.2936e+10  15.7%  48.2  774s
 10212  8279 8.8449e+10   90  148 8.0315e+10 9.2936e+10  15.7%  48.2  782s
 10213  8280 9.1329e+10  220  320 8.0315e+10 9.2936e+10  15.7%  48.2  788s
 10214  8280 8.9544e+10  136  297 8.0315e+10 9.2936e+10  15.7%  48.2  795s
 10215  8281 8.9889e+10  175  281 8.0315e+10 9.2936e+10  15.7%  48.2  801s
 10216  8282 9.1329e+10  124  255 8.0315e+10 9.2936e+10  15.7%  48.2  808s
 10217  8282 8.9544e+10  162  450 8.0315e+10 9.2936e+10  15.7%  48.2  814s
 10218  8283 9.0984e+10   59  297 8.0315e+10 9.2936e+10  15.7%  48.2  822s
 10219  8284 9.2785e+10   56  285 8.0315e+10 9.2936e+10  15.7%  48.2  827s
 10220  8284 8.9889e+10  136  311 8.0315e+10 9.2936e+10  15.7%  48.2  832s
 10221  8285 8.9889e+10  144  455 8.0315e+10 9.2936e+10  15.7%  48.2  837s
 10222  8286 9.0984e+10   64  255 8.0315e+10 9.2936e+10  15.7%  48.2  844s
 10223  8286 8.9889e+10  148  325 8.0315e+10 9.2936e+10  15.7%  48.1  849s
 10224  8287 8.9544e+10  142  315 8.0315e+10 9.2936e+10  15.7%  48.1  853s
 10225  8288 9.2430e+10   47  270 8.0315e+10 9.2936e+10  15.7%  48.1  862s
 10227  8291 9.2936e+10   32  215 8.0315e+10 9.2936e+10  15.7%  54.0  882s
 10257  8311 9.2720e+10   56  298 8.0315e+10 9.2936e+10  15.7%  54.2  885s
 10318  8352 9.2501e+10  109  318 8.0315e+10 9.2936e+10  15.7%  54.1  890s
 10411  8411 9.0984e+10  170  134 8.0315e+10 9.2936e+10  15.7%  53.8  895s
 10442  8425 9.0984e+10  187   45 8.0315e+10 9.2936e+10  15.7%  53.7  900s
 10472  8421 9.2936e+10   43  152 8.0315e+10 9.2936e+10  15.7%  53.7  905s
 10496  8437 9.2918e+10   61  245 8.0315e+10 9.2936e+10  15.7%  53.8  910s
 10545  8468 9.2847e+10  102  231 8.0315e+10 9.2936e+10  15.7%  53.7  915s
 10579  8489 9.2534e+10  126  190 8.0315e+10 9.2936e+10  15.7%  54.0  920s
 10604  8501 9.1329e+10  141  136 8.0315e+10 9.2936e+10  15.7%  54.0  928s
 10631  8514 9.1329e+10  154  118 8.0315e+10 9.2936e+10  15.7%  53.9  934s
 10632  8515 9.1329e+10  155  107 8.0315e+10 9.2936e+10  15.7%  53.9  935s
 10662  8523 9.1329e+10  166   83 8.0315e+10 9.2936e+10  15.7%  53.8  940s
 10716  8547 9.2776e+10   71  201 8.0315e+10 9.2936e+10  15.7%  53.8  951s
 10766  8580 9.2534e+10  114  233 8.0315e+10 9.2936e+10  15.7%  53.7  955s
 10822  8615 9.2534e+10  153  209 8.0315e+10 9.2936e+10  15.7%  53.6  964s
 10824  8616 9.2534e+10  154  205 8.0315e+10 9.2936e+10  15.7%  53.6  965s
 10878  8648 9.1329e+10  181   23 8.0315e+10 9.2936e+10  15.7%  53.5  975s
 10956  8662 9.2918e+10   64  260 8.0315e+10 9.2936e+10  15.7%  53.7  980s
 11008  8697 9.0984e+10  103  151 8.0315e+10 9.2936e+10  15.7%  53.6  985s
 11094  8739 9.0984e+10  154  118 8.0315e+10 9.2936e+10  15.7%  53.5  990s
 11184  8764 9.2936e+10   58  180 8.0315e+10 9.2936e+10  15.7%  53.4  995s
 11262  8816 8.9889e+10  117  167 8.0315e+10 9.2936e+10  15.7%  53.3 1000s
 11312  8849 8.9889e+10  146  138 8.0315e+10 9.2936e+10  15.7%  53.2 1008s
 11336  8865 8.9889e+10  158  117 8.0315e+10 9.2936e+10  15.7%  53.2 1010s
 11396  8883 9.1705e+10   42  245 8.0315e+10 9.2936e+10  15.7%  53.3 1015s
 11463  8928 9.1705e+10  103  289 8.0315e+10 9.2936e+10  15.7%  53.1 1020s
 11532  8974 8.8825e+10  154  208 8.0315e+10 9.2936e+10  15.7%  53.2 1025s
 11591  9013 8.8825e+10  184  153 8.0315e+10 9.2936e+10  15.7%  53.0 1030s
 11618  9029 8.8825e+10  198  120 8.0315e+10 9.2936e+10  15.7%  53.0 1036s
 11674  9049 8.8825e+10  229    6 8.0315e+10 9.2936e+10  15.7%  52.9 1040s
*11690  8447             237    8.882506e+10 9.2936e+10  4.63%  52.8 1040s
 11709  8452 9.2785e+10   48  214 8.8825e+10 9.2936e+10  4.63%  52.9 1045s
 11796  8510 9.1329e+10  107  149 8.8825e+10 9.2936e+10  4.63%  52.7 1050s
 11805  8516 9.1329e+10  112  137 8.8825e+10 9.2936e+10  4.63%  52.6 1056s
 11865  8551 9.1329e+10  145  107 8.8825e+10 9.2936e+10  4.63%  52.5 1060s
 11910  8555 9.2785e+10   42  189 8.8825e+10 9.2936e+10  4.63%  52.6 1068s
 11930  8568 9.2776e+10   59  220 8.8825e+10 9.2936e+10  4.63%  52.7 1070s
 11971  8596 9.2534e+10   92  241 8.8825e+10 9.2936e+10  4.63%  52.6 1075s
 12041  8642 9.2534e+10  132  239 8.8825e+10 9.2936e+10  4.63%  52.5 1080s
 12119  8692 9.1329e+10  184   85 8.8825e+10 9.2936e+10  4.63%  52.4 1085s
 12185  8694 9.2936e+10   41  211 8.8825e+10 9.2936e+10  4.63%  52.3 1095s
H12233  8169                    9.026506e+10 9.2936e+10  2.96%  52.3 1098s
 12250  8183 9.2936e+10   83  206 9.0265e+10 9.2936e+10  2.96%  52.4 1100s
 12272  8197 9.2776e+10  100  249 9.0265e+10 9.2936e+10  2.96%  52.4 1105s
 12378  8268 9.1329e+10  141   94 9.0265e+10 9.2936e+10  2.96%  52.2 1110s
 12484  8315 9.2785e+10   57  228 9.0265e+10 9.2936e+10  2.96%  52.0 1115s
 12581  8379 9.1329e+10  126  168 9.0265e+10 9.2936e+10  2.96%  52.0 1120s
 12670  8439 9.1329e+10  158  114 9.0265e+10 9.2936e+10  2.96%  51.7 1125s
 12742  8477 9.1329e+10  184  102 9.0265e+10 9.2936e+10  2.96%  51.6 1130s
 12815  8495 9.2918e+10   65  279 9.0265e+10 9.2936e+10  2.96%  51.6 1135s
 12899  8543 9.0984e+10  136  134 9.0265e+10 9.2936e+10  2.96%  51.6 1140s
 12904  8547 9.0984e+10  141  151 9.0265e+10 9.2936e+10  2.96%  51.7 1145s
 12998  8587 9.2936e+10   36  356 9.0265e+10 9.2936e+10  2.96%  52.1 1150s
 13057  8625 9.2591e+10   76  207 9.0265e+10 9.2936e+10  2.96%  52.3 1155s
 13124  8652 9.2936e+10   62  160 9.0265e+10 9.2936e+10  2.96%  52.5 1160s
 13241  8730 9.1329e+10  128  122 9.0265e+10 9.2936e+10  2.96%  52.3 1165s
 13396  8832 9.1329e+10  166   72 9.0265e+10 9.2936e+10  2.96%  51.8 1170s
 13494  8874 9.1329e+10   70  149 9.0265e+10 9.2936e+10  2.96%  51.8 1175s
 13586  8935 9.1329e+10  126  131 9.0265e+10 9.2936e+10  2.96%  51.7 1180s
 13668  8985 9.1329e+10  154  103 9.0265e+10 9.2936e+10  2.96%  51.6 1187s
 13717  9008 9.1329e+10  170   61 9.0265e+10 9.2936e+10  2.96%  51.5 1190s
 13764  9027 9.2936e+10   62  170 9.0265e+10 9.2936e+10  2.96%  51.5 1195s
 13771  9032 9.2785e+10   68  220 9.0265e+10 9.2936e+10  2.96%  51.5 1203s
 13800  9051 9.1329e+10   88  191 9.0265e+10 9.2936e+10  2.96%  51.6 1205s
 13956  9155 9.1329e+10  152  103 9.0265e+10 9.2936e+10  2.96%  51.3 1210s
 14058  9208 9.1329e+10  184   50 9.0265e+10 9.2936e+10  2.96%  51.1 1215s
 14104  9221 9.1329e+10   73  162 9.0265e+10 9.2936e+10  2.96%  51.1 1220s
 14210  9273 9.1329e+10  143  121 9.0265e+10 9.2936e+10  2.96%  51.3 1225s
 14344  9346 9.1329e+10  109  122 9.0265e+10 9.2936e+10  2.96%  51.2 1230s
 14445  9409 9.1329e+10  204   39 9.0265e+10 9.2936e+10  2.96%  51.0 1235s
 14525  9442 9.2776e+10   86  246 9.0265e+10 9.2936e+10  2.96%  51.0 1240s
 14624  9494 9.1329e+10   84  155 9.0265e+10 9.2936e+10  2.96%  51.0 1245s
 14750  9573 9.1329e+10  161   40 9.0265e+10 9.2936e+10  2.96%  50.8 1250s
 14754  9576 9.1329e+10  164   31 9.0265e+10 9.2936e+10  2.96%  50.8 1259s
 14756  9575 9.1329e+10  165   32 9.0265e+10 9.2936e+10  2.96%  50.8 1260s
 14781  9580 9.2785e+10   65  283 9.0265e+10 9.2936e+10  2.96%  50.8 1266s
 14810  9597 9.1329e+10   91  195 9.0265e+10 9.2936e+10  2.96%  50.8 1270s
 14907  9640 infeasible  103      9.0265e+10 9.2936e+10  2.96%  50.8 1275s
 15007  9681 9.1329e+10  111  141 9.0265e+10 9.2936e+10  2.96%  50.8 1280s
 15101  9720 9.2785e+10   87  187 9.0265e+10 9.2936e+10  2.96%  51.0 1285s
 15185  9762 9.1329e+10  157   82 9.0265e+10 9.2936e+10  2.96%  50.9 1290s
 15263  9801 9.2936e+10  105  151 9.0265e+10 9.2936e+10  2.96%  51.0 1295s
 15303  9822 9.1329e+10  139  115 9.0265e+10 9.2936e+10  2.96%  51.1 1305s
 15427  9881 9.1329e+10   99  152 9.0265e+10 9.2936e+10  2.96%  50.9 1310s
 15487  9907 9.2785e+10   77  228 9.0265e+10 9.2936e+10  2.96%  51.0 1315s
 15572  9953 9.1329e+10  107  116 9.0265e+10 9.2936e+10  2.96%  51.2 1320s
 15656  9966 9.0984e+10  121  126 9.0265e+10 9.2936e+10  2.96%  51.4 1325s
 15731 10012 9.0984e+10  192   78 9.0265e+10 9.2936e+10  2.96%  51.2 1330s
 15869 10047 9.2785e+10  109  237 9.0265e+10 9.2936e+10  2.96%  51.1 1335s
 15957 10098 9.0984e+10  180   75 9.0265e+10 9.2936e+10  2.96%  51.2 1340s
 16075 10149 9.2335e+10   72  290 9.0265e+10 9.2936e+10  2.96%  51.2 1345s
 16076 10149 9.1885e+10   72  284 9.0265e+10 9.2936e+10  2.96%  51.2 1353s
 16084 10155 9.1329e+10   74  229 9.0265e+10 9.2936e+10  2.96%  51.3 1355s
 16131 10185 9.1329e+10  118  147 9.0265e+10 9.2936e+10  2.96%  51.3 1361s
 16262 10272 9.1329e+10  241  100 9.0265e+10 9.2936e+10  2.96%  51.0 1365s
 16407 10344 9.1329e+10  127  120 9.0265e+10 9.2936e+10  2.96%  50.8 1370s
 16518 10398 9.0614e+10  112  221 9.0265e+10 9.2936e+10  2.96%  50.9 1375s
 16601 10430 9.1329e+10   86  176 9.0265e+10 9.2936e+10  2.96%  51.1 1380s
 16720 10510 9.1329e+10  151   37 9.0265e+10 9.2936e+10  2.96%  51.0 1393s
 16737 10517 9.1329e+10  159   40 9.0265e+10 9.2936e+10  2.96%  50.9 1395s
 16779 10516 9.2785e+10   65  183 9.0265e+10 9.2936e+10  2.96%  50.9 1400s
 16900 10585 9.1329e+10  171   90 9.0265e+10 9.2936e+10  2.96%  50.8 1405s
 17030 10640 9.1329e+10  123  101 9.0265e+10 9.2936e+10  2.96%  50.7 1411s
 17136 10691 9.1329e+10  214   73 9.0265e+10 9.2936e+10  2.96%  50.5 1415s
 17256 10749 9.1329e+10  162   93 9.0265e+10 9.2936e+10  2.96%  50.5 1420s
 17382 10818 9.1329e+10  161  100 9.0265e+10 9.2936e+10  2.96%  50.5 1425s
 17489 10867 9.2936e+10   79  222 9.0265e+10 9.2936e+10  2.96%  50.4 1430s
 17641 10947 9.2936e+10   73  254 9.0265e+10 9.2936e+10  2.96%  50.4 1435s
 17765 10973 9.2936e+10   78  201 9.0265e+10 9.2936e+10  2.96%  50.5 1440s
 17856 11020 9.1329e+10  152  102 9.0265e+10 9.2936e+10  2.96%  50.4 1445s
 17974 11085 9.2785e+10   88  339 9.0265e+10 9.2936e+10  2.96%  50.4 1450s
 18150 11184 9.1329e+10  185   82 9.0265e+10 9.2936e+10  2.96%  50.4 1455s
 18346 11284 9.1329e+10  147  116 9.0265e+10 9.2936e+10  2.96%  50.4 1460s
 18487 11336 9.2936e+10   83  205 9.0265e+10 9.2936e+10  2.96%  50.3 1465s
 18541 11357 9.1329e+10  103  108 9.0265e+10 9.2936e+10  2.96%  50.4 1470s
 18650 11394 9.2785e+10   83  218 9.0265e+10 9.2936e+10  2.96%  50.4 1475s
 18824 11481 9.2785e+10   80  212 9.0265e+10 9.2936e+10  2.96%  50.2 1480s
 18915 11515 9.1329e+10  146   79 9.0265e+10 9.2936e+10  2.96%  50.1 1490s
 18981 11543 9.1329e+10  125   99 9.0265e+10 9.2936e+10  2.96%  50.1 1495s
 19126 11616 9.1329e+10   88  127 9.0265e+10 9.2936e+10  2.96%  49.9 1500s
 19204 11661 9.1329e+10  147   73 9.0265e+10 9.2936e+10  2.96%  49.9 1505s
 19322 11695 9.1885e+10   96  316 9.0265e+10 9.2936e+10  2.96%  49.9 1510s
 19427 11735 9.1329e+10  102  176 9.0265e+10 9.2936e+10  2.96%  50.0 1517s
 19506 11752 9.1329e+10  127   89 9.0265e+10 9.2936e+10  2.96%  50.2 1520s
 19658 11821 9.1885e+10  112  240 9.0265e+10 9.2936e+10  2.96%  50.1 1525s
 19734 11831 9.2936e+10   97  156 9.0265e+10 9.2936e+10  2.96%  50.5 1530s
 19800 11862 9.2081e+10  109  242 9.0265e+10 9.2936e+10  2.96%  50.9 1535s
 19866 11880 9.1329e+10  114   99 9.0265e+10 9.2936e+10  2.96%  51.1 1540s
 20068 11975 9.2720e+10   99  154 9.0265e+10 9.2936e+10  2.96%  50.9 1545s
 20260 12058 9.1329e+10   96  129 9.0265e+10 9.2936e+10  2.96%  50.7 1550s
 20382 12138 9.1329e+10  218   49 9.0265e+10 9.2936e+10  2.96%  50.6 1555s
 20405 12140 9.1329e+10   87  165 9.0265e+10 9.2936e+10  2.96%  50.5 1579s
 20407 12141 9.1329e+10  119  565 9.0265e+10 9.2936e+10  2.96%  50.5 1585s
 20410 12143 9.1329e+10  155  491 9.0265e+10 9.2936e+10  2.96%  50.5 1590s
 20411 12144 9.1329e+10  109  490 9.0265e+10 9.2936e+10  2.96%  50.5 1599s
 20412 12145 9.2573e+10   80  487 9.0265e+10 9.2936e+10  2.96%  50.5 1607s
 20413 12145 9.0984e+10  123  441 9.0265e+10 9.2936e+10  2.96%  50.5 1615s
 20414 12146 9.2936e+10   73  460 9.0265e+10 9.2936e+10  2.96%  50.5 1623s
 20415 12147 9.2936e+10   79  401 9.0265e+10 9.2936e+10  2.96%  50.5 1632s
 20416 12147 9.2785e+10   64  444 9.0265e+10 9.2936e+10  2.96%  50.5 1639s
 20417 12148 9.1329e+10   97  382 9.0265e+10 9.2936e+10  2.96%  50.5 1650s
 20418 12149 9.1329e+10  130  376 9.0265e+10 9.2936e+10  2.96%  50.5 1660s
 20419 12149 9.1329e+10   87  344 9.0265e+10 9.2936e+10  2.96%  50.5 1671s
 20420 12150 9.1329e+10  153  335 9.0265e+10 9.2936e+10  2.96%  50.5 1678s
 20421 12151 9.1329e+10   86  198 9.0265e+10 9.2936e+10  2.96%  50.5 1686s
 20422 12151 9.1329e+10  164  362 9.0265e+10 9.2936e+10  2.96%  50.5 1693s
 20423 12152 9.1329e+10  246  216 9.0265e+10 9.2936e+10  2.96%  50.5 1702s
 20424 12153 9.1329e+10  219  220 9.0265e+10 9.2936e+10  2.96%  50.5 1710s
 20425 12153 9.2785e+10   74  277 9.0265e+10 9.2936e+10  2.96%  50.5 1719s
 20426 12154 9.2936e+10   69  290 9.0265e+10 9.2936e+10  2.96%  50.5 1724s
 20427 12155 9.0984e+10  141  252 9.0265e+10 9.2936e+10  2.96%  50.5 1730s
 20428 12155 9.1329e+10  132  237 9.0265e+10 9.2936e+10  2.96%  50.5 1740s
 20430 12159 9.2936e+10   46  190 9.0265e+10 9.2936e+10  2.96%  54.2 1747s
 20448 12171 9.2785e+10   55  277 9.0265e+10 9.2936e+10  2.96%  54.3 1750s
 20481 12193 9.2700e+10   72  292 9.0265e+10 9.2936e+10  2.96%  54.4 1758s
 20497 12197 9.2776e+10   52  384 9.0265e+10 9.2936e+10  2.96%  54.4 1760s
 20507 12204 9.2776e+10   57  325 9.0265e+10 9.2936e+10  2.96%  54.5 1766s
 20510 12206 9.2776e+10   60  370 9.0265e+10 9.2936e+10  2.96%  54.5 1770s
 20588 12257 9.2534e+10  112  383 9.0265e+10 9.2936e+10  2.96%  54.7 1775s
 20647 12269 9.2785e+10   50  335 9.0265e+10 9.2936e+10  2.96%  55.0 1780s
 20659 12277 9.2776e+10   57  342 9.0265e+10 9.2936e+10  2.96%  55.0 1785s
 20719 12316 9.2237e+10   89  327 9.0265e+10 9.2936e+10  2.96%  55.3 1790s
 20754 12332 9.2591e+10   65  247 9.0265e+10 9.2936e+10  2.96%  55.3 1796s
 20808 12368 9.2189e+10  102  259 9.0265e+10 9.2936e+10  2.96%  55.3 1804s
 20819 12375 9.2189e+10  108  266 9.0265e+10 9.2936e+10  2.96%  55.3 1805s
 20864 12399 9.2189e+10  131  253 9.0265e+10 9.2936e+10  2.96%  55.3 1810s
 20913 12419 9.2776e+10   61  264 9.0265e+10 9.2936e+10  2.96%  55.4 1815s
 20920 12422 9.2515e+10   64  345 9.0265e+10 9.2936e+10  2.96%  55.4 1820s
 20947 12440 9.2534e+10   79  310 9.0265e+10 9.2936e+10  2.96%  55.4 1828s
 20963 12447 infeasible   87      9.0265e+10 9.2936e+10  2.96%  55.5 1830s
 20974 12446 9.2936e+10   55  298 9.0265e+10 9.2936e+10  2.96%  55.5 1835s
 21001 12462 9.0644e+10   72  306 9.0265e+10 9.2936e+10  2.96%  55.5 1843s
 21020 12464 9.2936e+10   53  243 9.0265e+10 9.2936e+10  2.96%  55.6 1845s
 21057 12483 9.2189e+10   73  292 9.0265e+10 9.2936e+10  2.96%  55.7 1859s
 21058 12483 9.2189e+10   73  278 9.0265e+10 9.2936e+10  2.96%  55.7 1860s
 21112 12511 9.0984e+10  101  208 9.0265e+10 9.2936e+10  2.96%  55.6 1870s
 21198 12567 9.0984e+10  147  103 9.0265e+10 9.2936e+10  2.96%  55.6 1875s
 21276 12589 9.1329e+10   70  251 9.0265e+10 9.2936e+10  2.96%  55.6 1880s
 21383 12649 9.1329e+10  126  100 9.0265e+10 9.2936e+10  2.96%  55.5 1885s
 21455 12675 9.2776e+10   61  311 9.0265e+10 9.2936e+10  2.96%  55.5 1890s
 21538 12713 9.2785e+10   57  331 9.0265e+10 9.2936e+10  2.96%  55.5 1895s
 21593 12745 9.2534e+10   93  282 9.0265e+10 9.2936e+10  2.96%  55.5 1900s
 21635 12773 9.2534e+10  107  281 9.0265e+10 9.2936e+10  2.96%  55.5 1909s
 21636 12774 9.2534e+10  108  257 9.0265e+10 9.2936e+10  2.96%  55.5 1913s
 21660 12788 9.2534e+10  116  228 9.0265e+10 9.2936e+10  2.96%  55.5 1915s
 21739 12836 9.1329e+10  133  188 9.0265e+10 9.2936e+10  2.96%  55.5 1920s
 21829 12870 9.1329e+10  163   64 9.0265e+10 9.2936e+10  2.96%  55.4 1925s
 21872 12871 9.2918e+10   57  393 9.0265e+10 9.2936e+10  2.96%  55.5 1930s
 21924 12905 9.1954e+10   99  376 9.0265e+10 9.2936e+10  2.96%  55.6 1935s
 21945 12915 9.0762e+10  115  298 9.0265e+10 9.2936e+10  2.96%  55.6 1942s
 21992 12930 9.2918e+10   57  358 9.0265e+10 9.2936e+10  2.96%  55.7 1945s
 22062 12976 9.1329e+10   93  217 9.0265e+10 9.2936e+10  2.96%  55.8 1950s
 22164 13040 9.1329e+10  123  131 9.0265e+10 9.2936e+10  2.96%  55.7 1955s
 22248 13077 9.1329e+10  152   57 9.0265e+10 9.2936e+10  2.96%  55.7 1960s
 22322 13096 9.1329e+10   85  289 9.0265e+10 9.2936e+10  2.96%  55.7 1965s
 22404 13149 9.1329e+10  124  192 9.0265e+10 9.2936e+10  2.96%  55.7 1970s
 22484 13194 infeasible  159      9.0265e+10 9.2936e+10  2.96%  55.7 1975s
 22533 13195 9.2922e+10   56  536 9.0265e+10 9.2936e+10  2.96%  55.8 1980s
 22585 13223 9.1616e+10   92  303 9.0265e+10 9.2936e+10  2.96%  55.9 1986s
 22618 13238 9.0984e+10  108  216 9.0265e+10 9.2936e+10  2.96%  55.9 2000s
 22619 13239 9.0984e+10  108  216 9.0265e+10 9.2936e+10  2.96%  55.9 2020s
 22682 13281 9.0984e+10  131  208 9.0265e+10 9.2936e+10  2.96%  56.0 2025s
 22755 13328 9.0984e+10  152  136 9.0265e+10 9.2936e+10  2.96%  56.1 2030s
 22834 13376 9.0984e+10  173  106 9.0265e+10 9.2936e+10  2.96%  56.0 2035s
 22874 13383 9.2740e+10   60  442 9.0265e+10 9.2936e+10  2.96%  56.2 2040s
 22895 13397 9.2501e+10   78  280 9.0265e+10 9.2936e+10  2.96%  56.3 2048s
 22911 13408 9.2501e+10   94  281 9.0265e+10 9.2936e+10  2.96%  56.3 2050s
 22976 13441 9.1329e+10   89  222 9.0265e+10 9.2936e+10  2.96%  56.3 2055s
 23103 13526 9.1329e+10  135  176 9.0265e+10 9.2936e+10  2.96%  56.2 2060s
 23180 13567 9.1329e+10  163   34 9.0265e+10 9.2936e+10  2.96%  56.1 2065s
 23246 13595 9.1329e+10   92  228 9.0265e+10 9.2936e+10  2.96%  56.2 2070s
 23369 13677 9.1329e+10  214   60 9.0265e+10 9.2936e+10  2.96%  56.0 2075s
 23443 13708 9.2447e+10   78  261 9.0265e+10 9.2936e+10  2.96%  56.1 2080s
 23541 13759 9.0984e+10  166  228 9.0265e+10 9.2936e+10  2.96%  56.0 2087s
 23586 13781 9.0984e+10  207  187 9.0265e+10 9.2936e+10  2.96%  56.0 2090s
 23601 13791 9.0984e+10  221  139 9.0265e+10 9.2936e+10  2.96%  56.0 2105s
 23674 13814 9.2202e+10   68  229 9.0265e+10 9.2936e+10  2.96%  56.0 2110s
 23693 13827 9.2202e+10   84  197 9.0265e+10 9.2936e+10  2.96%  56.0 2116s
 23749 13864 9.2189e+10  116  216 9.0265e+10 9.2936e+10  2.96%  56.0 2120s
 23844 13928 9.0984e+10  169  117 9.0265e+10 9.2936e+10  2.96%  55.9 2125s
 23915 13948 9.2776e+10   62  298 9.0265e+10 9.2936e+10  2.96%  56.0 2130s
 24017 14016 9.1329e+10  160  292 9.0265e+10 9.2936e+10  2.96%  55.9 2135s
 24136 14081 9.1705e+10   59  329 9.0265e+10 9.2936e+10  2.96%  55.8 2140s
 24195 14107 9.2057e+10   75  296 9.0265e+10 9.2936e+10  2.96%  55.9 2145s
 24341 14197 9.1329e+10  144  125 9.0265e+10 9.2936e+10  2.96%  55.8 2150s
 24375 14214 9.1329e+10  150  120 9.0265e+10 9.2936e+10  2.96%  55.8 2156s
 24433 14232 9.2430e+10   75  283 9.0265e+10 9.2936e+10  2.96%  55.8 2160s
 24533 14292 9.0984e+10  165  132 9.0265e+10 9.2936e+10  2.96%  55.8 2165s
 24595 14317 9.0984e+10  215   50 9.0265e+10 9.2936e+10  2.96%  55.7 2174s
 24603 14313 9.2922e+10   53  503 9.0265e+10 9.2936e+10  2.96%  55.8 2175s
 24699 14376 9.0984e+10  141  252 9.0265e+10 9.2936e+10  2.96%  55.7 2180s
 24799 14424 9.2922e+10   53  511 9.0265e+10 9.2936e+10  2.96%  55.6 2185s
 24830 14439 9.2153e+10   75  270 9.0265e+10 9.2936e+10  2.96%  55.6 2190s
 24971 14524 9.1329e+10  211  172 9.0265e+10 9.2936e+10  2.96%  55.4 2195s
 25066 14569 9.2783e+10   55  455 9.0265e+10 9.2936e+10  2.96%  55.3 2200s
 25145 14618 9.1329e+10   84  171 9.0265e+10 9.2936e+10  2.96%  55.4 2209s
 25164 14631 9.1329e+10   92  181 9.0265e+10 9.2936e+10  2.96%  55.5 2210s
 25284 14699 9.1329e+10  134  105 9.0265e+10 9.2936e+10  2.96%  55.4 2215s
 25343 14717 9.2202e+10   64  324 9.0265e+10 9.2936e+10  2.96%  55.6 2220s
 25441 14782 9.2189e+10  155  232 9.0265e+10 9.2936e+10  2.96%  55.5 2225s
 25505 14825 9.2189e+10  209  181 9.0265e+10 9.2936e+10  2.96%  55.4 2233s
 25545 14843 9.0984e+10  239  141 9.0265e+10 9.2936e+10  2.96%  55.4 2235s
 25622 14876 9.1224e+10  104  332 9.0265e+10 9.2936e+10  2.96%  55.4 2248s
 25623 14877 9.1224e+10  105  331 9.0265e+10 9.2936e+10  2.96%  55.4 2252s
 25648 14873 9.2430e+10   61  262 9.0265e+10 9.2936e+10  2.96%  55.6 2255s
 25835 14990 9.0984e+10  232   67 9.0265e+10 9.2936e+10  2.96%  55.4 2260s
 25962 15052 9.2534e+10  123  185 9.0265e+10 9.2936e+10  2.96%  55.3 2265s
 26137 15148 9.2809e+10   60  242 9.0265e+10 9.2936e+10  2.96%  55.2 2270s
 26276 15235 9.1329e+10  182  143 9.0265e+10 9.2936e+10  2.96%  55.1 2279s
 26315 15261 9.1329e+10  221  123 9.0265e+10 9.2936e+10  2.96%  55.0 2280s
 26537 15381 9.0984e+10  225  104 9.0265e+10 9.2936e+10  2.96%  54.8 2285s
 26702 15473 9.1329e+10  133  131 9.0265e+10 9.2936e+10  2.96%  54.7 2290s
 26850 15560 9.1329e+10  187   52 9.0265e+10 9.2936e+10  2.96%  54.6 2295s
 27016 15654 9.1329e+10  173  205 9.0265e+10 9.2936e+10  2.96%  54.4 2300s
 27152 15717 9.2936e+10   50  484 9.0265e+10 9.2936e+10  2.96%  54.4 2305s
 27368 15856 9.2189e+10  260  141 9.0265e+10 9.2936e+10  2.96%  54.1 2310s
 27437 15880 9.2677e+10   67  240 9.0265e+10 9.2936e+10  2.96%  54.2 2315s
 27475 15899 9.1329e+10   97  151 9.0265e+10 9.2936e+10  2.96%  54.2 2323s
 27537 15941 9.1329e+10  157  113 9.0265e+10 9.2936e+10  2.96%  54.1 2325s
 27667 16008 9.0984e+10   89  181 9.0265e+10 9.2936e+10  2.96%  54.1 2330s
 27847 16103 9.0984e+10  188   88 9.0265e+10 9.2936e+10  2.96%  54.0 2335s
 27960 16109     cutoff   66      9.0265e+10 9.2936e+10  2.96%  54.0 2340s
 28131 16221 9.0984e+10  208  232 9.0265e+10 9.2936e+10  2.96%  53.9 2345s
 28247 16257 9.2720e+10   52  299 9.0265e+10 9.2936e+10  2.96%  54.0 2350s
 28484 16395 9.0984e+10  261   15 9.0265e+10 9.2936e+10  2.96%  53.7 2355s
 28685 16517 9.0984e+10  146  127 9.0265e+10 9.2936e+10  2.96%  53.6 2360s
 28736 16541 9.0984e+10  163  110 9.0265e+10 9.2936e+10  2.96%  53.6 2367s
 28779 16556 9.0984e+10  178  108 9.0265e+10 9.2936e+10  2.96%  53.6 2370s
 28855 16566 9.2575e+10   68  312 9.0265e+10 9.2936e+10  2.96%  53.7 2375s
 29026 16677 9.1329e+10  231   94 9.0265e+10 9.2936e+10  2.96%  53.5 2380s
 29166 16747 9.1329e+10  132  161 9.0265e+10 9.2936e+10  2.96%  53.4 2392s
 29232 16791 9.1329e+10  198   73 9.0265e+10 9.2936e+10  2.96%  53.3 2395s
 29389 16859 9.0984e+10  132  173 9.0265e+10 9.2936e+10  2.96%  53.2 2400s
 29553 16939 9.1329e+10   83  236 9.0265e+10 9.2936e+10  2.96%  53.1 2405s
 29738 17048 9.1329e+10  254   25 9.0265e+10 9.2936e+10  2.96%  52.9 2410s
 29760 17047 9.2593e+10   57  361 9.0265e+10 9.2936e+10  2.96%  52.9 2415s
 29941 17150 9.0984e+10  230   75 9.0265e+10 9.2936e+10  2.96%  52.7 2420s
 30049 17204 9.1329e+10  113  179 9.0265e+10 9.2936e+10  2.96%  52.8 2425s
 30241 17315 9.0984e+10  123  136 9.0265e+10 9.2936e+10  2.96%  52.7 2430s
 30397 17397 9.2688e+10   54  364 9.0265e+10 9.2936e+10  2.96%  52.5 2437s
 30449 17426 9.0984e+10   74  215 9.0265e+10 9.2936e+10  2.96%  52.6 2440s
 30603 17516 9.0984e+10  114  146 9.0265e+10 9.2936e+10  2.96%  52.6 2445s
 30606 17518 9.0984e+10  117  162 9.0265e+10 9.2936e+10  2.96%  52.6 2451s
 30715 17570 9.1329e+10   58  227 9.0265e+10 9.2923e+10  2.94%  52.6 2455s
 30900 17676 9.2094e+10   56  274 9.0265e+10 9.2922e+10  2.94%  52.4 2460s
 31069 17780 9.0984e+10  148  108 9.0265e+10 9.2922e+10  2.94%  52.3 2465s
 31219 17854 9.0984e+10  178  145 9.0265e+10 9.2922e+10  2.94%  52.2 2472s
 31316 17898 9.2776e+10   57  275 9.0265e+10 9.2922e+10  2.94%  52.1 2475s
 31507 18022 9.1329e+10  166   84 9.0265e+10 9.2922e+10  2.94%  52.0 2480s
 31631 18083 9.1329e+10  142  171 9.0265e+10 9.2922e+10  2.94%  52.0 2485s
 31795 18164 9.1329e+10   77  198 9.0265e+10 9.2922e+10  2.94%  51.9 2490s
 31863 18209 9.1329e+10  144  121 9.0265e+10 9.2922e+10  2.94%  51.9 2495s
 31995 18277 9.1329e+10   77  171 9.0265e+10 9.2922e+10  2.94%  51.8 2500s
 32184 18387 9.1329e+10   57  210 9.0265e+10 9.2922e+10  2.94%  51.6 2505s
 32351 18481 9.2202e+10   59  224 9.0265e+10 9.2922e+10  2.94%  51.6 2510s
 32568 18594 9.2847e+10   56  442 9.0265e+10 9.2922e+10  2.94%  51.4 2515s
 32675 18661 9.1329e+10  160  153 9.0265e+10 9.2922e+10  2.94%  51.3 2521s
 32676 18662 9.1329e+10  161  149 9.0265e+10 9.2922e+10  2.94%  51.3 2539s
 32694 18665 9.1329e+10  172  137 9.0265e+10 9.2922e+10  2.94%  51.4 2540s
 32767 18696 9.1329e+10  233   54 9.0265e+10 9.2922e+10  2.94%  51.3 2545s
 32887 18756 9.0984e+10  129  204 9.0265e+10 9.2922e+10  2.94%  51.3 2550s
 32999 18816 9.2547e+10   64  299 9.0265e+10 9.2922e+10  2.94%  51.3 2555s
 33134 18901 9.1329e+10  149  220 9.0265e+10 9.2922e+10  2.94%  51.3 2560s
 33289 18972 9.2430e+10   57  348 9.0265e+10 9.2922e+10  2.94%  51.2 2565s
 33344 19005 9.0984e+10  103  149 9.0265e+10 9.2922e+10  2.94%  51.2 2571s
 33463 19072 9.2506e+10   59  394 9.0265e+10 9.2922e+10  2.94%  51.1 2575s
 33669 19190 9.2854e+10   56  424 9.0265e+10 9.2922e+10  2.94%  51.0 2580s
 33855 19289 9.2922e+10   58  456 9.0265e+10 9.2922e+10  2.94%  50.9 2585s
 34047 19386 9.0984e+10  230   20 9.0265e+10 9.2922e+10  2.94%  50.8 2590s
 34237 19493 9.0984e+10  222   63 9.0265e+10 9.2922e+10  2.94%  50.6 2595s
 34315 19505 9.1329e+10   81  282 9.0265e+10 9.2918e+10  2.94%  50.7 2601s
 34448 19592 9.1329e+10  212   33 9.0265e+10 9.2918e+10  2.94%  50.5 2605s
 34600 19668 9.1329e+10  164  172 9.0265e+10 9.2918e+10  2.94%  50.5 2610s
 34655 19705 9.1329e+10  219  105 9.0265e+10 9.2918e+10  2.94%  50.5 2615s
 34742 19745 9.0984e+10   95  186 9.0265e+10 9.2918e+10  2.94%  50.6 2620s
 34894 19820 9.0984e+10   68  207 9.0265e+10 9.2918e+10  2.94%  50.6 2625s
 35055 19897 9.0984e+10  149   30 9.0265e+10 9.2918e+10  2.94%  50.6 2630s
 35191 19951 9.0984e+10  132  172 9.0265e+10 9.2914e+10  2.93%  50.6 2635s
 35314 19999 9.2430e+10   61  268 9.0265e+10 9.2914e+10  2.93%  50.7 2640s
 35424 20069 9.0984e+10  108  153 9.0265e+10 9.2914e+10  2.93%  50.8 2647s
 35496 20103 9.0984e+10  132  107 9.0265e+10 9.2914e+10  2.93%  50.9 2650s
 35622 20157 9.0984e+10   63  252 9.0265e+10 9.2914e+10  2.93%  50.9 2655s
 35707 20213 9.0984e+10  142  185 9.0265e+10 9.2914e+10  2.93%  50.8 2663s
 35766 20252 9.0984e+10  199  134 9.0265e+10 9.2914e+10  2.93%  50.8 2665s
 35896 20321 9.1329e+10  147  146 9.0265e+10 9.2914e+10  2.93%  50.7 2670s
 36036 20394 9.0984e+10   91  181 9.0265e+10 9.2914e+10  2.93%  50.6 2675s
 36185 20465 9.2781e+10   63  289 9.0265e+10 9.2914e+10  2.93%  50.5 2680s
 36268 20520 9.1329e+10  143  145 9.0265e+10 9.2914e+10  2.93%  50.5 2685s
 36473 20639 9.0984e+10  151  122 9.0265e+10 9.2914e+10  2.93%  50.3 2690s
 36666 20746 9.0984e+10  172  141 9.0265e+10 9.2914e+10  2.93%  50.2 2695s
 36754 20788 9.0984e+10  251   35 9.0265e+10 9.2914e+10  2.93%  50.1 2700s
 36866 20841 9.1329e+10  135  135 9.0265e+10 9.2914e+10  2.93%  50.1 2705s
 37014 20919 9.1329e+10   74  251 9.0265e+10 9.2914e+10  2.93%  50.0 2710s
 37253 21062 9.0984e+10  135  146 9.0265e+10 9.2914e+10  2.93%  49.9 2715s
 37400 21144 9.0984e+10  146  112 9.0265e+10 9.2914e+10  2.93%  49.9 2720s
 37561 21198 9.0984e+10   68  197 9.0265e+10 9.2914e+10  2.93%  49.9 2725s
 37720 21294 9.0984e+10  137  127 9.0265e+10 9.2914e+10  2.93%  49.8 2730s
 37817 21355 9.0984e+10  232   20 9.0265e+10 9.2914e+10  2.93%  49.7 2737s
 37878 21375 9.1329e+10   97  199 9.0265e+10 9.2914e+10  2.93%  49.8 2740s
 38040 21476 9.1329e+10  249   38 9.0265e+10 9.2914e+10  2.93%  49.6 2745s
 38158 21524 9.1329e+10  135  132 9.0265e+10 9.2914e+10  2.93%  49.6 2750s
 38336 21622 9.1329e+10  138  117 9.0265e+10 9.2898e+10  2.92%  49.5 2755s
 38516 21678 9.1309e+10   63  301 9.0265e+10 9.2898e+10  2.92%  49.5 2760s
 38582 21655 9.2710e+10   62  326 9.0265e+10 9.2896e+10  2.92%  49.8 2765s
 38769 21767 9.2781e+10   52  303 9.0265e+10 9.2885e+10  2.90%  49.6 2770s
 38980 21885 9.1329e+10  236   50 9.0265e+10 9.2885e+10  2.90%  49.5 2775s
 39129 21968 9.0984e+10  180   84 9.0265e+10 9.2885e+10  2.90%  49.5 2780s
 39326 22071 9.1329e+10  136   93 9.0265e+10 9.2877e+10  2.89%  49.4 2785s
 39462 22132 9.1329e+10   77  184 9.0265e+10 9.2866e+10  2.88%  49.4 2790s
 39577 22206 9.1329e+10  127   83 9.0265e+10 9.2866e+10  2.88%  49.6 2795s
 39764 22292 9.1329e+10  190  135 9.0265e+10 9.2866e+10  2.88%  49.6 2800s
 39906 22351 9.0984e+10  106  127 9.0265e+10 9.2866e+10  2.88%  49.5 2805s
 40088 22443 9.1329e+10   93  142 9.0265e+10 9.2866e+10  2.88%  49.4 2810s
 40298 22553 9.1329e+10  113  145 9.0265e+10 9.2866e+10  2.88%  49.3 2815s
 40539 22663 9.2416e+10   59  370 9.0265e+10 9.2866e+10  2.88%  49.2 2820s
 40741 22792 9.1329e+10  176   86 9.0265e+10 9.2866e+10  2.88%  49.0 2825s
 40808 22811 9.1329e+10   78  192 9.0265e+10 9.2866e+10  2.88%  49.1 2834s
 40820 22819 9.1329e+10   90  190 9.0265e+10 9.2866e+10  2.88%  49.1 2835s
 40976 22907 9.0984e+10  114  222 9.0265e+10 9.2866e+10  2.88%  49.0 2840s
 41164 22997 9.1329e+10   90  181 9.0265e+10 9.2866e+10  2.88%  48.9 2845s
 41349 23106 9.1329e+10  142  143 9.0265e+10 9.2866e+10  2.88%  48.9 2850s
 41543 23200 9.0984e+10  110  155 9.0265e+10 9.2866e+10  2.88%  48.8 2855s
 41680 23267 9.1329e+10   81  194 9.0265e+10 9.2866e+10  2.88%  48.8 2860s
 41853 23355 9.0984e+10   74  282 9.0265e+10 9.2866e+10  2.88%  48.8 2865s
 42037 23462 9.1329e+10  114  217 9.0265e+10 9.2866e+10  2.88%  48.7 2870s
 42262 23565 9.1329e+10  106  156 9.0265e+10 9.2866e+10  2.88%  48.6 2875s
 42409 23640 9.2601e+10   56  433 9.0265e+10 9.2866e+10  2.88%  48.6 2880s
 42597 23763 9.1329e+10  186  116 9.0265e+10 9.2866e+10  2.88%  48.5 2885s
 42713 23802 9.1329e+10   71  207 9.0265e+10 9.2866e+10  2.88%  48.5 2890s
 42902 23898 infeasible  236      9.0265e+10 9.2866e+10  2.88%  48.4 2895s
 43067 23984 9.1329e+10  188  149 9.0265e+10 9.2866e+10  2.88%  48.4 2900s
 43112 24010 9.1329e+10  228   64 9.0265e+10 9.2866e+10  2.88%  48.4 2907s
 43188 24044 9.1329e+10  115  147 9.0265e+10 9.2866e+10  2.88%  48.4 2910s
 43307 24095 9.0984e+10   92  198 9.0265e+10 9.2866e+10  2.88%  48.5 2915s
 43418 24140 9.1329e+10   64  234 9.0265e+10 9.2866e+10  2.88%  48.6 2920s
 43581 24235 9.2094e+10   60  295 9.0265e+10 9.2866e+10  2.88%  48.6 2925s
 43743 24325 9.1329e+10  130  135 9.0265e+10 9.2866e+10  2.88%  48.6 2930s
 43868 24347 9.1329e+10   69  167 9.0265e+10 9.2866e+10  2.88%  48.6 2935s
 44016 24418 9.1329e+10   98  201 9.0265e+10 9.2866e+10  2.88%  48.7 2940s
 44231 24525 infeasible  203      9.0265e+10 9.2866e+10  2.88%  48.5 2945s
 44428 24606 infeasible  216      9.0265e+10 9.2866e+10  2.88%  48.4 2950s
 44605 24695 9.1918e+10   61  371 9.0265e+10 9.2866e+10  2.88%  48.4 2955s
 44786 24777 9.2448e+10   63  352 9.0265e+10 9.2866e+10  2.88%  48.3 2960s
 44993 24884 9.1303e+10   61  264 9.0265e+10 9.2866e+10  2.88%  48.2 2965s
 45138 24962 9.1329e+10   75  217 9.0265e+10 9.2866e+10  2.88%  48.2 2970s
 45234 24983 9.2547e+10   63  288 9.0265e+10 9.2866e+10  2.88%  48.3 2975s
 45411 25079 9.1329e+10   92  217 9.0265e+10 9.2866e+10  2.88%  48.3 2980s
 45622 25195 9.1329e+10   84  200 9.0265e+10 9.2866e+10  2.88%  48.2 2985s
 45793 25273 9.2802e+10   62  338 9.0265e+10 9.2866e+10  2.88%  48.1 2990s
 45909 25336 9.1329e+10   71  201 9.0265e+10 9.2866e+10  2.88%  48.1 3000s
 46069 25391 9.1329e+10   79  177 9.0265e+10 9.2866e+10  2.88%  48.1 3005s
 46264 25499 9.0984e+10  116  158 9.0265e+10 9.2866e+10  2.88%  48.0 3010s
 46463 25607 9.1329e+10  137  120 9.0265e+10 9.2866e+10  2.88%  48.0 3015s
 46628 25699 9.1329e+10  121  143 9.0265e+10 9.2866e+10  2.88%  47.9 3020s
 46840 25803 9.0984e+10  134  142 9.0265e+10 9.2866e+10  2.88%  47.8 3025s
 46978 25856 9.1446e+10   65  389 9.0265e+10 9.2866e+10  2.88%  47.8 3030s
 47135 25950 9.1329e+10  169   74 9.0265e+10 9.2866e+10  2.88%  47.8 3035s
 47289 26003 9.0984e+10  132  140 9.0265e+10 9.2866e+10  2.88%  47.8 3040s
 47530 26141 9.1329e+10  203   65 9.0265e+10 9.2866e+10  2.88%  47.7 3045s
 47700 26225 9.0984e+10  135  103 9.0265e+10 9.2866e+10  2.88%  47.7 3050s
 47886 26309 9.1329e+10   83  195 9.0265e+10 9.2866e+10  2.88%  47.6 3055s
 47978 26346 9.2710e+10   56  321 9.0265e+10 9.2866e+10  2.88%  47.9 3060s
 48157 26462 infeasible  213      9.0265e+10 9.2866e+10  2.88%  47.8 3065s
 48315 26529 9.2710e+10   58  325 9.0265e+10 9.2863e+10  2.88%  47.8 3070s
 48501 26635 9.2854e+10   56  437 9.0265e+10 9.2861e+10  2.88%  47.8 3075s
 48627 26704 9.1705e+10   94  198 9.0265e+10 9.2861e+10  2.88%  47.8 3080s
 48791 26804 9.1329e+10  198   38 9.0265e+10 9.2861e+10  2.88%  47.8 3085s
 48929 26877 9.0984e+10  154   92 9.0265e+10 9.2861e+10  2.88%  47.8 3090s
 49118 26958 9.0984e+10  131  151 9.0265e+10 9.2861e+10  2.88%  47.7 3095s
 49300 27062 9.1329e+10  161  135 9.0265e+10 9.2856e+10  2.87%  47.7 3100s
 49483 27153 9.1329e+10  233   71 9.0265e+10 9.2856e+10  2.87%  47.6 3105s
 49664 27199 9.0984e+10  136  104 9.0265e+10 9.2849e+10  2.86%  47.6 3110s
 49819 27268 infeasible  110      9.0265e+10 9.2848e+10  2.86%  47.6 3115s
 49932 27316 9.1329e+10   83  180 9.0265e+10 9.2847e+10  2.86%  47.7 3120s
 50109 27409 9.1329e+10  112  179 9.0265e+10 9.2847e+10  2.86%  47.7 3125s
 50278 27508 9.1329e+10  148  102 9.0265e+10 9.2847e+10  2.86%  47.7 3130s
 50509 27632 9.1329e+10  170   82 9.0265e+10 9.2847e+10  2.86%  47.5 3135s
 50701 27710 9.2267e+10   58  334 9.0265e+10 9.2847e+10  2.86%  47.5 3140s
 50902 27830 9.0984e+10  125  141 9.0265e+10 9.2847e+10  2.86%  47.4 3145s
 51010 27890 9.0984e+10  187   67 9.0265e+10 9.2847e+10  2.86%  47.4 3153s
 51053 27905 9.0984e+10  209   35 9.0265e+10 9.2847e+10  2.86%  47.4 3155s
 51201 27960 9.2362e+10   63  369 9.0265e+10 9.2847e+10  2.86%  47.3 3160s
 51323 28027 9.1329e+10   78  203 9.0265e+10 9.2847e+10  2.86%  47.4 3165s
 51504 28126 9.1329e+10  103  159 9.0265e+10 9.2847e+10  2.86%  47.4 3170s
 51676 28210 9.1329e+10   78  168 9.0265e+10 9.2847e+10  2.86%  47.3 3175s
 51830 28294 infeasible  158      9.0265e+10 9.2847e+10  2.86%  47.3 3180s
 51984 28363 9.1329e+10  163   86 9.0265e+10 9.2847e+10  2.86%  47.3 3185s
 52183 28457 9.2615e+10   61  311 9.0265e+10 9.2847e+10  2.86%  47.2 3190s
 52355 28545 9.1329e+10   79  152 9.0265e+10 9.2847e+10  2.86%  47.2 3195s
 52592 28669 9.1918e+10   63  316 9.0265e+10 9.2847e+10  2.86%  47.1 3200s
 52749 28735 9.1329e+10   79  189 9.0265e+10 9.2847e+10  2.86%  47.1 3205s
 52918 28824 9.2847e+10   59  352 9.0265e+10 9.2847e+10  2.86%  47.1 3210s
 53024 28888 9.1329e+10  144   66 9.0265e+10 9.2847e+10  2.86%  47.2 3215s
 53161 28933 9.1329e+10  143  118 9.0265e+10 9.2847e+10  2.86%  47.2 3220s
 53323 28997 9.0984e+10  121  127 9.0265e+10 9.2847e+10  2.86%  47.2 3225s
 53537 29107 9.1329e+10  158  146 9.0265e+10 9.2847e+10  2.86%  47.1 3230s
 53713 29169 9.0984e+10  114  204 9.0265e+10 9.2847e+10  2.86%  47.1 3235s
 53877 29256 9.1329e+10  137  153 9.0265e+10 9.2847e+10  2.86%  47.1 3240s
 54068 29365 9.1329e+10  169  110 9.0265e+10 9.2847e+10  2.86%  47.0 3245s
 54242 29454 9.1329e+10   84  187 9.0265e+10 9.2847e+10  2.86%  47.1 3250s
 54413 29541 9.1329e+10  125  101 9.0265e+10 9.2847e+10  2.86%  47.1 3255s
 54597 29627 9.0984e+10  113  144 9.0265e+10 9.2846e+10  2.86%  47.0 3260s
 54807 29729 9.0984e+10  133   99 9.0265e+10 9.2843e+10  2.86%  47.0 3265s
 54980 29823 9.0984e+10  127  125 9.0265e+10 9.2842e+10  2.85%  46.9 3270s
 55158 29920 9.0984e+10  117  157 9.0265e+10 9.2838e+10  2.85%  46.9 3275s
 55292 29981 9.2267e+10   75  175 9.0265e+10 9.2837e+10  2.85%  46.9 3280s
 55445 30070 9.0984e+10  132  108 9.0265e+10 9.2837e+10  2.85%  47.0 3285s
 55622 30164 9.0984e+10  186  147 9.0265e+10 9.2837e+10  2.85%  47.0 3290s
 55777 30241 9.0984e+10  132  140 9.0265e+10 9.2837e+10  2.85%  47.0 3295s
 55900 30311 9.0984e+10  147   95 9.0265e+10 9.2837e+10  2.85%  47.0 3300s
 56027 30371 infeasible  133      9.0265e+10 9.2837e+10  2.85%  47.2 3305s
 56111 30390     cutoff   59      9.0265e+10 9.2837e+10  2.85%  47.3 3315s
 56268 30461 9.0984e+10   79  198 9.0265e+10 9.2837e+10  2.85%  47.3 3320s
 56444 30556 9.0984e+10  133  123 9.0265e+10 9.2837e+10  2.85%  47.4 3325s
 56662 30668 9.0984e+10   96  183 9.0265e+10 9.2837e+10  2.85%  47.3 3330s
 56766 30700     cutoff   65      9.0265e+10 9.2837e+10  2.85%  47.5 3335s
 56930 30799 9.2693e+10   61  410 9.0265e+10 9.2837e+10  2.85%  47.5 3340s
 57118 30957 9.0984e+10   73  303 9.0265e+10 9.2837e+10  2.85%  47.4 3345s
 57243 31058 9.0984e+10   77  195 9.0265e+10 9.2837e+10  2.85%  47.5 3350s
 57403 31193 9.0984e+10  101  207 9.0265e+10 9.2837e+10  2.85%  47.5 3355s
 57594 31360 9.0984e+10   99  167 9.0265e+10 9.2837e+10  2.85%  47.5 3360s
 57786 31519 9.0984e+10   84  178 9.0265e+10 9.2837e+10  2.85%  47.4 3365s
 57915 31636 9.0984e+10  167   67 9.0265e+10 9.2837e+10  2.85%  47.5 3370s
 58031 31713 9.2802e+10   61  395 9.0265e+10 9.2837e+10  2.85%  47.6 3375s
 58138 31788 9.2547e+10   63  269 9.0265e+10 9.2834e+10  2.85%  47.6 3380s
 58274 31908 9.2389e+10   61  365 9.0265e+10 9.2834e+10  2.85%  47.7 3385s
 58414 32020 9.1329e+10   94  169 9.0265e+10 9.2834e+10  2.85%  47.7 3390s
 58593 32162 9.0984e+10   69  225 9.0265e+10 9.2834e+10  2.85%  47.6 3395s
 58725 32273 9.2450e+10   60  362 9.0265e+10 9.2834e+10  2.85%  47.7 3400s
 58879 32405 9.1329e+10   91  170 9.0265e+10 9.2832e+10  2.84%  47.7 3405s
 59036 32545 9.0984e+10  144   80 9.0265e+10 9.2829e+10  2.84%  47.7 3410s
 59251 32723 9.0984e+10  192  132 9.0265e+10 9.2829e+10  2.84%  47.7 3415s
 59411 32860 infeasible  137      9.0265e+10 9.2828e+10  2.84%  47.7 3420s
 59471 32880 9.1176e+10   61  279 9.0265e+10 9.2827e+10  2.84%  47.8 3425s
 59664 33047 9.2354e+10   65  255 9.0265e+10 9.2823e+10  2.83%  47.8 3430s
 59855 33208 9.0984e+10   72  195 9.0265e+10 9.2823e+10  2.83%  47.7 3435s
 59991 33326 9.2738e+10   64  253 9.0265e+10 9.2823e+10  2.83%  47.8 3440s
 60140 33469 9.0984e+10  130  130 9.0265e+10 9.2823e+10  2.83%  47.9 3445s
 60258 33542 9.0984e+10   86  164 9.0265e+10 9.2823e+10  2.83%  48.0 3450s
 60401 33663 9.0984e+10  112  123 9.0265e+10 9.2823e+10  2.83%  48.0 3455s
 60535 33771 9.0984e+10  105  164 9.0265e+10 9.2823e+10  2.83%  48.0 3460s
 60684 33888 9.0984e+10  133  130 9.0265e+10 9.2823e+10  2.83%  48.0 3465s
 60847 34027 9.0984e+10  133  177 9.0265e+10 9.2823e+10  2.83%  48.0 3470s
 60992 34121 9.2394e+10   65  326 9.0265e+10 9.2823e+10  2.83%  48.0 3475s
 61142 34256 9.0984e+10   90  264 9.0265e+10 9.2823e+10  2.83%  48.0 3480s
 61212 34324 9.0984e+10  151   90 9.0265e+10 9.2823e+10  2.83%  48.0 3488s
 61234 34330 9.2430e+10   66  236 9.0265e+10 9.2823e+10  2.83%  48.0 3490s
 61424 34494 9.2354e+10   67  275 9.0265e+10 9.2823e+10  2.83%  47.9 3495s
 61604 34648 9.0984e+10  107  138 9.0265e+10 9.2820e+10  2.83%  47.9 3500s
 61788 34810 9.0984e+10  188  113 9.0265e+10 9.2820e+10  2.83%  47.9 3505s
 61946 34922 9.1329e+10   64  195 9.0265e+10 9.2818e+10  2.83%  47.8 3510s
 62126 35101 9.1329e+10   86  168 9.0265e+10 9.2818e+10  2.83%  47.8 3515s
 62226 35186 9.1329e+10  101  136 9.0265e+10 9.2818e+10  2.83%  48.0 3520s
 62488 35404 9.1329e+10  148   24 9.0265e+10 9.2818e+10  2.83%  47.9 3525s
 62615 35485 9.0984e+10  132  235 9.0265e+10 9.2818e+10  2.83%  47.9 3530s
 62727 35581 9.0984e+10  120  125 9.0265e+10 9.2818e+10  2.83%  48.0 3535s
 62848 35687 9.0984e+10  144  100 9.0265e+10 9.2818e+10  2.83%  48.0 3540s
 63007 35833 9.0984e+10  154  148 9.0265e+10 9.2818e+10  2.83%  47.9 3545s
 63131 35925 9.0984e+10   83  227 9.0265e+10 9.2818e+10  2.83%  48.0 3550s
 63280 36047 9.0984e+10  151  241 9.0265e+10 9.2818e+10  2.83%  48.0 3555s
 63480 36218 9.0984e+10  120  162 9.0265e+10 9.2815e+10  2.83%  47.9 3560s
 63608 36317 9.1329e+10  150  107 9.0265e+10 9.2815e+10  2.83%  48.0 3565s
 63735 36420 9.0984e+10  108  171 9.0265e+10 9.2809e+10  2.82%  48.0 3570s
 63899 36568 9.1329e+10   98  141 9.0265e+10 9.2809e+10  2.82%  48.0 3575s
 64109 36736 9.0984e+10   98  133 9.0265e+10 9.2809e+10  2.82%  47.9 3580s
 64302 36907 9.1329e+10   81  129 9.0265e+10 9.2809e+10  2.82%  47.9 3585s
 64480 37059 9.2615e+10   59  200 9.0265e+10 9.2809e+10  2.82%  47.8 3590s

Cutting planes:
  Learned: 3
  Gomory: 21
  Cover: 238
  Implied bound: 156
  Projected implied bound: 24
  Clique: 6
  MIR: 86
  Mixing: 1
  StrongCG: 2
  Flow cover: 366
  GUB cover: 1
  Inf proof: 35
  Zero half: 22
  RLT: 43
  Relax-and-lift: 94

Explored 64631 nodes (3216659 simplex iterations) in 3594.08 seconds (1948.99 work units)
Thread count was 1 (of 28 available processors)

Solution count 10: 9.02651e+10 8.88251e+10 8.03147e+10 ... 6.24587e+10

Time limit reached
Best objective 9.026506044000e+10, best bound 9.280914605418e+10, gap 2.8185%

User-callback calls 1366716, time in user-callback 0.94 sec