Gurobi Optimizer version 12.0.3 build v12.0.3rc0 (linux64 - "Oracle Linux Server 9.4")

CPU model: Intel(R) Xeon(R) CPU E5-2660 v4 @ 2.00GHz, instruction set [SSE2|AVX|AVX2]
Thread count: 28 physical cores, 28 logical processors, using up to 1 threads

Non-default parameters:
TimeLimit  3594.675174622
SoftMemLimit  16
NumericFocus  1
Threads  1

Academic license 2690100 - for non-commercial use only - registered to ju___@uclm.es
Optimize a model with 72832 rows, 16561 columns and 314248 nonzeros
Model fingerprint: 0x8358fe06
Variable types: 138 continuous, 16423 integer (16423 binary)
Coefficient statistics:
  Matrix range     [1e+00, 6e+12]
  Objective range  [3e+08, 1e+09]
  Bounds range     [1e+03, 1e+04]
  RHS range        [1e+00, 2e+14]
Warning: Model contains large matrix coefficient range
Warning: Model contains large objective coefficients
Warning: Model contains large rhs
Found heuristic solution: objective -0.0000000
Presolve removed 36572 rows and 6244 columns (presolve time = 5s)...
Presolve removed 36572 rows and 6244 columns
Presolve time: 5.09s
Presolved: 36260 rows, 10317 columns, 131778 nonzeros
Variable types: 130 continuous, 10187 integer (10187 binary)
Root relaxation presolved: 36260 rows, 10317 columns, 131778 nonzeros


Root simplex log...

Iteration    Objective       Primal Inf.    Dual Inf.      Time
       0    8.3092182e+10   4.679268e+04   0.000000e+00      5s
    5200    7.8138946e+10   0.000000e+00   0.000000e+00      7s

Root relaxation: objective 7.813895e+10, 5200 iterations, 1.60 seconds (1.36 work units)

    Nodes    |    Current Node    |     Objective Bounds      |     Work
 Expl Unexpl |  Obj  Depth IntInf | Incumbent    BestBd   Gap | It/Node Time

     0     0 7.8139e+10    0  927   -0.00000 7.8139e+10      -     -   11s
H    0     0                    2.638318e+09 7.8139e+10  2862%     -   12s
H    0     0                    8.727058e+09 7.8139e+10   795%     -   12s
     0     0 7.8139e+10    0  984 8.7271e+09 7.8139e+10   795%     -   16s
     0     0 7.8139e+10    0  886 8.7271e+09 7.8139e+10   795%     -   16s
H    0     0                    9.897058e+09 7.8139e+10   690%     -   16s
H    0     0                    1.043106e+10 7.8139e+10   649%     -   16s
     0     0 7.7935e+10    0 1071 1.0431e+10 7.7935e+10   647%     -   19s
     0     0 7.7935e+10    0  998 1.0431e+10 7.7935e+10   647%     -   19s
     0     0 7.7817e+10    0  939 1.0431e+10 7.7817e+10   646%     -   20s
     0     0 7.7817e+10    0  963 1.0431e+10 7.7817e+10   646%     -   20s
     0     0 7.7531e+10    0  922 1.0431e+10 7.7531e+10   643%     -   24s
H    0     0                    2.888078e+10 7.7289e+10   168%     -   25s
H    0     0                    3.005078e+10 7.7289e+10   157%     -   25s
     0     0 7.7120e+10    0  946 3.0051e+10 7.7120e+10   157%     -   25s
     0     0 7.7120e+10    0  947 3.0051e+10 7.7120e+10   157%     -   25s
     0     0 7.7116e+10    0  971 3.0051e+10 7.7116e+10   157%     -   26s
H    0     0                    3.122078e+10 7.6909e+10   146%     -   27s
     0     0 7.6909e+10    0  985 3.1221e+10 7.6909e+10   146%     -   27s
     0     0 7.6909e+10    0  942 3.1221e+10 7.6909e+10   146%     -   28s
     0     0 7.6909e+10    0  937 3.1221e+10 7.6909e+10   146%     -   29s
H    0     0                    3.751825e+10 7.6909e+10   105%     -   29s
H    0     0                    3.868825e+10 7.6909e+10  98.8%     -   29s
     0     0 7.6909e+10    0  963 3.8688e+10 7.6909e+10  98.8%     -   29s
     0     0 7.6909e+10    0  917 3.8688e+10 7.6909e+10  98.8%     -   29s
     0     0 7.6909e+10    0  986 3.8688e+10 7.6909e+10  98.8%     -   30s
     0     0 7.6909e+10    0 1032 3.8688e+10 7.6909e+10  98.8%     -   31s
     0     0 7.6909e+10    0 1069 3.8688e+10 7.6909e+10  98.8%     -   32s
     0     0 7.6909e+10    0 1056 3.8688e+10 7.6909e+10  98.8%     -   32s
     0     0 7.6909e+10    0 1015 3.8688e+10 7.6909e+10  98.8%     -   32s
     0     0 7.6909e+10    0 1030 3.8688e+10 7.6909e+10  98.8%     -   33s
     0     0 7.6909e+10    0  985 3.8688e+10 7.6909e+10  98.8%     -   34s
     0     0 7.6909e+10    0  933 3.8688e+10 7.6909e+10  98.8%     -   34s
     0     0 7.6909e+10    0  917 3.8688e+10 7.6909e+10  98.8%     -   35s
     0     0 7.6909e+10    0  921 3.8688e+10 7.6909e+10  98.8%     -   36s
     0     0 7.6909e+10    0 1008 3.8688e+10 7.6909e+10  98.8%     -   37s
     0     0 7.6909e+10    0  969 3.8688e+10 7.6909e+10  98.8%     -   37s
     0     0 7.6909e+10    0  921 3.8688e+10 7.6909e+10  98.8%     -   37s
     0     0 7.6909e+10    0  909 3.8688e+10 7.6909e+10  98.8%     -   40s
     0     0 7.6909e+10    0  891 3.8688e+10 7.6909e+10  98.8%     -   40s
     0     0 7.6909e+10    0  991 3.8688e+10 7.6909e+10  98.8%     -   42s
H    0     0                    4.483657e+10 7.6909e+10  71.5%     -   43s
     0     0 7.6909e+10    0 1000 4.4837e+10 7.6909e+10  71.5%     -   44s
     0     0 7.6909e+10    0  875 4.4837e+10 7.6909e+10  71.5%     -   44s
     0     0 7.6909e+10    0 1045 4.4837e+10 7.6909e+10  71.5%     -   46s
     0     0 7.6909e+10    0  968 4.4837e+10 7.6909e+10  71.5%     -   46s
     0     0 7.6909e+10    0  942 4.4837e+10 7.6909e+10  71.5%     -   48s
     0     0 7.6909e+10    0 1006 4.4837e+10 7.6909e+10  71.5%     -   48s
     0     0 7.6909e+10    0  980 4.4837e+10 7.6909e+10  71.5%     -   51s
     0     0 7.6909e+10    0  956 4.4837e+10 7.6909e+10  71.5%     -   51s
     0     0 7.6909e+10    0  976 4.4837e+10 7.6909e+10  71.5%     -   52s
     0     0 7.6909e+10    0  983 4.4837e+10 7.6909e+10  71.5%     -   53s
     0     0 7.6909e+10    0  929 4.4837e+10 7.6909e+10  71.5%     -   54s
     0     0 7.6909e+10    0  930 4.4837e+10 7.6909e+10  71.5%     -   55s
     0     0 7.6909e+10    0  955 4.4837e+10 7.6909e+10  71.5%     -   56s
     0     2 7.6909e+10    0  954 4.4837e+10 7.6909e+10  71.5%     -   60s
    26    28 7.6101e+10   19  501 4.4837e+10 7.6889e+10  71.5%   392   71s
   115    97 7.5091e+10   76  268 4.4837e+10 7.6889e+10  71.5%   103   75s
H  163   122                    4.826005e+10 7.6889e+10  59.3%  80.3   77s
H  163   122                    4.957921e+10 7.6889e+10  55.1%  80.3   77s
H  217   150                    5.485584e+10 7.6889e+10  40.2%  65.7   79s
   218   153 7.5091e+10  136  290 5.4856e+10 7.6889e+10  40.2%  65.6   80s
   257   167 7.6841e+10    2  929 5.4856e+10 7.6885e+10  40.2%  70.1   85s
   298   208 7.6746e+10   41  430 5.4856e+10 7.6885e+10  40.2%  77.7   90s
H  325   231                    5.725542e+10 7.6885e+10  34.3%  77.1   92s
   379   263 7.5724e+10   89  254 5.7255e+10 7.6885e+10  34.3%  68.6   98s
   408   276 7.5724e+10  105  308 5.7255e+10 7.6885e+10  34.3%  68.3  102s
   490   326 7.5724e+10  147  292 5.7255e+10 7.6885e+10  34.3%  62.9  105s
   620   387 7.5970e+10   21  441 5.7255e+10 7.6866e+10  34.3%  61.0  110s
   663   426 7.5962e+10   28  955 5.7255e+10 7.6866e+10  34.3%  57.9  141s
   665   427 7.5970e+10   17 1000 5.7255e+10 7.6866e+10  34.3%  57.7  158s
   666   428 7.5962e+10   42 1062 5.7255e+10 7.6866e+10  34.3%  57.6  176s
   667   429 7.6849e+10   11 1091 5.7255e+10 7.6866e+10  34.3%  57.5  182s
   668   429 7.6746e+10   44 1074 5.7255e+10 7.6866e+10  34.3%  57.5  187s
H  668   407                    5.778942e+10 7.6866e+10  33.0%  57.5  195s
   674   411 7.6746e+10   37  992 5.7789e+10 7.6866e+10  33.0%  56.9  200s
   676   413 7.5091e+10   49  924 5.7789e+10 7.6866e+10  33.0%  56.8  211s
   677   413 7.5724e+10  121  878 5.7789e+10 7.6866e+10  33.0%  56.7  215s
   679   415 7.5091e+10  108  866 5.7789e+10 7.6866e+10  33.0%  56.5  226s
   680   415 7.5091e+10  143  906 5.7789e+10 7.6866e+10  33.0%  56.4  231s
   681   416 7.5091e+10   66  944 5.7789e+10 7.6866e+10  33.0%  56.4  239s
   682   417 7.5098e+10   35 1011 5.7789e+10 7.6866e+10  33.0%  56.3  247s
H  682   396                    5.910858e+10 7.6866e+10  30.0%  56.3  256s
   684   397 7.5724e+10   82 1005 5.9109e+10 7.6866e+10  30.0%  56.1  261s
   685   398 7.5091e+10   88  896 5.9109e+10 7.6866e+10  30.0%  56.0  270s
   686   398 7.5724e+10  194  903 5.9109e+10 7.6866e+10  30.0%  55.9  275s
   687   399 7.5724e+10  194  854 5.9109e+10 7.6866e+10  30.0%  55.9  290s
   688   400 7.5098e+10   32 1079 5.9109e+10 7.6866e+10  30.0%  55.8  298s
H  688   379                    6.042774e+10 7.6866e+10  27.2%  55.8  307s
   690   380 7.5724e+10  180 1212 6.0428e+10 7.6866e+10  27.2%  55.6  319s
   691   381 7.5724e+10  123 1071 6.0428e+10 7.6866e+10  27.2%  55.5  327s
   692   381 7.5724e+10   77 1021 6.0428e+10 7.6866e+10  27.2%  55.5  334s
   693   382 7.5098e+10   32 1021 6.0428e+10 7.6866e+10  27.2%  55.4  343s
   694   385 7.6866e+10   15 1002 6.0428e+10 7.6866e+10  27.2%   326  347s
   700   389 7.6866e+10   20  786 6.0428e+10 7.6866e+10  27.2%   329  350s
   719   401 7.6866e+10   38  439 6.0428e+10 7.6866e+10  27.2%   322  358s
   745   418 7.6866e+10   61  391 6.0428e+10 7.6866e+10  27.2%   313  364s
   747   419 7.6866e+10   63  408 6.0428e+10 7.6866e+10  27.2%   312  365s
   836   467 7.5091e+10  123  413 6.0428e+10 7.6866e+10  27.2%   284  370s
   909   505 7.5091e+10  170  315 6.0428e+10 7.6866e+10  27.2%   264  376s
   964   509 7.5091e+10  197  280 6.0428e+10 7.6866e+10  27.2%   251  383s
   992   520 7.5091e+10  212  279 6.0428e+10 7.6866e+10  27.2%   245  389s
  1008   518 infeasible  217      6.0428e+10 7.6866e+10  27.2%   242  390s
  1027   511 7.5970e+10   27  349 6.0428e+10 7.6866e+10  27.2%   248  395s
  1049   525 7.5970e+10   48  268 6.0428e+10 7.6866e+10  27.2%   244  400s
H 1076   522                    6.253206e+10 7.6866e+10  22.9%   239  408s
  1078   526 7.5962e+10   74  453 6.2532e+10 7.6866e+10  22.9%   240  410s
  1086   531 7.5962e+10   81  269 6.2532e+10 7.6866e+10  22.9%   240  415s
  1127   558 7.5962e+10  106  378 6.2532e+10 7.6866e+10  22.9%   236  420s
  1157   576 7.5962e+10  122  379 6.2532e+10 7.6866e+10  22.9%   233  428s
  1174   588 7.5962e+10  132  338 6.2532e+10 7.6866e+10  22.9%   231  430s
  1192   600 7.5962e+10  142  253 6.2532e+10 7.6866e+10  22.9%   229  443s
  1212   599 7.5962e+10  149  259 6.2532e+10 7.6866e+10  22.9%   226  451s
  1239   607 7.5962e+10  161  206 6.2532e+10 7.6866e+10  22.9%   222  457s
  1254   613 7.5962e+10  170  230 6.2532e+10 7.6866e+10  22.9%   220  461s
  1266   621 7.5962e+10  177  203 6.2532e+10 7.6866e+10  22.9%   218  467s
  1289   634 7.5962e+10  189  147 6.2532e+10 7.6866e+10  22.9%   215  470s
  1320   651 7.5962e+10  204  128 6.2532e+10 7.6866e+10  22.9%   211  479s
  1331   648 infeasible  207      6.2532e+10 7.6866e+10  22.9%   210  480s
  1347   649 7.5970e+10   70  449 6.2532e+10 7.6866e+10  22.9%   210  487s
  1392   679 7.5970e+10   98  347 6.2532e+10 7.6866e+10  22.9%   205  490s
  1477   733 7.5962e+10  147  304 6.2532e+10 7.6866e+10  22.9%   198  495s
  1533   760 7.5962e+10  179  215 6.2532e+10 7.6866e+10  22.9%   197  500s
  1605   786 7.5970e+10   97  227 6.2532e+10 7.6866e+10  22.9%   191  505s
  1687   837 7.5962e+10  141  212 6.2532e+10 7.6866e+10  22.9%   186  510s
  1732   864 7.5962e+10  165  199 6.2532e+10 7.6866e+10  22.9%   185  518s
  1747   870 7.5962e+10  173  178 6.2532e+10 7.6866e+10  22.9%   184  520s
  1811   888 7.5731e+10   67  375 6.2532e+10 7.6866e+10  22.9%   182  525s
  1887   964 7.5724e+10  116  333 6.2532e+10 7.6866e+10  22.9%   178  530s
  1959  1030 infeasible  153      6.2532e+10 7.6866e+10  22.9%   175  535s
  1975  1045 7.5724e+10  162  206 6.2532e+10 7.6866e+10  22.9%   174  545s
  1989  1055 7.5724e+10  168  182 6.2532e+10 7.6866e+10  22.9%   174  550s
  2071  1118 7.5724e+10  208  153 6.2532e+10 7.6866e+10  22.9%   168  555s
H 2076  1118                    6.517038e+10 7.6866e+10  17.9%   168  555s
H 2076  1117                    6.804743e+10 7.6866e+10  13.0%   168  555s
  2126  1152 7.5970e+10   51  302 6.8047e+10 7.6866e+10  13.0%   165  560s
  2229  1255 7.5970e+10   99  209 6.8047e+10 7.6866e+10  13.0%   161  565s
  2338  1358 7.5962e+10  144  219 6.8047e+10 7.6866e+10  13.0%   155  570s
  2416  1412 7.5962e+10  173  152 6.8047e+10 7.6866e+10  13.0%   152  575s
  2451  1425 7.5962e+10  184  126 6.8047e+10 7.6866e+10  13.0%   150  580s
  2522  1465 7.5962e+10  204   96 6.8047e+10 7.6866e+10  13.0%   147  585s
  2594  1479 7.5970e+10   58  380 6.8047e+10 7.6866e+10  13.0%   145  590s
  2673  1558 7.5970e+10  110  275 6.8047e+10 7.6866e+10  13.0%   142  595s
  2775  1660 7.5970e+10  169  195 6.8047e+10 7.6866e+10  13.0%   138  600s
  2855  1736 7.5962e+10  184  186 6.8047e+10 7.6866e+10  13.0%   136  605s
  2872  1753 7.5962e+10  190  170 6.8047e+10 7.6866e+10  13.0%   136  611s
  2923  1800 7.5962e+10  201  169 6.8047e+10 7.6866e+10  13.0%   135  615s
  2987  1852 7.5962e+10  220  165 6.8047e+10 7.6866e+10  13.0%   133  620s
  3051  1905 7.5962e+10  237  119 6.8047e+10 7.6866e+10  13.0%   131  625s
  3130  1972 7.5962e+10  254  115 6.8047e+10 7.6866e+10  13.0%   129  630s
  3141  1983 7.5962e+10  257  121 6.8047e+10 7.6866e+10  13.0%   129  649s
  3152  1994 7.5962e+10  260  119 6.8047e+10 7.6866e+10  13.0%   128  650s
  3205  2025 7.5970e+10   58  410 6.8047e+10 7.6866e+10  13.0%   128  655s
  3223  2043 7.5970e+10   75  310 6.8047e+10 7.6866e+10  13.0%   127  662s
  3255  2075 7.5970e+10  107  295 6.8047e+10 7.6866e+10  13.0%   126  665s
  3319  2139 7.5962e+10  148  283 6.8047e+10 7.6866e+10  13.0%   125  670s
  3413  2233 7.5962e+10  171  204 6.8047e+10 7.6866e+10  13.0%   125  675s
  3509  2315 7.5962e+10  190  220 6.8047e+10 7.6866e+10  13.0%   123  680s
  3601  2399 7.5962e+10  211  185 6.8047e+10 7.6866e+10  13.0%   121  685s
  3677  2471 7.5962e+10  237  220 6.8047e+10 7.6866e+10  13.0%   119  690s
  3746  2508 7.5970e+10   88  259 6.8047e+10 7.6866e+10  13.0%   118  695s
  3803  2565 7.5962e+10  124  215 6.8047e+10 7.6866e+10  13.0%   117  701s
  3864  2626 7.5962e+10  136  208 6.8047e+10 7.6866e+10  13.0%   117  705s
  3941  2700 7.5962e+10  166  237 6.8047e+10 7.6866e+10  13.0%   120  719s
  3942  2701 7.5962e+10  166  225 6.8047e+10 7.6866e+10  13.0%   120  724s
  3947  2706 7.5962e+10  168  232 6.8047e+10 7.6866e+10  13.0%   120  725s
  4045  2796 infeasible  198      6.8047e+10 7.6866e+10  13.0%   119  730s
  4105  2853 7.5962e+10  218  193 6.8047e+10 7.6866e+10  13.0%   119  735s
  4213  2957 7.5962e+10  237  211 6.8047e+10 7.6866e+10  13.0%   119  740s
  4287  3023 infeasible  262      6.8047e+10 7.6866e+10  13.0%   119  745s
  4348  3068 7.5970e+10   91  287 6.8047e+10 7.6866e+10  13.0%   119  750s
  4461  3181 7.5962e+10  134  188 6.8047e+10 7.6866e+10  13.0%   118  757s
  4510  3230 7.5962e+10  155  205 6.8047e+10 7.6866e+10  13.0%   117  760s
  4666  3376 7.5962e+10  204  159 6.8047e+10 7.6866e+10  13.0%   114  765s
  4784  3473 7.5962e+10  231   78 6.8047e+10 7.6866e+10  13.0%   112  770s
  4912  3580 7.5962e+10  260   26 6.8047e+10 7.6866e+10  13.0%   110  778s
  4932  3578 infeasible   42      6.8047e+10 7.6866e+10  13.0%   110  780s
  5006  3652 7.5962e+10  100  260 6.8047e+10 7.6866e+10  13.0%   110  785s
  5090  3736 7.5962e+10  154  245 6.8047e+10 7.6866e+10  13.0%   110  790s
  5101  3747 7.5962e+10  156  243 6.8047e+10 7.6866e+10  13.0%   109  807s
  5176  3821 7.5962e+10  173  311 6.8047e+10 7.6866e+10  13.0%   109  810s
  5292  3917 7.5962e+10  215  171 6.8047e+10 7.6866e+10  13.0%   108  815s
  5443  4055 7.5962e+10  246   87 6.8047e+10 7.6866e+10  13.0%   106  820s
  5526  4110 7.5962e+10  270   44 6.8047e+10 7.6866e+10  13.0%   105  827s
  5558  4134 7.5970e+10   66  215 6.8047e+10 7.6866e+10  13.0%   105  830s
  5677  4251 7.5962e+10  176  203 6.8047e+10 7.6866e+10  13.0%   104  835s
  5792  4338 7.2452e+10  262  161 6.8047e+10 7.6866e+10  13.0%   103  840s
  5867  4397 7.5970e+10   83  336 6.8047e+10 7.6866e+10  13.0%   102  845s
  5999  4529 7.5962e+10  215  214 6.8047e+10 7.6866e+10  13.0%   100  850s
  6021  4551 7.5962e+10  236  216 6.8047e+10 7.6866e+10  13.0%   100  860s
  6106  4636 7.5962e+10  319  207 6.8047e+10 7.6866e+10  13.0%  98.9  865s
  6251  4779 7.5962e+10  462  133 6.8047e+10 7.6866e+10  13.0%  97.0  870s
  6343  4870 7.5260e+10  549  316 6.8047e+10 7.6866e+10  13.0%  96.1  875s
  6394  4912 infeasible  575      6.8047e+10 7.6866e+10  13.0%  96.1  880s
  6441  4942 7.2608e+10  596  137 6.8047e+10 7.6866e+10  13.0%  96.4  885s
  6534  4968 7.5970e+10   48  294 6.8047e+10 7.6866e+10  13.0%  95.6  890s
  6617  5050 7.5962e+10  123  442 6.8047e+10 7.6866e+10  13.0%  95.8  895s
  6674  5107 7.5962e+10  173  196 6.8047e+10 7.6866e+10  13.0%  95.5  900s
  6766  5189 7.5962e+10  225  214 6.8047e+10 7.6866e+10  13.0%  95.1  905s
  6850  5256 7.5970e+10   99  229 6.8047e+10 7.6866e+10  13.0%  94.7  910s
  6890  5296 7.5970e+10  137  169 6.8047e+10 7.6866e+10  13.0%  94.4  926s
  6918  5324 7.5962e+10  161  133 6.8047e+10 7.6866e+10  13.0%  94.2  934s
  6929  5335 7.5962e+10  172  125 6.8047e+10 7.6866e+10  13.0%  94.0  935s
  6992  5396 7.5962e+10  213  224 6.8047e+10 7.6866e+10  13.0%  94.9 1005s
  7011  5415 7.5962e+10  236  211 6.8047e+10 7.6866e+10  13.0%  94.7 1010s
  7020  5424 7.5962e+10  245  183 6.8047e+10 7.6866e+10  13.0%  94.6 1015s
  7047  5451 7.5962e+10  272  128 6.8047e+10 7.6866e+10  13.0%  94.5 1021s
  7130  5518 7.5970e+10   37  361 6.8047e+10 7.6866e+10  13.0%  93.9 1025s
  7188  5576 7.5970e+10   95  211 6.8047e+10 7.6866e+10  13.0%  93.4 1030s
  7243  5631 7.5962e+10  150  313 6.8047e+10 7.6866e+10  13.0%  93.2 1035s
  7298  5684 7.5962e+10  204  234 6.8047e+10 7.6866e+10  13.0%  92.7 1040s
  7351  5721 7.5970e+10   46  186 6.8047e+10 7.6866e+10  13.0%  92.6 1047s
  7404  5774 7.5970e+10   99  172 6.8047e+10 7.6866e+10  13.0%  92.1 1050s
  7468  5838 7.5962e+10  126  136 6.8047e+10 7.6866e+10  13.0%  92.6 1055s
  7539  5907 7.5962e+10  159  305 6.8047e+10 7.6866e+10  13.0%  93.9 1060s
  7617  5985 7.5962e+10  190  165 6.8047e+10 7.6866e+10  13.0%  94.0 1069s
  7636  6002 7.5962e+10  206  130 6.8047e+10 7.6866e+10  13.0%  93.8 1070s
  7754  6113 7.5962e+10  240  110 6.8047e+10 7.6866e+10  13.0%  92.9 1075s
  7877  6215 7.5962e+10  265  126 6.8047e+10 7.6866e+10  13.0%  92.2 1080s
  7977  6275 7.5970e+10   34  412 6.8047e+10 7.6866e+10  13.0%  91.5 1085s
  8077  6373 7.5970e+10  119  275 6.8047e+10 7.6866e+10  13.0%  91.3 1090s
  8216  6510 7.5962e+10  243  126 6.8047e+10 7.6866e+10  13.0%  90.5 1095s
  8336  6622 7.5962e+10  347   81 6.8047e+10 7.6866e+10  13.0%  89.6 1100s
  8356  6642 7.5962e+10  366   80 6.8047e+10 7.6866e+10  13.0%  89.4 1106s
  8436  6711 7.5962e+10  437   57 6.8047e+10 7.6866e+10  13.0%  88.8 1110s
  8490  6749 7.5970e+10   62  284 6.8047e+10 7.6866e+10  13.0%  89.5 1115s
  8635  6893 7.5962e+10  205  146 6.8047e+10 7.6866e+10  13.0%  88.4 1120s
  8787  7034 7.5962e+10  347   78 6.8047e+10 7.6866e+10  13.0%  87.1 1125s
  8892  7121 7.5970e+10  121  233 6.8047e+10 7.6866e+10  13.0%  87.0 1130s
  8984  7207 7.5962e+10  199  144 6.8047e+10 7.6866e+10  13.0%  86.5 1135s
  9127  7328 7.5970e+10   52  492 6.8047e+10 7.6866e+10  13.0%  85.5 1140s
  9161  7360 7.5970e+10   65  369 6.8047e+10 7.6866e+10  13.0%  85.8 1145s
  9213  7404 7.5731e+10   86  326 6.8047e+10 7.6866e+10  13.0%  86.5 1150s
  9273  7460 7.5731e+10  100  344 6.8047e+10 7.6866e+10  13.0%  86.7 1155s
  9355  7514 7.5731e+10  124  255 6.8047e+10 7.6866e+10  13.0%  86.7 1160s
  9385  7516 7.5970e+10   30  459 6.8047e+10 7.6866e+10  13.0%  86.9 1166s
  9443  7574 7.5970e+10   88  271 6.8047e+10 7.6866e+10  13.0%  86.7 1170s
  9526  7655 7.5398e+10  170  233 6.8047e+10 7.6866e+10  13.0%  86.4 1175s
  9632  7739 7.5970e+10   76  252 6.8047e+10 7.6866e+10  13.0%  86.2 1180s
  9730  7826 7.5962e+10   60  408 6.8047e+10 7.6866e+10  13.0%  86.3 1185s
  9830  7922 7.5962e+10  141  185 6.8047e+10 7.6866e+10  13.0%  86.1 1190s
  9839  7930 7.5962e+10  147  203 6.8047e+10 7.6866e+10  13.0%  86.1 1209s
  9840  7931 7.5962e+10  148  204 6.8047e+10 7.6866e+10  13.0%  86.1 1213s
  9854  7945 7.5962e+10  160  186 6.8047e+10 7.6866e+10  13.0%  86.1 1215s
  9929  8018 7.5962e+10  216  164 6.8047e+10 7.6866e+10  13.0%  86.0 1220s
  9999  8088 7.5962e+10  283  192 6.8047e+10 7.6866e+10  13.0%  85.5 1226s
 10053  8122 7.5962e+10   60  300 6.8047e+10 7.6866e+10  13.0%  85.4 1230s
 10124  8191 7.5962e+10  111  291 6.8047e+10 7.6866e+10  13.0%  85.6 1235s
 10188  8236 7.5970e+10   59  455 6.8047e+10 7.6866e+10  13.0%  86.4 1240s
 10203  8250 7.5962e+10  242  955 6.8047e+10 7.6866e+10  13.0%  86.3 1488s
 10205  8251 7.5962e+10  169  799 6.8047e+10 7.6866e+10  13.0%  86.3 1513s
 10206  8252 7.5962e+10  113  683 6.8047e+10 7.6866e+10  13.0%  86.3 1521s
 10207  8253 7.5970e+10   65 1038 6.8047e+10 7.6704e+10  12.7%  86.3 1527s
 10208  8253 7.5962e+10  209 1030 6.8047e+10 7.6704e+10  12.7%  86.3 1533s
 10209  8254 7.5962e+10  178 1056 6.8047e+10 7.6704e+10  12.7%  86.3 1561s
 10210  8255 7.5970e+10   84 1223 6.8047e+10 7.6704e+10  12.7%  86.3 1586s
 10211  8255 7.5970e+10  123 1096 6.8047e+10 7.6697e+10  12.7%  86.3 1614s
 10212  8256 7.5962e+10  194 1189 6.8047e+10 7.6697e+10  12.7%  86.3 1638s
 10213  8257 7.5962e+10  237 1102 6.8047e+10 7.6697e+10  12.7%  86.2 1664s
 10214  8257 7.5962e+10  172 1249 6.8047e+10 7.6697e+10  12.7%  86.2 1685s
 10215  8258 7.5962e+10  180 1073 6.8047e+10 7.6697e+10  12.7%  86.2 1705s
 10216  8259 7.5970e+10   67 1377 6.8047e+10 7.6697e+10  12.7%  86.2 1727s
 10217  8259 7.5091e+10  128 1183 6.8047e+10 7.6697e+10  12.7%  86.2 1744s
 10218  8260 7.5724e+10   92 1301 6.8047e+10 7.6697e+10  12.7%  86.2 1771s
 10219  8261 7.5970e+10  105 1111 6.8047e+10 7.6697e+10  12.7%  86.2 1798s
 10220  8261 7.5962e+10  532 1261 6.8047e+10 7.6697e+10  12.7%  86.2 1816s
 10221  8262 7.5962e+10  116 1086 6.8047e+10 7.6697e+10  12.7%  86.2 1843s
 10222  8263 7.5962e+10  134 1101 6.8047e+10 7.6697e+10  12.7%  86.2 1862s
 10223  8263 7.5970e+10   99 1012 6.8047e+10 7.6697e+10  12.7%  86.2 1887s
 10224  8264 7.5970e+10   31  881 6.8047e+10 7.6697e+10  12.7%  86.2 1907s
 10225  8265 7.5962e+10  252  881 6.8047e+10 7.6697e+10  12.7%  86.1 1911s
 10226  8267 7.6697e+10   26  814 6.8047e+10 7.6697e+10  12.7%   111 1922s
 10238  8275 7.6697e+10   36  558 6.8047e+10 7.6697e+10  12.7%   111 1925s
 10257  8288 7.6261e+10   52  466 6.8047e+10 7.6697e+10  12.7%   111 1930s
 10277  8301 7.6261e+10   69  451 6.8047e+10 7.6697e+10  12.7%   111 1940s
 10303  8317 7.6261e+10   91  390 6.8047e+10 7.6697e+10  12.7%   111 1968s
 10310  8321 7.6261e+10   97  384 6.8047e+10 7.6697e+10  12.7%   111 1970s
 10317  8326 7.6261e+10  102  347 6.8047e+10 7.6697e+10  12.7%   111 1975s
 10332  8334 7.6261e+10  113  325 6.8047e+10 7.6697e+10  12.7%   111 1980s
 10357  8349 7.5970e+10  128  296 6.8047e+10 7.6697e+10  12.7%   111 1985s
 10399  8375 7.5091e+10  157  213 6.8047e+10 7.6697e+10  12.7%   111 1990s
 10414  8385 7.5091e+10  166  231 6.8047e+10 7.6697e+10  12.7%   110 2000s
 10463  8416 7.5091e+10  193  149 6.8047e+10 7.6697e+10  12.7%   110 2005s
 10477  8426 7.5091e+10  200  113 6.8047e+10 7.6697e+10  12.7%   110 2010s
 10522  8436 7.5091e+10  224  107 6.8047e+10 7.6697e+10  12.7%   110 2022s
 10548  8433 7.5865e+10   41  685 6.8047e+10 7.6697e+10  12.7%   110 2025s
 10576  8452 7.5838e+10   65  452 6.8047e+10 7.6697e+10  12.7%   110 2030s
 10603  8470 7.5838e+10   90  245 6.8047e+10 7.6697e+10  12.7%   110 2035s
 10630  8488 7.5838e+10  107  246 6.8047e+10 7.6697e+10  12.7%   110 2048s
 10640  8492 7.5838e+10  113  350 6.8047e+10 7.6697e+10  12.7%   110 2050s
 10657  8504 7.5838e+10  127  323 6.8047e+10 7.6697e+10  12.7%   110 2059s
 10664  8506 7.5838e+10  131  304 6.8047e+10 7.6697e+10  12.7%   110 2060s
 10711  8538 7.5838e+10  159  216 6.8047e+10 7.6697e+10  12.7%   109 2085s
 10738  8554 7.5838e+10  173  166 6.8047e+10 7.6697e+10  12.7%   109 2094s
 10743  8557 7.5838e+10  175  200 6.8047e+10 7.6697e+10  12.7%   109 2095s
 10765  8562 7.5838e+10  187  176 6.8047e+10 7.6697e+10  12.7%   109 2107s
 10791  8574 7.5838e+10  201  164 6.8047e+10 7.6697e+10  12.7%   109 2110s
 10792  8575 7.5838e+10  202  172 6.8047e+10 7.6697e+10  12.7%   109 2116s
 10822  8580 7.5838e+10  219  111 6.8047e+10 7.6697e+10  12.7%   109 2120s
 10851  8579 7.5962e+10   37  527 6.8047e+10 7.6697e+10  12.7%   109 2125s
 10880  8598 7.5962e+10   61  402 6.8047e+10 7.6697e+10  12.7%   109 2130s
 10907  8616 7.5962e+10   86  340 6.8047e+10 7.6697e+10  12.7%   109 2160s
 10943  8640 7.5962e+10  119  279 6.8047e+10 7.6697e+10  12.7%   108 2165s
 10957  8650 7.5962e+10  127  290 6.8047e+10 7.6697e+10  12.7%   109 2175s
 10975  8662 7.5962e+10  139  272 6.8047e+10 7.6697e+10  12.7%   109 2180s
 10984  8668 7.5962e+10  143  320 6.8047e+10 7.6697e+10  12.7%   109 2191s
 11008  8683 7.5962e+10  156  227 6.8047e+10 7.6697e+10  12.7%   109 2195s
 11063  8715 7.5962e+10  185  201 6.8047e+10 7.6697e+10  12.7%   109 2200s
 11071  8721 7.5962e+10  189  194 6.8047e+10 7.6697e+10  12.7%   109 2207s
 11090  8713 7.5962e+10   44  396 6.8047e+10 7.6697e+10  12.7%   109 2210s
 11128  8739 7.5962e+10   76  577 6.8047e+10 7.6697e+10  12.7%   109 2215s
 11176  8767 7.5962e+10  101  293 6.8047e+10 7.6697e+10  12.7%   109 2220s
 11229  8800 7.5962e+10  128  223 6.8047e+10 7.6697e+10  12.7%   108 2225s
 11289  8830 7.5962e+10  160  215 6.8047e+10 7.6697e+10  12.7%   108 2230s
 11339  8853 7.5962e+10  187  172 6.8047e+10 7.6697e+10  12.7%   108 2235s
 11393  8863 7.5962e+10  215   98 6.8047e+10 7.6697e+10  12.7%   107 2240s
 11429  8876 7.5962e+10   60  334 6.8047e+10 7.6697e+10  12.7%   107 2245s
 11456  8893 7.5962e+10   79  483 6.8047e+10 7.6697e+10  12.7%   108 2250s
 11483  8911 7.5962e+10   98  268 6.8047e+10 7.6697e+10  12.7%   108 2262s
 11504  8925 7.5962e+10  113  256 6.8047e+10 7.6697e+10  12.7%   108 2265s
 11537  8945 7.5962e+10  135  205 6.8047e+10 7.6697e+10  12.7%   108 2270s
 11566  8963 7.5962e+10  155  211 6.8047e+10 7.6697e+10  12.7%   109 2275s
 11625  9000 7.5962e+10  185  139 6.8047e+10 7.6697e+10  12.7%   108 2280s
 11656  9001 7.5962e+10   34  428 6.8047e+10 7.6697e+10  12.7%   108 2285s
 11698  9027 7.5962e+10   68  247 6.8047e+10 7.6697e+10  12.7%   108 2290s
 11729  9047 7.5962e+10   92  365 6.8047e+10 7.6697e+10  12.7%   108 2295s
 11760  9066 7.5962e+10  118  294 6.8047e+10 7.6697e+10  12.7%   108 2300s
 11779  9067 7.5962e+10   40  359 6.8047e+10 7.6697e+10  12.7%   109 2305s
 11805  9084 7.5962e+10   57  389 6.8047e+10 7.6697e+10  12.7%   109 2318s
 11813  9089 7.5962e+10   65  377 6.8047e+10 7.6697e+10  12.7%   109 2320s
 11833  9103 7.5962e+10   84  323 6.8047e+10 7.6697e+10  12.7%   109 2328s
 11846  9111 7.5962e+10   95  319 6.8047e+10 7.6697e+10  12.7%   109 2330s
 11877  9132 7.5962e+10  113  298 6.8047e+10 7.6697e+10  12.7%   109 2335s
 11914  9151 infeasible  135      6.8047e+10 7.6697e+10  12.7%   109 2340s
 11963  9183 7.5962e+10  163  208 6.8047e+10 7.6697e+10  12.7%   109 2345s
 12004  9201 7.5962e+10  184  184 6.8047e+10 7.6697e+10  12.7%   109 2350s
 12048  9226 7.5962e+10  211  156 6.8047e+10 7.6697e+10  12.7%   109 2365s
 12090  9250 7.5962e+10  234   87 6.8047e+10 7.6697e+10  12.7%   108 2370s
 12138  9268 7.5962e+10  259   85 6.8047e+10 7.6697e+10  12.7%   108 2375s
 12188  9255 7.6323e+10   29  785 6.8047e+10 7.6697e+10  12.7%   108 2380s
 12206  9267 7.5962e+10   44  526 6.8047e+10 7.6697e+10  12.7%   108 2385s
 12243  9292 7.5962e+10   74  293 6.8047e+10 7.6697e+10  12.7%   108 2390s
 12284  9319 7.5962e+10  103  321 6.8047e+10 7.6697e+10  12.7%   108 2395s
 12318  9338 infeasible  124      6.8047e+10 7.6697e+10  12.7%   108 2400s
 12353  9361 7.5962e+10  147  195 6.8047e+10 7.6697e+10  12.7%   109 2405s
 12438  9401 7.4404e+10  196   82 6.8047e+10 7.6697e+10  12.7%   108 2410s
 12458  9396 7.6289e+10   32  667 6.8047e+10 7.6697e+10  12.7%   108 2415s
 12477  9409 7.5962e+10   49  419 6.8047e+10 7.6697e+10  12.7%   108 2420s
 12502  9426 7.5962e+10   60  376 6.8047e+10 7.6697e+10  12.7%   109 2425s
 12538  9450 7.5962e+10   93  260 6.8047e+10 7.6697e+10  12.7%   108 2430s
 12579  9477 7.5962e+10  133  223 6.8047e+10 7.6697e+10  12.7%   108 2435s
 12592  9486 7.5962e+10  136  285 6.8047e+10 7.6697e+10  12.7%   108 2444s
 12593  9486 7.5962e+10  137  227 6.8047e+10 7.6697e+10  12.7%   108 2445s
 12647  9520 7.5962e+10  165  178 6.8047e+10 7.6697e+10  12.7%   108 2450s
 12707  9560 7.5962e+10  179  154 6.8047e+10 7.6697e+10  12.7%   108 2455s
 12756  9587 7.5962e+10  193  134 6.8047e+10 7.6697e+10  12.7%   107 2460s
 12788  9598 7.5962e+10  208   89 6.8047e+10 7.6697e+10  12.7%   107 2471s
 12826  9618 7.5962e+10  215   80 6.8047e+10 7.6697e+10  12.7%   107 2475s
 12880  9648 7.5962e+10  229   83 6.8047e+10 7.6697e+10  12.7%   107 2480s
 12946  9668 7.5962e+10  246   45 6.8047e+10 7.6697e+10  12.7%   106 2485s
 12954  9663 7.6558e+10   28  873 6.8047e+10 7.6697e+10  12.7%   107 2490s
 12962  9668 7.6383e+10   36  685 6.8047e+10 7.6697e+10  12.7%   107 2495s
 12989  9686 7.5962e+10   56  476 6.8047e+10 7.6697e+10  12.7%   107 2509s
 12994  9690 7.5962e+10   60  422 6.8047e+10 7.6697e+10  12.7%   107 2510s
 13041  9721 7.5962e+10  103  329 6.8047e+10 7.6697e+10  12.7%   107 2515s
 13095  9757 7.5962e+10  146  233 6.8047e+10 7.6697e+10  12.7%   107 2520s
 13167  9805 7.5962e+10  184  178 6.8047e+10 7.6697e+10  12.7%   106 2525s
 13228  9846 7.5962e+10  203  155 6.8047e+10 7.6697e+10  12.7%   106 2530s
 13300  9886 7.5962e+10  223  141 6.8047e+10 7.6697e+10  12.7%   106 2535s
 13363  9924 7.5962e+10  237  114 6.8047e+10 7.6697e+10  12.7%   106 2540s
 13423  9946 7.5962e+10  255  120 6.8047e+10 7.6697e+10  12.7%   105 2545s
 13516  9956 7.6697e+10   26 1048 6.8047e+10 7.6697e+10  12.7%   105 2553s
 13517  9956 7.6016e+10   27 1049 6.8047e+10 7.6697e+10  12.7%   105 2555s
 13531  9966 7.5962e+10   40  460 6.8047e+10 7.6697e+10  12.7%   105 2560s
 13560  9985 7.5962e+10   68  351 6.8047e+10 7.6697e+10  12.7%   105 2565s
 13601 10012 7.5962e+10  108  238 6.8047e+10 7.6697e+10  12.7%   105 2570s
 13633 10032 7.5962e+10  120  411 6.8047e+10 7.6697e+10  12.7%   105 2575s
 13680 10061 7.5962e+10  137  196 6.8047e+10 7.6697e+10  12.7%   105 2581s
 13735 10093 7.5962e+10  157  121 6.8047e+10 7.6697e+10  12.7%   105 2585s
 13771 10110 7.5962e+10  170  127 6.8047e+10 7.6697e+10  12.7%   104 2608s
 13772 10110 7.5962e+10  171  117 6.8047e+10 7.6697e+10  12.7%   104 2618s
 13773 10111 7.5962e+10  172  118 6.8047e+10 7.6697e+10  12.7%   104 2631s
 13823 10144 7.5962e+10  192  119 6.8047e+10 7.6697e+10  12.7%   104 2635s
 13880 10173 7.5962e+10  205  117 6.8047e+10 7.6697e+10  12.7%   104 2640s
 13966 10194 7.5962e+10  235   62 6.8047e+10 7.6697e+10  12.7%   104 2645s
 13991 10184 7.6558e+10   30 1013 6.8047e+10 7.6697e+10  12.7%   104 2650s
 14002 10192 7.5962e+10   39  531 6.8047e+10 7.6697e+10  12.7%   104 2655s
 14042 10218 7.5962e+10   79  298 6.8047e+10 7.6697e+10  12.7%   104 2670s
 14086 10244 infeasible  114      6.8047e+10 7.6697e+10  12.7%   104 2675s
 14114 10250 7.6016e+10   27 1227 6.8047e+10 7.6677e+10  12.7%   104 2681s
 14117 10252 7.6005e+10   30  953 6.8047e+10 7.6677e+10  12.7%   105 2685s
 14144 10270 7.5962e+10   54  384 6.8047e+10 7.6677e+10  12.7%   105 2690s
 14178 10289 7.5962e+10   83  327 6.8047e+10 7.6677e+10  12.7%   105 2695s
 14213 10312 7.5962e+10  118  214 6.8047e+10 7.6677e+10  12.7%   104 2700s
 14252 10338 7.5962e+10  151  186 6.8047e+10 7.6677e+10  12.7%   104 2705s
 14301 10368 7.5962e+10  177  180 6.8047e+10 7.6677e+10  12.7%   104 2710s
 14391 10428 7.5962e+10  200  132 6.8047e+10 7.6677e+10  12.7%   104 2715s
 14435 10451 7.5962e+10  210  105 6.8047e+10 7.6677e+10  12.7%   103 2722s
 14436 10452 7.5962e+10  210   97 6.8047e+10 7.6677e+10  12.7%   103 2729s
 14437 10453 7.5962e+10  208  128 6.8047e+10 7.6677e+10  12.7%   103 2734s
 14445 10458 7.5962e+10  211   96 6.8047e+10 7.6677e+10  12.7%   103 2735s
 14503 10483 7.5962e+10  226   69 6.8047e+10 7.6677e+10  12.7%   103 2740s
 14567 10491 7.5962e+10   35  539 6.8047e+10 7.6579e+10  12.5%   103 2745s
 14601 10514 7.5962e+10   65  401 6.8047e+10 7.6579e+10  12.5%   103 2750s
 14641 10541 7.5962e+10  104  329 6.8047e+10 7.6579e+10  12.5%   103 2755s
 14697 10578 7.5962e+10  141  233 6.8047e+10 7.6579e+10  12.5%   102 2760s
 14754 10616 7.5962e+10  162  232 6.8047e+10 7.6579e+10  12.5%   102 2778s
 14775 10630 7.5962e+10  167  250 6.8047e+10 7.6579e+10  12.5%   102 2780s
 14841 10670 7.5962e+10  187  199 6.8047e+10 7.6579e+10  12.5%   102 2785s
 14893 10689 7.5962e+10  213  105 6.8047e+10 7.6579e+10  12.5%   102 2790s
 14964 10699 7.5962e+10   32  737 6.8047e+10 7.6579e+10  12.5%   102 2795s
 14988 10715 7.5962e+10   54  339 6.8047e+10 7.6579e+10  12.5%   102 2800s
 15035 10746 7.5962e+10   98  337 6.8047e+10 7.6579e+10  12.5%   101 2805s
 15109 10796 7.5962e+10  166  261 6.8047e+10 7.6579e+10  12.5%   101 2810s
 15189 10843 7.5962e+10  210  151 6.8047e+10 7.6579e+10  12.5%   101 2815s
 15286 10908 7.5962e+10  239  130 6.8047e+10 7.6579e+10  12.5%   100 2820s
 15303 10913 infeasible  244      6.8047e+10 7.6579e+10  12.5%   100 2837s
 15340 10931 7.5962e+10  264  135 6.8047e+10 7.6579e+10  12.5%   100 2840s
 15394 10963 7.5962e+10  287  104 6.8047e+10 7.6579e+10  12.5%   100 2845s
 15442 10981 infeasible  309      6.8047e+10 7.6579e+10  12.5%   100 2850s
 15486 10976 7.2770e+10  322   38 6.8047e+10 7.6579e+10  12.5%  99.4 2855s
 15521 10982 7.5962e+10   50  455 6.8047e+10 7.6577e+10  12.5%  99.5 2860s
 15569 11010 7.5962e+10   85  257 6.8047e+10 7.6577e+10  12.5%  99.5 2865s
 15582 11013 7.5724e+10   41  453 6.8047e+10 7.6577e+10  12.5%   100 2870s
 15617 11034 7.5724e+10   74  270 6.8047e+10 7.6577e+10  12.5%   100 2875s
 15665 11060 7.5724e+10  116  255 6.8047e+10 7.6577e+10  12.5%   100 2880s
 15707 11086 7.5724e+10  155  270 6.8047e+10 7.6577e+10  12.5%  99.5 2885s
 15789 11141 7.5724e+10  234  141 6.8047e+10 7.6577e+10  12.5%  99.1 2890s
 15904 11214 7.5724e+10  342   51 6.8047e+10 7.6577e+10  12.5%  98.4 2895s
 15946 11206 7.5724e+10   41  351 6.8047e+10 7.6558e+10  12.5%  98.5 2900s
 15996 11239 7.5724e+10   91  265 6.8047e+10 7.6558e+10  12.5%  98.5 2905s
 16044 11269 7.5724e+10  136  278 6.8047e+10 7.6558e+10  12.5%  98.3 2910s
 16106 11310 7.5724e+10  192  178 6.8047e+10 7.6558e+10  12.5%  98.1 2915s
 16191 11367 7.5724e+10  273  166 6.8047e+10 7.6558e+10  12.5%  97.7 2920s
 16277 11424 7.5724e+10  359   77 6.8047e+10 7.6558e+10  12.5%  97.3 2925s
 16340 11435 7.6164e+10   31  776 6.8047e+10 7.6558e+10  12.5%  97.1 2931s
 16358 11447 7.6164e+10   43  497 6.8047e+10 7.6558e+10  12.5%  97.4 2935s
 16398 11474 7.6164e+10   73  328 6.8047e+10 7.6558e+10  12.5%  97.6 2940s
 16450 11509 7.6114e+10  104  490 6.8047e+10 7.6558e+10  12.5%  97.7 2945s
 16502 11543 7.5599e+10  142  303 6.8047e+10 7.6558e+10  12.5%  97.7 2950s
 16571 11587 7.5599e+10  181  254 6.8047e+10 7.6558e+10  12.5%  97.6 2955s
 16633 11623 7.5599e+10  215  261 6.8047e+10 7.6558e+10  12.5%  97.5 2960s
 16666 11623 7.6164e+10   35  719 6.8047e+10 7.6558e+10  12.5%  97.7 2965s
 16706 11649 7.6017e+10   67  427 6.8047e+10 7.6558e+10  12.5%  97.7 2970s
 16720 11659 7.6017e+10   81  414 6.8047e+10 7.6558e+10  12.5%  97.6 3046s
 16758 11684 7.6017e+10  118  366 6.8047e+10 7.6558e+10  12.5%  97.5 3050s
 16819 11724 7.5599e+10  175  321 6.8047e+10 7.6558e+10  12.5%  97.3 3055s
 16874 11760 7.5599e+10  229  167 6.8047e+10 7.6558e+10  12.5%  97.1 3060s
 16956 11815 7.5599e+10  311  177 6.8047e+10 7.6558e+10  12.5%  96.6 3065s
 16995 11841 7.5599e+10  343  115 6.8047e+10 7.6558e+10  12.5%  96.5 3070s
 17025 11845 7.5599e+10  354   38 6.8047e+10 7.6558e+10  12.5%  96.5 3075s
*17065 10824             392    7.559941e+10 7.6558e+10  1.27%  96.3 3076s
 17099 10834 7.5962e+10   60  348 7.5599e+10 7.6558e+10  1.27%  96.4 3080s
 17166 10879 7.5962e+10  127  301 7.5599e+10 7.6558e+10  1.27%  96.2 3085s
 17261 10942 7.5962e+10  222  230 7.5599e+10 7.6558e+10  1.27%  95.8 3090s
 17362 11010 7.5962e+10  323  138 7.5599e+10 7.6558e+10  1.27%  95.4 3095s
 17463 11077 7.5962e+10  424   79 7.5599e+10 7.6558e+10  1.27%  94.9 3100s
 17541 11125 infeasible  502      7.5599e+10 7.6558e+10  1.27%  94.6 3105s
*17567 10016             517    7.572365e+10 7.6558e+10  1.10%  94.5 3106s
 17579 10012 7.6448e+10   33  873 7.5724e+10 7.6558e+10  1.10%  94.6 3110s
 17600 10026 7.5962e+10   52  480 7.5724e+10 7.6558e+10  1.10%  94.9 3115s
 17648 10056 7.5962e+10   94  229 7.5724e+10 7.6558e+10  1.10%  94.9 3120s
 17703 10093 7.5962e+10  131  219 7.5724e+10 7.6558e+10  1.10%  95.0 3125s
 17759 10130 7.5962e+10  153  209 7.5724e+10 7.6558e+10  1.10%  95.2 3130s
 17813 10166 7.5962e+10  170  186 7.5724e+10 7.6558e+10  1.10%  95.2 3135s
 17875 10208 7.5962e+10  203  147 7.5724e+10 7.6558e+10  1.10%  95.0 3140s
 17924 10234 7.5962e+10  218  107 7.5724e+10 7.6558e+10  1.10%  94.8 3145s
 17994 10271 7.5962e+10  237   59 7.5724e+10 7.6558e+10  1.10%  94.6 3150s
 18024 10273 7.6024e+10   44  646 7.5724e+10 7.6558e+10  1.10%  94.7 3155s
 18092 10316 7.5962e+10  106  354 7.5724e+10 7.6558e+10  1.10%  94.6 3160s
 18143 10338 7.6359e+10   30 1000 7.5724e+10 7.6558e+10  1.10%  94.7 3165s
 18157 10348 7.6180e+10   44  817 7.5724e+10 7.6558e+10  1.10%  94.8 3170s
 18191 10366 7.5962e+10   73  289 7.5724e+10 7.6558e+10  1.10%  94.9 3175s
 18279 10425 7.5962e+10  158  242 7.5724e+10 7.6558e+10  1.10%  94.5 3180s
 18362 10480 7.5962e+10  237  266 7.5724e+10 7.6558e+10  1.10%  94.2 3185s
 18434 10528 7.5962e+10  290  179 7.5724e+10 7.6558e+10  1.10%  93.9 3190s
 18532 10592 7.5962e+10  386   36 7.5724e+10 7.6558e+10  1.10%  93.4 3195s
 18576 10579 7.6551e+10   30 1214 7.5724e+10 7.6558e+10  1.10%  93.4 3200s
 18587 10586 7.5962e+10   41  490 7.5724e+10 7.6558e+10  1.10%  93.7 3205s
 18654 10631 7.5962e+10  102  362 7.5724e+10 7.6558e+10  1.10%  93.6 3210s
 18706 10662 7.5962e+10  138  259 7.5724e+10 7.6558e+10  1.10%  93.7 3215s
 18796 10707 7.5962e+10  219  159 7.5724e+10 7.6558e+10  1.10%  93.4 3220s
 18891 10768 7.5962e+10  299  170 7.5724e+10 7.6558e+10  1.10%  93.1 3225s
 18978 10824 7.5962e+10  376   50 7.5724e+10 7.6558e+10  1.10%  92.8 3230s
 19009 10819 7.6448e+10   33 1091 7.5724e+10 7.6558e+10  1.10%  92.8 3235s
 19024 10827 7.6152e+10   40  899 7.5724e+10 7.6558e+10  1.10%  93.2 3240s
 19048 10841 7.5962e+10   53  456 7.5724e+10 7.6558e+10  1.10%  93.5 3245s
 19097 10869 7.5962e+10   77  275 7.5724e+10 7.6558e+10  1.10%  93.5 3250s
 19155 10893 7.5962e+10   99  261 7.5724e+10 7.6558e+10  1.10%  93.6 3255s
 19213 10915 7.5962e+10  125  194 7.5724e+10 7.6558e+10  1.10%  93.6 3260s
 19267 10919 7.5962e+10  140  171 7.5724e+10 7.6558e+10  1.10%  93.6 3265s
 19354 10971 7.5962e+10  172  109 7.5724e+10 7.6558e+10  1.10%  93.3 3270s
 19438 11005 7.5962e+10  194   93 7.5724e+10 7.6558e+10  1.10%  93.0 3275s
 19513 11018 7.5962e+10  215   64 7.5724e+10 7.6558e+10  1.10%  92.9 3280s
 19561 11011 7.6545e+10   29 1095 7.5724e+10 7.6558e+10  1.10%  92.9 3285s
 19572 11016 7.6533e+10   37  964 7.5724e+10 7.6558e+10  1.10%  93.1 3290s
 19595 11031 7.6120e+10   59  490 7.5724e+10 7.6558e+10  1.10%  93.1 3295s
 19659 11070 7.6022e+10  114  360 7.5724e+10 7.6558e+10  1.10%  93.0 3300s
 19731 11114 7.5962e+10  179  229 7.5724e+10 7.6558e+10  1.10%  92.9 3305s
 19770 11138 7.5962e+10  210  168 7.5724e+10 7.6558e+10  1.10%  93.0 3310s
 19824 11162 7.6372e+10   36  758 7.5724e+10 7.6551e+10  1.09%  92.9 3315s
 19866 11190 7.5962e+10   78  429 7.5724e+10 7.6551e+10  1.09%  93.0 3320s
 19949 11245 7.5962e+10  161  201 7.5724e+10 7.6551e+10  1.09%  92.8 3325s
 20036 11303 7.5962e+10  248  212 7.5724e+10 7.6551e+10  1.09%  92.5 3330s
 20176 11397 7.5962e+10  388   93 7.5724e+10 7.6551e+10  1.09%  91.9 3335s
 20255 11437 7.5962e+10  459   14 7.5724e+10 7.6551e+10  1.09%  91.6 3340s
 20279 11429 7.6533e+10   33 1076 7.5724e+10 7.6550e+10  1.09%  91.8 3345s
 20302 11445 7.6120e+10   55  550 7.5724e+10 7.6550e+10  1.09%  92.0 3350s
 20368 11489 7.6022e+10  118  329 7.5724e+10 7.6550e+10  1.09%  91.9 3355s
 20405 11511 7.5962e+10  124  955 7.5724e+10 7.6550e+10  1.09%  91.9 3469s
 20407 11512 7.5962e+10  179  980 7.5724e+10 7.6550e+10  1.09%  91.9 3481s
 20408 11513 7.5962e+10   86 1003 7.5724e+10 7.6550e+10  1.09%  91.9 3509s
 20409 11514 7.5962e+10  242 1074 7.5724e+10 7.6550e+10  1.09%  91.9 3515s
 20410 11514 7.5962e+10   68  930 7.5724e+10 7.6550e+10  1.09%  91.9 3545s
 20413 11516 7.5962e+10   67 1069 7.5724e+10 7.6550e+10  1.09%  91.9 3563s
 20414 11517 7.5838e+10  199 1113 7.5724e+10 7.6550e+10  1.09%  91.9 3590s

Cutting planes:
  Gomory: 4
  Cover: 231
  Implied bound: 613
  Projected implied bound: 1
  Clique: 62
  MIR: 42
  Mixing: 1
  Flow cover: 421
  GUB cover: 16
  Zero half: 227
  RLT: 175
  Relax-and-lift: 426
  BQP: 4

Explored 20414 nodes (2057329 simplex iterations) in 3595.03 seconds (2122.58 work units)
Thread count was 1 (of 28 available processors)

Solution count 10: 7.57236e+10 7.55994e+10 6.80474e+10 ... 5.48558e+10

Time limit reached
Best objective 7.572364776000e+10, best bound 7.654971470400e+10, gap 1.0909%

User-callback calls 968131, time in user-callback 0.68 sec