Gurobi Optimizer version 12.0.3 build v12.0.3rc0 (linux64 - "Oracle Linux Server 9.4")

CPU model: Intel(R) Xeon(R) CPU E5-2660 v4 @ 2.00GHz, instruction set [SSE2|AVX|AVX2]
Thread count: 28 physical cores, 28 logical processors, using up to 1 threads

Non-default parameters:
TimeLimit  3594.718635012
SoftMemLimit  16
NumericFocus  1
Threads  1

Academic license 2690100 - for non-commercial use only - registered to ju___@uclm.es
Optimize a model with 72601 rows, 16688 columns and 289497 nonzeros
Model fingerprint: 0xc28158fd
Variable types: 140 continuous, 16548 integer (16548 binary)
Coefficient statistics:
  Matrix range     [1e+00, 6e+12]
  Objective range  [1e+09, 2e+09]
  Bounds range     [1e+03, 1e+04]
  RHS range        [1e+00, 2e+14]
Warning: Model contains large matrix coefficient range
Warning: Model contains large objective coefficients
Warning: Model contains large rhs
Found heuristic solution: objective -0.0000000
Presolve removed 20441 rows and 2426 columns
Presolve time: 1.82s
Presolved: 52160 rows, 14262 columns, 187608 nonzeros
Variable types: 140 continuous, 14122 integer (14122 binary)
Root relaxation presolved: 52160 rows, 14262 columns, 187608 nonzeros


Root relaxation: objective 9.113400e+10, 4805 iterations, 2.03 seconds (1.77 work units)
Total elapsed time = 9.14s (DegenMoves)

    Nodes    |    Current Node    |     Objective Bounds      |     Work
 Expl Unexpl |  Obj  Depth IntInf | Incumbent    BestBd   Gap | It/Node Time

     0     0 9.1134e+10    0  422   -0.00000 9.1134e+10      -     -   13s
H    0     0                    3.571200e+09 9.1134e+10  2452%     -   13s
H    0     0                    8.928000e+09 9.1134e+10   921%     -   13s
     0     0 9.1134e+10    0  552 8.9280e+09 9.1134e+10   921%     -   17s
H    0     0                    1.071360e+10 9.1134e+10   751%     -   17s
     0     0 9.1134e+10    0  558 1.0714e+10 9.1134e+10   751%     -   17s
     0     0 9.1134e+10    0  485 1.0714e+10 9.1134e+10   751%     -   26s
H    0     0                    5.646600e+10 9.1134e+10  61.4%     -   27s
H    0     0                    5.825160e+10 9.1134e+10  56.4%     -   27s
     0     0 9.1134e+10    0  583 5.8252e+10 9.1134e+10  56.4%     -   29s
     0     0 9.1134e+10    0  521 5.8252e+10 9.1134e+10  56.4%     -   35s
H    0     0                    6.003720e+10 9.1134e+10  51.8%     -   35s
     0     0 9.1134e+10    0  614 6.0037e+10 9.1134e+10  51.8%     -   38s
     0     0 9.1134e+10    0  362 6.0037e+10 9.1134e+10  51.8%     -   51s
H    0     0                    6.416280e+10 9.1134e+10  42.0%     -   53s
     0     0 9.1134e+10    0  362 6.4163e+10 9.1134e+10  42.0%     -   53s
     0     0 9.1134e+10    0  842 6.4163e+10 9.1134e+10  42.0%     -   84s
H    0     0                    6.533280e+10 9.1134e+10  39.5%     -   84s
     0     0 9.1134e+10    0  872 6.5333e+10 9.1134e+10  39.5%     -   86s
     0     0 9.1134e+10    0  818 6.5333e+10 9.1134e+10  39.5%     -   99s
H    0     0                    6.890400e+10 9.1134e+10  32.3%     -  100s
     0     0 9.1134e+10    0  811 6.8904e+10 9.1134e+10  32.3%     -  103s
     0     0 9.1134e+10    0  128 6.8904e+10 9.1134e+10  32.3%     -  116s
     0     0 9.1134e+10    0  423 6.8904e+10 9.1134e+10  32.3%     -  117s
     0     0 9.1134e+10    0  901 6.8904e+10 9.1134e+10  32.3%     -  127s
     0     0 9.1134e+10    0  729 6.8904e+10 9.1134e+10  32.3%     -  147s
H    0     0                    7.296840e+10 9.1134e+10  24.9%     -  158s
H    0     0                    7.475400e+10 9.1134e+10  21.9%     -  158s
     0     2 9.1134e+10    0  480 7.4754e+10 9.1134e+10  21.9%     -  176s
     6     8 9.1134e+10    3  776 7.4754e+10 9.1134e+10  21.9%  4679  180s
    21    23 9.1134e+10   11  747 7.4754e+10 9.1134e+10  21.9%  2091  185s
    26    28 9.1134e+10   13  490 7.4754e+10 9.1134e+10  21.9%  1797  206s
    40    38 9.1134e+10   20  436 7.4754e+10 9.1134e+10  21.9%  1356  210s
H   54    46                    7.592400e+10 9.1134e+10  20.0%  1050  211s
   108   102 8.8794e+10   60  337 7.5924e+10 9.1134e+10  20.0%   556  215s
   154   146 8.8794e+10   87  283 7.5924e+10 9.1134e+10  20.0%   408  220s
   196   179 infeasible  110      7.5924e+10 9.1134e+10  20.0%   361  225s
   216   197 8.8794e+10  122  253 7.5924e+10 9.1134e+10  20.0%   347  230s
   251   224 9.1134e+10    7  468 7.5924e+10 9.1134e+10  20.0%   351  235s
   271   244 9.0464e+10   19  251 7.5924e+10 9.1134e+10  20.0%   352  240s
   335   302 8.5777e+10   52  258 7.5924e+10 9.1134e+10  20.0%   293  245s
   381   346 8.5777e+10   75  249 7.5924e+10 9.1134e+10  20.0%   278  250s
   421   381 8.5777e+10   96  224 7.5924e+10 9.1134e+10  20.0%   255  255s
   439   399 8.5777e+10  105  201 7.5924e+10 9.1134e+10  20.0%   258  260s
   492   409 8.5777e+10  131  219 7.5924e+10 9.1134e+10  20.0%   232  265s
   542   441 9.1134e+10   30  286 7.5924e+10 9.1134e+10  20.0%   235  271s
   569   468 9.1134e+10   49  329 7.5924e+10 9.1134e+10  20.0%   231  275s
   574   472 9.1134e+10   37  729 7.5924e+10 9.1134e+10  20.0%   229  287s
   576   473 8.8794e+10   71  138 7.5924e+10 9.1134e+10  20.0%   229  307s
   577   474 9.1134e+10   12  876 7.5924e+10 9.1134e+10  20.0%   228  338s
   578   475 8.5777e+10   32  854 7.5924e+10 9.1134e+10  20.0%   228  348s
   579   475 8.5777e+10   67  923 7.5924e+10 9.1134e+10  20.0%   227  389s
   580   476 8.5777e+10   72  772 7.5924e+10 9.1134e+10  20.0%   227  400s
   581   477 8.5777e+10  104 1045 7.5924e+10 9.1134e+10  20.0%   227  436s
   582   477 8.5777e+10   35  858 7.5924e+10 9.1134e+10  20.0%   226  449s
   583   478 8.8794e+10   47  835 7.5924e+10 9.1134e+10  20.0%   226  505s
   584   479 9.1134e+10   36  974 7.5924e+10 9.1134e+10  20.0%   226  517s
   585   479 8.5777e+10   38  200 7.5924e+10 9.1134e+10  20.0%   225  567s
   586   480 8.5777e+10   37  295 7.5924e+10 9.1134e+10  20.0%   225  570s
   587   481 8.5284e+10   47  766 7.5924e+10 9.1134e+10  20.0%   224  599s
   588   481 8.8794e+10   82  761 7.5924e+10 9.1134e+10  20.0%   224  602s
   589   482 8.8794e+10   98  775 7.5924e+10 9.1134e+10  20.0%   224  629s
   590   483 9.1134e+10   38  764 7.5924e+10 9.1134e+10  20.0%   223  637s
   591   483 9.1134e+10   16  784 7.5924e+10 9.1134e+10  20.0%   223  661s
   592   484 9.1134e+10   39  813 7.5924e+10 9.1134e+10  20.0%   222  670s
   593   485 9.1134e+10   23  745 7.5924e+10 9.1134e+10  20.0%   222  711s
   594   485 8.5777e+10   70  730 7.5924e+10 9.1134e+10  20.0%   222  726s
   595   486 8.8794e+10   19  730 7.5924e+10 9.1134e+10  20.0%   221  749s
   596   489 9.1134e+10   14  779 7.5924e+10 9.1134e+10  20.0%  1257  805s
   598   490 9.1134e+10   15  717 7.5924e+10 9.1134e+10  20.0%  1273  812s
   600   491 9.1134e+10   17  835 7.5924e+10 9.1134e+10  20.0%  1279  816s
   604   494 9.1134e+10   21  767 7.5924e+10 9.1134e+10  20.0%  1283  820s
   617   503 9.1134e+10   29  701 7.5924e+10 9.1134e+10  20.0%  1268  825s
   621   505 9.1134e+10   33  731 7.5924e+10 9.1134e+10  20.0%  1260  850s
   630   511 9.1134e+10   38  825 7.5924e+10 9.1134e+10  20.0%  1256  855s
   642   519 9.1134e+10   44  391 7.5924e+10 9.1134e+10  20.0%  1240  860s
   649   524 9.1134e+10   48  347 7.5924e+10 9.1134e+10  20.0%  1228  865s
   659   531 9.1134e+10   53  524 7.5924e+10 9.1134e+10  20.0%  1216  870s
   673   540 9.1134e+10   60  387 7.5924e+10 9.1134e+10  20.0%  1196  878s
   674   541 9.1134e+10   60  367 7.5924e+10 9.1134e+10  20.0%  1194  883s
   675   541 9.1134e+10   61  358 7.5924e+10 9.1134e+10  20.0%  1194  887s
   676   542 9.1134e+10   61  376 7.5924e+10 9.1134e+10  20.0%  1192  892s
   684   547 9.1134e+10   65  377 7.5924e+10 9.1134e+10  20.0%  1182  895s
   703   560 9.1134e+10   75  353 7.5924e+10 9.1134e+10  20.0%  1154  902s
   714   567 9.1134e+10   81  342 7.5924e+10 9.1134e+10  20.0%  1139  905s
   735   581 9.1134e+10   92  313 7.5924e+10 9.1134e+10  20.0%  1111  910s
   757   596 9.1134e+10  103  320 7.5924e+10 9.1134e+10  20.0%  1084  917s
   771   605 9.1134e+10  110  320 7.5924e+10 9.1134e+10  20.0%  1065  920s
   784   614 9.1134e+10  117  383 7.5924e+10 9.1134e+10  20.0%  1050  925s
   805   614 9.1134e+10   53  465 7.5924e+10 9.1134e+10  20.0%  1029  930s
   813   619 9.1134e+10   58  388 7.5924e+10 9.1134e+10  20.0%  1026  935s
   833   633 9.1134e+10   68  433 7.5924e+10 9.1134e+10  20.0%  1008  940s
   849   643 9.1134e+10   79  367 7.5924e+10 9.1134e+10  20.0%   992  945s
   870   657 9.1134e+10   90  451 7.5924e+10 9.1134e+10  20.0%   972  950s
   889   670 9.1134e+10  100  315 7.5924e+10 9.1134e+10  20.0%   955  955s
   899   677 9.1134e+10  106  375 7.5924e+10 9.1134e+10  20.0%   947  960s
   919   690 9.1134e+10  117  315 7.5924e+10 9.1134e+10  20.0%   930  965s
   943   704 9.1134e+10  128  294 7.5924e+10 9.1134e+10  20.0%   910  970s
   966   713 8.8794e+10  140  283 7.5924e+10 9.1134e+10  20.0%   891  975s
   986   725 8.7008e+10  153  148 7.5924e+10 9.1134e+10  20.0%   875  980s
  1025   747 8.7008e+10  172  145 7.5924e+10 9.1134e+10  20.0%   842  985s
  1050   735 8.8794e+10  116  265 7.5924e+10 9.1134e+10  20.0%   824  990s
  1081   754 8.8794e+10  135  175 7.5924e+10 9.1134e+10  20.0%   804  996s
  1108   770 8.8794e+10  148  129 7.5924e+10 9.1134e+10  20.0%   786 1000s
  1140   789 8.8794e+10  164  118 7.5924e+10 9.1134e+10  20.0%   765 1005s
  1164   795 8.8794e+10  175   45 7.5924e+10 9.1134e+10  20.0%   749 1010s
  1191   791 8.8794e+10  121  306 7.5924e+10 9.1134e+10  20.0%   735 1018s
  1206   801 8.8794e+10  130  281 7.5924e+10 9.1134e+10  20.0%   727 1020s
  1228   816 8.8794e+10  142  255 7.5924e+10 9.1134e+10  20.0%   715 1025s
  1260   823 8.8794e+10  124  266 7.5924e+10 9.1134e+10  20.0%   699 1030s
  1281   834 8.5284e+10  139  298 7.5924e+10 9.1134e+10  20.0%   690 1035s
  1313   856 8.5284e+10  157  213 7.5924e+10 9.1134e+10  20.0%   674 1040s
  1346   878 8.5284e+10  175  150 7.5924e+10 9.1134e+10  20.0%   658 1045s
  1377   874 8.8794e+10  124  292 7.5924e+10 9.1134e+10  20.0%   646 1050s
  1407   890 8.7008e+10  145  175 7.5924e+10 9.1134e+10  20.0%   634 1055s
  1449   886 8.7008e+10  133  257 7.5924e+10 9.1134e+10  20.0%   617 1060s
  1470   900 8.7008e+10  149  208 7.5924e+10 9.1134e+10  20.0%   610 1065s
  1497   918 8.7008e+10  164  139 7.5924e+10 9.1134e+10  20.0%   599 1070s
  1524   924 8.7008e+10  177  109 7.5924e+10 9.1134e+10  20.0%   589 1076s
  1549   923 8.7008e+10  135  297 7.5924e+10 9.1134e+10  20.0%   583 1080s
  1581   944 8.7008e+10  155  138 7.5924e+10 9.1134e+10  20.0%   572 1085s
  1608   960 infeasible  164      7.5924e+10 9.1134e+10  20.0%   562 1090s
H 1632   945                    7.826400e+10 9.1134e+10  16.4%   555 1093s
  1643   941 infeasible  130      7.8264e+10 9.1134e+10  16.4%   552 1095s
  1655   939 9.1134e+10   74  670 7.8264e+10 9.1134e+10  16.4%   553 1100s
H 1659   915                    7.943400e+10 9.1134e+10  14.7%   553 1101s
  1678   930 9.1134e+10   94  338 7.9434e+10 9.1134e+10  14.7%   548 1105s
  1703   947 9.1134e+10  101  355 7.9434e+10 9.1134e+10  14.7%   543 1110s
  1724   961 9.1134e+10  110  366 7.9434e+10 9.1134e+10  14.7%   538 1115s
  1753   976 9.1134e+10  120  235 7.9434e+10 9.1134e+10  14.7%   532 1120s
  1775   991 9.1134e+10  128  270 7.9434e+10 9.1134e+10  14.7%   526 1125s
  1804  1008 8.5223e+10  139  175 7.9434e+10 9.1134e+10  14.7%   520 1130s
  1847  1033 8.8794e+10  154  171 7.9434e+10 9.1134e+10  14.7%   509 1135s
  1875  1049 8.8794e+10  163  185 7.9434e+10 9.1134e+10  14.7%   502 1142s
  1900  1048 9.1134e+10  119  345 7.9434e+10 9.1134e+10  14.7%   496 1145s
  1929  1073 9.1134e+10  142  297 7.9434e+10 9.1134e+10  14.7%   491 1150s
  1957  1101 9.1134e+10  169  222 7.9434e+10 9.1134e+10  14.7%   484 1155s
  1975  1119 9.1134e+10  185  206 7.9434e+10 9.1134e+10  14.7%   480 1172s
  1996  1136 9.1134e+10  202  230 7.9434e+10 9.1134e+10  14.7%   475 1175s
  2010  1148 9.1134e+10  215  230 7.9434e+10 9.1134e+10  14.7%   472 1189s
  2020  1147 8.9964e+10  169  233 7.9434e+10 9.1134e+10  14.7%   470 1190s
  2038  1165 8.8794e+10  185  200 7.9434e+10 9.1134e+10  14.7%   466 1205s
  2084  1211 8.8794e+10  230   83 7.9434e+10 9.1134e+10  14.7%   457 1210s
  2105  1232 8.8794e+10  251   76 7.9434e+10 9.1134e+10  14.7%   453 1215s
  2135  1254 8.8794e+10  271   72 7.9434e+10 9.1134e+10  14.7%   447 1220s
  2172  1277 8.8794e+10  184  202 7.9434e+10 9.1134e+10  14.7%   440 1226s
  2199  1304 8.8794e+10  200  169 7.9434e+10 9.1134e+10  14.7%   435 1230s
  2253  1320 8.8794e+10  174  194 7.9434e+10 9.1134e+10  14.7%   425 1238s
  2270  1337 8.8794e+10  190  183 7.9434e+10 9.1134e+10  14.7%   422 1240s
  2306  1373 8.8794e+10  226  169 7.9434e+10 9.1134e+10  14.7%   416 1245s
  2334  1401 8.8794e+10  254   69 7.9434e+10 9.1134e+10  14.7%   411 1252s
  2347  1408 infeasible  264      7.9434e+10 9.1134e+10  14.7%   410 1255s
  2361  1416 8.8794e+10  181  241 7.9434e+10 9.1134e+10  14.7%   408 1260s
  2388  1443 8.7008e+10  208  201 7.9434e+10 9.1134e+10  14.7%   404 1265s
  2431  1486 8.7008e+10  251  149 7.9434e+10 9.1134e+10  14.7%   397 1270s
  2468  1511 8.8794e+10  179  201 7.9434e+10 9.1134e+10  14.7%   392 1275s
  2485  1528 8.8794e+10  196  265 7.9434e+10 9.1134e+10  14.7%   389 1280s
  2497  1540 8.8794e+10  204  246 7.9434e+10 9.1134e+10  14.7%   387 1285s
  2529  1572 8.8794e+10  217  154 7.9434e+10 9.1134e+10  14.7%   383 1290s
  2550  1589 8.8794e+10  224  102 7.9434e+10 9.1134e+10  14.7%   380 1298s
  2561  1594 8.8794e+10  227   93 7.9434e+10 9.1134e+10  14.7%   378 1300s
  2580  1595 8.8794e+10  188  269 7.9434e+10 9.1134e+10  14.7%   376 1309s
  2584  1599 8.8794e+10  192  259 7.9434e+10 9.1134e+10  14.7%   376 1310s
  2623  1638 8.8794e+10  225  168 7.9434e+10 9.1134e+10  14.7%   371 1315s
  2650  1665 8.8794e+10  251  127 7.9434e+10 9.1134e+10  14.7%   367 1320s
  2688  1691 8.8794e+10  279   97 7.9434e+10 9.1134e+10  14.7%   362 1326s
  2718  1713 8.8794e+10  207  166 7.9434e+10 9.1134e+10  14.7%   359 1330s
  2760  1755 8.8794e+10  246   80 7.9434e+10 9.1134e+10  14.7%   354 1335s
  2796  1783 8.8794e+10  275   27 7.9434e+10 9.1134e+10  14.7%   349 1341s
  2828  1799 8.8794e+10  200  201 7.9434e+10 9.1134e+10  14.7%   346 1345s
  2880  1851 8.8794e+10  251   88 7.9434e+10 9.1134e+10  14.7%   340 1350s
  2904  1859 8.8794e+10  177  217 7.9434e+10 9.1134e+10  14.7%   338 1355s
  2931  1882 8.8794e+10  186  176 7.9434e+10 9.1134e+10  14.7%   335 1360s
  2958  1895 8.8794e+10  193  150 7.9434e+10 9.1134e+10  14.7%   332 1370s
  2985  1899 8.8794e+10  185  234 7.9434e+10 9.1134e+10  14.7%   330 1382s
  3012  1924 8.8794e+10  209  116 7.9434e+10 9.1134e+10  14.7%   328 1389s
  3026  1936 8.8794e+10  221   88 7.9434e+10 9.1134e+10  14.7%   326 1390s
  3067  1957 8.8794e+10  182  246 7.9434e+10 9.1134e+10  14.7%   322 1395s
  3121  2011 8.8794e+10  236  162 7.9434e+10 9.1134e+10  14.7%   317 1400s
  3149  2039 8.8794e+10  264  132 7.9434e+10 9.1134e+10  14.7%   314 1419s
  3150  2040 8.8794e+10  265  130 7.9434e+10 9.1134e+10  14.7%   314 1420s
  3175  2059 8.8794e+10  286   56 7.9434e+10 9.1134e+10  14.7%   312 1429s
  3176  2060 8.8794e+10  287   48 7.9434e+10 9.1134e+10  14.7%   312 1430s
  3202  2076 8.8794e+10  205  197 7.9434e+10 9.1134e+10  14.7%   310 1436s
  3234  2107 8.8794e+10  234  181 7.9434e+10 9.1134e+10  14.7%   307 1440s
  3261  2134 8.8794e+10  261  159 7.9434e+10 9.1134e+10  14.7%   305 1445s
  3283  2144 8.8794e+10  190  221 7.9434e+10 9.1134e+10  14.7%   303 1450s
  3310  2171 8.8794e+10  215  147 7.9434e+10 9.1134e+10  14.7%   301 1458s
  3322  2179 8.8794e+10  225   78 7.9434e+10 9.1134e+10  14.7%   300 1460s
  3374  2207 8.8794e+10  188  217 7.9434e+10 9.1134e+10  14.7%   296 1465s
  3428  2259 8.8794e+10  236  148 7.9434e+10 9.1134e+10  14.7%   292 1470s
  3471  2300 8.8794e+10  276   95 7.9434e+10 9.1134e+10  14.7%   288 1475s
  3499  2304 8.8794e+10  193  231 7.9434e+10 9.1134e+10  14.7%   287 1480s
  3545  2350 8.8794e+10  238  120 7.9434e+10 9.1134e+10  14.7%   283 1485s
  3588  2377 8.8794e+10  192  212 7.9434e+10 9.1134e+10  14.7%   281 1490s
  3615  2402 8.8794e+10  208   88 7.9434e+10 9.1134e+10  14.7%   279 1499s
  3618  2405 8.8794e+10  208   98 7.9434e+10 9.1134e+10  14.7%   279 1500s
  3651  2404 8.8794e+10  210   99 7.9434e+10 9.1134e+10  14.7%   276 1505s
  3695  2432 8.8794e+10  203  159 7.9434e+10 9.1134e+10  14.7%   274 1510s
  3730  2467 8.8794e+10  236  106 7.9434e+10 9.1134e+10  14.7%   271 1519s
  3736  2473 8.8794e+10  242   96 7.9434e+10 9.1134e+10  14.7%   271 1520s
  3782  2497 8.8794e+10  263   46 7.9434e+10 9.1134e+10  14.7%   268 1525s
  3790  2491 8.8794e+10  178  243 7.9434e+10 9.1134e+10  14.7%   268 1538s
  3804  2505 8.8794e+10  192  226 7.9434e+10 9.1134e+10  14.7%   267 1540s
  3848  2547 8.7008e+10  235  112 7.9434e+10 9.1134e+10  14.7%   264 1545s
  3887  2568 8.8794e+10  191  224 7.9434e+10 9.1134e+10  14.7%   263 1550s
  3941  2622 8.8794e+10  244  129 7.9434e+10 9.1134e+10  14.7%   259 1559s
  3949  2630 8.8794e+10  251  131 7.9434e+10 9.1134e+10  14.7%   259 1560s
  3986  2647 8.8794e+10  193  215 7.9434e+10 9.1134e+10  14.7%   257 1565s
  4056  2717 8.8794e+10  262   79 7.9434e+10 9.1134e+10  14.7%   253 1570s
  4108  2739 8.8794e+10  188  181 7.9434e+10 9.1134e+10  14.7%   251 1575s
  4152  2763 8.8794e+10  180  245 7.9434e+10 9.1134e+10  14.7%   249 1580s
  4208  2815 8.8794e+10  187  173 7.9434e+10 9.1134e+10  14.7%   247 1585s
  4232  2833 infeasible  192      7.9434e+10 9.1134e+10  14.7%   246 1590s
  4295  2878 infeasible  201      7.9434e+10 9.1134e+10  14.7%   243 1595s
  4376  2923 8.7008e+10  223   72 7.9434e+10 9.1134e+10  14.7%   239 1600s
  4420  2947 8.8794e+10  199  203 7.9434e+10 9.1134e+10  14.7%   237 1614s
  4432  2959 8.8794e+10  211  151 7.9434e+10 9.1134e+10  14.7%   236 1615s
  4471  2972 9.1134e+10  128  405 7.9434e+10 9.1134e+10  14.7%   235 1620s
  4520  3019 infeasible  177      7.9434e+10 9.1134e+10  14.7%   233 1625s
  4591  3074 9.1134e+10  127  293 7.9434e+10 9.1134e+10  14.7%   230 1630s
  4631  3112 8.5777e+10  154  250 7.9434e+10 9.1134e+10  14.7%   229 1635s
  4672  3138 8.5777e+10  138  259 7.9434e+10 9.1134e+10  14.7%   228 1640s
  4736  3196 8.5777e+10  169   83 7.9434e+10 9.1134e+10  14.7%   225 1645s
  4808  3252 8.5777e+10  191   31 7.9434e+10 9.1134e+10  14.7%   222 1650s
  4862  3280 8.5777e+10  139  204 7.9434e+10 9.1134e+10  14.7%   220 1655s
  4913  3325 8.5777e+10  179  127 7.9434e+10 9.1134e+10  14.7%   218 1660s
  4924  3336 8.5777e+10  189  109 7.9434e+10 9.1134e+10  14.7%   218 1666s
  4939  3351 8.5777e+10  204  107 7.9434e+10 9.1134e+10  14.7%   217 1670s
  4952  3360 8.5777e+10  213   91 7.9434e+10 9.1134e+10  14.7%   217 1687s
  4963  3363 8.5777e+10  217   79 7.9434e+10 9.1134e+10  14.7%   216 1690s
  5012  3400 8.8794e+10  164  134 7.9434e+10 9.1134e+10  14.7%   215 1695s
  5069  3437 9.1134e+10  124  364 7.9434e+10 9.1134e+10  14.7%   213 1700s
  5099  3453 8.8794e+10  139  145 7.9434e+10 9.1134e+10  14.7%   212 1706s
  5101  3451 infeasible  140      7.9434e+10 9.1134e+10  14.7%   212 1715s
  5135  3481 8.8794e+10  148  178 7.9434e+10 9.1134e+10  14.7%   212 1720s
  5185  3531 8.8794e+10  197  133 7.9434e+10 9.1134e+10  14.7%   210 1725s
  5242  3568 8.8794e+10  232   42 7.9434e+10 9.1134e+10  14.7%   208 1730s
  5269  3581 8.8794e+10  145  200 7.9434e+10 9.1134e+10  14.7%   208 1735s
  5301  3602 8.8794e+10  138  202 7.9434e+10 9.1134e+10  14.7%   207 1740s
  5315  3614 8.8794e+10  150  146 7.9434e+10 9.1134e+10  14.7%   207 1748s
  5341  3638 8.8794e+10  173  123 7.9434e+10 9.1134e+10  14.7%   206 1750s
  5407  3665 9.1134e+10  128  321 7.9434e+10 9.1134e+10  14.7%   204 1755s
  5432  3689 8.8794e+10  143  178 7.9434e+10 9.1134e+10  14.7%   204 1760s
  5505  3752 infeasible  201      7.9434e+10 9.1134e+10  14.7%   201 1765s
  5539  3765 9.0549e+10  132  369 7.9434e+10 9.1134e+10  14.7%   201 1770s
  5572  3796 8.7563e+10  139  289 7.9434e+10 9.1134e+10  14.7%   200 1775s
  5621  3826 infeasible  152      7.9434e+10 9.1134e+10  14.7%   199 1780s
  5645  3830 9.1134e+10  129  375 7.9434e+10 9.1134e+10  14.7%   199 1785s
  5679  3848 8.7008e+10  142  172 7.9434e+10 9.1134e+10  14.7%   198 1790s
  5729  3864 8.8794e+10  145  186 7.9434e+10 9.1134e+10  14.7%   197 1795s
  5791  3922 8.8794e+10  200  126 7.9434e+10 9.1134e+10  14.7%   195 1800s
  5839  3956 9.0241e+10  122  413 7.9434e+10 9.1134e+10  14.7%   194 1805s
  5878  3979 8.8794e+10  148  151 7.9434e+10 9.1134e+10  14.7%   193 1810s
  5907  3988 9.1134e+10  122  307 7.9434e+10 9.1134e+10  14.7%   192 1819s
  5908  3989 9.1134e+10  123  292 7.9434e+10 9.1134e+10  14.7%   192 1822s
  5925  4004 8.9348e+10  138  259 7.9434e+10 9.1134e+10  14.7%   192 1825s
  6014  4087 8.8794e+10  203   29 7.9434e+10 9.1134e+10  14.7%   190 1830s
  6048  4105 8.7563e+10  138  273 7.9434e+10 9.1134e+10  14.7%   189 1835s
  6094  4145 8.5777e+10  170  118 7.9434e+10 9.1134e+10  14.7%   188 1840s
  6137  4158 infeasible  186      7.9434e+10 9.1134e+10  14.7%   187 1845s
  6193  4198 8.8794e+10  167   93 7.9434e+10 9.1134e+10  14.7%   186 1850s
  6260  4226 8.8794e+10  144  153 7.9434e+10 9.1134e+10  14.7%   185 1855s
  6319  4244 8.8794e+10  203  259 7.9434e+10 9.1134e+10  14.7%   183 1860s
  6349  4254 8.8794e+10  212  219 7.9434e+10 9.1134e+10  14.7%   183 1865s
  6390  4261 8.8794e+10  203  238 7.9434e+10 9.1134e+10  14.7%   182 1870s
  6427  4284 8.8794e+10  225  112 7.9434e+10 9.1134e+10  14.7%   181 1875s
  6442  4295 8.8794e+10  238  106 7.9434e+10 9.1134e+10  14.7%   181 1881s
  6472  4307 8.8794e+10  202  188 7.9434e+10 9.1134e+10  14.7%   180 1885s
  6517  4324 8.8794e+10  195  260 7.9434e+10 9.1134e+10  14.7%   180 1890s
  6560  4353 8.8794e+10  197  220 7.9434e+10 9.1134e+10  14.7%   179 1895s
  6590  4367 9.1134e+10  120  382 7.9434e+10 9.1134e+10  14.7%   179 1900s
  6613  4390 8.8794e+10  136  279 7.9434e+10 9.1134e+10  14.7%   178 1905s
  6656  4419 8.8794e+10  134  187 7.9434e+10 9.1134e+10  14.7%   178 1910s
  6726  4475 8.8794e+10  140  211 7.9434e+10 9.1134e+10  14.7%   177 1915s
  6741  4476 infeasible  133      7.9434e+10 9.1134e+10  14.7%   177 1920s
  6815  4522 8.8794e+10  171  193 7.9434e+10 9.1134e+10  14.7%   175 1925s
  6878  4569 8.8794e+10  213   82 7.9434e+10 9.1134e+10  14.7%   174 1930s
  6890  4581 8.8794e+10  224   70 7.9434e+10 9.1134e+10  14.7%   174 1953s
  6891  4582 8.8794e+10  225   70 7.9434e+10 9.1134e+10  14.7%   174 1969s
  6904  4595 8.8794e+10  238   59 7.9434e+10 9.1134e+10  14.7%   173 1970s
  6920  4597 8.8794e+10  238   49 7.9434e+10 9.1134e+10  14.7%   173 1976s
  6952  4615 8.8794e+10  180  208 7.9434e+10 9.1134e+10  14.7%   173 1980s
  6994  4639 8.8794e+10  191  167 7.9434e+10 9.1134e+10  14.7%   172 1985s
  7033  4662 8.8794e+10  176  266 7.9434e+10 9.1134e+10  14.7%   172 1990s
  7051  4678 8.8794e+10  187  199 7.9434e+10 9.1134e+10  14.7%   171 1996s
  7091  4676 8.8794e+10  162  258 7.9434e+10 9.1134e+10  14.7%   171 2000s
  7144  4713 8.8794e+10  164  255 7.9434e+10 9.1134e+10  14.7%   170 2005s
  7179  4740 8.8794e+10  186  118 7.9434e+10 9.1134e+10  14.7%   170 2010s
  7273  4806 8.8794e+10  178  203 7.9434e+10 9.1134e+10  14.7%   168 2015s
  7324  4835 8.8794e+10  182  155 7.9434e+10 9.1134e+10  14.7%   167 2020s
  7355  4862 8.8794e+10  201  118 7.9434e+10 9.1134e+10  14.7%   167 2025s
  7437  4920 8.8794e+10  135  265 7.9434e+10 9.1134e+10  14.7%   165 2030s
  7486  4943 8.8794e+10  136  236 7.9434e+10 9.1134e+10  14.7%   165 2035s
  7550  4995 8.8794e+10  186   61 7.9434e+10 9.1134e+10  14.7%   164 2040s
  7598  5017 8.8794e+10  172  155 7.9434e+10 9.1134e+10  14.7%   163 2046s
  7625  5030 8.8794e+10  187  125 7.9434e+10 9.1134e+10  14.7%   163 2050s
  7695  5066 8.8794e+10  173  203 7.9434e+10 9.1134e+10  14.7%   161 2055s
  7758  5121 8.8794e+10  214   81 7.9434e+10 9.1134e+10  14.7%   160 2060s
  7843  5160 8.8794e+10  162  276 7.9434e+10 9.1134e+10  14.7%   159 2065s
  7880  5189 8.7008e+10  189  191 7.9434e+10 9.1134e+10  14.7%   159 2074s
  7881  5188 infeasible  187      7.9434e+10 9.1134e+10  14.7%   159 2075s
  7922  5218 8.8794e+10  178  111 7.9434e+10 9.1134e+10  14.7%   158 2080s
  7993  5267 8.8794e+10  158  165 7.9434e+10 9.1134e+10  14.7%   158 2085s
  8046  5316 infeasible  168      7.9434e+10 9.1134e+10  14.7%   157 2090s
  8104  5356 8.7624e+10  180  141 7.9434e+10 9.1134e+10  14.7%   156 2095s
  8177  5407 8.5838e+10  197  121 7.9434e+10 9.1134e+10  14.7%   155 2100s
  8241  5429 8.8794e+10  184  141 7.9434e+10 9.1134e+10  14.7%   154 2105s
  8281  5463 8.8794e+10  221   58 7.9434e+10 9.1134e+10  14.7%   153 2110s
  8330  5490 8.8794e+10  173  178 7.9434e+10 9.1134e+10  14.7%   153 2115s
  8393  5529 8.8794e+10  163  220 7.9434e+10 9.1134e+10  14.7%   152 2120s
  8459  5567 8.8794e+10  136  272 7.9434e+10 9.1134e+10  14.7%   151 2125s
  8512  5618 8.8794e+10  183  115 7.9434e+10 9.1134e+10  14.7%   151 2130s
  8515  5621 8.8794e+10  183  117 7.9434e+10 9.1134e+10  14.7%   151 2138s
  8523  5627 8.8794e+10  186  150 7.9434e+10 9.1134e+10  14.7%   151 2140s
  8555  5639 9.1134e+10  141  295 7.9434e+10 9.1134e+10  14.7%   151 2145s
  8611  5679 8.7008e+10  172  112 7.9434e+10 9.1134e+10  14.7%   150 2150s
  8674  5719 8.8794e+10  150  134 7.9434e+10 9.1134e+10  14.7%   149 2155s
  8749  5762 8.5777e+10  137  188 7.9434e+10 9.1134e+10  14.7%   148 2160s
  8805  5798 8.5777e+10  169  126 7.9434e+10 9.1134e+10  14.7%   148 2165s
  8841  5820 8.8794e+10  157  217 7.9434e+10 9.1134e+10  14.7%   147 2170s
  8877  5832 8.5777e+10  131  307 7.9434e+10 9.1134e+10  14.7%   147 2175s
  8922  5863 8.8794e+10  139  185 7.9434e+10 9.1134e+10  14.7%   147 2180s
  8978  5899 8.8794e+10  156  160 7.9434e+10 9.1134e+10  14.7%   147 2217s
  8996  5907 9.1134e+10  130  348 7.9434e+10 9.1134e+10  14.7%   147 2220s
  9017  5928 8.8794e+10  149  175 7.9434e+10 9.1134e+10  14.7%   146 2225s
  9061  5947 8.8794e+10  140  151 7.9434e+10 9.1134e+10  14.7%   146 2230s
  9088  5961 8.8794e+10  140  213 7.9434e+10 9.1134e+10  14.7%   146 2237s
  9115  5982 8.8794e+10  152  164 7.9434e+10 9.1134e+10  14.7%   146 2240s
  9180  6023 infeasible  192      7.9434e+10 9.1134e+10  14.7%   145 2245s
  9216  6051 infeasible  218      7.9434e+10 9.1134e+10  14.7%   145 2250s
  9226  6049 9.1134e+10  125  337 7.9434e+10 9.1134e+10  14.7%   145 2255s
  9276  6099 8.8794e+10  175  111 7.9434e+10 9.1134e+10  14.7%   144 2260s
  9360  6148 9.1134e+10  129  307 7.9434e+10 9.1134e+10  14.7%   144 2265s
  9413  6185 infeasible  162      7.9434e+10 9.1134e+10  14.7%   143 2270s
  9437  6199 8.8794e+10  138  181 7.9434e+10 9.1134e+10  14.7%   143 2275s
  9532  6259 9.1134e+10  125  373 7.9434e+10 9.1134e+10  14.7%   142 2280s
  9559  6286 8.8794e+10  142  306 7.9434e+10 9.1134e+10  14.7%   142 2289s
  9565  6292 8.8794e+10  148  243 7.9434e+10 9.1134e+10  14.7%   142 2290s
  9605  6316 8.8794e+10  135  190 7.9434e+10 9.1134e+10  14.7%   142 2295s
  9684  6385 8.8794e+10  192   99 7.9434e+10 9.1134e+10  14.7%   141 2300s
  9753  6424 8.8794e+10  123  312 7.9434e+10 9.1134e+10  14.7%   140 2305s
  9795  6448 9.1134e+10  120  363 7.9434e+10 9.1134e+10  14.7%   140 2310s
  9821  6474 8.9348e+10  146  253 7.9434e+10 9.1134e+10  14.7%   140 2315s
  9841  6482 9.0549e+10  101  285 7.9434e+10 9.1134e+10  14.7%   140 2320s
  9877  6514 8.8794e+10  124  171 7.9434e+10 9.1134e+10  14.7%   140 2325s
  9950  6573 infeasible  183      7.9434e+10 9.1134e+10  14.7%   139 2330s
 10003  6608 infeasible  217      7.9434e+10 9.1134e+10  14.7%   139 2335s
 10029  6622 8.8794e+10  115  247 7.9434e+10 9.1134e+10  14.7%   139 2340s
 10054  6641 8.8794e+10  129  270 7.9434e+10 9.1134e+10  14.7%   139 2345s
 10089  6668 infeasible  156      7.9434e+10 9.1134e+10  14.7%   139 2350s
 10132  6705 8.8794e+10  138  151 7.9434e+10 9.1134e+10  14.7%   138 2355s
 10173  6729 8.8794e+10  126  169 7.9434e+10 9.1134e+10  14.7%   138 2360s
 10200  6756 8.8794e+10  134  208 7.9434e+10 9.1134e+10  14.7%   138 2365s
 10202  6758 8.8794e+10  135  193 7.9434e+10 9.1134e+10  14.7%   138 2758s
 10216  6772 8.8794e+10  137  159 7.9434e+10 9.1134e+10  14.7%   138 2760s
 10254  6802 8.8794e+10  150  123 7.9434e+10 9.1134e+10  14.7%   138 2765s
 10330  6856 8.8794e+10  169   93 7.9434e+10 9.1134e+10  14.7%   137 2770s
 10390  6885 8.8794e+10  135  226 7.9434e+10 9.1134e+10  14.7%   137 2775s
 10426  6905 8.5223e+10  129  209 7.9434e+10 9.1134e+10  14.7%   137 2780s
 10454  6933 8.8794e+10  148  249 7.9434e+10 9.1134e+10  14.7%   136 2785s
 10476  6945 8.9348e+10  128  302 7.9434e+10 9.1134e+10  14.7%   137 2791s
 10497  6954 infeasible  141      7.9434e+10 9.1134e+10  14.7%   137 2795s
 10521  6970 9.1134e+10  133  305 7.9434e+10 9.1134e+10  14.7%   137 2800s
 10559  6986 8.8794e+10  152  120 7.9434e+10 9.1134e+10  14.7%   136 2806s
 10597  7002 infeasible  161      7.9434e+10 9.1134e+10  14.7%   136 2810s
 10647  7014 9.1134e+10  104  450 7.9434e+10 9.1134e+10  14.7%   136 2815s
 10673  7037 9.0549e+10  128  244 7.9434e+10 9.1134e+10  14.7%   136 2820s
 10701  7053 8.8794e+10  135  202 7.9434e+10 9.1134e+10  14.7%   136 2825s
 10715  7057 8.8794e+10  140  111 7.9434e+10 9.1134e+10  14.7%   136 2833s
 10727  7057 9.1134e+10  123  362 7.9434e+10 9.1134e+10  14.7%   136 2835s
 10760  7078 8.9964e+10  133  243 7.9434e+10 9.1134e+10  14.7%   136 2840s
 10811  7101 infeasible  132      7.9434e+10 9.1134e+10  14.7%   135 2845s
 10822  7108 8.8794e+10  137  167 7.9434e+10 9.1134e+10  14.7%   135 2853s
 10845  7117 infeasible  145      7.9434e+10 9.1134e+10  14.7%   135 2855s
 10890  7150 8.8794e+10  146  218 7.9434e+10 9.1134e+10  14.7%   135 2860s
 10916  7154 8.9348e+10  133  330 7.9434e+10 9.1134e+10  14.7%   135 2865s
 10952  7172 9.1134e+10  123  362 7.9434e+10 9.1134e+10  14.7%   135 2870s
 10960  7180 9.1134e+10  130  349 7.9434e+10 9.1134e+10  14.7%   135 2877s
 10974  7194 9.0241e+10  134  307 7.9434e+10 9.1134e+10  14.7%   135 2880s
 11042  7237 9.1134e+10  125  339 7.9434e+10 9.1134e+10  14.7%   135 2885s
 11084  7261 8.5223e+10  147  139 7.9434e+10 9.1134e+10  14.7%   134 2890s
 11132  7287 infeasible  152      7.9434e+10 9.1134e+10  14.7%   134 2895s
 11178  7315 8.7624e+10  171  144 7.9434e+10 9.1134e+10  14.7%   134 2900s
 11223  7328 infeasible  158      7.9434e+10 9.1134e+10  14.7%   134 2905s
 11251  7338 9.1134e+10  129  321 7.9434e+10 9.1134e+10  14.7%   134 2910s
 11272  7357 infeasible  139      7.9434e+10 9.1134e+10  14.7%   134 2915s
 11301  7382 8.5777e+10  148  177 7.9434e+10 9.1134e+10  14.7%   134 2920s
 11324  7387 8.8794e+10  142  143 7.9434e+10 9.1134e+10  14.7%   134 2925s
 11362  7389 8.8794e+10  138  150 7.9434e+10 9.1134e+10  14.7%   134 2930s
 11419  7400 9.1134e+10  138  239 7.9434e+10 9.1134e+10  14.7%   134 2935s
 11420  7401 9.1134e+10  139  237 7.9434e+10 9.1134e+10  14.7%   134 2941s
 11449  7414 8.5777e+10  139  244 7.9434e+10 9.1134e+10  14.7%   134 2945s
 11523  7460 infeasible  183      7.9434e+10 9.1134e+10  14.7%   133 2950s
 11573  7478 8.5777e+10  145  124 7.9434e+10 9.1134e+10  14.7%   133 2955s
 11670  7521 8.5777e+10  143  157 7.9434e+10 9.1134e+10  14.7%   132 2960s
 11715  7538 8.5777e+10  141  167 7.9434e+10 9.1134e+10  14.7%   132 2965s
 11750  7561 9.0241e+10  153  242 7.9434e+10 9.1134e+10  14.7%   132 2970s
 11802  7583 8.8794e+10  132  183 7.9434e+10 9.1134e+10  14.7%   131 2975s
 11805  7586 9.0241e+10  134  337 7.9434e+10 9.1134e+10  14.7%   131 2993s
 11811  7590 8.8794e+10  136  185 7.9434e+10 9.1134e+10  14.7%   132 2995s
 11850  7625 8.7008e+10  146  131 7.9434e+10 9.1134e+10  14.7%   131 3000s
 11903  7656 8.7008e+10  170   91 7.9434e+10 9.1134e+10  14.7%   131 3005s
 11951  7672 infeasible  156      7.9434e+10 9.1134e+10  14.7%   131 3010s
 12000  7697 8.8794e+10  138  279 7.9434e+10 9.1134e+10  14.7%   130 3015s
 12039  7724 8.8794e+10  166  189 7.9434e+10 9.1134e+10  14.7%   130 3022s
 12062  7721 8.9964e+10  127  336 7.9434e+10 9.1134e+10  14.7%   130 3025s
 12111  7750 8.9964e+10  132  320 7.9434e+10 9.1134e+10  14.7%   130 3030s
 12186  7821 8.8794e+10  192   60 7.9434e+10 9.1134e+10  14.7%   129 3037s
 12229  7853 8.8794e+10  206   61 7.9434e+10 9.1134e+10  14.7%   129 3040s
 12300  7882 9.1134e+10  127  317 7.9434e+10 9.1134e+10  14.7%   128 3045s
 12333  7912 8.8794e+10  154  123 7.9434e+10 9.1134e+10  14.7%   128 3050s
 12412  7965 8.8794e+10  180   69 7.9434e+10 9.1134e+10  14.7%   128 3055s
 12490  8025 8.8794e+10  168   83 7.9434e+10 9.1134e+10  14.7%   127 3060s
 12522  8057 8.8794e+10  185   86 7.9434e+10 9.1134e+10  14.7%   127 3065s
 12602  8110 8.8794e+10  153   82 7.9434e+10 9.1134e+10  14.7%   126 3070s
 12661  8149 8.8794e+10  181   68 7.9434e+10 9.1134e+10  14.7%   126 3075s
 12725  8182 9.1134e+10  134  198 7.9434e+10 9.1134e+10  14.7%   126 3080s
 12753  8198 8.8794e+10  148  106 7.9434e+10 9.1134e+10  14.7%   126 3085s
 12791  8207 8.8794e+10  135  147 7.9434e+10 9.1134e+10  14.7%   126 3090s
 12852  8236 8.8794e+10  172   63 7.9434e+10 9.1134e+10  14.7%   125 3095s
 12901  8255 8.8794e+10  166   98 7.9434e+10 9.1134e+10  14.7%   125 3100s
 12953  8281 8.8794e+10  148  136 7.9434e+10 9.1134e+10  14.7%   125 3105s
 12996  8308 8.8794e+10  150  123 7.9434e+10 9.1134e+10  14.7%   125 3110s
 13036  8332 infeasible  167      7.9434e+10 9.1134e+10  14.7%   125 3115s
 13100  8384 8.8794e+10  170   97 7.9434e+10 9.1134e+10  14.7%   124 3120s
 13153  8419 infeasible  201      7.9434e+10 9.1134e+10  14.7%   124 3125s
 13219  8481 8.8794e+10  198   52 7.9434e+10 9.1134e+10  14.7%   123 3130s
 13278  8505 8.8794e+10  153  126 7.9434e+10 9.1134e+10  14.7%   123 3135s
 13317  8536 8.8794e+10  182   40 7.9434e+10 9.1134e+10  14.7%   123 3140s
 13375  8572 8.5777e+10  162  139 7.9434e+10 9.1134e+10  14.7%   122 3145s
 13444  8627 8.5777e+10  188   69 7.9434e+10 9.1134e+10  14.7%   122 3150s
 13495  8668 8.5777e+10  229   38 7.9434e+10 9.1134e+10  14.7%   122 3156s
 13533  8672 9.0241e+10  145  257 7.9434e+10 9.1134e+10  14.7%   122 3160s
 13614  8733 8.8794e+10  168   98 7.9434e+10 9.1134e+10  14.7%   121 3165s
 13642  8757 8.8794e+10  189   62 7.9434e+10 9.1134e+10  14.7%   121 3186s
 13675  8774 8.8794e+10  142   99 7.9434e+10 9.1134e+10  14.7%   121 3190s
 13702  8783 8.5777e+10  150  104 7.9434e+10 9.1134e+10  14.7%   121 3195s
 13757  8814 8.5777e+10  167   69 7.9434e+10 9.1134e+10  14.7%   120 3200s
 13802  8829 infeasible  147      7.9434e+10 9.1134e+10  14.7%   120 3205s
 13833  8850 8.5777e+10  170  130 7.9434e+10 9.1134e+10  14.7%   120 3210s
 13879  8882 8.8794e+10  173   77 7.9434e+10 9.1134e+10  14.7%   120 3215s
 13967  8937 9.0241e+10  140  330 7.9434e+10 9.1134e+10  14.7%   120 3220s
 14019  8987 8.8794e+10  176   85 7.9434e+10 9.1134e+10  14.7%   119 3225s
 14023  8991 8.8794e+10  177   80 7.9434e+10 9.1134e+10  14.7%   119 3230s
 14030  8996 8.8794e+10  183   77 7.9434e+10 9.1134e+10  14.7%   119 3238s
 14032  8998 8.8794e+10  185   72 7.9434e+10 9.1134e+10  14.7%   119 3240s
 14065  9017 8.8794e+10  135  137 7.9434e+10 9.1134e+10  14.7%   119 3245s
 14101  9039 8.8794e+10  141  115 7.9434e+10 9.1134e+10  14.7%   119 3250s
 14132  9044 8.9348e+10  142  281 7.9434e+10 9.1134e+10  14.7%   119 3255s
 14160  9050 9.1134e+10  140  276 7.9434e+10 9.1134e+10  14.7%   119 3269s
 14161  9051 9.1134e+10  141  266 7.9434e+10 9.1134e+10  14.7%   119 3270s
 14210  9073 9.1134e+10  141  268 7.9434e+10 9.1134e+10  14.7%   119 3275s
 14244  9089 8.5777e+10  157  124 7.9434e+10 9.1134e+10  14.7%   119 3280s
 14299  9118 8.5777e+10  176  102 7.9434e+10 9.1134e+10  14.7%   119 3285s
 14346  9131 infeasible  148      7.9434e+10 9.1134e+10  14.7%   119 3290s
 14408  9155 9.0241e+10  126  335 7.9434e+10 9.1134e+10  14.7%   118 3295s
 14449  9194 8.8794e+10  152  137 7.9434e+10 9.1134e+10  14.7%   118 3300s
 14487  9208 8.8794e+10  134  162 7.9434e+10 9.1134e+10  14.7%   118 3305s
 14530  9241 8.8794e+10  151  147 7.9434e+10 9.1134e+10  14.7%   118 3310s
 14594  9278 infeasible  193      7.9434e+10 9.1134e+10  14.7%   118 3315s
 14633  9297 8.8794e+10  147  115 7.9434e+10 9.1134e+10  14.7%   118 3320s
 14655  9299 8.8794e+10  135  157 7.9434e+10 9.1134e+10  14.7%   118 3327s
 14673  9305 9.0241e+10  136  273 7.9434e+10 9.1134e+10  14.7%   118 3330s
 14726  9338 infeasible  144      7.9434e+10 9.1134e+10  14.7%   118 3335s
 14754  9344 8.8794e+10  150  149 7.9434e+10 9.1134e+10  14.7%   118 3345s
 14801  9369 infeasible  155      7.9434e+10 9.1134e+10  14.7%   118 3350s
 14835  9384 9.1134e+10  127  344 7.9434e+10 9.1134e+10  14.7%   118 3355s
 14862  9408 8.8794e+10  148  190 7.9434e+10 9.1134e+10  14.7%   118 3360s
 14890  9427 9.1134e+10  130  337 7.9434e+10 9.1134e+10  14.7%   118 3365s
 14916  9450 infeasible  139      7.9434e+10 9.1134e+10  14.7%   118 3370s
 14935  9461 8.8794e+10  143  154 7.9434e+10 9.1134e+10  14.7%   118 3375s
 14980  9480 8.8794e+10  140  199 7.9434e+10 9.1134e+10  14.7%   118 3380s
 15032  9490 8.8794e+10  149  108 7.9434e+10 9.1134e+10  14.7%   117 3385s
 15047  9496 8.8794e+10  147  132 7.9434e+10 9.1134e+10  14.7%   117 3390s
 15086  9523 9.1134e+10  149  359 7.9434e+10 9.1134e+10  14.7%   117 3395s
 15117  9546 8.8794e+10  162  116 7.9434e+10 9.1134e+10  14.7%   117 3400s
 15166  9559 9.1134e+10  129  368 7.9434e+10 9.1134e+10  14.7%   117 3406s
 15176  9569 9.0939e+10  138  374 7.9434e+10 9.1134e+10  14.7%   117 3410s
 15206  9585 8.8794e+10  157  147 7.9434e+10 9.1134e+10  14.7%   117 3415s
 15257  9606 infeasible  155      7.9434e+10 9.1134e+10  14.7%   117 3420s
 15303  9618 infeasible  150      7.9434e+10 9.1134e+10  14.7%   117 3432s
 15309  9622 8.8794e+10  152   67 7.9434e+10 9.1134e+10  14.7%   117 3435s
 15358  9643 infeasible  153      7.9434e+10 9.1134e+10  14.7%   117 3440s
 15396  9663 8.8794e+10  148  164 7.9434e+10 9.1134e+10  14.7%   117 3445s
 15424  9679 9.0978e+10  120  504 7.9434e+10 9.1134e+10  14.7%   117 3450s
 15444  9699 9.0939e+10  127  352 7.9434e+10 9.1134e+10  14.7%   117 3455s
 15465  9720 8.8794e+10  138  326 7.9434e+10 9.1134e+10  14.7%   117 3460s
 15477  9730 8.6454e+10  142  168 7.9434e+10 9.1134e+10  14.7%   117 3465s
 15504  9741 9.0939e+10  135  339 7.9434e+10 9.1134e+10  14.7%   117 3470s
 15543  9764 8.8794e+10  115  297 7.9434e+10 9.1134e+10  14.7%   117 3475s
 15570  9791 8.8794e+10  135  138 7.9434e+10 9.1134e+10  14.7%   117 3483s
 15592  9811 infeasible  152      7.9434e+10 9.1134e+10  14.7%   117 3485s
 15635  9830 8.9964e+10  124  307 7.9434e+10 9.1134e+10  14.7%   117 3490s
 15670  9861 infeasible  149      7.9434e+10 9.1134e+10  14.7%   117 3495s
 15704  9867 9.0978e+10  116  544 7.9434e+10 9.1134e+10  14.7%   117 3500s
 15729  9892 8.8794e+10  141  191 7.9434e+10 9.1134e+10  14.7%   117 3506s
 15737  9900 8.8794e+10  149  190 7.9434e+10 9.1134e+10  14.7%   117 3513s
 15738  9901 8.8794e+10  150  207 7.9434e+10 9.1134e+10  14.7%   117 3516s
 15778  9913 9.0978e+10  116  482 7.9434e+10 9.1134e+10  14.7%   117 3520s
 15800  9933 9.0939e+10  132  335 7.9434e+10 9.1134e+10  14.7%   117 3525s
 15838  9951 8.9348e+10  141  274 7.9434e+10 9.1134e+10  14.7%   117 3530s
 15872  9967 8.8794e+10  143  152 7.9434e+10 9.1134e+10  14.7%   117 3535s
 15910  9998 8.8794e+10  167  117 7.9434e+10 9.1134e+10  14.7%   116 3594s

Cutting planes:
  Gomory: 1
  Lift-and-project: 2
  Cover: 1176
  Implied bound: 92
  MIR: 38
  Flow cover: 367
  Inf proof: 122
  Zero half: 73
  RLT: 382
  Relax-and-lift: 30

Explored 15911 nodes (2085128 simplex iterations) in 3594.74 seconds (2402.70 work units)
Thread count was 1 (of 28 available processors)

Solution count 10: 7.9434e+10 7.8264e+10 7.5924e+10 ... 5.82516e+10

Time limit reached
Best objective 7.943400000000e+10, best bound 9.113400000000e+10, gap 14.7292%

User-callback calls 949383, time in user-callback 0.75 sec