Gurobi Optimizer version 12.0.3 build v12.0.3rc0 (linux64 - "Oracle Linux Server 9.4")

CPU model: Intel(R) Xeon(R) CPU E5-2660 v4 @ 2.00GHz, instruction set [SSE2|AVX|AVX2]
Thread count: 28 physical cores, 28 logical processors, using up to 1 threads

Non-default parameters:
TimeLimit  3598.092827194
SoftMemLimit  16
NumericFocus  1
Threads  1

Academic license 2690100 - for non-commercial use only - registered to ju___@uclm.es
Optimize a model with 13837 rows, 3216 columns and 52425 nonzeros
Model fingerprint: 0xc5a5ac41
Variable types: 60 continuous, 3156 integer (3156 binary)
Coefficient statistics:
  Matrix range     [1e+00, 1e+13]
  Objective range  [2e+09, 5e+09]
  Bounds range     [8e+02, 1e+04]
  RHS range        [1e+00, 2e+14]
Warning: Model contains large matrix coefficient range
Warning: Model contains large objective coefficients
Warning: Model contains large rhs
Found heuristic solution: objective -0.0000000
Presolve removed 7524 rows and 1233 columns
Presolve time: 0.63s
Presolved: 6313 rows, 1983 columns, 22857 nonzeros
Variable types: 48 continuous, 1935 integer (1935 binary)

Root relaxation: objective 8.490619e+10, 1168 iterations, 0.08 seconds (0.05 work units)

    Nodes    |    Current Node    |     Objective Bounds      |     Work
 Expl Unexpl |  Obj  Depth IntInf | Incumbent    BestBd   Gap | It/Node Time

     0     0 8.4906e+10    0  255   -0.00000 8.4906e+10      -     -    1s
     0     0 8.4906e+10    0  218   -0.00000 8.4906e+10      -     -    1s
H    0     0                    5.829000e+09 8.4906e+10  1357%     -    1s
     0     0 8.3616e+10    0  362 5.8290e+09 8.3616e+10  1334%     -    1s
     0     0 8.3616e+10    0  323 5.8290e+09 8.3616e+10  1334%     -    2s
     0     0 8.3616e+10    0  305 5.8290e+09 8.3616e+10  1334%     -    2s
     0     0 8.3616e+10    0  297 5.8290e+09 8.3616e+10  1334%     -    2s
H    0     0                    4.110540e+10 8.2866e+10   102%     -    2s
     0     0 8.2866e+10    0  300 4.1105e+10 8.2866e+10   102%     -    2s
     0     0 8.2866e+10    0  266 4.1105e+10 8.2866e+10   102%     -    2s
     0     0 8.2866e+10    0  142 4.1105e+10 8.2866e+10   102%     -    2s
H    0     0                    4.780338e+10 8.2866e+10  73.3%     -    2s
     0     0 8.2722e+10    0  154 4.7803e+10 8.2722e+10  73.0%     -    2s
     0     0 8.2722e+10    0  213 4.7803e+10 8.2722e+10  73.0%     -    2s
     0     0 8.2508e+10    0  271 4.7803e+10 8.2508e+10  72.6%     -    2s
     0     0 8.2508e+10    0  237 4.7803e+10 8.2508e+10  72.6%     -    2s
     0     0 8.2508e+10    0  248 4.7803e+10 8.2508e+10  72.6%     -    2s
     0     0 8.2508e+10    0  234 4.7803e+10 8.2508e+10  72.6%     -    2s
     0     0 8.2297e+10    0  278 4.7803e+10 8.2297e+10  72.2%     -    2s
     0     0 8.2297e+10    0  367 4.7803e+10 8.2297e+10  72.2%     -    2s
     0     0 8.2297e+10    0  361 4.7803e+10 8.2297e+10  72.2%     -    2s
     0     0 8.2223e+10    0  397 4.7803e+10 8.2223e+10  72.0%     -    3s
     0     0 8.1908e+10    0  376 4.7803e+10 8.1908e+10  71.3%     -    3s
     0     0 8.1908e+10    0  499 4.7803e+10 8.1908e+10  71.3%     -    3s
     0     0 8.1908e+10    0  438 4.7803e+10 8.1908e+10  71.3%     -    3s
     0     0 8.1908e+10    0  449 4.7803e+10 8.1908e+10  71.3%     -    3s
     0     0 8.1908e+10    0  260 4.7803e+10 8.1908e+10  71.3%     -    4s
     0     0 8.1908e+10    0  344 4.7803e+10 8.1908e+10  71.3%     -    5s
     0     0 8.1908e+10    0  336 4.7803e+10 8.1908e+10  71.3%     -    5s
     0     0 8.1908e+10    0  325 4.7803e+10 8.1908e+10  71.3%     -    5s
     0     0 8.1908e+10    0  321 4.7803e+10 8.1908e+10  71.3%     -    5s
     0     0 8.1908e+10    0  281 4.7803e+10 8.1908e+10  71.3%     -    5s
     0     0 8.1908e+10    0  271 4.7803e+10 8.1908e+10  71.3%     -    5s
     0     0 8.1908e+10    0  347 4.7803e+10 8.1908e+10  71.3%     -    6s
H    0     0                    5.071788e+10 8.1908e+10  61.5%     -    6s
H    0     0                    5.654688e+10 8.1908e+10  44.9%     -    6s
     0     0 8.1908e+10    0  296 5.6547e+10 8.1908e+10  44.9%     -    6s
     0     0 8.1908e+10    0  304 5.6547e+10 8.1908e+10  44.9%     -    6s
     0     0 8.1908e+10    0  318 5.6547e+10 8.1908e+10  44.9%     -    6s
H    0     0                    5.946138e+10 8.1908e+10  37.8%     -    6s
     0     0 8.1908e+10    0  291 5.9461e+10 8.1908e+10  37.8%     -    6s
     0     0 8.1908e+10    0  315 5.9461e+10 8.1908e+10  37.8%     -    6s
     0     0 8.1908e+10    0  323 5.9461e+10 8.1908e+10  37.8%     -    6s
     0     0 8.1908e+10    0  279 5.9461e+10 8.1908e+10  37.8%     -    7s
     0     0 8.1908e+10    0  305 5.9461e+10 8.1908e+10  37.8%     -    7s
     0     0 8.1908e+10    0  291 5.9461e+10 8.1908e+10  37.8%     -    7s
     0     0 8.1908e+10    0  259 5.9461e+10 8.1908e+10  37.8%     -    7s
     0     0 8.1908e+10    0  261 5.9461e+10 8.1908e+10  37.8%     -    7s
     0     0 8.1908e+10    0  261 5.9461e+10 8.1908e+10  37.8%     -    8s
     0     0 8.1908e+10    0  221 5.9461e+10 8.1908e+10  37.8%     -    8s
     0     0 8.1908e+10    0  327 5.9461e+10 8.1908e+10  37.8%     -    9s
     0     0 8.1908e+10    0  301 5.9461e+10 8.1908e+10  37.8%     -    9s
     0     0 8.1908e+10    0  259 5.9461e+10 8.1908e+10  37.8%     -    9s
     0     0 8.1908e+10    0  256 5.9461e+10 8.1908e+10  37.8%     -    9s
     0     0 8.1908e+10    0  266 5.9461e+10 8.1908e+10  37.8%     -    9s
     0     0 8.1908e+10    0  336 5.9461e+10 8.1908e+10  37.8%     -    9s
     0     0 8.1908e+10    0  328 5.9461e+10 8.1908e+10  37.8%     -    9s
     0     0 8.1908e+10    0  328 5.9461e+10 8.1908e+10  37.8%     -    9s
     0     0 8.1908e+10    0  334 5.9461e+10 8.1908e+10  37.8%     -    9s
     0     0 8.1908e+10    0  305 5.9461e+10 8.1908e+10  37.8%     -   10s
     0     0 8.1908e+10    0  290 5.9461e+10 8.1908e+10  37.8%     -   10s
     0     0 8.1908e+10    0  286 5.9461e+10 8.1908e+10  37.8%     -   10s
     0     0 8.1908e+10    0  269 5.9461e+10 8.1908e+10  37.8%     -   10s
     0     0 8.1908e+10    0  225 5.9461e+10 8.1908e+10  37.8%     -   10s
     0     0 8.1908e+10    0  227 5.9461e+10 8.1908e+10  37.8%     -   10s
     0     0 8.1908e+10    0  244 5.9461e+10 8.1908e+10  37.8%     -   10s
     0     0 8.1908e+10    0  265 5.9461e+10 8.1908e+10  37.8%     -   10s
     0     0 8.1908e+10    0  299 5.9461e+10 8.1908e+10  37.8%     -   10s
     0     0 8.1908e+10    0  241 5.9461e+10 8.1908e+10  37.8%     -   11s
     0     2 8.1908e+10    0  241 5.9461e+10 8.1908e+10  37.8%     -   11s
H   26    24                    6.026388e+10 8.1908e+10  35.9%  68.3   11s
H   94    28                    6.237588e+10 8.1908e+10  31.3%  35.0   12s
H  175    92                    6.529038e+10 8.1908e+10  25.5%  34.3   12s
H  202   112                    7.607940e+10 8.1908e+10  7.66%  31.7   13s
   289   138 8.1908e+10   66   25 7.6079e+10 8.1908e+10  7.66%  27.0   15s
H  592     1                    8.190840e+10 8.1908e+10  0.00%  21.8   17s

Cutting planes:
  Learned: 32
  Cover: 120
  Implied bound: 116
  Clique: 27
  MIR: 81
  StrongCG: 1
  Flow cover: 29
  GUB cover: 1
  Inf proof: 12
  Zero half: 34
  RLT: 35
  Relax-and-lift: 25
  BQP: 5

Explored 593 nodes (48216 simplex iterations) in 17.30 seconds (7.66 work units)
Thread count was 1 (of 28 available processors)

Solution count 10: 8.19084e+10 7.60794e+10 6.52904e+10 ... 4.11054e+10

Optimal solution found (tolerance 1.00e-04)
Best objective 8.190840006000e+10, best bound 8.190840006000e+10, gap 0.0000%

User-callback calls 8807, time in user-callback 0.01 sec