Gurobi Optimizer version 12.0.3 build v12.0.3rc0 (linux64 - "Oracle Linux Server 9.4")

CPU model: Intel(R) Xeon(R) CPU E5-2660 v4 @ 2.00GHz, instruction set [SSE2|AVX|AVX2]
Thread count: 28 physical cores, 28 logical processors, using up to 1 threads

Non-default parameters:
TimeLimit  3594.737362588
SoftMemLimit  16
NumericFocus  1
Threads  1

Academic license 2690100 - for non-commercial use only - registered to ju___@uclm.es
Optimize a model with 71339 rows, 16396 columns and 313856 nonzeros
Model fingerprint: 0x5e456aa5
Variable types: 136 continuous, 16260 integer (16260 binary)
Coefficient statistics:
  Matrix range     [1e+00, 1e+13]
  Objective range  [9e+08, 2e+09]
  Bounds range     [1e+03, 1e+04]
  RHS range        [1e+00, 2e+14]
Warning: Model contains large matrix coefficient range
Warning: Model contains large objective coefficients
Warning: Model contains large rhs
Found heuristic solution: objective -0.0000000
Presolve removed 24085 rows and 3011 columns
Presolve time: 1.96s
Presolved: 47254 rows, 13385 columns, 173873 nonzeros
Variable types: 130 continuous, 13255 integer (13255 binary)
Root relaxation presolved: 47254 rows, 13385 columns, 173873 nonzeros


Root simplex log...

Iteration    Objective       Primal Inf.    Dual Inf.      Time
    7503    9.1353600e+10   1.870147e+01   0.000000e+00      5s
    7531    9.1353600e+10   0.000000e+00   0.000000e+00      5s

Root relaxation: objective 9.135360e+10, 7531 iterations, 2.89 seconds (2.49 work units)
Total elapsed time = 14.93s (DegenMoves)

    Nodes    |    Current Node    |     Objective Bounds      |     Work
 Expl Unexpl |  Obj  Depth IntInf | Incumbent    BestBd   Gap | It/Node Time

     0     0 9.1354e+10    0  589   -0.00000 9.1354e+10      -     -   17s
H    0     0                    9.691200e+09 9.1354e+10   843%     -   17s
H    0     0                    1.149120e+10 9.1354e+10   695%     -   17s
     0     0 9.1354e+10    0  696 1.1491e+10 9.1354e+10   695%     -   23s
     0     0 9.1354e+10    0  687 1.1491e+10 9.1354e+10   695%     -   23s
H    0     0                    2.220480e+10 9.1354e+10   311%     -   24s
     0     0 9.1354e+10    0  620 2.2205e+10 9.1354e+10   311%     -   24s
     0     0 9.1354e+10    0  512 2.2205e+10 9.1354e+10   311%     -   43s
H    0     0                    5.195520e+10 9.1354e+10  75.8%     -   44s
     0     0 9.1354e+10    0  725 5.1955e+10 9.1354e+10  75.8%     -   48s
     0     0 9.1354e+10    0  773 5.1955e+10 9.1354e+10  75.8%     -   69s
     0     0 9.1354e+10    0  754 5.1955e+10 9.1354e+10  75.8%     -   69s
H    0     0                    5.909760e+10 9.1354e+10  54.6%     -   69s
     0     0 9.1354e+10    0  739 5.9098e+10 9.1354e+10  54.6%     -   70s
     0     0 9.1354e+10    0  607 5.9098e+10 9.1354e+10  54.6%     -   82s
H    0     0                    6.268320e+10 9.1354e+10  45.7%     -   83s
     0     0 9.1354e+10    0 1041 6.2683e+10 9.1354e+10  45.7%     -  105s
     0     0 9.1354e+10    0  981 6.2683e+10 9.1354e+10  45.7%     -  106s
     0     0 9.1354e+10    0  457 6.2683e+10 9.1354e+10  45.7%     -  128s
H    0     0                    6.358320e+10 9.1354e+10  43.7%     -  128s
H    0     0                    6.448320e+10 9.1354e+10  41.7%     -  128s
     0     0 9.1354e+10    0  444 6.4483e+10 9.1354e+10  41.7%     -  129s
     0     0 9.1354e+10    0  640 6.4483e+10 9.1354e+10  41.7%     -  148s
     0     0 9.1354e+10    0  825 6.4483e+10 9.1354e+10  41.7%     -  165s
     0     0 9.1354e+10    0  864 6.4483e+10 9.1354e+10  41.7%     -  168s
     0     0 9.1354e+10    0  792 6.4483e+10 9.1354e+10  41.7%     -  169s
     0     0 9.1354e+10    0  780 6.4483e+10 9.1354e+10  41.7%     -  169s
     0     0 9.1354e+10    0  582 6.4483e+10 9.1354e+10  41.7%     -  192s
     0     0 9.1354e+10    0  878 6.4483e+10 9.1354e+10  41.7%     -  197s
     0     0 9.1354e+10    0  835 6.4483e+10 9.1354e+10  41.7%     -  197s
     0     0 9.1354e+10    0  700 6.4483e+10 9.1354e+10  41.7%     -  209s
     0     0 9.1354e+10    0  557 6.4483e+10 9.1354e+10  41.7%     -  213s
     0     2 9.1354e+10    0  479 6.4483e+10 9.1354e+10  41.7%     -  254s
     1     3 9.1354e+10    1  662 6.4483e+10 9.1354e+10  41.7% 13106  256s
     3     5 9.1354e+10    2  848 6.4483e+10 9.1354e+10  41.7%  6494  261s
    13    15 9.0274e+10    8  533 6.4483e+10 9.1354e+10  41.7%  2488  265s
    27    27 8.9554e+10   20  370 6.4483e+10 9.1354e+10  41.7%  1317  275s
    81    75 8.7754e+10   47  228 6.4483e+10 9.1354e+10  41.7%   541  286s
   108   101 8.7754e+10   63  165 6.4483e+10 9.1354e+10  41.7%   414  311s
   135   127 8.7754e+10   77  139 6.4483e+10 9.1354e+10  41.7%   347  318s
   159   151 8.7754e+10   91  235 6.4483e+10 9.1354e+10  41.7%   304  320s
   189   181 8.7754e+10  107  134 6.4483e+10 9.1354e+10  41.7%   262  325s
   203   193 8.7754e+10  116  105 6.4483e+10 9.1354e+10  41.7%   245  331s
   243   219 8.7754e+10  136   77 6.4483e+10 9.1354e+10  41.7%   208  341s
   298   251 8.7754e+10  165   48 6.4483e+10 9.1354e+10  41.7%   172  350s
   328   277 8.7754e+10   25  359 6.4483e+10 9.1354e+10  41.7%   181  355s
   357   304 8.7754e+10   41  349 6.4483e+10 9.1354e+10  41.7%   180  360s
   379   318 8.7754e+10   56  233 6.4483e+10 9.1354e+10  41.7%   174  365s
   380   319 8.7754e+10   56  189 6.4483e+10 9.1354e+10  41.7%   174  391s
   406   345 8.7754e+10   70  163 6.4483e+10 9.1354e+10  41.7%   167  396s
   460   395 8.7754e+10   99  142 6.4483e+10 9.1354e+10  41.7%   155  406s
   543   461 infeasible  140      6.4483e+10 9.1354e+10  41.7%   136  410s
   575   475 8.7754e+10   56  557 6.4483e+10 9.1354e+10  41.7%   131  465s
   577   476 8.7754e+10  103  153 6.4483e+10 9.1354e+10  41.7%   131  501s
   578   477 8.7754e+10  111  122 6.4483e+10 9.1354e+10  41.7%   131  516s
   579   478 8.7754e+10  119  946 6.4483e+10 9.1354e+10  41.7%   130  542s
   580   478 8.7754e+10   80  554 6.4483e+10 9.1354e+10  41.7%   130  573s
   581   479 8.7754e+10   52  493 6.4483e+10 9.1354e+10  41.7%   130  577s
   582   480 8.7754e+10  121  602 6.4483e+10 9.1354e+10  41.7%   130  601s
   583   480 8.7754e+10   33  614 6.4483e+10 9.1354e+10  41.7%   130  609s
H  583   455                    6.805440e+10 9.1354e+10  34.2%   130  648s
H  583   432                    7.162560e+10 9.1354e+10  27.5%   130  648s
   585   434 8.9554e+10   22  396 7.1626e+10 9.1354e+10  27.5%   129  653s
H  585   413                    7.519680e+10 9.1354e+10  21.5%   129  684s
   587   414 8.7754e+10   74  632 7.5197e+10 9.1354e+10  21.5%   129  693s
H  587   393                    8.055360e+10 9.1354e+10  13.4%   129  732s
   589   394 8.7754e+10  152  695 8.0554e+10 9.1354e+10  13.4%   128  738s
   590   395 8.7754e+10  106  543 8.0554e+10 9.1354e+10  13.4%   128  768s
   591   396 8.7754e+10   61  919 8.0554e+10 9.1354e+10  13.4%   128  779s
   592   396 9.0274e+10    9  346 8.0554e+10 9.1354e+10  13.4%   128  818s
   593   397 8.7754e+10   76  831 8.0554e+10 9.1354e+10  13.4%   127  830s
   594   398 8.7754e+10   84  366 8.0554e+10 9.1354e+10  13.4%   127  861s
   595   398 8.7754e+10   17  466 8.0554e+10 9.1354e+10  13.4%   127  867s
   596   399 8.0554e+10   18  322 8.0554e+10 9.1354e+10  13.4%   127  901s
   597   400 8.7754e+10  134  322 8.0554e+10 9.1354e+10  13.4%   126  911s
   598   400 8.7754e+10   64  322 8.0554e+10 9.1354e+10  13.4%   126  933s
   599   403 9.1354e+10   14  321 8.0554e+10 9.1354e+10  13.4%  1229  945s
   603   406 9.1354e+10   16  589 8.0554e+10 9.1354e+10  13.4%  1243  951s
   606   408 9.1354e+10   19  560 8.0554e+10 9.1354e+10  13.4%  1250  956s
   613   412 9.1354e+10   24  543 8.0554e+10 9.1354e+10  13.4%  1238  960s
   620   417 9.1354e+10   28  699 8.0554e+10 9.1354e+10  13.4%  1245  965s
H  624   397                    8.415360e+10 9.1354e+10  8.56%  1245  969s
   625   399 9.1354e+10   32  587 8.4154e+10 9.1354e+10  8.56%  1244  970s
   638   408 8.7754e+10   45  385 8.4154e+10 9.1354e+10  8.56%  1228  975s
   650   416 8.7754e+10   52  335 8.4154e+10 9.1354e+10  8.56%  1212  983s
   652   417 8.7754e+10   53  340 8.4154e+10 9.1354e+10  8.56%  1209  992s
   658   421 8.7754e+10   56  637 8.4154e+10 9.1354e+10  8.56%  1203  995s
   674   432 8.7754e+10   66  242 8.4154e+10 9.1354e+10  8.56%  1181 1000s
   688   441 8.7754e+10   73  243 8.4154e+10 9.1354e+10  8.56%  1161 1008s
   695   446 8.7754e+10   77  260 8.4154e+10 9.1354e+10  8.56%  1153 1010s
   702   451 8.7754e+10   81  173 8.4154e+10 9.1354e+10  8.56%  1145 1043s
   706   453 8.7754e+10   83  210 8.4154e+10 9.1354e+10  8.56%  1139 1046s
   719   462 8.7754e+10   89  228 8.4154e+10 9.1354e+10  8.56%  1123 1050s
   733   471 8.7754e+10   96  117 8.4154e+10 9.1354e+10  8.56%  1105 1056s
   753   485 8.7754e+10  107  134 8.4154e+10 9.1354e+10  8.56%  1079 1060s
   763   491 8.7754e+10  112  154 8.4154e+10 9.1354e+10  8.56%  1066 1065s
   785   506 8.7754e+10  123   98 8.4154e+10 9.1354e+10  8.56%  1037 1073s
   791   510 8.7754e+10  126   93 8.4154e+10 9.1354e+10  8.56%  1030 1075s
   814   521 8.7754e+10  137   65 8.4154e+10 9.1354e+10  8.56%  1002 1082s
   826   529 8.7754e+10  143   97 8.4154e+10 9.1354e+10  8.56%   988 1085s
   847   537 8.7754e+10  153   54 8.4154e+10 9.1354e+10  8.56%   965 1090s
   862   527 9.1354e+10   17  639 8.4154e+10 9.1354e+10  8.56%   955 1120s
   870   533 8.7754e+10   25  450 8.4154e+10 9.1354e+10  8.56%   949 1125s
   882   541 8.7754e+10   31  348 8.4154e+10 9.1354e+10  8.56%   938 1138s
   887   544 8.7754e+10   34  316 8.4154e+10 9.1354e+10  8.56%   933 1140s
   897   551 8.7754e+10   40  347 8.4154e+10 9.1354e+10  8.56%   925 1145s
   907   557 8.7754e+10   46  590 8.4154e+10 9.1354e+10  8.56%   918 1150s
   914   562 8.7754e+10   52  528 8.4154e+10 9.1354e+10  8.56%   915 1155s
   922   567 8.7754e+10   60  481 8.4154e+10 9.1354e+10  8.56%   909 1164s
   925   569 8.7754e+10   63  442 8.4154e+10 9.1354e+10  8.56%   906 1165s
   936   577 8.7754e+10   70  375 8.4154e+10 9.1354e+10  8.56%   899 1170s
   943   581 8.7754e+10   73  413 8.4154e+10 9.1354e+10  8.56%   893 1175s
   951   587 8.7754e+10   78  332 8.4154e+10 9.1354e+10  8.56%   887 1180s
   963   595 8.7754e+10   85  277 8.4154e+10 9.1354e+10  8.56%   878 1185s
   975   603 8.7754e+10   92  197 8.4154e+10 9.1354e+10  8.56%   872 1190s
   979   605 8.7754e+10   94  335 8.4154e+10 9.1354e+10  8.56%   870 1196s
   997   615 8.7754e+10  103  193 8.4154e+10 9.1354e+10  8.56%   856 1200s
  1017   629 8.7754e+10  115  142 8.4154e+10 9.1354e+10  8.56%   841 1205s
  1042   645 8.7754e+10  128  110 8.4154e+10 9.1354e+10  8.56%   822 1210s
  1062   659 8.7754e+10  138  105 8.4154e+10 9.1354e+10  8.56%   808 1215s
  1100   682 8.7754e+10  157   42 8.4154e+10 9.1354e+10  8.56%   782 1220s
  1140   674 8.8478e+10   15  852 8.4154e+10 9.1354e+10  8.56%   761 1227s
  1141   674 8.8478e+10   16 1177 8.4154e+10 9.1354e+10  8.56%   780 1240s
  1149   680 8.8478e+10   24  397 8.4154e+10 9.1354e+10  8.56%   778 1245s
  1155   684 8.8204e+10   30  563 8.4154e+10 9.1354e+10  8.56%   782 1252s
  1157   685 8.8204e+10   32  870 8.4154e+10 9.1354e+10  8.56%   786 1258s
  1158   686 8.8204e+10   33  705 8.4154e+10 9.1354e+10  8.56%   801 1267s
  1159   686 8.8204e+10   34  855 8.4154e+10 9.1354e+10  8.56%   805 1271s
  1162   688 8.8128e+10   37  524 8.4154e+10 9.1354e+10  8.56%   816 1332s
  1165   690 8.8128e+10   40  652 8.4154e+10 9.1354e+10  8.56%   815 1336s
  1173   696 8.8128e+10   48  424 8.4154e+10 9.1354e+10  8.56%   811 1340s
  1195   710 8.8128e+10   61  299 8.4154e+10 9.1354e+10  8.56%   798 1345s
  1229   733 8.8128e+10   81  310 8.4154e+10 9.1354e+10  8.56%   779 1350s
  1248   746 8.8128e+10   90  232 8.4154e+10 9.1354e+10  8.56%   768 1355s
  1279   766 8.8128e+10  107  171 8.4154e+10 9.1354e+10  8.56%   751 1360s
  1311   787 8.8128e+10  124  144 8.4154e+10 9.1354e+10  8.56%   735 1365s
  1329   795 8.8128e+10  133  141 8.4154e+10 9.1354e+10  8.56%   726 1371s
  1356   799 8.8128e+10  144  119 8.4154e+10 9.1354e+10  8.56%   712 1375s
  1384   799 9.1354e+10   18  552 8.4154e+10 9.1354e+10  8.56%   703 1382s
  1390   801 8.7754e+10   24  269 8.4154e+10 9.1354e+10  8.56%   701 1385s
  1400   808 8.7754e+10   32  257 8.4154e+10 9.1354e+10  8.56%   702 1390s
  1411   815 8.7754e+10   43  377 8.4154e+10 9.1354e+10  8.56%   697 1395s
  1434   831 8.7754e+10   60  228 8.4154e+10 9.1354e+10  8.56%   687 1400s
  1452   843 8.7754e+10   69  226 8.4154e+10 9.1354e+10  8.56%   679 1405s
  1471   855 8.7754e+10   79  188 8.4154e+10 9.1354e+10  8.56%   673 1410s
  1492   867 8.7754e+10   89  136 8.4154e+10 9.1354e+10  8.56%   665 1420s
  1519   885 8.7754e+10  103  102 8.4154e+10 9.1354e+10  8.56%   655 1426s
  1541   900 8.7754e+10  114  143 8.4154e+10 9.1354e+10  8.56%   646 1430s
  1573   921 8.7754e+10  131   96 8.4154e+10 9.1354e+10  8.56%   634 1435s
  1600   939 8.7754e+10  146   50 8.4154e+10 9.1354e+10  8.56%   624 1440s
  1627   941 9.1354e+10   25  951 8.4154e+10 9.1354e+10  8.56%   620 1447s
  1629   943 8.7754e+10   27  624 8.4154e+10 9.1354e+10  8.56%   622 1450s
  1639   949 8.7754e+10   37  557 8.4154e+10 9.1354e+10  8.56%   619 1455s
  1646   954 8.7754e+10   43  546 8.4154e+10 9.1354e+10  8.56%   619 1460s
  1656   959 8.7754e+10   52  412 8.4154e+10 9.1354e+10  8.56%   618 1465s
  1668   967 8.7754e+10   60  283 8.4154e+10 9.1354e+10  8.56%   616 1470s
  1682   976 8.7754e+10   69  207 8.4154e+10 9.1354e+10  8.56%   612 1475s
  1700   988 8.7754e+10   80  163 8.4154e+10 9.1354e+10  8.56%   607 1480s
  1715   998 8.7754e+10   89  147 8.4154e+10 9.1354e+10  8.56%   603 1485s
  1736  1012 8.7754e+10  102  164 8.4154e+10 9.1354e+10  8.56%   596 1490s
  1756  1032 8.7754e+10  113  163 8.4154e+10 9.1354e+10  8.56%   592 1495s
  1762  1038 8.7754e+10  117  117 8.4154e+10 9.1354e+10  8.56%   590 1502s
  1782  1058 8.7754e+10  128  107 8.4154e+10 9.1354e+10  8.56%   584 1505s
  1813  1087 8.7754e+10  143  121 8.4154e+10 9.1354e+10  8.56%   575 1510s
  1834  1104 infeasible  153      8.4154e+10 9.1354e+10  8.56%   569 1515s
  1864  1116 infeasible  166      8.4154e+10 9.1354e+10  8.56%   561 1520s
  1869  1117 8.8276e+10   37  757 8.4154e+10 9.1354e+10  8.56%   564 1525s
  1873  1121 8.8229e+10   40  559 8.4154e+10 9.1354e+10  8.56%   565 1530s
  1880  1128 8.8229e+10   47  714 8.4154e+10 9.1354e+10  8.56%   564 1535s
  1888  1136 8.8229e+10   54  519 8.4154e+10 9.1354e+10  8.56%   563 1540s
  1898  1146 8.8128e+10   64  377 8.4154e+10 9.1354e+10  8.56%   562 1545s
  1911  1159 8.8128e+10   73  516 8.4154e+10 9.1354e+10  8.56%   562 1551s
  1924  1172 8.8128e+10   81  205 8.4154e+10 9.1354e+10  8.56%   559 1556s
  1949  1197 8.8128e+10   94  152 8.4154e+10 9.1354e+10  8.56%   553 1560s
  1975  1222 8.8128e+10  110  119 8.4154e+10 9.1354e+10  8.56%   546 1572s
  1978  1225 8.8128e+10  112  121 8.4154e+10 9.1354e+10  8.56%   545 1575s
  2008  1255 8.8128e+10  128  122 8.4154e+10 9.1354e+10  8.56%   538 1580s
  2032  1279 8.8128e+10  142  212 8.4154e+10 9.1354e+10  8.56%   532 1588s
  2052  1299 8.8128e+10  153  144 8.4154e+10 9.1354e+10  8.56%   527 1590s
  2080  1309 9.1354e+10   25  836 8.4154e+10 9.1354e+10  8.56%   526 1598s
  2081  1310 8.7754e+10   26  715 8.4154e+10 9.1354e+10  8.56%   526 1600s
  2087  1316 8.7754e+10   32  718 8.4154e+10 9.1354e+10  8.56%   525 1605s
  2093  1322 8.7754e+10   37  660 8.4154e+10 9.1354e+10  8.56%   524 1610s
  2101  1330 8.7754e+10   45  622 8.4154e+10 9.1354e+10  8.56%   523 1615s
  2109  1338 8.7754e+10   53  593 8.4154e+10 9.1354e+10  8.56%   522 1620s
  2118  1347 8.7754e+10   60  621 8.4154e+10 9.1354e+10  8.56%   520 1625s
  2127  1356 8.7754e+10   66  437 8.4154e+10 9.1354e+10  8.56%   520 1630s
  2139  1368 8.7754e+10   73  362 8.4154e+10 9.1354e+10  8.56%   518 1635s
  2153  1382 8.7754e+10   81  309 8.4154e+10 9.1354e+10  8.56%   516 1640s
  2168  1397 8.7754e+10   91  230 8.4154e+10 9.1354e+10  8.56%   514 1646s
  2182  1411 8.7754e+10  100  284 8.4154e+10 9.1354e+10  8.56%   512 1650s
  2195  1424 8.7754e+10  108  216 8.4154e+10 9.1354e+10  8.56%   510 1655s
  2219  1448 8.7754e+10  123  143 8.4154e+10 9.1354e+10  8.56%   506 1660s
  2234  1459 8.7754e+10  130  150 8.4154e+10 9.1354e+10  8.56%   503 1665s
  2311  1530 8.7754e+10  169   59 8.4154e+10 9.1354e+10  8.56%   487 1670s
  2348  1541 8.4705e+10   34 1194 8.4154e+10 9.1354e+10  8.56%   508 1700s
  2354  1547 8.4658e+10   39  532 8.4154e+10 9.1354e+10  8.56%   510 1705s
  2359  1552 8.4628e+10   44  582 8.4154e+10 9.1354e+10  8.56%   513 1712s
  2364  1557 8.4628e+10   49  780 8.4154e+10 9.1354e+10  8.56%   515 1716s
  2376  1567 infeasible   60      8.4154e+10 9.1354e+10  8.56%   514 1720s
  2391  1568 8.8229e+10   18  873 8.4154e+10 9.1354e+10  8.56%   521 1736s
  2394  1571 8.8229e+10   21  741 8.4154e+10 9.1354e+10  8.56%   522 1741s
  2395  1572 8.8229e+10   22  471 8.4154e+10 9.1354e+10  8.56%   531 1753s
  2396  1573 8.8229e+10   22  757 8.4154e+10 9.1354e+10  8.56%   532 1757s
  2399  1576 8.8229e+10   25  444 8.4154e+10 9.1354e+10  8.56%   532 1760s
  2410  1587 8.8128e+10   36  370 8.4154e+10 9.1354e+10  8.56%   531 1765s
  2433  1610 8.8128e+10   53  264 8.4154e+10 9.1354e+10  8.56%   527 1770s
  2442  1619 8.8128e+10   57  261 8.4154e+10 9.1354e+10  8.56%   526 1778s
  2449  1626 8.8128e+10   62  278 8.4154e+10 9.1354e+10  8.56%   525 1780s
  2475  1652 8.8128e+10   74  159 8.4154e+10 9.1354e+10  8.56%   520 1785s
  2523  1700 8.8128e+10   91  125 8.4154e+10 9.1354e+10  8.56%   511 1791s
  2555  1729 8.8128e+10  102  132 8.4154e+10 9.1354e+10  8.56%   505 1795s
  2595  1767 8.8128e+10  113  120 8.4154e+10 9.1354e+10  8.56%   499 1800s
  2659  1828 8.8128e+10  134  144 8.4154e+10 9.1354e+10  8.56%   488 1805s
  2700  1866 8.8128e+10  144  115 8.4154e+10 9.1354e+10  8.56%   482 1810s
  2757  1920 8.8128e+10  164   62 8.4154e+10 9.1354e+10  8.56%   473 1815s
  2789  1930  postponed   26      8.4154e+10 9.1354e+10  8.56%   661 1973s
  2790  1931 8.8276e+10   27 1047 8.4154e+10 9.1354e+10  8.56%   668 2033s
  2791  1932 8.8276e+10   28  763 8.4154e+10 9.1354e+10  8.56%   672 2040s
  2796  1937 8.8276e+10   33  628 8.4154e+10 9.1354e+10  8.56%   673 2046s
  2798  1939 8.8276e+10   35 1132 8.4154e+10 9.1354e+10  8.56%   674 2058s
  2799  1940 8.8276e+10   36  912 8.4154e+10 9.1354e+10  8.56%   678 2065s
  2800  1941 8.8276e+10   37  716 8.4154e+10 9.1354e+10  8.56%   683 2074s
  2801  1942 8.8276e+10   38  716 8.4154e+10 9.1354e+10  8.56%   683 2075s
  2805  1946 8.8276e+10   42  565 8.4154e+10 9.1354e+10  8.56%   685 2084s
  2806  1947 8.8276e+10   43  548 8.4154e+10 9.1354e+10  8.56%   685 2085s
  2819  1960 8.8181e+10   56  470 8.4154e+10 9.1354e+10  8.56%   683 2090s
  2825  1966 8.8128e+10   62  469 8.4154e+10 9.1354e+10  8.56%   683 2095s
  2842  1983 8.8128e+10   79  422 8.4154e+10 9.1354e+10  8.56%   682 2100s
  2860  2001 8.8128e+10   91  330 8.4154e+10 9.1354e+10  8.56%   679 2105s
  2877  2018 8.8128e+10   98  289 8.4154e+10 9.1354e+10  8.56%   676 2110s
  2903  2044 8.8128e+10  105  345 8.4154e+10 9.1354e+10  8.56%   672 2115s
  2929  2070 8.8128e+10  112  266 8.4154e+10 9.1354e+10  8.56%   667 2122s
  2944  2085 8.8128e+10  116  262 8.4154e+10 9.1354e+10  8.56%   664 2125s
  2958  2099 8.8128e+10  120  292 8.4154e+10 9.1354e+10  8.56%   662 2137s
  2973  2114 8.8128e+10  125  215 8.4154e+10 9.1354e+10  8.56%   659 2140s
  2997  2138 8.8128e+10  135  237 8.4154e+10 9.1354e+10  8.56%   655 2145s
  3030  2171 8.8128e+10  149  133 8.4154e+10 9.1354e+10  8.56%   648 2150s
  3037  2178 8.8128e+10  150  121 8.4154e+10 9.1354e+10  8.56%   647 2156s
  3075  2214 8.8128e+10  165  117 8.4154e+10 9.1354e+10  8.56%   639 2160s
  3111  2244 8.8128e+10  170   95 8.4154e+10 9.1354e+10  8.56%   632 2165s
  3159  2276 8.8276e+10   15  759 8.4154e+10 9.1354e+10  8.56%   632 2182s
  3163  2280 8.8276e+10   19  598 8.4154e+10 9.1354e+10  8.56%   633 2186s
  3169  2286 8.8229e+10   24  409 8.4154e+10 9.1354e+10  8.56%   633 2190s
  3176  2293 8.8229e+10   30  760 8.4154e+10 9.1354e+10  8.56%   632 2195s
  3192  2309 8.8181e+10   44  400 8.4154e+10 9.1354e+10  8.56%   631 2200s
  3208  2325 8.8128e+10   57  440 8.4154e+10 9.1354e+10  8.56%   629 2205s
  3219  2336 8.8128e+10   66  407 8.4154e+10 9.1354e+10  8.56%   627 2216s
  3227  2344 8.8128e+10   73  359 8.4154e+10 9.1354e+10  8.56%   626 2222s
  3237  2354 8.8128e+10   81  238 8.4154e+10 9.1354e+10  8.56%   625 2225s
  3254  2371 8.8128e+10   86  238 8.4154e+10 9.1354e+10  8.56%   624 2230s
  3271  2388 8.8128e+10   90  263 8.4154e+10 9.1354e+10  8.56%   623 2235s
  3282  2399 8.8128e+10   92  363 8.4154e+10 9.1354e+10  8.56%   622 2240s
  3308  2425 8.8128e+10  107  150 8.4154e+10 9.1354e+10  8.56%   617 2245s
  3340  2457 8.8128e+10  125  105 8.4154e+10 9.1354e+10  8.56%   612 2250s
  3374  2491 8.8128e+10  138   97 8.4154e+10 9.1354e+10  8.56%   607 2255s
  3428  2535 8.8128e+10  155   95 8.4154e+10 9.1354e+10  8.56%   598 2260s
  3497  2582 8.8128e+10  182   42 8.4154e+10 9.1354e+10  8.56%   587 2266s
  3506  2577 9.0955e+10   24  632 8.4154e+10 9.1354e+10  8.56%   603 2322s
  3509  2580 8.8275e+10   25  640 8.4154e+10 9.1354e+10  8.56%   613 2354s
  3510  2581 8.8275e+10   26  795 8.4154e+10 9.1354e+10  8.56%   615 2359s
  3511  2582 8.8275e+10   27  808 8.4154e+10 9.1354e+10  8.56%   621 2377s
  3512  2583 8.8275e+10   28 1446 8.4154e+10 9.1354e+10  8.56%   621 2401s
  3513  2584 8.8275e+10   29 1210 8.4154e+10 9.1354e+10  8.56%   622 2417s
  3514  2585 8.8275e+10   30  960 8.4154e+10 9.1354e+10  8.56%   623 2421s
  3515  2586 8.8275e+10   31  969 8.4154e+10 9.1354e+10  8.56%   627 2446s
  3517  2588 8.8275e+10   33  593 8.4154e+10 9.1354e+10  8.56%   627 2450s
  3518  2589 8.8275e+10   34  961 8.4154e+10 9.1354e+10  8.56%   629 2458s
  3519  2590 8.8275e+10   35  959 8.4154e+10 9.1354e+10  8.56%   629 2460s
  3521  2592 8.8275e+10   37  720 8.4154e+10 9.1354e+10  8.56%   631 2467s
  3522  2593 8.8275e+10   38  946 8.4154e+10 9.1354e+10  8.56%   634 2478s
  3524  2595 8.8165e+10   40 1059 8.4154e+10 9.1354e+10  8.56%   636 2501s
  3526  2597 8.8229e+10   41  501 8.4154e+10 9.1354e+10  8.56%   638 2507s
  3528  2599 8.8128e+10   43  738 8.4154e+10 9.1354e+10  8.56%   641 2516s
  3534  2605 8.8128e+10   49  598 8.4154e+10 9.1354e+10  8.56%   642 2522s
  3535  2606 8.8128e+10   49  546 8.4154e+10 9.1354e+10  8.56%   641 2530s
  3554  2625 8.8128e+10   68  346 8.4154e+10 9.1354e+10  8.56%   638 2535s
  3568  2639 8.8128e+10   81  524 8.4154e+10 9.1354e+10  8.56%   636 2540s
  3575  2646 8.8128e+10   87  350 8.4154e+10 9.1354e+10  8.56%   636 2554s
  3576  2647 8.8128e+10   88  349 8.4154e+10 9.1354e+10  8.56%   636 2555s
  3594  2665 8.8128e+10   98  223 8.4154e+10 9.1354e+10  8.56%   634 2560s
  3605  2676 8.8128e+10  100  265 8.4154e+10 9.1354e+10  8.56%   633 2565s
  3632  2703 8.8128e+10  108  212 8.4154e+10 9.1354e+10  8.56%   629 2571s
  3659  2730 8.8128e+10  118  205 8.4154e+10 9.1354e+10  8.56%   624 2575s
  3708  2779 8.8128e+10  128  156 8.4154e+10 9.1354e+10  8.56%   617 2580s
  3742  2813 8.8128e+10  140  118 8.4154e+10 9.1354e+10  8.56%   612 2585s
  3767  2838 8.8128e+10  148  116 8.4154e+10 9.1354e+10  8.56%   608 2590s
  3812  2882 8.8128e+10  165   66 8.4154e+10 9.1354e+10  8.56%   601 2595s
  3839  2889 9.0953e+10   31  834 8.4154e+10 9.1354e+10  8.56%   600 2603s
  3840  2890 8.7754e+10   32  504 8.4154e+10 9.1354e+10  8.56%   602 2605s
  3850  2900 8.7754e+10   42  360 8.4154e+10 9.1354e+10  8.56%   601 2610s
  3868  2918 8.7754e+10   60  340 8.4154e+10 9.1354e+10  8.56%   598 2615s
  3877  2927 8.7754e+10   69  323 8.4154e+10 9.1354e+10  8.56%   597 2620s
  3892  2942 8.7754e+10   77  296 8.4154e+10 9.1354e+10  8.56%   596 2625s
  3915  2965 8.7754e+10   86  143 8.4154e+10 9.1354e+10  8.56%   593 2630s
  3941  2991 8.7754e+10   95  136 8.4154e+10 9.1354e+10  8.56%   589 2645s
  3983  3033 8.7754e+10  110  107 8.4154e+10 9.1354e+10  8.56%   584 2651s
  4006  3056 8.7754e+10  118  132 8.4154e+10 9.1354e+10  8.56%   581 2655s
  4035  3085 8.7754e+10  127  126 8.4154e+10 9.1354e+10  8.56%   578 2660s
  4084  3134 8.7754e+10  144  111 8.4154e+10 9.1354e+10  8.56%   572 2665s
  4145  3195 8.7754e+10  159  109 8.4154e+10 9.1354e+10  8.56%   564 2670s
  4172  3222 8.7754e+10  167   63 8.4154e+10 9.1354e+10  8.56%   561 2675s
  4215  3265 8.7754e+10  176   47 8.4154e+10 9.1354e+10  8.56%   556 2680s
  4270  3312 8.7754e+10  188   63 8.4154e+10 9.1354e+10  8.56%   550 2685s
  4282  3316 8.7754e+10  190   46 8.4154e+10 9.1354e+10  8.56%   549 2690s
  4315  3325 9.0953e+10   24  722 8.4154e+10 9.1354e+10  8.56%   550 2718s
  4316  3326 8.7754e+10   25  762 8.4154e+10 9.1354e+10  8.56%   551 2721s
  4322  3332 8.7754e+10   31  687 8.4154e+10 9.1354e+10  8.56%   551 2725s
  4330  3340 8.7754e+10   37  429 8.4154e+10 9.1354e+10  8.56%   551 2730s
  4347  3357 8.7754e+10   54  294 8.4154e+10 9.1354e+10  8.56%   551 2735s
  4369  3379 8.7754e+10   76  388 8.4154e+10 9.1354e+10  8.56%   549 2740s
  4396  3406 8.7754e+10   94  221 8.4154e+10 9.1354e+10  8.56%   546 2745s
  4423  3433 8.7754e+10  105  156 8.4154e+10 9.1354e+10  8.56%   543 2750s
  4482  3492 8.7754e+10  118  131 8.4154e+10 9.1354e+10  8.56%   537 2755s
  4521  3531 8.7754e+10  125  182 8.4154e+10 9.1354e+10  8.56%   533 2760s
  4547  3555 8.7754e+10  133  136 8.4154e+10 9.1354e+10  8.56%   531 2765s
  4589  3595 8.7754e+10  149   96 8.4154e+10 9.1354e+10  8.56%   527 2770s
  4640  3638 8.7754e+10  166   64 8.4154e+10 9.1354e+10  8.56%   522 2775s
  4693  3673 8.7754e+10  181   83 8.4154e+10 9.1354e+10  8.56%   517 2780s
  4723  3695 8.7754e+10  185   45 8.4154e+10 9.1354e+10  8.56%   514 2785s
  4773  3713 8.7754e+10  194   45 8.4154e+10 9.1354e+10  8.56%   509 2790s
  4791  3709 9.0953e+10   30  685 8.4154e+10 9.1354e+10  8.56%   512 2801s
  4799  3717 8.7754e+10   38  472 8.4154e+10 9.1354e+10  8.56%   512 2805s
  4810  3728 8.7754e+10   48  411 8.4154e+10 9.1354e+10  8.56%   512 2810s
  4832  3750 8.7754e+10   69  319 8.4154e+10 9.1354e+10  8.56%   510 2815s
  4859  3777 8.7754e+10   93  297 8.4154e+10 9.1354e+10  8.56%   508 2820s
  4887  3801 8.7754e+10  113  222 8.4154e+10 9.1354e+10  8.56%   505 2831s
  4914  3828 8.7754e+10  137  177 8.4154e+10 9.1354e+10  8.56%   503 2835s
  4924  3838 8.7754e+10  147  151 8.4154e+10 9.1354e+10  8.56%   502 2844s
  4929  3843 8.7754e+10  152  142 8.4154e+10 9.1354e+10  8.56%   501 2845s
  4985  3897 8.7754e+10  204  112 8.4154e+10 9.1354e+10  8.56%   496 2850s
  5022  3934 8.7754e+10  235  126 8.4154e+10 9.1354e+10  8.56%   492 2856s
  5049  3961 8.7754e+10  264   55 8.4154e+10 9.1354e+10  8.56%   490 2860s
  5102  4001 8.7754e+10   77  557 8.4154e+10 9.1354e+10  8.56%   485 3154s
  5104  4002 8.7754e+10   99   68 8.4154e+10 9.1354e+10  8.56%   485 3172s
  5105  4003 8.7754e+10  170  676 8.4154e+10 9.0968e+10  8.10%   485 3198s
  5106  4004 8.7754e+10  250  825 8.4154e+10 9.0907e+10  8.03%   485 3251s
  5107  4004 8.8128e+10   93  898 8.4154e+10 9.0907e+10  8.03%   484 3262s
  5108  4005 8.8128e+10   98  249 8.4154e+10 9.0454e+10  7.49%   484 3291s
  5109  4006 8.8128e+10   57  515 8.4154e+10 9.0454e+10  7.49%   484 3297s
  5110  4006 8.8128e+10  101  240 8.4154e+10 9.0454e+10  7.49%   484 3318s
  5111  4007 8.8128e+10  135  845 8.4154e+10 9.0454e+10  7.49%   484 3328s
  5112  4008 8.7754e+10  107  296 8.4154e+10 9.0454e+10  7.49%   484 3356s
  5113  4008 8.7754e+10  157  659 8.4154e+10 9.0454e+10  7.49%   484 3366s
  5114  4009 8.7754e+10  100  333 8.4154e+10 9.0454e+10  7.49%   484 3388s
  5115  4010 8.8128e+10   47  278 8.4154e+10 9.0454e+10  7.49%   484 3390s
  5116  4010 8.8128e+10  152  571 8.4154e+10 9.0454e+10  7.49%   484 3411s
  5117  4011 8.7754e+10   57  678 8.4154e+10 9.0454e+10  7.49%   484 3417s
  5118  4012 8.7754e+10   68  801 8.4154e+10 9.0282e+10  7.28%   483 3433s
  5119  4012 8.7754e+10  138 1165 8.4154e+10 9.0282e+10  7.28%   483 3451s
  5120  4013 8.8128e+10   54 1229 8.4154e+10 9.0281e+10  7.28%   483 3455s
  5121  4014 8.7754e+10  265 1162 8.4154e+10 9.0281e+10  7.28%   483 3460s
  5122  4014 8.8128e+10   45  614 8.4154e+10 9.0270e+10  7.27%   483 3494s
  5123  4015 8.8128e+10   59  704 8.4154e+10 9.0267e+10  7.26%   483 3495s
  5125  4016 8.8128e+10   99 1012 8.4154e+10 9.0266e+10  7.26%   483 3522s
  5126  4017 8.8128e+10   60  761 8.4154e+10 9.0250e+10  7.24%   483 3539s
  5127  4018 8.7754e+10  114  832 8.4154e+10 9.0249e+10  7.24%   483 3540s
  5129  4019 8.7754e+10   99  645 8.4154e+10 8.9940e+10  6.88%   482 3562s
  5131  4020 8.8478e+10   17  695 8.4154e+10 8.9927e+10  6.86%   482 3567s
  5132  4021 8.8128e+10  115  751 8.4154e+10 8.9927e+10  6.86%   482 3574s
  5133  4022 8.7754e+10  147  888 8.4154e+10 8.9890e+10  6.82%   482 3578s
  5134  4022 8.8128e+10   60  784 8.4154e+10 8.9889e+10  6.82%   482 3582s
  5136  4024 8.7754e+10  105  715 8.4154e+10 8.9887e+10  6.81%   482 3586s
  5137  4024 8.7754e+10  139  724 8.4154e+10 8.9887e+10  6.81%   482 3594s

Cutting planes:
  Learned: 1
  Gomory: 2
  Lift-and-project: 19
  Cover: 121
  Implied bound: 165
  Projected implied bound: 6
  Clique: 25
  MIR: 81
  StrongCG: 2
  Flow cover: 308
  GUB cover: 8
  Inf proof: 1
  Zero half: 41
  RLT: 100
  Relax-and-lift: 58

Explored 5137 nodes (3389426 simplex iterations) in 3594.74 seconds (2782.11 work units)
Thread count was 1 (of 28 available processors)

Solution count 10: 8.41536e+10 8.05536e+10 7.51968e+10 ... 5.19552e+10

Time limit reached
Best objective 8.415360000000e+10, best bound 8.988480000000e+10, gap 6.8104%

User-callback calls 519284, time in user-callback 0.34 sec